2024-03-07T21:46:03.4816314Z Requested labels: ubuntu-latest
2024-03-07T21:46:03.4816655Z Job defined at: rubyforgood/human-essentials/.github/workflows/brakeman.yml@refs/pull/4017/merge
2024-03-07T21:46:03.4816850Z Waiting for a runner to pick up this job...
2024-03-07T21:46:05.6131324Z Job is waiting for a hosted runner to come online.
2024-03-07T21:46:07.5502085Z Job is about to start running on the hosted runner: GitHub Actions 3 (hosted)
2024-03-07T21:46:09.3209569Z Current runner version: '2.314.1'
2024-03-07T21:46:09.3232514Z ##[group]Operating System
2024-03-07T21:46:09.3233253Z Ubuntu
2024-03-07T21:46:09.3233571Z 22.04.4
2024-03-07T21:46:09.3233891Z LTS
2024-03-07T21:46:09.3234288Z ##[endgroup]
2024-03-07T21:46:09.3234638Z ##[group]Runner Image
2024-03-07T21:46:09.3235061Z Image: ubuntu-22.04
2024-03-07T21:46:09.3235515Z Version: 20240304.1.0
2024-03-07T21:46:09.3236488Z Included Software: https://github.com/actions/runner-images/blob/ubuntu22/20240304.1/images/ubuntu/Ubuntu2204-Readme.md
2024-03-07T21:46:09.3237909Z Image Release: https://github.com/actions/runner-images/releases/tag/ubuntu22%2F20240304.1
2024-03-07T21:46:09.3238832Z ##[endgroup]
2024-03-07T21:46:09.3239226Z ##[group]Runner Image Provisioner
2024-03-07T21:46:09.3239693Z 2.0.359.1
2024-03-07T21:46:09.3240103Z ##[endgroup]
2024-03-07T21:46:09.3242151Z ##[group]GITHUB_TOKEN Permissions
2024-03-07T21:46:09.3243922Z Actions: read
2024-03-07T21:46:09.3244363Z Checks: read
2024-03-07T21:46:09.3244851Z Contents: read
2024-03-07T21:46:09.3245405Z Deployments: read
2024-03-07T21:46:09.3245793Z Discussions: read
2024-03-07T21:46:09.3246227Z Issues: read
2024-03-07T21:46:09.3246564Z Metadata: read
2024-03-07T21:46:09.3246936Z Packages: read
2024-03-07T21:46:09.3247379Z Pages: read
2024-03-07T21:46:09.3247697Z PullRequests: read
2024-03-07T21:46:09.3248101Z RepositoryProjects: read
2024-03-07T21:46:09.3248629Z SecurityEvents: read
2024-03-07T21:46:09.3248998Z Statuses: read
2024-03-07T21:46:09.3249378Z ##[endgroup]
2024-03-07T21:46:09.3252935Z Secret source: None
2024-03-07T21:46:09.3253483Z Prepare workflow directory
2024-03-07T21:46:09.3873368Z Prepare all required actions
2024-03-07T21:46:09.4031099Z Getting action download info
2024-03-07T21:46:09.5795597Z Download action repository 'actions/checkout@v2' (SHA:ee0669bd1cc54295c223e0bb666b733df41de1c5)
2024-03-07T21:46:09.6931714Z Download action repository 'ruby/setup-ruby@v1' (SHA:d4526a55538b775af234ba4af27118ed6f8f6677)
2024-03-07T21:46:10.0448158Z Complete job name: brakeman
2024-03-07T21:46:10.1347187Z ##[group]Run actions/checkout@v2
2024-03-07T21:46:10.1347734Z with:
2024-03-07T21:46:10.1348165Z   repository: rubyforgood/human-essentials
2024-03-07T21:46:10.1349052Z   token: ***
2024-03-07T21:46:10.1349415Z   ssh-strict: true
2024-03-07T21:46:10.1349851Z   persist-credentials: true
2024-03-07T21:46:10.1350368Z   clean: true
2024-03-07T21:46:10.1350718Z   fetch-depth: 1
2024-03-07T21:46:10.1351096Z   lfs: false
2024-03-07T21:46:10.1351545Z   submodules: false
2024-03-07T21:46:10.1351936Z   set-safe-directory: true
2024-03-07T21:46:10.1352377Z ##[endgroup]
2024-03-07T21:46:10.3265132Z Syncing repository: rubyforgood/human-essentials
2024-03-07T21:46:10.3267826Z ##[group]Getting Git version info
2024-03-07T21:46:10.3269410Z Working directory is '/home/runner/work/human-essentials/human-essentials'
2024-03-07T21:46:10.3270905Z [command]/usr/bin/git version
2024-03-07T21:46:10.3320245Z git version 2.43.2
2024-03-07T21:46:10.3354056Z ##[endgroup]
2024-03-07T21:46:10.3373470Z Temporarily overriding HOME='/home/runner/work/_temp/5e63cd81-0900-4dbc-b169-557dc2a2c462' before making global git config changes
2024-03-07T21:46:10.3375355Z Adding repository directory to the temporary git global config as a safe directory
2024-03-07T21:46:10.3380426Z [command]/usr/bin/git config --global --add safe.directory /home/runner/work/human-essentials/human-essentials
2024-03-07T21:46:10.3433113Z Deleting the contents of '/home/runner/work/human-essentials/human-essentials'
2024-03-07T21:46:10.3439104Z ##[group]Initializing the repository
2024-03-07T21:46:10.3444631Z [command]/usr/bin/git init /home/runner/work/human-essentials/human-essentials
2024-03-07T21:46:10.3514338Z hint: Using 'master' as the name for the initial branch. This default branch name
2024-03-07T21:46:10.3515458Z hint: is subject to change. To configure the initial branch name to use in all
2024-03-07T21:46:10.3516439Z hint: of your new repositories, which will suppress this warning, call:
2024-03-07T21:46:10.3517314Z hint: 
2024-03-07T21:46:10.3518137Z hint: 	git config --global init.defaultBranch <name>
2024-03-07T21:46:10.3518694Z hint: 
2024-03-07T21:46:10.3519418Z hint: Names commonly chosen instead of 'master' are 'main', 'trunk' and
2024-03-07T21:46:10.3520643Z hint: 'development'. The just-created branch can be renamed via this command:
2024-03-07T21:46:10.3521382Z hint: 
2024-03-07T21:46:10.3522012Z hint: 	git branch -m <name>
2024-03-07T21:46:10.3527117Z Initialized empty Git repository in /home/runner/work/human-essentials/human-essentials/.git/
2024-03-07T21:46:10.3536449Z [command]/usr/bin/git remote add origin https://github.com/rubyforgood/human-essentials
2024-03-07T21:46:10.3580845Z ##[endgroup]
2024-03-07T21:46:10.3582545Z ##[group]Disabling automatic garbage collection
2024-03-07T21:46:10.3585613Z [command]/usr/bin/git config --local gc.auto 0
2024-03-07T21:46:10.3625524Z ##[endgroup]
2024-03-07T21:46:10.3627166Z ##[group]Setting up auth
2024-03-07T21:46:10.3633247Z [command]/usr/bin/git config --local --name-only --get-regexp core\.sshCommand
2024-03-07T21:46:10.3676446Z [command]/usr/bin/git submodule foreach --recursive sh -c "git config --local --name-only --get-regexp 'core\.sshCommand' && git config --local --unset-all 'core.sshCommand' || :"
2024-03-07T21:46:10.4001942Z [command]/usr/bin/git config --local --name-only --get-regexp http\.https\:\/\/github\.com\/\.extraheader
2024-03-07T21:46:10.4040502Z [command]/usr/bin/git submodule foreach --recursive sh -c "git config --local --name-only --get-regexp 'http\.https\:\/\/github\.com\/\.extraheader' && git config --local --unset-all 'http.https://github.com/.extraheader' || :"
2024-03-07T21:46:10.4293598Z [command]/usr/bin/git config --local http.https://github.com/.extraheader AUTHORIZATION: basic ***
2024-03-07T21:46:10.4345199Z ##[endgroup]
2024-03-07T21:46:10.4345938Z ##[group]Fetching the repository
2024-03-07T21:46:10.4354603Z [command]/usr/bin/git -c protocol.version=2 fetch --no-tags --prune --progress --no-recurse-submodules --depth=1 origin +a3a0b65bee93f3c63ce822d014cd54a1915f9ff8:refs/remotes/pull/4017/merge
2024-03-07T21:46:10.6417855Z remote: Enumerating objects: 1750, done.        
2024-03-07T21:46:10.6421586Z remote: Counting objects:   0% (1/1750)        
2024-03-07T21:46:10.6422765Z remote: Counting objects:   1% (18/1750)        
2024-03-07T21:46:10.6423778Z remote: Counting objects:   2% (35/1750)        
2024-03-07T21:46:10.6424839Z remote: Counting objects:   3% (53/1750)        
2024-03-07T21:46:10.6426008Z remote: Counting objects:   4% (70/1750)        
2024-03-07T21:46:10.6426971Z remote: Counting objects:   5% (88/1750)        
2024-03-07T21:46:10.6428021Z remote: Counting objects:   6% (105/1750)        
2024-03-07T21:46:10.6429236Z remote: Counting objects:   7% (123/1750)        
2024-03-07T21:46:10.6430230Z remote: Counting objects:   8% (140/1750)        
2024-03-07T21:46:10.6431307Z remote: Counting objects:   9% (158/1750)        
2024-03-07T21:46:10.6432491Z remote: Counting objects:  10% (175/1750)        
2024-03-07T21:46:10.6433513Z remote: Counting objects:  11% (193/1750)        
2024-03-07T21:46:10.6434292Z remote: Counting objects:  12% (210/1750)        
2024-03-07T21:46:10.6434958Z remote: Counting objects:  13% (228/1750)        
2024-03-07T21:46:10.6435551Z remote: Counting objects:  14% (245/1750)        
2024-03-07T21:46:10.6436258Z remote: Counting objects:  15% (263/1750)        
2024-03-07T21:46:10.6436913Z remote: Counting objects:  16% (280/1750)        
2024-03-07T21:46:10.6437497Z remote: Counting objects:  17% (298/1750)        
2024-03-07T21:46:10.6438338Z remote: Counting objects:  18% (315/1750)        
2024-03-07T21:46:10.6439078Z remote: Counting objects:  19% (333/1750)        
2024-03-07T21:46:10.6439683Z remote: Counting objects:  20% (350/1750)        
2024-03-07T21:46:10.6440351Z remote: Counting objects:  21% (368/1750)        
2024-03-07T21:46:10.6441137Z remote: Counting objects:  22% (385/1750)        
2024-03-07T21:46:10.6442148Z remote: Counting objects:  23% (403/1750)        
2024-03-07T21:46:10.6443556Z remote: Counting objects:  24% (420/1750)        
2024-03-07T21:46:10.6444382Z remote: Counting objects:  25% (438/1750)        
2024-03-07T21:46:10.6445026Z remote: Counting objects:  26% (455/1750)        
2024-03-07T21:46:10.6445718Z remote: Counting objects:  27% (473/1750)        
2024-03-07T21:46:10.6446295Z remote: Counting objects:  28% (490/1750)        
2024-03-07T21:46:10.6447158Z remote: Counting objects:  29% (508/1750)        
2024-03-07T21:46:10.6448300Z remote: Counting objects:  30% (525/1750)        
2024-03-07T21:46:10.6449099Z remote: Counting objects:  31% (543/1750)        
2024-03-07T21:46:10.6449769Z remote: Counting objects:  32% (560/1750)        
2024-03-07T21:46:10.6450465Z remote: Counting objects:  33% (578/1750)        
2024-03-07T21:46:10.6451086Z remote: Counting objects:  34% (595/1750)        
2024-03-07T21:46:10.6451847Z remote: Counting objects:  35% (613/1750)        
2024-03-07T21:46:10.6452865Z remote: Counting objects:  36% (630/1750)        
2024-03-07T21:46:10.6453471Z remote: Counting objects:  37% (648/1750)        
2024-03-07T21:46:10.6454110Z remote: Counting objects:  38% (665/1750)        
2024-03-07T21:46:10.6454793Z remote: Counting objects:  39% (683/1750)        
2024-03-07T21:46:10.6455426Z remote: Counting objects:  40% (700/1750)        
2024-03-07T21:46:10.6456127Z remote: Counting objects:  41% (718/1750)        
2024-03-07T21:46:10.6456826Z remote: Counting objects:  42% (735/1750)        
2024-03-07T21:46:10.6457417Z remote: Counting objects:  43% (753/1750)        
2024-03-07T21:46:10.6458032Z remote: Counting objects:  44% (770/1750)        
2024-03-07T21:46:10.6458703Z remote: Counting objects:  45% (788/1750)        
2024-03-07T21:46:10.6459442Z remote: Counting objects:  46% (805/1750)        
2024-03-07T21:46:10.6460025Z remote: Counting objects:  47% (823/1750)        
2024-03-07T21:46:10.6460726Z remote: Counting objects:  48% (840/1750)        
2024-03-07T21:46:10.6461351Z remote: Counting objects:  49% (858/1750)        
2024-03-07T21:46:10.6462176Z remote: Counting objects:  50% (875/1750)        
2024-03-07T21:46:10.6463039Z remote: Counting objects:  51% (893/1750)        
2024-03-07T21:46:10.6463664Z remote: Counting objects:  52% (910/1750)        
2024-03-07T21:46:10.6464233Z remote: Counting objects:  53% (928/1750)        
2024-03-07T21:46:10.6464945Z remote: Counting objects:  54% (945/1750)        
2024-03-07T21:46:10.6465559Z remote: Counting objects:  55% (963/1750)        
2024-03-07T21:46:10.6466257Z remote: Counting objects:  56% (980/1750)        
2024-03-07T21:46:10.6467463Z remote: Counting objects:  57% (998/1750)        
2024-03-07T21:46:10.6468492Z remote: Counting objects:  58% (1015/1750)        
2024-03-07T21:46:10.6469498Z remote: Counting objects:  59% (1033/1750)        
2024-03-07T21:46:10.6470671Z remote: Counting objects:  60% (1050/1750)        
2024-03-07T21:46:10.6471765Z remote: Counting objects:  61% (1068/1750)        
2024-03-07T21:46:10.6472831Z remote: Counting objects:  62% (1085/1750)        
2024-03-07T21:46:10.6474052Z remote: Counting objects:  63% (1103/1750)        
2024-03-07T21:46:10.6475107Z remote: Counting objects:  64% (1120/1750)        
2024-03-07T21:46:10.6476275Z remote: Counting objects:  65% (1138/1750)        
2024-03-07T21:46:10.6477137Z remote: Counting objects:  66% (1155/1750)        
2024-03-07T21:46:10.6478056Z remote: Counting objects:  67% (1173/1750)        
2024-03-07T21:46:10.6479235Z remote: Counting objects:  68% (1190/1750)        
2024-03-07T21:46:10.6480281Z remote: Counting objects:  69% (1208/1750)        
2024-03-07T21:46:10.6481269Z remote: Counting objects:  70% (1225/1750)        
2024-03-07T21:46:10.6482431Z remote: Counting objects:  71% (1243/1750)        
2024-03-07T21:46:10.6483162Z remote: Counting objects:  72% (1260/1750)        
2024-03-07T21:46:10.6484193Z remote: Counting objects:  73% (1278/1750)        
2024-03-07T21:46:10.6485331Z remote: Counting objects:  74% (1295/1750)        
2024-03-07T21:46:10.6486387Z remote: Counting objects:  75% (1313/1750)        
2024-03-07T21:46:10.6487686Z remote: Counting objects:  76% (1330/1750)        
2024-03-07T21:46:10.6488597Z remote: Counting objects:  77% (1348/1750)        
2024-03-07T21:46:10.6489708Z remote: Counting objects:  78% (1365/1750)        
2024-03-07T21:46:10.6490700Z remote: Counting objects:  79% (1383/1750)        
2024-03-07T21:46:10.6491843Z remote: Counting objects:  80% (1400/1750)        
2024-03-07T21:46:10.6493102Z remote: Counting objects:  81% (1418/1750)        
2024-03-07T21:46:10.6493959Z remote: Counting objects:  82% (1435/1750)        
2024-03-07T21:46:10.6494967Z remote: Counting objects:  83% (1453/1750)        
2024-03-07T21:46:10.6496041Z remote: Counting objects:  84% (1470/1750)        
2024-03-07T21:46:10.6497027Z remote: Counting objects:  85% (1488/1750)        
2024-03-07T21:46:10.6498174Z remote: Counting objects:  86% (1505/1750)        
2024-03-07T21:46:10.6499240Z remote: Counting objects:  87% (1523/1750)        
2024-03-07T21:46:10.6499889Z remote: Counting objects:  88% (1540/1750)        
2024-03-07T21:46:10.6501077Z remote: Counting objects:  89% (1558/1750)        
2024-03-07T21:46:10.6502166Z remote: Counting objects:  90% (1575/1750)        
2024-03-07T21:46:10.6503185Z remote: Counting objects:  91% (1593/1750)        
2024-03-07T21:46:10.6504301Z remote: Counting objects:  92% (1610/1750)        
2024-03-07T21:46:10.6505237Z remote: Counting objects:  93% (1628/1750)        
2024-03-07T21:46:10.6505949Z remote: Counting objects:  94% (1645/1750)        
2024-03-07T21:46:10.6507106Z remote: Counting objects:  95% (1663/1750)        
2024-03-07T21:46:10.6508143Z remote: Counting objects:  96% (1680/1750)        
2024-03-07T21:46:10.6509171Z remote: Counting objects:  97% (1698/1750)        
2024-03-07T21:46:10.6510273Z remote: Counting objects:  98% (1715/1750)        
2024-03-07T21:46:10.6511092Z remote: Counting objects:  99% (1733/1750)        
2024-03-07T21:46:10.6511959Z remote: Counting objects: 100% (1750/1750)        
2024-03-07T21:46:10.6513400Z remote: Counting objects: 100% (1750/1750), done.        
2024-03-07T21:46:10.6514602Z remote: Compressing objects:   0% (1/1569)        
2024-03-07T21:46:10.6515691Z remote: Compressing objects:   1% (16/1569)        
2024-03-07T21:46:10.6516702Z remote: Compressing objects:   2% (32/1569)        
2024-03-07T21:46:10.6517663Z remote: Compressing objects:   3% (48/1569)        
2024-03-07T21:46:10.6518762Z remote: Compressing objects:   4% (63/1569)        
2024-03-07T21:46:10.6519936Z remote: Compressing objects:   5% (79/1569)        
2024-03-07T21:46:10.6520967Z remote: Compressing objects:   6% (95/1569)        
2024-03-07T21:46:10.6522032Z remote: Compressing objects:   7% (110/1569)        
2024-03-07T21:46:10.6523129Z remote: Compressing objects:   8% (126/1569)        
2024-03-07T21:46:10.6574300Z remote: Compressing objects:   9% (142/1569)        
2024-03-07T21:46:10.6578738Z remote: Compressing objects:  10% (157/1569)        
2024-03-07T21:46:10.6580053Z remote: Compressing objects:  11% (173/1569)        
2024-03-07T21:46:10.6582151Z remote: Compressing objects:  12% (189/1569)        
2024-03-07T21:46:10.6626048Z remote: Compressing objects:  13% (204/1569)        
2024-03-07T21:46:10.6629110Z remote: Compressing objects:  14% (220/1569)        
2024-03-07T21:46:10.6647410Z remote: Compressing objects:  15% (236/1569)        
2024-03-07T21:46:10.6648662Z remote: Compressing objects:  16% (252/1569)        
2024-03-07T21:46:10.6649979Z remote: Compressing objects:  17% (267/1569)        
2024-03-07T21:46:10.6650796Z remote: Compressing objects:  18% (283/1569)        
2024-03-07T21:46:10.6661470Z remote: Compressing objects:  19% (299/1569)        
2024-03-07T21:46:10.6685436Z remote: Compressing objects:  20% (314/1569)        
2024-03-07T21:46:10.6725829Z remote: Compressing objects:  21% (330/1569)        
2024-03-07T21:46:10.6740435Z remote: Compressing objects:  22% (346/1569)        
2024-03-07T21:46:10.6748132Z remote: Compressing objects:  23% (361/1569)        
2024-03-07T21:46:10.6760259Z remote: Compressing objects:  24% (377/1569)        
2024-03-07T21:46:10.6770901Z remote: Compressing objects:  25% (393/1569)        
2024-03-07T21:46:10.6780442Z remote: Compressing objects:  26% (408/1569)        
2024-03-07T21:46:10.6792706Z remote: Compressing objects:  27% (424/1569)        
2024-03-07T21:46:10.6799703Z remote: Compressing objects:  28% (440/1569)        
2024-03-07T21:46:10.6811468Z remote: Compressing objects:  29% (456/1569)        
2024-03-07T21:46:10.6819583Z remote: Compressing objects:  30% (471/1569)        
2024-03-07T21:46:10.6839417Z remote: Compressing objects:  31% (487/1569)        
2024-03-07T21:46:10.6859790Z remote: Compressing objects:  32% (503/1569)        
2024-03-07T21:46:10.6871366Z remote: Compressing objects:  33% (518/1569)        
2024-03-07T21:46:10.6883943Z remote: Compressing objects:  34% (534/1569)        
2024-03-07T21:46:10.6885226Z remote: Compressing objects:  35% (550/1569)        
2024-03-07T21:46:10.6894390Z remote: Compressing objects:  36% (565/1569)        
2024-03-07T21:46:10.6903193Z remote: Compressing objects:  37% (581/1569)        
2024-03-07T21:46:10.6904144Z remote: Compressing objects:  38% (597/1569)        
2024-03-07T21:46:10.6905163Z remote: Compressing objects:  39% (612/1569)        
2024-03-07T21:46:10.6906357Z remote: Compressing objects:  40% (628/1569)        
2024-03-07T21:46:10.6907597Z remote: Compressing objects:  41% (644/1569)        
2024-03-07T21:46:10.6908705Z remote: Compressing objects:  42% (659/1569)        
2024-03-07T21:46:10.6913077Z remote: Compressing objects:  43% (675/1569)        
2024-03-07T21:46:10.6914076Z remote: Compressing objects:  44% (691/1569)        
2024-03-07T21:46:10.6923914Z remote: Compressing objects:  45% (707/1569)        
2024-03-07T21:46:10.6924824Z remote: Compressing objects:  46% (722/1569)        
2024-03-07T21:46:10.6931628Z remote: Compressing objects:  47% (738/1569)        
2024-03-07T21:46:10.6932900Z remote: Compressing objects:  48% (754/1569)        
2024-03-07T21:46:10.6934222Z remote: Compressing objects:  49% (769/1569)        
2024-03-07T21:46:10.6935073Z remote: Compressing objects:  50% (785/1569)        
2024-03-07T21:46:10.6939842Z remote: Compressing objects:  51% (801/1569)        
2024-03-07T21:46:10.6940981Z remote: Compressing objects:  52% (816/1569)        
2024-03-07T21:46:10.6951875Z remote: Compressing objects:  53% (832/1569)        
2024-03-07T21:46:10.6952737Z remote: Compressing objects:  54% (848/1569)        
2024-03-07T21:46:10.6970347Z remote: Compressing objects:  55% (863/1569)        
2024-03-07T21:46:10.6987399Z remote: Compressing objects:  56% (879/1569)        
2024-03-07T21:46:10.7011603Z remote: Compressing objects:  57% (895/1569)        
2024-03-07T21:46:10.7048656Z remote: Compressing objects:  58% (911/1569)        
2024-03-07T21:46:10.7054643Z remote: Compressing objects:  59% (926/1569)        
2024-03-07T21:46:10.7055663Z remote: Compressing objects:  60% (942/1569)        
2024-03-07T21:46:10.7056532Z remote: Compressing objects:  61% (958/1569)        
2024-03-07T21:46:10.7057347Z remote: Compressing objects:  62% (973/1569)        
2024-03-07T21:46:10.7058331Z remote: Compressing objects:  63% (989/1569)        
2024-03-07T21:46:10.7070910Z remote: Compressing objects:  64% (1005/1569)        
2024-03-07T21:46:10.7077319Z remote: Compressing objects:  65% (1020/1569)        
2024-03-07T21:46:10.7078453Z remote: Compressing objects:  66% (1036/1569)        
2024-03-07T21:46:10.7081385Z remote: Compressing objects:  67% (1052/1569)        
2024-03-07T21:46:10.7084085Z remote: Compressing objects:  68% (1067/1569)        
2024-03-07T21:46:10.7085361Z remote: Compressing objects:  69% (1083/1569)        
2024-03-07T21:46:10.7087082Z remote: Compressing objects:  70% (1099/1569)        
2024-03-07T21:46:10.7157355Z remote: Compressing objects:  71% (1114/1569)        
2024-03-07T21:46:10.7158914Z remote: Compressing objects:  72% (1130/1569)        
2024-03-07T21:46:10.7160159Z remote: Compressing objects:  73% (1146/1569)        
2024-03-07T21:46:10.7161863Z remote: Compressing objects:  74% (1162/1569)        
2024-03-07T21:46:10.7162960Z remote: Compressing objects:  75% (1177/1569)        
2024-03-07T21:46:10.7263512Z remote: Compressing objects:  76% (1193/1569)        
2024-03-07T21:46:10.7264394Z remote: Compressing objects:  77% (1209/1569)        
2024-03-07T21:46:10.7265099Z remote: Compressing objects:  78% (1224/1569)        
2024-03-07T21:46:10.7270997Z remote: Compressing objects:  79% (1240/1569)        
2024-03-07T21:46:10.7290124Z remote: Compressing objects:  80% (1256/1569)        
2024-03-07T21:46:10.7339576Z remote: Compressing objects:  81% (1271/1569)        
2024-03-07T21:46:10.7375234Z remote: Compressing objects:  82% (1287/1569)        
2024-03-07T21:46:10.7406744Z remote: Compressing objects:  83% (1303/1569)        
2024-03-07T21:46:10.7422133Z remote: Compressing objects:  84% (1318/1569)        
2024-03-07T21:46:10.7471480Z remote: Compressing objects:  85% (1334/1569)        
2024-03-07T21:46:10.7517738Z remote: Compressing objects:  86% (1350/1569)        
2024-03-07T21:46:10.7540778Z remote: Compressing objects:  87% (1366/1569)        
2024-03-07T21:46:10.7541423Z remote: Compressing objects:  88% (1381/1569)        
2024-03-07T21:46:10.7543877Z remote: Compressing objects:  89% (1397/1569)        
2024-03-07T21:46:10.7545513Z remote: Compressing objects:  90% (1413/1569)        
2024-03-07T21:46:10.7547209Z remote: Compressing objects:  91% (1428/1569)        
2024-03-07T21:46:10.7549424Z remote: Compressing objects:  92% (1444/1569)        
2024-03-07T21:46:10.7552626Z remote: Compressing objects:  93% (1460/1569)        
2024-03-07T21:46:10.7562921Z remote: Compressing objects:  94% (1475/1569)        
2024-03-07T21:46:10.7570532Z remote: Compressing objects:  95% (1491/1569)        
2024-03-07T21:46:10.7571385Z remote: Compressing objects:  96% (1507/1569)        
2024-03-07T21:46:10.7571900Z remote: Compressing objects:  97% (1522/1569)        
2024-03-07T21:46:10.7572820Z remote: Compressing objects:  98% (1538/1569)        
2024-03-07T21:46:10.7573688Z remote: Compressing objects:  99% (1554/1569)        
2024-03-07T21:46:10.7574301Z remote: Compressing objects: 100% (1569/1569)        
2024-03-07T21:46:10.7575114Z remote: Compressing objects: 100% (1569/1569), done.        
2024-03-07T21:46:10.7622730Z Receiving objects:   0% (1/1750)
2024-03-07T21:46:10.7631827Z Receiving objects:   1% (18/1750)
2024-03-07T21:46:10.7689137Z Receiving objects:   2% (35/1750)
2024-03-07T21:46:10.8207394Z Receiving objects:   3% (53/1750)
2024-03-07T21:46:10.9212889Z Receiving objects:   4% (70/1750)
2024-03-07T21:46:10.9215164Z Receiving objects:   5% (88/1750)
2024-03-07T21:46:10.9218775Z Receiving objects:   6% (105/1750)
2024-03-07T21:46:10.9240937Z Receiving objects:   7% (123/1750)
2024-03-07T21:46:10.9245718Z Receiving objects:   8% (140/1750)
2024-03-07T21:46:10.9249217Z Receiving objects:   9% (158/1750)
2024-03-07T21:46:10.9252652Z Receiving objects:  10% (175/1750)
2024-03-07T21:46:10.9255645Z Receiving objects:  11% (193/1750)
2024-03-07T21:46:10.9258243Z Receiving objects:  12% (210/1750)
2024-03-07T21:46:10.9267470Z Receiving objects:  13% (228/1750)
2024-03-07T21:46:10.9270900Z Receiving objects:  14% (245/1750)
2024-03-07T21:46:10.9273103Z Receiving objects:  15% (263/1750)
2024-03-07T21:46:10.9276610Z Receiving objects:  16% (280/1750)
2024-03-07T21:46:10.9294587Z Receiving objects:  17% (298/1750)
2024-03-07T21:46:10.9300126Z Receiving objects:  18% (315/1750)
2024-03-07T21:46:10.9304527Z Receiving objects:  19% (333/1750)
2024-03-07T21:46:10.9308677Z Receiving objects:  20% (350/1750)
2024-03-07T21:46:10.9312183Z Receiving objects:  21% (368/1750)
2024-03-07T21:46:10.9315618Z Receiving objects:  22% (385/1750)
2024-03-07T21:46:10.9319523Z Receiving objects:  23% (403/1750)
2024-03-07T21:46:10.9322232Z Receiving objects:  24% (420/1750)
2024-03-07T21:46:10.9326204Z Receiving objects:  25% (438/1750)
2024-03-07T21:46:10.9327667Z Receiving objects:  26% (455/1750)
2024-03-07T21:46:10.9330635Z Receiving objects:  27% (473/1750)
2024-03-07T21:46:10.9333744Z Receiving objects:  28% (490/1750)
2024-03-07T21:46:10.9335778Z Receiving objects:  29% (508/1750)
2024-03-07T21:46:10.9349101Z Receiving objects:  30% (525/1750)
2024-03-07T21:46:10.9352205Z Receiving objects:  31% (543/1750)
2024-03-07T21:46:10.9356064Z Receiving objects:  32% (560/1750)
2024-03-07T21:46:10.9357434Z Receiving objects:  33% (578/1750)
2024-03-07T21:46:10.9358565Z Receiving objects:  34% (595/1750)
2024-03-07T21:46:10.9360760Z Receiving objects:  35% (613/1750)
2024-03-07T21:46:10.9364070Z Receiving objects:  36% (630/1750)
2024-03-07T21:46:10.9366904Z Receiving objects:  37% (648/1750)
2024-03-07T21:46:10.9368011Z Receiving objects:  38% (665/1750)
2024-03-07T21:46:10.9370782Z Receiving objects:  39% (683/1750)
2024-03-07T21:46:10.9373616Z Receiving objects:  40% (700/1750)
2024-03-07T21:46:10.9375743Z Receiving objects:  41% (718/1750)
2024-03-07T21:46:10.9378201Z Receiving objects:  42% (735/1750)
2024-03-07T21:46:10.9381006Z Receiving objects:  43% (753/1750)
2024-03-07T21:46:10.9383296Z Receiving objects:  44% (770/1750)
2024-03-07T21:46:10.9385449Z Receiving objects:  45% (788/1750)
2024-03-07T21:46:10.9388383Z Receiving objects:  46% (805/1750)
2024-03-07T21:46:10.9398147Z Receiving objects:  47% (823/1750)
2024-03-07T21:46:10.9401460Z Receiving objects:  48% (840/1750)
2024-03-07T21:46:10.9403355Z Receiving objects:  49% (858/1750)
2024-03-07T21:46:10.9405175Z Receiving objects:  50% (875/1750)
2024-03-07T21:46:10.9405892Z Receiving objects:  51% (893/1750)
2024-03-07T21:46:10.9410605Z Receiving objects:  52% (910/1750)
2024-03-07T21:46:10.9415818Z Receiving objects:  53% (928/1750)
2024-03-07T21:46:10.9419948Z Receiving objects:  54% (945/1750)
2024-03-07T21:46:10.9426052Z Receiving objects:  55% (963/1750)
2024-03-07T21:46:10.9429902Z Receiving objects:  56% (980/1750)
2024-03-07T21:46:10.9431345Z Receiving objects:  57% (998/1750)
2024-03-07T21:46:10.9433887Z Receiving objects:  58% (1015/1750)
2024-03-07T21:46:10.9435451Z Receiving objects:  59% (1033/1750)
2024-03-07T21:46:10.9438249Z Receiving objects:  60% (1050/1750)
2024-03-07T21:46:10.9439373Z Receiving objects:  61% (1068/1750)
2024-03-07T21:46:10.9441206Z Receiving objects:  62% (1085/1750)
2024-03-07T21:46:10.9442524Z Receiving objects:  63% (1103/1750)
2024-03-07T21:46:10.9444672Z Receiving objects:  64% (1120/1750)
2024-03-07T21:46:10.9447056Z Receiving objects:  65% (1138/1750)
2024-03-07T21:46:10.9451501Z Receiving objects:  66% (1155/1750)
2024-03-07T21:46:10.9452916Z Receiving objects:  67% (1173/1750)
2024-03-07T21:46:10.9454695Z Receiving objects:  68% (1190/1750)
2024-03-07T21:46:10.9457071Z Receiving objects:  69% (1208/1750)
2024-03-07T21:46:10.9459091Z Receiving objects:  70% (1225/1750)
2024-03-07T21:46:10.9466998Z Receiving objects:  71% (1243/1750)
2024-03-07T21:46:10.9479118Z Receiving objects:  72% (1260/1750)
2024-03-07T21:46:10.9481650Z Receiving objects:  73% (1278/1750)
2024-03-07T21:46:10.9484003Z Receiving objects:  74% (1295/1750)
2024-03-07T21:46:10.9663463Z Receiving objects:  75% (1313/1750)
2024-03-07T21:46:10.9917375Z Receiving objects:  76% (1330/1750)
2024-03-07T21:46:11.0054781Z Receiving objects:  77% (1348/1750)
2024-03-07T21:46:11.0291033Z Receiving objects:  78% (1365/1750)
2024-03-07T21:46:11.0396169Z Receiving objects:  79% (1383/1750)
2024-03-07T21:46:11.0774532Z Receiving objects:  80% (1400/1750)
2024-03-07T21:46:11.0782166Z Receiving objects:  81% (1418/1750)
2024-03-07T21:46:11.0786416Z Receiving objects:  82% (1435/1750)
2024-03-07T21:46:11.0788478Z Receiving objects:  83% (1453/1750)
2024-03-07T21:46:11.0796157Z Receiving objects:  84% (1470/1750)
2024-03-07T21:46:11.0800110Z Receiving objects:  85% (1488/1750)
2024-03-07T21:46:11.0807496Z Receiving objects:  86% (1505/1750)
2024-03-07T21:46:11.0814490Z Receiving objects:  87% (1523/1750)
2024-03-07T21:46:11.0818927Z Receiving objects:  88% (1540/1750)
2024-03-07T21:46:11.0824495Z Receiving objects:  89% (1558/1750)
2024-03-07T21:46:11.0830533Z Receiving objects:  90% (1575/1750)
2024-03-07T21:46:11.0836572Z Receiving objects:  91% (1593/1750)
2024-03-07T21:46:11.0842218Z Receiving objects:  92% (1610/1750)
2024-03-07T21:46:11.0846084Z Receiving objects:  93% (1628/1750)
2024-03-07T21:46:11.0850195Z Receiving objects:  94% (1645/1750)
2024-03-07T21:46:11.0854951Z Receiving objects:  95% (1663/1750)
2024-03-07T21:46:11.0857548Z Receiving objects:  96% (1680/1750)
2024-03-07T21:46:11.0865881Z Receiving objects:  97% (1698/1750)
2024-03-07T21:46:11.0874349Z Receiving objects:  98% (1715/1750)
2024-03-07T21:46:11.0890373Z Receiving objects:  99% (1733/1750)
2024-03-07T21:46:11.0891593Z remote: Total 1750 (delta 278), reused 982 (delta 142), pack-reused 0        
2024-03-07T21:46:11.0900270Z Receiving objects: 100% (1750/1750)
2024-03-07T21:46:11.0908270Z Receiving objects: 100% (1750/1750), 6.60 MiB | 20.11 MiB/s, done.
2024-03-07T21:46:11.0909437Z Resolving deltas:   0% (0/278)
2024-03-07T21:46:11.0910550Z Resolving deltas:   1% (3/278)
2024-03-07T21:46:11.0911256Z Resolving deltas:   2% (6/278)
2024-03-07T21:46:11.0914830Z Resolving deltas:   3% (9/278)
2024-03-07T21:46:11.0915595Z Resolving deltas:   4% (12/278)
2024-03-07T21:46:11.0916026Z Resolving deltas:   5% (14/278)
2024-03-07T21:46:11.0916417Z Resolving deltas:   6% (17/278)
2024-03-07T21:46:11.0916895Z Resolving deltas:   7% (20/278)
2024-03-07T21:46:11.0917314Z Resolving deltas:   8% (23/278)
2024-03-07T21:46:11.0917680Z Resolving deltas:   9% (26/278)
2024-03-07T21:46:11.0918127Z Resolving deltas:  10% (28/278)
2024-03-07T21:46:11.0918508Z Resolving deltas:  11% (31/278)
2024-03-07T21:46:11.0918867Z Resolving deltas:  12% (34/278)
2024-03-07T21:46:11.0934667Z Resolving deltas:  13% (37/278)
2024-03-07T21:46:11.0938748Z Resolving deltas:  14% (39/278)
2024-03-07T21:46:11.0939989Z Resolving deltas:  15% (42/278)
2024-03-07T21:46:11.0940580Z Resolving deltas:  16% (45/278)
2024-03-07T21:46:11.0940996Z Resolving deltas:  17% (48/278)
2024-03-07T21:46:11.0941372Z Resolving deltas:  18% (51/278)
2024-03-07T21:46:11.0941828Z Resolving deltas:  19% (53/278)
2024-03-07T21:46:11.0942470Z Resolving deltas:  20% (56/278)
2024-03-07T21:46:11.0942849Z Resolving deltas:  21% (59/278)
2024-03-07T21:46:11.0943314Z Resolving deltas:  22% (62/278)
2024-03-07T21:46:11.0943719Z Resolving deltas:  23% (64/278)
2024-03-07T21:46:11.0944072Z Resolving deltas:  24% (67/278)
2024-03-07T21:46:11.0944523Z Resolving deltas:  25% (70/278)
2024-03-07T21:46:11.0944917Z Resolving deltas:  26% (73/278)
2024-03-07T21:46:11.0945381Z Resolving deltas:  27% (76/278)
2024-03-07T21:46:11.0958905Z Resolving deltas:  28% (78/278)
2024-03-07T21:46:11.0959703Z Resolving deltas:  29% (81/278)
2024-03-07T21:46:11.0960335Z Resolving deltas:  30% (84/278)
2024-03-07T21:46:11.0961131Z Resolving deltas:  31% (87/278)
2024-03-07T21:46:11.0961864Z Resolving deltas:  32% (89/278)
2024-03-07T21:46:11.0962539Z Resolving deltas:  33% (92/278)
2024-03-07T21:46:11.0963455Z Resolving deltas:  34% (95/278)
2024-03-07T21:46:11.0964107Z Resolving deltas:  35% (98/278)
2024-03-07T21:46:11.0964724Z Resolving deltas:  36% (101/278)
2024-03-07T21:46:11.0965592Z Resolving deltas:  37% (103/278)
2024-03-07T21:46:11.0966379Z Resolving deltas:  38% (106/278)
2024-03-07T21:46:11.0967022Z Resolving deltas:  39% (109/278)
2024-03-07T21:46:11.0967785Z Resolving deltas:  40% (112/278)
2024-03-07T21:46:11.0968407Z Resolving deltas:  41% (114/278)
2024-03-07T21:46:11.0968908Z Resolving deltas:  42% (117/278)
2024-03-07T21:46:11.0969368Z Resolving deltas:  43% (120/278)
2024-03-07T21:46:11.0970027Z Resolving deltas:  44% (123/278)
2024-03-07T21:46:11.0970688Z Resolving deltas:  45% (126/278)
2024-03-07T21:46:11.0971370Z Resolving deltas:  46% (128/278)
2024-03-07T21:46:11.0971991Z Resolving deltas:  47% (131/278)
2024-03-07T21:46:11.0972898Z Resolving deltas:  48% (134/278)
2024-03-07T21:46:11.0973599Z Resolving deltas:  49% (138/278)
2024-03-07T21:46:11.0974242Z Resolving deltas:  50% (139/278)
2024-03-07T21:46:11.0974986Z Resolving deltas:  51% (142/278)
2024-03-07T21:46:11.0975811Z Resolving deltas:  52% (145/278)
2024-03-07T21:46:11.0976918Z Resolving deltas:  53% (148/278)
2024-03-07T21:46:11.0977601Z Resolving deltas:  54% (151/278)
2024-03-07T21:46:11.0978435Z Resolving deltas:  55% (153/278)
2024-03-07T21:46:11.0979153Z Resolving deltas:  56% (156/278)
2024-03-07T21:46:11.0979874Z Resolving deltas:  57% (159/278)
2024-03-07T21:46:11.0980669Z Resolving deltas:  58% (162/278)
2024-03-07T21:46:11.0981414Z Resolving deltas:  59% (165/278)
2024-03-07T21:46:11.0982160Z Resolving deltas:  60% (167/278)
2024-03-07T21:46:11.0982941Z Resolving deltas:  61% (170/278)
2024-03-07T21:46:11.0983663Z Resolving deltas:  62% (173/278)
2024-03-07T21:46:11.0984384Z Resolving deltas:  63% (176/278)
2024-03-07T21:46:11.0985254Z Resolving deltas:  64% (178/278)
2024-03-07T21:46:11.0986056Z Resolving deltas:  65% (181/278)
2024-03-07T21:46:11.0986792Z Resolving deltas:  66% (184/278)
2024-03-07T21:46:11.0987511Z Resolving deltas:  67% (187/278)
2024-03-07T21:46:11.0988019Z Resolving deltas:  68% (190/278)
2024-03-07T21:46:11.0988403Z Resolving deltas:  69% (192/278)
2024-03-07T21:46:11.0988870Z Resolving deltas:  70% (195/278)
2024-03-07T21:46:11.0989258Z Resolving deltas:  71% (198/278)
2024-03-07T21:46:11.0989893Z Resolving deltas:  72% (201/278)
2024-03-07T21:46:11.0990740Z Resolving deltas:  73% (203/278)
2024-03-07T21:46:11.0991483Z Resolving deltas:  74% (206/278)
2024-03-07T21:46:11.0992177Z Resolving deltas:  75% (209/278)
2024-03-07T21:46:11.0992851Z Resolving deltas:  76% (212/278)
2024-03-07T21:46:11.0993236Z Resolving deltas:  77% (216/278)
2024-03-07T21:46:11.0993614Z Resolving deltas:  78% (217/278)
2024-03-07T21:46:11.0994048Z Resolving deltas:  79% (220/278)
2024-03-07T21:46:11.0994422Z Resolving deltas:  80% (223/278)
2024-03-07T21:46:11.0994812Z Resolving deltas:  81% (226/278)
2024-03-07T21:46:11.0995210Z Resolving deltas:  82% (228/278)
2024-03-07T21:46:11.0995586Z Resolving deltas:  83% (231/278)
2024-03-07T21:46:11.0996001Z Resolving deltas:  84% (234/278)
2024-03-07T21:46:11.0996668Z Resolving deltas:  85% (237/278)
2024-03-07T21:46:11.0997632Z Resolving deltas:  86% (240/278)
2024-03-07T21:46:11.0998431Z Resolving deltas:  87% (242/278)
2024-03-07T21:46:11.0999320Z Resolving deltas:  88% (245/278)
2024-03-07T21:46:11.0999905Z Resolving deltas:  89% (248/278)
2024-03-07T21:46:11.1000604Z Resolving deltas:  90% (251/278)
2024-03-07T21:46:11.1006653Z Resolving deltas:  91% (253/278)
2024-03-07T21:46:11.1007364Z Resolving deltas:  92% (256/278)
2024-03-07T21:46:11.1008017Z Resolving deltas:  93% (259/278)
2024-03-07T21:46:11.1008822Z Resolving deltas:  94% (262/278)
2024-03-07T21:46:11.1009451Z Resolving deltas:  95% (265/278)
2024-03-07T21:46:11.1013141Z Resolving deltas:  96% (267/278)
2024-03-07T21:46:11.1014109Z Resolving deltas:  97% (270/278)
2024-03-07T21:46:11.1019417Z Resolving deltas:  98% (273/278)
2024-03-07T21:46:11.1020030Z Resolving deltas:  99% (276/278)
2024-03-07T21:46:11.1020555Z Resolving deltas: 100% (278/278)
2024-03-07T21:46:11.1020958Z Resolving deltas: 100% (278/278), done.
2024-03-07T21:46:11.1203619Z From https://github.com/rubyforgood/human-essentials
2024-03-07T21:46:11.1204720Z  * [new ref]         a3a0b65bee93f3c63ce822d014cd54a1915f9ff8 -> pull/4017/merge
2024-03-07T21:46:11.1228129Z ##[endgroup]
2024-03-07T21:46:11.1229218Z ##[group]Determining the checkout info
2024-03-07T21:46:11.1230338Z ##[endgroup]
2024-03-07T21:46:11.1233333Z ##[group]Checking out the ref
2024-03-07T21:46:11.1235495Z [command]/usr/bin/git checkout --progress --force refs/remotes/pull/4017/merge
2024-03-07T21:46:11.2564941Z Note: switching to 'refs/remotes/pull/4017/merge'.
2024-03-07T21:46:11.2565578Z 
2024-03-07T21:46:11.2566402Z You are in 'detached HEAD' state. You can look around, make experimental
2024-03-07T21:46:11.2567908Z changes and commit them, and you can discard any commits you make in this
2024-03-07T21:46:11.2572407Z state without impacting any branches by switching back to a branch.
2024-03-07T21:46:11.2573307Z 
2024-03-07T21:46:11.2574059Z If you want to create a new branch to retain commits you create, you may
2024-03-07T21:46:11.2575695Z do so (now or later) by using -c with the switch command. Example:
2024-03-07T21:46:11.2576383Z 
2024-03-07T21:46:11.2576677Z   git switch -c <new-branch-name>
2024-03-07T21:46:11.2577147Z 
2024-03-07T21:46:11.2577480Z Or undo this operation with:
2024-03-07T21:46:11.2579137Z 
2024-03-07T21:46:11.2579371Z   git switch -
2024-03-07T21:46:11.2579702Z 
2024-03-07T21:46:11.2581459Z Turn off this advice by setting config variable advice.detachedHead to false
2024-03-07T21:46:11.2582067Z 
2024-03-07T21:46:11.2582557Z HEAD is now at a3a0b65 Merge 306d9566081145c838412090b80a409218f5c168 into fe69812949116f5c644e55ec7a02564902360792
2024-03-07T21:46:11.2584122Z ##[endgroup]
2024-03-07T21:46:11.2624307Z [command]/usr/bin/git log -1 --format='%H'
2024-03-07T21:46:11.2658573Z 'a3a0b65bee93f3c63ce822d014cd54a1915f9ff8'
2024-03-07T21:46:11.3002532Z ##[group]Run ruby/setup-ruby@v1
2024-03-07T21:46:11.3002975Z with:
2024-03-07T21:46:11.3003435Z   bundler-cache: true
2024-03-07T21:46:11.3003765Z   ruby-version: default
2024-03-07T21:46:11.3004133Z ##[endgroup]
2024-03-07T21:46:11.4806918Z Using 3.2.2 as input from file .ruby-version
2024-03-07T21:46:11.4832080Z ##[group]Modifying PATH
2024-03-07T21:46:11.4832655Z Entries added to PATH to use selected Ruby:
2024-03-07T21:46:11.4833187Z   /opt/hostedtoolcache/Ruby/3.2.2/x64/bin
2024-03-07T21:46:11.4834036Z ##[endgroup]
2024-03-07T21:46:11.4856723Z ##[group]Downloading Ruby
2024-03-07T21:46:11.4859834Z https://github.com/ruby/ruby-builder/releases/download/toolcache/ruby-3.2.2-ubuntu-22.04.tar.gz
2024-03-07T21:46:11.8759846Z Took   0.39 seconds
2024-03-07T21:46:11.8761412Z ##[endgroup]
2024-03-07T21:46:11.8762904Z ##[group]Extracting  Ruby
2024-03-07T21:46:11.8792473Z [command]/usr/bin/tar -xz -C /opt/hostedtoolcache/Ruby/3.2.2 -f /home/runner/work/_temp/fffda88b-d38b-4560-8a9f-c9f75bbcc72d
2024-03-07T21:46:12.2948598Z Took   0.42 seconds
2024-03-07T21:46:12.2950404Z ##[endgroup]
2024-03-07T21:46:12.2953019Z ##[group]Print Ruby version
2024-03-07T21:46:12.2965187Z [command]/opt/hostedtoolcache/Ruby/3.2.2/x64/bin/ruby --version
2024-03-07T21:46:12.3198749Z ruby 3.2.2 (2023-03-30 revision e51014f9c0) [x86_64-linux]
2024-03-07T21:46:12.3216685Z Took   0.03 seconds
2024-03-07T21:46:12.3217938Z ##[endgroup]
2024-03-07T21:46:12.3219176Z ##[group]Installing Bundler
2024-03-07T21:46:12.3226027Z Using Bundler 2.5.6 from Gemfile.lock BUNDLED WITH 2.5.6
2024-03-07T21:46:12.3230820Z [command]/opt/hostedtoolcache/Ruby/3.2.2/x64/bin/gem install bundler -v 2.5.6
2024-03-07T21:46:12.8268025Z Successfully installed bundler-2.5.6
2024-03-07T21:46:12.8268825Z 1 gem installed
2024-03-07T21:46:12.8323148Z Took   0.51 seconds
2024-03-07T21:46:12.8325551Z ##[endgroup]
2024-03-07T21:46:12.8326264Z > bundle install
2024-03-07T21:46:12.8342372Z [command]/opt/hostedtoolcache/Ruby/3.2.2/x64/bin/bundle config --local path /home/runner/work/human-essentials/human-essentials/vendor/bundle
2024-03-07T21:46:12.9824602Z [command]/opt/hostedtoolcache/Ruby/3.2.2/x64/bin/bundle config --local deployment true
2024-03-07T21:46:13.1329408Z Cache key: setup-ruby-bundler-cache-v6-ubuntu-22.04-x64-ruby-3.2.2-wd-/home/runner/work/human-essentials/human-essentials-with--without--only--Gemfile.lock-4d33c700f7ba6b276ff29199ee0ad50f50eaee1ebc70333043a17640f6a66093
2024-03-07T21:46:14.2426095Z Cache Size: ~205 MB (215052876 B)
2024-03-07T21:46:14.2547179Z [command]/usr/bin/tar -xf /home/runner/work/_temp/493e99b2-b35a-41e2-b5c6-1169121e0c83/cache.tzst -P -C /home/runner/work/human-essentials/human-essentials --use-compress-program unzstd
2024-03-07T21:46:14.2767247Z Received 215052876 of 215052876 (100.0%), 204.9 MBs/sec
2024-03-07T21:46:15.8732573Z Cache restored successfully
2024-03-07T21:46:15.9155635Z Found cache for key: setup-ruby-bundler-cache-v6-ubuntu-22.04-x64-ruby-3.2.2-wd-/home/runner/work/human-essentials/human-essentials-with--without--only--Gemfile.lock-4d33c700f7ba6b276ff29199ee0ad50f50eaee1ebc70333043a17640f6a66093
2024-03-07T21:46:15.9165914Z [command]/opt/hostedtoolcache/Ruby/3.2.2/x64/bin/bundle install --jobs 4
2024-03-07T21:46:16.3256564Z Bundle complete! 85 Gemfile dependencies, 246 gems now installed.
2024-03-07T21:46:16.3269539Z Bundled gems are installed into `./vendor/bundle`
2024-03-07T21:46:16.3322257Z Took   3.50 seconds
2024-03-07T21:46:16.3556726Z ##[group]Run bundle exec brakeman
2024-03-07T21:46:16.3557514Z [36;1mbundle exec brakeman[0m
2024-03-07T21:46:16.3643449Z shell: /usr/bin/bash -e {0}
2024-03-07T21:46:16.3644079Z ##[endgroup]
2024-03-07T21:46:16.7443909Z Loading scanner...
2024-03-07T21:46:17.2202371Z Processing application in /home/runner/work/human-essentials/human-essentials
2024-03-07T21:46:17.2203445Z Processing gems...                      
2024-03-07T21:46:17.2309630Z [Notice] Detected Rails 7 application
2024-03-07T21:46:17.2310381Z Processing configuration...             
2024-03-07T21:46:17.2441334Z [Notice] Escaping HTML by default
2024-03-07T21:46:17.2442583Z Parsing files...                        
2024-03-07T21:46:20.5635625Z Detecting file types...                 
2024-03-07T21:46:20.6056460Z Processing initializers...              
2024-03-07T21:46:20.6060869Z  0/24 files processed
2024-03-07T21:46:20.6064949Z  1/24 files processed
2024-03-07T21:46:20.6073674Z  2/24 files processed
2024-03-07T21:46:20.6080134Z  3/24 files processed
2024-03-07T21:46:20.6119741Z  4/24 files processed
2024-03-07T21:46:20.6123105Z  5/24 files processed
2024-03-07T21:46:20.6124127Z  6/24 files processed
2024-03-07T21:46:20.6130343Z  7/24 files processed
2024-03-07T21:46:20.6130914Z  8/24 files processed
2024-03-07T21:46:20.6134644Z  9/24 files processed
2024-03-07T21:46:20.6136901Z  10/24 files processed
2024-03-07T21:46:20.6137634Z  11/24 files processed
2024-03-07T21:46:20.6141090Z  12/24 files processed
2024-03-07T21:46:20.6145009Z  13/24 files processed
2024-03-07T21:46:20.6151882Z  14/24 files processed
2024-03-07T21:46:20.6159077Z  15/24 files processed
2024-03-07T21:46:20.6162085Z  16/24 files processed
2024-03-07T21:46:20.6162877Z  17/24 files processed
2024-03-07T21:46:20.6164421Z  18/24 files processed
2024-03-07T21:46:20.6177797Z  19/24 files processed
2024-03-07T21:46:20.6377297Z  20/24 files processed
2024-03-07T21:46:20.6380154Z  21/24 files processed
2024-03-07T21:46:20.6383289Z  22/24 files processed
2024-03-07T21:46:20.6385045Z  23/24 files processed
2024-03-07T21:46:20.6385654Z Processing libs...                      
2024-03-07T21:46:20.6388373Z  0/148 files processed
2024-03-07T21:46:20.6390322Z  1/148 files processed
2024-03-07T21:46:20.6393914Z  2/148 files processed
2024-03-07T21:46:20.6397322Z  3/148 files processed
2024-03-07T21:46:20.6400477Z  4/148 files processed
2024-03-07T21:46:20.6405354Z  5/148 files processed
2024-03-07T21:46:20.6408494Z  6/148 files processed
2024-03-07T21:46:20.6411624Z  7/148 files processed
2024-03-07T21:46:20.6453949Z  8/148 files processed
2024-03-07T21:46:20.6454692Z  9/148 files processed
2024-03-07T21:46:20.6455635Z  10/148 files processed
2024-03-07T21:46:20.6465069Z  11/148 files processed
2024-03-07T21:46:20.6481081Z  12/148 files processed
2024-03-07T21:46:20.6497830Z  13/148 files processed
2024-03-07T21:46:20.6498656Z  14/148 files processed
2024-03-07T21:46:20.6502623Z  15/148 files processed
2024-03-07T21:46:20.6544785Z  16/148 files processed
2024-03-07T21:46:20.6547275Z  17/148 files processed
2024-03-07T21:46:20.6557574Z  18/148 files processed
2024-03-07T21:46:20.6569902Z  19/148 files processed
2024-03-07T21:46:20.6573880Z  20/148 files processed
2024-03-07T21:46:20.6579752Z  21/148 files processed
2024-03-07T21:46:20.6589684Z  22/148 files processed
2024-03-07T21:46:20.6593736Z  23/148 files processed
2024-03-07T21:46:20.6597551Z  24/148 files processed
2024-03-07T21:46:20.6607923Z  25/148 files processed
2024-03-07T21:46:20.6634405Z  26/148 files processed
2024-03-07T21:46:20.6656327Z  27/148 files processed
2024-03-07T21:46:20.6657424Z  28/148 files processed
2024-03-07T21:46:20.6673160Z  29/148 files processed
2024-03-07T21:46:20.6690643Z  30/148 files processed
2024-03-07T21:46:20.6733864Z  31/148 files processed
2024-03-07T21:46:20.6737847Z  32/148 files processed
2024-03-07T21:46:20.6752386Z  33/148 files processed
2024-03-07T21:46:20.6756276Z  34/148 files processed
2024-03-07T21:46:20.6763408Z  35/148 files processed
2024-03-07T21:46:20.6768806Z  36/148 files processed
2024-03-07T21:46:20.6776254Z  37/148 files processed
2024-03-07T21:46:20.6782029Z  38/148 files processed
2024-03-07T21:46:20.6790917Z  39/148 files processed
2024-03-07T21:46:20.6796029Z  40/148 files processed
2024-03-07T21:46:20.6799658Z  41/148 files processed
2024-03-07T21:46:20.6803873Z  42/148 files processed
2024-03-07T21:46:20.6905850Z  43/148 files processed
2024-03-07T21:46:20.6911605Z  44/148 files processed
2024-03-07T21:46:20.6912277Z  45/148 files processed
2024-03-07T21:46:20.6916640Z  46/148 files processed
2024-03-07T21:46:20.6921004Z  47/148 files processed
2024-03-07T21:46:20.6924969Z  48/148 files processed
2024-03-07T21:46:20.6928308Z  49/148 files processed
2024-03-07T21:46:20.6934076Z  50/148 files processed
2024-03-07T21:46:20.6935807Z  51/148 files processed
2024-03-07T21:46:20.6942711Z  52/148 files processed
2024-03-07T21:46:20.6966620Z  53/148 files processed
2024-03-07T21:46:20.6969340Z  54/148 files processed
2024-03-07T21:46:20.6973244Z  55/148 files processed
2024-03-07T21:46:20.6978685Z  56/148 files processed
2024-03-07T21:46:20.6994397Z  57/148 files processed
2024-03-07T21:46:20.7013804Z  58/148 files processed
2024-03-07T21:46:20.7016692Z  59/148 files processed
2024-03-07T21:46:20.7129698Z  60/148 files processed
2024-03-07T21:46:20.7164485Z  61/148 files processed
2024-03-07T21:46:20.7169365Z  62/148 files processed
2024-03-07T21:46:20.7174665Z  63/148 files processed
2024-03-07T21:46:20.7178884Z  64/148 files processed
2024-03-07T21:46:20.7184112Z  65/148 files processed
2024-03-07T21:46:20.7188242Z  66/148 files processed
2024-03-07T21:46:20.7198037Z  67/148 files processed
2024-03-07T21:46:20.7245601Z  68/148 files processed
2024-03-07T21:46:20.7298675Z  69/148 files processed
2024-03-07T21:46:20.7301059Z  70/148 files processed
2024-03-07T21:46:20.7334466Z  71/148 files processed
2024-03-07T21:46:20.7342251Z  72/148 files processed
2024-03-07T21:46:20.7391212Z  73/148 files processed
2024-03-07T21:46:20.7421949Z  74/148 files processed
2024-03-07T21:46:20.7439917Z  75/148 files processed
2024-03-07T21:46:20.7450905Z  76/148 files processed
2024-03-07T21:46:20.7454477Z  77/148 files processed
2024-03-07T21:46:20.7494009Z  78/148 files processed
2024-03-07T21:46:20.7499862Z  79/148 files processed
2024-03-07T21:46:20.7516338Z  80/148 files processed
2024-03-07T21:46:20.7525574Z  81/148 files processed
2024-03-07T21:46:20.7529013Z  82/148 files processed
2024-03-07T21:46:20.7542978Z  83/148 files processed
2024-03-07T21:46:20.7572335Z  84/148 files processed
2024-03-07T21:46:20.7636427Z  85/148 files processed
2024-03-07T21:46:20.7672933Z  86/148 files processed
2024-03-07T21:46:20.7685656Z  87/148 files processed
2024-03-07T21:46:20.7724311Z  88/148 files processed
2024-03-07T21:46:20.7735430Z  89/148 files processed
2024-03-07T21:46:20.7775812Z  90/148 files processed
2024-03-07T21:46:20.7794988Z  91/148 files processed
2024-03-07T21:46:20.7831973Z  92/148 files processed
2024-03-07T21:46:20.7842425Z  93/148 files processed
2024-03-07T21:46:20.7861198Z  94/148 files processed
2024-03-07T21:46:20.7884558Z  95/148 files processed
2024-03-07T21:46:20.7903756Z  96/148 files processed
2024-03-07T21:46:20.7911112Z  97/148 files processed
2024-03-07T21:46:20.7921863Z  98/148 files processed
2024-03-07T21:46:20.7926620Z  99/148 files processed
2024-03-07T21:46:20.7935781Z  100/148 files processed
2024-03-07T21:46:20.7944978Z  101/148 files processed
2024-03-07T21:46:20.7960957Z  102/148 files processed
2024-03-07T21:46:20.7965654Z  103/148 files processed
2024-03-07T21:46:20.7974558Z  104/148 files processed
2024-03-07T21:46:20.8004075Z  105/148 files processed
2024-03-07T21:46:20.8019720Z  106/148 files processed
2024-03-07T21:46:20.8059888Z  107/148 files processed
2024-03-07T21:46:20.8109924Z  108/148 files processed
2024-03-07T21:46:20.8117774Z  109/148 files processed
2024-03-07T21:46:20.8121959Z  110/148 files processed
2024-03-07T21:46:20.8125541Z  111/148 files processed
2024-03-07T21:46:20.8128486Z  112/148 files processed
2024-03-07T21:46:20.8145998Z  113/148 files processed
2024-03-07T21:46:20.8159841Z  114/148 files processed
2024-03-07T21:46:20.8225446Z  115/148 files processed
2024-03-07T21:46:20.8250106Z  116/148 files processed
2024-03-07T21:46:20.8273209Z  117/148 files processed
2024-03-07T21:46:20.8295257Z  118/148 files processed
2024-03-07T21:46:20.8306980Z  119/148 files processed
2024-03-07T21:46:20.8332282Z  120/148 files processed
2024-03-07T21:46:20.8352454Z  121/148 files processed
2024-03-07T21:46:20.8370825Z  122/148 files processed
2024-03-07T21:46:20.8381381Z  123/148 files processed
2024-03-07T21:46:20.8423143Z  124/148 files processed
2024-03-07T21:46:20.8427581Z  125/148 files processed
2024-03-07T21:46:20.8434431Z  126/148 files processed
2024-03-07T21:46:20.8467636Z  127/148 files processed
2024-03-07T21:46:20.8477822Z  128/148 files processed
2024-03-07T21:46:20.8482409Z  129/148 files processed
2024-03-07T21:46:20.8493976Z  130/148 files processed
2024-03-07T21:46:20.8506122Z  131/148 files processed
2024-03-07T21:46:20.8509011Z  132/148 files processed
2024-03-07T21:46:20.8509779Z  133/148 files processed
2024-03-07T21:46:20.8511158Z  134/148 files processed
2024-03-07T21:46:20.8511807Z  135/148 files processed
2024-03-07T21:46:20.8520846Z  136/148 files processed
2024-03-07T21:46:20.8529424Z  137/148 files processed
2024-03-07T21:46:20.8534288Z  138/148 files processed
2024-03-07T21:46:20.8538625Z  139/148 files processed
2024-03-07T21:46:20.8540255Z  140/148 files processed
2024-03-07T21:46:20.8542759Z  141/148 files processed
2024-03-07T21:46:20.8566507Z  142/148 files processed
2024-03-07T21:46:20.8573566Z  143/148 files processed
2024-03-07T21:46:20.8578971Z  144/148 files processed
2024-03-07T21:46:20.8582241Z  145/148 files processed
2024-03-07T21:46:20.8584441Z  146/148 files processed
2024-03-07T21:46:20.8585526Z  147/148 files processed
2024-03-07T21:46:20.8586140Z Processing routes...                    
2024-03-07T21:46:20.8798236Z Processing templates...                 
2024-03-07T21:46:20.8808159Z  0/379 templates processed
2024-03-07T21:46:20.8810385Z  1/379 templates processed
2024-03-07T21:46:20.8812477Z  2/379 templates processed
2024-03-07T21:46:20.8813579Z  3/379 templates processed
2024-03-07T21:46:20.8815920Z  4/379 templates processed
2024-03-07T21:46:20.8822676Z  5/379 templates processed
2024-03-07T21:46:20.8823704Z  6/379 templates processed
2024-03-07T21:46:20.8834883Z  7/379 templates processed
2024-03-07T21:46:20.8836529Z  8/379 templates processed
2024-03-07T21:46:20.8843397Z  9/379 templates processed
2024-03-07T21:46:20.8856010Z  10/379 templates processed
2024-03-07T21:46:20.8864086Z  11/379 templates processed
2024-03-07T21:46:20.8872515Z  12/379 templates processed
2024-03-07T21:46:20.8878565Z  13/379 templates processed
2024-03-07T21:46:20.8882319Z  14/379 templates processed
2024-03-07T21:46:20.8885874Z  15/379 templates processed
2024-03-07T21:46:20.8922350Z  16/379 templates processed
2024-03-07T21:46:20.8928182Z  17/379 templates processed
2024-03-07T21:46:20.8934475Z  18/379 templates processed
2024-03-07T21:46:20.8942389Z  19/379 templates processed
2024-03-07T21:46:20.8946112Z  20/379 templates processed
2024-03-07T21:46:20.8953922Z  21/379 templates processed
2024-03-07T21:46:20.8959929Z  22/379 templates processed
2024-03-07T21:46:20.8964569Z  23/379 templates processed
2024-03-07T21:46:20.8968298Z  24/379 templates processed
2024-03-07T21:46:20.8970600Z  25/379 templates processed
2024-03-07T21:46:20.8975164Z  26/379 templates processed
2024-03-07T21:46:20.8982866Z  27/379 templates processed
2024-03-07T21:46:20.8986169Z  28/379 templates processed
2024-03-07T21:46:20.8991152Z  29/379 templates processed
2024-03-07T21:46:20.8999291Z  30/379 templates processed
2024-03-07T21:46:20.9004897Z  31/379 templates processed
2024-03-07T21:46:20.9010732Z  32/379 templates processed
2024-03-07T21:46:20.9017566Z  33/379 templates processed
2024-03-07T21:46:20.9022530Z  34/379 templates processed
2024-03-07T21:46:20.9027254Z  35/379 templates processed
2024-03-07T21:46:20.9041751Z  36/379 templates processed
2024-03-07T21:46:20.9049055Z  37/379 templates processed
2024-03-07T21:46:20.9055318Z  38/379 templates processed
2024-03-07T21:46:20.9074383Z  39/379 templates processed
2024-03-07T21:46:20.9081031Z  40/379 templates processed
2024-03-07T21:46:20.9083563Z  41/379 templates processed
2024-03-07T21:46:20.9096305Z  42/379 templates processed
2024-03-07T21:46:20.9100245Z  43/379 templates processed
2024-03-07T21:46:20.9108388Z  44/379 templates processed
2024-03-07T21:46:20.9112969Z  45/379 templates processed
2024-03-07T21:46:20.9128398Z  46/379 templates processed
2024-03-07T21:46:20.9166460Z  47/379 templates processed
2024-03-07T21:46:20.9177556Z  48/379 templates processed
2024-03-07T21:46:20.9234848Z  49/379 templates processed
2024-03-07T21:46:20.9249806Z  50/379 templates processed
2024-03-07T21:46:20.9265690Z  51/379 templates processed
2024-03-07T21:46:20.9329143Z  52/379 templates processed
2024-03-07T21:46:20.9556410Z  53/379 templates processed
2024-03-07T21:46:20.9565119Z  54/379 templates processed
2024-03-07T21:46:20.9578374Z  55/379 templates processed
2024-03-07T21:46:20.9580656Z  56/379 templates processed
2024-03-07T21:46:20.9586610Z  57/379 templates processed
2024-03-07T21:46:20.9592868Z  58/379 templates processed
2024-03-07T21:46:20.9600698Z  59/379 templates processed
2024-03-07T21:46:20.9610323Z  60/379 templates processed
2024-03-07T21:46:20.9618275Z  61/379 templates processed
2024-03-07T21:46:20.9633982Z  62/379 templates processed
2024-03-07T21:46:20.9636276Z  63/379 templates processed
2024-03-07T21:46:20.9640963Z  64/379 templates processed
2024-03-07T21:46:20.9649221Z  65/379 templates processed
2024-03-07T21:46:20.9654847Z  66/379 templates processed
2024-03-07T21:46:20.9655671Z  67/379 templates processed
2024-03-07T21:46:20.9660496Z  68/379 templates processed
2024-03-07T21:46:20.9671840Z  69/379 templates processed
2024-03-07T21:46:20.9675910Z  70/379 templates processed
2024-03-07T21:46:20.9680708Z  71/379 templates processed
2024-03-07T21:46:20.9683069Z  72/379 templates processed
2024-03-07T21:46:20.9690196Z  73/379 templates processed
2024-03-07T21:46:20.9696412Z  74/379 templates processed
2024-03-07T21:46:20.9701204Z  75/379 templates processed
2024-03-07T21:46:20.9708098Z  76/379 templates processed
2024-03-07T21:46:20.9712775Z  77/379 templates processed
2024-03-07T21:46:20.9716494Z  78/379 templates processed
2024-03-07T21:46:20.9722048Z  79/379 templates processed
2024-03-07T21:46:20.9726705Z  80/379 templates processed
2024-03-07T21:46:20.9743506Z  81/379 templates processed
2024-03-07T21:46:20.9747411Z  82/379 templates processed
2024-03-07T21:46:20.9750958Z  83/379 templates processed
2024-03-07T21:46:20.9753935Z  84/379 templates processed
2024-03-07T21:46:20.9759153Z  85/379 templates processed
2024-03-07T21:46:20.9762924Z  86/379 templates processed
2024-03-07T21:46:20.9794125Z  87/379 templates processed
2024-03-07T21:46:20.9799129Z  88/379 templates processed
2024-03-07T21:46:20.9803405Z  89/379 templates processed
2024-03-07T21:46:20.9807264Z  90/379 templates processed
2024-03-07T21:46:20.9811078Z  91/379 templates processed
2024-03-07T21:46:20.9819982Z  92/379 templates processed
2024-03-07T21:46:20.9822379Z  93/379 templates processed
2024-03-07T21:46:20.9835906Z  94/379 templates processed
2024-03-07T21:46:20.9838891Z  95/379 templates processed
2024-03-07T21:46:20.9849292Z  96/379 templates processed
2024-03-07T21:46:20.9855266Z  97/379 templates processed
2024-03-07T21:46:20.9879508Z  98/379 templates processed
2024-03-07T21:46:20.9898273Z  99/379 templates processed
2024-03-07T21:46:20.9903556Z  100/379 templates processed
2024-03-07T21:46:20.9911035Z  101/379 templates processed
2024-03-07T21:46:20.9912501Z  102/379 templates processed
2024-03-07T21:46:20.9916774Z  103/379 templates processed
2024-03-07T21:46:20.9930714Z  104/379 templates processed
2024-03-07T21:46:20.9937949Z  105/379 templates processed
2024-03-07T21:46:20.9942324Z  106/379 templates processed
2024-03-07T21:46:20.9948893Z  107/379 templates processed
2024-03-07T21:46:20.9953630Z  108/379 templates processed
2024-03-07T21:46:20.9962581Z  109/379 templates processed
2024-03-07T21:46:20.9966685Z  110/379 templates processed
2024-03-07T21:46:20.9973602Z  111/379 templates processed
2024-03-07T21:46:20.9985143Z  112/379 templates processed
2024-03-07T21:46:20.9987892Z  113/379 templates processed
2024-03-07T21:46:20.9994774Z  114/379 templates processed
2024-03-07T21:46:20.9996275Z  115/379 templates processed
2024-03-07T21:46:21.0003092Z  116/379 templates processed
2024-03-07T21:46:21.0019266Z  117/379 templates processed
2024-03-07T21:46:21.0026628Z  118/379 templates processed
2024-03-07T21:46:21.0028108Z  119/379 templates processed
2024-03-07T21:46:21.0038823Z  120/379 templates processed
2024-03-07T21:46:21.0041055Z  121/379 templates processed
2024-03-07T21:46:21.0042266Z  122/379 templates processed
2024-03-07T21:46:21.0043441Z  123/379 templates processed
2024-03-07T21:46:21.0044516Z  124/379 templates processed
2024-03-07T21:46:21.0045795Z  125/379 templates processed
2024-03-07T21:46:21.0046973Z  126/379 templates processed
2024-03-07T21:46:21.0062071Z  127/379 templates processed
2024-03-07T21:46:21.0070302Z  128/379 templates processed
2024-03-07T21:46:21.0080160Z  129/379 templates processed
2024-03-07T21:46:21.0083322Z  130/379 templates processed
2024-03-07T21:46:21.0088105Z  131/379 templates processed
2024-03-07T21:46:21.0090568Z  132/379 templates processed
2024-03-07T21:46:21.0094128Z  133/379 templates processed
2024-03-07T21:46:21.0097915Z  134/379 templates processed
2024-03-07T21:46:21.0101081Z  135/379 templates processed
2024-03-07T21:46:21.0105202Z  136/379 templates processed
2024-03-07T21:46:21.0109754Z  137/379 templates processed
2024-03-07T21:46:21.0113933Z  138/379 templates processed
2024-03-07T21:46:21.0122262Z  139/379 templates processed
2024-03-07T21:46:21.0140051Z  140/379 templates processed
2024-03-07T21:46:21.0146121Z  141/379 templates processed
2024-03-07T21:46:21.0149413Z  142/379 templates processed
2024-03-07T21:46:21.0157640Z  143/379 templates processed
2024-03-07T21:46:21.0163100Z  144/379 templates processed
2024-03-07T21:46:21.0168728Z  145/379 templates processed
2024-03-07T21:46:21.0171711Z  146/379 templates processed
2024-03-07T21:46:21.0175671Z  147/379 templates processed
2024-03-07T21:46:21.0198629Z  148/379 templates processed
2024-03-07T21:46:21.0200414Z  149/379 templates processed
2024-03-07T21:46:21.0205433Z  150/379 templates processed
2024-03-07T21:46:21.0217899Z  151/379 templates processed
2024-03-07T21:46:21.0222239Z  152/379 templates processed
2024-03-07T21:46:21.0234854Z  153/379 templates processed
2024-03-07T21:46:21.0237322Z  154/379 templates processed
2024-03-07T21:46:21.0239552Z  155/379 templates processed
2024-03-07T21:46:21.0242213Z  156/379 templates processed
2024-03-07T21:46:21.0244830Z  157/379 templates processed
2024-03-07T21:46:21.0248690Z  158/379 templates processed
2024-03-07T21:46:21.0257275Z  159/379 templates processed
2024-03-07T21:46:21.0260009Z  160/379 templates processed
2024-03-07T21:46:21.0267574Z  161/379 templates processed
2024-03-07T21:46:21.0278927Z  162/379 templates processed
2024-03-07T21:46:21.0292626Z  163/379 templates processed
2024-03-07T21:46:21.0299190Z  164/379 templates processed
2024-03-07T21:46:21.0304410Z  165/379 templates processed
2024-03-07T21:46:21.0310807Z  166/379 templates processed
2024-03-07T21:46:21.0314790Z  167/379 templates processed
2024-03-07T21:46:21.0341797Z  168/379 templates processed
2024-03-07T21:46:21.0361301Z  169/379 templates processed
2024-03-07T21:46:21.0416690Z  170/379 templates processed
2024-03-07T21:46:21.0417969Z  171/379 templates processed
2024-03-07T21:46:21.0434931Z  172/379 templates processed
2024-03-07T21:46:21.0446004Z  173/379 templates processed
2024-03-07T21:46:21.0448180Z  174/379 templates processed
2024-03-07T21:46:21.0452306Z  175/379 templates processed
2024-03-07T21:46:21.0453193Z  176/379 templates processed
2024-03-07T21:46:21.0455356Z  177/379 templates processed
2024-03-07T21:46:21.0457894Z  178/379 templates processed
2024-03-07T21:46:21.0459119Z  179/379 templates processed
2024-03-07T21:46:21.0464883Z  180/379 templates processed
2024-03-07T21:46:21.0474349Z  181/379 templates processed
2024-03-07T21:46:21.0504548Z  182/379 templates processed
2024-03-07T21:46:21.0511944Z  183/379 templates processed
2024-03-07T21:46:21.0519359Z  184/379 templates processed
2024-03-07T21:46:21.0524116Z  185/379 templates processed
2024-03-07T21:46:21.0527750Z  186/379 templates processed
2024-03-07T21:46:21.0531726Z  187/379 templates processed
2024-03-07T21:46:21.0537021Z  188/379 templates processed
2024-03-07T21:46:21.0542029Z  189/379 templates processed
2024-03-07T21:46:21.0547908Z  190/379 templates processed
2024-03-07T21:46:21.0552450Z  191/379 templates processed
2024-03-07T21:46:21.0557087Z  192/379 templates processed
2024-03-07T21:46:21.0563246Z  193/379 templates processed
2024-03-07T21:46:21.0565958Z  194/379 templates processed
2024-03-07T21:46:21.0592412Z  195/379 templates processed
2024-03-07T21:46:21.0595787Z  196/379 templates processed
2024-03-07T21:46:21.0625889Z  197/379 templates processed
2024-03-07T21:46:21.0628966Z  198/379 templates processed
2024-03-07T21:46:21.0634188Z  199/379 templates processed
2024-03-07T21:46:21.0639301Z  200/379 templates processed
2024-03-07T21:46:21.0644771Z  201/379 templates processed
2024-03-07T21:46:21.0647535Z  202/379 templates processed
2024-03-07T21:46:21.0651167Z  203/379 templates processed
2024-03-07T21:46:21.0664496Z  204/379 templates processed
2024-03-07T21:46:21.0672038Z  205/379 templates processed
2024-03-07T21:46:21.0690651Z  206/379 templates processed
2024-03-07T21:46:21.0697292Z  207/379 templates processed
2024-03-07T21:46:21.0708066Z  208/379 templates processed
2024-03-07T21:46:21.0714940Z  209/379 templates processed
2024-03-07T21:46:21.0718742Z  210/379 templates processed
2024-03-07T21:46:21.0725753Z  211/379 templates processed
2024-03-07T21:46:21.0730926Z  212/379 templates processed
2024-03-07T21:46:21.0736016Z  213/379 templates processed
2024-03-07T21:46:21.0743038Z  214/379 templates processed
2024-03-07T21:46:21.0760508Z  215/379 templates processed
2024-03-07T21:46:21.0768135Z  216/379 templates processed
2024-03-07T21:46:21.0773172Z  217/379 templates processed
2024-03-07T21:46:21.0781682Z  218/379 templates processed
2024-03-07T21:46:21.0784075Z  219/379 templates processed
2024-03-07T21:46:21.0788668Z  220/379 templates processed
2024-03-07T21:46:21.0827962Z  221/379 templates processed
2024-03-07T21:46:21.0833307Z  222/379 templates processed
2024-03-07T21:46:21.0839356Z  223/379 templates processed
2024-03-07T21:46:21.0844148Z  224/379 templates processed
2024-03-07T21:46:21.0850860Z  225/379 templates processed
2024-03-07T21:46:21.0859208Z  226/379 templates processed
2024-03-07T21:46:21.0862380Z  227/379 templates processed
2024-03-07T21:46:21.0867327Z  228/379 templates processed
2024-03-07T21:46:21.0892710Z  229/379 templates processed
2024-03-07T21:46:21.0898837Z  230/379 templates processed
2024-03-07T21:46:21.0903900Z  231/379 templates processed
2024-03-07T21:46:21.0913270Z  232/379 templates processed
2024-03-07T21:46:21.0915761Z  233/379 templates processed
2024-03-07T21:46:21.0919969Z  234/379 templates processed
2024-03-07T21:46:21.0939480Z  235/379 templates processed
2024-03-07T21:46:21.0947301Z  236/379 templates processed
2024-03-07T21:46:21.0956650Z  237/379 templates processed
2024-03-07T21:46:21.0959851Z  238/379 templates processed
2024-03-07T21:46:21.0962761Z  239/379 templates processed
2024-03-07T21:46:21.0966966Z  240/379 templates processed
2024-03-07T21:46:21.0969355Z  241/379 templates processed
2024-03-07T21:46:21.0976278Z  242/379 templates processed
2024-03-07T21:46:21.0980635Z  243/379 templates processed
2024-03-07T21:46:21.0988722Z  244/379 templates processed
2024-03-07T21:46:21.0993210Z  245/379 templates processed
2024-03-07T21:46:21.1005366Z  246/379 templates processed
2024-03-07T21:46:21.1008806Z  247/379 templates processed
2024-03-07T21:46:21.1020498Z  248/379 templates processed
2024-03-07T21:46:21.1036517Z  249/379 templates processed
2024-03-07T21:46:21.1040047Z  250/379 templates processed
2024-03-07T21:46:21.1045390Z  251/379 templates processed
2024-03-07T21:46:21.1051323Z  252/379 templates processed
2024-03-07T21:46:21.1059443Z  253/379 templates processed
2024-03-07T21:46:21.1064715Z  254/379 templates processed
2024-03-07T21:46:21.1071161Z  255/379 templates processed
2024-03-07T21:46:21.1078156Z  256/379 templates processed
2024-03-07T21:46:21.1090064Z  257/379 templates processed
2024-03-07T21:46:21.1094412Z  258/379 templates processed
2024-03-07T21:46:21.1106313Z  259/379 templates processed
2024-03-07T21:46:21.1109359Z  260/379 templates processed
2024-03-07T21:46:21.1119666Z  261/379 templates processed
2024-03-07T21:46:21.1166803Z  262/379 templates processed
2024-03-07T21:46:21.1171184Z  263/379 templates processed
2024-03-07T21:46:21.1175646Z  264/379 templates processed
2024-03-07T21:46:21.1183515Z  265/379 templates processed
2024-03-07T21:46:21.1187650Z  266/379 templates processed
2024-03-07T21:46:21.1190919Z  267/379 templates processed
2024-03-07T21:46:21.1196022Z  268/379 templates processed
2024-03-07T21:46:21.1201506Z  269/379 templates processed
2024-03-07T21:46:21.1212330Z  270/379 templates processed
2024-03-07T21:46:21.1215249Z  271/379 templates processed
2024-03-07T21:46:21.1221252Z  272/379 templates processed
2024-03-07T21:46:21.1223368Z  273/379 templates processed
2024-03-07T21:46:21.1228078Z  274/379 templates processed
2024-03-07T21:46:21.1232803Z  275/379 templates processed
2024-03-07T21:46:21.1238537Z  276/379 templates processed
2024-03-07T21:46:21.1242886Z  277/379 templates processed
2024-03-07T21:46:21.1248425Z  278/379 templates processed
2024-03-07T21:46:21.1258395Z  279/379 templates processed
2024-03-07T21:46:21.1268512Z  280/379 templates processed
2024-03-07T21:46:21.1307904Z  281/379 templates processed
2024-03-07T21:46:21.1314778Z  282/379 templates processed
2024-03-07T21:46:21.1320374Z  283/379 templates processed
2024-03-07T21:46:21.1328169Z  284/379 templates processed
2024-03-07T21:46:21.1339318Z  285/379 templates processed
2024-03-07T21:46:21.1343143Z  286/379 templates processed
2024-03-07T21:46:21.1347875Z  287/379 templates processed
2024-03-07T21:46:21.1350867Z  288/379 templates processed
2024-03-07T21:46:21.1356948Z  289/379 templates processed
2024-03-07T21:46:21.1364686Z  290/379 templates processed
2024-03-07T21:46:21.1369162Z  291/379 templates processed
2024-03-07T21:46:21.1371402Z  292/379 templates processed
2024-03-07T21:46:21.1380508Z  293/379 templates processed
2024-03-07T21:46:21.1385872Z  294/379 templates processed
2024-03-07T21:46:21.1389830Z  295/379 templates processed
2024-03-07T21:46:21.1392564Z  296/379 templates processed
2024-03-07T21:46:21.1398299Z  297/379 templates processed
2024-03-07T21:46:21.1411599Z  298/379 templates processed
2024-03-07T21:46:21.1421919Z  299/379 templates processed
2024-03-07T21:46:21.1438775Z  300/379 templates processed
2024-03-07T21:46:21.1534528Z  301/379 templates processed
2024-03-07T21:46:21.1970301Z  302/379 templates processed
2024-03-07T21:46:21.1978819Z  303/379 templates processed
2024-03-07T21:46:21.1992448Z  304/379 templates processed
2024-03-07T21:46:21.1995302Z  305/379 templates processed
2024-03-07T21:46:21.2000289Z  306/379 templates processed
2024-03-07T21:46:21.2010820Z  307/379 templates processed
2024-03-07T21:46:21.2022454Z  308/379 templates processed
2024-03-07T21:46:21.2031182Z  309/379 templates processed
2024-03-07T21:46:21.2039672Z  310/379 templates processed
2024-03-07T21:46:21.2043133Z  311/379 templates processed
2024-03-07T21:46:21.2051409Z  312/379 templates processed
2024-03-07T21:46:21.2059096Z  313/379 templates processed
2024-03-07T21:46:21.2068297Z  314/379 templates processed
2024-03-07T21:46:21.2071104Z  315/379 templates processed
2024-03-07T21:46:21.2079545Z  316/379 templates processed
2024-03-07T21:46:21.2082192Z  317/379 templates processed
2024-03-07T21:46:21.2090924Z  318/379 templates processed
2024-03-07T21:46:21.2102937Z  319/379 templates processed
2024-03-07T21:46:21.2118975Z  320/379 templates processed
2024-03-07T21:46:21.2127563Z  321/379 templates processed
2024-03-07T21:46:21.2131236Z  322/379 templates processed
2024-03-07T21:46:21.2137401Z  323/379 templates processed
2024-03-07T21:46:21.2140505Z  324/379 templates processed
2024-03-07T21:46:21.2150527Z  325/379 templates processed
2024-03-07T21:46:21.2153599Z  326/379 templates processed
2024-03-07T21:46:21.2156843Z  327/379 templates processed
2024-03-07T21:46:21.2158434Z  328/379 templates processed
2024-03-07T21:46:21.2159362Z  329/379 templates processed
2024-03-07T21:46:21.2163917Z  330/379 templates processed
2024-03-07T21:46:21.2168988Z  331/379 templates processed
2024-03-07T21:46:21.2179719Z  332/379 templates processed
2024-03-07T21:46:21.2181121Z  333/379 templates processed
2024-03-07T21:46:21.2189554Z  334/379 templates processed
2024-03-07T21:46:21.2197307Z  335/379 templates processed
2024-03-07T21:46:21.2200221Z  336/379 templates processed
2024-03-07T21:46:21.2203623Z  337/379 templates processed
2024-03-07T21:46:21.2215292Z  338/379 templates processed
2024-03-07T21:46:21.2220450Z  339/379 templates processed
2024-03-07T21:46:21.2244958Z  340/379 templates processed
2024-03-07T21:46:21.2249310Z  341/379 templates processed
2024-03-07T21:46:21.2265850Z  342/379 templates processed
2024-03-07T21:46:21.2271201Z  343/379 templates processed
2024-03-07T21:46:21.2280957Z  344/379 templates processed
2024-03-07T21:46:21.2314031Z  345/379 templates processed
2024-03-07T21:46:21.2323228Z  346/379 templates processed
2024-03-07T21:46:21.2329393Z  347/379 templates processed
2024-03-07T21:46:21.2334714Z  348/379 templates processed
2024-03-07T21:46:21.2350284Z  349/379 templates processed
2024-03-07T21:46:21.2355782Z  350/379 templates processed
2024-03-07T21:46:21.2360272Z  351/379 templates processed
2024-03-07T21:46:21.2368516Z  352/379 templates processed
2024-03-07T21:46:21.2374900Z  353/379 templates processed
2024-03-07T21:46:21.2379988Z  354/379 templates processed
2024-03-07T21:46:21.2382504Z  355/379 templates processed
2024-03-07T21:46:21.2387612Z  356/379 templates processed
2024-03-07T21:46:21.2395651Z  357/379 templates processed
2024-03-07T21:46:21.2397267Z  358/379 templates processed
2024-03-07T21:46:21.2400338Z  359/379 templates processed
2024-03-07T21:46:21.2402716Z  360/379 templates processed
2024-03-07T21:46:21.2414853Z  361/379 templates processed
2024-03-07T21:46:21.2420548Z  362/379 templates processed
2024-03-07T21:46:21.2426316Z  363/379 templates processed
2024-03-07T21:46:21.2440864Z  364/379 templates processed
2024-03-07T21:46:21.2442844Z  365/379 templates processed
2024-03-07T21:46:21.2448761Z  366/379 templates processed
2024-03-07T21:46:21.2453694Z  367/379 templates processed
2024-03-07T21:46:21.2461284Z  368/379 templates processed
2024-03-07T21:46:21.2465900Z  369/379 templates processed
2024-03-07T21:46:21.2474461Z  370/379 templates processed
2024-03-07T21:46:21.2478455Z  371/379 templates processed
2024-03-07T21:46:21.2483863Z  372/379 templates processed
2024-03-07T21:46:21.2486694Z  373/379 templates processed
2024-03-07T21:46:21.2491402Z  374/379 templates processed
2024-03-07T21:46:21.2500036Z  375/379 templates processed
2024-03-07T21:46:21.2504585Z  376/379 templates processed
2024-03-07T21:46:21.2506669Z  377/379 templates processed
2024-03-07T21:46:21.2514340Z  378/379 templates processed
2024-03-07T21:46:21.2515039Z Processing data flow in templates...    
2024-03-07T21:46:21.2532961Z  0/372 templates processed
2024-03-07T21:46:21.2535153Z  1/372 templates processed
2024-03-07T21:46:21.2536624Z  2/372 templates processed
2024-03-07T21:46:21.2537920Z  3/372 templates processed
2024-03-07T21:46:21.2540254Z  4/372 templates processed
2024-03-07T21:46:21.2544793Z  5/372 templates processed
2024-03-07T21:46:21.2545828Z  6/372 templates processed
2024-03-07T21:46:21.2562887Z  7/372 templates processed
2024-03-07T21:46:21.2564303Z  8/372 templates processed
2024-03-07T21:46:21.2570474Z  9/372 templates processed
2024-03-07T21:46:21.2588559Z  10/372 templates processed
2024-03-07T21:46:21.2629945Z  11/372 templates processed
2024-03-07T21:46:21.2636493Z  12/372 templates processed
2024-03-07T21:46:21.2641274Z  13/372 templates processed
2024-03-07T21:46:21.2645006Z  14/372 templates processed
2024-03-07T21:46:21.2666682Z  15/372 templates processed
2024-03-07T21:46:21.2673469Z  16/372 templates processed
2024-03-07T21:46:21.2678986Z  17/372 templates processed
2024-03-07T21:46:21.2684397Z  18/372 templates processed
2024-03-07T21:46:21.2689802Z  19/372 templates processed
2024-03-07T21:46:21.2702711Z  20/372 templates processed
2024-03-07T21:46:21.2730705Z  21/372 templates processed
2024-03-07T21:46:21.2734672Z  22/372 templates processed
2024-03-07T21:46:21.2738817Z  23/372 templates processed
2024-03-07T21:46:21.2741898Z  24/372 templates processed
2024-03-07T21:46:21.2744270Z  25/372 templates processed
2024-03-07T21:46:21.2774964Z  26/372 templates processed
2024-03-07T21:46:21.2787436Z  27/372 templates processed
2024-03-07T21:46:21.2799541Z  28/372 templates processed
2024-03-07T21:46:21.2804208Z  29/372 templates processed
2024-03-07T21:46:21.2809410Z  30/372 templates processed
2024-03-07T21:46:21.2815042Z  31/372 templates processed
2024-03-07T21:46:21.2823456Z  32/372 templates processed
2024-03-07T21:46:21.2840833Z  33/372 templates processed
2024-03-07T21:46:21.2845301Z  34/372 templates processed
2024-03-07T21:46:21.2849497Z  35/372 templates processed
2024-03-07T21:46:21.2861004Z  36/372 templates processed
2024-03-07T21:46:21.2868108Z  37/372 templates processed
2024-03-07T21:46:21.2873197Z  38/372 templates processed
2024-03-07T21:46:21.2908461Z  39/372 templates processed
2024-03-07T21:46:21.2920692Z  40/372 templates processed
2024-03-07T21:46:21.2941967Z  41/372 templates processed
2024-03-07T21:46:21.3030943Z  42/372 templates processed
2024-03-07T21:46:21.3038548Z  43/372 templates processed
2024-03-07T21:46:21.3042306Z  44/372 templates processed
2024-03-07T21:46:21.3048052Z  45/372 templates processed
2024-03-07T21:46:21.3051200Z  46/372 templates processed
2024-03-07T21:46:21.3060294Z  47/372 templates processed
2024-03-07T21:46:21.3066862Z  48/372 templates processed
2024-03-07T21:46:21.3070539Z  49/372 templates processed
2024-03-07T21:46:21.3075502Z  50/372 templates processed
2024-03-07T21:46:21.3081924Z  51/372 templates processed
2024-03-07T21:46:21.3086554Z  52/372 templates processed
2024-03-07T21:46:21.3106557Z  53/372 templates processed
2024-03-07T21:46:21.3116074Z  54/372 templates processed
2024-03-07T21:46:21.3121679Z  55/372 templates processed
2024-03-07T21:46:21.3128758Z  56/372 templates processed
2024-03-07T21:46:21.3144456Z  57/372 templates processed
2024-03-07T21:46:21.3152861Z  58/372 templates processed
2024-03-07T21:46:21.3157992Z  59/372 templates processed
2024-03-07T21:46:21.3172985Z  60/372 templates processed
2024-03-07T21:46:21.3175360Z  61/372 templates processed
2024-03-07T21:46:21.3180897Z  62/372 templates processed
2024-03-07T21:46:21.3187193Z  63/372 templates processed
2024-03-07T21:46:21.3192409Z  64/372 templates processed
2024-03-07T21:46:21.3193466Z  65/372 templates processed
2024-03-07T21:46:21.3208749Z  66/372 templates processed
2024-03-07T21:46:21.3226610Z  67/372 templates processed
2024-03-07T21:46:21.3230783Z  68/372 templates processed
2024-03-07T21:46:21.3235334Z  69/372 templates processed
2024-03-07T21:46:21.3237986Z  70/372 templates processed
2024-03-07T21:46:21.3242837Z  71/372 templates processed
2024-03-07T21:46:21.3249150Z  72/372 templates processed
2024-03-07T21:46:21.3264863Z  73/372 templates processed
2024-03-07T21:46:21.3269504Z  74/372 templates processed
2024-03-07T21:46:21.3273747Z  75/372 templates processed
2024-03-07T21:46:21.3277100Z  76/372 templates processed
2024-03-07T21:46:21.3280338Z  77/372 templates processed
2024-03-07T21:46:21.3284767Z  78/372 templates processed
2024-03-07T21:46:21.3319084Z  79/372 templates processed
2024-03-07T21:46:21.3323145Z  80/372 templates processed
2024-03-07T21:46:21.3327004Z  81/372 templates processed
2024-03-07T21:46:21.3329731Z  82/372 templates processed
2024-03-07T21:46:21.3351522Z  83/372 templates processed
2024-03-07T21:46:21.3354675Z  84/372 templates processed
2024-03-07T21:46:21.3475932Z  85/372 templates processed
2024-03-07T21:46:21.3482399Z  86/372 templates processed
2024-03-07T21:46:21.3497374Z  87/372 templates processed
2024-03-07T21:46:21.3501769Z  88/372 templates processed
2024-03-07T21:46:21.3504741Z  89/372 templates processed
2024-03-07T21:46:21.3508225Z  90/372 templates processed
2024-03-07T21:46:21.3509992Z  91/372 templates processed
2024-03-07T21:46:21.3523472Z  92/372 templates processed
2024-03-07T21:46:21.3526181Z  93/372 templates processed
2024-03-07T21:46:21.3540180Z  94/372 templates processed
2024-03-07T21:46:21.3544825Z  95/372 templates processed
2024-03-07T21:46:21.3574751Z  96/372 templates processed
2024-03-07T21:46:21.3630348Z  97/372 templates processed
2024-03-07T21:46:21.3635467Z  98/372 templates processed
2024-03-07T21:46:21.3657654Z  99/372 templates processed
2024-03-07T21:46:21.3659585Z  100/372 templates processed
2024-03-07T21:46:21.3663103Z  101/372 templates processed
2024-03-07T21:46:21.3684793Z  102/372 templates processed
2024-03-07T21:46:21.3690228Z  103/372 templates processed
2024-03-07T21:46:21.3694069Z  104/372 templates processed
2024-03-07T21:46:21.3698903Z  105/372 templates processed
2024-03-07T21:46:21.3713315Z  106/372 templates processed
2024-03-07T21:46:21.3749296Z  107/372 templates processed
2024-03-07T21:46:21.3753002Z  108/372 templates processed
2024-03-07T21:46:21.3758216Z  109/372 templates processed
2024-03-07T21:46:21.3772325Z  110/372 templates processed
2024-03-07T21:46:21.3774629Z  111/372 templates processed
2024-03-07T21:46:21.3779541Z  112/372 templates processed
2024-03-07T21:46:21.3781317Z  113/372 templates processed
2024-03-07T21:46:21.3810260Z  114/372 templates processed
2024-03-07T21:46:21.3836215Z  115/372 templates processed
2024-03-07T21:46:21.3842737Z  116/372 templates processed
2024-03-07T21:46:21.3844492Z  117/372 templates processed
2024-03-07T21:46:21.3858559Z  118/372 templates processed
2024-03-07T21:46:21.3859597Z  119/372 templates processed
2024-03-07T21:46:21.3860641Z  120/372 templates processed
2024-03-07T21:46:21.3861735Z  121/372 templates processed
2024-03-07T21:46:21.3863136Z  122/372 templates processed
2024-03-07T21:46:21.3863940Z  123/372 templates processed
2024-03-07T21:46:21.3865073Z  124/372 templates processed
2024-03-07T21:46:21.3920042Z  125/372 templates processed
2024-03-07T21:46:21.3931053Z  126/372 templates processed
2024-03-07T21:46:21.3979822Z  127/372 templates processed
2024-03-07T21:46:21.3982385Z  128/372 templates processed
2024-03-07T21:46:21.3989417Z  129/372 templates processed
2024-03-07T21:46:21.4003679Z  130/372 templates processed
2024-03-07T21:46:21.4011553Z  131/372 templates processed
2024-03-07T21:46:21.4020354Z  132/372 templates processed
2024-03-07T21:46:21.4024229Z  133/372 templates processed
2024-03-07T21:46:21.4036138Z  134/372 templates processed
2024-03-07T21:46:21.4039811Z  135/372 templates processed
2024-03-07T21:46:21.4046082Z  136/372 templates processed
2024-03-07T21:46:21.4064966Z  137/372 templates processed
2024-03-07T21:46:21.4070055Z  138/372 templates processed
2024-03-07T21:46:21.4089056Z  139/372 templates processed
2024-03-07T21:46:21.4096971Z  140/372 templates processed
2024-03-07T21:46:21.4104026Z  141/372 templates processed
2024-03-07T21:46:21.4110295Z  142/372 templates processed
2024-03-07T21:46:21.4127703Z  143/372 templates processed
2024-03-07T21:46:21.4148215Z  144/372 templates processed
2024-03-07T21:46:21.4170879Z  145/372 templates processed
2024-03-07T21:46:21.4172704Z  146/372 templates processed
2024-03-07T21:46:21.4207580Z  147/372 templates processed
2024-03-07T21:46:21.4249856Z  148/372 templates processed
2024-03-07T21:46:21.4253724Z  149/372 templates processed
2024-03-07T21:46:21.4263998Z  150/372 templates processed
2024-03-07T21:46:21.4266193Z  151/372 templates processed
2024-03-07T21:46:21.4268027Z  152/372 templates processed
2024-03-07T21:46:21.4270338Z  153/372 templates processed
2024-03-07T21:46:21.4274691Z  154/372 templates processed
2024-03-07T21:46:21.4278280Z  155/372 templates processed
2024-03-07T21:46:21.4282574Z  156/372 templates processed
2024-03-07T21:46:21.4284974Z  157/372 templates processed
2024-03-07T21:46:21.4292714Z  158/372 templates processed
2024-03-07T21:46:21.4303287Z  159/372 templates processed
2024-03-07T21:46:21.4317189Z  160/372 templates processed
2024-03-07T21:46:21.4322932Z  161/372 templates processed
2024-03-07T21:46:21.4340372Z  162/372 templates processed
2024-03-07T21:46:21.4344529Z  163/372 templates processed
2024-03-07T21:46:21.4347876Z  164/372 templates processed
2024-03-07T21:46:21.4366640Z  165/372 templates processed
2024-03-07T21:46:21.4386794Z  166/372 templates processed
2024-03-07T21:46:21.4453481Z  167/372 templates processed
2024-03-07T21:46:21.4454559Z  168/372 templates processed
2024-03-07T21:46:21.4653307Z  169/372 templates processed
2024-03-07T21:46:21.4662653Z  170/372 templates processed
2024-03-07T21:46:21.4671746Z  171/372 templates processed
2024-03-07T21:46:21.4674174Z  172/372 templates processed
2024-03-07T21:46:21.4675176Z  173/372 templates processed
2024-03-07T21:46:21.4676881Z  174/372 templates processed
2024-03-07T21:46:21.4684776Z  175/372 templates processed
2024-03-07T21:46:21.4685749Z  176/372 templates processed
2024-03-07T21:46:21.4689903Z  177/372 templates processed
2024-03-07T21:46:21.4725198Z  178/372 templates processed
2024-03-07T21:46:21.4733846Z  179/372 templates processed
2024-03-07T21:46:21.4739596Z  180/372 templates processed
2024-03-07T21:46:21.4744571Z  181/372 templates processed
2024-03-07T21:46:21.4748820Z  182/372 templates processed
2024-03-07T21:46:21.4751056Z  183/372 templates processed
2024-03-07T21:46:21.4763351Z  184/372 templates processed
2024-03-07T21:46:21.4765777Z  185/372 templates processed
2024-03-07T21:46:21.4769842Z  186/372 templates processed
2024-03-07T21:46:21.4781183Z  187/372 templates processed
2024-03-07T21:46:21.4785073Z  188/372 templates processed
2024-03-07T21:46:21.4791788Z  189/372 templates processed
2024-03-07T21:46:21.4796976Z  190/372 templates processed
2024-03-07T21:46:21.4799342Z  191/372 templates processed
2024-03-07T21:46:21.4816474Z  192/372 templates processed
2024-03-07T21:46:21.4818958Z  193/372 templates processed
2024-03-07T21:46:21.4847806Z  194/372 templates processed
2024-03-07T21:46:21.4851321Z  195/372 templates processed
2024-03-07T21:46:21.4857225Z  196/372 templates processed
2024-03-07T21:46:21.4871570Z  197/372 templates processed
2024-03-07T21:46:21.4875764Z  198/372 templates processed
2024-03-07T21:46:21.4877769Z  199/372 templates processed
2024-03-07T21:46:21.4880770Z  200/372 templates processed
2024-03-07T21:46:21.4909997Z  201/372 templates processed
2024-03-07T21:46:21.4916354Z  202/372 templates processed
2024-03-07T21:46:21.4942032Z  203/372 templates processed
2024-03-07T21:46:21.5036553Z  204/372 templates processed
2024-03-07T21:46:21.5044714Z  205/372 templates processed
2024-03-07T21:46:21.5056814Z  206/372 templates processed
2024-03-07T21:46:21.5060324Z  207/372 templates processed
2024-03-07T21:46:21.5067369Z  208/372 templates processed
2024-03-07T21:46:21.5086435Z  209/372 templates processed
2024-03-07T21:46:21.5090856Z  210/372 templates processed
2024-03-07T21:46:21.5096704Z  211/372 templates processed
2024-03-07T21:46:21.5111320Z  212/372 templates processed
2024-03-07T21:46:21.5116867Z  213/372 templates processed
2024-03-07T21:46:21.5148534Z  214/372 templates processed
2024-03-07T21:46:21.5162873Z  215/372 templates processed
2024-03-07T21:46:21.5166886Z  216/372 templates processed
2024-03-07T21:46:21.5179649Z  217/372 templates processed
2024-03-07T21:46:21.5183643Z  218/372 templates processed
2024-03-07T21:46:21.5188103Z  219/372 templates processed
2024-03-07T21:46:21.5192732Z  220/372 templates processed
2024-03-07T21:46:21.5237079Z  221/372 templates processed
2024-03-07T21:46:21.5242752Z  222/372 templates processed
2024-03-07T21:46:21.5245999Z  223/372 templates processed
2024-03-07T21:46:21.5277717Z  224/372 templates processed
2024-03-07T21:46:21.5296014Z  225/372 templates processed
2024-03-07T21:46:21.5301814Z  226/372 templates processed
2024-03-07T21:46:21.5691256Z  227/372 templates processed
2024-03-07T21:46:21.5810596Z  228/372 templates processed
2024-03-07T21:46:21.5827111Z  229/372 templates processed
2024-03-07T21:46:21.5892859Z  230/372 templates processed
2024-03-07T21:46:21.5899379Z  231/372 templates processed
2024-03-07T21:46:21.5915837Z  232/372 templates processed
2024-03-07T21:46:21.5918657Z  233/372 templates processed
2024-03-07T21:46:21.5925757Z  234/372 templates processed
2024-03-07T21:46:21.5964822Z  235/372 templates processed
2024-03-07T21:46:21.5970181Z  236/372 templates processed
2024-03-07T21:46:21.5992189Z  237/372 templates processed
2024-03-07T21:46:21.5998891Z  238/372 templates processed
2024-03-07T21:46:21.6041934Z  239/372 templates processed
2024-03-07T21:46:21.6047001Z  240/372 templates processed
2024-03-07T21:46:21.6057116Z  241/372 templates processed
2024-03-07T21:46:21.6075147Z  242/372 templates processed
2024-03-07T21:46:21.6085009Z  243/372 templates processed
2024-03-07T21:46:21.6091479Z  244/372 templates processed
2024-03-07T21:46:21.6097649Z  245/372 templates processed
2024-03-07T21:46:21.6103239Z  246/372 templates processed
2024-03-07T21:46:21.6109557Z  247/372 templates processed
2024-03-07T21:46:21.6117992Z  248/372 templates processed
2024-03-07T21:46:21.6122709Z  249/372 templates processed
2024-03-07T21:46:21.6137551Z  250/372 templates processed
2024-03-07T21:46:21.6141020Z  251/372 templates processed
2024-03-07T21:46:21.6181591Z  252/372 templates processed
2024-03-07T21:46:21.6185863Z  253/372 templates processed
2024-03-07T21:46:21.6194975Z  254/372 templates processed
2024-03-07T21:46:21.6201915Z  255/372 templates processed
2024-03-07T21:46:21.6208888Z  256/372 templates processed
2024-03-07T21:46:21.6215657Z  257/372 templates processed
2024-03-07T21:46:21.6218252Z  258/372 templates processed
2024-03-07T21:46:21.6220575Z  259/372 templates processed
2024-03-07T21:46:21.6222450Z  260/372 templates processed
2024-03-07T21:46:21.6225943Z  261/372 templates processed
2024-03-07T21:46:21.6227724Z  262/372 templates processed
2024-03-07T21:46:21.6235645Z  263/372 templates processed
2024-03-07T21:46:21.6237102Z  264/372 templates processed
2024-03-07T21:46:21.6239078Z  265/372 templates processed
2024-03-07T21:46:21.6240359Z  266/372 templates processed
2024-03-07T21:46:21.6243224Z  267/372 templates processed
2024-03-07T21:46:21.6250111Z  268/372 templates processed
2024-03-07T21:46:21.6254851Z  269/372 templates processed
2024-03-07T21:46:21.6256026Z  270/372 templates processed
2024-03-07T21:46:21.6266435Z  271/372 templates processed
2024-03-07T21:46:21.6289372Z  272/372 templates processed
2024-03-07T21:46:21.6302453Z  273/372 templates processed
2024-03-07T21:46:21.6480012Z  274/372 templates processed
2024-03-07T21:46:21.6488149Z  275/372 templates processed
2024-03-07T21:46:21.6492174Z  276/372 templates processed
2024-03-07T21:46:21.6504282Z  277/372 templates processed
2024-03-07T21:46:21.6514221Z  278/372 templates processed
2024-03-07T21:46:21.6535701Z  279/372 templates processed
2024-03-07T21:46:21.6538670Z  280/372 templates processed
2024-03-07T21:46:21.6545740Z  281/372 templates processed
2024-03-07T21:46:21.6551486Z  282/372 templates processed
2024-03-07T21:46:21.6565271Z  283/372 templates processed
2024-03-07T21:46:21.6570697Z  284/372 templates processed
2024-03-07T21:46:21.6581523Z  285/372 templates processed
2024-03-07T21:46:21.6590165Z  286/372 templates processed
2024-03-07T21:46:21.6595736Z  287/372 templates processed
2024-03-07T21:46:21.6608751Z  288/372 templates processed
2024-03-07T21:46:21.6611445Z  289/372 templates processed
2024-03-07T21:46:21.6619558Z  290/372 templates processed
2024-03-07T21:46:21.6631230Z  291/372 templates processed
2024-03-07T21:46:21.6634802Z  292/372 templates processed
2024-03-07T21:46:21.6643305Z  293/372 templates processed
2024-03-07T21:46:21.6658300Z  294/372 templates processed
2024-03-07T21:46:21.6705240Z  295/372 templates processed
2024-03-07T21:46:21.6714080Z  296/372 templates processed
2024-03-07T21:46:21.6722781Z  297/372 templates processed
2024-03-07T21:46:21.6724598Z  298/372 templates processed
2024-03-07T21:46:21.6730241Z  299/372 templates processed
2024-03-07T21:46:21.6761107Z  300/372 templates processed
2024-03-07T21:46:21.6781262Z  301/372 templates processed
2024-03-07T21:46:21.6786434Z  302/372 templates processed
2024-03-07T21:46:21.6798373Z  303/372 templates processed
2024-03-07T21:46:21.6800817Z  304/372 templates processed
2024-03-07T21:46:21.6804819Z  305/372 templates processed
2024-03-07T21:46:21.6810558Z  306/372 templates processed
2024-03-07T21:46:21.6815669Z  307/372 templates processed
2024-03-07T21:46:21.6818119Z  308/372 templates processed
2024-03-07T21:46:21.6832393Z  309/372 templates processed
2024-03-07T21:46:21.6839997Z  310/372 templates processed
2024-03-07T21:46:21.6842886Z  311/372 templates processed
2024-03-07T21:46:21.6877041Z  312/372 templates processed
2024-03-07T21:46:21.6888745Z  313/372 templates processed
2024-03-07T21:46:21.6892702Z  314/372 templates processed
2024-03-07T21:46:21.6896453Z  315/372 templates processed
2024-03-07T21:46:21.6900814Z  316/372 templates processed
2024-03-07T21:46:21.6904325Z  317/372 templates processed
2024-03-07T21:46:21.6913932Z  318/372 templates processed
2024-03-07T21:46:21.6915991Z  319/372 templates processed
2024-03-07T21:46:21.6918059Z  320/372 templates processed
2024-03-07T21:46:21.6919062Z  321/372 templates processed
2024-03-07T21:46:21.6920091Z  322/372 templates processed
2024-03-07T21:46:21.6925430Z  323/372 templates processed
2024-03-07T21:46:21.6929364Z  324/372 templates processed
2024-03-07T21:46:21.6942009Z  325/372 templates processed
2024-03-07T21:46:21.6942769Z  326/372 templates processed
2024-03-07T21:46:21.6951740Z  327/372 templates processed
2024-03-07T21:46:21.6960170Z  328/372 templates processed
2024-03-07T21:46:21.6963150Z  329/372 templates processed
2024-03-07T21:46:21.6989651Z  330/372 templates processed
2024-03-07T21:46:21.7001951Z  331/372 templates processed
2024-03-07T21:46:21.7036448Z  332/372 templates processed
2024-03-07T21:46:21.7076919Z  333/372 templates processed
2024-03-07T21:46:21.7082004Z  334/372 templates processed
2024-03-07T21:46:21.7135359Z  335/372 templates processed
2024-03-07T21:46:21.7139716Z  336/372 templates processed
2024-03-07T21:46:21.7170026Z  337/372 templates processed
2024-03-07T21:46:21.7180649Z  338/372 templates processed
2024-03-07T21:46:21.7191260Z  339/372 templates processed
2024-03-07T21:46:21.7194331Z  340/372 templates processed
2024-03-07T21:46:21.7199501Z  341/372 templates processed
2024-03-07T21:46:21.7219744Z  342/372 templates processed
2024-03-07T21:46:21.7231004Z  343/372 templates processed
2024-03-07T21:46:21.7252383Z  344/372 templates processed
2024-03-07T21:46:21.7260507Z  345/372 templates processed
2024-03-07T21:46:21.7268776Z  346/372 templates processed
2024-03-07T21:46:21.7273887Z  347/372 templates processed
2024-03-07T21:46:21.7277280Z  348/372 templates processed
2024-03-07T21:46:21.7281959Z  349/372 templates processed
2024-03-07T21:46:21.7296576Z  350/372 templates processed
2024-03-07T21:46:21.7297690Z  351/372 templates processed
2024-03-07T21:46:21.7300159Z  352/372 templates processed
2024-03-07T21:46:21.7302237Z  353/372 templates processed
2024-03-07T21:46:21.7310651Z  354/372 templates processed
2024-03-07T21:46:21.7316321Z  355/372 templates processed
2024-03-07T21:46:21.7323059Z  356/372 templates processed
2024-03-07T21:46:21.7334845Z  357/372 templates processed
2024-03-07T21:46:21.7336716Z  358/372 templates processed
2024-03-07T21:46:21.7344355Z  359/372 templates processed
2024-03-07T21:46:21.7348727Z  360/372 templates processed
2024-03-07T21:46:21.7355728Z  361/372 templates processed
2024-03-07T21:46:21.7363057Z  362/372 templates processed
2024-03-07T21:46:21.7371616Z  363/372 templates processed
2024-03-07T21:46:21.7392663Z  364/372 templates processed
2024-03-07T21:46:21.7398700Z  365/372 templates processed
2024-03-07T21:46:21.7406244Z  366/372 templates processed
2024-03-07T21:46:21.7407015Z  367/372 templates processed
2024-03-07T21:46:21.7420309Z  368/372 templates processed
2024-03-07T21:46:21.7425691Z  369/372 templates processed
2024-03-07T21:46:21.7433949Z  370/372 templates processed
2024-03-07T21:46:21.7441175Z  371/372 templates processed
2024-03-07T21:46:21.7441932Z Processing models...                    
2024-03-07T21:46:21.7470128Z  0/59 files processed
2024-03-07T21:46:21.7493252Z  1/59 files processed
2024-03-07T21:46:21.7497607Z  2/59 files processed
2024-03-07T21:46:21.7500008Z  3/59 files processed
2024-03-07T21:46:21.7524565Z  4/59 files processed
2024-03-07T21:46:21.7548259Z  5/59 files processed
2024-03-07T21:46:21.7553216Z  6/59 files processed
2024-03-07T21:46:21.7559057Z  7/59 files processed
2024-03-07T21:46:21.7562934Z  8/59 files processed
2024-03-07T21:46:21.7570563Z  9/59 files processed
2024-03-07T21:46:21.7575504Z  10/59 files processed
2024-03-07T21:46:21.7580198Z  11/59 files processed
2024-03-07T21:46:21.7587996Z  12/59 files processed
2024-03-07T21:46:21.7591238Z  13/59 files processed
2024-03-07T21:46:21.7657833Z  14/59 files processed
2024-03-07T21:46:21.7669471Z  15/59 files processed
2024-03-07T21:46:21.7674183Z  16/59 files processed
2024-03-07T21:46:21.7676952Z  17/59 files processed
2024-03-07T21:46:21.7725511Z  18/59 files processed
2024-03-07T21:46:21.7769520Z  19/59 files processed
2024-03-07T21:46:21.7778201Z  20/59 files processed
2024-03-07T21:46:21.7790498Z  21/59 files processed
2024-03-07T21:46:21.7820263Z  22/59 files processed
2024-03-07T21:46:21.7827534Z  23/59 files processed
2024-03-07T21:46:21.7834211Z  24/59 files processed
2024-03-07T21:46:21.7890034Z  25/59 files processed
2024-03-07T21:46:21.7893389Z  26/59 files processed
2024-03-07T21:46:21.7905645Z  27/59 files processed
2024-03-07T21:46:21.7906575Z  28/59 files processed
2024-03-07T21:46:21.7912546Z  29/59 files processed
2024-03-07T21:46:21.7919349Z  30/59 files processed
2024-03-07T21:46:21.7922097Z  31/59 files processed
2024-03-07T21:46:21.8015947Z  32/59 files processed
2024-03-07T21:46:21.8022826Z  33/59 files processed
2024-03-07T21:46:21.8075213Z  34/59 files processed
2024-03-07T21:46:21.8077490Z  35/59 files processed
2024-03-07T21:46:21.8079684Z  36/59 files processed
2024-03-07T21:46:21.8080647Z  37/59 files processed
2024-03-07T21:46:21.8098225Z  38/59 files processed
2024-03-07T21:46:21.8101567Z  39/59 files processed
2024-03-07T21:46:21.8116998Z  40/59 files processed
2024-03-07T21:46:21.8122556Z  41/59 files processed
2024-03-07T21:46:21.8126444Z  42/59 files processed
2024-03-07T21:46:21.8138008Z  43/59 files processed
2024-03-07T21:46:21.8140447Z  44/59 files processed
2024-03-07T21:46:21.8168309Z  45/59 files processed
2024-03-07T21:46:21.8176928Z  46/59 files processed
2024-03-07T21:46:21.8204991Z  47/59 files processed
2024-03-07T21:46:21.8212817Z  48/59 files processed
2024-03-07T21:46:21.8231377Z  49/59 files processed
2024-03-07T21:46:21.8249488Z  50/59 files processed
2024-03-07T21:46:21.8256320Z  51/59 files processed
2024-03-07T21:46:21.8346148Z  52/59 files processed
2024-03-07T21:46:21.8388614Z  53/59 files processed
2024-03-07T21:46:21.8422665Z  54/59 files processed
2024-03-07T21:46:21.8429288Z  55/59 files processed
2024-03-07T21:46:21.8433610Z  56/59 files processed
2024-03-07T21:46:21.8503642Z  57/59 files processed
2024-03-07T21:46:21.8518190Z  58/59 files processed
2024-03-07T21:46:21.8518962Z Processing controllers...               
2024-03-07T21:46:21.8531084Z  0/69 files processed
2024-03-07T21:46:21.8542314Z  1/69 files processed
2024-03-07T21:46:21.8546651Z  2/69 files processed
2024-03-07T21:46:21.8554748Z  3/69 files processed
2024-03-07T21:46:21.8561426Z  4/69 files processed
2024-03-07T21:46:21.8567563Z  5/69 files processed
2024-03-07T21:46:21.8579462Z  6/69 files processed
2024-03-07T21:46:21.8583671Z  7/69 files processed
2024-03-07T21:46:21.8589461Z  8/69 files processed
2024-03-07T21:46:21.8605220Z  9/69 files processed
2024-03-07T21:46:21.8610385Z  10/69 files processed
2024-03-07T21:46:21.8630547Z  11/69 files processed
2024-03-07T21:46:21.8633895Z  12/69 files processed
2024-03-07T21:46:21.8652736Z  13/69 files processed
2024-03-07T21:46:21.8670340Z  14/69 files processed
2024-03-07T21:46:21.8676684Z  15/69 files processed
2024-03-07T21:46:21.8696589Z  16/69 files processed
2024-03-07T21:46:21.8702170Z  17/69 files processed
2024-03-07T21:46:21.8704982Z  18/69 files processed
2024-03-07T21:46:21.8768082Z  19/69 files processed
2024-03-07T21:46:21.8779576Z  20/69 files processed
2024-03-07T21:46:21.8806425Z  21/69 files processed
2024-03-07T21:46:21.8808466Z  22/69 files processed
2024-03-07T21:46:21.8813778Z  23/69 files processed
2024-03-07T21:46:21.8816545Z  24/69 files processed
2024-03-07T21:46:21.8819136Z  25/69 files processed
2024-03-07T21:46:21.8820529Z  26/69 files processed
2024-03-07T21:46:21.8824231Z  27/69 files processed
2024-03-07T21:46:21.8825756Z  28/69 files processed
2024-03-07T21:46:21.8831702Z  29/69 files processed
2024-03-07T21:46:21.8855679Z  30/69 files processed
2024-03-07T21:46:21.8870914Z  31/69 files processed
2024-03-07T21:46:21.8880452Z  32/69 files processed
2024-03-07T21:46:21.8897760Z  33/69 files processed
2024-03-07T21:46:21.8904776Z  34/69 files processed
2024-03-07T21:46:21.8908272Z  35/69 files processed
2024-03-07T21:46:21.8915076Z  36/69 files processed
2024-03-07T21:46:21.8919287Z  37/69 files processed
2024-03-07T21:46:21.8933653Z  38/69 files processed
2024-03-07T21:46:21.8938309Z  39/69 files processed
2024-03-07T21:46:21.8942121Z  40/69 files processed
2024-03-07T21:46:21.8955190Z  41/69 files processed
2024-03-07T21:46:21.8961603Z  42/69 files processed
2024-03-07T21:46:21.8968163Z  43/69 files processed
2024-03-07T21:46:21.8974526Z  44/69 files processed
2024-03-07T21:46:21.8980632Z  45/69 files processed
2024-03-07T21:46:21.8984473Z  46/69 files processed
2024-03-07T21:46:21.8991283Z  47/69 files processed
2024-03-07T21:46:21.8997811Z  48/69 files processed
2024-03-07T21:46:21.9048339Z  49/69 files processed
2024-03-07T21:46:21.9060156Z  50/69 files processed
2024-03-07T21:46:21.9076177Z  51/69 files processed
2024-03-07T21:46:21.9083533Z  52/69 files processed
2024-03-07T21:46:21.9101742Z  53/69 files processed
2024-03-07T21:46:21.9107181Z  54/69 files processed
2024-03-07T21:46:21.9112688Z  55/69 files processed
2024-03-07T21:46:21.9122017Z  56/69 files processed
2024-03-07T21:46:21.9124719Z  57/69 files processed
2024-03-07T21:46:21.9150038Z  58/69 files processed
2024-03-07T21:46:21.9161953Z  59/69 files processed
2024-03-07T21:46:21.9163216Z  60/69 files processed
2024-03-07T21:46:21.9164279Z  61/69 files processed
2024-03-07T21:46:21.9168479Z  62/69 files processed
2024-03-07T21:46:21.9169920Z  63/69 files processed
2024-03-07T21:46:21.9171407Z  64/69 files processed
2024-03-07T21:46:21.9175742Z  65/69 files processed
2024-03-07T21:46:21.9176736Z  66/69 files processed
2024-03-07T21:46:21.9183598Z  67/69 files processed
2024-03-07T21:46:21.9192886Z  68/69 files processed
2024-03-07T21:46:21.9193655Z Processing data flow in controllers...  
2024-03-07T21:46:21.9310483Z  0/68 controllers processed
2024-03-07T21:46:22.0356267Z  1/68 controllers processed
2024-03-07T21:46:22.0765480Z  2/68 controllers processed
2024-03-07T21:46:22.2035742Z  3/68 controllers processed
2024-03-07T21:46:22.2956728Z  4/68 controllers processed
2024-03-07T21:46:22.3555933Z  5/68 controllers processed
2024-03-07T21:46:22.4456900Z  6/68 controllers processed
2024-03-07T21:46:22.4799388Z  7/68 controllers processed
2024-03-07T21:46:22.5471783Z  8/68 controllers processed
2024-03-07T21:46:22.6577834Z  9/68 controllers processed
2024-03-07T21:46:22.6789085Z  10/68 controllers processed
2024-03-07T21:46:22.7314418Z  11/68 controllers processed
2024-03-07T21:46:22.7317359Z  12/68 controllers processed
2024-03-07T21:46:22.8704837Z  13/68 controllers processed
2024-03-07T21:46:22.9310868Z  14/68 controllers processed
2024-03-07T21:46:22.9559998Z  15/68 controllers processed
2024-03-07T21:46:22.9965406Z  16/68 controllers processed
2024-03-07T21:46:23.0197797Z  17/68 controllers processed
2024-03-07T21:46:23.1715988Z  18/68 controllers processed
2024-03-07T21:46:23.2194244Z  19/68 controllers processed
2024-03-07T21:46:23.4150007Z  20/68 controllers processed
2024-03-07T21:46:23.4158971Z  21/68 controllers processed
2024-03-07T21:46:23.4174255Z  22/68 controllers processed
2024-03-07T21:46:23.4196728Z  23/68 controllers processed
2024-03-07T21:46:23.4200957Z  24/68 controllers processed
2024-03-07T21:46:23.4381472Z  25/68 controllers processed
2024-03-07T21:46:23.4548589Z  26/68 controllers processed
2024-03-07T21:46:23.4743564Z  27/68 controllers processed
2024-03-07T21:46:23.5291766Z  28/68 controllers processed
2024-03-07T21:46:23.6699749Z  29/68 controllers processed
2024-03-07T21:46:23.7799545Z  30/68 controllers processed
2024-03-07T21:46:23.8360383Z  31/68 controllers processed
2024-03-07T21:46:23.8885052Z  32/68 controllers processed
2024-03-07T21:46:23.9337170Z  33/68 controllers processed
2024-03-07T21:46:23.9342628Z  34/68 controllers processed
2024-03-07T21:46:23.9617762Z  35/68 controllers processed
2024-03-07T21:46:23.9629973Z  36/68 controllers processed
2024-03-07T21:46:23.9986595Z  37/68 controllers processed
2024-03-07T21:46:24.0150871Z  38/68 controllers processed
2024-03-07T21:46:24.0215383Z  39/68 controllers processed
2024-03-07T21:46:24.0523834Z  40/68 controllers processed
2024-03-07T21:46:24.0754321Z  41/68 controllers processed
2024-03-07T21:46:24.0778533Z  42/68 controllers processed
2024-03-07T21:46:24.1010663Z  43/68 controllers processed
2024-03-07T21:46:24.1353161Z  44/68 controllers processed
2024-03-07T21:46:24.1527079Z  45/68 controllers processed
2024-03-07T21:46:24.2167845Z  46/68 controllers processed
2024-03-07T21:46:24.2713103Z  47/68 controllers processed
2024-03-07T21:46:24.3746558Z  48/68 controllers processed
2024-03-07T21:46:24.4264759Z  49/68 controllers processed
2024-03-07T21:46:24.4977981Z  50/68 controllers processed
2024-03-07T21:46:24.5285347Z  51/68 controllers processed
2024-03-07T21:46:24.6303094Z  52/68 controllers processed
2024-03-07T21:46:24.6503020Z  53/68 controllers processed
2024-03-07T21:46:24.6678102Z  54/68 controllers processed
2024-03-07T21:46:24.7001437Z  55/68 controllers processed
2024-03-07T21:46:24.7021150Z  56/68 controllers processed
2024-03-07T21:46:24.8009423Z  57/68 controllers processed
2024-03-07T21:46:24.8688352Z  58/68 controllers processed
2024-03-07T21:46:24.8689261Z  59/68 controllers processed
2024-03-07T21:46:24.8690052Z  60/68 controllers processed
2024-03-07T21:46:24.8697631Z  61/68 controllers processed
2024-03-07T21:46:24.8709086Z  62/68 controllers processed
2024-03-07T21:46:24.8732659Z  63/68 controllers processed
2024-03-07T21:46:24.8789351Z  64/68 controllers processed
2024-03-07T21:46:24.8790121Z  65/68 controllers processed
2024-03-07T21:46:24.9165174Z  66/68 controllers processed
2024-03-07T21:46:24.9686260Z  67/68 controllers processed
2024-03-07T21:46:24.9687456Z Indexing call sites...                  
2024-03-07T21:46:25.3799720Z Running checks in parallel...
2024-03-07T21:46:25.3802004Z  - CheckBasicAuth
2024-03-07T21:46:25.3802689Z  - CheckBasicAuthTimingAttack
2024-03-07T21:46:25.3803545Z  - CheckCrossSiteScripting
2024-03-07T21:46:25.3811398Z  - CheckContentTag
2024-03-07T21:46:25.4316941Z  - CheckCookieSerialization
2024-03-07T21:46:25.4325113Z  - CheckCreateWith
2024-03-07T21:46:25.4326474Z  - CheckCSRFTokenForgeryCVE
2024-03-07T21:46:25.4327085Z  - CheckDefaultRoutes
2024-03-07T21:46:25.4329668Z  - CheckDeserialize
2024-03-07T21:46:25.4334022Z  - CheckDetailedExceptions
2024-03-07T21:46:25.4345414Z  - CheckDigestDoS
2024-03-07T21:46:25.4346293Z  - CheckDynamicFinders
2024-03-07T21:46:25.4346938Z  - CheckEOLRails
2024-03-07T21:46:25.4347718Z  - CheckEOLRuby
2024-03-07T21:46:25.4351202Z  - CheckEscapeFunction
2024-03-07T21:46:25.4353754Z  - CheckEvaluation
2024-03-07T21:46:25.4358110Z  - CheckExecute
2024-03-07T21:46:25.4360036Z  - CheckFileAccess
2024-03-07T21:46:25.4361829Z  - CheckFileDisclosure
2024-03-07T21:46:25.4409412Z  - CheckFilterSkipping
2024-03-07T21:46:25.4411310Z  - CheckForgerySetting
2024-03-07T21:46:25.4412733Z  - CheckHeaderDoS
2024-03-07T21:46:25.4414560Z  - CheckI18nXSS
2024-03-07T21:46:25.4416177Z  - CheckJRubyXML
2024-03-07T21:46:25.4418006Z  - CheckJSONEncoding
2024-03-07T21:46:25.4418843Z  - CheckJSONEntityEscape
2024-03-07T21:46:25.4420606Z  - CheckJSONParsing
2024-03-07T21:46:25.4422388Z  - CheckLinkTo
2024-03-07T21:46:25.4424436Z  - CheckLinkToHref
2024-03-07T21:46:25.4426428Z  - CheckMailTo
2024-03-07T21:46:25.4507679Z  - CheckMassAssignment
2024-03-07T21:46:25.4509398Z  - CheckMimeTypeDoS
2024-03-07T21:46:25.4512599Z  - CheckModelAttrAccessible
2024-03-07T21:46:25.4513829Z  - CheckModelAttributes
2024-03-07T21:46:25.4516490Z  - CheckModelSerialize
2024-03-07T21:46:25.4517291Z  - CheckNestedAttributes
2024-03-07T21:46:25.4517763Z  - CheckNestedAttributesBypass
2024-03-07T21:46:25.4519673Z  - CheckNumberToCurrency
2024-03-07T21:46:25.4523856Z  - CheckPageCachingCVE
2024-03-07T21:46:25.4525816Z  - CheckPathname
2024-03-07T21:46:25.4527103Z  - CheckPermitAttributes
2024-03-07T21:46:25.4529412Z  - CheckQuoteTableName
2024-03-07T21:46:25.4534159Z  - CheckRansack
2024-03-07T21:46:25.4535442Z  - CheckRedirect
2024-03-07T21:46:25.4537676Z  - CheckRegexDoS
2024-03-07T21:46:25.4538240Z  - CheckRender
2024-03-07T21:46:25.4557564Z  - CheckRenderDoS
2024-03-07T21:46:25.4683486Z  - CheckRenderInline
2024-03-07T21:46:25.4685374Z  - CheckResponseSplitting
2024-03-07T21:46:25.4769534Z  - CheckRouteDoS
2024-03-07T21:46:25.4771149Z  - CheckSafeBufferManipulation
2024-03-07T21:46:25.4773571Z  - CheckSanitizeConfigCve
2024-03-07T21:46:25.4776508Z  - CheckSanitizeMethods
2024-03-07T21:46:25.4777322Z  - CheckSelectTag
2024-03-07T21:46:25.4778021Z  - CheckSelectVulnerability
2024-03-07T21:46:25.4778776Z  - CheckSend
2024-03-07T21:46:25.4779368Z  - CheckSendFile
2024-03-07T21:46:25.4779967Z  - CheckSessionManipulation
2024-03-07T21:46:25.4780515Z  - CheckSessionSettings
2024-03-07T21:46:25.4797830Z  - CheckSimpleFormat
2024-03-07T21:46:25.4806452Z  - CheckSingleQuotes
2024-03-07T21:46:25.4807366Z  - CheckSkipBeforeFilter
2024-03-07T21:46:25.4807883Z  - CheckSprocketsPathTraversal
2024-03-07T21:46:25.4819433Z  - CheckSQL
2024-03-07T21:46:25.4823726Z  - CheckSQLCVEs
2024-03-07T21:46:25.4824308Z  - CheckSSLVerify
2024-03-07T21:46:25.4824889Z  - CheckStripTags
2024-03-07T21:46:25.4920346Z  - CheckSymbolDoSCVE
2024-03-07T21:46:25.4922832Z  - CheckTemplateInjection
2024-03-07T21:46:25.4925763Z  - CheckTranslateBug
2024-03-07T21:46:25.4927255Z  - CheckUnsafeReflection
2024-03-07T21:46:25.4930403Z  - CheckUnsafeReflectionMethods
2024-03-07T21:46:25.4933731Z  - CheckValidationRegex
2024-03-07T21:46:25.4958209Z  - CheckVerbConfusion
2024-03-07T21:46:25.4958896Z  - CheckWeakRSAKey
2024-03-07T21:46:25.4959540Z  - CheckWithoutProtection
2024-03-07T21:46:25.4959983Z  - CheckXMLDoS
2024-03-07T21:46:25.4960331Z  - CheckYAMLParsing
2024-03-07T21:46:25.5267162Z Checks finished, collecting results...
2024-03-07T21:46:25.5274872Z Filtering warnings...
2024-03-07T21:46:25.5275787Z [Notice] Using '/home/runner/work/human-essentials/human-essentials/config/brakeman.ignore' to filter warnings
2024-03-07T21:46:25.5280535Z Generating report...
2024-03-07T21:46:25.5972259Z 
2024-03-07T21:46:25.5972806Z == Brakeman Report ==
2024-03-07T21:46:25.5973274Z 
2024-03-07T21:46:25.5974045Z Application Path: /home/runner/work/human-essentials/human-essentials
2024-03-07T21:46:25.5974787Z Rails Version: 7.0.8
2024-03-07T21:46:25.5975255Z Brakeman Version: 6.1.2
2024-03-07T21:46:25.5975893Z Scan Date: 2024-03-07 21:46:17 +0000
2024-03-07T21:46:25.5976331Z Duration: 8.306967308 seconds
2024-03-07T21:46:25.5982570Z Checks Run: BasicAuth, BasicAuthTimingAttack, CSRFTokenForgeryCVE, ContentTag, CookieSerialization, CreateWith, CrossSiteScripting, DefaultRoutes, Deserialize, DetailedExceptions, DigestDoS, DynamicFinders, EOLRails, EOLRuby, EscapeFunction, Evaluation, Execute, FileAccess, FileDisclosure, FilterSkipping, ForgerySetting, HeaderDoS, I18nXSS, JRubyXML, JSONEncoding, JSONEntityEscape, JSONParsing, LinkTo, LinkToHref, MailTo, MassAssignment, MimeTypeDoS, ModelAttrAccessible, ModelAttributes, ModelSerialize, NestedAttributes, NestedAttributesBypass, NumberToCurrency, PageCachingCVE, Pathname, PermitAttributes, QuoteTableName, Ransack, Redirect, RegexDoS, Render, RenderDoS, RenderInline, ResponseSplitting, RouteDoS, SQL, SQLCVEs, SSLVerify, SafeBufferManipulation, SanitizeConfigCve, SanitizeMethods, SelectTag, SelectVulnerability, Send, SendFile, SessionManipulation, SessionSettings, SimpleFormat, SingleQuotes, SkipBeforeFilter, SprocketsPathTraversal, StripTags, SymbolDoSCVE, TemplateInjection, TranslateBug, UnsafeReflection, UnsafeReflectionMethods, ValidationRegex, VerbConfusion, WeakRSAKey, WithoutProtection, XMLDoS, YAMLParsing
2024-03-07T21:46:25.5988730Z 
2024-03-07T21:46:25.5988850Z == Overview ==
2024-03-07T21:46:25.5989067Z 
2024-03-07T21:46:25.5989277Z Controllers: 68
2024-03-07T21:46:25.5989588Z Models: 53
2024-03-07T21:46:25.5989895Z Templates: 372
2024-03-07T21:46:25.5990273Z Errors: 0
2024-03-07T21:46:25.5990635Z Security Warnings: 1
2024-03-07T21:46:25.5990951Z Ignored Warnings: 2
2024-03-07T21:46:25.5991174Z 
2024-03-07T21:46:25.5991356Z == Warning Types ==
2024-03-07T21:46:25.5991597Z 
2024-03-07T21:46:25.5991717Z SQL Injection: 1
2024-03-07T21:46:25.5991896Z 
2024-03-07T21:46:25.5992049Z == Warnings ==
2024-03-07T21:46:25.5992216Z 
2024-03-07T21:46:25.5992449Z Confidence: Medium
2024-03-07T21:46:25.5992755Z Category: SQL Injection
2024-03-07T21:46:25.5993097Z Check: SQL
2024-03-07T21:46:25.5993500Z Message: Possible SQL injection
2024-03-07T21:46:25.6009767Z Code: ActiveRecord::Base.connection.execute("        SELECT SUM(\"line_items\".\"quantity\" * \"kit_line_items\".\"quantity\")\n        FROM \"distributions\" \n        INNER JOIN \"line_items\" ON \"line_items\".\"itemizable_type\" = 'Distribution' AND \"line_items\".\"itemizable_id\" = \"distributions\".\"id\" \n        INNER JOIN \"items\" ON \"items\".\"id\" = \"line_items\".\"item_id\" \n        INNER JOIN \"kits\" ON \"kits\".\"id\" = \"items\".\"kit_id\" \n        INNER JOIN \"line_items\" \"kit_line_items\" ON \"kit_line_items\".\"itemizable_type\" = 'Kit' AND \"kit_line_items\".\"itemizable_id\" = \"kits\".\"id\"\n        INNER JOIN \"items\" \"kit_items\" ON \"kit_items\".\"id\" = \"kit_line_items\".\"item_id\"\n        INNER JOIN \"base_items\" ON \"base_items\".\"partner_key\" = \"kit_items\".\"partner_key\" \n        WHERE \"distributions\".\"organization_id\" = #{organization.id}\n          AND extract(year from issued_at) = #{year}\n          AND lower(base_items.category) LIKE '%diaper%'\n          AND NOT (lower(base_items.category) LIKE '%cloth%' OR lower(base_items.name) LIKE '%cloth%')\n", [organization.id, year])
2024-03-07T21:46:25.6014809Z File: app/services/reports/children_served_report_service.rb
2024-03-07T21:46:25.6015366Z Line: 51
2024-03-07T21:46:25.6015563Z 
2024-03-07T21:46:25.6119263Z ##[error]Process completed with exit code 3.
2024-03-07T21:46:25.6212649Z Post job cleanup.
2024-03-07T21:46:25.7218942Z [command]/usr/bin/git version
2024-03-07T21:46:25.7268550Z git version 2.43.2
2024-03-07T21:46:25.7309666Z Temporarily overriding HOME='/home/runner/work/_temp/a75aabf9-8d01-42bc-8a75-bd5a80ebda14' before making global git config changes
2024-03-07T21:46:25.7311128Z Adding repository directory to the temporary git global config as a safe directory
2024-03-07T21:46:25.7315081Z [command]/usr/bin/git config --global --add safe.directory /home/runner/work/human-essentials/human-essentials
2024-03-07T21:46:25.7355200Z [command]/usr/bin/git config --local --name-only --get-regexp core\.sshCommand
2024-03-07T21:46:25.7394008Z [command]/usr/bin/git submodule foreach --recursive sh -c "git config --local --name-only --get-regexp 'core\.sshCommand' && git config --local --unset-all 'core.sshCommand' || :"
2024-03-07T21:46:25.7642342Z [command]/usr/bin/git config --local --name-only --get-regexp http\.https\:\/\/github\.com\/\.extraheader
2024-03-07T21:46:25.7671945Z http.https://github.com/.extraheader
2024-03-07T21:46:25.7681298Z [command]/usr/bin/git config --local --unset-all http.https://github.com/.extraheader
2024-03-07T21:46:25.7719929Z [command]/usr/bin/git submodule foreach --recursive sh -c "git config --local --name-only --get-regexp 'http\.https\:\/\/github\.com\/\.extraheader' && git config --local --unset-all 'http.https://github.com/.extraheader' || :"
2024-03-07T21:46:25.8218883Z Cleaning up orphan processes
