2024-03-03T14:57:31.3803728Z Requested labels: ubuntu-latest
2024-03-03T14:57:31.3804112Z Job defined at: rubyforgood/human-essentials/.github/workflows/rspec-events.yml@refs/pull/4154/merge
2024-03-03T14:57:31.3804229Z Waiting for a runner to pick up this job...
2024-03-03T14:57:32.3804173Z Job is waiting for a hosted runner to come online.
2024-03-03T14:57:36.4690478Z Job is about to start running on the hosted runner: GitHub Actions 19 (hosted)
2024-03-03T14:57:39.2777324Z Current runner version: '2.313.0'
2024-03-03T14:57:39.2799061Z ##[group]Operating System
2024-03-03T14:57:39.2799655Z Ubuntu
2024-03-03T14:57:39.2800141Z 22.04.4
2024-03-03T14:57:39.2800487Z LTS
2024-03-03T14:57:39.2800780Z ##[endgroup]
2024-03-03T14:57:39.2801236Z ##[group]Runner Image
2024-03-03T14:57:39.2801662Z Image: ubuntu-22.04
2024-03-03T14:57:39.2802016Z Version: 20240225.1.0
2024-03-03T14:57:39.2803086Z Included Software: https://github.com/actions/runner-images/blob/ubuntu22/20240225.1/images/ubuntu/Ubuntu2204-Readme.md
2024-03-03T14:57:39.2804499Z Image Release: https://github.com/actions/runner-images/releases/tag/ubuntu22%2F20240225.1
2024-03-03T14:57:39.2805310Z ##[endgroup]
2024-03-03T14:57:39.2805791Z ##[group]Runner Image Provisioner
2024-03-03T14:57:39.2806270Z 2.0.347.1
2024-03-03T14:57:39.2806566Z ##[endgroup]
2024-03-03T14:57:39.2808697Z ##[group]GITHUB_TOKEN Permissions
2024-03-03T14:57:39.2810275Z Actions: read
2024-03-03T14:57:39.2810790Z Checks: read
2024-03-03T14:57:39.2811323Z Contents: read
2024-03-03T14:57:39.2811857Z Deployments: read
2024-03-03T14:57:39.2812242Z Discussions: read
2024-03-03T14:57:39.2812586Z Issues: read
2024-03-03T14:57:39.2813001Z Metadata: read
2024-03-03T14:57:39.2813375Z Packages: read
2024-03-03T14:57:39.2813717Z Pages: read
2024-03-03T14:57:39.2814154Z PullRequests: read
2024-03-03T14:57:39.2814568Z RepositoryProjects: read
2024-03-03T14:57:39.2814980Z SecurityEvents: read
2024-03-03T14:57:39.2815430Z Statuses: read
2024-03-03T14:57:39.2815797Z ##[endgroup]
2024-03-03T14:57:39.2818605Z Secret source: None
2024-03-03T14:57:39.2819295Z Prepare workflow directory
2024-03-03T14:57:39.3685835Z Prepare all required actions
2024-03-03T14:57:39.3840641Z Getting action download info
2024-03-03T14:57:39.6080179Z Download action repository 'actions/checkout@v2' (SHA:ee0669bd1cc54295c223e0bb666b733df41de1c5)
2024-03-03T14:57:39.7147504Z Download action repository 'ruby/setup-ruby@v1' (SHA:d4526a55538b775af234ba4af27118ed6f8f6677)
2024-03-03T14:57:40.1964718Z Download action repository 'actions/upload-artifact@v2' (SHA:82c141cc518b40d92cc801eee768e7aafc9c2fa2)
2024-03-03T14:57:40.3426732Z Complete job name: rspec-events (2, 0)
2024-03-03T14:57:40.4085917Z ##[group]Checking docker version
2024-03-03T14:57:40.4100180Z ##[command]/usr/bin/docker version --format '{{.Server.APIVersion}}'
2024-03-03T14:57:40.4518385Z '1.43'
2024-03-03T14:57:40.4530681Z Docker daemon API version: '1.43'
2024-03-03T14:57:40.4531642Z ##[command]/usr/bin/docker version --format '{{.Client.APIVersion}}'
2024-03-03T14:57:40.4697555Z '1.43'
2024-03-03T14:57:40.4709291Z Docker client API version: '1.43'
2024-03-03T14:57:40.4713939Z ##[endgroup]
2024-03-03T14:57:40.4718594Z ##[group]Clean up resources from previous jobs
2024-03-03T14:57:40.4723978Z ##[command]/usr/bin/docker ps --all --quiet --no-trunc --filter "label=930ce6"
2024-03-03T14:57:40.4867744Z ##[command]/usr/bin/docker network prune --force --filter "label=930ce6"
2024-03-03T14:57:40.4997809Z ##[endgroup]
2024-03-03T14:57:40.4998349Z ##[group]Create local container network
2024-03-03T14:57:40.5008402Z ##[command]/usr/bin/docker network create --label 930ce6 github_network_1fc6b5dd75714082be47547358f7ab39
2024-03-03T14:57:40.5579367Z e4861ba27b317d618660dd6cd6fb488889d78ae3cca55dad08359714f630c2c9
2024-03-03T14:57:40.5596518Z ##[endgroup]
2024-03-03T14:57:40.5672839Z ##[group]Starting db service container
2024-03-03T14:57:40.5690303Z ##[command]/usr/bin/docker pull postgres:12.3
2024-03-03T14:57:41.6303980Z 12.3: Pulling from library/postgres
2024-03-03T14:57:41.8861524Z bf5952930446: Pulling fs layer
2024-03-03T14:57:41.8862200Z 9577476abb00: Pulling fs layer
2024-03-03T14:57:41.8862963Z 2bd105512d5c: Pulling fs layer
2024-03-03T14:57:41.8863567Z b1cd21c26e81: Pulling fs layer
2024-03-03T14:57:41.8864165Z 34a7c86cf8fc: Pulling fs layer
2024-03-03T14:57:41.8864893Z 274e7b0c38d5: Pulling fs layer
2024-03-03T14:57:41.8865452Z 3e831b350d37: Pulling fs layer
2024-03-03T14:57:41.8865879Z 38fa0d496534: Pulling fs layer
2024-03-03T14:57:41.8866446Z 31a8349609a4: Pulling fs layer
2024-03-03T14:57:41.8867264Z 14e4c2a4b7b7: Pulling fs layer
2024-03-03T14:57:41.8867619Z 964acfa02beb: Pulling fs layer
2024-03-03T14:57:41.8868119Z 31b1f20dffc0: Pulling fs layer
2024-03-03T14:57:41.8868501Z 14771c2930e9: Pulling fs layer
2024-03-03T14:57:41.8868836Z 2f30edd0ce8a: Pulling fs layer
2024-03-03T14:57:41.8869278Z 34a7c86cf8fc: Waiting
2024-03-03T14:57:41.8869615Z 274e7b0c38d5: Waiting
2024-03-03T14:57:41.8869926Z 3e831b350d37: Waiting
2024-03-03T14:57:41.8870301Z 38fa0d496534: Waiting
2024-03-03T14:57:41.8870621Z b1cd21c26e81: Waiting
2024-03-03T14:57:41.8870927Z 31a8349609a4: Waiting
2024-03-03T14:57:41.8871305Z 14e4c2a4b7b7: Waiting
2024-03-03T14:57:41.8871636Z 964acfa02beb: Waiting
2024-03-03T14:57:41.8871941Z 31b1f20dffc0: Waiting
2024-03-03T14:57:41.8872324Z 14771c2930e9: Waiting
2024-03-03T14:57:41.8872613Z 2f30edd0ce8a: Waiting
2024-03-03T14:57:42.1433640Z 2bd105512d5c: Verifying Checksum
2024-03-03T14:57:42.1434756Z 2bd105512d5c: Download complete
2024-03-03T14:57:42.1736564Z 9577476abb00: Download complete
2024-03-03T14:57:42.4212042Z b1cd21c26e81: Verifying Checksum
2024-03-03T14:57:42.4213033Z b1cd21c26e81: Download complete
2024-03-03T14:57:42.4728997Z bf5952930446: Verifying Checksum
2024-03-03T14:57:42.4729913Z bf5952930446: Download complete
2024-03-03T14:57:42.4815035Z 34a7c86cf8fc: Verifying Checksum
2024-03-03T14:57:42.4815681Z 34a7c86cf8fc: Download complete
2024-03-03T14:57:42.6791627Z 274e7b0c38d5: Verifying Checksum
2024-03-03T14:57:42.6792449Z 274e7b0c38d5: Download complete
2024-03-03T14:57:42.7282369Z 3e831b350d37: Verifying Checksum
2024-03-03T14:57:42.7283003Z 3e831b350d37: Download complete
2024-03-03T14:57:42.7390873Z 38fa0d496534: Verifying Checksum
2024-03-03T14:57:42.7391744Z 38fa0d496534: Download complete
2024-03-03T14:57:42.9840932Z 964acfa02beb: Verifying Checksum
2024-03-03T14:57:42.9844553Z 964acfa02beb: Download complete
2024-03-03T14:57:42.9845307Z 14e4c2a4b7b7: Download complete
2024-03-03T14:57:43.2289465Z 14771c2930e9: Download complete
2024-03-03T14:57:43.2307967Z 31b1f20dffc0: Verifying Checksum
2024-03-03T14:57:43.2308650Z 31b1f20dffc0: Download complete
2024-03-03T14:57:43.4356481Z 31a8349609a4: Verifying Checksum
2024-03-03T14:57:43.4357395Z 31a8349609a4: Download complete
2024-03-03T14:57:43.4735251Z 2f30edd0ce8a: Download complete
2024-03-03T14:57:43.6254304Z bf5952930446: Pull complete
2024-03-03T14:57:43.9113526Z 9577476abb00: Pull complete
2024-03-03T14:57:43.9244985Z 2bd105512d5c: Pull complete
2024-03-03T14:57:43.9679612Z b1cd21c26e81: Pull complete
2024-03-03T14:57:44.2696137Z 34a7c86cf8fc: Pull complete
2024-03-03T14:57:44.3215694Z 274e7b0c38d5: Pull complete
2024-03-03T14:57:44.3578312Z 3e831b350d37: Pull complete
2024-03-03T14:57:44.3661675Z 38fa0d496534: Pull complete
2024-03-03T14:57:46.6249988Z 31a8349609a4: Pull complete
2024-03-03T14:57:46.6353291Z 14e4c2a4b7b7: Pull complete
2024-03-03T14:57:46.6436509Z 964acfa02beb: Pull complete
2024-03-03T14:57:46.6527687Z 31b1f20dffc0: Pull complete
2024-03-03T14:57:46.6604310Z 14771c2930e9: Pull complete
2024-03-03T14:57:46.6690023Z 2f30edd0ce8a: Pull complete
2024-03-03T14:57:46.6726367Z Digest: sha256:a06e6e6e519b7a329c419f8221edec66cfc45511e8b80e262c12103ba745cf19
2024-03-03T14:57:46.6736571Z Status: Downloaded newer image for postgres:12.3
2024-03-03T14:57:46.6745026Z docker.io/library/postgres:12.3
2024-03-03T14:57:46.6846595Z ##[command]/usr/bin/docker create --name 6f489cae78454d19a7d9a017f1e207f0_postgres123_e5d211 --label 930ce6 --network github_network_1fc6b5dd75714082be47547358f7ab39 --network-alias db -p 5432:5432 --health-cmd pg_isready --health-interval 10s --health-timeout 5s --health-retries 5 -e "POSTGRES_PASSWORD=password" -e GITHUB_ACTIONS=true -e CI=true postgres:12.3
2024-03-03T14:57:46.7084031Z 5692365b929a8385ade6ddeb4b4dc13cef6c16bcd73c2e391c9a356c6d9f40f6
2024-03-03T14:57:46.7104372Z ##[command]/usr/bin/docker start 5692365b929a8385ade6ddeb4b4dc13cef6c16bcd73c2e391c9a356c6d9f40f6
2024-03-03T14:57:46.9668106Z 5692365b929a8385ade6ddeb4b4dc13cef6c16bcd73c2e391c9a356c6d9f40f6
2024-03-03T14:57:46.9687571Z ##[command]/usr/bin/docker ps --all --filter id=5692365b929a8385ade6ddeb4b4dc13cef6c16bcd73c2e391c9a356c6d9f40f6 --filter status=running --no-trunc --format "{{.ID}} {{.Status}}"
2024-03-03T14:57:46.9811656Z 5692365b929a8385ade6ddeb4b4dc13cef6c16bcd73c2e391c9a356c6d9f40f6 Up Less than a second (health: starting)
2024-03-03T14:57:46.9834084Z ##[command]/usr/bin/docker port 5692365b929a8385ade6ddeb4b4dc13cef6c16bcd73c2e391c9a356c6d9f40f6
2024-03-03T14:57:46.9950995Z 5432/tcp -> 0.0.0.0:5432
2024-03-03T14:57:46.9952028Z 5432/tcp -> [::]:5432
2024-03-03T14:57:47.0045985Z ##[endgroup]
2024-03-03T14:57:47.0071206Z ##[group]Waiting for all services to be ready
2024-03-03T14:57:47.0106951Z ##[command]/usr/bin/docker inspect --format="{{if .Config.Healthcheck}}{{print .State.Health.Status}}{{end}}" 5692365b929a8385ade6ddeb4b4dc13cef6c16bcd73c2e391c9a356c6d9f40f6
2024-03-03T14:57:47.0228300Z starting
2024-03-03T14:57:47.0247197Z db service is starting, waiting 2 seconds before checking again.
2024-03-03T14:57:49.0257603Z ##[command]/usr/bin/docker inspect --format="{{if .Config.Healthcheck}}{{print .State.Health.Status}}{{end}}" 5692365b929a8385ade6ddeb4b4dc13cef6c16bcd73c2e391c9a356c6d9f40f6
2024-03-03T14:57:49.0372476Z starting
2024-03-03T14:57:49.0384420Z db service is starting, waiting 4 seconds before checking again.
2024-03-03T14:57:53.4282458Z ##[command]/usr/bin/docker inspect --format="{{if .Config.Healthcheck}}{{print .State.Health.Status}}{{end}}" 5692365b929a8385ade6ddeb4b4dc13cef6c16bcd73c2e391c9a356c6d9f40f6
2024-03-03T14:57:53.4416316Z starting
2024-03-03T14:57:53.4428884Z db service is starting, waiting 8 seconds before checking again.
2024-03-03T14:58:02.2779764Z ##[command]/usr/bin/docker inspect --format="{{if .Config.Healthcheck}}{{print .State.Health.Status}}{{end}}" 5692365b929a8385ade6ddeb4b4dc13cef6c16bcd73c2e391c9a356c6d9f40f6
2024-03-03T14:58:02.2909161Z healthy
2024-03-03T14:58:02.2924035Z db service is healthy.
2024-03-03T14:58:02.2924534Z ##[endgroup]
2024-03-03T14:58:02.3284712Z ##[group]Run actions/checkout@v2
2024-03-03T14:58:02.3285179Z with:
2024-03-03T14:58:02.3285523Z   repository: rubyforgood/human-essentials
2024-03-03T14:58:02.3286242Z   token: ***
2024-03-03T14:58:02.3286644Z   ssh-strict: true
2024-03-03T14:58:02.3286986Z   persist-credentials: true
2024-03-03T14:58:02.3287430Z   clean: true
2024-03-03T14:58:02.3287756Z   fetch-depth: 1
2024-03-03T14:58:02.3288056Z   lfs: false
2024-03-03T14:58:02.3288425Z   submodules: false
2024-03-03T14:58:02.3288786Z   set-safe-directory: true
2024-03-03T14:58:02.3289120Z ##[endgroup]
2024-03-03T14:58:02.4985503Z Syncing repository: rubyforgood/human-essentials
2024-03-03T14:58:02.4988381Z ##[group]Getting Git version info
2024-03-03T14:58:02.4989630Z Working directory is '/home/runner/work/human-essentials/human-essentials'
2024-03-03T14:58:02.4991371Z [command]/usr/bin/git version
2024-03-03T14:58:02.4992068Z git version 2.43.2
2024-03-03T14:58:02.5014262Z ##[endgroup]
2024-03-03T14:58:02.5034310Z Temporarily overriding HOME='/home/runner/work/_temp/5c076098-462a-4bd5-bb40-7bea09f6bf51' before making global git config changes
2024-03-03T14:58:02.5036449Z Adding repository directory to the temporary git global config as a safe directory
2024-03-03T14:58:02.5038396Z [command]/usr/bin/git config --global --add safe.directory /home/runner/work/human-essentials/human-essentials
2024-03-03T14:58:02.5080608Z Deleting the contents of '/home/runner/work/human-essentials/human-essentials'
2024-03-03T14:58:02.5086422Z ##[group]Initializing the repository
2024-03-03T14:58:02.5090947Z [command]/usr/bin/git init /home/runner/work/human-essentials/human-essentials
2024-03-03T14:58:02.5150921Z hint: Using 'master' as the name for the initial branch. This default branch name
2024-03-03T14:58:02.5152182Z hint: is subject to change. To configure the initial branch name to use in all
2024-03-03T14:58:02.5153141Z hint: of your new repositories, which will suppress this warning, call:
2024-03-03T14:58:02.5153779Z hint: 
2024-03-03T14:58:02.5154763Z hint: 	git config --global init.defaultBranch <name>
2024-03-03T14:58:02.5155434Z hint: 
2024-03-03T14:58:02.5156093Z hint: Names commonly chosen instead of 'master' are 'main', 'trunk' and
2024-03-03T14:58:02.5156916Z hint: 'development'. The just-created branch can be renamed via this command:
2024-03-03T14:58:02.5158090Z hint: 
2024-03-03T14:58:02.5158704Z hint: 	git branch -m <name>
2024-03-03T14:58:02.5159949Z Initialized empty Git repository in /home/runner/work/human-essentials/human-essentials/.git/
2024-03-03T14:58:02.5168401Z [command]/usr/bin/git remote add origin https://github.com/rubyforgood/human-essentials
2024-03-03T14:58:02.5209913Z ##[endgroup]
2024-03-03T14:58:02.5211125Z ##[group]Disabling automatic garbage collection
2024-03-03T14:58:02.5215636Z [command]/usr/bin/git config --local gc.auto 0
2024-03-03T14:58:02.5251525Z ##[endgroup]
2024-03-03T14:58:02.5252547Z ##[group]Setting up auth
2024-03-03T14:58:02.5259350Z [command]/usr/bin/git config --local --name-only --get-regexp core\.sshCommand
2024-03-03T14:58:02.5297255Z [command]/usr/bin/git submodule foreach --recursive sh -c "git config --local --name-only --get-regexp 'core\.sshCommand' && git config --local --unset-all 'core.sshCommand' || :"
2024-03-03T14:58:02.5585302Z [command]/usr/bin/git config --local --name-only --get-regexp http\.https\:\/\/github\.com\/\.extraheader
2024-03-03T14:58:02.5621669Z [command]/usr/bin/git submodule foreach --recursive sh -c "git config --local --name-only --get-regexp 'http\.https\:\/\/github\.com\/\.extraheader' && git config --local --unset-all 'http.https://github.com/.extraheader' || :"
2024-03-03T14:58:02.5857934Z [command]/usr/bin/git config --local http.https://github.com/.extraheader AUTHORIZATION: basic ***
2024-03-03T14:58:02.5901221Z ##[endgroup]
2024-03-03T14:58:02.5902206Z ##[group]Fetching the repository
2024-03-03T14:58:02.5911013Z [command]/usr/bin/git -c protocol.version=2 fetch --no-tags --prune --progress --no-recurse-submodules --depth=1 origin +7892a878afb574d185888661b7546b66ddc3af23:refs/remotes/pull/4154/merge
2024-03-03T14:58:02.9820747Z remote: Enumerating objects: 1742, done.        
2024-03-03T14:58:02.9821750Z remote: Counting objects:   0% (1/1742)        
2024-03-03T14:58:02.9822475Z remote: Counting objects:   1% (18/1742)        
2024-03-03T14:58:02.9823518Z remote: Counting objects:   2% (35/1742)        
2024-03-03T14:58:02.9836841Z remote: Counting objects:   3% (53/1742)        
2024-03-03T14:58:02.9837666Z remote: Counting objects:   4% (70/1742)        
2024-03-03T14:58:02.9838148Z remote: Counting objects:   5% (88/1742)        
2024-03-03T14:58:02.9838728Z remote: Counting objects:   6% (105/1742)        
2024-03-03T14:58:02.9839261Z remote: Counting objects:   7% (122/1742)        
2024-03-03T14:58:02.9839719Z remote: Counting objects:   8% (140/1742)        
2024-03-03T14:58:02.9840695Z remote: Counting objects:   9% (157/1742)        
2024-03-03T14:58:02.9841531Z remote: Counting objects:  10% (175/1742)        
2024-03-03T14:58:02.9842345Z remote: Counting objects:  11% (192/1742)        
2024-03-03T14:58:02.9843161Z remote: Counting objects:  12% (210/1742)        
2024-03-03T14:58:02.9843964Z remote: Counting objects:  13% (227/1742)        
2024-03-03T14:58:02.9844730Z remote: Counting objects:  14% (244/1742)        
2024-03-03T14:58:02.9845539Z remote: Counting objects:  15% (262/1742)        
2024-03-03T14:58:02.9847752Z remote: Counting objects:  16% (279/1742)        
2024-03-03T14:58:02.9848705Z remote: Counting objects:  17% (297/1742)        
2024-03-03T14:58:02.9849529Z remote: Counting objects:  18% (314/1742)        
2024-03-03T14:58:02.9850340Z remote: Counting objects:  19% (331/1742)        
2024-03-03T14:58:02.9851239Z remote: Counting objects:  20% (349/1742)        
2024-03-03T14:58:02.9851996Z remote: Counting objects:  21% (366/1742)        
2024-03-03T14:58:02.9852706Z remote: Counting objects:  22% (384/1742)        
2024-03-03T14:58:02.9853572Z remote: Counting objects:  23% (401/1742)        
2024-03-03T14:58:02.9854620Z remote: Counting objects:  24% (419/1742)        
2024-03-03T14:58:02.9855333Z remote: Counting objects:  25% (436/1742)        
2024-03-03T14:58:02.9856210Z remote: Counting objects:  26% (453/1742)        
2024-03-03T14:58:02.9856992Z remote: Counting objects:  27% (471/1742)        
2024-03-03T14:58:02.9857737Z remote: Counting objects:  28% (488/1742)        
2024-03-03T14:58:02.9858646Z remote: Counting objects:  29% (506/1742)        
2024-03-03T14:58:02.9859192Z remote: Counting objects:  30% (523/1742)        
2024-03-03T14:58:02.9859962Z remote: Counting objects:  31% (541/1742)        
2024-03-03T14:58:02.9860840Z remote: Counting objects:  32% (558/1742)        
2024-03-03T14:58:02.9861757Z remote: Counting objects:  33% (575/1742)        
2024-03-03T14:58:02.9862688Z remote: Counting objects:  34% (593/1742)        
2024-03-03T14:58:02.9863545Z remote: Counting objects:  35% (610/1742)        
2024-03-03T14:58:02.9864486Z remote: Counting objects:  36% (628/1742)        
2024-03-03T14:58:02.9865258Z remote: Counting objects:  37% (645/1742)        
2024-03-03T14:58:02.9866033Z remote: Counting objects:  38% (662/1742)        
2024-03-03T14:58:02.9866916Z remote: Counting objects:  39% (680/1742)        
2024-03-03T14:58:02.9867434Z remote: Counting objects:  40% (697/1742)        
2024-03-03T14:58:02.9867882Z remote: Counting objects:  41% (715/1742)        
2024-03-03T14:58:02.9868452Z remote: Counting objects:  42% (732/1742)        
2024-03-03T14:58:02.9868925Z remote: Counting objects:  43% (750/1742)        
2024-03-03T14:58:02.9869357Z remote: Counting objects:  44% (767/1742)        
2024-03-03T14:58:02.9869908Z remote: Counting objects:  45% (784/1742)        
2024-03-03T14:58:02.9870377Z remote: Counting objects:  46% (802/1742)        
2024-03-03T14:58:02.9870810Z remote: Counting objects:  47% (819/1742)        
2024-03-03T14:58:02.9871374Z remote: Counting objects:  48% (837/1742)        
2024-03-03T14:58:02.9871839Z remote: Counting objects:  49% (854/1742)        
2024-03-03T14:58:02.9872477Z remote: Counting objects:  50% (871/1742)        
2024-03-03T14:58:02.9873066Z remote: Counting objects:  51% (889/1742)        
2024-03-03T14:58:02.9873556Z remote: Counting objects:  52% (906/1742)        
2024-03-03T14:58:02.9874033Z remote: Counting objects:  53% (924/1742)        
2024-03-03T14:58:02.9874527Z remote: Counting objects:  54% (941/1742)        
2024-03-03T14:58:02.9875276Z remote: Counting objects:  55% (959/1742)        
2024-03-03T14:58:02.9875759Z remote: Counting objects:  56% (976/1742)        
2024-03-03T14:58:02.9876270Z remote: Counting objects:  57% (993/1742)        
2024-03-03T14:58:02.9876750Z remote: Counting objects:  58% (1011/1742)        
2024-03-03T14:58:02.9877267Z remote: Counting objects:  59% (1028/1742)        
2024-03-03T14:58:02.9877785Z remote: Counting objects:  60% (1046/1742)        
2024-03-03T14:58:02.9878278Z remote: Counting objects:  61% (1063/1742)        
2024-03-03T14:58:02.9878781Z remote: Counting objects:  62% (1081/1742)        
2024-03-03T14:58:02.9879315Z remote: Counting objects:  63% (1098/1742)        
2024-03-03T14:58:02.9879867Z remote: Counting objects:  64% (1115/1742)        
2024-03-03T14:58:02.9880348Z remote: Counting objects:  65% (1133/1742)        
2024-03-03T14:58:02.9880904Z remote: Counting objects:  66% (1150/1742)        
2024-03-03T14:58:02.9881371Z remote: Counting objects:  67% (1168/1742)        
2024-03-03T14:58:02.9881849Z remote: Counting objects:  68% (1185/1742)        
2024-03-03T14:58:02.9882390Z remote: Counting objects:  69% (1202/1742)        
2024-03-03T14:58:02.9882848Z remote: Counting objects:  70% (1220/1742)        
2024-03-03T14:58:02.9883335Z remote: Counting objects:  71% (1237/1742)        
2024-03-03T14:58:02.9883875Z remote: Counting objects:  72% (1255/1742)        
2024-03-03T14:58:02.9884367Z remote: Counting objects:  73% (1272/1742)        
2024-03-03T14:58:02.9884809Z remote: Counting objects:  74% (1290/1742)        
2024-03-03T14:58:02.9885365Z remote: Counting objects:  75% (1307/1742)        
2024-03-03T14:58:02.9886033Z remote: Counting objects:  76% (1324/1742)        
2024-03-03T14:58:02.9886484Z remote: Counting objects:  77% (1342/1742)        
2024-03-03T14:58:02.9887049Z remote: Counting objects:  78% (1359/1742)        
2024-03-03T14:58:02.9887527Z remote: Counting objects:  79% (1377/1742)        
2024-03-03T14:58:02.9887966Z remote: Counting objects:  80% (1394/1742)        
2024-03-03T14:58:02.9888541Z remote: Counting objects:  81% (1412/1742)        
2024-03-03T14:58:02.9889032Z remote: Counting objects:  82% (1429/1742)        
2024-03-03T14:58:02.9889472Z remote: Counting objects:  83% (1446/1742)        
2024-03-03T14:58:02.9890038Z remote: Counting objects:  84% (1464/1742)        
2024-03-03T14:58:02.9890511Z remote: Counting objects:  85% (1481/1742)        
2024-03-03T14:58:02.9890966Z remote: Counting objects:  86% (1499/1742)        
2024-03-03T14:58:02.9891502Z remote: Counting objects:  87% (1516/1742)        
2024-03-03T14:58:02.9891978Z remote: Counting objects:  88% (1533/1742)        
2024-03-03T14:58:02.9892435Z remote: Counting objects:  89% (1551/1742)        
2024-03-03T14:58:02.9892997Z remote: Counting objects:  90% (1568/1742)        
2024-03-03T14:58:02.9893487Z remote: Counting objects:  91% (1586/1742)        
2024-03-03T14:58:02.9894056Z remote: Counting objects:  92% (1603/1742)        
2024-03-03T14:58:02.9894501Z remote: Counting objects:  93% (1621/1742)        
2024-03-03T14:58:02.9895109Z remote: Counting objects:  94% (1638/1742)        
2024-03-03T14:58:02.9895695Z remote: Counting objects:  95% (1655/1742)        
2024-03-03T14:58:02.9896146Z remote: Counting objects:  96% (1673/1742)        
2024-03-03T14:58:02.9896632Z remote: Counting objects:  97% (1690/1742)        
2024-03-03T14:58:02.9897168Z remote: Counting objects:  98% (1708/1742)        
2024-03-03T14:58:02.9897609Z remote: Counting objects:  99% (1725/1742)        
2024-03-03T14:58:02.9898099Z remote: Counting objects: 100% (1742/1742)        
2024-03-03T14:58:02.9898821Z remote: Counting objects: 100% (1742/1742), done.        
2024-03-03T14:58:02.9899351Z remote: Compressing objects:   0% (1/1556)        
2024-03-03T14:58:02.9899889Z remote: Compressing objects:   1% (16/1556)        
2024-03-03T14:58:02.9900463Z remote: Compressing objects:   2% (32/1556)        
2024-03-03T14:58:02.9900945Z remote: Compressing objects:   3% (47/1556)        
2024-03-03T14:58:02.9901459Z remote: Compressing objects:   4% (63/1556)        
2024-03-03T14:58:03.0183498Z remote: Compressing objects:   5% (78/1556)        
2024-03-03T14:58:03.0184624Z remote: Compressing objects:   6% (94/1556)        
2024-03-03T14:58:03.0185784Z remote: Compressing objects:   7% (109/1556)        
2024-03-03T14:58:03.0186686Z remote: Compressing objects:   8% (125/1556)        
2024-03-03T14:58:03.0187394Z remote: Compressing objects:   9% (141/1556)        
2024-03-03T14:58:03.0188036Z remote: Compressing objects:  10% (156/1556)        
2024-03-03T14:58:03.0188816Z remote: Compressing objects:  11% (172/1556)        
2024-03-03T14:58:03.0189517Z remote: Compressing objects:  12% (187/1556)        
2024-03-03T14:58:03.0190132Z remote: Compressing objects:  13% (203/1556)        
2024-03-03T14:58:03.0190892Z remote: Compressing objects:  14% (218/1556)        
2024-03-03T14:58:03.0191544Z remote: Compressing objects:  15% (234/1556)        
2024-03-03T14:58:03.0192153Z remote: Compressing objects:  16% (249/1556)        
2024-03-03T14:58:03.0192732Z remote: Compressing objects:  17% (265/1556)        
2024-03-03T14:58:03.0193230Z remote: Compressing objects:  18% (281/1556)        
2024-03-03T14:58:03.0193712Z remote: Compressing objects:  19% (296/1556)        
2024-03-03T14:58:03.0194268Z remote: Compressing objects:  20% (312/1556)        
2024-03-03T14:58:03.0195060Z remote: Compressing objects:  21% (327/1556)        
2024-03-03T14:58:03.0195605Z remote: Compressing objects:  22% (343/1556)        
2024-03-03T14:58:03.0196154Z remote: Compressing objects:  23% (358/1556)        
2024-03-03T14:58:03.0196654Z remote: Compressing objects:  24% (374/1556)        
2024-03-03T14:58:03.0329505Z remote: Compressing objects:  25% (389/1556)        
2024-03-03T14:58:03.0335283Z remote: Compressing objects:  26% (405/1556)        
2024-03-03T14:58:03.0336166Z remote: Compressing objects:  27% (421/1556)        
2024-03-03T14:58:03.0336924Z remote: Compressing objects:  28% (436/1556)        
2024-03-03T14:58:03.0337410Z remote: Compressing objects:  29% (452/1556)        
2024-03-03T14:58:03.0337945Z remote: Compressing objects:  30% (467/1556)        
2024-03-03T14:58:03.0338513Z remote: Compressing objects:  31% (483/1556)        
2024-03-03T14:58:03.0339010Z remote: Compressing objects:  32% (498/1556)        
2024-03-03T14:58:03.0339490Z remote: Compressing objects:  33% (514/1556)        
2024-03-03T14:58:03.0340042Z remote: Compressing objects:  34% (530/1556)        
2024-03-03T14:58:03.0340537Z remote: Compressing objects:  35% (545/1556)        
2024-03-03T14:58:03.0341004Z remote: Compressing objects:  36% (561/1556)        
2024-03-03T14:58:03.0341562Z remote: Compressing objects:  37% (576/1556)        
2024-03-03T14:58:03.0342074Z remote: Compressing objects:  38% (592/1556)        
2024-03-03T14:58:03.0342533Z remote: Compressing objects:  39% (607/1556)        
2024-03-03T14:58:03.0343084Z remote: Compressing objects:  40% (623/1556)        
2024-03-03T14:58:03.0343586Z remote: Compressing objects:  41% (638/1556)        
2024-03-03T14:58:03.0344061Z remote: Compressing objects:  42% (654/1556)        
2024-03-03T14:58:03.0344625Z remote: Compressing objects:  43% (670/1556)        
2024-03-03T14:58:03.0345135Z remote: Compressing objects:  44% (685/1556)        
2024-03-03T14:58:03.0345594Z remote: Compressing objects:  45% (701/1556)        
2024-03-03T14:58:03.0469851Z remote: Compressing objects:  46% (716/1556)        
2024-03-03T14:58:03.0470969Z remote: Compressing objects:  47% (732/1556)        
2024-03-03T14:58:03.0472034Z remote: Compressing objects:  48% (747/1556)        
2024-03-03T14:58:03.0473353Z remote: Compressing objects:  49% (763/1556)        
2024-03-03T14:58:03.0474215Z remote: Compressing objects:  50% (778/1556)        
2024-03-03T14:58:03.0475315Z remote: Compressing objects:  51% (794/1556)        
2024-03-03T14:58:03.0476218Z remote: Compressing objects:  52% (810/1556)        
2024-03-03T14:58:03.0477032Z remote: Compressing objects:  53% (825/1556)        
2024-03-03T14:58:03.0477805Z remote: Compressing objects:  54% (841/1556)        
2024-03-03T14:58:03.0478500Z remote: Compressing objects:  55% (856/1556)        
2024-03-03T14:58:03.0479347Z remote: Compressing objects:  56% (872/1556)        
2024-03-03T14:58:03.0480157Z remote: Compressing objects:  57% (887/1556)        
2024-03-03T14:58:03.0481051Z remote: Compressing objects:  58% (903/1556)        
2024-03-03T14:58:03.0481867Z remote: Compressing objects:  59% (919/1556)        
2024-03-03T14:58:03.0482432Z remote: Compressing objects:  60% (934/1556)        
2024-03-03T14:58:03.0482968Z remote: Compressing objects:  61% (950/1556)        
2024-03-03T14:58:03.0483467Z remote: Compressing objects:  62% (965/1556)        
2024-03-03T14:58:03.0483974Z remote: Compressing objects:  63% (981/1556)        
2024-03-03T14:58:03.0484518Z remote: Compressing objects:  64% (996/1556)        
2024-03-03T14:58:03.0484989Z remote: Compressing objects:  65% (1012/1556)        
2024-03-03T14:58:03.0514017Z remote: Compressing objects:  66% (1027/1556)        
2024-03-03T14:58:03.0515559Z remote: Compressing objects:  67% (1043/1556)        
2024-03-03T14:58:03.0516627Z remote: Compressing objects:  68% (1059/1556)        
2024-03-03T14:58:03.0517336Z remote: Compressing objects:  69% (1074/1556)        
2024-03-03T14:58:03.0518126Z remote: Compressing objects:  70% (1090/1556)        
2024-03-03T14:58:03.0838711Z remote: Compressing objects:  71% (1105/1556)        
2024-03-03T14:58:03.0839938Z remote: Compressing objects:  72% (1121/1556)        
2024-03-03T14:58:03.0841068Z remote: Compressing objects:  73% (1136/1556)        
2024-03-03T14:58:03.0841871Z remote: Compressing objects:  74% (1152/1556)        
2024-03-03T14:58:03.0842870Z remote: Compressing objects:  75% (1167/1556)        
2024-03-03T14:58:03.0843535Z remote: Compressing objects:  76% (1183/1556)        
2024-03-03T14:58:03.0844093Z remote: Compressing objects:  77% (1199/1556)        
2024-03-03T14:58:03.0844620Z remote: Compressing objects:  78% (1214/1556)        
2024-03-03T14:58:03.0845126Z remote: Compressing objects:  79% (1230/1556)        
2024-03-03T14:58:03.0845661Z remote: Compressing objects:  80% (1245/1556)        
2024-03-03T14:58:03.0846175Z remote: Compressing objects:  81% (1261/1556)        
2024-03-03T14:58:03.0846675Z remote: Compressing objects:  82% (1276/1556)        
2024-03-03T14:58:03.0847198Z remote: Compressing objects:  83% (1292/1556)        
2024-03-03T14:58:03.0847716Z remote: Compressing objects:  84% (1308/1556)        
2024-03-03T14:58:03.0946491Z remote: Compressing objects:  85% (1323/1556)        
2024-03-03T14:58:03.0950067Z remote: Compressing objects:  86% (1339/1556)        
2024-03-03T14:58:03.0951097Z remote: Compressing objects:  87% (1354/1556)        
2024-03-03T14:58:03.0952358Z remote: Compressing objects:  88% (1370/1556)        
2024-03-03T14:58:03.0953145Z remote: Compressing objects:  89% (1385/1556)        
2024-03-03T14:58:03.0953789Z remote: Compressing objects:  90% (1401/1556)        
2024-03-03T14:58:03.0954399Z remote: Compressing objects:  91% (1416/1556)        
2024-03-03T14:58:03.0955145Z remote: Compressing objects:  92% (1432/1556)        
2024-03-03T14:58:03.0955677Z remote: Compressing objects:  93% (1448/1556)        
2024-03-03T14:58:03.0956270Z remote: Compressing objects:  94% (1463/1556)        
2024-03-03T14:58:03.0956752Z remote: Compressing objects:  95% (1479/1556)        
2024-03-03T14:58:03.0957276Z remote: Compressing objects:  96% (1494/1556)        
2024-03-03T14:58:03.0957842Z remote: Compressing objects:  97% (1510/1556)        
2024-03-03T14:58:03.0958319Z remote: Compressing objects:  98% (1525/1556)        
2024-03-03T14:58:03.0959053Z remote: Compressing objects:  99% (1541/1556)        
2024-03-03T14:58:03.0959656Z remote: Compressing objects: 100% (1556/1556)        
2024-03-03T14:58:03.0960160Z remote: Compressing objects: 100% (1556/1556), done.        
2024-03-03T14:58:03.1137485Z Receiving objects:   0% (1/1742)
2024-03-03T14:58:03.1140311Z Receiving objects:   1% (18/1742)
2024-03-03T14:58:03.1326748Z Receiving objects:   2% (35/1742)
2024-03-03T14:58:03.1733017Z Receiving objects:   3% (53/1742)
2024-03-03T14:58:03.2399210Z Receiving objects:   4% (70/1742)
2024-03-03T14:58:03.2401917Z Receiving objects:   5% (88/1742)
2024-03-03T14:58:03.2405418Z Receiving objects:   6% (105/1742)
2024-03-03T14:58:03.2410596Z Receiving objects:   7% (122/1742)
2024-03-03T14:58:03.2414732Z Receiving objects:   8% (140/1742)
2024-03-03T14:58:03.2418529Z Receiving objects:   9% (157/1742)
2024-03-03T14:58:03.2422014Z Receiving objects:  10% (175/1742)
2024-03-03T14:58:03.2425079Z Receiving objects:  11% (192/1742)
2024-03-03T14:58:03.2428004Z Receiving objects:  12% (210/1742)
2024-03-03T14:58:03.2438238Z Receiving objects:  13% (227/1742)
2024-03-03T14:58:03.2442269Z Receiving objects:  14% (244/1742)
2024-03-03T14:58:03.2444701Z Receiving objects:  15% (262/1742)
2024-03-03T14:58:03.2448351Z Receiving objects:  16% (279/1742)
2024-03-03T14:58:03.2467290Z Receiving objects:  17% (297/1742)
2024-03-03T14:58:03.2468477Z Receiving objects:  18% (314/1742)
2024-03-03T14:58:03.2469173Z Receiving objects:  19% (331/1742)
2024-03-03T14:58:03.2472751Z Receiving objects:  20% (349/1742)
2024-03-03T14:58:03.2477029Z Receiving objects:  21% (366/1742)
2024-03-03T14:58:03.2480204Z Receiving objects:  22% (384/1742)
2024-03-03T14:58:03.2484114Z Receiving objects:  23% (401/1742)
2024-03-03T14:58:03.2487411Z Receiving objects:  24% (419/1742)
2024-03-03T14:58:03.2491313Z Receiving objects:  25% (436/1742)
2024-03-03T14:58:03.2493204Z Receiving objects:  26% (453/1742)
2024-03-03T14:58:03.2495868Z Receiving objects:  27% (471/1742)
2024-03-03T14:58:03.2498750Z Receiving objects:  28% (488/1742)
2024-03-03T14:58:03.2501142Z Receiving objects:  29% (506/1742)
2024-03-03T14:58:03.2503247Z Receiving objects:  30% (523/1742)
2024-03-03T14:58:03.2507471Z Receiving objects:  31% (541/1742)
2024-03-03T14:58:03.2509047Z Receiving objects:  32% (558/1742)
2024-03-03T14:58:03.2511940Z Receiving objects:  33% (575/1742)
2024-03-03T14:58:03.2513259Z Receiving objects:  34% (593/1742)
2024-03-03T14:58:03.2515713Z Receiving objects:  35% (610/1742)
2024-03-03T14:58:03.2521178Z Receiving objects:  36% (628/1742)
2024-03-03T14:58:03.2525054Z Receiving objects:  37% (645/1742)
2024-03-03T14:58:03.2525815Z Receiving objects:  38% (662/1742)
2024-03-03T14:58:03.2529254Z Receiving objects:  39% (680/1742)
2024-03-03T14:58:03.2531761Z Receiving objects:  40% (697/1742)
2024-03-03T14:58:03.2534781Z Receiving objects:  41% (715/1742)
2024-03-03T14:58:03.2537769Z Receiving objects:  42% (732/1742)
2024-03-03T14:58:03.2541351Z Receiving objects:  43% (750/1742)
2024-03-03T14:58:03.2544412Z Receiving objects:  44% (767/1742)
2024-03-03T14:58:03.2546940Z Receiving objects:  45% (784/1742)
2024-03-03T14:58:03.2550237Z Receiving objects:  46% (802/1742)
2024-03-03T14:58:03.2552704Z Receiving objects:  47% (819/1742)
2024-03-03T14:58:03.2556532Z Receiving objects:  48% (837/1742)
2024-03-03T14:58:03.2558646Z Receiving objects:  49% (854/1742)
2024-03-03T14:58:03.2561209Z Receiving objects:  50% (871/1742)
2024-03-03T14:58:03.2562040Z Receiving objects:  51% (889/1742)
2024-03-03T14:58:03.2565162Z Receiving objects:  52% (906/1742)
2024-03-03T14:58:03.2570596Z Receiving objects:  53% (924/1742)
2024-03-03T14:58:03.2574395Z Receiving objects:  54% (941/1742)
2024-03-03T14:58:03.2580072Z Receiving objects:  55% (959/1742)
2024-03-03T14:58:03.2584206Z Receiving objects:  56% (976/1742)
2024-03-03T14:58:03.2585415Z Receiving objects:  57% (993/1742)
2024-03-03T14:58:03.2587271Z Receiving objects:  58% (1011/1742)
2024-03-03T14:58:03.2589506Z Receiving objects:  59% (1028/1742)
2024-03-03T14:58:03.2591338Z Receiving objects:  60% (1046/1742)
2024-03-03T14:58:03.2593069Z Receiving objects:  61% (1063/1742)
2024-03-03T14:58:03.2594818Z Receiving objects:  62% (1081/1742)
2024-03-03T14:58:03.2596047Z Receiving objects:  63% (1098/1742)
2024-03-03T14:58:03.2598378Z Receiving objects:  64% (1115/1742)
2024-03-03T14:58:03.2600377Z Receiving objects:  65% (1133/1742)
2024-03-03T14:58:03.2602936Z Receiving objects:  66% (1150/1742)
2024-03-03T14:58:03.2604228Z Receiving objects:  67% (1168/1742)
2024-03-03T14:58:03.2606227Z Receiving objects:  68% (1185/1742)
2024-03-03T14:58:03.2608786Z Receiving objects:  69% (1202/1742)
2024-03-03T14:58:03.2610578Z Receiving objects:  70% (1220/1742)
2024-03-03T14:58:03.2617650Z Receiving objects:  71% (1237/1742)
2024-03-03T14:58:03.2629519Z Receiving objects:  72% (1255/1742)
2024-03-03T14:58:03.2632428Z Receiving objects:  73% (1272/1742)
2024-03-03T14:58:03.2634346Z Receiving objects:  74% (1290/1742)
2024-03-03T14:58:03.2742781Z Receiving objects:  75% (1307/1742)
2024-03-03T14:58:03.2856781Z Receiving objects:  76% (1324/1742)
2024-03-03T14:58:03.2950387Z Receiving objects:  77% (1342/1742)
2024-03-03T14:58:03.3110124Z Receiving objects:  78% (1359/1742)
2024-03-03T14:58:03.3232624Z Receiving objects:  79% (1377/1742)
2024-03-03T14:58:03.3624074Z Receiving objects:  80% (1394/1742)
2024-03-03T14:58:03.3629427Z Receiving objects:  81% (1412/1742)
2024-03-03T14:58:03.3632770Z Receiving objects:  82% (1429/1742)
2024-03-03T14:58:03.3635265Z Receiving objects:  83% (1446/1742)
2024-03-03T14:58:03.3641626Z Receiving objects:  84% (1464/1742)
2024-03-03T14:58:03.3645992Z Receiving objects:  85% (1481/1742)
2024-03-03T14:58:03.3652145Z Receiving objects:  86% (1499/1742)
2024-03-03T14:58:03.3659454Z Receiving objects:  87% (1516/1742)
2024-03-03T14:58:03.3663592Z Receiving objects:  88% (1533/1742)
2024-03-03T14:58:03.3669410Z Receiving objects:  89% (1551/1742)
2024-03-03T14:58:03.3675546Z Receiving objects:  90% (1568/1742)
2024-03-03T14:58:03.3681124Z Receiving objects:  91% (1586/1742)
2024-03-03T14:58:03.3686677Z Receiving objects:  92% (1603/1742)
2024-03-03T14:58:03.3691652Z Receiving objects:  93% (1621/1742)
2024-03-03T14:58:03.3695974Z Receiving objects:  94% (1638/1742)
2024-03-03T14:58:03.3699910Z Receiving objects:  95% (1655/1742)
2024-03-03T14:58:03.3702954Z Receiving objects:  96% (1673/1742)
2024-03-03T14:58:03.3711980Z Receiving objects:  97% (1690/1742)
2024-03-03T14:58:03.3720792Z Receiving objects:  98% (1708/1742)
2024-03-03T14:58:03.3736942Z Receiving objects:  99% (1725/1742)
2024-03-03T14:58:03.3738220Z remote: Total 1742 (delta 280), reused 964 (delta 147), pack-reused 0        
2024-03-03T14:58:03.3749377Z Receiving objects: 100% (1742/1742)
2024-03-03T14:58:03.3750404Z Receiving objects: 100% (1742/1742), 6.59 MiB | 23.77 MiB/s, done.
2024-03-03T14:58:03.3757517Z Resolving deltas:   0% (0/280)
2024-03-03T14:58:03.3758327Z Resolving deltas:   1% (4/280)
2024-03-03T14:58:03.3760639Z Resolving deltas:   2% (6/280)
2024-03-03T14:58:03.3761374Z Resolving deltas:   3% (9/280)
2024-03-03T14:58:03.3762106Z Resolving deltas:   4% (12/280)
2024-03-03T14:58:03.3764181Z Resolving deltas:   5% (14/280)
2024-03-03T14:58:03.3765878Z Resolving deltas:   6% (17/280)
2024-03-03T14:58:03.3767191Z Resolving deltas:   7% (20/280)
2024-03-03T14:58:03.3768992Z Resolving deltas:   8% (23/280)
2024-03-03T14:58:03.3769787Z Resolving deltas:   9% (26/280)
2024-03-03T14:58:03.3770263Z Resolving deltas:  10% (28/280)
2024-03-03T14:58:03.3770775Z Resolving deltas:  11% (31/280)
2024-03-03T14:58:03.3771191Z Resolving deltas:  12% (34/280)
2024-03-03T14:58:03.3771580Z Resolving deltas:  13% (37/280)
2024-03-03T14:58:03.3772015Z Resolving deltas:  14% (40/280)
2024-03-03T14:58:03.3772398Z Resolving deltas:  15% (42/280)
2024-03-03T14:58:03.3772791Z Resolving deltas:  16% (45/280)
2024-03-03T14:58:03.3780316Z Resolving deltas:  17% (48/280)
2024-03-03T14:58:03.3781962Z Resolving deltas:  18% (51/280)
2024-03-03T14:58:03.3783285Z Resolving deltas:  19% (54/280)
2024-03-03T14:58:03.3785602Z Resolving deltas:  20% (56/280)
2024-03-03T14:58:03.3787346Z Resolving deltas:  21% (59/280)
2024-03-03T14:58:03.3789427Z Resolving deltas:  22% (62/280)
2024-03-03T14:58:03.3791275Z Resolving deltas:  23% (65/280)
2024-03-03T14:58:03.3792569Z Resolving deltas:  24% (68/280)
2024-03-03T14:58:03.3794286Z Resolving deltas:  25% (70/280)
2024-03-03T14:58:03.3796113Z Resolving deltas:  26% (73/280)
2024-03-03T14:58:03.3796789Z Resolving deltas:  27% (76/280)
2024-03-03T14:58:03.3797364Z Resolving deltas:  28% (79/280)
2024-03-03T14:58:03.3798135Z Resolving deltas:  29% (82/280)
2024-03-03T14:58:03.3798742Z Resolving deltas:  30% (84/280)
2024-03-03T14:58:03.3799298Z Resolving deltas:  31% (87/280)
2024-03-03T14:58:03.3800011Z Resolving deltas:  32% (90/280)
2024-03-03T14:58:03.3800611Z Resolving deltas:  33% (93/280)
2024-03-03T14:58:03.3801178Z Resolving deltas:  34% (96/280)
2024-03-03T14:58:03.3801954Z Resolving deltas:  35% (98/280)
2024-03-03T14:58:03.3802562Z Resolving deltas:  36% (101/280)
2024-03-03T14:58:03.3803179Z Resolving deltas:  37% (104/280)
2024-03-03T14:58:03.3803889Z Resolving deltas:  38% (107/280)
2024-03-03T14:58:03.3804497Z Resolving deltas:  39% (110/280)
2024-03-03T14:58:03.3805078Z Resolving deltas:  40% (112/280)
2024-03-03T14:58:03.3805783Z Resolving deltas:  41% (115/280)
2024-03-03T14:58:03.3806403Z Resolving deltas:  42% (118/280)
2024-03-03T14:58:03.3807008Z Resolving deltas:  43% (121/280)
2024-03-03T14:58:03.3807729Z Resolving deltas:  44% (124/280)
2024-03-03T14:58:03.3808353Z Resolving deltas:  45% (126/280)
2024-03-03T14:58:03.3809074Z Resolving deltas:  46% (129/280)
2024-03-03T14:58:03.3809651Z Resolving deltas:  47% (132/280)
2024-03-03T14:58:03.3810282Z Resolving deltas:  48% (135/280)
2024-03-03T14:58:03.3810986Z Resolving deltas:  49% (138/280)
2024-03-03T14:58:03.3811549Z Resolving deltas:  50% (140/280)
2024-03-03T14:58:03.3812180Z Resolving deltas:  51% (143/280)
2024-03-03T14:58:03.3813425Z Resolving deltas:  52% (146/280)
2024-03-03T14:58:03.3815947Z Resolving deltas:  53% (149/280)
2024-03-03T14:58:03.3818168Z Resolving deltas:  54% (152/280)
2024-03-03T14:58:03.3819206Z Resolving deltas:  55% (155/280)
2024-03-03T14:58:03.3819863Z Resolving deltas:  56% (157/280)
2024-03-03T14:58:03.3820556Z Resolving deltas:  57% (160/280)
2024-03-03T14:58:03.3821306Z Resolving deltas:  58% (163/280)
2024-03-03T14:58:03.3821969Z Resolving deltas:  59% (166/280)
2024-03-03T14:58:03.3822621Z Resolving deltas:  60% (168/280)
2024-03-03T14:58:03.3823399Z Resolving deltas:  61% (171/280)
2024-03-03T14:58:03.3826074Z Resolving deltas:  62% (174/280)
2024-03-03T14:58:03.3826711Z Resolving deltas:  63% (177/280)
2024-03-03T14:58:03.3827518Z Resolving deltas:  64% (180/280)
2024-03-03T14:58:03.3828213Z Resolving deltas:  65% (182/280)
2024-03-03T14:58:03.3828830Z Resolving deltas:  66% (185/280)
2024-03-03T14:58:03.3829603Z Resolving deltas:  67% (189/280)
2024-03-03T14:58:03.3830281Z Resolving deltas:  68% (191/280)
2024-03-03T14:58:03.3830720Z Resolving deltas:  69% (194/280)
2024-03-03T14:58:03.3831514Z Resolving deltas:  70% (196/280)
2024-03-03T14:58:03.3833289Z Resolving deltas:  71% (199/280)
2024-03-03T14:58:03.3835199Z Resolving deltas:  72% (202/280)
2024-03-03T14:58:03.3836181Z Resolving deltas:  73% (206/280)
2024-03-03T14:58:03.3836944Z Resolving deltas:  74% (208/280)
2024-03-03T14:58:03.3837622Z Resolving deltas:  75% (210/280)
2024-03-03T14:58:03.3838431Z Resolving deltas:  76% (213/280)
2024-03-03T14:58:03.3839131Z Resolving deltas:  77% (216/280)
2024-03-03T14:58:03.3839817Z Resolving deltas:  78% (219/280)
2024-03-03T14:58:03.3840674Z Resolving deltas:  79% (222/280)
2024-03-03T14:58:03.3841435Z Resolving deltas:  80% (224/280)
2024-03-03T14:58:03.3842195Z Resolving deltas:  81% (227/280)
2024-03-03T14:58:03.3842942Z Resolving deltas:  82% (230/280)
2024-03-03T14:58:03.3843598Z Resolving deltas:  83% (233/280)
2024-03-03T14:58:03.3844707Z Resolving deltas:  84% (236/280)
2024-03-03T14:58:03.3847667Z Resolving deltas:  85% (238/280)
2024-03-03T14:58:03.3854856Z Resolving deltas:  86% (241/280)
2024-03-03T14:58:03.3855542Z Resolving deltas:  87% (244/280)
2024-03-03T14:58:03.3856272Z Resolving deltas:  88% (247/280)
2024-03-03T14:58:03.3859067Z Resolving deltas:  89% (250/280)
2024-03-03T14:58:03.3859852Z Resolving deltas:  90% (252/280)
2024-03-03T14:58:03.3860833Z Resolving deltas:  91% (255/280)
2024-03-03T14:58:03.3861606Z Resolving deltas:  92% (258/280)
2024-03-03T14:58:03.3863351Z Resolving deltas:  93% (261/280)
2024-03-03T14:58:03.3864117Z Resolving deltas:  94% (264/280)
2024-03-03T14:58:03.3864880Z Resolving deltas:  95% (266/280)
2024-03-03T14:58:03.3866983Z Resolving deltas:  96% (269/280)
2024-03-03T14:58:03.3867756Z Resolving deltas:  97% (272/280)
2024-03-03T14:58:03.3868543Z Resolving deltas:  98% (275/280)
2024-03-03T14:58:03.3869290Z Resolving deltas:  99% (278/280)
2024-03-03T14:58:03.3870321Z Resolving deltas: 100% (280/280)
2024-03-03T14:58:03.3871011Z Resolving deltas: 100% (280/280), done.
2024-03-03T14:58:03.4003676Z From https://github.com/rubyforgood/human-essentials
2024-03-03T14:58:03.4004630Z  * [new ref]         7892a878afb574d185888661b7546b66ddc3af23 -> pull/4154/merge
2024-03-03T14:58:03.4028267Z ##[endgroup]
2024-03-03T14:58:03.4029473Z ##[group]Determining the checkout info
2024-03-03T14:58:03.4030639Z ##[endgroup]
2024-03-03T14:58:03.4031704Z ##[group]Checking out the ref
2024-03-03T14:58:03.4035881Z [command]/usr/bin/git checkout --progress --force refs/remotes/pull/4154/merge
2024-03-03T14:58:03.5352821Z Note: switching to 'refs/remotes/pull/4154/merge'.
2024-03-03T14:58:03.5354024Z 
2024-03-03T14:58:03.5355047Z You are in 'detached HEAD' state. You can look around, make experimental
2024-03-03T14:58:03.5356194Z changes and commit them, and you can discard any commits you make in this
2024-03-03T14:58:03.5356922Z state without impacting any branches by switching back to a branch.
2024-03-03T14:58:03.5357313Z 
2024-03-03T14:58:03.5357682Z If you want to create a new branch to retain commits you create, you may
2024-03-03T14:58:03.5358511Z do so (now or later) by using -c with the switch command. Example:
2024-03-03T14:58:03.5359158Z 
2024-03-03T14:58:03.5359351Z   git switch -c <new-branch-name>
2024-03-03T14:58:03.5359603Z 
2024-03-03T14:58:03.5359854Z Or undo this operation with:
2024-03-03T14:58:03.5360258Z 
2024-03-03T14:58:03.5360468Z   git switch -
2024-03-03T14:58:03.5360831Z 
2024-03-03T14:58:03.5361370Z Turn off this advice by setting config variable advice.detachedHead to false
2024-03-03T14:58:03.5362142Z 
2024-03-03T14:58:03.5363096Z HEAD is now at 7892a87 Merge edd5283c7b80b1120134c4cfe7a14649830aa7b7 into 04c399cab7f8a4ffec4442651712639f7da647bd
2024-03-03T14:58:03.5366402Z ##[endgroup]
2024-03-03T14:58:03.5412091Z [command]/usr/bin/git log -1 --format='%H'
2024-03-03T14:58:03.5444628Z '7892a878afb574d185888661b7546b66ddc3af23'
2024-03-03T14:58:03.5733642Z ##[group]Run ruby/setup-ruby@v1
2024-03-03T14:58:03.5734166Z with:
2024-03-03T14:58:03.5734448Z   bundler-cache: true
2024-03-03T14:58:03.5734820Z   ruby-version: default
2024-03-03T14:58:03.5735245Z ##[endgroup]
2024-03-03T14:58:03.7401060Z Using 3.2.2 as input from file .ruby-version
2024-03-03T14:58:03.7427915Z ##[group]Modifying PATH
2024-03-03T14:58:03.7428665Z Entries added to PATH to use selected Ruby:
2024-03-03T14:58:03.7429528Z   /opt/hostedtoolcache/Ruby/3.2.2/x64/bin
2024-03-03T14:58:03.7430912Z ##[endgroup]
2024-03-03T14:58:03.7448059Z ##[group]Downloading Ruby
2024-03-03T14:58:03.7451830Z https://github.com/ruby/ruby-builder/releases/download/toolcache/ruby-3.2.2-ubuntu-22.04.tar.gz
2024-03-03T14:58:04.3162670Z Took   0.57 seconds
2024-03-03T14:58:04.3163967Z ##[endgroup]
2024-03-03T14:58:04.3165150Z ##[group]Extracting  Ruby
2024-03-03T14:58:04.3193678Z [command]/usr/bin/tar -xz -C /opt/hostedtoolcache/Ruby/3.2.2 -f /home/runner/work/_temp/a00ea0c8-d1be-43bd-a7fe-bae483e78fc7
2024-03-03T14:58:04.7085492Z Took   0.39 seconds
2024-03-03T14:58:04.7086861Z ##[endgroup]
2024-03-03T14:58:04.7087766Z ##[group]Print Ruby version
2024-03-03T14:58:04.7101259Z [command]/opt/hostedtoolcache/Ruby/3.2.2/x64/bin/ruby --version
2024-03-03T14:58:04.7308036Z ruby 3.2.2 (2023-03-30 revision e51014f9c0) [x86_64-linux]
2024-03-03T14:58:04.7325100Z Took   0.02 seconds
2024-03-03T14:58:04.7326182Z ##[endgroup]
2024-03-03T14:58:04.7327986Z ##[group]Installing Bundler
2024-03-03T14:58:04.7332505Z Using Bundler 2.5.4 from Gemfile.lock BUNDLED WITH 2.5.4
2024-03-03T14:58:04.7337381Z [command]/opt/hostedtoolcache/Ruby/3.2.2/x64/bin/gem install bundler -v 2.5.4
2024-03-03T14:58:05.1348780Z Successfully installed bundler-2.5.4
2024-03-03T14:58:05.1349480Z 1 gem installed
2024-03-03T14:58:05.1399506Z Took   0.41 seconds
2024-03-03T14:58:05.1400724Z ##[endgroup]
2024-03-03T14:58:05.1401515Z > bundle install
2024-03-03T14:58:05.1416793Z [command]/opt/hostedtoolcache/Ruby/3.2.2/x64/bin/bundle config --local path /home/runner/work/human-essentials/human-essentials/vendor/bundle
2024-03-03T14:58:05.2877712Z [command]/opt/hostedtoolcache/Ruby/3.2.2/x64/bin/bundle config --local deployment true
2024-03-03T14:58:05.4334891Z Cache key: setup-ruby-bundler-cache-v6-ubuntu-22.04-x64-ruby-3.2.2-wd-/home/runner/work/human-essentials/human-essentials-with--without--only--Gemfile.lock-8ffac5fe94ae69c0719dbecea765f8db5b9e76e05c82c0059469ed5f19edde0c
2024-03-03T14:58:07.0393111Z Received 0 of 214899973 (0.0%), 0.0 MBs/sec
2024-03-03T14:58:08.0395264Z Received 130023424 of 214899973 (60.5%), 62.0 MBs/sec
2024-03-03T14:58:08.5118757Z Cache Size: ~205 MB (214899973 B)
2024-03-03T14:58:08.5185748Z [command]/usr/bin/tar -xf /home/runner/work/_temp/e9da423f-212f-4131-b9a4-d62b9ed971f8/cache.tzst -P -C /home/runner/work/human-essentials/human-essentials --use-compress-program unzstd
2024-03-03T14:58:09.0439268Z Received 214899973 of 214899973 (100.0%), 68.2 MBs/sec
2024-03-03T14:58:10.2092361Z Cache restored successfully
2024-03-03T14:58:10.2516558Z Found cache for key: setup-ruby-bundler-cache-v6-ubuntu-22.04-x64-ruby-3.2.2-wd-/home/runner/work/human-essentials/human-essentials-with--without--only--Gemfile.lock-8ffac5fe94ae69c0719dbecea765f8db5b9e76e05c82c0059469ed5f19edde0c
2024-03-03T14:58:10.2525684Z [command]/opt/hostedtoolcache/Ruby/3.2.2/x64/bin/bundle install --jobs 4
2024-03-03T14:58:10.6245076Z Bundle complete! 85 Gemfile dependencies, 246 gems now installed.
2024-03-03T14:58:10.6247133Z Bundled gems are installed into `./vendor/bundle`
2024-03-03T14:58:10.6291708Z Took   5.49 seconds
2024-03-03T14:58:10.6465531Z ##[group]Run sudo apt-get -yqq install libpq-dev
2024-03-03T14:58:10.6466164Z [36;1msudo apt-get -yqq install libpq-dev[0m
2024-03-03T14:58:10.6509551Z shell: /usr/bin/bash -e {0}
2024-03-03T14:58:10.6510102Z ##[endgroup]
2024-03-03T14:58:11.7725912Z ##[group]Run bundle exec rake db:create
2024-03-03T14:58:11.7726432Z [36;1mbundle exec rake db:create[0m
2024-03-03T14:58:11.7726968Z [36;1mbundle exec rake db:schema:load[0m
2024-03-03T14:58:11.7755741Z shell: /usr/bin/bash -e {0}
2024-03-03T14:58:11.7756249Z env:
2024-03-03T14:58:11.7756580Z   POSTGRES_HOST: localhost
2024-03-03T14:58:11.7756987Z   DATABASE_HOST: localhost
2024-03-03T14:58:11.7757447Z   PG_USERNAME: postgres
2024-03-03T14:58:11.7757813Z   PG_PASSWORD: password
2024-03-03T14:58:11.7758170Z   POSTGRES_HOST_AUTH_METHOD: trust
2024-03-03T14:58:11.7758645Z   POSTGRES_PORT: 5432
2024-03-03T14:58:11.7758988Z   RAILS_ENV: test
2024-03-03T14:58:11.7759330Z ##[endgroup]
2024-03-03T14:58:18.1269126Z We could not find your database: diaper_test. Which can be found in the database configuration file located at config/database.yml.
2024-03-03T14:58:18.1270277Z 
2024-03-03T14:58:18.1270484Z To resolve this issue:
2024-03-03T14:58:18.1271064Z 
2024-03-03T14:58:18.1272177Z - Did you create the database for this app, or delete it? You may need to create your database.
2024-03-03T14:58:18.1273769Z - Has the database name changed? Check your database.yml config has the correct database name.
2024-03-03T14:58:18.1274887Z 
2024-03-03T14:58:18.1275164Z To create your database, run:
2024-03-03T14:58:18.1275541Z 
2024-03-03T14:58:18.1275809Z         bin/rails db:create
2024-03-03T14:58:18.1276673Z . You likely need to run `rails g flipper:active_record` and/or `rails db:migrate`.
2024-03-03T14:58:18.3535604Z Created database 'diaper_test'
2024-03-03T14:58:18.6451824Z Coverage report generated for RSpec to /home/runner/work/human-essentials/human-essentials/coverage. 329 / 10195 LOC (3.23%) covered.
2024-03-03T14:58:24.7771662Z PG::UndefinedTable: ERROR:  relation "flipper_gates" does not exist
2024-03-03T14:58:24.7773155Z LINE 9:  WHERE a.attrelid = '"flipper_gates"'::regclass
2024-03-03T14:58:24.7774039Z                             ^
2024-03-03T14:58:24.7775163Z . You likely need to run `rails g flipper:active_record` and/or `rails db:migrate`.
2024-03-03T14:58:25.6529488Z Coverage report generated for RSpec to /home/runner/work/human-essentials/human-essentials/coverage. 329 / 10195 LOC (3.23%) covered.
2024-03-03T14:58:25.6905277Z ##[group]Run RUBYOPT='-W:no-deprecated -W:no-experimental' bin/knapsack_pro_rspec
2024-03-03T14:58:25.6906220Z [36;1mRUBYOPT='-W:no-deprecated -W:no-experimental' bin/knapsack_pro_rspec[0m
2024-03-03T14:58:25.6933852Z shell: /usr/bin/bash -e {0}
2024-03-03T14:58:25.6934253Z env:
2024-03-03T14:58:25.6934570Z   POSTGRES_HOST: localhost
2024-03-03T14:58:25.6935045Z   DATABASE_HOST: localhost
2024-03-03T14:58:25.6935416Z   PG_USERNAME: postgres
2024-03-03T14:58:25.6935746Z   PG_PASSWORD: password
2024-03-03T14:58:25.6936216Z   POSTGRES_HOST_AUTH_METHOD: trust
2024-03-03T14:58:25.6936631Z   POSTGRES_PORT: 5432
2024-03-03T14:58:25.6937038Z   PGHOST: localhost
2024-03-03T14:58:25.6937391Z   PGUSER: postgres
2024-03-03T14:58:25.6937689Z   RAILS_ENV: test
2024-03-03T14:58:25.6938112Z   KNAPSACK_PRO_TEST_SUITE_TOKEN_RSPEC: 
2024-03-03T14:58:25.6938560Z   KNAPSACK_PRO_CI_NODE_TOTAL: 2
2024-03-03T14:58:25.6938950Z   KNAPSACK_PRO_CI_NODE_INDEX: 0
2024-03-03T14:58:25.6939541Z   KNAPSACK_PRO_RSPEC_SPLIT_BY_TEST_EXAMPLES: true
2024-03-03T14:58:25.6940009Z   KNAPSACK_PRO_LOG_LEVEL: info
2024-03-03T14:58:25.6940721Z   KNAPSACK_PRO_TEST_FILE_EXCLUDE_PATTERN: {spec/system/**{,/*/**}/*_spec.rb,spec/requests/**{,/*/**}/*_spec.rb}
2024-03-03T14:58:25.6941601Z   EVENTS_READ: true
2024-03-03T14:58:25.6941950Z ##[endgroup]
2024-03-03T14:58:31.3223644Z W, [2024-03-03T14:58:31.322034 #2255]  WARN -- : [knapsack_pro] GET https://api-disabled-for-fork.knapsackpro.com/v1/build_distributions/last
2024-03-03T14:58:31.3225326Z W, [2024-03-03T14:58:31.322083 #2255]  WARN -- : [knapsack_pro] Request failed due to:
2024-03-03T14:58:31.3226836Z W, [2024-03-03T14:58:31.322106 #2255]  WARN -- : [knapsack_pro] #<SocketError: Failed to open TCP connection to api-disabled-for-fork.knapsackpro.com:443 (getaddrinfo: Name or service not known)>
2024-03-03T14:58:31.3229718Z W, [2024-03-03T14:58:31.322141 #2255]  WARN -- : [knapsack_pro] Slow test files fallback behaviour started. We could not connect with Knapsack Pro API to fetch last CI build test files that are needed to determine slow test files. No test files will be split by test cases. It means all test files will be split by the whole test files as if split by test cases would be disabled https://knapsackpro.com/perma/ruby/split-by-test-examples
2024-03-03T14:58:34.7930259Z W, [2024-03-03T14:58:34.792711 #2255]  WARN -- : [knapsack_pro] POST https://api-disabled-for-fork.knapsackpro.com/v1/build_distributions/subset
2024-03-03T14:58:34.7931440Z W, [2024-03-03T14:58:34.792762 #2255]  WARN -- : [knapsack_pro] Request failed due to:
2024-03-03T14:58:34.7932909Z W, [2024-03-03T14:58:34.792792 #2255]  WARN -- : [knapsack_pro] #<SocketError: Failed to open TCP connection to api-disabled-for-fork.knapsackpro.com:443 (getaddrinfo: Name or service not known)>
2024-03-03T14:58:34.7935034Z W, [2024-03-03T14:58:34.792848 #2255]  WARN -- : [knapsack_pro] Fallback mode started. We could not connect with Knapsack Pro API. Your tests will be executed based on directory names. Read more about fallback mode at https://knapsackpro.com/perma/ruby/fallback-mode
2024-03-03T14:58:34.8001361Z /opt/hostedtoolcache/Ruby/3.2.2/x64/bin/ruby -I/home/runner/work/human-essentials/human-essentials/vendor/bundle/ruby/3.2.0/gems/rspec-core-3.12.2/lib:/home/runner/work/human-essentials/human-essentials/vendor/bundle/ruby/3.2.0/gems/rspec-support-3.12.1/lib /home/runner/work/human-essentials/human-essentials/vendor/bundle/ruby/3.2.0/gems/rspec-core-3.12.2/exe/rspec  --format documentation --format KnapsackPro::Formatters::TimeTracker --default-path spec "spec/models/account_request_spec.rb" "spec/models/audit_spec.rb" "spec/models/base_item_spec.rb" "spec/models/concerns/deadlinable_spec.rb" "spec/models/distribution_spec.rb" "spec/models/donation_spec.rb" "spec/models/inventory_item_spec.rb" "spec/models/item_spec.rb" "spec/models/kit_spec.rb" "spec/models/manufacturer_spec.rb" "spec/models/organization_spec.rb" "spec/models/partner_group_spec.rb" "spec/models/partners/authorized_family_member_spec.rb" "spec/models/partners/child_spec.rb" "spec/models/partners/item_request_spec.rb" "spec/models/partners/served_area_spec.rb" "spec/models/product_drive_spec.rb" "spec/models/question_spec.rb" "spec/models/request_spec.rb" "spec/models/storage_location_spec.rb" "spec/models/user_spec.rb" "spec/models/vendor_spec.rb" "spec/controllers/admins_controller_spec.rb" "spec/controllers/distributions_controller_spec.rb" "spec/controllers/donations_controller_spec.rb" "spec/controllers/items_controller_spec.rb" "spec/events/event_differ_spec.rb" "spec/helpers/application_helper_spec.rb" "spec/helpers/product_drive_helper_spec.rb" "spec/jobs/historical_data_cache_job_spec.rb" "spec/jobs/partner_mailer_job_spec.rb" "spec/lib/dispersed_past_dates_generator_spec.rb" "spec/mailers/custom_devise_mailer_spec.rb" "spec/mailers/organization_mailer_spec.rb" "spec/mailers/reminder_deadline_mailer_spec.rb" "spec/mailers/requests_confirmation_mailer_spec.rb" "spec/pdfs/distribution_pdf_spec.rb" "spec/queries/items_in_total_query_spec.rb" "spec/queries/items_out_total_query_spec.rb" "spec/services/add_role_service_spec.rb" "spec/services/allocate_kit_inventory_service_spec.rb" "spec/services/deadline_service_spec.rb" "spec/services/distribution_content_change_service_spec.rb" "spec/services/distribution_destroy_service_spec.rb" "spec/services/distribution_reminder_spec.rb" "spec/services/distributions_by_county_report_service_spec.rb" "spec/services/donation_destroy_service_spec.rb" "spec/services/exports/export_distributions_csv_service_spec.rb" "spec/services/exports/export_purchases_csv_service_spec.rb" "spec/services/exports/export_request_service_spec.rb" "spec/services/inventory_check_service_spec.rb" "spec/services/itemizable_update_service_spec.rb" "spec/services/organization_update_service_spec.rb" "spec/services/partner_create_service_spec.rb" "spec/services/partner_invite_service_spec.rb" "spec/services/partner_request_recertification_service_spec.rb" "spec/services/partners/fetch_partners_to_remind_now_service_spec.rb" "spec/services/partners/request_create_service_spec.rb" "spec/services/profile_update_service_spec.rb" "spec/services/reports/acquisition_report_service_spec.rb" "spec/services/reports/children_served_report_service_spec.rb" "spec/services/reports/partner_info_report_service_spec.rb" "spec/services/reports/summary_report_service_spec.rb" "spec/services/request_destroy_service_spec.rb" "spec/services/service_object_errors_mixin_spec.rb" "spec/services/text_interpolator_service_spec.rb" "spec/services/user_invite_service_spec.rb"
2024-03-03T14:58:43.2438627Z 
2024-03-03T14:58:43.2439292Z Randomized with seed 1041
2024-03-03T14:58:45.0351950Z 
2024-03-03T14:58:45.0352986Z Exports::ExportPurchasesCSVService
2024-03-03T14:58:45.0353818Z   #generate_csv_data
2024-03-03T14:58:45.1983127Z     should match the expected content for the csv
2024-03-03T14:58:45.1983993Z 
2024-03-03T14:58:45.1984300Z PartnerRequestRecertificationService
2024-03-03T14:58:45.1985055Z   #call
2024-03-03T14:58:45.1986141Z     when the arguments are correct
2024-03-03T14:58:45.2296101Z       should queue sending the notice to the partner
2024-03-03T14:58:45.2607432Z       should change the partner status to approved
2024-03-03T14:58:45.2878009Z       should have no errors
2024-03-03T14:58:45.2878839Z       but a unexpected error occurred during the save
2024-03-03T14:58:45.2879739Z         for partner approval
2024-03-03T14:58:45.3129271Z           should NOT queue sending the notice to the partner
2024-03-03T14:58:45.3367051Z           should have an error with the raised error
2024-03-03T14:58:45.3616349Z           should not change the partner status to recertification_required
2024-03-03T14:58:45.3617538Z     when the partner is deactivated
2024-03-03T14:58:45.3888368Z       does not send an email
2024-03-03T14:58:45.3889251Z     when the arguments are incorrect
2024-03-03T14:58:45.3890206Z       because the partner has already been requested to recertify
2024-03-03T14:58:45.4184531Z         should return the PartnerRequestRecertificationService object with an error
2024-03-03T14:58:45.4185391Z 
2024-03-03T14:58:45.4186236Z DispersedPastDatesGenerator
2024-03-03T14:58:45.4186926Z   #next
2024-03-03T14:58:45.4237252Z     returns equally dispersed dates between all time ranges
2024-03-03T14:58:45.4238036Z   constants
2024-03-03T14:58:45.4270824Z     has 4 day ranges for generation of past dates
2024-03-03T14:58:45.4271451Z 
2024-03-03T14:58:45.4271679Z OrganizationMailer
2024-03-03T14:58:45.4272569Z   #partner_approval_request
2024-03-03T14:58:45.4566736Z     renders the body with correct text with partner information
2024-03-03T14:58:45.4807209Z     includes a link to the relevant partner
2024-03-03T14:58:45.5039436Z     should be sent to the partner main email with the correct subject line
2024-03-03T14:58:45.5040100Z 
2024-03-03T14:58:45.5040388Z StorageLocation
2024-03-03T14:58:45.5041443Z   versioning
2024-03-03T14:58:45.5077363Z     is expected to be versioned
2024-03-03T14:58:45.5078013Z   Filtering >
2024-03-03T14:58:45.5165182Z     ->active_locations yields only storage locations that haven't been discarded
2024-03-03T14:58:45.6032046Z     ->containing yields only inventories that have that item
2024-03-03T14:58:45.6032846Z   Methods >
2024-03-03T14:58:45.6034758Z     StorageLocation.items_inventoried
2024-03-03T14:58:45.6840595Z       returns a collection of items that are stored within inventories
2024-03-03T14:58:45.6841411Z     decrease_inventory
2024-03-03T14:58:45.8188450Z       decreases inventory quantities from an itemizable object
2024-03-03T14:58:45.8189311Z       when there is insufficient inventory available
2024-03-03T14:58:45.8275150Z         gives informative errors
2024-03-03T14:58:45.8359407Z         does not change inventory quantities if there is an error
2024-03-03T14:58:45.8360429Z     inventory_total_value_in_dollars
2024-03-03T14:58:45.8480270Z       returns 0 when there are no items in this storage location
2024-03-03T14:58:45.8943577Z       returns total value of all items in this storage location
2024-03-03T14:58:45.9309569Z       returns a value including cents if the total isn't an even dollar amount
2024-03-03T14:58:45.9310333Z     size
2024-03-03T14:58:45.9772615Z       returns total quantity of all items in this storage location
2024-03-03T14:58:45.9773528Z     geocode
2024-03-03T14:58:45.9877511Z       adds coordinates to the database
2024-03-03T14:58:45.9878208Z     csv_export_attributes
2024-03-03T14:58:46.0522406Z       returns an array of storage location attributes, followed by inventory item quantities that are sorted by alphabetized item names
2024-03-03T14:58:46.0523280Z     import_csv
2024-03-03T14:58:46.0643352Z       imports storage locations from a csv file
2024-03-03T14:58:46.0644079Z     item_total
2024-03-03T14:58:46.1029583Z       retrieves the total for a single item
2024-03-03T14:58:46.1030564Z     import_inventory
2024-03-03T14:58:46.4658474Z       imports storage locations from a csv file
2024-03-03T14:58:46.4659575Z     increase_inventory
2024-03-03T14:58:46.4660232Z       when increasing with an inactive item
2024-03-03T14:58:46.5785940Z         re-activates the item as part of the creation process
2024-03-03T14:58:46.6844410Z       when providing a new item that does not yet exist
2024-03-03T14:58:46.6845509Z         creates those new inventory items in the storage location
2024-03-03T14:58:46.6846371Z       With existing inventory
2024-03-03T14:58:46.7899436Z         increases inventory quantities from an itemizable object
2024-03-03T14:58:46.7900351Z   Validations >
2024-03-03T14:58:46.7965905Z     is expected to validate that :name cannot be empty/falsy
2024-03-03T14:58:46.8024748Z     is expected to validate that :address cannot be empty/falsy
2024-03-03T14:58:46.8078828Z     is expected to validate that :organization cannot be empty/falsy
2024-03-03T14:58:46.8079796Z   Callbacks >
2024-03-03T14:58:46.8080312Z     before_destroy
2024-03-03T14:58:46.8428875Z       does not delete storage locations with inventory items on it
2024-03-03T14:58:46.9025398Z       deletes storage locations with no inventory items on it
2024-03-03T14:58:46.9026113Z 
2024-03-03T14:58:46.9026361Z UserInviteService
2024-03-03T14:58:46.9027130Z   with a new user
2024-03-03T14:58:47.1713791Z     should create the user with roles
2024-03-03T14:58:47.1714813Z   with existing user
2024-03-03T14:58:47.1814214Z     should raise an error when reinviting an existing user with the same role
2024-03-03T14:58:47.3805263Z     should add roles to existing user
2024-03-03T14:58:47.3806039Z     with force: true
2024-03-03T14:58:47.4036942Z       should reinvite the user
2024-03-03T14:58:47.4039029Z 
2024-03-03T14:58:47.4039472Z Donation
2024-03-03T14:58:47.4040975Z   behaves like itemizable
2024-03-03T14:58:47.4041749Z     .line_items
2024-03-03T14:58:47.4043013Z       total
2024-03-03T14:58:47.4489934Z         has an item total
2024-03-03T14:58:47.4490583Z       quantities_by_name
2024-03-03T14:58:47.4839277Z         leaves out zero-quantitied items if requested
2024-03-03T14:58:47.5175602Z         returns a hash of items with id, name, and quantity
2024-03-03T14:58:47.5176388Z       sorted
2024-03-03T14:58:47.5673561Z         displays the items, sorted by name
2024-03-03T14:58:47.5674237Z       combine!
2024-03-03T14:58:47.6074211Z         combines multiple line_items with the same item_id into a single record
2024-03-03T14:58:47.6527068Z         incrementally combines line_items on donations that have already been created
2024-03-03T14:58:47.6528042Z     .to_a
2024-03-03T14:58:47.6528745Z       with Flipper flag :deprecate_to_a enabled
2024-03-03T14:58:47.6864315Z         raises an error
2024-03-03T14:58:47.6865000Z       with Flipper flag :deprecate_to_a disabled
2024-03-03T14:58:47.7203239Z         calls line_item_values
2024-03-03T14:58:47.7204048Z   Methods >
2024-03-03T14:58:47.7205244Z     money_raised
2024-03-03T14:58:47.7801992Z       tracks the money raised in a donation
2024-03-03T14:58:47.7802491Z     source_view
2024-03-03T14:58:47.7803110Z       details
2024-03-03T14:58:47.7804205Z         misc
2024-03-03T14:58:47.7885637Z           returns a truncated comment
2024-03-03T14:58:47.7886261Z         donation site
2024-03-03T14:58:47.7997048Z           returns donation_site name (FAILED - 1)
2024-03-03T14:58:47.7997651Z         product drive
2024-03-03T14:58:47.8149892Z           returns product_drive name
2024-03-03T14:58:47.8150630Z         manufacturer
2024-03-03T14:58:47.8293945Z           returns manufacturer name
2024-03-03T14:58:47.8294707Z       from a drive
2024-03-03T14:58:47.8295368Z         participant known
2024-03-03T14:58:47.8296119Z           no contact name
2024-03-03T14:58:47.8470177Z             returns drive display name
2024-03-03T14:58:47.8471003Z           contact name present
2024-03-03T14:58:47.8587716Z             returns participant display name
2024-03-03T14:58:47.8588573Z         unknown participant
2024-03-03T14:58:47.8686575Z           returns drive display name
2024-03-03T14:58:47.8687300Z       not from a drive
2024-03-03T14:58:47.8789465Z         returns source
2024-03-03T14:58:47.8790097Z     remove
2024-03-03T14:58:47.9389913Z       works with either an id or an object
2024-03-03T14:58:48.0010869Z       removes the item from the donation
2024-03-03T14:58:48.0666290Z       fails gracefully if the item doesn't exist
2024-03-03T14:58:48.0666793Z   versioning
2024-03-03T14:58:48.0699878Z     is expected to be versioned
2024-03-03T14:58:48.0700479Z   Scopes >
2024-03-03T14:58:48.0701132Z     during >
2024-03-03T14:58:48.0878544Z       returns all donations created between two dates
2024-03-03T14:58:48.0879136Z     by_source >
2024-03-03T14:58:48.0879706Z       when source is a symbol
2024-03-03T14:58:48.0880822Z         when source is invalid
2024-03-03T14:58:48.1050769Z           does not throw errors, returns no results
2024-03-03T14:58:48.1051620Z         when source is valid
2024-03-03T14:58:48.1216616Z           allows a symbol as an argument, referencing the SOURCES hash
2024-03-03T14:58:48.1217627Z       when source is not a symbol
2024-03-03T14:58:48.1218443Z         when source comes from the SOURCES hash
2024-03-03T14:58:48.1383655Z           returns all donations with the provided source
2024-03-03T14:58:48.1384510Z         when source is invalid
2024-03-03T14:58:48.1546862Z           does not throw errors, returns no results
2024-03-03T14:58:48.1547858Z   SOURCES
2024-03-03T14:58:48.1583225Z     the hash values are immutable
2024-03-03T14:58:48.1615589Z     is a hash that is referenceable by key to avoid 'magic strings'
2024-03-03T14:58:48.1649076Z     the hash is immutable
2024-03-03T14:58:48.1649710Z   Validations >
2024-03-03T14:58:48.1766517Z     requires a donation_site if the source is 'Donation Site'
2024-03-03T14:58:48.1809027Z     must belong to an organization
2024-03-03T14:58:48.1926131Z     requires a product drive participant if the source is 'Product Drive'
2024-03-03T14:58:48.2040702Z     requires a manufacturer if the source is 'Manufacturer'
2024-03-03T14:58:48.2181102Z     is invalid when the line items are invalid
2024-03-03T14:58:48.2246219Z     requires a source from the list of available sources
2024-03-03T14:58:48.2294752Z     ensures that the issued at is no earlier than 2000
2024-03-03T14:58:48.2334732Z     requires an inventory (storage location)
2024-03-03T14:58:48.2335843Z   Associations >
2024-03-03T14:58:48.2336463Z     items >
2024-03-03T14:58:48.2485796Z       has_many
2024-03-03T14:58:48.2486387Z   Callbacks >
2024-03-03T14:58:48.2635313Z     automatically combines duplicate line_item records when they're created
2024-03-03T14:58:48.2757095Z     inititalizes the issued_at field to default to midnight if it wasn't explicitly set
2024-03-03T14:58:48.2758241Z 
2024-03-03T14:58:48.2758501Z OrganizationUpdateService
2024-03-03T14:58:48.2759165Z   #update
2024-03-03T14:58:48.2760092Z     when object is invalid
2024-03-03T14:58:48.4484750Z       should not update and return false
2024-03-03T14:58:48.4485482Z     when organization has partners
2024-03-03T14:58:48.4486722Z       when all of a single partner's request flags WILL NOT be disabled
2024-03-03T14:58:48.6733447Z         should allow the disabling of request flags in organization and its partners
2024-03-03T14:58:48.6734898Z       when all of a single partner's request flags will be disabled
2024-03-03T14:58:48.8915751Z         should add an error message to the organization
2024-03-03T14:58:49.1090753Z         should NOT change request flags in organization or its partners
2024-03-03T14:58:49.1091727Z     when object is valid
2024-03-03T14:58:49.2838251Z       should update and return true
2024-03-03T14:58:49.2838897Z   #update_partner_flags
2024-03-03T14:58:49.2839687Z     when request flags have changed
2024-03-03T14:58:49.5061597Z       should update partners when disabling child and individual request flags
2024-03-03T14:58:49.7242924Z       should update partners when disabling quantity-based request flags
2024-03-03T14:58:49.9348079Z       should NOT update partners' request flags when enabling request flags on the organization
2024-03-03T14:58:49.9348862Z     when request flags haven't changed
2024-03-03T14:58:50.1487193Z       should not update partners
2024-03-03T14:58:50.1488072Z 
2024-03-03T14:58:50.1488433Z Exports::ExportDistributionsCSVService
2024-03-03T14:58:50.1489274Z   #generate_csv_data
2024-03-03T14:58:50.3239633Z     should match the expected content for the csv
2024-03-03T14:58:50.3240488Z     when a new item is added
2024-03-03T14:58:50.4998040Z       should show up with a 0 quantity if there are none of this item in any distribution
2024-03-03T14:58:50.6789547Z       should add it to the end of the row
2024-03-03T14:58:50.6790514Z     when there are no distributions but the report is requested
2024-03-03T14:58:50.8423854Z       returns a csv with only headers and no rows
2024-03-03T14:58:50.8424560Z 
2024-03-03T14:58:50.8424862Z TextInterpolatorService
2024-03-03T14:58:50.8425633Z   #call
2024-03-03T14:58:50.8462774Z     returns interpolated text
2024-03-03T14:58:50.8463512Z     when text is nil
2024-03-03T14:58:50.8497849Z       returns nil
2024-03-03T14:58:50.8498488Z     when interpolations are nil
2024-03-03T14:58:50.8530021Z       returns text
2024-03-03T14:58:50.8530913Z     when interpolations are empty
2024-03-03T14:58:50.8564476Z       returns text
2024-03-03T14:58:50.8565150Z     when interpolations are not present
2024-03-03T14:58:50.8601494Z       returns text
2024-03-03T14:58:50.8602080Z     when text is empty
2024-03-03T14:58:50.8633589Z       returns empty string
2024-03-03T14:58:50.8634347Z 
2024-03-03T14:58:50.8634899Z PartnerCreateService
2024-03-03T14:58:50.8635993Z   #call
2024-03-03T14:58:51.0407389Z     should return an instance of itself
2024-03-03T14:58:51.0408430Z     when the arguments are incorrect
2024-03-03T14:58:51.0409154Z       beacuse the partner_attrs are invalid
2024-03-03T14:58:51.2114417Z         should contain errors related to invalid partner attributes
2024-03-03T14:58:51.2115774Z     when the arguments are valid
2024-03-03T14:58:51.3901934Z       should create the associated partner profile data
2024-03-03T14:58:51.5722232Z       should create a new partner record with the organization provided
2024-03-03T14:58:51.5723334Z       but there was an unexpected issue with saving the
2024-03-03T14:58:51.5724231Z         Partners::Profile record
2024-03-03T14:58:51.7452122Z           should not create the partner record for the organization
2024-03-03T14:58:51.9185681Z           should not create the associated partner records
2024-03-03T14:58:51.9186492Z         Partner record
2024-03-03T14:58:52.0959013Z           should not create the partner record for the organization
2024-03-03T14:58:52.2775978Z           should not create the associated partner records
2024-03-03T14:58:52.2776814Z 
2024-03-03T14:58:52.2777376Z Reports::AcquisitionReportService
2024-03-03T14:58:52.2778280Z   acquisition report
2024-03-03T14:58:53.1510921Z     should return the proper results on #report
2024-03-03T14:58:53.1511499Z 
2024-03-03T14:58:53.1512072Z Reports::SummaryReportService
2024-03-03T14:58:53.1512739Z   #report
2024-03-03T14:58:53.6007070Z     should report negative values
2024-03-03T14:58:53.7801430Z     should report zero values
2024-03-03T14:58:54.2254677Z     should report positive values
2024-03-03T14:58:54.2255247Z 
2024-03-03T14:58:54.2255538Z Deadlinable
2024-03-03T14:58:54.2256504Z   validations
2024-03-03T14:58:54.2339280Z     is expected to validate that :reminder_day looks like an integer greater than or equal to 1 and less than or equal to 28 as long as it is not nil
2024-03-03T14:58:54.2411406Z     is expected to validate that :deadline_day looks like an integer greater than or equal to 1 and less than or equal to 28 as long as it is not nil
2024-03-03T14:58:54.2454614Z     validates that reminder day is not the same as deadline day
2024-03-03T14:58:54.2455711Z 
2024-03-03T14:58:54.2456048Z Reports::PartnerInfoReportService
2024-03-03T14:58:54.2456891Z   #report
2024-03-03T14:58:54.4702188Z     should report normal values
2024-03-03T14:58:54.6341291Z     should report zero values
2024-03-03T14:58:54.6342864Z 
2024-03-03T14:58:54.6343175Z Organization
2024-03-03T14:58:54.6345797Z   valid_items
2024-03-03T14:58:54.8172832Z     returns an array of item partner keys
2024-03-03T14:58:54.9940630Z     only shows active valid items
2024-03-03T14:58:54.9941533Z     with invisible items
2024-03-03T14:58:55.0222405Z       only shows active and visible items
2024-03-03T14:58:55.0223270Z   address
2024-03-03T14:58:55.0258128Z     returns an empty string when the org has no address components
2024-03-03T14:58:55.0290455Z     does not add a trailing space when the zip code is missing
2024-03-03T14:58:55.0325847Z     does not add any separators before the city when street is missing
2024-03-03T14:58:55.0359102Z     does not add any separators after street when city, state, and zip are missing
2024-03-03T14:58:55.0390757Z     correctly formats an address string with commas and spaces
2024-03-03T14:58:55.0391677Z   Associations >
2024-03-03T14:58:55.0439210Z     is expected to belong to ndbn_member class_name => NDBNMember optional: true
2024-03-03T14:58:55.0473483Z     is expected to have many users through roles
2024-03-03T14:58:55.0523924Z     is expected to have many item_categories
2024-03-03T14:58:55.0524646Z     distributions
2024-03-03T14:58:55.0525292Z       upcoming
2024-03-03T14:58:55.1258878Z         retrieves the distributions scheduled for this week that have not yet happened
2024-03-03T14:58:55.1259988Z     barcode_items
2024-03-03T14:58:55.3263746Z       returns only this organization's barcodes, no globals
2024-03-03T14:58:55.3264840Z       .all
2024-03-03T14:58:55.5099137Z         includes global barcode items also
2024-03-03T14:58:55.5099890Z     items
2024-03-03T14:58:55.5100783Z       .during.bottom
2024-03-03T14:58:57.6174807Z         return just 3 elements
2024-03-03T14:58:59.5547139Z         return 3 least used items
2024-03-03T14:58:59.5547855Z       .during.top
2024-03-03T14:59:01.5179847Z         return just 3 elements
2024-03-03T14:59:03.4793974Z         return 3 most used items
2024-03-03T14:59:03.4795156Z       .during
2024-03-03T14:59:05.4262895Z         return ranking of all items
2024-03-03T14:59:05.4263764Z       .other
2024-03-03T14:59:07.3503769Z         returns all items for this organization designated 'other'
2024-03-03T14:59:07.3504699Z     users
2024-03-03T14:59:07.3505703Z       when a organizaton has a user that has two roles
2024-03-03T14:59:07.5419510Z         should returns users without duplications
2024-03-03T14:59:07.5420608Z   validations
2024-03-03T14:59:07.5553968Z     validates that at least one distribution type is enabled
2024-03-03T14:59:07.7380153Z     validates that short names are unique
2024-03-03T14:59:07.7446752Z     validates that attachment file size is not higher than 1 MB
2024-03-03T14:59:07.7517049Z     validates that attachments are png or jpgs
2024-03-03T14:59:07.7517815Z   reminder_day
2024-03-03T14:59:07.7626594Z     can only contain numbers 1-28
2024-03-03T14:59:07.7627347Z   versioning
2024-03-03T14:59:07.7662447Z     is expected to be versioned
2024-03-03T14:59:07.7663201Z   .seed_items
2024-03-03T14:59:07.7663881Z     when no organization is provided
2024-03-03T14:59:08.3850074Z       updates all organizations
2024-03-03T14:59:08.3850933Z     when provided with an organization to seed
2024-03-03T14:59:08.6951770Z       loads the base items into Item records
2024-03-03T14:59:08.6952681Z   #assign_attributes_from_account_request
2024-03-03T14:59:08.7114320Z     should assign the proper attributes to the organization
2024-03-03T14:59:08.7115319Z   from_email
2024-03-03T14:59:08.8944691Z     returns admin email when it's empty
2024-03-03T14:59:09.0708461Z     returns email when present
2024-03-03T14:59:09.2585253Z     returns admin email when it's empty space
2024-03-03T14:59:09.4545249Z     returns admin email when not present
2024-03-03T14:59:09.4545933Z   earliest reporting year
2024-03-03T14:59:09.6949906Z     is the year of the earliest of donation, purchase, or distribution if they are earlier
2024-03-03T14:59:09.8661713Z     is the organization created year if no associated data
2024-03-03T14:59:09.8662589Z   #short_name
2024-03-03T14:59:09.8733529Z     can only contain valid characters
2024-03-03T14:59:09.8734308Z   #seed_items
2024-03-03T14:59:10.0557096Z     allows a single base item to be seeded
2024-03-03T14:59:10.2343191Z     allows a collection of items to be seeded
2024-03-03T14:59:10.2344207Z     when given an item name that already exists, but with an 'other' partner key
2024-03-03T14:59:10.4184774Z       updates the old item to use the new base item as its base
2024-03-03T14:59:10.4185392Z     when given an item that already exists
2024-03-03T14:59:10.5940015Z       gracefully skips the item
2024-03-03T14:59:10.5941005Z   default storage location
2024-03-03T14:59:10.6022584Z     associates the default storage location with a storage location
2024-03-03T14:59:10.6058231Z     returns nil when not set
2024-03-03T14:59:10.6059097Z   geocode
2024-03-03T14:59:10.7757393Z     adds coordinates to the database
2024-03-03T14:59:10.7758253Z   deadline_day
2024-03-03T14:59:10.7859311Z     can only contain numbers 1-28
2024-03-03T14:59:10.7860049Z   total_inventory
2024-03-03T14:59:10.9562068Z     returns 0 if there is nothing
2024-03-03T14:59:11.1912461Z     returns a sum total of all inventory at all storage locations
2024-03-03T14:59:11.1914296Z   #ordered_requests
2024-03-03T14:59:11.3927619Z     puts active requests before fulfilled requests
2024-03-03T14:59:11.3928530Z     ordering of requests with matching status
2024-03-03T14:59:11.5814183Z       puts the most recently updated request before older requests
2024-03-03T14:59:11.5815080Z   after_create
2024-03-03T14:59:11.6015029Z     should update the state of the account request
2024-03-03T14:59:11.6016121Z   is_active
2024-03-03T14:59:11.9635132Z     returns active organizations
2024-03-03T14:59:11.9635852Z 
2024-03-03T14:59:11.9636146Z DonationDestroyService
2024-03-03T14:59:11.9637044Z   #call
2024-03-03T14:59:11.9638951Z     when the organization_id matches no Organization
2024-03-03T14:59:11.9679630Z       to not be a success
2024-03-03T14:59:11.9680343Z     when the donation destroy fails
2024-03-03T14:59:11.9749680Z       to not be a success
2024-03-03T14:59:11.9750459Z     when the donation succesfully gets destroyed
2024-03-03T14:59:11.9978912Z       to be a success
2024-03-03T14:59:11.9980247Z     when storage_location fails to decrease the inventory of the donation
2024-03-03T14:59:12.0032182Z       to not be a success
2024-03-03T14:59:12.0033143Z     when the donation_id matches no Donation owned by the organization
2024-03-03T14:59:12.0070447Z       to not be a success
2024-03-03T14:59:12.0070904Z 
2024-03-03T14:59:12.0071287Z Exports::ExportRequestService
2024-03-03T14:59:12.0072509Z   .generate_csv_data
2024-03-03T14:59:12.2072907Z     includes rows for each request with correct columns of item quantity
2024-03-03T14:59:12.4090568Z     includes headers as the first row with ordered item names alphabetically with deleted item included at the end
2024-03-03T14:59:12.4091710Z 
2024-03-03T14:59:12.4091905Z Vendor
2024-03-03T14:59:12.4092452Z   behaves like provideable
2024-03-03T14:59:12.4093279Z     geocode
2024-03-03T14:59:12.4153335Z       adds coordinates to the database
2024-03-03T14:59:12.4154155Z     import_csv
2024-03-03T14:59:12.5937500Z       imports from a csv file
2024-03-03T14:59:12.5938006Z     Validations
2024-03-03T14:59:12.5975948Z       is invalid without an organization
2024-03-03T14:59:12.6035907Z       is invalid unless it has either a contact name or a business name
2024-03-03T14:59:12.6036830Z   Methods
2024-03-03T14:59:12.6037357Z     volume
2024-03-03T14:59:12.6738659Z       retrieves the amount of product that has been bought from this vendor
2024-03-03T14:59:12.6739698Z   versioning
2024-03-03T14:59:12.6775682Z     is expected to be versioned
2024-03-03T14:59:12.6776193Z 
2024-03-03T14:59:12.6776423Z PartnerMailerJob
2024-03-03T14:59:12.6777274Z   conditionally sending the emails
2024-03-03T14:59:12.8701886Z     does not send mail for past distributions
2024-03-03T14:59:13.1657439Z     sends mail for future distributions immediately
2024-03-03T14:59:13.1658509Z     when the distribution is for a deactivated partner
2024-03-03T14:59:13.3713500Z       does not send the email
2024-03-03T14:59:13.3714031Z 
2024-03-03T14:59:13.3714509Z RequestsConfirmationMailer
2024-03-03T14:59:13.4039216Z   pairs the right quantities with the right item names
2024-03-03T14:59:13.4214742Z   handles duplicates
2024-03-03T14:59:13.4215634Z   #confirmation_email
2024-03-03T14:59:13.4386242Z     renders the body
2024-03-03T14:59:13.4511728Z     renders the headers
2024-03-03T14:59:13.4512315Z 
2024-03-03T14:59:13.4512517Z CustomDeviseMailer
2024-03-03T14:59:13.4513518Z   #invitation_instructions
2024-03-03T14:59:13.4514787Z     when user is invited
2024-03-03T14:59:13.4701499Z       has invite expiration message
2024-03-03T14:59:13.4880810Z       invites to user
2024-03-03T14:59:13.4881676Z     when other partner users invited
2024-03-03T14:59:13.5284779Z       invites to partner user
2024-03-03T14:59:13.5285580Z     when partner is invited
2024-03-03T14:59:13.5701121Z       invites to primary user
2024-03-03T14:59:13.5702169Z 
2024-03-03T14:59:13.5702528Z DistributionDestroyService
2024-03-03T14:59:13.5703198Z   #call
2024-03-03T14:59:13.5704327Z     when the distribution_id matches no Distribution
2024-03-03T14:59:13.5742358Z       to not be a success
2024-03-03T14:59:13.5743042Z     when the distribution_id does match a Distribution
2024-03-03T14:59:13.5743933Z       and the operations succeed
2024-03-03T14:59:13.7849145Z         should be successful
2024-03-03T14:59:13.9884832Z         should increase the inventory of the storage location
2024-03-03T14:59:14.2035940Z         should destroy the Distribution
2024-03-03T14:59:14.2037065Z       and the increase inventory operations fails
2024-03-03T14:59:14.3973767Z         should not delete the Distribution
2024-03-03T14:59:14.5959795Z         should not be successful and have the error message
2024-03-03T14:59:14.5960608Z       and the destroy! operation fails
2024-03-03T14:59:14.8055162Z         should not delete the Distribution
2024-03-03T14:59:15.0024350Z         should not be successful and have the error message
2024-03-03T14:59:15.0024955Z 
2024-03-03T14:59:15.0025241Z Reports::ChildrenServedReportService
2024-03-03T14:59:15.0026480Z   #report
2024-03-03T14:59:15.4938295Z     should work with no distribution_quantity
2024-03-03T14:59:16.1426057Z     should report normal values
2024-03-03T14:59:16.3227221Z     should report zero values
2024-03-03T14:59:16.3227836Z 
2024-03-03T14:59:16.3228164Z ProductDrive
2024-03-03T14:59:16.5593303Z   calculates donation quantity by date
2024-03-03T14:59:16.6982842Z   calculates donation quantity
2024-03-03T14:59:16.8427711Z   calculates in-kind value
2024-03-03T14:59:17.0664786Z   calculates and returns all donated organization item quantities by name and date
2024-03-03T14:59:17.5673866Z   calculates and returns all donated organization item quantities by category and date
2024-03-03T14:59:17.5675077Z   donation_source_view
2024-03-03T14:59:17.7211792Z     returns formatted text
2024-03-03T14:59:17.7212477Z   scopes
2024-03-03T14:59:17.7213255Z     .by_name
2024-03-03T14:59:17.8680738Z       does not return other_name
2024-03-03T14:59:18.0116976Z       returns the product_drive with name some_name
2024-03-03T14:59:18.0117900Z     .within_date_range
2024-03-03T14:59:18.1536718Z       returns the product drive 1
2024-03-03T14:59:18.2969947Z       does not include product drive 2
2024-03-03T14:59:18.2970696Z     .by_item_category_id
2024-03-03T14:59:18.6260861Z       returns the product_drive with name some_name
2024-03-03T14:59:18.9623863Z       does not return other_name
2024-03-03T14:59:18.9624725Z   distinct_items
2024-03-03T14:59:19.3137253Z     counts the distinct items correctly by given date
2024-03-03T14:59:19.6551380Z     counts the distinct items correctly in overlapping donations
2024-03-03T14:59:19.9877218Z     doesn't double_count the items if there are two donations for the same item
2024-03-03T14:59:20.3338075Z     counts the items correctly for 1 donation with multiple items
2024-03-03T14:59:20.6955636Z     counts the distinct items correctly by given category
2024-03-03T14:59:20.6956871Z   versioning
2024-03-03T14:59:20.8382046Z     is expected to be versioned
2024-03-03T14:59:20.8382822Z   validations
2024-03-03T14:59:20.9800103Z     is expected not to be valid
2024-03-03T14:59:21.1220381Z     is expected not to be valid
2024-03-03T14:59:21.2593255Z     is expected not to be valid
2024-03-03T14:59:21.2593979Z   .search_date_range
2024-03-03T14:59:21.3989158Z     is expected to eq {:end_date=>"2019-12-19", :start_date=>"2019-12-17"}
2024-03-03T14:59:21.3990328Z   associations
2024-03-03T14:59:21.4877696Z     has_many product_drive_participants through donations
2024-03-03T14:59:21.5751866Z     has_many donations
2024-03-03T14:59:21.5752288Z 
2024-03-03T14:59:21.5752515Z ProductDriveHelper
2024-03-03T14:59:21.5755013Z   #is_virtual
2024-03-03T14:59:21.5756553Z     when the product drive wasn't held virtually
2024-03-03T14:59:21.5830972Z       is expected to eq "No"
2024-03-03T14:59:21.5832537Z     when a product drive was not provided
2024-03-03T14:59:21.5875031Z       without argument
2024-03-03T14:59:21.5916375Z       with blank argument
2024-03-03T14:59:21.5917178Z     when the product drive was held virtually
2024-03-03T14:59:21.5968894Z       is expected to eq "Yes"
2024-03-03T14:59:21.5969818Z 
2024-03-03T14:59:21.5970069Z Question
2024-03-03T14:59:21.5971673Z   versioning
2024-03-03T14:59:21.6055434Z     is expected to be versioned
2024-03-03T14:59:21.6056093Z   scope for_partners
2024-03-03T14:59:21.6350582Z     should filter out questions that aren't meant for partners
2024-03-03T14:59:21.6351516Z   validations
2024-03-03T14:59:21.6410736Z     is expected to validate that :answer cannot be empty/falsy
2024-03-03T14:59:21.6471025Z     is expected to validate that :title cannot be empty/falsy
2024-03-03T14:59:21.6560953Z     question for_banks and for_partners attributes can't both be false
2024-03-03T14:59:21.6561844Z   scope for_banks
2024-03-03T14:59:21.6795728Z     should filter out questions that aren't meant for banks
2024-03-03T14:59:21.6796553Z   punctuate
2024-03-03T14:59:21.6837178Z     should punctuate each string in a given array
2024-03-03T14:59:21.6837909Z   remove_redundant_error
2024-03-03T14:59:21.6877249Z     should return an array with only one error message related to the checkboxes.
2024-03-03T14:59:21.6877980Z 
2024-03-03T14:59:21.6878354Z Partners::Child
2024-03-03T14:59:21.6879028Z   associations
2024-03-03T14:59:21.7013892Z     is expected to have many child_item_requests dependent => destroy
2024-03-03T14:59:21.7055800Z     is expected to belong to family required: true
2024-03-03T14:59:21.7056607Z   versioning
2024-03-03T14:59:21.7093100Z     is expected to be versioned
2024-03-03T14:59:21.7093981Z   #display_name
2024-03-03T14:59:21.7558088Z     should return a child's first and last name
2024-03-03T14:59:21.7558809Z 
2024-03-03T14:59:21.7559057Z AllocateKitInventoryService
2024-03-03T14:59:21.7559802Z   #error
2024-03-03T14:59:21.7560993Z     when the Store location organization doesn't match
2024-03-03T14:59:21.9771441Z       returns error
2024-03-03T14:59:21.9772050Z   #allocate
2024-03-03T14:59:21.9772932Z     when inventory items are available
2024-03-03T14:59:22.2549929Z       allocates items, increases the quantity of the Kit Item and inventory in, and decreases inventory out
2024-03-03T14:59:22.2551516Z       when there are more then one line items
2024-03-03T14:59:22.2552364Z         when same kit is allocated multiple times
2024-03-03T14:59:22.5543621Z           inventory out for that kit contains both line_items with their respective quantity
2024-03-03T14:59:22.5545020Z         when there kit is allocated once
2024-03-03T14:59:22.8325899Z           inventory out for that kit contains both line_items with their respective quantity
2024-03-03T14:59:22.8326817Z       When kit is allocated more then once
2024-03-03T14:59:23.1320173Z         increases the already existed inventory in and decreases the already existed inventory out
2024-03-03T14:59:23.1321068Z     when more than one kit is requested
2024-03-03T14:59:23.1321822Z       but one of the items is out of stock
2024-03-03T14:59:23.3944997Z         returns error and does not change kit or item quantity
2024-03-03T14:59:23.3945911Z 
2024-03-03T14:59:23.3946340Z Kit
2024-03-03T14:59:23.6006915Z   deactivate and reactivate
2024-03-03T14:59:23.6007625Z   Validations >
2024-03-03T14:59:23.6183435Z     must belong to an organization
2024-03-03T14:59:23.6358670Z     can't have negative value
2024-03-03T14:59:23.6513402Z     requires a name
2024-03-03T14:59:23.6678675Z     requires at least one item
2024-03-03T14:59:23.6833602Z     is valid as built
2024-03-03T14:59:23.8785582Z     requires a unique name
2024-03-03T14:59:23.8786309Z   Filtering >
2024-03-03T14:59:24.4280228Z     ->alphabetized retrieves items in alphabetical order
2024-03-03T14:59:24.4316643Z     can filter
2024-03-03T14:59:24.4317462Z     ->by_partner_key
2024-03-03T14:59:24.6591638Z       shows the kits for a particular item
2024-03-03T14:59:24.6592813Z   #can_deactivate?
2024-03-03T14:59:24.6593696Z     with inventory items
2024-03-03T14:59:24.8768256Z       should return false
2024-03-03T14:59:24.8768993Z     without inventory items
2024-03-03T14:59:25.0655535Z       should return true
2024-03-03T14:59:25.0656236Z   versioning
2024-03-03T14:59:25.0694623Z     is expected to be versioned
2024-03-03T14:59:25.0695262Z   Value >
2024-03-03T14:59:25.0848543Z     converts cents to dollars
2024-03-03T14:59:25.1004340Z     converts dollars to cents
2024-03-03T14:59:25.1004977Z     .value_per_itemizable
2024-03-03T14:59:25.1384379Z       calculates values from associated items
2024-03-03T14:59:25.1385011Z 
2024-03-03T14:59:25.1385330Z ItemizableUpdateService
2024-03-03T14:59:25.1385963Z   increases
2024-03-03T14:59:25.2811414Z     should update quantity in same storage location
2024-03-03T14:59:25.4194115Z     should update quantity in different locations
2024-03-03T14:59:25.4195293Z   decreases
2024-03-03T14:59:25.5671529Z     should update quantity in different locations
2024-03-03T14:59:25.7113103Z     should update quantity in same storage location
2024-03-03T14:59:25.7113820Z 
2024-03-03T14:59:25.7114140Z Partners::RequestCreateService
2024-03-03T14:59:25.7115355Z   #call
2024-03-03T14:59:25.7116011Z     when the arguments are correct
2024-03-03T14:59:25.7555439Z       should create a Request record
2024-03-03T14:59:25.7900778Z       should have no errors
2024-03-03T14:59:25.8264981Z       should notify the Partner via email
2024-03-03T14:59:25.8265704Z       but a unexpected error occured during the save
2024-03-03T14:59:25.8266603Z         for the Request record
2024-03-03T14:59:25.8617616Z           should have an error with the raised error
2024-03-03T14:59:25.8949698Z           should NOT notify the Partner via email
2024-03-03T14:59:25.9287186Z           should NOT create a Request record
2024-03-03T14:59:25.9289958Z     when the arguments are incorrect
2024-03-03T14:59:25.9291109Z       because no item_requests_attributes and comments were defined
2024-03-03T14:59:25.9542274Z         should return the Request object with an error
2024-03-03T14:59:25.9543235Z       because a unrecogonized item_id was provided
2024-03-03T14:59:25.9828539Z         should return the Request object with an error
2024-03-03T14:59:25.9829447Z 
2024-03-03T14:59:25.9829757Z ProfileUpdateService
2024-03-03T14:59:25.9830668Z   #update
2024-03-03T14:59:26.0068271Z     updates the profile with the filtered and prepared params
2024-03-03T14:59:26.0068824Z 
2024-03-03T14:59:26.0068957Z AddRoleService
2024-03-03T14:59:26.0069766Z   #call
2024-03-03T14:59:26.0070819Z     when the role already exists
2024-03-03T14:59:26.1973839Z       should raise an error
2024-03-03T14:59:26.3852975Z       should raise an error for super admin
2024-03-03T14:59:26.3853732Z     when the role does not yet exist
2024-03-03T14:59:26.5805883Z       should add the user role when asked to add admin
2024-03-03T14:59:26.7736416Z       works with super admin
2024-03-03T14:59:26.9807542Z       works with a partner
2024-03-03T14:59:27.1675851Z       should add the role
2024-03-03T14:59:27.1676757Z 
2024-03-03T14:59:27.1677199Z ItemsOutTotalQuery
2024-03-03T14:59:27.1678215Z   items_out_total_query
2024-03-03T14:59:27.2903954Z     returns a sum total of all out-flows
2024-03-03T14:59:27.2904645Z 
2024-03-03T14:59:27.2905192Z PartnerGroup
2024-03-03T14:59:27.2906156Z   associations
2024-03-03T14:59:27.2990023Z     is expected to have many partners
2024-03-03T14:59:27.3042185Z     is expected to belong to organization required: true
2024-03-03T14:59:27.3099716Z     is expected to have and belong to many item_categories
2024-03-03T14:59:27.3100487Z   DB constraints
2024-03-03T14:59:27.3101106Z     reminder_day <= 28
2024-03-03T14:59:27.3174920Z       raises error if unmet
2024-03-03T14:59:27.3175780Z     deadline_day <= 28
2024-03-03T14:59:27.3244635Z       raises error if unmet
2024-03-03T14:59:27.3245325Z     send_reminders IS NOT NULL
2024-03-03T14:59:27.3311346Z       raises error if unmet
2024-03-03T14:59:27.3312048Z   versioning
2024-03-03T14:59:27.3345789Z     is expected to be versioned
2024-03-03T14:59:27.3347959Z   Validations >
2024-03-03T14:59:27.3389531Z     must belong to an organization
2024-03-03T14:59:27.3622011Z     does not require a unique name between organizations
2024-03-03T14:59:27.3708269Z     requires a unique name within an organization
2024-03-03T14:59:27.3709170Z     deadline_day && reminder_day must be defined if send_reminders=true
2024-03-03T14:59:27.3756555Z       should not be valid
2024-03-03T14:59:27.3757075Z 
2024-03-03T14:59:27.3757393Z ServiceObjectErrorsMixin
2024-03-03T14:59:27.3758067Z   self.included
2024-03-03T14:59:27.3804262Z     should add class methods to the class that include ServiceObjectErrorsMixin
2024-03-03T14:59:27.3805111Z 
2024-03-03T14:59:27.3805455Z ApplicationHelper
2024-03-03T14:59:27.3807080Z   step_container_helper
2024-03-03T14:59:27.3808235Z     active_index is equal to index
2024-03-03T14:59:27.3854836Z       returns active
2024-03-03T14:59:27.3855421Z     active_index is less than index
2024-03-03T14:59:27.3896076Z       returns empty string
2024-03-03T14:59:27.3898494Z     active_index is greater than index
2024-03-03T14:59:27.3939343Z       returns done
2024-03-03T14:59:27.3940249Z   flash_class
2024-03-03T14:59:27.3982905Z     returns appropriate class for alert
2024-03-03T14:59:27.4024249Z     returns appropriate class for error
2024-03-03T14:59:27.4065492Z     returns appropriate class for notice
2024-03-03T14:59:27.4105205Z     returns appropriate class for success
2024-03-03T14:59:27.4105905Z   default_title_content
2024-03-03T14:59:27.4106903Z     Organization does not exist
2024-03-03T14:59:27.4151873Z       returns a default name
2024-03-03T14:59:27.4152586Z     Organization exists
2024-03-03T14:59:27.5842196Z       returns the organization's name
2024-03-03T14:59:27.5842930Z   confirm_delete_msg
2024-03-03T14:59:27.5886016Z     subs in string
2024-03-03T14:59:27.5886551Z   active_class
2024-03-03T14:59:27.5929299Z     Returns the controller name
2024-03-03T14:59:27.5930282Z   can_administrate?
2024-03-03T14:59:27.5931111Z     User is org admin and part of org
2024-03-03T14:59:27.6135663Z       can administrate
2024-03-03T14:59:27.6136454Z     User is part of org but not org admin
2024-03-03T14:59:27.6266960Z       cannot administrate
2024-03-03T14:59:27.6267762Z     User is org admin and not part of org
2024-03-03T14:59:27.8200598Z       cannot administrate
2024-03-03T14:59:27.8201315Z 
2024-03-03T14:59:27.8201648Z DeadlineService
2024-03-03T14:59:27.8202818Z   #next_deadline
2024-03-03T14:59:27.8203933Z     do from the partner group
2024-03-03T14:59:27.8204950Z       when the deadline is before today
2024-03-03T14:59:27.8265117Z         returns a date in the next month
2024-03-03T14:59:27.8265897Z       when the deadline is today
2024-03-03T14:59:27.8318473Z         returns a date in the next month
2024-03-03T14:59:27.8319322Z       when the deadline is after today
2024-03-03T14:59:27.8373124Z         returns a date within the current month
2024-03-03T14:59:27.8374416Z     from the organization
2024-03-03T14:59:27.8375289Z       when the deadline is today
2024-03-03T14:59:27.8426133Z         returns a date in the next month
2024-03-03T14:59:27.8427435Z       when the deadline is after today
2024-03-03T14:59:27.8477425Z         returns a date within the current month
2024-03-03T14:59:27.8478245Z       when the deadline is before today
2024-03-03T14:59:27.8529481Z         returns a date in the next month
2024-03-03T14:59:27.8530845Z 
2024-03-03T14:59:27.8531207Z ItemsController
2024-03-03T14:59:27.8532429Z   While not signed in
2024-03-03T14:59:27.8620269Z     redirects the user to the sign-in page for CRUD actions
2024-03-03T14:59:27.8621147Z   While signed in
2024-03-03T14:59:27.8621923Z     GET #index
2024-03-03T14:59:27.8843000Z       returns http success
2024-03-03T14:59:27.8843920Z     PATCH #remove_category
2024-03-03T14:59:28.0867705Z       should remove an item's category
2024-03-03T14:59:28.2810806Z       should redirect to the previous category page
2024-03-03T14:59:28.2811909Z     POST #create
2024-03-03T14:59:28.2812445Z       with valid params
2024-03-03T14:59:28.2991018Z         should redirect to the item page
2024-03-03T14:59:28.3160217Z         should accept params with dollar signs, periods, and commas
2024-03-03T14:59:28.3339467Z         should create an item
2024-03-03T14:59:28.3340000Z       with invalid params
2024-03-03T14:59:28.3475130Z         should show an error
2024-03-03T14:59:28.3475962Z     DELETE #destroy
2024-03-03T14:59:28.3702391Z       redirects to #index
2024-03-03T14:59:28.3702938Z     PATCH #restore
2024-03-03T14:59:28.3703946Z       with an active item
2024-03-03T14:59:28.3900643Z         does nothing
2024-03-03T14:59:28.3901609Z       with a soft-deleted item
2024-03-03T14:59:28.4102692Z         re-activates the item
2024-03-03T14:59:28.4103486Z       with another organizations item
2024-03-03T14:59:28.5975796Z         does nothing
2024-03-03T14:59:28.5976514Z     PUT #update
2024-03-03T14:59:28.5977099Z       visible
2024-03-03T14:59:28.6173959Z         should update visible_to_partners to true
2024-03-03T14:59:28.6174718Z       invisible
2024-03-03T14:59:28.6366767Z         should update visible_to_partners to false
2024-03-03T14:59:28.6368181Z     Looking at a different organization
2024-03-03T14:59:28.8096746Z       redirects the user to the sign-in page for CRUD actions
2024-03-03T14:59:28.8097858Z     GET #edit
2024-03-03T14:59:28.8258341Z       returns http success
2024-03-03T14:59:28.8259041Z     GET #show
2024-03-03T14:59:28.8454925Z       returns http success
2024-03-03T14:59:28.8455710Z     GET #new
2024-03-03T14:59:28.8572071Z       returns http success
2024-03-03T14:59:28.8572770Z 
2024-03-03T14:59:28.8573167Z Partners::ItemRequest
2024-03-03T14:59:28.8574194Z   associations
2024-03-03T14:59:28.8619421Z     is expected to belong to request class_name => ::Request required: true
2024-03-03T14:59:28.8654404Z     is expected to have many child_item_requests dependent => destroy
2024-03-03T14:59:28.8687378Z     is expected to have many children through child_item_requests
2024-03-03T14:59:28.8688405Z   validations
2024-03-03T14:59:28.8747879Z     is expected to validate that :name cannot be empty/falsy
2024-03-03T14:59:28.8806615Z     is expected to validate that :quantity cannot be empty/falsy
2024-03-03T14:59:28.8863989Z     is expected to validate that :partner_key cannot be empty/falsy
2024-03-03T14:59:28.8921858Z     is expected to validate that :quantity looks like an integer greater than or equal to 1
2024-03-03T14:59:28.8922958Z   versioning
2024-03-03T14:59:28.8958180Z     is expected to be versioned
2024-03-03T14:59:28.8958872Z 
2024-03-03T14:59:28.8959235Z DistributionContentChangeService
2024-03-03T14:59:28.8960449Z   #any_change?
2024-03-03T14:59:28.8961406Z     when there are line items updated
2024-03-03T14:59:28.8994296Z       returns true
2024-03-03T14:59:28.8997404Z     when there are line items removed and updated
2024-03-03T14:59:28.9030653Z       returns true
2024-03-03T14:59:28.9031296Z     when there are no changes in the line items
2024-03-03T14:59:28.9065497Z       returns true
2024-03-03T14:59:28.9066088Z     when there are line items removed
2024-03-03T14:59:28.9099128Z       returns true
2024-03-03T14:59:28.9099904Z   #changes
2024-03-03T14:59:28.9100551Z     when there are line items removed and updated
2024-03-03T14:59:28.9135791Z       returns true
2024-03-03T14:59:28.9137508Z 
2024-03-03T14:59:28.9137735Z Distribution
2024-03-03T14:59:28.9139409Z   CSV export >
2024-03-03T14:59:28.9140067Z     for_csv_export >
2024-03-03T14:59:29.2310534Z       filters only to the given organization
2024-03-03T14:59:29.5517749Z       filters only to the given issue time range
2024-03-03T14:59:29.8740139Z       filters only to the given filter
2024-03-03T14:59:29.8741158Z     csv_export_attributes
2024-03-03T14:59:30.2693533Z       returns the set of attributes which define a row in case of distribution export
2024-03-03T14:59:30.2694802Z   Validations >
2024-03-03T14:59:30.2745318Z     requires a partner
2024-03-03T14:59:30.2800678Z     ensures that the issued at is no earlier than 2000
2024-03-03T14:59:30.2848776Z     must belong to an organization
2024-03-03T14:59:30.3237508Z     ensures the associated line_items are valid
2024-03-03T14:59:30.3284844Z     requires a storage location
2024-03-03T14:59:30.3490478Z     ensures that any included items are found in the associated storage location
2024-03-03T14:59:30.3643287Z     ensures the associated line_items are invalid with a nil quantity
2024-03-03T14:59:30.3644297Z     ensures the associated line_items are invalid with a zero quantity
2024-03-03T14:59:30.3645122Z     when delivery method is other then shipped
2024-03-03T14:59:30.3908475Z       allows to save distribution
2024-03-03T14:59:30.3909042Z     when delivery method is shipped
2024-03-03T14:59:30.3909746Z       shipping cost is negative
2024-03-03T14:59:30.3968096Z         will not allow to save distribution
2024-03-03T14:59:30.3968705Z       shipping cost is none negative
2024-03-03T14:59:30.4226145Z         allows to save distribution
2024-03-03T14:59:30.4226770Z   behaves like itemizable
2024-03-03T14:59:30.4227729Z     .to_a
2024-03-03T14:59:30.4228579Z       with Flipper flag :deprecate_to_a disabled
2024-03-03T14:59:30.4557347Z         calls line_item_values
2024-03-03T14:59:30.4557933Z       with Flipper flag :deprecate_to_a enabled
2024-03-03T14:59:30.4878132Z         raises an error
2024-03-03T14:59:30.4878651Z     .line_items
2024-03-03T14:59:30.4879728Z       quantities_by_name
2024-03-03T14:59:30.5801138Z         returns a hash of items with id, name, and quantity
2024-03-03T14:59:30.6647675Z         leaves out zero-quantitied items if requested
2024-03-03T14:59:30.6648290Z       combine!
2024-03-03T14:59:30.7077446Z         combines multiple line_items with the same item_id into a single record
2024-03-03T14:59:30.7615541Z         incrementally combines line_items on donations that have already been created
2024-03-03T14:59:30.7616352Z       sorted
2024-03-03T14:59:30.8807252Z         displays the items, sorted by name
2024-03-03T14:59:30.8807807Z       total
2024-03-03T14:59:30.9660795Z         has an item total
2024-03-03T14:59:30.9661291Z   versioning
2024-03-03T14:59:30.9695950Z     is expected to be versioned
2024-03-03T14:59:30.9696517Z   Scopes >
2024-03-03T14:59:30.9697450Z     by_item_id >
2024-03-03T14:59:31.0992545Z       only returns distributions with given item id
2024-03-03T14:59:31.0993116Z     by_location >
2024-03-03T14:59:31.1470626Z       only returns distributions with given location id
2024-03-03T14:59:31.1471329Z     during >
2024-03-03T14:59:31.2178041Z       returns all distributions created between two dates
2024-03-03T14:59:31.2178726Z     this_week >
2024-03-03T14:59:31.2179386Z       When it's Sunday (end of the week)
2024-03-03T14:59:31.2663330Z         doesn't include distributions past Sunday
2024-03-03T14:59:31.2663979Z       When it's Tuesday (mid-week)
2024-03-03T14:59:31.3371312Z         includes distributions as early as Monday and as late as upcoming Sunday
2024-03-03T14:59:31.3372180Z     by_partner >
2024-03-03T14:59:31.3860359Z       only returns distributions with given partner id
2024-03-03T14:59:31.3861007Z   Callbacks >
2024-03-03T14:59:31.4671777Z     initializes the issued_at field to default to midnight if it wasn't explicitly set
2024-03-03T14:59:31.4673590Z     #before_save
2024-03-03T14:59:31.4681218Z       #reset_shipping_cost
2024-03-03T14:59:31.4683510Z         when delivery_method is other then shipped
2024-03-03T14:59:31.5332989Z           distribution will be created successfully and the shipping_cost will be zero
2024-03-03T14:59:31.5333940Z   Methods >
2024-03-03T14:59:31.5334257Z     #future?
2024-03-03T14:59:31.5344928Z       when issued_at has passed
2024-03-03T14:59:31.6005251Z         returns false
2024-03-03T14:59:31.6005737Z       when issued_at has not passed
2024-03-03T14:59:31.6365270Z         returns true
2024-03-03T14:59:31.6370775Z     #copy_line_items
2024-03-03T14:59:31.7180122Z       replicates line_items from a donation into a distribution
2024-03-03T14:59:31.7181440Z     #copy_from_request
2024-03-03T14:59:31.7428022Z       copy over relevant request information into the distrubution
2024-03-03T14:59:31.7428938Z     #distributed_at
2024-03-03T14:59:31.7696387Z       shows the hour and minutes if it has been provided
2024-03-03T14:59:31.8190325Z       displays explicit issued_at date
2024-03-03T14:59:31.8190922Z     #combine_duplicates
2024-03-03T14:59:31.8594267Z       condenses duplicate line_items if the item_ids match
2024-03-03T14:59:31.8595165Z 
2024-03-03T14:59:31.8595344Z InventoryCheckService
2024-03-03T14:59:31.8596247Z   call
2024-03-03T14:59:31.8597221Z     error
2024-03-03T14:59:31.9374835Z       should set the error
2024-03-03T14:59:31.9375374Z     alert
2024-03-03T14:59:32.0118789Z       should set the alert
2024-03-03T14:59:32.0121457Z 
2024-03-03T14:59:32.0121742Z Partners::FetchPartnersToRemindNowService
2024-03-03T14:59:32.0122520Z   .fetch
2024-03-03T14:59:32.0123925Z     when there is a partner
2024-03-03T14:59:32.0124846Z       that does NOT have a organization with a global reminder & deadline
2024-03-03T14:59:32.0125820Z         and is a part of a partner group that does have them defined
2024-03-03T14:59:32.0126855Z           that is not for today
2024-03-03T14:59:32.0478805Z             should NOT include that partner
2024-03-03T14:59:32.0479539Z           that is for today
2024-03-03T14:59:32.0829962Z             should include that partner
2024-03-03T14:59:32.0830695Z             but the partner is deactivated
2024-03-03T14:59:32.1229600Z               should NOT include that partner
2024-03-03T14:59:32.1230576Z       that has an organization with a global reminder & deadline
2024-03-03T14:59:32.1231503Z         that is for today
2024-03-03T14:59:32.1528254Z           should include that partner
2024-03-03T14:59:32.1528968Z           and has send_reminder=false
2024-03-03T14:59:32.1860036Z             should NOT include that partner
2024-03-03T14:59:32.1860802Z           but the partner is deactivated
2024-03-03T14:59:32.2190408Z             should NOT include that partner
2024-03-03T14:59:32.2191223Z         AND a partner group that does have them defined
2024-03-03T14:59:32.2550477Z           should remind based on the partner group instead of the organization level reminder
2024-03-03T14:59:32.2551305Z           but the partner is deactivated
2024-03-03T14:59:32.2931561Z             should NOT include that partner
2024-03-03T14:59:32.2933286Z         that is not for today
2024-03-03T14:59:32.3213631Z           should NOT include that partner
2024-03-03T14:59:32.3217289Z 
2024-03-03T14:59:32.3217566Z Manufacturer
2024-03-03T14:59:32.3218549Z   Validations
2024-03-03T14:59:32.4936362Z     must belong to an organization
2024-03-03T14:59:32.5022384Z     must have a unique name within organization
2024-03-03T14:59:32.5023055Z   Private Methods
2024-03-03T14:59:32.5023481Z     #exists_in_org?
2024-03-03T14:59:32.6748109Z       returns true if manufacturer exists in an organization
2024-03-03T14:59:32.6748841Z   Methods
2024-03-03T14:59:32.6749240Z     volume
2024-03-03T14:59:32.7396920Z       retrieves the amount of product that has been donated by manufacturer
2024-03-03T14:59:32.8711056Z       retrieves the amount of product that has been donated by manufacturer from multiple donations
2024-03-03T14:59:33.0115606Z       ignores the amount of product from other manufacturers
2024-03-03T14:59:33.0116241Z   versioning
2024-03-03T14:59:33.0198153Z     is expected to be versioned
2024-03-03T14:59:33.0199562Z 
2024-03-03T14:59:33.0199756Z Item
2024-03-03T14:59:33.0201365Z   after update
2024-03-03T14:59:33.0202096Z     when item has the kit
2024-03-03T14:59:33.2231729Z       updates kit name
2024-03-03T14:59:33.2232218Z     when item does not have kit
2024-03-03T14:59:33.2358098Z       does not raise any errors
2024-03-03T14:59:33.2358627Z   Methods >
2024-03-03T14:59:33.2359808Z     barcodes_for
2024-03-03T14:59:33.2555482Z       retrieves all BarcodeItems associated with an item
2024-03-03T14:59:33.2556154Z     has_history?
2024-03-03T14:59:33.3303054Z       identifies items that have been used previously
2024-03-03T14:59:33.3303723Z     #reactivate!
2024-03-03T14:59:33.3304137Z       given an array of item ids
2024-03-03T14:59:33.3528685Z         sets the active trait to true for all of them
2024-03-03T14:59:33.3529336Z       given a single item id
2024-03-03T14:59:33.3661981Z         sets the active trait to true for that item
2024-03-03T14:59:33.3662581Z     destroy
2024-03-03T14:59:33.3899064Z       only hides an item that has history
2024-03-03T14:59:33.4066168Z       actually destroys an item that doesn't have history
2024-03-03T14:59:33.6215501Z       deactivates the kit if it exists
2024-03-03T14:59:33.6216147Z     storage_locations_containing
2024-03-03T14:59:33.6571240Z       retrieves all storage locations that contain an item
2024-03-03T14:59:33.6571914Z     other?
2024-03-03T14:59:33.6696858Z       is true for items that are partner_key 'other'
2024-03-03T14:59:33.6697506Z     barcoded_items >
2024-03-03T14:59:33.7041991Z       returns a collection of items that have barcodes associated with them
2024-03-03T14:59:33.7042898Z   distribution_quantity and package size
2024-03-03T14:59:33.7166229Z     have nil values if an empty string is passed
2024-03-03T14:59:33.7167246Z   Filtering >
2024-03-03T14:59:33.7200704Z     can filter
2024-03-03T14:59:33.7383984Z     ->alphabetized retrieves items in alphabetical order
2024-03-03T14:59:33.7646201Z     ->active shows items that are still active
2024-03-03T14:59:33.7853385Z     ->by_size returns all items with the same size, per their BaseItem parent
2024-03-03T14:59:33.7854330Z     ->by_partner_key
2024-03-03T14:59:33.8008241Z       filters by partner key
2024-03-03T14:59:33.8008863Z     ->by_base_item
2024-03-03T14:59:33.9929409Z       can be chained to organization to constrain it to just 1 org's items
2024-03-03T14:59:34.0094925Z       shows the items for a particular base_item
2024-03-03T14:59:34.0096353Z     ->disposable
2024-03-03T14:59:34.0385010Z       returns records associated with disposable diapers
2024-03-03T14:59:34.0385893Z     ->cloth_diapers
2024-03-03T14:59:34.0671175Z       returns records associated with disposable diapers
2024-03-03T14:59:34.0671954Z   Assocations >
2024-03-03T14:59:34.0716286Z     is expected to belong to item_category optional: true
2024-03-03T14:59:34.0717064Z   Validations >
2024-03-03T14:59:34.0829716Z     requires that items quantity are not a negative number
2024-03-03T14:59:34.0960656Z     requires a unique name
2024-03-03T14:59:34.1006497Z     requires a Base Item base
2024-03-03T14:59:34.1056890Z     must belong to an organization
2024-03-03T14:59:34.1058167Z   versioning
2024-03-03T14:59:34.1091962Z     is expected to be versioned
2024-03-03T14:59:34.1093257Z   default_quantity
2024-03-03T14:59:34.1171686Z     should return 50 if column is not set
2024-03-03T14:59:34.1252658Z     should return the value of on_hand_minimum_quantity if it is set
2024-03-03T14:59:34.1328640Z     should return 0 if on_hand_minimum_quantity is not set
2024-03-03T14:59:34.1404983Z     should return the value of distribution_quantity if it is set
2024-03-03T14:59:34.1405877Z 
2024-03-03T14:59:34.1406140Z BaseItem
2024-03-03T14:59:34.1407062Z   Associations >
2024-03-03T14:59:34.1522170Z     keeps count of its associated items
2024-03-03T14:59:34.1522788Z   versioning
2024-03-03T14:59:34.1555485Z     is expected to be versioned
2024-03-03T14:59:34.1556120Z   Filtering >
2024-03-03T14:59:34.1556751Z     ->without_kit
2024-03-03T14:59:34.1606022Z       should not include the Kit BaseItem
2024-03-03T14:59:34.1606767Z     ->by_partner_key
2024-03-03T14:59:34.1653447Z       shows the Base Items by partner_key
2024-03-03T14:59:34.1654068Z   Validations >
2024-03-03T14:59:34.1719830Z     is invalid without a uniqueness key
2024-03-03T14:59:34.1784671Z     is invalid without a unique name
2024-03-03T14:59:34.1826782Z     is invalid without a partner key
2024-03-03T14:59:34.1869086Z     is invalid without a name
2024-03-03T14:59:34.1869648Z 
2024-03-03T14:59:34.1869906Z DistributionPdf
2024-03-03T14:59:34.2441076Z   #non_request_data
2024-03-03T14:59:34.3071350Z   #request_data
2024-03-03T14:59:34.3071997Z 
2024-03-03T14:59:34.3072224Z DistributionsController
2024-03-03T14:59:34.3073354Z   While signed in
2024-03-03T14:59:34.3074344Z     POST #create
2024-03-03T14:59:34.3076440Z       multiple line_items that have inventory quantity below recommended quantity
2024-03-03T14:59:34.3988648Z         redirects with a flash notice and a flash alert
2024-03-03T14:59:34.3989426Z       when line item quantity is not positive
2024-03-03T14:59:34.4511536Z         flashes an error
2024-03-03T14:59:34.4512503Z       multiple line_items that have inventory quantity below minimum quantity
2024-03-03T14:59:34.5320262Z         redirects with a flash notice and a flash error
2024-03-03T14:59:34.5323896Z       when distribution causes inventory quantity to be below minimum quantity
2024-03-03T14:59:34.6015836Z         redirects with a flash notice and a flash error
2024-03-03T14:59:34.6016565Z     PUT #update
2024-03-03T14:59:34.6017575Z       when distribution has items updated for minimum quantity
2024-03-03T14:59:34.7410892Z         redirects with a flash notice and send send_notification
2024-03-03T14:59:34.7412283Z       when distribution causes inventory quantity to be below recommended quantity
2024-03-03T14:59:34.8541882Z         redirects with a flash notice and a flash error
2024-03-03T14:59:34.8542829Z       when distribution causes inventory quantity to be below minimum quantity
2024-03-03T14:59:34.9641436Z         redirects with a flash notice and a flash error
2024-03-03T14:59:34.9642478Z 
2024-03-03T14:59:34.9642655Z Audit
2024-03-03T14:59:34.9644288Z   Scopes >
2024-03-03T14:59:35.0137955Z     `at_location` can filter out audits to a specific location
2024-03-03T14:59:35.0138693Z   versioning
2024-03-03T14:59:35.0172531Z     is expected to be versioned
2024-03-03T14:59:35.0173113Z   behaves like itemizable
2024-03-03T14:59:35.0173946Z     .to_a
2024-03-03T14:59:35.0174995Z       with Flipper flag :deprecate_to_a enabled
2024-03-03T14:59:35.0638939Z         raises an error
2024-03-03T14:59:35.0640197Z       with Flipper flag :deprecate_to_a disabled
2024-03-03T14:59:35.1116056Z         calls line_item_values
2024-03-03T14:59:35.1116631Z     .line_items
2024-03-03T14:59:35.1118267Z       quantities_by_name
2024-03-03T14:59:35.1905717Z         leaves out zero-quantitied items if requested
2024-03-03T14:59:35.2702087Z         returns a hash of items with id, name, and quantity
2024-03-03T14:59:35.2702759Z       sorted
2024-03-03T14:59:35.3792603Z         displays the items, sorted by name
2024-03-03T14:59:35.3793039Z       combine!
2024-03-03T14:59:35.4315123Z         combines multiple line_items with the same item_id into a single record
2024-03-03T14:59:35.4681295Z         incrementally combines line_items on donations that have already been created
2024-03-03T14:59:35.4682203Z       total
2024-03-03T14:59:35.5430943Z         has an item total
2024-03-03T14:59:35.5431704Z   Methods >
2024-03-03T14:59:35.8843865Z     `self.finalized_since?` returns true iff some finalized audit occurred after itemizable created_at that shares item for location(s)
2024-03-03T14:59:36.1189195Z     `self.storage_locations_audited_for` returns only storage_locations that are used for one org
2024-03-03T14:59:36.1189908Z   Validations >
2024-03-03T14:59:36.1725933Z     can have line items that has quantity as zero
2024-03-03T14:59:36.2254927Z     can have line items that has quantity as a positive integer
2024-03-03T14:59:36.2768005Z     can not have line items that has quantity as a string that cannot be reduced to an integer
2024-03-03T14:59:36.3278381Z     cannot have duplicate line items
2024-03-03T14:59:36.3787101Z     can not have line items that has quantity as negative integer
2024-03-03T14:59:36.4063021Z     must belong to an organization
2024-03-03T14:59:36.4157403Z     must belong to an organization admin of its organization
2024-03-03T14:59:36.4158376Z 
2024-03-03T14:59:36.4158575Z AccountRequest
2024-03-03T14:59:36.4284863Z   #confirm!
2024-03-03T14:59:36.4406375Z   #reject!
2024-03-03T14:59:36.4406998Z   .get_by_identity_token
2024-03-03T14:59:36.4408138Z     when the identity_token provided does not match any AccountRequest
2024-03-03T14:59:36.4442804Z       should return nil
2024-03-03T14:59:36.4443483Z     when the identity_token corresponds to an existing AccountRequest
2024-03-03T14:59:36.4532819Z       should return the corresponding AccountRequest
2024-03-03T14:59:36.4533450Z   validations
2024-03-03T14:59:36.4665283Z     is expected to validate that :email is case-sensitively unique
2024-03-03T14:59:36.4786180Z     is expected to validate that :request_details cannot be empty/falsy
2024-03-03T14:59:36.4930692Z     is expected to validate that :email cannot be empty/falsy
2024-03-03T14:59:36.5062617Z     is expected to validate that :name cannot be empty/falsy
2024-03-03T14:59:36.5179533Z     is expected to validate that the length of :request_details is at least 50
2024-03-03T14:59:36.5275682Z     is expected not to allow :email to be "not_email"
2024-03-03T14:59:36.5366076Z     is expected to allow :email to be "rubin_luettgen@koelpin-cronin.test"
2024-03-03T14:59:36.5367147Z     when the email provided is already used by an existing user
2024-03-03T14:59:36.5550583Z       should not allow the email
2024-03-03T14:59:36.5551414Z     when the email provided is already used by an existing organization
2024-03-03T14:59:36.7307250Z       should not allow the email
2024-03-03T14:59:36.7307806Z   versioning
2024-03-03T14:59:36.7344480Z     is expected to be versioned
2024-03-03T14:59:36.7344996Z   #identity_token
2024-03-03T14:59:36.7433760Z     should return a JWT token that contains the id of the account_request_id
2024-03-03T14:59:36.7436851Z     when the account_request is not persisted
2024-03-03T14:59:36.7522969Z       should raise an error
2024-03-03T14:59:36.7523449Z   #processed?
2024-03-03T14:59:36.7524507Z     when the account request has a associated organization
2024-03-03T14:59:36.9319303Z       should return true
2024-03-03T14:59:36.9320005Z     when the account request has no associated organization
2024-03-03T14:59:36.9410580Z       should return false
2024-03-03T14:59:36.9411092Z   associations
2024-03-03T14:59:36.9467570Z     is expected to belong to ndbn_member class_name => NDBNMember optional: true
2024-03-03T14:59:36.9499182Z     is expected to have one organization class_name => Organization
2024-03-03T14:59:36.9499826Z 
2024-03-03T14:59:36.9500058Z DistributionByCountyReportService
2024-03-03T14:59:36.9500691Z   get_breakdown
2024-03-03T14:59:37.0203359Z     will have 100% unspecified shows if no served_areas
2024-03-03T14:59:37.1137957Z     divides the item numbers and values according to the partner profile
2024-03-03T14:59:37.2885894Z     handles multiple partners with overlapping service areas properly
2024-03-03T14:59:37.2886561Z 
2024-03-03T14:59:37.2886756Z Partners::ServedArea
2024-03-03T14:59:37.2933832Z   is expected to belong to partner_profile required: true
2024-03-03T14:59:37.3067996Z   must only allow integer client shares
2024-03-03T14:59:37.3301457Z   must only allow valid client share values
2024-03-03T14:59:37.3341318Z   is expected to belong to county required: true
2024-03-03T14:59:37.3341950Z   versioning
2024-03-03T14:59:37.3376706Z     is expected to be versioned
2024-03-03T14:59:37.3377237Z 
2024-03-03T14:59:37.3377452Z Partners::AuthorizedFamilyMember
2024-03-03T14:59:37.3378499Z   versioning
2024-03-03T14:59:37.3411600Z     is expected to be versioned
2024-03-03T14:59:37.3412100Z   #display_name
2024-03-03T14:59:37.3672971Z     should return the family member's first and last name
2024-03-03T14:59:37.3673574Z   associations
2024-03-03T14:59:37.3710164Z     is expected to have many child_item_requests dependent => nullify
2024-03-03T14:59:37.3749317Z     is expected to belong to family required: true
2024-03-03T14:59:37.3749964Z 
2024-03-03T14:59:37.3750176Z HistoricalDataCacheJob
2024-03-03T14:59:37.5582558Z   caches the historical data
2024-03-03T14:59:37.7242386Z   queues the job
2024-03-03T14:59:37.7243204Z 
2024-03-03T14:59:37.7243383Z InventoryItem
2024-03-03T14:59:37.7278112Z   initializes the quantity to 0 if it was not specified
2024-03-03T14:59:37.7278794Z   Validations >
2024-03-03T14:59:37.7323605Z     requires an item
2024-03-03T14:59:37.7370100Z     requires an inventory association
2024-03-03T14:59:37.7370649Z     quantity >
2024-03-03T14:59:37.7504539Z       is gte 0
2024-03-03T14:59:37.7560727Z       is required
2024-03-03T14:59:37.7615442Z       is numerical
2024-03-03T14:59:37.7670277Z       is less than the max integer
2024-03-03T14:59:37.7670819Z   versioning
2024-03-03T14:59:37.7705147Z     is expected to be versioned
2024-03-03T14:59:37.7705678Z   Filtering >
2024-03-03T14:59:37.7706550Z     ->by_partner_key
2024-03-03T14:59:37.7843063Z       shows the Base Items by partner_key
2024-03-03T14:59:37.7843583Z 
2024-03-03T14:59:37.7843742Z EventDiffer
2024-03-03T14:59:38.0037595Z   should return a full diff
2024-03-03T14:59:38.0037894Z 
2024-03-03T14:59:38.0037998Z Request
2024-03-03T14:59:38.0038918Z   versioning
2024-03-03T14:59:38.0078231Z     is expected to be versioned
2024-03-03T14:59:38.0078753Z   item data
2024-03-03T14:59:38.0158259Z     coerces item quantity and id to always be an integer before saving
2024-03-03T14:59:38.0160759Z   Enums >
2024-03-03T14:59:38.0161367Z     #status
2024-03-03T14:59:38.0363674Z       scopes
2024-03-03T14:59:38.0364076Z   total_items
2024-03-03T14:59:38.0457198Z     adds the quantity of all items in the request
2024-03-03T14:59:38.0457668Z 
2024-03-03T14:59:38.0457822Z ReminderDeadlineMailer
2024-03-03T14:59:38.0458795Z   notify deadline
2024-03-03T14:59:38.0745552Z     renders the sender email
2024-03-03T14:59:38.1007306Z     renders the body
2024-03-03T14:59:38.1269040Z     renders the subject
2024-03-03T14:59:38.1527948Z     renders the receiver email
2024-03-03T14:59:38.1529360Z 
2024-03-03T14:59:38.1529572Z DonationsController
2024-03-03T14:59:38.1531308Z   While signed in as an organization admin >
2024-03-03T14:59:38.1532163Z     DELETE #destroy
2024-03-03T14:59:38.1835324Z       redirects to the index
2024-03-03T14:59:38.1835792Z   While signed in as a normal user >
2024-03-03T14:59:38.1837445Z     DELETE #destroy
2024-03-03T14:59:38.1992594Z       redirects to the dashboard path
2024-03-03T14:59:38.1992996Z     GET #show
2024-03-03T14:59:38.2156830Z       returns http success
2024-03-03T14:59:38.2157445Z     GET #index
2024-03-03T14:59:38.2300103Z       returns http success
2024-03-03T14:59:38.2300633Z     GET #edit
2024-03-03T14:59:38.2491103Z       returns http success
2024-03-03T14:59:38.2491607Z     PUT#update
2024-03-03T14:59:38.3643194Z       updates storage quantity correctly
2024-03-03T14:59:38.3730213Z       redirects to index after update (FAILED - 2)
2024-03-03T14:59:38.3731292Z       when removing a line item
2024-03-03T14:59:38.4787442Z         updates storage invetory item quantity correctly
2024-03-03T14:59:38.4788178Z       when changing storage location
2024-03-03T14:59:38.5856383Z         updates storage quantity correctly
2024-03-03T14:59:38.5894735Z         rolls back updates if quantity would go below 0
2024-03-03T14:59:38.5895422Z     POST#create
2024-03-03T14:59:38.5974645Z       renders GET#new with error on failure (FAILED - 3)
2024-03-03T14:59:38.6050603Z       redirects to GET#edit on success (FAILED - 4)
2024-03-03T14:59:38.6051273Z     GET #new
2024-03-03T14:59:38.6178479Z       returns http success
2024-03-03T14:59:38.6179116Z   calculating total money raised for all donations
2024-03-03T14:59:38.6214282Z     returns zero for an empty array of donations
2024-03-03T14:59:38.6337229Z     correctly calculates the total
2024-03-03T14:59:38.6337919Z   calculating total value of multiple donations
2024-03-03T14:59:38.6374467Z     returns zero for an empty array of donations
2024-03-03T14:59:38.7707069Z     works correctly for multiple line items per donation
2024-03-03T14:59:38.7708311Z 
2024-03-03T14:59:38.7708476Z RequestDestroyService
2024-03-03T14:59:38.7709288Z   #call
2024-03-03T14:59:38.7828127Z     should return an instance of itself
2024-03-03T14:59:38.7829091Z     when the request's partner is deactivated
2024-03-03T14:59:38.8084148Z       should have errors
2024-03-03T14:59:38.8084728Z     when the request_id matches no request
2024-03-03T14:59:38.8121852Z       should not be successful and have errors indicating request id is invalid
2024-03-03T14:59:38.8122795Z     when the request is already discarded
2024-03-03T14:59:38.8216263Z       should not be successful and have errors
2024-03-03T14:59:38.8216961Z     when there are no validation errors
2024-03-03T14:59:38.8326627Z       should send a email notification to the partner
2024-03-03T14:59:38.8446001Z       should update the discarded_at column on the request
2024-03-03T14:59:38.8563662Z       should update the status column on the request
2024-03-03T14:59:38.8564537Z 
2024-03-03T14:59:38.8564713Z User
2024-03-03T14:59:38.8621585Z   has a valid factory
2024-03-03T14:59:38.8622125Z   versioning
2024-03-03T14:59:38.8656775Z     is expected to be versioned
2024-03-03T14:59:38.8657322Z   Scopes >
2024-03-03T14:59:38.8657857Z     ->alphabetized
2024-03-03T14:59:38.9028073Z       retrieves users in the correct order
2024-03-03T14:59:38.9029054Z   omniauth
2024-03-03T14:59:38.9153749Z     retrieves the user from an omniauth context
2024-03-03T14:59:38.9154409Z   Scopes >
2024-03-03T14:59:38.9155126Z     ->alphabetized
2024-03-03T14:59:38.9365390Z       retrieves users in the correct order
2024-03-03T14:59:38.9365909Z   Validations >
2024-03-03T14:59:38.9555431Z     requires an email that is formatted correctly
2024-03-03T14:59:38.9639100Z     requires a name
2024-03-03T14:59:38.9639518Z   Methods >
2024-03-03T14:59:39.0102945Z     #kind
2024-03-03T14:59:39.0179722Z     #invitation_status
2024-03-03T14:59:39.0256259Z     #reinvitable?
2024-03-03T14:59:39.0304699Z     discarded?
2024-03-03T14:59:39.0305301Z 
2024-03-03T14:59:39.0305508Z DistributionReminder
2024-03-03T14:59:39.0306427Z   conditionally sending the emails
2024-03-03T14:59:39.0655450Z     sends mail for future distributions where the partner wants reminders
2024-03-03T14:59:39.0943617Z     sends mail for future distributions
2024-03-03T14:59:39.1215678Z     does not send mail for future distributions if the partner wants no reminders
2024-03-03T14:59:39.1486681Z     does not send mail for past distributions
2024-03-03T14:59:39.1487478Z     when the distribution_id does not match any Distribution
2024-03-03T14:59:39.1530348Z       does not send mail for non existent distributions
2024-03-03T14:59:39.1531020Z     when the partner is deactivated
2024-03-03T14:59:39.1805742Z       does not send mail
2024-03-03T14:59:39.1806478Z 
2024-03-03T14:59:39.1806657Z PartnerInviteService
2024-03-03T14:59:39.2107367Z   should update the status of the partner to invited
2024-03-03T14:59:39.2404096Z   should create invite
2024-03-03T14:59:39.2404556Z   with force: true
2024-03-03T14:59:39.2699854Z     should send the force setting forward
2024-03-03T14:59:39.2700317Z 
2024-03-03T14:59:39.2700469Z ItemsInTotalQuery
2024-03-03T14:59:39.2701424Z   items_in_total_query
2024-03-03T14:59:39.4906411Z     does not count negative adjustments towards in-flow
2024-03-03T14:59:39.6512081Z     returns a sum total of all in-flows
2024-03-03T14:59:39.8824866Z     does not count transfers going in the negative direction
2024-03-03T14:59:40.2311807Z     counts shared items together
2024-03-03T14:59:40.5060530Z     does not count donations, purchases, adjustments to other storage locations
2024-03-03T14:59:40.5286749Z W, [2024-03-03T06:59:40.528477 #2307]  WARN -- : [knapsack_pro] POST https://api-disabled-for-fork.knapsackpro.com/v1/build_subsets
2024-03-03T14:59:40.5288384Z W, [2024-03-03T06:59:40.528516 #2307]  WARN -- : [knapsack_pro] Request failed due to:
2024-03-03T14:59:40.5290210Z W, [2024-03-03T06:59:40.528530 #2307]  WARN -- : [knapsack_pro] #<SocketError: Failed to open TCP connection to api-disabled-for-fork.knapsackpro.com:443 (getaddrinfo: Name or service not known)>
2024-03-03T14:59:40.5291969Z W, [2024-03-03T06:59:40.528554 #2307]  WARN -- : [knapsack_pro] Time execution report was not saved on Knapsack Pro API server due to connection problem.
2024-03-03T14:59:40.5806793Z 
2024-03-03T14:59:40.5807021Z Failures:
2024-03-03T14:59:40.5807276Z 
2024-03-03T14:59:40.5807770Z   1) Donation Methods > source_view details donation site returns donation_site name
2024-03-03T14:59:40.5808824Z      Failure/Error: let(:donation_site) { create(:donation_site) }
2024-03-03T14:59:40.5836675Z 
2024-03-03T14:59:40.5838473Z      ActiveRecord::RecordInvalid:
2024-03-03T14:59:40.5840145Z        Validation failed: Contact name can't be blank, Email can't be blank, Email is invalid, Phone can't be blank, Phone must be a valid phone number
2024-03-03T14:59:40.5841846Z      # ./spec/models/donation_spec.rb:247:in `block (6 levels) in <top (required)>'
2024-03-03T14:59:40.5848352Z      # ./spec/models/donation_spec.rb:248:in `block (6 levels) in <top (required)>'
2024-03-03T14:59:40.5849516Z      # ./spec/models/donation_spec.rb:251:in `block (6 levels) in <top (required)>'
2024-03-03T14:59:40.5850194Z 
2024-03-03T14:59:40.5850837Z   2) DonationsController While signed in as a normal user > PUT#update redirects to index after update
2024-03-03T14:59:40.5852333Z      Failure/Error: donation = create(:donation_site_donation)
2024-03-03T14:59:40.5852882Z 
2024-03-03T14:59:40.5853071Z      ActiveRecord::RecordInvalid:
2024-03-03T14:59:40.5854585Z        Validation failed: Contact name can't be blank, Email can't be blank, Email is invalid, Phone can't be blank, Phone must be a valid phone number
2024-03-03T14:59:40.5856326Z      # ./spec/controllers/donations_controller_spec.rb:50:in `block (4 levels) in <top (required)>'
2024-03-03T14:59:40.5857124Z 
2024-03-03T14:59:40.5857809Z   3) DonationsController While signed in as a normal user > POST#create renders GET#new with error on failure
2024-03-03T14:59:40.5859052Z      Failure/Error: let!(:donation_site) { create(:donation_site) }
2024-03-03T14:59:40.5859621Z 
2024-03-03T14:59:40.5859809Z      ActiveRecord::RecordInvalid:
2024-03-03T14:59:40.5861274Z        Validation failed: Contact name can't be blank, Email can't be blank, Email is invalid, Phone can't be blank, Phone must be a valid phone number
2024-03-03T14:59:40.5863003Z      # ./spec/controllers/donations_controller_spec.rb:28:in `block (4 levels) in <top (required)>'
2024-03-03T14:59:40.5863803Z 
2024-03-03T14:59:40.5864439Z   4) DonationsController While signed in as a normal user > POST#create redirects to GET#edit on success
2024-03-03T14:59:40.5865641Z      Failure/Error: let!(:donation_site) { create(:donation_site) }
2024-03-03T14:59:40.5866208Z 
2024-03-03T14:59:40.5866392Z      ActiveRecord::RecordInvalid:
2024-03-03T14:59:40.5867850Z        Validation failed: Contact name can't be blank, Email can't be blank, Email is invalid, Phone can't be blank, Phone must be a valid phone number
2024-03-03T14:59:40.5869552Z      # ./spec/controllers/donations_controller_spec.rb:28:in `block (4 levels) in <top (required)>'
2024-03-03T14:59:40.5870345Z 
2024-03-03T14:59:40.5870662Z Finished in 57.29 seconds (files took 8.22 seconds to load)
2024-03-03T14:59:40.5871354Z 575 examples, 4 failures
2024-03-03T14:59:40.5871654Z 
2024-03-03T14:59:40.5871806Z Failed examples:
2024-03-03T14:59:40.5872048Z 
2024-03-03T14:59:40.5872837Z rspec ./spec/models/donation_spec.rb:250 # Donation Methods > source_view details donation site returns donation_site name
2024-03-03T14:59:40.5875165Z rspec ./spec/controllers/donations_controller_spec.rb:49 # DonationsController While signed in as a normal user > PUT#update redirects to index after update
2024-03-03T14:59:40.5877528Z rspec ./spec/controllers/donations_controller_spec.rb:41 # DonationsController While signed in as a normal user > POST#create renders GET#new with error on failure
2024-03-03T14:59:40.5879882Z rspec ./spec/controllers/donations_controller_spec.rb:31 # DonationsController While signed in as a normal user > POST#create redirects to GET#edit on success
2024-03-03T14:59:40.5881157Z 
2024-03-03T14:59:40.5882978Z Randomized with seed 1041
2024-03-03T14:59:40.5883307Z 
2024-03-03T14:59:41.0639690Z Stopped processing SimpleCov as a previous error not related to SimpleCov has been detected
2024-03-03T14:59:41.0641760Z Coverage report generated for RSpec to /home/runner/work/human-essentials/human-essentials/coverage. 3970 / 6428 LOC (61.76%) covered.
2024-03-03T14:59:41.1121701Z /opt/hostedtoolcache/Ruby/3.2.2/x64/bin/ruby -I/home/runner/work/human-essentials/human-essentials/vendor/bundle/ruby/3.2.0/gems/rspec-core-3.12.2/lib:/home/runner/work/human-essentials/human-essentials/vendor/bundle/ruby/3.2.0/gems/rspec-support-3.12.1/lib /home/runner/work/human-essentials/human-essentials/vendor/bundle/ruby/3.2.0/gems/rspec-core-3.12.2/exe/rspec  --format documentation --format KnapsackPro::Formatters::TimeTracker --default-path spec "spec/models/account_request_spec.rb" "spec/models/audit_spec.rb" "spec/models/base_item_spec.rb" "spec/models/concerns/deadlinable_spec.rb" "spec/models/distribution_spec.rb" "spec/models/donation_spec.rb" "spec/models/inventory_item_spec.rb" "spec/models/item_spec.rb" "spec/models/kit_spec.rb" "spec/models/manufacturer_spec.rb" "spec/models/organization_spec.rb" "spec/models/partner_group_spec.rb" "spec/models/partners/authorized_family_member_spec.rb" "spec/models/partners/child_spec.rb" "spec/models/partners/item_request_spec.rb" "spec/models/partners/served_area_spec.rb" "spec/models/product_drive_spec.rb" "spec/models/question_spec.rb" "spec/models/request_spec.rb" "spec/models/storage_location_spec.rb" "spec/models/user_spec.rb" "spec/models/vendor_spec.rb" "spec/controllers/admins_controller_spec.rb" "spec/controllers/distributions_controller_spec.rb" "spec/controllers/donations_controller_spec.rb" "spec/controllers/items_controller_spec.rb" "spec/events/event_differ_spec.rb" "spec/helpers/application_helper_spec.rb" "spec/helpers/product_drive_helper_spec.rb" "spec/jobs/historical_data_cache_job_spec.rb" "spec/jobs/partner_mailer_job_spec.rb" "spec/lib/dispersed_past_dates_generator_spec.rb" "spec/mailers/custom_devise_mailer_spec.rb" "spec/mailers/organization_mailer_spec.rb" "spec/mailers/reminder_deadline_mailer_spec.rb" "spec/mailers/requests_confirmation_mailer_spec.rb" "spec/pdfs/distribution_pdf_spec.rb" "spec/queries/items_in_total_query_spec.rb" "spec/queries/items_out_total_query_spec.rb" "spec/services/add_role_service_spec.rb" "spec/services/allocate_kit_inventory_service_spec.rb" "spec/services/deadline_service_spec.rb" "spec/services/distribution_content_change_service_spec.rb" "spec/services/distribution_destroy_service_spec.rb" "spec/services/distribution_reminder_spec.rb" "spec/services/distributions_by_county_report_service_spec.rb" "spec/services/donation_destroy_service_spec.rb" "spec/services/exports/export_distributions_csv_service_spec.rb" "spec/services/exports/export_purchases_csv_service_spec.rb" "spec/services/exports/export_request_service_spec.rb" "spec/services/inventory_check_service_spec.rb" "spec/services/itemizable_update_service_spec.rb" "spec/services/organization_update_service_spec.rb" "spec/services/partner_create_service_spec.rb" "spec/services/partner_invite_service_spec.rb" "spec/services/partner_request_recertification_service_spec.rb" "spec/services/partners/fetch_partners_to_remind_now_service_spec.rb" "spec/services/partners/request_create_service_spec.rb" "spec/services/profile_update_service_spec.rb" "spec/services/reports/acquisition_report_service_spec.rb" "spec/services/reports/children_served_report_service_spec.rb" "spec/services/reports/partner_info_report_service_spec.rb" "spec/services/reports/summary_report_service_spec.rb" "spec/services/request_destroy_service_spec.rb" "spec/services/service_object_errors_mixin_spec.rb" "spec/services/text_interpolator_service_spec.rb" "spec/services/user_invite_service_spec.rb" failed
2024-03-03T14:59:41.4842173Z Stopped processing SimpleCov as a previous error not related to SimpleCov has been detected
2024-03-03T14:59:41.4844144Z Coverage report generated for RSpec to /home/runner/work/human-essentials/human-essentials/coverage. 38 / 10680 LOC (0.36%) covered.
2024-03-03T14:59:41.5124160Z ##[error]Process completed with exit code 1.
2024-03-03T14:59:41.5189399Z ##[group]Run actions/upload-artifact@v2
2024-03-03T14:59:41.5189778Z with:
2024-03-03T14:59:41.5190014Z   name: failed-browser-tests
2024-03-03T14:59:41.5190373Z   path: tmp/screenshots
2024-03-03T14:59:41.5190657Z   if-no-files-found: warn
2024-03-03T14:59:41.5190921Z ##[endgroup]
2024-03-03T14:59:41.5723191Z ##[warning]No files were found with the provided path: tmp/screenshots. No artifacts will be uploaded.
2024-03-03T14:59:41.5787539Z Post job cleanup.
2024-03-03T14:59:41.6786969Z [command]/usr/bin/git version
2024-03-03T14:59:41.6834139Z git version 2.43.2
2024-03-03T14:59:41.6874981Z Temporarily overriding HOME='/home/runner/work/_temp/7166bbb0-94e8-4841-b5ee-0a16c8e5da00' before making global git config changes
2024-03-03T14:59:41.6876318Z Adding repository directory to the temporary git global config as a safe directory
2024-03-03T14:59:41.6880577Z [command]/usr/bin/git config --global --add safe.directory /home/runner/work/human-essentials/human-essentials
2024-03-03T14:59:41.6921077Z [command]/usr/bin/git config --local --name-only --get-regexp core\.sshCommand
2024-03-03T14:59:41.6960368Z [command]/usr/bin/git submodule foreach --recursive sh -c "git config --local --name-only --get-regexp 'core\.sshCommand' && git config --local --unset-all 'core.sshCommand' || :"
2024-03-03T14:59:41.7200394Z [command]/usr/bin/git config --local --name-only --get-regexp http\.https\:\/\/github\.com\/\.extraheader
2024-03-03T14:59:41.7231345Z http.https://github.com/.extraheader
2024-03-03T14:59:41.7240856Z [command]/usr/bin/git config --local --unset-all http.https://github.com/.extraheader
2024-03-03T14:59:41.7279765Z [command]/usr/bin/git submodule foreach --recursive sh -c "git config --local --name-only --get-regexp 'http\.https\:\/\/github\.com\/\.extraheader' && git config --local --unset-all 'http.https://github.com/.extraheader' || :"
2024-03-03T14:59:41.7656338Z Print service container logs: 6f489cae78454d19a7d9a017f1e207f0_postgres123_e5d211
2024-03-03T14:59:41.7661318Z ##[command]/usr/bin/docker logs --details 5692365b929a8385ade6ddeb4b4dc13cef6c16bcd73c2e391c9a356c6d9f40f6
2024-03-03T14:59:41.7782113Z  The files belonging to this database system will be owned by user "postgres".
2024-03-03T14:59:41.7784169Z  initdb: warning: enabling "trust" authentication for local connections
2024-03-03T14:59:41.7785230Z  You can change this by editing pg_hba.conf or using the option -A, or
2024-03-03T14:59:41.7786164Z  --auth-local and --auth-host, the next time you run initdb.
2024-03-03T14:59:41.7787668Z  2024-03-03 14:57:47.811 UTC [1] LOG:  starting PostgreSQL 12.3 (Debian 12.3-1.pgdg100+1) on x86_64-pc-linux-gnu, compiled by gcc (Debian 8.3.0-6) 8.3.0, 64-bit
2024-03-03T14:59:41.7789347Z  2024-03-03 14:57:47.812 UTC [1] LOG:  listening on IPv4 address "0.0.0.0", port 5432
2024-03-03T14:59:41.7790534Z  2024-03-03 14:57:47.812 UTC [1] LOG:  listening on IPv6 address "::", port 5432
2024-03-03T14:59:41.7791809Z  2024-03-03 14:57:47.813 UTC [1] LOG:  listening on Unix socket "/var/run/postgresql/.s.PGSQL.5432"
2024-03-03T14:59:41.7793112Z  2024-03-03 14:57:47.823 UTC [56] LOG:  database system was shut down at 2024-03-03 14:57:47 UTC
2024-03-03T14:59:41.7794319Z  2024-03-03 14:57:47.827 UTC [1] LOG:  database system is ready to accept connections
2024-03-03T14:59:41.7795555Z  2024-03-03 14:57:57.041 UTC [71] FATAL:  role "root" does not exist
2024-03-03T14:59:41.7796472Z  2024-03-03 14:58:07.122 UTC [79] FATAL:  role "root" does not exist
2024-03-03T14:59:41.7797388Z  2024-03-03 14:58:17.202 UTC [87] FATAL:  role "root" does not exist
2024-03-03T14:59:41.7798419Z  2024-03-03 14:58:18.126 UTC [88] FATAL:  database "diaper_test" does not exist
2024-03-03T14:59:41.7799580Z  2024-03-03 14:58:24.774 UTC [90] ERROR:  relation "flipper_gates" does not exist at character 491
2024-03-03T14:59:41.7800930Z  2024-03-03 14:58:24.774 UTC [90] STATEMENT:  SELECT a.attname, format_type(a.atttypid, a.atttypmod),
2024-03-03T14:59:41.7802096Z  	       pg_get_expr(d.adbin, d.adrelid), a.attnotnull, a.atttypid, a.atttypmod,
2024-03-03T14:59:41.7803004Z  	       c.collname, col_description(a.attrelid, a.attnum) AS comment,
2024-03-03T14:59:41.7803697Z  	       attgenerated as attgenerated
2024-03-03T14:59:41.7804200Z  	  FROM pg_attribute a
2024-03-03T14:59:41.7804900Z  	  LEFT JOIN pg_attrdef d ON a.attrelid = d.adrelid AND a.attnum = d.adnum
2024-03-03T14:59:41.7805782Z  	  LEFT JOIN pg_type t ON a.atttypid = t.oid
2024-03-03T14:59:41.7806753Z  	  LEFT JOIN pg_collation c ON a.attcollation = c.oid AND a.attcollation <> t.typcollation
2024-03-03T14:59:41.7807500Z  	 WHERE a.attrelid = '"flipper_gates"'::regclass
2024-03-03T14:59:41.7807904Z  	   AND a.attnum > 0 AND NOT a.attisdropped
2024-03-03T14:59:41.7808254Z  	 ORDER BY a.attnum
2024-03-03T14:59:41.7808493Z  	
2024-03-03T14:59:41.7808815Z  2024-03-03 14:58:27.276 UTC [100] FATAL:  role "root" does not exist
2024-03-03T14:59:41.7809370Z  2024-03-03 14:58:37.352 UTC [108] FATAL:  role "root" does not exist
2024-03-03T14:59:41.7809909Z  2024-03-03 14:58:47.450 UTC [118] FATAL:  role "root" does not exist
2024-03-03T14:59:41.7810899Z  2024-03-03 14:58:57.535 UTC [128] FATAL:  role "root" does not exist
2024-03-03T14:59:41.7811430Z  2024-03-03 14:59:07.625 UTC [136] FATAL:  role "root" does not exist
2024-03-03T14:59:41.7811954Z  2024-03-03 14:59:17.712 UTC [145] FATAL:  role "root" does not exist
2024-03-03T14:59:41.7812746Z  2024-03-03 14:59:27.316 UTC [110] ERROR:  new row for relation "partner_groups" violates check constraint "reminder_day_of_month_check"
2024-03-03T14:59:41.7813801Z  2024-03-03 14:59:27.316 UTC [110] DETAIL:  Failing row contains (1, 1, Group 1, 2024-03-03 14:59:27.314621, 2024-03-03 14:59:27.314621, f, 29, 28).
2024-03-03T14:59:41.7814810Z  2024-03-03 14:59:27.316 UTC [110] STATEMENT:  UPDATE "partner_groups" SET "reminder_day" = $1 WHERE "partner_groups"."id" = $2
2024-03-03T14:59:41.7815996Z  2024-03-03 14:59:27.323 UTC [110] ERROR:  new row for relation "partner_groups" violates check constraint "deadline_day_of_month_check"
2024-03-03T14:59:41.7817069Z  2024-03-03 14:59:27.323 UTC [110] DETAIL:  Failing row contains (2, 1, Group 2, 2024-03-03 14:59:27.321867, 2024-03-03 14:59:27.321867, f, 14, 29).
2024-03-03T14:59:41.7818080Z  2024-03-03 14:59:27.323 UTC [110] STATEMENT:  UPDATE "partner_groups" SET "deadline_day" = $1 WHERE "partner_groups"."id" = $2
2024-03-03T14:59:41.7818989Z  2024-03-03 14:59:27.329 UTC [110] ERROR:  null value in column "send_reminders" violates not-null constraint
2024-03-03T14:59:41.7819942Z  2024-03-03 14:59:27.329 UTC [110] DETAIL:  Failing row contains (3, 1, Group 3, 2024-03-03 14:59:27.328616, 2024-03-03 14:59:27.328616, null, 14, 28).
2024-03-03T14:59:41.7820956Z  2024-03-03 14:59:27.329 UTC [110] STATEMENT:  UPDATE "partner_groups" SET "send_reminders" = $1 WHERE "partner_groups"."id" = $2
2024-03-03T14:59:41.7821707Z  2024-03-03 14:59:27.791 UTC [154] FATAL:  role "root" does not exist
2024-03-03T14:59:41.7822243Z  2024-03-03 14:59:37.879 UTC [162] FATAL:  role "root" does not exist
2024-03-03T14:59:41.7822713Z  This user must also own the server process.
2024-03-03T14:59:41.7823052Z  
2024-03-03T14:59:41.7823377Z  The database cluster will be initialized with locale "en_US.utf8".
2024-03-03T14:59:41.7823948Z  The default database encoding has accordingly been set to "UTF8".
2024-03-03T14:59:41.7824498Z  The default text search configuration will be set to "english".
2024-03-03T14:59:41.7824911Z  
2024-03-03T14:59:41.7825131Z  Data page checksums are disabled.
2024-03-03T14:59:41.7825424Z  
2024-03-03T14:59:41.7825776Z  fixing permissions on existing directory /var/lib/postgresql/data ... ok
2024-03-03T14:59:41.7826263Z  creating subdirectories ... ok
2024-03-03T14:59:41.7826652Z  selecting dynamic shared memory implementation ... posix
2024-03-03T14:59:41.7827085Z  selecting default max_connections ... 100
2024-03-03T14:59:41.7827460Z  selecting default shared_buffers ... 128MB
2024-03-03T14:59:41.7827823Z  selecting default time zone ... Etc/UTC
2024-03-03T14:59:41.7828166Z  creating configuration files ... ok
2024-03-03T14:59:41.7828495Z  running bootstrap script ... ok
2024-03-03T14:59:41.7828861Z  performing post-bootstrap initialization ... ok
2024-03-03T14:59:41.7829226Z  syncing data to disk ... ok
2024-03-03T14:59:41.7829494Z  
2024-03-03T14:59:41.7829678Z  
2024-03-03T14:59:41.7829952Z  Success. You can now start the database server using:
2024-03-03T14:59:41.7830458Z  
2024-03-03T14:59:41.7830734Z      pg_ctl -D /var/lib/postgresql/data -l logfile start
2024-03-03T14:59:41.7831096Z  
2024-03-03T14:59:41.7831905Z  waiting for server to start....2024-03-03 14:57:47.609 UTC [47] LOG:  starting PostgreSQL 12.3 (Debian 12.3-1.pgdg100+1) on x86_64-pc-linux-gnu, compiled by gcc (Debian 8.3.0-6) 8.3.0, 64-bit
2024-03-03T14:59:41.7833039Z  2024-03-03 14:57:47.610 UTC [47] LOG:  listening on Unix socket "/var/run/postgresql/.s.PGSQL.5432"
2024-03-03T14:59:41.7833796Z  2024-03-03 14:57:47.621 UTC [48] LOG:  database system was shut down at 2024-03-03 14:57:47 UTC
2024-03-03T14:59:41.7834498Z  2024-03-03 14:57:47.625 UTC [47] LOG:  database system is ready to accept connections
2024-03-03T14:59:41.7835444Z   done
2024-03-03T14:59:41.7835658Z  server started
2024-03-03T14:59:41.7835890Z  
2024-03-03T14:59:41.7836286Z  /usr/local/bin/docker-entrypoint.sh: ignoring /docker-entrypoint-initdb.d/*
2024-03-03T14:59:41.7836760Z  
2024-03-03T14:59:41.7837082Z  2024-03-03 14:57:47.702 UTC [47] LOG:  received fast shutdown request
2024-03-03T14:59:41.7837791Z  waiting for server to shut down....2024-03-03 14:57:47.702 UTC [47] LOG:  aborting any active transactions
2024-03-03T14:59:41.7838690Z  2024-03-03 14:57:47.703 UTC [47] LOG:  background worker "logical replication launcher" (PID 54) exited with exit code 1
2024-03-03T14:59:41.7839369Z  2024-03-03 14:57:47.704 UTC [49] LOG:  shutting down
2024-03-03T14:59:41.7839843Z  2024-03-03 14:57:47.710 UTC [47] LOG:  database system is shut down
2024-03-03T14:59:41.7840402Z   done
2024-03-03T14:59:41.7840613Z  server stopped
2024-03-03T14:59:41.7840830Z  
2024-03-03T14:59:41.7841108Z  PostgreSQL init process complete; ready for start up.
2024-03-03T14:59:41.7841482Z  
2024-03-03T14:59:41.7847095Z Stop and remove container: 6f489cae78454d19a7d9a017f1e207f0_postgres123_e5d211
2024-03-03T14:59:41.7852546Z ##[command]/usr/bin/docker rm --force 5692365b929a8385ade6ddeb4b4dc13cef6c16bcd73c2e391c9a356c6d9f40f6
2024-03-03T14:59:41.9903443Z 5692365b929a8385ade6ddeb4b4dc13cef6c16bcd73c2e391c9a356c6d9f40f6
2024-03-03T14:59:41.9930266Z Remove container network: github_network_1fc6b5dd75714082be47547358f7ab39
2024-03-03T14:59:41.9935748Z ##[command]/usr/bin/docker network rm github_network_1fc6b5dd75714082be47547358f7ab39
2024-03-03T14:59:42.2530768Z github_network_1fc6b5dd75714082be47547358f7ab39
2024-03-03T14:59:42.2691835Z Cleaning up orphan processes
