2024-02-20T21:43:17.6676145Z Requested labels: ubuntu-latest
2024-02-20T21:43:17.6676613Z Job defined at: rubyforgood/human-essentials/.github/workflows/rspec-system-events.yml@refs/pull/4055/merge
2024-02-20T21:43:17.6676809Z Waiting for a runner to pick up this job...
2024-02-20T21:46:35.0401166Z Job is waiting for a hosted runner to come online.
2024-02-20T21:46:38.1920457Z Job is about to start running on the hosted runner: GitHub Actions 6 (hosted)
2024-02-20T21:46:40.7636520Z Current runner version: '2.313.0'
2024-02-20T21:46:40.7659839Z ##[group]Operating System
2024-02-20T21:46:40.7660467Z Ubuntu
2024-02-20T21:46:40.7660765Z 22.04.4
2024-02-20T21:46:40.7661242Z LTS
2024-02-20T21:46:40.7661569Z ##[endgroup]
2024-02-20T21:46:40.7661898Z ##[group]Runner Image
2024-02-20T21:46:40.7662412Z Image: ubuntu-22.04
2024-02-20T21:46:40.7662812Z Version: 20240218.1.0
2024-02-20T21:46:40.7664075Z Included Software: https://github.com/actions/runner-images/blob/ubuntu22/20240218.1/images/ubuntu/Ubuntu2204-Readme.md
2024-02-20T21:46:40.7665862Z Image Release: https://github.com/actions/runner-images/releases/tag/ubuntu22%2F20240218.1
2024-02-20T21:46:40.7666716Z ##[endgroup]
2024-02-20T21:46:40.7667199Z ##[group]Runner Image Provisioner
2024-02-20T21:46:40.7667645Z 2.0.341.1
2024-02-20T21:46:40.7667975Z ##[endgroup]
2024-02-20T21:46:40.7670857Z ##[group]GITHUB_TOKEN Permissions
2024-02-20T21:46:40.7672516Z Actions: read
2024-02-20T21:46:40.7672962Z Checks: read
2024-02-20T21:46:40.7673585Z Contents: read
2024-02-20T21:46:40.7674131Z Deployments: read
2024-02-20T21:46:40.7674503Z Discussions: read
2024-02-20T21:46:40.7674875Z Issues: read
2024-02-20T21:46:40.7675304Z Metadata: read
2024-02-20T21:46:40.7675657Z Packages: read
2024-02-20T21:46:40.7676034Z Pages: read
2024-02-20T21:46:40.7676480Z PullRequests: read
2024-02-20T21:46:40.7676866Z RepositoryProjects: read
2024-02-20T21:46:40.7677324Z SecurityEvents: read
2024-02-20T21:46:40.7677785Z Statuses: read
2024-02-20T21:46:40.7678127Z ##[endgroup]
2024-02-20T21:46:40.7681343Z Secret source: Dependabot
2024-02-20T21:46:40.7682058Z Prepare workflow directory
2024-02-20T21:46:40.8558201Z Prepare all required actions
2024-02-20T21:46:40.8717814Z Getting action download info
2024-02-20T21:46:41.1079801Z Download action repository 'actions/checkout@v2' (SHA:ee0669bd1cc54295c223e0bb666b733df41de1c5)
2024-02-20T21:46:41.2289129Z Download action repository 'ruby/setup-ruby@v1' (SHA:22fdc77bf4148f810455b226c90fb81b5cbc00a7)
2024-02-20T21:46:41.9986087Z Download action repository 'actions/upload-artifact@v2' (SHA:82c141cc518b40d92cc801eee768e7aafc9c2fa2)
2024-02-20T21:46:42.1795695Z Complete job name: rspec-system-events (6, 1)
2024-02-20T21:46:42.2468321Z ##[group]Checking docker version
2024-02-20T21:46:42.2482954Z ##[command]/usr/bin/docker version --format '{{.Server.APIVersion}}'
2024-02-20T21:46:42.3192932Z '1.43'
2024-02-20T21:46:42.3205435Z Docker daemon API version: '1.43'
2024-02-20T21:46:42.3206296Z ##[command]/usr/bin/docker version --format '{{.Client.APIVersion}}'
2024-02-20T21:46:42.3367187Z '1.43'
2024-02-20T21:46:42.3388219Z Docker client API version: '1.43'
2024-02-20T21:46:42.3394576Z ##[endgroup]
2024-02-20T21:46:42.3399643Z ##[group]Clean up resources from previous jobs
2024-02-20T21:46:42.3405573Z ##[command]/usr/bin/docker ps --all --quiet --no-trunc --filter "label=b224f0"
2024-02-20T21:46:42.3549300Z ##[command]/usr/bin/docker network prune --force --filter "label=b224f0"
2024-02-20T21:46:42.3678552Z ##[endgroup]
2024-02-20T21:46:42.3679092Z ##[group]Create local container network
2024-02-20T21:46:42.3689899Z ##[command]/usr/bin/docker network create --label b224f0 github_network_247314f38174466db72fb1d1bd4bc40a
2024-02-20T21:46:42.4569240Z 99ec087a677173e20a5469e86a8657fe0a6f3e4944b7264fd1adeb207f3f08a6
2024-02-20T21:46:42.4586583Z ##[endgroup]
2024-02-20T21:46:42.4664492Z ##[group]Starting db service container
2024-02-20T21:46:42.4682353Z ##[command]/usr/bin/docker pull postgres:12.3
2024-02-20T21:46:43.3098918Z 12.3: Pulling from library/postgres
2024-02-20T21:46:43.5375380Z bf5952930446: Pulling fs layer
2024-02-20T21:46:43.5376149Z 9577476abb00: Pulling fs layer
2024-02-20T21:46:43.5376762Z 2bd105512d5c: Pulling fs layer
2024-02-20T21:46:43.5377181Z b1cd21c26e81: Pulling fs layer
2024-02-20T21:46:43.5377587Z 34a7c86cf8fc: Pulling fs layer
2024-02-20T21:46:43.5378013Z 274e7b0c38d5: Pulling fs layer
2024-02-20T21:46:43.5378387Z 3e831b350d37: Pulling fs layer
2024-02-20T21:46:43.5378803Z 38fa0d496534: Pulling fs layer
2024-02-20T21:46:43.5379544Z 31a8349609a4: Pulling fs layer
2024-02-20T21:46:43.5379993Z 14e4c2a4b7b7: Pulling fs layer
2024-02-20T21:46:43.5380373Z 964acfa02beb: Pulling fs layer
2024-02-20T21:46:43.5380789Z 31b1f20dffc0: Pulling fs layer
2024-02-20T21:46:43.5381181Z 14771c2930e9: Pulling fs layer
2024-02-20T21:46:43.5381551Z 2f30edd0ce8a: Pulling fs layer
2024-02-20T21:46:43.5381940Z 34a7c86cf8fc: Waiting
2024-02-20T21:46:43.5382311Z 274e7b0c38d5: Waiting
2024-02-20T21:46:43.5382632Z 3e831b350d37: Waiting
2024-02-20T21:46:43.5383028Z 38fa0d496534: Waiting
2024-02-20T21:46:43.5383341Z 31a8349609a4: Waiting
2024-02-20T21:46:43.5383666Z 14e4c2a4b7b7: Waiting
2024-02-20T21:46:43.5384020Z 964acfa02beb: Waiting
2024-02-20T21:46:43.5384357Z 31b1f20dffc0: Waiting
2024-02-20T21:46:43.5384671Z 14771c2930e9: Waiting
2024-02-20T21:46:43.5385045Z 2f30edd0ce8a: Waiting
2024-02-20T21:46:43.5385382Z b1cd21c26e81: Waiting
2024-02-20T21:46:43.8055586Z 2bd105512d5c: Verifying Checksum
2024-02-20T21:46:43.8056937Z 2bd105512d5c: Download complete
2024-02-20T21:46:43.9003697Z 9577476abb00: Verifying Checksum
2024-02-20T21:46:43.9004220Z 9577476abb00: Download complete
2024-02-20T21:46:44.1506654Z b1cd21c26e81: Verifying Checksum
2024-02-20T21:46:44.1508107Z b1cd21c26e81: Download complete
2024-02-20T21:46:44.2464305Z bf5952930446: Download complete
2024-02-20T21:46:44.3199429Z 34a7c86cf8fc: Verifying Checksum
2024-02-20T21:46:44.3200716Z 34a7c86cf8fc: Download complete
2024-02-20T21:46:44.4640909Z 274e7b0c38d5: Download complete
2024-02-20T21:46:44.5144376Z 3e831b350d37: Verifying Checksum
2024-02-20T21:46:44.5145114Z 3e831b350d37: Download complete
2024-02-20T21:46:44.5870966Z 38fa0d496534: Verifying Checksum
2024-02-20T21:46:44.5871945Z 38fa0d496534: Download complete
2024-02-20T21:46:44.7874328Z 14e4c2a4b7b7: Verifying Checksum
2024-02-20T21:46:44.7875482Z 14e4c2a4b7b7: Download complete
2024-02-20T21:46:44.8586648Z 964acfa02beb: Download complete
2024-02-20T21:46:45.0548848Z 31b1f20dffc0: Verifying Checksum
2024-02-20T21:46:45.0550678Z 31b1f20dffc0: Download complete
2024-02-20T21:46:45.1210371Z 14771c2930e9: Verifying Checksum
2024-02-20T21:46:45.1211411Z 14771c2930e9: Download complete
2024-02-20T21:46:45.3192892Z 2f30edd0ce8a: Verifying Checksum
2024-02-20T21:46:45.3193969Z 2f30edd0ce8a: Download complete
2024-02-20T21:46:45.4017607Z 31a8349609a4: Verifying Checksum
2024-02-20T21:46:45.4018462Z 31a8349609a4: Download complete
2024-02-20T21:46:45.4866579Z bf5952930446: Pull complete
2024-02-20T21:46:45.7916760Z 9577476abb00: Pull complete
2024-02-20T21:46:45.8077602Z 2bd105512d5c: Pull complete
2024-02-20T21:46:45.8563371Z b1cd21c26e81: Pull complete
2024-02-20T21:46:46.1932617Z 34a7c86cf8fc: Pull complete
2024-02-20T21:46:46.2389962Z 274e7b0c38d5: Pull complete
2024-02-20T21:46:46.2489341Z 3e831b350d37: Pull complete
2024-02-20T21:46:46.2589958Z 38fa0d496534: Pull complete
2024-02-20T21:46:48.5313611Z 31a8349609a4: Pull complete
2024-02-20T21:46:48.5468074Z 14e4c2a4b7b7: Pull complete
2024-02-20T21:46:48.5561806Z 964acfa02beb: Pull complete
2024-02-20T21:46:48.5658009Z 31b1f20dffc0: Pull complete
2024-02-20T21:46:48.5739507Z 14771c2930e9: Pull complete
2024-02-20T21:46:48.5821647Z 2f30edd0ce8a: Pull complete
2024-02-20T21:46:48.5862166Z Digest: sha256:a06e6e6e519b7a329c419f8221edec66cfc45511e8b80e262c12103ba745cf19
2024-02-20T21:46:48.5876533Z Status: Downloaded newer image for postgres:12.3
2024-02-20T21:46:48.5885736Z docker.io/library/postgres:12.3
2024-02-20T21:46:48.5988613Z ##[command]/usr/bin/docker create --name c570aaf0785a4bc3a5467395f1b23ffa_postgres123_f64b8e --label b224f0 --network github_network_247314f38174466db72fb1d1bd4bc40a --network-alias db -p 5432:5432 --health-cmd pg_isready --health-interval 10s --health-timeout 5s --health-retries 5 -e "POSTGRES_PASSWORD=password" -e GITHUB_ACTIONS=true -e CI=true postgres:12.3
2024-02-20T21:46:48.6281116Z fa5b31e1e9deddd9b3ba63c55d70086c33827e4313f62e064b6fdd5863724878
2024-02-20T21:46:48.6304144Z ##[command]/usr/bin/docker start fa5b31e1e9deddd9b3ba63c55d70086c33827e4313f62e064b6fdd5863724878
2024-02-20T21:46:49.0113162Z fa5b31e1e9deddd9b3ba63c55d70086c33827e4313f62e064b6fdd5863724878
2024-02-20T21:46:49.0131390Z ##[command]/usr/bin/docker ps --all --filter id=fa5b31e1e9deddd9b3ba63c55d70086c33827e4313f62e064b6fdd5863724878 --filter status=running --no-trunc --format "{{.ID}} {{.Status}}"
2024-02-20T21:46:49.0260011Z fa5b31e1e9deddd9b3ba63c55d70086c33827e4313f62e064b6fdd5863724878 Up Less than a second (health: starting)
2024-02-20T21:46:49.0278732Z ##[command]/usr/bin/docker port fa5b31e1e9deddd9b3ba63c55d70086c33827e4313f62e064b6fdd5863724878
2024-02-20T21:46:49.0406296Z 5432/tcp -> 0.0.0.0:5432
2024-02-20T21:46:49.0407142Z 5432/tcp -> [::]:5432
2024-02-20T21:46:49.0484577Z ##[endgroup]
2024-02-20T21:46:49.0509870Z ##[group]Waiting for all services to be ready
2024-02-20T21:46:49.0545746Z ##[command]/usr/bin/docker inspect --format="{{if .Config.Healthcheck}}{{print .State.Health.Status}}{{end}}" fa5b31e1e9deddd9b3ba63c55d70086c33827e4313f62e064b6fdd5863724878
2024-02-20T21:46:49.0679161Z starting
2024-02-20T21:46:49.0704993Z db service is starting, waiting 2 seconds before checking again.
2024-02-20T21:46:51.0673090Z ##[command]/usr/bin/docker inspect --format="{{if .Config.Healthcheck}}{{print .State.Health.Status}}{{end}}" fa5b31e1e9deddd9b3ba63c55d70086c33827e4313f62e064b6fdd5863724878
2024-02-20T21:46:51.0798396Z starting
2024-02-20T21:46:51.0812976Z db service is starting, waiting 4 seconds before checking again.
2024-02-20T21:46:55.1929185Z ##[command]/usr/bin/docker inspect --format="{{if .Config.Healthcheck}}{{print .State.Health.Status}}{{end}}" fa5b31e1e9deddd9b3ba63c55d70086c33827e4313f62e064b6fdd5863724878
2024-02-20T21:46:55.2047729Z starting
2024-02-20T21:46:55.2059811Z db service is starting, waiting 8 seconds before checking again.
2024-02-20T21:47:03.5713573Z ##[command]/usr/bin/docker inspect --format="{{if .Config.Healthcheck}}{{print .State.Health.Status}}{{end}}" fa5b31e1e9deddd9b3ba63c55d70086c33827e4313f62e064b6fdd5863724878
2024-02-20T21:47:03.5841405Z healthy
2024-02-20T21:47:03.5857483Z db service is healthy.
2024-02-20T21:47:03.5858022Z ##[endgroup]
2024-02-20T21:47:03.6219222Z ##[group]Run actions/checkout@v2
2024-02-20T21:47:03.6219779Z with:
2024-02-20T21:47:03.6220107Z   repository: rubyforgood/human-essentials
2024-02-20T21:47:03.6220759Z   token: ***
2024-02-20T21:47:03.6221171Z   ssh-strict: true
2024-02-20T21:47:03.6221496Z   persist-credentials: true
2024-02-20T21:47:03.6221894Z   clean: true
2024-02-20T21:47:03.6222295Z   fetch-depth: 1
2024-02-20T21:47:03.6222603Z   lfs: false
2024-02-20T21:47:03.6222983Z   submodules: false
2024-02-20T21:47:03.6223393Z   set-safe-directory: true
2024-02-20T21:47:03.6223741Z ##[endgroup]
2024-02-20T21:47:03.8402696Z Syncing repository: rubyforgood/human-essentials
2024-02-20T21:47:03.8404675Z ##[group]Getting Git version info
2024-02-20T21:47:03.8405401Z Working directory is '/home/runner/work/human-essentials/human-essentials'
2024-02-20T21:47:03.8406522Z [command]/usr/bin/git version
2024-02-20T21:47:03.8446409Z git version 2.43.2
2024-02-20T21:47:03.8469863Z ##[endgroup]
2024-02-20T21:47:03.8483869Z Temporarily overriding HOME='/home/runner/work/_temp/9b6ac7d6-7995-4f6f-896e-2b6b07c61f95' before making global git config changes
2024-02-20T21:47:03.8484964Z Adding repository directory to the temporary git global config as a safe directory
2024-02-20T21:47:03.8488452Z [command]/usr/bin/git config --global --add safe.directory /home/runner/work/human-essentials/human-essentials
2024-02-20T21:47:03.8534050Z Deleting the contents of '/home/runner/work/human-essentials/human-essentials'
2024-02-20T21:47:03.8538178Z ##[group]Initializing the repository
2024-02-20T21:47:03.8541679Z [command]/usr/bin/git init /home/runner/work/human-essentials/human-essentials
2024-02-20T21:47:03.8613070Z hint: Using 'master' as the name for the initial branch. This default branch name
2024-02-20T21:47:03.8614439Z hint: is subject to change. To configure the initial branch name to use in all
2024-02-20T21:47:03.8615797Z hint: of your new repositories, which will suppress this warning, call:
2024-02-20T21:47:03.8617190Z hint: 
2024-02-20T21:47:03.8617972Z hint: 	git config --global init.defaultBranch <name>
2024-02-20T21:47:03.8618836Z hint: 
2024-02-20T21:47:03.8619933Z hint: Names commonly chosen instead of 'master' are 'main', 'trunk' and
2024-02-20T21:47:03.8621440Z hint: 'development'. The just-created branch can be renamed via this command:
2024-02-20T21:47:03.8622386Z hint: 
2024-02-20T21:47:03.8623099Z hint: 	git branch -m <name>
2024-02-20T21:47:03.8624322Z Initialized empty Git repository in /home/runner/work/human-essentials/human-essentials/.git/
2024-02-20T21:47:03.8632179Z [command]/usr/bin/git remote add origin https://github.com/rubyforgood/human-essentials
2024-02-20T21:47:03.8676378Z ##[endgroup]
2024-02-20T21:47:03.8677245Z ##[group]Disabling automatic garbage collection
2024-02-20T21:47:03.8680049Z [command]/usr/bin/git config --local gc.auto 0
2024-02-20T21:47:03.8717910Z ##[endgroup]
2024-02-20T21:47:03.8718707Z ##[group]Setting up auth
2024-02-20T21:47:03.8724132Z [command]/usr/bin/git config --local --name-only --get-regexp core\.sshCommand
2024-02-20T21:47:03.8763339Z [command]/usr/bin/git submodule foreach --recursive sh -c "git config --local --name-only --get-regexp 'core\.sshCommand' && git config --local --unset-all 'core.sshCommand' || :"
2024-02-20T21:47:03.9069991Z [command]/usr/bin/git config --local --name-only --get-regexp http\.https\:\/\/github\.com\/\.extraheader
2024-02-20T21:47:03.9107952Z [command]/usr/bin/git submodule foreach --recursive sh -c "git config --local --name-only --get-regexp 'http\.https\:\/\/github\.com\/\.extraheader' && git config --local --unset-all 'http.https://github.com/.extraheader' || :"
2024-02-20T21:47:03.9358744Z [command]/usr/bin/git config --local http.https://github.com/.extraheader AUTHORIZATION: basic ***
2024-02-20T21:47:03.9404414Z ##[endgroup]
2024-02-20T21:47:03.9405030Z ##[group]Fetching the repository
2024-02-20T21:47:03.9413422Z [command]/usr/bin/git -c protocol.version=2 fetch --no-tags --prune --progress --no-recurse-submodules --depth=1 origin +12cf6c735feb8ab82a31eaa07d403b4d38bf1a89:refs/remotes/pull/4055/merge
2024-02-20T21:47:04.4787040Z remote: Enumerating objects: 1738, done.        
2024-02-20T21:47:04.4788148Z remote: Counting objects:   0% (1/1738)        
2024-02-20T21:47:04.4789446Z remote: Counting objects:   1% (18/1738)        
2024-02-20T21:47:04.4790117Z remote: Counting objects:   2% (35/1738)        
2024-02-20T21:47:04.4790702Z remote: Counting objects:   3% (53/1738)        
2024-02-20T21:47:04.4791399Z remote: Counting objects:   4% (70/1738)        
2024-02-20T21:47:04.4792021Z remote: Counting objects:   5% (87/1738)        
2024-02-20T21:47:04.4792583Z remote: Counting objects:   6% (105/1738)        
2024-02-20T21:47:04.4793317Z remote: Counting objects:   7% (122/1738)        
2024-02-20T21:47:04.4793886Z remote: Counting objects:   8% (140/1738)        
2024-02-20T21:47:04.4794322Z remote: Counting objects:   9% (157/1738)        
2024-02-20T21:47:04.4794869Z remote: Counting objects:  10% (174/1738)        
2024-02-20T21:47:04.4795378Z remote: Counting objects:  11% (192/1738)        
2024-02-20T21:47:04.4795811Z remote: Counting objects:  12% (209/1738)        
2024-02-20T21:47:04.4796360Z remote: Counting objects:  13% (226/1738)        
2024-02-20T21:47:04.4796829Z remote: Counting objects:  14% (244/1738)        
2024-02-20T21:47:04.4797286Z remote: Counting objects:  15% (261/1738)        
2024-02-20T21:47:04.4797784Z remote: Counting objects:  16% (279/1738)        
2024-02-20T21:47:04.4798252Z remote: Counting objects:  17% (296/1738)        
2024-02-20T21:47:04.4798737Z remote: Counting objects:  18% (313/1738)        
2024-02-20T21:47:04.4799236Z remote: Counting objects:  19% (331/1738)        
2024-02-20T21:47:04.4841912Z remote: Counting objects:  20% (348/1738)        
2024-02-20T21:47:04.4842780Z remote: Counting objects:  21% (365/1738)        
2024-02-20T21:47:04.4843726Z remote: Counting objects:  22% (383/1738)        
2024-02-20T21:47:04.4844602Z remote: Counting objects:  23% (400/1738)        
2024-02-20T21:47:04.4845884Z remote: Counting objects:  24% (418/1738)        
2024-02-20T21:47:04.4846596Z remote: Counting objects:  25% (435/1738)        
2024-02-20T21:47:04.4847330Z remote: Counting objects:  26% (452/1738)        
2024-02-20T21:47:04.4848914Z remote: Counting objects:  27% (470/1738)        
2024-02-20T21:47:04.4849780Z remote: Counting objects:  28% (487/1738)        
2024-02-20T21:47:04.4850474Z remote: Counting objects:  29% (505/1738)        
2024-02-20T21:47:04.4851318Z remote: Counting objects:  30% (522/1738)        
2024-02-20T21:47:04.4852115Z remote: Counting objects:  31% (539/1738)        
2024-02-20T21:47:04.4852870Z remote: Counting objects:  32% (557/1738)        
2024-02-20T21:47:04.4853647Z remote: Counting objects:  33% (574/1738)        
2024-02-20T21:47:04.4854399Z remote: Counting objects:  34% (591/1738)        
2024-02-20T21:47:04.4855149Z remote: Counting objects:  35% (609/1738)        
2024-02-20T21:47:04.4855999Z remote: Counting objects:  36% (626/1738)        
2024-02-20T21:47:04.4856726Z remote: Counting objects:  37% (644/1738)        
2024-02-20T21:47:04.4857195Z remote: Counting objects:  38% (661/1738)        
2024-02-20T21:47:04.4857728Z remote: Counting objects:  39% (678/1738)        
2024-02-20T21:47:04.4858416Z remote: Counting objects:  40% (696/1738)        
2024-02-20T21:47:04.4859110Z remote: Counting objects:  41% (713/1738)        
2024-02-20T21:47:04.4859879Z remote: Counting objects:  42% (730/1738)        
2024-02-20T21:47:04.4860581Z remote: Counting objects:  43% (748/1738)        
2024-02-20T21:47:04.4861286Z remote: Counting objects:  44% (765/1738)        
2024-02-20T21:47:04.4862045Z remote: Counting objects:  45% (783/1738)        
2024-02-20T21:47:04.4862773Z remote: Counting objects:  46% (800/1738)        
2024-02-20T21:47:04.4863239Z remote: Counting objects:  47% (817/1738)        
2024-02-20T21:47:04.4863919Z remote: Counting objects:  48% (835/1738)        
2024-02-20T21:47:04.4864760Z remote: Counting objects:  49% (852/1738)        
2024-02-20T21:47:04.4865804Z remote: Counting objects:  50% (869/1738)        
2024-02-20T21:47:04.4866581Z remote: Counting objects:  51% (887/1738)        
2024-02-20T21:47:04.4867019Z remote: Counting objects:  52% (904/1738)        
2024-02-20T21:47:04.4867503Z remote: Counting objects:  53% (922/1738)        
2024-02-20T21:47:04.4868031Z remote: Counting objects:  54% (939/1738)        
2024-02-20T21:47:04.4868715Z remote: Counting objects:  55% (956/1738)        
2024-02-20T21:47:04.4869213Z remote: Counting objects:  56% (974/1738)        
2024-02-20T21:47:04.4869766Z remote: Counting objects:  57% (991/1738)        
2024-02-20T21:47:04.4870219Z remote: Counting objects:  58% (1009/1738)        
2024-02-20T21:47:04.4870734Z remote: Counting objects:  59% (1026/1738)        
2024-02-20T21:47:04.4871291Z remote: Counting objects:  60% (1043/1738)        
2024-02-20T21:47:04.4871767Z remote: Counting objects:  61% (1061/1738)        
2024-02-20T21:47:04.4872255Z remote: Counting objects:  62% (1078/1738)        
2024-02-20T21:47:04.4872806Z remote: Counting objects:  63% (1095/1738)        
2024-02-20T21:47:04.4873367Z remote: Counting objects:  64% (1113/1738)        
2024-02-20T21:47:04.4873823Z remote: Counting objects:  65% (1130/1738)        
2024-02-20T21:47:04.4874377Z remote: Counting objects:  66% (1148/1738)        
2024-02-20T21:47:04.4874896Z remote: Counting objects:  67% (1165/1738)        
2024-02-20T21:47:04.4875342Z remote: Counting objects:  68% (1182/1738)        
2024-02-20T21:47:04.4875884Z remote: Counting objects:  69% (1200/1738)        
2024-02-20T21:47:04.4876377Z remote: Counting objects:  70% (1217/1738)        
2024-02-20T21:47:04.4876816Z remote: Counting objects:  71% (1234/1738)        
2024-02-20T21:47:04.4877373Z remote: Counting objects:  72% (1252/1738)        
2024-02-20T21:47:04.4877849Z remote: Counting objects:  73% (1269/1738)        
2024-02-20T21:47:04.4878316Z remote: Counting objects:  74% (1287/1738)        
2024-02-20T21:47:04.4879030Z remote: Counting objects:  75% (1304/1738)        
2024-02-20T21:47:04.4879507Z remote: Counting objects:  76% (1321/1738)        
2024-02-20T21:47:04.4879993Z remote: Counting objects:  77% (1339/1738)        
2024-02-20T21:47:04.4880513Z remote: Counting objects:  78% (1356/1738)        
2024-02-20T21:47:04.4880983Z remote: Counting objects:  79% (1374/1738)        
2024-02-20T21:47:04.4881467Z remote: Counting objects:  80% (1391/1738)        
2024-02-20T21:47:04.4881964Z remote: Counting objects:  81% (1408/1738)        
2024-02-20T21:47:04.4882435Z remote: Counting objects:  82% (1426/1738)        
2024-02-20T21:47:04.4882920Z remote: Counting objects:  83% (1443/1738)        
2024-02-20T21:47:04.4883407Z remote: Counting objects:  84% (1460/1738)        
2024-02-20T21:47:04.4883885Z remote: Counting objects:  85% (1478/1738)        
2024-02-20T21:47:04.4884368Z remote: Counting objects:  86% (1495/1738)        
2024-02-20T21:47:04.4884858Z remote: Counting objects:  87% (1513/1738)        
2024-02-20T21:47:04.4885336Z remote: Counting objects:  88% (1530/1738)        
2024-02-20T21:47:04.4885817Z remote: Counting objects:  89% (1547/1738)        
2024-02-20T21:47:04.4886323Z remote: Counting objects:  90% (1565/1738)        
2024-02-20T21:47:04.4886808Z remote: Counting objects:  91% (1582/1738)        
2024-02-20T21:47:04.4887296Z remote: Counting objects:  92% (1599/1738)        
2024-02-20T21:47:04.4887823Z remote: Counting objects:  93% (1617/1738)        
2024-02-20T21:47:04.4888279Z remote: Counting objects:  94% (1634/1738)        
2024-02-20T21:47:04.4888744Z remote: Counting objects:  95% (1652/1738)        
2024-02-20T21:47:04.4889268Z remote: Counting objects:  96% (1669/1738)        
2024-02-20T21:47:04.4889734Z remote: Counting objects:  97% (1686/1738)        
2024-02-20T21:47:04.4890201Z remote: Counting objects:  98% (1704/1738)        
2024-02-20T21:47:04.4890739Z remote: Counting objects:  99% (1721/1738)        
2024-02-20T21:47:04.4891190Z remote: Counting objects: 100% (1738/1738)        
2024-02-20T21:47:04.4891851Z remote: Counting objects: 100% (1738/1738), done.        
2024-02-20T21:47:04.4892483Z remote: Compressing objects:   0% (1/1555)        
2024-02-20T21:47:04.4892948Z remote: Compressing objects:   1% (16/1555)        
2024-02-20T21:47:04.4893446Z remote: Compressing objects:   2% (32/1555)        
2024-02-20T21:47:04.4894072Z remote: Compressing objects:   3% (47/1555)        
2024-02-20T21:47:04.4894531Z remote: Compressing objects:   4% (63/1555)        
2024-02-20T21:47:04.4895025Z remote: Compressing objects:   5% (78/1555)        
2024-02-20T21:47:04.4895587Z remote: Compressing objects:   6% (94/1555)        
2024-02-20T21:47:04.4896082Z remote: Compressing objects:   7% (109/1555)        
2024-02-20T21:47:04.4896555Z remote: Compressing objects:   8% (125/1555)        
2024-02-20T21:47:04.5278374Z remote: Compressing objects:   9% (140/1555)        
2024-02-20T21:47:04.5279591Z remote: Compressing objects:  10% (156/1555)        
2024-02-20T21:47:04.5281020Z remote: Compressing objects:  11% (172/1555)        
2024-02-20T21:47:04.5282023Z remote: Compressing objects:  12% (187/1555)        
2024-02-20T21:47:04.5283047Z remote: Compressing objects:  13% (203/1555)        
2024-02-20T21:47:04.5284707Z remote: Compressing objects:  14% (218/1555)        
2024-02-20T21:47:04.5285803Z remote: Compressing objects:  15% (234/1555)        
2024-02-20T21:47:04.5286865Z remote: Compressing objects:  16% (249/1555)        
2024-02-20T21:47:04.5289056Z remote: Compressing objects:  17% (265/1555)        
2024-02-20T21:47:04.5290052Z remote: Compressing objects:  18% (280/1555)        
2024-02-20T21:47:04.5290929Z remote: Compressing objects:  19% (296/1555)        
2024-02-20T21:47:04.5291711Z remote: Compressing objects:  20% (311/1555)        
2024-02-20T21:47:04.5292653Z remote: Compressing objects:  21% (327/1555)        
2024-02-20T21:47:04.5293476Z remote: Compressing objects:  22% (343/1555)        
2024-02-20T21:47:04.5294354Z remote: Compressing objects:  23% (358/1555)        
2024-02-20T21:47:04.5295381Z remote: Compressing objects:  24% (374/1555)        
2024-02-20T21:47:04.5295915Z remote: Compressing objects:  25% (389/1555)        
2024-02-20T21:47:04.5296388Z remote: Compressing objects:  26% (405/1555)        
2024-02-20T21:47:04.5296970Z remote: Compressing objects:  27% (420/1555)        
2024-02-20T21:47:04.5297659Z remote: Compressing objects:  28% (436/1555)        
2024-02-20T21:47:04.5298444Z remote: Compressing objects:  29% (451/1555)        
2024-02-20T21:47:04.5299364Z remote: Compressing objects:  30% (467/1555)        
2024-02-20T21:47:04.5299898Z remote: Compressing objects:  31% (483/1555)        
2024-02-20T21:47:04.5300424Z remote: Compressing objects:  32% (498/1555)        
2024-02-20T21:47:04.5300985Z remote: Compressing objects:  33% (514/1555)        
2024-02-20T21:47:04.5301489Z remote: Compressing objects:  34% (529/1555)        
2024-02-20T21:47:04.5302006Z remote: Compressing objects:  35% (545/1555)        
2024-02-20T21:47:04.5302817Z remote: Compressing objects:  36% (560/1555)        
2024-02-20T21:47:04.5303331Z remote: Compressing objects:  37% (576/1555)        
2024-02-20T21:47:04.5303838Z remote: Compressing objects:  38% (591/1555)        
2024-02-20T21:47:04.5304355Z remote: Compressing objects:  39% (607/1555)        
2024-02-20T21:47:04.5304846Z remote: Compressing objects:  40% (622/1555)        
2024-02-20T21:47:04.5305708Z remote: Compressing objects:  41% (638/1555)        
2024-02-20T21:47:04.5307948Z remote: Compressing objects:  42% (654/1555)        
2024-02-20T21:47:04.5311131Z remote: Compressing objects:  43% (669/1555)        
2024-02-20T21:47:04.5314192Z remote: Compressing objects:  44% (685/1555)        
2024-02-20T21:47:04.5319984Z remote: Compressing objects:  45% (700/1555)        
2024-02-20T21:47:04.5328321Z remote: Compressing objects:  46% (716/1555)        
2024-02-20T21:47:04.5335981Z remote: Compressing objects:  47% (731/1555)        
2024-02-20T21:47:04.5336986Z remote: Compressing objects:  48% (747/1555)        
2024-02-20T21:47:04.5337717Z remote: Compressing objects:  49% (762/1555)        
2024-02-20T21:47:04.5343074Z remote: Compressing objects:  50% (778/1555)        
2024-02-20T21:47:04.5345927Z remote: Compressing objects:  51% (794/1555)        
2024-02-20T21:47:04.5349699Z remote: Compressing objects:  52% (809/1555)        
2024-02-20T21:47:04.5352644Z remote: Compressing objects:  53% (825/1555)        
2024-02-20T21:47:04.5358709Z remote: Compressing objects:  54% (840/1555)        
2024-02-20T21:47:04.5368811Z remote: Compressing objects:  55% (856/1555)        
2024-02-20T21:47:04.5409091Z remote: Compressing objects:  56% (871/1555)        
2024-02-20T21:47:04.5446471Z remote: Compressing objects:  57% (887/1555)        
2024-02-20T21:47:04.5460940Z remote: Compressing objects:  58% (902/1555)        
2024-02-20T21:47:04.5462257Z remote: Compressing objects:  59% (918/1555)        
2024-02-20T21:47:04.5771253Z remote: Compressing objects:  60% (933/1555)        
2024-02-20T21:47:04.5773491Z remote: Compressing objects:  61% (949/1555)        
2024-02-20T21:47:04.5775271Z remote: Compressing objects:  62% (965/1555)        
2024-02-20T21:47:04.5776443Z remote: Compressing objects:  63% (980/1555)        
2024-02-20T21:47:04.5780354Z remote: Compressing objects:  64% (996/1555)        
2024-02-20T21:47:04.5781230Z remote: Compressing objects:  65% (1011/1555)        
2024-02-20T21:47:04.5781791Z remote: Compressing objects:  66% (1027/1555)        
2024-02-20T21:47:04.5782304Z remote: Compressing objects:  67% (1042/1555)        
2024-02-20T21:47:04.5782909Z remote: Compressing objects:  68% (1058/1555)        
2024-02-20T21:47:04.5783449Z remote: Compressing objects:  69% (1073/1555)        
2024-02-20T21:47:04.5783931Z remote: Compressing objects:  70% (1089/1555)        
2024-02-20T21:47:04.5784522Z remote: Compressing objects:  71% (1105/1555)        
2024-02-20T21:47:04.5785060Z remote: Compressing objects:  72% (1120/1555)        
2024-02-20T21:47:04.5785543Z remote: Compressing objects:  73% (1136/1555)        
2024-02-20T21:47:04.5786336Z remote: Compressing objects:  74% (1151/1555)        
2024-02-20T21:47:04.5786858Z remote: Compressing objects:  75% (1167/1555)        
2024-02-20T21:47:04.5787313Z remote: Compressing objects:  76% (1182/1555)        
2024-02-20T21:47:04.5787901Z remote: Compressing objects:  77% (1198/1555)        
2024-02-20T21:47:04.5788644Z remote: Compressing objects:  78% (1213/1555)        
2024-02-20T21:47:04.5789271Z remote: Compressing objects:  79% (1229/1555)        
2024-02-20T21:47:04.5789782Z remote: Compressing objects:  80% (1244/1555)        
2024-02-20T21:47:04.5809577Z remote: Compressing objects:  81% (1260/1555)        
2024-02-20T21:47:04.5843625Z remote: Compressing objects:  82% (1276/1555)        
2024-02-20T21:47:04.5899114Z remote: Compressing objects:  83% (1291/1555)        
2024-02-20T21:47:04.5915263Z remote: Compressing objects:  84% (1307/1555)        
2024-02-20T21:47:04.5969863Z remote: Compressing objects:  85% (1322/1555)        
2024-02-20T21:47:04.6019112Z remote: Compressing objects:  86% (1338/1555)        
2024-02-20T21:47:04.6038575Z remote: Compressing objects:  87% (1353/1555)        
2024-02-20T21:47:04.6046984Z remote: Compressing objects:  88% (1369/1555)        
2024-02-20T21:47:04.6050851Z remote: Compressing objects:  89% (1384/1555)        
2024-02-20T21:47:04.6052707Z remote: Compressing objects:  90% (1400/1555)        
2024-02-20T21:47:04.6054160Z remote: Compressing objects:  91% (1416/1555)        
2024-02-20T21:47:04.6058221Z remote: Compressing objects:  92% (1431/1555)        
2024-02-20T21:47:04.6060807Z remote: Compressing objects:  93% (1447/1555)        
2024-02-20T21:47:04.6061910Z remote: Compressing objects:  94% (1462/1555)        
2024-02-20T21:47:04.6062892Z remote: Compressing objects:  95% (1478/1555)        
2024-02-20T21:47:04.6063851Z remote: Compressing objects:  96% (1493/1555)        
2024-02-20T21:47:04.6065046Z remote: Compressing objects:  97% (1509/1555)        
2024-02-20T21:47:04.6067644Z remote: Compressing objects:  98% (1524/1555)        
2024-02-20T21:47:04.6072421Z remote: Compressing objects:  99% (1540/1555)        
2024-02-20T21:47:04.6074088Z remote: Compressing objects: 100% (1555/1555)        
2024-02-20T21:47:04.6074781Z remote: Compressing objects: 100% (1555/1555), done.        
2024-02-20T21:47:04.6112634Z Receiving objects:   0% (1/1738)
2024-02-20T21:47:04.6115676Z Receiving objects:   1% (18/1738)
2024-02-20T21:47:04.6307184Z Receiving objects:   2% (35/1738)
2024-02-20T21:47:04.7576137Z Receiving objects:   3% (53/1738)
2024-02-20T21:47:04.8528278Z Receiving objects:   4% (70/1738)
2024-02-20T21:47:04.8531237Z Receiving objects:   5% (87/1738)
2024-02-20T21:47:04.8534714Z Receiving objects:   6% (105/1738)
2024-02-20T21:47:04.8539738Z Receiving objects:   7% (122/1738)
2024-02-20T21:47:04.8559132Z Receiving objects:   8% (140/1738)
2024-02-20T21:47:04.8563654Z Receiving objects:   9% (157/1738)
2024-02-20T21:47:04.8566793Z Receiving objects:  10% (174/1738)
2024-02-20T21:47:04.8569452Z Receiving objects:  11% (192/1738)
2024-02-20T21:47:04.8572689Z Receiving objects:  12% (209/1738)
2024-02-20T21:47:04.8583108Z Receiving objects:  13% (226/1738)
2024-02-20T21:47:04.8588320Z Receiving objects:  14% (244/1738)
2024-02-20T21:47:04.8589950Z Receiving objects:  15% (261/1738)
2024-02-20T21:47:04.8594842Z Receiving objects:  16% (279/1738)
2024-02-20T21:47:04.8599572Z Receiving objects:  17% (296/1738)
2024-02-20T21:47:04.8606902Z Receiving objects:  18% (313/1738)
2024-02-20T21:47:04.8610457Z Receiving objects:  19% (331/1738)
2024-02-20T21:47:04.8614178Z Receiving objects:  20% (348/1738)
2024-02-20T21:47:04.8618241Z Receiving objects:  21% (365/1738)
2024-02-20T21:47:04.8620802Z Receiving objects:  22% (383/1738)
2024-02-20T21:47:04.8624763Z Receiving objects:  23% (400/1738)
2024-02-20T21:47:04.8627950Z Receiving objects:  24% (418/1738)
2024-02-20T21:47:04.8631991Z Receiving objects:  25% (435/1738)
2024-02-20T21:47:04.8633461Z Receiving objects:  26% (452/1738)
2024-02-20T21:47:04.8636158Z Receiving objects:  27% (470/1738)
2024-02-20T21:47:04.8639024Z Receiving objects:  28% (487/1738)
2024-02-20T21:47:04.8640877Z Receiving objects:  29% (505/1738)
2024-02-20T21:47:04.8643958Z Receiving objects:  30% (522/1738)
2024-02-20T21:47:04.8647433Z Receiving objects:  31% (539/1738)
2024-02-20T21:47:04.8649397Z Receiving objects:  32% (557/1738)
2024-02-20T21:47:04.8651958Z Receiving objects:  33% (574/1738)
2024-02-20T21:47:04.8653936Z Receiving objects:  34% (591/1738)
2024-02-20T21:47:04.8655932Z Receiving objects:  35% (609/1738)
2024-02-20T21:47:04.8660084Z Receiving objects:  36% (626/1738)
2024-02-20T21:47:04.8662763Z Receiving objects:  37% (644/1738)
2024-02-20T21:47:04.8664225Z Receiving objects:  38% (661/1738)
2024-02-20T21:47:04.8667470Z Receiving objects:  39% (678/1738)
2024-02-20T21:47:04.8670574Z Receiving objects:  40% (696/1738)
2024-02-20T21:47:04.8673275Z Receiving objects:  41% (713/1738)
2024-02-20T21:47:04.8675862Z Receiving objects:  42% (730/1738)
2024-02-20T21:47:04.8679032Z Receiving objects:  43% (748/1738)
2024-02-20T21:47:04.8683597Z Receiving objects:  44% (765/1738)
2024-02-20T21:47:04.8684529Z Receiving objects:  45% (783/1738)
2024-02-20T21:47:04.8687299Z Receiving objects:  46% (800/1738)
2024-02-20T21:47:04.8689901Z Receiving objects:  47% (817/1738)
2024-02-20T21:47:04.8692843Z Receiving objects:  48% (835/1738)
2024-02-20T21:47:04.8694254Z Receiving objects:  49% (852/1738)
2024-02-20T21:47:04.8696675Z Receiving objects:  50% (869/1738)
2024-02-20T21:47:04.8697956Z Receiving objects:  51% (887/1738)
2024-02-20T21:47:04.8700062Z Receiving objects:  52% (904/1738)
2024-02-20T21:47:04.8705339Z Receiving objects:  53% (922/1738)
2024-02-20T21:47:04.8709679Z Receiving objects:  54% (939/1738)
2024-02-20T21:47:04.8715324Z Receiving objects:  55% (956/1738)
2024-02-20T21:47:04.8719106Z Receiving objects:  56% (974/1738)
2024-02-20T21:47:04.8720600Z Receiving objects:  57% (991/1738)
2024-02-20T21:47:04.8722082Z Receiving objects:  58% (1009/1738)
2024-02-20T21:47:04.8723800Z Receiving objects:  59% (1026/1738)
2024-02-20T21:47:04.8725965Z Receiving objects:  60% (1043/1738)
2024-02-20T21:47:04.8727632Z Receiving objects:  61% (1061/1738)
2024-02-20T21:47:04.8728845Z Receiving objects:  62% (1078/1738)
2024-02-20T21:47:04.8730040Z Receiving objects:  63% (1095/1738)
2024-02-20T21:47:04.8732076Z Receiving objects:  64% (1113/1738)
2024-02-20T21:47:04.8734204Z Receiving objects:  65% (1130/1738)
2024-02-20T21:47:04.8736401Z Receiving objects:  66% (1148/1738)
2024-02-20T21:47:04.8738010Z Receiving objects:  67% (1165/1738)
2024-02-20T21:47:04.8740212Z Receiving objects:  68% (1182/1738)
2024-02-20T21:47:04.8742402Z Receiving objects:  69% (1200/1738)
2024-02-20T21:47:04.8744222Z Receiving objects:  70% (1217/1738)
2024-02-20T21:47:04.8751935Z Receiving objects:  71% (1234/1738)
2024-02-20T21:47:04.8763399Z Receiving objects:  72% (1252/1738)
2024-02-20T21:47:04.8766118Z Receiving objects:  73% (1269/1738)
2024-02-20T21:47:04.8767606Z Receiving objects:  74% (1287/1738)
2024-02-20T21:47:04.8864580Z Receiving objects:  75% (1304/1738)
2024-02-20T21:47:04.9057089Z Receiving objects:  76% (1321/1738)
2024-02-20T21:47:04.9151319Z Receiving objects:  77% (1339/1738)
2024-02-20T21:47:04.9294680Z Receiving objects:  78% (1356/1738)
2024-02-20T21:47:04.9362577Z Receiving objects:  79% (1374/1738)
2024-02-20T21:47:04.9616207Z Receiving objects:  80% (1391/1738)
2024-02-20T21:47:04.9621381Z Receiving objects:  81% (1408/1738)
2024-02-20T21:47:04.9624084Z Receiving objects:  82% (1426/1738)
2024-02-20T21:47:04.9626665Z Receiving objects:  83% (1443/1738)
2024-02-20T21:47:04.9631914Z Receiving objects:  84% (1460/1738)
2024-02-20T21:47:04.9635598Z Receiving objects:  85% (1478/1738)
2024-02-20T21:47:04.9641641Z Receiving objects:  86% (1495/1738)
2024-02-20T21:47:04.9648562Z Receiving objects:  87% (1513/1738)
2024-02-20T21:47:04.9652496Z Receiving objects:  88% (1530/1738)
2024-02-20T21:47:04.9658419Z Receiving objects:  89% (1547/1738)
2024-02-20T21:47:04.9664645Z Receiving objects:  90% (1565/1738)
2024-02-20T21:47:04.9670924Z Receiving objects:  91% (1582/1738)
2024-02-20T21:47:04.9676214Z Receiving objects:  92% (1599/1738)
2024-02-20T21:47:04.9680338Z Receiving objects:  93% (1617/1738)
2024-02-20T21:47:04.9684785Z Receiving objects:  94% (1634/1738)
2024-02-20T21:47:04.9688096Z Receiving objects:  95% (1652/1738)
2024-02-20T21:47:04.9690673Z Receiving objects:  96% (1669/1738)
2024-02-20T21:47:04.9699855Z Receiving objects:  97% (1686/1738)
2024-02-20T21:47:04.9708205Z Receiving objects:  98% (1704/1738)
2024-02-20T21:47:04.9722442Z Receiving objects:  99% (1721/1738)
2024-02-20T21:47:04.9723700Z remote: Total 1738 (delta 277), reused 988 (delta 144), pack-reused 0        
2024-02-20T21:47:04.9731882Z Receiving objects: 100% (1738/1738)
2024-02-20T21:47:04.9732739Z Receiving objects: 100% (1738/1738), 6.59 MiB | 18.19 MiB/s, done.
2024-02-20T21:47:04.9738039Z Resolving deltas:   0% (0/277)
2024-02-20T21:47:04.9743890Z Resolving deltas:   1% (3/277)
2024-02-20T21:47:04.9744591Z Resolving deltas:   2% (7/277)
2024-02-20T21:47:04.9745224Z Resolving deltas:   3% (9/277)
2024-02-20T21:47:04.9746008Z Resolving deltas:   4% (12/277)
2024-02-20T21:47:04.9746641Z Resolving deltas:   5% (14/277)
2024-02-20T21:47:04.9747243Z Resolving deltas:   6% (17/277)
2024-02-20T21:47:04.9749820Z Resolving deltas:   7% (20/277)
2024-02-20T21:47:04.9750449Z Resolving deltas:   8% (23/277)
2024-02-20T21:47:04.9751209Z Resolving deltas:   9% (25/277)
2024-02-20T21:47:04.9751860Z Resolving deltas:  10% (28/277)
2024-02-20T21:47:04.9752429Z Resolving deltas:  11% (31/277)
2024-02-20T21:47:04.9753973Z Resolving deltas:  12% (34/277)
2024-02-20T21:47:04.9763250Z Resolving deltas:  13% (37/277)
2024-02-20T21:47:04.9768981Z Resolving deltas:  14% (39/277)
2024-02-20T21:47:04.9769979Z Resolving deltas:  15% (42/277)
2024-02-20T21:47:04.9770838Z Resolving deltas:  16% (45/277)
2024-02-20T21:47:04.9772344Z Resolving deltas:  17% (48/277)
2024-02-20T21:47:04.9773133Z Resolving deltas:  18% (50/277)
2024-02-20T21:47:04.9774122Z Resolving deltas:  19% (53/277)
2024-02-20T21:47:04.9775377Z Resolving deltas:  20% (56/277)
2024-02-20T21:47:04.9777716Z Resolving deltas:  21% (59/277)
2024-02-20T21:47:04.9778855Z Resolving deltas:  22% (61/277)
2024-02-20T21:47:04.9779643Z Resolving deltas:  23% (64/277)
2024-02-20T21:47:04.9780427Z Resolving deltas:  24% (67/277)
2024-02-20T21:47:04.9781042Z Resolving deltas:  25% (70/277)
2024-02-20T21:47:04.9781621Z Resolving deltas:  26% (73/277)
2024-02-20T21:47:04.9782342Z Resolving deltas:  27% (75/277)
2024-02-20T21:47:04.9782939Z Resolving deltas:  28% (78/277)
2024-02-20T21:47:04.9783495Z Resolving deltas:  29% (81/277)
2024-02-20T21:47:04.9784209Z Resolving deltas:  30% (84/277)
2024-02-20T21:47:04.9784814Z Resolving deltas:  31% (86/277)
2024-02-20T21:47:04.9785372Z Resolving deltas:  32% (89/277)
2024-02-20T21:47:04.9786086Z Resolving deltas:  33% (92/277)
2024-02-20T21:47:04.9786701Z Resolving deltas:  34% (95/277)
2024-02-20T21:47:04.9787286Z Resolving deltas:  35% (97/277)
2024-02-20T21:47:04.9788083Z Resolving deltas:  36% (100/277)
2024-02-20T21:47:04.9790839Z Resolving deltas:  37% (103/277)
2024-02-20T21:47:04.9791489Z Resolving deltas:  38% (106/277)
2024-02-20T21:47:04.9792241Z Resolving deltas:  39% (109/277)
2024-02-20T21:47:04.9792849Z Resolving deltas:  40% (111/277)
2024-02-20T21:47:04.9793430Z Resolving deltas:  41% (114/277)
2024-02-20T21:47:04.9794184Z Resolving deltas:  42% (117/277)
2024-02-20T21:47:04.9794909Z Resolving deltas:  43% (120/277)
2024-02-20T21:47:04.9795562Z Resolving deltas:  44% (122/277)
2024-02-20T21:47:04.9796341Z Resolving deltas:  45% (125/277)
2024-02-20T21:47:04.9797050Z Resolving deltas:  46% (128/277)
2024-02-20T21:47:04.9797784Z Resolving deltas:  47% (131/277)
2024-02-20T21:47:04.9798473Z Resolving deltas:  48% (133/277)
2024-02-20T21:47:04.9799196Z Resolving deltas:  49% (136/277)
2024-02-20T21:47:04.9799905Z Resolving deltas:  50% (139/277)
2024-02-20T21:47:04.9803287Z Resolving deltas:  51% (142/277)
2024-02-20T21:47:04.9804248Z Resolving deltas:  52% (145/277)
2024-02-20T21:47:04.9804923Z Resolving deltas:  53% (147/277)
2024-02-20T21:47:04.9805705Z Resolving deltas:  54% (150/277)
2024-02-20T21:47:04.9807199Z Resolving deltas:  55% (153/277)
2024-02-20T21:47:04.9807914Z Resolving deltas:  56% (156/277)
2024-02-20T21:47:04.9808636Z Resolving deltas:  57% (158/277)
2024-02-20T21:47:04.9809259Z Resolving deltas:  58% (161/277)
2024-02-20T21:47:04.9810175Z Resolving deltas:  59% (164/277)
2024-02-20T21:47:04.9810864Z Resolving deltas:  60% (167/277)
2024-02-20T21:47:04.9812071Z Resolving deltas:  61% (169/277)
2024-02-20T21:47:04.9813214Z Resolving deltas:  62% (172/277)
2024-02-20T21:47:04.9814358Z Resolving deltas:  63% (175/277)
2024-02-20T21:47:04.9815221Z Resolving deltas:  64% (178/277)
2024-02-20T21:47:04.9815881Z Resolving deltas:  65% (181/277)
2024-02-20T21:47:04.9816602Z Resolving deltas:  66% (183/277)
2024-02-20T21:47:04.9817535Z Resolving deltas:  67% (186/277)
2024-02-20T21:47:04.9819223Z Resolving deltas:  68% (189/277)
2024-02-20T21:47:04.9820016Z Resolving deltas:  69% (192/277)
2024-02-20T21:47:04.9820620Z Resolving deltas:  70% (194/277)
2024-02-20T21:47:04.9822802Z Resolving deltas:  71% (197/277)
2024-02-20T21:47:04.9823520Z Resolving deltas:  72% (200/277)
2024-02-20T21:47:04.9824164Z Resolving deltas:  73% (203/277)
2024-02-20T21:47:04.9824781Z Resolving deltas:  74% (205/277)
2024-02-20T21:47:04.9825448Z Resolving deltas:  75% (208/277)
2024-02-20T21:47:04.9826107Z Resolving deltas:  76% (211/277)
2024-02-20T21:47:04.9826709Z Resolving deltas:  77% (214/277)
2024-02-20T21:47:04.9827432Z Resolving deltas:  78% (217/277)
2024-02-20T21:47:04.9827996Z Resolving deltas:  79% (219/277)
2024-02-20T21:47:04.9829406Z Resolving deltas:  80% (222/277)
2024-02-20T21:47:04.9830522Z Resolving deltas:  81% (225/277)
2024-02-20T21:47:04.9831303Z Resolving deltas:  82% (228/277)
2024-02-20T21:47:04.9832877Z Resolving deltas:  83% (230/277)
2024-02-20T21:47:04.9836984Z Resolving deltas:  84% (233/277)
2024-02-20T21:47:04.9837829Z Resolving deltas:  85% (236/277)
2024-02-20T21:47:04.9839673Z Resolving deltas:  86% (239/277)
2024-02-20T21:47:04.9845439Z Resolving deltas:  87% (241/277)
2024-02-20T21:47:04.9846537Z Resolving deltas:  88% (244/277)
2024-02-20T21:47:04.9849870Z Resolving deltas:  89% (247/277)
2024-02-20T21:47:04.9852067Z Resolving deltas:  90% (250/277)
2024-02-20T21:47:04.9852856Z Resolving deltas:  91% (253/277)
2024-02-20T21:47:04.9853554Z Resolving deltas:  92% (255/277)
2024-02-20T21:47:04.9855774Z Resolving deltas:  93% (258/277)
2024-02-20T21:47:04.9857375Z Resolving deltas:  94% (261/277)
2024-02-20T21:47:04.9859126Z Resolving deltas:  95% (264/277)
2024-02-20T21:47:04.9859724Z Resolving deltas:  96% (266/277)
2024-02-20T21:47:04.9861026Z Resolving deltas:  97% (269/277)
2024-02-20T21:47:04.9863219Z Resolving deltas:  98% (272/277)
2024-02-20T21:47:04.9864007Z Resolving deltas:  99% (275/277)
2024-02-20T21:47:04.9866374Z Resolving deltas: 100% (277/277)
2024-02-20T21:47:04.9867157Z Resolving deltas: 100% (277/277), done.
2024-02-20T21:47:05.0024352Z From https://github.com/rubyforgood/human-essentials
2024-02-20T21:47:05.0025152Z  * [new ref]         12cf6c735feb8ab82a31eaa07d403b4d38bf1a89 -> pull/4055/merge
2024-02-20T21:47:05.0051876Z ##[endgroup]
2024-02-20T21:47:05.0053283Z ##[group]Determining the checkout info
2024-02-20T21:47:05.0055113Z ##[endgroup]
2024-02-20T21:47:05.0056003Z ##[group]Checking out the ref
2024-02-20T21:47:05.0062072Z [command]/usr/bin/git checkout --progress --force refs/remotes/pull/4055/merge
2024-02-20T21:47:05.1389797Z Note: switching to 'refs/remotes/pull/4055/merge'.
2024-02-20T21:47:05.1390264Z 
2024-02-20T21:47:05.1390678Z You are in 'detached HEAD' state. You can look around, make experimental
2024-02-20T21:47:05.1391563Z changes and commit them, and you can discard any commits you make in this
2024-02-20T21:47:05.1392290Z state without impacting any branches by switching back to a branch.
2024-02-20T21:47:05.1392844Z 
2024-02-20T21:47:05.1393334Z If you want to create a new branch to retain commits you create, you may
2024-02-20T21:47:05.1394499Z do so (now or later) by using -c with the switch command. Example:
2024-02-20T21:47:05.1394918Z 
2024-02-20T21:47:05.1395097Z   git switch -c <new-branch-name>
2024-02-20T21:47:05.1395374Z 
2024-02-20T21:47:05.1395509Z Or undo this operation with:
2024-02-20T21:47:05.1395822Z 
2024-02-20T21:47:05.1395972Z   git switch -
2024-02-20T21:47:05.1396154Z 
2024-02-20T21:47:05.1396453Z Turn off this advice by setting config variable advice.detachedHead to false
2024-02-20T21:47:05.1396908Z 
2024-02-20T21:47:05.1397359Z HEAD is now at 12cf6c7 Merge a913704f85f843a13f9d60c883be31960d227109 into 4e4440f974a534c055710ad4bf12762d65935c6a
2024-02-20T21:47:05.1398479Z ##[endgroup]
2024-02-20T21:47:05.1441775Z [command]/usr/bin/git log -1 --format='%H'
2024-02-20T21:47:05.1476795Z '12cf6c735feb8ab82a31eaa07d403b4d38bf1a89'
2024-02-20T21:47:05.1773770Z ##[group]Run ruby/setup-ruby@v1
2024-02-20T21:47:05.1774194Z with:
2024-02-20T21:47:05.1774591Z   bundler-cache: true
2024-02-20T21:47:05.1774954Z   ruby-version: default
2024-02-20T21:47:05.1775301Z ##[endgroup]
2024-02-20T21:47:05.3663927Z Using 3.2.2 as input from file .ruby-version
2024-02-20T21:47:05.3689139Z ##[group]Modifying PATH
2024-02-20T21:47:05.3689647Z Entries added to PATH to use selected Ruby:
2024-02-20T21:47:05.3690334Z   /opt/hostedtoolcache/Ruby/3.2.2/x64/bin
2024-02-20T21:47:05.3690989Z ##[endgroup]
2024-02-20T21:47:05.3708063Z ##[group]Downloading Ruby
2024-02-20T21:47:05.3711649Z https://github.com/ruby/ruby-builder/releases/download/toolcache/ruby-3.2.2-ubuntu-22.04.tar.gz
2024-02-20T21:47:06.0737621Z Took   0.70 seconds
2024-02-20T21:47:06.0739333Z ##[endgroup]
2024-02-20T21:47:06.0740657Z ##[group]Extracting  Ruby
2024-02-20T21:47:06.0770927Z [command]/usr/bin/tar -xz -C /opt/hostedtoolcache/Ruby/3.2.2 -f /home/runner/work/_temp/2db5fff7-e696-4801-8cfa-edf34c9bfb6d
2024-02-20T21:47:06.4681135Z Took   0.39 seconds
2024-02-20T21:47:06.4682523Z ##[endgroup]
2024-02-20T21:47:06.4683262Z ##[group]Print Ruby version
2024-02-20T21:47:06.4694561Z [command]/opt/hostedtoolcache/Ruby/3.2.2/x64/bin/ruby --version
2024-02-20T21:47:06.4905842Z ruby 3.2.2 (2023-03-30 revision e51014f9c0) [x86_64-linux]
2024-02-20T21:47:06.4928833Z Took   0.02 seconds
2024-02-20T21:47:06.4929765Z ##[endgroup]
2024-02-20T21:47:06.4930510Z ##[group]Installing Bundler
2024-02-20T21:47:06.4937693Z Using Bundler 2.5.4 from Gemfile.lock BUNDLED WITH 2.5.4
2024-02-20T21:47:06.4942268Z [command]/opt/hostedtoolcache/Ruby/3.2.2/x64/bin/gem install bundler -v 2.5.4
2024-02-20T21:47:07.0000893Z Successfully installed bundler-2.5.4
2024-02-20T21:47:07.0001864Z 1 gem installed
2024-02-20T21:47:07.0058384Z Took   0.51 seconds
2024-02-20T21:47:07.0059523Z ##[endgroup]
2024-02-20T21:47:07.0060602Z > bundle install
2024-02-20T21:47:07.0079666Z [command]/opt/hostedtoolcache/Ruby/3.2.2/x64/bin/bundle config --local path /home/runner/work/human-essentials/human-essentials/vendor/bundle
2024-02-20T21:47:07.1529038Z [command]/opt/hostedtoolcache/Ruby/3.2.2/x64/bin/bundle config --local deployment true
2024-02-20T21:47:07.3004222Z Cache key: setup-ruby-bundler-cache-v6-ubuntu-22.04-x64-ruby-3.2.2-wd-/home/runner/work/human-essentials/human-essentials-with--without--only--Gemfile.lock-0892b0b53bc376724f3f382033cdef4300a1d6b34636913d7a79ef18de05c09e
2024-02-20T21:47:08.7951318Z Received 12582912 of 214836050 (5.9%), 12.0 MBs/sec
2024-02-20T21:47:09.7958066Z Received 134217728 of 214836050 (62.5%), 64.0 MBs/sec
2024-02-20T21:47:10.4621120Z Cache Size: ~205 MB (214836050 B)
2024-02-20T21:47:10.4659429Z [command]/usr/bin/tar -xf /home/runner/work/_temp/ac28f5ae-55b2-4ffd-9a34-7192a00b929d/cache.tzst -P -C /home/runner/work/human-essentials/human-essentials --use-compress-program unzstd
2024-02-20T21:47:10.7953677Z Received 214836050 of 214836050 (100.0%), 68.3 MBs/sec
2024-02-20T21:47:12.2945576Z Cache restored successfully
2024-02-20T21:47:12.3373974Z Found cache for key: setup-ruby-bundler-cache-v6-ubuntu-22.04-x64-ruby-3.2.2-wd-/home/runner/work/human-essentials/human-essentials-with--without--only--Gemfile.lock-0892b0b53bc376724f3f382033cdef4300a1d6b34636913d7a79ef18de05c09e
2024-02-20T21:47:12.3382955Z [command]/opt/hostedtoolcache/Ruby/3.2.2/x64/bin/bundle install --jobs 4
2024-02-20T21:47:12.7178130Z Bundle complete! 85 Gemfile dependencies, 246 gems now installed.
2024-02-20T21:47:12.7179978Z Bundled gems are installed into `./vendor/bundle`
2024-02-20T21:47:12.7227783Z Took   5.72 seconds
2024-02-20T21:47:12.7414841Z ##[group]Run sudo apt-get -yqq install libpq-dev
2024-02-20T21:47:12.7415473Z [36;1msudo apt-get -yqq install libpq-dev[0m
2024-02-20T21:47:12.7458103Z shell: /usr/bin/bash -e {0}
2024-02-20T21:47:12.7458633Z ##[endgroup]
2024-02-20T21:47:17.8245011Z ##[group]Run bundle exec rake db:create
2024-02-20T21:47:17.8245546Z [36;1mbundle exec rake db:create[0m
2024-02-20T21:47:17.8245951Z [36;1mbundle exec rake db:schema:load[0m
2024-02-20T21:47:17.8246486Z [36;1mbundle exec rails assets:precompile[0m
2024-02-20T21:47:17.8274640Z shell: /usr/bin/bash -e {0}
2024-02-20T21:47:17.8275050Z env:
2024-02-20T21:47:17.8275385Z   POSTGRES_HOST: localhost
2024-02-20T21:47:17.8275815Z   DATABASE_HOST: localhost
2024-02-20T21:47:17.8276206Z   PG_USERNAME: postgres
2024-02-20T21:47:17.8276568Z   PG_PASSWORD: password
2024-02-20T21:47:17.8277003Z   POSTGRES_HOST_AUTH_METHOD: trust
2024-02-20T21:47:17.8277417Z   POSTGRES_PORT: 5432
2024-02-20T21:47:17.8277723Z   RAILS_ENV: test
2024-02-20T21:47:17.8278104Z ##[endgroup]
2024-02-20T21:47:24.2880206Z We could not find your database: diaper_test. Which can be found in the database configuration file located at config/database.yml.
2024-02-20T21:47:24.2881509Z 
2024-02-20T21:47:24.2882055Z To resolve this issue:
2024-02-20T21:47:24.2882403Z 
2024-02-20T21:47:24.2883377Z - Did you create the database for this app, or delete it? You may need to create your database.
2024-02-20T21:47:24.2885001Z - Has the database name changed? Check your database.yml config has the correct database name.
2024-02-20T21:47:24.2886007Z 
2024-02-20T21:47:24.2886227Z To create your database, run:
2024-02-20T21:47:24.2886648Z 
2024-02-20T21:47:24.2886874Z         bin/rails db:create
2024-02-20T21:47:24.2887769Z . You likely need to run `rails g flipper:active_record` and/or `rails db:migrate`.
2024-02-20T21:47:24.5189743Z Created database 'diaper_test'
2024-02-20T21:47:24.8122523Z Coverage report generated for RSpec to /home/runner/work/human-essentials/human-essentials/coverage. 329 / 10166 LOC (3.24%) covered.
2024-02-20T21:47:31.0441132Z PG::UndefinedTable: ERROR:  relation "flipper_gates" does not exist
2024-02-20T21:47:31.0442161Z LINE 9:  WHERE a.attrelid = '"flipper_gates"'::regclass
2024-02-20T21:47:31.0442702Z                             ^
2024-02-20T21:47:31.0443350Z . You likely need to run `rails g flipper:active_record` and/or `rails db:migrate`.
2024-02-20T21:47:31.9483181Z Coverage report generated for RSpec to /home/runner/work/human-essentials/human-essentials/coverage. 329 / 10166 LOC (3.24%) covered.
2024-02-20T21:48:06.0706470Z W, [2024-02-20T13:48:06.070269 #2327]  WARN -- : Removed sourceMappingURL comment for missing asset 'adminlte.js.map' from /home/runner/work/human-essentials/human-essentials/app/javascript/adminlte.js
2024-02-20T21:48:06.1339019Z I, [2024-02-20T13:48:06.133542 #2327]  INFO -- : Writing /home/runner/work/human-essentials/human-essentials/public/assets/manifest-90aab26ade71e747f745b1227b433fd7d580a54f279ee2be6e1a67bb326bf03a.js
2024-02-20T21:48:06.1342034Z I, [2024-02-20T13:48:06.133720 #2327]  INFO -- : Writing /home/runner/work/human-essentials/human-essentials/public/assets/manifest-90aab26ade71e747f745b1227b433fd7d580a54f279ee2be6e1a67bb326bf03a.js.gz
2024-02-20T21:48:06.1346007Z I, [2024-02-20T13:48:06.133863 #2327]  INFO -- : Writing /home/runner/work/human-essentials/human-essentials/public/assets/filterrific/filterrific-spinner-415824b210964b6cdb1db0bd9508be8644b9fde094b392f73055b20d369885b6.gif
2024-02-20T21:48:06.1349842Z I, [2024-02-20T13:48:06.134296 #2327]  INFO -- : Writing /home/runner/work/human-essentials/human-essentials/public/assets/bootstrap.min-67c48d88a8e0be178058aacb338b084191ed6d65c8fef751c50248202cf1488a.js
2024-02-20T21:48:06.1353205Z I, [2024-02-20T13:48:06.134459 #2327]  INFO -- : Writing /home/runner/work/human-essentials/human-essentials/public/assets/bootstrap.min-67c48d88a8e0be178058aacb338b084191ed6d65c8fef751c50248202cf1488a.js.gz
2024-02-20T21:48:06.1356347Z I, [2024-02-20T13:48:06.134793 #2327]  INFO -- : Writing /home/runner/work/human-essentials/human-essentials/public/assets/DiaperBase-Logo-f18172876cab49a451ca9c3178b578ab2019e03f111a6b6f3ba0c1b40b3d7c0c.png
2024-02-20T21:48:06.1360140Z I, [2024-02-20T13:48:06.135464 #2327]  INFO -- : Writing /home/runner/work/human-essentials/human-essentials/public/assets/Just-Diaper-05bf6a1b70ccad149eb4eca7b5f9fcca1f9c37bab1f8e5edb6798d66c903ba53.svg
2024-02-20T21:48:06.1364084Z I, [2024-02-20T13:48:06.136211 #2327]  INFO -- : Writing /home/runner/work/human-essentials/human-essentials/public/assets/Just-Diaper-05bf6a1b70ccad149eb4eca7b5f9fcca1f9c37bab1f8e5edb6798d66c903ba53.svg.gz
2024-02-20T21:48:06.1369453Z I, [2024-02-20T13:48:06.136457 #2327]  INFO -- : Writing /home/runner/work/human-essentials/human-essentials/public/assets/barcode-932aed25f5c148b36882be3bfb6696ecdd362ba0a709ff0674a10477f2aad8f3.svg
2024-02-20T21:48:06.1373104Z I, [2024-02-20T13:48:06.136952 #2327]  INFO -- : Writing /home/runner/work/human-essentials/human-essentials/public/assets/barcode-932aed25f5c148b36882be3bfb6696ecdd362ba0a709ff0674a10477f2aad8f3.svg.gz
2024-02-20T21:48:06.1376221Z I, [2024-02-20T13:48:06.137086 #2327]  INFO -- : Writing /home/runner/work/human-essentials/human-essentials/public/assets/bars-db7a0aaf1cd735270b170cba53dca71c75473940ab48639c609a72964eb92f4d.svg
2024-02-20T21:48:06.1383404Z I, [2024-02-20T13:48:06.137589 #2327]  INFO -- : Writing /home/runner/work/human-essentials/human-essentials/public/assets/bars-db7a0aaf1cd735270b170cba53dca71c75473940ab48639c609a72964eb92f4d.svg.gz
2024-02-20T21:48:06.1392806Z I, [2024-02-20T13:48:06.137879 #2327]  INFO -- : Writing /home/runner/work/human-essentials/human-essentials/public/assets/blue@2x-709ca6c252f762af1e5efb0ef1e7444a712cb0ec010fee01749b67a595a7c0c6.png
2024-02-20T21:48:06.1395231Z I, [2024-02-20T13:48:06.138044 #2327]  INFO -- : Writing /home/runner/work/human-essentials/human-essentials/public/assets/boxed-bg-6c60c3f8655fa4062631bbe1434face4fe3d70392159e976ec09ca6ad9330e7d.jpg
2024-02-20T21:48:06.1397354Z I, [2024-02-20T13:48:06.138215 #2327]  INFO -- : Writing /home/runner/work/human-essentials/human-essentials/public/assets/boxed-bg-eb7b1fa0c09f5ef599fc5138e33168827f2ec4e1f796cf8a78570d8a73a58190.png
2024-02-20T21:48:06.1399376Z I, [2024-02-20T13:48:06.138371 #2327]  INFO -- : Writing /home/runner/work/human-essentials/human-essentials/public/assets/dashboard-image-3db42e909886dffccb680715feccab83cc867b4581b0009558e746364e2ec332.svg
2024-02-20T21:48:06.1401438Z I, [2024-02-20T13:48:06.138488 #2327]  INFO -- : Writing /home/runner/work/human-essentials/human-essentials/public/assets/dashboard-image-3db42e909886dffccb680715feccab83cc867b4581b0009558e746364e2ec332.svg.gz
2024-02-20T21:48:06.1403552Z I, [2024-02-20T13:48:06.138592 #2327]  INFO -- : Writing /home/runner/work/human-essentials/human-essentials/public/assets/forecasting-32dffccc42e6c09203d36acbc2243b4bc746dc2f1198c1ff43def4bb48e335b2.svg
2024-02-20T21:48:06.1405560Z I, [2024-02-20T13:48:06.138695 #2327]  INFO -- : Writing /home/runner/work/human-essentials/human-essentials/public/assets/forecasting-32dffccc42e6c09203d36acbc2243b4bc746dc2f1198c1ff43def4bb48e335b2.svg.gz
2024-02-20T21:48:06.1407600Z I, [2024-02-20T13:48:06.138797 #2327]  INFO -- : Writing /home/runner/work/human-essentials/human-essentials/public/assets/hero-image-0ba273def6de748beb2a64206e115d8e4a109ad51ef255512f4c6522e5b9225b.svg
2024-02-20T21:48:06.1409576Z I, [2024-02-20T13:48:06.139092 #2327]  INFO -- : Writing /home/runner/work/human-essentials/human-essentials/public/assets/hero-image-0ba273def6de748beb2a64206e115d8e4a109ad51ef255512f4c6522e5b9225b.svg.gz
2024-02-20T21:48:06.1411800Z I, [2024-02-20T13:48:06.139242 #2327]  INFO -- : Writing /home/runner/work/human-essentials/human-essentials/public/assets/inventory-image-3d91fc8087e13632114d9d129a680b992e02aae297b2bf180089cd55792249b2.svg
2024-02-20T21:48:06.1421741Z I, [2024-02-20T13:48:06.141727 #2327]  INFO -- : Writing /home/runner/work/human-essentials/human-essentials/public/assets/inventory-image-3d91fc8087e13632114d9d129a680b992e02aae297b2bf180089cd55792249b2.svg.gz
2024-02-20T21:48:06.1425883Z I, [2024-02-20T13:48:06.142256 #2327]  INFO -- : Writing /home/runner/work/human-essentials/human-essentials/public/assets/partner-management-c2cd4a940d1cf59f66928bc5097b4d4528b6de95abcc66421edf341c59311d40.svg
2024-02-20T21:48:06.1430193Z I, [2024-02-20T13:48:06.142395 #2327]  INFO -- : Writing /home/runner/work/human-essentials/human-essentials/public/assets/partner-management-c2cd4a940d1cf59f66928bc5097b4d4528b6de95abcc66421edf341c59311d40.svg.gz
2024-02-20T21:48:06.1433859Z I, [2024-02-20T13:48:06.142511 #2327]  INFO -- : Writing /home/runner/work/human-essentials/human-essentials/public/assets/quote-e4395f28913ad7b7785c522f0b6f2363a960720cf3bc26705438f6efb55edb7d.svg
2024-02-20T21:48:06.1464579Z I, [2024-02-20T13:48:06.142631 #2327]  INFO -- : Writing /home/runner/work/human-essentials/human-essentials/public/assets/quote-e4395f28913ad7b7785c522f0b6f2363a960720cf3bc26705438f6efb55edb7d.svg.gz
2024-02-20T21:48:06.1468069Z I, [2024-02-20T13:48:06.142743 #2327]  INFO -- : Writing /home/runner/work/human-essentials/human-essentials/public/assets/report-image-a9fc71739eca5457d288f1c234a0d84237ba8eef8bd20a9935bd45d84d03ae6b.svg
2024-02-20T21:48:06.1471894Z I, [2024-02-20T13:48:06.142886 #2327]  INFO -- : Writing /home/runner/work/human-essentials/human-essentials/public/assets/report-image-a9fc71739eca5457d288f1c234a0d84237ba8eef8bd20a9935bd45d84d03ae6b.svg.gz
2024-02-20T21:48:06.1475649Z I, [2024-02-20T13:48:06.142999 #2327]  INFO -- : Writing /home/runner/work/human-essentials/human-essentials/public/assets/test-only-background-c4843e992a593298a8c43815c8950b766061a96fd7d3e92838354914c41d7243.jpg
2024-02-20T21:48:06.1479200Z I, [2024-02-20T13:48:06.143153 #2327]  INFO -- : Writing /home/runner/work/human-essentials/human-essentials/public/assets/AdminLTE-9d75f9bf2ec81bc0a0de450227ed6268dad2cd66401439503c18d3241dfb241d.css
2024-02-20T21:48:06.1482637Z I, [2024-02-20T13:48:06.143226 #2327]  INFO -- : Writing /home/runner/work/human-essentials/human-essentials/public/assets/AdminLTE-9d75f9bf2ec81bc0a0de450227ed6268dad2cd66401439503c18d3241dfb241d.css.gz
2024-02-20T21:48:06.1486123Z I, [2024-02-20T13:48:06.143323 #2327]  INFO -- : Writing /home/runner/work/human-essentials/human-essentials/public/assets/_colors-04024382391bb910584145d8113cf35ef376b55d125bb4516cebeb14ce788597.css
2024-02-20T21:48:06.1489426Z I, [2024-02-20T13:48:06.143395 #2327]  INFO -- : Writing /home/runner/work/human-essentials/human-essentials/public/assets/_colors-04024382391bb910584145d8113cf35ef376b55d125bb4516cebeb14ce788597.css.gz
2024-02-20T21:48:06.1496156Z I, [2024-02-20T13:48:06.143511 #2327]  INFO -- : Writing /home/runner/work/human-essentials/human-essentials/public/assets/application-0da4ed653cd2be46690d3296e155ff2f65c183e52d7a8c3467d17640386866d5.css
2024-02-20T21:48:06.1499967Z I, [2024-02-20T13:48:06.143618 #2327]  INFO -- : Writing /home/runner/work/human-essentials/human-essentials/public/assets/application-0da4ed653cd2be46690d3296e155ff2f65c183e52d7a8c3467d17640386866d5.css.gz
2024-02-20T21:48:06.1503941Z I, [2024-02-20T13:48:06.143737 #2327]  INFO -- : Writing /home/runner/work/human-essentials/human-essentials/public/assets/test-only-background-c4843e992a593298a8c43815c8950b766061a96fd7d3e92838354914c41d7243.jpg
2024-02-20T21:48:06.1507806Z I, [2024-02-20T13:48:06.143977 #2327]  INFO -- : Writing /home/runner/work/human-essentials/human-essentials/public/assets/audits-83372b845d8a4887e7e4d2315cf3c85ea60ef94ca0ec4774dfbcd3cf569c616c.css
2024-02-20T21:48:06.1511315Z I, [2024-02-20T13:48:06.144044 #2327]  INFO -- : Writing /home/runner/work/human-essentials/human-essentials/public/assets/audits-83372b845d8a4887e7e4d2315cf3c85ea60ef94ca0ec4774dfbcd3cf569c616c.css.gz
2024-02-20T21:48:06.1513684Z I, [2024-02-20T13:48:06.144131 #2327]  INFO -- : Writing /home/runner/work/human-essentials/human-essentials/public/assets/barcode_reader-3799c29218802c1dbba4c700f3863ec24505a9e3e7b54d36282fff667d7c94ca.css
2024-02-20T21:48:06.1515760Z I, [2024-02-20T13:48:06.144196 #2327]  INFO -- : Writing /home/runner/work/human-essentials/human-essentials/public/assets/barcode_reader-3799c29218802c1dbba4c700f3863ec24505a9e3e7b54d36282fff667d7c94ca.css.gz
2024-02-20T21:48:06.1517961Z I, [2024-02-20T13:48:06.144281 #2327]  INFO -- : Writing /home/runner/work/human-essentials/human-essentials/public/assets/custom-78c7cbde633ff9cfb0425c2a5897128adfc8aca0f10628e0b59f704db7fe76df.css
2024-02-20T21:48:06.1519914Z I, [2024-02-20T13:48:06.144344 #2327]  INFO -- : Writing /home/runner/work/human-essentials/human-essentials/public/assets/custom-78c7cbde633ff9cfb0425c2a5897128adfc8aca0f10628e0b59f704db7fe76df.css.gz
2024-02-20T21:48:06.1521960Z I, [2024-02-20T13:48:06.144425 #2327]  INFO -- : Writing /home/runner/work/human-essentials/human-essentials/public/assets/test-only-background-c4843e992a593298a8c43815c8950b766061a96fd7d3e92838354914c41d7243.jpg
2024-02-20T21:48:06.1524006Z I, [2024-02-20T13:48:06.144553 #2327]  INFO -- : Writing /home/runner/work/human-essentials/human-essentials/public/assets/expandable_table-cca1600cf25c44c6bea2733167509ffe9133f344e9defe984ad96bd427b29a19.css
2024-02-20T21:48:06.1526003Z I, [2024-02-20T13:48:06.144616 #2327]  INFO -- : Writing /home/runner/work/human-essentials/human-essentials/public/assets/expandable_table-cca1600cf25c44c6bea2733167509ffe9133f344e9defe984ad96bd427b29a19.css.gz
2024-02-20T21:48:06.1528053Z I, [2024-02-20T13:48:06.144700 #2327]  INFO -- : Writing /home/runner/work/human-essentials/human-essentials/public/assets/landing_page-4fe5dfcfea8b5bbd7722658652ff4ee86132a41b8aff92e9ef8b1216cb7259fa.css
2024-02-20T21:48:06.1530033Z I, [2024-02-20T13:48:06.144762 #2327]  INFO -- : Writing /home/runner/work/human-essentials/human-essentials/public/assets/landing_page-4fe5dfcfea8b5bbd7722658652ff4ee86132a41b8aff92e9ef8b1216cb7259fa.css.gz
2024-02-20T21:48:06.1532003Z I, [2024-02-20T13:48:06.144850 #2327]  INFO -- : Writing /home/runner/work/human-essentials/human-essentials/public/assets/modal-dialog-9d7ae8bb43b60ac4c7d9910700392b20618ae2db4d5db33453b157171d5e0f7d.css
2024-02-20T21:48:06.1534085Z I, [2024-02-20T13:48:06.144911 #2327]  INFO -- : Writing /home/runner/work/human-essentials/human-essentials/public/assets/modal-dialog-9d7ae8bb43b60ac4c7d9910700392b20618ae2db4d5db33453b157171d5e0f7d.css.gz
2024-02-20T21:48:06.1536088Z I, [2024-02-20T13:48:06.144994 #2327]  INFO -- : Writing /home/runner/work/human-essentials/human-essentials/public/assets/progress_stepper-7f8ef0dc05a9a00a300e56f6f3e4ccfdde4af8e392407ccc6601d60019067ccb.css
2024-02-20T21:48:06.1538154Z I, [2024-02-20T13:48:06.145056 #2327]  INFO -- : Writing /home/runner/work/human-essentials/human-essentials/public/assets/progress_stepper-7f8ef0dc05a9a00a300e56f6f3e4ccfdde4af8e392407ccc6601d60019067ccb.css.gz
2024-02-20T21:48:06.1540168Z I, [2024-02-20T13:48:06.145139 #2327]  INFO -- : Writing /home/runner/work/human-essentials/human-essentials/public/assets/transfers-c9ab43ff53dab5dc13681712afc9b6fb31d7865d5ac8c657220deff9f138fa8c.css
2024-02-20T21:48:06.1542131Z I, [2024-02-20T13:48:06.145201 #2327]  INFO -- : Writing /home/runner/work/human-essentials/human-essentials/public/assets/transfers-c9ab43ff53dab5dc13681712afc9b6fb31d7865d5ac8c657220deff9f138fa8c.css.gz
2024-02-20T21:48:06.1544148Z I, [2024-02-20T13:48:06.145286 #2327]  INFO -- : Writing /home/runner/work/human-essentials/human-essentials/public/assets/adminlte-886a0b559685ec92cd8dd4dbf957899292f9c0bd344c90c304d28973363a8eaf.js
2024-02-20T21:48:06.1546023Z I, [2024-02-20T13:48:06.145346 #2327]  INFO -- : Writing /home/runner/work/human-essentials/human-essentials/public/assets/adminlte-886a0b559685ec92cd8dd4dbf957899292f9c0bd344c90c304d28973363a8eaf.js.gz
2024-02-20T21:48:06.1548119Z I, [2024-02-20T13:48:06.145433 #2327]  INFO -- : Writing /home/runner/work/human-essentials/human-essentials/public/assets/application-f9d5a0970e6dc2d1d44ca8dfd6129e9fed2dccf1b460a6bba6eab9dd7aa61c92.js
2024-02-20T21:48:06.1551891Z I, [2024-02-20T13:48:06.145497 #2327]  INFO -- : Writing /home/runner/work/human-essentials/human-essentials/public/assets/application-f9d5a0970e6dc2d1d44ca8dfd6129e9fed2dccf1b460a6bba6eab9dd7aa61c92.js.gz
2024-02-20T21:48:06.1555956Z I, [2024-02-20T13:48:06.145582 #2327]  INFO -- : Writing /home/runner/work/human-essentials/human-essentials/public/assets/cocoon-js-vanilla-cc8e46e9b16a6217f3c14c60ca346454c9c01d8d41e5c073ae14f85fac052e96.js
2024-02-20T21:48:06.1559801Z I, [2024-02-20T13:48:06.145644 #2327]  INFO -- : Writing /home/runner/work/human-essentials/human-essentials/public/assets/cocoon-js-vanilla-cc8e46e9b16a6217f3c14c60ca346454c9c01d8d41e5c073ae14f85fac052e96.js.gz
2024-02-20T21:48:06.1563802Z I, [2024-02-20T13:48:06.145730 #2327]  INFO -- : Writing /home/runner/work/human-essentials/human-essentials/public/assets/controllers/application-368d98631bccbf2349e0d4f8269afb3fe9625118341966de054759d96ea86c7e.js
2024-02-20T21:48:06.1567753Z I, [2024-02-20T13:48:06.145787 #2327]  INFO -- : Writing /home/runner/work/human-essentials/human-essentials/public/assets/controllers/application-368d98631bccbf2349e0d4f8269afb3fe9625118341966de054759d96ea86c7e.js.gz
2024-02-20T21:48:06.1571888Z I, [2024-02-20T13:48:06.145865 #2327]  INFO -- : Writing /home/runner/work/human-essentials/human-essentials/public/assets/controllers/area_served_controller-c8c048ef9ee2d145ba8408cda63546aff8ce9170e9cafb34075ebb01b43c6c34.js
2024-02-20T21:48:06.1576039Z I, [2024-02-20T13:48:06.145920 #2327]  INFO -- : Writing /home/runner/work/human-essentials/human-essentials/public/assets/controllers/area_served_controller-c8c048ef9ee2d145ba8408cda63546aff8ce9170e9cafb34075ebb01b43c6c34.js.gz
2024-02-20T21:48:06.1580262Z I, [2024-02-20T13:48:06.145999 #2327]  INFO -- : Writing /home/runner/work/human-essentials/human-essentials/public/assets/controllers/checkbox_with_nested_element_controller-1645dd2a3a857d546354c90b0c415a9d1dd4de6974048fd41bfc1d6f45ccb3eb.js
2024-02-20T21:48:06.1584534Z I, [2024-02-20T13:48:06.146055 #2327]  INFO -- : Writing /home/runner/work/human-essentials/human-essentials/public/assets/controllers/checkbox_with_nested_element_controller-1645dd2a3a857d546354c90b0c415a9d1dd4de6974048fd41bfc1d6f45ccb3eb.js.gz
2024-02-20T21:48:06.1589250Z I, [2024-02-20T13:48:06.146135 #2327]  INFO -- : Writing /home/runner/work/human-essentials/human-essentials/public/assets/controllers/distribution_delivery_controller-89fc613f734c2b1538c1e9948abeb353ea73d22678fc08597d48fa36a70c5c51.js
2024-02-20T21:48:06.1593656Z I, [2024-02-20T13:48:06.146194 #2327]  INFO -- : Writing /home/runner/work/human-essentials/human-essentials/public/assets/controllers/distribution_delivery_controller-89fc613f734c2b1538c1e9948abeb353ea73d22678fc08597d48fa36a70c5c51.js.gz
2024-02-20T21:48:06.1597943Z I, [2024-02-20T13:48:06.150817 #2327]  INFO -- : Writing /home/runner/work/human-essentials/human-essentials/public/assets/controllers/double_select_controller-bb2e4a65f2c66cacc8ec4dd491c2233b0aac53187ebe1fbaaffedfbaf7db9099.js
2024-02-20T21:48:06.1602314Z I, [2024-02-20T13:48:06.150919 #2327]  INFO -- : Writing /home/runner/work/human-essentials/human-essentials/public/assets/controllers/double_select_controller-bb2e4a65f2c66cacc8ec4dd491c2233b0aac53187ebe1fbaaffedfbaf7db9099.js.gz
2024-02-20T21:48:06.1606488Z I, [2024-02-20T13:48:06.151037 #2327]  INFO -- : Writing /home/runner/work/human-essentials/human-essentials/public/assets/controllers/highchart_controller-7640167d6e3481659a5ead23f046e3c6852c08e30ce8aa6f09aa5cce0f7ea02d.js
2024-02-20T21:48:06.1610632Z I, [2024-02-20T13:48:06.154960 #2327]  INFO -- : Writing /home/runner/work/human-essentials/human-essentials/public/assets/controllers/highchart_controller-7640167d6e3481659a5ead23f046e3c6852c08e30ce8aa6f09aa5cce0f7ea02d.js.gz
2024-02-20T21:48:06.1614661Z I, [2024-02-20T13:48:06.155219 #2327]  INFO -- : Writing /home/runner/work/human-essentials/human-essentials/public/assets/controllers/index-2db729dddcc5b979110e98de4b6720f83f91a123172e87281d5a58410fc43806.js
2024-02-20T21:48:06.1617005Z I, [2024-02-20T13:48:06.155289 #2327]  INFO -- : Writing /home/runner/work/human-essentials/human-essentials/public/assets/controllers/index-2db729dddcc5b979110e98de4b6720f83f91a123172e87281d5a58410fc43806.js.gz
2024-02-20T21:48:06.1619441Z I, [2024-02-20T13:48:06.155398 #2327]  INFO -- : Writing /home/runner/work/human-essentials/human-essentials/public/assets/controllers/request_item_controller-3d80a8cfc8c3931a9addd9502dd972f6b9b6df1b44435b3ec0371f2dd5aef579.js
2024-02-20T21:48:06.1621665Z I, [2024-02-20T13:48:06.155463 #2327]  INFO -- : Writing /home/runner/work/human-essentials/human-essentials/public/assets/controllers/request_item_controller-3d80a8cfc8c3931a9addd9502dd972f6b9b6df1b44435b3ec0371f2dd5aef579.js.gz
2024-02-20T21:48:06.1623873Z I, [2024-02-20T13:48:06.155545 #2327]  INFO -- : Writing /home/runner/work/human-essentials/human-essentials/public/assets/controllers/select2_controller-13c15fa4f8996b06b43552325b12e3a14e158db06264b83cfff2e521a16fceeb.js
2024-02-20T21:48:06.1626110Z I, [2024-02-20T13:48:06.155614 #2327]  INFO -- : Writing /home/runner/work/human-essentials/human-essentials/public/assets/controllers/select2_controller-13c15fa4f8996b06b43552325b12e3a14e158db06264b83cfff2e521a16fceeb.js.gz
2024-02-20T21:48:06.1628298Z I, [2024-02-20T13:48:06.155702 #2327]  INFO -- : Writing /home/runner/work/human-essentials/human-essentials/public/assets/controllers/served_area_controller-37738489813fc06349f3fb1bc7abc5d5493318ce553f1bebbfa1f8fe06ebfb4a.js
2024-02-20T21:48:06.1632749Z I, [2024-02-20T13:48:06.155761 #2327]  INFO -- : Writing /home/runner/work/human-essentials/human-essentials/public/assets/controllers/served_area_controller-37738489813fc06349f3fb1bc7abc5d5493318ce553f1bebbfa1f8fe06ebfb4a.js.gz
2024-02-20T21:48:06.1636299Z I, [2024-02-20T13:48:06.155850 #2327]  INFO -- : Writing /home/runner/work/human-essentials/human-essentials/public/assets/controllers/turbo_controller-fccb6961e984a4e30ac5da2e1cf185bbfb9d9e8677a0bf2e284ec349e7b0db17.js
2024-02-20T21:48:06.1638537Z I, [2024-02-20T13:48:06.155911 #2327]  INFO -- : Writing /home/runner/work/human-essentials/human-essentials/public/assets/controllers/turbo_controller-fccb6961e984a4e30ac5da2e1cf185bbfb9d9e8677a0bf2e284ec349e7b0db17.js.gz
2024-02-20T21:48:06.1640663Z I, [2024-02-20T13:48:06.156002 #2327]  INFO -- : Writing /home/runner/work/human-essentials/human-essentials/public/assets/startup-bf111fcbf368bc988dfcb050d057ec73e21f190d7921e15689dd5ebf674e6d00.js
2024-02-20T21:48:06.1642617Z I, [2024-02-20T13:48:06.156070 #2327]  INFO -- : Writing /home/runner/work/human-essentials/human-essentials/public/assets/startup-bf111fcbf368bc988dfcb050d057ec73e21f190d7921e15689dd5ebf674e6d00.js.gz
2024-02-20T21:48:06.1644626Z I, [2024-02-20T13:48:06.156160 #2327]  INFO -- : Writing /home/runner/work/human-essentials/human-essentials/public/assets/utils/barcode_items-ee1050c4d1ade4569ef6cfc83d5f4792f67daabaca0ae24f75455737fea0a72b.js
2024-02-20T21:48:06.1646734Z I, [2024-02-20T13:48:06.156229 #2327]  INFO -- : Writing /home/runner/work/human-essentials/human-essentials/public/assets/utils/barcode_items-ee1050c4d1ade4569ef6cfc83d5f4792f67daabaca0ae24f75455737fea0a72b.js.gz
2024-02-20T21:48:06.1648771Z I, [2024-02-20T13:48:06.156314 #2327]  INFO -- : Writing /home/runner/work/human-essentials/human-essentials/public/assets/utils/barcode_scan-757b66b6921154f49e7cc4c5dc2f146f91f1648beffaa8ef106d94585a273ba9.js
2024-02-20T21:48:06.1650762Z I, [2024-02-20T13:48:06.156372 #2327]  INFO -- : Writing /home/runner/work/human-essentials/human-essentials/public/assets/utils/barcode_scan-757b66b6921154f49e7cc4c5dc2f146f91f1648beffaa8ef106d94585a273ba9.js.gz
2024-02-20T21:48:06.1652857Z I, [2024-02-20T13:48:06.156458 #2327]  INFO -- : Writing /home/runner/work/human-essentials/human-essentials/public/assets/utils/deadline_day_pickers-b0b264db9e3c8107c161cc4571e71cf901bcc511175271d218a553c4e1889065.js
2024-02-20T21:48:06.1655137Z I, [2024-02-20T13:48:06.156515 #2327]  INFO -- : Writing /home/runner/work/human-essentials/human-essentials/public/assets/utils/deadline_day_pickers-b0b264db9e3c8107c161cc4571e71cf901bcc511175271d218a553c4e1889065.js.gz
2024-02-20T21:48:06.1657255Z I, [2024-02-20T13:48:06.156601 #2327]  INFO -- : Writing /home/runner/work/human-essentials/human-essentials/public/assets/utils/distributions_and_transfers-1f9709e9a8df250acfe3e7a79f1501b2696b1f36d5adcf083a61a1b005cce3d2.js
2024-02-20T21:48:06.1659653Z I, [2024-02-20T13:48:06.156663 #2327]  INFO -- : Writing /home/runner/work/human-essentials/human-essentials/public/assets/utils/distributions_and_transfers-1f9709e9a8df250acfe3e7a79f1501b2696b1f36d5adcf083a61a1b005cce3d2.js.gz
2024-02-20T21:48:06.1661747Z I, [2024-02-20T13:48:06.156748 #2327]  INFO -- : Writing /home/runner/work/human-essentials/human-essentials/public/assets/utils/donations-1c3e9a15fc370afd2c3836ccf8dde6013c35412a8d83cf6c1e31bec95ef72b26.js
2024-02-20T21:48:06.1663851Z I, [2024-02-20T13:48:06.156813 #2327]  INFO -- : Writing /home/runner/work/human-essentials/human-essentials/public/assets/utils/donations-1c3e9a15fc370afd2c3836ccf8dde6013c35412a8d83cf6c1e31bec95ef72b26.js.gz
2024-02-20T21:48:06.1665858Z I, [2024-02-20T13:48:06.156894 #2327]  INFO -- : Writing /home/runner/work/human-essentials/human-essentials/public/assets/utils/purchases-5c814ba098feaa8a7b4abff24267c1da909f3e52e12c97660f8a0b8c1ff4aea1.js
2024-02-20T21:48:06.1667868Z I, [2024-02-20T13:48:06.156952 #2327]  INFO -- : Writing /home/runner/work/human-essentials/human-essentials/public/assets/utils/purchases-5c814ba098feaa8a7b4abff24267c1da909f3e52e12c97660f8a0b8c1ff4aea1.js.gz
2024-02-20T21:48:06.1671531Z I, [2024-02-20T13:48:06.157044 #2327]  INFO -- : Writing /home/runner/work/human-essentials/human-essentials/public/assets/filterrific-f3a290db250e05344fd62c216b903689f73eff5e270ef021e425551006092e08.js
2024-02-20T21:48:06.1674913Z I, [2024-02-20T13:48:06.157108 #2327]  INFO -- : Writing /home/runner/work/human-essentials/human-essentials/public/assets/filterrific-f3a290db250e05344fd62c216b903689f73eff5e270ef021e425551006092e08.js.gz
2024-02-20T21:48:06.1678246Z I, [2024-02-20T13:48:06.157198 #2327]  INFO -- : Writing /home/runner/work/human-essentials/human-essentials/public/assets/stimulusloading-1fc59770fb1654500044afd3f5f6d7d00800e5be36746d55b94a2963a7a228aa.js
2024-02-20T21:48:06.1681675Z I, [2024-02-20T13:48:06.157271 #2327]  INFO -- : Writing /home/runner/work/human-essentials/human-essentials/public/assets/stimulusloading-1fc59770fb1654500044afd3f5f6d7d00800e5be36746d55b94a2963a7a228aa.js.gz
2024-02-20T21:48:06.1684853Z I, [2024-02-20T13:48:06.157360 #2327]  INFO -- : Writing /home/runner/work/human-essentials/human-essentials/public/assets/turbo-4851a9a0b1d947e810dfd0448a72aef261d455183ebea681f4f28a73640a9ece.js
2024-02-20T21:48:06.1687886Z I, [2024-02-20T13:48:06.157430 #2327]  INFO -- : Writing /home/runner/work/human-essentials/human-essentials/public/assets/turbo-4851a9a0b1d947e810dfd0448a72aef261d455183ebea681f4f28a73640a9ece.js.gz
2024-02-20T21:48:06.1691105Z I, [2024-02-20T13:48:06.157520 #2327]  INFO -- : Writing /home/runner/work/human-essentials/human-essentials/public/assets/turbo.min-f309baafa3ae5ad6ccee3e7362118b87678d792db8e8ab466c4fa284dd3a4700.js
2024-02-20T21:48:06.1694675Z I, [2024-02-20T13:48:06.157584 #2327]  INFO -- : Writing /home/runner/work/human-essentials/human-essentials/public/assets/turbo.min-f309baafa3ae5ad6ccee3e7362118b87678d792db8e8ab466c4fa284dd3a4700.js.gz
2024-02-20T21:48:06.1698319Z I, [2024-02-20T13:48:06.157678 #2327]  INFO -- : Writing /home/runner/work/human-essentials/human-essentials/public/assets/turbo.min.js-8bc8f4a58d1c106d58dec8bef6c638ff12ff4d078f19d8ebd8c4277f4c9bc85a.map
2024-02-20T21:48:06.1701679Z I, [2024-02-20T13:48:06.157744 #2327]  INFO -- : Writing /home/runner/work/human-essentials/human-essentials/public/assets/turbo.min.js-8bc8f4a58d1c106d58dec8bef6c638ff12ff4d078f19d8ebd8c4277f4c9bc85a.map.gz
2024-02-20T21:48:06.1705269Z I, [2024-02-20T13:48:06.157836 #2327]  INFO -- : Writing /home/runner/work/human-essentials/human-essentials/public/assets/stimulus-loading-3576ce92b149ad5d6959438c6f291e2426c86df3b874c525b30faad51b0d96b3.js
2024-02-20T21:48:06.1708999Z I, [2024-02-20T13:48:06.157906 #2327]  INFO -- : Writing /home/runner/work/human-essentials/human-essentials/public/assets/stimulus-loading-3576ce92b149ad5d6959438c6f291e2426c86df3b874c525b30faad51b0d96b3.js.gz
2024-02-20T21:48:06.1712423Z I, [2024-02-20T13:48:06.158066 #2327]  INFO -- : Writing /home/runner/work/human-essentials/human-essentials/public/assets/popper-003a40d80fd205e1fa00da117d5bdc19720ba330706eaa17f9ba9513fa502304.js
2024-02-20T21:48:06.1715514Z I, [2024-02-20T13:48:06.158141 #2327]  INFO -- : Writing /home/runner/work/human-essentials/human-essentials/public/assets/popper-003a40d80fd205e1fa00da117d5bdc19720ba330706eaa17f9ba9513fa502304.js.gz
2024-02-20T21:48:06.1718747Z I, [2024-02-20T13:48:06.158329 #2327]  INFO -- : Writing /home/runner/work/human-essentials/human-essentials/public/assets/actiontext-28c61f5197c204db043317a8f8826a87ab31495b741f854d307ca36122deefce.js
2024-02-20T21:48:06.1721874Z I, [2024-02-20T13:48:06.158394 #2327]  INFO -- : Writing /home/runner/work/human-essentials/human-essentials/public/assets/actiontext-28c61f5197c204db043317a8f8826a87ab31495b741f854d307ca36122deefce.js.gz
2024-02-20T21:48:06.1725025Z I, [2024-02-20T13:48:06.158490 #2327]  INFO -- : Writing /home/runner/work/human-essentials/human-essentials/public/assets/trix-1563ff9c10f74e143b3ded40a8458497eaf2f87a648a5cbbfebdb7dec3447a5e.js
2024-02-20T21:48:06.1727989Z I, [2024-02-20T13:48:06.158555 #2327]  INFO -- : Writing /home/runner/work/human-essentials/human-essentials/public/assets/trix-1563ff9c10f74e143b3ded40a8458497eaf2f87a648a5cbbfebdb7dec3447a5e.js.gz
2024-02-20T21:48:06.1731018Z I, [2024-02-20T13:48:06.158642 #2327]  INFO -- : Writing /home/runner/work/human-essentials/human-essentials/public/assets/trix-b0398dade8e5ac249fe98f2e850f45adbcdfecd8a11c46b3eb67bdedb87b1b04.css
2024-02-20T21:48:06.1734207Z I, [2024-02-20T13:48:06.158717 #2327]  INFO -- : Writing /home/runner/work/human-essentials/human-essentials/public/assets/trix-b0398dade8e5ac249fe98f2e850f45adbcdfecd8a11c46b3eb67bdedb87b1b04.css.gz
2024-02-20T21:48:06.1737344Z I, [2024-02-20T13:48:06.158813 #2327]  INFO -- : Writing /home/runner/work/human-essentials/human-essentials/public/assets/stimulus-f75215805563870a61ee9dc5a207ce46d4675c7e667558a54344fd1e7baa697f.js
2024-02-20T21:48:06.1740429Z I, [2024-02-20T13:48:06.158909 #2327]  INFO -- : Writing /home/runner/work/human-essentials/human-essentials/public/assets/stimulus-f75215805563870a61ee9dc5a207ce46d4675c7e667558a54344fd1e7baa697f.js.gz
2024-02-20T21:48:06.1743771Z I, [2024-02-20T13:48:06.159010 #2327]  INFO -- : Writing /home/runner/work/human-essentials/human-essentials/public/assets/stimulus-autoloader-c584942b568ba74879da31c7c3d51366737bacaf6fbae659383c0a5653685693.js
2024-02-20T21:48:06.1747138Z I, [2024-02-20T13:48:06.159082 #2327]  INFO -- : Writing /home/runner/work/human-essentials/human-essentials/public/assets/stimulus-autoloader-c584942b568ba74879da31c7c3d51366737bacaf6fbae659383c0a5653685693.js.gz
2024-02-20T21:48:06.1750838Z I, [2024-02-20T13:48:06.159187 #2327]  INFO -- : Writing /home/runner/work/human-essentials/human-essentials/public/assets/stimulus-importmap-autoloader-db2076c783bf2dbee1226e2add52fef290b5d31b5bcd1edd999ac8a6dd31c44a.js
2024-02-20T21:48:06.1755212Z I, [2024-02-20T13:48:06.159256 #2327]  INFO -- : Writing /home/runner/work/human-essentials/human-essentials/public/assets/stimulus-importmap-autoloader-db2076c783bf2dbee1226e2add52fef290b5d31b5bcd1edd999ac8a6dd31c44a.js.gz
2024-02-20T21:48:06.1759014Z I, [2024-02-20T13:48:06.159340 #2327]  INFO -- : Writing /home/runner/work/human-essentials/human-essentials/public/assets/stimulus-loading-3576ce92b149ad5d6959438c6f291e2426c86df3b874c525b30faad51b0d96b3.js
2024-02-20T21:48:06.1763068Z I, [2024-02-20T13:48:06.159405 #2327]  INFO -- : Writing /home/runner/work/human-essentials/human-essentials/public/assets/stimulus-loading-3576ce92b149ad5d6959438c6f291e2426c86df3b874c525b30faad51b0d96b3.js.gz
2024-02-20T21:48:06.1767090Z I, [2024-02-20T13:48:06.159507 #2327]  INFO -- : Writing /home/runner/work/human-essentials/human-essentials/public/assets/stimulus.min-dd364f16ec9504dfb72672295637a1c8838773b01c0b441bd41008124c407894.js
2024-02-20T21:48:06.1770855Z I, [2024-02-20T13:48:06.159580 #2327]  INFO -- : Writing /home/runner/work/human-essentials/human-essentials/public/assets/stimulus.min-dd364f16ec9504dfb72672295637a1c8838773b01c0b441bd41008124c407894.js.gz
2024-02-20T21:48:06.1775010Z I, [2024-02-20T13:48:06.159670 #2327]  INFO -- : Writing /home/runner/work/human-essentials/human-essentials/public/assets/stimulus-autoloader-c584942b568ba74879da31c7c3d51366737bacaf6fbae659383c0a5653685693.js
2024-02-20T21:48:06.1778680Z I, [2024-02-20T13:48:06.159731 #2327]  INFO -- : Writing /home/runner/work/human-essentials/human-essentials/public/assets/stimulus-autoloader-c584942b568ba74879da31c7c3d51366737bacaf6fbae659383c0a5653685693.js.gz
2024-02-20T21:48:06.1782807Z I, [2024-02-20T13:48:06.159819 #2327]  INFO -- : Writing /home/runner/work/human-essentials/human-essentials/public/assets/stimulus-importmap-autoloader-db2076c783bf2dbee1226e2add52fef290b5d31b5bcd1edd999ac8a6dd31c44a.js
2024-02-20T21:48:06.1787110Z I, [2024-02-20T13:48:06.159883 #2327]  INFO -- : Writing /home/runner/work/human-essentials/human-essentials/public/assets/stimulus-importmap-autoloader-db2076c783bf2dbee1226e2add52fef290b5d31b5bcd1edd999ac8a6dd31c44a.js.gz
2024-02-20T21:48:06.1791122Z I, [2024-02-20T13:48:06.159967 #2327]  INFO -- : Writing /home/runner/work/human-essentials/human-essentials/public/assets/stimulus-loading-3576ce92b149ad5d6959438c6f291e2426c86df3b874c525b30faad51b0d96b3.js
2024-02-20T21:48:06.1794531Z I, [2024-02-20T13:48:06.160087 #2327]  INFO -- : Writing /home/runner/work/human-essentials/human-essentials/public/assets/stimulus-loading-3576ce92b149ad5d6959438c6f291e2426c86df3b874c525b30faad51b0d96b3.js.gz
2024-02-20T21:48:06.1797991Z I, [2024-02-20T13:48:06.160192 #2327]  INFO -- : Writing /home/runner/work/human-essentials/human-essentials/public/assets/stimulus.min.js-2cc63625fa177963b45da974806e7aee846cbf1d4930815733d0fdf3fb232325.map
2024-02-20T21:48:06.1801484Z I, [2024-02-20T13:48:06.160263 #2327]  INFO -- : Writing /home/runner/work/human-essentials/human-essentials/public/assets/stimulus.min.js-2cc63625fa177963b45da974806e7aee846cbf1d4930815733d0fdf3fb232325.map.gz
2024-02-20T21:48:06.1805048Z I, [2024-02-20T13:48:06.160353 #2327]  INFO -- : Writing /home/runner/work/human-essentials/human-essentials/public/assets/activestorage-3ab61e47dd4ee2d79db525ade1dca2ede0ea2b7371fe587e408ee37b7ade265d.js
2024-02-20T21:48:06.1808473Z I, [2024-02-20T13:48:06.160417 #2327]  INFO -- : Writing /home/runner/work/human-essentials/human-essentials/public/assets/activestorage-3ab61e47dd4ee2d79db525ade1dca2ede0ea2b7371fe587e408ee37b7ade265d.js.gz
2024-02-20T21:48:06.1811905Z I, [2024-02-20T13:48:06.160519 #2327]  INFO -- : Writing /home/runner/work/human-essentials/human-essentials/public/assets/activestorage.esm-01f58a45d77495cdfbdfcc872902a430426c4391634ec9c3da5f69fbf8418492.js
2024-02-20T21:48:06.1815342Z I, [2024-02-20T13:48:06.160587 #2327]  INFO -- : Writing /home/runner/work/human-essentials/human-essentials/public/assets/activestorage.esm-01f58a45d77495cdfbdfcc872902a430426c4391634ec9c3da5f69fbf8418492.js.gz
2024-02-20T21:48:06.1818687Z I, [2024-02-20T13:48:06.160686 #2327]  INFO -- : Writing /home/runner/work/human-essentials/human-essentials/public/assets/actioncable-5433453f9b6619a9de91aaab2d7fc7ff183e5260c0107cbc9a1aa0c838d9a74e.js
2024-02-20T21:48:06.1821998Z I, [2024-02-20T13:48:06.160757 #2327]  INFO -- : Writing /home/runner/work/human-essentials/human-essentials/public/assets/actioncable-5433453f9b6619a9de91aaab2d7fc7ff183e5260c0107cbc9a1aa0c838d9a74e.js.gz
2024-02-20T21:48:06.1825345Z I, [2024-02-20T13:48:06.160849 #2327]  INFO -- : Writing /home/runner/work/human-essentials/human-essentials/public/assets/actioncable.esm-e01089c3ec4fe7817fa9abcad06cab6bdc387f95f0ca6aab4bf7ba7537f70690.js
2024-02-20T21:48:06.1829172Z I, [2024-02-20T13:48:06.160919 #2327]  INFO -- : Writing /home/runner/work/human-essentials/human-essentials/public/assets/actioncable.esm-e01089c3ec4fe7817fa9abcad06cab6bdc387f95f0ca6aab4bf7ba7537f70690.js.gz
2024-02-20T21:48:06.6713981Z Coverage report generated for RSpec to /home/runner/work/human-essentials/human-essentials/coverage. 329 / 10166 LOC (3.24%) covered.
2024-02-20T21:48:06.7484407Z ##[group]Run RUBYOPT='-W:no-deprecated -W:no-experimental' bin/knapsack_pro_rspec
2024-02-20T21:48:06.7485377Z [36;1mRUBYOPT='-W:no-deprecated -W:no-experimental' bin/knapsack_pro_rspec[0m
2024-02-20T21:48:06.7514712Z shell: /usr/bin/bash -e {0}
2024-02-20T21:48:06.7515250Z env:
2024-02-20T21:48:06.7515869Z   POSTGRES_HOST: localhost
2024-02-20T21:48:06.7516472Z   DATABASE_HOST: localhost
2024-02-20T21:48:06.7517004Z   PG_USERNAME: postgres
2024-02-20T21:48:06.7517700Z   PG_PASSWORD: password
2024-02-20T21:48:06.7518273Z   POSTGRES_HOST_AUTH_METHOD: trust
2024-02-20T21:48:06.7518920Z   POSTGRES_PORT: 5432
2024-02-20T21:48:06.7519532Z   PGHOST: localhost
2024-02-20T21:48:06.7520011Z   PGUSER: postgres
2024-02-20T21:48:06.7520531Z   RAILS_ENV: test
2024-02-20T21:48:06.7521161Z   KNAPSACK_PRO_TEST_SUITE_TOKEN_RSPEC: 
2024-02-20T21:48:06.7521719Z   KNAPSACK_PRO_CI_NODE_TOTAL: 6
2024-02-20T21:48:06.7522189Z   KNAPSACK_PRO_CI_NODE_INDEX: 1
2024-02-20T21:48:06.7522742Z   KNAPSACK_PRO_RSPEC_SPLIT_BY_TEST_EXAMPLES: true
2024-02-20T21:48:06.7523211Z   KNAPSACK_PRO_LOG_LEVEL: info
2024-02-20T21:48:06.7523902Z   KNAPSACK_PRO_TEST_FILE_PATTERN: {spec/system/**{,/*/**}/*_spec.rb,spec/requests/**{,/*/**}/*_spec.rb}
2024-02-20T21:48:06.7524556Z   EVENTS_READ: true
2024-02-20T21:48:06.7524858Z ##[endgroup]
2024-02-20T21:48:12.4693305Z W, [2024-02-20T21:48:12.469010 #2415]  WARN -- : [knapsack_pro] GET https://api-disabled-for-fork.knapsackpro.com/v1/build_distributions/last
2024-02-20T21:48:12.4695305Z W, [2024-02-20T21:48:12.469062 #2415]  WARN -- : [knapsack_pro] Request failed due to:
2024-02-20T21:48:12.4697459Z W, [2024-02-20T21:48:12.469078 #2415]  WARN -- : [knapsack_pro] #<SocketError: Failed to open TCP connection to api-disabled-for-fork.knapsackpro.com:443 (getaddrinfo: Name or service not known)>
2024-02-20T21:48:12.4701801Z W, [2024-02-20T21:48:12.469100 #2415]  WARN -- : [knapsack_pro] Slow test files fallback behaviour started. We could not connect with Knapsack Pro API to fetch last CI build test files that are needed to determine slow test files. No test files will be split by test cases. It means all test files will be split by the whole test files as if split by test cases would be disabled https://knapsackpro.com/perma/ruby/split-by-test-examples
2024-02-20T21:48:16.4673941Z W, [2024-02-20T21:48:16.467092 #2415]  WARN -- : [knapsack_pro] POST https://api-disabled-for-fork.knapsackpro.com/v1/build_distributions/subset
2024-02-20T21:48:16.4675278Z W, [2024-02-20T21:48:16.467133 #2415]  WARN -- : [knapsack_pro] Request failed due to:
2024-02-20T21:48:16.4676865Z W, [2024-02-20T21:48:16.467147 #2415]  WARN -- : [knapsack_pro] #<SocketError: Failed to open TCP connection to api-disabled-for-fork.knapsackpro.com:443 (getaddrinfo: Name or service not known)>
2024-02-20T21:48:16.4679459Z W, [2024-02-20T21:48:16.467186 #2415]  WARN -- : [knapsack_pro] Fallback mode started. We could not connect with Knapsack Pro API. Your tests will be executed based on directory names. Read more about fallback mode at https://knapsackpro.com/perma/ruby/fallback-mode
2024-02-20T21:48:16.4734319Z /opt/hostedtoolcache/Ruby/3.2.2/x64/bin/ruby -I/home/runner/work/human-essentials/human-essentials/vendor/bundle/ruby/3.2.0/gems/rspec-core-3.12.2/lib:/home/runner/work/human-essentials/human-essentials/vendor/bundle/ruby/3.2.0/gems/rspec-support-3.12.1/lib /home/runner/work/human-essentials/human-essentials/vendor/bundle/ruby/3.2.0/gems/rspec-core-3.12.2/exe/rspec  --format documentation --format KnapsackPro::Formatters::TimeTracker --default-path spec "spec/requests/adjustments_requests_spec.rb" "spec/requests/admin/partners_requests_spec.rb" "spec/requests/barcode_items_requests_spec.rb" "spec/requests/donations_requests_spec.rb" "spec/requests/partners/dashboard_requests_spec.rb" "spec/requests/partners/requests_spec.rb" "spec/requests/purchases_requests_spec.rb" "spec/requests/transfers_requests_spec.rb" "spec/system/adjustment_system_spec.rb" "spec/system/admin/users_system_spec.rb" "spec/system/distribution_system_spec.rb" "spec/system/layout_system_spec.rb" "spec/system/partner_system_spec.rb" "spec/system/partners/partner_distribution_system_spec.rb" "spec/system/question_system_spec.rb"
2024-02-20T21:48:24.7592568Z 
2024-02-20T21:48:24.7593377Z Randomized with seed 51691
2024-02-20T21:48:25.7147768Z 
2024-02-20T21:48:25.7148639Z Question search
2024-02-20T21:48:25.7149903Z   while logged in
2024-02-20T21:48:40.6186602Z     filters by question title
2024-02-20T21:48:40.6187442Z 
2024-02-20T21:48:40.6187739Z Admin Users Management
2024-02-20T21:48:40.6188814Z   While signed in as an Administrative User (super admin)
2024-02-20T21:48:41.9413466Z     adds a role
2024-02-20T21:48:42.4224406Z     filters users by email
2024-02-20T21:48:43.2049036Z     deletes an existing user
2024-02-20T21:48:44.2271639Z     filters users by name
2024-02-20T21:48:45.2736840Z     edits an existing user
2024-02-20T21:48:46.3726593Z     creates an user
2024-02-20T21:48:46.3727236Z 
2024-02-20T21:48:46.3727571Z Admin::Partners
2024-02-20T21:48:46.3728800Z   When logged in as a super admin
2024-02-20T21:48:46.3730300Z     GET #index
2024-02-20T21:48:46.4097534Z       returns http success
2024-02-20T21:48:46.4098014Z     GET #show
2024-02-20T21:48:46.4584344Z       returns http success
2024-02-20T21:48:46.4585055Z     GET #edit
2024-02-20T21:48:46.5080619Z       returns http success
2024-02-20T21:48:46.5081498Z     PUT #update
2024-02-20T21:48:46.5083962Z       successful save
2024-02-20T21:48:46.5476420Z         updates partner
2024-02-20T21:48:46.5823474Z         redirects
2024-02-20T21:48:46.5824180Z       unsuccessful save due to empty params
2024-02-20T21:48:46.6345533Z         renders #edit template with error message
2024-02-20T21:48:46.6347153Z 
2024-02-20T21:48:46.6347521Z Partner management
2024-02-20T21:48:46.6350060Z   one step inviting a partner
2024-02-20T21:48:46.6351338Z     when one step partner invite setting is off
2024-02-20T21:48:47.1351294Z       does not show invite and approve button
2024-02-20T21:48:47.1352483Z     when partner is uninvited and one step partner invite setting is on
2024-02-20T21:48:47.6019708Z Modal window with text `One step invite and approve Leslie Sue, the 7 to begin using the partner application?` has been opened, but you didn't wrap your code into (`accept_prompt` | `dismiss_prompt` | `accept_confirm` | `dismiss_confirm` | `accept_alert`), accepting by default
2024-02-20T21:48:47.9812461Z       shows Invite and Approve button and approves the partner when clicked
2024-02-20T21:48:47.9813440Z   #index
2024-02-20T21:48:48.6114753Z     displays the partner agency names in alphabetical order
2024-02-20T21:48:49.1862361Z     shows invite button only for unapproved partners
2024-02-20T21:48:50.2980277Z     allows a user to invite a partner
2024-02-20T21:48:50.2981116Z     when exporting as CSV
2024-02-20T21:48:50.2981952Z       when filtering
2024-02-20T21:48:51.2995895Z         preserves the filter constraints in the CSV output
2024-02-20T21:48:51.2996720Z     when filtering
2024-02-20T21:48:52.1387683Z       allows the user to click on one of the statuses at the top to filter the results
2024-02-20T21:48:52.1389253Z   requesting recertification of a partner
2024-02-20T21:48:52.1390067Z     GIVEN a user goes through the process of requesting recertification of partner
2024-02-20T21:48:52.9293374Z       should notify the user that its been successful and change the partner status
2024-02-20T21:48:52.9294455Z   #approve_partner
2024-02-20T21:48:52.9295102Z     when partner has :awaiting_review status
2024-02-20T21:48:53.7693796Z       is expected to have visible link or button "Approve Partner"
2024-02-20T21:48:53.7695038Z     when viewing a partner's users
2024-02-20T21:48:54.3010726Z       can show users of a partner
2024-02-20T21:48:54.3011514Z     when partner has :invited status
2024-02-20T21:48:55.1341287Z       is expected to have visible link or button "Approve Partner"
2024-02-20T21:48:55.1342371Z   changing partner group association
2024-02-20T21:48:55.1343422Z     when the partner has no partner group
2024-02-20T21:48:55.6314317Z       it should say they can request every item
2024-02-20T21:48:55.6315430Z     when a partner is assigned to partner group
2024-02-20T21:48:55.6316251Z       that has no requestable item categories
2024-02-20T21:48:56.7387624Z         should properly indicate the requestable items and adjust the partners requestable items
2024-02-20T21:48:56.7388984Z       that has requestable item categories
2024-02-20T21:48:57.8454616Z         should properly indicate the requestable items and adjust the partners requestable items
2024-02-20T21:48:57.8455920Z   adding a new partner and inviting them
2024-02-20T21:48:57.8456732Z     when adding a partner incorrectly
2024-02-20T21:48:58.9165136Z       should have not added a new partner and indicate the failure
2024-02-20T21:48:58.9166208Z     when adding & inviting a partner successfully
2024-02-20T21:49:00.3912705Z       should have added the partner and invited them
2024-02-20T21:49:00.3913409Z   partner group management
2024-02-20T21:49:00.3914606Z     creating a new partner group
2024-02-20T21:49:01.7765862Z       should allow creating a new partner group with item categories
2024-02-20T21:49:01.7767043Z     editing a existing partner group
2024-02-20T21:49:05.2716730Z       should allow updating the partner name
2024-02-20T21:49:05.2717596Z   #edit
2024-02-20T21:49:06.0541921Z     prevents a user from updating a partner with empty name
2024-02-20T21:49:06.9000241Z     User can update a partner
2024-02-20T21:49:07.8520232Z     User can uncheck send_reminders
2024-02-20T21:49:07.8521235Z   #show
2024-02-20T21:49:07.8522042Z     when viewing an uninvited partner
2024-02-20T21:49:08.3773974Z       only has an edit option available
2024-02-20T21:49:08.3774901Z     when viewing a deactivated partner
2024-02-20T21:49:08.8797726Z       allows reactivation
2024-02-20T21:49:08.8798434Z     when exporting as CSV
2024-02-20T21:49:08.8798975Z       when filtering
2024-02-20T21:49:09.8455862Z         preserves the filter constraints in the CSV output
2024-02-20T21:49:09.8456835Z     when viewing an invited partner as a partner
2024-02-20T21:49:10.4452412Z       redirects user to partners page root page (dashboard) with error message
2024-02-20T21:49:10.4453422Z   #new
2024-02-20T21:49:11.3908176Z     User can add a new partner
2024-02-20T21:49:12.1369231Z     disallows a user from creating a new partner with empty name
2024-02-20T21:49:12.5922799Z     should not display inactive storage locations in dropdown
2024-02-20T21:49:12.5923525Z   approving a partner that is awaiting approval
2024-02-20T21:49:12.5925709Z     when the approval succeeds
2024-02-20T21:49:13.7947236Z       should approve the partner
2024-02-20T21:49:13.7948026Z     when the approval does not succeed
2024-02-20T21:49:14.8440322Z       should show an error message and not approve the partner
2024-02-20T21:49:14.8441423Z 
2024-02-20T21:49:14.8441650Z Adjustments
2024-02-20T21:49:14.8443128Z   while signed in
2024-02-20T21:49:14.8444654Z     POST #create
2024-02-20T21:49:14.8445719Z       with invalid params
2024-02-20T21:49:14.8994326Z         re-renders the 'new' template
2024-02-20T21:49:14.9384501Z         assigns a newly created but unsaved adjustment as @adjustment
2024-02-20T21:49:14.9385566Z       with valid params
2024-02-20T21:49:14.9737904Z         assigns a newly created adjustment as @adjustment
2024-02-20T21:49:15.0049427Z         creates a new Adjustment
2024-02-20T21:49:15.0366044Z         redirects to the #show after created adjustment
2024-02-20T21:49:15.0645575Z         assigns a user id from the current user
2024-02-20T21:49:15.0647214Z     GET #show
2024-02-20T21:49:15.1023847Z       is expected to be successful
2024-02-20T21:49:15.1026024Z     GET #index
2024-02-20T21:49:15.1027135Z       csv
2024-02-20T21:49:15.1274607Z         is expected to be successful
2024-02-20T21:49:15.1275752Z       html
2024-02-20T21:49:15.1708861Z         is successful
2024-02-20T21:49:15.1709813Z         when filtering by date
2024-02-20T21:49:15.1711250Z           when date parameters are not supplied
2024-02-20T21:49:15.2240173Z             returns all objects
2024-02-20T21:49:15.2241350Z           when date parameters are supplied
2024-02-20T21:49:15.2773228Z             only returns the correct objects
2024-02-20T21:49:15.2774359Z     GET #new
2024-02-20T21:49:15.3163453Z       is successful
2024-02-20T21:49:15.3164874Z 
2024-02-20T21:49:15.3165200Z Purchases
2024-02-20T21:49:15.3166490Z   While signed in as an organizational admin
2024-02-20T21:49:15.3167416Z     DELETE #destroy
2024-02-20T21:49:15.3733992Z       redirects to the index
2024-02-20T21:49:15.4766860Z       decreases storage location inventory
2024-02-20T21:49:15.5135951Z       displays the proper flash notice
2024-02-20T21:49:15.5514142Z       deletes a purchase
2024-02-20T21:49:15.5514857Z   While signed in as a user >
2024-02-20T21:49:15.5516277Z     GET #index
2024-02-20T21:49:15.5517516Z       csv
2024-02-20T21:49:15.5841116Z         is expected to be successful
2024-02-20T21:49:15.5841902Z       html
2024-02-20T21:49:15.6293715Z         is expected to be successful
2024-02-20T21:49:15.6294543Z     GET #edit
2024-02-20T21:49:15.7020167Z       returns http success
2024-02-20T21:49:15.7579091Z       storage location is correct
2024-02-20T21:49:15.7580145Z       when an finalized audit has been performed on the purchased items
2024-02-20T21:49:15.9052767Z         shows a warning
2024-02-20T21:49:15.9054053Z       when non-finalized audit has been performed on the purchased items
2024-02-20T21:49:16.0458597Z         does not show a warning
2024-02-20T21:49:16.0459771Z       when no audit has been performed
2024-02-20T21:49:16.1572389Z         does not show a warning
2024-02-20T21:49:16.1573697Z     POST#create
2024-02-20T21:49:16.1574366Z       on failure
2024-02-20T21:49:16.2068896Z         renders GET#new with error
2024-02-20T21:49:16.2069951Z       on success
2024-02-20T21:49:16.2529586Z         redirects to GET#edit
2024-02-20T21:49:16.2979514Z         accepts :amount_spent_in_cents with dollar signs, commas, and periods
2024-02-20T21:49:16.3535659Z         storage location defaults to organizations storage location
2024-02-20T21:49:16.3536883Z     PUT#update
2024-02-20T21:49:16.4786809Z       updates storage quantity correctly
2024-02-20T21:49:16.5166524Z       redirects to index after update
2024-02-20T21:49:16.5167486Z       when removing a line item
2024-02-20T21:49:16.6295342Z         updates storage invetory item quantity correctly
2024-02-20T21:49:16.6296260Z       when changing storage location
2024-02-20T21:49:16.6336836Z         rollsback updates if quantity would go below 0
2024-02-20T21:49:16.7512252Z         updates storage quantity correctly
2024-02-20T21:49:16.7513412Z     GET #show
2024-02-20T21:49:16.7901899Z       returns http success
2024-02-20T21:49:16.7902728Z     DELETE #destroy
2024-02-20T21:49:16.8148131Z       does not delete a purchase
2024-02-20T21:49:16.8357828Z       redirects to the dashboard
2024-02-20T21:49:16.8358579Z     GET #new
2024-02-20T21:49:16.8819191Z       is expected to be successful
2024-02-20T21:49:16.8819831Z 
2024-02-20T21:49:16.8820139Z Transfers
2024-02-20T21:49:16.8821445Z   While signed in
2024-02-20T21:49:16.8823441Z     Looking at a different organization
2024-02-20T21:49:17.0734974Z       redirects the user to the sign-in page for CRUD actions
2024-02-20T21:49:17.0735795Z     GET #show
2024-02-20T21:49:17.1182218Z       returns http success
2024-02-20T21:49:17.1183292Z     GET #new
2024-02-20T21:49:17.1584160Z       returns http success
2024-02-20T21:49:17.1585200Z     DELETE #destroy
2024-02-20T21:49:17.1586333Z       when the transfer destroy service was not successful
2024-02-20T21:49:17.1821507Z         should set a error flash with the error message and redirect to index
2024-02-20T21:49:17.1822951Z       when the transfer destroy service was successful
2024-02-20T21:49:17.2047850Z         should set a notice flash with the success message and redirect to index
2024-02-20T21:49:17.2049099Z     GET #index
2024-02-20T21:49:17.2049702Z       html
2024-02-20T21:49:17.2383260Z         is expected to be successful
2024-02-20T21:49:17.2384091Z         when filtering by date
2024-02-20T21:49:17.2384813Z           when date parameters are supplied
2024-02-20T21:49:17.2936693Z             only returns the correct obejects
2024-02-20T21:49:17.2937601Z           when date parameters are not supplied
2024-02-20T21:49:17.3485537Z             returns all objects
2024-02-20T21:49:17.3486368Z       csv
2024-02-20T21:49:17.3643849Z         is expected to be successful
2024-02-20T21:49:17.3644868Z     POST #create
2024-02-20T21:49:17.4094134Z       redirects to #index when successful
2024-02-20T21:49:17.4502279Z       renders to #new when failing
2024-02-20T21:49:17.4503403Z   While not signed in
2024-02-20T21:49:17.4648482Z     redirects the user to the sign-in page for CRUD actions
2024-02-20T21:49:17.4649185Z 
2024-02-20T21:49:17.4649411Z /partners/dashboard
2024-02-20T21:49:17.5652916Z   displays upcoming distributions
2024-02-20T21:49:17.5653766Z   with just partner role
2024-02-20T21:49:17.6173827Z     should not display the switch link
2024-02-20T21:49:17.6174874Z   GET #index
2024-02-20T21:49:17.6963343Z     displays requests that are pending
2024-02-20T21:49:17.7666885Z     does not display requests in other states
2024-02-20T21:49:17.7667778Z   BroadcastAnnouncement card
2024-02-20T21:49:17.8254578Z     displays announcements if there are valid ones
2024-02-20T21:49:17.8770050Z     doesn't display announcements from super admins
2024-02-20T21:49:17.9289173Z     doesn't display announcements if there are not valid ones
2024-02-20T21:49:17.9290303Z   with both roles
2024-02-20T21:49:17.9848673Z     should include the switch link
2024-02-20T21:49:17.9849297Z 
2024-02-20T21:49:17.9849530Z Partner Distributions
2024-02-20T21:49:17.9850732Z   Distributions
2024-02-20T21:49:18.5937379Z     displays upcoming distributions
2024-02-20T21:49:19.2024179Z     displays prior distributions
2024-02-20T21:49:19.2025208Z 
2024-02-20T21:49:19.2025545Z BarcodeItems
2024-02-20T21:49:19.2027181Z   While signed in
2024-02-20T21:49:19.2029614Z     GET #index
2024-02-20T21:49:19.2030538Z       html
2024-02-20T21:49:19.2515903Z         is expected to be successful
2024-02-20T21:49:19.2516677Z       csv
2024-02-20T21:49:19.2775170Z         is expected to be successful
2024-02-20T21:49:19.2775999Z     GET #find
2024-02-20T21:49:19.2776791Z       via ajax
2024-02-20T21:49:19.4846500Z         can find a barcode that's universally available
2024-02-20T21:49:19.6983071Z         can find a barcode that is scoped to just this organization
2024-02-20T21:49:19.6984578Z         when it's missing
2024-02-20T21:49:19.9012807Z           returns a 404
2024-02-20T21:49:19.9013907Z     Looking at a different organization
2024-02-20T21:49:20.0827130Z       redirects the user to the sign-in page for CRUD actions
2024-02-20T21:49:20.0828261Z     GET #show
2024-02-20T21:49:20.0829374Z       with a global barcode item
2024-02-20T21:49:20.1156052Z         returns a 404
2024-02-20T21:49:20.1156751Z       with a normal barcode item
2024-02-20T21:49:20.1530176Z         returns http success
2024-02-20T21:49:20.1530876Z     DELETE #destroy
2024-02-20T21:49:20.1863322Z       redirects to the index
2024-02-20T21:49:20.2054575Z       disallows a non-superadmin to delete a global barcode
2024-02-20T21:49:20.4104122Z       disallows a user to delete someone else's barcode
2024-02-20T21:49:20.4105573Z     GET #edit
2024-02-20T21:49:20.4106060Z       with a normal barcode item
2024-02-20T21:49:20.4497351Z         returns http success
2024-02-20T21:49:20.4498587Z       with a global barcode item
2024-02-20T21:49:20.4779977Z         returns a 404
2024-02-20T21:49:20.4780897Z     GET #new
2024-02-20T21:49:20.5068678Z       returns http success
2024-02-20T21:49:20.5069473Z 
2024-02-20T21:49:20.5069814Z Layout
2024-02-20T21:49:20.5071207Z   Body CSS Data
2024-02-20T21:49:21.3205268Z     sets the ID to the controller and the class to the action
2024-02-20T21:49:21.3205988Z 
2024-02-20T21:49:21.3206455Z /partners/requests
2024-02-20T21:49:21.3208156Z   GET #show
2024-02-20T21:49:21.3965527Z     should give a 404 error if forbidden
2024-02-20T21:49:21.4497424Z     should render without any issues
2024-02-20T21:49:21.4985766Z     should give a 404 error if not found
2024-02-20T21:49:21.4986676Z   GET #new
2024-02-20T21:49:21.5560011Z     should render without any issues
2024-02-20T21:49:21.5560982Z   POST #create
2024-02-20T21:49:21.5561662Z     when given invalid parameters
2024-02-20T21:49:21.6103282Z       should not redirect
2024-02-20T21:49:21.6104193Z     when given valid parameters
2024-02-20T21:49:21.6622339Z       should redirect to the show page
2024-02-20T21:49:21.6623296Z   GET #index
2024-02-20T21:49:21.7073711Z     should render without any issues
2024-02-20T21:49:21.7640938Z     should display total count of items in partner request
2024-02-20T21:49:21.7642846Z 
2024-02-20T21:49:21.7643211Z Adjustment management
2024-02-20T21:49:22.7530121Z   can filter the #index by user
2024-02-20T21:49:23.6101658Z   can filter the #index by storage location
2024-02-20T21:49:24.1130916Z   should not display inactive storage locations in dropdown
2024-02-20T21:49:24.1131643Z   behaves like Date Range Picker
2024-02-20T21:49:24.1132536Z     when choosing a date range that only includes the previous week
2024-02-20T21:49:25.1341740Z       shows only 1 record
2024-02-20T21:49:25.1342822Z     when choosing 'All Time'
2024-02-20T21:49:26.1064376Z       shows all the records
2024-02-20T21:49:26.1065589Z     when choosing 'Last Month'
2024-02-20T21:49:27.0713572Z       shows only 2 of the records
2024-02-20T21:49:27.0714520Z   With a new adjustment
2024-02-20T21:49:27.5811675Z     should not display inactive storage locations in dropdown
2024-02-20T21:49:27.5812875Z     with a storage location that has inventory
2024-02-20T21:49:29.2667570Z       politely informs the user that they're adjusting way too hard
2024-02-20T21:49:30.4236332Z       can subtract an inventory adjustment at a storage location
2024-02-20T21:49:32.4861069Z       politely informs the user if they try to adjust down below zero, even if they use multiple adjustments to do so
2024-02-20T21:49:33.6509399Z       can add an inventory adjustment at a storage location
2024-02-20T21:49:35.0395243Z       Does not include inactive items in the line item fields
2024-02-20T21:49:35.0396410Z     with a storage location that is bare
2024-02-20T21:49:36.1887885Z       allows you to choose items that do not yet exist
2024-02-20T21:49:36.1888653Z 
2024-02-20T21:49:36.1888977Z Donations
2024-02-20T21:49:36.1892518Z   while signed in
2024-02-20T21:49:36.1893499Z     GET #edit
2024-02-20T21:49:36.1894520Z       when an finalized audit has been performed on the donated items
2024-02-20T21:49:36.3355587Z         shows a warning
2024-02-20T21:49:36.3356348Z     when no audit has been performed
2024-02-20T21:49:36.4456099Z       doesn't show a warning
2024-02-20T21:49:36.4457131Z     GET #index
2024-02-20T21:49:36.4457695Z       html
2024-02-20T21:49:36.4974282Z         is expected to be successful
2024-02-20T21:49:36.4975277Z       csv
2024-02-20T21:49:36.5258857Z         is expected to be successful
2024-02-20T21:49:36.5260138Z     when an non-finalized audit has been performed on the donated items
2024-02-20T21:49:36.6747975Z       does not shows a warning
2024-02-20T21:49:36.6748970Z 
2024-02-20T21:49:36.6749453Z Distributions
2024-02-20T21:49:37.4018321Z   errors if user does not fill storage_location
2024-02-20T21:49:39.3361343Z   allows completion of corrected distribution with depleted inventory item
2024-02-20T21:49:39.3362597Z   With an existing distribution
2024-02-20T21:49:40.8117698Z     disallows the user from changing the quantity above the inventory quantity
2024-02-20T21:49:42.1266488Z     the user can make changes
2024-02-20T21:49:43.1149508Z     the user can reclaim it
2024-02-20T21:49:44.6451716Z     sends an email if reminders are enabled
2024-02-20T21:49:45.9497543Z     allows the user can change the issued_at date
2024-02-20T21:49:45.9498572Z     when delivery method is shipped and shipping cost is none negative
2024-02-20T21:49:47.2335243Z       should update distribution and display shipping_cost field
2024-02-20T21:49:47.2336189Z     when one of the items has been 'deleted'
2024-02-20T21:49:48.2274124Z       the user can still reclaim it and it reactivates the item
2024-02-20T21:49:48.2275210Z     when delivery method is not shipped
2024-02-20T21:49:51.1740134Z       should not display shipping_cost field
2024-02-20T21:49:51.1741064Z   When creating a distribution from a request
2024-02-20T21:49:52.4220192Z     sets the distribution id and fulfilled status on the request
2024-02-20T21:49:53.7899363Z     maintains the connection with the request even when there are initial errors
2024-02-20T21:49:53.7900227Z   via barcode entry
2024-02-20T21:49:54.5980647Z     allows users to add items via scanning them in by barcode
2024-02-20T21:49:56.0374446Z     a user can add items that do not yet have a barcode
2024-02-20T21:49:56.0375461Z   When going to the Pick Ups & Deliveries page
2024-02-20T21:49:56.7723794Z     appears distribution in calendar with correct time & timezone
2024-02-20T21:49:56.7724883Z   When showing a individual distribution
2024-02-20T21:49:57.3901026Z     Show partner name in title
2024-02-20T21:49:57.3901802Z   When creating a distribution from a donation
2024-02-20T21:49:58.6650698Z     completes successfully
2024-02-20T21:49:58.6651724Z     when editing that distribution
2024-02-20T21:50:00.9661895Z       User creates a distribution from a donation then tries to make the quantity too big
2024-02-20T21:50:03.1023100Z       User creates duplicate line items (FAILED - 1)
2024-02-20T21:50:03.1024724Z   [0;33mHTML screenshot: /home/runner/work/human-essentials/human-essentials/tmp/screenshots/screenshot_User-creates-duplicate-line-items_2024-02-20-13-50-02.958.html[0m
2024-02-20T21:50:03.1027407Z   [0;33mImage screenshot: /home/runner/work/human-essentials/human-essentials/tmp/screenshots/screenshot_User-creates-duplicate-line-items_2024-02-20-13-50-02.958.png[0m
2024-02-20T21:50:05.5065022Z       User creates a distribution from a donation then edits it
2024-02-20T21:50:05.5066282Z   When creating a distribution and items have value
2024-02-20T21:50:06.3137145Z     the user sees total value on index page
2024-02-20T21:50:07.3672078Z     the user sees value per item on show page
2024-02-20T21:50:08.1971555Z     the user sees value in row on index page
2024-02-20T21:50:09.2291071Z     the user sees total value on show page
2024-02-20T21:50:09.2292012Z   when filtering on the index page
2024-02-20T21:50:10.5190894Z     filters by item category id
2024-02-20T21:50:11.0825795Z     should not display inactive storage locations in dropdown
2024-02-20T21:50:12.1951079Z     filters by state
2024-02-20T21:50:13.4826025Z     filters by item id
2024-02-20T21:50:14.3992765Z     filters by partner
2024-02-20T21:50:14.3993689Z     behaves like Date Range Picker
2024-02-20T21:50:14.3994675Z       when choosing a date range that only includes the previous week
2024-02-20T21:50:15.4365978Z         shows only 1 record
2024-02-20T21:50:15.4366897Z       when choosing 'Last Month'
2024-02-20T21:50:16.5098136Z         shows only 2 of the records
2024-02-20T21:50:16.5099321Z       when choosing 'All Time'
2024-02-20T21:50:17.6202008Z         shows all the records
2024-02-20T21:50:17.6202852Z   When attempting to edit a distribution
2024-02-20T21:50:17.6204458Z     after the distribution issued_at has passed or it has been marked complete
2024-02-20T21:50:18.3370934Z       does not contain a Edit button
2024-02-20T21:50:19.3634776Z       cannot be accessed directly
2024-02-20T21:50:19.3635980Z     when logged as Admin
2024-02-20T21:50:20.3234041Z       can click on Edit button and a warning appears
2024-02-20T21:50:21.0393482Z       can be accessed directly
2024-02-20T21:50:21.0394519Z   When creating a new distribution manually
2024-02-20T21:50:21.7862905Z     should not display inactive storage locations in dropdown
2024-02-20T21:50:22.4988550Z     Displays a complete form after validation errors
2024-02-20T21:50:22.4990256Z     when the quantity is lower than the on hand minimum quantity
2024-02-20T21:50:23.3403387Z       should display an error
2024-02-20T21:50:23.3404537Z     when the quantity is lower than the on hand recommended quantity
2024-02-20T21:50:24.1835444Z       should display an alert
2024-02-20T21:50:24.1836390Z     when there is a default storage location
2024-02-20T21:50:24.7338377Z       automatically selects the default storage location
2024-02-20T21:50:24.7339621Z     when there is insufficient inventory to fulfill the Distribution
2024-02-20T21:50:25.7025159Z       gracefully handles the error
2024-02-20T21:50:25.7026343Z     when the delivery_method is shipped and shipping cost is none-negative
2024-02-20T21:50:26.6395404Z       Allows a distribution to be created
2024-02-20T21:50:26.6396463Z     when the delivery_method is not shipped
2024-02-20T21:50:29.5560546Z       Allows a distribution to be created and shipping cost field not visible
2024-02-20T21:50:29.5840887Z W, [2024-02-20T13:50:29.583709 #2465]  WARN -- : [knapsack_pro] POST https://api-disabled-for-fork.knapsackpro.com/v1/build_subsets
2024-02-20T21:50:29.5858122Z W, [2024-02-20T13:50:29.583779 #2465]  WARN -- : [knapsack_pro] Request failed due to:
2024-02-20T21:50:29.5861923Z W, [2024-02-20T13:50:29.583802 #2465]  WARN -- : [knapsack_pro] #<SocketError: Failed to open TCP connection to api-disabled-for-fork.knapsackpro.com:443 (getaddrinfo: Name or service not known)>
2024-02-20T21:50:29.5864683Z W, [2024-02-20T13:50:29.583839 #2465]  WARN -- : [knapsack_pro] Time execution report was not saved on Knapsack Pro API server due to connection problem.
2024-02-20T21:50:29.6578893Z 
2024-02-20T21:50:29.6579584Z Deprecation Warnings:
2024-02-20T21:50:29.6580567Z 
2024-02-20T21:50:29.6580930Z Failures:
2024-02-20T21:50:29.6581350Z 
2024-02-20T21:50:29.6583155Z   1) Distributions When creating a distribution from a donation when editing that distribution User creates duplicate line items
2024-02-20T21:50:29.6585828Z      Failure/Error: first_field.find("option[value='#{item.id}']").select_option
2024-02-20T21:50:29.6588856Z 
2024-02-20T21:50:29.6593078Z Using `should` from rspec-expectations' old `:should` syntax without explicitly enabling the syntax is deprecated. Use the new `:expect` syntax or explicitly enable `:should` with `config.expect_with(:rspec) { |c| c.syntax = :should }` instead. Called from /home/runner/work/human-essentials/human-essentials/spec/system/partner_system_spec.rb:140:in `block (5 levels) in <top (required)>'.
2024-02-20T21:50:29.6597070Z 
2024-02-20T21:50:29.6597094Z 
2024-02-20T21:50:29.6597588Z If you need more of the backtrace for any of these deprecations to
2024-02-20T21:50:29.6598756Z identify where to make the necessary changes, you can configure
2024-02-20T21:50:29.6599820Z `config.raise_errors_for_deprecations!`, and it will turn the
2024-02-20T21:50:29.6600863Z deprecation warnings into errors, giving you the full backtrace.
2024-02-20T21:50:29.6605022Z 
2024-02-20T21:50:29.6605333Z      Ferrum::JavaScriptError:
2024-02-20T21:50:29.6606434Z        TypeError: Cannot read properties of null (reading 'dispatchEvent')
2024-02-20T21:50:29.6607689Z            at Cuprite.trigger (<anonymous>:412:10)
2024-02-20T21:50:29.6608535Z            at Cuprite.select (<anonymous>:359:12)
2024-02-20T21:50:29.6609328Z            at HTMLOptionElement.<anonymous> (<anonymous>:1:31)
2024-02-20T21:50:29.6609919Z 
2024-02-20T21:50:29.6612120Z      [Screenshot Image]: /home/runner/work/human-essentials/human-essentials/tmp/screenshots/failures_r_spec_example_groups_distributions_when_creating_a_distribution_from_a_donation_when_editing_that_distribution_user_creates_duplicate_line_items_92.png
2024-02-20T21:50:29.6614625Z 
2024-02-20T21:50:29.6614632Z 
2024-02-20T21:50:29.6615215Z      # ./spec/system/distribution_system_spec.rb:430:in `block (4 levels) in <top (required)>'
2024-02-20T21:50:29.6616062Z 
2024-02-20T21:50:29.6616274Z 1 deprecation warning total
2024-02-20T21:50:29.6616799Z 
2024-02-20T21:50:29.6617427Z Finished in 2 minutes 4.8 seconds (files took 8.06 seconds to load)
2024-02-20T21:50:29.6618310Z 186 examples, 1 failure
2024-02-20T21:50:29.6618633Z 
2024-02-20T21:50:29.6618892Z Failed examples:
2024-02-20T21:50:29.6619264Z 
2024-02-20T21:50:29.6620577Z rspec ./spec/system/distribution_system_spec.rb:427 # Distributions When creating a distribution from a donation when editing that distribution User creates duplicate line items
2024-02-20T21:50:29.6622048Z 
2024-02-20T21:50:29.6622301Z Randomized with seed 51691
2024-02-20T21:50:29.6622679Z 
2024-02-20T21:50:29.9619577Z Stopped processing SimpleCov as a previous error not related to SimpleCov has been detected
2024-02-20T21:50:29.9622360Z Coverage report generated for RSpec to /home/runner/work/human-essentials/human-essentials/coverage. 3984 / 6403 LOC (62.22%) covered.
2024-02-20T21:50:30.0860160Z /opt/hostedtoolcache/Ruby/3.2.2/x64/bin/ruby -I/home/runner/work/human-essentials/human-essentials/vendor/bundle/ruby/3.2.0/gems/rspec-core-3.12.2/lib:/home/runner/work/human-essentials/human-essentials/vendor/bundle/ruby/3.2.0/gems/rspec-support-3.12.1/lib /home/runner/work/human-essentials/human-essentials/vendor/bundle/ruby/3.2.0/gems/rspec-core-3.12.2/exe/rspec  --format documentation --format KnapsackPro::Formatters::TimeTracker --default-path spec "spec/requests/adjustments_requests_spec.rb" "spec/requests/admin/partners_requests_spec.rb" "spec/requests/barcode_items_requests_spec.rb" "spec/requests/donations_requests_spec.rb" "spec/requests/partners/dashboard_requests_spec.rb" "spec/requests/partners/requests_spec.rb" "spec/requests/purchases_requests_spec.rb" "spec/requests/transfers_requests_spec.rb" "spec/system/adjustment_system_spec.rb" "spec/system/admin/users_system_spec.rb" "spec/system/distribution_system_spec.rb" "spec/system/layout_system_spec.rb" "spec/system/partner_system_spec.rb" "spec/system/partners/partner_distribution_system_spec.rb" "spec/system/question_system_spec.rb" failed
2024-02-20T21:50:30.4880755Z Stopped processing SimpleCov as a previous error not related to SimpleCov has been detected
2024-02-20T21:50:30.4883049Z Coverage report generated for RSpec to /home/runner/work/human-essentials/human-essentials/coverage. 38 / 10651 LOC (0.36%) covered.
2024-02-20T21:50:30.5189343Z ##[error]Process completed with exit code 1.
2024-02-20T21:50:30.5476760Z ##[group]Run actions/upload-artifact@v2
2024-02-20T21:50:30.5477380Z with:
2024-02-20T21:50:30.5477767Z   name: failed-browser-tests
2024-02-20T21:50:30.5478275Z   path: tmp/capybara
2024-02-20T21:50:30.5478776Z   if-no-files-found: warn
2024-02-20T21:50:30.5479249Z ##[endgroup]
2024-02-20T21:50:30.6039493Z ##[warning]No files were found with the provided path: tmp/capybara. No artifacts will be uploaded.
2024-02-20T21:50:30.6127214Z Post job cleanup.
2024-02-20T21:50:30.7158664Z [command]/usr/bin/git version
2024-02-20T21:50:30.7217283Z git version 2.43.2
2024-02-20T21:50:30.7262078Z Temporarily overriding HOME='/home/runner/work/_temp/e2ed18ab-3602-4361-ae3c-a4de6d75fe1d' before making global git config changes
2024-02-20T21:50:30.7263871Z Adding repository directory to the temporary git global config as a safe directory
2024-02-20T21:50:30.7269215Z [command]/usr/bin/git config --global --add safe.directory /home/runner/work/human-essentials/human-essentials
2024-02-20T21:50:30.7319588Z [command]/usr/bin/git config --local --name-only --get-regexp core\.sshCommand
2024-02-20T21:50:30.7366011Z [command]/usr/bin/git submodule foreach --recursive sh -c "git config --local --name-only --get-regexp 'core\.sshCommand' && git config --local --unset-all 'core.sshCommand' || :"
2024-02-20T21:50:30.7624665Z [command]/usr/bin/git config --local --name-only --get-regexp http\.https\:\/\/github\.com\/\.extraheader
2024-02-20T21:50:30.7662388Z http.https://github.com/.extraheader
2024-02-20T21:50:30.7673816Z [command]/usr/bin/git config --local --unset-all http.https://github.com/.extraheader
2024-02-20T21:50:30.7719275Z [command]/usr/bin/git submodule foreach --recursive sh -c "git config --local --name-only --get-regexp 'http\.https\:\/\/github\.com\/\.extraheader' && git config --local --unset-all 'http.https://github.com/.extraheader' || :"
2024-02-20T21:50:30.8142110Z Print service container logs: c570aaf0785a4bc3a5467395f1b23ffa_postgres123_f64b8e
2024-02-20T21:50:30.8147364Z ##[command]/usr/bin/docker logs --details fa5b31e1e9deddd9b3ba63c55d70086c33827e4313f62e064b6fdd5863724878
2024-02-20T21:50:30.8275736Z  The files belonging to this database system will be owned by user "postgres".
2024-02-20T21:50:30.8276878Z  This user must also own the server process.
2024-02-20T21:50:30.8277545Z  
2024-02-20T21:50:30.8278146Z  The database cluster will be initialized with locale "en_US.utf8".
2024-02-20T21:50:30.8279140Z  The default database encoding has accordingly been set to "UTF8".
2024-02-20T21:50:30.8281628Z  initdb: warning: enabling "trust" authentication for local connections
2024-02-20T21:50:30.8282691Z  You can change this by editing pg_hba.conf or using the option -A, or
2024-02-20T21:50:30.8283632Z  --auth-local and --auth-host, the next time you run initdb.
2024-02-20T21:50:30.8284570Z  The default text search configuration will be set to "english".
2024-02-20T21:50:30.8285277Z  
2024-02-20T21:50:30.8285641Z  Data page checksums are disabled.
2024-02-20T21:50:30.8286137Z  
2024-02-20T21:50:30.8286735Z  fixing permissions on existing directory /var/lib/postgresql/data ... ok
2024-02-20T21:50:30.8287561Z  creating subdirectories ... ok
2024-02-20T21:50:30.8288124Z  selecting dynamic shared memory implementation ... posix
2024-02-20T21:50:30.8288578Z  selecting default max_connections ... 100
2024-02-20T21:50:30.8288958Z  selecting default shared_buffers ... 128MB
2024-02-20T21:50:30.8289322Z  selecting default time zone ... Etc/UTC
2024-02-20T21:50:30.8289675Z  creating configuration files ... ok
2024-02-20T21:50:30.8290010Z  running bootstrap script ... ok
2024-02-20T21:50:30.8290373Z  performing post-bootstrap initialization ... ok
2024-02-20T21:50:30.8290747Z  syncing data to disk ... ok
2024-02-20T21:50:30.8291015Z  
2024-02-20T21:50:30.8291202Z  
2024-02-20T21:50:30.8291480Z  Success. You can now start the database server using:
2024-02-20T21:50:30.8291858Z  
2024-02-20T21:50:30.8292130Z      pg_ctl -D /var/lib/postgresql/data -l logfile start
2024-02-20T21:50:30.8292494Z  
2024-02-20T21:50:30.8293312Z  waiting for server to start....2024-02-20 21:46:49.686 UTC [47] LOG:  starting PostgreSQL 12.3 (Debian 12.3-1.pgdg100+1) on x86_64-pc-linux-gnu, compiled by gcc (Debian 8.3.0-6) 8.3.0, 64-bit
2024-02-20T21:50:30.8294453Z  2024-02-20 21:46:49.686 UTC [47] LOG:  listening on Unix socket "/var/run/postgresql/.s.PGSQL.5432"
2024-02-20T21:50:30.8295212Z  2024-02-20 21:46:49.697 UTC [48] LOG:  database system was shut down at 2024-02-20 21:46:49 UTC
2024-02-20T21:50:30.8295924Z  2024-02-20 21:46:49.702 UTC [47] LOG:  database system is ready to accept connections
2024-02-20T21:50:30.8296507Z   done
2024-02-20T21:50:30.8296848Z  server started
2024-02-20T21:50:30.8297451Z  
2024-02-20T21:50:30.8298650Z  2024-02-20 21:46:49.889 UTC [1] LOG:  starting PostgreSQL 12.3 (Debian 12.3-1.pgdg100+1) on x86_64-pc-linux-gnu, compiled by gcc (Debian 8.3.0-6) 8.3.0, 64-bit
2024-02-20T21:50:30.8299663Z  2024-02-20 21:46:49.889 UTC [1] LOG:  listening on IPv4 address "0.0.0.0", port 5432
2024-02-20T21:50:30.8300296Z  2024-02-20 21:46:49.889 UTC [1] LOG:  listening on IPv6 address "::", port 5432
2024-02-20T21:50:30.8301002Z  2024-02-20 21:46:49.890 UTC [1] LOG:  listening on Unix socket "/var/run/postgresql/.s.PGSQL.5432"
2024-02-20T21:50:30.8301761Z  2024-02-20 21:46:49.901 UTC [56] LOG:  database system was shut down at 2024-02-20 21:46:49 UTC
2024-02-20T21:50:30.8302736Z  2024-02-20 21:46:49.905 UTC [1] LOG:  database system is ready to accept connections
2024-02-20T21:50:30.8303332Z  2024-02-20 21:46:59.089 UTC [71] FATAL:  role "root" does not exist
2024-02-20T21:50:30.8303863Z  2024-02-20 21:47:09.183 UTC [79] FATAL:  role "root" does not exist
2024-02-20T21:50:30.8304379Z  2024-02-20 21:47:19.306 UTC [87] FATAL:  role "root" does not exist
2024-02-20T21:50:30.8304945Z  2024-02-20 21:47:24.287 UTC [88] FATAL:  database "diaper_test" does not exist
2024-02-20T21:50:30.8305731Z  2024-02-20 21:47:29.388 UTC [97] FATAL:  role "root" does not exist
2024-02-20T21:50:30.8306388Z  2024-02-20 21:47:31.042 UTC [98] ERROR:  relation "flipper_gates" does not exist at character 491
2024-02-20T21:50:30.8307159Z  2024-02-20 21:47:31.042 UTC [98] STATEMENT:  SELECT a.attname, format_type(a.atttypid, a.atttypmod),
2024-02-20T21:50:30.8307869Z  	       pg_get_expr(d.adbin, d.adrelid), a.attnotnull, a.atttypid, a.atttypmod,
2024-02-20T21:50:30.8308741Z  	       c.collname, col_description(a.attrelid, a.attnum) AS comment,
2024-02-20T21:50:30.8309200Z  	       attgenerated as attgenerated
2024-02-20T21:50:30.8309524Z  	  FROM pg_attribute a
2024-02-20T21:50:30.8309945Z  	  LEFT JOIN pg_attrdef d ON a.attrelid = d.adrelid AND a.attnum = d.adnum
2024-02-20T21:50:30.8310460Z  	  LEFT JOIN pg_type t ON a.atttypid = t.oid
2024-02-20T21:50:30.8311016Z  	  LEFT JOIN pg_collation c ON a.attcollation = c.oid AND a.attcollation <> t.typcollation
2024-02-20T21:50:30.8311595Z  	 WHERE a.attrelid = '"flipper_gates"'::regclass
2024-02-20T21:50:30.8311993Z  	   AND a.attnum > 0 AND NOT a.attisdropped
2024-02-20T21:50:30.8312333Z  	 ORDER BY a.attnum
2024-02-20T21:50:30.8312576Z  	
2024-02-20T21:50:30.8312893Z  2024-02-20 21:47:39.464 UTC [109] FATAL:  role "root" does not exist
2024-02-20T21:50:30.8313436Z  2024-02-20 21:47:49.543 UTC [118] FATAL:  role "root" does not exist
2024-02-20T21:50:30.8313973Z  2024-02-20 21:47:59.632 UTC [126] FATAL:  role "root" does not exist
2024-02-20T21:50:30.8314507Z  2024-02-20 21:48:09.707 UTC [135] FATAL:  role "root" does not exist
2024-02-20T21:50:30.8315032Z  2024-02-20 21:48:19.804 UTC [144] FATAL:  role "root" does not exist
2024-02-20T21:50:30.8315548Z  2024-02-20 21:48:29.879 UTC [155] FATAL:  role "root" does not exist
2024-02-20T21:50:30.8316068Z  2024-02-20 21:48:39.966 UTC [164] FATAL:  role "root" does not exist
2024-02-20T21:50:30.8316584Z  2024-02-20 21:48:50.052 UTC [172] FATAL:  role "root" does not exist
2024-02-20T21:50:30.8317096Z  2024-02-20 21:49:00.133 UTC [180] FATAL:  role "root" does not exist
2024-02-20T21:50:30.8317607Z  2024-02-20 21:49:10.221 UTC [190] FATAL:  role "root" does not exist
2024-02-20T21:50:30.8318113Z  2024-02-20 21:49:20.329 UTC [198] FATAL:  role "root" does not exist
2024-02-20T21:50:30.8318623Z  2024-02-20 21:49:30.430 UTC [206] FATAL:  role "root" does not exist
2024-02-20T21:50:30.8319135Z  2024-02-20 21:49:40.518 UTC [215] FATAL:  role "root" does not exist
2024-02-20T21:50:30.8319652Z  2024-02-20 21:49:50.603 UTC [223] FATAL:  role "root" does not exist
2024-02-20T21:50:30.8320156Z  2024-02-20 21:50:00.687 UTC [232] FATAL:  role "root" does not exist
2024-02-20T21:50:30.8320665Z  2024-02-20 21:50:10.777 UTC [241] FATAL:  role "root" does not exist
2024-02-20T21:50:30.8321171Z  2024-02-20 21:50:20.883 UTC [248] FATAL:  role "root" does not exist
2024-02-20T21:50:30.8321769Z  /usr/local/bin/docker-entrypoint.sh: ignoring /docker-entrypoint-initdb.d/*
2024-02-20T21:50:30.8322258Z  
2024-02-20T21:50:30.8322586Z  2024-02-20 21:46:49.778 UTC [47] LOG:  received fast shutdown request
2024-02-20T21:50:30.8323294Z  waiting for server to shut down....2024-02-20 21:46:49.778 UTC [47] LOG:  aborting any active transactions
2024-02-20T21:50:30.8324197Z  2024-02-20 21:46:49.780 UTC [47] LOG:  background worker "logical replication launcher" (PID 54) exited with exit code 1
2024-02-20T21:50:30.8324874Z  2024-02-20 21:46:49.780 UTC [49] LOG:  shutting down
2024-02-20T21:50:30.8325548Z  2024-02-20 21:46:49.788 UTC [47] LOG:  database system is shut down
2024-02-20T21:50:30.8325957Z   done
2024-02-20T21:50:30.8326164Z  server stopped
2024-02-20T21:50:30.8326389Z  
2024-02-20T21:50:30.8326675Z  PostgreSQL init process complete; ready for start up.
2024-02-20T21:50:30.8327049Z  
2024-02-20T21:50:30.8333579Z Stop and remove container: c570aaf0785a4bc3a5467395f1b23ffa_postgres123_f64b8e
2024-02-20T21:50:30.8339256Z ##[command]/usr/bin/docker rm --force fa5b31e1e9deddd9b3ba63c55d70086c33827e4313f62e064b6fdd5863724878
2024-02-20T21:50:31.1006379Z fa5b31e1e9deddd9b3ba63c55d70086c33827e4313f62e064b6fdd5863724878
2024-02-20T21:50:31.1033752Z Remove container network: github_network_247314f38174466db72fb1d1bd4bc40a
2024-02-20T21:50:31.1039161Z ##[command]/usr/bin/docker network rm github_network_247314f38174466db72fb1d1bd4bc40a
2024-02-20T21:50:31.4171783Z github_network_247314f38174466db72fb1d1bd4bc40a
2024-02-20T21:50:31.4355248Z Cleaning up orphan processes
