2024-03-11T21:54:06.8764938Z Requested labels: ubuntu-latest
2024-03-11T21:54:06.8765366Z Job defined at: rubyforgood/human-essentials/.github/workflows/brakeman.yml@refs/pull/4017/merge
2024-03-11T21:54:06.8765549Z Waiting for a runner to pick up this job...
2024-03-11T21:54:07.7248745Z Job is waiting for a hosted runner to come online.
2024-03-11T21:54:11.2480955Z Job is about to start running on the hosted runner: GitHub Actions 19 (hosted)
2024-03-11T21:54:13.8413983Z Current runner version: '2.314.1'
2024-03-11T21:54:13.8436664Z ##[group]Operating System
2024-03-11T21:54:13.8437401Z Ubuntu
2024-03-11T21:54:13.8437697Z 22.04.4
2024-03-11T21:54:13.8438035Z LTS
2024-03-11T21:54:13.8438435Z ##[endgroup]
2024-03-11T21:54:13.8438767Z ##[group]Runner Image
2024-03-11T21:54:13.8439224Z Image: ubuntu-22.04
2024-03-11T21:54:13.8439679Z Version: 20240304.1.0
2024-03-11T21:54:13.8440636Z Included Software: https://github.com/actions/runner-images/blob/ubuntu22/20240304.1/images/ubuntu/Ubuntu2204-Readme.md
2024-03-11T21:54:13.8442107Z Image Release: https://github.com/actions/runner-images/releases/tag/ubuntu22%2F20240304.1
2024-03-11T21:54:13.8443029Z ##[endgroup]
2024-03-11T21:54:13.8443441Z ##[group]Runner Image Provisioner
2024-03-11T21:54:13.8443883Z 2.0.359.1
2024-03-11T21:54:13.8444278Z ##[endgroup]
2024-03-11T21:54:13.8446339Z ##[group]GITHUB_TOKEN Permissions
2024-03-11T21:54:13.8448094Z Actions: read
2024-03-11T21:54:13.8448530Z Checks: read
2024-03-11T21:54:13.8449071Z Contents: read
2024-03-11T21:54:13.8449622Z Deployments: read
2024-03-11T21:54:13.8450016Z Discussions: read
2024-03-11T21:54:13.8450454Z Issues: read
2024-03-11T21:54:13.8450804Z Metadata: read
2024-03-11T21:54:13.8451155Z Packages: read
2024-03-11T21:54:13.8451596Z Pages: read
2024-03-11T21:54:13.8451963Z PullRequests: read
2024-03-11T21:54:13.8452352Z RepositoryProjects: read
2024-03-11T21:54:13.8452886Z SecurityEvents: read
2024-03-11T21:54:13.8453308Z Statuses: read
2024-03-11T21:54:13.8453651Z ##[endgroup]
2024-03-11T21:54:13.8456895Z Secret source: None
2024-03-11T21:54:13.8457417Z Prepare workflow directory
2024-03-11T21:54:13.9069408Z Prepare all required actions
2024-03-11T21:54:13.9235859Z Getting action download info
2024-03-11T21:54:14.1355552Z Download action repository 'actions/checkout@v2' (SHA:ee0669bd1cc54295c223e0bb666b733df41de1c5)
2024-03-11T21:54:14.2505295Z Download action repository 'ruby/setup-ruby@v1' (SHA:d4526a55538b775af234ba4af27118ed6f8f6677)
2024-03-11T21:54:14.8504299Z Complete job name: brakeman
2024-03-11T21:54:14.9405015Z ##[group]Run actions/checkout@v2
2024-03-11T21:54:14.9405565Z with:
2024-03-11T21:54:14.9405985Z   repository: rubyforgood/human-essentials
2024-03-11T21:54:14.9406864Z   token: ***
2024-03-11T21:54:14.9407243Z   ssh-strict: true
2024-03-11T21:54:14.9407666Z   persist-credentials: true
2024-03-11T21:54:14.9408199Z   clean: true
2024-03-11T21:54:14.9408545Z   fetch-depth: 1
2024-03-11T21:54:14.9408918Z   lfs: false
2024-03-11T21:54:14.9409403Z   submodules: false
2024-03-11T21:54:14.9409798Z   set-safe-directory: true
2024-03-11T21:54:14.9410244Z ##[endgroup]
2024-03-11T21:54:15.1222241Z Syncing repository: rubyforgood/human-essentials
2024-03-11T21:54:15.1224238Z ##[group]Getting Git version info
2024-03-11T21:54:15.1225571Z Working directory is '/home/runner/work/human-essentials/human-essentials'
2024-03-11T21:54:15.1226734Z [command]/usr/bin/git version
2024-03-11T21:54:15.1237081Z git version 2.43.2
2024-03-11T21:54:15.1259622Z ##[endgroup]
2024-03-11T21:54:15.1275401Z Temporarily overriding HOME='/home/runner/work/_temp/77fce7d6-3086-44c8-98b8-a9f528799ede' before making global git config changes
2024-03-11T21:54:15.1276903Z Adding repository directory to the temporary git global config as a safe directory
2024-03-11T21:54:15.1278850Z [command]/usr/bin/git config --global --add safe.directory /home/runner/work/human-essentials/human-essentials
2024-03-11T21:54:15.1322240Z Deleting the contents of '/home/runner/work/human-essentials/human-essentials'
2024-03-11T21:54:15.1326957Z ##[group]Initializing the repository
2024-03-11T21:54:15.1330375Z [command]/usr/bin/git init /home/runner/work/human-essentials/human-essentials
2024-03-11T21:54:15.1393108Z hint: Using 'master' as the name for the initial branch. This default branch name
2024-03-11T21:54:15.1395063Z hint: is subject to change. To configure the initial branch name to use in all
2024-03-11T21:54:15.1396857Z hint: of your new repositories, which will suppress this warning, call:
2024-03-11T21:54:15.1398015Z hint: 
2024-03-11T21:54:15.1399425Z hint: 	git config --global init.defaultBranch <name>
2024-03-11T21:54:15.1400460Z hint: 
2024-03-11T21:54:15.1401438Z hint: Names commonly chosen instead of 'master' are 'main', 'trunk' and
2024-03-11T21:54:15.1403206Z hint: 'development'. The just-created branch can be renamed via this command:
2024-03-11T21:54:15.1403994Z hint: 
2024-03-11T21:54:15.1404365Z hint: 	git branch -m <name>
2024-03-11T21:54:15.1405419Z Initialized empty Git repository in /home/runner/work/human-essentials/human-essentials/.git/
2024-03-11T21:54:15.1410522Z [command]/usr/bin/git remote add origin https://github.com/rubyforgood/human-essentials
2024-03-11T21:54:15.1450806Z ##[endgroup]
2024-03-11T21:54:15.1451589Z ##[group]Disabling automatic garbage collection
2024-03-11T21:54:15.1454427Z [command]/usr/bin/git config --local gc.auto 0
2024-03-11T21:54:15.1490641Z ##[endgroup]
2024-03-11T21:54:15.1491501Z ##[group]Setting up auth
2024-03-11T21:54:15.1497151Z [command]/usr/bin/git config --local --name-only --get-regexp core\.sshCommand
2024-03-11T21:54:15.1534374Z [command]/usr/bin/git submodule foreach --recursive sh -c "git config --local --name-only --get-regexp 'core\.sshCommand' && git config --local --unset-all 'core.sshCommand' || :"
2024-03-11T21:54:15.1821281Z [command]/usr/bin/git config --local --name-only --get-regexp http\.https\:\/\/github\.com\/\.extraheader
2024-03-11T21:54:15.1859130Z [command]/usr/bin/git submodule foreach --recursive sh -c "git config --local --name-only --get-regexp 'http\.https\:\/\/github\.com\/\.extraheader' && git config --local --unset-all 'http.https://github.com/.extraheader' || :"
2024-03-11T21:54:15.2101905Z [command]/usr/bin/git config --local http.https://github.com/.extraheader AUTHORIZATION: basic ***
2024-03-11T21:54:15.2149555Z ##[endgroup]
2024-03-11T21:54:15.2150833Z ##[group]Fetching the repository
2024-03-11T21:54:15.2160503Z [command]/usr/bin/git -c protocol.version=2 fetch --no-tags --prune --progress --no-recurse-submodules --depth=1 origin +fbce16ac9a634af7a7cf084d1e2e0269ac020bc5:refs/remotes/pull/4017/merge
2024-03-11T21:54:15.5897519Z remote: Enumerating objects: 1752, done.        
2024-03-11T21:54:15.5898947Z remote: Counting objects:   0% (1/1752)        
2024-03-11T21:54:15.5900280Z remote: Counting objects:   1% (18/1752)        
2024-03-11T21:54:15.5901550Z remote: Counting objects:   2% (36/1752)        
2024-03-11T21:54:15.5902908Z remote: Counting objects:   3% (53/1752)        
2024-03-11T21:54:15.5904129Z remote: Counting objects:   4% (71/1752)        
2024-03-11T21:54:15.5905681Z remote: Counting objects:   5% (88/1752)        
2024-03-11T21:54:15.5906796Z remote: Counting objects:   6% (106/1752)        
2024-03-11T21:54:15.5908017Z remote: Counting objects:   7% (123/1752)        
2024-03-11T21:54:15.5909145Z remote: Counting objects:   8% (141/1752)        
2024-03-11T21:54:15.5910311Z remote: Counting objects:   9% (158/1752)        
2024-03-11T21:54:15.5911500Z remote: Counting objects:  10% (176/1752)        
2024-03-11T21:54:15.5912712Z remote: Counting objects:  11% (193/1752)        
2024-03-11T21:54:15.5913834Z remote: Counting objects:  12% (211/1752)        
2024-03-11T21:54:15.5915097Z remote: Counting objects:  13% (228/1752)        
2024-03-11T21:54:15.5916271Z remote: Counting objects:  14% (246/1752)        
2024-03-11T21:54:15.5917393Z remote: Counting objects:  15% (263/1752)        
2024-03-11T21:54:15.5918769Z remote: Counting objects:  16% (281/1752)        
2024-03-11T21:54:15.5919825Z remote: Counting objects:  17% (298/1752)        
2024-03-11T21:54:15.5920949Z remote: Counting objects:  18% (316/1752)        
2024-03-11T21:54:15.5922208Z remote: Counting objects:  19% (333/1752)        
2024-03-11T21:54:15.5923302Z remote: Counting objects:  20% (351/1752)        
2024-03-11T21:54:15.5924431Z remote: Counting objects:  21% (368/1752)        
2024-03-11T21:54:15.5925639Z remote: Counting objects:  22% (386/1752)        
2024-03-11T21:54:15.5926668Z remote: Counting objects:  23% (403/1752)        
2024-03-11T21:54:15.5928157Z remote: Counting objects:  24% (421/1752)        
2024-03-11T21:54:15.5929393Z remote: Counting objects:  25% (438/1752)        
2024-03-11T21:54:15.5930465Z remote: Counting objects:  26% (456/1752)        
2024-03-11T21:54:15.5931538Z remote: Counting objects:  27% (474/1752)        
2024-03-11T21:54:15.5932793Z remote: Counting objects:  28% (491/1752)        
2024-03-11T21:54:15.5934061Z remote: Counting objects:  29% (509/1752)        
2024-03-11T21:54:15.5935177Z remote: Counting objects:  30% (526/1752)        
2024-03-11T21:54:15.5936429Z remote: Counting objects:  31% (544/1752)        
2024-03-11T21:54:15.5937474Z remote: Counting objects:  32% (561/1752)        
2024-03-11T21:54:15.5938494Z remote: Counting objects:  33% (579/1752)        
2024-03-11T21:54:15.5939808Z remote: Counting objects:  34% (596/1752)        
2024-03-11T21:54:15.5940961Z remote: Counting objects:  35% (614/1752)        
2024-03-11T21:54:15.5942022Z remote: Counting objects:  36% (631/1752)        
2024-03-11T21:54:15.5943361Z remote: Counting objects:  37% (649/1752)        
2024-03-11T21:54:15.5944408Z remote: Counting objects:  38% (666/1752)        
2024-03-11T21:54:15.5945670Z remote: Counting objects:  39% (684/1752)        
2024-03-11T21:54:15.5946905Z remote: Counting objects:  40% (701/1752)        
2024-03-11T21:54:15.5953568Z remote: Counting objects:  41% (719/1752)        
2024-03-11T21:54:15.5954457Z remote: Counting objects:  42% (736/1752)        
2024-03-11T21:54:15.5955450Z remote: Counting objects:  43% (754/1752)        
2024-03-11T21:54:15.5956295Z remote: Counting objects:  44% (771/1752)        
2024-03-11T21:54:15.5957112Z remote: Counting objects:  45% (789/1752)        
2024-03-11T21:54:15.5958054Z remote: Counting objects:  46% (806/1752)        
2024-03-11T21:54:15.5959067Z remote: Counting objects:  47% (824/1752)        
2024-03-11T21:54:15.5959946Z remote: Counting objects:  48% (841/1752)        
2024-03-11T21:54:15.5961317Z remote: Counting objects:  49% (859/1752)        
2024-03-11T21:54:15.5962207Z remote: Counting objects:  50% (876/1752)        
2024-03-11T21:54:15.5962907Z remote: Counting objects:  51% (894/1752)        
2024-03-11T21:54:15.5963684Z remote: Counting objects:  52% (912/1752)        
2024-03-11T21:54:15.5964278Z remote: Counting objects:  53% (929/1752)        
2024-03-11T21:54:15.5964919Z remote: Counting objects:  54% (947/1752)        
2024-03-11T21:54:15.5965429Z remote: Counting objects:  55% (964/1752)        
2024-03-11T21:54:15.5965999Z remote: Counting objects:  56% (982/1752)        
2024-03-11T21:54:15.5966605Z remote: Counting objects:  57% (999/1752)        
2024-03-11T21:54:15.5967138Z remote: Counting objects:  58% (1017/1752)        
2024-03-11T21:54:15.5967711Z remote: Counting objects:  59% (1034/1752)        
2024-03-11T21:54:15.5968346Z remote: Counting objects:  60% (1052/1752)        
2024-03-11T21:54:15.5968897Z remote: Counting objects:  61% (1069/1752)        
2024-03-11T21:54:15.5969462Z remote: Counting objects:  62% (1087/1752)        
2024-03-11T21:54:15.5970139Z remote: Counting objects:  63% (1104/1752)        
2024-03-11T21:54:15.5970752Z remote: Counting objects:  64% (1122/1752)        
2024-03-11T21:54:15.5971319Z remote: Counting objects:  65% (1139/1752)        
2024-03-11T21:54:15.5971921Z remote: Counting objects:  66% (1157/1752)        
2024-03-11T21:54:15.5972555Z remote: Counting objects:  67% (1174/1752)        
2024-03-11T21:54:15.5973115Z remote: Counting objects:  68% (1192/1752)        
2024-03-11T21:54:15.5973727Z remote: Counting objects:  69% (1209/1752)        
2024-03-11T21:54:15.5974282Z remote: Counting objects:  70% (1227/1752)        
2024-03-11T21:54:15.5974887Z remote: Counting objects:  71% (1244/1752)        
2024-03-11T21:54:15.5975490Z remote: Counting objects:  72% (1262/1752)        
2024-03-11T21:54:15.5976043Z remote: Counting objects:  73% (1279/1752)        
2024-03-11T21:54:15.5976588Z remote: Counting objects:  74% (1297/1752)        
2024-03-11T21:54:15.5977184Z remote: Counting objects:  75% (1314/1752)        
2024-03-11T21:54:15.5977963Z remote: Counting objects:  76% (1332/1752)        
2024-03-11T21:54:15.5978529Z remote: Counting objects:  77% (1350/1752)        
2024-03-11T21:54:15.5979119Z remote: Counting objects:  78% (1367/1752)        
2024-03-11T21:54:15.5979677Z remote: Counting objects:  79% (1385/1752)        
2024-03-11T21:54:15.5980245Z remote: Counting objects:  80% (1402/1752)        
2024-03-11T21:54:15.5980821Z remote: Counting objects:  81% (1420/1752)        
2024-03-11T21:54:15.5981395Z remote: Counting objects:  82% (1437/1752)        
2024-03-11T21:54:15.5981959Z remote: Counting objects:  83% (1455/1752)        
2024-03-11T21:54:15.5982611Z remote: Counting objects:  84% (1472/1752)        
2024-03-11T21:54:15.5983150Z remote: Counting objects:  85% (1490/1752)        
2024-03-11T21:54:15.5983712Z remote: Counting objects:  86% (1507/1752)        
2024-03-11T21:54:15.5984335Z remote: Counting objects:  87% (1525/1752)        
2024-03-11T21:54:15.5985584Z remote: Counting objects:  88% (1542/1752)        
2024-03-11T21:54:15.5986566Z remote: Counting objects:  89% (1560/1752)        
2024-03-11T21:54:15.5987592Z remote: Counting objects:  90% (1577/1752)        
2024-03-11T21:54:15.5988493Z remote: Counting objects:  91% (1595/1752)        
2024-03-11T21:54:15.5989166Z remote: Counting objects:  92% (1612/1752)        
2024-03-11T21:54:15.5989812Z remote: Counting objects:  93% (1630/1752)        
2024-03-11T21:54:15.5990364Z remote: Counting objects:  94% (1647/1752)        
2024-03-11T21:54:15.5990927Z remote: Counting objects:  95% (1665/1752)        
2024-03-11T21:54:15.5991552Z remote: Counting objects:  96% (1682/1752)        
2024-03-11T21:54:15.5992092Z remote: Counting objects:  97% (1700/1752)        
2024-03-11T21:54:15.5992641Z remote: Counting objects:  98% (1717/1752)        
2024-03-11T21:54:15.5993264Z remote: Counting objects:  99% (1735/1752)        
2024-03-11T21:54:15.5993789Z remote: Counting objects: 100% (1752/1752)        
2024-03-11T21:54:15.5994596Z remote: Counting objects: 100% (1752/1752), done.        
2024-03-11T21:54:15.5995331Z remote: Compressing objects:   0% (1/1574)        
2024-03-11T21:54:15.5995901Z remote: Compressing objects:   1% (16/1574)        
2024-03-11T21:54:15.5996438Z remote: Compressing objects:   2% (32/1574)        
2024-03-11T21:54:15.5997097Z remote: Compressing objects:   3% (48/1574)        
2024-03-11T21:54:15.5997654Z remote: Compressing objects:   4% (63/1574)        
2024-03-11T21:54:15.5998174Z remote: Compressing objects:   5% (79/1574)        
2024-03-11T21:54:15.5998812Z remote: Compressing objects:   6% (95/1574)        
2024-03-11T21:54:15.5999371Z remote: Compressing objects:   7% (111/1574)        
2024-03-11T21:54:15.6282786Z remote: Compressing objects:   8% (126/1574)        
2024-03-11T21:54:15.6283813Z remote: Compressing objects:   9% (142/1574)        
2024-03-11T21:54:15.6284680Z remote: Compressing objects:  10% (158/1574)        
2024-03-11T21:54:15.6285657Z remote: Compressing objects:  11% (174/1574)        
2024-03-11T21:54:15.6286550Z remote: Compressing objects:  12% (189/1574)        
2024-03-11T21:54:15.6287419Z remote: Compressing objects:  13% (205/1574)        
2024-03-11T21:54:15.6288340Z remote: Compressing objects:  14% (221/1574)        
2024-03-11T21:54:15.6289147Z remote: Compressing objects:  15% (237/1574)        
2024-03-11T21:54:15.6289970Z remote: Compressing objects:  16% (252/1574)        
2024-03-11T21:54:15.6290943Z remote: Compressing objects:  17% (268/1574)        
2024-03-11T21:54:15.6291725Z remote: Compressing objects:  18% (284/1574)        
2024-03-11T21:54:15.6292577Z remote: Compressing objects:  19% (300/1574)        
2024-03-11T21:54:15.6293276Z remote: Compressing objects:  20% (315/1574)        
2024-03-11T21:54:15.6293907Z remote: Compressing objects:  21% (331/1574)        
2024-03-11T21:54:15.6294781Z remote: Compressing objects:  22% (347/1574)        
2024-03-11T21:54:15.6295721Z remote: Compressing objects:  23% (363/1574)        
2024-03-11T21:54:15.6296515Z remote: Compressing objects:  24% (378/1574)        
2024-03-11T21:54:15.6297690Z remote: Compressing objects:  25% (394/1574)        
2024-03-11T21:54:15.6298623Z remote: Compressing objects:  26% (410/1574)        
2024-03-11T21:54:15.6299150Z remote: Compressing objects:  27% (425/1574)        
2024-03-11T21:54:15.6300163Z remote: Compressing objects:  28% (441/1574)        
2024-03-11T21:54:15.6390351Z remote: Compressing objects:  29% (457/1574)        
2024-03-11T21:54:15.6391673Z remote: Compressing objects:  30% (473/1574)        
2024-03-11T21:54:15.6392542Z remote: Compressing objects:  31% (488/1574)        
2024-03-11T21:54:15.6393455Z remote: Compressing objects:  32% (504/1574)        
2024-03-11T21:54:15.6394024Z remote: Compressing objects:  33% (520/1574)        
2024-03-11T21:54:15.6394769Z remote: Compressing objects:  34% (536/1574)        
2024-03-11T21:54:15.6395758Z remote: Compressing objects:  35% (551/1574)        
2024-03-11T21:54:15.6396642Z remote: Compressing objects:  36% (567/1574)        
2024-03-11T21:54:15.6397460Z remote: Compressing objects:  37% (583/1574)        
2024-03-11T21:54:15.6398405Z remote: Compressing objects:  38% (599/1574)        
2024-03-11T21:54:15.6399258Z remote: Compressing objects:  39% (614/1574)        
2024-03-11T21:54:15.6399750Z remote: Compressing objects:  40% (630/1574)        
2024-03-11T21:54:15.6400685Z remote: Compressing objects:  41% (646/1574)        
2024-03-11T21:54:15.6401525Z remote: Compressing objects:  42% (662/1574)        
2024-03-11T21:54:15.6402309Z remote: Compressing objects:  43% (677/1574)        
2024-03-11T21:54:15.6403306Z remote: Compressing objects:  44% (693/1574)        
2024-03-11T21:54:15.6404148Z remote: Compressing objects:  45% (709/1574)        
2024-03-11T21:54:15.6405085Z remote: Compressing objects:  46% (725/1574)        
2024-03-11T21:54:15.6405711Z remote: Compressing objects:  47% (740/1574)        
2024-03-11T21:54:15.6406621Z remote: Compressing objects:  48% (756/1574)        
2024-03-11T21:54:15.6407879Z remote: Compressing objects:  49% (772/1574)        
2024-03-11T21:54:15.6476164Z remote: Compressing objects:  50% (787/1574)        
2024-03-11T21:54:15.6477105Z remote: Compressing objects:  51% (803/1574)        
2024-03-11T21:54:15.6478141Z remote: Compressing objects:  52% (819/1574)        
2024-03-11T21:54:15.6478964Z remote: Compressing objects:  53% (835/1574)        
2024-03-11T21:54:15.6479837Z remote: Compressing objects:  54% (850/1574)        
2024-03-11T21:54:15.6480568Z remote: Compressing objects:  55% (866/1574)        
2024-03-11T21:54:15.6481419Z remote: Compressing objects:  56% (882/1574)        
2024-03-11T21:54:15.6482265Z remote: Compressing objects:  57% (898/1574)        
2024-03-11T21:54:15.6544459Z remote: Compressing objects:  58% (913/1574)        
2024-03-11T21:54:15.6545571Z remote: Compressing objects:  59% (929/1574)        
2024-03-11T21:54:15.6546390Z remote: Compressing objects:  60% (945/1574)        
2024-03-11T21:54:15.6547422Z remote: Compressing objects:  61% (961/1574)        
2024-03-11T21:54:15.6548009Z remote: Compressing objects:  62% (976/1574)        
2024-03-11T21:54:15.6548645Z remote: Compressing objects:  63% (992/1574)        
2024-03-11T21:54:15.6549693Z remote: Compressing objects:  64% (1008/1574)        
2024-03-11T21:54:15.6550561Z remote: Compressing objects:  65% (1024/1574)        
2024-03-11T21:54:15.6551392Z remote: Compressing objects:  66% (1039/1574)        
2024-03-11T21:54:15.6552355Z remote: Compressing objects:  67% (1055/1574)        
2024-03-11T21:54:15.6553235Z remote: Compressing objects:  68% (1071/1574)        
2024-03-11T21:54:15.6553817Z remote: Compressing objects:  69% (1087/1574)        
2024-03-11T21:54:15.6554632Z remote: Compressing objects:  70% (1102/1574)        
2024-03-11T21:54:15.6982005Z remote: Compressing objects:  71% (1118/1574)        
2024-03-11T21:54:15.6982964Z remote: Compressing objects:  72% (1134/1574)        
2024-03-11T21:54:15.6983964Z remote: Compressing objects:  73% (1150/1574)        
2024-03-11T21:54:15.6985318Z remote: Compressing objects:  74% (1165/1574)        
2024-03-11T21:54:15.6986240Z remote: Compressing objects:  75% (1181/1574)        
2024-03-11T21:54:15.6987180Z remote: Compressing objects:  76% (1197/1574)        
2024-03-11T21:54:15.6988058Z remote: Compressing objects:  77% (1212/1574)        
2024-03-11T21:54:15.6988925Z remote: Compressing objects:  78% (1228/1574)        
2024-03-11T21:54:15.6989843Z remote: Compressing objects:  79% (1244/1574)        
2024-03-11T21:54:15.6990501Z remote: Compressing objects:  80% (1260/1574)        
2024-03-11T21:54:15.6991321Z remote: Compressing objects:  81% (1275/1574)        
2024-03-11T21:54:15.6992287Z remote: Compressing objects:  82% (1291/1574)        
2024-03-11T21:54:15.6993180Z remote: Compressing objects:  83% (1307/1574)        
2024-03-11T21:54:15.6994022Z remote: Compressing objects:  84% (1323/1574)        
2024-03-11T21:54:15.6994987Z remote: Compressing objects:  85% (1338/1574)        
2024-03-11T21:54:15.6995709Z remote: Compressing objects:  86% (1354/1574)        
2024-03-11T21:54:15.7032074Z remote: Compressing objects:  87% (1370/1574)        
2024-03-11T21:54:15.7033071Z remote: Compressing objects:  88% (1386/1574)        
2024-03-11T21:54:15.7033913Z remote: Compressing objects:  89% (1401/1574)        
2024-03-11T21:54:15.7034961Z remote: Compressing objects:  90% (1417/1574)        
2024-03-11T21:54:15.7035759Z remote: Compressing objects:  91% (1433/1574)        
2024-03-11T21:54:15.7036508Z remote: Compressing objects:  92% (1449/1574)        
2024-03-11T21:54:15.7037173Z remote: Compressing objects:  93% (1464/1574)        
2024-03-11T21:54:15.7037670Z remote: Compressing objects:  94% (1480/1574)        
2024-03-11T21:54:15.7038190Z remote: Compressing objects:  95% (1496/1574)        
2024-03-11T21:54:15.7038791Z remote: Compressing objects:  96% (1512/1574)        
2024-03-11T21:54:15.7039279Z remote: Compressing objects:  97% (1527/1574)        
2024-03-11T21:54:15.7039787Z remote: Compressing objects:  98% (1543/1574)        
2024-03-11T21:54:15.7040583Z remote: Compressing objects:  99% (1559/1574)        
2024-03-11T21:54:15.7041088Z remote: Compressing objects: 100% (1574/1574)        
2024-03-11T21:54:15.7041852Z remote: Compressing objects: 100% (1574/1574), done.        
2024-03-11T21:54:15.7225174Z Receiving objects:   0% (1/1752)
2024-03-11T21:54:15.7228777Z Receiving objects:   1% (18/1752)
2024-03-11T21:54:15.7417038Z Receiving objects:   2% (36/1752)
2024-03-11T21:54:15.7930651Z Receiving objects:   3% (53/1752)
2024-03-11T21:54:15.8476379Z Receiving objects:   4% (71/1752)
2024-03-11T21:54:15.8478167Z Receiving objects:   5% (88/1752)
2024-03-11T21:54:15.8482510Z Receiving objects:   6% (106/1752)
2024-03-11T21:54:15.8487844Z Receiving objects:   7% (123/1752)
2024-03-11T21:54:15.8491765Z Receiving objects:   8% (141/1752)
2024-03-11T21:54:15.8497067Z Receiving objects:   9% (158/1752)
2024-03-11T21:54:15.8500377Z Receiving objects:  10% (176/1752)
2024-03-11T21:54:15.8503885Z Receiving objects:  11% (193/1752)
2024-03-11T21:54:15.8507635Z Receiving objects:  12% (211/1752)
2024-03-11T21:54:15.8517706Z Receiving objects:  13% (228/1752)
2024-03-11T21:54:15.8521543Z Receiving objects:  14% (246/1752)
2024-03-11T21:54:15.8524912Z Receiving objects:  15% (263/1752)
2024-03-11T21:54:15.8529399Z Receiving objects:  16% (281/1752)
2024-03-11T21:54:15.8536010Z Receiving objects:  17% (298/1752)
2024-03-11T21:54:15.8541569Z Receiving objects:  18% (316/1752)
2024-03-11T21:54:15.8547897Z Receiving objects:  19% (333/1752)
2024-03-11T21:54:15.8552527Z Receiving objects:  20% (351/1752)
2024-03-11T21:54:15.8556513Z Receiving objects:  21% (368/1752)
2024-03-11T21:54:15.8560800Z Receiving objects:  22% (386/1752)
2024-03-11T21:54:15.8564303Z Receiving objects:  23% (403/1752)
2024-03-11T21:54:15.8566844Z Receiving objects:  24% (421/1752)
2024-03-11T21:54:15.8570882Z Receiving objects:  25% (438/1752)
2024-03-11T21:54:15.8572922Z Receiving objects:  26% (456/1752)
2024-03-11T21:54:15.8576114Z Receiving objects:  27% (474/1752)
2024-03-11T21:54:15.8577822Z Receiving objects:  28% (491/1752)
2024-03-11T21:54:15.8580198Z Receiving objects:  29% (509/1752)
2024-03-11T21:54:15.8583282Z Receiving objects:  30% (526/1752)
2024-03-11T21:54:15.8586717Z Receiving objects:  31% (544/1752)
2024-03-11T21:54:15.8589928Z Receiving objects:  32% (561/1752)
2024-03-11T21:54:15.8591492Z Receiving objects:  33% (579/1752)
2024-03-11T21:54:15.8594118Z Receiving objects:  34% (596/1752)
2024-03-11T21:54:15.8596197Z Receiving objects:  35% (614/1752)
2024-03-11T21:54:15.8600955Z Receiving objects:  36% (631/1752)
2024-03-11T21:54:15.8605993Z Receiving objects:  37% (649/1752)
2024-03-11T21:54:15.8608001Z Receiving objects:  38% (666/1752)
2024-03-11T21:54:15.8611421Z Receiving objects:  39% (684/1752)
2024-03-11T21:54:15.8614792Z Receiving objects:  40% (701/1752)
2024-03-11T21:54:15.8617675Z Receiving objects:  41% (719/1752)
2024-03-11T21:54:15.8620619Z Receiving objects:  42% (736/1752)
2024-03-11T21:54:15.8624069Z Receiving objects:  43% (754/1752)
2024-03-11T21:54:15.8628028Z Receiving objects:  44% (771/1752)
2024-03-11T21:54:15.8631812Z Receiving objects:  45% (789/1752)
2024-03-11T21:54:15.8637867Z Receiving objects:  46% (806/1752)
2024-03-11T21:54:15.8639316Z Receiving objects:  47% (824/1752)
2024-03-11T21:54:15.8642541Z Receiving objects:  48% (841/1752)
2024-03-11T21:54:15.8645140Z Receiving objects:  49% (859/1752)
2024-03-11T21:54:15.8646697Z Receiving objects:  50% (876/1752)
2024-03-11T21:54:15.8648164Z Receiving objects:  51% (894/1752)
2024-03-11T21:54:15.8651449Z Receiving objects:  52% (912/1752)
2024-03-11T21:54:15.8657554Z Receiving objects:  53% (929/1752)
2024-03-11T21:54:15.8662158Z Receiving objects:  54% (947/1752)
2024-03-11T21:54:15.8670096Z Receiving objects:  55% (964/1752)
2024-03-11T21:54:15.8674491Z Receiving objects:  56% (982/1752)
2024-03-11T21:54:15.8676647Z Receiving objects:  57% (999/1752)
2024-03-11T21:54:15.8679063Z Receiving objects:  58% (1017/1752)
2024-03-11T21:54:15.8681462Z Receiving objects:  59% (1034/1752)
2024-03-11T21:54:15.8683483Z Receiving objects:  60% (1052/1752)
2024-03-11T21:54:15.8685529Z Receiving objects:  61% (1069/1752)
2024-03-11T21:54:15.8688706Z Receiving objects:  62% (1087/1752)
2024-03-11T21:54:15.8689758Z Receiving objects:  63% (1104/1752)
2024-03-11T21:54:15.8692010Z Receiving objects:  64% (1122/1752)
2024-03-11T21:54:15.8693799Z Receiving objects:  65% (1139/1752)
2024-03-11T21:54:15.8697045Z Receiving objects:  66% (1157/1752)
2024-03-11T21:54:15.8697860Z Receiving objects:  67% (1174/1752)
2024-03-11T21:54:15.8699823Z Receiving objects:  68% (1192/1752)
2024-03-11T21:54:15.8703310Z Receiving objects:  69% (1209/1752)
2024-03-11T21:54:15.8704485Z Receiving objects:  70% (1227/1752)
2024-03-11T21:54:15.8712786Z Receiving objects:  71% (1244/1752)
2024-03-11T21:54:15.8727490Z Receiving objects:  72% (1262/1752)
2024-03-11T21:54:15.8731417Z Receiving objects:  73% (1279/1752)
2024-03-11T21:54:15.8734526Z Receiving objects:  74% (1297/1752)
2024-03-11T21:54:15.8884285Z Receiving objects:  75% (1314/1752)
2024-03-11T21:54:15.9007953Z Receiving objects:  76% (1332/1752)
2024-03-11T21:54:15.9099209Z Receiving objects:  77% (1350/1752)
2024-03-11T21:54:15.9262232Z Receiving objects:  78% (1367/1752)
2024-03-11T21:54:15.9430357Z Receiving objects:  79% (1385/1752)
2024-03-11T21:54:15.9621165Z Receiving objects:  80% (1402/1752)
2024-03-11T21:54:15.9626208Z Receiving objects:  81% (1420/1752)
2024-03-11T21:54:15.9628956Z Receiving objects:  82% (1437/1752)
2024-03-11T21:54:15.9632018Z Receiving objects:  83% (1455/1752)
2024-03-11T21:54:15.9637330Z Receiving objects:  84% (1472/1752)
2024-03-11T21:54:15.9641822Z Receiving objects:  85% (1490/1752)
2024-03-11T21:54:15.9648900Z Receiving objects:  86% (1507/1752)
2024-03-11T21:54:15.9656108Z Receiving objects:  87% (1525/1752)
2024-03-11T21:54:15.9660643Z Receiving objects:  88% (1542/1752)
2024-03-11T21:54:15.9665931Z Receiving objects:  89% (1560/1752)
2024-03-11T21:54:15.9672327Z Receiving objects:  90% (1577/1752)
2024-03-11T21:54:15.9678785Z Receiving objects:  91% (1595/1752)
2024-03-11T21:54:15.9684151Z Receiving objects:  92% (1612/1752)
2024-03-11T21:54:15.9688414Z Receiving objects:  93% (1630/1752)
2024-03-11T21:54:15.9692779Z Receiving objects:  94% (1647/1752)
2024-03-11T21:54:15.9696580Z Receiving objects:  95% (1665/1752)
2024-03-11T21:54:15.9699311Z Receiving objects:  96% (1682/1752)
2024-03-11T21:54:15.9708163Z Receiving objects:  97% (1700/1752)
2024-03-11T21:54:15.9715761Z Receiving objects:  98% (1717/1752)
2024-03-11T21:54:15.9730151Z Receiving objects:  99% (1735/1752)
2024-03-11T21:54:15.9731709Z remote: Total 1752 (delta 278), reused 995 (delta 139), pack-reused 0        
2024-03-11T21:54:15.9740310Z Receiving objects: 100% (1752/1752)
2024-03-11T21:54:15.9747481Z Receiving objects: 100% (1752/1752), 6.60 MiB | 24.68 MiB/s, done.
2024-03-11T21:54:15.9748364Z Resolving deltas:   0% (0/278)
2024-03-11T21:54:15.9749466Z Resolving deltas:   1% (3/278)
2024-03-11T21:54:15.9750367Z Resolving deltas:   2% (6/278)
2024-03-11T21:54:15.9751652Z Resolving deltas:   3% (9/278)
2024-03-11T21:54:15.9752683Z Resolving deltas:   4% (12/278)
2024-03-11T21:54:15.9753951Z Resolving deltas:   5% (14/278)
2024-03-11T21:54:15.9754570Z Resolving deltas:   6% (17/278)
2024-03-11T21:54:15.9755353Z Resolving deltas:   7% (20/278)
2024-03-11T21:54:15.9756215Z Resolving deltas:   8% (23/278)
2024-03-11T21:54:15.9757037Z Resolving deltas:   9% (26/278)
2024-03-11T21:54:15.9758662Z Resolving deltas:  10% (28/278)
2024-03-11T21:54:15.9759833Z Resolving deltas:  11% (31/278)
2024-03-11T21:54:15.9761347Z Resolving deltas:  12% (34/278)
2024-03-11T21:54:15.9772918Z Resolving deltas:  13% (37/278)
2024-03-11T21:54:15.9773977Z Resolving deltas:  14% (39/278)
2024-03-11T21:54:15.9775214Z Resolving deltas:  15% (42/278)
2024-03-11T21:54:15.9776964Z Resolving deltas:  16% (45/278)
2024-03-11T21:54:15.9778503Z Resolving deltas:  17% (48/278)
2024-03-11T21:54:15.9779975Z Resolving deltas:  18% (51/278)
2024-03-11T21:54:15.9782051Z Resolving deltas:  19% (53/278)
2024-03-11T21:54:15.9783585Z Resolving deltas:  20% (56/278)
2024-03-11T21:54:15.9784586Z Resolving deltas:  21% (59/278)
2024-03-11T21:54:15.9786039Z Resolving deltas:  22% (62/278)
2024-03-11T21:54:15.9787665Z Resolving deltas:  23% (64/278)
2024-03-11T21:54:15.9788608Z Resolving deltas:  24% (67/278)
2024-03-11T21:54:15.9789813Z Resolving deltas:  25% (70/278)
2024-03-11T21:54:15.9790746Z Resolving deltas:  26% (73/278)
2024-03-11T21:54:15.9794738Z Resolving deltas:  27% (76/278)
2024-03-11T21:54:15.9795589Z Resolving deltas:  28% (78/278)
2024-03-11T21:54:15.9796227Z Resolving deltas:  29% (81/278)
2024-03-11T21:54:15.9796839Z Resolving deltas:  30% (84/278)
2024-03-11T21:54:15.9797567Z Resolving deltas:  31% (87/278)
2024-03-11T21:54:15.9798195Z Resolving deltas:  32% (89/278)
2024-03-11T21:54:15.9798806Z Resolving deltas:  33% (92/278)
2024-03-11T21:54:15.9799556Z Resolving deltas:  34% (95/278)
2024-03-11T21:54:15.9801430Z Resolving deltas:  35% (98/278)
2024-03-11T21:54:15.9802485Z Resolving deltas:  36% (101/278)
2024-03-11T21:54:15.9803126Z Resolving deltas:  37% (103/278)
2024-03-11T21:54:15.9803804Z Resolving deltas:  38% (106/278)
2024-03-11T21:54:15.9804540Z Resolving deltas:  39% (109/278)
2024-03-11T21:54:15.9805156Z Resolving deltas:  40% (112/278)
2024-03-11T21:54:15.9805840Z Resolving deltas:  41% (114/278)
2024-03-11T21:54:15.9806559Z Resolving deltas:  42% (117/278)
2024-03-11T21:54:15.9807162Z Resolving deltas:  43% (120/278)
2024-03-11T21:54:15.9807805Z Resolving deltas:  44% (123/278)
2024-03-11T21:54:15.9808505Z Resolving deltas:  45% (126/278)
2024-03-11T21:54:15.9809100Z Resolving deltas:  46% (128/278)
2024-03-11T21:54:15.9809795Z Resolving deltas:  47% (131/278)
2024-03-11T21:54:15.9810534Z Resolving deltas:  48% (134/278)
2024-03-11T21:54:15.9811143Z Resolving deltas:  49% (137/278)
2024-03-11T21:54:15.9811787Z Resolving deltas:  50% (139/278)
2024-03-11T21:54:15.9812402Z Resolving deltas:  51% (142/278)
2024-03-11T21:54:15.9812801Z Resolving deltas:  52% (145/278)
2024-03-11T21:54:15.9813422Z Resolving deltas:  53% (148/278)
2024-03-11T21:54:15.9813895Z Resolving deltas:  54% (151/278)
2024-03-11T21:54:15.9814290Z Resolving deltas:  55% (153/278)
2024-03-11T21:54:15.9814699Z Resolving deltas:  56% (156/278)
2024-03-11T21:54:15.9815176Z Resolving deltas:  57% (159/278)
2024-03-11T21:54:15.9818643Z Resolving deltas:  58% (162/278)
2024-03-11T21:54:15.9819447Z Resolving deltas:  59% (166/278)
2024-03-11T21:54:15.9820287Z Resolving deltas:  60% (167/278)
2024-03-11T21:54:15.9821639Z Resolving deltas:  61% (170/278)
2024-03-11T21:54:15.9822955Z Resolving deltas:  62% (173/278)
2024-03-11T21:54:15.9824009Z Resolving deltas:  63% (176/278)
2024-03-11T21:54:15.9825388Z Resolving deltas:  64% (178/278)
2024-03-11T21:54:15.9826355Z Resolving deltas:  65% (181/278)
2024-03-11T21:54:15.9830389Z Resolving deltas:  66% (184/278)
2024-03-11T21:54:15.9834914Z Resolving deltas:  67% (187/278)
2024-03-11T21:54:15.9835698Z Resolving deltas:  68% (190/278)
2024-03-11T21:54:15.9836725Z Resolving deltas:  69% (192/278)
2024-03-11T21:54:15.9837445Z Resolving deltas:  70% (195/278)
2024-03-11T21:54:15.9838087Z Resolving deltas:  71% (198/278)
2024-03-11T21:54:15.9838856Z Resolving deltas:  72% (201/278)
2024-03-11T21:54:15.9839585Z Resolving deltas:  73% (203/278)
2024-03-11T21:54:15.9840244Z Resolving deltas:  74% (207/278)
2024-03-11T21:54:15.9841064Z Resolving deltas:  75% (209/278)
2024-03-11T21:54:15.9841695Z Resolving deltas:  76% (212/278)
2024-03-11T21:54:15.9842280Z Resolving deltas:  77% (215/278)
2024-03-11T21:54:15.9842898Z Resolving deltas:  78% (217/278)
2024-03-11T21:54:15.9843575Z Resolving deltas:  79% (220/278)
2024-03-11T21:54:15.9844249Z Resolving deltas:  80% (223/278)
2024-03-11T21:54:15.9845050Z Resolving deltas:  81% (226/278)
2024-03-11T21:54:15.9845686Z Resolving deltas:  82% (228/278)
2024-03-11T21:54:15.9846336Z Resolving deltas:  83% (231/278)
2024-03-11T21:54:15.9847155Z Resolving deltas:  84% (234/278)
2024-03-11T21:54:15.9847812Z Resolving deltas:  85% (237/278)
2024-03-11T21:54:15.9855162Z Resolving deltas:  86% (240/278)
2024-03-11T21:54:15.9856379Z Resolving deltas:  87% (242/278)
2024-03-11T21:54:15.9857164Z Resolving deltas:  88% (245/278)
2024-03-11T21:54:15.9858353Z Resolving deltas:  89% (248/278)
2024-03-11T21:54:15.9861045Z Resolving deltas:  90% (251/278)
2024-03-11T21:54:15.9862026Z Resolving deltas:  91% (253/278)
2024-03-11T21:54:15.9864024Z Resolving deltas:  92% (256/278)
2024-03-11T21:54:15.9869528Z Resolving deltas:  93% (259/278)
2024-03-11T21:54:15.9870228Z Resolving deltas:  94% (262/278)
2024-03-11T21:54:15.9870856Z Resolving deltas:  95% (265/278)
2024-03-11T21:54:15.9873204Z Resolving deltas:  96% (267/278)
2024-03-11T21:54:15.9874880Z Resolving deltas:  97% (270/278)
2024-03-11T21:54:15.9876466Z Resolving deltas:  98% (273/278)
2024-03-11T21:54:15.9877031Z Resolving deltas:  99% (276/278)
2024-03-11T21:54:15.9877694Z Resolving deltas: 100% (278/278)
2024-03-11T21:54:15.9878406Z Resolving deltas: 100% (278/278), done.
2024-03-11T21:54:16.0035314Z From https://github.com/rubyforgood/human-essentials
2024-03-11T21:54:16.0036327Z  * [new ref]         fbce16ac9a634af7a7cf084d1e2e0269ac020bc5 -> pull/4017/merge
2024-03-11T21:54:16.0060753Z ##[endgroup]
2024-03-11T21:54:16.0061845Z ##[group]Determining the checkout info
2024-03-11T21:54:16.0063373Z ##[endgroup]
2024-03-11T21:54:16.0064394Z ##[group]Checking out the ref
2024-03-11T21:54:16.0069040Z [command]/usr/bin/git checkout --progress --force refs/remotes/pull/4017/merge
2024-03-11T21:54:16.1403604Z Note: switching to 'refs/remotes/pull/4017/merge'.
2024-03-11T21:54:16.1404332Z 
2024-03-11T21:54:16.1404971Z You are in 'detached HEAD' state. You can look around, make experimental
2024-03-11T21:54:16.1406005Z changes and commit them, and you can discard any commits you make in this
2024-03-11T21:54:16.1407209Z state without impacting any branches by switching back to a branch.
2024-03-11T21:54:16.1408165Z 
2024-03-11T21:54:16.1408941Z If you want to create a new branch to retain commits you create, you may
2024-03-11T21:54:16.1411117Z do so (now or later) by using -c with the switch command. Example:
2024-03-11T21:54:16.1412003Z 
2024-03-11T21:54:16.1412513Z   git switch -c <new-branch-name>
2024-03-11T21:54:16.1413084Z 
2024-03-11T21:54:16.1413348Z Or undo this operation with:
2024-03-11T21:54:16.1413728Z 
2024-03-11T21:54:16.1413967Z   git switch -
2024-03-11T21:54:16.1414281Z 
2024-03-11T21:54:16.1414974Z Turn off this advice by setting config variable advice.detachedHead to false
2024-03-11T21:54:16.1415806Z 
2024-03-11T21:54:16.1416769Z HEAD is now at fbce16a Merge 3c65f373f8482f7bb8d105123f5a8794f436d507 into 449d8506f768bf1894e05c17983a13da27472321
2024-03-11T21:54:16.1418965Z ##[endgroup]
2024-03-11T21:54:16.1463953Z [command]/usr/bin/git log -1 --format='%H'
2024-03-11T21:54:16.1498289Z 'fbce16ac9a634af7a7cf084d1e2e0269ac020bc5'
2024-03-11T21:54:16.1847370Z ##[group]Run ruby/setup-ruby@v1
2024-03-11T21:54:16.1847795Z with:
2024-03-11T21:54:16.1848231Z   bundler-cache: true
2024-03-11T21:54:16.1848610Z   ruby-version: default
2024-03-11T21:54:16.1848951Z ##[endgroup]
2024-03-11T21:54:16.3647301Z Using 3.2.2 as input from file .ruby-version
2024-03-11T21:54:16.3673284Z ##[group]Modifying PATH
2024-03-11T21:54:16.3674036Z Entries added to PATH to use selected Ruby:
2024-03-11T21:54:16.3674548Z   /opt/hostedtoolcache/Ruby/3.2.2/x64/bin
2024-03-11T21:54:16.3675225Z ##[endgroup]
2024-03-11T21:54:16.3696964Z ##[group]Downloading Ruby
2024-03-11T21:54:16.3699950Z https://github.com/ruby/ruby-builder/releases/download/toolcache/ruby-3.2.2-ubuntu-22.04.tar.gz
2024-03-11T21:54:17.0777645Z Took   0.71 seconds
2024-03-11T21:54:17.0779141Z ##[endgroup]
2024-03-11T21:54:17.0780168Z ##[group]Extracting  Ruby
2024-03-11T21:54:17.0808470Z [command]/usr/bin/tar -xz -C /opt/hostedtoolcache/Ruby/3.2.2 -f /home/runner/work/_temp/a5e035bc-15e6-448d-9eab-e758ef613bc3
2024-03-11T21:54:17.4728930Z Took   0.39 seconds
2024-03-11T21:54:17.4729895Z ##[endgroup]
2024-03-11T21:54:17.4731404Z ##[group]Print Ruby version
2024-03-11T21:54:17.4742173Z [command]/opt/hostedtoolcache/Ruby/3.2.2/x64/bin/ruby --version
2024-03-11T21:54:17.4945668Z ruby 3.2.2 (2023-03-30 revision e51014f9c0) [x86_64-linux]
2024-03-11T21:54:17.4964447Z Took   0.02 seconds
2024-03-11T21:54:17.4965468Z ##[endgroup]
2024-03-11T21:54:17.4966439Z ##[group]Installing Bundler
2024-03-11T21:54:17.4972089Z Using Bundler 2.5.6 from Gemfile.lock BUNDLED WITH 2.5.6
2024-03-11T21:54:17.4976963Z [command]/opt/hostedtoolcache/Ruby/3.2.2/x64/bin/gem install bundler -v 2.5.6
2024-03-11T21:54:17.9585222Z Successfully installed bundler-2.5.6
2024-03-11T21:54:17.9586010Z 1 gem installed
2024-03-11T21:54:17.9642524Z Took   0.47 seconds
2024-03-11T21:54:17.9644314Z ##[endgroup]
2024-03-11T21:54:17.9644905Z > bundle install
2024-03-11T21:54:17.9662850Z [command]/opt/hostedtoolcache/Ruby/3.2.2/x64/bin/bundle config --local path /home/runner/work/human-essentials/human-essentials/vendor/bundle
2024-03-11T21:54:18.1161627Z [command]/opt/hostedtoolcache/Ruby/3.2.2/x64/bin/bundle config --local deployment true
2024-03-11T21:54:18.2634046Z Cache key: setup-ruby-bundler-cache-v6-ubuntu-22.04-x64-ruby-3.2.2-wd-/home/runner/work/human-essentials/human-essentials-with--without--only--Gemfile.lock-90af41cb540db2526d21e3c5cbbe531ed46bcf1ba5fdc3d9e3337dd916b92c56
2024-03-11T21:54:19.8215020Z Received 0 of 214817878 (0.0%), 0.0 MBs/sec
2024-03-11T21:54:20.8211269Z Received 146800640 of 214817878 (68.3%), 70.0 MBs/sec
2024-03-11T21:54:21.2856300Z Cache Size: ~205 MB (214817878 B)
2024-03-11T21:54:21.2890858Z [command]/usr/bin/tar -xf /home/runner/work/_temp/1f68fa88-668c-4670-8411-c3595d4e2bb8/cache.tzst -P -C /home/runner/work/human-essentials/human-essentials --use-compress-program unzstd
2024-03-11T21:54:21.8222959Z Received 214817878 of 214817878 (100.0%), 68.2 MBs/sec
2024-03-11T21:54:23.0433084Z Cache restored successfully
2024-03-11T21:54:23.0854621Z Found cache for key: setup-ruby-bundler-cache-v6-ubuntu-22.04-x64-ruby-3.2.2-wd-/home/runner/work/human-essentials/human-essentials-with--without--only--Gemfile.lock-90af41cb540db2526d21e3c5cbbe531ed46bcf1ba5fdc3d9e3337dd916b92c56
2024-03-11T21:54:23.0862827Z [command]/opt/hostedtoolcache/Ruby/3.2.2/x64/bin/bundle install --jobs 4
2024-03-11T21:54:23.4980384Z Bundle complete! 85 Gemfile dependencies, 246 gems now installed.
2024-03-11T21:54:23.4982079Z Bundled gems are installed into `./vendor/bundle`
2024-03-11T21:54:23.5030699Z Took   5.54 seconds
2024-03-11T21:54:23.5224650Z ##[group]Run bundle exec brakeman
2024-03-11T21:54:23.5225485Z [36;1mbundle exec brakeman[0m
2024-03-11T21:54:23.5291923Z shell: /usr/bin/bash -e {0}
2024-03-11T21:54:23.5292366Z ##[endgroup]
2024-03-11T21:54:23.8871682Z Loading scanner...
2024-03-11T21:54:24.3097674Z Processing application in /home/runner/work/human-essentials/human-essentials
2024-03-11T21:54:24.3098834Z Processing gems...                      
2024-03-11T21:54:24.3205972Z [Notice] Detected Rails 7 application
2024-03-11T21:54:24.3206814Z Processing configuration...             
2024-03-11T21:54:24.3332188Z [Notice] Escaping HTML by default
2024-03-11T21:54:24.3333298Z Parsing files...                        
2024-03-11T21:54:27.5441910Z Detecting file types...                 
2024-03-11T21:54:27.5849339Z Processing initializers...              
2024-03-11T21:54:27.5853663Z  0/24 files processed
2024-03-11T21:54:27.5857958Z  1/24 files processed
2024-03-11T21:54:27.5867091Z  2/24 files processed
2024-03-11T21:54:27.5895951Z  3/24 files processed
2024-03-11T21:54:27.5907606Z  4/24 files processed
2024-03-11T21:54:27.5912862Z  5/24 files processed
2024-03-11T21:54:27.5913987Z  6/24 files processed
2024-03-11T21:54:27.5917297Z  7/24 files processed
2024-03-11T21:54:27.5918093Z  8/24 files processed
2024-03-11T21:54:27.5921520Z  9/24 files processed
2024-03-11T21:54:27.5923108Z  10/24 files processed
2024-03-11T21:54:27.5923734Z  11/24 files processed
2024-03-11T21:54:27.5927269Z  12/24 files processed
2024-03-11T21:54:27.5930903Z  13/24 files processed
2024-03-11T21:54:27.5937151Z  14/24 files processed
2024-03-11T21:54:27.5944216Z  15/24 files processed
2024-03-11T21:54:27.5947176Z  16/24 files processed
2024-03-11T21:54:27.5947773Z  17/24 files processed
2024-03-11T21:54:27.5949029Z  18/24 files processed
2024-03-11T21:54:27.5961811Z  19/24 files processed
2024-03-11T21:54:27.6159883Z  20/24 files processed
2024-03-11T21:54:27.6162751Z  21/24 files processed
2024-03-11T21:54:27.6165753Z  22/24 files processed
2024-03-11T21:54:27.6167013Z  23/24 files processed
2024-03-11T21:54:27.6167782Z Processing libs...                      
2024-03-11T21:54:27.6171815Z  0/148 files processed
2024-03-11T21:54:27.6172612Z  1/148 files processed
2024-03-11T21:54:27.6176167Z  2/148 files processed
2024-03-11T21:54:27.6180884Z  3/148 files processed
2024-03-11T21:54:27.6183977Z  4/148 files processed
2024-03-11T21:54:27.6187097Z  5/148 files processed
2024-03-11T21:54:27.6190111Z  6/148 files processed
2024-03-11T21:54:27.6193146Z  7/148 files processed
2024-03-11T21:54:27.6234448Z  8/148 files processed
2024-03-11T21:54:27.6235139Z  9/148 files processed
2024-03-11T21:54:27.6235985Z  10/148 files processed
2024-03-11T21:54:27.6245009Z  11/148 files processed
2024-03-11T21:54:27.6260720Z  12/148 files processed
2024-03-11T21:54:27.6277113Z  13/148 files processed
2024-03-11T21:54:27.6277929Z  14/148 files processed
2024-03-11T21:54:27.6281473Z  15/148 files processed
2024-03-11T21:54:27.6325197Z  16/148 files processed
2024-03-11T21:54:27.6327227Z  17/148 files processed
2024-03-11T21:54:27.6337253Z  18/148 files processed
2024-03-11T21:54:27.6353035Z  19/148 files processed
2024-03-11T21:54:27.6355882Z  20/148 files processed
2024-03-11T21:54:27.6358848Z  21/148 files processed
2024-03-11T21:54:27.6368617Z  22/148 files processed
2024-03-11T21:54:27.6372249Z  23/148 files processed
2024-03-11T21:54:27.6376117Z  24/148 files processed
2024-03-11T21:54:27.6387515Z  25/148 files processed
2024-03-11T21:54:27.6417135Z  26/148 files processed
2024-03-11T21:54:27.6441386Z  27/148 files processed
2024-03-11T21:54:27.6442534Z  28/148 files processed
2024-03-11T21:54:27.6459103Z  29/148 files processed
2024-03-11T21:54:27.6523798Z  30/148 files processed
2024-03-11T21:54:27.6536012Z  31/148 files processed
2024-03-11T21:54:27.6543173Z  32/148 files processed
2024-03-11T21:54:27.6555760Z  33/148 files processed
2024-03-11T21:54:27.6559826Z  34/148 files processed
2024-03-11T21:54:27.6569749Z  35/148 files processed
2024-03-11T21:54:27.6575045Z  36/148 files processed
2024-03-11T21:54:27.6579680Z  37/148 files processed
2024-03-11T21:54:27.6585773Z  38/148 files processed
2024-03-11T21:54:27.6597232Z  39/148 files processed
2024-03-11T21:54:27.6599857Z  40/148 files processed
2024-03-11T21:54:27.6603608Z  41/148 files processed
2024-03-11T21:54:27.6607919Z  42/148 files processed
2024-03-11T21:54:27.6715603Z  43/148 files processed
2024-03-11T21:54:27.6719884Z  44/148 files processed
2024-03-11T21:54:27.6720671Z  45/148 files processed
2024-03-11T21:54:27.6724598Z  46/148 files processed
2024-03-11T21:54:27.6728686Z  47/148 files processed
2024-03-11T21:54:27.6731470Z  48/148 files processed
2024-03-11T21:54:27.6734460Z  49/148 files processed
2024-03-11T21:54:27.6740874Z  50/148 files processed
2024-03-11T21:54:27.6741447Z  51/148 files processed
2024-03-11T21:54:27.6748535Z  52/148 files processed
2024-03-11T21:54:27.6773131Z  53/148 files processed
2024-03-11T21:54:27.6775553Z  54/148 files processed
2024-03-11T21:54:27.6778974Z  55/148 files processed
2024-03-11T21:54:27.6785537Z  56/148 files processed
2024-03-11T21:54:27.6801071Z  57/148 files processed
2024-03-11T21:54:27.6820682Z  58/148 files processed
2024-03-11T21:54:27.6823057Z  59/148 files processed
2024-03-11T21:54:27.6938460Z  60/148 files processed
2024-03-11T21:54:27.6974016Z  61/148 files processed
2024-03-11T21:54:27.6978702Z  62/148 files processed
2024-03-11T21:54:27.6983678Z  63/148 files processed
2024-03-11T21:54:27.6988033Z  64/148 files processed
2024-03-11T21:54:27.6992839Z  65/148 files processed
2024-03-11T21:54:27.6996975Z  66/148 files processed
2024-03-11T21:54:27.7033615Z  67/148 files processed
2024-03-11T21:54:27.7057005Z  68/148 files processed
2024-03-11T21:54:27.7107415Z  69/148 files processed
2024-03-11T21:54:27.7109709Z  70/148 files processed
2024-03-11T21:54:27.7143020Z  71/148 files processed
2024-03-11T21:54:27.7150659Z  72/148 files processed
2024-03-11T21:54:27.7201595Z  73/148 files processed
2024-03-11T21:54:27.7232339Z  74/148 files processed
2024-03-11T21:54:27.7250152Z  75/148 files processed
2024-03-11T21:54:27.7260428Z  76/148 files processed
2024-03-11T21:54:27.7263398Z  77/148 files processed
2024-03-11T21:54:27.7303615Z  78/148 files processed
2024-03-11T21:54:27.7309310Z  79/148 files processed
2024-03-11T21:54:27.7325475Z  80/148 files processed
2024-03-11T21:54:27.7334730Z  81/148 files processed
2024-03-11T21:54:27.7337746Z  82/148 files processed
2024-03-11T21:54:27.7351614Z  83/148 files processed
2024-03-11T21:54:27.7380420Z  84/148 files processed
2024-03-11T21:54:27.7442310Z  85/148 files processed
2024-03-11T21:54:27.7477154Z  86/148 files processed
2024-03-11T21:54:27.7490748Z  87/148 files processed
2024-03-11T21:54:27.7526873Z  88/148 files processed
2024-03-11T21:54:27.7536690Z  89/148 files processed
2024-03-11T21:54:27.7579745Z  90/148 files processed
2024-03-11T21:54:27.7605311Z  91/148 files processed
2024-03-11T21:54:27.7644806Z  92/148 files processed
2024-03-11T21:54:27.7653655Z  93/148 files processed
2024-03-11T21:54:27.7671504Z  94/148 files processed
2024-03-11T21:54:27.7694802Z  95/148 files processed
2024-03-11T21:54:27.7713225Z  96/148 files processed
2024-03-11T21:54:27.7720050Z  97/148 files processed
2024-03-11T21:54:27.7730341Z  98/148 files processed
2024-03-11T21:54:27.7734760Z  99/148 files processed
2024-03-11T21:54:27.7743281Z  100/148 files processed
2024-03-11T21:54:27.7752175Z  101/148 files processed
2024-03-11T21:54:27.7768241Z  102/148 files processed
2024-03-11T21:54:27.7772912Z  103/148 files processed
2024-03-11T21:54:27.7785102Z  104/148 files processed
2024-03-11T21:54:27.7810307Z  105/148 files processed
2024-03-11T21:54:27.7852409Z  106/148 files processed
2024-03-11T21:54:27.7860893Z  107/148 files processed
2024-03-11T21:54:27.7913035Z  108/148 files processed
2024-03-11T21:54:27.7918180Z  109/148 files processed
2024-03-11T21:54:27.7921808Z  110/148 files processed
2024-03-11T21:54:27.7925432Z  111/148 files processed
2024-03-11T21:54:27.7928458Z  112/148 files processed
2024-03-11T21:54:27.7951402Z  113/148 files processed
2024-03-11T21:54:27.7962641Z  114/148 files processed
2024-03-11T21:54:27.8028726Z  115/148 files processed
2024-03-11T21:54:27.8052014Z  116/148 files processed
2024-03-11T21:54:27.8074317Z  117/148 files processed
2024-03-11T21:54:27.8096045Z  118/148 files processed
2024-03-11T21:54:27.8108049Z  119/148 files processed
2024-03-11T21:54:27.8132995Z  120/148 files processed
2024-03-11T21:54:27.8157012Z  121/148 files processed
2024-03-11T21:54:27.8171633Z  122/148 files processed
2024-03-11T21:54:27.8181884Z  123/148 files processed
2024-03-11T21:54:27.8222748Z  124/148 files processed
2024-03-11T21:54:27.8227265Z  125/148 files processed
2024-03-11T21:54:27.8234207Z  126/148 files processed
2024-03-11T21:54:27.8265778Z  127/148 files processed
2024-03-11T21:54:27.8275986Z  128/148 files processed
2024-03-11T21:54:27.8280645Z  129/148 files processed
2024-03-11T21:54:27.8291705Z  130/148 files processed
2024-03-11T21:54:27.8303850Z  131/148 files processed
2024-03-11T21:54:27.8307979Z  132/148 files processed
2024-03-11T21:54:27.8308593Z  133/148 files processed
2024-03-11T21:54:27.8309948Z  134/148 files processed
2024-03-11T21:54:27.8310754Z  135/148 files processed
2024-03-11T21:54:27.8318438Z  136/148 files processed
2024-03-11T21:54:27.8326593Z  137/148 files processed
2024-03-11T21:54:27.8330970Z  138/148 files processed
2024-03-11T21:54:27.8335393Z  139/148 files processed
2024-03-11T21:54:27.8337104Z  140/148 files processed
2024-03-11T21:54:27.8339434Z  141/148 files processed
2024-03-11T21:54:27.8360522Z  142/148 files processed
2024-03-11T21:54:27.8367298Z  143/148 files processed
2024-03-11T21:54:27.8372500Z  144/148 files processed
2024-03-11T21:54:27.8375903Z  145/148 files processed
2024-03-11T21:54:27.8377991Z  146/148 files processed
2024-03-11T21:54:27.8380217Z  147/148 files processed
2024-03-11T21:54:27.8380982Z Processing routes...                    
2024-03-11T21:54:27.8594001Z Processing templates...                 
2024-03-11T21:54:27.8604084Z  0/379 templates processed
2024-03-11T21:54:27.8606404Z  1/379 templates processed
2024-03-11T21:54:27.8607981Z  2/379 templates processed
2024-03-11T21:54:27.8609309Z  3/379 templates processed
2024-03-11T21:54:27.8611830Z  4/379 templates processed
2024-03-11T21:54:27.8618906Z  5/379 templates processed
2024-03-11T21:54:27.8619864Z  6/379 templates processed
2024-03-11T21:54:27.8631645Z  7/379 templates processed
2024-03-11T21:54:27.8633220Z  8/379 templates processed
2024-03-11T21:54:27.8640138Z  9/379 templates processed
2024-03-11T21:54:27.8652361Z  10/379 templates processed
2024-03-11T21:54:27.8660480Z  11/379 templates processed
2024-03-11T21:54:27.8669344Z  12/379 templates processed
2024-03-11T21:54:27.8675146Z  13/379 templates processed
2024-03-11T21:54:27.8678964Z  14/379 templates processed
2024-03-11T21:54:27.8682714Z  15/379 templates processed
2024-03-11T21:54:27.8716222Z  16/379 templates processed
2024-03-11T21:54:27.8722166Z  17/379 templates processed
2024-03-11T21:54:27.8728093Z  18/379 templates processed
2024-03-11T21:54:27.8735489Z  19/379 templates processed
2024-03-11T21:54:27.8739283Z  20/379 templates processed
2024-03-11T21:54:27.8747466Z  21/379 templates processed
2024-03-11T21:54:27.8752805Z  22/379 templates processed
2024-03-11T21:54:27.8757554Z  23/379 templates processed
2024-03-11T21:54:27.8761424Z  24/379 templates processed
2024-03-11T21:54:27.8763642Z  25/379 templates processed
2024-03-11T21:54:27.8769868Z  26/379 templates processed
2024-03-11T21:54:27.8775620Z  27/379 templates processed
2024-03-11T21:54:27.8778821Z  28/379 templates processed
2024-03-11T21:54:27.8783946Z  29/379 templates processed
2024-03-11T21:54:27.8792324Z  30/379 templates processed
2024-03-11T21:54:27.8797986Z  31/379 templates processed
2024-03-11T21:54:27.8804173Z  32/379 templates processed
2024-03-11T21:54:27.8810310Z  33/379 templates processed
2024-03-11T21:54:27.8815220Z  34/379 templates processed
2024-03-11T21:54:27.8820001Z  35/379 templates processed
2024-03-11T21:54:27.8835251Z  36/379 templates processed
2024-03-11T21:54:27.8842689Z  37/379 templates processed
2024-03-11T21:54:27.8848728Z  38/379 templates processed
2024-03-11T21:54:27.8868726Z  39/379 templates processed
2024-03-11T21:54:27.8874260Z  40/379 templates processed
2024-03-11T21:54:27.8876826Z  41/379 templates processed
2024-03-11T21:54:27.8890079Z  42/379 templates processed
2024-03-11T21:54:27.8893288Z  43/379 templates processed
2024-03-11T21:54:27.8902406Z  44/379 templates processed
2024-03-11T21:54:27.8917841Z  45/379 templates processed
2024-03-11T21:54:27.8934608Z  46/379 templates processed
2024-03-11T21:54:27.8970849Z  47/379 templates processed
2024-03-11T21:54:27.8981931Z  48/379 templates processed
2024-03-11T21:54:27.9041887Z  49/379 templates processed
2024-03-11T21:54:27.9057493Z  50/379 templates processed
2024-03-11T21:54:27.9068819Z  51/379 templates processed
2024-03-11T21:54:27.9139577Z  52/379 templates processed
2024-03-11T21:54:27.9381801Z  53/379 templates processed
2024-03-11T21:54:27.9390971Z  54/379 templates processed
2024-03-11T21:54:27.9404414Z  55/379 templates processed
2024-03-11T21:54:27.9406855Z  56/379 templates processed
2024-03-11T21:54:27.9412943Z  57/379 templates processed
2024-03-11T21:54:27.9424021Z  58/379 templates processed
2024-03-11T21:54:27.9428500Z  59/379 templates processed
2024-03-11T21:54:27.9438526Z  60/379 templates processed
2024-03-11T21:54:27.9447121Z  61/379 templates processed
2024-03-11T21:54:27.9464485Z  62/379 templates processed
2024-03-11T21:54:27.9467307Z  63/379 templates processed
2024-03-11T21:54:27.9472195Z  64/379 templates processed
2024-03-11T21:54:27.9481768Z  65/379 templates processed
2024-03-11T21:54:27.9487530Z  66/379 templates processed
2024-03-11T21:54:27.9488611Z  67/379 templates processed
2024-03-11T21:54:27.9493841Z  68/379 templates processed
2024-03-11T21:54:27.9507011Z  69/379 templates processed
2024-03-11T21:54:27.9511454Z  70/379 templates processed
2024-03-11T21:54:27.9516495Z  71/379 templates processed
2024-03-11T21:54:27.9521757Z  72/379 templates processed
2024-03-11T21:54:27.9527553Z  73/379 templates processed
2024-03-11T21:54:27.9534103Z  74/379 templates processed
2024-03-11T21:54:27.9541911Z  75/379 templates processed
2024-03-11T21:54:27.9548100Z  76/379 templates processed
2024-03-11T21:54:27.9553356Z  77/379 templates processed
2024-03-11T21:54:27.9557373Z  78/379 templates processed
2024-03-11T21:54:27.9564365Z  79/379 templates processed
2024-03-11T21:54:27.9569409Z  80/379 templates processed
2024-03-11T21:54:27.9588617Z  81/379 templates processed
2024-03-11T21:54:27.9592961Z  82/379 templates processed
2024-03-11T21:54:27.9596609Z  83/379 templates processed
2024-03-11T21:54:27.9599947Z  84/379 templates processed
2024-03-11T21:54:27.9607115Z  85/379 templates processed
2024-03-11T21:54:27.9611055Z  86/379 templates processed
2024-03-11T21:54:27.9646279Z  87/379 templates processed
2024-03-11T21:54:27.9651690Z  88/379 templates processed
2024-03-11T21:54:27.9656178Z  89/379 templates processed
2024-03-11T21:54:27.9660532Z  90/379 templates processed
2024-03-11T21:54:27.9671201Z  91/379 templates processed
2024-03-11T21:54:27.9675226Z  92/379 templates processed
2024-03-11T21:54:27.9677761Z  93/379 templates processed
2024-03-11T21:54:27.9691790Z  94/379 templates processed
2024-03-11T21:54:27.9695067Z  95/379 templates processed
2024-03-11T21:54:27.9706760Z  96/379 templates processed
2024-03-11T21:54:27.9712702Z  97/379 templates processed
2024-03-11T21:54:27.9748206Z  98/379 templates processed
2024-03-11T21:54:27.9767948Z  99/379 templates processed
2024-03-11T21:54:27.9773221Z  100/379 templates processed
2024-03-11T21:54:27.9781086Z  101/379 templates processed
2024-03-11T21:54:27.9782868Z  102/379 templates processed
2024-03-11T21:54:27.9787691Z  103/379 templates processed
2024-03-11T21:54:27.9802918Z  104/379 templates processed
2024-03-11T21:54:27.9809811Z  105/379 templates processed
2024-03-11T21:54:27.9816175Z  106/379 templates processed
2024-03-11T21:54:27.9821837Z  107/379 templates processed
2024-03-11T21:54:27.9827499Z  108/379 templates processed
2024-03-11T21:54:27.9837294Z  109/379 templates processed
2024-03-11T21:54:27.9841764Z  110/379 templates processed
2024-03-11T21:54:27.9848674Z  111/379 templates processed
2024-03-11T21:54:27.9860691Z  112/379 templates processed
2024-03-11T21:54:27.9863983Z  113/379 templates processed
2024-03-11T21:54:27.9871615Z  114/379 templates processed
2024-03-11T21:54:27.9873208Z  115/379 templates processed
2024-03-11T21:54:27.9880190Z  116/379 templates processed
2024-03-11T21:54:27.9897762Z  117/379 templates processed
2024-03-11T21:54:27.9905770Z  118/379 templates processed
2024-03-11T21:54:27.9907468Z  119/379 templates processed
2024-03-11T21:54:27.9918622Z  120/379 templates processed
2024-03-11T21:54:27.9919793Z  121/379 templates processed
2024-03-11T21:54:27.9922336Z  122/379 templates processed
2024-03-11T21:54:27.9923436Z  123/379 templates processed
2024-03-11T21:54:27.9924816Z  124/379 templates processed
2024-03-11T21:54:27.9925992Z  125/379 templates processed
2024-03-11T21:54:27.9927220Z  126/379 templates processed
2024-03-11T21:54:27.9942784Z  127/379 templates processed
2024-03-11T21:54:27.9951514Z  128/379 templates processed
2024-03-11T21:54:27.9961834Z  129/379 templates processed
2024-03-11T21:54:27.9965443Z  130/379 templates processed
2024-03-11T21:54:27.9970242Z  131/379 templates processed
2024-03-11T21:54:27.9972896Z  132/379 templates processed
2024-03-11T21:54:27.9976423Z  133/379 templates processed
2024-03-11T21:54:27.9979714Z  134/379 templates processed
2024-03-11T21:54:27.9983140Z  135/379 templates processed
2024-03-11T21:54:27.9987681Z  136/379 templates processed
2024-03-11T21:54:27.9992318Z  137/379 templates processed
2024-03-11T21:54:27.9997174Z  138/379 templates processed
2024-03-11T21:54:28.0005122Z  139/379 templates processed
2024-03-11T21:54:28.0023594Z  140/379 templates processed
2024-03-11T21:54:28.0030110Z  141/379 templates processed
2024-03-11T21:54:28.0033310Z  142/379 templates processed
2024-03-11T21:54:28.0041532Z  143/379 templates processed
2024-03-11T21:54:28.0047020Z  144/379 templates processed
2024-03-11T21:54:28.0052410Z  145/379 templates processed
2024-03-11T21:54:28.0055388Z  146/379 templates processed
2024-03-11T21:54:28.0080760Z  147/379 templates processed
2024-03-11T21:54:28.0083688Z  148/379 templates processed
2024-03-11T21:54:28.0085783Z  149/379 templates processed
2024-03-11T21:54:28.0090521Z  150/379 templates processed
2024-03-11T21:54:28.0102621Z  151/379 templates processed
2024-03-11T21:54:28.0107461Z  152/379 templates processed
2024-03-11T21:54:28.0120284Z  153/379 templates processed
2024-03-11T21:54:28.0123026Z  154/379 templates processed
2024-03-11T21:54:28.0125389Z  155/379 templates processed
2024-03-11T21:54:28.0127967Z  156/379 templates processed
2024-03-11T21:54:28.0130562Z  157/379 templates processed
2024-03-11T21:54:28.0136718Z  158/379 templates processed
2024-03-11T21:54:28.0142985Z  159/379 templates processed
2024-03-11T21:54:28.0146033Z  160/379 templates processed
2024-03-11T21:54:28.0155478Z  161/379 templates processed
2024-03-11T21:54:28.0165142Z  162/379 templates processed
2024-03-11T21:54:28.0179113Z  163/379 templates processed
2024-03-11T21:54:28.0187280Z  164/379 templates processed
2024-03-11T21:54:28.0191384Z  165/379 templates processed
2024-03-11T21:54:28.0197966Z  166/379 templates processed
2024-03-11T21:54:28.0202917Z  167/379 templates processed
2024-03-11T21:54:28.0229801Z  168/379 templates processed
2024-03-11T21:54:28.0250824Z  169/379 templates processed
2024-03-11T21:54:28.0306456Z  170/379 templates processed
2024-03-11T21:54:28.0307975Z  171/379 templates processed
2024-03-11T21:54:28.0324752Z  172/379 templates processed
2024-03-11T21:54:28.0335936Z  173/379 templates processed
2024-03-11T21:54:28.0338152Z  174/379 templates processed
2024-03-11T21:54:28.0341772Z  175/379 templates processed
2024-03-11T21:54:28.0342846Z  176/379 templates processed
2024-03-11T21:54:28.0345363Z  177/379 templates processed
2024-03-11T21:54:28.0347793Z  178/379 templates processed
2024-03-11T21:54:28.0349075Z  179/379 templates processed
2024-03-11T21:54:28.0355024Z  180/379 templates processed
2024-03-11T21:54:28.0382224Z  181/379 templates processed
2024-03-11T21:54:28.0390538Z  182/379 templates processed
2024-03-11T21:54:28.0399427Z  183/379 templates processed
2024-03-11T21:54:28.0403985Z  184/379 templates processed
2024-03-11T21:54:28.0408371Z  185/379 templates processed
2024-03-11T21:54:28.0411813Z  186/379 templates processed
2024-03-11T21:54:28.0417477Z  187/379 templates processed
2024-03-11T21:54:28.0420513Z  188/379 templates processed
2024-03-11T21:54:28.0425281Z  189/379 templates processed
2024-03-11T21:54:28.0430870Z  190/379 templates processed
2024-03-11T21:54:28.0437314Z  191/379 templates processed
2024-03-11T21:54:28.0439365Z  192/379 templates processed
2024-03-11T21:54:28.0445526Z  193/379 templates processed
2024-03-11T21:54:28.0448413Z  194/379 templates processed
2024-03-11T21:54:28.0474165Z  195/379 templates processed
2024-03-11T21:54:28.0477433Z  196/379 templates processed
2024-03-11T21:54:28.0505604Z  197/379 templates processed
2024-03-11T21:54:28.0508660Z  198/379 templates processed
2024-03-11T21:54:28.0514835Z  199/379 templates processed
2024-03-11T21:54:28.0519840Z  200/379 templates processed
2024-03-11T21:54:28.0524220Z  201/379 templates processed
2024-03-11T21:54:28.0526860Z  202/379 templates processed
2024-03-11T21:54:28.0530378Z  203/379 templates processed
2024-03-11T21:54:28.0542721Z  204/379 templates processed
2024-03-11T21:54:28.0550788Z  205/379 templates processed
2024-03-11T21:54:28.0569304Z  206/379 templates processed
2024-03-11T21:54:28.0574465Z  207/379 templates processed
2024-03-11T21:54:28.0584587Z  208/379 templates processed
2024-03-11T21:54:28.0591411Z  209/379 templates processed
2024-03-11T21:54:28.0595222Z  210/379 templates processed
2024-03-11T21:54:28.0602228Z  211/379 templates processed
2024-03-11T21:54:28.0607135Z  212/379 templates processed
2024-03-11T21:54:28.0611696Z  213/379 templates processed
2024-03-11T21:54:28.0619180Z  214/379 templates processed
2024-03-11T21:54:28.0635053Z  215/379 templates processed
2024-03-11T21:54:28.0642250Z  216/379 templates processed
2024-03-11T21:54:28.0647154Z  217/379 templates processed
2024-03-11T21:54:28.0655331Z  218/379 templates processed
2024-03-11T21:54:28.0657951Z  219/379 templates processed
2024-03-11T21:54:28.0662278Z  220/379 templates processed
2024-03-11T21:54:28.0695818Z  221/379 templates processed
2024-03-11T21:54:28.0703155Z  222/379 templates processed
2024-03-11T21:54:28.0706831Z  223/379 templates processed
2024-03-11T21:54:28.0711489Z  224/379 templates processed
2024-03-11T21:54:28.0718196Z  225/379 templates processed
2024-03-11T21:54:28.0726217Z  226/379 templates processed
2024-03-11T21:54:28.0729379Z  227/379 templates processed
2024-03-11T21:54:28.0734556Z  228/379 templates processed
2024-03-11T21:54:28.0760889Z  229/379 templates processed
2024-03-11T21:54:28.0766955Z  230/379 templates processed
2024-03-11T21:54:28.0771986Z  231/379 templates processed
2024-03-11T21:54:28.0781854Z  232/379 templates processed
2024-03-11T21:54:28.0784561Z  233/379 templates processed
2024-03-11T21:54:28.0788955Z  234/379 templates processed
2024-03-11T21:54:28.0810091Z  235/379 templates processed
2024-03-11T21:54:28.0817405Z  236/379 templates processed
2024-03-11T21:54:28.0828377Z  237/379 templates processed
2024-03-11T21:54:28.0830805Z  238/379 templates processed
2024-03-11T21:54:28.0834167Z  239/379 templates processed
2024-03-11T21:54:28.0838436Z  240/379 templates processed
2024-03-11T21:54:28.0840975Z  241/379 templates processed
2024-03-11T21:54:28.0847374Z  242/379 templates processed
2024-03-11T21:54:28.0852282Z  243/379 templates processed
2024-03-11T21:54:28.0862388Z  244/379 templates processed
2024-03-11T21:54:28.0866570Z  245/379 templates processed
2024-03-11T21:54:28.0876884Z  246/379 templates processed
2024-03-11T21:54:28.0880972Z  247/379 templates processed
2024-03-11T21:54:28.0890003Z  248/379 templates processed
2024-03-11T21:54:28.0904016Z  249/379 templates processed
2024-03-11T21:54:28.0907298Z  250/379 templates processed
2024-03-11T21:54:28.0912383Z  251/379 templates processed
2024-03-11T21:54:28.0917405Z  252/379 templates processed
2024-03-11T21:54:28.0921287Z  253/379 templates processed
2024-03-11T21:54:28.0924140Z  254/379 templates processed
2024-03-11T21:54:28.0932364Z  255/379 templates processed
2024-03-11T21:54:28.0935303Z  256/379 templates processed
2024-03-11T21:54:28.0945146Z  257/379 templates processed
2024-03-11T21:54:28.0948494Z  258/379 templates processed
2024-03-11T21:54:28.0959116Z  259/379 templates processed
2024-03-11T21:54:28.0961251Z  260/379 templates processed
2024-03-11T21:54:28.0969797Z  261/379 templates processed
2024-03-11T21:54:28.1000180Z  262/379 templates processed
2024-03-11T21:54:28.1003329Z  263/379 templates processed
2024-03-11T21:54:28.1008398Z  264/379 templates processed
2024-03-11T21:54:28.1012019Z  265/379 templates processed
2024-03-11T21:54:28.1015041Z  266/379 templates processed
2024-03-11T21:54:28.1017422Z  267/379 templates processed
2024-03-11T21:54:28.1023346Z  268/379 templates processed
2024-03-11T21:54:28.1025872Z  269/379 templates processed
2024-03-11T21:54:28.1035083Z  270/379 templates processed
2024-03-11T21:54:28.1038956Z  271/379 templates processed
2024-03-11T21:54:28.1041512Z  272/379 templates processed
2024-03-11T21:54:28.1042886Z  273/379 templates processed
2024-03-11T21:54:28.1046578Z  274/379 templates processed
2024-03-11T21:54:28.1050566Z  275/379 templates processed
2024-03-11T21:54:28.1056529Z  276/379 templates processed
2024-03-11T21:54:28.1058042Z  277/379 templates processed
2024-03-11T21:54:28.1062360Z  278/379 templates processed
2024-03-11T21:54:28.1072260Z  279/379 templates processed
2024-03-11T21:54:28.1079416Z  280/379 templates processed
2024-03-11T21:54:28.1116489Z  281/379 templates processed
2024-03-11T21:54:28.1121175Z  282/379 templates processed
2024-03-11T21:54:28.1125989Z  283/379 templates processed
2024-03-11T21:54:28.1133471Z  284/379 templates processed
2024-03-11T21:54:28.1141822Z  285/379 templates processed
2024-03-11T21:54:28.1146036Z  286/379 templates processed
2024-03-11T21:54:28.1149923Z  287/379 templates processed
2024-03-11T21:54:28.1152102Z  288/379 templates processed
2024-03-11T21:54:28.1156234Z  289/379 templates processed
2024-03-11T21:54:28.1163659Z  290/379 templates processed
2024-03-11T21:54:28.1167255Z  291/379 templates processed
2024-03-11T21:54:28.1169016Z  292/379 templates processed
2024-03-11T21:54:28.1176570Z  293/379 templates processed
2024-03-11T21:54:28.1181054Z  294/379 templates processed
2024-03-11T21:54:28.1184180Z  295/379 templates processed
2024-03-11T21:54:28.1186752Z  296/379 templates processed
2024-03-11T21:54:28.1190621Z  297/379 templates processed
2024-03-11T21:54:28.1207034Z  298/379 templates processed
2024-03-11T21:54:28.1224325Z  299/379 templates processed
2024-03-11T21:54:28.1240093Z  300/379 templates processed
2024-03-11T21:54:28.1321759Z  301/379 templates processed
2024-03-11T21:54:28.1686974Z  302/379 templates processed
2024-03-11T21:54:28.1694609Z  303/379 templates processed
2024-03-11T21:54:28.1706397Z  304/379 templates processed
2024-03-11T21:54:28.1708277Z  305/379 templates processed
2024-03-11T21:54:28.1712553Z  306/379 templates processed
2024-03-11T21:54:28.1721772Z  307/379 templates processed
2024-03-11T21:54:28.1734685Z  308/379 templates processed
2024-03-11T21:54:28.1739845Z  309/379 templates processed
2024-03-11T21:54:28.1747312Z  310/379 templates processed
2024-03-11T21:54:28.1752926Z  311/379 templates processed
2024-03-11T21:54:28.1756852Z  312/379 templates processed
2024-03-11T21:54:28.1763192Z  313/379 templates processed
2024-03-11T21:54:28.1771373Z  314/379 templates processed
2024-03-11T21:54:28.1773624Z  315/379 templates processed
2024-03-11T21:54:28.1780788Z  316/379 templates processed
2024-03-11T21:54:28.1782457Z  317/379 templates processed
2024-03-11T21:54:28.1790512Z  318/379 templates processed
2024-03-11T21:54:28.1800570Z  319/379 templates processed
2024-03-11T21:54:28.1814728Z  320/379 templates processed
2024-03-11T21:54:28.1822148Z  321/379 templates processed
2024-03-11T21:54:28.1825113Z  322/379 templates processed
2024-03-11T21:54:28.1829974Z  323/379 templates processed
2024-03-11T21:54:28.1832364Z  324/379 templates processed
2024-03-11T21:54:28.1840668Z  325/379 templates processed
2024-03-11T21:54:28.1842921Z  326/379 templates processed
2024-03-11T21:54:28.1845204Z  327/379 templates processed
2024-03-11T21:54:28.1846406Z  328/379 templates processed
2024-03-11T21:54:28.1847050Z  329/379 templates processed
2024-03-11T21:54:28.1850600Z  330/379 templates processed
2024-03-11T21:54:28.1854833Z  331/379 templates processed
2024-03-11T21:54:28.1863474Z  332/379 templates processed
2024-03-11T21:54:28.1864146Z  333/379 templates processed
2024-03-11T21:54:28.1871833Z  334/379 templates processed
2024-03-11T21:54:28.1878090Z  335/379 templates processed
2024-03-11T21:54:28.1880126Z  336/379 templates processed
2024-03-11T21:54:28.1882793Z  337/379 templates processed
2024-03-11T21:54:28.1892051Z  338/379 templates processed
2024-03-11T21:54:28.1896252Z  339/379 templates processed
2024-03-11T21:54:28.1916476Z  340/379 templates processed
2024-03-11T21:54:28.1920023Z  341/379 templates processed
2024-03-11T21:54:28.1935036Z  342/379 templates processed
2024-03-11T21:54:28.1939516Z  343/379 templates processed
2024-03-11T21:54:28.1948375Z  344/379 templates processed
2024-03-11T21:54:28.1969734Z  345/379 templates processed
2024-03-11T21:54:28.1979141Z  346/379 templates processed
2024-03-11T21:54:28.1981659Z  347/379 templates processed
2024-03-11T21:54:28.1985754Z  348/379 templates processed
2024-03-11T21:54:28.1998874Z  349/379 templates processed
2024-03-11T21:54:28.2003091Z  350/379 templates processed
2024-03-11T21:54:28.2008644Z  351/379 templates processed
2024-03-11T21:54:28.2013608Z  352/379 templates processed
2024-03-11T21:54:28.2018469Z  353/379 templates processed
2024-03-11T21:54:28.2024056Z  354/379 templates processed
2024-03-11T21:54:28.2026220Z  355/379 templates processed
2024-03-11T21:54:28.2028727Z  356/379 templates processed
2024-03-11T21:54:28.2035638Z  357/379 templates processed
2024-03-11T21:54:28.2036847Z  358/379 templates processed
2024-03-11T21:54:28.2040416Z  359/379 templates processed
2024-03-11T21:54:28.2042435Z  360/379 templates processed
2024-03-11T21:54:28.2051187Z  361/379 templates processed
2024-03-11T21:54:28.2056919Z  362/379 templates processed
2024-03-11T21:54:28.2060960Z  363/379 templates processed
2024-03-11T21:54:28.2073539Z  364/379 templates processed
2024-03-11T21:54:28.2074826Z  365/379 templates processed
2024-03-11T21:54:28.2079962Z  366/379 templates processed
2024-03-11T21:54:28.2083572Z  367/379 templates processed
2024-03-11T21:54:28.2089791Z  368/379 templates processed
2024-03-11T21:54:28.2093518Z  369/379 templates processed
2024-03-11T21:54:28.2100853Z  370/379 templates processed
2024-03-11T21:54:28.2104918Z  371/379 templates processed
2024-03-11T21:54:28.2109007Z  372/379 templates processed
2024-03-11T21:54:28.2111189Z  373/379 templates processed
2024-03-11T21:54:28.2115132Z  374/379 templates processed
2024-03-11T21:54:28.2122336Z  375/379 templates processed
2024-03-11T21:54:28.2126058Z  376/379 templates processed
2024-03-11T21:54:28.2127852Z  377/379 templates processed
2024-03-11T21:54:28.2135319Z  378/379 templates processed
2024-03-11T21:54:28.2135991Z Processing data flow in templates...    
2024-03-11T21:54:28.2148987Z  0/372 templates processed
2024-03-11T21:54:28.2151199Z  1/372 templates processed
2024-03-11T21:54:28.2152249Z  2/372 templates processed
2024-03-11T21:54:28.2153145Z  3/372 templates processed
2024-03-11T21:54:28.2154642Z  4/372 templates processed
2024-03-11T21:54:28.2158430Z  5/372 templates processed
2024-03-11T21:54:28.2159205Z  6/372 templates processed
2024-03-11T21:54:28.2174382Z  7/372 templates processed
2024-03-11T21:54:28.2175459Z  8/372 templates processed
2024-03-11T21:54:28.2180489Z  9/372 templates processed
2024-03-11T21:54:28.2197105Z  10/372 templates processed
2024-03-11T21:54:28.2235467Z  11/372 templates processed
2024-03-11T21:54:28.2240975Z  12/372 templates processed
2024-03-11T21:54:28.2247803Z  13/372 templates processed
2024-03-11T21:54:28.2250808Z  14/372 templates processed
2024-03-11T21:54:28.2267203Z  15/372 templates processed
2024-03-11T21:54:28.2273350Z  16/372 templates processed
2024-03-11T21:54:28.2278086Z  17/372 templates processed
2024-03-11T21:54:28.2282713Z  18/372 templates processed
2024-03-11T21:54:28.2287343Z  19/372 templates processed
2024-03-11T21:54:28.2299371Z  20/372 templates processed
2024-03-11T21:54:28.2325805Z  21/372 templates processed
2024-03-11T21:54:28.2328781Z  22/372 templates processed
2024-03-11T21:54:28.2332340Z  23/372 templates processed
2024-03-11T21:54:28.2355399Z  24/372 templates processed
2024-03-11T21:54:28.2357324Z  25/372 templates processed
2024-03-11T21:54:28.2360604Z  26/372 templates processed
2024-03-11T21:54:28.2374202Z  27/372 templates processed
2024-03-11T21:54:28.2382588Z  28/372 templates processed
2024-03-11T21:54:28.2387042Z  29/372 templates processed
2024-03-11T21:54:28.2391461Z  30/372 templates processed
2024-03-11T21:54:28.2397997Z  31/372 templates processed
2024-03-11T21:54:28.2403021Z  32/372 templates processed
2024-03-11T21:54:28.2418800Z  33/372 templates processed
2024-03-11T21:54:28.2422462Z  34/372 templates processed
2024-03-11T21:54:28.2426481Z  35/372 templates processed
2024-03-11T21:54:28.2439279Z  36/372 templates processed
2024-03-11T21:54:28.2443609Z  37/372 templates processed
2024-03-11T21:54:28.2447923Z  38/372 templates processed
2024-03-11T21:54:28.2481354Z  39/372 templates processed
2024-03-11T21:54:28.2493874Z  40/372 templates processed
2024-03-11T21:54:28.2514218Z  41/372 templates processed
2024-03-11T21:54:28.2600381Z  42/372 templates processed
2024-03-11T21:54:28.2608468Z  43/372 templates processed
2024-03-11T21:54:28.2611646Z  44/372 templates processed
2024-03-11T21:54:28.2615259Z  45/372 templates processed
2024-03-11T21:54:28.2617886Z  46/372 templates processed
2024-03-11T21:54:28.2626252Z  47/372 templates processed
2024-03-11T21:54:28.2633522Z  48/372 templates processed
2024-03-11T21:54:28.2636392Z  49/372 templates processed
2024-03-11T21:54:28.2639303Z  50/372 templates processed
2024-03-11T21:54:28.2645079Z  51/372 templates processed
2024-03-11T21:54:28.2649016Z  52/372 templates processed
2024-03-11T21:54:28.2668336Z  53/372 templates processed
2024-03-11T21:54:28.2677539Z  54/372 templates processed
2024-03-11T21:54:28.2682407Z  55/372 templates processed
2024-03-11T21:54:28.2688671Z  56/372 templates processed
2024-03-11T21:54:28.2703075Z  57/372 templates processed
2024-03-11T21:54:28.2712016Z  58/372 templates processed
2024-03-11T21:54:28.2715302Z  59/372 templates processed
2024-03-11T21:54:28.2730314Z  60/372 templates processed
2024-03-11T21:54:28.2732091Z  61/372 templates processed
2024-03-11T21:54:28.2735603Z  62/372 templates processed
2024-03-11T21:54:28.2741152Z  63/372 templates processed
2024-03-11T21:54:28.2746107Z  64/372 templates processed
2024-03-11T21:54:28.2747090Z  65/372 templates processed
2024-03-11T21:54:28.2761325Z  66/372 templates processed
2024-03-11T21:54:28.2777961Z  67/372 templates processed
2024-03-11T21:54:28.2781594Z  68/372 templates processed
2024-03-11T21:54:28.2785598Z  69/372 templates processed
2024-03-11T21:54:28.2787484Z  70/372 templates processed
2024-03-11T21:54:28.2791559Z  71/372 templates processed
2024-03-11T21:54:28.2797048Z  72/372 templates processed
2024-03-11T21:54:28.2811359Z  73/372 templates processed
2024-03-11T21:54:28.2815467Z  74/372 templates processed
2024-03-11T21:54:28.2819155Z  75/372 templates processed
2024-03-11T21:54:28.2821931Z  76/372 templates processed
2024-03-11T21:54:28.2824430Z  77/372 templates processed
2024-03-11T21:54:28.2828511Z  78/372 templates processed
2024-03-11T21:54:28.2861531Z  79/372 templates processed
2024-03-11T21:54:28.2865139Z  80/372 templates processed
2024-03-11T21:54:28.2884236Z  81/372 templates processed
2024-03-11T21:54:28.2886440Z  82/372 templates processed
2024-03-11T21:54:28.2889479Z  83/372 templates processed
2024-03-11T21:54:28.2891754Z  84/372 templates processed
2024-03-11T21:54:28.3009646Z  85/372 templates processed
2024-03-11T21:54:28.3015342Z  86/372 templates processed
2024-03-11T21:54:28.3029708Z  87/372 templates processed
2024-03-11T21:54:28.3033563Z  88/372 templates processed
2024-03-11T21:54:28.3037132Z  89/372 templates processed
2024-03-11T21:54:28.3039962Z  90/372 templates processed
2024-03-11T21:54:28.3041223Z  91/372 templates processed
2024-03-11T21:54:28.3052908Z  92/372 templates processed
2024-03-11T21:54:28.3054996Z  93/372 templates processed
2024-03-11T21:54:28.3068000Z  94/372 templates processed
2024-03-11T21:54:28.3072066Z  95/372 templates processed
2024-03-11T21:54:28.3100800Z  96/372 templates processed
2024-03-11T21:54:28.3150223Z  97/372 templates processed
2024-03-11T21:54:28.3155894Z  98/372 templates processed
2024-03-11T21:54:28.3175537Z  99/372 templates processed
2024-03-11T21:54:28.3177041Z  100/372 templates processed
2024-03-11T21:54:28.3180439Z  101/372 templates processed
2024-03-11T21:54:28.3201195Z  102/372 templates processed
2024-03-11T21:54:28.3207741Z  103/372 templates processed
2024-03-11T21:54:28.3211015Z  104/372 templates processed
2024-03-11T21:54:28.3215409Z  105/372 templates processed
2024-03-11T21:54:28.3229765Z  106/372 templates processed
2024-03-11T21:54:28.3263858Z  107/372 templates processed
2024-03-11T21:54:28.3267374Z  108/372 templates processed
2024-03-11T21:54:28.3272506Z  109/372 templates processed
2024-03-11T21:54:28.3285418Z  110/372 templates processed
2024-03-11T21:54:28.3287524Z  111/372 templates processed
2024-03-11T21:54:28.3292049Z  112/372 templates processed
2024-03-11T21:54:28.3293340Z  113/372 templates processed
2024-03-11T21:54:28.3322213Z  114/372 templates processed
2024-03-11T21:54:28.3347670Z  115/372 templates processed
2024-03-11T21:54:28.3353802Z  116/372 templates processed
2024-03-11T21:54:28.3355305Z  117/372 templates processed
2024-03-11T21:54:28.3384146Z  118/372 templates processed
2024-03-11T21:54:28.3385030Z  119/372 templates processed
2024-03-11T21:54:28.3386127Z  120/372 templates processed
2024-03-11T21:54:28.3387222Z  121/372 templates processed
2024-03-11T21:54:28.3387911Z  122/372 templates processed
2024-03-11T21:54:28.3388743Z  123/372 templates processed
2024-03-11T21:54:28.3389677Z  124/372 templates processed
2024-03-11T21:54:28.3427416Z  125/372 templates processed
2024-03-11T21:54:28.3435519Z  126/372 templates processed
2024-03-11T21:54:28.3482129Z  127/372 templates processed
2024-03-11T21:54:28.3484343Z  128/372 templates processed
2024-03-11T21:54:28.3493482Z  129/372 templates processed
2024-03-11T21:54:28.3514089Z  130/372 templates processed
2024-03-11T21:54:28.3522601Z  131/372 templates processed
2024-03-11T21:54:28.3529736Z  132/372 templates processed
2024-03-11T21:54:28.3533469Z  133/372 templates processed
2024-03-11T21:54:28.3545976Z  134/372 templates processed
2024-03-11T21:54:28.3549557Z  135/372 templates processed
2024-03-11T21:54:28.3557271Z  136/372 templates processed
2024-03-11T21:54:28.3575965Z  137/372 templates processed
2024-03-11T21:54:28.3580930Z  138/372 templates processed
2024-03-11T21:54:28.3599815Z  139/372 templates processed
2024-03-11T21:54:28.3606264Z  140/372 templates processed
2024-03-11T21:54:28.3613210Z  141/372 templates processed
2024-03-11T21:54:28.3620784Z  142/372 templates processed
2024-03-11T21:54:28.3637657Z  143/372 templates processed
2024-03-11T21:54:28.3656374Z  144/372 templates processed
2024-03-11T21:54:28.3678221Z  145/372 templates processed
2024-03-11T21:54:28.3679808Z  146/372 templates processed
2024-03-11T21:54:28.3712428Z  147/372 templates processed
2024-03-11T21:54:28.3751730Z  148/372 templates processed
2024-03-11T21:54:28.3755494Z  149/372 templates processed
2024-03-11T21:54:28.3767791Z  150/372 templates processed
2024-03-11T21:54:28.3770024Z  151/372 templates processed
2024-03-11T21:54:28.3772074Z  152/372 templates processed
2024-03-11T21:54:28.3774249Z  153/372 templates processed
2024-03-11T21:54:28.3776821Z  154/372 templates processed
2024-03-11T21:54:28.3780347Z  155/372 templates processed
2024-03-11T21:54:28.3784340Z  156/372 templates processed
2024-03-11T21:54:28.3786984Z  157/372 templates processed
2024-03-11T21:54:28.3795140Z  158/372 templates processed
2024-03-11T21:54:28.3805176Z  159/372 templates processed
2024-03-11T21:54:28.3818976Z  160/372 templates processed
2024-03-11T21:54:28.3824980Z  161/372 templates processed
2024-03-11T21:54:28.3841196Z  162/372 templates processed
2024-03-11T21:54:28.3845507Z  163/372 templates processed
2024-03-11T21:54:28.3848831Z  164/372 templates processed
2024-03-11T21:54:28.3868255Z  165/372 templates processed
2024-03-11T21:54:28.3888153Z  166/372 templates processed
2024-03-11T21:54:28.3950211Z  167/372 templates processed
2024-03-11T21:54:28.3951230Z  168/372 templates processed
2024-03-11T21:54:28.4143328Z  169/372 templates processed
2024-03-11T21:54:28.4153341Z  170/372 templates processed
2024-03-11T21:54:28.4164524Z  171/372 templates processed
2024-03-11T21:54:28.4167528Z  172/372 templates processed
2024-03-11T21:54:28.4168320Z  173/372 templates processed
2024-03-11T21:54:28.4169967Z  174/372 templates processed
2024-03-11T21:54:28.4178164Z  175/372 templates processed
2024-03-11T21:54:28.4179063Z  176/372 templates processed
2024-03-11T21:54:28.4183257Z  177/372 templates processed
2024-03-11T21:54:28.4217436Z  178/372 templates processed
2024-03-11T21:54:28.4224236Z  179/372 templates processed
2024-03-11T21:54:28.4230085Z  180/372 templates processed
2024-03-11T21:54:28.4235011Z  181/372 templates processed
2024-03-11T21:54:28.4239252Z  182/372 templates processed
2024-03-11T21:54:28.4242714Z  183/372 templates processed
2024-03-11T21:54:28.4253543Z  184/372 templates processed
2024-03-11T21:54:28.4256109Z  185/372 templates processed
2024-03-11T21:54:28.4261317Z  186/372 templates processed
2024-03-11T21:54:28.4272458Z  187/372 templates processed
2024-03-11T21:54:28.4276834Z  188/372 templates processed
2024-03-11T21:54:28.4284101Z  189/372 templates processed
2024-03-11T21:54:28.4289321Z  190/372 templates processed
2024-03-11T21:54:28.4291585Z  191/372 templates processed
2024-03-11T21:54:28.4309193Z  192/372 templates processed
2024-03-11T21:54:28.4311420Z  193/372 templates processed
2024-03-11T21:54:28.4340629Z  194/372 templates processed
2024-03-11T21:54:28.4343935Z  195/372 templates processed
2024-03-11T21:54:28.4349492Z  196/372 templates processed
2024-03-11T21:54:28.4363715Z  197/372 templates processed
2024-03-11T21:54:28.4367772Z  198/372 templates processed
2024-03-11T21:54:28.4369549Z  199/372 templates processed
2024-03-11T21:54:28.4372402Z  200/372 templates processed
2024-03-11T21:54:28.4400716Z  201/372 templates processed
2024-03-11T21:54:28.4406545Z  202/372 templates processed
2024-03-11T21:54:28.4431133Z  203/372 templates processed
2024-03-11T21:54:28.4522518Z  204/372 templates processed
2024-03-11T21:54:28.4530136Z  205/372 templates processed
2024-03-11T21:54:28.4539754Z  206/372 templates processed
2024-03-11T21:54:28.4542549Z  207/372 templates processed
2024-03-11T21:54:28.4552468Z  208/372 templates processed
2024-03-11T21:54:28.4569811Z  209/372 templates processed
2024-03-11T21:54:28.4573808Z  210/372 templates processed
2024-03-11T21:54:28.4578999Z  211/372 templates processed
2024-03-11T21:54:28.4593056Z  212/372 templates processed
2024-03-11T21:54:28.4598048Z  213/372 templates processed
2024-03-11T21:54:28.4629074Z  214/372 templates processed
2024-03-11T21:54:28.4643088Z  215/372 templates processed
2024-03-11T21:54:28.4646676Z  216/372 templates processed
2024-03-11T21:54:28.4658501Z  217/372 templates processed
2024-03-11T21:54:28.4663492Z  218/372 templates processed
2024-03-11T21:54:28.4666332Z  219/372 templates processed
2024-03-11T21:54:28.4670419Z  220/372 templates processed
2024-03-11T21:54:28.4714547Z  221/372 templates processed
2024-03-11T21:54:28.4718548Z  222/372 templates processed
2024-03-11T21:54:28.4721204Z  223/372 templates processed
2024-03-11T21:54:28.4750947Z  224/372 templates processed
2024-03-11T21:54:28.4769092Z  225/372 templates processed
2024-03-11T21:54:28.4774138Z  226/372 templates processed
2024-03-11T21:54:28.5113583Z  227/372 templates processed
2024-03-11T21:54:28.5206954Z  228/372 templates processed
2024-03-11T21:54:28.5221969Z  229/372 templates processed
2024-03-11T21:54:28.5278739Z  230/372 templates processed
2024-03-11T21:54:28.5284854Z  231/372 templates processed
2024-03-11T21:54:28.5301060Z  232/372 templates processed
2024-03-11T21:54:28.5303274Z  233/372 templates processed
2024-03-11T21:54:28.5313822Z  234/372 templates processed
2024-03-11T21:54:28.5340965Z  235/372 templates processed
2024-03-11T21:54:28.5347698Z  236/372 templates processed
2024-03-11T21:54:28.5368944Z  237/372 templates processed
2024-03-11T21:54:28.5372527Z  238/372 templates processed
2024-03-11T21:54:28.5416551Z  239/372 templates processed
2024-03-11T21:54:28.5419612Z  240/372 templates processed
2024-03-11T21:54:28.5429639Z  241/372 templates processed
2024-03-11T21:54:28.5446415Z  242/372 templates processed
2024-03-11T21:54:28.5458243Z  243/372 templates processed
2024-03-11T21:54:28.5462775Z  244/372 templates processed
2024-03-11T21:54:28.5468418Z  245/372 templates processed
2024-03-11T21:54:28.5474024Z  246/372 templates processed
2024-03-11T21:54:28.5477394Z  247/372 templates processed
2024-03-11T21:54:28.5482732Z  248/372 templates processed
2024-03-11T21:54:28.5485678Z  249/372 templates processed
2024-03-11T21:54:28.5500059Z  250/372 templates processed
2024-03-11T21:54:28.5503731Z  251/372 templates processed
2024-03-11T21:54:28.5542090Z  252/372 templates processed
2024-03-11T21:54:28.5543912Z  253/372 templates processed
2024-03-11T21:54:28.5553966Z  254/372 templates processed
2024-03-11T21:54:28.5561783Z  255/372 templates processed
2024-03-11T21:54:28.5568822Z  256/372 templates processed
2024-03-11T21:54:28.5572241Z  257/372 templates processed
2024-03-11T21:54:28.5574967Z  258/372 templates processed
2024-03-11T21:54:28.5577351Z  259/372 templates processed
2024-03-11T21:54:28.5579279Z  260/372 templates processed
2024-03-11T21:54:28.5585050Z  261/372 templates processed
2024-03-11T21:54:28.5586947Z  262/372 templates processed
2024-03-11T21:54:28.5594585Z  263/372 templates processed
2024-03-11T21:54:28.5596293Z  264/372 templates processed
2024-03-11T21:54:28.5598334Z  265/372 templates processed
2024-03-11T21:54:28.5599762Z  266/372 templates processed
2024-03-11T21:54:28.5602765Z  267/372 templates processed
2024-03-11T21:54:28.5609405Z  268/372 templates processed
2024-03-11T21:54:28.5613635Z  269/372 templates processed
2024-03-11T21:54:28.5614936Z  270/372 templates processed
2024-03-11T21:54:28.5626480Z  271/372 templates processed
2024-03-11T21:54:28.5646557Z  272/372 templates processed
2024-03-11T21:54:28.5655392Z  273/372 templates processed
2024-03-11T21:54:28.5819153Z  274/372 templates processed
2024-03-11T21:54:28.5826475Z  275/372 templates processed
2024-03-11T21:54:28.5831618Z  276/372 templates processed
2024-03-11T21:54:28.5841474Z  277/372 templates processed
2024-03-11T21:54:28.5850872Z  278/372 templates processed
2024-03-11T21:54:28.5870374Z  279/372 templates processed
2024-03-11T21:54:28.5873470Z  280/372 templates processed
2024-03-11T21:54:28.5875672Z  281/372 templates processed
2024-03-11T21:54:28.5879604Z  282/372 templates processed
2024-03-11T21:54:28.5894174Z  283/372 templates processed
2024-03-11T21:54:28.5897683Z  284/372 templates processed
2024-03-11T21:54:28.5905264Z  285/372 templates processed
2024-03-11T21:54:28.5910478Z  286/372 templates processed
2024-03-11T21:54:28.5915370Z  287/372 templates processed
2024-03-11T21:54:28.5928994Z  288/372 templates processed
2024-03-11T21:54:28.5931318Z  289/372 templates processed
2024-03-11T21:54:28.5934999Z  290/372 templates processed
2024-03-11T21:54:28.5946466Z  291/372 templates processed
2024-03-11T21:54:28.5949736Z  292/372 templates processed
2024-03-11T21:54:28.5955992Z  293/372 templates processed
2024-03-11T21:54:28.5966107Z  294/372 templates processed
2024-03-11T21:54:28.6002654Z  295/372 templates processed
2024-03-11T21:54:28.6011165Z  296/372 templates processed
2024-03-11T21:54:28.6019723Z  297/372 templates processed
2024-03-11T21:54:28.6021425Z  298/372 templates processed
2024-03-11T21:54:28.6025167Z  299/372 templates processed
2024-03-11T21:54:28.6049555Z  300/372 templates processed
2024-03-11T21:54:28.6068453Z  301/372 templates processed
2024-03-11T21:54:28.6073262Z  302/372 templates processed
2024-03-11T21:54:28.6082815Z  303/372 templates processed
2024-03-11T21:54:28.6084938Z  304/372 templates processed
2024-03-11T21:54:28.6089377Z  305/372 templates processed
2024-03-11T21:54:28.6095064Z  306/372 templates processed
2024-03-11T21:54:28.6099206Z  307/372 templates processed
2024-03-11T21:54:28.6101236Z  308/372 templates processed
2024-03-11T21:54:28.6114367Z  309/372 templates processed
2024-03-11T21:54:28.6116577Z  310/372 templates processed
2024-03-11T21:54:28.6120911Z  311/372 templates processed
2024-03-11T21:54:28.6151795Z  312/372 templates processed
2024-03-11T21:54:28.6161825Z  313/372 templates processed
2024-03-11T21:54:28.6165403Z  314/372 templates processed
2024-03-11T21:54:28.6168807Z  315/372 templates processed
2024-03-11T21:54:28.6172996Z  316/372 templates processed
2024-03-11T21:54:28.6176195Z  317/372 templates processed
2024-03-11T21:54:28.6183560Z  318/372 templates processed
2024-03-11T21:54:28.6186098Z  319/372 templates processed
2024-03-11T21:54:28.6188112Z  320/372 templates processed
2024-03-11T21:54:28.6189121Z  321/372 templates processed
2024-03-11T21:54:28.6190053Z  322/372 templates processed
2024-03-11T21:54:28.6195388Z  323/372 templates processed
2024-03-11T21:54:28.6199401Z  324/372 templates processed
2024-03-11T21:54:28.6208534Z  325/372 templates processed
2024-03-11T21:54:28.6209398Z  326/372 templates processed
2024-03-11T21:54:28.6216679Z  327/372 templates processed
2024-03-11T21:54:28.6234278Z  328/372 templates processed
2024-03-11T21:54:28.6236305Z  329/372 templates processed
2024-03-11T21:54:28.6241430Z  330/372 templates processed
2024-03-11T21:54:28.6247268Z  331/372 templates processed
2024-03-11T21:54:28.6267951Z  332/372 templates processed
2024-03-11T21:54:28.6295513Z  333/372 templates processed
2024-03-11T21:54:28.6299059Z  334/372 templates processed
2024-03-11T21:54:28.6330717Z  335/372 templates processed
2024-03-11T21:54:28.6334638Z  336/372 templates processed
2024-03-11T21:54:28.6352685Z  337/372 templates processed
2024-03-11T21:54:28.6360213Z  338/372 templates processed
2024-03-11T21:54:28.6368141Z  339/372 templates processed
2024-03-11T21:54:28.6370314Z  340/372 templates processed
2024-03-11T21:54:28.6373499Z  341/372 templates processed
2024-03-11T21:54:28.6385258Z  342/372 templates processed
2024-03-11T21:54:28.6391143Z  343/372 templates processed
2024-03-11T21:54:28.6406893Z  344/372 templates processed
2024-03-11T21:54:28.6411137Z  345/372 templates processed
2024-03-11T21:54:28.6415848Z  346/372 templates processed
2024-03-11T21:54:28.6419672Z  347/372 templates processed
2024-03-11T21:54:28.6421006Z  348/372 templates processed
2024-03-11T21:54:28.6423086Z  349/372 templates processed
2024-03-11T21:54:28.6432783Z  350/372 templates processed
2024-03-11T21:54:28.6433817Z  351/372 templates processed
2024-03-11T21:54:28.6435865Z  352/372 templates processed
2024-03-11T21:54:28.6437515Z  353/372 templates processed
2024-03-11T21:54:28.6445566Z  354/372 templates processed
2024-03-11T21:54:28.6450845Z  355/372 templates processed
2024-03-11T21:54:28.6456349Z  356/372 templates processed
2024-03-11T21:54:28.6467630Z  357/372 templates processed
2024-03-11T21:54:28.6469547Z  358/372 templates processed
2024-03-11T21:54:28.6474861Z  359/372 templates processed
2024-03-11T21:54:28.6479891Z  360/372 templates processed
2024-03-11T21:54:28.6485150Z  361/372 templates processed
2024-03-11T21:54:28.6488895Z  362/372 templates processed
2024-03-11T21:54:28.6496461Z  363/372 templates processed
2024-03-11T21:54:28.6515716Z  364/372 templates processed
2024-03-11T21:54:28.6518638Z  365/372 templates processed
2024-03-11T21:54:28.6522872Z  366/372 templates processed
2024-03-11T21:54:28.6526550Z  367/372 templates processed
2024-03-11T21:54:28.6539585Z  368/372 templates processed
2024-03-11T21:54:28.6544648Z  369/372 templates processed
2024-03-11T21:54:28.6551475Z  370/372 templates processed
2024-03-11T21:54:28.6557143Z  371/372 templates processed
2024-03-11T21:54:28.6557733Z Processing models...                    
2024-03-11T21:54:28.6585842Z  0/59 files processed
2024-03-11T21:54:28.6604947Z  1/59 files processed
2024-03-11T21:54:28.6609500Z  2/59 files processed
2024-03-11T21:54:28.6612964Z  3/59 files processed
2024-03-11T21:54:28.6635814Z  4/59 files processed
2024-03-11T21:54:28.6652971Z  5/59 files processed
2024-03-11T21:54:28.6658187Z  6/59 files processed
2024-03-11T21:54:28.6664037Z  7/59 files processed
2024-03-11T21:54:28.6668812Z  8/59 files processed
2024-03-11T21:54:28.6677193Z  9/59 files processed
2024-03-11T21:54:28.6681856Z  10/59 files processed
2024-03-11T21:54:28.6686030Z  11/59 files processed
2024-03-11T21:54:28.6693751Z  12/59 files processed
2024-03-11T21:54:28.6717774Z  13/59 files processed
2024-03-11T21:54:28.6769232Z  14/59 files processed
2024-03-11T21:54:28.6778671Z  15/59 files processed
2024-03-11T21:54:28.6782197Z  16/59 files processed
2024-03-11T21:54:28.6785309Z  17/59 files processed
2024-03-11T21:54:28.6837422Z  18/59 files processed
2024-03-11T21:54:28.6880704Z  19/59 files processed
2024-03-11T21:54:28.6890057Z  20/59 files processed
2024-03-11T21:54:28.6904227Z  21/59 files processed
2024-03-11T21:54:28.6932464Z  22/59 files processed
2024-03-11T21:54:28.6933240Z  23/59 files processed
2024-03-11T21:54:28.6943177Z  24/59 files processed
2024-03-11T21:54:28.7003836Z  25/59 files processed
2024-03-11T21:54:28.7007368Z  26/59 files processed
2024-03-11T21:54:28.7020880Z  27/59 files processed
2024-03-11T21:54:28.7021948Z  28/59 files processed
2024-03-11T21:54:28.7028925Z  29/59 files processed
2024-03-11T21:54:28.7038964Z  30/59 files processed
2024-03-11T21:54:28.7042397Z  31/59 files processed
2024-03-11T21:54:28.7150718Z  32/59 files processed
2024-03-11T21:54:28.7157872Z  33/59 files processed
2024-03-11T21:54:28.7221208Z  34/59 files processed
2024-03-11T21:54:28.7224556Z  35/59 files processed
2024-03-11T21:54:28.7227725Z  36/59 files processed
2024-03-11T21:54:28.7229197Z  37/59 files processed
2024-03-11T21:54:28.7247690Z  38/59 files processed
2024-03-11T21:54:28.7251340Z  39/59 files processed
2024-03-11T21:54:28.7269474Z  40/59 files processed
2024-03-11T21:54:28.7281366Z  41/59 files processed
2024-03-11T21:54:28.7284570Z  42/59 files processed
2024-03-11T21:54:28.7296796Z  43/59 files processed
2024-03-11T21:54:28.7300497Z  44/59 files processed
2024-03-11T21:54:28.7330237Z  45/59 files processed
2024-03-11T21:54:28.7340585Z  46/59 files processed
2024-03-11T21:54:28.7370604Z  47/59 files processed
2024-03-11T21:54:28.7379863Z  48/59 files processed
2024-03-11T21:54:28.7401406Z  49/59 files processed
2024-03-11T21:54:28.7419051Z  50/59 files processed
2024-03-11T21:54:28.7426392Z  51/59 files processed
2024-03-11T21:54:28.7522643Z  52/59 files processed
2024-03-11T21:54:28.7587973Z  53/59 files processed
2024-03-11T21:54:28.7622948Z  54/59 files processed
2024-03-11T21:54:28.7632393Z  55/59 files processed
2024-03-11T21:54:28.7636040Z  56/59 files processed
2024-03-11T21:54:28.7699961Z  57/59 files processed
2024-03-11T21:54:28.7712735Z  58/59 files processed
2024-03-11T21:54:28.7713647Z Processing controllers...               
2024-03-11T21:54:28.7721865Z  0/69 files processed
2024-03-11T21:54:28.7734674Z  1/69 files processed
2024-03-11T21:54:28.7739927Z  2/69 files processed
2024-03-11T21:54:28.7749019Z  3/69 files processed
2024-03-11T21:54:28.7759780Z  4/69 files processed
2024-03-11T21:54:28.7767679Z  5/69 files processed
2024-03-11T21:54:28.7783396Z  6/69 files processed
2024-03-11T21:54:28.7786777Z  7/69 files processed
2024-03-11T21:54:28.7793350Z  8/69 files processed
2024-03-11T21:54:28.7810956Z  9/69 files processed
2024-03-11T21:54:28.7817549Z  10/69 files processed
2024-03-11T21:54:28.7836800Z  11/69 files processed
2024-03-11T21:54:28.7839044Z  12/69 files processed
2024-03-11T21:54:28.7858690Z  13/69 files processed
2024-03-11T21:54:28.7878811Z  14/69 files processed
2024-03-11T21:54:28.7884445Z  15/69 files processed
2024-03-11T21:54:28.7903637Z  16/69 files processed
2024-03-11T21:54:28.7909407Z  17/69 files processed
2024-03-11T21:54:28.7911955Z  18/69 files processed
2024-03-11T21:54:28.7986443Z  19/69 files processed
2024-03-11T21:54:28.7997567Z  20/69 files processed
2024-03-11T21:54:28.8024879Z  21/69 files processed
2024-03-11T21:54:28.8026939Z  22/69 files processed
2024-03-11T21:54:28.8035110Z  23/69 files processed
2024-03-11T21:54:28.8037144Z  24/69 files processed
2024-03-11T21:54:28.8039418Z  25/69 files processed
2024-03-11T21:54:28.8041085Z  26/69 files processed
2024-03-11T21:54:28.8042097Z  27/69 files processed
2024-03-11T21:54:28.8043527Z  28/69 files processed
2024-03-11T21:54:28.8049062Z  29/69 files processed
2024-03-11T21:54:28.8073013Z  30/69 files processed
2024-03-11T21:54:28.8088059Z  31/69 files processed
2024-03-11T21:54:28.8097178Z  32/69 files processed
2024-03-11T21:54:28.8115165Z  33/69 files processed
2024-03-11T21:54:28.8122025Z  34/69 files processed
2024-03-11T21:54:28.8125064Z  35/69 files processed
2024-03-11T21:54:28.8131641Z  36/69 files processed
2024-03-11T21:54:28.8135601Z  37/69 files processed
2024-03-11T21:54:28.8152133Z  38/69 files processed
2024-03-11T21:54:28.8156638Z  39/69 files processed
2024-03-11T21:54:28.8160189Z  40/69 files processed
2024-03-11T21:54:28.8172942Z  41/69 files processed
2024-03-11T21:54:28.8182531Z  42/69 files processed
2024-03-11T21:54:28.8185378Z  43/69 files processed
2024-03-11T21:54:28.8192459Z  44/69 files processed
2024-03-11T21:54:28.8197841Z  45/69 files processed
2024-03-11T21:54:28.8201536Z  46/69 files processed
2024-03-11T21:54:28.8208554Z  47/69 files processed
2024-03-11T21:54:28.8215276Z  48/69 files processed
2024-03-11T21:54:28.8274127Z  49/69 files processed
2024-03-11T21:54:28.8283429Z  50/69 files processed
2024-03-11T21:54:28.8301162Z  51/69 files processed
2024-03-11T21:54:28.8308313Z  52/69 files processed
2024-03-11T21:54:28.8326401Z  53/69 files processed
2024-03-11T21:54:28.8331967Z  54/69 files processed
2024-03-11T21:54:28.8340037Z  55/69 files processed
2024-03-11T21:54:28.8349490Z  56/69 files processed
2024-03-11T21:54:28.8352287Z  57/69 files processed
2024-03-11T21:54:28.8378414Z  58/69 files processed
2024-03-11T21:54:28.8389772Z  59/69 files processed
2024-03-11T21:54:28.8390848Z  60/69 files processed
2024-03-11T21:54:28.8391978Z  61/69 files processed
2024-03-11T21:54:28.8406908Z  62/69 files processed
2024-03-11T21:54:28.8407747Z  63/69 files processed
2024-03-11T21:54:28.8408355Z  64/69 files processed
2024-03-11T21:54:28.8408980Z  65/69 files processed
2024-03-11T21:54:28.8409693Z  66/69 files processed
2024-03-11T21:54:28.8412674Z  67/69 files processed
2024-03-11T21:54:28.8421979Z  68/69 files processed
2024-03-11T21:54:28.8422748Z Processing data flow in controllers...  
2024-03-11T21:54:28.8560225Z  0/68 controllers processed
2024-03-11T21:54:28.9549007Z  1/68 controllers processed
2024-03-11T21:54:28.9952806Z  2/68 controllers processed
2024-03-11T21:54:29.0857721Z  3/68 controllers processed
2024-03-11T21:54:29.1656973Z  4/68 controllers processed
2024-03-11T21:54:29.2237572Z  5/68 controllers processed
2024-03-11T21:54:29.3151636Z  6/68 controllers processed
2024-03-11T21:54:29.3566067Z  7/68 controllers processed
2024-03-11T21:54:29.4229913Z  8/68 controllers processed
2024-03-11T21:54:29.5390522Z  9/68 controllers processed
2024-03-11T21:54:29.5618512Z  10/68 controllers processed
2024-03-11T21:54:29.6164816Z  11/68 controllers processed
2024-03-11T21:54:29.6167800Z  12/68 controllers processed
2024-03-11T21:54:29.7517920Z  13/68 controllers processed
2024-03-11T21:54:29.8129790Z  14/68 controllers processed
2024-03-11T21:54:29.8385185Z  15/68 controllers processed
2024-03-11T21:54:29.8801016Z  16/68 controllers processed
2024-03-11T21:54:29.9046719Z  17/68 controllers processed
2024-03-11T21:54:30.0528530Z  18/68 controllers processed
2024-03-11T21:54:30.1005716Z  19/68 controllers processed
2024-03-11T21:54:30.2871913Z  20/68 controllers processed
2024-03-11T21:54:30.2878139Z  21/68 controllers processed
2024-03-11T21:54:30.2893893Z  22/68 controllers processed
2024-03-11T21:54:30.2916982Z  23/68 controllers processed
2024-03-11T21:54:30.2921022Z  24/68 controllers processed
2024-03-11T21:54:30.3103343Z  25/68 controllers processed
2024-03-11T21:54:30.3282553Z  26/68 controllers processed
2024-03-11T21:54:30.3462218Z  27/68 controllers processed
2024-03-11T21:54:30.4005356Z  28/68 controllers processed
2024-03-11T21:54:30.5401122Z  29/68 controllers processed
2024-03-11T21:54:30.6512048Z  30/68 controllers processed
2024-03-11T21:54:30.7114070Z  31/68 controllers processed
2024-03-11T21:54:30.7661609Z  32/68 controllers processed
2024-03-11T21:54:30.8127341Z  33/68 controllers processed
2024-03-11T21:54:30.8131851Z  34/68 controllers processed
2024-03-11T21:54:30.8408789Z  35/68 controllers processed
2024-03-11T21:54:30.8419961Z  36/68 controllers processed
2024-03-11T21:54:30.8756692Z  37/68 controllers processed
2024-03-11T21:54:30.8917006Z  38/68 controllers processed
2024-03-11T21:54:30.8972496Z  39/68 controllers processed
2024-03-11T21:54:30.9258434Z  40/68 controllers processed
2024-03-11T21:54:30.9498541Z  41/68 controllers processed
2024-03-11T21:54:30.9522563Z  42/68 controllers processed
2024-03-11T21:54:30.9772087Z  43/68 controllers processed
2024-03-11T21:54:31.0102265Z  44/68 controllers processed
2024-03-11T21:54:31.0265793Z  45/68 controllers processed
2024-03-11T21:54:31.0880258Z  46/68 controllers processed
2024-03-11T21:54:31.1401554Z  47/68 controllers processed
2024-03-11T21:54:31.2395497Z  48/68 controllers processed
2024-03-11T21:54:31.2906641Z  49/68 controllers processed
2024-03-11T21:54:31.3623402Z  50/68 controllers processed
2024-03-11T21:54:31.3913005Z  51/68 controllers processed
2024-03-11T21:54:31.4907620Z  52/68 controllers processed
2024-03-11T21:54:31.5100290Z  53/68 controllers processed
2024-03-11T21:54:31.5290669Z  54/68 controllers processed
2024-03-11T21:54:31.5576115Z  55/68 controllers processed
2024-03-11T21:54:31.5595674Z  56/68 controllers processed
2024-03-11T21:54:31.6556378Z  57/68 controllers processed
2024-03-11T21:54:31.7247425Z  58/68 controllers processed
2024-03-11T21:54:31.7248507Z  59/68 controllers processed
2024-03-11T21:54:31.7249215Z  60/68 controllers processed
2024-03-11T21:54:31.7256538Z  61/68 controllers processed
2024-03-11T21:54:31.7269276Z  62/68 controllers processed
2024-03-11T21:54:31.7295348Z  63/68 controllers processed
2024-03-11T21:54:31.7386572Z  64/68 controllers processed
2024-03-11T21:54:31.7387337Z  65/68 controllers processed
2024-03-11T21:54:31.7782605Z  66/68 controllers processed
2024-03-11T21:54:31.8306218Z  67/68 controllers processed
2024-03-11T21:54:32.2555260Z Indexing call sites...                  
2024-03-11T21:54:32.2556272Z Running checks in parallel...
2024-03-11T21:54:32.2558002Z  - CheckBasicAuth
2024-03-11T21:54:32.2558735Z  - CheckBasicAuthTimingAttack
2024-03-11T21:54:32.2559681Z  - CheckCrossSiteScripting
2024-03-11T21:54:32.2560344Z  - CheckContentTag
2024-03-11T21:54:32.2560752Z  - CheckCookieSerialization
2024-03-11T21:54:32.2561281Z  - CheckCreateWith
2024-03-11T21:54:32.2577024Z  - CheckCSRFTokenForgeryCVE
2024-03-11T21:54:32.2577857Z  - CheckDefaultRoutes
2024-03-11T21:54:32.2578439Z  - CheckDeserialize
2024-03-11T21:54:32.2579035Z  - CheckDetailedExceptions
2024-03-11T21:54:32.2579758Z  - CheckDigestDoS
2024-03-11T21:54:32.2580345Z  - CheckDynamicFinders
2024-03-11T21:54:32.2581385Z  - CheckEOLRails
2024-03-11T21:54:32.2582085Z  - CheckEOLRuby
2024-03-11T21:54:32.2582745Z  - CheckEscapeFunction
2024-03-11T21:54:32.2583420Z  - CheckEvaluation
2024-03-11T21:54:32.2584127Z  - CheckExecute
2024-03-11T21:54:32.2584890Z  - CheckFileAccess
2024-03-11T21:54:32.3244722Z  - CheckFileDisclosure
2024-03-11T21:54:32.3278670Z  - CheckFilterSkipping
2024-03-11T21:54:32.3281002Z  - CheckForgerySetting
2024-03-11T21:54:32.3282466Z  - CheckHeaderDoS
2024-03-11T21:54:32.3284398Z  - CheckI18nXSS
2024-03-11T21:54:32.3286275Z  - CheckJRubyXML
2024-03-11T21:54:32.3287894Z  - CheckJSONEncoding
2024-03-11T21:54:32.3289765Z  - CheckJSONEntityEscape
2024-03-11T21:54:32.3291019Z  - CheckJSONParsing
2024-03-11T21:54:32.3292939Z  - CheckLinkTo
2024-03-11T21:54:32.3294991Z  - CheckLinkToHref
2024-03-11T21:54:32.3297400Z  - CheckMailTo
2024-03-11T21:54:32.3386007Z  - CheckMassAssignment
2024-03-11T21:54:32.3387605Z  - CheckMimeTypeDoS
2024-03-11T21:54:32.3389629Z  - CheckModelAttrAccessible
2024-03-11T21:54:32.3393078Z  - CheckModelAttributes
2024-03-11T21:54:32.3394697Z  - CheckModelSerialize
2024-03-11T21:54:32.3395650Z  - CheckNestedAttributes
2024-03-11T21:54:32.3397122Z  - CheckNestedAttributesBypass
2024-03-11T21:54:32.3398805Z  - CheckNumberToCurrency
2024-03-11T21:54:32.3399952Z  - CheckPageCachingCVE
2024-03-11T21:54:32.3401811Z  - CheckPathname
2024-03-11T21:54:32.3405441Z  - CheckPermitAttributes
2024-03-11T21:54:32.3407477Z  - CheckQuoteTableName
2024-03-11T21:54:32.3411766Z  - CheckRansack
2024-03-11T21:54:32.3413420Z  - CheckRedirect
2024-03-11T21:54:32.3414789Z  - CheckRegexDoS
2024-03-11T21:54:32.3431750Z  - CheckRender
2024-03-11T21:54:32.3434509Z  - CheckRenderDoS
2024-03-11T21:54:32.3556097Z  - CheckRenderInline
2024-03-11T21:54:32.3557947Z  - CheckResponseSplitting
2024-03-11T21:54:32.3641027Z  - CheckRouteDoS
2024-03-11T21:54:32.3642982Z  - CheckSafeBufferManipulation
2024-03-11T21:54:32.3644462Z  - CheckSanitizeConfigCve
2024-03-11T21:54:32.3645819Z  - CheckSanitizeMethods
2024-03-11T21:54:32.3647100Z  - CheckSelectTag
2024-03-11T21:54:32.3649401Z  - CheckSelectVulnerability
2024-03-11T21:54:32.3651763Z  - CheckSend
2024-03-11T21:54:32.3653554Z  - CheckSendFile
2024-03-11T21:54:32.3656771Z  - CheckSessionManipulation
2024-03-11T21:54:32.3658569Z  - CheckSessionSettings
2024-03-11T21:54:32.3660635Z  - CheckSimpleFormat
2024-03-11T21:54:32.3664404Z  - CheckSingleQuotes
2024-03-11T21:54:32.3665572Z  - CheckSkipBeforeFilter
2024-03-11T21:54:32.3666244Z  - CheckSprocketsPathTraversal
2024-03-11T21:54:32.3666889Z  - CheckSQL
2024-03-11T21:54:32.3681579Z  - CheckSQLCVEs
2024-03-11T21:54:32.3682256Z  - CheckSSLVerify
2024-03-11T21:54:32.3683095Z  - CheckStripTags
2024-03-11T21:54:32.3779819Z  - CheckSymbolDoSCVE
2024-03-11T21:54:32.3781171Z  - CheckTemplateInjection
2024-03-11T21:54:32.3783957Z  - CheckTranslateBug
2024-03-11T21:54:32.3785262Z  - CheckUnsafeReflection
2024-03-11T21:54:32.3786006Z  - CheckUnsafeReflectionMethods
2024-03-11T21:54:32.3786797Z  - CheckValidationRegex
2024-03-11T21:54:32.3787458Z  - CheckVerbConfusion
2024-03-11T21:54:32.3788085Z  - CheckWeakRSAKey
2024-03-11T21:54:32.3788806Z  - CheckWithoutProtection
2024-03-11T21:54:32.3789423Z  - CheckXMLDoS
2024-03-11T21:54:32.3789951Z  - CheckYAMLParsing
2024-03-11T21:54:32.4151177Z Checks finished, collecting results...
2024-03-11T21:54:32.4159233Z Filtering warnings...
2024-03-11T21:54:32.4160703Z [Notice] Using '/home/runner/work/human-essentials/human-essentials/config/brakeman.ignore' to filter warnings
2024-03-11T21:54:32.4164934Z Generating report...
2024-03-11T21:54:32.4817618Z 
2024-03-11T21:54:32.4818169Z == Brakeman Report ==
2024-03-11T21:54:32.4818703Z 
2024-03-11T21:54:32.4819617Z Application Path: /home/runner/work/human-essentials/human-essentials
2024-03-11T21:54:32.4820979Z Rails Version: 7.0.8
2024-03-11T21:54:32.4821713Z Brakeman Version: 6.1.2
2024-03-11T21:54:32.4822429Z Scan Date: 2024-03-11 21:54:24 +0000
2024-03-11T21:54:32.4823059Z Duration: 8.105661285 seconds
2024-03-11T21:54:32.4829716Z Checks Run: BasicAuth, BasicAuthTimingAttack, CSRFTokenForgeryCVE, ContentTag, CookieSerialization, CreateWith, CrossSiteScripting, DefaultRoutes, Deserialize, DetailedExceptions, DigestDoS, DynamicFinders, EOLRails, EOLRuby, EscapeFunction, Evaluation, Execute, FileAccess, FileDisclosure, FilterSkipping, ForgerySetting, HeaderDoS, I18nXSS, JRubyXML, JSONEncoding, JSONEntityEscape, JSONParsing, LinkTo, LinkToHref, MailTo, MassAssignment, MimeTypeDoS, ModelAttrAccessible, ModelAttributes, ModelSerialize, NestedAttributes, NestedAttributesBypass, NumberToCurrency, PageCachingCVE, Pathname, PermitAttributes, QuoteTableName, Ransack, Redirect, RegexDoS, Render, RenderDoS, RenderInline, ResponseSplitting, RouteDoS, SQL, SQLCVEs, SSLVerify, SafeBufferManipulation, SanitizeConfigCve, SanitizeMethods, SelectTag, SelectVulnerability, Send, SendFile, SessionManipulation, SessionSettings, SimpleFormat, SingleQuotes, SkipBeforeFilter, SprocketsPathTraversal, StripTags, SymbolDoSCVE, TemplateInjection, TranslateBug, UnsafeReflection, UnsafeReflectionMethods, ValidationRegex, VerbConfusion, WeakRSAKey, WithoutProtection, XMLDoS, YAMLParsing
2024-03-11T21:54:32.4835960Z 
2024-03-11T21:54:32.4836094Z == Overview ==
2024-03-11T21:54:32.4836283Z 
2024-03-11T21:54:32.4836448Z Controllers: 68
2024-03-11T21:54:32.4836869Z Models: 53
2024-03-11T21:54:32.4837154Z Templates: 372
2024-03-11T21:54:32.4837479Z Errors: 0
2024-03-11T21:54:32.4837890Z Security Warnings: 1
2024-03-11T21:54:32.4838264Z Ignored Warnings: 2
2024-03-11T21:54:32.4838457Z 
2024-03-11T21:54:32.4838634Z == Warning Types ==
2024-03-11T21:54:32.4838815Z 
2024-03-11T21:54:32.4838996Z SQL Injection: 1
2024-03-11T21:54:32.4839213Z 
2024-03-11T21:54:32.4839334Z == Warnings ==
2024-03-11T21:54:32.4839536Z 
2024-03-11T21:54:32.4839674Z Confidence: Medium
2024-03-11T21:54:32.4840077Z Category: SQL Injection
2024-03-11T21:54:32.4840423Z Check: SQL
2024-03-11T21:54:32.4840730Z Message: Possible SQL injection
2024-03-11T21:54:32.4857278Z Code: ActiveRecord::Base.connection.execute("        SELECT SUM(\"line_items\".\"quantity\" * \"kit_line_items\".\"quantity\")\n        FROM \"distributions\" \n        INNER JOIN \"line_items\" ON \"line_items\".\"itemizable_type\" = 'Distribution' AND \"line_items\".\"itemizable_id\" = \"distributions\".\"id\" \n        INNER JOIN \"items\" ON \"items\".\"id\" = \"line_items\".\"item_id\" \n        INNER JOIN \"kits\" ON \"kits\".\"id\" = \"items\".\"kit_id\" \n        INNER JOIN \"line_items\" \"kit_line_items\" ON \"kit_line_items\".\"itemizable_type\" = 'Kit' AND \"kit_line_items\".\"itemizable_id\" = \"kits\".\"id\"\n        INNER JOIN \"items\" \"kit_items\" ON \"kit_items\".\"id\" = \"kit_line_items\".\"item_id\"\n        INNER JOIN \"base_items\" ON \"base_items\".\"partner_key\" = \"kit_items\".\"partner_key\" \n        WHERE \"distributions\".\"organization_id\" = #{organization.id}\n          AND extract(year from issued_at) = #{year}\n          AND lower(base_items.category) LIKE '%diaper%'\n          AND NOT (lower(base_items.category) LIKE '%cloth%' OR lower(base_items.name) LIKE '%cloth%')\n", [organization.id, year])
2024-03-11T21:54:32.4861932Z File: app/services/reports/children_served_report_service.rb
2024-03-11T21:54:32.4862599Z Line: 51
2024-03-11T21:54:32.4862764Z 
2024-03-11T21:54:32.4959628Z ##[error]Process completed with exit code 3.
2024-03-11T21:54:32.5051239Z Post job cleanup.
2024-03-11T21:54:32.6056988Z [command]/usr/bin/git version
2024-03-11T21:54:32.6108003Z git version 2.43.2
2024-03-11T21:54:32.6151970Z Temporarily overriding HOME='/home/runner/work/_temp/95e97328-27a7-40e5-82af-7bc4ffa94c7b' before making global git config changes
2024-03-11T21:54:32.6153966Z Adding repository directory to the temporary git global config as a safe directory
2024-03-11T21:54:32.6158789Z [command]/usr/bin/git config --global --add safe.directory /home/runner/work/human-essentials/human-essentials
2024-03-11T21:54:32.6202385Z [command]/usr/bin/git config --local --name-only --get-regexp core\.sshCommand
2024-03-11T21:54:32.6245234Z [command]/usr/bin/git submodule foreach --recursive sh -c "git config --local --name-only --get-regexp 'core\.sshCommand' && git config --local --unset-all 'core.sshCommand' || :"
2024-03-11T21:54:32.6499197Z [command]/usr/bin/git config --local --name-only --get-regexp http\.https\:\/\/github\.com\/\.extraheader
2024-03-11T21:54:32.6533531Z http.https://github.com/.extraheader
2024-03-11T21:54:32.6543511Z [command]/usr/bin/git config --local --unset-all http.https://github.com/.extraheader
2024-03-11T21:54:32.6584417Z [command]/usr/bin/git submodule foreach --recursive sh -c "git config --local --name-only --get-regexp 'http\.https\:\/\/github\.com\/\.extraheader' && git config --local --unset-all 'http.https://github.com/.extraheader' || :"
2024-03-11T21:54:32.7096582Z Cleaning up orphan processes
