2024-03-11T21:42:44.7369809Z Requested labels: ubuntu-latest
2024-03-11T21:42:44.7370172Z Job defined at: rubyforgood/human-essentials/.github/workflows/brakeman.yml@refs/pull/4017/merge
2024-03-11T21:42:44.7370328Z Waiting for a runner to pick up this job...
2024-03-11T21:42:46.6676580Z Job is waiting for a hosted runner to come online.
2024-03-11T21:42:49.1459446Z Job is about to start running on the hosted runner: GitHub Actions 8 (hosted)
2024-03-11T21:42:53.1803352Z Current runner version: '2.314.1'
2024-03-11T21:42:53.1826574Z ##[group]Operating System
2024-03-11T21:42:53.1827315Z Ubuntu
2024-03-11T21:42:53.1827617Z 22.04.4
2024-03-11T21:42:53.1827980Z LTS
2024-03-11T21:42:53.1828391Z ##[endgroup]
2024-03-11T21:42:53.1828741Z ##[group]Runner Image
2024-03-11T21:42:53.1829189Z Image: ubuntu-22.04
2024-03-11T21:42:53.1829659Z Version: 20240304.1.0
2024-03-11T21:42:53.1830633Z Included Software: https://github.com/actions/runner-images/blob/ubuntu22/20240304.1/images/ubuntu/Ubuntu2204-Readme.md
2024-03-11T21:42:53.1832065Z Image Release: https://github.com/actions/runner-images/releases/tag/ubuntu22%2F20240304.1
2024-03-11T21:42:53.1832997Z ##[endgroup]
2024-03-11T21:42:53.1833407Z ##[group]Runner Image Provisioner
2024-03-11T21:42:53.1833845Z 2.0.359.1
2024-03-11T21:42:53.1834249Z ##[endgroup]
2024-03-11T21:42:53.1836319Z ##[group]GITHUB_TOKEN Permissions
2024-03-11T21:42:53.1838399Z Actions: read
2024-03-11T21:42:53.1838914Z Checks: read
2024-03-11T21:42:53.1839409Z Contents: read
2024-03-11T21:42:53.1839965Z Deployments: read
2024-03-11T21:42:53.1840364Z Discussions: read
2024-03-11T21:42:53.1840819Z Issues: read
2024-03-11T21:42:53.1841175Z Metadata: read
2024-03-11T21:42:53.1841519Z Packages: read
2024-03-11T21:42:53.1841970Z Pages: read
2024-03-11T21:42:53.1842329Z PullRequests: read
2024-03-11T21:42:53.1842726Z RepositoryProjects: read
2024-03-11T21:42:53.1843259Z SecurityEvents: read
2024-03-11T21:42:53.1843660Z Statuses: read
2024-03-11T21:42:53.1844004Z ##[endgroup]
2024-03-11T21:42:53.1847389Z Secret source: None
2024-03-11T21:42:53.1847950Z Prepare workflow directory
2024-03-11T21:42:53.2474399Z Prepare all required actions
2024-03-11T21:42:53.2640025Z Getting action download info
2024-03-11T21:42:53.4765106Z Download action repository 'actions/checkout@v2' (SHA:ee0669bd1cc54295c223e0bb666b733df41de1c5)
2024-03-11T21:42:53.5971503Z Download action repository 'ruby/setup-ruby@v1' (SHA:d4526a55538b775af234ba4af27118ed6f8f6677)
2024-03-11T21:42:54.2000627Z Complete job name: brakeman
2024-03-11T21:42:54.2929304Z ##[group]Run actions/checkout@v2
2024-03-11T21:42:54.2929946Z with:
2024-03-11T21:42:54.2930330Z   repository: rubyforgood/human-essentials
2024-03-11T21:42:54.2931250Z   token: ***
2024-03-11T21:42:54.2931675Z   ssh-strict: true
2024-03-11T21:42:54.2932189Z   persist-credentials: true
2024-03-11T21:42:54.2932619Z   clean: true
2024-03-11T21:42:54.2933004Z   fetch-depth: 1
2024-03-11T21:42:54.2933455Z   lfs: false
2024-03-11T21:42:54.2933801Z   submodules: false
2024-03-11T21:42:54.2934234Z   set-safe-directory: true
2024-03-11T21:42:54.2934769Z ##[endgroup]
2024-03-11T21:42:54.4798833Z Syncing repository: rubyforgood/human-essentials
2024-03-11T21:42:54.4801107Z ##[group]Getting Git version info
2024-03-11T21:42:54.4802203Z Working directory is '/home/runner/work/human-essentials/human-essentials'
2024-03-11T21:42:54.4803439Z [command]/usr/bin/git version
2024-03-11T21:42:54.4814603Z git version 2.43.2
2024-03-11T21:42:54.4838428Z ##[endgroup]
2024-03-11T21:42:54.4853718Z Temporarily overriding HOME='/home/runner/work/_temp/c14813ab-5e65-4f9f-9b1c-b9d1dd6d8f0c' before making global git config changes
2024-03-11T21:42:54.4855352Z Adding repository directory to the temporary git global config as a safe directory
2024-03-11T21:42:54.4858398Z [command]/usr/bin/git config --global --add safe.directory /home/runner/work/human-essentials/human-essentials
2024-03-11T21:42:54.4904945Z Deleting the contents of '/home/runner/work/human-essentials/human-essentials'
2024-03-11T21:42:54.4909017Z ##[group]Initializing the repository
2024-03-11T21:42:54.4912682Z [command]/usr/bin/git init /home/runner/work/human-essentials/human-essentials
2024-03-11T21:42:54.5011806Z hint: Using 'master' as the name for the initial branch. This default branch name
2024-03-11T21:42:54.5014004Z hint: is subject to change. To configure the initial branch name to use in all
2024-03-11T21:42:54.5016124Z hint: of your new repositories, which will suppress this warning, call:
2024-03-11T21:42:54.5017553Z hint: 
2024-03-11T21:42:54.5018600Z hint: 	git config --global init.defaultBranch <name>
2024-03-11T21:42:54.5019531Z hint: 
2024-03-11T21:42:54.5021011Z hint: Names commonly chosen instead of 'master' are 'main', 'trunk' and
2024-03-11T21:42:54.5022942Z hint: 'development'. The just-created branch can be renamed via this command:
2024-03-11T21:42:54.5024265Z hint: 
2024-03-11T21:42:54.5025143Z hint: 	git branch -m <name>
2024-03-11T21:42:54.5026824Z Initialized empty Git repository in /home/runner/work/human-essentials/human-essentials/.git/
2024-03-11T21:42:54.5035218Z [command]/usr/bin/git remote add origin https://github.com/rubyforgood/human-essentials
2024-03-11T21:42:54.5079321Z ##[endgroup]
2024-03-11T21:42:54.5080118Z ##[group]Disabling automatic garbage collection
2024-03-11T21:42:54.5083038Z [command]/usr/bin/git config --local gc.auto 0
2024-03-11T21:42:54.5119971Z ##[endgroup]
2024-03-11T21:42:54.5120940Z ##[group]Setting up auth
2024-03-11T21:42:54.5126963Z [command]/usr/bin/git config --local --name-only --get-regexp core\.sshCommand
2024-03-11T21:42:54.5164866Z [command]/usr/bin/git submodule foreach --recursive sh -c "git config --local --name-only --get-regexp 'core\.sshCommand' && git config --local --unset-all 'core.sshCommand' || :"
2024-03-11T21:42:54.5473098Z [command]/usr/bin/git config --local --name-only --get-regexp http\.https\:\/\/github\.com\/\.extraheader
2024-03-11T21:42:54.5512464Z [command]/usr/bin/git submodule foreach --recursive sh -c "git config --local --name-only --get-regexp 'http\.https\:\/\/github\.com\/\.extraheader' && git config --local --unset-all 'http.https://github.com/.extraheader' || :"
2024-03-11T21:42:54.5757164Z [command]/usr/bin/git config --local http.https://github.com/.extraheader AUTHORIZATION: basic ***
2024-03-11T21:42:54.5817188Z ##[endgroup]
2024-03-11T21:42:54.5818673Z ##[group]Fetching the repository
2024-03-11T21:42:54.5827674Z [command]/usr/bin/git -c protocol.version=2 fetch --no-tags --prune --progress --no-recurse-submodules --depth=1 origin +744347e0065c57945caea20f5e0512546163cbfa:refs/remotes/pull/4017/merge
2024-03-11T21:42:54.9501362Z remote: Enumerating objects: 1752, done.        
2024-03-11T21:42:54.9502631Z remote: Counting objects:   0% (1/1752)        
2024-03-11T21:42:54.9504064Z remote: Counting objects:   1% (18/1752)        
2024-03-11T21:42:54.9505281Z remote: Counting objects:   2% (36/1752)        
2024-03-11T21:42:54.9506561Z remote: Counting objects:   3% (53/1752)        
2024-03-11T21:42:54.9507575Z remote: Counting objects:   4% (71/1752)        
2024-03-11T21:42:54.9508325Z remote: Counting objects:   5% (88/1752)        
2024-03-11T21:42:54.9509131Z remote: Counting objects:   6% (106/1752)        
2024-03-11T21:42:54.9509813Z remote: Counting objects:   7% (123/1752)        
2024-03-11T21:42:54.9510508Z remote: Counting objects:   8% (141/1752)        
2024-03-11T21:42:54.9511288Z remote: Counting objects:   9% (158/1752)        
2024-03-11T21:42:54.9511984Z remote: Counting objects:  10% (176/1752)        
2024-03-11T21:42:54.9512707Z remote: Counting objects:  11% (193/1752)        
2024-03-11T21:42:54.9513451Z remote: Counting objects:  12% (211/1752)        
2024-03-11T21:42:54.9514907Z remote: Counting objects:  13% (228/1752)        
2024-03-11T21:42:54.9515634Z remote: Counting objects:  14% (246/1752)        
2024-03-11T21:42:54.9516361Z remote: Counting objects:  15% (263/1752)        
2024-03-11T21:42:54.9517395Z remote: Counting objects:  16% (281/1752)        
2024-03-11T21:42:54.9518013Z remote: Counting objects:  17% (298/1752)        
2024-03-11T21:42:54.9518745Z remote: Counting objects:  18% (316/1752)        
2024-03-11T21:42:54.9519398Z remote: Counting objects:  19% (333/1752)        
2024-03-11T21:42:54.9520028Z remote: Counting objects:  20% (351/1752)        
2024-03-11T21:42:54.9520692Z remote: Counting objects:  21% (368/1752)        
2024-03-11T21:42:54.9521311Z remote: Counting objects:  22% (386/1752)        
2024-03-11T21:42:54.9521912Z remote: Counting objects:  23% (403/1752)        
2024-03-11T21:42:54.9522895Z remote: Counting objects:  24% (421/1752)        
2024-03-11T21:42:54.9523546Z remote: Counting objects:  25% (438/1752)        
2024-03-11T21:42:54.9524172Z remote: Counting objects:  26% (456/1752)        
2024-03-11T21:42:54.9524820Z remote: Counting objects:  27% (474/1752)        
2024-03-11T21:42:54.9525496Z remote: Counting objects:  28% (491/1752)        
2024-03-11T21:42:54.9526263Z remote: Counting objects:  29% (509/1752)        
2024-03-11T21:42:54.9526918Z remote: Counting objects:  30% (526/1752)        
2024-03-11T21:42:54.9527549Z remote: Counting objects:  31% (544/1752)        
2024-03-11T21:42:54.9528170Z remote: Counting objects:  32% (561/1752)        
2024-03-11T21:42:54.9528794Z remote: Counting objects:  33% (579/1752)        
2024-03-11T21:42:54.9529418Z remote: Counting objects:  34% (596/1752)        
2024-03-11T21:42:54.9530046Z remote: Counting objects:  35% (614/1752)        
2024-03-11T21:42:54.9530670Z remote: Counting objects:  36% (631/1752)        
2024-03-11T21:42:54.9531276Z remote: Counting objects:  37% (649/1752)        
2024-03-11T21:42:54.9531901Z remote: Counting objects:  38% (666/1752)        
2024-03-11T21:42:54.9532578Z remote: Counting objects:  39% (684/1752)        
2024-03-11T21:42:54.9533135Z remote: Counting objects:  40% (701/1752)        
2024-03-11T21:42:54.9533744Z remote: Counting objects:  41% (719/1752)        
2024-03-11T21:42:54.9534417Z remote: Counting objects:  42% (736/1752)        
2024-03-11T21:42:54.9534995Z remote: Counting objects:  43% (754/1752)        
2024-03-11T21:42:54.9535582Z remote: Counting objects:  44% (771/1752)        
2024-03-11T21:42:54.9536211Z remote: Counting objects:  45% (789/1752)        
2024-03-11T21:42:54.9536748Z remote: Counting objects:  46% (806/1752)        
2024-03-11T21:42:54.9537297Z remote: Counting objects:  47% (824/1752)        
2024-03-11T21:42:54.9537909Z remote: Counting objects:  48% (841/1752)        
2024-03-11T21:42:54.9538445Z remote: Counting objects:  49% (859/1752)        
2024-03-11T21:42:54.9539200Z remote: Counting objects:  50% (876/1752)        
2024-03-11T21:42:54.9539942Z remote: Counting objects:  51% (894/1752)        
2024-03-11T21:42:54.9540481Z remote: Counting objects:  52% (912/1752)        
2024-03-11T21:42:54.9541038Z remote: Counting objects:  53% (929/1752)        
2024-03-11T21:42:54.9541679Z remote: Counting objects:  54% (947/1752)        
2024-03-11T21:42:54.9542201Z remote: Counting objects:  55% (964/1752)        
2024-03-11T21:42:54.9542757Z remote: Counting objects:  56% (982/1752)        
2024-03-11T21:42:54.9543405Z remote: Counting objects:  57% (999/1752)        
2024-03-11T21:42:54.9543945Z remote: Counting objects:  58% (1017/1752)        
2024-03-11T21:42:54.9544532Z remote: Counting objects:  59% (1034/1752)        
2024-03-11T21:42:54.9545198Z remote: Counting objects:  60% (1052/1752)        
2024-03-11T21:42:54.9545778Z remote: Counting objects:  61% (1069/1752)        
2024-03-11T21:42:54.9546331Z remote: Counting objects:  62% (1087/1752)        
2024-03-11T21:42:54.9547018Z remote: Counting objects:  63% (1104/1752)        
2024-03-11T21:42:54.9547701Z remote: Counting objects:  64% (1122/1752)        
2024-03-11T21:42:54.9548301Z remote: Counting objects:  65% (1139/1752)        
2024-03-11T21:42:54.9548925Z remote: Counting objects:  66% (1157/1752)        
2024-03-11T21:42:54.9549497Z remote: Counting objects:  67% (1174/1752)        
2024-03-11T21:42:54.9550085Z remote: Counting objects:  68% (1192/1752)        
2024-03-11T21:42:54.9550686Z remote: Counting objects:  69% (1209/1752)        
2024-03-11T21:42:54.9551258Z remote: Counting objects:  70% (1227/1752)        
2024-03-11T21:42:54.9551843Z remote: Counting objects:  71% (1244/1752)        
2024-03-11T21:42:54.9552478Z remote: Counting objects:  72% (1262/1752)        
2024-03-11T21:42:54.9553046Z remote: Counting objects:  73% (1279/1752)        
2024-03-11T21:42:54.9569036Z remote: Counting objects:  74% (1297/1752)        
2024-03-11T21:42:54.9569988Z remote: Counting objects:  75% (1314/1752)        
2024-03-11T21:42:54.9570875Z remote: Counting objects:  76% (1332/1752)        
2024-03-11T21:42:54.9571439Z remote: Counting objects:  77% (1350/1752)        
2024-03-11T21:42:54.9572105Z remote: Counting objects:  78% (1367/1752)        
2024-03-11T21:42:54.9572627Z remote: Counting objects:  79% (1385/1752)        
2024-03-11T21:42:54.9573193Z remote: Counting objects:  80% (1402/1752)        
2024-03-11T21:42:54.9573834Z remote: Counting objects:  81% (1420/1752)        
2024-03-11T21:42:54.9574352Z remote: Counting objects:  82% (1437/1752)        
2024-03-11T21:42:54.9574893Z remote: Counting objects:  83% (1455/1752)        
2024-03-11T21:42:54.9575518Z remote: Counting objects:  84% (1472/1752)        
2024-03-11T21:42:54.9576018Z remote: Counting objects:  85% (1490/1752)        
2024-03-11T21:42:54.9576574Z remote: Counting objects:  86% (1507/1752)        
2024-03-11T21:42:54.9577180Z remote: Counting objects:  87% (1525/1752)        
2024-03-11T21:42:54.9577698Z remote: Counting objects:  88% (1542/1752)        
2024-03-11T21:42:54.9578279Z remote: Counting objects:  89% (1560/1752)        
2024-03-11T21:42:54.9578897Z remote: Counting objects:  90% (1577/1752)        
2024-03-11T21:42:54.9579448Z remote: Counting objects:  91% (1595/1752)        
2024-03-11T21:42:54.9579971Z remote: Counting objects:  92% (1612/1752)        
2024-03-11T21:42:54.9580580Z remote: Counting objects:  93% (1630/1752)        
2024-03-11T21:42:54.9581114Z remote: Counting objects:  94% (1647/1752)        
2024-03-11T21:42:54.9581627Z remote: Counting objects:  95% (1665/1752)        
2024-03-11T21:42:54.9582228Z remote: Counting objects:  96% (1682/1752)        
2024-03-11T21:42:54.9582773Z remote: Counting objects:  97% (1700/1752)        
2024-03-11T21:42:54.9583267Z remote: Counting objects:  98% (1717/1752)        
2024-03-11T21:42:54.9583881Z remote: Counting objects:  99% (1735/1752)        
2024-03-11T21:42:54.9584432Z remote: Counting objects: 100% (1752/1752)        
2024-03-11T21:42:54.9585179Z remote: Counting objects: 100% (1752/1752), done.        
2024-03-11T21:42:54.9585904Z remote: Compressing objects:   0% (1/1574)        
2024-03-11T21:42:54.9586492Z remote: Compressing objects:   1% (16/1574)        
2024-03-11T21:42:54.9587020Z remote: Compressing objects:   2% (32/1574)        
2024-03-11T21:42:54.9587657Z remote: Compressing objects:   3% (48/1574)        
2024-03-11T21:42:54.9588241Z remote: Compressing objects:   4% (63/1574)        
2024-03-11T21:42:54.9588757Z remote: Compressing objects:   5% (79/1574)        
2024-03-11T21:42:54.9589405Z remote: Compressing objects:   6% (95/1574)        
2024-03-11T21:42:54.9894788Z remote: Compressing objects:   7% (111/1574)        
2024-03-11T21:42:54.9895734Z remote: Compressing objects:   8% (126/1574)        
2024-03-11T21:42:54.9896557Z remote: Compressing objects:   9% (142/1574)        
2024-03-11T21:42:54.9897508Z remote: Compressing objects:  10% (158/1574)        
2024-03-11T21:42:54.9898273Z remote: Compressing objects:  11% (174/1574)        
2024-03-11T21:42:54.9899073Z remote: Compressing objects:  12% (189/1574)        
2024-03-11T21:42:54.9899873Z remote: Compressing objects:  13% (205/1574)        
2024-03-11T21:42:54.9900474Z remote: Compressing objects:  14% (221/1574)        
2024-03-11T21:42:54.9901058Z remote: Compressing objects:  15% (237/1574)        
2024-03-11T21:42:54.9901732Z remote: Compressing objects:  16% (252/1574)        
2024-03-11T21:42:54.9902345Z remote: Compressing objects:  17% (268/1574)        
2024-03-11T21:42:54.9902910Z remote: Compressing objects:  18% (284/1574)        
2024-03-11T21:42:54.9903576Z remote: Compressing objects:  19% (300/1574)        
2024-03-11T21:42:54.9904183Z remote: Compressing objects:  20% (315/1574)        
2024-03-11T21:42:54.9904776Z remote: Compressing objects:  21% (331/1574)        
2024-03-11T21:42:54.9905388Z remote: Compressing objects:  22% (347/1574)        
2024-03-11T21:42:54.9905993Z remote: Compressing objects:  23% (363/1574)        
2024-03-11T21:42:54.9906591Z remote: Compressing objects:  24% (378/1574)        
2024-03-11T21:42:54.9907564Z remote: Compressing objects:  25% (394/1574)        
2024-03-11T21:42:54.9908193Z remote: Compressing objects:  26% (410/1574)        
2024-03-11T21:42:54.9908924Z remote: Compressing objects:  27% (425/1574)        
2024-03-11T21:42:54.9909585Z remote: Compressing objects:  28% (441/1574)        
2024-03-11T21:42:55.0001355Z remote: Compressing objects:  29% (457/1574)        
2024-03-11T21:42:55.0002369Z remote: Compressing objects:  30% (473/1574)        
2024-03-11T21:42:55.0003204Z remote: Compressing objects:  31% (488/1574)        
2024-03-11T21:42:55.0003863Z remote: Compressing objects:  32% (504/1574)        
2024-03-11T21:42:55.0004510Z remote: Compressing objects:  33% (520/1574)        
2024-03-11T21:42:55.0005284Z remote: Compressing objects:  34% (536/1574)        
2024-03-11T21:42:55.0005879Z remote: Compressing objects:  35% (551/1574)        
2024-03-11T21:42:55.0006530Z remote: Compressing objects:  36% (567/1574)        
2024-03-11T21:42:55.0007274Z remote: Compressing objects:  37% (583/1574)        
2024-03-11T21:42:55.0007865Z remote: Compressing objects:  38% (599/1574)        
2024-03-11T21:42:55.0008528Z remote: Compressing objects:  39% (614/1574)        
2024-03-11T21:42:55.0009249Z remote: Compressing objects:  40% (630/1574)        
2024-03-11T21:42:55.0009880Z remote: Compressing objects:  41% (646/1574)        
2024-03-11T21:42:55.0010505Z remote: Compressing objects:  42% (662/1574)        
2024-03-11T21:42:55.0011165Z remote: Compressing objects:  43% (677/1574)        
2024-03-11T21:42:55.0011722Z remote: Compressing objects:  44% (693/1574)        
2024-03-11T21:42:55.0012355Z remote: Compressing objects:  45% (709/1574)        
2024-03-11T21:42:55.0013027Z remote: Compressing objects:  46% (725/1574)        
2024-03-11T21:42:55.0013597Z remote: Compressing objects:  47% (740/1574)        
2024-03-11T21:42:55.0014214Z remote: Compressing objects:  48% (756/1574)        
2024-03-11T21:42:55.0134740Z remote: Compressing objects:  49% (772/1574)        
2024-03-11T21:42:55.0135982Z remote: Compressing objects:  50% (787/1574)        
2024-03-11T21:42:55.0136791Z remote: Compressing objects:  51% (803/1574)        
2024-03-11T21:42:55.0137486Z remote: Compressing objects:  52% (819/1574)        
2024-03-11T21:42:55.0138135Z remote: Compressing objects:  53% (835/1574)        
2024-03-11T21:42:55.0138839Z remote: Compressing objects:  54% (850/1574)        
2024-03-11T21:42:55.0139496Z remote: Compressing objects:  55% (866/1574)        
2024-03-11T21:42:55.0140157Z remote: Compressing objects:  56% (882/1574)        
2024-03-11T21:42:55.0140860Z remote: Compressing objects:  57% (898/1574)        
2024-03-11T21:42:55.0141508Z remote: Compressing objects:  58% (913/1574)        
2024-03-11T21:42:55.0142152Z remote: Compressing objects:  59% (929/1574)        
2024-03-11T21:42:55.0142829Z remote: Compressing objects:  60% (945/1574)        
2024-03-11T21:42:55.0143483Z remote: Compressing objects:  61% (961/1574)        
2024-03-11T21:42:55.0144143Z remote: Compressing objects:  62% (976/1574)        
2024-03-11T21:42:55.0202824Z remote: Compressing objects:  63% (992/1574)        
2024-03-11T21:42:55.0203677Z remote: Compressing objects:  64% (1008/1574)        
2024-03-11T21:42:55.0204372Z remote: Compressing objects:  65% (1024/1574)        
2024-03-11T21:42:55.0205141Z remote: Compressing objects:  66% (1039/1574)        
2024-03-11T21:42:55.0205767Z remote: Compressing objects:  67% (1055/1574)        
2024-03-11T21:42:55.0206451Z remote: Compressing objects:  68% (1071/1574)        
2024-03-11T21:42:55.0207196Z remote: Compressing objects:  69% (1087/1574)        
2024-03-11T21:42:55.0207827Z remote: Compressing objects:  70% (1102/1574)        
2024-03-11T21:42:55.0640099Z remote: Compressing objects:  71% (1118/1574)        
2024-03-11T21:42:55.0641336Z remote: Compressing objects:  72% (1134/1574)        
2024-03-11T21:42:55.0642019Z remote: Compressing objects:  73% (1150/1574)        
2024-03-11T21:42:55.0643089Z remote: Compressing objects:  74% (1165/1574)        
2024-03-11T21:42:55.0643890Z remote: Compressing objects:  75% (1181/1574)        
2024-03-11T21:42:55.0644589Z remote: Compressing objects:  76% (1197/1574)        
2024-03-11T21:42:55.0645229Z remote: Compressing objects:  77% (1212/1574)        
2024-03-11T21:42:55.0645957Z remote: Compressing objects:  78% (1228/1574)        
2024-03-11T21:42:55.0646634Z remote: Compressing objects:  79% (1244/1574)        
2024-03-11T21:42:55.0647273Z remote: Compressing objects:  80% (1260/1574)        
2024-03-11T21:42:55.0647989Z remote: Compressing objects:  81% (1275/1574)        
2024-03-11T21:42:55.0648688Z remote: Compressing objects:  82% (1291/1574)        
2024-03-11T21:42:55.0649311Z remote: Compressing objects:  83% (1307/1574)        
2024-03-11T21:42:55.0650026Z remote: Compressing objects:  84% (1323/1574)        
2024-03-11T21:42:55.0650701Z remote: Compressing objects:  85% (1338/1574)        
2024-03-11T21:42:55.0651333Z remote: Compressing objects:  86% (1354/1574)        
2024-03-11T21:42:55.0674039Z remote: Compressing objects:  87% (1370/1574)        
2024-03-11T21:42:55.0675150Z remote: Compressing objects:  88% (1386/1574)        
2024-03-11T21:42:55.0676190Z remote: Compressing objects:  89% (1401/1574)        
2024-03-11T21:42:55.0677343Z remote: Compressing objects:  90% (1417/1574)        
2024-03-11T21:42:55.0678225Z remote: Compressing objects:  91% (1433/1574)        
2024-03-11T21:42:55.0679122Z remote: Compressing objects:  92% (1449/1574)        
2024-03-11T21:42:55.0679714Z remote: Compressing objects:  93% (1464/1574)        
2024-03-11T21:42:55.0680282Z remote: Compressing objects:  94% (1480/1574)        
2024-03-11T21:42:55.0680885Z remote: Compressing objects:  95% (1496/1574)        
2024-03-11T21:42:55.0681469Z remote: Compressing objects:  96% (1512/1574)        
2024-03-11T21:42:55.0682038Z remote: Compressing objects:  97% (1527/1574)        
2024-03-11T21:42:55.0682652Z remote: Compressing objects:  98% (1543/1574)        
2024-03-11T21:42:55.0683634Z remote: Compressing objects:  99% (1559/1574)        
2024-03-11T21:42:55.0684246Z remote: Compressing objects: 100% (1574/1574)        
2024-03-11T21:42:55.0684923Z remote: Compressing objects: 100% (1574/1574), done.        
2024-03-11T21:42:55.0866132Z Receiving objects:   0% (1/1752)
2024-03-11T21:42:55.0869774Z Receiving objects:   1% (18/1752)
2024-03-11T21:42:55.1055731Z Receiving objects:   2% (36/1752)
2024-03-11T21:42:55.1454352Z Receiving objects:   3% (53/1752)
2024-03-11T21:42:55.3951816Z Receiving objects:   4% (71/1752)
2024-03-11T21:42:55.3953054Z Receiving objects:   5% (88/1752)
2024-03-11T21:42:55.3957276Z Receiving objects:   6% (106/1752)
2024-03-11T21:42:55.3962483Z Receiving objects:   7% (123/1752)
2024-03-11T21:42:55.3966480Z Receiving objects:   8% (141/1752)
2024-03-11T21:42:55.4010883Z Receiving objects:   9% (158/1752)
2024-03-11T21:42:55.4013858Z Receiving objects:  10% (176/1752)
2024-03-11T21:42:55.4478215Z Receiving objects:  11% (193/1752)
2024-03-11T21:42:55.4479482Z Receiving objects:  12% (211/1752)
2024-03-11T21:42:55.4505676Z Receiving objects:  13% (228/1752)
2024-03-11T21:42:55.4508287Z Receiving objects:  14% (246/1752)
2024-03-11T21:42:55.4512249Z Receiving objects:  15% (263/1752)
2024-03-11T21:42:55.4516102Z Receiving objects:  16% (281/1752)
2024-03-11T21:42:55.4524164Z Receiving objects:  17% (298/1752)
2024-03-11T21:42:55.4528243Z Receiving objects:  18% (316/1752)
2024-03-11T21:42:55.4533942Z Receiving objects:  19% (333/1752)
2024-03-11T21:42:55.4537235Z Receiving objects:  20% (351/1752)
2024-03-11T21:42:55.4542731Z Receiving objects:  21% (368/1752)
2024-03-11T21:42:55.4545529Z Receiving objects:  22% (386/1752)
2024-03-11T21:42:55.4548879Z Receiving objects:  23% (403/1752)
2024-03-11T21:42:55.4552182Z Receiving objects:  24% (421/1752)
2024-03-11T21:42:55.4556022Z Receiving objects:  25% (438/1752)
2024-03-11T21:42:55.4558008Z Receiving objects:  26% (456/1752)
2024-03-11T21:42:55.4561618Z Receiving objects:  27% (474/1752)
2024-03-11T21:42:55.4563496Z Receiving objects:  28% (491/1752)
2024-03-11T21:42:55.4565529Z Receiving objects:  29% (509/1752)
2024-03-11T21:42:55.4568785Z Receiving objects:  30% (526/1752)
2024-03-11T21:42:55.4572036Z Receiving objects:  31% (544/1752)
2024-03-11T21:42:55.4574531Z Receiving objects:  32% (561/1752)
2024-03-11T21:42:55.4576775Z Receiving objects:  33% (579/1752)
2024-03-11T21:42:55.4578268Z Receiving objects:  34% (596/1752)
2024-03-11T21:42:55.4580199Z Receiving objects:  35% (614/1752)
2024-03-11T21:42:55.4584847Z Receiving objects:  36% (631/1752)
2024-03-11T21:42:55.4587294Z Receiving objects:  37% (649/1752)
2024-03-11T21:42:55.4588270Z Receiving objects:  38% (666/1752)
2024-03-11T21:42:55.4591078Z Receiving objects:  39% (684/1752)
2024-03-11T21:42:55.4593515Z Receiving objects:  40% (701/1752)
2024-03-11T21:42:55.4595463Z Receiving objects:  41% (719/1752)
2024-03-11T21:42:55.4598612Z Receiving objects:  42% (736/1752)
2024-03-11T21:42:55.4655673Z Receiving objects:  43% (754/1752)
2024-03-11T21:42:55.4657459Z Receiving objects:  44% (771/1752)
2024-03-11T21:42:55.4660183Z Receiving objects:  45% (789/1752)
2024-03-11T21:42:55.5103828Z Receiving objects:  46% (806/1752)
2024-03-11T21:42:55.5105353Z Receiving objects:  47% (824/1752)
2024-03-11T21:42:55.5112204Z Receiving objects:  48% (841/1752)
2024-03-11T21:42:55.5113959Z Receiving objects:  49% (859/1752)
2024-03-11T21:42:55.5115487Z Receiving objects:  50% (876/1752)
2024-03-11T21:42:55.5120080Z Receiving objects:  51% (894/1752)
2024-03-11T21:42:55.5130351Z Receiving objects:  52% (912/1752)
2024-03-11T21:42:55.5136498Z Receiving objects:  53% (929/1752)
2024-03-11T21:42:55.5139846Z Receiving objects:  54% (947/1752)
2024-03-11T21:42:55.5147415Z Receiving objects:  55% (964/1752)
2024-03-11T21:42:55.5154293Z Receiving objects:  56% (982/1752)
2024-03-11T21:42:55.5156474Z Receiving objects:  57% (999/1752)
2024-03-11T21:42:55.5159011Z Receiving objects:  58% (1017/1752)
2024-03-11T21:42:55.5160762Z Receiving objects:  59% (1034/1752)
2024-03-11T21:42:55.5162493Z Receiving objects:  60% (1052/1752)
2024-03-11T21:42:55.5164528Z Receiving objects:  61% (1069/1752)
2024-03-11T21:42:55.5166632Z Receiving objects:  62% (1087/1752)
2024-03-11T21:42:55.5169323Z Receiving objects:  63% (1104/1752)
2024-03-11T21:42:55.5170591Z Receiving objects:  64% (1122/1752)
2024-03-11T21:42:55.5173061Z Receiving objects:  65% (1139/1752)
2024-03-11T21:42:55.5175050Z Receiving objects:  66% (1157/1752)
2024-03-11T21:42:55.5176284Z Receiving objects:  67% (1174/1752)
2024-03-11T21:42:55.5178038Z Receiving objects:  68% (1192/1752)
2024-03-11T21:42:55.5180972Z Receiving objects:  69% (1209/1752)
2024-03-11T21:42:55.5182164Z Receiving objects:  70% (1227/1752)
2024-03-11T21:42:55.5189880Z Receiving objects:  71% (1244/1752)
2024-03-11T21:42:55.5201350Z Receiving objects:  72% (1262/1752)
2024-03-11T21:42:55.5204446Z Receiving objects:  73% (1279/1752)
2024-03-11T21:42:55.5205723Z Receiving objects:  74% (1297/1752)
2024-03-11T21:42:55.7059101Z Receiving objects:  75% (1314/1752)
2024-03-11T21:42:55.8335660Z Receiving objects:  76% (1332/1752), 2.17 MiB | 4.33 MiB/s
2024-03-11T21:42:55.9052799Z Receiving objects:  77% (1350/1752), 2.17 MiB | 4.33 MiB/s
2024-03-11T21:42:56.0878952Z Receiving objects:  78% (1367/1752), 2.17 MiB | 4.33 MiB/s
2024-03-11T21:42:56.0988091Z Receiving objects:  78% (1378/1752), 4.43 MiB | 4.36 MiB/s
2024-03-11T21:42:56.2853587Z Receiving objects:  79% (1385/1752), 4.43 MiB | 4.36 MiB/s
2024-03-11T21:42:56.4741262Z Receiving objects:  80% (1402/1752), 4.43 MiB | 4.36 MiB/s
2024-03-11T21:42:56.4748251Z Receiving objects:  81% (1420/1752), 4.43 MiB | 4.36 MiB/s
2024-03-11T21:42:56.4752347Z Receiving objects:  82% (1437/1752), 4.43 MiB | 4.36 MiB/s
2024-03-11T21:42:56.4757051Z Receiving objects:  83% (1455/1752), 4.43 MiB | 4.36 MiB/s
2024-03-11T21:42:56.4763656Z Receiving objects:  84% (1472/1752), 4.43 MiB | 4.36 MiB/s
2024-03-11T21:42:56.4769139Z Receiving objects:  85% (1490/1752), 4.43 MiB | 4.36 MiB/s
2024-03-11T21:42:56.4775428Z Receiving objects:  86% (1507/1752), 4.43 MiB | 4.36 MiB/s
2024-03-11T21:42:56.4783311Z Receiving objects:  87% (1525/1752), 4.43 MiB | 4.36 MiB/s
2024-03-11T21:42:56.4788258Z Receiving objects:  88% (1542/1752), 4.43 MiB | 4.36 MiB/s
2024-03-11T21:42:56.4793409Z Receiving objects:  89% (1560/1752), 4.43 MiB | 4.36 MiB/s
2024-03-11T21:42:56.4800129Z Receiving objects:  90% (1577/1752), 4.43 MiB | 4.36 MiB/s
2024-03-11T21:42:56.4806045Z Receiving objects:  91% (1595/1752), 4.43 MiB | 4.36 MiB/s
2024-03-11T21:42:56.4811181Z Receiving objects:  92% (1612/1752), 4.43 MiB | 4.36 MiB/s
2024-03-11T21:42:56.4815973Z Receiving objects:  93% (1630/1752), 4.43 MiB | 4.36 MiB/s
2024-03-11T21:42:56.4820275Z Receiving objects:  94% (1647/1752), 4.43 MiB | 4.36 MiB/s
2024-03-11T21:42:56.4824269Z Receiving objects:  95% (1665/1752), 4.43 MiB | 4.36 MiB/s
2024-03-11T21:42:56.4858575Z Receiving objects:  96% (1682/1752), 4.43 MiB | 4.36 MiB/s
2024-03-11T21:42:56.4869718Z Receiving objects:  97% (1700/1752), 4.43 MiB | 4.36 MiB/s
2024-03-11T21:42:56.4877899Z Receiving objects:  98% (1717/1752), 4.43 MiB | 4.36 MiB/s
2024-03-11T21:42:56.5379835Z Receiving objects:  99% (1735/1752), 4.43 MiB | 4.36 MiB/s
2024-03-11T21:42:56.5381222Z remote: Total 1752 (delta 278), reused 994 (delta 139), pack-reused 0        
2024-03-11T21:42:56.5388890Z Receiving objects: 100% (1752/1752), 4.43 MiB | 4.36 MiB/s
2024-03-11T21:42:56.5389870Z Receiving objects: 100% (1752/1752), 6.60 MiB | 4.51 MiB/s, done.
2024-03-11T21:42:56.5393915Z Resolving deltas:   0% (0/278)
2024-03-11T21:42:56.5395730Z Resolving deltas:   1% (3/278)
2024-03-11T21:42:56.5398471Z Resolving deltas:   2% (6/278)
2024-03-11T21:42:56.5400170Z Resolving deltas:   3% (9/278)
2024-03-11T21:42:56.5402205Z Resolving deltas:   4% (12/278)
2024-03-11T21:42:56.5403941Z Resolving deltas:   5% (14/278)
2024-03-11T21:42:56.5410918Z Resolving deltas:   6% (17/278)
2024-03-11T21:42:56.5412115Z Resolving deltas:   7% (20/278)
2024-03-11T21:42:56.5412884Z Resolving deltas:   8% (23/278)
2024-03-11T21:42:56.5413984Z Resolving deltas:   9% (26/278)
2024-03-11T21:42:56.5415491Z Resolving deltas:  10% (28/278)
2024-03-11T21:42:56.5416157Z Resolving deltas:  11% (31/278)
2024-03-11T21:42:56.5416946Z Resolving deltas:  12% (34/278)
2024-03-11T21:42:56.5417609Z Resolving deltas:  13% (37/278)
2024-03-11T21:42:56.5418183Z Resolving deltas:  14% (39/278)
2024-03-11T21:42:56.5439864Z Resolving deltas:  15% (42/278)
2024-03-11T21:42:56.5440582Z Resolving deltas:  16% (45/278)
2024-03-11T21:42:56.5441477Z Resolving deltas:  17% (49/278)
2024-03-11T21:42:56.5446991Z Resolving deltas:  18% (51/278)
2024-03-11T21:42:56.5449001Z Resolving deltas:  19% (53/278)
2024-03-11T21:42:56.5451594Z Resolving deltas:  20% (56/278)
2024-03-11T21:42:56.5453529Z Resolving deltas:  21% (59/278)
2024-03-11T21:42:56.5456621Z Resolving deltas:  22% (62/278)
2024-03-11T21:42:56.5464492Z Resolving deltas:  23% (64/278)
2024-03-11T21:42:56.5466997Z Resolving deltas:  24% (67/278)
2024-03-11T21:42:56.5468718Z Resolving deltas:  25% (70/278)
2024-03-11T21:42:56.5470595Z Resolving deltas:  26% (73/278)
2024-03-11T21:42:56.5472278Z Resolving deltas:  27% (76/278)
2024-03-11T21:42:56.5475597Z Resolving deltas:  28% (78/278)
2024-03-11T21:42:56.5477202Z Resolving deltas:  29% (81/278)
2024-03-11T21:42:56.5477841Z Resolving deltas:  30% (84/278)
2024-03-11T21:42:56.5480001Z Resolving deltas:  31% (87/278)
2024-03-11T21:42:56.5480741Z Resolving deltas:  32% (89/278)
2024-03-11T21:42:56.5481327Z Resolving deltas:  33% (92/278)
2024-03-11T21:42:56.5481973Z Resolving deltas:  34% (95/278)
2024-03-11T21:42:56.5482677Z Resolving deltas:  35% (98/278)
2024-03-11T21:42:56.5485714Z Resolving deltas:  36% (101/278)
2024-03-11T21:42:56.5486374Z Resolving deltas:  37% (103/278)
2024-03-11T21:42:56.5487088Z Resolving deltas:  38% (106/278)
2024-03-11T21:42:56.5487869Z Resolving deltas:  39% (109/278)
2024-03-11T21:42:56.5489703Z Resolving deltas:  40% (112/278)
2024-03-11T21:42:56.5490417Z Resolving deltas:  41% (114/278)
2024-03-11T21:42:56.5491007Z Resolving deltas:  42% (117/278)
2024-03-11T21:42:56.5492067Z Resolving deltas:  43% (120/278)
2024-03-11T21:42:56.5492699Z Resolving deltas:  44% (123/278)
2024-03-11T21:42:56.5493264Z Resolving deltas:  45% (126/278)
2024-03-11T21:42:56.5493994Z Resolving deltas:  46% (128/278)
2024-03-11T21:42:56.5495902Z Resolving deltas:  47% (131/278)
2024-03-11T21:42:56.5496505Z Resolving deltas:  48% (134/278)
2024-03-11T21:42:56.5498660Z Resolving deltas:  49% (137/278)
2024-03-11T21:42:56.5500002Z Resolving deltas:  50% (139/278)
2024-03-11T21:42:56.5501212Z Resolving deltas:  51% (142/278)
2024-03-11T21:42:56.5502676Z Resolving deltas:  52% (145/278)
2024-03-11T21:42:56.5503920Z Resolving deltas:  53% (148/278)
2024-03-11T21:42:56.5505096Z Resolving deltas:  54% (151/278)
2024-03-11T21:42:56.5506493Z Resolving deltas:  55% (153/278)
2024-03-11T21:42:56.5507148Z Resolving deltas:  56% (156/278)
2024-03-11T21:42:56.5508492Z Resolving deltas:  57% (159/278)
2024-03-11T21:42:56.5510020Z Resolving deltas:  58% (162/278)
2024-03-11T21:42:56.5510683Z Resolving deltas:  59% (165/278)
2024-03-11T21:42:56.5511264Z Resolving deltas:  60% (167/278)
2024-03-11T21:42:56.5513818Z Resolving deltas:  61% (170/278)
2024-03-11T21:42:56.5515336Z Resolving deltas:  62% (173/278)
2024-03-11T21:42:56.5516450Z Resolving deltas:  63% (176/278)
2024-03-11T21:42:56.5517284Z Resolving deltas:  64% (178/278)
2024-03-11T21:42:56.5517704Z Resolving deltas:  65% (181/278)
2024-03-11T21:42:56.5518098Z Resolving deltas:  66% (184/278)
2024-03-11T21:42:56.5518944Z Resolving deltas:  67% (187/278)
2024-03-11T21:42:56.5519984Z Resolving deltas:  68% (190/278)
2024-03-11T21:42:56.5521623Z Resolving deltas:  69% (192/278)
2024-03-11T21:42:56.5522379Z Resolving deltas:  70% (195/278)
2024-03-11T21:42:56.5522982Z Resolving deltas:  71% (198/278)
2024-03-11T21:42:56.5523573Z Resolving deltas:  72% (201/278)
2024-03-11T21:42:56.5524314Z Resolving deltas:  73% (203/278)
2024-03-11T21:42:56.5524971Z Resolving deltas:  74% (206/278)
2024-03-11T21:42:56.5525595Z Resolving deltas:  75% (209/278)
2024-03-11T21:42:56.5526579Z Resolving deltas:  76% (212/278)
2024-03-11T21:42:56.5527240Z Resolving deltas:  77% (215/278)
2024-03-11T21:42:56.5527813Z Resolving deltas:  78% (217/278)
2024-03-11T21:42:56.5528562Z Resolving deltas:  79% (220/278)
2024-03-11T21:42:56.5529221Z Resolving deltas:  80% (223/278)
2024-03-11T21:42:56.5529641Z Resolving deltas:  81% (226/278)
2024-03-11T21:42:56.5530105Z Resolving deltas:  82% (228/278)
2024-03-11T21:42:56.5530525Z Resolving deltas:  83% (231/278)
2024-03-11T21:42:56.5530871Z Resolving deltas:  84% (234/278)
2024-03-11T21:42:56.5531320Z Resolving deltas:  85% (237/278)
2024-03-11T21:42:56.5531745Z Resolving deltas:  86% (240/278)
2024-03-11T21:42:56.5532102Z Resolving deltas:  87% (242/278)
2024-03-11T21:42:56.5532725Z Resolving deltas:  88% (245/278)
2024-03-11T21:42:56.5533527Z Resolving deltas:  89% (248/278)
2024-03-11T21:42:56.5534104Z Resolving deltas:  90% (251/278)
2024-03-11T21:42:56.5534867Z Resolving deltas:  91% (253/278)
2024-03-11T21:42:56.5535336Z Resolving deltas:  92% (256/278)
2024-03-11T21:42:56.5535687Z Resolving deltas:  93% (259/278)
2024-03-11T21:42:56.5536174Z Resolving deltas:  94% (262/278)
2024-03-11T21:42:56.5536558Z Resolving deltas:  95% (265/278)
2024-03-11T21:42:56.5536912Z Resolving deltas:  96% (267/278)
2024-03-11T21:42:56.5537376Z Resolving deltas:  97% (270/278)
2024-03-11T21:42:56.5537767Z Resolving deltas:  98% (273/278)
2024-03-11T21:42:56.5538115Z Resolving deltas:  99% (276/278)
2024-03-11T21:42:56.5538579Z Resolving deltas: 100% (278/278)
2024-03-11T21:42:56.5538983Z Resolving deltas: 100% (278/278), done.
2024-03-11T21:42:56.5705262Z From https://github.com/rubyforgood/human-essentials
2024-03-11T21:42:56.5706371Z  * [new ref]         744347e0065c57945caea20f5e0512546163cbfa -> pull/4017/merge
2024-03-11T21:42:56.5732181Z ##[endgroup]
2024-03-11T21:42:56.5733142Z ##[group]Determining the checkout info
2024-03-11T21:42:56.5734154Z ##[endgroup]
2024-03-11T21:42:56.5734821Z ##[group]Checking out the ref
2024-03-11T21:42:56.5739401Z [command]/usr/bin/git checkout --progress --force refs/remotes/pull/4017/merge
2024-03-11T21:42:56.7075233Z Note: switching to 'refs/remotes/pull/4017/merge'.
2024-03-11T21:42:56.7076375Z 
2024-03-11T21:42:56.7077451Z You are in 'detached HEAD' state. You can look around, make experimental
2024-03-11T21:42:56.7078908Z changes and commit them, and you can discard any commits you make in this
2024-03-11T21:42:56.7080445Z state without impacting any branches by switching back to a branch.
2024-03-11T21:42:56.7081229Z 
2024-03-11T21:42:56.7081620Z If you want to create a new branch to retain commits you create, you may
2024-03-11T21:42:56.7082458Z do so (now or later) by using -c with the switch command. Example:
2024-03-11T21:42:56.7082952Z 
2024-03-11T21:42:56.7083148Z   git switch -c <new-branch-name>
2024-03-11T21:42:56.7083438Z 
2024-03-11T21:42:56.7083593Z Or undo this operation with:
2024-03-11T21:42:56.7083824Z 
2024-03-11T21:42:56.7083984Z   git switch -
2024-03-11T21:42:56.7084229Z 
2024-03-11T21:42:56.7084579Z Turn off this advice by setting config variable advice.detachedHead to false
2024-03-11T21:42:56.7085051Z 
2024-03-11T21:42:56.7085699Z HEAD is now at 744347e Merge 8bba46d52d66a3df592b0fbda2fe9045e08dcec0 into 449d8506f768bf1894e05c17983a13da27472321
2024-03-11T21:42:56.7087208Z ##[endgroup]
2024-03-11T21:42:56.7135459Z [command]/usr/bin/git log -1 --format='%H'
2024-03-11T21:42:56.7169516Z '744347e0065c57945caea20f5e0512546163cbfa'
2024-03-11T21:42:56.7513465Z ##[group]Run ruby/setup-ruby@v1
2024-03-11T21:42:56.7513858Z with:
2024-03-11T21:42:56.7514186Z   bundler-cache: true
2024-03-11T21:42:56.7514640Z   ruby-version: default
2024-03-11T21:42:56.7514958Z ##[endgroup]
2024-03-11T21:42:57.0033791Z Using 3.2.2 as input from file .ruby-version
2024-03-11T21:42:57.0063277Z ##[group]Modifying PATH
2024-03-11T21:42:57.0064258Z Entries added to PATH to use selected Ruby:
2024-03-11T21:42:57.0065215Z   /opt/hostedtoolcache/Ruby/3.2.2/x64/bin
2024-03-11T21:42:57.0066601Z ##[endgroup]
2024-03-11T21:42:57.0086467Z ##[group]Downloading Ruby
2024-03-11T21:42:57.0089890Z https://github.com/ruby/ruby-builder/releases/download/toolcache/ruby-3.2.2-ubuntu-22.04.tar.gz
2024-03-11T21:42:57.5947283Z Took   0.59 seconds
2024-03-11T21:42:57.5948479Z ##[endgroup]
2024-03-11T21:42:57.5949527Z ##[group]Extracting  Ruby
2024-03-11T21:42:57.5981690Z [command]/usr/bin/tar -xz -C /opt/hostedtoolcache/Ruby/3.2.2 -f /home/runner/work/_temp/59c097d6-afdb-43d9-b4b5-db0bb6fa183e
2024-03-11T21:42:57.9762155Z Took   0.38 seconds
2024-03-11T21:42:57.9763559Z ##[endgroup]
2024-03-11T21:42:57.9764926Z ##[group]Print Ruby version
2024-03-11T21:42:57.9775397Z [command]/opt/hostedtoolcache/Ruby/3.2.2/x64/bin/ruby --version
2024-03-11T21:42:57.9991825Z ruby 3.2.2 (2023-03-30 revision e51014f9c0) [x86_64-linux]
2024-03-11T21:42:58.0010346Z Took   0.02 seconds
2024-03-11T21:42:58.0013445Z ##[endgroup]
2024-03-11T21:42:58.0014650Z ##[group]Installing Bundler
2024-03-11T21:42:58.0020035Z Using Bundler 2.5.6 from Gemfile.lock BUNDLED WITH 2.5.6
2024-03-11T21:42:58.0025241Z [command]/opt/hostedtoolcache/Ruby/3.2.2/x64/bin/gem install bundler -v 2.5.6
2024-03-11T21:42:58.4859388Z Successfully installed bundler-2.5.6
2024-03-11T21:42:58.4860389Z 1 gem installed
2024-03-11T21:42:58.4916480Z Took   0.49 seconds
2024-03-11T21:42:58.4918305Z ##[endgroup]
2024-03-11T21:42:58.4920119Z > bundle install
2024-03-11T21:42:58.4935702Z [command]/opt/hostedtoolcache/Ruby/3.2.2/x64/bin/bundle config --local path /home/runner/work/human-essentials/human-essentials/vendor/bundle
2024-03-11T21:42:58.6480531Z [command]/opt/hostedtoolcache/Ruby/3.2.2/x64/bin/bundle config --local deployment true
2024-03-11T21:42:58.7984985Z Cache key: setup-ruby-bundler-cache-v6-ubuntu-22.04-x64-ruby-3.2.2-wd-/home/runner/work/human-essentials/human-essentials-with--without--only--Gemfile.lock-90af41cb540db2526d21e3c5cbbe531ed46bcf1ba5fdc3d9e3337dd916b92c56
2024-03-11T21:43:00.3784145Z Received 0 of 214817878 (0.0%), 0.0 MBs/sec
2024-03-11T21:43:01.3784800Z Received 121634816 of 214817878 (56.6%), 58.0 MBs/sec
2024-03-11T21:43:02.0260503Z Cache Size: ~205 MB (214817878 B)
2024-03-11T21:43:02.0293591Z [command]/usr/bin/tar -xf /home/runner/work/_temp/3f5ae507-f0c4-4a92-a305-84964220abe5/cache.tzst -P -C /home/runner/work/human-essentials/human-essentials --use-compress-program unzstd
2024-03-11T21:43:02.3794660Z Received 214817878 of 214817878 (100.0%), 68.3 MBs/sec
2024-03-11T21:43:03.7232351Z Cache restored successfully
2024-03-11T21:43:03.7658219Z Found cache for key: setup-ruby-bundler-cache-v6-ubuntu-22.04-x64-ruby-3.2.2-wd-/home/runner/work/human-essentials/human-essentials-with--without--only--Gemfile.lock-90af41cb540db2526d21e3c5cbbe531ed46bcf1ba5fdc3d9e3337dd916b92c56
2024-03-11T21:43:03.7675111Z [command]/opt/hostedtoolcache/Ruby/3.2.2/x64/bin/bundle install --jobs 4
2024-03-11T21:43:04.1770089Z Bundle complete! 85 Gemfile dependencies, 246 gems now installed.
2024-03-11T21:43:04.1771707Z Bundled gems are installed into `./vendor/bundle`
2024-03-11T21:43:04.1819523Z Took   5.69 seconds
2024-03-11T21:43:04.2022217Z ##[group]Run bundle exec brakeman
2024-03-11T21:43:04.2022764Z [36;1mbundle exec brakeman[0m
2024-03-11T21:43:04.2090961Z shell: /usr/bin/bash -e {0}
2024-03-11T21:43:04.2091366Z ##[endgroup]
2024-03-11T21:43:04.5910743Z Loading scanner...
2024-03-11T21:43:05.0364078Z Processing application in /home/runner/work/human-essentials/human-essentials
2024-03-11T21:43:05.0365251Z Processing gems...                      
2024-03-11T21:43:05.0472107Z [Notice] Detected Rails 7 application
2024-03-11T21:43:05.0473003Z Processing configuration...             
2024-03-11T21:43:05.0610923Z [Notice] Escaping HTML by default
2024-03-11T21:43:05.0611789Z Parsing files...                        
2024-03-11T21:43:08.3853336Z Detecting file types...                 
2024-03-11T21:43:08.4292245Z Processing initializers...              
2024-03-11T21:43:08.4296598Z  0/24 files processed
2024-03-11T21:43:08.4300511Z  1/24 files processed
2024-03-11T21:43:08.4309699Z  2/24 files processed
2024-03-11T21:43:08.4352086Z  3/24 files processed
2024-03-11T21:43:08.4364667Z  4/24 files processed
2024-03-11T21:43:08.4370254Z  5/24 files processed
2024-03-11T21:43:08.4371333Z  6/24 files processed
2024-03-11T21:43:08.4374781Z  7/24 files processed
2024-03-11T21:43:08.4375572Z  8/24 files processed
2024-03-11T21:43:08.4379015Z  9/24 files processed
2024-03-11T21:43:08.4380668Z  10/24 files processed
2024-03-11T21:43:08.4381503Z  11/24 files processed
2024-03-11T21:43:08.4385052Z  12/24 files processed
2024-03-11T21:43:08.4388937Z  13/24 files processed
2024-03-11T21:43:08.4395760Z  14/24 files processed
2024-03-11T21:43:08.4403363Z  15/24 files processed
2024-03-11T21:43:08.4406448Z  16/24 files processed
2024-03-11T21:43:08.4407210Z  17/24 files processed
2024-03-11T21:43:08.4408789Z  18/24 files processed
2024-03-11T21:43:08.4422104Z  19/24 files processed
2024-03-11T21:43:08.4635797Z  20/24 files processed
2024-03-11T21:43:08.4638916Z  21/24 files processed
2024-03-11T21:43:08.4642091Z  22/24 files processed
2024-03-11T21:43:08.4643368Z  23/24 files processed
2024-03-11T21:43:08.4644051Z Processing libs...                      
2024-03-11T21:43:08.4651267Z  0/148 files processed
2024-03-11T21:43:08.4651834Z  1/148 files processed
2024-03-11T21:43:08.4655556Z  2/148 files processed
2024-03-11T21:43:08.4658910Z  3/148 files processed
2024-03-11T21:43:08.4661906Z  4/148 files processed
2024-03-11T21:43:08.4664974Z  5/148 files processed
2024-03-11T21:43:08.4667911Z  6/148 files processed
2024-03-11T21:43:08.4670929Z  7/148 files processed
2024-03-11T21:43:08.4714745Z  8/148 files processed
2024-03-11T21:43:08.4715512Z  9/148 files processed
2024-03-11T21:43:08.4716455Z  10/148 files processed
2024-03-11T21:43:08.4728257Z  11/148 files processed
2024-03-11T21:43:08.4742140Z  12/148 files processed
2024-03-11T21:43:08.4758920Z  13/148 files processed
2024-03-11T21:43:08.4759805Z  14/148 files processed
2024-03-11T21:43:08.4763163Z  15/148 files processed
2024-03-11T21:43:08.4806546Z  16/148 files processed
2024-03-11T21:43:08.4809156Z  17/148 files processed
2024-03-11T21:43:08.4827671Z  18/148 files processed
2024-03-11T21:43:08.4848753Z  19/148 files processed
2024-03-11T21:43:08.4852830Z  20/148 files processed
2024-03-11T21:43:08.4856992Z  21/148 files processed
2024-03-11T21:43:08.4868420Z  22/148 files processed
2024-03-11T21:43:08.4872215Z  23/148 files processed
2024-03-11T21:43:08.4879153Z  24/148 files processed
2024-03-11T21:43:08.4889523Z  25/148 files processed
2024-03-11T21:43:08.4918047Z  26/148 files processed
2024-03-11T21:43:08.4941590Z  27/148 files processed
2024-03-11T21:43:08.4942860Z  28/148 files processed
2024-03-11T21:43:08.4958806Z  29/148 files processed
2024-03-11T21:43:08.5020210Z  30/148 files processed
2024-03-11T21:43:08.5031815Z  31/148 files processed
2024-03-11T21:43:08.5035177Z  32/148 files processed
2024-03-11T21:43:08.5049808Z  33/148 files processed
2024-03-11T21:43:08.5053470Z  34/148 files processed
2024-03-11T21:43:08.5062740Z  35/148 files processed
2024-03-11T21:43:08.5067589Z  36/148 files processed
2024-03-11T21:43:08.5071624Z  37/148 files processed
2024-03-11T21:43:08.5077134Z  38/148 files processed
2024-03-11T21:43:08.5088198Z  39/148 files processed
2024-03-11T21:43:08.5090562Z  40/148 files processed
2024-03-11T21:43:08.5093967Z  41/148 files processed
2024-03-11T21:43:08.5097760Z  42/148 files processed
2024-03-11T21:43:08.5203589Z  43/148 files processed
2024-03-11T21:43:08.5208356Z  44/148 files processed
2024-03-11T21:43:08.5208848Z  45/148 files processed
2024-03-11T21:43:08.5212864Z  46/148 files processed
2024-03-11T21:43:08.5217149Z  47/148 files processed
2024-03-11T21:43:08.5220345Z  48/148 files processed
2024-03-11T21:43:08.5224817Z  49/148 files processed
2024-03-11T21:43:08.5230107Z  50/148 files processed
2024-03-11T21:43:08.5230647Z  51/148 files processed
2024-03-11T21:43:08.5238117Z  52/148 files processed
2024-03-11T21:43:08.5262711Z  53/148 files processed
2024-03-11T21:43:08.5265333Z  54/148 files processed
2024-03-11T21:43:08.5269291Z  55/148 files processed
2024-03-11T21:43:08.5275733Z  56/148 files processed
2024-03-11T21:43:08.5291908Z  57/148 files processed
2024-03-11T21:43:08.5312036Z  58/148 files processed
2024-03-11T21:43:08.5314820Z  59/148 files processed
2024-03-11T21:43:08.5431978Z  60/148 files processed
2024-03-11T21:43:08.5467861Z  61/148 files processed
2024-03-11T21:43:08.5473017Z  62/148 files processed
2024-03-11T21:43:08.5478674Z  63/148 files processed
2024-03-11T21:43:08.5482928Z  64/148 files processed
2024-03-11T21:43:08.5488092Z  65/148 files processed
2024-03-11T21:43:08.5492555Z  66/148 files processed
2024-03-11T21:43:08.5537890Z  67/148 files processed
2024-03-11T21:43:08.5562183Z  68/148 files processed
2024-03-11T21:43:08.5614398Z  69/148 files processed
2024-03-11T21:43:08.5616913Z  70/148 files processed
2024-03-11T21:43:08.5651535Z  71/148 files processed
2024-03-11T21:43:08.5660888Z  72/148 files processed
2024-03-11T21:43:08.5711282Z  73/148 files processed
2024-03-11T21:43:08.5744536Z  74/148 files processed
2024-03-11T21:43:08.5762488Z  75/148 files processed
2024-03-11T21:43:08.5773465Z  76/148 files processed
2024-03-11T21:43:08.5776840Z  77/148 files processed
2024-03-11T21:43:08.5818973Z  78/148 files processed
2024-03-11T21:43:08.5825121Z  79/148 files processed
2024-03-11T21:43:08.5843177Z  80/148 files processed
2024-03-11T21:43:08.5852692Z  81/148 files processed
2024-03-11T21:43:08.5856081Z  82/148 files processed
2024-03-11T21:43:08.5870679Z  83/148 files processed
2024-03-11T21:43:08.5901781Z  84/148 files processed
2024-03-11T21:43:08.5979254Z  85/148 files processed
2024-03-11T21:43:08.6017297Z  86/148 files processed
2024-03-11T21:43:08.6031866Z  87/148 files processed
2024-03-11T21:43:08.6069279Z  88/148 files processed
2024-03-11T21:43:08.6080227Z  89/148 files processed
2024-03-11T21:43:08.6122297Z  90/148 files processed
2024-03-11T21:43:08.6143063Z  91/148 files processed
2024-03-11T21:43:08.6180886Z  92/148 files processed
2024-03-11T21:43:08.6189915Z  93/148 files processed
2024-03-11T21:43:08.6208895Z  94/148 files processed
2024-03-11T21:43:08.6233115Z  95/148 files processed
2024-03-11T21:43:08.6252842Z  96/148 files processed
2024-03-11T21:43:08.6260184Z  97/148 files processed
2024-03-11T21:43:08.6271486Z  98/148 files processed
2024-03-11T21:43:08.6275803Z  99/148 files processed
2024-03-11T21:43:08.6284728Z  100/148 files processed
2024-03-11T21:43:08.6293944Z  101/148 files processed
2024-03-11T21:43:08.6309453Z  102/148 files processed
2024-03-11T21:43:08.6317583Z  103/148 files processed
2024-03-11T21:43:08.6325261Z  104/148 files processed
2024-03-11T21:43:08.6351232Z  105/148 files processed
2024-03-11T21:43:08.6407740Z  106/148 files processed
2024-03-11T21:43:08.6415412Z  107/148 files processed
2024-03-11T21:43:08.6466870Z  108/148 files processed
2024-03-11T21:43:08.6472251Z  109/148 files processed
2024-03-11T21:43:08.6475722Z  110/148 files processed
2024-03-11T21:43:08.6479168Z  111/148 files processed
2024-03-11T21:43:08.6481685Z  112/148 files processed
2024-03-11T21:43:08.6498155Z  113/148 files processed
2024-03-11T21:43:08.6511862Z  114/148 files processed
2024-03-11T21:43:08.6578495Z  115/148 files processed
2024-03-11T21:43:08.6603653Z  116/148 files processed
2024-03-11T21:43:08.6626491Z  117/148 files processed
2024-03-11T21:43:08.6648180Z  118/148 files processed
2024-03-11T21:43:08.6660554Z  119/148 files processed
2024-03-11T21:43:08.6686380Z  120/148 files processed
2024-03-11T21:43:08.6710717Z  121/148 files processed
2024-03-11T21:43:08.6725651Z  122/148 files processed
2024-03-11T21:43:08.6735619Z  123/148 files processed
2024-03-11T21:43:08.6785879Z  124/148 files processed
2024-03-11T21:43:08.6790071Z  125/148 files processed
2024-03-11T21:43:08.6796403Z  126/148 files processed
2024-03-11T21:43:08.6829044Z  127/148 files processed
2024-03-11T21:43:08.6839312Z  128/148 files processed
2024-03-11T21:43:08.6845277Z  129/148 files processed
2024-03-11T21:43:08.6854051Z  130/148 files processed
2024-03-11T21:43:08.6867163Z  131/148 files processed
2024-03-11T21:43:08.6869648Z  132/148 files processed
2024-03-11T21:43:08.6870152Z  133/148 files processed
2024-03-11T21:43:08.6871808Z  134/148 files processed
2024-03-11T21:43:08.6872249Z  135/148 files processed
2024-03-11T21:43:08.6879506Z  136/148 files processed
2024-03-11T21:43:08.6887799Z  137/148 files processed
2024-03-11T21:43:08.6891869Z  138/148 files processed
2024-03-11T21:43:08.6896059Z  139/148 files processed
2024-03-11T21:43:08.6899040Z  140/148 files processed
2024-03-11T21:43:08.6900914Z  141/148 files processed
2024-03-11T21:43:08.6921669Z  142/148 files processed
2024-03-11T21:43:08.6927741Z  143/148 files processed
2024-03-11T21:43:08.6932616Z  144/148 files processed
2024-03-11T21:43:08.6936704Z  145/148 files processed
2024-03-11T21:43:08.6938531Z  146/148 files processed
2024-03-11T21:43:08.6939560Z  147/148 files processed
2024-03-11T21:43:08.6940105Z Processing routes...                    
2024-03-11T21:43:08.7153466Z Processing templates...                 
2024-03-11T21:43:08.7164345Z  0/379 templates processed
2024-03-11T21:43:08.7165927Z  1/379 templates processed
2024-03-11T21:43:08.7167559Z  2/379 templates processed
2024-03-11T21:43:08.7168486Z  3/379 templates processed
2024-03-11T21:43:08.7170292Z  4/379 templates processed
2024-03-11T21:43:08.7175711Z  5/379 templates processed
2024-03-11T21:43:08.7176650Z  6/379 templates processed
2024-03-11T21:43:08.7189378Z  7/379 templates processed
2024-03-11T21:43:08.7190889Z  8/379 templates processed
2024-03-11T21:43:08.7196979Z  9/379 templates processed
2024-03-11T21:43:08.7209483Z  10/379 templates processed
2024-03-11T21:43:08.7217422Z  11/379 templates processed
2024-03-11T21:43:08.7226374Z  12/379 templates processed
2024-03-11T21:43:08.7231172Z  13/379 templates processed
2024-03-11T21:43:08.7234440Z  14/379 templates processed
2024-03-11T21:43:08.7237978Z  15/379 templates processed
2024-03-11T21:43:08.7282566Z  16/379 templates processed
2024-03-11T21:43:08.7287761Z  17/379 templates processed
2024-03-11T21:43:08.7293233Z  18/379 templates processed
2024-03-11T21:43:08.7300768Z  19/379 templates processed
2024-03-11T21:43:08.7304010Z  20/379 templates processed
2024-03-11T21:43:08.7311234Z  21/379 templates processed
2024-03-11T21:43:08.7316888Z  22/379 templates processed
2024-03-11T21:43:08.7321167Z  23/379 templates processed
2024-03-11T21:43:08.7324180Z  24/379 templates processed
2024-03-11T21:43:08.7325952Z  25/379 templates processed
2024-03-11T21:43:08.7331850Z  26/379 templates processed
2024-03-11T21:43:08.7336875Z  27/379 templates processed
2024-03-11T21:43:08.7339569Z  28/379 templates processed
2024-03-11T21:43:08.7344134Z  29/379 templates processed
2024-03-11T21:43:08.7351733Z  30/379 templates processed
2024-03-11T21:43:08.7357061Z  31/379 templates processed
2024-03-11T21:43:08.7362529Z  32/379 templates processed
2024-03-11T21:43:08.7368473Z  33/379 templates processed
2024-03-11T21:43:08.7372921Z  34/379 templates processed
2024-03-11T21:43:08.7376999Z  35/379 templates processed
2024-03-11T21:43:08.7391780Z  36/379 templates processed
2024-03-11T21:43:08.7399682Z  37/379 templates processed
2024-03-11T21:43:08.7404867Z  38/379 templates processed
2024-03-11T21:43:08.7423928Z  39/379 templates processed
2024-03-11T21:43:08.7429285Z  40/379 templates processed
2024-03-11T21:43:08.7432447Z  41/379 templates processed
2024-03-11T21:43:08.7444918Z  42/379 templates processed
2024-03-11T21:43:08.7447453Z  43/379 templates processed
2024-03-11T21:43:08.7456257Z  44/379 templates processed
2024-03-11T21:43:08.7460526Z  45/379 templates processed
2024-03-11T21:43:08.7489388Z  46/379 templates processed
2024-03-11T21:43:08.7519662Z  47/379 templates processed
2024-03-11T21:43:08.7530189Z  48/379 templates processed
2024-03-11T21:43:08.7599072Z  49/379 templates processed
2024-03-11T21:43:08.7608114Z  50/379 templates processed
2024-03-11T21:43:08.7639357Z  51/379 templates processed
2024-03-11T21:43:08.7746580Z  52/379 templates processed
2024-03-11T21:43:08.7945678Z  53/379 templates processed
2024-03-11T21:43:08.7953835Z  54/379 templates processed
2024-03-11T21:43:08.7966847Z  55/379 templates processed
2024-03-11T21:43:08.7968749Z  56/379 templates processed
2024-03-11T21:43:08.7973995Z  57/379 templates processed
2024-03-11T21:43:08.7984004Z  58/379 templates processed
2024-03-11T21:43:08.7987391Z  59/379 templates processed
2024-03-11T21:43:08.7996497Z  60/379 templates processed
2024-03-11T21:43:08.8004653Z  61/379 templates processed
2024-03-11T21:43:08.8021283Z  62/379 templates processed
2024-03-11T21:43:08.8023078Z  63/379 templates processed
2024-03-11T21:43:08.8027208Z  64/379 templates processed
2024-03-11T21:43:08.8032308Z  65/379 templates processed
2024-03-11T21:43:08.8040525Z  66/379 templates processed
2024-03-11T21:43:08.8041427Z  67/379 templates processed
2024-03-11T21:43:08.8045835Z  68/379 templates processed
2024-03-11T21:43:08.8057031Z  69/379 templates processed
2024-03-11T21:43:08.8060533Z  70/379 templates processed
2024-03-11T21:43:08.8064770Z  71/379 templates processed
2024-03-11T21:43:08.8066461Z  72/379 templates processed
2024-03-11T21:43:08.8073989Z  73/379 templates processed
2024-03-11T21:43:08.8080086Z  74/379 templates processed
2024-03-11T21:43:08.8084357Z  75/379 templates processed
2024-03-11T21:43:08.8089573Z  76/379 templates processed
2024-03-11T21:43:08.8095969Z  77/379 templates processed
2024-03-11T21:43:08.8099417Z  78/379 templates processed
2024-03-11T21:43:08.8102632Z  79/379 templates processed
2024-03-11T21:43:08.8106520Z  80/379 templates processed
2024-03-11T21:43:08.8123711Z  81/379 templates processed
2024-03-11T21:43:08.8127056Z  82/379 templates processed
2024-03-11T21:43:08.8132673Z  83/379 templates processed
2024-03-11T21:43:08.8135280Z  84/379 templates processed
2024-03-11T21:43:08.8138494Z  85/379 templates processed
2024-03-11T21:43:08.8141562Z  86/379 templates processed
2024-03-11T21:43:08.8174245Z  87/379 templates processed
2024-03-11T21:43:08.8178876Z  88/379 templates processed
2024-03-11T21:43:08.8184091Z  89/379 templates processed
2024-03-11T21:43:08.8187727Z  90/379 templates processed
2024-03-11T21:43:08.8196065Z  91/379 templates processed
2024-03-11T21:43:08.8199803Z  92/379 templates processed
2024-03-11T21:43:08.8201860Z  93/379 templates processed
2024-03-11T21:43:08.8214605Z  94/379 templates processed
2024-03-11T21:43:08.8217170Z  95/379 templates processed
2024-03-11T21:43:08.8227265Z  96/379 templates processed
2024-03-11T21:43:08.8232185Z  97/379 templates processed
2024-03-11T21:43:08.8264189Z  98/379 templates processed
2024-03-11T21:43:08.8282582Z  99/379 templates processed
2024-03-11T21:43:08.8287199Z  100/379 templates processed
2024-03-11T21:43:08.8294295Z  101/379 templates processed
2024-03-11T21:43:08.8295470Z  102/379 templates processed
2024-03-11T21:43:08.8299605Z  103/379 templates processed
2024-03-11T21:43:08.8313364Z  104/379 templates processed
2024-03-11T21:43:08.8319879Z  105/379 templates processed
2024-03-11T21:43:08.8325565Z  106/379 templates processed
2024-03-11T21:43:08.8330373Z  107/379 templates processed
2024-03-11T21:43:08.8334765Z  108/379 templates processed
2024-03-11T21:43:08.8343396Z  109/379 templates processed
2024-03-11T21:43:08.8347123Z  110/379 templates processed
2024-03-11T21:43:08.8354483Z  111/379 templates processed
2024-03-11T21:43:08.8365352Z  112/379 templates processed
2024-03-11T21:43:08.8367960Z  113/379 templates processed
2024-03-11T21:43:08.8374533Z  114/379 templates processed
2024-03-11T21:43:08.8375813Z  115/379 templates processed
2024-03-11T21:43:08.8382176Z  116/379 templates processed
2024-03-11T21:43:08.8398402Z  117/379 templates processed
2024-03-11T21:43:08.8405714Z  118/379 templates processed
2024-03-11T21:43:08.8406838Z  119/379 templates processed
2024-03-11T21:43:08.8418263Z  120/379 templates processed
2024-03-11T21:43:08.8419015Z  121/379 templates processed
2024-03-11T21:43:08.8419977Z  122/379 templates processed
2024-03-11T21:43:08.8420764Z  123/379 templates processed
2024-03-11T21:43:08.8421920Z  124/379 templates processed
2024-03-11T21:43:08.8422746Z  125/379 templates processed
2024-03-11T21:43:08.8423487Z  126/379 templates processed
2024-03-11T21:43:08.8438290Z  127/379 templates processed
2024-03-11T21:43:08.8447041Z  128/379 templates processed
2024-03-11T21:43:08.8455625Z  129/379 templates processed
2024-03-11T21:43:08.8458462Z  130/379 templates processed
2024-03-11T21:43:08.8462615Z  131/379 templates processed
2024-03-11T21:43:08.8465372Z  132/379 templates processed
2024-03-11T21:43:08.8468090Z  133/379 templates processed
2024-03-11T21:43:08.8470604Z  134/379 templates processed
2024-03-11T21:43:08.8473387Z  135/379 templates processed
2024-03-11T21:43:08.8477106Z  136/379 templates processed
2024-03-11T21:43:08.8481333Z  137/379 templates processed
2024-03-11T21:43:08.8485052Z  138/379 templates processed
2024-03-11T21:43:08.8492354Z  139/379 templates processed
2024-03-11T21:43:08.8510446Z  140/379 templates processed
2024-03-11T21:43:08.8516125Z  141/379 templates processed
2024-03-11T21:43:08.8518879Z  142/379 templates processed
2024-03-11T21:43:08.8526510Z  143/379 templates processed
2024-03-11T21:43:08.8531498Z  144/379 templates processed
2024-03-11T21:43:08.8536495Z  145/379 templates processed
2024-03-11T21:43:08.8539367Z  146/379 templates processed
2024-03-11T21:43:08.8577778Z  147/379 templates processed
2024-03-11T21:43:08.8580328Z  148/379 templates processed
2024-03-11T21:43:08.8582007Z  149/379 templates processed
2024-03-11T21:43:08.8586526Z  150/379 templates processed
2024-03-11T21:43:08.8599165Z  151/379 templates processed
2024-03-11T21:43:08.8603017Z  152/379 templates processed
2024-03-11T21:43:08.8615515Z  153/379 templates processed
2024-03-11T21:43:08.8617635Z  154/379 templates processed
2024-03-11T21:43:08.8619543Z  155/379 templates processed
2024-03-11T21:43:08.8621728Z  156/379 templates processed
2024-03-11T21:43:08.8623895Z  157/379 templates processed
2024-03-11T21:43:08.8629817Z  158/379 templates processed
2024-03-11T21:43:08.8635511Z  159/379 templates processed
2024-03-11T21:43:08.8638214Z  160/379 templates processed
2024-03-11T21:43:08.8647309Z  161/379 templates processed
2024-03-11T21:43:08.8656620Z  162/379 templates processed
2024-03-11T21:43:08.8670542Z  163/379 templates processed
2024-03-11T21:43:08.8678596Z  164/379 templates processed
2024-03-11T21:43:08.8682292Z  165/379 templates processed
2024-03-11T21:43:08.8688390Z  166/379 templates processed
2024-03-11T21:43:08.8691955Z  167/379 templates processed
2024-03-11T21:43:08.8719786Z  168/379 templates processed
2024-03-11T21:43:08.8739405Z  169/379 templates processed
2024-03-11T21:43:08.8794745Z  170/379 templates processed
2024-03-11T21:43:08.8795936Z  171/379 templates processed
2024-03-11T21:43:08.8812771Z  172/379 templates processed
2024-03-11T21:43:08.8822953Z  173/379 templates processed
2024-03-11T21:43:08.8824783Z  174/379 templates processed
2024-03-11T21:43:08.8828088Z  175/379 templates processed
2024-03-11T21:43:08.8828993Z  176/379 templates processed
2024-03-11T21:43:08.8830668Z  177/379 templates processed
2024-03-11T21:43:08.8832662Z  178/379 templates processed
2024-03-11T21:43:08.8833802Z  179/379 templates processed
2024-03-11T21:43:08.8839325Z  180/379 templates processed
2024-03-11T21:43:08.8868645Z  181/379 templates processed
2024-03-11T21:43:08.8875949Z  182/379 templates processed
2024-03-11T21:43:08.8884954Z  183/379 templates processed
2024-03-11T21:43:08.8889075Z  184/379 templates processed
2024-03-11T21:43:08.8893176Z  185/379 templates processed
2024-03-11T21:43:08.8896184Z  186/379 templates processed
2024-03-11T21:43:08.8901565Z  187/379 templates processed
2024-03-11T21:43:08.8903920Z  188/379 templates processed
2024-03-11T21:43:08.8908170Z  189/379 templates processed
2024-03-11T21:43:08.8913239Z  190/379 templates processed
2024-03-11T21:43:08.8919642Z  191/379 templates processed
2024-03-11T21:43:08.8921553Z  192/379 templates processed
2024-03-11T21:43:08.8927031Z  193/379 templates processed
2024-03-11T21:43:08.8929294Z  194/379 templates processed
2024-03-11T21:43:08.8953090Z  195/379 templates processed
2024-03-11T21:43:08.8956049Z  196/379 templates processed
2024-03-11T21:43:08.8983673Z  197/379 templates processed
2024-03-11T21:43:08.8986184Z  198/379 templates processed
2024-03-11T21:43:08.8990771Z  199/379 templates processed
2024-03-11T21:43:08.8996350Z  200/379 templates processed
2024-03-11T21:43:08.9000445Z  201/379 templates processed
2024-03-11T21:43:08.9002775Z  202/379 templates processed
2024-03-11T21:43:08.9005923Z  203/379 templates processed
2024-03-11T21:43:08.9018233Z  204/379 templates processed
2024-03-11T21:43:08.9025302Z  205/379 templates processed
2024-03-11T21:43:08.9044231Z  206/379 templates processed
2024-03-11T21:43:08.9049078Z  207/379 templates processed
2024-03-11T21:43:08.9059089Z  208/379 templates processed
2024-03-11T21:43:08.9065399Z  209/379 templates processed
2024-03-11T21:43:08.9068881Z  210/379 templates processed
2024-03-11T21:43:08.9074705Z  211/379 templates processed
2024-03-11T21:43:08.9080492Z  212/379 templates processed
2024-03-11T21:43:08.9084657Z  213/379 templates processed
2024-03-11T21:43:08.9091225Z  214/379 templates processed
2024-03-11T21:43:08.9106901Z  215/379 templates processed
2024-03-11T21:43:08.9113525Z  216/379 templates processed
2024-03-11T21:43:08.9118194Z  217/379 templates processed
2024-03-11T21:43:08.9125721Z  218/379 templates processed
2024-03-11T21:43:08.9127753Z  219/379 templates processed
2024-03-11T21:43:08.9131775Z  220/379 templates processed
2024-03-11T21:43:08.9173491Z  221/379 templates processed
2024-03-11T21:43:08.9181147Z  222/379 templates processed
2024-03-11T21:43:08.9184504Z  223/379 templates processed
2024-03-11T21:43:08.9189199Z  224/379 templates processed
2024-03-11T21:43:08.9195843Z  225/379 templates processed
2024-03-11T21:43:08.9204637Z  226/379 templates processed
2024-03-11T21:43:08.9207884Z  227/379 templates processed
2024-03-11T21:43:08.9213402Z  228/379 templates processed
2024-03-11T21:43:08.9240613Z  229/379 templates processed
2024-03-11T21:43:08.9246780Z  230/379 templates processed
2024-03-11T21:43:08.9251774Z  231/379 templates processed
2024-03-11T21:43:08.9262178Z  232/379 templates processed
2024-03-11T21:43:08.9264612Z  233/379 templates processed
2024-03-11T21:43:08.9268843Z  234/379 templates processed
2024-03-11T21:43:08.9290758Z  235/379 templates processed
2024-03-11T21:43:08.9298154Z  236/379 templates processed
2024-03-11T21:43:08.9309084Z  237/379 templates processed
2024-03-11T21:43:08.9311507Z  238/379 templates processed
2024-03-11T21:43:08.9314751Z  239/379 templates processed
2024-03-11T21:43:08.9319352Z  240/379 templates processed
2024-03-11T21:43:08.9321781Z  241/379 templates processed
2024-03-11T21:43:08.9328967Z  242/379 templates processed
2024-03-11T21:43:08.9333629Z  243/379 templates processed
2024-03-11T21:43:08.9342391Z  244/379 templates processed
2024-03-11T21:43:08.9346964Z  245/379 templates processed
2024-03-11T21:43:08.9358888Z  246/379 templates processed
2024-03-11T21:43:08.9362317Z  247/379 templates processed
2024-03-11T21:43:08.9373237Z  248/379 templates processed
2024-03-11T21:43:08.9388417Z  249/379 templates processed
2024-03-11T21:43:08.9391990Z  250/379 templates processed
2024-03-11T21:43:08.9397230Z  251/379 templates processed
2024-03-11T21:43:08.9403935Z  252/379 templates processed
2024-03-11T21:43:08.9408527Z  253/379 templates processed
2024-03-11T21:43:08.9412180Z  254/379 templates processed
2024-03-11T21:43:08.9421396Z  255/379 templates processed
2024-03-11T21:43:08.9424914Z  256/379 templates processed
2024-03-11T21:43:08.9435231Z  257/379 templates processed
2024-03-11T21:43:08.9439335Z  258/379 templates processed
2024-03-11T21:43:08.9450377Z  259/379 templates processed
2024-03-11T21:43:08.9453203Z  260/379 templates processed
2024-03-11T21:43:08.9462532Z  261/379 templates processed
2024-03-11T21:43:08.9497476Z  262/379 templates processed
2024-03-11T21:43:08.9501120Z  263/379 templates processed
2024-03-11T21:43:08.9506988Z  264/379 templates processed
2024-03-11T21:43:08.9511307Z  265/379 templates processed
2024-03-11T21:43:08.9514850Z  266/379 templates processed
2024-03-11T21:43:08.9518188Z  267/379 templates processed
2024-03-11T21:43:08.9525111Z  268/379 templates processed
2024-03-11T21:43:08.9527834Z  269/379 templates processed
2024-03-11T21:43:08.9540020Z  270/379 templates processed
2024-03-11T21:43:08.9542404Z  271/379 templates processed
2024-03-11T21:43:08.9545674Z  272/379 templates processed
2024-03-11T21:43:08.9547637Z  273/379 templates processed
2024-03-11T21:43:08.9551762Z  274/379 templates processed
2024-03-11T21:43:08.9558496Z  275/379 templates processed
2024-03-11T21:43:08.9563674Z  276/379 templates processed
2024-03-11T21:43:08.9565639Z  277/379 templates processed
2024-03-11T21:43:08.9570536Z  278/379 templates processed
2024-03-11T21:43:08.9581025Z  279/379 templates processed
2024-03-11T21:43:08.9588830Z  280/379 templates processed
2024-03-11T21:43:08.9626979Z  281/379 templates processed
2024-03-11T21:43:08.9632521Z  282/379 templates processed
2024-03-11T21:43:08.9639241Z  283/379 templates processed
2024-03-11T21:43:08.9646681Z  284/379 templates processed
2024-03-11T21:43:08.9656885Z  285/379 templates processed
2024-03-11T21:43:08.9660624Z  286/379 templates processed
2024-03-11T21:43:08.9665388Z  287/379 templates processed
2024-03-11T21:43:08.9668186Z  288/379 templates processed
2024-03-11T21:43:08.9672961Z  289/379 templates processed
2024-03-11T21:43:08.9681700Z  290/379 templates processed
2024-03-11T21:43:08.9685782Z  291/379 templates processed
2024-03-11T21:43:08.9687871Z  292/379 templates processed
2024-03-11T21:43:08.9696489Z  293/379 templates processed
2024-03-11T21:43:08.9701617Z  294/379 templates processed
2024-03-11T21:43:08.9705536Z  295/379 templates processed
2024-03-11T21:43:08.9708252Z  296/379 templates processed
2024-03-11T21:43:08.9712833Z  297/379 templates processed
2024-03-11T21:43:08.9726467Z  298/379 templates processed
2024-03-11T21:43:08.9749626Z  299/379 templates processed
2024-03-11T21:43:08.9751744Z  300/379 templates processed
2024-03-11T21:43:08.9856516Z  301/379 templates processed
2024-03-11T21:43:09.0256398Z  302/379 templates processed
2024-03-11T21:43:09.0267557Z  303/379 templates processed
2024-03-11T21:43:09.0276816Z  304/379 templates processed
2024-03-11T21:43:09.0279412Z  305/379 templates processed
2024-03-11T21:43:09.0284157Z  306/379 templates processed
2024-03-11T21:43:09.0294139Z  307/379 templates processed
2024-03-11T21:43:09.0308429Z  308/379 templates processed
2024-03-11T21:43:09.0313692Z  309/379 templates processed
2024-03-11T21:43:09.0322159Z  310/379 templates processed
2024-03-11T21:43:09.0328944Z  311/379 templates processed
2024-03-11T21:43:09.0333706Z  312/379 templates processed
2024-03-11T21:43:09.0340867Z  313/379 templates processed
2024-03-11T21:43:09.0349821Z  314/379 templates processed
2024-03-11T21:43:09.0352512Z  315/379 templates processed
2024-03-11T21:43:09.0361040Z  316/379 templates processed
2024-03-11T21:43:09.0366424Z  317/379 templates processed
2024-03-11T21:43:09.0371664Z  318/379 templates processed
2024-03-11T21:43:09.0385690Z  319/379 templates processed
2024-03-11T21:43:09.0398220Z  320/379 templates processed
2024-03-11T21:43:09.0406478Z  321/379 templates processed
2024-03-11T21:43:09.0410078Z  322/379 templates processed
2024-03-11T21:43:09.0415710Z  323/379 templates processed
2024-03-11T21:43:09.0418819Z  324/379 templates processed
2024-03-11T21:43:09.0427957Z  325/379 templates processed
2024-03-11T21:43:09.0430796Z  326/379 templates processed
2024-03-11T21:43:09.0433781Z  327/379 templates processed
2024-03-11T21:43:09.0435420Z  328/379 templates processed
2024-03-11T21:43:09.0436531Z  329/379 templates processed
2024-03-11T21:43:09.0441258Z  330/379 templates processed
2024-03-11T21:43:09.0448348Z  331/379 templates processed
2024-03-11T21:43:09.0455515Z  332/379 templates processed
2024-03-11T21:43:09.0456689Z  333/379 templates processed
2024-03-11T21:43:09.0467251Z  334/379 templates processed
2024-03-11T21:43:09.0472052Z  335/379 templates processed
2024-03-11T21:43:09.0474912Z  336/379 templates processed
2024-03-11T21:43:09.0478494Z  337/379 templates processed
2024-03-11T21:43:09.0490378Z  338/379 templates processed
2024-03-11T21:43:09.0495449Z  339/379 templates processed
2024-03-11T21:43:09.0518776Z  340/379 templates processed
2024-03-11T21:43:09.0523090Z  341/379 templates processed
2024-03-11T21:43:09.0538846Z  342/379 templates processed
2024-03-11T21:43:09.0544140Z  343/379 templates processed
2024-03-11T21:43:09.0575111Z  344/379 templates processed
2024-03-11T21:43:09.0583787Z  345/379 templates processed
2024-03-11T21:43:09.0594801Z  346/379 templates processed
2024-03-11T21:43:09.0598390Z  347/379 templates processed
2024-03-11T21:43:09.0602978Z  348/379 templates processed
2024-03-11T21:43:09.0617645Z  349/379 templates processed
2024-03-11T21:43:09.0624977Z  350/379 templates processed
2024-03-11T21:43:09.0629272Z  351/379 templates processed
2024-03-11T21:43:09.0635038Z  352/379 templates processed
2024-03-11T21:43:09.0641113Z  353/379 templates processed
2024-03-11T21:43:09.0647712Z  354/379 templates processed
2024-03-11T21:43:09.0649982Z  355/379 templates processed
2024-03-11T21:43:09.0653127Z  356/379 templates processed
2024-03-11T21:43:09.0660944Z  357/379 templates processed
2024-03-11T21:43:09.0664503Z  358/379 templates processed
2024-03-11T21:43:09.0667390Z  359/379 templates processed
2024-03-11T21:43:09.0669734Z  360/379 templates processed
2024-03-11T21:43:09.0680243Z  361/379 templates processed
2024-03-11T21:43:09.0686965Z  362/379 templates processed
2024-03-11T21:43:09.0691476Z  363/379 templates processed
2024-03-11T21:43:09.0705607Z  364/379 templates processed
2024-03-11T21:43:09.0707367Z  365/379 templates processed
2024-03-11T21:43:09.0713185Z  366/379 templates processed
2024-03-11T21:43:09.0719408Z  367/379 templates processed
2024-03-11T21:43:09.0725454Z  368/379 templates processed
2024-03-11T21:43:09.0730016Z  369/379 templates processed
2024-03-11T21:43:09.0739757Z  370/379 templates processed
2024-03-11T21:43:09.0743678Z  371/379 templates processed
2024-03-11T21:43:09.0748302Z  372/379 templates processed
2024-03-11T21:43:09.0751245Z  373/379 templates processed
2024-03-11T21:43:09.0756045Z  374/379 templates processed
2024-03-11T21:43:09.0764799Z  375/379 templates processed
2024-03-11T21:43:09.0769227Z  376/379 templates processed
2024-03-11T21:43:09.0771348Z  377/379 templates processed
2024-03-11T21:43:09.0780232Z  378/379 templates processed
2024-03-11T21:43:09.0780924Z Processing data flow in templates...    
2024-03-11T21:43:09.0796407Z  0/372 templates processed
2024-03-11T21:43:09.0798895Z  1/372 templates processed
2024-03-11T21:43:09.0801634Z  2/372 templates processed
2024-03-11T21:43:09.0802580Z  3/372 templates processed
2024-03-11T21:43:09.0804876Z  4/372 templates processed
2024-03-11T21:43:09.0809239Z  5/372 templates processed
2024-03-11T21:43:09.0810389Z  6/372 templates processed
2024-03-11T21:43:09.0826883Z  7/372 templates processed
2024-03-11T21:43:09.0828316Z  8/372 templates processed
2024-03-11T21:43:09.0834361Z  9/372 templates processed
2024-03-11T21:43:09.0852206Z  10/372 templates processed
2024-03-11T21:43:09.0892814Z  11/372 templates processed
2024-03-11T21:43:09.0899489Z  12/372 templates processed
2024-03-11T21:43:09.0907535Z  13/372 templates processed
2024-03-11T21:43:09.0911265Z  14/372 templates processed
2024-03-11T21:43:09.0928770Z  15/372 templates processed
2024-03-11T21:43:09.0935489Z  16/372 templates processed
2024-03-11T21:43:09.0940768Z  17/372 templates processed
2024-03-11T21:43:09.0946480Z  18/372 templates processed
2024-03-11T21:43:09.0951697Z  19/372 templates processed
2024-03-11T21:43:09.0964413Z  20/372 templates processed
2024-03-11T21:43:09.0991512Z  21/372 templates processed
2024-03-11T21:43:09.0994973Z  22/372 templates processed
2024-03-11T21:43:09.1025628Z  23/372 templates processed
2024-03-11T21:43:09.1028630Z  24/372 templates processed
2024-03-11T21:43:09.1030974Z  25/372 templates processed
2024-03-11T21:43:09.1035047Z  26/372 templates processed
2024-03-11T21:43:09.1049826Z  27/372 templates processed
2024-03-11T21:43:09.1058431Z  28/372 templates processed
2024-03-11T21:43:09.1063247Z  29/372 templates processed
2024-03-11T21:43:09.1070591Z  30/372 templates processed
2024-03-11T21:43:09.1075523Z  31/372 templates processed
2024-03-11T21:43:09.1081555Z  32/372 templates processed
2024-03-11T21:43:09.1097820Z  33/372 templates processed
2024-03-11T21:43:09.1102153Z  34/372 templates processed
2024-03-11T21:43:09.1106155Z  35/372 templates processed
2024-03-11T21:43:09.1119185Z  36/372 templates processed
2024-03-11T21:43:09.1124182Z  37/372 templates processed
2024-03-11T21:43:09.1129011Z  38/372 templates processed
2024-03-11T21:43:09.1163364Z  39/372 templates processed
2024-03-11T21:43:09.1175909Z  40/372 templates processed
2024-03-11T21:43:09.1196946Z  41/372 templates processed
2024-03-11T21:43:09.1284214Z  42/372 templates processed
2024-03-11T21:43:09.1291891Z  43/372 templates processed
2024-03-11T21:43:09.1295661Z  44/372 templates processed
2024-03-11T21:43:09.1299873Z  45/372 templates processed
2024-03-11T21:43:09.1303232Z  46/372 templates processed
2024-03-11T21:43:09.1313423Z  47/372 templates processed
2024-03-11T21:43:09.1320609Z  48/372 templates processed
2024-03-11T21:43:09.1323886Z  49/372 templates processed
2024-03-11T21:43:09.1327311Z  50/372 templates processed
2024-03-11T21:43:09.1333786Z  51/372 templates processed
2024-03-11T21:43:09.1338459Z  52/372 templates processed
2024-03-11T21:43:09.1358673Z  53/372 templates processed
2024-03-11T21:43:09.1367527Z  54/372 templates processed
2024-03-11T21:43:09.1373866Z  55/372 templates processed
2024-03-11T21:43:09.1380690Z  56/372 templates processed
2024-03-11T21:43:09.1396245Z  57/372 templates processed
2024-03-11T21:43:09.1404899Z  58/372 templates processed
2024-03-11T21:43:09.1408827Z  59/372 templates processed
2024-03-11T21:43:09.1424579Z  60/372 templates processed
2024-03-11T21:43:09.1426878Z  61/372 templates processed
2024-03-11T21:43:09.1431037Z  62/372 templates processed
2024-03-11T21:43:09.1437611Z  63/372 templates processed
2024-03-11T21:43:09.1443029Z  64/372 templates processed
2024-03-11T21:43:09.1444354Z  65/372 templates processed
2024-03-11T21:43:09.1459100Z  66/372 templates processed
2024-03-11T21:43:09.1477018Z  67/372 templates processed
2024-03-11T21:43:09.1481134Z  68/372 templates processed
2024-03-11T21:43:09.1485519Z  69/372 templates processed
2024-03-11T21:43:09.1487972Z  70/372 templates processed
2024-03-11T21:43:09.1492757Z  71/372 templates processed
2024-03-11T21:43:09.1498870Z  72/372 templates processed
2024-03-11T21:43:09.1513701Z  73/372 templates processed
2024-03-11T21:43:09.1518959Z  74/372 templates processed
2024-03-11T21:43:09.1523268Z  75/372 templates processed
2024-03-11T21:43:09.1526662Z  76/372 templates processed
2024-03-11T21:43:09.1529587Z  77/372 templates processed
2024-03-11T21:43:09.1533794Z  78/372 templates processed
2024-03-11T21:43:09.1568013Z  79/372 templates processed
2024-03-11T21:43:09.1590220Z  80/372 templates processed
2024-03-11T21:43:09.1594109Z  81/372 templates processed
2024-03-11T21:43:09.1597004Z  82/372 templates processed
2024-03-11T21:43:09.1600582Z  83/372 templates processed
2024-03-11T21:43:09.1603953Z  84/372 templates processed
2024-03-11T21:43:09.1723371Z  85/372 templates processed
2024-03-11T21:43:09.1731297Z  86/372 templates processed
2024-03-11T21:43:09.1744898Z  87/372 templates processed
2024-03-11T21:43:09.1750606Z  88/372 templates processed
2024-03-11T21:43:09.1753571Z  89/372 templates processed
2024-03-11T21:43:09.1757288Z  90/372 templates processed
2024-03-11T21:43:09.1759228Z  91/372 templates processed
2024-03-11T21:43:09.1771826Z  92/372 templates processed
2024-03-11T21:43:09.1774476Z  93/372 templates processed
2024-03-11T21:43:09.1787951Z  94/372 templates processed
2024-03-11T21:43:09.1792806Z  95/372 templates processed
2024-03-11T21:43:09.1823416Z  96/372 templates processed
2024-03-11T21:43:09.1875129Z  97/372 templates processed
2024-03-11T21:43:09.1880609Z  98/372 templates processed
2024-03-11T21:43:09.1901773Z  99/372 templates processed
2024-03-11T21:43:09.1903498Z  100/372 templates processed
2024-03-11T21:43:09.1907406Z  101/372 templates processed
2024-03-11T21:43:09.1934021Z  102/372 templates processed
2024-03-11T21:43:09.1940214Z  103/372 templates processed
2024-03-11T21:43:09.1944217Z  104/372 templates processed
2024-03-11T21:43:09.1950913Z  105/372 templates processed
2024-03-11T21:43:09.1964679Z  106/372 templates processed
2024-03-11T21:43:09.2000775Z  107/372 templates processed
2024-03-11T21:43:09.2004721Z  108/372 templates processed
2024-03-11T21:43:09.2011735Z  109/372 templates processed
2024-03-11T21:43:09.2025295Z  110/372 templates processed
2024-03-11T21:43:09.2027960Z  111/372 templates processed
2024-03-11T21:43:09.2033124Z  112/372 templates processed
2024-03-11T21:43:09.2035080Z  113/372 templates processed
2024-03-11T21:43:09.2065002Z  114/372 templates processed
2024-03-11T21:43:09.2091586Z  115/372 templates processed
2024-03-11T21:43:09.2098610Z  116/372 templates processed
2024-03-11T21:43:09.2100628Z  117/372 templates processed
2024-03-11T21:43:09.2132770Z  118/372 templates processed
2024-03-11T21:43:09.2133588Z  119/372 templates processed
2024-03-11T21:43:09.2134761Z  120/372 templates processed
2024-03-11T21:43:09.2135908Z  121/372 templates processed
2024-03-11T21:43:09.2136895Z  122/372 templates processed
2024-03-11T21:43:09.2137925Z  123/372 templates processed
2024-03-11T21:43:09.2139182Z  124/372 templates processed
2024-03-11T21:43:09.2178209Z  125/372 templates processed
2024-03-11T21:43:09.2186636Z  126/372 templates processed
2024-03-11T21:43:09.2234932Z  127/372 templates processed
2024-03-11T21:43:09.2237571Z  128/372 templates processed
2024-03-11T21:43:09.2245874Z  129/372 templates processed
2024-03-11T21:43:09.2259195Z  130/372 templates processed
2024-03-11T21:43:09.2268086Z  131/372 templates processed
2024-03-11T21:43:09.2275281Z  132/372 templates processed
2024-03-11T21:43:09.2279281Z  133/372 templates processed
2024-03-11T21:43:09.2291124Z  134/372 templates processed
2024-03-11T21:43:09.2294800Z  135/372 templates processed
2024-03-11T21:43:09.2300910Z  136/372 templates processed
2024-03-11T21:43:09.2320585Z  137/372 templates processed
2024-03-11T21:43:09.2325571Z  138/372 templates processed
2024-03-11T21:43:09.2346315Z  139/372 templates processed
2024-03-11T21:43:09.2352642Z  140/372 templates processed
2024-03-11T21:43:09.2360116Z  141/372 templates processed
2024-03-11T21:43:09.2365996Z  142/372 templates processed
2024-03-11T21:43:09.2382817Z  143/372 templates processed
2024-03-11T21:43:09.2402961Z  144/372 templates processed
2024-03-11T21:43:09.2425098Z  145/372 templates processed
2024-03-11T21:43:09.2426688Z  146/372 templates processed
2024-03-11T21:43:09.2459881Z  147/372 templates processed
2024-03-11T21:43:09.2499056Z  148/372 templates processed
2024-03-11T21:43:09.2502764Z  149/372 templates processed
2024-03-11T21:43:09.2514831Z  150/372 templates processed
2024-03-11T21:43:09.2517325Z  151/372 templates processed
2024-03-11T21:43:09.2519171Z  152/372 templates processed
2024-03-11T21:43:09.2521378Z  153/372 templates processed
2024-03-11T21:43:09.2524036Z  154/372 templates processed
2024-03-11T21:43:09.2528201Z  155/372 templates processed
2024-03-11T21:43:09.2532786Z  156/372 templates processed
2024-03-11T21:43:09.2535877Z  157/372 templates processed
2024-03-11T21:43:09.2543224Z  158/372 templates processed
2024-03-11T21:43:09.2553239Z  159/372 templates processed
2024-03-11T21:43:09.2566931Z  160/372 templates processed
2024-03-11T21:43:09.2572582Z  161/372 templates processed
2024-03-11T21:43:09.2589759Z  162/372 templates processed
2024-03-11T21:43:09.2593793Z  163/372 templates processed
2024-03-11T21:43:09.2597244Z  164/372 templates processed
2024-03-11T21:43:09.2616307Z  165/372 templates processed
2024-03-11T21:43:09.2635982Z  166/372 templates processed
2024-03-11T21:43:09.2701906Z  167/372 templates processed
2024-03-11T21:43:09.2703180Z  168/372 templates processed
2024-03-11T21:43:09.2899881Z  169/372 templates processed
2024-03-11T21:43:09.2909130Z  170/372 templates processed
2024-03-11T21:43:09.2921149Z  171/372 templates processed
2024-03-11T21:43:09.2923931Z  172/372 templates processed
2024-03-11T21:43:09.2924905Z  173/372 templates processed
2024-03-11T21:43:09.2927114Z  174/372 templates processed
2024-03-11T21:43:09.2934780Z  175/372 templates processed
2024-03-11T21:43:09.2935793Z  176/372 templates processed
2024-03-11T21:43:09.2940450Z  177/372 templates processed
2024-03-11T21:43:09.2975364Z  178/372 templates processed
2024-03-11T21:43:09.2984412Z  179/372 templates processed
2024-03-11T21:43:09.2990430Z  180/372 templates processed
2024-03-11T21:43:09.2995857Z  181/372 templates processed
2024-03-11T21:43:09.3000813Z  182/372 templates processed
2024-03-11T21:43:09.3003432Z  183/372 templates processed
2024-03-11T21:43:09.3016241Z  184/372 templates processed
2024-03-11T21:43:09.3019278Z  185/372 templates processed
2024-03-11T21:43:09.3023788Z  186/372 templates processed
2024-03-11T21:43:09.3035427Z  187/372 templates processed
2024-03-11T21:43:09.3040090Z  188/372 templates processed
2024-03-11T21:43:09.3047179Z  189/372 templates processed
2024-03-11T21:43:09.3052695Z  190/372 templates processed
2024-03-11T21:43:09.3055400Z  191/372 templates processed
2024-03-11T21:43:09.3072681Z  192/372 templates processed
2024-03-11T21:43:09.3075596Z  193/372 templates processed
2024-03-11T21:43:09.3105554Z  194/372 templates processed
2024-03-11T21:43:09.3109506Z  195/372 templates processed
2024-03-11T21:43:09.3115802Z  196/372 templates processed
2024-03-11T21:43:09.3131095Z  197/372 templates processed
2024-03-11T21:43:09.3135742Z  198/372 templates processed
2024-03-11T21:43:09.3138140Z  199/372 templates processed
2024-03-11T21:43:09.3141572Z  200/372 templates processed
2024-03-11T21:43:09.3172821Z  201/372 templates processed
2024-03-11T21:43:09.3179391Z  202/372 templates processed
2024-03-11T21:43:09.3207105Z  203/372 templates processed
2024-03-11T21:43:09.3296701Z  204/372 templates processed
2024-03-11T21:43:09.3304818Z  205/372 templates processed
2024-03-11T21:43:09.3315052Z  206/372 templates processed
2024-03-11T21:43:09.3318894Z  207/372 templates processed
2024-03-11T21:43:09.3327644Z  208/372 templates processed
2024-03-11T21:43:09.3344739Z  209/372 templates processed
2024-03-11T21:43:09.3349238Z  210/372 templates processed
2024-03-11T21:43:09.3354782Z  211/372 templates processed
2024-03-11T21:43:09.3369337Z  212/372 templates processed
2024-03-11T21:43:09.3375156Z  213/372 templates processed
2024-03-11T21:43:09.3406611Z  214/372 templates processed
2024-03-11T21:43:09.3420971Z  215/372 templates processed
2024-03-11T21:43:09.3425057Z  216/372 templates processed
2024-03-11T21:43:09.3439299Z  217/372 templates processed
2024-03-11T21:43:09.3443532Z  218/372 templates processed
2024-03-11T21:43:09.3446642Z  219/372 templates processed
2024-03-11T21:43:09.3451376Z  220/372 templates processed
2024-03-11T21:43:09.3497300Z  221/372 templates processed
2024-03-11T21:43:09.3501862Z  222/372 templates processed
2024-03-11T21:43:09.3505033Z  223/372 templates processed
2024-03-11T21:43:09.3536784Z  224/372 templates processed
2024-03-11T21:43:09.3555614Z  225/372 templates processed
2024-03-11T21:43:09.3563239Z  226/372 templates processed
2024-03-11T21:43:09.3933777Z  227/372 templates processed
2024-03-11T21:43:09.4034187Z  228/372 templates processed
2024-03-11T21:43:09.4048667Z  229/372 templates processed
2024-03-11T21:43:09.4079603Z  230/372 templates processed
2024-03-11T21:43:09.4086364Z  231/372 templates processed
2024-03-11T21:43:09.4103150Z  232/372 templates processed
2024-03-11T21:43:09.4109068Z  233/372 templates processed
2024-03-11T21:43:09.4116297Z  234/372 templates processed
2024-03-11T21:43:09.4147302Z  235/372 templates processed
2024-03-11T21:43:09.4152391Z  236/372 templates processed
2024-03-11T21:43:09.4175191Z  237/372 templates processed
2024-03-11T21:43:09.4179538Z  238/372 templates processed
2024-03-11T21:43:09.4224597Z  239/372 templates processed
2024-03-11T21:43:09.4228171Z  240/372 templates processed
2024-03-11T21:43:09.4241228Z  241/372 templates processed
2024-03-11T21:43:09.4257279Z  242/372 templates processed
2024-03-11T21:43:09.4269478Z  243/372 templates processed
2024-03-11T21:43:09.4274482Z  244/372 templates processed
2024-03-11T21:43:09.4282714Z  245/372 templates processed
2024-03-11T21:43:09.4288078Z  246/372 templates processed
2024-03-11T21:43:09.4291790Z  247/372 templates processed
2024-03-11T21:43:09.4297742Z  248/372 templates processed
2024-03-11T21:43:09.4303620Z  249/372 templates processed
2024-03-11T21:43:09.4316781Z  250/372 templates processed
2024-03-11T21:43:09.4321061Z  251/372 templates processed
2024-03-11T21:43:09.4360730Z  252/372 templates processed
2024-03-11T21:43:09.4363094Z  253/372 templates processed
2024-03-11T21:43:09.4372564Z  254/372 templates processed
2024-03-11T21:43:09.4381108Z  255/372 templates processed
2024-03-11T21:43:09.4390618Z  256/372 templates processed
2024-03-11T21:43:09.4394533Z  257/372 templates processed
2024-03-11T21:43:09.4398160Z  258/372 templates processed
2024-03-11T21:43:09.4401148Z  259/372 templates processed
2024-03-11T21:43:09.4403669Z  260/372 templates processed
2024-03-11T21:43:09.4407807Z  261/372 templates processed
2024-03-11T21:43:09.4410115Z  262/372 templates processed
2024-03-11T21:43:09.4420421Z  263/372 templates processed
2024-03-11T21:43:09.4422503Z  264/372 templates processed
2024-03-11T21:43:09.4425126Z  265/372 templates processed
2024-03-11T21:43:09.4427091Z  266/372 templates processed
2024-03-11T21:43:09.4430440Z  267/372 templates processed
2024-03-11T21:43:09.4435373Z  268/372 templates processed
2024-03-11T21:43:09.4440806Z  269/372 templates processed
2024-03-11T21:43:09.4444796Z  270/372 templates processed
2024-03-11T21:43:09.4454678Z  271/372 templates processed
2024-03-11T21:43:09.4474914Z  272/372 templates processed
2024-03-11T21:43:09.4484745Z  273/372 templates processed
2024-03-11T21:43:09.4650402Z  274/372 templates processed
2024-03-11T21:43:09.4660326Z  275/372 templates processed
2024-03-11T21:43:09.4664448Z  276/372 templates processed
2024-03-11T21:43:09.4675200Z  277/372 templates processed
2024-03-11T21:43:09.4685503Z  278/372 templates processed
2024-03-11T21:43:09.4705367Z  279/372 templates processed
2024-03-11T21:43:09.4708987Z  280/372 templates processed
2024-03-11T21:43:09.4711745Z  281/372 templates processed
2024-03-11T21:43:09.4717832Z  282/372 templates processed
2024-03-11T21:43:09.4731889Z  283/372 templates processed
2024-03-11T21:43:09.4736952Z  284/372 templates processed
2024-03-11T21:43:09.4743942Z  285/372 templates processed
2024-03-11T21:43:09.4750117Z  286/372 templates processed
2024-03-11T21:43:09.4755800Z  287/372 templates processed
2024-03-11T21:43:09.4770451Z  288/372 templates processed
2024-03-11T21:43:09.4773206Z  289/372 templates processed
2024-03-11T21:43:09.4778640Z  290/372 templates processed
2024-03-11T21:43:09.4789541Z  291/372 templates processed
2024-03-11T21:43:09.4793349Z  292/372 templates processed
2024-03-11T21:43:09.4802020Z  293/372 templates processed
2024-03-11T21:43:09.4812168Z  294/372 templates processed
2024-03-11T21:43:09.4850120Z  295/372 templates processed
2024-03-11T21:43:09.4859609Z  296/372 templates processed
2024-03-11T21:43:09.4869264Z  297/372 templates processed
2024-03-11T21:43:09.4871542Z  298/372 templates processed
2024-03-11T21:43:09.4875836Z  299/372 templates processed
2024-03-11T21:43:09.4902484Z  300/372 templates processed
2024-03-11T21:43:09.4922353Z  301/372 templates processed
2024-03-11T21:43:09.4927847Z  302/372 templates processed
2024-03-11T21:43:09.4939910Z  303/372 templates processed
2024-03-11T21:43:09.4942763Z  304/372 templates processed
2024-03-11T21:43:09.4947094Z  305/372 templates processed
2024-03-11T21:43:09.4953461Z  306/372 templates processed
2024-03-11T21:43:09.4958849Z  307/372 templates processed
2024-03-11T21:43:09.4961479Z  308/372 templates processed
2024-03-11T21:43:09.4976765Z  309/372 templates processed
2024-03-11T21:43:09.4979602Z  310/372 templates processed
2024-03-11T21:43:09.4984700Z  311/372 templates processed
2024-03-11T21:43:09.5017537Z  312/372 templates processed
2024-03-11T21:43:09.5028379Z  313/372 templates processed
2024-03-11T21:43:09.5032907Z  314/372 templates processed
2024-03-11T21:43:09.5037121Z  315/372 templates processed
2024-03-11T21:43:09.5042237Z  316/372 templates processed
2024-03-11T21:43:09.5046114Z  317/372 templates processed
2024-03-11T21:43:09.5054041Z  318/372 templates processed
2024-03-11T21:43:09.5056951Z  319/372 templates processed
2024-03-11T21:43:09.5059611Z  320/372 templates processed
2024-03-11T21:43:09.5061505Z  321/372 templates processed
2024-03-11T21:43:09.5062519Z  322/372 templates processed
2024-03-11T21:43:09.5068333Z  323/372 templates processed
2024-03-11T21:43:09.5072595Z  324/372 templates processed
2024-03-11T21:43:09.5082515Z  325/372 templates processed
2024-03-11T21:43:09.5083566Z  326/372 templates processed
2024-03-11T21:43:09.5107874Z  327/372 templates processed
2024-03-11T21:43:09.5111953Z  328/372 templates processed
2024-03-11T21:43:09.5113982Z  329/372 templates processed
2024-03-11T21:43:09.5119479Z  330/372 templates processed
2024-03-11T21:43:09.5128698Z  331/372 templates processed
2024-03-11T21:43:09.5148946Z  332/372 templates processed
2024-03-11T21:43:09.5174469Z  333/372 templates processed
2024-03-11T21:43:09.5179890Z  334/372 templates processed
2024-03-11T21:43:09.5210726Z  335/372 templates processed
2024-03-11T21:43:09.5214916Z  336/372 templates processed
2024-03-11T21:43:09.5234018Z  337/372 templates processed
2024-03-11T21:43:09.5242258Z  338/372 templates processed
2024-03-11T21:43:09.5249076Z  339/372 templates processed
2024-03-11T21:43:09.5251354Z  340/372 templates processed
2024-03-11T21:43:09.5254626Z  341/372 templates processed
2024-03-11T21:43:09.5267924Z  342/372 templates processed
2024-03-11T21:43:09.5272582Z  343/372 templates processed
2024-03-11T21:43:09.5289048Z  344/372 templates processed
2024-03-11T21:43:09.5293416Z  345/372 templates processed
2024-03-11T21:43:09.5299822Z  346/372 templates processed
2024-03-11T21:43:09.5303896Z  347/372 templates processed
2024-03-11T21:43:09.5305697Z  348/372 templates processed
2024-03-11T21:43:09.5307922Z  349/372 templates processed
2024-03-11T21:43:09.5316122Z  350/372 templates processed
2024-03-11T21:43:09.5317740Z  351/372 templates processed
2024-03-11T21:43:09.5319804Z  352/372 templates processed
2024-03-11T21:43:09.5323348Z  353/372 templates processed
2024-03-11T21:43:09.5331685Z  354/372 templates processed
2024-03-11T21:43:09.5337364Z  355/372 templates processed
2024-03-11T21:43:09.5341912Z  356/372 templates processed
2024-03-11T21:43:09.5354832Z  357/372 templates processed
2024-03-11T21:43:09.5356940Z  358/372 templates processed
2024-03-11T21:43:09.5362510Z  359/372 templates processed
2024-03-11T21:43:09.5366296Z  360/372 templates processed
2024-03-11T21:43:09.5373062Z  361/372 templates processed
2024-03-11T21:43:09.5376965Z  362/372 templates processed
2024-03-11T21:43:09.5384692Z  363/372 templates processed
2024-03-11T21:43:09.5404611Z  364/372 templates processed
2024-03-11T21:43:09.5407823Z  365/372 templates processed
2024-03-11T21:43:09.5410423Z  366/372 templates processed
2024-03-11T21:43:09.5416366Z  367/372 templates processed
2024-03-11T21:43:09.5429618Z  368/372 templates processed
2024-03-11T21:43:09.5433423Z  369/372 templates processed
2024-03-11T21:43:09.5442557Z  370/372 templates processed
2024-03-11T21:43:09.5448402Z  371/372 templates processed
2024-03-11T21:43:09.5448948Z Processing models...                    
2024-03-11T21:43:09.5474124Z  0/59 files processed
2024-03-11T21:43:09.5495142Z  1/59 files processed
2024-03-11T21:43:09.5499313Z  2/59 files processed
2024-03-11T21:43:09.5500969Z  3/59 files processed
2024-03-11T21:43:09.5524301Z  4/59 files processed
2024-03-11T21:43:09.5541831Z  5/59 files processed
2024-03-11T21:43:09.5546985Z  6/59 files processed
2024-03-11T21:43:09.5552740Z  7/59 files processed
2024-03-11T21:43:09.5556422Z  8/59 files processed
2024-03-11T21:43:09.5565480Z  9/59 files processed
2024-03-11T21:43:09.5569253Z  10/59 files processed
2024-03-11T21:43:09.5572510Z  11/59 files processed
2024-03-11T21:43:09.5593855Z  12/59 files processed
2024-03-11T21:43:09.5597821Z  13/59 files processed
2024-03-11T21:43:09.5646054Z  14/59 files processed
2024-03-11T21:43:09.5654778Z  15/59 files processed
2024-03-11T21:43:09.5657863Z  16/59 files processed
2024-03-11T21:43:09.5663222Z  17/59 files processed
2024-03-11T21:43:09.5707877Z  18/59 files processed
2024-03-11T21:43:09.5751031Z  19/59 files processed
2024-03-11T21:43:09.5758534Z  20/59 files processed
2024-03-11T21:43:09.5771670Z  21/59 files processed
2024-03-11T21:43:09.5799392Z  22/59 files processed
2024-03-11T21:43:09.5800082Z  23/59 files processed
2024-03-11T21:43:09.5810731Z  24/59 files processed
2024-03-11T21:43:09.5862186Z  25/59 files processed
2024-03-11T21:43:09.5866644Z  26/59 files processed
2024-03-11T21:43:09.5879228Z  27/59 files processed
2024-03-11T21:43:09.5880228Z  28/59 files processed
2024-03-11T21:43:09.5885015Z  29/59 files processed
2024-03-11T21:43:09.5893303Z  30/59 files processed
2024-03-11T21:43:09.5896152Z  31/59 files processed
2024-03-11T21:43:09.5990379Z  32/59 files processed
2024-03-11T21:43:09.5999890Z  33/59 files processed
2024-03-11T21:43:09.6052107Z  34/59 files processed
2024-03-11T21:43:09.6054770Z  35/59 files processed
2024-03-11T21:43:09.6057115Z  36/59 files processed
2024-03-11T21:43:09.6058290Z  37/59 files processed
2024-03-11T21:43:09.6074739Z  38/59 files processed
2024-03-11T21:43:09.6078735Z  39/59 files processed
2024-03-11T21:43:09.6094490Z  40/59 files processed
2024-03-11T21:43:09.6103598Z  41/59 files processed
2024-03-11T21:43:09.6106674Z  42/59 files processed
2024-03-11T21:43:09.6119454Z  43/59 files processed
2024-03-11T21:43:09.6122234Z  44/59 files processed
2024-03-11T21:43:09.6149677Z  45/59 files processed
2024-03-11T21:43:09.6159818Z  46/59 files processed
2024-03-11T21:43:09.6187393Z  47/59 files processed
2024-03-11T21:43:09.6195166Z  48/59 files processed
2024-03-11T21:43:09.6215244Z  49/59 files processed
2024-03-11T21:43:09.6232751Z  50/59 files processed
2024-03-11T21:43:09.6240821Z  51/59 files processed
2024-03-11T21:43:09.6331877Z  52/59 files processed
2024-03-11T21:43:09.6383679Z  53/59 files processed
2024-03-11T21:43:09.6416327Z  54/59 files processed
2024-03-11T21:43:09.6422978Z  55/59 files processed
2024-03-11T21:43:09.6426485Z  56/59 files processed
2024-03-11T21:43:09.6478174Z  57/59 files processed
2024-03-11T21:43:09.6487281Z  58/59 files processed
2024-03-11T21:43:09.6487881Z Processing controllers...               
2024-03-11T21:43:09.6496404Z  0/69 files processed
2024-03-11T21:43:09.6505579Z  1/69 files processed
2024-03-11T21:43:09.6509961Z  2/69 files processed
2024-03-11T21:43:09.6518986Z  3/69 files processed
2024-03-11T21:43:09.6525919Z  4/69 files processed
2024-03-11T21:43:09.6532149Z  5/69 files processed
2024-03-11T21:43:09.6544229Z  6/69 files processed
2024-03-11T21:43:09.6548588Z  7/69 files processed
2024-03-11T21:43:09.6554637Z  8/69 files processed
2024-03-11T21:43:09.6571139Z  9/69 files processed
2024-03-11T21:43:09.6576247Z  10/69 files processed
2024-03-11T21:43:09.6594170Z  11/69 files processed
2024-03-11T21:43:09.6596360Z  12/69 files processed
2024-03-11T21:43:09.6615291Z  13/69 files processed
2024-03-11T21:43:09.6632336Z  14/69 files processed
2024-03-11T21:43:09.6638718Z  15/69 files processed
2024-03-11T21:43:09.6657600Z  16/69 files processed
2024-03-11T21:43:09.6662820Z  17/69 files processed
2024-03-11T21:43:09.6665224Z  18/69 files processed
2024-03-11T21:43:09.6731910Z  19/69 files processed
2024-03-11T21:43:09.6742237Z  20/69 files processed
2024-03-11T21:43:09.6768437Z  21/69 files processed
2024-03-11T21:43:09.6770235Z  22/69 files processed
2024-03-11T21:43:09.6776719Z  23/69 files processed
2024-03-11T21:43:09.6779075Z  24/69 files processed
2024-03-11T21:43:09.6781246Z  25/69 files processed
2024-03-11T21:43:09.6782720Z  26/69 files processed
2024-03-11T21:43:09.6783993Z  27/69 files processed
2024-03-11T21:43:09.6785559Z  28/69 files processed
2024-03-11T21:43:09.6790867Z  29/69 files processed
2024-03-11T21:43:09.6813691Z  30/69 files processed
2024-03-11T21:43:09.6828120Z  31/69 files processed
2024-03-11T21:43:09.6836926Z  32/69 files processed
2024-03-11T21:43:09.6853147Z  33/69 files processed
2024-03-11T21:43:09.6858768Z  34/69 files processed
2024-03-11T21:43:09.6861961Z  35/69 files processed
2024-03-11T21:43:09.6868205Z  36/69 files processed
2024-03-11T21:43:09.6871977Z  37/69 files processed
2024-03-11T21:43:09.6885956Z  38/69 files processed
2024-03-11T21:43:09.6890196Z  39/69 files processed
2024-03-11T21:43:09.6893742Z  40/69 files processed
2024-03-11T21:43:09.6910310Z  41/69 files processed
2024-03-11T21:43:09.6916374Z  42/69 files processed
2024-03-11T21:43:09.6919155Z  43/69 files processed
2024-03-11T21:43:09.6925157Z  44/69 files processed
2024-03-11T21:43:09.6930816Z  45/69 files processed
2024-03-11T21:43:09.6934258Z  46/69 files processed
2024-03-11T21:43:09.6940961Z  47/69 files processed
2024-03-11T21:43:09.6947276Z  48/69 files processed
2024-03-11T21:43:09.7009090Z  49/69 files processed
2024-03-11T21:43:09.7017687Z  50/69 files processed
2024-03-11T21:43:09.7032246Z  51/69 files processed
2024-03-11T21:43:09.7038961Z  52/69 files processed
2024-03-11T21:43:09.7056126Z  53/69 files processed
2024-03-11T21:43:09.7062961Z  54/69 files processed
2024-03-11T21:43:09.7067719Z  55/69 files processed
2024-03-11T21:43:09.7074783Z  56/69 files processed
2024-03-11T21:43:09.7077228Z  57/69 files processed
2024-03-11T21:43:09.7103484Z  58/69 files processed
2024-03-11T21:43:09.7114248Z  59/69 files processed
2024-03-11T21:43:09.7115305Z  60/69 files processed
2024-03-11T21:43:09.7116408Z  61/69 files processed
2024-03-11T21:43:09.7120854Z  62/69 files processed
2024-03-11T21:43:09.7123782Z  63/69 files processed
2024-03-11T21:43:09.7124963Z  64/69 files processed
2024-03-11T21:43:09.7128968Z  65/69 files processed
2024-03-11T21:43:09.7129948Z  66/69 files processed
2024-03-11T21:43:09.7136044Z  67/69 files processed
2024-03-11T21:43:09.7146485Z  68/69 files processed
2024-03-11T21:43:09.7147718Z Processing data flow in controllers...  
2024-03-11T21:43:09.7263263Z  0/68 controllers processed
2024-03-11T21:43:09.8153338Z  1/68 controllers processed
2024-03-11T21:43:09.8539690Z  2/68 controllers processed
2024-03-11T21:43:09.9448465Z  3/68 controllers processed
2024-03-11T21:43:10.0171466Z  4/68 controllers processed
2024-03-11T21:43:10.0738052Z  5/68 controllers processed
2024-03-11T21:43:10.1554198Z  6/68 controllers processed
2024-03-11T21:43:10.1925245Z  7/68 controllers processed
2024-03-11T21:43:10.2616577Z  8/68 controllers processed
2024-03-11T21:43:10.3744372Z  9/68 controllers processed
2024-03-11T21:43:10.3962149Z  10/68 controllers processed
2024-03-11T21:43:10.4515201Z  11/68 controllers processed
2024-03-11T21:43:10.4517484Z  12/68 controllers processed
2024-03-11T21:43:10.5933851Z  13/68 controllers processed
2024-03-11T21:43:10.6567707Z  14/68 controllers processed
2024-03-11T21:43:10.6835745Z  15/68 controllers processed
2024-03-11T21:43:10.7272949Z  16/68 controllers processed
2024-03-11T21:43:10.7515753Z  17/68 controllers processed
2024-03-11T21:43:10.9120772Z  18/68 controllers processed
2024-03-11T21:43:10.9635435Z  19/68 controllers processed
2024-03-11T21:43:11.1583606Z  20/68 controllers processed
2024-03-11T21:43:11.1590543Z  21/68 controllers processed
2024-03-11T21:43:11.1605832Z  22/68 controllers processed
2024-03-11T21:43:11.1627777Z  23/68 controllers processed
2024-03-11T21:43:11.1631731Z  24/68 controllers processed
2024-03-11T21:43:11.1810534Z  25/68 controllers processed
2024-03-11T21:43:11.1992746Z  26/68 controllers processed
2024-03-11T21:43:11.2171582Z  27/68 controllers processed
2024-03-11T21:43:11.2729702Z  28/68 controllers processed
2024-03-11T21:43:11.4130117Z  29/68 controllers processed
2024-03-11T21:43:11.5287992Z  30/68 controllers processed
2024-03-11T21:43:11.5878252Z  31/68 controllers processed
2024-03-11T21:43:11.6433286Z  32/68 controllers processed
2024-03-11T21:43:11.6892433Z  33/68 controllers processed
2024-03-11T21:43:11.6896874Z  34/68 controllers processed
2024-03-11T21:43:11.7173012Z  35/68 controllers processed
2024-03-11T21:43:11.7182614Z  36/68 controllers processed
2024-03-11T21:43:11.7518934Z  37/68 controllers processed
2024-03-11T21:43:11.7682400Z  38/68 controllers processed
2024-03-11T21:43:11.7740997Z  39/68 controllers processed
2024-03-11T21:43:11.8029573Z  40/68 controllers processed
2024-03-11T21:43:11.8267316Z  41/68 controllers processed
2024-03-11T21:43:11.8288470Z  42/68 controllers processed
2024-03-11T21:43:11.8529734Z  43/68 controllers processed
2024-03-11T21:43:11.8851731Z  44/68 controllers processed
2024-03-11T21:43:11.9007995Z  45/68 controllers processed
2024-03-11T21:43:11.9629590Z  46/68 controllers processed
2024-03-11T21:43:12.0166675Z  47/68 controllers processed
2024-03-11T21:43:12.1194662Z  48/68 controllers processed
2024-03-11T21:43:12.1715804Z  49/68 controllers processed
2024-03-11T21:43:12.2442296Z  50/68 controllers processed
2024-03-11T21:43:12.2741345Z  51/68 controllers processed
2024-03-11T21:43:12.3796080Z  52/68 controllers processed
2024-03-11T21:43:12.3996120Z  53/68 controllers processed
2024-03-11T21:43:12.4197298Z  54/68 controllers processed
2024-03-11T21:43:12.4498027Z  55/68 controllers processed
2024-03-11T21:43:12.4516181Z  56/68 controllers processed
2024-03-11T21:43:12.5517750Z  57/68 controllers processed
2024-03-11T21:43:12.6227556Z  58/68 controllers processed
2024-03-11T21:43:12.6228473Z  59/68 controllers processed
2024-03-11T21:43:12.6229337Z  60/68 controllers processed
2024-03-11T21:43:12.6235367Z  61/68 controllers processed
2024-03-11T21:43:12.6247230Z  62/68 controllers processed
2024-03-11T21:43:12.6294486Z  63/68 controllers processed
2024-03-11T21:43:12.6356805Z  64/68 controllers processed
2024-03-11T21:43:12.6357664Z  65/68 controllers processed
2024-03-11T21:43:12.6724330Z  66/68 controllers processed
2024-03-11T21:43:12.7243124Z  67/68 controllers processed
2024-03-11T21:43:12.7243768Z Indexing call sites...                  
2024-03-11T21:43:13.1534712Z Running checks in parallel...
2024-03-11T21:43:13.1537602Z  - CheckBasicAuth
2024-03-11T21:43:13.1538536Z  - CheckBasicAuthTimingAttack
2024-03-11T21:43:13.1538979Z  - CheckCrossSiteScripting
2024-03-11T21:43:13.1546407Z  - CheckContentTag
2024-03-11T21:43:13.2078245Z  - CheckCookieSerialization
2024-03-11T21:43:13.2082674Z  - CheckCreateWith
2024-03-11T21:43:13.2084371Z  - CheckCSRFTokenForgeryCVE
2024-03-11T21:43:13.2086509Z  - CheckDefaultRoutes
2024-03-11T21:43:13.2087263Z  - CheckDeserialize
2024-03-11T21:43:13.2090466Z  - CheckDetailedExceptions
2024-03-11T21:43:13.2093123Z  - CheckDigestDoS
2024-03-11T21:43:13.2103660Z  - CheckDynamicFinders
2024-03-11T21:43:13.2106811Z  - CheckEOLRails
2024-03-11T21:43:13.2107439Z  - CheckEOLRuby
2024-03-11T21:43:13.2108054Z  - CheckEscapeFunction
2024-03-11T21:43:13.2113105Z  - CheckEvaluation
2024-03-11T21:43:13.2120263Z  - CheckExecute
2024-03-11T21:43:13.2121582Z  - CheckFileAccess
2024-03-11T21:43:13.2125598Z  - CheckFileDisclosure
2024-03-11T21:43:13.2126247Z  - CheckFilterSkipping
2024-03-11T21:43:13.2127199Z  - CheckForgerySetting
2024-03-11T21:43:13.2177038Z  - CheckHeaderDoS
2024-03-11T21:43:13.2178236Z  - CheckI18nXSS
2024-03-11T21:43:13.2185418Z  - CheckJRubyXML
2024-03-11T21:43:13.2188710Z  - CheckJSONEncoding
2024-03-11T21:43:13.2189948Z  - CheckJSONEntityEscape
2024-03-11T21:43:13.2191219Z  - CheckJSONParsing
2024-03-11T21:43:13.2193253Z  - CheckLinkTo
2024-03-11T21:43:13.2195180Z  - CheckLinkToHref
2024-03-11T21:43:13.2197231Z  - CheckMailTo
2024-03-11T21:43:13.2284997Z  - CheckMassAssignment
2024-03-11T21:43:13.2287134Z  - CheckMimeTypeDoS
2024-03-11T21:43:13.2289206Z  - CheckModelAttrAccessible
2024-03-11T21:43:13.2290800Z  - CheckModelAttributes
2024-03-11T21:43:13.2292634Z  - CheckModelSerialize
2024-03-11T21:43:13.2293555Z  - CheckNestedAttributes
2024-03-11T21:43:13.2295303Z  - CheckNestedAttributesBypass
2024-03-11T21:43:13.2296991Z  - CheckNumberToCurrency
2024-03-11T21:43:13.2299227Z  - CheckPageCachingCVE
2024-03-11T21:43:13.2301455Z  - CheckPathname
2024-03-11T21:43:13.2303347Z  - CheckPermitAttributes
2024-03-11T21:43:13.2305529Z  - CheckQuoteTableName
2024-03-11T21:43:13.2309892Z  - CheckRansack
2024-03-11T21:43:13.2312381Z  - CheckRedirect
2024-03-11T21:43:13.2312989Z  - CheckRegexDoS
2024-03-11T21:43:13.2317891Z  - CheckRender
2024-03-11T21:43:13.2334177Z  - CheckRenderDoS
2024-03-11T21:43:13.2457243Z  - CheckRenderInline
2024-03-11T21:43:13.2459142Z  - CheckResponseSplitting
2024-03-11T21:43:13.2541612Z  - CheckRouteDoS
2024-03-11T21:43:13.2543653Z  - CheckSafeBufferManipulation
2024-03-11T21:43:13.2545481Z  - CheckSanitizeConfigCve
2024-03-11T21:43:13.2546830Z  - CheckSanitizeMethods
2024-03-11T21:43:13.2548611Z  - CheckSelectTag
2024-03-11T21:43:13.2551395Z  - CheckSelectVulnerability
2024-03-11T21:43:13.2553139Z  - CheckSend
2024-03-11T21:43:13.2555091Z  - CheckSendFile
2024-03-11T21:43:13.2561113Z  - CheckSessionManipulation
2024-03-11T21:43:13.2561882Z  - CheckSessionSettings
2024-03-11T21:43:13.2562375Z  - CheckSimpleFormat
2024-03-11T21:43:13.2567575Z  - CheckSingleQuotes
2024-03-11T21:43:13.2568336Z  - CheckSkipBeforeFilter
2024-03-11T21:43:13.2584152Z  - CheckSprocketsPathTraversal
2024-03-11T21:43:13.2585199Z  - CheckSQL
2024-03-11T21:43:13.2585906Z  - CheckSQLCVEs
2024-03-11T21:43:13.2586608Z  - CheckSSLVerify
2024-03-11T21:43:13.2587469Z  - CheckStripTags
2024-03-11T21:43:13.2688483Z  - CheckSymbolDoSCVE
2024-03-11T21:43:13.2689735Z  - CheckTemplateInjection
2024-03-11T21:43:13.2691158Z  - CheckTranslateBug
2024-03-11T21:43:13.2695257Z  - CheckUnsafeReflection
2024-03-11T21:43:13.2696161Z  - CheckUnsafeReflectionMethods
2024-03-11T21:43:13.2696897Z  - CheckValidationRegex
2024-03-11T21:43:13.2700917Z  - CheckVerbConfusion
2024-03-11T21:43:13.2705544Z  - CheckWeakRSAKey
2024-03-11T21:43:13.2707662Z  - CheckWithoutProtection
2024-03-11T21:43:13.2709559Z  - CheckXMLDoS
2024-03-11T21:43:13.2719525Z  - CheckYAMLParsing
2024-03-11T21:43:13.3064572Z Checks finished, collecting results...
2024-03-11T21:43:13.3071516Z Filtering warnings...
2024-03-11T21:43:13.3073112Z [Notice] Using '/home/runner/work/human-essentials/human-essentials/config/brakeman.ignore' to filter warnings
2024-03-11T21:43:13.3077455Z Generating report...
2024-03-11T21:43:13.3738252Z 
2024-03-11T21:43:13.3738911Z == Brakeman Report ==
2024-03-11T21:43:13.3739353Z 
2024-03-11T21:43:13.3740275Z Application Path: /home/runner/work/human-essentials/human-essentials
2024-03-11T21:43:13.3741011Z Rails Version: 7.0.8
2024-03-11T21:43:13.3741449Z Brakeman Version: 6.1.2
2024-03-11T21:43:13.3742150Z Scan Date: 2024-03-11 21:43:05 +0000
2024-03-11T21:43:13.3742673Z Duration: 8.270523848 seconds
2024-03-11T21:43:13.3749211Z Checks Run: BasicAuth, BasicAuthTimingAttack, CSRFTokenForgeryCVE, ContentTag, CookieSerialization, CreateWith, CrossSiteScripting, DefaultRoutes, Deserialize, DetailedExceptions, DigestDoS, DynamicFinders, EOLRails, EOLRuby, EscapeFunction, Evaluation, Execute, FileAccess, FileDisclosure, FilterSkipping, ForgerySetting, HeaderDoS, I18nXSS, JRubyXML, JSONEncoding, JSONEntityEscape, JSONParsing, LinkTo, LinkToHref, MailTo, MassAssignment, MimeTypeDoS, ModelAttrAccessible, ModelAttributes, ModelSerialize, NestedAttributes, NestedAttributesBypass, NumberToCurrency, PageCachingCVE, Pathname, PermitAttributes, QuoteTableName, Ransack, Redirect, RegexDoS, Render, RenderDoS, RenderInline, ResponseSplitting, RouteDoS, SQL, SQLCVEs, SSLVerify, SafeBufferManipulation, SanitizeConfigCve, SanitizeMethods, SelectTag, SelectVulnerability, Send, SendFile, SessionManipulation, SessionSettings, SimpleFormat, SingleQuotes, SkipBeforeFilter, SprocketsPathTraversal, StripTags, SymbolDoSCVE, TemplateInjection, TranslateBug, UnsafeReflection, UnsafeReflectionMethods, ValidationRegex, VerbConfusion, WeakRSAKey, WithoutProtection, XMLDoS, YAMLParsing
2024-03-11T21:43:13.3755573Z 
2024-03-11T21:43:13.3755731Z == Overview ==
2024-03-11T21:43:13.3755910Z 
2024-03-11T21:43:13.3756065Z Controllers: 68
2024-03-11T21:43:13.3756417Z Models: 53
2024-03-11T21:43:13.3757046Z Templates: 372
2024-03-11T21:43:13.3757375Z Errors: 0
2024-03-11T21:43:13.3757797Z Security Warnings: 1
2024-03-11T21:43:13.3758152Z Ignored Warnings: 2
2024-03-11T21:43:13.3758342Z 
2024-03-11T21:43:13.3758469Z == Warning Types ==
2024-03-11T21:43:13.3758767Z 
2024-03-11T21:43:13.3758891Z SQL Injection: 1
2024-03-11T21:43:13.3759123Z 
2024-03-11T21:43:13.3759240Z == Warnings ==
2024-03-11T21:43:13.3759411Z 
2024-03-11T21:43:13.3759641Z Confidence: Medium
2024-03-11T21:43:13.3759982Z Category: SQL Injection
2024-03-11T21:43:13.3760297Z Check: SQL
2024-03-11T21:43:13.3760697Z Message: Possible SQL injection
2024-03-11T21:43:13.3776775Z Code: ActiveRecord::Base.connection.execute("        SELECT SUM(\"line_items\".\"quantity\" * \"kit_line_items\".\"quantity\")\n        FROM \"distributions\" \n        INNER JOIN \"line_items\" ON \"line_items\".\"itemizable_type\" = 'Distribution' AND \"line_items\".\"itemizable_id\" = \"distributions\".\"id\" \n        INNER JOIN \"items\" ON \"items\".\"id\" = \"line_items\".\"item_id\" \n        INNER JOIN \"kits\" ON \"kits\".\"id\" = \"items\".\"kit_id\" \n        INNER JOIN \"line_items\" \"kit_line_items\" ON \"kit_line_items\".\"itemizable_type\" = 'Kit' AND \"kit_line_items\".\"itemizable_id\" = \"kits\".\"id\"\n        INNER JOIN \"items\" \"kit_items\" ON \"kit_items\".\"id\" = \"kit_line_items\".\"item_id\"\n        INNER JOIN \"base_items\" ON \"base_items\".\"partner_key\" = \"kit_items\".\"partner_key\" \n        WHERE \"distributions\".\"organization_id\" = #{organization.id}\n          AND extract(year from issued_at) = #{year}\n          AND lower(base_items.category) LIKE '%diaper%'\n          AND NOT (lower(base_items.category) LIKE '%cloth%' OR lower(base_items.name) LIKE '%cloth%')\n", [organization.id, year])
2024-03-11T21:43:13.3781575Z File: app/services/reports/children_served_report_service.rb
2024-03-11T21:43:13.3782061Z Line: 51
2024-03-11T21:43:13.3782255Z 
2024-03-11T21:43:13.3866125Z ##[error]Process completed with exit code 3.
2024-03-11T21:43:13.3956862Z Post job cleanup.
2024-03-11T21:43:13.4966787Z [command]/usr/bin/git version
2024-03-11T21:43:13.5015468Z git version 2.43.2
2024-03-11T21:43:13.5057440Z Temporarily overriding HOME='/home/runner/work/_temp/11d70c76-8814-46a9-a05e-e1c2e0d1ef46' before making global git config changes
2024-03-11T21:43:13.5059007Z Adding repository directory to the temporary git global config as a safe directory
2024-03-11T21:43:13.5063313Z [command]/usr/bin/git config --global --add safe.directory /home/runner/work/human-essentials/human-essentials
2024-03-11T21:43:13.5106087Z [command]/usr/bin/git config --local --name-only --get-regexp core\.sshCommand
2024-03-11T21:43:13.5145641Z [command]/usr/bin/git submodule foreach --recursive sh -c "git config --local --name-only --get-regexp 'core\.sshCommand' && git config --local --unset-all 'core.sshCommand' || :"
2024-03-11T21:43:13.5393716Z [command]/usr/bin/git config --local --name-only --get-regexp http\.https\:\/\/github\.com\/\.extraheader
2024-03-11T21:43:13.5426058Z http.https://github.com/.extraheader
2024-03-11T21:43:13.5435507Z [command]/usr/bin/git config --local --unset-all http.https://github.com/.extraheader
2024-03-11T21:43:13.5478067Z [command]/usr/bin/git submodule foreach --recursive sh -c "git config --local --name-only --get-regexp 'http\.https\:\/\/github\.com\/\.extraheader' && git config --local --unset-all 'http.https://github.com/.extraheader' || :"
2024-03-11T21:43:13.5990305Z Cleaning up orphan processes
