2024-02-19T21:30:05.8029639Z Requested labels: ubuntu-latest
2024-02-19T21:30:05.8029938Z Job defined at: rubyforgood/human-essentials/.github/workflows/rspec-system-events.yml@refs/pull/4099/merge
2024-02-19T21:30:05.8030051Z Waiting for a runner to pick up this job...
2024-02-19T21:31:46.6294517Z Job is waiting for a hosted runner to come online.
2024-02-19T21:31:50.5302845Z Job is about to start running on the hosted runner: GitHub Actions 17 (hosted)
2024-02-19T21:31:53.1688224Z Current runner version: '2.313.0'
2024-02-19T21:31:53.1712549Z ##[group]Operating System
2024-02-19T21:31:53.1713264Z Ubuntu
2024-02-19T21:31:53.1713618Z 22.04.3
2024-02-19T21:31:53.1713960Z LTS
2024-02-19T21:31:53.1714333Z ##[endgroup]
2024-02-19T21:31:53.1714715Z ##[group]Runner Image
2024-02-19T21:31:53.1715162Z Image: ubuntu-22.04
2024-02-19T21:31:53.1715667Z Version: 20240212.1.0
2024-02-19T21:31:53.1716686Z Included Software: https://github.com/actions/runner-images/blob/ubuntu22/20240212.1/images/ubuntu/Ubuntu2204-Readme.md
2024-02-19T21:31:53.1718117Z Image Release: https://github.com/actions/runner-images/releases/tag/ubuntu22%2F20240212.1
2024-02-19T21:31:53.1719037Z ##[endgroup]
2024-02-19T21:31:53.1719453Z ##[group]Runner Image Provisioner
2024-02-19T21:31:53.1719930Z 2.0.341.1
2024-02-19T21:31:53.1720325Z ##[endgroup]
2024-02-19T21:31:53.1722622Z ##[group]GITHUB_TOKEN Permissions
2024-02-19T21:31:53.1724339Z Actions: read
2024-02-19T21:31:53.1724748Z Checks: read
2024-02-19T21:31:53.1725274Z Contents: read
2024-02-19T21:31:53.1725802Z Deployments: read
2024-02-19T21:31:53.1726187Z Discussions: read
2024-02-19T21:31:53.1726634Z Issues: read
2024-02-19T21:31:53.1726978Z Metadata: read
2024-02-19T21:31:53.1727340Z Packages: read
2024-02-19T21:31:53.1727786Z Pages: read
2024-02-19T21:31:53.1728115Z PullRequests: read
2024-02-19T21:31:53.1728526Z RepositoryProjects: read
2024-02-19T21:31:53.1729046Z SecurityEvents: read
2024-02-19T21:31:53.1729412Z Statuses: read
2024-02-19T21:31:53.1729777Z ##[endgroup]
2024-02-19T21:31:53.1732801Z Secret source: None
2024-02-19T21:31:53.1733341Z Prepare workflow directory
2024-02-19T21:31:53.2611094Z Prepare all required actions
2024-02-19T21:31:53.2768741Z Getting action download info
2024-02-19T21:31:53.6163751Z Download action repository 'actions/checkout@v2' (SHA:ee0669bd1cc54295c223e0bb666b733df41de1c5)
2024-02-19T21:31:53.7411960Z Download action repository 'ruby/setup-ruby@v1' (SHA:22fdc77bf4148f810455b226c90fb81b5cbc00a7)
2024-02-19T21:31:54.2365458Z Download action repository 'actions/upload-artifact@v2' (SHA:82c141cc518b40d92cc801eee768e7aafc9c2fa2)
2024-02-19T21:31:54.3800220Z Complete job name: rspec-system-events (6, 1)
2024-02-19T21:31:54.4445469Z ##[group]Checking docker version
2024-02-19T21:31:54.4459453Z ##[command]/usr/bin/docker version --format '{{.Server.APIVersion}}'
2024-02-19T21:31:54.5148818Z '1.43'
2024-02-19T21:31:54.5159989Z Docker daemon API version: '1.43'
2024-02-19T21:31:54.5160622Z ##[command]/usr/bin/docker version --format '{{.Client.APIVersion}}'
2024-02-19T21:31:54.5324836Z '1.43'
2024-02-19T21:31:54.5349028Z Docker client API version: '1.43'
2024-02-19T21:31:54.5356379Z ##[endgroup]
2024-02-19T21:31:54.5361177Z ##[group]Clean up resources from previous jobs
2024-02-19T21:31:54.5367479Z ##[command]/usr/bin/docker ps --all --quiet --no-trunc --filter "label=62504c"
2024-02-19T21:31:54.5507677Z ##[command]/usr/bin/docker network prune --force --filter "label=62504c"
2024-02-19T21:31:54.5638725Z ##[endgroup]
2024-02-19T21:31:54.5639144Z ##[group]Create local container network
2024-02-19T21:31:54.5649104Z ##[command]/usr/bin/docker network create --label 62504c github_network_3ba8d2d97d784f08a17fdc21ef9ef742
2024-02-19T21:31:54.6338905Z 141c9099ed14fb25fb87a47a6cc2e216b96086ed2249f48a5e32004d0a7ccfc9
2024-02-19T21:31:54.6356494Z ##[endgroup]
2024-02-19T21:31:54.6433326Z ##[group]Starting db service container
2024-02-19T21:31:54.6450575Z ##[command]/usr/bin/docker pull postgres:12.3
2024-02-19T21:31:56.0257253Z 12.3: Pulling from library/postgres
2024-02-19T21:31:56.2822446Z bf5952930446: Pulling fs layer
2024-02-19T21:31:56.2823203Z 9577476abb00: Pulling fs layer
2024-02-19T21:31:56.2823629Z 2bd105512d5c: Pulling fs layer
2024-02-19T21:31:56.2823986Z b1cd21c26e81: Pulling fs layer
2024-02-19T21:31:56.2824448Z 34a7c86cf8fc: Pulling fs layer
2024-02-19T21:31:56.2824840Z 274e7b0c38d5: Pulling fs layer
2024-02-19T21:31:56.2825191Z 3e831b350d37: Pulling fs layer
2024-02-19T21:31:56.2825663Z 38fa0d496534: Pulling fs layer
2024-02-19T21:31:56.2826404Z 31a8349609a4: Pulling fs layer
2024-02-19T21:31:56.2826741Z 14e4c2a4b7b7: Pulling fs layer
2024-02-19T21:31:56.2827221Z 964acfa02beb: Pulling fs layer
2024-02-19T21:31:56.2827616Z 31b1f20dffc0: Pulling fs layer
2024-02-19T21:31:56.2827954Z 14771c2930e9: Pulling fs layer
2024-02-19T21:31:56.2828407Z 2f30edd0ce8a: Pulling fs layer
2024-02-19T21:31:56.2828766Z 3e831b350d37: Waiting
2024-02-19T21:31:56.2829060Z 38fa0d496534: Waiting
2024-02-19T21:31:56.2829460Z 34a7c86cf8fc: Waiting
2024-02-19T21:31:56.2829783Z 274e7b0c38d5: Waiting
2024-02-19T21:31:56.2830064Z 31a8349609a4: Waiting
2024-02-19T21:31:56.2830462Z 14e4c2a4b7b7: Waiting
2024-02-19T21:31:56.2830780Z 964acfa02beb: Waiting
2024-02-19T21:31:56.2831062Z 31b1f20dffc0: Waiting
2024-02-19T21:31:56.2831460Z b1cd21c26e81: Waiting
2024-02-19T21:31:56.2831780Z 14771c2930e9: Waiting
2024-02-19T21:31:56.2832067Z 2f30edd0ce8a: Waiting
2024-02-19T21:31:56.5599889Z 2bd105512d5c: Download complete
2024-02-19T21:31:56.5680966Z 9577476abb00: Verifying Checksum
2024-02-19T21:31:56.5685791Z 9577476abb00: Download complete
2024-02-19T21:31:56.7058994Z bf5952930446: Verifying Checksum
2024-02-19T21:31:56.7064808Z bf5952930446: Download complete
2024-02-19T21:31:56.8320789Z b1cd21c26e81: Verifying Checksum
2024-02-19T21:31:56.8327223Z b1cd21c26e81: Download complete
2024-02-19T21:31:56.8879627Z 34a7c86cf8fc: Verifying Checksum
2024-02-19T21:31:56.8880343Z 34a7c86cf8fc: Download complete
2024-02-19T21:31:57.0074840Z 274e7b0c38d5: Verifying Checksum
2024-02-19T21:31:57.0076081Z 274e7b0c38d5: Download complete
2024-02-19T21:31:57.1615688Z 38fa0d496534: Verifying Checksum
2024-02-19T21:31:57.1616436Z 38fa0d496534: Download complete
2024-02-19T21:31:57.1880418Z 3e831b350d37: Verifying Checksum
2024-02-19T21:31:57.1881495Z 3e831b350d37: Download complete
2024-02-19T21:31:57.4350024Z 14e4c2a4b7b7: Verifying Checksum
2024-02-19T21:31:57.4351130Z 14e4c2a4b7b7: Download complete
2024-02-19T21:31:57.4501456Z 964acfa02beb: Verifying Checksum
2024-02-19T21:31:57.4503932Z 964acfa02beb: Download complete
2024-02-19T21:31:57.7309327Z 31b1f20dffc0: Verifying Checksum
2024-02-19T21:31:57.7310661Z 31b1f20dffc0: Download complete
2024-02-19T21:31:57.8740171Z bf5952930446: Pull complete
2024-02-19T21:31:57.9830385Z 2f30edd0ce8a: Verifying Checksum
2024-02-19T21:31:57.9831096Z 2f30edd0ce8a: Download complete
2024-02-19T21:31:58.0120384Z 9577476abb00: Pull complete
2024-02-19T21:31:58.0337155Z 31a8349609a4: Verifying Checksum
2024-02-19T21:31:58.0338151Z 31a8349609a4: Download complete
2024-02-19T21:31:58.1111559Z 14771c2930e9: Verifying Checksum
2024-02-19T21:31:58.1112474Z 14771c2930e9: Download complete
2024-02-19T21:31:58.1930871Z 2bd105512d5c: Pull complete
2024-02-19T21:31:58.2389939Z b1cd21c26e81: Pull complete
2024-02-19T21:31:58.5514479Z 34a7c86cf8fc: Pull complete
2024-02-19T21:31:58.6001118Z 274e7b0c38d5: Pull complete
2024-02-19T21:31:58.6080339Z 3e831b350d37: Pull complete
2024-02-19T21:31:58.6165109Z 38fa0d496534: Pull complete
2024-02-19T21:32:00.6285995Z 31a8349609a4: Pull complete
2024-02-19T21:32:00.9489281Z 14e4c2a4b7b7: Pull complete
2024-02-19T21:32:00.9858286Z 964acfa02beb: Pull complete
2024-02-19T21:32:00.9967053Z 31b1f20dffc0: Pull complete
2024-02-19T21:32:01.0065444Z 14771c2930e9: Pull complete
2024-02-19T21:32:01.0153651Z 2f30edd0ce8a: Pull complete
2024-02-19T21:32:01.0197276Z Digest: sha256:a06e6e6e519b7a329c419f8221edec66cfc45511e8b80e262c12103ba745cf19
2024-02-19T21:32:01.0210727Z Status: Downloaded newer image for postgres:12.3
2024-02-19T21:32:01.0220914Z docker.io/library/postgres:12.3
2024-02-19T21:32:01.0323623Z ##[command]/usr/bin/docker create --name 064bd89cc77a4f5aaf68435abc5e4a0a_postgres123_64a9c9 --label 62504c --network github_network_3ba8d2d97d784f08a17fdc21ef9ef742 --network-alias db -p 5432:5432 --health-cmd pg_isready --health-interval 10s --health-timeout 5s --health-retries 5 -e "POSTGRES_PASSWORD=password" -e GITHUB_ACTIONS=true -e CI=true postgres:12.3
2024-02-19T21:32:01.0833909Z 72e3bd5703eece20de8d8d70ffe9b2e5e428a8cfd7a4b565671ae4390dc6c3d7
2024-02-19T21:32:01.0858324Z ##[command]/usr/bin/docker start 72e3bd5703eece20de8d8d70ffe9b2e5e428a8cfd7a4b565671ae4390dc6c3d7
2024-02-19T21:32:01.3571498Z 72e3bd5703eece20de8d8d70ffe9b2e5e428a8cfd7a4b565671ae4390dc6c3d7
2024-02-19T21:32:01.3599148Z ##[command]/usr/bin/docker ps --all --filter id=72e3bd5703eece20de8d8d70ffe9b2e5e428a8cfd7a4b565671ae4390dc6c3d7 --filter status=running --no-trunc --format "{{.ID}} {{.Status}}"
2024-02-19T21:32:01.3729526Z 72e3bd5703eece20de8d8d70ffe9b2e5e428a8cfd7a4b565671ae4390dc6c3d7 Up Less than a second (health: starting)
2024-02-19T21:32:01.3749216Z ##[command]/usr/bin/docker port 72e3bd5703eece20de8d8d70ffe9b2e5e428a8cfd7a4b565671ae4390dc6c3d7
2024-02-19T21:32:01.3877773Z 5432/tcp -> 0.0.0.0:5432
2024-02-19T21:32:01.3878694Z 5432/tcp -> [::]:5432
2024-02-19T21:32:01.3955636Z ##[endgroup]
2024-02-19T21:32:01.3982149Z ##[group]Waiting for all services to be ready
2024-02-19T21:32:01.4018474Z ##[command]/usr/bin/docker inspect --format="{{if .Config.Healthcheck}}{{print .State.Health.Status}}{{end}}" 72e3bd5703eece20de8d8d70ffe9b2e5e428a8cfd7a4b565671ae4390dc6c3d7
2024-02-19T21:32:01.4153241Z starting
2024-02-19T21:32:01.4176409Z db service is starting, waiting 2 seconds before checking again.
2024-02-19T21:32:03.4184134Z ##[command]/usr/bin/docker inspect --format="{{if .Config.Healthcheck}}{{print .State.Health.Status}}{{end}}" 72e3bd5703eece20de8d8d70ffe9b2e5e428a8cfd7a4b565671ae4390dc6c3d7
2024-02-19T21:32:03.4311217Z starting
2024-02-19T21:32:03.4324368Z db service is starting, waiting 4 seconds before checking again.
2024-02-19T21:32:07.4431334Z ##[command]/usr/bin/docker inspect --format="{{if .Config.Healthcheck}}{{print .State.Health.Status}}{{end}}" 72e3bd5703eece20de8d8d70ffe9b2e5e428a8cfd7a4b565671ae4390dc6c3d7
2024-02-19T21:32:07.4544350Z starting
2024-02-19T21:32:07.4557459Z db service is starting, waiting 8 seconds before checking again.
2024-02-19T21:32:16.0052832Z ##[command]/usr/bin/docker inspect --format="{{if .Config.Healthcheck}}{{print .State.Health.Status}}{{end}}" 72e3bd5703eece20de8d8d70ffe9b2e5e428a8cfd7a4b565671ae4390dc6c3d7
2024-02-19T21:32:16.0175736Z healthy
2024-02-19T21:32:16.0191662Z db service is healthy.
2024-02-19T21:32:16.0192439Z ##[endgroup]
2024-02-19T21:32:16.0550122Z ##[group]Run actions/checkout@v2
2024-02-19T21:32:16.0550583Z with:
2024-02-19T21:32:16.0550922Z   repository: rubyforgood/human-essentials
2024-02-19T21:32:16.0551663Z   token: ***
2024-02-19T21:32:16.0551994Z   ssh-strict: true
2024-02-19T21:32:16.0552321Z   persist-credentials: true
2024-02-19T21:32:16.0552777Z   clean: true
2024-02-19T21:32:16.0553086Z   fetch-depth: 1
2024-02-19T21:32:16.0553418Z   lfs: false
2024-02-19T21:32:16.0553786Z   submodules: false
2024-02-19T21:32:16.0554125Z   set-safe-directory: true
2024-02-19T21:32:16.0554463Z ##[endgroup]
2024-02-19T21:32:16.2771007Z Syncing repository: rubyforgood/human-essentials
2024-02-19T21:32:16.2772875Z ##[group]Getting Git version info
2024-02-19T21:32:16.2773618Z Working directory is '/home/runner/work/human-essentials/human-essentials'
2024-02-19T21:32:16.2774645Z [command]/usr/bin/git version
2024-02-19T21:32:16.2821303Z git version 2.43.0
2024-02-19T21:32:16.2845230Z ##[endgroup]
2024-02-19T21:32:16.2864750Z Temporarily overriding HOME='/home/runner/work/_temp/e38b1d8b-aa82-48ea-bf5b-882622216858' before making global git config changes
2024-02-19T21:32:16.2866632Z Adding repository directory to the temporary git global config as a safe directory
2024-02-19T21:32:16.2869348Z [command]/usr/bin/git config --global --add safe.directory /home/runner/work/human-essentials/human-essentials
2024-02-19T21:32:16.2916019Z Deleting the contents of '/home/runner/work/human-essentials/human-essentials'
2024-02-19T21:32:16.2922335Z ##[group]Initializing the repository
2024-02-19T21:32:16.2926086Z [command]/usr/bin/git init /home/runner/work/human-essentials/human-essentials
2024-02-19T21:32:16.3005064Z hint: Using 'master' as the name for the initial branch. This default branch name
2024-02-19T21:32:16.3006164Z hint: is subject to change. To configure the initial branch name to use in all
2024-02-19T21:32:16.3007228Z hint: of your new repositories, which will suppress this warning, call:
2024-02-19T21:32:16.3007944Z hint: 
2024-02-19T21:32:16.3008443Z hint: 	git config --global init.defaultBranch <name>
2024-02-19T21:32:16.3008890Z hint: 
2024-02-19T21:32:16.3009704Z hint: Names commonly chosen instead of 'master' are 'main', 'trunk' and
2024-02-19T21:32:16.3010641Z hint: 'development'. The just-created branch can be renamed via this command:
2024-02-19T21:32:16.3011188Z hint: 
2024-02-19T21:32:16.3011642Z hint: 	git branch -m <name>
2024-02-19T21:32:16.3014910Z Initialized empty Git repository in /home/runner/work/human-essentials/human-essentials/.git/
2024-02-19T21:32:16.3023740Z [command]/usr/bin/git remote add origin https://github.com/rubyforgood/human-essentials
2024-02-19T21:32:16.3067423Z ##[endgroup]
2024-02-19T21:32:16.3068628Z ##[group]Disabling automatic garbage collection
2024-02-19T21:32:16.3072022Z [command]/usr/bin/git config --local gc.auto 0
2024-02-19T21:32:16.3112307Z ##[endgroup]
2024-02-19T21:32:16.3113520Z ##[group]Setting up auth
2024-02-19T21:32:16.3119651Z [command]/usr/bin/git config --local --name-only --get-regexp core\.sshCommand
2024-02-19T21:32:16.3159972Z [command]/usr/bin/git submodule foreach --recursive sh -c "git config --local --name-only --get-regexp 'core\.sshCommand' && git config --local --unset-all 'core.sshCommand' || :"
2024-02-19T21:32:16.3504022Z [command]/usr/bin/git config --local --name-only --get-regexp http\.https\:\/\/github\.com\/\.extraheader
2024-02-19T21:32:16.3543806Z [command]/usr/bin/git submodule foreach --recursive sh -c "git config --local --name-only --get-regexp 'http\.https\:\/\/github\.com\/\.extraheader' && git config --local --unset-all 'http.https://github.com/.extraheader' || :"
2024-02-19T21:32:16.3786225Z [command]/usr/bin/git config --local http.https://github.com/.extraheader AUTHORIZATION: basic ***
2024-02-19T21:32:16.3843300Z ##[endgroup]
2024-02-19T21:32:16.3844504Z ##[group]Fetching the repository
2024-02-19T21:32:16.3851678Z [command]/usr/bin/git -c protocol.version=2 fetch --no-tags --prune --progress --no-recurse-submodules --depth=1 origin +5b2b3cb7da14aca0529025252a4098107b6e4981:refs/remotes/pull/4099/merge
2024-02-19T21:32:16.7451267Z remote: Enumerating objects: 1738, done.        
2024-02-19T21:32:16.7452867Z remote: Counting objects:   0% (1/1738)        
2024-02-19T21:32:16.7453997Z remote: Counting objects:   1% (18/1738)        
2024-02-19T21:32:16.7454799Z remote: Counting objects:   2% (35/1738)        
2024-02-19T21:32:16.7455771Z remote: Counting objects:   3% (53/1738)        
2024-02-19T21:32:16.7456662Z remote: Counting objects:   4% (70/1738)        
2024-02-19T21:32:16.7457149Z remote: Counting objects:   5% (87/1738)        
2024-02-19T21:32:16.7457696Z remote: Counting objects:   6% (105/1738)        
2024-02-19T21:32:16.7458205Z remote: Counting objects:   7% (122/1738)        
2024-02-19T21:32:16.7458673Z remote: Counting objects:   8% (140/1738)        
2024-02-19T21:32:16.7459190Z remote: Counting objects:   9% (157/1738)        
2024-02-19T21:32:16.7459738Z remote: Counting objects:  10% (174/1738)        
2024-02-19T21:32:16.7460232Z remote: Counting objects:  11% (192/1738)        
2024-02-19T21:32:16.7460773Z remote: Counting objects:  12% (209/1738)        
2024-02-19T21:32:16.7461217Z remote: Counting objects:  13% (226/1738)        
2024-02-19T21:32:16.7461682Z remote: Counting objects:  14% (244/1738)        
2024-02-19T21:32:16.7462227Z remote: Counting objects:  15% (261/1738)        
2024-02-19T21:32:16.7462647Z remote: Counting objects:  16% (279/1738)        
2024-02-19T21:32:16.7463112Z remote: Counting objects:  17% (296/1738)        
2024-02-19T21:32:16.7463668Z remote: Counting objects:  18% (313/1738)        
2024-02-19T21:32:16.7464107Z remote: Counting objects:  19% (331/1738)        
2024-02-19T21:32:16.7464571Z remote: Counting objects:  20% (348/1738)        
2024-02-19T21:32:16.7465115Z remote: Counting objects:  21% (365/1738)        
2024-02-19T21:32:16.7465808Z remote: Counting objects:  22% (383/1738)        
2024-02-19T21:32:16.7466263Z remote: Counting objects:  23% (400/1738)        
2024-02-19T21:32:16.7466832Z remote: Counting objects:  24% (418/1738)        
2024-02-19T21:32:16.7467290Z remote: Counting objects:  25% (435/1738)        
2024-02-19T21:32:16.7467730Z remote: Counting objects:  26% (452/1738)        
2024-02-19T21:32:16.7468264Z remote: Counting objects:  27% (470/1738)        
2024-02-19T21:32:16.7468720Z remote: Counting objects:  28% (487/1738)        
2024-02-19T21:32:16.7469156Z remote: Counting objects:  29% (505/1738)        
2024-02-19T21:32:16.7469709Z remote: Counting objects:  30% (522/1738)        
2024-02-19T21:32:16.7470167Z remote: Counting objects:  31% (539/1738)        
2024-02-19T21:32:16.7470600Z remote: Counting objects:  32% (557/1738)        
2024-02-19T21:32:16.7471131Z remote: Counting objects:  33% (574/1738)        
2024-02-19T21:32:16.7471585Z remote: Counting objects:  34% (591/1738)        
2024-02-19T21:32:16.7472041Z remote: Counting objects:  35% (609/1738)        
2024-02-19T21:32:16.7472835Z remote: Counting objects:  36% (626/1738)        
2024-02-19T21:32:16.7473553Z remote: Counting objects:  37% (644/1738)        
2024-02-19T21:32:16.7474305Z remote: Counting objects:  38% (661/1738)        
2024-02-19T21:32:16.7475262Z remote: Counting objects:  39% (678/1738)        
2024-02-19T21:32:16.7476079Z remote: Counting objects:  40% (696/1738)        
2024-02-19T21:32:16.7476706Z remote: Counting objects:  41% (713/1738)        
2024-02-19T21:32:16.7477263Z remote: Counting objects:  42% (730/1738)        
2024-02-19T21:32:16.7477742Z remote: Counting objects:  43% (748/1738)        
2024-02-19T21:32:16.7478265Z remote: Counting objects:  44% (765/1738)        
2024-02-19T21:32:16.7478699Z remote: Counting objects:  45% (783/1738)        
2024-02-19T21:32:16.7479179Z remote: Counting objects:  46% (800/1738)        
2024-02-19T21:32:16.7479704Z remote: Counting objects:  47% (817/1738)        
2024-02-19T21:32:16.7480134Z remote: Counting objects:  48% (835/1738)        
2024-02-19T21:32:16.7480604Z remote: Counting objects:  49% (852/1738)        
2024-02-19T21:32:16.7481581Z remote: Counting objects:  50% (869/1738)        
2024-02-19T21:32:16.7482131Z remote: Counting objects:  51% (887/1738)        
2024-02-19T21:32:16.7482613Z remote: Counting objects:  52% (904/1738)        
2024-02-19T21:32:16.7483178Z remote: Counting objects:  53% (922/1738)        
2024-02-19T21:32:16.7483631Z remote: Counting objects:  54% (939/1738)        
2024-02-19T21:32:16.7484097Z remote: Counting objects:  55% (956/1738)        
2024-02-19T21:32:16.7484642Z remote: Counting objects:  56% (974/1738)        
2024-02-19T21:32:16.7485081Z remote: Counting objects:  57% (991/1738)        
2024-02-19T21:32:16.7485562Z remote: Counting objects:  58% (1009/1738)        
2024-02-19T21:32:16.7486163Z remote: Counting objects:  59% (1026/1738)        
2024-02-19T21:32:16.7486618Z remote: Counting objects:  60% (1043/1738)        
2024-02-19T21:32:16.7487101Z remote: Counting objects:  61% (1061/1738)        
2024-02-19T21:32:16.7487670Z remote: Counting objects:  62% (1078/1738)        
2024-02-19T21:32:16.7488129Z remote: Counting objects:  63% (1095/1738)        
2024-02-19T21:32:16.7488675Z remote: Counting objects:  64% (1113/1738)        
2024-02-19T21:32:16.7489245Z remote: Counting objects:  65% (1130/1738)        
2024-02-19T21:32:16.7489723Z remote: Counting objects:  66% (1148/1738)        
2024-02-19T21:32:16.7490163Z remote: Counting objects:  67% (1165/1738)        
2024-02-19T21:32:16.7490727Z remote: Counting objects:  68% (1182/1738)        
2024-02-19T21:32:16.7491196Z remote: Counting objects:  69% (1200/1738)        
2024-02-19T21:32:16.7491681Z remote: Counting objects:  70% (1217/1738)        
2024-02-19T21:32:16.7492185Z remote: Counting objects:  71% (1234/1738)        
2024-02-19T21:32:16.7492651Z remote: Counting objects:  72% (1252/1738)        
2024-02-19T21:32:16.7493134Z remote: Counting objects:  73% (1269/1738)        
2024-02-19T21:32:16.7493805Z remote: Counting objects:  74% (1287/1738)        
2024-02-19T21:32:16.7494272Z remote: Counting objects:  75% (1304/1738)        
2024-02-19T21:32:16.7494775Z remote: Counting objects:  76% (1321/1738)        
2024-02-19T21:32:16.7495282Z remote: Counting objects:  77% (1339/1738)        
2024-02-19T21:32:16.7495747Z remote: Counting objects:  78% (1356/1738)        
2024-02-19T21:32:16.7496247Z remote: Counting objects:  79% (1374/1738)        
2024-02-19T21:32:16.7496752Z remote: Counting objects:  80% (1391/1738)        
2024-02-19T21:32:16.7497249Z remote: Counting objects:  81% (1408/1738)        
2024-02-19T21:32:16.7497711Z remote: Counting objects:  82% (1426/1738)        
2024-02-19T21:32:16.7498243Z remote: Counting objects:  83% (1443/1738)        
2024-02-19T21:32:16.7498686Z remote: Counting objects:  84% (1460/1738)        
2024-02-19T21:32:16.7499151Z remote: Counting objects:  85% (1478/1738)        
2024-02-19T21:32:16.7499691Z remote: Counting objects:  86% (1495/1738)        
2024-02-19T21:32:16.7500137Z remote: Counting objects:  87% (1513/1738)        
2024-02-19T21:32:16.7500601Z remote: Counting objects:  88% (1530/1738)        
2024-02-19T21:32:16.7501154Z remote: Counting objects:  89% (1547/1738)        
2024-02-19T21:32:16.7501599Z remote: Counting objects:  90% (1565/1738)        
2024-02-19T21:32:16.7502071Z remote: Counting objects:  91% (1582/1738)        
2024-02-19T21:32:16.7502616Z remote: Counting objects:  92% (1599/1738)        
2024-02-19T21:32:16.7503056Z remote: Counting objects:  93% (1617/1738)        
2024-02-19T21:32:16.7503540Z remote: Counting objects:  94% (1634/1738)        
2024-02-19T21:32:16.7504089Z remote: Counting objects:  95% (1652/1738)        
2024-02-19T21:32:16.7504671Z remote: Counting objects:  96% (1669/1738)        
2024-02-19T21:32:16.7505142Z remote: Counting objects:  97% (1686/1738)        
2024-02-19T21:32:16.7505697Z remote: Counting objects:  98% (1704/1738)        
2024-02-19T21:32:16.7506132Z remote: Counting objects:  99% (1721/1738)        
2024-02-19T21:32:16.7506600Z remote: Counting objects: 100% (1738/1738)        
2024-02-19T21:32:16.7507323Z remote: Counting objects: 100% (1738/1738), done.        
2024-02-19T21:32:16.7507870Z remote: Compressing objects:   0% (1/1554)        
2024-02-19T21:32:16.7508352Z remote: Compressing objects:   1% (16/1554)        
2024-02-19T21:32:16.7508927Z remote: Compressing objects:   2% (32/1554)        
2024-02-19T21:32:16.7509424Z remote: Compressing objects:   3% (47/1554)        
2024-02-19T21:32:16.7782329Z remote: Compressing objects:   4% (63/1554)        
2024-02-19T21:32:16.7783260Z remote: Compressing objects:   5% (78/1554)        
2024-02-19T21:32:16.7783899Z remote: Compressing objects:   6% (94/1554)        
2024-02-19T21:32:16.7784465Z remote: Compressing objects:   7% (109/1554)        
2024-02-19T21:32:16.7784999Z remote: Compressing objects:   8% (125/1554)        
2024-02-19T21:32:16.7785565Z remote: Compressing objects:   9% (140/1554)        
2024-02-19T21:32:16.7786114Z remote: Compressing objects:  10% (156/1554)        
2024-02-19T21:32:16.7786615Z remote: Compressing objects:  11% (171/1554)        
2024-02-19T21:32:16.7787148Z remote: Compressing objects:  12% (187/1554)        
2024-02-19T21:32:16.7787729Z remote: Compressing objects:  13% (203/1554)        
2024-02-19T21:32:16.7788220Z remote: Compressing objects:  14% (218/1554)        
2024-02-19T21:32:16.7788727Z remote: Compressing objects:  15% (234/1554)        
2024-02-19T21:32:16.7789297Z remote: Compressing objects:  16% (249/1554)        
2024-02-19T21:32:16.7789781Z remote: Compressing objects:  17% (265/1554)        
2024-02-19T21:32:16.7790279Z remote: Compressing objects:  18% (280/1554)        
2024-02-19T21:32:16.7790858Z remote: Compressing objects:  19% (296/1554)        
2024-02-19T21:32:16.7791338Z remote: Compressing objects:  20% (311/1554)        
2024-02-19T21:32:16.7791833Z remote: Compressing objects:  21% (327/1554)        
2024-02-19T21:32:16.7792668Z remote: Compressing objects:  22% (342/1554)        
2024-02-19T21:32:16.7793148Z remote: Compressing objects:  23% (358/1554)        
2024-02-19T21:32:16.7793661Z remote: Compressing objects:  24% (373/1554)        
2024-02-19T21:32:16.7912538Z remote: Compressing objects:  25% (389/1554)        
2024-02-19T21:32:16.7913428Z remote: Compressing objects:  26% (405/1554)        
2024-02-19T21:32:16.7914154Z remote: Compressing objects:  27% (420/1554)        
2024-02-19T21:32:16.7914937Z remote: Compressing objects:  28% (436/1554)        
2024-02-19T21:32:16.7915458Z remote: Compressing objects:  29% (451/1554)        
2024-02-19T21:32:16.7915952Z remote: Compressing objects:  30% (467/1554)        
2024-02-19T21:32:16.7916581Z remote: Compressing objects:  31% (482/1554)        
2024-02-19T21:32:16.7917114Z remote: Compressing objects:  32% (498/1554)        
2024-02-19T21:32:16.7917606Z remote: Compressing objects:  33% (513/1554)        
2024-02-19T21:32:16.7918246Z remote: Compressing objects:  34% (529/1554)        
2024-02-19T21:32:16.7918822Z remote: Compressing objects:  35% (544/1554)        
2024-02-19T21:32:16.7919328Z remote: Compressing objects:  36% (560/1554)        
2024-02-19T21:32:16.7919907Z remote: Compressing objects:  37% (575/1554)        
2024-02-19T21:32:16.7920422Z remote: Compressing objects:  38% (591/1554)        
2024-02-19T21:32:16.7920923Z remote: Compressing objects:  39% (607/1554)        
2024-02-19T21:32:16.7921799Z remote: Compressing objects:  40% (622/1554)        
2024-02-19T21:32:16.7922357Z remote: Compressing objects:  41% (638/1554)        
2024-02-19T21:32:16.7922867Z remote: Compressing objects:  42% (653/1554)        
2024-02-19T21:32:16.7923473Z remote: Compressing objects:  43% (669/1554)        
2024-02-19T21:32:16.7923992Z remote: Compressing objects:  44% (684/1554)        
2024-02-19T21:32:16.8029766Z remote: Compressing objects:  45% (700/1554)        
2024-02-19T21:32:16.8030551Z remote: Compressing objects:  46% (715/1554)        
2024-02-19T21:32:16.8031553Z remote: Compressing objects:  47% (731/1554)        
2024-02-19T21:32:16.8032447Z remote: Compressing objects:  48% (746/1554)        
2024-02-19T21:32:16.8033371Z remote: Compressing objects:  49% (762/1554)        
2024-02-19T21:32:16.8034197Z remote: Compressing objects:  50% (777/1554)        
2024-02-19T21:32:16.8035010Z remote: Compressing objects:  51% (793/1554)        
2024-02-19T21:32:16.8035572Z remote: Compressing objects:  52% (809/1554)        
2024-02-19T21:32:16.8036227Z remote: Compressing objects:  53% (824/1554)        
2024-02-19T21:32:16.8036928Z remote: Compressing objects:  54% (840/1554)        
2024-02-19T21:32:16.8037655Z remote: Compressing objects:  55% (855/1554)        
2024-02-19T21:32:16.8038571Z remote: Compressing objects:  56% (871/1554)        
2024-02-19T21:32:16.8039176Z remote: Compressing objects:  57% (886/1554)        
2024-02-19T21:32:16.8039740Z remote: Compressing objects:  58% (902/1554)        
2024-02-19T21:32:16.8059067Z remote: Compressing objects:  59% (917/1554)        
2024-02-19T21:32:16.8059624Z remote: Compressing objects:  60% (933/1554)        
2024-02-19T21:32:16.8060151Z remote: Compressing objects:  61% (948/1554)        
2024-02-19T21:32:16.8060736Z remote: Compressing objects:  62% (964/1554)        
2024-02-19T21:32:16.8061231Z remote: Compressing objects:  63% (980/1554)        
2024-02-19T21:32:16.8368018Z remote: Compressing objects:  64% (995/1554)        
2024-02-19T21:32:16.8368781Z remote: Compressing objects:  65% (1011/1554)        
2024-02-19T21:32:16.8369389Z remote: Compressing objects:  66% (1026/1554)        
2024-02-19T21:32:16.8369958Z remote: Compressing objects:  67% (1042/1554)        
2024-02-19T21:32:16.8370564Z remote: Compressing objects:  68% (1057/1554)        
2024-02-19T21:32:16.8371132Z remote: Compressing objects:  69% (1073/1554)        
2024-02-19T21:32:16.8371684Z remote: Compressing objects:  70% (1088/1554)        
2024-02-19T21:32:16.8372295Z remote: Compressing objects:  71% (1104/1554)        
2024-02-19T21:32:16.8373170Z remote: Compressing objects:  72% (1119/1554)        
2024-02-19T21:32:16.8373742Z remote: Compressing objects:  73% (1135/1554)        
2024-02-19T21:32:16.8374410Z remote: Compressing objects:  74% (1150/1554)        
2024-02-19T21:32:16.8374935Z remote: Compressing objects:  75% (1166/1554)        
2024-02-19T21:32:16.8375482Z remote: Compressing objects:  76% (1182/1554)        
2024-02-19T21:32:16.8376115Z remote: Compressing objects:  77% (1197/1554)        
2024-02-19T21:32:16.8376632Z remote: Compressing objects:  78% (1213/1554)        
2024-02-19T21:32:16.8377179Z remote: Compressing objects:  79% (1228/1554)        
2024-02-19T21:32:16.8377807Z remote: Compressing objects:  80% (1244/1554)        
2024-02-19T21:32:16.8378322Z remote: Compressing objects:  81% (1259/1554)        
2024-02-19T21:32:16.8378904Z remote: Compressing objects:  82% (1275/1554)        
2024-02-19T21:32:16.8498439Z remote: Compressing objects:  83% (1290/1554)        
2024-02-19T21:32:16.8499129Z remote: Compressing objects:  84% (1306/1554)        
2024-02-19T21:32:16.8499865Z remote: Compressing objects:  85% (1321/1554)        
2024-02-19T21:32:16.8551923Z remote: Compressing objects:  86% (1337/1554)        
2024-02-19T21:32:16.8553115Z remote: Compressing objects:  87% (1352/1554)        
2024-02-19T21:32:16.8554329Z remote: Compressing objects:  88% (1368/1554)        
2024-02-19T21:32:16.8555633Z remote: Compressing objects:  89% (1384/1554)        
2024-02-19T21:32:16.8556318Z remote: Compressing objects:  90% (1399/1554)        
2024-02-19T21:32:16.8557012Z remote: Compressing objects:  91% (1415/1554)        
2024-02-19T21:32:16.8557569Z remote: Compressing objects:  92% (1430/1554)        
2024-02-19T21:32:16.8558104Z remote: Compressing objects:  93% (1446/1554)        
2024-02-19T21:32:16.8558749Z remote: Compressing objects:  94% (1461/1554)        
2024-02-19T21:32:16.8559472Z remote: Compressing objects:  95% (1477/1554)        
2024-02-19T21:32:16.8560019Z remote: Compressing objects:  96% (1492/1554)        
2024-02-19T21:32:16.8560661Z remote: Compressing objects:  97% (1508/1554)        
2024-02-19T21:32:16.8561418Z remote: Compressing objects:  98% (1523/1554)        
2024-02-19T21:32:16.8562216Z remote: Compressing objects:  99% (1539/1554)        
2024-02-19T21:32:16.8562885Z remote: Compressing objects: 100% (1554/1554)        
2024-02-19T21:32:16.8563512Z remote: Compressing objects: 100% (1554/1554), done.        
2024-02-19T21:32:16.8741064Z Receiving objects:   0% (1/1738)
2024-02-19T21:32:16.8745251Z Receiving objects:   1% (18/1738)
2024-02-19T21:32:16.8932477Z Receiving objects:   2% (35/1738)
2024-02-19T21:32:16.9336327Z Receiving objects:   3% (53/1738)
2024-02-19T21:32:16.9991750Z Receiving objects:   4% (70/1738)
2024-02-19T21:32:16.9994300Z Receiving objects:   5% (87/1738)
2024-02-19T21:32:16.9997845Z Receiving objects:   6% (105/1738)
2024-02-19T21:32:17.0005219Z Receiving objects:   7% (122/1738)
2024-02-19T21:32:17.0010025Z Receiving objects:   8% (140/1738)
2024-02-19T21:32:17.0013993Z Receiving objects:   9% (157/1738)
2024-02-19T21:32:17.0016795Z Receiving objects:  10% (174/1738)
2024-02-19T21:32:17.0019537Z Receiving objects:  11% (192/1738)
2024-02-19T21:32:17.0023250Z Receiving objects:  12% (209/1738)
2024-02-19T21:32:17.0034625Z Receiving objects:  13% (226/1738)
2024-02-19T21:32:17.0038010Z Receiving objects:  14% (244/1738)
2024-02-19T21:32:17.0040892Z Receiving objects:  15% (261/1738)
2024-02-19T21:32:17.0045082Z Receiving objects:  16% (279/1738)
2024-02-19T21:32:17.0051536Z Receiving objects:  17% (296/1738)
2024-02-19T21:32:17.0056262Z Receiving objects:  18% (313/1738)
2024-02-19T21:32:17.0061416Z Receiving objects:  19% (331/1738)
2024-02-19T21:32:17.0065194Z Receiving objects:  20% (348/1738)
2024-02-19T21:32:17.0069675Z Receiving objects:  21% (365/1738)
2024-02-19T21:32:17.0072425Z Receiving objects:  22% (383/1738)
2024-02-19T21:32:17.0076978Z Receiving objects:  23% (400/1738)
2024-02-19T21:32:17.0079646Z Receiving objects:  24% (418/1738)
2024-02-19T21:32:17.0083939Z Receiving objects:  25% (435/1738)
2024-02-19T21:32:17.0086091Z Receiving objects:  26% (452/1738)
2024-02-19T21:32:17.0088319Z Receiving objects:  27% (470/1738)
2024-02-19T21:32:17.0091293Z Receiving objects:  28% (487/1738)
2024-02-19T21:32:17.0093623Z Receiving objects:  29% (505/1738)
2024-02-19T21:32:17.0096701Z Receiving objects:  30% (522/1738)
2024-02-19T21:32:17.0100419Z Receiving objects:  31% (539/1738)
2024-02-19T21:32:17.0102411Z Receiving objects:  32% (557/1738)
2024-02-19T21:32:17.0105186Z Receiving objects:  33% (574/1738)
2024-02-19T21:32:17.0107230Z Receiving objects:  34% (591/1738)
2024-02-19T21:32:17.0109157Z Receiving objects:  35% (609/1738)
2024-02-19T21:32:17.0114246Z Receiving objects:  36% (626/1738)
2024-02-19T21:32:17.0116799Z Receiving objects:  37% (644/1738)
2024-02-19T21:32:17.0118257Z Receiving objects:  38% (661/1738)
2024-02-19T21:32:17.0121691Z Receiving objects:  39% (678/1738)
2024-02-19T21:32:17.0124905Z Receiving objects:  40% (696/1738)
2024-02-19T21:32:17.0127578Z Receiving objects:  41% (713/1738)
2024-02-19T21:32:17.0130022Z Receiving objects:  42% (730/1738)
2024-02-19T21:32:17.0133059Z Receiving objects:  43% (748/1738)
2024-02-19T21:32:17.0137109Z Receiving objects:  44% (765/1738)
2024-02-19T21:32:17.0139409Z Receiving objects:  45% (783/1738)
2024-02-19T21:32:17.0141785Z Receiving objects:  46% (800/1738)
2024-02-19T21:32:17.0144686Z Receiving objects:  47% (817/1738)
2024-02-19T21:32:17.0148224Z Receiving objects:  48% (835/1738)
2024-02-19T21:32:17.0150123Z Receiving objects:  49% (852/1738)
2024-02-19T21:32:17.0152836Z Receiving objects:  50% (869/1738)
2024-02-19T21:32:17.0153630Z Receiving objects:  51% (887/1738)
2024-02-19T21:32:17.0156758Z Receiving objects:  52% (904/1738)
2024-02-19T21:32:17.0163249Z Receiving objects:  53% (922/1738)
2024-02-19T21:32:17.0167155Z Receiving objects:  54% (939/1738)
2024-02-19T21:32:17.0174712Z Receiving objects:  55% (956/1738)
2024-02-19T21:32:17.0178395Z Receiving objects:  56% (974/1738)
2024-02-19T21:32:17.0180544Z Receiving objects:  57% (991/1738)
2024-02-19T21:32:17.0182530Z Receiving objects:  58% (1009/1738)
2024-02-19T21:32:17.0184574Z Receiving objects:  59% (1026/1738)
2024-02-19T21:32:17.0186783Z Receiving objects:  60% (1043/1738)
2024-02-19T21:32:17.0188520Z Receiving objects:  61% (1061/1738)
2024-02-19T21:32:17.0189931Z Receiving objects:  62% (1078/1738)
2024-02-19T21:32:17.0191683Z Receiving objects:  63% (1095/1738)
2024-02-19T21:32:17.0193376Z Receiving objects:  64% (1113/1738)
2024-02-19T21:32:17.0195800Z Receiving objects:  65% (1130/1738)
2024-02-19T21:32:17.0197877Z Receiving objects:  66% (1148/1738)
2024-02-19T21:32:17.0199517Z Receiving objects:  67% (1165/1738)
2024-02-19T21:32:17.0201577Z Receiving objects:  68% (1182/1738)
2024-02-19T21:32:17.0204122Z Receiving objects:  69% (1200/1738)
2024-02-19T21:32:17.0206205Z Receiving objects:  70% (1217/1738)
2024-02-19T21:32:17.0214390Z Receiving objects:  71% (1234/1738)
2024-02-19T21:32:17.0227339Z Receiving objects:  72% (1252/1738)
2024-02-19T21:32:17.0230662Z Receiving objects:  73% (1269/1738)
2024-02-19T21:32:17.0233063Z Receiving objects:  74% (1287/1738)
2024-02-19T21:32:17.0335819Z Receiving objects:  75% (1304/1738)
2024-02-19T21:32:17.0474545Z Receiving objects:  76% (1321/1738)
2024-02-19T21:32:17.0568826Z Receiving objects:  77% (1339/1738)
2024-02-19T21:32:17.0704849Z Receiving objects:  78% (1356/1738)
2024-02-19T21:32:17.0760752Z Receiving objects:  79% (1374/1738)
2024-02-19T21:32:17.0990860Z Receiving objects:  80% (1391/1738)
2024-02-19T21:32:17.0996688Z Receiving objects:  81% (1408/1738)
2024-02-19T21:32:17.0999250Z Receiving objects:  82% (1426/1738)
2024-02-19T21:32:17.1002182Z Receiving objects:  83% (1443/1738)
2024-02-19T21:32:17.1007515Z Receiving objects:  84% (1460/1738)
2024-02-19T21:32:17.1011613Z Receiving objects:  85% (1478/1738)
2024-02-19T21:32:17.1020226Z Receiving objects:  86% (1495/1738)
2024-02-19T21:32:17.1027889Z Receiving objects:  87% (1513/1738)
2024-02-19T21:32:17.1032116Z Receiving objects:  88% (1530/1738)
2024-02-19T21:32:17.1037748Z Receiving objects:  89% (1547/1738)
2024-02-19T21:32:17.1043574Z Receiving objects:  90% (1565/1738)
2024-02-19T21:32:17.1049834Z Receiving objects:  91% (1582/1738)
2024-02-19T21:32:17.1055025Z Receiving objects:  92% (1599/1738)
2024-02-19T21:32:17.1059963Z Receiving objects:  93% (1617/1738)
2024-02-19T21:32:17.1064659Z Receiving objects:  94% (1634/1738)
2024-02-19T21:32:17.1068534Z Receiving objects:  95% (1652/1738)
2024-02-19T21:32:17.1071000Z Receiving objects:  96% (1669/1738)
2024-02-19T21:32:17.1079978Z Receiving objects:  97% (1686/1738)
2024-02-19T21:32:17.1088726Z Receiving objects:  98% (1704/1738)
2024-02-19T21:32:17.1105809Z Receiving objects:  99% (1721/1738)
2024-02-19T21:32:17.1107292Z remote: Total 1738 (delta 278), reused 986 (delta 145), pack-reused 0        
2024-02-19T21:32:17.1116003Z Receiving objects: 100% (1738/1738)
2024-02-19T21:32:17.1116902Z Receiving objects: 100% (1738/1738), 6.59 MiB | 26.06 MiB/s, done.
2024-02-19T21:32:17.1121629Z Resolving deltas:   0% (0/278)
2024-02-19T21:32:17.1122243Z Resolving deltas:   1% (3/278)
2024-02-19T21:32:17.1125991Z Resolving deltas:   2% (6/278)
2024-02-19T21:32:17.1126849Z Resolving deltas:   3% (9/278)
2024-02-19T21:32:17.1127491Z Resolving deltas:   4% (12/278)
2024-02-19T21:32:17.1128162Z Resolving deltas:   5% (14/278)
2024-02-19T21:32:17.1129228Z Resolving deltas:   6% (17/278)
2024-02-19T21:32:17.1131326Z Resolving deltas:   7% (20/278)
2024-02-19T21:32:17.1132409Z Resolving deltas:   8% (23/278)
2024-02-19T21:32:17.1133182Z Resolving deltas:   9% (26/278)
2024-02-19T21:32:17.1134081Z Resolving deltas:  10% (28/278)
2024-02-19T21:32:17.1135451Z Resolving deltas:  11% (31/278)
2024-02-19T21:32:17.1147316Z Resolving deltas:  12% (34/278)
2024-02-19T21:32:17.1148053Z Resolving deltas:  13% (37/278)
2024-02-19T21:32:17.1148826Z Resolving deltas:  14% (39/278)
2024-02-19T21:32:17.1149580Z Resolving deltas:  15% (42/278)
2024-02-19T21:32:17.1151440Z Resolving deltas:  16% (45/278)
2024-02-19T21:32:17.1152779Z Resolving deltas:  17% (48/278)
2024-02-19T21:32:17.1154164Z Resolving deltas:  18% (51/278)
2024-02-19T21:32:17.1155734Z Resolving deltas:  19% (53/278)
2024-02-19T21:32:17.1157253Z Resolving deltas:  20% (56/278)
2024-02-19T21:32:17.1158502Z Resolving deltas:  21% (59/278)
2024-02-19T21:32:17.1159671Z Resolving deltas:  22% (62/278)
2024-02-19T21:32:17.1161656Z Resolving deltas:  23% (64/278)
2024-02-19T21:32:17.1168244Z Resolving deltas:  24% (67/278)
2024-02-19T21:32:17.1169067Z Resolving deltas:  25% (70/278)
2024-02-19T21:32:17.1170217Z Resolving deltas:  26% (73/278)
2024-02-19T21:32:17.1170966Z Resolving deltas:  27% (76/278)
2024-02-19T21:32:17.1172734Z Resolving deltas:  28% (78/278)
2024-02-19T21:32:17.1173795Z Resolving deltas:  29% (81/278)
2024-02-19T21:32:17.1174434Z Resolving deltas:  30% (84/278)
2024-02-19T21:32:17.1175053Z Resolving deltas:  31% (87/278)
2024-02-19T21:32:17.1175814Z Resolving deltas:  32% (89/278)
2024-02-19T21:32:17.1176406Z Resolving deltas:  33% (92/278)
2024-02-19T21:32:17.1177021Z Resolving deltas:  34% (95/278)
2024-02-19T21:32:17.1177777Z Resolving deltas:  35% (98/278)
2024-02-19T21:32:17.1178363Z Resolving deltas:  36% (101/278)
2024-02-19T21:32:17.1178984Z Resolving deltas:  37% (103/278)
2024-02-19T21:32:17.1179706Z Resolving deltas:  38% (106/278)
2024-02-19T21:32:17.1180277Z Resolving deltas:  39% (109/278)
2024-02-19T21:32:17.1180891Z Resolving deltas:  40% (112/278)
2024-02-19T21:32:17.1181617Z Resolving deltas:  41% (114/278)
2024-02-19T21:32:17.1182187Z Resolving deltas:  42% (117/278)
2024-02-19T21:32:17.1182801Z Resolving deltas:  43% (120/278)
2024-02-19T21:32:17.1183526Z Resolving deltas:  44% (123/278)
2024-02-19T21:32:17.1184096Z Resolving deltas:  45% (126/278)
2024-02-19T21:32:17.1184750Z Resolving deltas:  46% (128/278)
2024-02-19T21:32:17.1185540Z Resolving deltas:  47% (131/278)
2024-02-19T21:32:17.1186112Z Resolving deltas:  48% (134/278)
2024-02-19T21:32:17.1186736Z Resolving deltas:  49% (137/278)
2024-02-19T21:32:17.1187527Z Resolving deltas:  50% (139/278)
2024-02-19T21:32:17.1188440Z Resolving deltas:  51% (142/278)
2024-02-19T21:32:17.1189038Z Resolving deltas:  52% (146/278)
2024-02-19T21:32:17.1189894Z Resolving deltas:  53% (148/278)
2024-02-19T21:32:17.1190586Z Resolving deltas:  54% (151/278)
2024-02-19T21:32:17.1191336Z Resolving deltas:  55% (153/278)
2024-02-19T21:32:17.1192296Z Resolving deltas:  56% (156/278)
2024-02-19T21:32:17.1193006Z Resolving deltas:  57% (159/278)
2024-02-19T21:32:17.1194167Z Resolving deltas:  58% (162/278)
2024-02-19T21:32:17.1195037Z Resolving deltas:  59% (165/278)
2024-02-19T21:32:17.1195790Z Resolving deltas:  60% (167/278)
2024-02-19T21:32:17.1196419Z Resolving deltas:  61% (170/278)
2024-02-19T21:32:17.1197499Z Resolving deltas:  62% (173/278)
2024-02-19T21:32:17.1198348Z Resolving deltas:  63% (176/278)
2024-02-19T21:32:17.1199078Z Resolving deltas:  64% (178/278)
2024-02-19T21:32:17.1199714Z Resolving deltas:  65% (181/278)
2024-02-19T21:32:17.1200385Z Resolving deltas:  66% (184/278)
2024-02-19T21:32:17.1201122Z Resolving deltas:  67% (187/278)
2024-02-19T21:32:17.1202509Z Resolving deltas:  68% (190/278)
2024-02-19T21:32:17.1203275Z Resolving deltas:  69% (192/278)
2024-02-19T21:32:17.1205355Z Resolving deltas:  70% (195/278)
2024-02-19T21:32:17.1207770Z Resolving deltas:  71% (198/278)
2024-02-19T21:32:17.1208819Z Resolving deltas:  72% (201/278)
2024-02-19T21:32:17.1209814Z Resolving deltas:  73% (204/278)
2024-02-19T21:32:17.1210499Z Resolving deltas:  74% (206/278)
2024-02-19T21:32:17.1211234Z Resolving deltas:  75% (209/278)
2024-02-19T21:32:17.1214369Z Resolving deltas:  76% (212/278)
2024-02-19T21:32:17.1216032Z Resolving deltas:  77% (215/278)
2024-02-19T21:32:17.1216846Z Resolving deltas:  78% (217/278)
2024-02-19T21:32:17.1217760Z Resolving deltas:  79% (220/278)
2024-02-19T21:32:17.1218504Z Resolving deltas:  80% (223/278)
2024-02-19T21:32:17.1218960Z Resolving deltas:  81% (226/278)
2024-02-19T21:32:17.1219657Z Resolving deltas:  82% (228/278)
2024-02-19T21:32:17.1220353Z Resolving deltas:  83% (231/278)
2024-02-19T21:32:17.1221540Z Resolving deltas:  84% (234/278)
2024-02-19T21:32:17.1222391Z Resolving deltas:  85% (237/278)
2024-02-19T21:32:17.1223320Z Resolving deltas:  86% (240/278)
2024-02-19T21:32:17.1224612Z Resolving deltas:  87% (242/278)
2024-02-19T21:32:17.1232304Z Resolving deltas:  88% (245/278)
2024-02-19T21:32:17.1235628Z Resolving deltas:  89% (248/278)
2024-02-19T21:32:17.1237114Z Resolving deltas:  90% (251/278)
2024-02-19T21:32:17.1237941Z Resolving deltas:  91% (253/278)
2024-02-19T21:32:17.1239547Z Resolving deltas:  92% (256/278)
2024-02-19T21:32:17.1242179Z Resolving deltas:  93% (259/278)
2024-02-19T21:32:17.1244753Z Resolving deltas:  94% (262/278)
2024-02-19T21:32:17.1245487Z Resolving deltas:  95% (265/278)
2024-02-19T21:32:17.1246109Z Resolving deltas:  96% (267/278)
2024-02-19T21:32:17.1247702Z Resolving deltas:  97% (270/278)
2024-02-19T21:32:17.1248397Z Resolving deltas:  98% (273/278)
2024-02-19T21:32:17.1249977Z Resolving deltas:  99% (276/278)
2024-02-19T21:32:17.1251638Z Resolving deltas: 100% (278/278)
2024-02-19T21:32:17.1252302Z Resolving deltas: 100% (278/278), done.
2024-02-19T21:32:17.1403698Z From https://github.com/rubyforgood/human-essentials
2024-02-19T21:32:17.1405079Z  * [new ref]         5b2b3cb7da14aca0529025252a4098107b6e4981 -> pull/4099/merge
2024-02-19T21:32:17.1430816Z ##[endgroup]
2024-02-19T21:32:17.1431963Z ##[group]Determining the checkout info
2024-02-19T21:32:17.1433378Z ##[endgroup]
2024-02-19T21:32:17.1434467Z ##[group]Checking out the ref
2024-02-19T21:32:17.1438936Z [command]/usr/bin/git checkout --progress --force refs/remotes/pull/4099/merge
2024-02-19T21:32:17.2771278Z Note: switching to 'refs/remotes/pull/4099/merge'.
2024-02-19T21:32:17.2771795Z 
2024-02-19T21:32:17.2774010Z You are in 'detached HEAD' state. You can look around, make experimental
2024-02-19T21:32:17.2775473Z changes and commit them, and you can discard any commits you make in this
2024-02-19T21:32:17.2776797Z state without impacting any branches by switching back to a branch.
2024-02-19T21:32:17.2777905Z 
2024-02-19T21:32:17.2778604Z If you want to create a new branch to retain commits you create, you may
2024-02-19T21:32:17.2779832Z do so (now or later) by using -c with the switch command. Example:
2024-02-19T21:32:17.2780284Z 
2024-02-19T21:32:17.2780473Z   git switch -c <new-branch-name>
2024-02-19T21:32:17.2780722Z 
2024-02-19T21:32:17.2781008Z Or undo this operation with:
2024-02-19T21:32:17.2781237Z 
2024-02-19T21:32:17.2781373Z   git switch -
2024-02-19T21:32:17.2781577Z 
2024-02-19T21:32:17.2781877Z Turn off this advice by setting config variable advice.detachedHead to false
2024-02-19T21:32:17.2782362Z 
2024-02-19T21:32:17.2783195Z HEAD is now at 5b2b3cb Merge 26610a0bb5cb04372f8c27918c9d09949914dc84 into bc625e7df0778140fba57bc0ef6808e4440ea9c8
2024-02-19T21:32:17.2784332Z ##[endgroup]
2024-02-19T21:32:17.2832140Z [command]/usr/bin/git log -1 --format='%H'
2024-02-19T21:32:17.2866460Z '5b2b3cb7da14aca0529025252a4098107b6e4981'
2024-02-19T21:32:17.3165308Z ##[group]Run ruby/setup-ruby@v1
2024-02-19T21:32:17.3165748Z with:
2024-02-19T21:32:17.3166019Z   bundler-cache: true
2024-02-19T21:32:17.3166487Z   ruby-version: default
2024-02-19T21:32:17.3166850Z ##[endgroup]
2024-02-19T21:32:17.5413609Z Using 3.2.2 as input from file .ruby-version
2024-02-19T21:32:17.5440287Z ##[group]Modifying PATH
2024-02-19T21:32:17.5440886Z Entries added to PATH to use selected Ruby:
2024-02-19T21:32:17.5441843Z   /opt/hostedtoolcache/Ruby/3.2.2/x64/bin
2024-02-19T21:32:17.5442654Z ##[endgroup]
2024-02-19T21:32:17.5459035Z ##[group]Downloading Ruby
2024-02-19T21:32:17.5462044Z https://github.com/ruby/ruby-builder/releases/download/toolcache/ruby-3.2.2-ubuntu-22.04.tar.gz
2024-02-19T21:32:18.1484316Z Took   0.60 seconds
2024-02-19T21:32:18.1485456Z ##[endgroup]
2024-02-19T21:32:18.1486356Z ##[group]Extracting  Ruby
2024-02-19T21:32:18.1515727Z [command]/usr/bin/tar -xz -C /opt/hostedtoolcache/Ruby/3.2.2 -f /home/runner/work/_temp/6ab1020c-4cf4-430a-9df9-32d27d70bcb3
2024-02-19T21:32:18.5229377Z Took   0.37 seconds
2024-02-19T21:32:18.5230683Z ##[endgroup]
2024-02-19T21:32:18.5231581Z ##[group]Print Ruby version
2024-02-19T21:32:18.5244040Z [command]/opt/hostedtoolcache/Ruby/3.2.2/x64/bin/ruby --version
2024-02-19T21:32:18.5470391Z ruby 3.2.2 (2023-03-30 revision e51014f9c0) [x86_64-linux]
2024-02-19T21:32:18.5490464Z Took   0.03 seconds
2024-02-19T21:32:18.5492509Z ##[endgroup]
2024-02-19T21:32:18.5494095Z ##[group]Installing Bundler
2024-02-19T21:32:18.5498380Z Using Bundler 2.5.4 from Gemfile.lock BUNDLED WITH 2.5.4
2024-02-19T21:32:18.5502963Z [command]/opt/hostedtoolcache/Ruby/3.2.2/x64/bin/gem install bundler -v 2.5.4
2024-02-19T21:32:19.0080404Z Successfully installed bundler-2.5.4
2024-02-19T21:32:19.0081177Z 1 gem installed
2024-02-19T21:32:19.0140359Z Took   0.46 seconds
2024-02-19T21:32:19.0141939Z ##[endgroup]
2024-02-19T21:32:19.0142664Z > bundle install
2024-02-19T21:32:19.0159500Z [command]/opt/hostedtoolcache/Ruby/3.2.2/x64/bin/bundle config --local path /home/runner/work/human-essentials/human-essentials/vendor/bundle
2024-02-19T21:32:19.1838820Z [command]/opt/hostedtoolcache/Ruby/3.2.2/x64/bin/bundle config --local deployment true
2024-02-19T21:32:19.3357824Z Cache key: setup-ruby-bundler-cache-v6-ubuntu-22.04-x64-ruby-3.2.2-wd-/home/runner/work/human-essentials/human-essentials-with--without--only--Gemfile.lock-e94d2c754e54fb37fefa7c2d60c2222d3156e5f6c1a1a561688f6e6498c909b9
2024-02-19T21:32:20.9106755Z Received 0 of 214887373 (0.0%), 0.0 MBs/sec
2024-02-19T21:32:21.9109380Z Received 125829120 of 214887373 (58.6%), 60.0 MBs/sec
2024-02-19T21:32:22.4502054Z Cache Size: ~205 MB (214887373 B)
2024-02-19T21:32:22.4646025Z [command]/usr/bin/tar -xf /home/runner/work/_temp/72da8fb4-d47a-4654-a185-e8414674d3b7/cache.tzst -P -C /home/runner/work/human-essentials/human-essentials --use-compress-program unzstd
2024-02-19T21:32:22.9113754Z Received 214887373 of 214887373 (100.0%), 68.3 MBs/sec
2024-02-19T21:32:24.0869282Z Cache restored successfully
2024-02-19T21:32:24.1302131Z Found cache for key: setup-ruby-bundler-cache-v6-ubuntu-22.04-x64-ruby-3.2.2-wd-/home/runner/work/human-essentials/human-essentials-with--without--only--Gemfile.lock-e94d2c754e54fb37fefa7c2d60c2222d3156e5f6c1a1a561688f6e6498c909b9
2024-02-19T21:32:24.1311496Z [command]/opt/hostedtoolcache/Ruby/3.2.2/x64/bin/bundle install --jobs 4
2024-02-19T21:32:24.5131726Z Bundle complete! 85 Gemfile dependencies, 246 gems now installed.
2024-02-19T21:32:24.5134845Z Bundled gems are installed into `./vendor/bundle`
2024-02-19T21:32:24.5181372Z Took   5.50 seconds
2024-02-19T21:32:24.5353441Z ##[group]Run sudo apt-get -yqq install libpq-dev
2024-02-19T21:32:24.5354079Z [36;1msudo apt-get -yqq install libpq-dev[0m
2024-02-19T21:32:24.5397921Z shell: /usr/bin/bash -e {0}
2024-02-19T21:32:24.5398355Z ##[endgroup]
2024-02-19T21:32:25.6922188Z ##[group]Run bundle exec rake db:create
2024-02-19T21:32:25.6922728Z [36;1mbundle exec rake db:create[0m
2024-02-19T21:32:25.6923156Z [36;1mbundle exec rake db:schema:load[0m
2024-02-19T21:32:25.6923732Z [36;1mbundle exec rails assets:precompile[0m
2024-02-19T21:32:25.6951494Z shell: /usr/bin/bash -e {0}
2024-02-19T21:32:25.6951921Z env:
2024-02-19T21:32:25.6952253Z   POSTGRES_HOST: localhost
2024-02-19T21:32:25.6952666Z   DATABASE_HOST: localhost
2024-02-19T21:32:25.6953045Z   PG_USERNAME: postgres
2024-02-19T21:32:25.6953424Z   PG_PASSWORD: password
2024-02-19T21:32:25.6953863Z   POSTGRES_HOST_AUTH_METHOD: trust
2024-02-19T21:32:25.6954259Z   POSTGRES_PORT: 5432
2024-02-19T21:32:25.6954580Z   RAILS_ENV: test
2024-02-19T21:32:25.6954964Z ##[endgroup]
2024-02-19T21:32:32.0883345Z We could not find your database: diaper_test. Which can be found in the database configuration file located at config/database.yml.
2024-02-19T21:32:32.0884718Z 
2024-02-19T21:32:32.0885161Z To resolve this issue:
2024-02-19T21:32:32.0885505Z 
2024-02-19T21:32:32.0886469Z - Did you create the database for this app, or delete it? You may need to create your database.
2024-02-19T21:32:32.0888231Z - Has the database name changed? Check your database.yml config has the correct database name.
2024-02-19T21:32:32.0889077Z 
2024-02-19T21:32:32.0889223Z To create your database, run:
2024-02-19T21:32:32.0889505Z 
2024-02-19T21:32:32.0889638Z         bin/rails db:create
2024-02-19T21:32:32.0890350Z . You likely need to run `rails g flipper:active_record` and/or `rails db:migrate`.
2024-02-19T21:32:32.3241607Z Created database 'diaper_test'
2024-02-19T21:32:32.6263664Z Coverage report generated for RSpec to /home/runner/work/human-essentials/human-essentials/coverage. 329 / 10154 LOC (3.24%) covered.
2024-02-19T21:32:38.8507243Z PG::UndefinedTable: ERROR:  relation "flipper_gates" does not exist
2024-02-19T21:32:38.8508727Z LINE 9:  WHERE a.attrelid = '"flipper_gates"'::regclass
2024-02-19T21:32:38.8509546Z                             ^
2024-02-19T21:32:38.8510751Z . You likely need to run `rails g flipper:active_record` and/or `rails db:migrate`.
2024-02-19T21:32:39.7758377Z Coverage report generated for RSpec to /home/runner/work/human-essentials/human-essentials/coverage. 329 / 10154 LOC (3.24%) covered.
2024-02-19T21:33:13.8007460Z W, [2024-02-19T13:33:13.800368 #2309]  WARN -- : Removed sourceMappingURL comment for missing asset 'adminlte.js.map' from /home/runner/work/human-essentials/human-essentials/app/javascript/adminlte.js
2024-02-19T21:33:13.8624886Z I, [2024-02-19T13:33:13.862057 #2309]  INFO -- : Writing /home/runner/work/human-essentials/human-essentials/public/assets/manifest-90aab26ade71e747f745b1227b433fd7d580a54f279ee2be6e1a67bb326bf03a.js
2024-02-19T21:33:13.8628747Z I, [2024-02-19T13:33:13.862229 #2309]  INFO -- : Writing /home/runner/work/human-essentials/human-essentials/public/assets/manifest-90aab26ade71e747f745b1227b433fd7d580a54f279ee2be6e1a67bb326bf03a.js.gz
2024-02-19T21:33:13.8632985Z I, [2024-02-19T13:33:13.862505 #2309]  INFO -- : Writing /home/runner/work/human-essentials/human-essentials/public/assets/filterrific/filterrific-spinner-415824b210964b6cdb1db0bd9508be8644b9fde094b392f73055b20d369885b6.gif
2024-02-19T21:33:13.8637591Z I, [2024-02-19T13:33:13.862816 #2309]  INFO -- : Writing /home/runner/work/human-essentials/human-essentials/public/assets/bootstrap.min-67c48d88a8e0be178058aacb338b084191ed6d65c8fef751c50248202cf1488a.js
2024-02-19T21:33:13.8641148Z I, [2024-02-19T13:33:13.862927 #2309]  INFO -- : Writing /home/runner/work/human-essentials/human-essentials/public/assets/bootstrap.min-67c48d88a8e0be178058aacb338b084191ed6d65c8fef751c50248202cf1488a.js.gz
2024-02-19T21:33:13.8644875Z I, [2024-02-19T13:33:13.863166 #2309]  INFO -- : Writing /home/runner/work/human-essentials/human-essentials/public/assets/DiaperBase-Logo-f18172876cab49a451ca9c3178b578ab2019e03f111a6b6f3ba0c1b40b3d7c0c.png
2024-02-19T21:33:13.8648862Z I, [2024-02-19T13:33:13.863818 #2309]  INFO -- : Writing /home/runner/work/human-essentials/human-essentials/public/assets/Just-Diaper-05bf6a1b70ccad149eb4eca7b5f9fcca1f9c37bab1f8e5edb6798d66c903ba53.svg
2024-02-19T21:33:13.8652339Z I, [2024-02-19T13:33:13.863950 #2309]  INFO -- : Writing /home/runner/work/human-essentials/human-essentials/public/assets/Just-Diaper-05bf6a1b70ccad149eb4eca7b5f9fcca1f9c37bab1f8e5edb6798d66c903ba53.svg.gz
2024-02-19T21:33:13.8655729Z I, [2024-02-19T13:33:13.864063 #2309]  INFO -- : Writing /home/runner/work/human-essentials/human-essentials/public/assets/barcode-932aed25f5c148b36882be3bfb6696ecdd362ba0a709ff0674a10477f2aad8f3.svg
2024-02-19T21:33:13.8658979Z I, [2024-02-19T13:33:13.864569 #2309]  INFO -- : Writing /home/runner/work/human-essentials/human-essentials/public/assets/barcode-932aed25f5c148b36882be3bfb6696ecdd362ba0a709ff0674a10477f2aad8f3.svg.gz
2024-02-19T21:33:13.8662116Z I, [2024-02-19T13:33:13.864704 #2309]  INFO -- : Writing /home/runner/work/human-essentials/human-essentials/public/assets/bars-db7a0aaf1cd735270b170cba53dca71c75473940ab48639c609a72964eb92f4d.svg
2024-02-19T21:33:13.8665325Z I, [2024-02-19T13:33:13.864809 #2309]  INFO -- : Writing /home/runner/work/human-essentials/human-essentials/public/assets/bars-db7a0aaf1cd735270b170cba53dca71c75473940ab48639c609a72964eb92f4d.svg.gz
2024-02-19T21:33:13.8668487Z I, [2024-02-19T13:33:13.865486 #2309]  INFO -- : Writing /home/runner/work/human-essentials/human-essentials/public/assets/blue@2x-709ca6c252f762af1e5efb0ef1e7444a712cb0ec010fee01749b67a595a7c0c6.png
2024-02-19T21:33:13.8670666Z I, [2024-02-19T13:33:13.865923 #2309]  INFO -- : Writing /home/runner/work/human-essentials/human-essentials/public/assets/boxed-bg-6c60c3f8655fa4062631bbe1434face4fe3d70392159e976ec09ca6ad9330e7d.jpg
2024-02-19T21:33:13.8673070Z I, [2024-02-19T13:33:13.866138 #2309]  INFO -- : Writing /home/runner/work/human-essentials/human-essentials/public/assets/boxed-bg-eb7b1fa0c09f5ef599fc5138e33168827f2ec4e1f796cf8a78570d8a73a58190.png
2024-02-19T21:33:13.8676417Z I, [2024-02-19T13:33:13.866321 #2309]  INFO -- : Writing /home/runner/work/human-essentials/human-essentials/public/assets/dashboard-image-3db42e909886dffccb680715feccab83cc867b4581b0009558e746364e2ec332.svg
2024-02-19T21:33:13.8680513Z I, [2024-02-19T13:33:13.866447 #2309]  INFO -- : Writing /home/runner/work/human-essentials/human-essentials/public/assets/dashboard-image-3db42e909886dffccb680715feccab83cc867b4581b0009558e746364e2ec332.svg.gz
2024-02-19T21:33:13.8684559Z I, [2024-02-19T13:33:13.866558 #2309]  INFO -- : Writing /home/runner/work/human-essentials/human-essentials/public/assets/forecasting-32dffccc42e6c09203d36acbc2243b4bc746dc2f1198c1ff43def4bb48e335b2.svg
2024-02-19T21:33:13.8688347Z I, [2024-02-19T13:33:13.866668 #2309]  INFO -- : Writing /home/runner/work/human-essentials/human-essentials/public/assets/forecasting-32dffccc42e6c09203d36acbc2243b4bc746dc2f1198c1ff43def4bb48e335b2.svg.gz
2024-02-19T21:33:13.8691545Z I, [2024-02-19T13:33:13.866776 #2309]  INFO -- : Writing /home/runner/work/human-essentials/human-essentials/public/assets/hero-image-0ba273def6de748beb2a64206e115d8e4a109ad51ef255512f4c6522e5b9225b.svg
2024-02-19T21:33:13.8693742Z I, [2024-02-19T13:33:13.867654 #2309]  INFO -- : Writing /home/runner/work/human-essentials/human-essentials/public/assets/hero-image-0ba273def6de748beb2a64206e115d8e4a109ad51ef255512f4c6522e5b9225b.svg.gz
2024-02-19T21:33:13.8696231Z I, [2024-02-19T13:33:13.868966 #2309]  INFO -- : Writing /home/runner/work/human-essentials/human-essentials/public/assets/inventory-image-3d91fc8087e13632114d9d129a680b992e02aae297b2bf180089cd55792249b2.svg
2024-02-19T21:33:13.8704655Z I, [2024-02-19T13:33:13.870165 #2309]  INFO -- : Writing /home/runner/work/human-essentials/human-essentials/public/assets/inventory-image-3d91fc8087e13632114d9d129a680b992e02aae297b2bf180089cd55792249b2.svg.gz
2024-02-19T21:33:13.8708381Z I, [2024-02-19T13:33:13.870298 #2309]  INFO -- : Writing /home/runner/work/human-essentials/human-essentials/public/assets/partner-management-c2cd4a940d1cf59f66928bc5097b4d4528b6de95abcc66421edf341c59311d40.svg
2024-02-19T21:33:13.8710725Z I, [2024-02-19T13:33:13.870612 #2309]  INFO -- : Writing /home/runner/work/human-essentials/human-essentials/public/assets/partner-management-c2cd4a940d1cf59f66928bc5097b4d4528b6de95abcc66421edf341c59311d40.svg.gz
2024-02-19T21:33:13.8717498Z I, [2024-02-19T13:33:13.871492 #2309]  INFO -- : Writing /home/runner/work/human-essentials/human-essentials/public/assets/quote-e4395f28913ad7b7785c522f0b6f2363a960720cf3bc26705438f6efb55edb7d.svg
2024-02-19T21:33:13.8722225Z I, [2024-02-19T13:33:13.871643 #2309]  INFO -- : Writing /home/runner/work/human-essentials/human-essentials/public/assets/quote-e4395f28913ad7b7785c522f0b6f2363a960720cf3bc26705438f6efb55edb7d.svg.gz
2024-02-19T21:33:13.8726436Z I, [2024-02-19T13:33:13.871751 #2309]  INFO -- : Writing /home/runner/work/human-essentials/human-essentials/public/assets/report-image-a9fc71739eca5457d288f1c234a0d84237ba8eef8bd20a9935bd45d84d03ae6b.svg
2024-02-19T21:33:13.8730225Z I, [2024-02-19T13:33:13.872102 #2309]  INFO -- : Writing /home/runner/work/human-essentials/human-essentials/public/assets/report-image-a9fc71739eca5457d288f1c234a0d84237ba8eef8bd20a9935bd45d84d03ae6b.svg.gz
2024-02-19T21:33:13.8734204Z I, [2024-02-19T13:33:13.872430 #2309]  INFO -- : Writing /home/runner/work/human-essentials/human-essentials/public/assets/test-only-background-c4843e992a593298a8c43815c8950b766061a96fd7d3e92838354914c41d7243.jpg
2024-02-19T21:33:13.8737632Z I, [2024-02-19T13:33:13.872617 #2309]  INFO -- : Writing /home/runner/work/human-essentials/human-essentials/public/assets/AdminLTE-9d75f9bf2ec81bc0a0de450227ed6268dad2cd66401439503c18d3241dfb241d.css
2024-02-19T21:33:13.8741095Z I, [2024-02-19T13:33:13.872703 #2309]  INFO -- : Writing /home/runner/work/human-essentials/human-essentials/public/assets/AdminLTE-9d75f9bf2ec81bc0a0de450227ed6268dad2cd66401439503c18d3241dfb241d.css.gz
2024-02-19T21:33:13.8744572Z I, [2024-02-19T13:33:13.872805 #2309]  INFO -- : Writing /home/runner/work/human-essentials/human-essentials/public/assets/_colors-04024382391bb910584145d8113cf35ef376b55d125bb4516cebeb14ce788597.css
2024-02-19T21:33:13.8747813Z I, [2024-02-19T13:33:13.872885 #2309]  INFO -- : Writing /home/runner/work/human-essentials/human-essentials/public/assets/_colors-04024382391bb910584145d8113cf35ef376b55d125bb4516cebeb14ce788597.css.gz
2024-02-19T21:33:13.8751136Z I, [2024-02-19T13:33:13.872983 #2309]  INFO -- : Writing /home/runner/work/human-essentials/human-essentials/public/assets/application-0da4ed653cd2be46690d3296e155ff2f65c183e52d7a8c3467d17640386866d5.css
2024-02-19T21:33:13.8754604Z I, [2024-02-19T13:33:13.873061 #2309]  INFO -- : Writing /home/runner/work/human-essentials/human-essentials/public/assets/application-0da4ed653cd2be46690d3296e155ff2f65c183e52d7a8c3467d17640386866d5.css.gz
2024-02-19T21:33:13.8758146Z I, [2024-02-19T13:33:13.873153 #2309]  INFO -- : Writing /home/runner/work/human-essentials/human-essentials/public/assets/test-only-background-c4843e992a593298a8c43815c8950b766061a96fd7d3e92838354914c41d7243.jpg
2024-02-19T21:33:13.8770241Z I, [2024-02-19T13:33:13.876379 #2309]  INFO -- : Writing /home/runner/work/human-essentials/human-essentials/public/assets/audits-83372b845d8a4887e7e4d2315cf3c85ea60ef94ca0ec4774dfbcd3cf569c616c.css
2024-02-19T21:33:13.8774296Z I, [2024-02-19T13:33:13.876498 #2309]  INFO -- : Writing /home/runner/work/human-essentials/human-essentials/public/assets/audits-83372b845d8a4887e7e4d2315cf3c85ea60ef94ca0ec4774dfbcd3cf569c616c.css.gz
2024-02-19T21:33:13.8777832Z I, [2024-02-19T13:33:13.876614 #2309]  INFO -- : Writing /home/runner/work/human-essentials/human-essentials/public/assets/barcode_reader-3799c29218802c1dbba4c700f3863ec24505a9e3e7b54d36282fff667d7c94ca.css
2024-02-19T21:33:13.8781489Z I, [2024-02-19T13:33:13.876705 #2309]  INFO -- : Writing /home/runner/work/human-essentials/human-essentials/public/assets/barcode_reader-3799c29218802c1dbba4c700f3863ec24505a9e3e7b54d36282fff667d7c94ca.css.gz
2024-02-19T21:33:13.8785163Z I, [2024-02-19T13:33:13.876815 #2309]  INFO -- : Writing /home/runner/work/human-essentials/human-essentials/public/assets/custom-78c7cbde633ff9cfb0425c2a5897128adfc8aca0f10628e0b59f704db7fe76df.css
2024-02-19T21:33:13.8788581Z I, [2024-02-19T13:33:13.877307 #2309]  INFO -- : Writing /home/runner/work/human-essentials/human-essentials/public/assets/custom-78c7cbde633ff9cfb0425c2a5897128adfc8aca0f10628e0b59f704db7fe76df.css.gz
2024-02-19T21:33:13.8796918Z I, [2024-02-19T13:33:13.877602 #2309]  INFO -- : Writing /home/runner/work/human-essentials/human-essentials/public/assets/test-only-background-c4843e992a593298a8c43815c8950b766061a96fd7d3e92838354914c41d7243.jpg
2024-02-19T21:33:13.8801578Z I, [2024-02-19T13:33:13.879492 #2309]  INFO -- : Writing /home/runner/work/human-essentials/human-essentials/public/assets/expandable_table-cca1600cf25c44c6bea2733167509ffe9133f344e9defe984ad96bd427b29a19.css
2024-02-19T21:33:13.8806052Z I, [2024-02-19T13:33:13.879587 #2309]  INFO -- : Writing /home/runner/work/human-essentials/human-essentials/public/assets/expandable_table-cca1600cf25c44c6bea2733167509ffe9133f344e9defe984ad96bd427b29a19.css.gz
2024-02-19T21:33:13.8810283Z I, [2024-02-19T13:33:13.879694 #2309]  INFO -- : Writing /home/runner/work/human-essentials/human-essentials/public/assets/landing_page-4fe5dfcfea8b5bbd7722658652ff4ee86132a41b8aff92e9ef8b1216cb7259fa.css
2024-02-19T21:33:13.8814608Z I, [2024-02-19T13:33:13.879783 #2309]  INFO -- : Writing /home/runner/work/human-essentials/human-essentials/public/assets/landing_page-4fe5dfcfea8b5bbd7722658652ff4ee86132a41b8aff92e9ef8b1216cb7259fa.css.gz
2024-02-19T21:33:13.8818894Z I, [2024-02-19T13:33:13.879892 #2309]  INFO -- : Writing /home/runner/work/human-essentials/human-essentials/public/assets/modal-dialog-9d7ae8bb43b60ac4c7d9910700392b20618ae2db4d5db33453b157171d5e0f7d.css
2024-02-19T21:33:13.8823167Z I, [2024-02-19T13:33:13.879983 #2309]  INFO -- : Writing /home/runner/work/human-essentials/human-essentials/public/assets/modal-dialog-9d7ae8bb43b60ac4c7d9910700392b20618ae2db4d5db33453b157171d5e0f7d.css.gz
2024-02-19T21:33:13.8827803Z I, [2024-02-19T13:33:13.880088 #2309]  INFO -- : Writing /home/runner/work/human-essentials/human-essentials/public/assets/progress_stepper-7f8ef0dc05a9a00a300e56f6f3e4ccfdde4af8e392407ccc6601d60019067ccb.css
2024-02-19T21:33:13.8831914Z I, [2024-02-19T13:33:13.880211 #2309]  INFO -- : Writing /home/runner/work/human-essentials/human-essentials/public/assets/progress_stepper-7f8ef0dc05a9a00a300e56f6f3e4ccfdde4af8e392407ccc6601d60019067ccb.css.gz
2024-02-19T21:33:13.8835938Z I, [2024-02-19T13:33:13.880326 #2309]  INFO -- : Writing /home/runner/work/human-essentials/human-essentials/public/assets/transfers-c9ab43ff53dab5dc13681712afc9b6fb31d7865d5ac8c657220deff9f138fa8c.css
2024-02-19T21:33:13.8839994Z I, [2024-02-19T13:33:13.880414 #2309]  INFO -- : Writing /home/runner/work/human-essentials/human-essentials/public/assets/transfers-c9ab43ff53dab5dc13681712afc9b6fb31d7865d5ac8c657220deff9f138fa8c.css.gz
2024-02-19T21:33:13.8844202Z I, [2024-02-19T13:33:13.880517 #2309]  INFO -- : Writing /home/runner/work/human-essentials/human-essentials/public/assets/adminlte-886a0b559685ec92cd8dd4dbf957899292f9c0bd344c90c304d28973363a8eaf.js
2024-02-19T21:33:13.8848182Z I, [2024-02-19T13:33:13.880603 #2309]  INFO -- : Writing /home/runner/work/human-essentials/human-essentials/public/assets/adminlte-886a0b559685ec92cd8dd4dbf957899292f9c0bd344c90c304d28973363a8eaf.js.gz
2024-02-19T21:33:13.8852371Z I, [2024-02-19T13:33:13.880708 #2309]  INFO -- : Writing /home/runner/work/human-essentials/human-essentials/public/assets/application-f9d5a0970e6dc2d1d44ca8dfd6129e9fed2dccf1b460a6bba6eab9dd7aa61c92.js
2024-02-19T21:33:13.8857319Z I, [2024-02-19T13:33:13.880796 #2309]  INFO -- : Writing /home/runner/work/human-essentials/human-essentials/public/assets/application-f9d5a0970e6dc2d1d44ca8dfd6129e9fed2dccf1b460a6bba6eab9dd7aa61c92.js.gz
2024-02-19T21:33:13.8862752Z I, [2024-02-19T13:33:13.880900 #2309]  INFO -- : Writing /home/runner/work/human-essentials/human-essentials/public/assets/cocoon-js-vanilla-cc8e46e9b16a6217f3c14c60ca346454c9c01d8d41e5c073ae14f85fac052e96.js
2024-02-19T21:33:13.8866992Z I, [2024-02-19T13:33:13.880986 #2309]  INFO -- : Writing /home/runner/work/human-essentials/human-essentials/public/assets/cocoon-js-vanilla-cc8e46e9b16a6217f3c14c60ca346454c9c01d8d41e5c073ae14f85fac052e96.js.gz
2024-02-19T21:33:13.8871527Z I, [2024-02-19T13:33:13.881094 #2309]  INFO -- : Writing /home/runner/work/human-essentials/human-essentials/public/assets/controllers/application-368d98631bccbf2349e0d4f8269afb3fe9625118341966de054759d96ea86c7e.js
2024-02-19T21:33:13.8875906Z I, [2024-02-19T13:33:13.881176 #2309]  INFO -- : Writing /home/runner/work/human-essentials/human-essentials/public/assets/controllers/application-368d98631bccbf2349e0d4f8269afb3fe9625118341966de054759d96ea86c7e.js.gz
2024-02-19T21:33:13.8880343Z I, [2024-02-19T13:33:13.881272 #2309]  INFO -- : Writing /home/runner/work/human-essentials/human-essentials/public/assets/controllers/area_served_controller-c8c048ef9ee2d145ba8408cda63546aff8ce9170e9cafb34075ebb01b43c6c34.js
2024-02-19T21:33:13.8885105Z I, [2024-02-19T13:33:13.881350 #2309]  INFO -- : Writing /home/runner/work/human-essentials/human-essentials/public/assets/controllers/area_served_controller-c8c048ef9ee2d145ba8408cda63546aff8ce9170e9cafb34075ebb01b43c6c34.js.gz
2024-02-19T21:33:13.8889871Z I, [2024-02-19T13:33:13.881449 #2309]  INFO -- : Writing /home/runner/work/human-essentials/human-essentials/public/assets/controllers/checkbox_with_nested_element_controller-1645dd2a3a857d546354c90b0c415a9d1dd4de6974048fd41bfc1d6f45ccb3eb.js
2024-02-19T21:33:13.8961858Z I, [2024-02-19T13:33:13.881526 #2309]  INFO -- : Writing /home/runner/work/human-essentials/human-essentials/public/assets/controllers/checkbox_with_nested_element_controller-1645dd2a3a857d546354c90b0c415a9d1dd4de6974048fd41bfc1d6f45ccb3eb.js.gz
2024-02-19T21:33:13.8966365Z I, [2024-02-19T13:33:13.881624 #2309]  INFO -- : Writing /home/runner/work/human-essentials/human-essentials/public/assets/controllers/distribution_delivery_controller-89fc613f734c2b1538c1e9948abeb353ea73d22678fc08597d48fa36a70c5c51.js
2024-02-19T21:33:13.8970905Z I, [2024-02-19T13:33:13.881705 #2309]  INFO -- : Writing /home/runner/work/human-essentials/human-essentials/public/assets/controllers/distribution_delivery_controller-89fc613f734c2b1538c1e9948abeb353ea73d22678fc08597d48fa36a70c5c51.js.gz
2024-02-19T21:33:13.8973680Z I, [2024-02-19T13:33:13.881800 #2309]  INFO -- : Writing /home/runner/work/human-essentials/human-essentials/public/assets/controllers/double_select_controller-bb2e4a65f2c66cacc8ec4dd491c2233b0aac53187ebe1fbaaffedfbaf7db9099.js
2024-02-19T21:33:13.8976008Z I, [2024-02-19T13:33:13.881876 #2309]  INFO -- : Writing /home/runner/work/human-essentials/human-essentials/public/assets/controllers/double_select_controller-bb2e4a65f2c66cacc8ec4dd491c2233b0aac53187ebe1fbaaffedfbaf7db9099.js.gz
2024-02-19T21:33:13.8978412Z I, [2024-02-19T13:33:13.881972 #2309]  INFO -- : Writing /home/runner/work/human-essentials/human-essentials/public/assets/controllers/highchart_controller-7640167d6e3481659a5ead23f046e3c6852c08e30ce8aa6f09aa5cce0f7ea02d.js
2024-02-19T21:33:13.8980610Z I, [2024-02-19T13:33:13.882049 #2309]  INFO -- : Writing /home/runner/work/human-essentials/human-essentials/public/assets/controllers/highchart_controller-7640167d6e3481659a5ead23f046e3c6852c08e30ce8aa6f09aa5cce0f7ea02d.js.gz
2024-02-19T21:33:13.8982948Z I, [2024-02-19T13:33:13.882147 #2309]  INFO -- : Writing /home/runner/work/human-essentials/human-essentials/public/assets/controllers/index-2db729dddcc5b979110e98de4b6720f83f91a123172e87281d5a58410fc43806.js
2024-02-19T21:33:13.8985100Z I, [2024-02-19T13:33:13.882224 #2309]  INFO -- : Writing /home/runner/work/human-essentials/human-essentials/public/assets/controllers/index-2db729dddcc5b979110e98de4b6720f83f91a123172e87281d5a58410fc43806.js.gz
2024-02-19T21:33:13.8987428Z I, [2024-02-19T13:33:13.882322 #2309]  INFO -- : Writing /home/runner/work/human-essentials/human-essentials/public/assets/controllers/request_item_controller-4ab1cb48f0cc30bba40f5311b6588189ddf5daf19bdf36b462cdeab0a663399b.js
2024-02-19T21:33:13.8989744Z I, [2024-02-19T13:33:13.882399 #2309]  INFO -- : Writing /home/runner/work/human-essentials/human-essentials/public/assets/controllers/request_item_controller-4ab1cb48f0cc30bba40f5311b6588189ddf5daf19bdf36b462cdeab0a663399b.js.gz
2024-02-19T21:33:13.8991940Z I, [2024-02-19T13:33:13.882496 #2309]  INFO -- : Writing /home/runner/work/human-essentials/human-essentials/public/assets/controllers/select2_controller-13c15fa4f8996b06b43552325b12e3a14e158db06264b83cfff2e521a16fceeb.js
2024-02-19T21:33:13.8994097Z I, [2024-02-19T13:33:13.882574 #2309]  INFO -- : Writing /home/runner/work/human-essentials/human-essentials/public/assets/controllers/select2_controller-13c15fa4f8996b06b43552325b12e3a14e158db06264b83cfff2e521a16fceeb.js.gz
2024-02-19T21:33:13.8996358Z I, [2024-02-19T13:33:13.882670 #2309]  INFO -- : Writing /home/runner/work/human-essentials/human-essentials/public/assets/controllers/served_area_controller-37738489813fc06349f3fb1bc7abc5d5493318ce553f1bebbfa1f8fe06ebfb4a.js
2024-02-19T21:33:13.8998557Z I, [2024-02-19T13:33:13.882748 #2309]  INFO -- : Writing /home/runner/work/human-essentials/human-essentials/public/assets/controllers/served_area_controller-37738489813fc06349f3fb1bc7abc5d5493318ce553f1bebbfa1f8fe06ebfb4a.js.gz
2024-02-19T21:33:13.9000716Z I, [2024-02-19T13:33:13.882844 #2309]  INFO -- : Writing /home/runner/work/human-essentials/human-essentials/public/assets/controllers/turbo_controller-fccb6961e984a4e30ac5da2e1cf185bbfb9d9e8677a0bf2e284ec349e7b0db17.js
2024-02-19T21:33:13.9003677Z I, [2024-02-19T13:33:13.882921 #2309]  INFO -- : Writing /home/runner/work/human-essentials/human-essentials/public/assets/controllers/turbo_controller-fccb6961e984a4e30ac5da2e1cf185bbfb9d9e8677a0bf2e284ec349e7b0db17.js.gz
2024-02-19T21:33:13.9005773Z I, [2024-02-19T13:33:13.883029 #2309]  INFO -- : Writing /home/runner/work/human-essentials/human-essentials/public/assets/startup-bf111fcbf368bc988dfcb050d057ec73e21f190d7921e15689dd5ebf674e6d00.js
2024-02-19T21:33:13.9007721Z I, [2024-02-19T13:33:13.883117 #2309]  INFO -- : Writing /home/runner/work/human-essentials/human-essentials/public/assets/startup-bf111fcbf368bc988dfcb050d057ec73e21f190d7921e15689dd5ebf674e6d00.js.gz
2024-02-19T21:33:13.9009822Z I, [2024-02-19T13:33:13.883304 #2309]  INFO -- : Writing /home/runner/work/human-essentials/human-essentials/public/assets/utils/barcode_items-ee1050c4d1ade4569ef6cfc83d5f4792f67daabaca0ae24f75455737fea0a72b.js
2024-02-19T21:33:13.9012669Z I, [2024-02-19T13:33:13.883388 #2309]  INFO -- : Writing /home/runner/work/human-essentials/human-essentials/public/assets/utils/barcode_items-ee1050c4d1ade4569ef6cfc83d5f4792f67daabaca0ae24f75455737fea0a72b.js.gz
2024-02-19T21:33:13.9016591Z I, [2024-02-19T13:33:13.883495 #2309]  INFO -- : Writing /home/runner/work/human-essentials/human-essentials/public/assets/utils/barcode_scan-757b66b6921154f49e7cc4c5dc2f146f91f1648beffaa8ef106d94585a273ba9.js
2024-02-19T21:33:13.9020369Z I, [2024-02-19T13:33:13.883575 #2309]  INFO -- : Writing /home/runner/work/human-essentials/human-essentials/public/assets/utils/barcode_scan-757b66b6921154f49e7cc4c5dc2f146f91f1648beffaa8ef106d94585a273ba9.js.gz
2024-02-19T21:33:13.9024183Z I, [2024-02-19T13:33:13.883683 #2309]  INFO -- : Writing /home/runner/work/human-essentials/human-essentials/public/assets/utils/deadline_day_pickers-b0b264db9e3c8107c161cc4571e71cf901bcc511175271d218a553c4e1889065.js
2024-02-19T21:33:13.9028445Z I, [2024-02-19T13:33:13.883762 #2309]  INFO -- : Writing /home/runner/work/human-essentials/human-essentials/public/assets/utils/deadline_day_pickers-b0b264db9e3c8107c161cc4571e71cf901bcc511175271d218a553c4e1889065.js.gz
2024-02-19T21:33:13.9032637Z I, [2024-02-19T13:33:13.883869 #2309]  INFO -- : Writing /home/runner/work/human-essentials/human-essentials/public/assets/utils/distributions_and_transfers-1f9709e9a8df250acfe3e7a79f1501b2696b1f36d5adcf083a61a1b005cce3d2.js
2024-02-19T21:33:13.9037347Z I, [2024-02-19T13:33:13.883949 #2309]  INFO -- : Writing /home/runner/work/human-essentials/human-essentials/public/assets/utils/distributions_and_transfers-1f9709e9a8df250acfe3e7a79f1501b2696b1f36d5adcf083a61a1b005cce3d2.js.gz
2024-02-19T21:33:13.9041821Z I, [2024-02-19T13:33:13.884055 #2309]  INFO -- : Writing /home/runner/work/human-essentials/human-essentials/public/assets/utils/donations-1c3e9a15fc370afd2c3836ccf8dde6013c35412a8d83cf6c1e31bec95ef72b26.js
2024-02-19T21:33:13.9045632Z I, [2024-02-19T13:33:13.884155 #2309]  INFO -- : Writing /home/runner/work/human-essentials/human-essentials/public/assets/utils/donations-1c3e9a15fc370afd2c3836ccf8dde6013c35412a8d83cf6c1e31bec95ef72b26.js.gz
2024-02-19T21:33:13.9049502Z I, [2024-02-19T13:33:13.884266 #2309]  INFO -- : Writing /home/runner/work/human-essentials/human-essentials/public/assets/utils/purchases-5c814ba098feaa8a7b4abff24267c1da909f3e52e12c97660f8a0b8c1ff4aea1.js
2024-02-19T21:33:13.9053130Z I, [2024-02-19T13:33:13.884346 #2309]  INFO -- : Writing /home/runner/work/human-essentials/human-essentials/public/assets/utils/purchases-5c814ba098feaa8a7b4abff24267c1da909f3e52e12c97660f8a0b8c1ff4aea1.js.gz
2024-02-19T21:33:13.9056524Z I, [2024-02-19T13:33:13.884470 #2309]  INFO -- : Writing /home/runner/work/human-essentials/human-essentials/public/assets/filterrific-f3a290db250e05344fd62c216b903689f73eff5e270ef021e425551006092e08.js
2024-02-19T21:33:13.9059898Z I, [2024-02-19T13:33:13.884556 #2309]  INFO -- : Writing /home/runner/work/human-essentials/human-essentials/public/assets/filterrific-f3a290db250e05344fd62c216b903689f73eff5e270ef021e425551006092e08.js.gz
2024-02-19T21:33:13.9063203Z I, [2024-02-19T13:33:13.884670 #2309]  INFO -- : Writing /home/runner/work/human-essentials/human-essentials/public/assets/stimulusloading-1fc59770fb1654500044afd3f5f6d7d00800e5be36746d55b94a2963a7a228aa.js
2024-02-19T21:33:13.9066585Z I, [2024-02-19T13:33:13.884755 #2309]  INFO -- : Writing /home/runner/work/human-essentials/human-essentials/public/assets/stimulusloading-1fc59770fb1654500044afd3f5f6d7d00800e5be36746d55b94a2963a7a228aa.js.gz
2024-02-19T21:33:13.9069910Z I, [2024-02-19T13:33:13.884875 #2309]  INFO -- : Writing /home/runner/work/human-essentials/human-essentials/public/assets/turbo-4851a9a0b1d947e810dfd0448a72aef261d455183ebea681f4f28a73640a9ece.js
2024-02-19T21:33:13.9073055Z I, [2024-02-19T13:33:13.884961 #2309]  INFO -- : Writing /home/runner/work/human-essentials/human-essentials/public/assets/turbo-4851a9a0b1d947e810dfd0448a72aef261d455183ebea681f4f28a73640a9ece.js.gz
2024-02-19T21:33:13.9076215Z I, [2024-02-19T13:33:13.885074 #2309]  INFO -- : Writing /home/runner/work/human-essentials/human-essentials/public/assets/turbo.min-f309baafa3ae5ad6ccee3e7362118b87678d792db8e8ab466c4fa284dd3a4700.js
2024-02-19T21:33:13.9079692Z I, [2024-02-19T13:33:13.885160 #2309]  INFO -- : Writing /home/runner/work/human-essentials/human-essentials/public/assets/turbo.min-f309baafa3ae5ad6ccee3e7362118b87678d792db8e8ab466c4fa284dd3a4700.js.gz
2024-02-19T21:33:13.9083376Z I, [2024-02-19T13:33:13.885278 #2309]  INFO -- : Writing /home/runner/work/human-essentials/human-essentials/public/assets/turbo.min.js-8bc8f4a58d1c106d58dec8bef6c638ff12ff4d078f19d8ebd8c4277f4c9bc85a.map
2024-02-19T21:33:13.9086863Z I, [2024-02-19T13:33:13.885369 #2309]  INFO -- : Writing /home/runner/work/human-essentials/human-essentials/public/assets/turbo.min.js-8bc8f4a58d1c106d58dec8bef6c638ff12ff4d078f19d8ebd8c4277f4c9bc85a.map.gz
2024-02-19T21:33:13.9090589Z I, [2024-02-19T13:33:13.885482 #2309]  INFO -- : Writing /home/runner/work/human-essentials/human-essentials/public/assets/stimulus-loading-3576ce92b149ad5d6959438c6f291e2426c86df3b874c525b30faad51b0d96b3.js
2024-02-19T21:33:13.9094012Z I, [2024-02-19T13:33:13.885733 #2309]  INFO -- : Writing /home/runner/work/human-essentials/human-essentials/public/assets/stimulus-loading-3576ce92b149ad5d6959438c6f291e2426c86df3b874c525b30faad51b0d96b3.js.gz
2024-02-19T21:33:13.9097600Z I, [2024-02-19T13:33:13.886120 #2309]  INFO -- : Writing /home/runner/work/human-essentials/human-essentials/public/assets/popper-003a40d80fd205e1fa00da117d5bdc19720ba330706eaa17f9ba9513fa502304.js
2024-02-19T21:33:13.9100860Z I, [2024-02-19T13:33:13.886201 #2309]  INFO -- : Writing /home/runner/work/human-essentials/human-essentials/public/assets/popper-003a40d80fd205e1fa00da117d5bdc19720ba330706eaa17f9ba9513fa502304.js.gz
2024-02-19T21:33:13.9104073Z I, [2024-02-19T13:33:13.886298 #2309]  INFO -- : Writing /home/runner/work/human-essentials/human-essentials/public/assets/actiontext-28c61f5197c204db043317a8f8826a87ab31495b741f854d307ca36122deefce.js
2024-02-19T21:33:13.9107522Z I, [2024-02-19T13:33:13.886372 #2309]  INFO -- : Writing /home/runner/work/human-essentials/human-essentials/public/assets/actiontext-28c61f5197c204db043317a8f8826a87ab31495b741f854d307ca36122deefce.js.gz
2024-02-19T21:33:13.9110836Z I, [2024-02-19T13:33:13.886470 #2309]  INFO -- : Writing /home/runner/work/human-essentials/human-essentials/public/assets/trix-1563ff9c10f74e143b3ded40a8458497eaf2f87a648a5cbbfebdb7dec3447a5e.js
2024-02-19T21:33:13.9114165Z I, [2024-02-19T13:33:13.886547 #2309]  INFO -- : Writing /home/runner/work/human-essentials/human-essentials/public/assets/trix-1563ff9c10f74e143b3ded40a8458497eaf2f87a648a5cbbfebdb7dec3447a5e.js.gz
2024-02-19T21:33:13.9117669Z I, [2024-02-19T13:33:13.886648 #2309]  INFO -- : Writing /home/runner/work/human-essentials/human-essentials/public/assets/trix-b0398dade8e5ac249fe98f2e850f45adbcdfecd8a11c46b3eb67bdedb87b1b04.css
2024-02-19T21:33:13.9120940Z I, [2024-02-19T13:33:13.886723 #2309]  INFO -- : Writing /home/runner/work/human-essentials/human-essentials/public/assets/trix-b0398dade8e5ac249fe98f2e850f45adbcdfecd8a11c46b3eb67bdedb87b1b04.css.gz
2024-02-19T21:33:13.9125021Z I, [2024-02-19T13:33:13.886822 #2309]  INFO -- : Writing /home/runner/work/human-essentials/human-essentials/public/assets/stimulus-f75215805563870a61ee9dc5a207ce46d4675c7e667558a54344fd1e7baa697f.js
2024-02-19T21:33:13.9128325Z I, [2024-02-19T13:33:13.886903 #2309]  INFO -- : Writing /home/runner/work/human-essentials/human-essentials/public/assets/stimulus-f75215805563870a61ee9dc5a207ce46d4675c7e667558a54344fd1e7baa697f.js.gz
2024-02-19T21:33:13.9131546Z I, [2024-02-19T13:33:13.887010 #2309]  INFO -- : Writing /home/runner/work/human-essentials/human-essentials/public/assets/stimulus-autoloader-c584942b568ba74879da31c7c3d51366737bacaf6fbae659383c0a5653685693.js
2024-02-19T21:33:13.9135187Z I, [2024-02-19T13:33:13.887087 #2309]  INFO -- : Writing /home/runner/work/human-essentials/human-essentials/public/assets/stimulus-autoloader-c584942b568ba74879da31c7c3d51366737bacaf6fbae659383c0a5653685693.js.gz
2024-02-19T21:33:13.9138836Z I, [2024-02-19T13:33:13.887186 #2309]  INFO -- : Writing /home/runner/work/human-essentials/human-essentials/public/assets/stimulus-importmap-autoloader-db2076c783bf2dbee1226e2add52fef290b5d31b5bcd1edd999ac8a6dd31c44a.js
2024-02-19T21:33:13.9142668Z I, [2024-02-19T13:33:13.887262 #2309]  INFO -- : Writing /home/runner/work/human-essentials/human-essentials/public/assets/stimulus-importmap-autoloader-db2076c783bf2dbee1226e2add52fef290b5d31b5bcd1edd999ac8a6dd31c44a.js.gz
2024-02-19T21:33:13.9146335Z I, [2024-02-19T13:33:13.887356 #2309]  INFO -- : Writing /home/runner/work/human-essentials/human-essentials/public/assets/stimulus-loading-3576ce92b149ad5d6959438c6f291e2426c86df3b874c525b30faad51b0d96b3.js
2024-02-19T21:33:13.9149943Z I, [2024-02-19T13:33:13.887425 #2309]  INFO -- : Writing /home/runner/work/human-essentials/human-essentials/public/assets/stimulus-loading-3576ce92b149ad5d6959438c6f291e2426c86df3b874c525b30faad51b0d96b3.js.gz
2024-02-19T21:33:13.9153307Z I, [2024-02-19T13:33:13.887523 #2309]  INFO -- : Writing /home/runner/work/human-essentials/human-essentials/public/assets/stimulus.min-dd364f16ec9504dfb72672295637a1c8838773b01c0b441bd41008124c407894.js
2024-02-19T21:33:13.9156731Z I, [2024-02-19T13:33:13.887600 #2309]  INFO -- : Writing /home/runner/work/human-essentials/human-essentials/public/assets/stimulus.min-dd364f16ec9504dfb72672295637a1c8838773b01c0b441bd41008124c407894.js.gz
2024-02-19T21:33:13.9160239Z I, [2024-02-19T13:33:13.887692 #2309]  INFO -- : Writing /home/runner/work/human-essentials/human-essentials/public/assets/stimulus-autoloader-c584942b568ba74879da31c7c3d51366737bacaf6fbae659383c0a5653685693.js
2024-02-19T21:33:13.9163908Z I, [2024-02-19T13:33:13.887762 #2309]  INFO -- : Writing /home/runner/work/human-essentials/human-essentials/public/assets/stimulus-autoloader-c584942b568ba74879da31c7c3d51366737bacaf6fbae659383c0a5653685693.js.gz
2024-02-19T21:33:13.9167620Z I, [2024-02-19T13:33:13.887856 #2309]  INFO -- : Writing /home/runner/work/human-essentials/human-essentials/public/assets/stimulus-importmap-autoloader-db2076c783bf2dbee1226e2add52fef290b5d31b5bcd1edd999ac8a6dd31c44a.js
2024-02-19T21:33:13.9171414Z I, [2024-02-19T13:33:13.887928 #2309]  INFO -- : Writing /home/runner/work/human-essentials/human-essentials/public/assets/stimulus-importmap-autoloader-db2076c783bf2dbee1226e2add52fef290b5d31b5bcd1edd999ac8a6dd31c44a.js.gz
2024-02-19T21:33:13.9175211Z I, [2024-02-19T13:33:13.888020 #2309]  INFO -- : Writing /home/runner/work/human-essentials/human-essentials/public/assets/stimulus-loading-3576ce92b149ad5d6959438c6f291e2426c86df3b874c525b30faad51b0d96b3.js
2024-02-19T21:33:13.9178592Z I, [2024-02-19T13:33:13.888089 #2309]  INFO -- : Writing /home/runner/work/human-essentials/human-essentials/public/assets/stimulus-loading-3576ce92b149ad5d6959438c6f291e2426c86df3b874c525b30faad51b0d96b3.js.gz
2024-02-19T21:33:13.9181828Z I, [2024-02-19T13:33:13.888245 #2309]  INFO -- : Writing /home/runner/work/human-essentials/human-essentials/public/assets/stimulus.min.js-2cc63625fa177963b45da974806e7aee846cbf1d4930815733d0fdf3fb232325.map
2024-02-19T21:33:13.9185219Z I, [2024-02-19T13:33:13.888324 #2309]  INFO -- : Writing /home/runner/work/human-essentials/human-essentials/public/assets/stimulus.min.js-2cc63625fa177963b45da974806e7aee846cbf1d4930815733d0fdf3fb232325.map.gz
2024-02-19T21:33:13.9188609Z I, [2024-02-19T13:33:13.888424 #2309]  INFO -- : Writing /home/runner/work/human-essentials/human-essentials/public/assets/activestorage-3ab61e47dd4ee2d79db525ade1dca2ede0ea2b7371fe587e408ee37b7ade265d.js
2024-02-19T21:33:13.9191910Z I, [2024-02-19T13:33:13.888498 #2309]  INFO -- : Writing /home/runner/work/human-essentials/human-essentials/public/assets/activestorage-3ab61e47dd4ee2d79db525ade1dca2ede0ea2b7371fe587e408ee37b7ade265d.js.gz
2024-02-19T21:33:13.9195404Z I, [2024-02-19T13:33:13.888598 #2309]  INFO -- : Writing /home/runner/work/human-essentials/human-essentials/public/assets/activestorage.esm-01f58a45d77495cdfbdfcc872902a430426c4391634ec9c3da5f69fbf8418492.js
2024-02-19T21:33:13.9198855Z I, [2024-02-19T13:33:13.888675 #2309]  INFO -- : Writing /home/runner/work/human-essentials/human-essentials/public/assets/activestorage.esm-01f58a45d77495cdfbdfcc872902a430426c4391634ec9c3da5f69fbf8418492.js.gz
2024-02-19T21:33:13.9202481Z I, [2024-02-19T13:33:13.888777 #2309]  INFO -- : Writing /home/runner/work/human-essentials/human-essentials/public/assets/actioncable-5433453f9b6619a9de91aaab2d7fc7ff183e5260c0107cbc9a1aa0c838d9a74e.js
2024-02-19T21:33:13.9205734Z I, [2024-02-19T13:33:13.888853 #2309]  INFO -- : Writing /home/runner/work/human-essentials/human-essentials/public/assets/actioncable-5433453f9b6619a9de91aaab2d7fc7ff183e5260c0107cbc9a1aa0c838d9a74e.js.gz
2024-02-19T21:33:13.9209262Z I, [2024-02-19T13:33:13.888952 #2309]  INFO -- : Writing /home/runner/work/human-essentials/human-essentials/public/assets/actioncable.esm-e01089c3ec4fe7817fa9abcad06cab6bdc387f95f0ca6aab4bf7ba7537f70690.js
2024-02-19T21:33:13.9212691Z I, [2024-02-19T13:33:13.889028 #2309]  INFO -- : Writing /home/runner/work/human-essentials/human-essentials/public/assets/actioncable.esm-e01089c3ec4fe7817fa9abcad06cab6bdc387f95f0ca6aab4bf7ba7537f70690.js.gz
2024-02-19T21:33:14.4007366Z Coverage report generated for RSpec to /home/runner/work/human-essentials/human-essentials/coverage. 329 / 10154 LOC (3.24%) covered.
2024-02-19T21:33:14.4783260Z ##[group]Run RUBYOPT='-W:no-deprecated -W:no-experimental' bin/knapsack_pro_rspec
2024-02-19T21:33:14.4784242Z [36;1mRUBYOPT='-W:no-deprecated -W:no-experimental' bin/knapsack_pro_rspec[0m
2024-02-19T21:33:14.4820661Z shell: /usr/bin/bash -e {0}
2024-02-19T21:33:14.4821085Z env:
2024-02-19T21:33:14.4821374Z   POSTGRES_HOST: localhost
2024-02-19T21:33:14.4821847Z   DATABASE_HOST: localhost
2024-02-19T21:33:14.4822252Z   PG_USERNAME: postgres
2024-02-19T21:33:14.4822624Z   PG_PASSWORD: password
2024-02-19T21:33:14.4823082Z   POSTGRES_HOST_AUTH_METHOD: trust
2024-02-19T21:33:14.4823459Z   POSTGRES_PORT: 5432
2024-02-19T21:33:14.4823803Z   PGHOST: localhost
2024-02-19T21:33:14.4824217Z   PGUSER: postgres
2024-02-19T21:33:14.4824544Z   RAILS_ENV: test
2024-02-19T21:33:14.4824895Z   KNAPSACK_PRO_TEST_SUITE_TOKEN_RSPEC: 
2024-02-19T21:33:14.4825379Z   KNAPSACK_PRO_CI_NODE_TOTAL: 6
2024-02-19T21:33:14.4825782Z   KNAPSACK_PRO_CI_NODE_INDEX: 1
2024-02-19T21:33:14.4826402Z   KNAPSACK_PRO_RSPEC_SPLIT_BY_TEST_EXAMPLES: true
2024-02-19T21:33:14.4826916Z   KNAPSACK_PRO_LOG_LEVEL: info
2024-02-19T21:33:14.4827530Z   KNAPSACK_PRO_TEST_FILE_PATTERN: {spec/system/**{,/*/**}/*_spec.rb,spec/requests/**{,/*/**}/*_spec.rb}
2024-02-19T21:33:14.4828229Z   EVENTS_READ: true
2024-02-19T21:33:14.4828577Z ##[endgroup]
2024-02-19T21:33:20.1441689Z W, [2024-02-19T21:33:20.143794 #2410]  WARN -- : [knapsack_pro] GET https://api-disabled-for-fork.knapsackpro.com/v1/build_distributions/last
2024-02-19T21:33:20.1443871Z W, [2024-02-19T21:33:20.143854 #2410]  WARN -- : [knapsack_pro] Request failed due to:
2024-02-19T21:33:20.1445739Z W, [2024-02-19T21:33:20.143873 #2410]  WARN -- : [knapsack_pro] #<SocketError: Failed to open TCP connection to api-disabled-for-fork.knapsackpro.com:443 (getaddrinfo: Name or service not known)>
2024-02-19T21:33:20.1449126Z W, [2024-02-19T21:33:20.143900 #2410]  WARN -- : [knapsack_pro] Slow test files fallback behaviour started. We could not connect with Knapsack Pro API to fetch last CI build test files that are needed to determine slow test files. No test files will be split by test cases. It means all test files will be split by the whole test files as if split by test cases would be disabled https://knapsackpro.com/perma/ruby/split-by-test-examples
2024-02-19T21:33:23.6489706Z W, [2024-02-19T21:33:23.648574 #2410]  WARN -- : [knapsack_pro] POST https://api-disabled-for-fork.knapsackpro.com/v1/build_distributions/subset
2024-02-19T21:33:23.6492258Z W, [2024-02-19T21:33:23.648616 #2410]  WARN -- : [knapsack_pro] Request failed due to:
2024-02-19T21:33:23.6495503Z W, [2024-02-19T21:33:23.648629 #2410]  WARN -- : [knapsack_pro] #<SocketError: Failed to open TCP connection to api-disabled-for-fork.knapsackpro.com:443 (getaddrinfo: Name or service not known)>
2024-02-19T21:33:23.6500573Z W, [2024-02-19T21:33:23.648671 #2410]  WARN -- : [knapsack_pro] Fallback mode started. We could not connect with Knapsack Pro API. Your tests will be executed based on directory names. Read more about fallback mode at https://knapsackpro.com/perma/ruby/fallback-mode
2024-02-19T21:33:23.6552428Z /opt/hostedtoolcache/Ruby/3.2.2/x64/bin/ruby -I/home/runner/work/human-essentials/human-essentials/vendor/bundle/ruby/3.2.0/gems/rspec-core-3.12.2/lib:/home/runner/work/human-essentials/human-essentials/vendor/bundle/ruby/3.2.0/gems/rspec-support-3.12.1/lib /home/runner/work/human-essentials/human-essentials/vendor/bundle/ruby/3.2.0/gems/rspec-core-3.12.2/exe/rspec  --format documentation --format KnapsackPro::Formatters::TimeTracker --default-path spec "spec/requests/adjustments_requests_spec.rb" "spec/requests/admin/partners_requests_spec.rb" "spec/requests/barcode_items_requests_spec.rb" "spec/requests/donations_requests_spec.rb" "spec/requests/partners/dashboard_requests_spec.rb" "spec/requests/partners/requests_spec.rb" "spec/requests/purchases_requests_spec.rb" "spec/requests/transfers_requests_spec.rb" "spec/system/adjustment_system_spec.rb" "spec/system/admin/users_system_spec.rb" "spec/system/distribution_system_spec.rb" "spec/system/layout_system_spec.rb" "spec/system/partner_system_spec.rb" "spec/system/partners/partner_distribution_system_spec.rb" "spec/system/question_system_spec.rb"
2024-02-19T21:33:32.0256068Z 
2024-02-19T21:33:32.0256882Z Randomized with seed 57897
2024-02-19T21:33:33.0110900Z 
2024-02-19T21:33:33.0111745Z Admin::Partners
2024-02-19T21:33:33.0112569Z   When logged in as a super admin
2024-02-19T21:33:33.0113767Z     GET #show
2024-02-19T21:33:33.1016091Z       returns http success
2024-02-19T21:33:33.1016668Z     GET #index
2024-02-19T21:33:33.1359064Z       returns http success
2024-02-19T21:33:33.1359853Z     PUT #update
2024-02-19T21:33:33.1360455Z       successful save
2024-02-19T21:33:33.1829980Z         updates partner
2024-02-19T21:33:33.2208285Z         redirects
2024-02-19T21:33:33.2209321Z       unsuccessful save due to empty params
2024-02-19T21:33:33.2779559Z         renders #edit template with error message
2024-02-19T21:33:33.2780343Z     GET #edit
2024-02-19T21:33:33.3277637Z       returns http success
2024-02-19T21:33:33.3278737Z 
2024-02-19T21:33:33.3279135Z Transfers
2024-02-19T21:33:33.3280786Z   While not signed in
2024-02-19T21:33:33.3588899Z     redirects the user to the sign-in page for CRUD actions
2024-02-19T21:33:33.3589821Z   While signed in
2024-02-19T21:33:33.3590637Z     GET #new
2024-02-19T21:33:33.4212843Z       returns http success
2024-02-19T21:33:33.4213617Z     POST #create
2024-02-19T21:33:33.4745824Z       redirects to #index when successful
2024-02-19T21:33:33.5172382Z       renders to #new when failing
2024-02-19T21:33:33.5173256Z     GET #index
2024-02-19T21:33:33.5174056Z       html
2024-02-19T21:33:33.5517171Z         is expected to be successful
2024-02-19T21:33:33.5518171Z         when filtering by date
2024-02-19T21:33:33.5518821Z           when date parameters are supplied
2024-02-19T21:33:33.6079643Z             only returns the correct obejects
2024-02-19T21:33:33.6080766Z           when date parameters are not supplied
2024-02-19T21:33:33.6606005Z             returns all objects
2024-02-19T21:33:33.6606746Z       csv
2024-02-19T21:33:33.6755641Z         is expected to be successful
2024-02-19T21:33:33.6756418Z     GET #show
2024-02-19T21:33:33.7154656Z       returns http success
2024-02-19T21:33:33.7155365Z     Looking at a different organization
2024-02-19T21:33:33.9180127Z       redirects the user to the sign-in page for CRUD actions
2024-02-19T21:33:33.9181329Z     DELETE #destroy
2024-02-19T21:33:33.9181989Z       when the transfer destroy service was not successful
2024-02-19T21:33:33.9411646Z         should set a error flash with the error message and redirect to index
2024-02-19T21:33:33.9412948Z       when the transfer destroy service was successful
2024-02-19T21:33:33.9625502Z         should set a notice flash with the success message and redirect to index
2024-02-19T21:33:33.9627077Z 
2024-02-19T21:33:33.9627656Z Distributions
2024-02-19T21:33:36.8313165Z   allows completion of corrected distribution with depleted inventory item
2024-02-19T21:33:37.5569782Z   errors if user does not fill storage_location
2024-02-19T21:33:37.5570694Z   When creating a distribution from a request
2024-02-19T21:33:38.9133203Z     maintains the connection with the request even when there are initial errors
2024-02-19T21:33:40.0946332Z     sets the distribution id and fulfilled status on the request
2024-02-19T21:33:40.0947289Z   With an existing distribution
2024-02-19T21:33:41.0765917Z     the user can reclaim it
2024-02-19T21:33:42.4405455Z     disallows the user from changing the quantity above the inventory quantity
2024-02-19T21:33:44.1024148Z     sends an email if reminders are enabled
2024-02-19T21:33:45.3887605Z     allows the user can change the issued_at date
2024-02-19T21:33:46.7003591Z     the user can make changes
2024-02-19T21:33:46.7004423Z     when one of the items has been 'deleted'
2024-02-19T21:33:47.6913093Z       the user can still reclaim it and it reactivates the item
2024-02-19T21:33:47.6913745Z     when delivery method is not shipped
2024-02-19T21:33:50.6410210Z       should not display shipping_cost field
2024-02-19T21:33:50.6411298Z     when delivery method is shipped and shipping cost is none negative
2024-02-19T21:33:51.9888507Z       should update distribution and display shipping_cost field
2024-02-19T21:33:51.9889574Z   When going to the Pick Ups & Deliveries page
2024-02-19T21:33:52.6990059Z     appears distribution in calendar with correct time & timezone
2024-02-19T21:33:52.6990788Z   When creating a new distribution manually
2024-02-19T21:33:53.3001621Z     should not display inactive storage locations in dropdown
2024-02-19T21:33:54.0305789Z     Displays a complete form after validation errors
2024-02-19T21:33:54.0306677Z     when there is insufficient inventory to fulfill the Distribution
2024-02-19T21:33:54.9799034Z       gracefully handles the error
2024-02-19T21:33:54.9800210Z     when the delivery_method is shipped and shipping cost is none-negative
2024-02-19T21:33:55.9153633Z       Allows a distribution to be created
2024-02-19T21:33:55.9154916Z     when the quantity is lower than the on hand recommended quantity
2024-02-19T21:33:56.7648841Z       should display an alert
2024-02-19T21:33:56.7649882Z     when the delivery_method is not shipped
2024-02-19T21:33:59.6647424Z       Allows a distribution to be created and shipping cost field not visible
2024-02-19T21:33:59.6648707Z     when there is a default storage location
2024-02-19T21:34:00.2752796Z       automatically selects the default storage location
2024-02-19T21:34:00.2762374Z     when the quantity is lower than the on hand minimum quantity
2024-02-19T21:34:01.1315803Z       should display an error (FAILED - 1)
2024-02-19T21:34:01.1317451Z   [0;33mHTML screenshot: /home/runner/work/human-essentials/human-essentials/tmp/screenshots/screenshot_should-display-an-error_2024-02-19-13-34-00.994.html[0m
2024-02-19T21:34:01.1319355Z   [0;33mImage screenshot: /home/runner/work/human-essentials/human-essentials/tmp/screenshots/screenshot_should-display-an-error_2024-02-19-13-34-00.994.png[0m
2024-02-19T21:34:01.1320425Z   when filtering on the index page
2024-02-19T21:34:01.6655896Z     should not display inactive storage locations in dropdown
2024-02-19T21:34:02.9545626Z     filters by item category id
2024-02-19T21:34:03.8990038Z     filters by partner
2024-02-19T21:34:05.2181160Z     filters by item id
2024-02-19T21:34:06.1705471Z     filters by state
2024-02-19T21:34:06.1706158Z     behaves like Date Range Picker
2024-02-19T21:34:06.1707333Z       when choosing 'Last Month'
2024-02-19T21:34:07.2696209Z         shows only 2 of the records
2024-02-19T21:34:07.2697035Z       when choosing a date range that only includes the previous week
2024-02-19T21:34:08.3366517Z         shows only 1 record
2024-02-19T21:34:08.3367538Z       when choosing 'All Time'
2024-02-19T21:34:09.4480759Z         shows all the records
2024-02-19T21:34:09.4482057Z   When showing a individual distribution
2024-02-19T21:34:10.0613236Z     Show partner name in title
2024-02-19T21:34:10.0613992Z   via barcode entry
2024-02-19T21:34:10.8297227Z     allows users to add items via scanning them in by barcode
2024-02-19T21:34:12.2281063Z     a user can add items that do not yet have a barcode
2024-02-19T21:34:12.2282392Z   When creating a distribution from a donation
2024-02-19T21:34:13.4922766Z     completes successfully
2024-02-19T21:34:13.4923447Z     when editing that distribution
2024-02-19T21:34:15.7298716Z       User creates a distribution from a donation then tries to make the quantity too big
2024-02-19T21:34:19.7409005Z       User creates a distribution from a donation then edits it
2024-02-19T21:34:22.3639432Z       User creates duplicate line items
2024-02-19T21:34:22.3640644Z   When creating a distribution and items have value
2024-02-19T21:34:23.4063988Z     the user sees value per item on show page
2024-02-19T21:34:24.2221565Z     the user sees total value on index page
2024-02-19T21:34:25.2435293Z     the user sees total value on show page
2024-02-19T21:34:26.0531777Z     the user sees value in row on index page
2024-02-19T21:34:26.0532675Z   When attempting to edit a distribution
2024-02-19T21:34:26.0533471Z     after the distribution issued_at has passed or it has been marked complete
2024-02-19T21:34:27.0670953Z       cannot be accessed directly
2024-02-19T21:34:27.8925005Z       does not contain a Edit button
2024-02-19T21:34:27.8925846Z     when logged as Admin
2024-02-19T21:34:28.5513485Z       can be accessed directly
2024-02-19T21:34:29.5197295Z       can click on Edit button and a warning appears
2024-02-19T21:34:29.5198228Z 
2024-02-19T21:34:29.5198640Z Donations
2024-02-19T21:34:29.5199735Z   while signed in
2024-02-19T21:34:29.5201680Z     when an non-finalized audit has been performed on the donated items
2024-02-19T21:34:29.6716575Z       does not shows a warning
2024-02-19T21:34:29.6717421Z     when no audit has been performed
2024-02-19T21:34:29.7755933Z       doesn't show a warning
2024-02-19T21:34:29.7756731Z     GET #index
2024-02-19T21:34:29.7757348Z       html
2024-02-19T21:34:29.8259244Z         is expected to be successful
2024-02-19T21:34:29.8259840Z       csv
2024-02-19T21:34:29.8538042Z         is expected to be successful
2024-02-19T21:34:29.8539056Z     GET #edit
2024-02-19T21:34:29.8539825Z       when an finalized audit has been performed on the donated items
2024-02-19T21:34:30.0033442Z         shows a warning
2024-02-19T21:34:30.0034475Z 
2024-02-19T21:34:30.0034808Z Adjustments
2024-02-19T21:34:30.0039030Z   while signed in
2024-02-19T21:34:30.0040388Z     GET #new
2024-02-19T21:34:30.0521665Z       is successful
2024-02-19T21:34:30.0522436Z     GET #index
2024-02-19T21:34:30.0523261Z       csv
2024-02-19T21:34:30.0796608Z         is expected to be successful
2024-02-19T21:34:30.0797509Z       html
2024-02-19T21:34:30.1250489Z         is successful
2024-02-19T21:34:30.1251261Z         when filtering by date
2024-02-19T21:34:30.1251994Z           when date parameters are supplied
2024-02-19T21:34:30.1807351Z             only returns the correct objects
2024-02-19T21:34:30.1808194Z           when date parameters are not supplied
2024-02-19T21:34:30.2381742Z             returns all objects
2024-02-19T21:34:30.2382528Z     POST #create
2024-02-19T21:34:30.2383665Z       with invalid params
2024-02-19T21:34:30.2789331Z         assigns a newly created but unsaved adjustment as @adjustment
2024-02-19T21:34:30.3173260Z         re-renders the 'new' template
2024-02-19T21:34:30.3174395Z       with valid params
2024-02-19T21:34:30.3518751Z         assigns a user id from the current user
2024-02-19T21:34:30.3828049Z         assigns a newly created adjustment as @adjustment
2024-02-19T21:34:30.4151278Z         redirects to the #show after created adjustment
2024-02-19T21:34:30.4467124Z         creates a new Adjustment
2024-02-19T21:34:30.4467889Z     GET #show
2024-02-19T21:34:30.4844949Z       is expected to be successful
2024-02-19T21:34:30.4845564Z 
2024-02-19T21:34:30.4845785Z /partners/requests
2024-02-19T21:34:30.4847381Z   GET #show
2024-02-19T21:34:30.5631282Z     should give a 404 error if forbidden
2024-02-19T21:34:30.6113505Z     should give a 404 error if not found
2024-02-19T21:34:30.6633047Z     should render without any issues
2024-02-19T21:34:30.6633854Z   POST #create
2024-02-19T21:34:30.6634472Z     when given invalid parameters
2024-02-19T21:34:30.7253215Z       should not redirect
2024-02-19T21:34:30.7254035Z     when given valid parameters
2024-02-19T21:34:30.7762946Z       should redirect to the show page
2024-02-19T21:34:30.7763782Z   GET #index
2024-02-19T21:34:30.8327404Z     should display total count of items in partner request
2024-02-19T21:34:30.8767698Z     should render without any issues
2024-02-19T21:34:30.8768402Z   GET #new
2024-02-19T21:34:30.9273109Z     should render without any issues
2024-02-19T21:34:30.9273939Z 
2024-02-19T21:34:30.9274210Z /partners/dashboard
2024-02-19T21:34:31.0410160Z   displays upcoming distributions
2024-02-19T21:34:31.0410805Z   with just partner role
2024-02-19T21:34:31.0938503Z     should not display the switch link
2024-02-19T21:34:31.0939646Z   GET #index
2024-02-19T21:34:31.1783383Z     does not display requests in other states
2024-02-19T21:34:31.2555213Z     displays requests that are pending
2024-02-19T21:34:31.2556312Z   BroadcastAnnouncement card
2024-02-19T21:34:31.3142796Z     doesn't display announcements if there are not valid ones
2024-02-19T21:34:31.3668604Z     doesn't display announcements from super admins
2024-02-19T21:34:31.4210306Z     displays announcements if there are valid ones
2024-02-19T21:34:31.4211291Z   with both roles
2024-02-19T21:34:31.4800755Z     should include the switch link
2024-02-19T21:34:31.4801942Z 
2024-02-19T21:34:31.4802209Z Purchases
2024-02-19T21:34:31.4803288Z   While signed in as a user >
2024-02-19T21:34:31.4805235Z     GET #edit
2024-02-19T21:34:31.5579068Z       returns http success
2024-02-19T21:34:31.6131492Z       storage location is correct
2024-02-19T21:34:31.6132346Z       when no audit has been performed
2024-02-19T21:34:31.7280340Z         does not show a warning
2024-02-19T21:34:31.7281960Z       when non-finalized audit has been performed on the purchased items
2024-02-19T21:34:31.8679905Z         does not show a warning
2024-02-19T21:34:31.8680988Z       when an finalized audit has been performed on the purchased items
2024-02-19T21:34:32.0078685Z         shows a warning
2024-02-19T21:34:32.0079395Z     PUT#update
2024-02-19T21:34:32.0475210Z       redirects to index after update
2024-02-19T21:34:32.1677819Z       updates storage quantity correctly
2024-02-19T21:34:32.1678688Z       when removing a line item
2024-02-19T21:34:32.2875496Z         updates storage invetory item quantity correctly
2024-02-19T21:34:32.2876408Z       when changing storage location
2024-02-19T21:34:32.4179366Z         updates storage quantity correctly
2024-02-19T21:34:32.4222932Z         rollsback updates if quantity would go below 0
2024-02-19T21:34:32.4223798Z     GET #show
2024-02-19T21:34:32.4665815Z       returns http success
2024-02-19T21:34:32.4666787Z     DELETE #destroy
2024-02-19T21:34:32.4906559Z       redirects to the dashboard
2024-02-19T21:34:32.5144628Z       does not delete a purchase
2024-02-19T21:34:32.5146285Z     GET #index
2024-02-19T21:34:32.5147753Z       csv
2024-02-19T21:34:32.5472282Z         is expected to be successful
2024-02-19T21:34:32.5472935Z       html
2024-02-19T21:34:32.5918259Z         is expected to be successful
2024-02-19T21:34:32.5919457Z     GET #new
2024-02-19T21:34:32.6422871Z       is expected to be successful
2024-02-19T21:34:32.6423616Z     POST#create
2024-02-19T21:34:32.6424421Z       on failure
2024-02-19T21:34:32.6964869Z         renders GET#new with error
2024-02-19T21:34:32.6965840Z       on success
2024-02-19T21:34:32.7421229Z         redirects to GET#edit
2024-02-19T21:34:32.7861514Z         accepts :amount_spent_in_cents with dollar signs, commas, and periods
2024-02-19T21:34:32.8414132Z         storage location defaults to organizations storage location
2024-02-19T21:34:32.8415421Z   While signed in as an organizational admin
2024-02-19T21:34:32.8416460Z     DELETE #destroy
2024-02-19T21:34:32.9474947Z       decreases storage location inventory
2024-02-19T21:34:32.9850096Z       displays the proper flash notice
2024-02-19T21:34:33.0239565Z       deletes a purchase
2024-02-19T21:34:33.0611058Z       redirects to the index
2024-02-19T21:34:33.0611662Z 
2024-02-19T21:34:33.0612116Z Adjustment management
2024-02-19T21:34:33.8966202Z   can filter the #index by storage location
2024-02-19T21:34:34.4152186Z   should not display inactive storage locations in dropdown
2024-02-19T21:34:35.2320361Z   can filter the #index by user
2024-02-19T21:34:35.2321165Z   behaves like Date Range Picker
2024-02-19T21:34:35.2322429Z     when choosing 'All Time'
2024-02-19T21:34:36.1968443Z       shows all the records
2024-02-19T21:34:36.1969260Z     when choosing a date range that only includes the previous week
2024-02-19T21:34:37.1498613Z       shows only 1 record
2024-02-19T21:34:37.1499764Z     when choosing 'Last Month'
2024-02-19T21:34:38.1270942Z       shows only 2 of the records
2024-02-19T21:34:38.1271947Z   With a new adjustment
2024-02-19T21:34:38.6237290Z     should not display inactive storage locations in dropdown
2024-02-19T21:34:38.6238216Z     with a storage location that has inventory
2024-02-19T21:34:40.0103615Z       Does not include inactive items in the line item fields
2024-02-19T21:34:41.1415000Z       can add an inventory adjustment at a storage location
2024-02-19T21:34:43.0068800Z       politely informs the user that they're adjusting way too hard
2024-02-19T21:34:44.1387839Z       can subtract an inventory adjustment at a storage location
2024-02-19T21:34:46.0579689Z       politely informs the user if they try to adjust down below zero, even if they use multiple adjustments to do so
2024-02-19T21:34:46.0580638Z     with a storage location that is bare
2024-02-19T21:34:47.2339317Z       allows you to choose items that do not yet exist
2024-02-19T21:34:47.2339984Z 
2024-02-19T21:34:47.2340159Z Question search
2024-02-19T21:34:47.2341012Z   while logged in
2024-02-19T21:34:47.8727857Z     filters by question title
2024-02-19T21:34:47.8728452Z 
2024-02-19T21:34:47.8732386Z Layout
2024-02-19T21:34:47.8733518Z   Body CSS Data
2024-02-19T21:34:48.6769388Z     sets the ID to the controller and the class to the action
2024-02-19T21:34:48.6770263Z 
2024-02-19T21:34:48.6770557Z Partner Distributions
2024-02-19T21:34:48.6771747Z   Distributions
2024-02-19T21:34:49.2795512Z     displays upcoming distributions
2024-02-19T21:34:49.8862641Z     displays prior distributions
2024-02-19T21:34:49.8863543Z 
2024-02-19T21:34:49.8863905Z Admin Users Management
2024-02-19T21:34:49.8864919Z   While signed in as an Administrative User (super admin)
2024-02-19T21:34:50.9388621Z     filters users by name
2024-02-19T21:34:52.1824032Z     adds a role
2024-02-19T21:34:52.9326460Z     deletes an existing user
2024-02-19T21:34:53.4197325Z     filters users by email
2024-02-19T21:34:54.4964266Z     edits an existing user
2024-02-19T21:34:55.5662638Z     creates an user
2024-02-19T21:34:55.5663560Z 
2024-02-19T21:34:55.5663929Z BarcodeItems
2024-02-19T21:34:55.5665054Z   While signed in
2024-02-19T21:34:55.5666761Z     GET #new
2024-02-19T21:34:55.6035691Z       returns http success
2024-02-19T21:34:55.6036460Z     GET #find
2024-02-19T21:34:55.6037409Z       via ajax
2024-02-19T21:34:55.8085495Z         can find a barcode that's universally available
2024-02-19T21:34:56.0092772Z         can find a barcode that is scoped to just this organization
2024-02-19T21:34:56.0093779Z         when it's missing
2024-02-19T21:34:56.2221335Z           returns a 404
2024-02-19T21:34:56.2222053Z     GET #edit
2024-02-19T21:34:56.2223381Z       with a global barcode item
2024-02-19T21:34:56.2545172Z         returns a 404
2024-02-19T21:34:56.2545843Z       with a normal barcode item
2024-02-19T21:34:56.2985139Z         returns http success
2024-02-19T21:34:56.2985896Z     DELETE #destroy
2024-02-19T21:34:56.3200240Z       disallows a non-superadmin to delete a global barcode
2024-02-19T21:34:56.5130247Z       disallows a user to delete someone else's barcode
2024-02-19T21:34:56.5462891Z       redirects to the index
2024-02-19T21:34:56.5463642Z     GET #show
2024-02-19T21:34:56.5464414Z       with a global barcode item
2024-02-19T21:34:56.5776224Z         returns a 404
2024-02-19T21:34:56.5776955Z       with a normal barcode item
2024-02-19T21:34:56.6165950Z         returns http success
2024-02-19T21:34:56.6166853Z     GET #index
2024-02-19T21:34:56.6167393Z       html
2024-02-19T21:34:56.6612027Z         is expected to be successful
2024-02-19T21:34:56.6612816Z       csv
2024-02-19T21:34:56.6852484Z         is expected to be successful
2024-02-19T21:34:56.6853462Z     Looking at a different organization
2024-02-19T21:34:56.8655497Z       redirects the user to the sign-in page for CRUD actions
2024-02-19T21:34:56.8656591Z 
2024-02-19T21:34:56.8656895Z Partner management
2024-02-19T21:34:56.8659248Z   changing partner group association
2024-02-19T21:34:56.8660201Z     when the partner has no partner group
2024-02-19T21:34:57.3869517Z       it should say they can request every item
2024-02-19T21:34:57.3870362Z     when a partner is assigned to partner group
2024-02-19T21:34:57.3870910Z       that has no requestable item categories
2024-02-19T21:34:58.4609189Z         should properly indicate the requestable items and adjust the partners requestable items
2024-02-19T21:34:58.4610028Z       that has requestable item categories
2024-02-19T21:34:59.6256831Z         should properly indicate the requestable items and adjust the partners requestable items
2024-02-19T21:34:59.6257964Z   #new
2024-02-19T21:35:00.1601911Z     should not display inactive storage locations in dropdown
2024-02-19T21:35:00.9695140Z     disallows a user from creating a new partner with empty name
2024-02-19T21:35:01.9856672Z     User can add a new partner
2024-02-19T21:35:01.9857411Z   requesting recertification of a partner
2024-02-19T21:35:01.9858953Z     GIVEN a user goes through the process of requesting recertification of partner
2024-02-19T21:35:02.9170054Z       should notify the user that its been successful and change the partner status
2024-02-19T21:35:02.9171280Z   #approve_partner
2024-02-19T21:35:02.9171853Z     when partner has :invited status
2024-02-19T21:35:03.8139209Z       is expected to have visible link or button "Approve Partner"
2024-02-19T21:35:03.8140272Z     when partner has :awaiting_review status
2024-02-19T21:35:04.7407693Z       is expected to have visible link or button "Approve Partner"
2024-02-19T21:35:04.7409197Z     when viewing a partner's users
2024-02-19T21:35:05.4158782Z       can show users of a partner
2024-02-19T21:35:05.4159740Z   #index
2024-02-19T21:35:06.0932022Z     shows invite button only for unapproved partners
2024-02-19T21:35:06.7018677Z     displays the partner agency names in alphabetical order
2024-02-19T21:35:07.7943251Z     allows a user to invite a partner
2024-02-19T21:35:07.7943981Z     when filtering
2024-02-19T21:35:08.6222681Z       allows the user to click on one of the statuses at the top to filter the results
2024-02-19T21:35:08.6223781Z     when exporting as CSV
2024-02-19T21:35:08.6224252Z       when filtering
2024-02-19T21:35:09.6104163Z         preserves the filter constraints in the CSV output
2024-02-19T21:35:09.6104967Z   partner group management
2024-02-19T21:35:09.6105863Z     creating a new partner group
2024-02-19T21:35:10.9494396Z       should allow creating a new partner group with item categories
2024-02-19T21:35:10.9495160Z     editing a existing partner group
2024-02-19T21:35:14.4532719Z       should allow updating the partner name
2024-02-19T21:35:14.4533460Z   #edit
2024-02-19T21:35:15.2531334Z     User can update a partner
2024-02-19T21:35:16.1946136Z     User can uncheck send_reminders
2024-02-19T21:35:16.9604673Z     prevents a user from updating a partner with empty name
2024-02-19T21:35:16.9605760Z   adding a new partner and inviting them
2024-02-19T21:35:16.9606711Z     when adding a partner incorrectly
2024-02-19T21:35:17.9847192Z       should have not added a new partner and indicate the failure
2024-02-19T21:35:17.9848065Z     when adding & inviting a partner successfully
2024-02-19T21:35:19.3635993Z       should have added the partner and invited them
2024-02-19T21:35:19.3637132Z   approving a partner that is awaiting approval
2024-02-19T21:35:19.3637942Z     when the approval succeeds
2024-02-19T21:35:20.4463045Z       should approve the partner
2024-02-19T21:35:20.4464189Z     when the approval does not succeed
2024-02-19T21:35:21.4928939Z       should show an error message and not approve the partner
2024-02-19T21:35:21.4929610Z   #show
2024-02-19T21:35:21.4930614Z     when exporting as CSV
2024-02-19T21:35:21.4931593Z       when filtering
2024-02-19T21:35:22.3838669Z         preserves the filter constraints in the CSV output
2024-02-19T21:35:22.3839829Z     when viewing an invited partner as a partner
2024-02-19T21:35:22.9816211Z       redirects user to partners page root page (dashboard) with error message
2024-02-19T21:35:22.9817141Z     when viewing an uninvited partner
2024-02-19T21:35:23.5257124Z       only has an edit option available
2024-02-19T21:35:23.5257734Z     when viewing a deactivated partner
2024-02-19T21:35:24.0139198Z       allows reactivation
2024-02-19T21:35:24.0140177Z   one step inviting a partner
2024-02-19T21:35:24.0143423Z     when one step partner invite setting is off
2024-02-19T21:35:24.4845117Z       does not show invite and approve button
2024-02-19T21:35:24.4846349Z     when partner is uninvited and one step partner invite setting is on
2024-02-19T21:35:24.9557548Z Modal window with text `One step invite and approve Leslie Sue, the 121 to begin using the partner application?` has been opened, but you didn't wrap your code into (`accept_prompt` | `dismiss_prompt` | `accept_confirm` | `dismiss_confirm` | `accept_alert`), accepting by default
2024-02-19T21:35:25.3046070Z       shows Invite and Approve button and approves the partner when clicked
2024-02-19T21:35:25.3236585Z W, [2024-02-19T13:35:25.323419 #2465]  WARN -- : [knapsack_pro] POST https://api-disabled-for-fork.knapsackpro.com/v1/build_subsets
2024-02-19T21:35:25.3238096Z W, [2024-02-19T13:35:25.323471 #2465]  WARN -- : [knapsack_pro] Request failed due to:
2024-02-19T21:35:25.3239844Z W, [2024-02-19T13:35:25.323494 #2465]  WARN -- : [knapsack_pro] #<SocketError: Failed to open TCP connection to api-disabled-for-fork.knapsackpro.com:443 (getaddrinfo: Name or service not known)>
2024-02-19T21:35:25.3242141Z W, [2024-02-19T13:35:25.323524 #2465]  WARN -- : [knapsack_pro] Time execution report was not saved on Knapsack Pro API server due to connection problem.
2024-02-19T21:35:25.3847693Z 
2024-02-19T21:35:25.3848788Z Deprecation Warnings:
2024-02-19T21:35:25.3849283Z 
2024-02-19T21:35:25.3849641Z Failures:
2024-02-19T21:35:25.3851591Z 
2024-02-19T21:35:25.3855885Z Using `should` from rspec-expectations' old `:should` syntax without explicitly enabling the syntax is deprecated. Use the new `:expect` syntax or explicitly enable `:should` with `config.expect_with(:rspec) { |c| c.syntax = :should }` instead. Called from /home/runner/work/human-essentials/human-essentials/spec/system/partner_system_spec.rb:140:in `block (5 levels) in <top (required)>'.
2024-02-19T21:35:25.3859047Z 
2024-02-19T21:35:25.3859055Z 
2024-02-19T21:35:25.3861508Z 
2024-02-19T21:35:25.3863041Z   1) Distributions When creating a new distribution manually when the quantity is lower than the on hand minimum quantity should display an error
2024-02-19T21:35:25.3865264Z      Failure/Error: select item.name, from: "distribution_line_items_attributes_0_item_id"
2024-02-19T21:35:25.3866088Z 
2024-02-19T21:35:25.3866326Z      Ferrum::JavaScriptError:
2024-02-19T21:35:25.3867444Z        TypeError: Cannot read properties of null (reading 'dispatchEvent')
2024-02-19T21:35:25.3868425Z            at Cuprite.trigger (<anonymous>:412:10)
2024-02-19T21:35:25.3869143Z            at Cuprite.select (<anonymous>:359:12)
2024-02-19T21:35:25.3870058Z            at HTMLOptionElement.<anonymous> (<anonymous>:1:31)
2024-02-19T21:35:25.3870664Z 
2024-02-19T21:35:25.3872808Z      [Screenshot Image]: /home/runner/work/human-essentials/human-essentials/tmp/capybara/failures_r_spec_example_groups_distributions_when_creating_a_new_distribution_manually_when_the_quantity_is_lower_than_the_on_hand_minimum_quantity_should_display_an_error_212.png
2024-02-19T21:35:25.3874924Z 
2024-02-19T21:35:25.3874931Z 
2024-02-19T21:35:25.3875492Z      # ./spec/system/distribution_system_spec.rb:99:in `block (4 levels) in <top (required)>'
2024-02-19T21:35:25.3876790Z 
2024-02-19T21:35:25.3877005Z 1 deprecation warning total
2024-02-19T21:35:25.3877409Z 
2024-02-19T21:35:25.3877816Z Finished in 1 minute 53.3 seconds (files took 8.14 seconds to load)
2024-02-19T21:35:25.3878693Z 186 examples, 1 failure
2024-02-19T21:35:25.3879093Z 
2024-02-19T21:35:25.3879322Z Failed examples:
2024-02-19T21:35:25.3879604Z 
2024-02-19T21:35:25.3881184Z rspec ./spec/system/distribution_system_spec.rb:88 # Distributions When creating a new distribution manually when the quantity is lower than the on hand minimum quantity should display an error
2024-02-19T21:35:25.3883059Z 
2024-02-19T21:35:25.3883270Z Randomized with seed 57897
2024-02-19T21:35:25.3883764Z 
2024-02-19T21:35:25.3887704Z If you need more of the backtrace for any of these deprecations to
2024-02-19T21:35:25.3888935Z identify where to make the necessary changes, you can configure
2024-02-19T21:35:25.3890155Z `config.raise_errors_for_deprecations!`, and it will turn the
2024-02-19T21:35:25.3891664Z deprecation warnings into errors, giving you the full backtrace.
2024-02-19T21:35:25.8705661Z Stopped processing SimpleCov as a previous error not related to SimpleCov has been detected
2024-02-19T21:35:25.8708833Z Coverage report generated for RSpec to /home/runner/work/human-essentials/human-essentials/coverage. 3979 / 6395 LOC (62.22%) covered.
2024-02-19T21:35:25.9940224Z /opt/hostedtoolcache/Ruby/3.2.2/x64/bin/ruby -I/home/runner/work/human-essentials/human-essentials/vendor/bundle/ruby/3.2.0/gems/rspec-core-3.12.2/lib:/home/runner/work/human-essentials/human-essentials/vendor/bundle/ruby/3.2.0/gems/rspec-support-3.12.1/lib /home/runner/work/human-essentials/human-essentials/vendor/bundle/ruby/3.2.0/gems/rspec-core-3.12.2/exe/rspec  --format documentation --format KnapsackPro::Formatters::TimeTracker --default-path spec "spec/requests/adjustments_requests_spec.rb" "spec/requests/admin/partners_requests_spec.rb" "spec/requests/barcode_items_requests_spec.rb" "spec/requests/donations_requests_spec.rb" "spec/requests/partners/dashboard_requests_spec.rb" "spec/requests/partners/requests_spec.rb" "spec/requests/purchases_requests_spec.rb" "spec/requests/transfers_requests_spec.rb" "spec/system/adjustment_system_spec.rb" "spec/system/admin/users_system_spec.rb" "spec/system/distribution_system_spec.rb" "spec/system/layout_system_spec.rb" "spec/system/partner_system_spec.rb" "spec/system/partners/partner_distribution_system_spec.rb" "spec/system/question_system_spec.rb" failed
2024-02-19T21:35:26.3866619Z Stopped processing SimpleCov as a previous error not related to SimpleCov has been detected
2024-02-19T21:35:26.3868582Z Coverage report generated for RSpec to /home/runner/work/human-essentials/human-essentials/coverage. 38 / 10639 LOC (0.36%) covered.
2024-02-19T21:35:26.4171856Z ##[error]Process completed with exit code 1.
2024-02-19T21:35:26.4247063Z ##[group]Run actions/upload-artifact@v2
2024-02-19T21:35:26.4247568Z with:
2024-02-19T21:35:26.4247929Z   name: failed-browser-tests
2024-02-19T21:35:26.4438343Z   path: tmp/capybara
2024-02-19T21:35:26.4438751Z   if-no-files-found: warn
2024-02-19T21:35:26.4439031Z ##[endgroup]
2024-02-19T21:35:26.4990009Z ##[warning]No files were found with the provided path: tmp/capybara. No artifacts will be uploaded.
2024-02-19T21:35:26.5074401Z Post job cleanup.
2024-02-19T21:35:26.6099006Z [command]/usr/bin/git version
2024-02-19T21:35:26.6151846Z git version 2.43.0
2024-02-19T21:35:26.6196665Z Temporarily overriding HOME='/home/runner/work/_temp/9cd58e9b-ee94-4882-9f6c-d6baf414d2d7' before making global git config changes
2024-02-19T21:35:26.6198458Z Adding repository directory to the temporary git global config as a safe directory
2024-02-19T21:35:26.6203457Z [command]/usr/bin/git config --global --add safe.directory /home/runner/work/human-essentials/human-essentials
2024-02-19T21:35:26.6252320Z [command]/usr/bin/git config --local --name-only --get-regexp core\.sshCommand
2024-02-19T21:35:26.6297956Z [command]/usr/bin/git submodule foreach --recursive sh -c "git config --local --name-only --get-regexp 'core\.sshCommand' && git config --local --unset-all 'core.sshCommand' || :"
2024-02-19T21:35:26.6559469Z [command]/usr/bin/git config --local --name-only --get-regexp http\.https\:\/\/github\.com\/\.extraheader
2024-02-19T21:35:26.6593540Z http.https://github.com/.extraheader
2024-02-19T21:35:26.6603654Z [command]/usr/bin/git config --local --unset-all http.https://github.com/.extraheader
2024-02-19T21:35:26.6645012Z [command]/usr/bin/git submodule foreach --recursive sh -c "git config --local --name-only --get-regexp 'http\.https\:\/\/github\.com\/\.extraheader' && git config --local --unset-all 'http.https://github.com/.extraheader' || :"
2024-02-19T21:35:26.7037697Z Print service container logs: 064bd89cc77a4f5aaf68435abc5e4a0a_postgres123_64a9c9
2024-02-19T21:35:26.7043430Z ##[command]/usr/bin/docker logs --details 72e3bd5703eece20de8d8d70ffe9b2e5e428a8cfd7a4b565671ae4390dc6c3d7
2024-02-19T21:35:26.7161781Z  The files belonging to this database system will be owned by user "postgres".
2024-02-19T21:35:26.7163196Z  This user must also own the server process.
2024-02-19T21:35:26.7165348Z  initdb: warning: enabling "trust" authentication for local connections
2024-02-19T21:35:26.7166436Z  You can change this by editing pg_hba.conf or using the option -A, or
2024-02-19T21:35:26.7167382Z  --auth-local and --auth-host, the next time you run initdb.
2024-02-19T21:35:26.7168934Z  2024-02-19 21:32:02.228 UTC [1] LOG:  starting PostgreSQL 12.3 (Debian 12.3-1.pgdg100+1) on x86_64-pc-linux-gnu, compiled by gcc (Debian 8.3.0-6) 8.3.0, 64-bit
2024-02-19T21:35:26.7170636Z  2024-02-19 21:32:02.228 UTC [1] LOG:  listening on IPv4 address "0.0.0.0", port 5432
2024-02-19T21:35:26.7171757Z  2024-02-19 21:32:02.228 UTC [1] LOG:  listening on IPv6 address "::", port 5432
2024-02-19T21:35:26.7172957Z  2024-02-19 21:32:02.230 UTC [1] LOG:  listening on Unix socket "/var/run/postgresql/.s.PGSQL.5432"
2024-02-19T21:35:26.7174254Z  2024-02-19 21:32:02.241 UTC [56] LOG:  database system was shut down at 2024-02-19 21:32:02 UTC
2024-02-19T21:35:26.7175441Z  2024-02-19 21:32:02.245 UTC [1] LOG:  database system is ready to accept connections
2024-02-19T21:35:26.7176460Z  2024-02-19 21:32:11.435 UTC [70] FATAL:  role "root" does not exist
2024-02-19T21:35:26.7177366Z  2024-02-19 21:32:21.531 UTC [78] FATAL:  role "root" does not exist
2024-02-19T21:35:26.7178267Z  2024-02-19 21:32:31.621 UTC [86] FATAL:  role "root" does not exist
2024-02-19T21:35:26.7179239Z  2024-02-19 21:32:32.087 UTC [87] FATAL:  database "diaper_test" does not exist
2024-02-19T21:35:26.7180622Z  2024-02-19 21:32:38.848 UTC [89] ERROR:  relation "flipper_gates" does not exist at character 491
2024-02-19T21:35:26.7182041Z  2024-02-19 21:32:38.848 UTC [89] STATEMENT:  SELECT a.attname, format_type(a.atttypid, a.atttypmod),
2024-02-19T21:35:26.7183263Z  	       pg_get_expr(d.adbin, d.adrelid), a.attnotnull, a.atttypid, a.atttypmod,
2024-02-19T21:35:26.7184240Z  	       c.collname, col_description(a.attrelid, a.attnum) AS comment,
2024-02-19T21:35:26.7184997Z  	       attgenerated as attgenerated
2024-02-19T21:35:26.7185539Z  	  FROM pg_attribute a
2024-02-19T21:35:26.7186246Z  	  LEFT JOIN pg_attrdef d ON a.attrelid = d.adrelid AND a.attnum = d.adnum
2024-02-19T21:35:26.7187151Z  	  LEFT JOIN pg_type t ON a.atttypid = t.oid
2024-02-19T21:35:26.7188105Z  	  LEFT JOIN pg_collation c ON a.attcollation = c.oid AND a.attcollation <> t.typcollation
2024-02-19T21:35:26.7188696Z  	 WHERE a.attrelid = '"flipper_gates"'::regclass
2024-02-19T21:35:26.7189106Z  	   AND a.attnum > 0 AND NOT a.attisdropped
2024-02-19T21:35:26.7189453Z  	 ORDER BY a.attnum
2024-02-19T21:35:26.7189705Z  	
2024-02-19T21:35:26.7190045Z  2024-02-19 21:32:41.711 UTC [100] FATAL:  role "root" does not exist
2024-02-19T21:35:26.7190595Z  2024-02-19 21:32:51.789 UTC [109] FATAL:  role "root" does not exist
2024-02-19T21:35:26.7191131Z  2024-02-19 21:33:01.887 UTC [117] FATAL:  role "root" does not exist
2024-02-19T21:35:26.7191943Z  2024-02-19 21:33:11.985 UTC [126] FATAL:  role "root" does not exist
2024-02-19T21:35:26.7192476Z  2024-02-19 21:33:22.073 UTC [134] FATAL:  role "root" does not exist
2024-02-19T21:35:26.7193003Z  2024-02-19 21:33:32.164 UTC [143] FATAL:  role "root" does not exist
2024-02-19T21:35:26.7193525Z  2024-02-19 21:33:42.246 UTC [152] FATAL:  role "root" does not exist
2024-02-19T21:35:26.7194044Z  2024-02-19 21:33:52.343 UTC [160] FATAL:  role "root" does not exist
2024-02-19T21:35:26.7194566Z  2024-02-19 21:34:02.431 UTC [168] FATAL:  role "root" does not exist
2024-02-19T21:35:26.7194970Z  
2024-02-19T21:35:26.7195308Z  2024-02-19 21:34:12.524 UTC [177] FATAL:  role "root" does not exist
2024-02-19T21:35:26.7196094Z  2024-02-19 21:34:22.608 UTC [185] FATAL:  role "root" does not exist
2024-02-19T21:35:26.7196632Z  2024-02-19 21:34:32.691 UTC [193] FATAL:  role "root" does not exist
2024-02-19T21:35:26.7197159Z  2024-02-19 21:34:42.789 UTC [202] FATAL:  role "root" does not exist
2024-02-19T21:35:26.7197679Z  2024-02-19 21:34:52.884 UTC [210] FATAL:  role "root" does not exist
2024-02-19T21:35:26.7198188Z  2024-02-19 21:35:02.978 UTC [218] FATAL:  role "root" does not exist
2024-02-19T21:35:26.7198700Z  2024-02-19 21:35:13.063 UTC [227] FATAL:  role "root" does not exist
2024-02-19T21:35:26.7199216Z  2024-02-19 21:35:23.162 UTC [235] FATAL:  role "root" does not exist
2024-02-19T21:35:26.7199767Z  The database cluster will be initialized with locale "en_US.utf8".
2024-02-19T21:35:26.7200339Z  The default database encoding has accordingly been set to "UTF8".
2024-02-19T21:35:26.7200896Z  The default text search configuration will be set to "english".
2024-02-19T21:35:26.7201553Z  
2024-02-19T21:35:26.7201924Z  Data page checksums are disabled.
2024-02-19T21:35:26.7202404Z  
2024-02-19T21:35:26.7202991Z  fixing permissions on existing directory /var/lib/postgresql/data ... ok
2024-02-19T21:35:26.7203589Z  creating subdirectories ... ok
2024-02-19T21:35:26.7203992Z  selecting dynamic shared memory implementation ... posix
2024-02-19T21:35:26.7204439Z  selecting default max_connections ... 100
2024-02-19T21:35:26.7204824Z  selecting default shared_buffers ... 128MB
2024-02-19T21:35:26.7205204Z  selecting default time zone ... Etc/UTC
2024-02-19T21:35:26.7205547Z  creating configuration files ... ok
2024-02-19T21:35:26.7205887Z  running bootstrap script ... ok
2024-02-19T21:35:26.7206253Z  performing post-bootstrap initialization ... ok
2024-02-19T21:35:26.7206634Z  syncing data to disk ... ok
2024-02-19T21:35:26.7206907Z  
2024-02-19T21:35:26.7207099Z  
2024-02-19T21:35:26.7207383Z  Success. You can now start the database server using:
2024-02-19T21:35:26.7207753Z  
2024-02-19T21:35:26.7208039Z      pg_ctl -D /var/lib/postgresql/data -l logfile start
2024-02-19T21:35:26.7208410Z  
2024-02-19T21:35:26.7209207Z  waiting for server to start....2024-02-19 21:32:02.025 UTC [47] LOG:  starting PostgreSQL 12.3 (Debian 12.3-1.pgdg100+1) on x86_64-pc-linux-gnu, compiled by gcc (Debian 8.3.0-6) 8.3.0, 64-bit
2024-02-19T21:35:26.7210350Z  2024-02-19 21:32:02.025 UTC [47] LOG:  listening on Unix socket "/var/run/postgresql/.s.PGSQL.5432"
2024-02-19T21:35:26.7211119Z  2024-02-19 21:32:02.037 UTC [48] LOG:  database system was shut down at 2024-02-19 21:32:01 UTC
2024-02-19T21:35:26.7211832Z  2024-02-19 21:32:02.041 UTC [47] LOG:  database system is ready to accept connections
2024-02-19T21:35:26.7212316Z   done
2024-02-19T21:35:26.7212521Z  server started
2024-02-19T21:35:26.7212755Z  
2024-02-19T21:35:26.7213155Z  /usr/local/bin/docker-entrypoint.sh: ignoring /docker-entrypoint-initdb.d/*
2024-02-19T21:35:26.7213643Z  
2024-02-19T21:35:26.7213973Z  2024-02-19 21:32:02.117 UTC [47] LOG:  received fast shutdown request
2024-02-19T21:35:26.7214692Z  waiting for server to shut down....2024-02-19 21:32:02.117 UTC [47] LOG:  aborting any active transactions
2024-02-19T21:35:26.7215595Z  2024-02-19 21:32:02.119 UTC [47] LOG:  background worker "logical replication launcher" (PID 54) exited with exit code 1
2024-02-19T21:35:26.7216452Z  2024-02-19 21:32:02.119 UTC [49] LOG:  shutting down
2024-02-19T21:35:26.7216926Z  2024-02-19 21:32:02.126 UTC [47] LOG:  database system is shut down
2024-02-19T21:35:26.7217342Z   done
2024-02-19T21:35:26.7217555Z  server stopped
2024-02-19T21:35:26.7217785Z  
2024-02-19T21:35:26.7218076Z  PostgreSQL init process complete; ready for start up.
2024-02-19T21:35:26.7218456Z  
2024-02-19T21:35:26.7224264Z Stop and remove container: 064bd89cc77a4f5aaf68435abc5e4a0a_postgres123_64a9c9
2024-02-19T21:35:26.7229978Z ##[command]/usr/bin/docker rm --force 72e3bd5703eece20de8d8d70ffe9b2e5e428a8cfd7a4b565671ae4390dc6c3d7
2024-02-19T21:35:26.9301138Z 72e3bd5703eece20de8d8d70ffe9b2e5e428a8cfd7a4b565671ae4390dc6c3d7
2024-02-19T21:35:26.9326086Z Remove container network: github_network_3ba8d2d97d784f08a17fdc21ef9ef742
2024-02-19T21:35:26.9331450Z ##[command]/usr/bin/docker network rm github_network_3ba8d2d97d784f08a17fdc21ef9ef742
2024-02-19T21:35:27.1941321Z github_network_3ba8d2d97d784f08a17fdc21ef9ef742
2024-02-19T21:35:27.2102436Z Cleaning up orphan processes
