2024-02-18T21:09:16.8980953Z Requested labels: ubuntu-latest
2024-02-18T21:09:16.8981262Z Job defined at: rubyforgood/human-essentials/.github/workflows/rspec-system-events.yml@refs/pull/4121/merge
2024-02-18T21:09:16.8981372Z Waiting for a runner to pick up this job...
2024-02-18T21:09:17.3277093Z Job is waiting for a hosted runner to come online.
2024-02-18T21:09:20.5772306Z Job is about to start running on the hosted runner: GitHub Actions 12 (hosted)
2024-02-18T21:09:22.7772085Z Current runner version: '2.313.0'
2024-02-18T21:09:22.7795122Z ##[group]Operating System
2024-02-18T21:09:22.7795791Z Ubuntu
2024-02-18T21:09:22.7796102Z 22.04.3
2024-02-18T21:09:22.7796502Z LTS
2024-02-18T21:09:22.7796851Z ##[endgroup]
2024-02-18T21:09:22.7797187Z ##[group]Runner Image
2024-02-18T21:09:22.7797686Z Image: ubuntu-22.04
2024-02-18T21:09:22.7798096Z Version: 20240212.1.0
2024-02-18T21:09:22.7799083Z Included Software: https://github.com/actions/runner-images/blob/ubuntu22/20240212.1/images/ubuntu/Ubuntu2204-Readme.md
2024-02-18T21:09:22.7800567Z Image Release: https://github.com/actions/runner-images/releases/tag/ubuntu22%2F20240212.1
2024-02-18T21:09:22.7801432Z ##[endgroup]
2024-02-18T21:09:22.7801819Z ##[group]Runner Image Provisioner
2024-02-18T21:09:22.7802329Z 2.0.341.1
2024-02-18T21:09:22.7802676Z ##[endgroup]
2024-02-18T21:09:22.7804946Z ##[group]GITHUB_TOKEN Permissions
2024-02-18T21:09:22.7807026Z Actions: read
2024-02-18T21:09:22.7807447Z Checks: read
2024-02-18T21:09:22.7808096Z Contents: read
2024-02-18T21:09:22.7808588Z Deployments: read
2024-02-18T21:09:22.7809053Z Discussions: read
2024-02-18T21:09:22.7809433Z Issues: read
2024-02-18T21:09:22.7809782Z Metadata: read
2024-02-18T21:09:22.7810201Z Packages: read
2024-02-18T21:09:22.7810566Z Pages: read
2024-02-18T21:09:22.7810933Z PullRequests: read
2024-02-18T21:09:22.7811363Z RepositoryProjects: read
2024-02-18T21:09:22.7811799Z SecurityEvents: read
2024-02-18T21:09:22.7812209Z Statuses: read
2024-02-18T21:09:22.7812601Z ##[endgroup]
2024-02-18T21:09:22.7815675Z Secret source: None
2024-02-18T21:09:22.7816227Z Prepare workflow directory
2024-02-18T21:09:22.8690394Z Prepare all required actions
2024-02-18T21:09:22.8847268Z Getting action download info
2024-02-18T21:09:23.0728772Z Download action repository 'actions/checkout@v2' (SHA:ee0669bd1cc54295c223e0bb666b733df41de1c5)
2024-02-18T21:09:23.1934375Z Download action repository 'ruby/setup-ruby@v1' (SHA:22fdc77bf4148f810455b226c90fb81b5cbc00a7)
2024-02-18T21:09:23.5488376Z Download action repository 'actions/upload-artifact@v2' (SHA:82c141cc518b40d92cc801eee768e7aafc9c2fa2)
2024-02-18T21:09:23.7122225Z Complete job name: rspec-system-events (6, 2)
2024-02-18T21:09:23.7783919Z ##[group]Checking docker version
2024-02-18T21:09:23.7798364Z ##[command]/usr/bin/docker version --format '{{.Server.APIVersion}}'
2024-02-18T21:09:23.8542530Z '1.43'
2024-02-18T21:09:23.8556016Z Docker daemon API version: '1.43'
2024-02-18T21:09:23.8556874Z ##[command]/usr/bin/docker version --format '{{.Client.APIVersion}}'
2024-02-18T21:09:23.8707431Z '1.43'
2024-02-18T21:09:23.8727444Z Docker client API version: '1.43'
2024-02-18T21:09:23.8733537Z ##[endgroup]
2024-02-18T21:09:23.8738507Z ##[group]Clean up resources from previous jobs
2024-02-18T21:09:23.8744689Z ##[command]/usr/bin/docker ps --all --quiet --no-trunc --filter "label=4e1cef"
2024-02-18T21:09:23.8879836Z ##[command]/usr/bin/docker network prune --force --filter "label=4e1cef"
2024-02-18T21:09:23.8998420Z ##[endgroup]
2024-02-18T21:09:23.8999055Z ##[group]Create local container network
2024-02-18T21:09:23.9009143Z ##[command]/usr/bin/docker network create --label 4e1cef github_network_5ba1336175264568894bf25dde51a6c9
2024-02-18T21:09:23.9662419Z 843a2182258a80ca2cc73a0089ca2de054606164ad4ae6247c870d61dfca952e
2024-02-18T21:09:23.9681737Z ##[endgroup]
2024-02-18T21:09:23.9758500Z ##[group]Starting db service container
2024-02-18T21:09:23.9775812Z ##[command]/usr/bin/docker pull postgres:12.3
2024-02-18T21:09:24.5195032Z 12.3: Pulling from library/postgres
2024-02-18T21:09:24.6338194Z bf5952930446: Pulling fs layer
2024-02-18T21:09:24.6339117Z 9577476abb00: Pulling fs layer
2024-02-18T21:09:24.6339854Z 2bd105512d5c: Pulling fs layer
2024-02-18T21:09:24.6340741Z b1cd21c26e81: Pulling fs layer
2024-02-18T21:09:24.6341358Z 34a7c86cf8fc: Pulling fs layer
2024-02-18T21:09:24.6341791Z 274e7b0c38d5: Pulling fs layer
2024-02-18T21:09:24.6342393Z 3e831b350d37: Pulling fs layer
2024-02-18T21:09:24.6342792Z 38fa0d496534: Pulling fs layer
2024-02-18T21:09:24.6343901Z 31a8349609a4: Pulling fs layer
2024-02-18T21:09:24.6344409Z 14e4c2a4b7b7: Pulling fs layer
2024-02-18T21:09:24.6344796Z 964acfa02beb: Pulling fs layer
2024-02-18T21:09:24.6345197Z 31b1f20dffc0: Pulling fs layer
2024-02-18T21:09:24.6345689Z 14771c2930e9: Pulling fs layer
2024-02-18T21:09:24.6346103Z 2f30edd0ce8a: Pulling fs layer
2024-02-18T21:09:24.6346498Z 34a7c86cf8fc: Waiting
2024-02-18T21:09:24.6346908Z 3e831b350d37: Waiting
2024-02-18T21:09:24.6347261Z 38fa0d496534: Waiting
2024-02-18T21:09:24.6347578Z 31a8349609a4: Waiting
2024-02-18T21:09:24.6347971Z 31b1f20dffc0: Waiting
2024-02-18T21:09:24.6348340Z 14e4c2a4b7b7: Waiting
2024-02-18T21:09:24.6348634Z 14771c2930e9: Waiting
2024-02-18T21:09:24.6349025Z 964acfa02beb: Waiting
2024-02-18T21:09:24.6349379Z 2f30edd0ce8a: Waiting
2024-02-18T21:09:24.6349677Z b1cd21c26e81: Waiting
2024-02-18T21:09:24.6350152Z 274e7b0c38d5: Waiting
2024-02-18T21:09:24.7591014Z 2bd105512d5c: Download complete
2024-02-18T21:09:24.7943520Z 9577476abb00: Verifying Checksum
2024-02-18T21:09:24.7945385Z 9577476abb00: Download complete
2024-02-18T21:09:24.9131695Z b1cd21c26e81: Verifying Checksum
2024-02-18T21:09:24.9132532Z b1cd21c26e81: Download complete
2024-02-18T21:09:25.0003805Z 34a7c86cf8fc: Verifying Checksum
2024-02-18T21:09:25.0006133Z 34a7c86cf8fc: Download complete
2024-02-18T21:09:25.0338625Z 274e7b0c38d5: Download complete
2024-02-18T21:09:25.0632546Z bf5952930446: Verifying Checksum
2024-02-18T21:09:25.0633213Z bf5952930446: Download complete
2024-02-18T21:09:25.1241047Z 3e831b350d37: Download complete
2024-02-18T21:09:25.2645390Z 14e4c2a4b7b7: Verifying Checksum
2024-02-18T21:09:25.2646173Z 14e4c2a4b7b7: Download complete
2024-02-18T21:09:25.2678800Z 38fa0d496534: Verifying Checksum
2024-02-18T21:09:25.2679523Z 38fa0d496534: Download complete
2024-02-18T21:09:25.3865307Z 964acfa02beb: Verifying Checksum
2024-02-18T21:09:25.3866239Z 964acfa02beb: Download complete
2024-02-18T21:09:25.3952882Z 31b1f20dffc0: Download complete
2024-02-18T21:09:25.5119723Z 14771c2930e9: Verifying Checksum
2024-02-18T21:09:25.5120744Z 14771c2930e9: Download complete
2024-02-18T21:09:25.6759376Z 2f30edd0ce8a: Verifying Checksum
2024-02-18T21:09:25.6760408Z 2f30edd0ce8a: Download complete
2024-02-18T21:09:25.7219274Z 31a8349609a4: Verifying Checksum
2024-02-18T21:09:25.7220115Z 31a8349609a4: Download complete
2024-02-18T21:09:26.3159837Z bf5952930446: Pull complete
2024-02-18T21:09:26.5490606Z 9577476abb00: Pull complete
2024-02-18T21:09:26.5679730Z 2bd105512d5c: Pull complete
2024-02-18T21:09:26.6193111Z b1cd21c26e81: Pull complete
2024-02-18T21:09:26.9414094Z 34a7c86cf8fc: Pull complete
2024-02-18T21:09:26.9903689Z 274e7b0c38d5: Pull complete
2024-02-18T21:09:27.0037056Z 3e831b350d37: Pull complete
2024-02-18T21:09:27.0211402Z 38fa0d496534: Pull complete
2024-02-18T21:09:29.2851972Z 31a8349609a4: Pull complete
2024-02-18T21:09:29.3048695Z 14e4c2a4b7b7: Pull complete
2024-02-18T21:09:29.3422546Z 964acfa02beb: Pull complete
2024-02-18T21:09:29.3561538Z 31b1f20dffc0: Pull complete
2024-02-18T21:09:29.3689886Z 14771c2930e9: Pull complete
2024-02-18T21:09:29.3817236Z 2f30edd0ce8a: Pull complete
2024-02-18T21:09:29.3870161Z Digest: sha256:a06e6e6e519b7a329c419f8221edec66cfc45511e8b80e262c12103ba745cf19
2024-02-18T21:09:29.3887884Z Status: Downloaded newer image for postgres:12.3
2024-02-18T21:09:29.3898298Z docker.io/library/postgres:12.3
2024-02-18T21:09:29.3996287Z ##[command]/usr/bin/docker create --name ee0d273f4cb5482da6bdc2c3776ac1c8_postgres123_cd55c2 --label 4e1cef --network github_network_5ba1336175264568894bf25dde51a6c9 --network-alias db -p 5432:5432 --health-cmd pg_isready --health-interval 10s --health-timeout 5s --health-retries 5 -e "POSTGRES_PASSWORD=password" -e GITHUB_ACTIONS=true -e CI=true postgres:12.3
2024-02-18T21:09:29.4272602Z a8992704a8092f0e19296dc620a087a35de9e4fa1a8c5626229a397aa24542d9
2024-02-18T21:09:29.4296995Z ##[command]/usr/bin/docker start a8992704a8092f0e19296dc620a087a35de9e4fa1a8c5626229a397aa24542d9
2024-02-18T21:09:29.7083638Z a8992704a8092f0e19296dc620a087a35de9e4fa1a8c5626229a397aa24542d9
2024-02-18T21:09:29.7104562Z ##[command]/usr/bin/docker ps --all --filter id=a8992704a8092f0e19296dc620a087a35de9e4fa1a8c5626229a397aa24542d9 --filter status=running --no-trunc --format "{{.ID}} {{.Status}}"
2024-02-18T21:09:29.7232550Z a8992704a8092f0e19296dc620a087a35de9e4fa1a8c5626229a397aa24542d9 Up Less than a second (health: starting)
2024-02-18T21:09:29.7252366Z ##[command]/usr/bin/docker port a8992704a8092f0e19296dc620a087a35de9e4fa1a8c5626229a397aa24542d9
2024-02-18T21:09:29.7385990Z 5432/tcp -> 0.0.0.0:5432
2024-02-18T21:09:29.7386854Z 5432/tcp -> [::]:5432
2024-02-18T21:09:29.7460444Z ##[endgroup]
2024-02-18T21:09:29.7486920Z ##[group]Waiting for all services to be ready
2024-02-18T21:09:29.7523354Z ##[command]/usr/bin/docker inspect --format="{{if .Config.Healthcheck}}{{print .State.Health.Status}}{{end}}" a8992704a8092f0e19296dc620a087a35de9e4fa1a8c5626229a397aa24542d9
2024-02-18T21:09:29.7652527Z starting
2024-02-18T21:09:29.7679285Z db service is starting, waiting 2 seconds before checking again.
2024-02-18T21:09:31.7670589Z ##[command]/usr/bin/docker inspect --format="{{if .Config.Healthcheck}}{{print .State.Health.Status}}{{end}}" a8992704a8092f0e19296dc620a087a35de9e4fa1a8c5626229a397aa24542d9
2024-02-18T21:09:31.7797179Z starting
2024-02-18T21:09:31.7812015Z db service is starting, waiting 3 seconds before checking again.
2024-02-18T21:09:35.5716059Z ##[command]/usr/bin/docker inspect --format="{{if .Config.Healthcheck}}{{print .State.Health.Status}}{{end}}" a8992704a8092f0e19296dc620a087a35de9e4fa1a8c5626229a397aa24542d9
2024-02-18T21:09:35.5850900Z starting
2024-02-18T21:09:35.5864499Z db service is starting, waiting 7 seconds before checking again.
2024-02-18T21:09:42.5982759Z ##[command]/usr/bin/docker inspect --format="{{if .Config.Healthcheck}}{{print .State.Health.Status}}{{end}}" a8992704a8092f0e19296dc620a087a35de9e4fa1a8c5626229a397aa24542d9
2024-02-18T21:09:42.6113694Z healthy
2024-02-18T21:09:42.6130386Z db service is healthy.
2024-02-18T21:09:42.6130915Z ##[endgroup]
2024-02-18T21:09:42.6482923Z ##[group]Run actions/checkout@v2
2024-02-18T21:09:42.6483502Z with:
2024-02-18T21:09:42.6483836Z   repository: rubyforgood/human-essentials
2024-02-18T21:09:42.6484468Z   token: ***
2024-02-18T21:09:42.6484882Z   ssh-strict: true
2024-02-18T21:09:42.6485198Z   persist-credentials: true
2024-02-18T21:09:42.6485586Z   clean: true
2024-02-18T21:09:42.6485966Z   fetch-depth: 1
2024-02-18T21:09:42.6486248Z   lfs: false
2024-02-18T21:09:42.6486574Z   submodules: false
2024-02-18T21:09:42.6487004Z   set-safe-directory: true
2024-02-18T21:09:42.6487325Z ##[endgroup]
2024-02-18T21:09:42.8833747Z Syncing repository: rubyforgood/human-essentials
2024-02-18T21:09:42.8835555Z ##[group]Getting Git version info
2024-02-18T21:09:42.8836271Z Working directory is '/home/runner/work/human-essentials/human-essentials'
2024-02-18T21:09:42.8837277Z [command]/usr/bin/git version
2024-02-18T21:09:42.8939177Z git version 2.43.0
2024-02-18T21:09:42.8962507Z ##[endgroup]
2024-02-18T21:09:42.8976712Z Temporarily overriding HOME='/home/runner/work/_temp/975d0a71-82eb-4a7f-a717-c31eff26fda9' before making global git config changes
2024-02-18T21:09:42.8977833Z Adding repository directory to the temporary git global config as a safe directory
2024-02-18T21:09:42.8981291Z [command]/usr/bin/git config --global --add safe.directory /home/runner/work/human-essentials/human-essentials
2024-02-18T21:09:42.9027825Z Deleting the contents of '/home/runner/work/human-essentials/human-essentials'
2024-02-18T21:09:42.9032839Z ##[group]Initializing the repository
2024-02-18T21:09:42.9036321Z [command]/usr/bin/git init /home/runner/work/human-essentials/human-essentials
2024-02-18T21:09:42.9149754Z hint: Using 'master' as the name for the initial branch. This default branch name
2024-02-18T21:09:42.9151124Z hint: is subject to change. To configure the initial branch name to use in all
2024-02-18T21:09:42.9152653Z hint: of your new repositories, which will suppress this warning, call:
2024-02-18T21:09:42.9153648Z hint: 
2024-02-18T21:09:42.9154727Z hint: 	git config --global init.defaultBranch <name>
2024-02-18T21:09:42.9155376Z hint: 
2024-02-18T21:09:42.9155958Z hint: Names commonly chosen instead of 'master' are 'main', 'trunk' and
2024-02-18T21:09:42.9156825Z hint: 'development'. The just-created branch can be renamed via this command:
2024-02-18T21:09:42.9157884Z hint: 
2024-02-18T21:09:42.9158613Z hint: 	git branch -m <name>
2024-02-18T21:09:42.9162735Z Initialized empty Git repository in /home/runner/work/human-essentials/human-essentials/.git/
2024-02-18T21:09:42.9170942Z [command]/usr/bin/git remote add origin https://github.com/rubyforgood/human-essentials
2024-02-18T21:09:42.9220773Z ##[endgroup]
2024-02-18T21:09:42.9221637Z ##[group]Disabling automatic garbage collection
2024-02-18T21:09:42.9224881Z [command]/usr/bin/git config --local gc.auto 0
2024-02-18T21:09:42.9263784Z ##[endgroup]
2024-02-18T21:09:42.9264584Z ##[group]Setting up auth
2024-02-18T21:09:42.9270350Z [command]/usr/bin/git config --local --name-only --get-regexp core\.sshCommand
2024-02-18T21:09:42.9309590Z [command]/usr/bin/git submodule foreach --recursive sh -c "git config --local --name-only --get-regexp 'core\.sshCommand' && git config --local --unset-all 'core.sshCommand' || :"
2024-02-18T21:09:42.9665882Z [command]/usr/bin/git config --local --name-only --get-regexp http\.https\:\/\/github\.com\/\.extraheader
2024-02-18T21:09:42.9704643Z [command]/usr/bin/git submodule foreach --recursive sh -c "git config --local --name-only --get-regexp 'http\.https\:\/\/github\.com\/\.extraheader' && git config --local --unset-all 'http.https://github.com/.extraheader' || :"
2024-02-18T21:09:42.9948104Z [command]/usr/bin/git config --local http.https://github.com/.extraheader AUTHORIZATION: basic ***
2024-02-18T21:09:42.9994384Z ##[endgroup]
2024-02-18T21:09:42.9995428Z ##[group]Fetching the repository
2024-02-18T21:09:43.0003278Z [command]/usr/bin/git -c protocol.version=2 fetch --no-tags --prune --progress --no-recurse-submodules --depth=1 origin +85558babce76a9469f03744fcefcb3b727c1cda1:refs/remotes/pull/4121/merge
2024-02-18T21:09:43.2348970Z remote: Enumerating objects: 1738, done.        
2024-02-18T21:09:43.2353190Z remote: Counting objects:   0% (1/1738)        
2024-02-18T21:09:43.2354245Z remote: Counting objects:   1% (18/1738)        
2024-02-18T21:09:43.2355512Z remote: Counting objects:   2% (35/1738)        
2024-02-18T21:09:43.2356557Z remote: Counting objects:   3% (53/1738)        
2024-02-18T21:09:43.2357467Z remote: Counting objects:   4% (70/1738)        
2024-02-18T21:09:43.2358523Z remote: Counting objects:   5% (87/1738)        
2024-02-18T21:09:43.2359434Z remote: Counting objects:   6% (105/1738)        
2024-02-18T21:09:43.2360403Z remote: Counting objects:   7% (122/1738)        
2024-02-18T21:09:43.2361201Z remote: Counting objects:   8% (140/1738)        
2024-02-18T21:09:43.2362039Z remote: Counting objects:   9% (157/1738)        
2024-02-18T21:09:43.2362964Z remote: Counting objects:  10% (174/1738)        
2024-02-18T21:09:43.2363761Z remote: Counting objects:  11% (192/1738)        
2024-02-18T21:09:43.2364542Z remote: Counting objects:  12% (209/1738)        
2024-02-18T21:09:43.2365447Z remote: Counting objects:  13% (226/1738)        
2024-02-18T21:09:43.2366121Z remote: Counting objects:  14% (244/1738)        
2024-02-18T21:09:43.2366599Z remote: Counting objects:  15% (261/1738)        
2024-02-18T21:09:43.2367230Z remote: Counting objects:  16% (279/1738)        
2024-02-18T21:09:43.2367673Z remote: Counting objects:  17% (296/1738)        
2024-02-18T21:09:43.2368136Z remote: Counting objects:  18% (313/1738)        
2024-02-18T21:09:43.2368766Z remote: Counting objects:  19% (331/1738)        
2024-02-18T21:09:43.2369247Z remote: Counting objects:  20% (348/1738)        
2024-02-18T21:09:43.2369691Z remote: Counting objects:  21% (365/1738)        
2024-02-18T21:09:43.2370216Z remote: Counting objects:  22% (383/1738)        
2024-02-18T21:09:43.2370691Z remote: Counting objects:  23% (400/1738)        
2024-02-18T21:09:43.2371414Z remote: Counting objects:  24% (418/1738)        
2024-02-18T21:09:43.2371965Z remote: Counting objects:  25% (435/1738)        
2024-02-18T21:09:43.2372449Z remote: Counting objects:  26% (452/1738)        
2024-02-18T21:09:43.2372874Z remote: Counting objects:  27% (470/1738)        
2024-02-18T21:09:43.2373408Z remote: Counting objects:  28% (487/1738)        
2024-02-18T21:09:43.2373883Z remote: Counting objects:  29% (505/1738)        
2024-02-18T21:09:43.2374306Z remote: Counting objects:  30% (522/1738)        
2024-02-18T21:09:43.2374867Z remote: Counting objects:  31% (539/1738)        
2024-02-18T21:09:43.2375345Z remote: Counting objects:  32% (557/1738)        
2024-02-18T21:09:43.2375861Z remote: Counting objects:  33% (574/1738)        
2024-02-18T21:09:43.2376311Z remote: Counting objects:  34% (591/1738)        
2024-02-18T21:09:43.2376789Z remote: Counting objects:  35% (609/1738)        
2024-02-18T21:09:43.2377314Z remote: Counting objects:  36% (626/1738)        
2024-02-18T21:09:43.2377753Z remote: Counting objects:  37% (644/1738)        
2024-02-18T21:09:43.2378229Z remote: Counting objects:  38% (661/1738)        
2024-02-18T21:09:43.2378746Z remote: Counting objects:  39% (678/1738)        
2024-02-18T21:09:43.2379169Z remote: Counting objects:  40% (696/1738)        
2024-02-18T21:09:43.2379644Z remote: Counting objects:  41% (713/1738)        
2024-02-18T21:09:43.2380162Z remote: Counting objects:  42% (730/1738)        
2024-02-18T21:09:43.2380611Z remote: Counting objects:  43% (748/1738)        
2024-02-18T21:09:43.2381075Z remote: Counting objects:  44% (765/1738)        
2024-02-18T21:09:43.2381592Z remote: Counting objects:  45% (783/1738)        
2024-02-18T21:09:43.2382049Z remote: Counting objects:  46% (800/1738)        
2024-02-18T21:09:43.2382515Z remote: Counting objects:  47% (817/1738)        
2024-02-18T21:09:43.2383277Z remote: Counting objects:  48% (835/1738)        
2024-02-18T21:09:43.2383785Z remote: Counting objects:  49% (852/1738)        
2024-02-18T21:09:43.2384454Z remote: Counting objects:  50% (869/1738)        
2024-02-18T21:09:43.2385058Z remote: Counting objects:  51% (887/1738)        
2024-02-18T21:09:43.2385534Z remote: Counting objects:  52% (904/1738)        
2024-02-18T21:09:43.2385965Z remote: Counting objects:  53% (922/1738)        
2024-02-18T21:09:43.2386512Z remote: Counting objects:  54% (939/1738)        
2024-02-18T21:09:43.2386977Z remote: Counting objects:  55% (956/1738)        
2024-02-18T21:09:43.2387403Z remote: Counting objects:  56% (974/1738)        
2024-02-18T21:09:43.2388164Z remote: Counting objects:  57% (991/1738)        
2024-02-18T21:09:43.2389008Z remote: Counting objects:  58% (1009/1738)        
2024-02-18T21:09:43.2389594Z remote: Counting objects:  59% (1026/1738)        
2024-02-18T21:09:43.2390584Z remote: Counting objects:  60% (1043/1738)        
2024-02-18T21:09:43.2391436Z remote: Counting objects:  61% (1061/1738)        
2024-02-18T21:09:43.2392307Z remote: Counting objects:  62% (1078/1738)        
2024-02-18T21:09:43.2394331Z remote: Counting objects:  63% (1095/1738)        
2024-02-18T21:09:43.2396015Z remote: Counting objects:  64% (1113/1738)        
2024-02-18T21:09:43.2397746Z remote: Counting objects:  65% (1130/1738)        
2024-02-18T21:09:43.2398610Z remote: Counting objects:  66% (1148/1738)        
2024-02-18T21:09:43.2400803Z remote: Counting objects:  67% (1165/1738)        
2024-02-18T21:09:43.2401773Z remote: Counting objects:  68% (1182/1738)        
2024-02-18T21:09:43.2402564Z remote: Counting objects:  69% (1200/1738)        
2024-02-18T21:09:43.2403360Z remote: Counting objects:  70% (1217/1738)        
2024-02-18T21:09:43.2404277Z remote: Counting objects:  71% (1234/1738)        
2024-02-18T21:09:43.2405026Z remote: Counting objects:  72% (1252/1738)        
2024-02-18T21:09:43.2405839Z remote: Counting objects:  73% (1269/1738)        
2024-02-18T21:09:43.2406715Z remote: Counting objects:  74% (1287/1738)        
2024-02-18T21:09:43.2407471Z remote: Counting objects:  75% (1304/1738)        
2024-02-18T21:09:43.2408472Z remote: Counting objects:  76% (1321/1738)        
2024-02-18T21:09:43.2409801Z remote: Counting objects:  77% (1339/1738)        
2024-02-18T21:09:43.2410606Z remote: Counting objects:  78% (1356/1738)        
2024-02-18T21:09:43.2411088Z remote: Counting objects:  79% (1374/1738)        
2024-02-18T21:09:43.2411702Z remote: Counting objects:  80% (1391/1738)        
2024-02-18T21:09:43.2412191Z remote: Counting objects:  81% (1408/1738)        
2024-02-18T21:09:43.2412644Z remote: Counting objects:  82% (1426/1738)        
2024-02-18T21:09:43.2413214Z remote: Counting objects:  83% (1443/1738)        
2024-02-18T21:09:43.2413694Z remote: Counting objects:  84% (1460/1738)        
2024-02-18T21:09:43.2414136Z remote: Counting objects:  85% (1478/1738)        
2024-02-18T21:09:43.2414717Z remote: Counting objects:  86% (1495/1738)        
2024-02-18T21:09:43.2415211Z remote: Counting objects:  87% (1513/1738)        
2024-02-18T21:09:43.2415783Z remote: Counting objects:  88% (1530/1738)        
2024-02-18T21:09:43.2416246Z remote: Counting objects:  89% (1547/1738)        
2024-02-18T21:09:43.2416722Z remote: Counting objects:  90% (1565/1738)        
2024-02-18T21:09:43.2417282Z remote: Counting objects:  91% (1582/1738)        
2024-02-18T21:09:43.2417724Z remote: Counting objects:  92% (1599/1738)        
2024-02-18T21:09:43.2418196Z remote: Counting objects:  93% (1617/1738)        
2024-02-18T21:09:43.2418745Z remote: Counting objects:  94% (1634/1738)        
2024-02-18T21:09:43.2419186Z remote: Counting objects:  95% (1652/1738)        
2024-02-18T21:09:43.2419660Z remote: Counting objects:  96% (1669/1738)        
2024-02-18T21:09:43.2420230Z remote: Counting objects:  97% (1686/1738)        
2024-02-18T21:09:43.2420671Z remote: Counting objects:  98% (1704/1738)        
2024-02-18T21:09:43.2421159Z remote: Counting objects:  99% (1721/1738)        
2024-02-18T21:09:43.2421742Z remote: Counting objects: 100% (1738/1738)        
2024-02-18T21:09:43.2422398Z remote: Counting objects: 100% (1738/1738), done.        
2024-02-18T21:09:43.2422978Z remote: Compressing objects:   0% (1/1555)        
2024-02-18T21:09:43.2423861Z remote: Compressing objects:   1% (16/1555)        
2024-02-18T21:09:43.2424346Z remote: Compressing objects:   2% (32/1555)        
2024-02-18T21:09:43.2424867Z remote: Compressing objects:   3% (47/1555)        
2024-02-18T21:09:43.2425423Z remote: Compressing objects:   4% (63/1555)        
2024-02-18T21:09:43.2425936Z remote: Compressing objects:   5% (78/1555)        
2024-02-18T21:09:43.2426392Z remote: Compressing objects:   6% (94/1555)        
2024-02-18T21:09:43.2426963Z remote: Compressing objects:   7% (109/1555)        
2024-02-18T21:09:43.2537811Z remote: Compressing objects:   8% (125/1555)        
2024-02-18T21:09:43.2538657Z remote: Compressing objects:   9% (140/1555)        
2024-02-18T21:09:43.2539458Z remote: Compressing objects:  10% (156/1555)        
2024-02-18T21:09:43.2540124Z remote: Compressing objects:  11% (172/1555)        
2024-02-18T21:09:43.2540729Z remote: Compressing objects:  12% (187/1555)        
2024-02-18T21:09:43.2541435Z remote: Compressing objects:  13% (203/1555)        
2024-02-18T21:09:43.2544724Z remote: Compressing objects:  14% (218/1555)        
2024-02-18T21:09:43.2551186Z remote: Compressing objects:  15% (234/1555)        
2024-02-18T21:09:43.2552033Z remote: Compressing objects:  16% (249/1555)        
2024-02-18T21:09:43.2554679Z remote: Compressing objects:  17% (265/1555)        
2024-02-18T21:09:43.2587084Z remote: Compressing objects:  18% (280/1555)        
2024-02-18T21:09:43.2587755Z remote: Compressing objects:  19% (296/1555)        
2024-02-18T21:09:43.2608734Z remote: Compressing objects:  20% (311/1555)        
2024-02-18T21:09:43.2643782Z remote: Compressing objects:  21% (327/1555)        
2024-02-18T21:09:43.2657758Z remote: Compressing objects:  22% (343/1555)        
2024-02-18T21:09:43.2666252Z remote: Compressing objects:  23% (358/1555)        
2024-02-18T21:09:43.2677654Z remote: Compressing objects:  24% (374/1555)        
2024-02-18T21:09:43.2684351Z remote: Compressing objects:  25% (389/1555)        
2024-02-18T21:09:43.2691089Z remote: Compressing objects:  26% (405/1555)        
2024-02-18T21:09:43.2706952Z remote: Compressing objects:  27% (420/1555)        
2024-02-18T21:09:43.2714361Z remote: Compressing objects:  28% (436/1555)        
2024-02-18T21:09:43.2724753Z remote: Compressing objects:  29% (451/1555)        
2024-02-18T21:09:43.2736208Z remote: Compressing objects:  30% (467/1555)        
2024-02-18T21:09:43.2755556Z remote: Compressing objects:  31% (483/1555)        
2024-02-18T21:09:43.2763887Z remote: Compressing objects:  32% (498/1555)        
2024-02-18T21:09:43.2767688Z remote: Compressing objects:  33% (514/1555)        
2024-02-18T21:09:43.2778338Z remote: Compressing objects:  34% (529/1555)        
2024-02-18T21:09:43.2779523Z remote: Compressing objects:  35% (545/1555)        
2024-02-18T21:09:43.2787295Z remote: Compressing objects:  36% (560/1555)        
2024-02-18T21:09:43.2795732Z remote: Compressing objects:  37% (576/1555)        
2024-02-18T21:09:43.2797317Z remote: Compressing objects:  38% (591/1555)        
2024-02-18T21:09:43.2800922Z remote: Compressing objects:  39% (607/1555)        
2024-02-18T21:09:43.2801786Z remote: Compressing objects:  40% (622/1555)        
2024-02-18T21:09:43.2804225Z remote: Compressing objects:  41% (638/1555)        
2024-02-18T21:09:43.2807086Z remote: Compressing objects:  42% (654/1555)        
2024-02-18T21:09:43.2809743Z remote: Compressing objects:  43% (669/1555)        
2024-02-18T21:09:43.2811932Z remote: Compressing objects:  44% (685/1555)        
2024-02-18T21:09:43.2816791Z remote: Compressing objects:  45% (700/1555)        
2024-02-18T21:09:43.2825102Z remote: Compressing objects:  46% (716/1555)        
2024-02-18T21:09:43.2825954Z remote: Compressing objects:  47% (731/1555)        
2024-02-18T21:09:43.2828547Z remote: Compressing objects:  48% (747/1555)        
2024-02-18T21:09:43.2834275Z remote: Compressing objects:  49% (762/1555)        
2024-02-18T21:09:43.2837015Z remote: Compressing objects:  50% (778/1555)        
2024-02-18T21:09:43.2841686Z remote: Compressing objects:  51% (794/1555)        
2024-02-18T21:09:43.2842591Z remote: Compressing objects:  52% (809/1555)        
2024-02-18T21:09:43.2845589Z remote: Compressing objects:  53% (825/1555)        
2024-02-18T21:09:43.2852618Z remote: Compressing objects:  54% (840/1555)        
2024-02-18T21:09:43.2857835Z remote: Compressing objects:  55% (856/1555)        
2024-02-18T21:09:43.2894495Z remote: Compressing objects:  56% (871/1555)        
2024-02-18T21:09:43.2923521Z remote: Compressing objects:  57% (887/1555)        
2024-02-18T21:09:43.2938135Z remote: Compressing objects:  58% (902/1555)        
2024-02-18T21:09:43.2942189Z remote: Compressing objects:  59% (918/1555)        
2024-02-18T21:09:43.2946512Z remote: Compressing objects:  60% (933/1555)        
2024-02-18T21:09:43.2949139Z remote: Compressing objects:  61% (949/1555)        
2024-02-18T21:09:43.2954030Z remote: Compressing objects:  62% (965/1555)        
2024-02-18T21:09:43.2965220Z remote: Compressing objects:  63% (980/1555)        
2024-02-18T21:09:43.2977812Z remote: Compressing objects:  64% (996/1555)        
2024-02-18T21:09:43.2978468Z remote: Compressing objects:  65% (1011/1555)        
2024-02-18T21:09:43.2979133Z remote: Compressing objects:  66% (1027/1555)        
2024-02-18T21:09:43.2985882Z remote: Compressing objects:  67% (1042/1555)        
2024-02-18T21:09:43.2992311Z remote: Compressing objects:  68% (1058/1555)        
2024-02-18T21:09:43.2995002Z remote: Compressing objects:  69% (1073/1555)        
2024-02-18T21:09:43.3002299Z remote: Compressing objects:  70% (1089/1555)        
2024-02-18T21:09:43.3015962Z remote: Compressing objects:  71% (1105/1555)        
2024-02-18T21:09:43.3021058Z remote: Compressing objects:  72% (1120/1555)        
2024-02-18T21:09:43.3033632Z remote: Compressing objects:  73% (1136/1555)        
2024-02-18T21:09:43.3038069Z remote: Compressing objects:  74% (1151/1555)        
2024-02-18T21:09:43.3050812Z remote: Compressing objects:  75% (1167/1555)        
2024-02-18T21:09:43.3114394Z remote: Compressing objects:  76% (1182/1555)        
2024-02-18T21:09:43.3135330Z remote: Compressing objects:  77% (1198/1555)        
2024-02-18T21:09:43.3148584Z remote: Compressing objects:  78% (1213/1555)        
2024-02-18T21:09:43.3170245Z remote: Compressing objects:  79% (1229/1555)        
2024-02-18T21:09:43.3191700Z remote: Compressing objects:  80% (1244/1555)        
2024-02-18T21:09:43.3236353Z remote: Compressing objects:  81% (1260/1555)        
2024-02-18T21:09:43.3262108Z remote: Compressing objects:  82% (1276/1555)        
2024-02-18T21:09:43.3302713Z remote: Compressing objects:  83% (1291/1555)        
2024-02-18T21:09:43.3322049Z remote: Compressing objects:  84% (1307/1555)        
2024-02-18T21:09:43.3369463Z remote: Compressing objects:  85% (1322/1555)        
2024-02-18T21:09:43.3403093Z remote: Compressing objects:  86% (1338/1555)        
2024-02-18T21:09:43.3422692Z remote: Compressing objects:  87% (1353/1555)        
2024-02-18T21:09:43.3423553Z remote: Compressing objects:  88% (1369/1555)        
2024-02-18T21:09:43.3427964Z remote: Compressing objects:  89% (1384/1555)        
2024-02-18T21:09:43.3429178Z remote: Compressing objects:  90% (1400/1555)        
2024-02-18T21:09:43.3430957Z remote: Compressing objects:  91% (1416/1555)        
2024-02-18T21:09:43.3432783Z remote: Compressing objects:  92% (1431/1555)        
2024-02-18T21:09:43.3435998Z remote: Compressing objects:  93% (1447/1555)        
2024-02-18T21:09:43.3438630Z remote: Compressing objects:  94% (1462/1555)        
2024-02-18T21:09:43.3439523Z remote: Compressing objects:  95% (1478/1555)        
2024-02-18T21:09:43.3440283Z remote: Compressing objects:  96% (1493/1555)        
2024-02-18T21:09:43.3441387Z remote: Compressing objects:  97% (1509/1555)        
2024-02-18T21:09:43.3442849Z remote: Compressing objects:  98% (1524/1555)        
2024-02-18T21:09:43.3450368Z remote: Compressing objects:  99% (1540/1555)        
2024-02-18T21:09:43.3451332Z remote: Compressing objects: 100% (1555/1555)        
2024-02-18T21:09:43.3452831Z remote: Compressing objects: 100% (1555/1555), done.        
2024-02-18T21:09:43.3487005Z Receiving objects:   0% (1/1738)
2024-02-18T21:09:43.3489791Z Receiving objects:   1% (18/1738)
2024-02-18T21:09:43.3500494Z Receiving objects:   2% (35/1738)
2024-02-18T21:09:43.4054080Z Receiving objects:   3% (53/1738)
2024-02-18T21:09:43.4585795Z Receiving objects:   4% (70/1738)
2024-02-18T21:09:43.4589046Z Receiving objects:   5% (87/1738)
2024-02-18T21:09:43.4592953Z Receiving objects:   6% (105/1738)
2024-02-18T21:09:43.4598631Z Receiving objects:   7% (122/1738)
2024-02-18T21:09:43.4603365Z Receiving objects:   8% (140/1738)
2024-02-18T21:09:43.4607912Z Receiving objects:   9% (157/1738)
2024-02-18T21:09:43.4611885Z Receiving objects:  10% (174/1738)
2024-02-18T21:09:43.4615593Z Receiving objects:  11% (192/1738)
2024-02-18T21:09:43.4618342Z Receiving objects:  12% (209/1738)
2024-02-18T21:09:43.4629604Z Receiving objects:  13% (226/1738)
2024-02-18T21:09:43.4633891Z Receiving objects:  14% (244/1738)
2024-02-18T21:09:43.4637007Z Receiving objects:  15% (261/1738)
2024-02-18T21:09:43.4641644Z Receiving objects:  16% (279/1738)
2024-02-18T21:09:43.4647139Z Receiving objects:  17% (296/1738)
2024-02-18T21:09:43.4653527Z Receiving objects:  18% (313/1738)
2024-02-18T21:09:43.4658262Z Receiving objects:  19% (331/1738)
2024-02-18T21:09:43.4662441Z Receiving objects:  20% (348/1738)
2024-02-18T21:09:43.4666821Z Receiving objects:  21% (365/1738)
2024-02-18T21:09:43.4670588Z Receiving objects:  22% (383/1738)
2024-02-18T21:09:43.4674647Z Receiving objects:  23% (400/1738)
2024-02-18T21:09:43.4678450Z Receiving objects:  24% (418/1738)
2024-02-18T21:09:43.4682971Z Receiving objects:  25% (435/1738)
2024-02-18T21:09:43.4685180Z Receiving objects:  26% (452/1738)
2024-02-18T21:09:43.4687830Z Receiving objects:  27% (470/1738)
2024-02-18T21:09:43.4691550Z Receiving objects:  28% (487/1738)
2024-02-18T21:09:43.4694092Z Receiving objects:  29% (505/1738)
2024-02-18T21:09:43.4697037Z Receiving objects:  30% (522/1738)
2024-02-18T21:09:43.4702885Z Receiving objects:  31% (539/1738)
2024-02-18T21:09:43.4703989Z Receiving objects:  32% (557/1738)
2024-02-18T21:09:43.4706421Z Receiving objects:  33% (574/1738)
2024-02-18T21:09:43.4708940Z Receiving objects:  34% (591/1738)
2024-02-18T21:09:43.4710889Z Receiving objects:  35% (609/1738)
2024-02-18T21:09:43.4715973Z Receiving objects:  36% (626/1738)
2024-02-18T21:09:43.4720605Z Receiving objects:  37% (644/1738)
2024-02-18T21:09:43.4721417Z Receiving objects:  38% (661/1738)
2024-02-18T21:09:43.4724620Z Receiving objects:  39% (678/1738)
2024-02-18T21:09:43.4727825Z Receiving objects:  40% (696/1738)
2024-02-18T21:09:43.4730489Z Receiving objects:  41% (713/1738)
2024-02-18T21:09:43.4734126Z Receiving objects:  42% (730/1738)
2024-02-18T21:09:43.4738017Z Receiving objects:  43% (748/1738)
2024-02-18T21:09:43.4741860Z Receiving objects:  44% (765/1738)
2024-02-18T21:09:43.4742626Z Receiving objects:  45% (783/1738)
2024-02-18T21:09:43.4746874Z Receiving objects:  46% (800/1738)
2024-02-18T21:09:43.4748633Z Receiving objects:  47% (817/1738)
2024-02-18T21:09:43.4753296Z Receiving objects:  48% (835/1738)
2024-02-18T21:09:43.4755775Z Receiving objects:  49% (852/1738)
2024-02-18T21:09:43.4757459Z Receiving objects:  50% (869/1738)
2024-02-18T21:09:43.4759061Z Receiving objects:  51% (887/1738)
2024-02-18T21:09:43.4763091Z Receiving objects:  52% (904/1738)
2024-02-18T21:09:43.4768420Z Receiving objects:  53% (922/1738)
2024-02-18T21:09:43.4772229Z Receiving objects:  54% (939/1738)
2024-02-18T21:09:43.4779779Z Receiving objects:  55% (956/1738)
2024-02-18T21:09:43.4784609Z Receiving objects:  56% (974/1738)
2024-02-18T21:09:43.4786695Z Receiving objects:  57% (991/1738)
2024-02-18T21:09:43.4789271Z Receiving objects:  58% (1009/1738)
2024-02-18T21:09:43.4791415Z Receiving objects:  59% (1026/1738)
2024-02-18T21:09:43.4795203Z Receiving objects:  60% (1043/1738)
2024-02-18T21:09:43.4796028Z Receiving objects:  61% (1061/1738)
2024-02-18T21:09:43.4797802Z Receiving objects:  62% (1078/1738)
2024-02-18T21:09:43.4799110Z Receiving objects:  63% (1095/1738)
2024-02-18T21:09:43.4800249Z Receiving objects:  64% (1113/1738)
2024-02-18T21:09:43.4804093Z Receiving objects:  65% (1130/1738)
2024-02-18T21:09:43.4805218Z Receiving objects:  66% (1148/1738)
2024-02-18T21:09:43.4807855Z Receiving objects:  67% (1165/1738)
2024-02-18T21:09:43.4809352Z Receiving objects:  68% (1182/1738)
2024-02-18T21:09:43.4812394Z Receiving objects:  69% (1200/1738)
2024-02-18T21:09:43.4813724Z Receiving objects:  70% (1217/1738)
2024-02-18T21:09:43.4822570Z Receiving objects:  71% (1234/1738)
2024-02-18T21:09:43.4835542Z Receiving objects:  72% (1252/1738)
2024-02-18T21:09:43.4837721Z Receiving objects:  73% (1269/1738)
2024-02-18T21:09:43.4839641Z Receiving objects:  74% (1287/1738)
2024-02-18T21:09:43.4944513Z Receiving objects:  75% (1304/1738)
2024-02-18T21:09:43.5094727Z Receiving objects:  76% (1321/1738)
2024-02-18T21:09:43.5193950Z Receiving objects:  77% (1339/1738)
2024-02-18T21:09:43.5349955Z Receiving objects:  78% (1356/1738)
2024-02-18T21:09:43.5418504Z Receiving objects:  79% (1374/1738)
2024-02-18T21:09:43.5669461Z Receiving objects:  80% (1391/1738)
2024-02-18T21:09:43.5675823Z Receiving objects:  81% (1408/1738)
2024-02-18T21:09:43.5678147Z Receiving objects:  82% (1426/1738)
2024-02-18T21:09:43.5680466Z Receiving objects:  83% (1443/1738)
2024-02-18T21:09:43.5686557Z Receiving objects:  84% (1460/1738)
2024-02-18T21:09:43.5690097Z Receiving objects:  85% (1478/1738)
2024-02-18T21:09:43.5697037Z Receiving objects:  86% (1495/1738)
2024-02-18T21:09:43.5704217Z Receiving objects:  87% (1513/1738)
2024-02-18T21:09:43.5708046Z Receiving objects:  88% (1530/1738)
2024-02-18T21:09:43.5713747Z Receiving objects:  89% (1547/1738)
2024-02-18T21:09:43.5719017Z Receiving objects:  90% (1565/1738)
2024-02-18T21:09:43.5724935Z Receiving objects:  91% (1582/1738)
2024-02-18T21:09:43.5730477Z Receiving objects:  92% (1599/1738)
2024-02-18T21:09:43.5734854Z Receiving objects:  93% (1617/1738)
2024-02-18T21:09:43.5739103Z Receiving objects:  94% (1634/1738)
2024-02-18T21:09:43.5742500Z Receiving objects:  95% (1652/1738)
2024-02-18T21:09:43.5745253Z Receiving objects:  96% (1669/1738)
2024-02-18T21:09:43.5753437Z Receiving objects:  97% (1686/1738)
2024-02-18T21:09:43.5761738Z Receiving objects:  98% (1704/1738)
2024-02-18T21:09:43.5776483Z Receiving objects:  99% (1721/1738)
2024-02-18T21:09:43.5777695Z remote: Total 1738 (delta 277), reused 989 (delta 144), pack-reused 0        
2024-02-18T21:09:43.5784890Z Receiving objects: 100% (1738/1738)
2024-02-18T21:09:43.5786035Z Receiving objects: 100% (1738/1738), 6.59 MiB | 28.60 MiB/s, done.
2024-02-18T21:09:43.5791534Z Resolving deltas:   0% (0/277)
2024-02-18T21:09:43.5793311Z Resolving deltas:   1% (3/277)
2024-02-18T21:09:43.5795286Z Resolving deltas:   2% (6/277)
2024-02-18T21:09:43.5796518Z Resolving deltas:   3% (9/277)
2024-02-18T21:09:43.5797209Z Resolving deltas:   4% (12/277)
2024-02-18T21:09:43.5797924Z Resolving deltas:   5% (14/277)
2024-02-18T21:09:43.5798798Z Resolving deltas:   6% (17/277)
2024-02-18T21:09:43.5799390Z Resolving deltas:   7% (20/277)
2024-02-18T21:09:43.5800084Z Resolving deltas:   8% (23/277)
2024-02-18T21:09:43.5800911Z Resolving deltas:   9% (25/277)
2024-02-18T21:09:43.5801493Z Resolving deltas:  10% (28/277)
2024-02-18T21:09:43.5803351Z Resolving deltas:  11% (31/277)
2024-02-18T21:09:43.5817433Z Resolving deltas:  12% (34/277)
2024-02-18T21:09:43.5818801Z Resolving deltas:  13% (37/277)
2024-02-18T21:09:43.5820953Z Resolving deltas:  14% (39/277)
2024-02-18T21:09:43.5823357Z Resolving deltas:  15% (42/277)
2024-02-18T21:09:43.5824781Z Resolving deltas:  16% (45/277)
2024-02-18T21:09:43.5826063Z Resolving deltas:  17% (48/277)
2024-02-18T21:09:43.5827625Z Resolving deltas:  18% (50/277)
2024-02-18T21:09:43.5828960Z Resolving deltas:  19% (53/277)
2024-02-18T21:09:43.5830144Z Resolving deltas:  20% (56/277)
2024-02-18T21:09:43.5831050Z Resolving deltas:  21% (59/277)
2024-02-18T21:09:43.5831593Z Resolving deltas:  22% (61/277)
2024-02-18T21:09:43.5831990Z Resolving deltas:  23% (64/277)
2024-02-18T21:09:43.5832473Z Resolving deltas:  24% (67/277)
2024-02-18T21:09:43.5832859Z Resolving deltas:  25% (70/277)
2024-02-18T21:09:43.5833263Z Resolving deltas:  26% (73/277)
2024-02-18T21:09:43.5833675Z Resolving deltas:  27% (75/277)
2024-02-18T21:09:43.5834062Z Resolving deltas:  28% (78/277)
2024-02-18T21:09:43.5834612Z Resolving deltas:  29% (81/277)
2024-02-18T21:09:43.5835034Z Resolving deltas:  30% (84/277)
2024-02-18T21:09:43.5835408Z Resolving deltas:  31% (86/277)
2024-02-18T21:09:43.5835799Z Resolving deltas:  32% (89/277)
2024-02-18T21:09:43.5839192Z Resolving deltas:  33% (92/277)
2024-02-18T21:09:43.5839861Z Resolving deltas:  34% (95/277)
2024-02-18T21:09:43.5840527Z Resolving deltas:  35% (97/277)
2024-02-18T21:09:43.5841258Z Resolving deltas:  36% (100/277)
2024-02-18T21:09:43.5841913Z Resolving deltas:  37% (103/277)
2024-02-18T21:09:43.5842596Z Resolving deltas:  38% (106/277)
2024-02-18T21:09:43.5843307Z Resolving deltas:  39% (109/277)
2024-02-18T21:09:43.5843970Z Resolving deltas:  40% (111/277)
2024-02-18T21:09:43.5844622Z Resolving deltas:  41% (114/277)
2024-02-18T21:09:43.5845314Z Resolving deltas:  42% (117/277)
2024-02-18T21:09:43.5845982Z Resolving deltas:  43% (120/277)
2024-02-18T21:09:43.5846612Z Resolving deltas:  44% (122/277)
2024-02-18T21:09:43.5847347Z Resolving deltas:  45% (125/277)
2024-02-18T21:09:43.5847965Z Resolving deltas:  46% (128/277)
2024-02-18T21:09:43.5848598Z Resolving deltas:  47% (131/277)
2024-02-18T21:09:43.5849338Z Resolving deltas:  48% (133/277)
2024-02-18T21:09:43.5849947Z Resolving deltas:  49% (136/277)
2024-02-18T21:09:43.5850664Z Resolving deltas:  50% (139/277)
2024-02-18T21:09:43.5851308Z Resolving deltas:  51% (142/277)
2024-02-18T21:09:43.5851880Z Resolving deltas:  52% (145/277)
2024-02-18T21:09:43.5852655Z Resolving deltas:  53% (147/277)
2024-02-18T21:09:43.5853816Z Resolving deltas:  54% (150/277)
2024-02-18T21:09:43.5855205Z Resolving deltas:  55% (153/277)
2024-02-18T21:09:43.5856003Z Resolving deltas:  56% (156/277)
2024-02-18T21:09:43.5856596Z Resolving deltas:  57% (158/277)
2024-02-18T21:09:43.5857539Z Resolving deltas:  58% (161/277)
2024-02-18T21:09:43.5859478Z Resolving deltas:  59% (164/277)
2024-02-18T21:09:43.5860124Z Resolving deltas:  60% (168/277)
2024-02-18T21:09:43.5861006Z Resolving deltas:  61% (169/277)
2024-02-18T21:09:43.5863459Z Resolving deltas:  62% (172/277)
2024-02-18T21:09:43.5864156Z Resolving deltas:  63% (175/277)
2024-02-18T21:09:43.5864830Z Resolving deltas:  64% (178/277)
2024-02-18T21:09:43.5865548Z Resolving deltas:  65% (181/277)
2024-02-18T21:09:43.5866190Z Resolving deltas:  66% (183/277)
2024-02-18T21:09:43.5866839Z Resolving deltas:  67% (186/277)
2024-02-18T21:09:43.5867632Z Resolving deltas:  68% (189/277)
2024-02-18T21:09:43.5868265Z Resolving deltas:  69% (192/277)
2024-02-18T21:09:43.5869111Z Resolving deltas:  70% (194/277)
2024-02-18T21:09:43.5871742Z Resolving deltas:  71% (197/277)
2024-02-18T21:09:43.5872698Z Resolving deltas:  72% (200/277)
2024-02-18T21:09:43.5873477Z Resolving deltas:  73% (203/277)
2024-02-18T21:09:43.5874406Z Resolving deltas:  74% (205/277)
2024-02-18T21:09:43.5875072Z Resolving deltas:  75% (208/277)
2024-02-18T21:09:43.5875732Z Resolving deltas:  76% (212/277)
2024-02-18T21:09:43.5876505Z Resolving deltas:  77% (214/277)
2024-02-18T21:09:43.5877187Z Resolving deltas:  78% (217/277)
2024-02-18T21:09:43.5877892Z Resolving deltas:  79% (219/277)
2024-02-18T21:09:43.5878785Z Resolving deltas:  80% (222/277)
2024-02-18T21:09:43.5879574Z Resolving deltas:  81% (225/277)
2024-02-18T21:09:43.5880695Z Resolving deltas:  82% (228/277)
2024-02-18T21:09:43.5883288Z Resolving deltas:  83% (230/277)
2024-02-18T21:09:43.5886128Z Resolving deltas:  84% (233/277)
2024-02-18T21:09:43.5892195Z Resolving deltas:  85% (236/277)
2024-02-18T21:09:43.5893310Z Resolving deltas:  86% (239/277)
2024-02-18T21:09:43.5894124Z Resolving deltas:  87% (241/277)
2024-02-18T21:09:43.5894764Z Resolving deltas:  88% (244/277)
2024-02-18T21:09:43.5896176Z Resolving deltas:  89% (247/277)
2024-02-18T21:09:43.5900471Z Resolving deltas:  90% (250/277)
2024-02-18T21:09:43.5901162Z Resolving deltas:  91% (253/277)
2024-02-18T21:09:43.5901931Z Resolving deltas:  92% (255/277)
2024-02-18T21:09:43.5902661Z Resolving deltas:  93% (258/277)
2024-02-18T21:09:43.5906859Z Resolving deltas:  94% (261/277)
2024-02-18T21:09:43.5907714Z Resolving deltas:  95% (264/277)
2024-02-18T21:09:43.5908450Z Resolving deltas:  96% (266/277)
2024-02-18T21:09:43.5909211Z Resolving deltas:  97% (270/277)
2024-02-18T21:09:43.5911530Z Resolving deltas:  98% (272/277)
2024-02-18T21:09:43.5913226Z Resolving deltas:  99% (275/277)
2024-02-18T21:09:43.5915499Z Resolving deltas: 100% (277/277)
2024-02-18T21:09:43.5916169Z Resolving deltas: 100% (277/277), done.
2024-02-18T21:09:43.6085211Z From https://github.com/rubyforgood/human-essentials
2024-02-18T21:09:43.6086298Z  * [new ref]         85558babce76a9469f03744fcefcb3b727c1cda1 -> pull/4121/merge
2024-02-18T21:09:43.6116421Z ##[endgroup]
2024-02-18T21:09:43.6117571Z ##[group]Determining the checkout info
2024-02-18T21:09:43.6118893Z ##[endgroup]
2024-02-18T21:09:43.6120018Z ##[group]Checking out the ref
2024-02-18T21:09:43.6125275Z [command]/usr/bin/git checkout --progress --force refs/remotes/pull/4121/merge
2024-02-18T21:09:43.7462694Z Note: switching to 'refs/remotes/pull/4121/merge'.
2024-02-18T21:09:43.7463816Z 
2024-02-18T21:09:43.7464738Z You are in 'detached HEAD' state. You can look around, make experimental
2024-02-18T21:09:43.7466232Z changes and commit them, and you can discard any commits you make in this
2024-02-18T21:09:43.7467614Z state without impacting any branches by switching back to a branch.
2024-02-18T21:09:43.7468443Z 
2024-02-18T21:09:43.7468814Z If you want to create a new branch to retain commits you create, you may
2024-02-18T21:09:43.7470100Z do so (now or later) by using -c with the switch command. Example:
2024-02-18T21:09:43.7470585Z 
2024-02-18T21:09:43.7470845Z   git switch -c <new-branch-name>
2024-02-18T21:09:43.7471301Z 
2024-02-18T21:09:43.7471475Z Or undo this operation with:
2024-02-18T21:09:43.7471759Z 
2024-02-18T21:09:43.7471953Z   git switch -
2024-02-18T21:09:43.7472190Z 
2024-02-18T21:09:43.7472699Z Turn off this advice by setting config variable advice.detachedHead to false
2024-02-18T21:09:43.7473231Z 
2024-02-18T21:09:43.7474014Z HEAD is now at 85558ba Merge 268147996d98214895b7a1d00ea8e08995ccb02c into 4ba85b7982fa5e92c5fb79d29c2290054e6e16d8
2024-02-18T21:09:43.7475679Z ##[endgroup]
2024-02-18T21:09:43.7524343Z [command]/usr/bin/git log -1 --format='%H'
2024-02-18T21:09:43.7559883Z '85558babce76a9469f03744fcefcb3b727c1cda1'
2024-02-18T21:09:43.7864944Z ##[group]Run ruby/setup-ruby@v1
2024-02-18T21:09:43.7865337Z with:
2024-02-18T21:09:43.7865754Z   bundler-cache: true
2024-02-18T21:09:43.7866119Z   ruby-version: default
2024-02-18T21:09:43.7866447Z ##[endgroup]
2024-02-18T21:09:44.0128465Z Using 3.2.2 as input from file .ruby-version
2024-02-18T21:09:44.0164843Z ##[group]Modifying PATH
2024-02-18T21:09:44.0165763Z Entries added to PATH to use selected Ruby:
2024-02-18T21:09:44.0166637Z   /opt/hostedtoolcache/Ruby/3.2.2/x64/bin
2024-02-18T21:09:44.0167996Z ##[endgroup]
2024-02-18T21:09:44.0187116Z ##[group]Downloading Ruby
2024-02-18T21:09:44.0190071Z https://github.com/ruby/ruby-builder/releases/download/toolcache/ruby-3.2.2-ubuntu-22.04.tar.gz
2024-02-18T21:09:44.4807192Z Took   0.46 seconds
2024-02-18T21:09:44.4809071Z ##[endgroup]
2024-02-18T21:09:44.4810066Z ##[group]Extracting  Ruby
2024-02-18T21:09:44.4838160Z [command]/usr/bin/tar -xz -C /opt/hostedtoolcache/Ruby/3.2.2 -f /home/runner/work/_temp/3ebbe2ad-aa3e-4572-a559-788ef45baa8e
2024-02-18T21:09:44.8686155Z Took   0.39 seconds
2024-02-18T21:09:44.8687796Z ##[endgroup]
2024-02-18T21:09:44.8688840Z ##[group]Print Ruby version
2024-02-18T21:09:44.8698389Z [command]/opt/hostedtoolcache/Ruby/3.2.2/x64/bin/ruby --version
2024-02-18T21:09:44.8924469Z ruby 3.2.2 (2023-03-30 revision e51014f9c0) [x86_64-linux]
2024-02-18T21:09:44.8946176Z Took   0.03 seconds
2024-02-18T21:09:44.8947539Z ##[endgroup]
2024-02-18T21:09:44.8949845Z ##[group]Installing Bundler
2024-02-18T21:09:44.8953764Z Using Bundler 2.5.4 from Gemfile.lock BUNDLED WITH 2.5.4
2024-02-18T21:09:44.8958318Z [command]/opt/hostedtoolcache/Ruby/3.2.2/x64/bin/gem install bundler -v 2.5.4
2024-02-18T21:09:45.3144186Z Successfully installed bundler-2.5.4
2024-02-18T21:09:45.3144938Z 1 gem installed
2024-02-18T21:09:45.3202900Z Took   0.43 seconds
2024-02-18T21:09:45.3204207Z ##[endgroup]
2024-02-18T21:09:45.3204743Z > bundle install
2024-02-18T21:09:45.3220842Z [command]/opt/hostedtoolcache/Ruby/3.2.2/x64/bin/bundle config --local path /home/runner/work/human-essentials/human-essentials/vendor/bundle
2024-02-18T21:09:45.4698018Z [command]/opt/hostedtoolcache/Ruby/3.2.2/x64/bin/bundle config --local deployment true
2024-02-18T21:09:45.6157828Z Cache key: setup-ruby-bundler-cache-v6-ubuntu-22.04-x64-ruby-3.2.2-wd-/home/runner/work/human-essentials/human-essentials-with--without--only--Gemfile.lock-5e787c1735fd97488a1f016b3f68a7dc7590c1affae4b7811a8a2d170963f242
2024-02-18T21:09:46.8275882Z Received 167772160 of 214937237 (78.1%), 159.5 MBs/sec
2024-02-18T21:09:46.9868564Z Cache Size: ~205 MB (214937237 B)
2024-02-18T21:09:46.9905946Z [command]/usr/bin/tar -xf /home/runner/work/_temp/904515f7-a949-4312-89d3-cd9680b0b510/cache.tzst -P -C /home/runner/work/human-essentials/human-essentials --use-compress-program unzstd
2024-02-18T21:09:47.8289721Z Received 214937237 of 214937237 (100.0%), 102.3 MBs/sec
2024-02-18T21:09:48.7036851Z Cache restored successfully
2024-02-18T21:09:48.7469271Z Found cache for key: setup-ruby-bundler-cache-v6-ubuntu-22.04-x64-ruby-3.2.2-wd-/home/runner/work/human-essentials/human-essentials-with--without--only--Gemfile.lock-5e787c1735fd97488a1f016b3f68a7dc7590c1affae4b7811a8a2d170963f242
2024-02-18T21:09:48.7479473Z [command]/opt/hostedtoolcache/Ruby/3.2.2/x64/bin/bundle install --jobs 4
2024-02-18T21:09:49.1250004Z Bundle complete! 85 Gemfile dependencies, 245 gems now installed.
2024-02-18T21:09:49.1259130Z Bundled gems are installed into `./vendor/bundle`
2024-02-18T21:09:49.1301510Z Took   3.81 seconds
2024-02-18T21:09:49.1493974Z ##[group]Run sudo apt-get -yqq install libpq-dev
2024-02-18T21:09:49.1494619Z [36;1msudo apt-get -yqq install libpq-dev[0m
2024-02-18T21:09:49.1539025Z shell: /usr/bin/bash -e {0}
2024-02-18T21:09:49.1539585Z ##[endgroup]
2024-02-18T21:09:50.4707943Z ##[group]Run bundle exec rake db:create
2024-02-18T21:09:50.4708492Z [36;1mbundle exec rake db:create[0m
2024-02-18T21:09:50.4708967Z [36;1mbundle exec rake db:schema:load[0m
2024-02-18T21:09:50.4709534Z [36;1mbundle exec rails assets:precompile[0m
2024-02-18T21:09:50.4736699Z shell: /usr/bin/bash -e {0}
2024-02-18T21:09:50.4737076Z env:
2024-02-18T21:09:50.4737423Z   POSTGRES_HOST: localhost
2024-02-18T21:09:50.4737873Z   DATABASE_HOST: localhost
2024-02-18T21:09:50.4738278Z   PG_USERNAME: postgres
2024-02-18T21:09:50.4738638Z   PG_PASSWORD: password
2024-02-18T21:09:50.4739058Z   POSTGRES_HOST_AUTH_METHOD: trust
2024-02-18T21:09:50.4739476Z   POSTGRES_PORT: 5432
2024-02-18T21:09:50.4739860Z   RAILS_ENV: test
2024-02-18T21:09:50.4740256Z ##[endgroup]
2024-02-18T21:09:57.2337981Z We could not find your database: diaper_test. Which can be found in the database configuration file located at config/database.yml.
2024-02-18T21:09:57.2339378Z 
2024-02-18T21:09:57.2339953Z To resolve this issue:
2024-02-18T21:09:57.2340302Z 
2024-02-18T21:09:57.2341291Z - Did you create the database for this app, or delete it? You may need to create your database.
2024-02-18T21:09:57.2343233Z - Has the database name changed? Check your database.yml config has the correct database name.
2024-02-18T21:09:57.2344115Z 
2024-02-18T21:09:57.2344375Z To create your database, run:
2024-02-18T21:09:57.2344717Z 
2024-02-18T21:09:57.2344902Z         bin/rails db:create
2024-02-18T21:09:57.2345870Z . You likely need to run `rails g flipper:active_record` and/or `rails db:migrate`.
2024-02-18T21:09:57.4790625Z Created database 'diaper_test'
2024-02-18T21:09:57.7758431Z Coverage report generated for RSpec to /home/runner/work/human-essentials/human-essentials/coverage. 329 / 10172 LOC (3.23%) covered.
2024-02-18T21:10:03.9786404Z PG::UndefinedTable: ERROR:  relation "flipper_gates" does not exist
2024-02-18T21:10:03.9788061Z LINE 9:  WHERE a.attrelid = '"flipper_gates"'::regclass
2024-02-18T21:10:03.9788910Z                             ^
2024-02-18T21:10:03.9789876Z . You likely need to run `rails g flipper:active_record` and/or `rails db:migrate`.
2024-02-18T21:10:05.0395310Z Coverage report generated for RSpec to /home/runner/work/human-essentials/human-essentials/coverage. 329 / 10172 LOC (3.23%) covered.
2024-02-18T21:10:38.9929118Z W, [2024-02-18T13:10:38.992323 #2286]  WARN -- : Removed sourceMappingURL comment for missing asset 'adminlte.js.map' from /home/runner/work/human-essentials/human-essentials/app/javascript/adminlte.js
2024-02-18T21:10:39.0545770Z I, [2024-02-18T13:10:39.054134 #2286]  INFO -- : Writing /home/runner/work/human-essentials/human-essentials/public/assets/manifest-90aab26ade71e747f745b1227b433fd7d580a54f279ee2be6e1a67bb326bf03a.js
2024-02-18T21:10:39.0549817Z I, [2024-02-18T13:10:39.054419 #2286]  INFO -- : Writing /home/runner/work/human-essentials/human-essentials/public/assets/manifest-90aab26ade71e747f745b1227b433fd7d580a54f279ee2be6e1a67bb326bf03a.js.gz
2024-02-18T21:10:39.0554200Z I, [2024-02-18T13:10:39.054630 #2286]  INFO -- : Writing /home/runner/work/human-essentials/human-essentials/public/assets/filterrific/filterrific-spinner-415824b210964b6cdb1db0bd9508be8644b9fde094b392f73055b20d369885b6.gif
2024-02-18T21:10:39.0558254Z I, [2024-02-18T13:10:39.054964 #2286]  INFO -- : Writing /home/runner/work/human-essentials/human-essentials/public/assets/bootstrap.min-67c48d88a8e0be178058aacb338b084191ed6d65c8fef751c50248202cf1488a.js
2024-02-18T21:10:39.0561899Z I, [2024-02-18T13:10:39.055428 #2286]  INFO -- : Writing /home/runner/work/human-essentials/human-essentials/public/assets/bootstrap.min-67c48d88a8e0be178058aacb338b084191ed6d65c8fef751c50248202cf1488a.js.gz
2024-02-18T21:10:39.0565099Z I, [2024-02-18T13:10:39.055697 #2286]  INFO -- : Writing /home/runner/work/human-essentials/human-essentials/public/assets/DiaperBase-Logo-f18172876cab49a451ca9c3178b578ab2019e03f111a6b6f3ba0c1b40b3d7c0c.png
2024-02-18T21:10:39.0568407Z I, [2024-02-18T13:10:39.056494 #2286]  INFO -- : Writing /home/runner/work/human-essentials/human-essentials/public/assets/Just-Diaper-05bf6a1b70ccad149eb4eca7b5f9fcca1f9c37bab1f8e5edb6798d66c903ba53.svg
2024-02-18T21:10:39.0573457Z I, [2024-02-18T13:10:39.056898 #2286]  INFO -- : Writing /home/runner/work/human-essentials/human-essentials/public/assets/Just-Diaper-05bf6a1b70ccad149eb4eca7b5f9fcca1f9c37bab1f8e5edb6798d66c903ba53.svg.gz
2024-02-18T21:10:39.0577384Z I, [2024-02-18T13:10:39.057208 #2286]  INFO -- : Writing /home/runner/work/human-essentials/human-essentials/public/assets/barcode-932aed25f5c148b36882be3bfb6696ecdd362ba0a709ff0674a10477f2aad8f3.svg
2024-02-18T21:10:39.0581112Z I, [2024-02-18T13:10:39.057345 #2286]  INFO -- : Writing /home/runner/work/human-essentials/human-essentials/public/assets/barcode-932aed25f5c148b36882be3bfb6696ecdd362ba0a709ff0674a10477f2aad8f3.svg.gz
2024-02-18T21:10:39.0585087Z I, [2024-02-18T13:10:39.057462 #2286]  INFO -- : Writing /home/runner/work/human-essentials/human-essentials/public/assets/bars-db7a0aaf1cd735270b170cba53dca71c75473940ab48639c609a72964eb92f4d.svg
2024-02-18T21:10:39.0588751Z I, [2024-02-18T13:10:39.057565 #2286]  INFO -- : Writing /home/runner/work/human-essentials/human-essentials/public/assets/bars-db7a0aaf1cd735270b170cba53dca71c75473940ab48639c609a72964eb92f4d.svg.gz
2024-02-18T21:10:39.0592314Z I, [2024-02-18T13:10:39.057678 #2286]  INFO -- : Writing /home/runner/work/human-essentials/human-essentials/public/assets/blue@2x-709ca6c252f762af1e5efb0ef1e7444a712cb0ec010fee01749b67a595a7c0c6.png
2024-02-18T21:10:39.0598157Z I, [2024-02-18T13:10:39.057835 #2286]  INFO -- : Writing /home/runner/work/human-essentials/human-essentials/public/assets/boxed-bg-6c60c3f8655fa4062631bbe1434face4fe3d70392159e976ec09ca6ad9330e7d.jpg
2024-02-18T21:10:39.0601849Z I, [2024-02-18T13:10:39.058020 #2286]  INFO -- : Writing /home/runner/work/human-essentials/human-essentials/public/assets/boxed-bg-eb7b1fa0c09f5ef599fc5138e33168827f2ec4e1f796cf8a78570d8a73a58190.png
2024-02-18T21:10:39.0605674Z I, [2024-02-18T13:10:39.058181 #2286]  INFO -- : Writing /home/runner/work/human-essentials/human-essentials/public/assets/dashboard-image-3db42e909886dffccb680715feccab83cc867b4581b0009558e746364e2ec332.svg
2024-02-18T21:10:39.0609488Z I, [2024-02-18T13:10:39.058358 #2286]  INFO -- : Writing /home/runner/work/human-essentials/human-essentials/public/assets/dashboard-image-3db42e909886dffccb680715feccab83cc867b4581b0009558e746364e2ec332.svg.gz
2024-02-18T21:10:39.0613371Z I, [2024-02-18T13:10:39.058471 #2286]  INFO -- : Writing /home/runner/work/human-essentials/human-essentials/public/assets/forecasting-32dffccc42e6c09203d36acbc2243b4bc746dc2f1198c1ff43def4bb48e335b2.svg
2024-02-18T21:10:39.0617172Z I, [2024-02-18T13:10:39.058583 #2286]  INFO -- : Writing /home/runner/work/human-essentials/human-essentials/public/assets/forecasting-32dffccc42e6c09203d36acbc2243b4bc746dc2f1198c1ff43def4bb48e335b2.svg.gz
2024-02-18T21:10:39.0627789Z I, [2024-02-18T13:10:39.058683 #2286]  INFO -- : Writing /home/runner/work/human-essentials/human-essentials/public/assets/hero-image-0ba273def6de748beb2a64206e115d8e4a109ad51ef255512f4c6522e5b9225b.svg
2024-02-18T21:10:39.0631546Z I, [2024-02-18T13:10:39.058991 #2286]  INFO -- : Writing /home/runner/work/human-essentials/human-essentials/public/assets/hero-image-0ba273def6de748beb2a64206e115d8e4a109ad51ef255512f4c6522e5b9225b.svg.gz
2024-02-18T21:10:39.0635075Z I, [2024-02-18T13:10:39.059097 #2286]  INFO -- : Writing /home/runner/work/human-essentials/human-essentials/public/assets/inventory-image-3d91fc8087e13632114d9d129a680b992e02aae297b2bf180089cd55792249b2.svg
2024-02-18T21:10:39.0638872Z I, [2024-02-18T13:10:39.059203 #2286]  INFO -- : Writing /home/runner/work/human-essentials/human-essentials/public/assets/inventory-image-3d91fc8087e13632114d9d129a680b992e02aae297b2bf180089cd55792249b2.svg.gz
2024-02-18T21:10:39.0705661Z I, [2024-02-18T13:10:39.059305 #2286]  INFO -- : Writing /home/runner/work/human-essentials/human-essentials/public/assets/partner-management-c2cd4a940d1cf59f66928bc5097b4d4528b6de95abcc66421edf341c59311d40.svg
2024-02-18T21:10:39.0715464Z I, [2024-02-18T13:10:39.070870 #2286]  INFO -- : Writing /home/runner/work/human-essentials/human-essentials/public/assets/partner-management-c2cd4a940d1cf59f66928bc5097b4d4528b6de95abcc66421edf341c59311d40.svg.gz
2024-02-18T21:10:39.0719363Z I, [2024-02-18T13:10:39.071047 #2286]  INFO -- : Writing /home/runner/work/human-essentials/human-essentials/public/assets/quote-e4395f28913ad7b7785c522f0b6f2363a960720cf3bc26705438f6efb55edb7d.svg
2024-02-18T21:10:39.0722787Z I, [2024-02-18T13:10:39.071187 #2286]  INFO -- : Writing /home/runner/work/human-essentials/human-essentials/public/assets/quote-e4395f28913ad7b7785c522f0b6f2363a960720cf3bc26705438f6efb55edb7d.svg.gz
2024-02-18T21:10:39.0730004Z I, [2024-02-18T13:10:39.071309 #2286]  INFO -- : Writing /home/runner/work/human-essentials/human-essentials/public/assets/report-image-a9fc71739eca5457d288f1c234a0d84237ba8eef8bd20a9935bd45d84d03ae6b.svg
2024-02-18T21:10:39.0733838Z I, [2024-02-18T13:10:39.071434 #2286]  INFO -- : Writing /home/runner/work/human-essentials/human-essentials/public/assets/report-image-a9fc71739eca5457d288f1c234a0d84237ba8eef8bd20a9935bd45d84d03ae6b.svg.gz
2024-02-18T21:10:39.0737665Z I, [2024-02-18T13:10:39.071541 #2286]  INFO -- : Writing /home/runner/work/human-essentials/human-essentials/public/assets/test-only-background-c4843e992a593298a8c43815c8950b766061a96fd7d3e92838354914c41d7243.jpg
2024-02-18T21:10:39.0742817Z I, [2024-02-18T13:10:39.071690 #2286]  INFO -- : Writing /home/runner/work/human-essentials/human-essentials/public/assets/AdminLTE-9d75f9bf2ec81bc0a0de450227ed6268dad2cd66401439503c18d3241dfb241d.css
2024-02-18T21:10:39.0746623Z I, [2024-02-18T13:10:39.071764 #2286]  INFO -- : Writing /home/runner/work/human-essentials/human-essentials/public/assets/AdminLTE-9d75f9bf2ec81bc0a0de450227ed6268dad2cd66401439503c18d3241dfb241d.css.gz
2024-02-18T21:10:39.0749992Z I, [2024-02-18T13:10:39.071870 #2286]  INFO -- : Writing /home/runner/work/human-essentials/human-essentials/public/assets/_colors-04024382391bb910584145d8113cf35ef376b55d125bb4516cebeb14ce788597.css
2024-02-18T21:10:39.0753386Z I, [2024-02-18T13:10:39.071941 #2286]  INFO -- : Writing /home/runner/work/human-essentials/human-essentials/public/assets/_colors-04024382391bb910584145d8113cf35ef376b55d125bb4516cebeb14ce788597.css.gz
2024-02-18T21:10:39.0756602Z I, [2024-02-18T13:10:39.072327 #2286]  INFO -- : Writing /home/runner/work/human-essentials/human-essentials/public/assets/application-0da4ed653cd2be46690d3296e155ff2f65c183e52d7a8c3467d17640386866d5.css
2024-02-18T21:10:39.0759951Z I, [2024-02-18T13:10:39.072401 #2286]  INFO -- : Writing /home/runner/work/human-essentials/human-essentials/public/assets/application-0da4ed653cd2be46690d3296e155ff2f65c183e52d7a8c3467d17640386866d5.css.gz
2024-02-18T21:10:39.0763264Z I, [2024-02-18T13:10:39.072490 #2286]  INFO -- : Writing /home/runner/work/human-essentials/human-essentials/public/assets/test-only-background-c4843e992a593298a8c43815c8950b766061a96fd7d3e92838354914c41d7243.jpg
2024-02-18T21:10:39.0766472Z I, [2024-02-18T13:10:39.072661 #2286]  INFO -- : Writing /home/runner/work/human-essentials/human-essentials/public/assets/audits-83372b845d8a4887e7e4d2315cf3c85ea60ef94ca0ec4774dfbcd3cf569c616c.css
2024-02-18T21:10:39.0769690Z I, [2024-02-18T13:10:39.072846 #2286]  INFO -- : Writing /home/runner/work/human-essentials/human-essentials/public/assets/audits-83372b845d8a4887e7e4d2315cf3c85ea60ef94ca0ec4774dfbcd3cf569c616c.css.gz
2024-02-18T21:10:39.0773108Z I, [2024-02-18T13:10:39.072947 #2286]  INFO -- : Writing /home/runner/work/human-essentials/human-essentials/public/assets/barcode_reader-3799c29218802c1dbba4c700f3863ec24505a9e3e7b54d36282fff667d7c94ca.css
2024-02-18T21:10:39.0776374Z I, [2024-02-18T13:10:39.073031 #2286]  INFO -- : Writing /home/runner/work/human-essentials/human-essentials/public/assets/barcode_reader-3799c29218802c1dbba4c700f3863ec24505a9e3e7b54d36282fff667d7c94ca.css.gz
2024-02-18T21:10:39.0779848Z I, [2024-02-18T13:10:39.073125 #2286]  INFO -- : Writing /home/runner/work/human-essentials/human-essentials/public/assets/custom-78c7cbde633ff9cfb0425c2a5897128adfc8aca0f10628e0b59f704db7fe76df.css
2024-02-18T21:10:39.0783326Z I, [2024-02-18T13:10:39.073192 #2286]  INFO -- : Writing /home/runner/work/human-essentials/human-essentials/public/assets/custom-78c7cbde633ff9cfb0425c2a5897128adfc8aca0f10628e0b59f704db7fe76df.css.gz
2024-02-18T21:10:39.0786707Z I, [2024-02-18T13:10:39.073279 #2286]  INFO -- : Writing /home/runner/work/human-essentials/human-essentials/public/assets/test-only-background-c4843e992a593298a8c43815c8950b766061a96fd7d3e92838354914c41d7243.jpg
2024-02-18T21:10:39.0789989Z I, [2024-02-18T13:10:39.073422 #2286]  INFO -- : Writing /home/runner/work/human-essentials/human-essentials/public/assets/expandable_table-cca1600cf25c44c6bea2733167509ffe9133f344e9defe984ad96bd427b29a19.css
2024-02-18T21:10:39.0793217Z I, [2024-02-18T13:10:39.073491 #2286]  INFO -- : Writing /home/runner/work/human-essentials/human-essentials/public/assets/expandable_table-cca1600cf25c44c6bea2733167509ffe9133f344e9defe984ad96bd427b29a19.css.gz
2024-02-18T21:10:39.0796510Z I, [2024-02-18T13:10:39.073581 #2286]  INFO -- : Writing /home/runner/work/human-essentials/human-essentials/public/assets/landing_page-4fe5dfcfea8b5bbd7722658652ff4ee86132a41b8aff92e9ef8b1216cb7259fa.css
2024-02-18T21:10:39.0799713Z I, [2024-02-18T13:10:39.073652 #2286]  INFO -- : Writing /home/runner/work/human-essentials/human-essentials/public/assets/landing_page-4fe5dfcfea8b5bbd7722658652ff4ee86132a41b8aff92e9ef8b1216cb7259fa.css.gz
2024-02-18T21:10:39.0802926Z I, [2024-02-18T13:10:39.073746 #2286]  INFO -- : Writing /home/runner/work/human-essentials/human-essentials/public/assets/modal-dialog-9d7ae8bb43b60ac4c7d9910700392b20618ae2db4d5db33453b157171d5e0f7d.css
2024-02-18T21:10:39.0806240Z I, [2024-02-18T13:10:39.073823 #2286]  INFO -- : Writing /home/runner/work/human-essentials/human-essentials/public/assets/modal-dialog-9d7ae8bb43b60ac4c7d9910700392b20618ae2db4d5db33453b157171d5e0f7d.css.gz
2024-02-18T21:10:39.0809617Z I, [2024-02-18T13:10:39.073913 #2286]  INFO -- : Writing /home/runner/work/human-essentials/human-essentials/public/assets/progress_stepper-7f8ef0dc05a9a00a300e56f6f3e4ccfdde4af8e392407ccc6601d60019067ccb.css
2024-02-18T21:10:39.0813243Z I, [2024-02-18T13:10:39.074501 #2286]  INFO -- : Writing /home/runner/work/human-essentials/human-essentials/public/assets/progress_stepper-7f8ef0dc05a9a00a300e56f6f3e4ccfdde4af8e392407ccc6601d60019067ccb.css.gz
2024-02-18T21:10:39.0817211Z I, [2024-02-18T13:10:39.081307 #2286]  INFO -- : Writing /home/runner/work/human-essentials/human-essentials/public/assets/transfers-c9ab43ff53dab5dc13681712afc9b6fb31d7865d5ac8c657220deff9f138fa8c.css
2024-02-18T21:10:39.0821911Z I, [2024-02-18T13:10:39.081569 #2286]  INFO -- : Writing /home/runner/work/human-essentials/human-essentials/public/assets/transfers-c9ab43ff53dab5dc13681712afc9b6fb31d7865d5ac8c657220deff9f138fa8c.css.gz
2024-02-18T21:10:39.0825614Z I, [2024-02-18T13:10:39.081848 #2286]  INFO -- : Writing /home/runner/work/human-essentials/human-essentials/public/assets/adminlte-886a0b559685ec92cd8dd4dbf957899292f9c0bd344c90c304d28973363a8eaf.js
2024-02-18T21:10:39.0829168Z I, [2024-02-18T13:10:39.081940 #2286]  INFO -- : Writing /home/runner/work/human-essentials/human-essentials/public/assets/adminlte-886a0b559685ec92cd8dd4dbf957899292f9c0bd344c90c304d28973363a8eaf.js.gz
2024-02-18T21:10:39.0833828Z I, [2024-02-18T13:10:39.082743 #2286]  INFO -- : Writing /home/runner/work/human-essentials/human-essentials/public/assets/application-f9d5a0970e6dc2d1d44ca8dfd6129e9fed2dccf1b460a6bba6eab9dd7aa61c92.js
2024-02-18T21:10:39.0839542Z I, [2024-02-18T13:10:39.083037 #2286]  INFO -- : Writing /home/runner/work/human-essentials/human-essentials/public/assets/application-f9d5a0970e6dc2d1d44ca8dfd6129e9fed2dccf1b460a6bba6eab9dd7aa61c92.js.gz
2024-02-18T21:10:39.0841867Z I, [2024-02-18T13:10:39.083166 #2286]  INFO -- : Writing /home/runner/work/human-essentials/human-essentials/public/assets/cocoon-js-vanilla-cc8e46e9b16a6217f3c14c60ca346454c9c01d8d41e5c073ae14f85fac052e96.js
2024-02-18T21:10:39.0844064Z I, [2024-02-18T13:10:39.083372 #2286]  INFO -- : Writing /home/runner/work/human-essentials/human-essentials/public/assets/cocoon-js-vanilla-cc8e46e9b16a6217f3c14c60ca346454c9c01d8d41e5c073ae14f85fac052e96.js.gz
2024-02-18T21:10:39.0846119Z I, [2024-02-18T13:10:39.083512 #2286]  INFO -- : Writing /home/runner/work/human-essentials/human-essentials/public/assets/controllers/application-368d98631bccbf2349e0d4f8269afb3fe9625118341966de054759d96ea86c7e.js
2024-02-18T21:10:39.0848251Z I, [2024-02-18T13:10:39.083716 #2286]  INFO -- : Writing /home/runner/work/human-essentials/human-essentials/public/assets/controllers/application-368d98631bccbf2349e0d4f8269afb3fe9625118341966de054759d96ea86c7e.js.gz
2024-02-18T21:10:39.0917396Z I, [2024-02-18T13:10:39.091445 #2286]  INFO -- : Writing /home/runner/work/human-essentials/human-essentials/public/assets/controllers/area_served_controller-c8c048ef9ee2d145ba8408cda63546aff8ce9170e9cafb34075ebb01b43c6c34.js
2024-02-18T21:10:39.0922465Z I, [2024-02-18T13:10:39.091584 #2286]  INFO -- : Writing /home/runner/work/human-essentials/human-essentials/public/assets/controllers/area_served_controller-c8c048ef9ee2d145ba8408cda63546aff8ce9170e9cafb34075ebb01b43c6c34.js.gz
2024-02-18T21:10:39.0934429Z I, [2024-02-18T13:10:39.092818 #2286]  INFO -- : Writing /home/runner/work/human-essentials/human-essentials/public/assets/controllers/checkbox_with_nested_element_controller-1645dd2a3a857d546354c90b0c415a9d1dd4de6974048fd41bfc1d6f45ccb3eb.js
2024-02-18T21:10:39.0938606Z I, [2024-02-18T13:10:39.092949 #2286]  INFO -- : Writing /home/runner/work/human-essentials/human-essentials/public/assets/controllers/checkbox_with_nested_element_controller-1645dd2a3a857d546354c90b0c415a9d1dd4de6974048fd41bfc1d6f45ccb3eb.js.gz
2024-02-18T21:10:39.0942448Z I, [2024-02-18T13:10:39.093109 #2286]  INFO -- : Writing /home/runner/work/human-essentials/human-essentials/public/assets/controllers/distribution_delivery_controller-89fc613f734c2b1538c1e9948abeb353ea73d22678fc08597d48fa36a70c5c51.js
2024-02-18T21:10:39.0946532Z I, [2024-02-18T13:10:39.093227 #2286]  INFO -- : Writing /home/runner/work/human-essentials/human-essentials/public/assets/controllers/distribution_delivery_controller-89fc613f734c2b1538c1e9948abeb353ea73d22678fc08597d48fa36a70c5c51.js.gz
2024-02-18T21:10:39.1006490Z I, [2024-02-18T13:10:39.100396 #2286]  INFO -- : Writing /home/runner/work/human-essentials/human-essentials/public/assets/controllers/double_select_controller-bb2e4a65f2c66cacc8ec4dd491c2233b0aac53187ebe1fbaaffedfbaf7db9099.js
2024-02-18T21:10:39.1010526Z I, [2024-02-18T13:10:39.100519 #2286]  INFO -- : Writing /home/runner/work/human-essentials/human-essentials/public/assets/controllers/double_select_controller-bb2e4a65f2c66cacc8ec4dd491c2233b0aac53187ebe1fbaaffedfbaf7db9099.js.gz
2024-02-18T21:10:39.1014609Z I, [2024-02-18T13:10:39.100659 #2286]  INFO -- : Writing /home/runner/work/human-essentials/human-essentials/public/assets/controllers/highchart_controller-7640167d6e3481659a5ead23f046e3c6852c08e30ce8aa6f09aa5cce0f7ea02d.js
2024-02-18T21:10:39.1018509Z I, [2024-02-18T13:10:39.100746 #2286]  INFO -- : Writing /home/runner/work/human-essentials/human-essentials/public/assets/controllers/highchart_controller-7640167d6e3481659a5ead23f046e3c6852c08e30ce8aa6f09aa5cce0f7ea02d.js.gz
2024-02-18T21:10:39.1022267Z I, [2024-02-18T13:10:39.100854 #2286]  INFO -- : Writing /home/runner/work/human-essentials/human-essentials/public/assets/controllers/index-2db729dddcc5b979110e98de4b6720f83f91a123172e87281d5a58410fc43806.js
2024-02-18T21:10:39.1026633Z I, [2024-02-18T13:10:39.100943 #2286]  INFO -- : Writing /home/runner/work/human-essentials/human-essentials/public/assets/controllers/index-2db729dddcc5b979110e98de4b6720f83f91a123172e87281d5a58410fc43806.js.gz
2024-02-18T21:10:39.1030687Z I, [2024-02-18T13:10:39.101068 #2286]  INFO -- : Writing /home/runner/work/human-essentials/human-essentials/public/assets/controllers/request_item_controller-3d80a8cfc8c3931a9addd9502dd972f6b9b6df1b44435b3ec0371f2dd5aef579.js
2024-02-18T21:10:39.1034754Z I, [2024-02-18T13:10:39.101155 #2286]  INFO -- : Writing /home/runner/work/human-essentials/human-essentials/public/assets/controllers/request_item_controller-3d80a8cfc8c3931a9addd9502dd972f6b9b6df1b44435b3ec0371f2dd5aef579.js.gz
2024-02-18T21:10:39.1038684Z I, [2024-02-18T13:10:39.101267 #2286]  INFO -- : Writing /home/runner/work/human-essentials/human-essentials/public/assets/controllers/select2_controller-13c15fa4f8996b06b43552325b12e3a14e158db06264b83cfff2e521a16fceeb.js
2024-02-18T21:10:39.1042599Z I, [2024-02-18T13:10:39.101352 #2286]  INFO -- : Writing /home/runner/work/human-essentials/human-essentials/public/assets/controllers/select2_controller-13c15fa4f8996b06b43552325b12e3a14e158db06264b83cfff2e521a16fceeb.js.gz
2024-02-18T21:10:39.1046451Z I, [2024-02-18T13:10:39.101464 #2286]  INFO -- : Writing /home/runner/work/human-essentials/human-essentials/public/assets/controllers/served_area_controller-37738489813fc06349f3fb1bc7abc5d5493318ce553f1bebbfa1f8fe06ebfb4a.js
2024-02-18T21:10:39.1050275Z I, [2024-02-18T13:10:39.101551 #2286]  INFO -- : Writing /home/runner/work/human-essentials/human-essentials/public/assets/controllers/served_area_controller-37738489813fc06349f3fb1bc7abc5d5493318ce553f1bebbfa1f8fe06ebfb4a.js.gz
2024-02-18T21:10:39.1054246Z I, [2024-02-18T13:10:39.101663 #2286]  INFO -- : Writing /home/runner/work/human-essentials/human-essentials/public/assets/controllers/turbo_controller-fccb6961e984a4e30ac5da2e1cf185bbfb9d9e8677a0bf2e284ec349e7b0db17.js
2024-02-18T21:10:39.1057826Z I, [2024-02-18T13:10:39.101748 #2286]  INFO -- : Writing /home/runner/work/human-essentials/human-essentials/public/assets/controllers/turbo_controller-fccb6961e984a4e30ac5da2e1cf185bbfb9d9e8677a0bf2e284ec349e7b0db17.js.gz
2024-02-18T21:10:39.1061139Z I, [2024-02-18T13:10:39.101862 #2286]  INFO -- : Writing /home/runner/work/human-essentials/human-essentials/public/assets/startup-bf111fcbf368bc988dfcb050d057ec73e21f190d7921e15689dd5ebf674e6d00.js
2024-02-18T21:10:39.1064569Z I, [2024-02-18T13:10:39.101949 #2286]  INFO -- : Writing /home/runner/work/human-essentials/human-essentials/public/assets/startup-bf111fcbf368bc988dfcb050d057ec73e21f190d7921e15689dd5ebf674e6d00.js.gz
2024-02-18T21:10:39.1067859Z I, [2024-02-18T13:10:39.102056 #2286]  INFO -- : Writing /home/runner/work/human-essentials/human-essentials/public/assets/utils/barcode_items-ee1050c4d1ade4569ef6cfc83d5f4792f67daabaca0ae24f75455737fea0a72b.js
2024-02-18T21:10:39.1071224Z I, [2024-02-18T13:10:39.102138 #2286]  INFO -- : Writing /home/runner/work/human-essentials/human-essentials/public/assets/utils/barcode_items-ee1050c4d1ade4569ef6cfc83d5f4792f67daabaca0ae24f75455737fea0a72b.js.gz
2024-02-18T21:10:39.1074698Z I, [2024-02-18T13:10:39.102249 #2286]  INFO -- : Writing /home/runner/work/human-essentials/human-essentials/public/assets/utils/barcode_scan-757b66b6921154f49e7cc4c5dc2f146f91f1648beffaa8ef106d94585a273ba9.js
2024-02-18T21:10:39.1077949Z I, [2024-02-18T13:10:39.102361 #2286]  INFO -- : Writing /home/runner/work/human-essentials/human-essentials/public/assets/utils/barcode_scan-757b66b6921154f49e7cc4c5dc2f146f91f1648beffaa8ef106d94585a273ba9.js.gz
2024-02-18T21:10:39.1081329Z I, [2024-02-18T13:10:39.102473 #2286]  INFO -- : Writing /home/runner/work/human-essentials/human-essentials/public/assets/utils/deadline_day_pickers-b0b264db9e3c8107c161cc4571e71cf901bcc511175271d218a553c4e1889065.js
2024-02-18T21:10:39.1084798Z I, [2024-02-18T13:10:39.102562 #2286]  INFO -- : Writing /home/runner/work/human-essentials/human-essentials/public/assets/utils/deadline_day_pickers-b0b264db9e3c8107c161cc4571e71cf901bcc511175271d218a553c4e1889065.js.gz
2024-02-18T21:10:39.1088479Z I, [2024-02-18T13:10:39.102669 #2286]  INFO -- : Writing /home/runner/work/human-essentials/human-essentials/public/assets/utils/distributions_and_transfers-1f9709e9a8df250acfe3e7a79f1501b2696b1f36d5adcf083a61a1b005cce3d2.js
2024-02-18T21:10:39.1092289Z I, [2024-02-18T13:10:39.102748 #2286]  INFO -- : Writing /home/runner/work/human-essentials/human-essentials/public/assets/utils/distributions_and_transfers-1f9709e9a8df250acfe3e7a79f1501b2696b1f36d5adcf083a61a1b005cce3d2.js.gz
2024-02-18T21:10:39.1095787Z I, [2024-02-18T13:10:39.102852 #2286]  INFO -- : Writing /home/runner/work/human-essentials/human-essentials/public/assets/utils/donations-1c3e9a15fc370afd2c3836ccf8dde6013c35412a8d83cf6c1e31bec95ef72b26.js
2024-02-18T21:10:39.1099006Z I, [2024-02-18T13:10:39.102930 #2286]  INFO -- : Writing /home/runner/work/human-essentials/human-essentials/public/assets/utils/donations-1c3e9a15fc370afd2c3836ccf8dde6013c35412a8d83cf6c1e31bec95ef72b26.js.gz
2024-02-18T21:10:39.1102412Z I, [2024-02-18T13:10:39.103029 #2286]  INFO -- : Writing /home/runner/work/human-essentials/human-essentials/public/assets/utils/purchases-5c814ba098feaa8a7b4abff24267c1da909f3e52e12c97660f8a0b8c1ff4aea1.js
2024-02-18T21:10:39.1106028Z I, [2024-02-18T13:10:39.103106 #2286]  INFO -- : Writing /home/runner/work/human-essentials/human-essentials/public/assets/utils/purchases-5c814ba098feaa8a7b4abff24267c1da909f3e52e12c97660f8a0b8c1ff4aea1.js.gz
2024-02-18T21:10:39.1109546Z I, [2024-02-18T13:10:39.103214 #2286]  INFO -- : Writing /home/runner/work/human-essentials/human-essentials/public/assets/filterrific-f3a290db250e05344fd62c216b903689f73eff5e270ef021e425551006092e08.js
2024-02-18T21:10:39.1113115Z I, [2024-02-18T13:10:39.103300 #2286]  INFO -- : Writing /home/runner/work/human-essentials/human-essentials/public/assets/filterrific-f3a290db250e05344fd62c216b903689f73eff5e270ef021e425551006092e08.js.gz
2024-02-18T21:10:39.1116662Z I, [2024-02-18T13:10:39.103422 #2286]  INFO -- : Writing /home/runner/work/human-essentials/human-essentials/public/assets/stimulusloading-1fc59770fb1654500044afd3f5f6d7d00800e5be36746d55b94a2963a7a228aa.js
2024-02-18T21:10:39.1120356Z I, [2024-02-18T13:10:39.103510 #2286]  INFO -- : Writing /home/runner/work/human-essentials/human-essentials/public/assets/stimulusloading-1fc59770fb1654500044afd3f5f6d7d00800e5be36746d55b94a2963a7a228aa.js.gz
2024-02-18T21:10:39.1123803Z I, [2024-02-18T13:10:39.103622 #2286]  INFO -- : Writing /home/runner/work/human-essentials/human-essentials/public/assets/turbo-4851a9a0b1d947e810dfd0448a72aef261d455183ebea681f4f28a73640a9ece.js
2024-02-18T21:10:39.1127138Z I, [2024-02-18T13:10:39.103708 #2286]  INFO -- : Writing /home/runner/work/human-essentials/human-essentials/public/assets/turbo-4851a9a0b1d947e810dfd0448a72aef261d455183ebea681f4f28a73640a9ece.js.gz
2024-02-18T21:10:39.1130683Z I, [2024-02-18T13:10:39.103834 #2286]  INFO -- : Writing /home/runner/work/human-essentials/human-essentials/public/assets/turbo.min-f309baafa3ae5ad6ccee3e7362118b87678d792db8e8ab466c4fa284dd3a4700.js
2024-02-18T21:10:39.1134143Z I, [2024-02-18T13:10:39.103930 #2286]  INFO -- : Writing /home/runner/work/human-essentials/human-essentials/public/assets/turbo.min-f309baafa3ae5ad6ccee3e7362118b87678d792db8e8ab466c4fa284dd3a4700.js.gz
2024-02-18T21:10:39.1137777Z I, [2024-02-18T13:10:39.104056 #2286]  INFO -- : Writing /home/runner/work/human-essentials/human-essentials/public/assets/turbo.min.js-8bc8f4a58d1c106d58dec8bef6c638ff12ff4d078f19d8ebd8c4277f4c9bc85a.map
2024-02-18T21:10:39.1141220Z I, [2024-02-18T13:10:39.104144 #2286]  INFO -- : Writing /home/runner/work/human-essentials/human-essentials/public/assets/turbo.min.js-8bc8f4a58d1c106d58dec8bef6c638ff12ff4d078f19d8ebd8c4277f4c9bc85a.map.gz
2024-02-18T21:10:39.1264753Z I, [2024-02-18T13:10:39.104258 #2286]  INFO -- : Writing /home/runner/work/human-essentials/human-essentials/public/assets/stimulus-loading-3576ce92b149ad5d6959438c6f291e2426c86df3b874c525b30faad51b0d96b3.js
2024-02-18T21:10:39.1268468Z I, [2024-02-18T13:10:39.104344 #2286]  INFO -- : Writing /home/runner/work/human-essentials/human-essentials/public/assets/stimulus-loading-3576ce92b149ad5d6959438c6f291e2426c86df3b874c525b30faad51b0d96b3.js.gz
2024-02-18T21:10:39.1271878Z I, [2024-02-18T13:10:39.104982 #2286]  INFO -- : Writing /home/runner/work/human-essentials/human-essentials/public/assets/popper-003a40d80fd205e1fa00da117d5bdc19720ba330706eaa17f9ba9513fa502304.js
2024-02-18T21:10:39.1275225Z I, [2024-02-18T13:10:39.110434 #2286]  INFO -- : Writing /home/runner/work/human-essentials/human-essentials/public/assets/popper-003a40d80fd205e1fa00da117d5bdc19720ba330706eaa17f9ba9513fa502304.js.gz
2024-02-18T21:10:39.1278377Z I, [2024-02-18T13:10:39.110591 #2286]  INFO -- : Writing /home/runner/work/human-essentials/human-essentials/public/assets/actiontext-28c61f5197c204db043317a8f8826a87ab31495b741f854d307ca36122deefce.js
2024-02-18T21:10:39.1281552Z I, [2024-02-18T13:10:39.110687 #2286]  INFO -- : Writing /home/runner/work/human-essentials/human-essentials/public/assets/actiontext-28c61f5197c204db043317a8f8826a87ab31495b741f854d307ca36122deefce.js.gz
2024-02-18T21:10:39.1284738Z I, [2024-02-18T13:10:39.110802 #2286]  INFO -- : Writing /home/runner/work/human-essentials/human-essentials/public/assets/trix-1563ff9c10f74e143b3ded40a8458497eaf2f87a648a5cbbfebdb7dec3447a5e.js
2024-02-18T21:10:39.1287893Z I, [2024-02-18T13:10:39.110890 #2286]  INFO -- : Writing /home/runner/work/human-essentials/human-essentials/public/assets/trix-1563ff9c10f74e143b3ded40a8458497eaf2f87a648a5cbbfebdb7dec3447a5e.js.gz
2024-02-18T21:10:39.1290969Z I, [2024-02-18T13:10:39.111003 #2286]  INFO -- : Writing /home/runner/work/human-essentials/human-essentials/public/assets/trix-b0398dade8e5ac249fe98f2e850f45adbcdfecd8a11c46b3eb67bdedb87b1b04.css
2024-02-18T21:10:39.1294144Z I, [2024-02-18T13:10:39.111090 #2286]  INFO -- : Writing /home/runner/work/human-essentials/human-essentials/public/assets/trix-b0398dade8e5ac249fe98f2e850f45adbcdfecd8a11c46b3eb67bdedb87b1b04.css.gz
2024-02-18T21:10:39.1297359Z I, [2024-02-18T13:10:39.111202 #2286]  INFO -- : Writing /home/runner/work/human-essentials/human-essentials/public/assets/stimulus-f75215805563870a61ee9dc5a207ce46d4675c7e667558a54344fd1e7baa697f.js
2024-02-18T21:10:39.1300467Z I, [2024-02-18T13:10:39.111286 #2286]  INFO -- : Writing /home/runner/work/human-essentials/human-essentials/public/assets/stimulus-f75215805563870a61ee9dc5a207ce46d4675c7e667558a54344fd1e7baa697f.js.gz
2024-02-18T21:10:39.1304057Z I, [2024-02-18T13:10:39.111411 #2286]  INFO -- : Writing /home/runner/work/human-essentials/human-essentials/public/assets/stimulus-autoloader-c584942b568ba74879da31c7c3d51366737bacaf6fbae659383c0a5653685693.js
2024-02-18T21:10:39.1307512Z I, [2024-02-18T13:10:39.111500 #2286]  INFO -- : Writing /home/runner/work/human-essentials/human-essentials/public/assets/stimulus-autoloader-c584942b568ba74879da31c7c3d51366737bacaf6fbae659383c0a5653685693.js.gz
2024-02-18T21:10:39.1311190Z I, [2024-02-18T13:10:39.111615 #2286]  INFO -- : Writing /home/runner/work/human-essentials/human-essentials/public/assets/stimulus-importmap-autoloader-db2076c783bf2dbee1226e2add52fef290b5d31b5bcd1edd999ac8a6dd31c44a.js
2024-02-18T21:10:39.1314948Z I, [2024-02-18T13:10:39.111713 #2286]  INFO -- : Writing /home/runner/work/human-essentials/human-essentials/public/assets/stimulus-importmap-autoloader-db2076c783bf2dbee1226e2add52fef290b5d31b5bcd1edd999ac8a6dd31c44a.js.gz
2024-02-18T21:10:39.1318544Z I, [2024-02-18T13:10:39.111832 #2286]  INFO -- : Writing /home/runner/work/human-essentials/human-essentials/public/assets/stimulus-loading-3576ce92b149ad5d6959438c6f291e2426c86df3b874c525b30faad51b0d96b3.js
2024-02-18T21:10:39.1321922Z I, [2024-02-18T13:10:39.111912 #2286]  INFO -- : Writing /home/runner/work/human-essentials/human-essentials/public/assets/stimulus-loading-3576ce92b149ad5d6959438c6f291e2426c86df3b874c525b30faad51b0d96b3.js.gz
2024-02-18T21:10:39.1325695Z I, [2024-02-18T13:10:39.112024 #2286]  INFO -- : Writing /home/runner/work/human-essentials/human-essentials/public/assets/stimulus.min-dd364f16ec9504dfb72672295637a1c8838773b01c0b441bd41008124c407894.js
2024-02-18T21:10:39.1329042Z I, [2024-02-18T13:10:39.112115 #2286]  INFO -- : Writing /home/runner/work/human-essentials/human-essentials/public/assets/stimulus.min-dd364f16ec9504dfb72672295637a1c8838773b01c0b441bd41008124c407894.js.gz
2024-02-18T21:10:39.1332663Z I, [2024-02-18T13:10:39.112222 #2286]  INFO -- : Writing /home/runner/work/human-essentials/human-essentials/public/assets/stimulus-autoloader-c584942b568ba74879da31c7c3d51366737bacaf6fbae659383c0a5653685693.js
2024-02-18T21:10:39.1336033Z I, [2024-02-18T13:10:39.112301 #2286]  INFO -- : Writing /home/runner/work/human-essentials/human-essentials/public/assets/stimulus-autoloader-c584942b568ba74879da31c7c3d51366737bacaf6fbae659383c0a5653685693.js.gz
2024-02-18T21:10:39.1339677Z I, [2024-02-18T13:10:39.112403 #2286]  INFO -- : Writing /home/runner/work/human-essentials/human-essentials/public/assets/stimulus-importmap-autoloader-db2076c783bf2dbee1226e2add52fef290b5d31b5bcd1edd999ac8a6dd31c44a.js
2024-02-18T21:10:39.1343623Z I, [2024-02-18T13:10:39.112484 #2286]  INFO -- : Writing /home/runner/work/human-essentials/human-essentials/public/assets/stimulus-importmap-autoloader-db2076c783bf2dbee1226e2add52fef290b5d31b5bcd1edd999ac8a6dd31c44a.js.gz
2024-02-18T21:10:39.1347109Z I, [2024-02-18T13:10:39.112586 #2286]  INFO -- : Writing /home/runner/work/human-essentials/human-essentials/public/assets/stimulus-loading-3576ce92b149ad5d6959438c6f291e2426c86df3b874c525b30faad51b0d96b3.js
2024-02-18T21:10:39.1350630Z I, [2024-02-18T13:10:39.112666 #2286]  INFO -- : Writing /home/runner/work/human-essentials/human-essentials/public/assets/stimulus-loading-3576ce92b149ad5d6959438c6f291e2426c86df3b874c525b30faad51b0d96b3.js.gz
2024-02-18T21:10:39.1353878Z I, [2024-02-18T13:10:39.112782 #2286]  INFO -- : Writing /home/runner/work/human-essentials/human-essentials/public/assets/stimulus.min.js-2cc63625fa177963b45da974806e7aee846cbf1d4930815733d0fdf3fb232325.map
2024-02-18T21:10:39.1357159Z I, [2024-02-18T13:10:39.112872 #2286]  INFO -- : Writing /home/runner/work/human-essentials/human-essentials/public/assets/stimulus.min.js-2cc63625fa177963b45da974806e7aee846cbf1d4930815733d0fdf3fb232325.map.gz
2024-02-18T21:10:39.1360615Z I, [2024-02-18T13:10:39.112985 #2286]  INFO -- : Writing /home/runner/work/human-essentials/human-essentials/public/assets/activestorage-3ab61e47dd4ee2d79db525ade1dca2ede0ea2b7371fe587e408ee37b7ade265d.js
2024-02-18T21:10:39.1364007Z I, [2024-02-18T13:10:39.113070 #2286]  INFO -- : Writing /home/runner/work/human-essentials/human-essentials/public/assets/activestorage-3ab61e47dd4ee2d79db525ade1dca2ede0ea2b7371fe587e408ee37b7ade265d.js.gz
2024-02-18T21:10:39.1367445Z I, [2024-02-18T13:10:39.113195 #2286]  INFO -- : Writing /home/runner/work/human-essentials/human-essentials/public/assets/activestorage.esm-01f58a45d77495cdfbdfcc872902a430426c4391634ec9c3da5f69fbf8418492.js
2024-02-18T21:10:39.1370917Z I, [2024-02-18T13:10:39.113283 #2286]  INFO -- : Writing /home/runner/work/human-essentials/human-essentials/public/assets/activestorage.esm-01f58a45d77495cdfbdfcc872902a430426c4391634ec9c3da5f69fbf8418492.js.gz
2024-02-18T21:10:39.1374209Z I, [2024-02-18T13:10:39.113403 #2286]  INFO -- : Writing /home/runner/work/human-essentials/human-essentials/public/assets/actioncable-5433453f9b6619a9de91aaab2d7fc7ff183e5260c0107cbc9a1aa0c838d9a74e.js
2024-02-18T21:10:39.1377508Z I, [2024-02-18T13:10:39.113489 #2286]  INFO -- : Writing /home/runner/work/human-essentials/human-essentials/public/assets/actioncable-5433453f9b6619a9de91aaab2d7fc7ff183e5260c0107cbc9a1aa0c838d9a74e.js.gz
2024-02-18T21:10:39.1381000Z I, [2024-02-18T13:10:39.113601 #2286]  INFO -- : Writing /home/runner/work/human-essentials/human-essentials/public/assets/actioncable.esm-e01089c3ec4fe7817fa9abcad06cab6bdc387f95f0ca6aab4bf7ba7537f70690.js
2024-02-18T21:10:39.1444565Z I, [2024-02-18T13:10:39.113690 #2286]  INFO -- : Writing /home/runner/work/human-essentials/human-essentials/public/assets/actioncable.esm-e01089c3ec4fe7817fa9abcad06cab6bdc387f95f0ca6aab4bf7ba7537f70690.js.gz
2024-02-18T21:10:39.5624987Z Coverage report generated for RSpec to /home/runner/work/human-essentials/human-essentials/coverage. 329 / 10172 LOC (3.23%) covered.
2024-02-18T21:10:39.6512130Z ##[group]Run RUBYOPT='-W:no-deprecated -W:no-experimental' bin/knapsack_pro_rspec
2024-02-18T21:10:39.6513086Z [36;1mRUBYOPT='-W:no-deprecated -W:no-experimental' bin/knapsack_pro_rspec[0m
2024-02-18T21:10:39.6540659Z shell: /usr/bin/bash -e {0}
2024-02-18T21:10:39.6541042Z env:
2024-02-18T21:10:39.6541377Z   POSTGRES_HOST: localhost
2024-02-18T21:10:39.6541795Z   DATABASE_HOST: localhost
2024-02-18T21:10:39.6542170Z   PG_USERNAME: postgres
2024-02-18T21:10:39.6542548Z   PG_PASSWORD: password
2024-02-18T21:10:39.6542984Z   POSTGRES_HOST_AUTH_METHOD: trust
2024-02-18T21:10:39.6543787Z   POSTGRES_PORT: 5432
2024-02-18T21:10:39.6544138Z   PGHOST: localhost
2024-02-18T21:10:39.6544585Z   PGUSER: postgres
2024-02-18T21:10:39.6544935Z   RAILS_ENV: test
2024-02-18T21:10:39.6545365Z   KNAPSACK_PRO_TEST_SUITE_TOKEN_RSPEC: 
2024-02-18T21:10:39.6545824Z   KNAPSACK_PRO_CI_NODE_TOTAL: 6
2024-02-18T21:10:39.6546187Z   KNAPSACK_PRO_CI_NODE_INDEX: 2
2024-02-18T21:10:39.6546811Z   KNAPSACK_PRO_RSPEC_SPLIT_BY_TEST_EXAMPLES: true
2024-02-18T21:10:39.6547281Z   KNAPSACK_PRO_LOG_LEVEL: info
2024-02-18T21:10:39.6547946Z   KNAPSACK_PRO_TEST_FILE_PATTERN: {spec/system/**{,/*/**}/*_spec.rb,spec/requests/**{,/*/**}/*_spec.rb}
2024-02-18T21:10:39.6548563Z   EVENTS_READ: true
2024-02-18T21:10:39.6548900Z ##[endgroup]
2024-02-18T21:10:45.2704139Z W, [2024-02-18T21:10:45.270081 #2372]  WARN -- : [knapsack_pro] GET https://api-disabled-for-fork.knapsackpro.com/v1/build_distributions/last
2024-02-18T21:10:45.2706059Z W, [2024-02-18T21:10:45.270131 #2372]  WARN -- : [knapsack_pro] Request failed due to:
2024-02-18T21:10:45.2708162Z W, [2024-02-18T21:10:45.270146 #2372]  WARN -- : [knapsack_pro] #<SocketError: Failed to open TCP connection to api-disabled-for-fork.knapsackpro.com:443 (getaddrinfo: Name or service not known)>
2024-02-18T21:10:45.2711392Z W, [2024-02-18T21:10:45.270167 #2372]  WARN -- : [knapsack_pro] Slow test files fallback behaviour started. We could not connect with Knapsack Pro API to fetch last CI build test files that are needed to determine slow test files. No test files will be split by test cases. It means all test files will be split by the whole test files as if split by test cases would be disabled https://knapsackpro.com/perma/ruby/split-by-test-examples
2024-02-18T21:10:48.0623905Z W, [2024-02-18T21:10:48.061988 #2372]  WARN -- : [knapsack_pro] POST https://api-disabled-for-fork.knapsackpro.com/v1/build_distributions/subset
2024-02-18T21:10:48.0626566Z W, [2024-02-18T21:10:48.062032 #2372]  WARN -- : [knapsack_pro] Request failed due to:
2024-02-18T21:10:48.0629882Z W, [2024-02-18T21:10:48.062046 #2372]  WARN -- : [knapsack_pro] #<SocketError: Failed to open TCP connection to api-disabled-for-fork.knapsackpro.com:443 (getaddrinfo: Name or service not known)>
2024-02-18T21:10:48.0635186Z W, [2024-02-18T21:10:48.062087 #2372]  WARN -- : [knapsack_pro] Fallback mode started. We could not connect with Knapsack Pro API. Your tests will be executed based on directory names. Read more about fallback mode at https://knapsackpro.com/perma/ruby/fallback-mode
2024-02-18T21:10:48.0687566Z /opt/hostedtoolcache/Ruby/3.2.2/x64/bin/ruby -I/home/runner/work/human-essentials/human-essentials/vendor/bundle/ruby/3.2.0/gems/rspec-core-3.12.2/lib:/home/runner/work/human-essentials/human-essentials/vendor/bundle/ruby/3.2.0/gems/rspec-support-3.12.1/lib /home/runner/work/human-essentials/human-essentials/vendor/bundle/ruby/3.2.0/gems/rspec-core-3.12.2/exe/rspec  --format documentation --format KnapsackPro::Formatters::TimeTracker --default-path spec "spec/requests/admin/account_requests_requests_spec.rb" "spec/requests/admin/questions_spec.rb" "spec/requests/broadcast_announcements_spec.rb" "spec/requests/item_categories_requests_spec.rb" "spec/requests/partners/distributions_spec.rb" "spec/requests/partners/user_requests_spec.rb" "spec/requests/reports/annual_reports_requests_spec.rb" "spec/requests/users/omniauth_callbacks_requests_spec.rb" "spec/system/admin/account_requests_system_spec.rb" "spec/system/annual_reports_system_spec.rb" "spec/system/distributions_by_county_system_spec.rb" "spec/system/log_in_system_spec.rb" "spec/system/partners/approval_process_spec.rb" "spec/system/partners/profile_served_area_system_spec.rb" "spec/system/request_system_spec.rb"
2024-02-18T21:10:56.2834464Z 
2024-02-18T21:10:56.2835144Z Randomized with seed 16980
2024-02-18T21:10:57.3079617Z 
2024-02-18T21:10:57.3080367Z ItemCategories
2024-02-18T21:10:57.3081628Z   PUT #update
2024-02-18T21:10:57.3082968Z     with valid parameters
2024-02-18T21:10:57.3642140Z       updates the ItemCategory and redirects
2024-02-18T21:10:57.3642846Z     with invalid parameters
2024-02-18T21:10:57.4163762Z       does not render a successful response
2024-02-18T21:10:57.4164813Z   POST #create
2024-02-18T21:10:57.4165456Z     with valid parameters
2024-02-18T21:10:57.4376247Z       creates a new ItemCategory then redirects
2024-02-18T21:10:57.4377258Z     with invalid parameters
2024-02-18T21:10:57.4687354Z       does not create a new ItemCategory
2024-02-18T21:10:57.4688205Z   GET #edit
2024-02-18T21:10:57.5026705Z     renders a successful response
2024-02-18T21:10:57.5027483Z   GET #new
2024-02-18T21:10:57.5293533Z     renders a successful response
2024-02-18T21:10:57.5294458Z   GET #show
2024-02-18T21:10:57.5608170Z     renders a successful response
2024-02-18T21:10:57.5608860Z 
2024-02-18T21:10:57.5609315Z Distributions by County
2024-02-18T21:10:57.5610549Z   handles time ranges properly
2024-02-18T21:11:00.2864731Z     works for this year
2024-02-18T21:11:02.0322841Z     works for all time
2024-02-18T21:11:02.0323504Z 
2024-02-18T21:11:02.0324019Z Users - Omniauth Callbacks
2024-02-18T21:11:02.0324915Z   GET #google_oauth2
2024-02-18T21:11:02.0325986Z     without a valid user
2024-02-18T21:11:02.0428947Z       should redirect to new registration URL
2024-02-18T21:11:02.0429696Z     with a valid user
2024-02-18T21:11:02.0659799Z       redirects correctly
2024-02-18T21:11:02.0660286Z 
2024-02-18T21:11:02.0660589Z Admin::AccountRequestsController
2024-02-18T21:11:02.0661555Z   while signed in as a super admin
2024-02-18T21:11:02.0662586Z     GET #for_rejection
2024-02-18T21:11:02.0663559Z       with a valid token
2024-02-18T21:11:02.1224711Z         should show the request
2024-02-18T21:11:02.1225673Z       with an invalid token
2024-02-18T21:11:02.1497240Z         should show a not found message
2024-02-18T21:11:02.1498037Z     GET #index
2024-02-18T21:11:02.1843792Z       returns success
2024-02-18T21:11:02.1844281Z     POST #reject
2024-02-18T21:11:02.2127815Z       should redirect back on success
2024-02-18T21:11:02.2128886Z 
2024-02-18T21:11:02.2129140Z Authentication
2024-02-18T21:11:02.2130898Z   Deactivated user
2024-02-18T21:11:02.9206996Z     should not allow the user to log in
2024-02-18T21:11:02.9207737Z   Showing the modal warning in staging
2024-02-18T21:11:02.9208822Z     when accessing /users/password/new in the staging environment
2024-02-18T21:11:03.3588041Z       should render the modal
2024-02-18T21:11:03.3588779Z     when accessing /users/password/new not in the staging environment
2024-02-18T21:11:03.7879518Z       should not render the modal
2024-02-18T21:11:03.7880623Z     when accessing /users/sign_in in the staging environment
2024-02-18T21:11:04.2210945Z       should render the modal
2024-02-18T21:11:04.2211811Z     when accessing /users/sign_in not in the staging environment
2024-02-18T21:11:04.6523370Z       should not render the modal
2024-02-18T21:11:04.6524143Z   Success
2024-02-18T21:11:05.2136228Z     should show dashboard upon signin
2024-02-18T21:11:05.2136841Z 
2024-02-18T21:11:05.2137121Z /partners/distributions
2024-02-18T21:11:05.2138741Z   GET #print
2024-02-18T21:11:05.3539159Z     returns http success
2024-02-18T21:11:05.3540081Z     with non-UTF8 characters
2024-02-18T21:11:05.4761677Z       returns http success
2024-02-18T21:11:05.4762373Z   GET #index
2024-02-18T21:11:05.5273426Z     should render without any issues
2024-02-18T21:11:05.5274090Z 
2024-02-18T21:11:05.5274544Z Annual Reports
2024-02-18T21:11:05.5275377Z   While signed in
2024-02-18T21:11:05.5276171Z     GET /index
2024-02-18T21:11:05.5585413Z       returns http success
2024-02-18T21:11:05.5586134Z     POST /recalculate
2024-02-18T21:11:05.6503742Z       recalculates an existing report
2024-02-18T21:11:05.7262883Z       recalculates new reports
2024-02-18T21:11:05.7263920Z     GET /show
2024-02-18T21:11:05.7650450Z       returns not found if the year params is not number
2024-02-18T21:11:05.8595153Z       retrieves and updated the existing report if it exists
2024-02-18T21:11:05.9528147Z       returns http success
2024-02-18T21:11:05.9847227Z       retrieves and uses the existing report if it exists
2024-02-18T21:11:05.9847917Z 
2024-02-18T21:11:05.9848248Z Partners profile served area behaviour
2024-02-18T21:11:05.9849743Z   changing the client share
2024-02-18T21:11:06.8839677Z     handles addition properly
2024-02-18T21:11:08.1546842Z     handles an invalid total client share properly
2024-02-18T21:11:09.4554751Z     handles a changed but correct total client share properly
2024-02-18T21:11:10.9243316Z     handles deletion properly
2024-02-18T21:11:10.9244162Z 
2024-02-18T21:11:10.9244385Z Requests
2024-02-18T21:11:10.9246040Z   canceling a request as a bank user
2024-02-18T21:11:10.9246783Z     when a bank user cancels a request
2024-02-18T21:11:12.0673564Z       should set the request as canceled/discarded and contain the reason
2024-02-18T21:11:12.0674581Z   #index
2024-02-18T21:11:12.8337493Z     can be exported in CSV
2024-02-18T21:11:13.4409904Z     lists requests
2024-02-18T21:11:13.4410389Z     behaves like Date Range Picker
2024-02-18T21:11:13.4414079Z       when choosing 'Last Month'
2024-02-18T21:11:14.5819385Z         shows only 2 of the records
2024-02-18T21:11:14.5820441Z       when choosing 'All Time'
2024-02-18T21:11:15.6766027Z         shows all the records
2024-02-18T21:11:15.6767097Z       when choosing a date range that only includes the previous week
2024-02-18T21:11:16.7319221Z         shows only 1 record
2024-02-18T21:11:16.7320004Z     when filtering on the index page
2024-02-18T21:11:16.7321066Z       when filtering by item
2024-02-18T21:11:17.6509430Z         constrains the list
2024-02-18T21:11:17.6510130Z       when filtering by partner
2024-02-18T21:11:18.5846327Z         constrains the list
2024-02-18T21:11:18.5847074Z       when exporting as CSV
2024-02-18T21:11:19.5814619Z         respects the applied filters
2024-02-18T21:11:19.5815432Z       with filters cleared
2024-02-18T21:11:20.4973098Z         displays all requests
2024-02-18T21:11:20.4973663Z       when filtering by status
2024-02-18T21:11:21.4378845Z         constrains the list
2024-02-18T21:11:21.4379622Z   #show
2024-02-18T21:11:21.9669394Z     should show the request with a request sender if a partner user is set
2024-02-18T21:11:22.4854929Z     should show the request without a request sender if a partner user is not set
2024-02-18T21:11:23.0627545Z     should show the number of items on-hand
2024-02-18T21:11:23.0628398Z     change status request
2024-02-18T21:11:24.1456939Z       should change to started
2024-02-18T21:11:24.1457736Z       when save the distribution
2024-02-18T21:11:25.3706814Z         should change request to fulfilled
2024-02-18T21:11:25.3707933Z 
2024-02-18T21:11:25.3708309Z Approval process for partners
2024-02-18T21:11:25.3709825Z   filling in organization details and requesting for approval
2024-02-18T21:11:25.3711083Z     GIVEN a partner user is new and wants to request approval
2024-02-18T21:11:42.3167870Z       should not allow them to make requests on the dashboard or the requests page
2024-02-18T21:11:42.3168977Z       AND they fill out the form and submit it
2024-02-18T21:11:42.3170079Z         THEN the organization approves them
2024-02-18T21:11:45.1756379Z           should show that they have been approved and able to make requests
2024-02-18T21:11:45.1757372Z   request approval with invalid details
2024-02-18T21:11:46.4293819Z     should render an error message
2024-02-18T21:11:46.4294515Z 
2024-02-18T21:11:46.4294918Z Admin::Questions
2024-02-18T21:11:46.4296401Z   while signed in as a super admin
2024-02-18T21:11:46.4297094Z     GET #new
2024-02-18T21:11:46.4765374Z       lets the user load the new question page
2024-02-18T21:11:46.4766335Z     PATCH #update
2024-02-18T21:11:46.5044512Z       lets the user update questions
2024-02-18T21:11:46.5045381Z     POST #create
2024-02-18T21:11:46.5228827Z       lets the user create questions
2024-02-18T21:11:46.5229509Z     GET #edit
2024-02-18T21:11:46.5595333Z       lets the user load the edit question page
2024-02-18T21:11:46.5596076Z     DELETE #destroy
2024-02-18T21:11:46.5798328Z       lets the user delete questions
2024-02-18T21:11:46.5799215Z     GET #index
2024-02-18T21:11:46.6080998Z       lets the user load the page
2024-02-18T21:11:46.6081669Z 
2024-02-18T21:11:46.6082007Z /partners/users
2024-02-18T21:11:46.6083127Z   GET #edit
2024-02-18T21:11:46.6503519Z     successfully loads the page
2024-02-18T21:11:46.6504377Z   PATCH #update
2024-02-18T21:11:46.6875401Z     lets the name be updated
2024-02-18T21:11:46.6875840Z 
2024-02-18T21:11:46.6876128Z Annual Reports
2024-02-18T21:11:46.6877214Z   while signed in as an organization admin
2024-02-18T21:11:47.2154113Z     exists
2024-02-18T21:11:47.7301972Z     has the report from last year, if there is a purchase from last year
2024-02-18T21:11:48.8018028Z     has all the sub-reports we expect
2024-02-18T21:11:48.8018774Z 
2024-02-18T21:11:48.8019049Z BroadcastAnnouncements
2024-02-18T21:11:48.8021805Z   GET /new
2024-02-18T21:11:48.8379844Z     renders a successful response
2024-02-18T21:11:48.8380536Z   GET /edit
2024-02-18T21:11:48.8741812Z     render a successful response
2024-02-18T21:11:48.8742761Z   GET /index
2024-02-18T21:11:48.9059215Z     renders a successful response
2024-02-18T21:11:48.9059980Z   PATCH /update
2024-02-18T21:11:48.9060712Z     with invalid parameters
2024-02-18T21:11:48.9387837Z       does not render a successful response
2024-02-18T21:11:48.9388762Z     with valid parameters
2024-02-18T21:11:48.9575520Z       updates the requested announcement and redirects
2024-02-18T21:11:48.9577995Z   POST /create
2024-02-18T21:11:48.9579100Z     with invalid parameters
2024-02-18T21:11:48.9858479Z       does not render a successful response
2024-02-18T21:11:49.0146198Z       does not create a new BroadcastAnnouncement
2024-02-18T21:11:49.0147327Z     with valid parameters
2024-02-18T21:11:49.0304081Z       creates a new BroadcastAnnouncement then redirects
2024-02-18T21:11:49.0306988Z   DELETE /destroy
2024-02-18T21:11:49.0470665Z     destroys the requested announcement then redirects
2024-02-18T21:11:49.0471276Z 
2024-02-18T21:11:49.0471505Z Account Requests Admin
2024-02-18T21:11:49.0472691Z   while signed in as a super admin
2024-02-18T21:11:49.0474183Z     user visits the for_rejection page
2024-02-18T21:11:50.0242256Z       should reject the account
2024-02-18T21:11:50.0243414Z     user visits the index page
2024-02-18T21:11:50.5598772Z       shows confirmed account requests within appropriate table
2024-02-18T21:11:51.0834578Z       shows unconfirmed account requests within appropriate table
2024-02-18T21:11:51.0835571Z     user rejects an account request
2024-02-18T21:11:52.0211732Z       should reject the account
2024-02-18T21:11:52.0897649Z W, [2024-02-18T13:11:52.089524 #2420]  WARN -- : [knapsack_pro] POST https://api-disabled-for-fork.knapsackpro.com/v1/build_subsets
2024-02-18T21:11:52.0899888Z W, [2024-02-18T13:11:52.089581 #2420]  WARN -- : [knapsack_pro] Request failed due to:
2024-02-18T21:11:52.0904156Z W, [2024-02-18T13:11:52.089606 #2420]  WARN -- : [knapsack_pro] #<SocketError: Failed to open TCP connection to api-disabled-for-fork.knapsackpro.com:443 (getaddrinfo: Name or service not known)>
2024-02-18T21:11:52.0909440Z W, [2024-02-18T13:11:52.089637 #2420]  WARN -- : [knapsack_pro] Time execution report was not saved on Knapsack Pro API server due to connection problem.
2024-02-18T21:11:52.0910776Z 
2024-02-18T21:11:52.0911467Z Finished in 55.81 seconds (files took 7.99 seconds to load)
2024-02-18T21:11:52.0912551Z 78 examples, 0 failures
2024-02-18T21:11:52.0913085Z 
2024-02-18T21:11:52.0913323Z Randomized with seed 16980
2024-02-18T21:11:52.0914079Z 
2024-02-18T21:11:52.3709089Z Coverage report generated for RSpec to /home/runner/work/human-essentials/human-essentials/coverage. 3603 / 6400 LOC (56.3%) covered.
2024-02-18T21:11:52.8716506Z Coverage report generated for RSpec to /home/runner/work/human-essentials/human-essentials/coverage. 38 / 10657 LOC (0.36%) covered.
2024-02-18T21:11:52.9094863Z Post job cleanup.
2024-02-18T21:11:53.0120610Z [command]/usr/bin/git version
2024-02-18T21:11:53.0173236Z git version 2.43.0
2024-02-18T21:11:53.0215162Z Temporarily overriding HOME='/home/runner/work/_temp/5aa08220-a06f-450c-8394-411c603c169d' before making global git config changes
2024-02-18T21:11:53.0216695Z Adding repository directory to the temporary git global config as a safe directory
2024-02-18T21:11:53.0221225Z [command]/usr/bin/git config --global --add safe.directory /home/runner/work/human-essentials/human-essentials
2024-02-18T21:11:53.0265610Z [command]/usr/bin/git config --local --name-only --get-regexp core\.sshCommand
2024-02-18T21:11:53.0307705Z [command]/usr/bin/git submodule foreach --recursive sh -c "git config --local --name-only --get-regexp 'core\.sshCommand' && git config --local --unset-all 'core.sshCommand' || :"
2024-02-18T21:11:53.0562749Z [command]/usr/bin/git config --local --name-only --get-regexp http\.https\:\/\/github\.com\/\.extraheader
2024-02-18T21:11:53.0596775Z http.https://github.com/.extraheader
2024-02-18T21:11:53.0606700Z [command]/usr/bin/git config --local --unset-all http.https://github.com/.extraheader
2024-02-18T21:11:53.0649574Z [command]/usr/bin/git submodule foreach --recursive sh -c "git config --local --name-only --get-regexp 'http\.https\:\/\/github\.com\/\.extraheader' && git config --local --unset-all 'http.https://github.com/.extraheader' || :"
2024-02-18T21:11:53.1063749Z Print service container logs: ee0d273f4cb5482da6bdc2c3776ac1c8_postgres123_cd55c2
2024-02-18T21:11:53.1069193Z ##[command]/usr/bin/docker logs --details a8992704a8092f0e19296dc620a087a35de9e4fa1a8c5626229a397aa24542d9
2024-02-18T21:11:53.1191699Z  initdb: warning: enabling "trust" authentication for local connections
2024-02-18T21:11:53.1193145Z  The files belonging to this database system will be owned by user "postgres".
2024-02-18T21:11:53.1194007Z  This user must also own the server process.
2024-02-18T21:11:53.1194559Z  
2024-02-18T21:11:53.1195011Z  The database cluster will be initialized with locale "en_US.utf8".
2024-02-18T21:11:53.1195710Z  The default database encoding has accordingly been set to "UTF8".
2024-02-18T21:11:53.1196452Z  The default text search configuration will be set to "english".
2024-02-18T21:11:53.1196976Z  
2024-02-18T21:11:53.1197351Z  Data page checksums are disabled.
2024-02-18T21:11:53.1197739Z  
2024-02-18T21:11:53.1198283Z  fixing permissions on existing directory /var/lib/postgresql/data ... ok
2024-02-18T21:11:53.1198930Z  creating subdirectories ... ok
2024-02-18T21:11:53.1199432Z  selecting dynamic shared memory implementation ... posix
2024-02-18T21:11:53.1200199Z  You can change this by editing pg_hba.conf or using the option -A, or
2024-02-18T21:11:53.1200874Z  --auth-local and --auth-host, the next time you run initdb.
2024-02-18T21:11:53.1201979Z  2024-02-18 21:09:30.597 UTC [1] LOG:  starting PostgreSQL 12.3 (Debian 12.3-1.pgdg100+1) on x86_64-pc-linux-gnu, compiled by gcc (Debian 8.3.0-6) 8.3.0, 64-bit
2024-02-18T21:11:53.1203571Z  2024-02-18 21:09:30.597 UTC [1] LOG:  listening on IPv4 address "0.0.0.0", port 5432
2024-02-18T21:11:53.1204414Z  2024-02-18 21:09:30.597 UTC [1] LOG:  listening on IPv6 address "::", port 5432
2024-02-18T21:11:53.1206021Z  2024-02-18 21:09:30.600 UTC [1] LOG:  listening on Unix socket "/var/run/postgresql/.s.PGSQL.5432"
2024-02-18T21:11:53.1206916Z  2024-02-18 21:09:30.611 UTC [56] LOG:  database system was shut down at 2024-02-18 21:09:30 UTC
2024-02-18T21:11:53.1207708Z  2024-02-18 21:09:30.616 UTC [1] LOG:  database system is ready to accept connections
2024-02-18T21:11:53.1208483Z  2024-02-18 21:09:39.792 UTC [70] FATAL:  role "root" does not exist
2024-02-18T21:11:53.1209395Z  2024-02-18 21:09:49.882 UTC [78] FATAL:  role "root" does not exist
2024-02-18T21:11:53.1210552Z  2024-02-18 21:09:57.233 UTC [79] FATAL:  database "diaper_test" does not exist
2024-02-18T21:11:53.1211374Z  2024-02-18 21:09:59.971 UTC [89] FATAL:  role "root" does not exist
2024-02-18T21:11:53.1212121Z  2024-02-18 21:10:03.976 UTC [90] ERROR:  relation "flipper_gates" does not exist at character 491
2024-02-18T21:11:53.1213061Z  2024-02-18 21:10:03.976 UTC [90] STATEMENT:  SELECT a.attname, format_type(a.atttypid, a.atttypmod),
2024-02-18T21:11:53.1213899Z  	       pg_get_expr(d.adbin, d.adrelid), a.attnotnull, a.atttypid, a.atttypmod,
2024-02-18T21:11:53.1214556Z  	       c.collname, col_description(a.attrelid, a.attnum) AS comment,
2024-02-18T21:11:53.1215188Z  	       attgenerated as attgenerated
2024-02-18T21:11:53.1215632Z  	  FROM pg_attribute a
2024-02-18T21:11:53.1216147Z  	  LEFT JOIN pg_attrdef d ON a.attrelid = d.adrelid AND a.attnum = d.adnum
2024-02-18T21:11:53.1216828Z  	  LEFT JOIN pg_type t ON a.atttypid = t.oid
2024-02-18T21:11:53.1217486Z  	  LEFT JOIN pg_collation c ON a.attcollation = c.oid AND a.attcollation <> t.typcollation
2024-02-18T21:11:53.1218153Z  	 WHERE a.attrelid = '"flipper_gates"'::regclass
2024-02-18T21:11:53.1218692Z  	   AND a.attnum > 0 AND NOT a.attisdropped
2024-02-18T21:11:53.1219129Z  	 ORDER BY a.attnum
2024-02-18T21:11:53.1219457Z  	
2024-02-18T21:11:53.1219955Z  2024-02-18 21:10:10.056 UTC [101] FATAL:  role "root" does not exist
2024-02-18T21:11:53.1220596Z  2024-02-18 21:10:20.134 UTC [110] FATAL:  role "root" does not exist
2024-02-18T21:11:53.1221302Z  2024-02-18 21:10:30.220 UTC [118] FATAL:  role "root" does not exist
2024-02-18T21:11:53.1222183Z  2024-02-18 21:10:40.312 UTC [127] FATAL:  role "root" does not exist
2024-02-18T21:11:53.1222858Z  2024-02-18 21:10:50.391 UTC [135] FATAL:  role "root" does not exist
2024-02-18T21:11:53.1224017Z  2024-02-18 21:11:00.491 UTC [145] FATAL:  role "root" does not exist
2024-02-18T21:11:53.1224661Z  2024-02-18 21:11:10.586 UTC [154] FATAL:  role "root" does not exist
2024-02-18T21:11:53.1225294Z  2024-02-18 21:11:20.685 UTC [162] FATAL:  role "root" does not exist
2024-02-18T21:11:53.1225996Z  2024-02-18 21:11:30.764 UTC [170] FATAL:  role "root" does not exist
2024-02-18T21:11:53.1226614Z  2024-02-18 21:11:40.846 UTC [179] FATAL:  role "root" does not exist
2024-02-18T21:11:53.1227251Z  2024-02-18 21:11:50.939 UTC [187] FATAL:  role "root" does not exist
2024-02-18T21:11:53.1227860Z  selecting default max_connections ... 100
2024-02-18T21:11:53.1228358Z  selecting default shared_buffers ... 128MB
2024-02-18T21:11:53.1228794Z  selecting default time zone ... Etc/UTC
2024-02-18T21:11:53.1229306Z  creating configuration files ... ok
2024-02-18T21:11:53.1229761Z  running bootstrap script ... ok
2024-02-18T21:11:53.1230282Z  performing post-bootstrap initialization ... ok
2024-02-18T21:11:53.1230767Z  syncing data to disk ... ok
2024-02-18T21:11:53.1231138Z  
2024-02-18T21:11:53.1231478Z  
2024-02-18T21:11:53.1231832Z  Success. You can now start the database server using:
2024-02-18T21:11:53.1232300Z  
2024-02-18T21:11:53.1232738Z      pg_ctl -D /var/lib/postgresql/data -l logfile start
2024-02-18T21:11:53.1233209Z  
2024-02-18T21:11:53.1234101Z  waiting for server to start....2024-02-18 21:09:30.393 UTC [47] LOG:  starting PostgreSQL 12.3 (Debian 12.3-1.pgdg100+1) on x86_64-pc-linux-gnu, compiled by gcc (Debian 8.3.0-6) 8.3.0, 64-bit
2024-02-18T21:11:53.1235399Z  2024-02-18 21:09:30.395 UTC [47] LOG:  listening on Unix socket "/var/run/postgresql/.s.PGSQL.5432"
2024-02-18T21:11:53.1236429Z  2024-02-18 21:09:30.408 UTC [48] LOG:  database system was shut down at 2024-02-18 21:09:30 UTC
2024-02-18T21:11:53.1237313Z  2024-02-18 21:09:30.416 UTC [47] LOG:  database system is ready to accept connections
2024-02-18T21:11:53.1237859Z   done
2024-02-18T21:11:53.1238174Z  server started
2024-02-18T21:11:53.1238568Z  
2024-02-18T21:11:53.1239053Z  /usr/local/bin/docker-entrypoint.sh: ignoring /docker-entrypoint-initdb.d/*
2024-02-18T21:11:53.1239631Z  
2024-02-18T21:11:53.1240117Z  2024-02-18 21:09:30.486 UTC [47] LOG:  received fast shutdown request
2024-02-18T21:11:53.1240915Z  waiting for server to shut down....2024-02-18 21:09:30.487 UTC [47] LOG:  aborting any active transactions
2024-02-18T21:11:53.1241928Z  2024-02-18 21:09:30.488 UTC [47] LOG:  background worker "logical replication launcher" (PID 54) exited with exit code 1
2024-02-18T21:11:53.1242736Z  2024-02-18 21:09:30.488 UTC [49] LOG:  shutting down
2024-02-18T21:11:53.1243312Z  2024-02-18 21:09:30.496 UTC [47] LOG:  database system is shut down
2024-02-18T21:11:53.1243836Z   done
2024-02-18T21:11:53.1244201Z  server stopped
2024-02-18T21:11:53.1244530Z  
2024-02-18T21:11:53.1244985Z  PostgreSQL init process complete; ready for start up.
2024-02-18T21:11:53.1245453Z  
2024-02-18T21:11:53.1251611Z Stop and remove container: ee0d273f4cb5482da6bdc2c3776ac1c8_postgres123_cd55c2
2024-02-18T21:11:53.1257690Z ##[command]/usr/bin/docker rm --force a8992704a8092f0e19296dc620a087a35de9e4fa1a8c5626229a397aa24542d9
2024-02-18T21:11:53.3565194Z a8992704a8092f0e19296dc620a087a35de9e4fa1a8c5626229a397aa24542d9
2024-02-18T21:11:53.3592438Z Remove container network: github_network_5ba1336175264568894bf25dde51a6c9
2024-02-18T21:11:53.3597665Z ##[command]/usr/bin/docker network rm github_network_5ba1336175264568894bf25dde51a6c9
2024-02-18T21:11:53.6286614Z github_network_5ba1336175264568894bf25dde51a6c9
2024-02-18T21:11:53.6459966Z Cleaning up orphan processes
