2024-03-11T21:44:49.0927817Z Requested labels: ubuntu-latest
2024-03-11T21:44:49.0928136Z Job defined at: rubyforgood/human-essentials/.github/workflows/brakeman.yml@refs/pull/4017/merge
2024-03-11T21:44:49.0928276Z Waiting for a runner to pick up this job...
2024-03-11T21:48:27.3771882Z Job is waiting for a hosted runner to come online.
2024-03-11T21:48:44.1541274Z Job is about to start running on the hosted runner: GitHub Actions 1 (hosted)
2024-03-11T21:48:46.3980246Z Current runner version: '2.314.1'
2024-03-11T21:48:46.4007258Z ##[group]Operating System
2024-03-11T21:48:46.4008179Z Ubuntu
2024-03-11T21:48:46.4008528Z 22.04.4
2024-03-11T21:48:46.4008839Z LTS
2024-03-11T21:48:46.4009251Z ##[endgroup]
2024-03-11T21:48:46.4009594Z ##[group]Runner Image
2024-03-11T21:48:46.4010064Z Image: ubuntu-22.04
2024-03-11T21:48:46.4010714Z Version: 20240304.1.0
2024-03-11T21:48:46.4011732Z Included Software: https://github.com/actions/runner-images/blob/ubuntu22/20240304.1/images/ubuntu/Ubuntu2204-Readme.md
2024-03-11T21:48:46.4013117Z Image Release: https://github.com/actions/runner-images/releases/tag/ubuntu22%2F20240304.1
2024-03-11T21:48:46.4014121Z ##[endgroup]
2024-03-11T21:48:46.4014541Z ##[group]Runner Image Provisioner
2024-03-11T21:48:46.4014986Z 2.0.359.1
2024-03-11T21:48:46.4015409Z ##[endgroup]
2024-03-11T21:48:46.4017473Z ##[group]GITHUB_TOKEN Permissions
2024-03-11T21:48:46.4019192Z Actions: read
2024-03-11T21:48:46.4019627Z Checks: read
2024-03-11T21:48:46.4020121Z Contents: read
2024-03-11T21:48:46.4020669Z Deployments: read
2024-03-11T21:48:46.4021057Z Discussions: read
2024-03-11T21:48:46.4021764Z Issues: read
2024-03-11T21:48:46.4022149Z Metadata: read
2024-03-11T21:48:46.4022485Z Packages: read
2024-03-11T21:48:46.4022959Z Pages: read
2024-03-11T21:48:46.4023317Z PullRequests: read
2024-03-11T21:48:46.4023694Z RepositoryProjects: read
2024-03-11T21:48:46.4024242Z SecurityEvents: read
2024-03-11T21:48:46.4024644Z Statuses: read
2024-03-11T21:48:46.4025100Z ##[endgroup]
2024-03-11T21:48:46.4028194Z Secret source: None
2024-03-11T21:48:46.4028741Z Prepare workflow directory
2024-03-11T21:48:46.4645505Z Prepare all required actions
2024-03-11T21:48:46.4803341Z Getting action download info
2024-03-11T21:48:46.6518856Z Download action repository 'actions/checkout@v2' (SHA:ee0669bd1cc54295c223e0bb666b733df41de1c5)
2024-03-11T21:48:46.8010140Z Download action repository 'ruby/setup-ruby@v1' (SHA:d4526a55538b775af234ba4af27118ed6f8f6677)
2024-03-11T21:48:47.3025571Z Complete job name: brakeman
2024-03-11T21:48:47.3924073Z ##[group]Run actions/checkout@v2
2024-03-11T21:48:47.3924683Z with:
2024-03-11T21:48:47.3925067Z   repository: rubyforgood/human-essentials
2024-03-11T21:48:47.3925922Z   token: ***
2024-03-11T21:48:47.3926352Z   ssh-strict: true
2024-03-11T21:48:47.3926740Z   persist-credentials: true
2024-03-11T21:48:47.3927269Z   clean: true
2024-03-11T21:48:47.3927664Z   fetch-depth: 1
2024-03-11T21:48:47.3928007Z   lfs: false
2024-03-11T21:48:47.3928440Z   submodules: false
2024-03-11T21:48:47.3928873Z   set-safe-directory: true
2024-03-11T21:48:47.3929280Z ##[endgroup]
2024-03-11T21:48:47.6691028Z Syncing repository: rubyforgood/human-essentials
2024-03-11T21:48:47.6693366Z ##[group]Getting Git version info
2024-03-11T21:48:47.6694265Z Working directory is '/home/runner/work/human-essentials/human-essentials'
2024-03-11T21:48:47.6695397Z [command]/usr/bin/git version
2024-03-11T21:48:47.6769314Z git version 2.43.2
2024-03-11T21:48:47.6793110Z ##[endgroup]
2024-03-11T21:48:47.6808214Z Temporarily overriding HOME='/home/runner/work/_temp/010fdd03-1386-4fa9-9ec7-1b955da8d463' before making global git config changes
2024-03-11T21:48:47.6809955Z Adding repository directory to the temporary git global config as a safe directory
2024-03-11T21:48:47.6812245Z [command]/usr/bin/git config --global --add safe.directory /home/runner/work/human-essentials/human-essentials
2024-03-11T21:48:47.6856798Z Deleting the contents of '/home/runner/work/human-essentials/human-essentials'
2024-03-11T21:48:47.6861789Z ##[group]Initializing the repository
2024-03-11T21:48:47.6865221Z [command]/usr/bin/git init /home/runner/work/human-essentials/human-essentials
2024-03-11T21:48:47.6955539Z hint: Using 'master' as the name for the initial branch. This default branch name
2024-03-11T21:48:47.6956696Z hint: is subject to change. To configure the initial branch name to use in all
2024-03-11T21:48:47.6957782Z hint: of your new repositories, which will suppress this warning, call:
2024-03-11T21:48:47.6958658Z hint: 
2024-03-11T21:48:47.6959489Z hint: 	git config --global init.defaultBranch <name>
2024-03-11T21:48:47.6960176Z hint: 
2024-03-11T21:48:47.6961147Z hint: Names commonly chosen instead of 'master' are 'main', 'trunk' and
2024-03-11T21:48:47.6962260Z hint: 'development'. The just-created branch can be renamed via this command:
2024-03-11T21:48:47.6963168Z hint: 
2024-03-11T21:48:47.6963696Z hint: 	git branch -m <name>
2024-03-11T21:48:47.6965676Z Initialized empty Git repository in /home/runner/work/human-essentials/human-essentials/.git/
2024-03-11T21:48:47.6973804Z [command]/usr/bin/git remote add origin https://github.com/rubyforgood/human-essentials
2024-03-11T21:48:47.7019106Z ##[endgroup]
2024-03-11T21:48:47.7019884Z ##[group]Disabling automatic garbage collection
2024-03-11T21:48:47.7022856Z [command]/usr/bin/git config --local gc.auto 0
2024-03-11T21:48:47.7059574Z ##[endgroup]
2024-03-11T21:48:47.7060377Z ##[group]Setting up auth
2024-03-11T21:48:47.7066062Z [command]/usr/bin/git config --local --name-only --get-regexp core\.sshCommand
2024-03-11T21:48:47.7104526Z [command]/usr/bin/git submodule foreach --recursive sh -c "git config --local --name-only --get-regexp 'core\.sshCommand' && git config --local --unset-all 'core.sshCommand' || :"
2024-03-11T21:48:47.7458190Z [command]/usr/bin/git config --local --name-only --get-regexp http\.https\:\/\/github\.com\/\.extraheader
2024-03-11T21:48:47.7496057Z [command]/usr/bin/git submodule foreach --recursive sh -c "git config --local --name-only --get-regexp 'http\.https\:\/\/github\.com\/\.extraheader' && git config --local --unset-all 'http.https://github.com/.extraheader' || :"
2024-03-11T21:48:47.7733006Z [command]/usr/bin/git config --local http.https://github.com/.extraheader AUTHORIZATION: basic ***
2024-03-11T21:48:47.7778496Z ##[endgroup]
2024-03-11T21:48:47.7779354Z ##[group]Fetching the repository
2024-03-11T21:48:47.7787378Z [command]/usr/bin/git -c protocol.version=2 fetch --no-tags --prune --progress --no-recurse-submodules --depth=1 origin +6de76c9f54c21c86b08ee71913e68388f5c2fc9f:refs/remotes/pull/4017/merge
2024-03-11T21:48:48.0455673Z remote: Enumerating objects: 1752, done.        
2024-03-11T21:48:48.0457686Z remote: Counting objects:   0% (1/1752)        
2024-03-11T21:48:48.0459090Z remote: Counting objects:   1% (18/1752)        
2024-03-11T21:48:48.0460180Z remote: Counting objects:   2% (36/1752)        
2024-03-11T21:48:48.0461188Z remote: Counting objects:   3% (53/1752)        
2024-03-11T21:48:48.0461822Z remote: Counting objects:   4% (71/1752)        
2024-03-11T21:48:48.0462404Z remote: Counting objects:   5% (88/1752)        
2024-03-11T21:48:48.0463110Z remote: Counting objects:   6% (106/1752)        
2024-03-11T21:48:48.0463714Z remote: Counting objects:   7% (123/1752)        
2024-03-11T21:48:48.0464316Z remote: Counting objects:   8% (141/1752)        
2024-03-11T21:48:48.0464995Z remote: Counting objects:   9% (158/1752)        
2024-03-11T21:48:48.0465593Z remote: Counting objects:  10% (176/1752)        
2024-03-11T21:48:48.0466263Z remote: Counting objects:  11% (193/1752)        
2024-03-11T21:48:48.0466930Z remote: Counting objects:  12% (211/1752)        
2024-03-11T21:48:48.0467590Z remote: Counting objects:  13% (228/1752)        
2024-03-11T21:48:48.0468197Z remote: Counting objects:  14% (246/1752)        
2024-03-11T21:48:48.0468821Z remote: Counting objects:  15% (263/1752)        
2024-03-11T21:48:48.0469332Z remote: Counting objects:  16% (281/1752)        
2024-03-11T21:48:48.0469820Z remote: Counting objects:  17% (298/1752)        
2024-03-11T21:48:48.0470328Z remote: Counting objects:  18% (316/1752)        
2024-03-11T21:48:48.0471230Z remote: Counting objects:  19% (333/1752)        
2024-03-11T21:48:48.0471803Z remote: Counting objects:  20% (351/1752)        
2024-03-11T21:48:48.0472352Z remote: Counting objects:  21% (368/1752)        
2024-03-11T21:48:48.0472867Z remote: Counting objects:  22% (386/1752)        
2024-03-11T21:48:48.0473360Z remote: Counting objects:  23% (403/1752)        
2024-03-11T21:48:48.0474266Z remote: Counting objects:  24% (421/1752)        
2024-03-11T21:48:48.0474802Z remote: Counting objects:  25% (438/1752)        
2024-03-11T21:48:48.0475304Z remote: Counting objects:  26% (456/1752)        
2024-03-11T21:48:48.0475885Z remote: Counting objects:  27% (474/1752)        
2024-03-11T21:48:48.0476457Z remote: Counting objects:  28% (491/1752)        
2024-03-11T21:48:48.0477012Z remote: Counting objects:  29% (509/1752)        
2024-03-11T21:48:48.0489021Z remote: Counting objects:  30% (526/1752)        
2024-03-11T21:48:48.0490163Z remote: Counting objects:  31% (544/1752)        
2024-03-11T21:48:48.0491201Z remote: Counting objects:  32% (561/1752)        
2024-03-11T21:48:48.0491885Z remote: Counting objects:  33% (579/1752)        
2024-03-11T21:48:48.0492479Z remote: Counting objects:  34% (596/1752)        
2024-03-11T21:48:48.0493250Z remote: Counting objects:  35% (614/1752)        
2024-03-11T21:48:48.0493906Z remote: Counting objects:  36% (631/1752)        
2024-03-11T21:48:48.0494524Z remote: Counting objects:  37% (649/1752)        
2024-03-11T21:48:48.0495255Z remote: Counting objects:  38% (666/1752)        
2024-03-11T21:48:48.0495900Z remote: Counting objects:  39% (684/1752)        
2024-03-11T21:48:48.0496525Z remote: Counting objects:  40% (701/1752)        
2024-03-11T21:48:48.0497312Z remote: Counting objects:  41% (719/1752)        
2024-03-11T21:48:48.0498431Z remote: Counting objects:  42% (736/1752)        
2024-03-11T21:48:48.0499346Z remote: Counting objects:  43% (754/1752)        
2024-03-11T21:48:48.0500179Z remote: Counting objects:  44% (771/1752)        
2024-03-11T21:48:48.0500731Z remote: Counting objects:  45% (789/1752)        
2024-03-11T21:48:48.0501494Z remote: Counting objects:  46% (806/1752)        
2024-03-11T21:48:48.0502345Z remote: Counting objects:  47% (824/1752)        
2024-03-11T21:48:48.0503140Z remote: Counting objects:  48% (841/1752)        
2024-03-11T21:48:48.0503718Z remote: Counting objects:  49% (859/1752)        
2024-03-11T21:48:48.0504574Z remote: Counting objects:  50% (876/1752)        
2024-03-11T21:48:48.0505177Z remote: Counting objects:  51% (894/1752)        
2024-03-11T21:48:48.0505759Z remote: Counting objects:  52% (912/1752)        
2024-03-11T21:48:48.0506359Z remote: Counting objects:  53% (929/1752)        
2024-03-11T21:48:48.0506929Z remote: Counting objects:  54% (947/1752)        
2024-03-11T21:48:48.0507474Z remote: Counting objects:  55% (964/1752)        
2024-03-11T21:48:48.0508048Z remote: Counting objects:  56% (982/1752)        
2024-03-11T21:48:48.0508614Z remote: Counting objects:  57% (999/1752)        
2024-03-11T21:48:48.0509393Z remote: Counting objects:  58% (1017/1752)        
2024-03-11T21:48:48.0510128Z remote: Counting objects:  59% (1034/1752)        
2024-03-11T21:48:48.0511233Z remote: Counting objects:  60% (1052/1752)        
2024-03-11T21:48:48.0511804Z remote: Counting objects:  61% (1069/1752)        
2024-03-11T21:48:48.0512430Z remote: Counting objects:  62% (1087/1752)        
2024-03-11T21:48:48.0512946Z remote: Counting objects:  63% (1104/1752)        
2024-03-11T21:48:48.0513567Z remote: Counting objects:  64% (1122/1752)        
2024-03-11T21:48:48.0514168Z remote: Counting objects:  65% (1139/1752)        
2024-03-11T21:48:48.0514677Z remote: Counting objects:  66% (1157/1752)        
2024-03-11T21:48:48.0515163Z remote: Counting objects:  67% (1174/1752)        
2024-03-11T21:48:48.0515753Z remote: Counting objects:  68% (1192/1752)        
2024-03-11T21:48:48.0516259Z remote: Counting objects:  69% (1209/1752)        
2024-03-11T21:48:48.0516726Z remote: Counting objects:  70% (1227/1752)        
2024-03-11T21:48:48.0517304Z remote: Counting objects:  71% (1244/1752)        
2024-03-11T21:48:48.0517800Z remote: Counting objects:  72% (1262/1752)        
2024-03-11T21:48:48.0518267Z remote: Counting objects:  73% (1279/1752)        
2024-03-11T21:48:48.0518871Z remote: Counting objects:  74% (1297/1752)        
2024-03-11T21:48:48.0519388Z remote: Counting objects:  75% (1314/1752)        
2024-03-11T21:48:48.0520098Z remote: Counting objects:  76% (1332/1752)        
2024-03-11T21:48:48.0520689Z remote: Counting objects:  77% (1350/1752)        
2024-03-11T21:48:48.0521196Z remote: Counting objects:  78% (1367/1752)        
2024-03-11T21:48:48.0521679Z remote: Counting objects:  79% (1385/1752)        
2024-03-11T21:48:48.0522263Z remote: Counting objects:  80% (1402/1752)        
2024-03-11T21:48:48.0522762Z remote: Counting objects:  81% (1420/1752)        
2024-03-11T21:48:48.0523242Z remote: Counting objects:  82% (1437/1752)        
2024-03-11T21:48:48.0523814Z remote: Counting objects:  83% (1455/1752)        
2024-03-11T21:48:48.0524317Z remote: Counting objects:  84% (1472/1752)        
2024-03-11T21:48:48.0524898Z remote: Counting objects:  85% (1490/1752)        
2024-03-11T21:48:48.0525362Z remote: Counting objects:  86% (1507/1752)        
2024-03-11T21:48:48.0525871Z remote: Counting objects:  87% (1525/1752)        
2024-03-11T21:48:48.0526434Z remote: Counting objects:  88% (1542/1752)        
2024-03-11T21:48:48.0527044Z remote: Counting objects:  89% (1560/1752)        
2024-03-11T21:48:48.0527705Z remote: Counting objects:  90% (1577/1752)        
2024-03-11T21:48:48.0528611Z remote: Counting objects:  91% (1595/1752)        
2024-03-11T21:48:48.0529283Z remote: Counting objects:  92% (1612/1752)        
2024-03-11T21:48:48.0529850Z remote: Counting objects:  93% (1630/1752)        
2024-03-11T21:48:48.0530528Z remote: Counting objects:  94% (1647/1752)        
2024-03-11T21:48:48.0531007Z remote: Counting objects:  95% (1665/1752)        
2024-03-11T21:48:48.0531535Z remote: Counting objects:  96% (1682/1752)        
2024-03-11T21:48:48.0532090Z remote: Counting objects:  97% (1700/1752)        
2024-03-11T21:48:48.0532603Z remote: Counting objects:  98% (1717/1752)        
2024-03-11T21:48:48.0533063Z remote: Counting objects:  99% (1735/1752)        
2024-03-11T21:48:48.0533637Z remote: Counting objects: 100% (1752/1752)        
2024-03-11T21:48:48.0534361Z remote: Counting objects: 100% (1752/1752), done.        
2024-03-11T21:48:48.0534915Z remote: Compressing objects:   0% (1/1574)        
2024-03-11T21:48:48.0535509Z remote: Compressing objects:   1% (16/1574)        
2024-03-11T21:48:48.0536055Z remote: Compressing objects:   2% (32/1574)        
2024-03-11T21:48:48.0536542Z remote: Compressing objects:   3% (48/1574)        
2024-03-11T21:48:48.0537143Z remote: Compressing objects:   4% (63/1574)        
2024-03-11T21:48:48.0537666Z remote: Compressing objects:   5% (79/1574)        
2024-03-11T21:48:48.0538140Z remote: Compressing objects:   6% (95/1574)        
2024-03-11T21:48:48.0538740Z remote: Compressing objects:   7% (111/1574)        
2024-03-11T21:48:48.0638758Z remote: Compressing objects:   8% (126/1574)        
2024-03-11T21:48:48.0639346Z remote: Compressing objects:   9% (142/1574)        
2024-03-11T21:48:48.0640051Z remote: Compressing objects:  10% (158/1574)        
2024-03-11T21:48:48.0640619Z remote: Compressing objects:  11% (174/1574)        
2024-03-11T21:48:48.0641197Z remote: Compressing objects:  12% (189/1574)        
2024-03-11T21:48:48.0664253Z remote: Compressing objects:  13% (205/1574)        
2024-03-11T21:48:48.0666120Z remote: Compressing objects:  14% (221/1574)        
2024-03-11T21:48:48.0672150Z remote: Compressing objects:  15% (237/1574)        
2024-03-11T21:48:48.0672894Z remote: Compressing objects:  16% (252/1574)        
2024-03-11T21:48:48.1622788Z remote: Compressing objects:  17% (268/1574)        
2024-03-11T21:48:48.1624345Z remote: Compressing objects:  18% (284/1574)        
2024-03-11T21:48:48.1625774Z remote: Compressing objects:  19% (300/1574)        
2024-03-11T21:48:48.1626966Z remote: Compressing objects:  20% (315/1574)        
2024-03-11T21:48:48.1628202Z remote: Compressing objects:  21% (331/1574)        
2024-03-11T21:48:48.1629438Z remote: Compressing objects:  22% (347/1574)        
2024-03-11T21:48:48.1630385Z remote: Compressing objects:  23% (363/1574)        
2024-03-11T21:48:48.1631818Z remote: Compressing objects:  24% (378/1574)        
2024-03-11T21:48:48.1632889Z remote: Compressing objects:  25% (394/1574)        
2024-03-11T21:48:48.1633443Z remote: Compressing objects:  26% (410/1574)        
2024-03-11T21:48:48.1634210Z remote: Compressing objects:  27% (425/1574)        
2024-03-11T21:48:48.1634976Z remote: Compressing objects:  28% (441/1574)        
2024-03-11T21:48:48.1635843Z remote: Compressing objects:  29% (457/1574)        
2024-03-11T21:48:48.1636456Z remote: Compressing objects:  30% (473/1574)        
2024-03-11T21:48:48.1636990Z remote: Compressing objects:  31% (488/1574)        
2024-03-11T21:48:48.1637510Z remote: Compressing objects:  32% (504/1574)        
2024-03-11T21:48:48.1638119Z remote: Compressing objects:  33% (520/1574)        
2024-03-11T21:48:48.1638621Z remote: Compressing objects:  34% (536/1574)        
2024-03-11T21:48:48.1639151Z remote: Compressing objects:  35% (551/1574)        
2024-03-11T21:48:48.1639727Z remote: Compressing objects:  36% (567/1574)        
2024-03-11T21:48:48.1640224Z remote: Compressing objects:  37% (583/1574)        
2024-03-11T21:48:48.1640749Z remote: Compressing objects:  38% (599/1574)        
2024-03-11T21:48:48.1641577Z remote: Compressing objects:  39% (614/1574)        
2024-03-11T21:48:48.1642496Z remote: Compressing objects:  40% (630/1574)        
2024-03-11T21:48:48.1643062Z remote: Compressing objects:  41% (646/1574)        
2024-03-11T21:48:48.1643665Z remote: Compressing objects:  42% (662/1574)        
2024-03-11T21:48:48.1644152Z remote: Compressing objects:  43% (677/1574)        
2024-03-11T21:48:48.1644686Z remote: Compressing objects:  44% (693/1574)        
2024-03-11T21:48:48.1645323Z remote: Compressing objects:  45% (709/1574)        
2024-03-11T21:48:48.1645805Z remote: Compressing objects:  46% (725/1574)        
2024-03-11T21:48:48.1646336Z remote: Compressing objects:  47% (740/1574)        
2024-03-11T21:48:48.1646921Z remote: Compressing objects:  48% (756/1574)        
2024-03-11T21:48:48.1647617Z remote: Compressing objects:  49% (772/1574)        
2024-03-11T21:48:48.1648172Z remote: Compressing objects:  50% (787/1574)        
2024-03-11T21:48:48.1648768Z remote: Compressing objects:  51% (803/1574)        
2024-03-11T21:48:48.1649308Z remote: Compressing objects:  52% (819/1574)        
2024-03-11T21:48:48.1649792Z remote: Compressing objects:  53% (835/1574)        
2024-03-11T21:48:48.1650374Z remote: Compressing objects:  54% (850/1574)        
2024-03-11T21:48:48.1650897Z remote: Compressing objects:  55% (866/1574)        
2024-03-11T21:48:48.1651596Z remote: Compressing objects:  56% (882/1574)        
2024-03-11T21:48:48.1652214Z remote: Compressing objects:  57% (898/1574)        
2024-03-11T21:48:48.1652722Z remote: Compressing objects:  58% (913/1574)        
2024-03-11T21:48:48.1653194Z remote: Compressing objects:  59% (929/1574)        
2024-03-11T21:48:48.1653784Z remote: Compressing objects:  60% (945/1574)        
2024-03-11T21:48:48.1654291Z remote: Compressing objects:  61% (961/1574)        
2024-03-11T21:48:48.1654784Z remote: Compressing objects:  62% (976/1574)        
2024-03-11T21:48:48.1655421Z remote: Compressing objects:  63% (992/1574)        
2024-03-11T21:48:48.1655949Z remote: Compressing objects:  64% (1008/1574)        
2024-03-11T21:48:48.1656461Z remote: Compressing objects:  65% (1024/1574)        
2024-03-11T21:48:48.1657072Z remote: Compressing objects:  66% (1039/1574)        
2024-03-11T21:48:48.1657603Z remote: Compressing objects:  67% (1055/1574)        
2024-03-11T21:48:48.1658095Z remote: Compressing objects:  68% (1071/1574)        
2024-03-11T21:48:48.1658715Z remote: Compressing objects:  69% (1087/1574)        
2024-03-11T21:48:48.1659367Z remote: Compressing objects:  70% (1102/1574)        
2024-03-11T21:48:48.1659914Z remote: Compressing objects:  71% (1118/1574)        
2024-03-11T21:48:48.1660477Z remote: Compressing objects:  72% (1134/1574)        
2024-03-11T21:48:48.1661156Z remote: Compressing objects:  73% (1150/1574)        
2024-03-11T21:48:48.1661884Z remote: Compressing objects:  74% (1165/1574)        
2024-03-11T21:48:48.1662454Z remote: Compressing objects:  75% (1181/1574)        
2024-03-11T21:48:48.1662967Z remote: Compressing objects:  76% (1197/1574)        
2024-03-11T21:48:48.1663503Z remote: Compressing objects:  77% (1212/1574)        
2024-03-11T21:48:48.1664052Z remote: Compressing objects:  78% (1228/1574)        
2024-03-11T21:48:48.1664583Z remote: Compressing objects:  79% (1244/1574)        
2024-03-11T21:48:48.1665114Z remote: Compressing objects:  80% (1260/1574)        
2024-03-11T21:48:48.1666054Z remote: Compressing objects:  81% (1275/1574)        
2024-03-11T21:48:48.1666840Z remote: Compressing objects:  82% (1291/1574)        
2024-03-11T21:48:48.1667396Z remote: Compressing objects:  83% (1307/1574)        
2024-03-11T21:48:48.1668001Z remote: Compressing objects:  84% (1323/1574)        
2024-03-11T21:48:48.1668590Z remote: Compressing objects:  85% (1338/1574)        
2024-03-11T21:48:48.1669517Z remote: Compressing objects:  86% (1354/1574)        
2024-03-11T21:48:48.1670261Z remote: Compressing objects:  87% (1370/1574)        
2024-03-11T21:48:48.1671022Z remote: Compressing objects:  88% (1386/1574)        
2024-03-11T21:48:48.1671605Z remote: Compressing objects:  89% (1401/1574)        
2024-03-11T21:48:48.1672269Z remote: Compressing objects:  90% (1417/1574)        
2024-03-11T21:48:48.1672770Z remote: Compressing objects:  91% (1433/1574)        
2024-03-11T21:48:48.1673301Z remote: Compressing objects:  92% (1449/1574)        
2024-03-11T21:48:48.1673915Z remote: Compressing objects:  93% (1464/1574)        
2024-03-11T21:48:48.1674415Z remote: Compressing objects:  94% (1480/1574)        
2024-03-11T21:48:48.1674933Z remote: Compressing objects:  95% (1496/1574)        
2024-03-11T21:48:48.1675531Z remote: Compressing objects:  96% (1512/1574)        
2024-03-11T21:48:48.1676014Z remote: Compressing objects:  97% (1527/1574)        
2024-03-11T21:48:48.1676535Z remote: Compressing objects:  98% (1543/1574)        
2024-03-11T21:48:48.1677324Z remote: Compressing objects:  99% (1559/1574)        
2024-03-11T21:48:48.1677853Z remote: Compressing objects: 100% (1574/1574)        
2024-03-11T21:48:48.1678433Z remote: Compressing objects: 100% (1574/1574), done.        
2024-03-11T21:48:48.1679031Z Receiving objects:   0% (1/1752)
2024-03-11T21:48:48.1679473Z Receiving objects:   1% (18/1752)
2024-03-11T21:48:48.1818986Z Receiving objects:   2% (36/1752)
2024-03-11T21:48:48.2452387Z Receiving objects:   3% (53/1752)
2024-03-11T21:48:48.3319468Z Receiving objects:   4% (71/1752)
2024-03-11T21:48:48.3320350Z Receiving objects:   5% (88/1752)
2024-03-11T21:48:48.3323944Z Receiving objects:   6% (106/1752)
2024-03-11T21:48:48.3329211Z Receiving objects:   7% (123/1752)
2024-03-11T21:48:48.3333224Z Receiving objects:   8% (141/1752)
2024-03-11T21:48:48.3380685Z Receiving objects:   9% (158/1752)
2024-03-11T21:48:48.3384614Z Receiving objects:  10% (176/1752)
2024-03-11T21:48:48.3390294Z Receiving objects:  11% (193/1752)
2024-03-11T21:48:48.3393091Z Receiving objects:  12% (211/1752)
2024-03-11T21:48:48.3403032Z Receiving objects:  13% (228/1752)
2024-03-11T21:48:48.3406597Z Receiving objects:  14% (246/1752)
2024-03-11T21:48:48.3409780Z Receiving objects:  15% (263/1752)
2024-03-11T21:48:48.3413470Z Receiving objects:  16% (281/1752)
2024-03-11T21:48:48.3420440Z Receiving objects:  17% (298/1752)
2024-03-11T21:48:48.3424256Z Receiving objects:  18% (316/1752)
2024-03-11T21:48:48.3428799Z Receiving objects:  19% (333/1752)
2024-03-11T21:48:48.3432649Z Receiving objects:  20% (351/1752)
2024-03-11T21:48:48.3437667Z Receiving objects:  21% (368/1752)
2024-03-11T21:48:48.3440650Z Receiving objects:  22% (386/1752)
2024-03-11T21:48:48.3444403Z Receiving objects:  23% (403/1752)
2024-03-11T21:48:48.3447575Z Receiving objects:  24% (421/1752)
2024-03-11T21:48:48.3452153Z Receiving objects:  25% (438/1752)
2024-03-11T21:48:48.3454395Z Receiving objects:  26% (456/1752)
2024-03-11T21:48:48.3456919Z Receiving objects:  27% (474/1752)
2024-03-11T21:48:48.3460435Z Receiving objects:  28% (491/1752)
2024-03-11T21:48:48.3461250Z Receiving objects:  29% (509/1752)
2024-03-11T21:48:48.3464297Z Receiving objects:  30% (526/1752)
2024-03-11T21:48:48.3468020Z Receiving objects:  31% (544/1752)
2024-03-11T21:48:48.3471010Z Receiving objects:  32% (561/1752)
2024-03-11T21:48:48.3473605Z Receiving objects:  33% (579/1752)
2024-03-11T21:48:48.3476265Z Receiving objects:  34% (596/1752)
2024-03-11T21:48:48.3477459Z Receiving objects:  35% (614/1752)
2024-03-11T21:48:48.3483535Z Receiving objects:  36% (631/1752)
2024-03-11T21:48:48.3487963Z Receiving objects:  37% (649/1752)
2024-03-11T21:48:48.3488881Z Receiving objects:  38% (666/1752)
2024-03-11T21:48:48.3492877Z Receiving objects:  39% (684/1752)
2024-03-11T21:48:48.3496817Z Receiving objects:  40% (701/1752)
2024-03-11T21:48:48.3499387Z Receiving objects:  41% (719/1752)
2024-03-11T21:48:48.3502298Z Receiving objects:  42% (736/1752)
2024-03-11T21:48:48.3506362Z Receiving objects:  43% (754/1752)
2024-03-11T21:48:48.3508872Z Receiving objects:  44% (771/1752)
2024-03-11T21:48:48.3512997Z Receiving objects:  45% (789/1752)
2024-03-11T21:48:48.3516182Z Receiving objects:  46% (806/1752)
2024-03-11T21:48:48.3571454Z Receiving objects:  47% (824/1752)
2024-03-11T21:48:48.3581738Z Receiving objects:  48% (841/1752)
2024-03-11T21:48:48.3582462Z Receiving objects:  49% (859/1752)
2024-03-11T21:48:48.3583077Z Receiving objects:  50% (876/1752)
2024-03-11T21:48:48.3583898Z Receiving objects:  51% (894/1752)
2024-03-11T21:48:48.3586164Z Receiving objects:  52% (912/1752)
2024-03-11T21:48:48.3593265Z Receiving objects:  53% (929/1752)
2024-03-11T21:48:48.3598695Z Receiving objects:  54% (947/1752)
2024-03-11T21:48:48.3607931Z Receiving objects:  55% (964/1752)
2024-03-11T21:48:48.3612609Z Receiving objects:  56% (982/1752)
2024-03-11T21:48:48.3614941Z Receiving objects:  57% (999/1752)
2024-03-11T21:48:48.3617258Z Receiving objects:  58% (1017/1752)
2024-03-11T21:48:48.3619329Z Receiving objects:  59% (1034/1752)
2024-03-11T21:48:48.3621364Z Receiving objects:  60% (1052/1752)
2024-03-11T21:48:48.3623778Z Receiving objects:  61% (1069/1752)
2024-03-11T21:48:48.3625060Z Receiving objects:  62% (1087/1752)
2024-03-11T21:48:48.3627020Z Receiving objects:  63% (1104/1752)
2024-03-11T21:48:48.3628377Z Receiving objects:  64% (1122/1752)
2024-03-11T21:48:48.3631411Z Receiving objects:  65% (1139/1752)
2024-03-11T21:48:48.3633655Z Receiving objects:  66% (1157/1752)
2024-03-11T21:48:48.3634805Z Receiving objects:  67% (1174/1752)
2024-03-11T21:48:48.3636402Z Receiving objects:  68% (1192/1752)
2024-03-11T21:48:48.3639138Z Receiving objects:  69% (1209/1752)
2024-03-11T21:48:48.3640421Z Receiving objects:  70% (1227/1752)
2024-03-11T21:48:48.3647630Z Receiving objects:  71% (1244/1752)
2024-03-11T21:48:48.3659287Z Receiving objects:  72% (1262/1752)
2024-03-11T21:48:48.3662097Z Receiving objects:  73% (1279/1752)
2024-03-11T21:48:48.3663488Z Receiving objects:  74% (1297/1752)
2024-03-11T21:48:48.3979279Z Receiving objects:  75% (1314/1752)
2024-03-11T21:48:48.4337219Z Receiving objects:  76% (1332/1752)
2024-03-11T21:48:48.4537956Z Receiving objects:  77% (1350/1752)
2024-03-11T21:48:48.4969675Z Receiving objects:  78% (1367/1752)
2024-03-11T21:48:48.5231807Z Receiving objects:  79% (1385/1752)
2024-03-11T21:48:48.5549981Z Receiving objects:  80% (1402/1752)
2024-03-11T21:48:48.5555464Z Receiving objects:  81% (1420/1752)
2024-03-11T21:48:48.5558076Z Receiving objects:  82% (1437/1752)
2024-03-11T21:48:48.5561096Z Receiving objects:  83% (1455/1752)
2024-03-11T21:48:48.5565903Z Receiving objects:  84% (1472/1752)
2024-03-11T21:48:48.5569962Z Receiving objects:  85% (1490/1752)
2024-03-11T21:48:48.5576220Z Receiving objects:  86% (1507/1752)
2024-03-11T21:48:48.5583392Z Receiving objects:  87% (1525/1752)
2024-03-11T21:48:48.5588092Z Receiving objects:  88% (1542/1752)
2024-03-11T21:48:48.5592971Z Receiving objects:  89% (1560/1752)
2024-03-11T21:48:48.5598826Z Receiving objects:  90% (1577/1752)
2024-03-11T21:48:48.5604339Z Receiving objects:  91% (1595/1752)
2024-03-11T21:48:48.5609301Z Receiving objects:  92% (1612/1752)
2024-03-11T21:48:48.5613943Z Receiving objects:  93% (1630/1752)
2024-03-11T21:48:48.5648533Z Receiving objects:  94% (1647/1752)
2024-03-11T21:48:48.5661115Z Receiving objects:  95% (1665/1752)
2024-03-11T21:48:48.5664923Z Receiving objects:  96% (1682/1752)
2024-03-11T21:48:48.5677533Z Receiving objects:  97% (1700/1752)
2024-03-11T21:48:48.5689721Z Receiving objects:  98% (1717/1752)
2024-03-11T21:48:48.5723951Z Receiving objects:  99% (1735/1752)
2024-03-11T21:48:48.5725235Z remote: Total 1752 (delta 278), reused 997 (delta 139), pack-reused 0        
2024-03-11T21:48:48.5735396Z Receiving objects: 100% (1752/1752)
2024-03-11T21:48:48.5736721Z Receiving objects: 100% (1752/1752), 6.60 MiB | 16.21 MiB/s, done.
2024-03-11T21:48:48.5740562Z Resolving deltas:   0% (0/278)
2024-03-11T21:48:48.5755655Z Resolving deltas:   1% (3/278)
2024-03-11T21:48:48.5756543Z Resolving deltas:   2% (6/278)
2024-03-11T21:48:48.5757296Z Resolving deltas:   3% (9/278)
2024-03-11T21:48:48.5761382Z Resolving deltas:   4% (12/278)
2024-03-11T21:48:48.5762128Z Resolving deltas:   5% (14/278)
2024-03-11T21:48:48.5769331Z Resolving deltas:   6% (17/278)
2024-03-11T21:48:48.5771835Z Resolving deltas:   7% (20/278)
2024-03-11T21:48:48.5772605Z Resolving deltas:   8% (23/278)
2024-03-11T21:48:48.5773198Z Resolving deltas:   9% (26/278)
2024-03-11T21:48:48.5778204Z Resolving deltas:  10% (28/278)
2024-03-11T21:48:48.5784194Z Resolving deltas:  11% (31/278)
2024-03-11T21:48:48.5784813Z Resolving deltas:  12% (34/278)
2024-03-11T21:48:48.5785628Z Resolving deltas:  13% (37/278)
2024-03-11T21:48:48.5786277Z Resolving deltas:  14% (39/278)
2024-03-11T21:48:48.5795300Z Resolving deltas:  15% (43/278)
2024-03-11T21:48:48.5796128Z Resolving deltas:  16% (45/278)
2024-03-11T21:48:48.5796950Z Resolving deltas:  17% (48/278)
2024-03-11T21:48:48.5797640Z Resolving deltas:  18% (51/278)
2024-03-11T21:48:48.5798520Z Resolving deltas:  19% (53/278)
2024-03-11T21:48:48.5799600Z Resolving deltas:  20% (57/278)
2024-03-11T21:48:48.5800248Z Resolving deltas:  21% (59/278)
2024-03-11T21:48:48.5801147Z Resolving deltas:  22% (62/278)
2024-03-11T21:48:48.5801885Z Resolving deltas:  23% (64/278)
2024-03-11T21:48:48.5802477Z Resolving deltas:  24% (67/278)
2024-03-11T21:48:48.5803399Z Resolving deltas:  25% (70/278)
2024-03-11T21:48:48.5804019Z Resolving deltas:  26% (73/278)
2024-03-11T21:48:48.5804871Z Resolving deltas:  27% (76/278)
2024-03-11T21:48:48.5805469Z Resolving deltas:  28% (78/278)
2024-03-11T21:48:48.5806092Z Resolving deltas:  29% (81/278)
2024-03-11T21:48:48.5806836Z Resolving deltas:  30% (84/278)
2024-03-11T21:48:48.5807416Z Resolving deltas:  31% (87/278)
2024-03-11T21:48:48.5808039Z Resolving deltas:  32% (89/278)
2024-03-11T21:48:48.5808774Z Resolving deltas:  33% (92/278)
2024-03-11T21:48:48.5809360Z Resolving deltas:  34% (95/278)
2024-03-11T21:48:48.5809981Z Resolving deltas:  35% (98/278)
2024-03-11T21:48:48.5810736Z Resolving deltas:  36% (101/278)
2024-03-11T21:48:48.5811355Z Resolving deltas:  37% (103/278)
2024-03-11T21:48:48.5811993Z Resolving deltas:  38% (106/278)
2024-03-11T21:48:48.5812732Z Resolving deltas:  39% (109/278)
2024-03-11T21:48:48.5813325Z Resolving deltas:  40% (112/278)
2024-03-11T21:48:48.5814127Z Resolving deltas:  41% (114/278)
2024-03-11T21:48:48.5815381Z Resolving deltas:  42% (117/278)
2024-03-11T21:48:48.5815983Z Resolving deltas:  43% (120/278)
2024-03-11T21:48:48.5817753Z Resolving deltas:  44% (123/278)
2024-03-11T21:48:48.5818607Z Resolving deltas:  45% (126/278)
2024-03-11T21:48:48.5819273Z Resolving deltas:  46% (128/278)
2024-03-11T21:48:48.5820641Z Resolving deltas:  47% (131/278)
2024-03-11T21:48:48.5821518Z Resolving deltas:  48% (135/278)
2024-03-11T21:48:48.5822171Z Resolving deltas:  49% (137/278)
2024-03-11T21:48:48.5822845Z Resolving deltas:  50% (139/278)
2024-03-11T21:48:48.5823615Z Resolving deltas:  51% (142/278)
2024-03-11T21:48:48.5824231Z Resolving deltas:  52% (145/278)
2024-03-11T21:48:48.5825252Z Resolving deltas:  53% (148/278)
2024-03-11T21:48:48.5826040Z Resolving deltas:  54% (151/278)
2024-03-11T21:48:48.5826672Z Resolving deltas:  55% (153/278)
2024-03-11T21:48:48.5827386Z Resolving deltas:  56% (156/278)
2024-03-11T21:48:48.5828136Z Resolving deltas:  57% (159/278)
2024-03-11T21:48:48.5828798Z Resolving deltas:  58% (162/278)
2024-03-11T21:48:48.5829412Z Resolving deltas:  59% (165/278)
2024-03-11T21:48:48.5833950Z Resolving deltas:  60% (167/278)
2024-03-11T21:48:48.5834637Z Resolving deltas:  61% (170/278)
2024-03-11T21:48:48.5835232Z Resolving deltas:  62% (173/278)
2024-03-11T21:48:48.5835950Z Resolving deltas:  63% (176/278)
2024-03-11T21:48:48.5836599Z Resolving deltas:  64% (178/278)
2024-03-11T21:48:48.5837180Z Resolving deltas:  65% (181/278)
2024-03-11T21:48:48.5837922Z Resolving deltas:  66% (184/278)
2024-03-11T21:48:48.5838575Z Resolving deltas:  67% (187/278)
2024-03-11T21:48:48.5839153Z Resolving deltas:  68% (191/278)
2024-03-11T21:48:48.5839884Z Resolving deltas:  69% (192/278)
2024-03-11T21:48:48.5840774Z Resolving deltas:  70% (195/278)
2024-03-11T21:48:48.5841696Z Resolving deltas:  71% (198/278)
2024-03-11T21:48:48.5842415Z Resolving deltas:  72% (201/278)
2024-03-11T21:48:48.5843073Z Resolving deltas:  73% (203/278)
2024-03-11T21:48:48.5843716Z Resolving deltas:  74% (206/278)
2024-03-11T21:48:48.5844387Z Resolving deltas:  75% (209/278)
2024-03-11T21:48:48.5845033Z Resolving deltas:  76% (212/278)
2024-03-11T21:48:48.5845656Z Resolving deltas:  77% (215/278)
2024-03-11T21:48:48.5846315Z Resolving deltas:  78% (217/278)
2024-03-11T21:48:48.5846981Z Resolving deltas:  79% (220/278)
2024-03-11T21:48:48.5847601Z Resolving deltas:  80% (223/278)
2024-03-11T21:48:48.5848334Z Resolving deltas:  81% (226/278)
2024-03-11T21:48:48.5848918Z Resolving deltas:  82% (228/278)
2024-03-11T21:48:48.5851523Z Resolving deltas:  83% (231/278)
2024-03-11T21:48:48.5853872Z Resolving deltas:  84% (234/278)
2024-03-11T21:48:48.5855437Z Resolving deltas:  85% (237/278)
2024-03-11T21:48:48.5856593Z Resolving deltas:  86% (240/278)
2024-03-11T21:48:48.5857401Z Resolving deltas:  87% (242/278)
2024-03-11T21:48:48.5875722Z Resolving deltas:  88% (245/278)
2024-03-11T21:48:48.5876808Z Resolving deltas:  89% (248/278)
2024-03-11T21:48:48.5877712Z Resolving deltas:  90% (251/278)
2024-03-11T21:48:48.5878558Z Resolving deltas:  91% (253/278)
2024-03-11T21:48:48.5879236Z Resolving deltas:  92% (256/278)
2024-03-11T21:48:48.5879909Z Resolving deltas:  93% (259/278)
2024-03-11T21:48:48.5880660Z Resolving deltas:  94% (262/278)
2024-03-11T21:48:48.5881337Z Resolving deltas:  95% (265/278)
2024-03-11T21:48:48.5881872Z Resolving deltas:  96% (267/278)
2024-03-11T21:48:48.5882388Z Resolving deltas:  97% (270/278)
2024-03-11T21:48:48.5882762Z Resolving deltas:  98% (273/278)
2024-03-11T21:48:48.5889033Z Resolving deltas:  99% (276/278)
2024-03-11T21:48:48.5889666Z Resolving deltas: 100% (278/278)
2024-03-11T21:48:48.5890090Z Resolving deltas: 100% (278/278), done.
2024-03-11T21:48:48.6061210Z From https://github.com/rubyforgood/human-essentials
2024-03-11T21:48:48.6062107Z  * [new ref]         6de76c9f54c21c86b08ee71913e68388f5c2fc9f -> pull/4017/merge
2024-03-11T21:48:48.6088955Z ##[endgroup]
2024-03-11T21:48:48.6090049Z ##[group]Determining the checkout info
2024-03-11T21:48:48.6091467Z ##[endgroup]
2024-03-11T21:48:48.6092507Z ##[group]Checking out the ref
2024-03-11T21:48:48.6095752Z [command]/usr/bin/git checkout --progress --force refs/remotes/pull/4017/merge
2024-03-11T21:48:48.7421177Z Note: switching to 'refs/remotes/pull/4017/merge'.
2024-03-11T21:48:48.7421857Z 
2024-03-11T21:48:48.7422528Z You are in 'detached HEAD' state. You can look around, make experimental
2024-03-11T21:48:48.7423970Z changes and commit them, and you can discard any commits you make in this
2024-03-11T21:48:48.7425176Z state without impacting any branches by switching back to a branch.
2024-03-11T21:48:48.7425878Z 
2024-03-11T21:48:48.7426370Z If you want to create a new branch to retain commits you create, you may
2024-03-11T21:48:48.7428181Z do so (now or later) by using -c with the switch command. Example:
2024-03-11T21:48:48.7429001Z 
2024-03-11T21:48:48.7429371Z   git switch -c <new-branch-name>
2024-03-11T21:48:48.7429801Z 
2024-03-11T21:48:48.7430071Z Or undo this operation with:
2024-03-11T21:48:48.7430452Z 
2024-03-11T21:48:48.7431061Z   git switch -
2024-03-11T21:48:48.7431476Z 
2024-03-11T21:48:48.7432000Z Turn off this advice by setting config variable advice.detachedHead to false
2024-03-11T21:48:48.7432817Z 
2024-03-11T21:48:48.7433575Z HEAD is now at 6de76c9 Merge 02c820eb66d8e25a680f7949cf17adadddfc315c into 449d8506f768bf1894e05c17983a13da27472321
2024-03-11T21:48:48.7435720Z ##[endgroup]
2024-03-11T21:48:48.7485172Z [command]/usr/bin/git log -1 --format='%H'
2024-03-11T21:48:48.7519813Z '6de76c9f54c21c86b08ee71913e68388f5c2fc9f'
2024-03-11T21:48:48.7860804Z ##[group]Run ruby/setup-ruby@v1
2024-03-11T21:48:48.7861461Z with:
2024-03-11T21:48:48.7861879Z   bundler-cache: true
2024-03-11T21:48:48.7862250Z   ruby-version: default
2024-03-11T21:48:48.7862618Z ##[endgroup]
2024-03-11T21:48:49.0748371Z Using 3.2.2 as input from file .ruby-version
2024-03-11T21:48:49.0776387Z ##[group]Modifying PATH
2024-03-11T21:48:49.0777100Z Entries added to PATH to use selected Ruby:
2024-03-11T21:48:49.0777575Z   /opt/hostedtoolcache/Ruby/3.2.2/x64/bin
2024-03-11T21:48:49.0778291Z ##[endgroup]
2024-03-11T21:48:49.0803453Z ##[group]Downloading Ruby
2024-03-11T21:48:49.0806771Z https://github.com/ruby/ruby-builder/releases/download/toolcache/ruby-3.2.2-ubuntu-22.04.tar.gz
2024-03-11T21:48:49.5286237Z Took   0.45 seconds
2024-03-11T21:48:49.5287594Z ##[endgroup]
2024-03-11T21:48:49.5288635Z ##[group]Extracting  Ruby
2024-03-11T21:48:49.5317224Z [command]/usr/bin/tar -xz -C /opt/hostedtoolcache/Ruby/3.2.2 -f /home/runner/work/_temp/a56b46f3-0038-4524-b47c-525b7ce7398c
2024-03-11T21:48:49.9149538Z Took   0.39 seconds
2024-03-11T21:48:49.9151331Z ##[endgroup]
2024-03-11T21:48:49.9152654Z ##[group]Print Ruby version
2024-03-11T21:48:49.9166024Z [command]/opt/hostedtoolcache/Ruby/3.2.2/x64/bin/ruby --version
2024-03-11T21:48:49.9468838Z ruby 3.2.2 (2023-03-30 revision e51014f9c0) [x86_64-linux]
2024-03-11T21:48:49.9489576Z Took   0.03 seconds
2024-03-11T21:48:49.9490731Z ##[endgroup]
2024-03-11T21:48:49.9491563Z ##[group]Installing Bundler
2024-03-11T21:48:49.9499642Z Using Bundler 2.5.6 from Gemfile.lock BUNDLED WITH 2.5.6
2024-03-11T21:48:49.9505051Z [command]/opt/hostedtoolcache/Ruby/3.2.2/x64/bin/gem install bundler -v 2.5.6
2024-03-11T21:48:50.3847073Z Successfully installed bundler-2.5.6
2024-03-11T21:48:50.3847747Z 1 gem installed
2024-03-11T21:48:50.3901110Z Took   0.44 seconds
2024-03-11T21:48:50.3902540Z ##[endgroup]
2024-03-11T21:48:50.3903385Z > bundle install
2024-03-11T21:48:50.3921627Z [command]/opt/hostedtoolcache/Ruby/3.2.2/x64/bin/bundle config --local path /home/runner/work/human-essentials/human-essentials/vendor/bundle
2024-03-11T21:48:50.5399782Z [command]/opt/hostedtoolcache/Ruby/3.2.2/x64/bin/bundle config --local deployment true
2024-03-11T21:48:50.6880628Z Cache key: setup-ruby-bundler-cache-v6-ubuntu-22.04-x64-ruby-3.2.2-wd-/home/runner/work/human-essentials/human-essentials-with--without--only--Gemfile.lock-90af41cb540db2526d21e3c5cbbe531ed46bcf1ba5fdc3d9e3337dd916b92c56
2024-03-11T21:48:51.9254992Z Received 142606336 of 214817878 (66.4%), 135.6 MBs/sec
2024-03-11T21:48:52.2280165Z Cache Size: ~205 MB (214817878 B)
2024-03-11T21:48:52.2418169Z [command]/usr/bin/tar -xf /home/runner/work/_temp/386a6049-9e34-4c3c-be66-a01940cc148e/cache.tzst -P -C /home/runner/work/human-essentials/human-essentials --use-compress-program unzstd
2024-03-11T21:48:52.9263644Z Received 214817878 of 214817878 (100.0%), 102.2 MBs/sec
2024-03-11T21:48:53.8512949Z Cache restored successfully
2024-03-11T21:48:53.8938331Z Found cache for key: setup-ruby-bundler-cache-v6-ubuntu-22.04-x64-ruby-3.2.2-wd-/home/runner/work/human-essentials/human-essentials-with--without--only--Gemfile.lock-90af41cb540db2526d21e3c5cbbe531ed46bcf1ba5fdc3d9e3337dd916b92c56
2024-03-11T21:48:53.8949554Z [command]/opt/hostedtoolcache/Ruby/3.2.2/x64/bin/bundle install --jobs 4
2024-03-11T21:48:54.2848426Z Bundle complete! 85 Gemfile dependencies, 246 gems now installed.
2024-03-11T21:48:54.2849563Z Bundled gems are installed into `./vendor/bundle`
2024-03-11T21:48:54.2895389Z Took   3.90 seconds
2024-03-11T21:48:54.3050951Z ##[group]Run bundle exec brakeman
2024-03-11T21:48:54.3051435Z [36;1mbundle exec brakeman[0m
2024-03-11T21:48:54.3116817Z shell: /usr/bin/bash -e {0}
2024-03-11T21:48:54.3117201Z ##[endgroup]
2024-03-11T21:48:54.6641572Z Loading scanner...
2024-03-11T21:48:55.1226628Z Processing application in /home/runner/work/human-essentials/human-essentials
2024-03-11T21:48:55.1227762Z Processing gems...                      
2024-03-11T21:48:55.1332793Z [Notice] Detected Rails 7 application
2024-03-11T21:48:55.1333663Z Processing configuration...             
2024-03-11T21:48:55.1455087Z [Notice] Escaping HTML by default
2024-03-11T21:48:55.1456385Z Parsing files...                        
2024-03-11T21:48:58.3138910Z Detecting file types...                 
2024-03-11T21:48:58.3534955Z Processing initializers...              
2024-03-11T21:48:58.3538815Z  0/24 files processed
2024-03-11T21:48:58.3542875Z  1/24 files processed
2024-03-11T21:48:58.3551927Z  2/24 files processed
2024-03-11T21:48:58.3578156Z  3/24 files processed
2024-03-11T21:48:58.3588876Z  4/24 files processed
2024-03-11T21:48:58.3594187Z  5/24 files processed
2024-03-11T21:48:58.3595144Z  6/24 files processed
2024-03-11T21:48:58.3598983Z  7/24 files processed
2024-03-11T21:48:58.3599574Z  8/24 files processed
2024-03-11T21:48:58.3602906Z  9/24 files processed
2024-03-11T21:48:58.3604688Z  10/24 files processed
2024-03-11T21:48:58.3605358Z  11/24 files processed
2024-03-11T21:48:58.3608846Z  12/24 files processed
2024-03-11T21:48:58.3614635Z  13/24 files processed
2024-03-11T21:48:58.3619163Z  14/24 files processed
2024-03-11T21:48:58.3626270Z  15/24 files processed
2024-03-11T21:48:58.3629348Z  16/24 files processed
2024-03-11T21:48:58.3630111Z  17/24 files processed
2024-03-11T21:48:58.3632018Z  18/24 files processed
2024-03-11T21:48:58.3644635Z  19/24 files processed
2024-03-11T21:48:58.3838266Z  20/24 files processed
2024-03-11T21:48:58.3841317Z  21/24 files processed
2024-03-11T21:48:58.3844568Z  22/24 files processed
2024-03-11T21:48:58.3846127Z  23/24 files processed
2024-03-11T21:48:58.3846904Z Processing libs...                      
2024-03-11T21:48:58.3850322Z  0/148 files processed
2024-03-11T21:48:58.3851158Z  1/148 files processed
2024-03-11T21:48:58.3855318Z  2/148 files processed
2024-03-11T21:48:58.3860405Z  3/148 files processed
2024-03-11T21:48:58.3863947Z  4/148 files processed
2024-03-11T21:48:58.3867535Z  5/148 files processed
2024-03-11T21:48:58.3871140Z  6/148 files processed
2024-03-11T21:48:58.3874826Z  7/148 files processed
2024-03-11T21:48:58.3915084Z  8/148 files processed
2024-03-11T21:48:58.3915767Z  9/148 files processed
2024-03-11T21:48:58.3916922Z  10/148 files processed
2024-03-11T21:48:58.3930926Z  11/148 files processed
2024-03-11T21:48:58.3955540Z  12/148 files processed
2024-03-11T21:48:58.3971834Z  13/148 files processed
2024-03-11T21:48:58.3972667Z  14/148 files processed
2024-03-11T21:48:58.3976196Z  15/148 files processed
2024-03-11T21:48:58.4017345Z  16/148 files processed
2024-03-11T21:48:58.4019367Z  17/148 files processed
2024-03-11T21:48:58.4029037Z  18/148 files processed
2024-03-11T21:48:58.4044023Z  19/148 files processed
2024-03-11T21:48:58.4047064Z  20/148 files processed
2024-03-11T21:48:58.4050201Z  21/148 files processed
2024-03-11T21:48:58.4059506Z  22/148 files processed
2024-03-11T21:48:58.4062941Z  23/148 files processed
2024-03-11T21:48:58.4066420Z  24/148 files processed
2024-03-11T21:48:58.4076437Z  25/148 files processed
2024-03-11T21:48:58.4101048Z  26/148 files processed
2024-03-11T21:48:58.4122321Z  27/148 files processed
2024-03-11T21:48:58.4123326Z  28/148 files processed
2024-03-11T21:48:58.4138494Z  29/148 files processed
2024-03-11T21:48:58.4181634Z  30/148 files processed
2024-03-11T21:48:58.4193142Z  31/148 files processed
2024-03-11T21:48:58.4196492Z  32/148 files processed
2024-03-11T21:48:58.4209858Z  33/148 files processed
2024-03-11T21:48:58.4213403Z  34/148 files processed
2024-03-11T21:48:58.4222297Z  35/148 files processed
2024-03-11T21:48:58.4227253Z  36/148 files processed
2024-03-11T21:48:58.4231898Z  37/148 files processed
2024-03-11T21:48:58.4237220Z  38/148 files processed
2024-03-11T21:48:58.4247655Z  39/148 files processed
2024-03-11T21:48:58.4249938Z  40/148 files processed
2024-03-11T21:48:58.4253463Z  41/148 files processed
2024-03-11T21:48:58.4257354Z  42/148 files processed
2024-03-11T21:48:58.4358734Z  43/148 files processed
2024-03-11T21:48:58.4363628Z  44/148 files processed
2024-03-11T21:48:58.4364388Z  45/148 files processed
2024-03-11T21:48:58.4368775Z  46/148 files processed
2024-03-11T21:48:58.4373267Z  47/148 files processed
2024-03-11T21:48:58.4376729Z  48/148 files processed
2024-03-11T21:48:58.4380506Z  49/148 files processed
2024-03-11T21:48:58.4386936Z  50/148 files processed
2024-03-11T21:48:58.4387533Z  51/148 files processed
2024-03-11T21:48:58.4395361Z  52/148 files processed
2024-03-11T21:48:58.4421052Z  53/148 files processed
2024-03-11T21:48:58.4423460Z  54/148 files processed
2024-03-11T21:48:58.4427139Z  55/148 files processed
2024-03-11T21:48:58.4433709Z  56/148 files processed
2024-03-11T21:48:58.4448317Z  57/148 files processed
2024-03-11T21:48:58.4467369Z  58/148 files processed
2024-03-11T21:48:58.4470120Z  59/148 files processed
2024-03-11T21:48:58.4581350Z  60/148 files processed
2024-03-11T21:48:58.4614650Z  61/148 files processed
2024-03-11T21:48:58.4619485Z  62/148 files processed
2024-03-11T21:48:58.4624828Z  63/148 files processed
2024-03-11T21:48:58.4628930Z  64/148 files processed
2024-03-11T21:48:58.4634173Z  65/148 files processed
2024-03-11T21:48:58.4638478Z  66/148 files processed
2024-03-11T21:48:58.4668128Z  67/148 files processed
2024-03-11T21:48:58.4690373Z  68/148 files processed
2024-03-11T21:48:58.4740337Z  69/148 files processed
2024-03-11T21:48:58.4742931Z  70/148 files processed
2024-03-11T21:48:58.4776268Z  71/148 files processed
2024-03-11T21:48:58.4783959Z  72/148 files processed
2024-03-11T21:48:58.4833483Z  73/148 files processed
2024-03-11T21:48:58.4864524Z  74/148 files processed
2024-03-11T21:48:58.4881831Z  75/148 files processed
2024-03-11T21:48:58.4892585Z  76/148 files processed
2024-03-11T21:48:58.4895848Z  77/148 files processed
2024-03-11T21:48:58.4935390Z  78/148 files processed
2024-03-11T21:48:58.4941367Z  79/148 files processed
2024-03-11T21:48:58.4958015Z  80/148 files processed
2024-03-11T21:48:58.4967292Z  81/148 files processed
2024-03-11T21:48:58.4970570Z  82/148 files processed
2024-03-11T21:48:58.4984249Z  83/148 files processed
2024-03-11T21:48:58.5012462Z  84/148 files processed
2024-03-11T21:48:58.5069233Z  85/148 files processed
2024-03-11T21:48:58.5104059Z  86/148 files processed
2024-03-11T21:48:58.5118263Z  87/148 files processed
2024-03-11T21:48:58.5154018Z  88/148 files processed
2024-03-11T21:48:58.5164081Z  89/148 files processed
2024-03-11T21:48:58.5203392Z  90/148 files processed
2024-03-11T21:48:58.5222297Z  91/148 files processed
2024-03-11T21:48:58.5257080Z  92/148 files processed
2024-03-11T21:48:58.5266559Z  93/148 files processed
2024-03-11T21:48:58.5283745Z  94/148 files processed
2024-03-11T21:48:58.5306339Z  95/148 files processed
2024-03-11T21:48:58.5324587Z  96/148 files processed
2024-03-11T21:48:58.5331420Z  97/148 files processed
2024-03-11T21:48:58.5342157Z  98/148 files processed
2024-03-11T21:48:58.5346384Z  99/148 files processed
2024-03-11T21:48:58.5354201Z  100/148 files processed
2024-03-11T21:48:58.5362659Z  101/148 files processed
2024-03-11T21:48:58.5377213Z  102/148 files processed
2024-03-11T21:48:58.5381410Z  103/148 files processed
2024-03-11T21:48:58.5391766Z  104/148 files processed
2024-03-11T21:48:58.5417178Z  105/148 files processed
2024-03-11T21:48:58.5451527Z  106/148 files processed
2024-03-11T21:48:58.5459459Z  107/148 files processed
2024-03-11T21:48:58.5508425Z  108/148 files processed
2024-03-11T21:48:58.5514415Z  109/148 files processed
2024-03-11T21:48:58.5518271Z  110/148 files processed
2024-03-11T21:48:58.5522008Z  111/148 files processed
2024-03-11T21:48:58.5525120Z  112/148 files processed
2024-03-11T21:48:58.5541317Z  113/148 files processed
2024-03-11T21:48:58.5555044Z  114/148 files processed
2024-03-11T21:48:58.5618975Z  115/148 files processed
2024-03-11T21:48:58.5642527Z  116/148 files processed
2024-03-11T21:48:58.5663750Z  117/148 files processed
2024-03-11T21:48:58.5685277Z  118/148 files processed
2024-03-11T21:48:58.5696557Z  119/148 files processed
2024-03-11T21:48:58.5721072Z  120/148 files processed
2024-03-11T21:48:58.5740282Z  121/148 files processed
2024-03-11T21:48:58.5758420Z  122/148 files processed
2024-03-11T21:48:58.5768435Z  123/148 files processed
2024-03-11T21:48:58.5801996Z  124/148 files processed
2024-03-11T21:48:58.5806365Z  125/148 files processed
2024-03-11T21:48:58.5812982Z  126/148 files processed
2024-03-11T21:48:58.5843978Z  127/148 files processed
2024-03-11T21:48:58.5854054Z  128/148 files processed
2024-03-11T21:48:58.5858801Z  129/148 files processed
2024-03-11T21:48:58.5869267Z  130/148 files processed
2024-03-11T21:48:58.5881644Z  131/148 files processed
2024-03-11T21:48:58.5885685Z  132/148 files processed
2024-03-11T21:48:58.5886353Z  133/148 files processed
2024-03-11T21:48:58.5887810Z  134/148 files processed
2024-03-11T21:48:58.5888553Z  135/148 files processed
2024-03-11T21:48:58.5895908Z  136/148 files processed
2024-03-11T21:48:58.5903897Z  137/148 files processed
2024-03-11T21:48:58.5908378Z  138/148 files processed
2024-03-11T21:48:58.5913071Z  139/148 files processed
2024-03-11T21:48:58.5914830Z  140/148 files processed
2024-03-11T21:48:58.5917060Z  141/148 files processed
2024-03-11T21:48:58.5937029Z  142/148 files processed
2024-03-11T21:48:58.5943655Z  143/148 files processed
2024-03-11T21:48:58.5948777Z  144/148 files processed
2024-03-11T21:48:58.5952340Z  145/148 files processed
2024-03-11T21:48:58.5954599Z  146/148 files processed
2024-03-11T21:48:58.5955443Z  147/148 files processed
2024-03-11T21:48:58.5956117Z Processing routes...                    
2024-03-11T21:48:58.6163484Z Processing templates...                 
2024-03-11T21:48:58.6173373Z  0/379 templates processed
2024-03-11T21:48:58.6175557Z  1/379 templates processed
2024-03-11T21:48:58.6177220Z  2/379 templates processed
2024-03-11T21:48:58.6178421Z  3/379 templates processed
2024-03-11T21:48:58.6180685Z  4/379 templates processed
2024-03-11T21:48:58.6187366Z  5/379 templates processed
2024-03-11T21:48:58.6188431Z  6/379 templates processed
2024-03-11T21:48:58.6199848Z  7/379 templates processed
2024-03-11T21:48:58.6201277Z  8/379 templates processed
2024-03-11T21:48:58.6207914Z  9/379 templates processed
2024-03-11T21:48:58.6219829Z  10/379 templates processed
2024-03-11T21:48:58.6227712Z  11/379 templates processed
2024-03-11T21:48:58.6236212Z  12/379 templates processed
2024-03-11T21:48:58.6241955Z  13/379 templates processed
2024-03-11T21:48:58.6245662Z  14/379 templates processed
2024-03-11T21:48:58.6249216Z  15/379 templates processed
2024-03-11T21:48:58.6278863Z  16/379 templates processed
2024-03-11T21:48:58.6284693Z  17/379 templates processed
2024-03-11T21:48:58.6290414Z  18/379 templates processed
2024-03-11T21:48:58.6297661Z  19/379 templates processed
2024-03-11T21:48:58.6300791Z  20/379 templates processed
2024-03-11T21:48:58.6308125Z  21/379 templates processed
2024-03-11T21:48:58.6313389Z  22/379 templates processed
2024-03-11T21:48:58.6317558Z  23/379 templates processed
2024-03-11T21:48:58.6321056Z  24/379 templates processed
2024-03-11T21:48:58.6322793Z  25/379 templates processed
2024-03-11T21:48:58.6328267Z  26/379 templates processed
2024-03-11T21:48:58.6333533Z  27/379 templates processed
2024-03-11T21:48:58.6336215Z  28/379 templates processed
2024-03-11T21:48:58.6340734Z  29/379 templates processed
2024-03-11T21:48:58.6348120Z  30/379 templates processed
2024-03-11T21:48:58.6353569Z  31/379 templates processed
2024-03-11T21:48:58.6359073Z  32/379 templates processed
2024-03-11T21:48:58.6364800Z  33/379 templates processed
2024-03-11T21:48:58.6369193Z  34/379 templates processed
2024-03-11T21:48:58.6373315Z  35/379 templates processed
2024-03-11T21:48:58.6387076Z  36/379 templates processed
2024-03-11T21:48:58.6393940Z  37/379 templates processed
2024-03-11T21:48:58.6399343Z  38/379 templates processed
2024-03-11T21:48:58.6417343Z  39/379 templates processed
2024-03-11T21:48:58.6422433Z  40/379 templates processed
2024-03-11T21:48:58.6424570Z  41/379 templates processed
2024-03-11T21:48:58.6436776Z  42/379 templates processed
2024-03-11T21:48:58.6439321Z  43/379 templates processed
2024-03-11T21:48:58.6447841Z  44/379 templates processed
2024-03-11T21:48:58.6451867Z  45/379 templates processed
2024-03-11T21:48:58.6476924Z  46/379 templates processed
2024-03-11T21:48:58.6503459Z  47/379 templates processed
2024-03-11T21:48:58.6514541Z  48/379 templates processed
2024-03-11T21:48:58.6569067Z  49/379 templates processed
2024-03-11T21:48:58.6582505Z  50/379 templates processed
2024-03-11T21:48:58.6592099Z  51/379 templates processed
2024-03-11T21:48:58.6659012Z  52/379 templates processed
2024-03-11T21:48:58.6874056Z  53/379 templates processed
2024-03-11T21:48:58.6882295Z  54/379 templates processed
2024-03-11T21:48:58.6894228Z  55/379 templates processed
2024-03-11T21:48:58.6896674Z  56/379 templates processed
2024-03-11T21:48:58.6902262Z  57/379 templates processed
2024-03-11T21:48:58.6908295Z  58/379 templates processed
2024-03-11T21:48:58.6917651Z  59/379 templates processed
2024-03-11T21:48:58.6927925Z  60/379 templates processed
2024-03-11T21:48:58.6935610Z  61/379 templates processed
2024-03-11T21:48:58.6951341Z  62/379 templates processed
2024-03-11T21:48:58.6953864Z  63/379 templates processed
2024-03-11T21:48:58.6958387Z  64/379 templates processed
2024-03-11T21:48:58.6964059Z  65/379 templates processed
2024-03-11T21:48:58.6971755Z  66/379 templates processed
2024-03-11T21:48:58.6972571Z  67/379 templates processed
2024-03-11T21:48:58.6977455Z  68/379 templates processed
2024-03-11T21:48:58.6986112Z  69/379 templates processed
2024-03-11T21:48:58.6993100Z  70/379 templates processed
2024-03-11T21:48:58.6997916Z  71/379 templates processed
2024-03-11T21:48:58.7000210Z  72/379 templates processed
2024-03-11T21:48:58.7005443Z  73/379 templates processed
2024-03-11T21:48:58.7013381Z  74/379 templates processed
2024-03-11T21:48:58.7018228Z  75/379 templates processed
2024-03-11T21:48:58.7023734Z  76/379 templates processed
2024-03-11T21:48:58.7030149Z  77/379 templates processed
2024-03-11T21:48:58.7033926Z  78/379 templates processed
2024-03-11T21:48:58.7037537Z  79/379 templates processed
2024-03-11T21:48:58.7042268Z  80/379 templates processed
2024-03-11T21:48:58.7058126Z  81/379 templates processed
2024-03-11T21:48:58.7062025Z  82/379 templates processed
2024-03-11T21:48:58.7067526Z  83/379 templates processed
2024-03-11T21:48:58.7070305Z  84/379 templates processed
2024-03-11T21:48:58.7074139Z  85/379 templates processed
2024-03-11T21:48:58.7077940Z  86/379 templates processed
2024-03-11T21:48:58.7107978Z  87/379 templates processed
2024-03-11T21:48:58.7113368Z  88/379 templates processed
2024-03-11T21:48:58.7118295Z  89/379 templates processed
2024-03-11T21:48:58.7122390Z  90/379 templates processed
2024-03-11T21:48:58.7130254Z  91/379 templates processed
2024-03-11T21:48:58.7133990Z  92/379 templates processed
2024-03-11T21:48:58.7136461Z  93/379 templates processed
2024-03-11T21:48:58.7149275Z  94/379 templates processed
2024-03-11T21:48:58.7152592Z  95/379 templates processed
2024-03-11T21:48:58.7162556Z  96/379 templates processed
2024-03-11T21:48:58.7168063Z  97/379 templates processed
2024-03-11T21:48:58.7188737Z  98/379 templates processed
2024-03-11T21:48:58.7206276Z  99/379 templates processed
2024-03-11T21:48:58.7211497Z  100/379 templates processed
2024-03-11T21:48:58.7218455Z  101/379 templates processed
2024-03-11T21:48:58.7219986Z  102/379 templates processed
2024-03-11T21:48:58.7224504Z  103/379 templates processed
2024-03-11T21:48:58.7238419Z  104/379 templates processed
2024-03-11T21:48:58.7245111Z  105/379 templates processed
2024-03-11T21:48:58.7250724Z  106/379 templates processed
2024-03-11T21:48:58.7255873Z  107/379 templates processed
2024-03-11T21:48:58.7260910Z  108/379 templates processed
2024-03-11T21:48:58.7269600Z  109/379 templates processed
2024-03-11T21:48:58.7273968Z  110/379 templates processed
2024-03-11T21:48:58.7281533Z  111/379 templates processed
2024-03-11T21:48:58.7292633Z  112/379 templates processed
2024-03-11T21:48:58.7295471Z  113/379 templates processed
2024-03-11T21:48:58.7302260Z  114/379 templates processed
2024-03-11T21:48:58.7303789Z  115/379 templates processed
2024-03-11T21:48:58.7310378Z  116/379 templates processed
2024-03-11T21:48:58.7325937Z  117/379 templates processed
2024-03-11T21:48:58.7332930Z  118/379 templates processed
2024-03-11T21:48:58.7334545Z  119/379 templates processed
2024-03-11T21:48:58.7344802Z  120/379 templates processed
2024-03-11T21:48:58.7345790Z  121/379 templates processed
2024-03-11T21:48:58.7347217Z  122/379 templates processed
2024-03-11T21:48:58.7349523Z  123/379 templates processed
2024-03-11T21:48:58.7350424Z  124/379 templates processed
2024-03-11T21:48:58.7351893Z  125/379 templates processed
2024-03-11T21:48:58.7353065Z  126/379 templates processed
2024-03-11T21:48:58.7367080Z  127/379 templates processed
2024-03-11T21:48:58.7374961Z  128/379 templates processed
2024-03-11T21:48:58.7384329Z  129/379 templates processed
2024-03-11T21:48:58.7387373Z  130/379 templates processed
2024-03-11T21:48:58.7392215Z  131/379 templates processed
2024-03-11T21:48:58.7394586Z  132/379 templates processed
2024-03-11T21:48:58.7398404Z  133/379 templates processed
2024-03-11T21:48:58.7401534Z  134/379 templates processed
2024-03-11T21:48:58.7404562Z  135/379 templates processed
2024-03-11T21:48:58.7408679Z  136/379 templates processed
2024-03-11T21:48:58.7412821Z  137/379 templates processed
2024-03-11T21:48:58.7417132Z  138/379 templates processed
2024-03-11T21:48:58.7424857Z  139/379 templates processed
2024-03-11T21:48:58.7441461Z  140/379 templates processed
2024-03-11T21:48:58.7447155Z  141/379 templates processed
2024-03-11T21:48:58.7450331Z  142/379 templates processed
2024-03-11T21:48:58.7457980Z  143/379 templates processed
2024-03-11T21:48:58.7463214Z  144/379 templates processed
2024-03-11T21:48:58.7468456Z  145/379 templates processed
2024-03-11T21:48:58.7471607Z  146/379 templates processed
2024-03-11T21:48:58.7489278Z  147/379 templates processed
2024-03-11T21:48:58.7491976Z  148/379 templates processed
2024-03-11T21:48:58.7493536Z  149/379 templates processed
2024-03-11T21:48:58.7498374Z  150/379 templates processed
2024-03-11T21:48:58.7509161Z  151/379 templates processed
2024-03-11T21:48:58.7513650Z  152/379 templates processed
2024-03-11T21:48:58.7525244Z  153/379 templates processed
2024-03-11T21:48:58.7527761Z  154/379 templates processed
2024-03-11T21:48:58.7529898Z  155/379 templates processed
2024-03-11T21:48:58.7532550Z  156/379 templates processed
2024-03-11T21:48:58.7535116Z  157/379 templates processed
2024-03-11T21:48:58.7540573Z  158/379 templates processed
2024-03-11T21:48:58.7546676Z  159/379 templates processed
2024-03-11T21:48:58.7549213Z  160/379 templates processed
2024-03-11T21:48:58.7558538Z  161/379 templates processed
2024-03-11T21:48:58.7567752Z  162/379 templates processed
2024-03-11T21:48:58.7580648Z  163/379 templates processed
2024-03-11T21:48:58.7587947Z  164/379 templates processed
2024-03-11T21:48:58.7592268Z  165/379 templates processed
2024-03-11T21:48:58.7598338Z  166/379 templates processed
2024-03-11T21:48:58.7603189Z  167/379 templates processed
2024-03-11T21:48:58.7627873Z  168/379 templates processed
2024-03-11T21:48:58.7647477Z  169/379 templates processed
2024-03-11T21:48:58.7697577Z  170/379 templates processed
2024-03-11T21:48:58.7698907Z  171/379 templates processed
2024-03-11T21:48:58.7714812Z  172/379 templates processed
2024-03-11T21:48:58.7725184Z  173/379 templates processed
2024-03-11T21:48:58.7727119Z  174/379 templates processed
2024-03-11T21:48:58.7730798Z  175/379 templates processed
2024-03-11T21:48:58.7731708Z  176/379 templates processed
2024-03-11T21:48:58.7733681Z  177/379 templates processed
2024-03-11T21:48:58.7736209Z  178/379 templates processed
2024-03-11T21:48:58.7737446Z  179/379 templates processed
2024-03-11T21:48:58.7742990Z  180/379 templates processed
2024-03-11T21:48:58.7752225Z  181/379 templates processed
2024-03-11T21:48:58.7772578Z  182/379 templates processed
2024-03-11T21:48:58.7780722Z  183/379 templates processed
2024-03-11T21:48:58.7785352Z  184/379 templates processed
2024-03-11T21:48:58.7789694Z  185/379 templates processed
2024-03-11T21:48:58.7793358Z  186/379 templates processed
2024-03-11T21:48:58.7796947Z  187/379 templates processed
2024-03-11T21:48:58.7801303Z  188/379 templates processed
2024-03-11T21:48:58.7805963Z  189/379 templates processed
2024-03-11T21:48:58.7811218Z  190/379 templates processed
2024-03-11T21:48:58.7815513Z  191/379 templates processed
2024-03-11T21:48:58.7819421Z  192/379 templates processed
2024-03-11T21:48:58.7825258Z  193/379 templates processed
2024-03-11T21:48:58.7827885Z  194/379 templates processed
2024-03-11T21:48:58.7851370Z  195/379 templates processed
2024-03-11T21:48:58.7854640Z  196/379 templates processed
2024-03-11T21:48:58.7883422Z  197/379 templates processed
2024-03-11T21:48:58.7886234Z  198/379 templates processed
2024-03-11T21:48:58.7891289Z  199/379 templates processed
2024-03-11T21:48:58.7896827Z  200/379 templates processed
2024-03-11T21:48:58.7901105Z  201/379 templates processed
2024-03-11T21:48:58.7903920Z  202/379 templates processed
2024-03-11T21:48:58.7907430Z  203/379 templates processed
2024-03-11T21:48:58.7919561Z  204/379 templates processed
2024-03-11T21:48:58.7926814Z  205/379 templates processed
2024-03-11T21:48:58.7944515Z  206/379 templates processed
2024-03-11T21:48:58.7949535Z  207/379 templates processed
2024-03-11T21:48:58.7959315Z  208/379 templates processed
2024-03-11T21:48:58.7965866Z  209/379 templates processed
2024-03-11T21:48:58.7969616Z  210/379 templates processed
2024-03-11T21:48:58.7976288Z  211/379 templates processed
2024-03-11T21:48:58.7981039Z  212/379 templates processed
2024-03-11T21:48:58.7985528Z  213/379 templates processed
2024-03-11T21:48:58.7992942Z  214/379 templates processed
2024-03-11T21:48:58.8007841Z  215/379 templates processed
2024-03-11T21:48:58.8014556Z  216/379 templates processed
2024-03-11T21:48:58.8019231Z  217/379 templates processed
2024-03-11T21:48:58.8026990Z  218/379 templates processed
2024-03-11T21:48:58.8029406Z  219/379 templates processed
2024-03-11T21:48:58.8034120Z  220/379 templates processed
2024-03-11T21:48:58.8060637Z  221/379 templates processed
2024-03-11T21:48:58.8065501Z  222/379 templates processed
2024-03-11T21:48:58.8070367Z  223/379 templates processed
2024-03-11T21:48:58.8075117Z  224/379 templates processed
2024-03-11T21:48:58.8081444Z  225/379 templates processed
2024-03-11T21:48:58.8088749Z  226/379 templates processed
2024-03-11T21:48:58.8091776Z  227/379 templates processed
2024-03-11T21:48:58.8096772Z  228/379 templates processed
2024-03-11T21:48:58.8120816Z  229/379 templates processed
2024-03-11T21:48:58.8126498Z  230/379 templates processed
2024-03-11T21:48:58.8131338Z  231/379 templates processed
2024-03-11T21:48:58.8140154Z  232/379 templates processed
2024-03-11T21:48:58.8142513Z  233/379 templates processed
2024-03-11T21:48:58.8146719Z  234/379 templates processed
2024-03-11T21:48:58.8165974Z  235/379 templates processed
2024-03-11T21:48:58.8172649Z  236/379 templates processed
2024-03-11T21:48:58.8182385Z  237/379 templates processed
2024-03-11T21:48:58.8184728Z  238/379 templates processed
2024-03-11T21:48:58.8187777Z  239/379 templates processed
2024-03-11T21:48:58.8192199Z  240/379 templates processed
2024-03-11T21:48:58.8194491Z  241/379 templates processed
2024-03-11T21:48:58.8200842Z  242/379 templates processed
2024-03-11T21:48:58.8205116Z  243/379 templates processed
2024-03-11T21:48:58.8213070Z  244/379 templates processed
2024-03-11T21:48:58.8217636Z  245/379 templates processed
2024-03-11T21:48:58.8228304Z  246/379 templates processed
2024-03-11T21:48:58.8231599Z  247/379 templates processed
2024-03-11T21:48:58.8241764Z  248/379 templates processed
2024-03-11T21:48:58.8255169Z  249/379 templates processed
2024-03-11T21:48:58.8258428Z  250/379 templates processed
2024-03-11T21:48:58.8263345Z  251/379 templates processed
2024-03-11T21:48:58.8269056Z  252/379 templates processed
2024-03-11T21:48:58.8273818Z  253/379 templates processed
2024-03-11T21:48:58.8277131Z  254/379 templates processed
2024-03-11T21:48:58.8284954Z  255/379 templates processed
2024-03-11T21:48:58.8288291Z  256/379 templates processed
2024-03-11T21:48:58.8298084Z  257/379 templates processed
2024-03-11T21:48:58.8301706Z  258/379 templates processed
2024-03-11T21:48:58.8312642Z  259/379 templates processed
2024-03-11T21:48:58.8315276Z  260/379 templates processed
2024-03-11T21:48:58.8323974Z  261/379 templates processed
2024-03-11T21:48:58.8347323Z  262/379 templates processed
2024-03-11T21:48:58.8350934Z  263/379 templates processed
2024-03-11T21:48:58.8356214Z  264/379 templates processed
2024-03-11T21:48:58.8360481Z  265/379 templates processed
2024-03-11T21:48:58.8364025Z  266/379 templates processed
2024-03-11T21:48:58.8366777Z  267/379 templates processed
2024-03-11T21:48:58.8371387Z  268/379 templates processed
2024-03-11T21:48:58.8375841Z  269/379 templates processed
2024-03-11T21:48:58.8385759Z  270/379 templates processed
2024-03-11T21:48:58.8388103Z  271/379 templates processed
2024-03-11T21:48:58.8393262Z  272/379 templates processed
2024-03-11T21:48:58.8395314Z  273/379 templates processed
2024-03-11T21:48:58.8399314Z  274/379 templates processed
2024-03-11T21:48:58.8403817Z  275/379 templates processed
2024-03-11T21:48:58.8410280Z  276/379 templates processed
2024-03-11T21:48:58.8411888Z  277/379 templates processed
2024-03-11T21:48:58.8416626Z  278/379 templates processed
2024-03-11T21:48:58.8426546Z  279/379 templates processed
2024-03-11T21:48:58.8434415Z  280/379 templates processed
2024-03-11T21:48:58.8469718Z  281/379 templates processed
2024-03-11T21:48:58.8475259Z  282/379 templates processed
2024-03-11T21:48:58.8480225Z  283/379 templates processed
2024-03-11T21:48:58.8488000Z  284/379 templates processed
2024-03-11T21:48:58.8496443Z  285/379 templates processed
2024-03-11T21:48:58.8500152Z  286/379 templates processed
2024-03-11T21:48:58.8505396Z  287/379 templates processed
2024-03-11T21:48:58.8508051Z  288/379 templates processed
2024-03-11T21:48:58.8512960Z  289/379 templates processed
2024-03-11T21:48:58.8520847Z  290/379 templates processed
2024-03-11T21:48:58.8524939Z  291/379 templates processed
2024-03-11T21:48:58.8526906Z  292/379 templates processed
2024-03-11T21:48:58.8534189Z  293/379 templates processed
2024-03-11T21:48:58.8539868Z  294/379 templates processed
2024-03-11T21:48:58.8543722Z  295/379 templates processed
2024-03-11T21:48:58.8546373Z  296/379 templates processed
2024-03-11T21:48:58.8550690Z  297/379 templates processed
2024-03-11T21:48:58.8563320Z  298/379 templates processed
2024-03-11T21:48:58.8570857Z  299/379 templates processed
2024-03-11T21:48:58.8585553Z  300/379 templates processed
2024-03-11T21:48:58.8669530Z  301/379 templates processed
2024-03-11T21:48:58.9008972Z  302/379 templates processed
2024-03-11T21:48:58.9016685Z  303/379 templates processed
2024-03-11T21:48:58.9029157Z  304/379 templates processed
2024-03-11T21:48:58.9032052Z  305/379 templates processed
2024-03-11T21:48:58.9037112Z  306/379 templates processed
2024-03-11T21:48:58.9046758Z  307/379 templates processed
2024-03-11T21:48:58.9057423Z  308/379 templates processed
2024-03-11T21:48:58.9065561Z  309/379 templates processed
2024-03-11T21:48:58.9073709Z  310/379 templates processed
2024-03-11T21:48:58.9076865Z  311/379 templates processed
2024-03-11T21:48:58.9084631Z  312/379 templates processed
2024-03-11T21:48:58.9091479Z  313/379 templates processed
2024-03-11T21:48:58.9100147Z  314/379 templates processed
2024-03-11T21:48:58.9103257Z  315/379 templates processed
2024-03-11T21:48:58.9111482Z  316/379 templates processed
2024-03-11T21:48:58.9113914Z  317/379 templates processed
2024-03-11T21:48:58.9122268Z  318/379 templates processed
2024-03-11T21:48:58.9133056Z  319/379 templates processed
2024-03-11T21:48:58.9148537Z  320/379 templates processed
2024-03-11T21:48:58.9153408Z  321/379 templates processed
2024-03-11T21:48:58.9156835Z  322/379 templates processed
2024-03-11T21:48:58.9165570Z  323/379 templates processed
2024-03-11T21:48:58.9168399Z  324/379 templates processed
2024-03-11T21:48:58.9174312Z  325/379 templates processed
2024-03-11T21:48:58.9177299Z  326/379 templates processed
2024-03-11T21:48:58.9180223Z  327/379 templates processed
2024-03-11T21:48:58.9184657Z  328/379 templates processed
2024-03-11T21:48:58.9185530Z  329/379 templates processed
2024-03-11T21:48:58.9189565Z  330/379 templates processed
2024-03-11T21:48:58.9194596Z  331/379 templates processed
2024-03-11T21:48:58.9201666Z  332/379 templates processed
2024-03-11T21:48:58.9202764Z  333/379 templates processed
2024-03-11T21:48:58.9212656Z  334/379 templates processed
2024-03-11T21:48:58.9217420Z  335/379 templates processed
2024-03-11T21:48:58.9220033Z  336/379 templates processed
2024-03-11T21:48:58.9225337Z  337/379 templates processed
2024-03-11T21:48:58.9233671Z  338/379 templates processed
2024-03-11T21:48:58.9240220Z  339/379 templates processed
2024-03-11T21:48:58.9261043Z  340/379 templates processed
2024-03-11T21:48:58.9265160Z  341/379 templates processed
2024-03-11T21:48:58.9280551Z  342/379 templates processed
2024-03-11T21:48:58.9285600Z  343/379 templates processed
2024-03-11T21:48:58.9294536Z  344/379 templates processed
2024-03-11T21:48:58.9319459Z  345/379 templates processed
2024-03-11T21:48:58.9330144Z  346/379 templates processed
2024-03-11T21:48:58.9333305Z  347/379 templates processed
2024-03-11T21:48:58.9338028Z  348/379 templates processed
2024-03-11T21:48:58.9352604Z  349/379 templates processed
2024-03-11T21:48:58.9357463Z  350/379 templates processed
2024-03-11T21:48:58.9364299Z  351/379 templates processed
2024-03-11T21:48:58.9369950Z  352/379 templates processed
2024-03-11T21:48:58.9375482Z  353/379 templates processed
2024-03-11T21:48:58.9382069Z  354/379 templates processed
2024-03-11T21:48:58.9384376Z  355/379 templates processed
2024-03-11T21:48:58.9387383Z  356/379 templates processed
2024-03-11T21:48:58.9395597Z  357/379 templates processed
2024-03-11T21:48:58.9397119Z  358/379 templates processed
2024-03-11T21:48:58.9400055Z  359/379 templates processed
2024-03-11T21:48:58.9403888Z  360/379 templates processed
2024-03-11T21:48:58.9413501Z  361/379 templates processed
2024-03-11T21:48:58.9420306Z  362/379 templates processed
2024-03-11T21:48:58.9424854Z  363/379 templates processed
2024-03-11T21:48:58.9438782Z  364/379 templates processed
2024-03-11T21:48:58.9440566Z  365/379 templates processed
2024-03-11T21:48:58.9447673Z  366/379 templates processed
2024-03-11T21:48:58.9454388Z  367/379 templates processed
2024-03-11T21:48:58.9461655Z  368/379 templates processed
2024-03-11T21:48:58.9465990Z  369/379 templates processed
2024-03-11T21:48:58.9474730Z  370/379 templates processed
2024-03-11T21:48:58.9479586Z  371/379 templates processed
2024-03-11T21:48:58.9484070Z  372/379 templates processed
2024-03-11T21:48:58.9486784Z  373/379 templates processed
2024-03-11T21:48:58.9491591Z  374/379 templates processed
2024-03-11T21:48:58.9499623Z  375/379 templates processed
2024-03-11T21:48:58.9504110Z  376/379 templates processed
2024-03-11T21:48:58.9506209Z  377/379 templates processed
2024-03-11T21:48:58.9514971Z  378/379 templates processed
2024-03-11T21:48:58.9515661Z Processing data flow in templates...    
2024-03-11T21:48:58.9529629Z  0/372 templates processed
2024-03-11T21:48:58.9531774Z  1/372 templates processed
2024-03-11T21:48:58.9533300Z  2/372 templates processed
2024-03-11T21:48:58.9534306Z  3/372 templates processed
2024-03-11T21:48:58.9537342Z  4/372 templates processed
2024-03-11T21:48:58.9541806Z  5/372 templates processed
2024-03-11T21:48:58.9542830Z  6/372 templates processed
2024-03-11T21:48:58.9559512Z  7/372 templates processed
2024-03-11T21:48:58.9560929Z  8/372 templates processed
2024-03-11T21:48:58.9566787Z  9/372 templates processed
2024-03-11T21:48:58.9584057Z  10/372 templates processed
2024-03-11T21:48:58.9623172Z  11/372 templates processed
2024-03-11T21:48:58.9629667Z  12/372 templates processed
2024-03-11T21:48:58.9634654Z  13/372 templates processed
2024-03-11T21:48:58.9641088Z  14/372 templates processed
2024-03-11T21:48:58.9658531Z  15/372 templates processed
2024-03-11T21:48:58.9665337Z  16/372 templates processed
2024-03-11T21:48:58.9670548Z  17/372 templates processed
2024-03-11T21:48:58.9676205Z  18/372 templates processed
2024-03-11T21:48:58.9681620Z  19/372 templates processed
2024-03-11T21:48:58.9693595Z  20/372 templates processed
2024-03-11T21:48:58.9720633Z  21/372 templates processed
2024-03-11T21:48:58.9724175Z  22/372 templates processed
2024-03-11T21:48:58.9728297Z  23/372 templates processed
2024-03-11T21:48:58.9731294Z  24/372 templates processed
2024-03-11T21:48:58.9752128Z  25/372 templates processed
2024-03-11T21:48:58.9756048Z  26/372 templates processed
2024-03-11T21:48:58.9767923Z  27/372 templates processed
2024-03-11T21:48:58.9778558Z  28/372 templates processed
2024-03-11T21:48:58.9783144Z  29/372 templates processed
2024-03-11T21:48:58.9788329Z  30/372 templates processed
2024-03-11T21:48:58.9795052Z  31/372 templates processed
2024-03-11T21:48:58.9800832Z  32/372 templates processed
2024-03-11T21:48:58.9817061Z  33/372 templates processed
2024-03-11T21:48:58.9821303Z  34/372 templates processed
2024-03-11T21:48:58.9825496Z  35/372 templates processed
2024-03-11T21:48:58.9838488Z  36/372 templates processed
2024-03-11T21:48:58.9843178Z  37/372 templates processed
2024-03-11T21:48:58.9848085Z  38/372 templates processed
2024-03-11T21:48:58.9881696Z  39/372 templates processed
2024-03-11T21:48:58.9894343Z  40/372 templates processed
2024-03-11T21:48:58.9914865Z  41/372 templates processed
2024-03-11T21:48:58.9997552Z  42/372 templates processed
2024-03-11T21:48:59.0005963Z  43/372 templates processed
2024-03-11T21:48:59.0009823Z  44/372 templates processed
2024-03-11T21:48:59.0013890Z  45/372 templates processed
2024-03-11T21:48:59.0017143Z  46/372 templates processed
2024-03-11T21:48:59.0025997Z  47/372 templates processed
2024-03-11T21:48:59.0033508Z  48/372 templates processed
2024-03-11T21:48:59.0037093Z  49/372 templates processed
2024-03-11T21:48:59.0040584Z  50/372 templates processed
2024-03-11T21:48:59.0046907Z  51/372 templates processed
2024-03-11T21:48:59.0051509Z  52/372 templates processed
2024-03-11T21:48:59.0070652Z  53/372 templates processed
2024-03-11T21:48:59.0079940Z  54/372 templates processed
2024-03-11T21:48:59.0085470Z  55/372 templates processed
2024-03-11T21:48:59.0092566Z  56/372 templates processed
2024-03-11T21:48:59.0107486Z  57/372 templates processed
2024-03-11T21:48:59.0117043Z  58/372 templates processed
2024-03-11T21:48:59.0120857Z  59/372 templates processed
2024-03-11T21:48:59.0136235Z  60/372 templates processed
2024-03-11T21:48:59.0138687Z  61/372 templates processed
2024-03-11T21:48:59.0142606Z  62/372 templates processed
2024-03-11T21:48:59.0148862Z  63/372 templates processed
2024-03-11T21:48:59.0154471Z  64/372 templates processed
2024-03-11T21:48:59.0155349Z  65/372 templates processed
2024-03-11T21:48:59.0170012Z  66/372 templates processed
2024-03-11T21:48:59.0187307Z  67/372 templates processed
2024-03-11T21:48:59.0191410Z  68/372 templates processed
2024-03-11T21:48:59.0196092Z  69/372 templates processed
2024-03-11T21:48:59.0198508Z  70/372 templates processed
2024-03-11T21:48:59.0203112Z  71/372 templates processed
2024-03-11T21:48:59.0209374Z  72/372 templates processed
2024-03-11T21:48:59.0224021Z  73/372 templates processed
2024-03-11T21:48:59.0228691Z  74/372 templates processed
2024-03-11T21:48:59.0233408Z  75/372 templates processed
2024-03-11T21:48:59.0236427Z  76/372 templates processed
2024-03-11T21:48:59.0239459Z  77/372 templates processed
2024-03-11T21:48:59.0244060Z  78/372 templates processed
2024-03-11T21:48:59.0277074Z  79/372 templates processed
2024-03-11T21:48:59.0281042Z  80/372 templates processed
2024-03-11T21:48:59.0285050Z  81/372 templates processed
2024-03-11T21:48:59.0301105Z  82/372 templates processed
2024-03-11T21:48:59.0304691Z  83/372 templates processed
2024-03-11T21:48:59.0307832Z  84/372 templates processed
2024-03-11T21:48:59.0425236Z  85/372 templates processed
2024-03-11T21:48:59.0432033Z  86/372 templates processed
2024-03-11T21:48:59.0446336Z  87/372 templates processed
2024-03-11T21:48:59.0450809Z  88/372 templates processed
2024-03-11T21:48:59.0453926Z  89/372 templates processed
2024-03-11T21:48:59.0458364Z  90/372 templates processed
2024-03-11T21:48:59.0460244Z  91/372 templates processed
2024-03-11T21:48:59.0473029Z  92/372 templates processed
2024-03-11T21:48:59.0475585Z  93/372 templates processed
2024-03-11T21:48:59.0488717Z  94/372 templates processed
2024-03-11T21:48:59.0493373Z  95/372 templates processed
2024-03-11T21:48:59.0522790Z  96/372 templates processed
2024-03-11T21:48:59.0572035Z  97/372 templates processed
2024-03-11T21:48:59.0578213Z  98/372 templates processed
2024-03-11T21:48:59.0598491Z  99/372 templates processed
2024-03-11T21:48:59.0600576Z  100/372 templates processed
2024-03-11T21:48:59.0604319Z  101/372 templates processed
2024-03-11T21:48:59.0625574Z  102/372 templates processed
2024-03-11T21:48:59.0631900Z  103/372 templates processed
2024-03-11T21:48:59.0637113Z  104/372 templates processed
2024-03-11T21:48:59.0642424Z  105/372 templates processed
2024-03-11T21:48:59.0656781Z  106/372 templates processed
2024-03-11T21:48:59.0691617Z  107/372 templates processed
2024-03-11T21:48:59.0695572Z  108/372 templates processed
2024-03-11T21:48:59.0701414Z  109/372 templates processed
2024-03-11T21:48:59.0715446Z  110/372 templates processed
2024-03-11T21:48:59.0718037Z  111/372 templates processed
2024-03-11T21:48:59.0723340Z  112/372 templates processed
2024-03-11T21:48:59.0725095Z  113/372 templates processed
2024-03-11T21:48:59.0754739Z  114/372 templates processed
2024-03-11T21:48:59.0780155Z  115/372 templates processed
2024-03-11T21:48:59.0787030Z  116/372 templates processed
2024-03-11T21:48:59.0789185Z  117/372 templates processed
2024-03-11T21:48:59.0803405Z  118/372 templates processed
2024-03-11T21:48:59.0804390Z  119/372 templates processed
2024-03-11T21:48:59.0805808Z  120/372 templates processed
2024-03-11T21:48:59.0822322Z  121/372 templates processed
2024-03-11T21:48:59.0823258Z  122/372 templates processed
2024-03-11T21:48:59.0824437Z  123/372 templates processed
2024-03-11T21:48:59.0825592Z  124/372 templates processed
2024-03-11T21:48:59.0864013Z  125/372 templates processed
2024-03-11T21:48:59.0873460Z  126/372 templates processed
2024-03-11T21:48:59.0921057Z  127/372 templates processed
2024-03-11T21:48:59.0924012Z  128/372 templates processed
2024-03-11T21:48:59.0931296Z  129/372 templates processed
2024-03-11T21:48:59.0945920Z  130/372 templates processed
2024-03-11T21:48:59.0955906Z  131/372 templates processed
2024-03-11T21:48:59.0963346Z  132/372 templates processed
2024-03-11T21:48:59.0967674Z  133/372 templates processed
2024-03-11T21:48:59.0979883Z  134/372 templates processed
2024-03-11T21:48:59.0983855Z  135/372 templates processed
2024-03-11T21:48:59.0990453Z  136/372 templates processed
2024-03-11T21:48:59.1009803Z  137/372 templates processed
2024-03-11T21:48:59.1015010Z  138/372 templates processed
2024-03-11T21:48:59.1035277Z  139/372 templates processed
2024-03-11T21:48:59.1041867Z  140/372 templates processed
2024-03-11T21:48:59.1049298Z  141/372 templates processed
2024-03-11T21:48:59.1057318Z  142/372 templates processed
2024-03-11T21:48:59.1073208Z  143/372 templates processed
2024-03-11T21:48:59.1093951Z  144/372 templates processed
2024-03-11T21:48:59.1115925Z  145/372 templates processed
2024-03-11T21:48:59.1117257Z  146/372 templates processed
2024-03-11T21:48:59.1150964Z  147/372 templates processed
2024-03-11T21:48:59.1191059Z  148/372 templates processed
2024-03-11T21:48:59.1195226Z  149/372 templates processed
2024-03-11T21:48:59.1207655Z  150/372 templates processed
2024-03-11T21:48:59.1210297Z  151/372 templates processed
2024-03-11T21:48:59.1212451Z  152/372 templates processed
2024-03-11T21:48:59.1215235Z  153/372 templates processed
2024-03-11T21:48:59.1218072Z  154/372 templates processed
2024-03-11T21:48:59.1222078Z  155/372 templates processed
2024-03-11T21:48:59.1226821Z  156/372 templates processed
2024-03-11T21:48:59.1229368Z  157/372 templates processed
2024-03-11T21:48:59.1238348Z  158/372 templates processed
2024-03-11T21:48:59.1248819Z  159/372 templates processed
2024-03-11T21:48:59.1262778Z  160/372 templates processed
2024-03-11T21:48:59.1268808Z  161/372 templates processed
2024-03-11T21:48:59.1286272Z  162/372 templates processed
2024-03-11T21:48:59.1290674Z  163/372 templates processed
2024-03-11T21:48:59.1294298Z  164/372 templates processed
2024-03-11T21:48:59.1313924Z  165/372 templates processed
2024-03-11T21:48:59.1333951Z  166/372 templates processed
2024-03-11T21:48:59.1395914Z  167/372 templates processed
2024-03-11T21:48:59.1396803Z  168/372 templates processed
2024-03-11T21:48:59.1584984Z  169/372 templates processed
2024-03-11T21:48:59.1595070Z  170/372 templates processed
2024-03-11T21:48:59.1605505Z  171/372 templates processed
2024-03-11T21:48:59.1608258Z  172/372 templates processed
2024-03-11T21:48:59.1609320Z  173/372 templates processed
2024-03-11T21:48:59.1611327Z  174/372 templates processed
2024-03-11T21:48:59.1619835Z  175/372 templates processed
2024-03-11T21:48:59.1620896Z  176/372 templates processed
2024-03-11T21:48:59.1625512Z  177/372 templates processed
2024-03-11T21:48:59.1659857Z  178/372 templates processed
2024-03-11T21:48:59.1667199Z  179/372 templates processed
2024-03-11T21:48:59.1673819Z  180/372 templates processed
2024-03-11T21:48:59.1679249Z  181/372 templates processed
2024-03-11T21:48:59.1684953Z  182/372 templates processed
2024-03-11T21:48:59.1687642Z  183/372 templates processed
2024-03-11T21:48:59.1698759Z  184/372 templates processed
2024-03-11T21:48:59.1701487Z  185/372 templates processed
2024-03-11T21:48:59.1706614Z  186/372 templates processed
2024-03-11T21:48:59.1717466Z  187/372 templates processed
2024-03-11T21:48:59.1721813Z  188/372 templates processed
2024-03-11T21:48:59.1728689Z  189/372 templates processed
2024-03-11T21:48:59.1734235Z  190/372 templates processed
2024-03-11T21:48:59.1736843Z  191/372 templates processed
2024-03-11T21:48:59.1753926Z  192/372 templates processed
2024-03-11T21:48:59.1756791Z  193/372 templates processed
2024-03-11T21:48:59.1785658Z  194/372 templates processed
2024-03-11T21:48:59.1789488Z  195/372 templates processed
2024-03-11T21:48:59.1795788Z  196/372 templates processed
2024-03-11T21:48:59.1810115Z  197/372 templates processed
2024-03-11T21:48:59.1814616Z  198/372 templates processed
2024-03-11T21:48:59.1816838Z  199/372 templates processed
2024-03-11T21:48:59.1820242Z  200/372 templates processed
2024-03-11T21:48:59.1845214Z  201/372 templates processed
2024-03-11T21:48:59.1851466Z  202/372 templates processed
2024-03-11T21:48:59.1875523Z  203/372 templates processed
2024-03-11T21:48:59.1963408Z  204/372 templates processed
2024-03-11T21:48:59.1976335Z  205/372 templates processed
2024-03-11T21:48:59.1986689Z  206/372 templates processed
2024-03-11T21:48:59.1989890Z  207/372 templates processed
2024-03-11T21:48:59.1998584Z  208/372 templates processed
2024-03-11T21:48:59.2016118Z  209/372 templates processed
2024-03-11T21:48:59.2020457Z  210/372 templates processed
2024-03-11T21:48:59.2026047Z  211/372 templates processed
2024-03-11T21:48:59.2040483Z  212/372 templates processed
2024-03-11T21:48:59.2046018Z  213/372 templates processed
2024-03-11T21:48:59.2076392Z  214/372 templates processed
2024-03-11T21:48:59.2090189Z  215/372 templates processed
2024-03-11T21:48:59.2094230Z  216/372 templates processed
2024-03-11T21:48:59.2106637Z  217/372 templates processed
2024-03-11T21:48:59.2112146Z  218/372 templates processed
2024-03-11T21:48:59.2115484Z  219/372 templates processed
2024-03-11T21:48:59.2120298Z  220/372 templates processed
2024-03-11T21:48:59.2163653Z  221/372 templates processed
2024-03-11T21:48:59.2168006Z  222/372 templates processed
2024-03-11T21:48:59.2171427Z  223/372 templates processed
2024-03-11T21:48:59.2201026Z  224/372 templates processed
2024-03-11T21:48:59.2219469Z  225/372 templates processed
2024-03-11T21:48:59.2225063Z  226/372 templates processed
2024-03-11T21:48:59.2514966Z  227/372 templates processed
2024-03-11T21:48:59.2601436Z  228/372 templates processed
2024-03-11T21:48:59.2625497Z  229/372 templates processed
2024-03-11T21:48:59.2684864Z  230/372 templates processed
2024-03-11T21:48:59.2691727Z  231/372 templates processed
2024-03-11T21:48:59.2707529Z  232/372 templates processed
2024-03-11T21:48:59.2710242Z  233/372 templates processed
2024-03-11T21:48:59.2720421Z  234/372 templates processed
2024-03-11T21:48:59.2748185Z  235/372 templates processed
2024-03-11T21:48:59.2755514Z  236/372 templates processed
2024-03-11T21:48:59.2777021Z  237/372 templates processed
2024-03-11T21:48:59.2781294Z  238/372 templates processed
2024-03-11T21:48:59.2823982Z  239/372 templates processed
2024-03-11T21:48:59.2827579Z  240/372 templates processed
2024-03-11T21:48:59.2840056Z  241/372 templates processed
2024-03-11T21:48:59.2857054Z  242/372 templates processed
2024-03-11T21:48:59.2866937Z  243/372 templates processed
2024-03-11T21:48:59.2872259Z  244/372 templates processed
2024-03-11T21:48:59.2880134Z  245/372 templates processed
2024-03-11T21:48:59.2884867Z  246/372 templates processed
2024-03-11T21:48:59.2888793Z  247/372 templates processed
2024-03-11T21:48:59.2895020Z  248/372 templates processed
2024-03-11T21:48:59.2898432Z  249/372 templates processed
2024-03-11T21:48:59.2913063Z  250/372 templates processed
2024-03-11T21:48:59.2917274Z  251/372 templates processed
2024-03-11T21:48:59.2956112Z  252/372 templates processed
2024-03-11T21:48:59.2958415Z  253/372 templates processed
2024-03-11T21:48:59.2968553Z  254/372 templates processed
2024-03-11T21:48:59.2977018Z  255/372 templates processed
2024-03-11T21:48:59.2984544Z  256/372 templates processed
2024-03-11T21:48:59.2988568Z  257/372 templates processed
2024-03-11T21:48:59.2992134Z  258/372 templates processed
2024-03-11T21:48:59.2995207Z  259/372 templates processed
2024-03-11T21:48:59.2997587Z  260/372 templates processed
2024-03-11T21:48:59.3003971Z  261/372 templates processed
2024-03-11T21:48:59.3006221Z  262/372 templates processed
2024-03-11T21:48:59.3014400Z  263/372 templates processed
2024-03-11T21:48:59.3016564Z  264/372 templates processed
2024-03-11T21:48:59.3019184Z  265/372 templates processed
2024-03-11T21:48:59.3021158Z  266/372 templates processed
2024-03-11T21:48:59.3024750Z  267/372 templates processed
2024-03-11T21:48:59.3029576Z  268/372 templates processed
2024-03-11T21:48:59.3034783Z  269/372 templates processed
2024-03-11T21:48:59.3036523Z  270/372 templates processed
2024-03-11T21:48:59.3048147Z  271/372 templates processed
2024-03-11T21:48:59.3068127Z  272/372 templates processed
2024-03-11T21:48:59.3079501Z  273/372 templates processed
2024-03-11T21:48:59.3236106Z  274/372 templates processed
2024-03-11T21:48:59.3245463Z  275/372 templates processed
2024-03-11T21:48:59.3249642Z  276/372 templates processed
2024-03-11T21:48:59.3260021Z  277/372 templates processed
2024-03-11T21:48:59.3269993Z  278/372 templates processed
2024-03-11T21:48:59.3290063Z  279/372 templates processed
2024-03-11T21:48:59.3293540Z  280/372 templates processed
2024-03-11T21:48:59.3296290Z  281/372 templates processed
2024-03-11T21:48:59.3300816Z  282/372 templates processed
2024-03-11T21:48:59.3315725Z  283/372 templates processed
2024-03-11T21:48:59.3319751Z  284/372 templates processed
2024-03-11T21:48:59.3327559Z  285/372 templates processed
2024-03-11T21:48:59.3333552Z  286/372 templates processed
2024-03-11T21:48:59.3339204Z  287/372 templates processed
2024-03-11T21:48:59.3353355Z  288/372 templates processed
2024-03-11T21:48:59.3356039Z  289/372 templates processed
2024-03-11T21:48:59.3361290Z  290/372 templates processed
2024-03-11T21:48:59.3371882Z  291/372 templates processed
2024-03-11T21:48:59.3375626Z  292/372 templates processed
2024-03-11T21:48:59.3383294Z  293/372 templates processed
2024-03-11T21:48:59.3393516Z  294/372 templates processed
2024-03-11T21:48:59.3430508Z  295/372 templates processed
2024-03-11T21:48:59.3438851Z  296/372 templates processed
2024-03-11T21:48:59.3449173Z  297/372 templates processed
2024-03-11T21:48:59.3451454Z  298/372 templates processed
2024-03-11T21:48:59.3455567Z  299/372 templates processed
2024-03-11T21:48:59.3479637Z  300/372 templates processed
2024-03-11T21:48:59.3498394Z  301/372 templates processed
2024-03-11T21:48:59.3503586Z  302/372 templates processed
2024-03-11T21:48:59.3515368Z  303/372 templates processed
2024-03-11T21:48:59.3518163Z  304/372 templates processed
2024-03-11T21:48:59.3522270Z  305/372 templates processed
2024-03-11T21:48:59.3528553Z  306/372 templates processed
2024-03-11T21:48:59.3534009Z  307/372 templates processed
2024-03-11T21:48:59.3536579Z  308/372 templates processed
2024-03-11T21:48:59.3548618Z  309/372 templates processed
2024-03-11T21:48:59.3552670Z  310/372 templates processed
2024-03-11T21:48:59.3557473Z  311/372 templates processed
2024-03-11T21:48:59.3587972Z  312/372 templates processed
2024-03-11T21:48:59.3598602Z  313/372 templates processed
2024-03-11T21:48:59.3602849Z  314/372 templates processed
2024-03-11T21:48:59.3606877Z  315/372 templates processed
2024-03-11T21:48:59.3611477Z  316/372 templates processed
2024-03-11T21:48:59.3615257Z  317/372 templates processed
2024-03-11T21:48:59.3623165Z  318/372 templates processed
2024-03-11T21:48:59.3625565Z  319/372 templates processed
2024-03-11T21:48:59.3628120Z  320/372 templates processed
2024-03-11T21:48:59.3629413Z  321/372 templates processed
2024-03-11T21:48:59.3630614Z  322/372 templates processed
2024-03-11T21:48:59.3636788Z  323/372 templates processed
2024-03-11T21:48:59.3641254Z  324/372 templates processed
2024-03-11T21:48:59.3650506Z  325/372 templates processed
2024-03-11T21:48:59.3651674Z  326/372 templates processed
2024-03-11T21:48:59.3659240Z  327/372 templates processed
2024-03-11T21:48:59.3673741Z  328/372 templates processed
2024-03-11T21:48:59.3676426Z  329/372 templates processed
2024-03-11T21:48:59.3681881Z  330/372 templates processed
2024-03-11T21:48:59.3688177Z  331/372 templates processed
2024-03-11T21:48:59.3707905Z  332/372 templates processed
2024-03-11T21:48:59.3734769Z  333/372 templates processed
2024-03-11T21:48:59.3738786Z  334/372 templates processed
2024-03-11T21:48:59.3770169Z  335/372 templates processed
2024-03-11T21:48:59.3774625Z  336/372 templates processed
2024-03-11T21:48:59.3792716Z  337/372 templates processed
2024-03-11T21:48:59.3800912Z  338/372 templates processed
2024-03-11T21:48:59.3809157Z  339/372 templates processed
2024-03-11T21:48:59.3812096Z  340/372 templates processed
2024-03-11T21:48:59.3815558Z  341/372 templates processed
2024-03-11T21:48:59.3827660Z  342/372 templates processed
2024-03-11T21:48:59.3834296Z  343/372 templates processed
2024-03-11T21:48:59.3848381Z  344/372 templates processed
2024-03-11T21:48:59.3854267Z  345/372 templates processed
2024-03-11T21:48:59.3859634Z  346/372 templates processed
2024-03-11T21:48:59.3863824Z  347/372 templates processed
2024-03-11T21:48:59.3865886Z  348/372 templates processed
2024-03-11T21:48:59.3868626Z  349/372 templates processed
2024-03-11T21:48:59.3877242Z  350/372 templates processed
2024-03-11T21:48:59.3880184Z  351/372 templates processed
2024-03-11T21:48:59.3882492Z  352/372 templates processed
2024-03-11T21:48:59.3884669Z  353/372 templates processed
2024-03-11T21:48:59.3893454Z  354/372 templates processed
2024-03-11T21:48:59.3899218Z  355/372 templates processed
2024-03-11T21:48:59.3905310Z  356/372 templates processed
2024-03-11T21:48:59.3917022Z  357/372 templates processed
2024-03-11T21:48:59.3919202Z  358/372 templates processed
2024-03-11T21:48:59.3925225Z  359/372 templates processed
2024-03-11T21:48:59.3930120Z  360/372 templates processed
2024-03-11T21:48:59.3936024Z  361/372 templates processed
2024-03-11T21:48:59.3940453Z  362/372 templates processed
2024-03-11T21:48:59.3949555Z  363/372 templates processed
2024-03-11T21:48:59.3968205Z  364/372 templates processed
2024-03-11T21:48:59.3971604Z  365/372 templates processed
2024-03-11T21:48:59.3974720Z  366/372 templates processed
2024-03-11T21:48:59.3978954Z  367/372 templates processed
2024-03-11T21:48:59.3994275Z  368/372 templates processed
2024-03-11T21:48:59.3998358Z  369/372 templates processed
2024-03-11T21:48:59.4005089Z  370/372 templates processed
2024-03-11T21:48:59.4011243Z  371/372 templates processed
2024-03-11T21:48:59.4011950Z Processing models...                    
2024-03-11T21:48:59.4036987Z  0/59 files processed
2024-03-11T21:48:59.4057315Z  1/59 files processed
2024-03-11T21:48:59.4061810Z  2/59 files processed
2024-03-11T21:48:59.4063745Z  3/59 files processed
2024-03-11T21:48:59.4085791Z  4/59 files processed
2024-03-11T21:48:59.4102566Z  5/59 files processed
2024-03-11T21:48:59.4108000Z  6/59 files processed
2024-03-11T21:48:59.4114314Z  7/59 files processed
2024-03-11T21:48:59.4118185Z  8/59 files processed
2024-03-11T21:48:59.4126432Z  9/59 files processed
2024-03-11T21:48:59.4130303Z  10/59 files processed
2024-03-11T21:48:59.4133903Z  11/59 files processed
2024-03-11T21:48:59.4140093Z  12/59 files processed
2024-03-11T21:48:59.4154164Z  13/59 files processed
2024-03-11T21:48:59.4200544Z  14/59 files processed
2024-03-11T21:48:59.4209607Z  15/59 files processed
2024-03-11T21:48:59.4212967Z  16/59 files processed
2024-03-11T21:48:59.4216097Z  17/59 files processed
2024-03-11T21:48:59.4261011Z  18/59 files processed
2024-03-11T21:48:59.4301727Z  19/59 files processed
2024-03-11T21:48:59.4309021Z  20/59 files processed
2024-03-11T21:48:59.4322720Z  21/59 files processed
2024-03-11T21:48:59.4348744Z  22/59 files processed
2024-03-11T21:48:59.4349868Z  23/59 files processed
2024-03-11T21:48:59.4360832Z  24/59 files processed
2024-03-11T21:48:59.4411041Z  25/59 files processed
2024-03-11T21:48:59.4414630Z  26/59 files processed
2024-03-11T21:48:59.4427701Z  27/59 files processed
2024-03-11T21:48:59.4428756Z  28/59 files processed
2024-03-11T21:48:59.4434265Z  29/59 files processed
2024-03-11T21:48:59.4441208Z  30/59 files processed
2024-03-11T21:48:59.4445371Z  31/59 files processed
2024-03-11T21:48:59.4532733Z  32/59 files processed
2024-03-11T21:48:59.4541582Z  33/59 files processed
2024-03-11T21:48:59.4590184Z  34/59 files processed
2024-03-11T21:48:59.4593384Z  35/59 files processed
2024-03-11T21:48:59.4596078Z  36/59 files processed
2024-03-11T21:48:59.4597415Z  37/59 files processed
2024-03-11T21:48:59.4614043Z  38/59 files processed
2024-03-11T21:48:59.4618032Z  39/59 files processed
2024-03-11T21:48:59.4634344Z  40/59 files processed
2024-03-11T21:48:59.4644776Z  41/59 files processed
2024-03-11T21:48:59.4648453Z  42/59 files processed
2024-03-11T21:48:59.4661238Z  43/59 files processed
2024-03-11T21:48:59.4664179Z  44/59 files processed
2024-03-11T21:48:59.4691845Z  45/59 files processed
2024-03-11T21:48:59.4700688Z  46/59 files processed
2024-03-11T21:48:59.4729419Z  47/59 files processed
2024-03-11T21:48:59.4737588Z  48/59 files processed
2024-03-11T21:48:59.4756896Z  49/59 files processed
2024-03-11T21:48:59.4774373Z  50/59 files processed
2024-03-11T21:48:59.4781872Z  51/59 files processed
2024-03-11T21:48:59.4873462Z  52/59 files processed
2024-03-11T21:48:59.4923040Z  53/59 files processed
2024-03-11T21:48:59.4953878Z  54/59 files processed
2024-03-11T21:48:59.4962626Z  55/59 files processed
2024-03-11T21:48:59.4966881Z  56/59 files processed
2024-03-11T21:48:59.5017601Z  57/59 files processed
2024-03-11T21:48:59.5028112Z  58/59 files processed
2024-03-11T21:48:59.5028881Z Processing controllers...               
2024-03-11T21:48:59.5036818Z  0/69 files processed
2024-03-11T21:48:59.5047026Z  1/69 files processed
2024-03-11T21:48:59.5051755Z  2/69 files processed
2024-03-11T21:48:59.5059311Z  3/69 files processed
2024-03-11T21:48:59.5067174Z  4/69 files processed
2024-03-11T21:48:59.5074491Z  5/69 files processed
2024-03-11T21:48:59.5086706Z  6/69 files processed
2024-03-11T21:48:59.5091413Z  7/69 files processed
2024-03-11T21:48:59.5097777Z  8/69 files processed
2024-03-11T21:48:59.5114261Z  9/69 files processed
2024-03-11T21:48:59.5119719Z  10/69 files processed
2024-03-11T21:48:59.5137899Z  11/69 files processed
2024-03-11T21:48:59.5140136Z  12/69 files processed
2024-03-11T21:48:59.5159502Z  13/69 files processed
2024-03-11T21:48:59.5175835Z  14/69 files processed
2024-03-11T21:48:59.5181922Z  15/69 files processed
2024-03-11T21:48:59.5201441Z  16/69 files processed
2024-03-11T21:48:59.5206966Z  17/69 files processed
2024-03-11T21:48:59.5209604Z  18/69 files processed
2024-03-11T21:48:59.5267524Z  19/69 files processed
2024-03-11T21:48:59.5278562Z  20/69 files processed
2024-03-11T21:48:59.5303996Z  21/69 files processed
2024-03-11T21:48:59.5306128Z  22/69 files processed
2024-03-11T21:48:59.5311426Z  23/69 files processed
2024-03-11T21:48:59.5314403Z  24/69 files processed
2024-03-11T21:48:59.5318144Z  25/69 files processed
2024-03-11T21:48:59.5319826Z  26/69 files processed
2024-03-11T21:48:59.5321467Z  27/69 files processed
2024-03-11T21:48:59.5323309Z  28/69 files processed
2024-03-11T21:48:59.5328938Z  29/69 files processed
2024-03-11T21:48:59.5351535Z  30/69 files processed
2024-03-11T21:48:59.5366065Z  31/69 files processed
2024-03-11T21:48:59.5373791Z  32/69 files processed
2024-03-11T21:48:59.5389547Z  33/69 files processed
2024-03-11T21:48:59.5396614Z  34/69 files processed
2024-03-11T21:48:59.5400002Z  35/69 files processed
2024-03-11T21:48:59.5406634Z  36/69 files processed
2024-03-11T21:48:59.5410884Z  37/69 files processed
2024-03-11T21:48:59.5424417Z  38/69 files processed
2024-03-11T21:48:59.5428917Z  39/69 files processed
2024-03-11T21:48:59.5433172Z  40/69 files processed
2024-03-11T21:48:59.5445990Z  41/69 files processed
2024-03-11T21:48:59.5455367Z  42/69 files processed
2024-03-11T21:48:59.5458210Z  43/69 files processed
2024-03-11T21:48:59.5464297Z  44/69 files processed
2024-03-11T21:48:59.5470303Z  45/69 files processed
2024-03-11T21:48:59.5474161Z  46/69 files processed
2024-03-11T21:48:59.5480911Z  47/69 files processed
2024-03-11T21:48:59.5487411Z  48/69 files processed
2024-03-11T21:48:59.5533956Z  49/69 files processed
2024-03-11T21:48:59.5543035Z  50/69 files processed
2024-03-11T21:48:59.5557784Z  51/69 files processed
2024-03-11T21:48:59.5564289Z  52/69 files processed
2024-03-11T21:48:59.5581094Z  53/69 files processed
2024-03-11T21:48:59.5586261Z  54/69 files processed
2024-03-11T21:48:59.5593663Z  55/69 files processed
2024-03-11T21:48:59.5601836Z  56/69 files processed
2024-03-11T21:48:59.5604359Z  57/69 files processed
2024-03-11T21:48:59.5628162Z  58/69 files processed
2024-03-11T21:48:59.5639552Z  59/69 files processed
2024-03-11T21:48:59.5640506Z  60/69 files processed
2024-03-11T21:48:59.5641767Z  61/69 files processed
2024-03-11T21:48:59.5645812Z  62/69 files processed
2024-03-11T21:48:59.5647376Z  63/69 files processed
2024-03-11T21:48:59.5648654Z  64/69 files processed
2024-03-11T21:48:59.5652477Z  65/69 files processed
2024-03-11T21:48:59.5653670Z  66/69 files processed
2024-03-11T21:48:59.5660276Z  67/69 files processed
2024-03-11T21:48:59.5669284Z  68/69 files processed
2024-03-11T21:48:59.5670106Z Processing data flow in controllers...  
2024-03-11T21:48:59.5781581Z  0/68 controllers processed
2024-03-11T21:48:59.6597522Z  1/68 controllers processed
2024-03-11T21:48:59.6960995Z  2/68 controllers processed
2024-03-11T21:48:59.7812091Z  3/68 controllers processed
2024-03-11T21:48:59.8518364Z  4/68 controllers processed
2024-03-11T21:48:59.9069826Z  5/68 controllers processed
2024-03-11T21:48:59.9845795Z  6/68 controllers processed
2024-03-11T21:49:00.0200078Z  7/68 controllers processed
2024-03-11T21:49:00.0860497Z  8/68 controllers processed
2024-03-11T21:49:00.1922681Z  9/68 controllers processed
2024-03-11T21:49:00.2133639Z  10/68 controllers processed
2024-03-11T21:49:00.2660558Z  11/68 controllers processed
2024-03-11T21:49:00.2664422Z  12/68 controllers processed
2024-03-11T21:49:00.4001934Z  13/68 controllers processed
2024-03-11T21:49:00.4600763Z  14/68 controllers processed
2024-03-11T21:49:00.4852465Z  15/68 controllers processed
2024-03-11T21:49:00.5256610Z  16/68 controllers processed
2024-03-11T21:49:00.5486217Z  17/68 controllers processed
2024-03-11T21:49:00.6929694Z  18/68 controllers processed
2024-03-11T21:49:00.7399147Z  19/68 controllers processed
2024-03-11T21:49:00.9198371Z  20/68 controllers processed
2024-03-11T21:49:00.9205051Z  21/68 controllers processed
2024-03-11T21:49:00.9220739Z  22/68 controllers processed
2024-03-11T21:49:00.9243444Z  23/68 controllers processed
2024-03-11T21:49:00.9249557Z  24/68 controllers processed
2024-03-11T21:49:00.9420574Z  25/68 controllers processed
2024-03-11T21:49:00.9591921Z  26/68 controllers processed
2024-03-11T21:49:00.9771915Z  27/68 controllers processed
2024-03-11T21:49:01.0302000Z  28/68 controllers processed
2024-03-11T21:49:01.1669079Z  29/68 controllers processed
2024-03-11T21:49:01.2804923Z  30/68 controllers processed
2024-03-11T21:49:01.3396344Z  31/68 controllers processed
2024-03-11T21:49:01.3918964Z  32/68 controllers processed
2024-03-11T21:49:01.4363987Z  33/68 controllers processed
2024-03-11T21:49:01.4369225Z  34/68 controllers processed
2024-03-11T21:49:01.4638428Z  35/68 controllers processed
2024-03-11T21:49:01.4650380Z  36/68 controllers processed
2024-03-11T21:49:01.4990145Z  37/68 controllers processed
2024-03-11T21:49:01.5153279Z  38/68 controllers processed
2024-03-11T21:49:01.5211379Z  39/68 controllers processed
2024-03-11T21:49:01.5499136Z  40/68 controllers processed
2024-03-11T21:49:01.5724991Z  41/68 controllers processed
2024-03-11T21:49:01.5746436Z  42/68 controllers processed
2024-03-11T21:49:01.5980293Z  43/68 controllers processed
2024-03-11T21:49:01.6290918Z  44/68 controllers processed
2024-03-11T21:49:01.6442475Z  45/68 controllers processed
2024-03-11T21:49:01.7038194Z  46/68 controllers processed
2024-03-11T21:49:01.7570473Z  47/68 controllers processed
2024-03-11T21:49:01.8563718Z  48/68 controllers processed
2024-03-11T21:49:01.9090213Z  49/68 controllers processed
2024-03-11T21:49:01.9840916Z  50/68 controllers processed
2024-03-11T21:49:02.0144153Z  51/68 controllers processed
2024-03-11T21:49:02.1212727Z  52/68 controllers processed
2024-03-11T21:49:02.1418172Z  53/68 controllers processed
2024-03-11T21:49:02.1621707Z  54/68 controllers processed
2024-03-11T21:49:02.1924739Z  55/68 controllers processed
2024-03-11T21:49:02.1943305Z  56/68 controllers processed
2024-03-11T21:49:02.2965002Z  57/68 controllers processed
2024-03-11T21:49:02.3697874Z  58/68 controllers processed
2024-03-11T21:49:02.3698684Z  59/68 controllers processed
2024-03-11T21:49:02.3699835Z  60/68 controllers processed
2024-03-11T21:49:02.3706833Z  61/68 controllers processed
2024-03-11T21:49:02.3719711Z  62/68 controllers processed
2024-03-11T21:49:02.3745138Z  63/68 controllers processed
2024-03-11T21:49:02.3831906Z  64/68 controllers processed
2024-03-11T21:49:02.3832663Z  65/68 controllers processed
2024-03-11T21:49:02.4215872Z  66/68 controllers processed
2024-03-11T21:49:02.4754012Z  67/68 controllers processed
2024-03-11T21:49:02.4755001Z Indexing call sites...                  
2024-03-11T21:49:02.8816759Z Running checks in parallel...
2024-03-11T21:49:02.8818676Z  - CheckBasicAuth
2024-03-11T21:49:02.8819408Z  - CheckBasicAuthTimingAttack
2024-03-11T21:49:02.8820124Z  - CheckCrossSiteScripting
2024-03-11T21:49:02.8828117Z  - CheckContentTag
2024-03-11T21:49:02.8834557Z  - CheckCookieSerialization
2024-03-11T21:49:02.9339095Z  - CheckCreateWith
2024-03-11T21:49:02.9340100Z  - CheckCSRFTokenForgeryCVE
2024-03-11T21:49:02.9340797Z  - CheckDefaultRoutes
2024-03-11T21:49:02.9341567Z  - CheckDeserialize
2024-03-11T21:49:02.9342206Z  - CheckDetailedExceptions
2024-03-11T21:49:02.9342862Z  - CheckDigestDoS
2024-03-11T21:49:02.9343570Z  - CheckDynamicFinders
2024-03-11T21:49:02.9344130Z  - CheckEOLRails
2024-03-11T21:49:02.9344695Z  - CheckEOLRuby
2024-03-11T21:49:02.9345845Z  - CheckEscapeFunction
2024-03-11T21:49:02.9346463Z  - CheckEvaluation
2024-03-11T21:49:02.9347141Z  - CheckExecute
2024-03-11T21:49:02.9347657Z  - CheckFileAccess
2024-03-11T21:49:02.9348244Z  - CheckFileDisclosure
2024-03-11T21:49:02.9348977Z  - CheckFilterSkipping
2024-03-11T21:49:02.9349834Z  - CheckForgerySetting
2024-03-11T21:49:02.9350483Z  - CheckHeaderDoS
2024-03-11T21:49:02.9351452Z  - CheckI18nXSS
2024-03-11T21:49:02.9352009Z  - CheckJRubyXML
2024-03-11T21:49:02.9352589Z  - CheckJSONEncoding
2024-03-11T21:49:02.9353282Z  - CheckJSONEntityEscape
2024-03-11T21:49:02.9353924Z  - CheckJSONParsing
2024-03-11T21:49:02.9354441Z  - CheckLinkTo
2024-03-11T21:49:02.9355079Z  - CheckLinkToHref
2024-03-11T21:49:02.9355638Z  - CheckMailTo
2024-03-11T21:49:02.9356171Z  - CheckMassAssignment
2024-03-11T21:49:02.9356789Z  - CheckMimeTypeDoS
2024-03-11T21:49:02.9357415Z  - CheckModelAttrAccessible
2024-03-11T21:49:02.9358046Z  - CheckModelAttributes
2024-03-11T21:49:02.9358748Z  - CheckModelSerialize
2024-03-11T21:49:02.9359348Z  - CheckNestedAttributes
2024-03-11T21:49:02.9359946Z  - CheckNestedAttributesBypass
2024-03-11T21:49:02.9360721Z  - CheckNumberToCurrency
2024-03-11T21:49:02.9361327Z  - CheckPageCachingCVE
2024-03-11T21:49:02.9361982Z  - CheckPathname
2024-03-11T21:49:02.9362568Z  - CheckPermitAttributes
2024-03-11T21:49:02.9363126Z  - CheckQuoteTableName
2024-03-11T21:49:02.9363788Z  - CheckRansack
2024-03-11T21:49:02.9364330Z  - CheckRedirect
2024-03-11T21:49:02.9364857Z  - CheckRegexDoS
2024-03-11T21:49:02.9365480Z  - CheckRender
2024-03-11T21:49:02.9365963Z  - CheckRenderDoS
2024-03-11T21:49:02.9366510Z  - CheckRenderInline
2024-03-11T21:49:02.9367205Z  - CheckResponseSplitting
2024-03-11T21:49:02.9367813Z  - CheckRouteDoS
2024-03-11T21:49:02.9368408Z  - CheckSafeBufferManipulation
2024-03-11T21:49:02.9369127Z  - CheckSanitizeConfigCve
2024-03-11T21:49:02.9369746Z  - CheckSanitizeMethods
2024-03-11T21:49:02.9370344Z  - CheckSelectTag
2024-03-11T21:49:02.9370990Z  - CheckSelectVulnerability
2024-03-11T21:49:02.9371571Z  - CheckSend
2024-03-11T21:49:02.9372100Z  - CheckSendFile
2024-03-11T21:49:02.9372749Z  - CheckSessionManipulation
2024-03-11T21:49:02.9373398Z  - CheckSessionSettings
2024-03-11T21:49:02.9374067Z  - CheckSimpleFormat
2024-03-11T21:49:02.9374657Z  - CheckSingleQuotes
2024-03-11T21:49:02.9375261Z  - CheckSkipBeforeFilter
2024-03-11T21:49:02.9375993Z  - CheckSprocketsPathTraversal
2024-03-11T21:49:02.9376616Z  - CheckSQL
2024-03-11T21:49:02.9377143Z  - CheckSQLCVEs
2024-03-11T21:49:02.9377751Z  - CheckSSLVerify
2024-03-11T21:49:02.9378339Z  - CheckStripTags
2024-03-11T21:49:02.9378964Z  - CheckSymbolDoSCVE
2024-03-11T21:49:02.9379739Z  - CheckTemplateInjection
2024-03-11T21:49:02.9380487Z  - CheckTranslateBug
2024-03-11T21:49:03.0006163Z  - CheckUnsafeReflection
2024-03-11T21:49:03.0006951Z  - CheckUnsafeReflectionMethods
2024-03-11T21:49:03.0007836Z  - CheckValidationRegex
2024-03-11T21:49:03.0008432Z  - CheckVerbConfusion
2024-03-11T21:49:03.0009020Z  - CheckWeakRSAKey
2024-03-11T21:49:03.0196147Z  - CheckWithoutProtection
2024-03-11T21:49:03.0210075Z  - CheckXMLDoS
2024-03-11T21:49:03.0212477Z  - CheckYAMLParsing
2024-03-11T21:49:03.0556285Z Checks finished, collecting results...
2024-03-11T21:49:03.0564088Z Filtering warnings...
2024-03-11T21:49:03.0565454Z [Notice] Using '/home/runner/work/human-essentials/human-essentials/config/brakeman.ignore' to filter warnings
2024-03-11T21:49:03.0571990Z Generating report...
2024-03-11T21:49:03.1232582Z 
2024-03-11T21:49:03.1235159Z == Brakeman Report ==
2024-03-11T21:49:03.1235521Z 
2024-03-11T21:49:03.1236232Z Application Path: /home/runner/work/human-essentials/human-essentials
2024-03-11T21:49:03.1236972Z Rails Version: 7.0.8
2024-03-11T21:49:03.1237490Z Brakeman Version: 6.1.2
2024-03-11T21:49:03.1238048Z Scan Date: 2024-03-11 21:48:55 +0000
2024-03-11T21:49:03.1238569Z Duration: 7.933315969 seconds
2024-03-11T21:49:03.1246682Z Checks Run: BasicAuth, BasicAuthTimingAttack, CSRFTokenForgeryCVE, ContentTag, CookieSerialization, CreateWith, CrossSiteScripting, DefaultRoutes, Deserialize, DetailedExceptions, DigestDoS, DynamicFinders, EOLRails, EOLRuby, EscapeFunction, Evaluation, Execute, FileAccess, FileDisclosure, FilterSkipping, ForgerySetting, HeaderDoS, I18nXSS, JRubyXML, JSONEncoding, JSONEntityEscape, JSONParsing, LinkTo, LinkToHref, MailTo, MassAssignment, MimeTypeDoS, ModelAttrAccessible, ModelAttributes, ModelSerialize, NestedAttributes, NestedAttributesBypass, NumberToCurrency, PageCachingCVE, Pathname, PermitAttributes, QuoteTableName, Ransack, Redirect, RegexDoS, Render, RenderDoS, RenderInline, ResponseSplitting, RouteDoS, SQL, SQLCVEs, SSLVerify, SafeBufferManipulation, SanitizeConfigCve, SanitizeMethods, SelectTag, SelectVulnerability, Send, SendFile, SessionManipulation, SessionSettings, SimpleFormat, SingleQuotes, SkipBeforeFilter, SprocketsPathTraversal, StripTags, SymbolDoSCVE, TemplateInjection, TranslateBug, UnsafeReflection, UnsafeReflectionMethods, ValidationRegex, VerbConfusion, WeakRSAKey, WithoutProtection, XMLDoS, YAMLParsing
2024-03-11T21:49:03.1256213Z 
2024-03-11T21:49:03.1256363Z == Overview ==
2024-03-11T21:49:03.1256676Z 
2024-03-11T21:49:03.1256804Z Controllers: 68
2024-03-11T21:49:03.1257133Z Models: 53
2024-03-11T21:49:03.1257458Z Templates: 372
2024-03-11T21:49:03.1257844Z Errors: 0
2024-03-11T21:49:03.1258163Z Security Warnings: 1
2024-03-11T21:49:03.1258494Z Ignored Warnings: 2
2024-03-11T21:49:03.1258784Z 
2024-03-11T21:49:03.1258908Z == Warning Types ==
2024-03-11T21:49:03.1259127Z 
2024-03-11T21:49:03.1259266Z SQL Injection: 1
2024-03-11T21:49:03.1259454Z 
2024-03-11T21:49:03.1259676Z == Warnings ==
2024-03-11T21:49:03.1259861Z 
2024-03-11T21:49:03.1260026Z Confidence: Medium
2024-03-11T21:49:03.1260352Z Category: SQL Injection
2024-03-11T21:49:03.1264203Z Check: SQL
2024-03-11T21:49:03.1264738Z Message: Possible SQL injection
2024-03-11T21:49:03.1287294Z Code: ActiveRecord::Base.connection.execute("        SELECT SUM(\"line_items\".\"quantity\" * \"kit_line_items\".\"quantity\")\n        FROM \"distributions\" \n        INNER JOIN \"line_items\" ON \"line_items\".\"itemizable_type\" = 'Distribution' AND \"line_items\".\"itemizable_id\" = \"distributions\".\"id\" \n        INNER JOIN \"items\" ON \"items\".\"id\" = \"line_items\".\"item_id\" \n        INNER JOIN \"kits\" ON \"kits\".\"id\" = \"items\".\"kit_id\" \n        INNER JOIN \"line_items\" \"kit_line_items\" ON \"kit_line_items\".\"itemizable_type\" = 'Kit' AND \"kit_line_items\".\"itemizable_id\" = \"kits\".\"id\"\n        INNER JOIN \"items\" \"kit_items\" ON \"kit_items\".\"id\" = \"kit_line_items\".\"item_id\"\n        INNER JOIN \"base_items\" ON \"base_items\".\"partner_key\" = \"kit_items\".\"partner_key\" \n        WHERE \"distributions\".\"organization_id\" = #{organization.id}\n          AND extract(year from issued_at) = #{year}\n          AND lower(base_items.category) LIKE '%diaper%'\n          AND NOT (lower(base_items.category) LIKE '%cloth%' OR lower(base_items.name) LIKE '%cloth%')\n", [organization.id, year])
2024-03-11T21:49:03.1295532Z File: app/services/reports/children_served_report_service.rb
2024-03-11T21:49:03.1296341Z Line: 51
2024-03-11T21:49:03.1296726Z 
2024-03-11T21:49:03.1417030Z ##[error]Process completed with exit code 3.
2024-03-11T21:49:03.1510388Z Post job cleanup.
2024-03-11T21:49:03.2528570Z [command]/usr/bin/git version
2024-03-11T21:49:03.2578958Z git version 2.43.2
2024-03-11T21:49:03.2620763Z Temporarily overriding HOME='/home/runner/work/_temp/cc180932-3a93-4c1c-ab57-3d26aa6c3e28' before making global git config changes
2024-03-11T21:49:03.2622373Z Adding repository directory to the temporary git global config as a safe directory
2024-03-11T21:49:03.2626444Z [command]/usr/bin/git config --global --add safe.directory /home/runner/work/human-essentials/human-essentials
2024-03-11T21:49:03.2668348Z [command]/usr/bin/git config --local --name-only --get-regexp core\.sshCommand
2024-03-11T21:49:03.2707807Z [command]/usr/bin/git submodule foreach --recursive sh -c "git config --local --name-only --get-regexp 'core\.sshCommand' && git config --local --unset-all 'core.sshCommand' || :"
2024-03-11T21:49:03.2955724Z [command]/usr/bin/git config --local --name-only --get-regexp http\.https\:\/\/github\.com\/\.extraheader
2024-03-11T21:49:03.2989410Z http.https://github.com/.extraheader
2024-03-11T21:49:03.2998868Z [command]/usr/bin/git config --local --unset-all http.https://github.com/.extraheader
2024-03-11T21:49:03.3037766Z [command]/usr/bin/git submodule foreach --recursive sh -c "git config --local --name-only --get-regexp 'http\.https\:\/\/github\.com\/\.extraheader' && git config --local --unset-all 'http.https://github.com/.extraheader' || :"
2024-03-11T21:49:03.3550698Z Cleaning up orphan processes
