2024-03-10T16:27:54.0783490Z Requested labels: ubuntu-latest
2024-03-10T16:27:54.0783898Z Job defined at: rubyforgood/human-essentials/.github/workflows/rspec-system.yml@refs/heads/main
2024-03-10T16:27:54.0784105Z Waiting for a runner to pick up this job...
2024-03-10T16:28:18.6934866Z Job is waiting for a hosted runner to come online.
2024-03-10T16:28:22.5864710Z Job is about to start running on the hosted runner: GitHub Actions 18 (hosted)
2024-03-10T16:28:24.5204446Z Current runner version: '2.314.1'
2024-03-10T16:28:24.5226421Z ##[group]Operating System
2024-03-10T16:28:24.5227038Z Ubuntu
2024-03-10T16:28:24.5227528Z 22.04.4
2024-03-10T16:28:24.5227867Z LTS
2024-03-10T16:28:24.5228167Z ##[endgroup]
2024-03-10T16:28:24.5229006Z ##[group]Runner Image
2024-03-10T16:28:24.5229508Z Image: ubuntu-22.04
2024-03-10T16:28:24.5230013Z Version: 20240304.1.0
2024-03-10T16:28:24.5230998Z Included Software: https://github.com/actions/runner-images/blob/ubuntu22/20240304.1/images/ubuntu/Ubuntu2204-Readme.md
2024-03-10T16:28:24.5232455Z Image Release: https://github.com/actions/runner-images/releases/tag/ubuntu22%2F20240304.1
2024-03-10T16:28:24.5233385Z ##[endgroup]
2024-03-10T16:28:24.5233806Z ##[group]Runner Image Provisioner
2024-03-10T16:28:24.5234274Z 2.0.359.1
2024-03-10T16:28:24.5234719Z ##[endgroup]
2024-03-10T16:28:24.5236870Z ##[group]GITHUB_TOKEN Permissions
2024-03-10T16:28:24.5238480Z Actions: write
2024-03-10T16:28:24.5239059Z Checks: write
2024-03-10T16:28:24.5239619Z Contents: write
2024-03-10T16:28:24.5240162Z Deployments: write
2024-03-10T16:28:24.5240579Z Discussions: write
2024-03-10T16:28:24.5241066Z Issues: write
2024-03-10T16:28:24.5241415Z Metadata: read
2024-03-10T16:28:24.5241851Z Packages: write
2024-03-10T16:28:24.5242315Z Pages: write
2024-03-10T16:28:24.5242669Z PullRequests: write
2024-03-10T16:28:24.5243116Z RepositoryProjects: write
2024-03-10T16:28:24.5243635Z SecurityEvents: write
2024-03-10T16:28:24.5244056Z Statuses: write
2024-03-10T16:28:24.5244426Z ##[endgroup]
2024-03-10T16:28:24.5247372Z Secret source: Actions
2024-03-10T16:28:24.5247964Z Prepare workflow directory
2024-03-10T16:28:24.6116070Z Prepare all required actions
2024-03-10T16:28:24.6271392Z Getting action download info
2024-03-10T16:28:24.7786290Z Download action repository 'actions/checkout@v2' (SHA:ee0669bd1cc54295c223e0bb666b733df41de1c5)
2024-03-10T16:28:24.9168465Z Download action repository 'ruby/setup-ruby@v1' (SHA:d4526a55538b775af234ba4af27118ed6f8f6677)
2024-03-10T16:28:25.1328909Z Download action repository 'actions/upload-artifact@v2' (SHA:82c141cc518b40d92cc801eee768e7aafc9c2fa2)
2024-03-10T16:28:25.2847443Z Complete job name: rspec-system (6, 1)
2024-03-10T16:28:25.3505427Z ##[group]Checking docker version
2024-03-10T16:28:25.3520504Z ##[command]/usr/bin/docker version --format '{{.Server.APIVersion}}'
2024-03-10T16:28:25.4201607Z '1.43'
2024-03-10T16:28:25.4213235Z Docker daemon API version: '1.43'
2024-03-10T16:28:25.4214034Z ##[command]/usr/bin/docker version --format '{{.Client.APIVersion}}'
2024-03-10T16:28:25.4383730Z '1.43'
2024-03-10T16:28:25.4395254Z Docker client API version: '1.43'
2024-03-10T16:28:25.4400405Z ##[endgroup]
2024-03-10T16:28:25.4403740Z ##[group]Clean up resources from previous jobs
2024-03-10T16:28:25.4409058Z ##[command]/usr/bin/docker ps --all --quiet --no-trunc --filter "label=b5e1f6"
2024-03-10T16:28:25.4555316Z ##[command]/usr/bin/docker network prune --force --filter "label=b5e1f6"
2024-03-10T16:28:25.4698554Z ##[endgroup]
2024-03-10T16:28:25.4699238Z ##[group]Create local container network
2024-03-10T16:28:25.4709879Z ##[command]/usr/bin/docker network create --label b5e1f6 github_network_c8c435c6e85d4716b232209d3648281c
2024-03-10T16:28:25.5380978Z 8a89633261f5c2a35202b591680547bb25af4a17e9c2196a59bb8ed06519a13f
2024-03-10T16:28:25.5397432Z ##[endgroup]
2024-03-10T16:28:25.5474557Z ##[group]Starting db service container
2024-03-10T16:28:25.5523967Z ##[command]/usr/bin/docker pull postgres:12.3
2024-03-10T16:28:25.8609946Z 12.3: Pulling from library/postgres
2024-03-10T16:28:25.9292767Z bf5952930446: Pulling fs layer
2024-03-10T16:28:25.9293821Z 9577476abb00: Pulling fs layer
2024-03-10T16:28:25.9294593Z 2bd105512d5c: Pulling fs layer
2024-03-10T16:28:25.9295122Z b1cd21c26e81: Pulling fs layer
2024-03-10T16:28:25.9295681Z 34a7c86cf8fc: Pulling fs layer
2024-03-10T16:28:25.9296080Z 274e7b0c38d5: Pulling fs layer
2024-03-10T16:28:25.9296482Z 3e831b350d37: Pulling fs layer
2024-03-10T16:28:25.9296921Z 38fa0d496534: Pulling fs layer
2024-03-10T16:28:25.9297736Z 31a8349609a4: Pulling fs layer
2024-03-10T16:28:25.9298169Z 14e4c2a4b7b7: Pulling fs layer
2024-03-10T16:28:25.9298608Z 964acfa02beb: Pulling fs layer
2024-03-10T16:28:25.9299038Z 31b1f20dffc0: Pulling fs layer
2024-03-10T16:28:25.9299447Z 14771c2930e9: Pulling fs layer
2024-03-10T16:28:25.9299913Z 2f30edd0ce8a: Pulling fs layer
2024-03-10T16:28:25.9300289Z 31a8349609a4: Waiting
2024-03-10T16:28:25.9300664Z b1cd21c26e81: Waiting
2024-03-10T16:28:25.9301077Z 14e4c2a4b7b7: Waiting
2024-03-10T16:28:25.9301422Z 34a7c86cf8fc: Waiting
2024-03-10T16:28:25.9301743Z 274e7b0c38d5: Waiting
2024-03-10T16:28:25.9302127Z 3e831b350d37: Waiting
2024-03-10T16:28:25.9302474Z 38fa0d496534: Waiting
2024-03-10T16:28:25.9302772Z 964acfa02beb: Waiting
2024-03-10T16:28:25.9303166Z 2f30edd0ce8a: Waiting
2024-03-10T16:28:25.9303519Z 31b1f20dffc0: Waiting
2024-03-10T16:28:25.9303910Z 14771c2930e9: Waiting
2024-03-10T16:28:26.0077336Z 2bd105512d5c: Verifying Checksum
2024-03-10T16:28:26.0078389Z 2bd105512d5c: Download complete
2024-03-10T16:28:26.0693828Z 9577476abb00: Verifying Checksum
2024-03-10T16:28:26.0694849Z 9577476abb00: Download complete
2024-03-10T16:28:26.1217243Z b1cd21c26e81: Verifying Checksum
2024-03-10T16:28:26.1218773Z b1cd21c26e81: Download complete
2024-03-10T16:28:26.2137013Z 34a7c86cf8fc: Download complete
2024-03-10T16:28:26.2148965Z 274e7b0c38d5: Verifying Checksum
2024-03-10T16:28:26.2149748Z 274e7b0c38d5: Download complete
2024-03-10T16:28:26.2336110Z bf5952930446: Verifying Checksum
2024-03-10T16:28:26.2338301Z bf5952930446: Download complete
2024-03-10T16:28:26.2970197Z 38fa0d496534: Download complete
2024-03-10T16:28:26.2978511Z 3e831b350d37: Verifying Checksum
2024-03-10T16:28:26.2979428Z 3e831b350d37: Download complete
2024-03-10T16:28:26.3776168Z 14e4c2a4b7b7: Verifying Checksum
2024-03-10T16:28:26.3776982Z 14e4c2a4b7b7: Download complete
2024-03-10T16:28:26.4290972Z 964acfa02beb: Verifying Checksum
2024-03-10T16:28:26.4291743Z 964acfa02beb: Download complete
2024-03-10T16:28:26.4503928Z 31b1f20dffc0: Verifying Checksum
2024-03-10T16:28:26.4505004Z 31b1f20dffc0: Download complete
2024-03-10T16:28:26.5078537Z 14771c2930e9: Verifying Checksum
2024-03-10T16:28:26.5079834Z 14771c2930e9: Download complete
2024-03-10T16:28:26.5252848Z 2f30edd0ce8a: Verifying Checksum
2024-03-10T16:28:26.5253569Z 2f30edd0ce8a: Download complete
2024-03-10T16:28:26.8664690Z 31a8349609a4: Verifying Checksum
2024-03-10T16:28:26.8665680Z 31a8349609a4: Download complete
2024-03-10T16:28:27.4186805Z bf5952930446: Pull complete
2024-03-10T16:28:27.7177513Z 9577476abb00: Pull complete
2024-03-10T16:28:27.7347676Z 2bd105512d5c: Pull complete
2024-03-10T16:28:27.7826624Z b1cd21c26e81: Pull complete
2024-03-10T16:28:28.1182648Z 34a7c86cf8fc: Pull complete
2024-03-10T16:28:28.1596614Z 274e7b0c38d5: Pull complete
2024-03-10T16:28:28.1721637Z 3e831b350d37: Pull complete
2024-03-10T16:28:28.1843826Z 38fa0d496534: Pull complete
2024-03-10T16:28:30.4733046Z 31a8349609a4: Pull complete
2024-03-10T16:28:30.4921918Z 14e4c2a4b7b7: Pull complete
2024-03-10T16:28:30.5064369Z 964acfa02beb: Pull complete
2024-03-10T16:28:30.5219224Z 31b1f20dffc0: Pull complete
2024-03-10T16:28:30.5360797Z 14771c2930e9: Pull complete
2024-03-10T16:28:30.5523574Z 2f30edd0ce8a: Pull complete
2024-03-10T16:28:30.5576022Z Digest: sha256:a06e6e6e519b7a329c419f8221edec66cfc45511e8b80e262c12103ba745cf19
2024-03-10T16:28:30.5602800Z Status: Downloaded newer image for postgres:12.3
2024-03-10T16:28:30.5612804Z docker.io/library/postgres:12.3
2024-03-10T16:28:30.5713480Z ##[command]/usr/bin/docker create --name 9512fcd8a6584625984fdc829e078107_postgres123_5cc2ba --label b5e1f6 --network github_network_c8c435c6e85d4716b232209d3648281c --network-alias db -p 5432:5432 --health-cmd pg_isready --health-interval 10s --health-timeout 5s --health-retries 5 -e "POSTGRES_PASSWORD=password" -e GITHUB_ACTIONS=true -e CI=true postgres:12.3
2024-03-10T16:28:30.6040389Z b8367746f6cc1a826875241885e6f4033d5cfc57bd1c25271db49f2f5b3816c4
2024-03-10T16:28:30.6062937Z ##[command]/usr/bin/docker start b8367746f6cc1a826875241885e6f4033d5cfc57bd1c25271db49f2f5b3816c4
2024-03-10T16:28:30.8891132Z b8367746f6cc1a826875241885e6f4033d5cfc57bd1c25271db49f2f5b3816c4
2024-03-10T16:28:30.8909534Z ##[command]/usr/bin/docker ps --all --filter id=b8367746f6cc1a826875241885e6f4033d5cfc57bd1c25271db49f2f5b3816c4 --filter status=running --no-trunc --format "{{.ID}} {{.Status}}"
2024-03-10T16:28:30.9060820Z b8367746f6cc1a826875241885e6f4033d5cfc57bd1c25271db49f2f5b3816c4 Up Less than a second (health: starting)
2024-03-10T16:28:30.9083158Z ##[command]/usr/bin/docker port b8367746f6cc1a826875241885e6f4033d5cfc57bd1c25271db49f2f5b3816c4
2024-03-10T16:28:30.9217414Z 5432/tcp -> 0.0.0.0:5432
2024-03-10T16:28:30.9217992Z 5432/tcp -> [::]:5432
2024-03-10T16:28:30.9299422Z ##[endgroup]
2024-03-10T16:28:30.9325674Z ##[group]Waiting for all services to be ready
2024-03-10T16:28:30.9364668Z ##[command]/usr/bin/docker inspect --format="{{if .Config.Healthcheck}}{{print .State.Health.Status}}{{end}}" b8367746f6cc1a826875241885e6f4033d5cfc57bd1c25271db49f2f5b3816c4
2024-03-10T16:28:30.9495110Z starting
2024-03-10T16:28:30.9521922Z db service is starting, waiting 2 seconds before checking again.
2024-03-10T16:28:32.9535452Z ##[command]/usr/bin/docker inspect --format="{{if .Config.Healthcheck}}{{print .State.Health.Status}}{{end}}" b8367746f6cc1a826875241885e6f4033d5cfc57bd1c25271db49f2f5b3816c4
2024-03-10T16:28:32.9657700Z starting
2024-03-10T16:28:32.9670136Z db service is starting, waiting 3 seconds before checking again.
2024-03-10T16:28:36.7642093Z ##[command]/usr/bin/docker inspect --format="{{if .Config.Healthcheck}}{{print .State.Health.Status}}{{end}}" b8367746f6cc1a826875241885e6f4033d5cfc57bd1c25271db49f2f5b3816c4
2024-03-10T16:28:36.7761853Z starting
2024-03-10T16:28:36.7774015Z db service is starting, waiting 8 seconds before checking again.
2024-03-10T16:28:45.3604542Z ##[command]/usr/bin/docker inspect --format="{{if .Config.Healthcheck}}{{print .State.Health.Status}}{{end}}" b8367746f6cc1a826875241885e6f4033d5cfc57bd1c25271db49f2f5b3816c4
2024-03-10T16:28:45.3730123Z healthy
2024-03-10T16:28:45.3746633Z db service is healthy.
2024-03-10T16:28:45.3747285Z ##[endgroup]
2024-03-10T16:28:45.4110091Z ##[group]Run actions/checkout@v2
2024-03-10T16:28:45.4110520Z with:
2024-03-10T16:28:45.4110910Z   repository: rubyforgood/human-essentials
2024-03-10T16:28:45.4111620Z   token: ***
2024-03-10T16:28:45.4111972Z   ssh-strict: true
2024-03-10T16:28:45.4112319Z   persist-credentials: true
2024-03-10T16:28:45.4112773Z   clean: true
2024-03-10T16:28:45.4113093Z   fetch-depth: 1
2024-03-10T16:28:45.4113405Z   lfs: false
2024-03-10T16:28:45.4113782Z   submodules: false
2024-03-10T16:28:45.4114124Z   set-safe-directory: true
2024-03-10T16:28:45.4114502Z ##[endgroup]
2024-03-10T16:28:45.6528812Z Syncing repository: rubyforgood/human-essentials
2024-03-10T16:28:45.6530557Z ##[group]Getting Git version info
2024-03-10T16:28:45.6531328Z Working directory is '/home/runner/work/human-essentials/human-essentials'
2024-03-10T16:28:45.6532350Z [command]/usr/bin/git version
2024-03-10T16:28:45.6601891Z git version 2.43.2
2024-03-10T16:28:45.6624641Z ##[endgroup]
2024-03-10T16:28:45.6639737Z Temporarily overriding HOME='/home/runner/work/_temp/46e6e931-4235-45c9-9431-45a0bcedf9d7' before making global git config changes
2024-03-10T16:28:45.6641630Z Adding repository directory to the temporary git global config as a safe directory
2024-03-10T16:28:45.6644687Z [command]/usr/bin/git config --global --add safe.directory /home/runner/work/human-essentials/human-essentials
2024-03-10T16:28:45.6688452Z Deleting the contents of '/home/runner/work/human-essentials/human-essentials'
2024-03-10T16:28:45.6693085Z ##[group]Initializing the repository
2024-03-10T16:28:45.6696308Z [command]/usr/bin/git init /home/runner/work/human-essentials/human-essentials
2024-03-10T16:28:45.6842198Z hint: Using 'master' as the name for the initial branch. This default branch name
2024-03-10T16:28:45.6843664Z hint: is subject to change. To configure the initial branch name to use in all
2024-03-10T16:28:45.6845346Z hint: of your new repositories, which will suppress this warning, call:
2024-03-10T16:28:45.6845963Z hint: 
2024-03-10T16:28:45.6846580Z hint: 	git config --global init.defaultBranch <name>
2024-03-10T16:28:45.6847049Z hint: 
2024-03-10T16:28:45.6847602Z hint: Names commonly chosen instead of 'master' are 'main', 'trunk' and
2024-03-10T16:28:45.6848539Z hint: 'development'. The just-created branch can be renamed via this command:
2024-03-10T16:28:45.6849147Z hint: 
2024-03-10T16:28:45.6849456Z hint: 	git branch -m <name>
2024-03-10T16:28:45.6855882Z Initialized empty Git repository in /home/runner/work/human-essentials/human-essentials/.git/
2024-03-10T16:28:45.6864628Z [command]/usr/bin/git remote add origin https://github.com/rubyforgood/human-essentials
2024-03-10T16:28:45.6919745Z ##[endgroup]
2024-03-10T16:28:45.6920856Z ##[group]Disabling automatic garbage collection
2024-03-10T16:28:45.6924397Z [command]/usr/bin/git config --local gc.auto 0
2024-03-10T16:28:45.6961205Z ##[endgroup]
2024-03-10T16:28:45.6962283Z ##[group]Setting up auth
2024-03-10T16:28:45.6968629Z [command]/usr/bin/git config --local --name-only --get-regexp core\.sshCommand
2024-03-10T16:28:45.7006895Z [command]/usr/bin/git submodule foreach --recursive sh -c "git config --local --name-only --get-regexp 'core\.sshCommand' && git config --local --unset-all 'core.sshCommand' || :"
2024-03-10T16:28:45.7379433Z [command]/usr/bin/git config --local --name-only --get-regexp http\.https\:\/\/github\.com\/\.extraheader
2024-03-10T16:28:45.7417923Z [command]/usr/bin/git submodule foreach --recursive sh -c "git config --local --name-only --get-regexp 'http\.https\:\/\/github\.com\/\.extraheader' && git config --local --unset-all 'http.https://github.com/.extraheader' || :"
2024-03-10T16:28:45.7663880Z [command]/usr/bin/git config --local http.https://github.com/.extraheader AUTHORIZATION: basic ***
2024-03-10T16:28:45.7709327Z ##[endgroup]
2024-03-10T16:28:45.7710361Z ##[group]Fetching the repository
2024-03-10T16:28:45.7719042Z [command]/usr/bin/git -c protocol.version=2 fetch --no-tags --prune --progress --no-recurse-submodules --depth=1 origin +bdf6f751c8a5436feb22d6e1fb2ec08a5656e406:refs/remotes/origin/main
2024-03-10T16:28:45.9726058Z remote: Enumerating objects: 1752, done.        
2024-03-10T16:28:45.9727578Z remote: Counting objects:   0% (1/1752)        
2024-03-10T16:28:45.9728798Z remote: Counting objects:   1% (18/1752)        
2024-03-10T16:28:45.9730194Z remote: Counting objects:   2% (36/1752)        
2024-03-10T16:28:45.9731557Z remote: Counting objects:   3% (53/1752)        
2024-03-10T16:28:45.9732699Z remote: Counting objects:   4% (71/1752)        
2024-03-10T16:28:45.9733337Z remote: Counting objects:   5% (88/1752)        
2024-03-10T16:28:45.9734476Z remote: Counting objects:   6% (106/1752)        
2024-03-10T16:28:45.9735481Z remote: Counting objects:   7% (123/1752)        
2024-03-10T16:28:45.9736602Z remote: Counting objects:   8% (141/1752)        
2024-03-10T16:28:45.9737106Z remote: Counting objects:   9% (158/1752)        
2024-03-10T16:28:45.9737647Z remote: Counting objects:  10% (176/1752)        
2024-03-10T16:28:45.9738221Z remote: Counting objects:  11% (193/1752)        
2024-03-10T16:28:45.9738741Z remote: Counting objects:  12% (211/1752)        
2024-03-10T16:28:45.9739206Z remote: Counting objects:  13% (228/1752)        
2024-03-10T16:28:45.9739770Z remote: Counting objects:  14% (246/1752)        
2024-03-10T16:28:45.9740276Z remote: Counting objects:  15% (263/1752)        
2024-03-10T16:28:45.9740818Z remote: Counting objects:  16% (281/1752)        
2024-03-10T16:28:45.9741805Z remote: Counting objects:  17% (298/1752)        
2024-03-10T16:28:45.9742758Z remote: Counting objects:  18% (316/1752)        
2024-03-10T16:28:45.9743702Z remote: Counting objects:  19% (333/1752)        
2024-03-10T16:28:45.9744831Z remote: Counting objects:  20% (351/1752)        
2024-03-10T16:28:45.9745913Z remote: Counting objects:  21% (368/1752)        
2024-03-10T16:28:45.9746787Z remote: Counting objects:  22% (386/1752)        
2024-03-10T16:28:45.9755306Z remote: Counting objects:  23% (403/1752)        
2024-03-10T16:28:45.9756517Z remote: Counting objects:  24% (421/1752)        
2024-03-10T16:28:45.9757301Z remote: Counting objects:  25% (438/1752)        
2024-03-10T16:28:45.9757828Z remote: Counting objects:  26% (456/1752)        
2024-03-10T16:28:45.9758362Z remote: Counting objects:  27% (474/1752)        
2024-03-10T16:28:45.9758929Z remote: Counting objects:  28% (491/1752)        
2024-03-10T16:28:45.9759421Z remote: Counting objects:  29% (509/1752)        
2024-03-10T16:28:45.9759856Z remote: Counting objects:  30% (526/1752)        
2024-03-10T16:28:45.9760745Z remote: Counting objects:  31% (544/1752)        
2024-03-10T16:28:45.9761600Z remote: Counting objects:  32% (561/1752)        
2024-03-10T16:28:45.9762758Z remote: Counting objects:  33% (579/1752)        
2024-03-10T16:28:45.9763271Z remote: Counting objects:  34% (596/1752)        
2024-03-10T16:28:45.9763785Z remote: Counting objects:  35% (614/1752)        
2024-03-10T16:28:45.9764375Z remote: Counting objects:  36% (631/1752)        
2024-03-10T16:28:45.9764885Z remote: Counting objects:  37% (649/1752)        
2024-03-10T16:28:45.9765326Z remote: Counting objects:  38% (666/1752)        
2024-03-10T16:28:45.9765871Z remote: Counting objects:  39% (684/1752)        
2024-03-10T16:28:45.9766360Z remote: Counting objects:  40% (701/1752)        
2024-03-10T16:28:45.9766826Z remote: Counting objects:  41% (719/1752)        
2024-03-10T16:28:45.9767316Z remote: Counting objects:  42% (736/1752)        
2024-03-10T16:28:45.9767808Z remote: Counting objects:  43% (754/1752)        
2024-03-10T16:28:45.9768289Z remote: Counting objects:  44% (771/1752)        
2024-03-10T16:28:45.9768781Z remote: Counting objects:  45% (789/1752)        
2024-03-10T16:28:45.9769263Z remote: Counting objects:  46% (806/1752)        
2024-03-10T16:28:45.9770120Z remote: Counting objects:  47% (824/1752)        
2024-03-10T16:28:45.9770719Z remote: Counting objects:  48% (841/1752)        
2024-03-10T16:28:45.9771166Z remote: Counting objects:  49% (859/1752)        
2024-03-10T16:28:45.9771885Z remote: Counting objects:  50% (876/1752)        
2024-03-10T16:28:45.9772482Z remote: Counting objects:  51% (894/1752)        
2024-03-10T16:28:45.9772956Z remote: Counting objects:  52% (912/1752)        
2024-03-10T16:28:45.9773386Z remote: Counting objects:  53% (929/1752)        
2024-03-10T16:28:45.9774045Z remote: Counting objects:  54% (947/1752)        
2024-03-10T16:28:45.9774525Z remote: Counting objects:  55% (964/1752)        
2024-03-10T16:28:45.9775004Z remote: Counting objects:  56% (982/1752)        
2024-03-10T16:28:45.9775510Z remote: Counting objects:  57% (999/1752)        
2024-03-10T16:28:45.9776263Z remote: Counting objects:  58% (1017/1752)        
2024-03-10T16:28:45.9777227Z remote: Counting objects:  59% (1034/1752)        
2024-03-10T16:28:45.9778269Z remote: Counting objects:  60% (1052/1752)        
2024-03-10T16:28:45.9778744Z remote: Counting objects:  61% (1069/1752)        
2024-03-10T16:28:45.9779270Z remote: Counting objects:  62% (1087/1752)        
2024-03-10T16:28:45.9779842Z remote: Counting objects:  63% (1104/1752)        
2024-03-10T16:28:45.9780363Z remote: Counting objects:  64% (1122/1752)        
2024-03-10T16:28:45.9780916Z remote: Counting objects:  65% (1139/1752)        
2024-03-10T16:28:45.9781372Z remote: Counting objects:  66% (1157/1752)        
2024-03-10T16:28:45.9781881Z remote: Counting objects:  67% (1174/1752)        
2024-03-10T16:28:45.9782430Z remote: Counting objects:  68% (1192/1752)        
2024-03-10T16:28:45.9782929Z remote: Counting objects:  69% (1209/1752)        
2024-03-10T16:28:45.9783379Z remote: Counting objects:  70% (1227/1752)        
2024-03-10T16:28:45.9784076Z remote: Counting objects:  71% (1244/1752)        
2024-03-10T16:28:45.9785069Z remote: Counting objects:  72% (1262/1752)        
2024-03-10T16:28:45.9785723Z remote: Counting objects:  73% (1279/1752)        
2024-03-10T16:28:45.9786481Z remote: Counting objects:  74% (1297/1752)        
2024-03-10T16:28:45.9787073Z remote: Counting objects:  75% (1314/1752)        
2024-03-10T16:28:45.9787556Z remote: Counting objects:  76% (1332/1752)        
2024-03-10T16:28:45.9788117Z remote: Counting objects:  77% (1350/1752)        
2024-03-10T16:28:45.9788858Z remote: Counting objects:  78% (1367/1752)        
2024-03-10T16:28:45.9789382Z remote: Counting objects:  79% (1385/1752)        
2024-03-10T16:28:45.9789990Z remote: Counting objects:  80% (1402/1752)        
2024-03-10T16:28:45.9790635Z remote: Counting objects:  81% (1420/1752)        
2024-03-10T16:28:45.9791422Z remote: Counting objects:  82% (1437/1752)        
2024-03-10T16:28:45.9792510Z remote: Counting objects:  83% (1455/1752)        
2024-03-10T16:28:45.9793180Z remote: Counting objects:  84% (1472/1752)        
2024-03-10T16:28:45.9793699Z remote: Counting objects:  85% (1490/1752)        
2024-03-10T16:28:45.9794247Z remote: Counting objects:  86% (1507/1752)        
2024-03-10T16:28:45.9794741Z remote: Counting objects:  87% (1525/1752)        
2024-03-10T16:28:45.9795240Z remote: Counting objects:  88% (1542/1752)        
2024-03-10T16:28:45.9795793Z remote: Counting objects:  89% (1560/1752)        
2024-03-10T16:28:45.9796242Z remote: Counting objects:  90% (1577/1752)        
2024-03-10T16:28:45.9796736Z remote: Counting objects:  91% (1595/1752)        
2024-03-10T16:28:45.9797278Z remote: Counting objects:  92% (1612/1752)        
2024-03-10T16:28:45.9797763Z remote: Counting objects:  93% (1630/1752)        
2024-03-10T16:28:45.9798224Z remote: Counting objects:  94% (1647/1752)        
2024-03-10T16:28:45.9798762Z remote: Counting objects:  95% (1665/1752)        
2024-03-10T16:28:45.9799256Z remote: Counting objects:  96% (1682/1752)        
2024-03-10T16:28:45.9799792Z remote: Counting objects:  97% (1700/1752)        
2024-03-10T16:28:45.9800239Z remote: Counting objects:  98% (1717/1752)        
2024-03-10T16:28:45.9800733Z remote: Counting objects:  99% (1735/1752)        
2024-03-10T16:28:45.9801281Z remote: Counting objects: 100% (1752/1752)        
2024-03-10T16:28:45.9802008Z remote: Counting objects: 100% (1752/1752), done.        
2024-03-10T16:28:45.9802537Z remote: Compressing objects:   0% (1/1572)        
2024-03-10T16:28:45.9803129Z remote: Compressing objects:   1% (16/1572)        
2024-03-10T16:28:45.9803664Z remote: Compressing objects:   2% (32/1572)        
2024-03-10T16:28:45.9804329Z remote: Compressing objects:   3% (48/1572)        
2024-03-10T16:28:45.9805302Z remote: Compressing objects:   4% (63/1572)        
2024-03-10T16:28:45.9805971Z remote: Compressing objects:   5% (79/1572)        
2024-03-10T16:28:45.9806480Z remote: Compressing objects:   6% (95/1572)        
2024-03-10T16:28:45.9807079Z remote: Compressing objects:   7% (111/1572)        
2024-03-10T16:28:45.9807590Z remote: Compressing objects:   8% (126/1572)        
2024-03-10T16:28:45.9895238Z remote: Compressing objects:   9% (142/1572)        
2024-03-10T16:28:45.9896571Z remote: Compressing objects:  10% (158/1572)        
2024-03-10T16:28:45.9897318Z remote: Compressing objects:  11% (173/1572)        
2024-03-10T16:28:45.9902684Z remote: Compressing objects:  12% (189/1572)        
2024-03-10T16:28:45.9940121Z remote: Compressing objects:  13% (205/1572)        
2024-03-10T16:28:45.9941351Z remote: Compressing objects:  14% (221/1572)        
2024-03-10T16:28:45.9945750Z remote: Compressing objects:  15% (236/1572)        
2024-03-10T16:28:45.9947758Z remote: Compressing objects:  16% (252/1572)        
2024-03-10T16:28:45.9956331Z remote: Compressing objects:  17% (268/1572)        
2024-03-10T16:28:45.9959898Z remote: Compressing objects:  18% (283/1572)        
2024-03-10T16:28:45.9989841Z remote: Compressing objects:  19% (299/1572)        
2024-03-10T16:28:46.0006109Z remote: Compressing objects:  20% (315/1572)        
2024-03-10T16:28:46.0044527Z remote: Compressing objects:  21% (331/1572)        
2024-03-10T16:28:46.0059645Z remote: Compressing objects:  22% (346/1572)        
2024-03-10T16:28:46.0068019Z remote: Compressing objects:  23% (362/1572)        
2024-03-10T16:28:46.0079801Z remote: Compressing objects:  24% (378/1572)        
2024-03-10T16:28:46.0086139Z remote: Compressing objects:  25% (393/1572)        
2024-03-10T16:28:46.0096230Z remote: Compressing objects:  26% (409/1572)        
2024-03-10T16:28:46.0110497Z remote: Compressing objects:  27% (425/1572)        
2024-03-10T16:28:46.0117141Z remote: Compressing objects:  28% (441/1572)        
2024-03-10T16:28:46.0128685Z remote: Compressing objects:  29% (456/1572)        
2024-03-10T16:28:46.0137921Z remote: Compressing objects:  30% (472/1572)        
2024-03-10T16:28:46.0163020Z remote: Compressing objects:  31% (488/1572)        
2024-03-10T16:28:46.0166270Z remote: Compressing objects:  32% (504/1572)        
2024-03-10T16:28:46.0175508Z remote: Compressing objects:  33% (519/1572)        
2024-03-10T16:28:46.0182679Z remote: Compressing objects:  34% (535/1572)        
2024-03-10T16:28:46.0189417Z remote: Compressing objects:  35% (551/1572)        
2024-03-10T16:28:46.0193446Z remote: Compressing objects:  36% (566/1572)        
2024-03-10T16:28:46.0202052Z remote: Compressing objects:  37% (582/1572)        
2024-03-10T16:28:46.0207004Z remote: Compressing objects:  38% (598/1572)        
2024-03-10T16:28:46.0207860Z remote: Compressing objects:  39% (614/1572)        
2024-03-10T16:28:46.0210308Z remote: Compressing objects:  40% (629/1572)        
2024-03-10T16:28:46.0214233Z remote: Compressing objects:  41% (645/1572)        
2024-03-10T16:28:46.0215247Z remote: Compressing objects:  42% (661/1572)        
2024-03-10T16:28:46.0220246Z remote: Compressing objects:  43% (676/1572)        
2024-03-10T16:28:46.0222031Z remote: Compressing objects:  44% (692/1572)        
2024-03-10T16:28:46.0229937Z remote: Compressing objects:  45% (708/1572)        
2024-03-10T16:28:46.0241530Z remote: Compressing objects:  46% (724/1572)        
2024-03-10T16:28:46.0242507Z remote: Compressing objects:  47% (739/1572)        
2024-03-10T16:28:46.0243085Z remote: Compressing objects:  48% (755/1572)        
2024-03-10T16:28:46.0243833Z remote: Compressing objects:  49% (771/1572)        
2024-03-10T16:28:46.0247805Z remote: Compressing objects:  50% (786/1572)        
2024-03-10T16:28:46.0255786Z remote: Compressing objects:  51% (802/1572)        
2024-03-10T16:28:46.0257062Z remote: Compressing objects:  52% (818/1572)        
2024-03-10T16:28:46.0258535Z remote: Compressing objects:  53% (834/1572)        
2024-03-10T16:28:46.0261175Z remote: Compressing objects:  54% (849/1572)        
2024-03-10T16:28:46.0268758Z remote: Compressing objects:  55% (865/1572)        
2024-03-10T16:28:46.0310882Z remote: Compressing objects:  56% (881/1572)        
2024-03-10T16:28:46.0336213Z remote: Compressing objects:  57% (897/1572)        
2024-03-10T16:28:46.0350531Z remote: Compressing objects:  58% (912/1572)        
2024-03-10T16:28:46.0360784Z remote: Compressing objects:  59% (928/1572)        
2024-03-10T16:28:46.0361358Z remote: Compressing objects:  60% (944/1572)        
2024-03-10T16:28:46.0370892Z remote: Compressing objects:  61% (959/1572)        
2024-03-10T16:28:46.0371496Z remote: Compressing objects:  62% (975/1572)        
2024-03-10T16:28:46.0378224Z remote: Compressing objects:  63% (991/1572)        
2024-03-10T16:28:46.0380354Z remote: Compressing objects:  64% (1007/1572)        
2024-03-10T16:28:46.0383127Z remote: Compressing objects:  65% (1022/1572)        
2024-03-10T16:28:46.0391154Z remote: Compressing objects:  66% (1038/1572)        
2024-03-10T16:28:46.0405752Z remote: Compressing objects:  67% (1054/1572)        
2024-03-10T16:28:46.0406449Z remote: Compressing objects:  68% (1069/1572)        
2024-03-10T16:28:46.0409446Z remote: Compressing objects:  69% (1085/1572)        
2024-03-10T16:28:46.0413709Z remote: Compressing objects:  70% (1101/1572)        
2024-03-10T16:28:46.0427714Z remote: Compressing objects:  71% (1117/1572)        
2024-03-10T16:28:46.0436698Z remote: Compressing objects:  72% (1132/1572)        
2024-03-10T16:28:46.0449309Z remote: Compressing objects:  73% (1148/1572)        
2024-03-10T16:28:46.0457021Z remote: Compressing objects:  74% (1164/1572)        
2024-03-10T16:28:46.0473531Z remote: Compressing objects:  75% (1179/1572)        
2024-03-10T16:28:46.0541066Z remote: Compressing objects:  76% (1195/1572)        
2024-03-10T16:28:46.0558836Z remote: Compressing objects:  77% (1211/1572)        
2024-03-10T16:28:46.0570576Z remote: Compressing objects:  78% (1227/1572)        
2024-03-10T16:28:46.0599182Z remote: Compressing objects:  79% (1242/1572)        
2024-03-10T16:28:46.0623496Z remote: Compressing objects:  80% (1258/1572)        
2024-03-10T16:28:46.0662308Z remote: Compressing objects:  81% (1274/1572)        
2024-03-10T16:28:46.0694254Z remote: Compressing objects:  82% (1290/1572)        
2024-03-10T16:28:46.0742076Z remote: Compressing objects:  83% (1305/1572)        
2024-03-10T16:28:46.0751351Z remote: Compressing objects:  84% (1321/1572)        
2024-03-10T16:28:46.0790810Z remote: Compressing objects:  85% (1337/1572)        
2024-03-10T16:28:46.0834603Z remote: Compressing objects:  86% (1352/1572)        
2024-03-10T16:28:46.0859306Z remote: Compressing objects:  87% (1368/1572)        
2024-03-10T16:28:46.0865344Z remote: Compressing objects:  88% (1384/1572)        
2024-03-10T16:28:46.0866261Z remote: Compressing objects:  89% (1400/1572)        
2024-03-10T16:28:46.0867426Z remote: Compressing objects:  90% (1415/1572)        
2024-03-10T16:28:46.0870098Z remote: Compressing objects:  91% (1431/1572)        
2024-03-10T16:28:46.0871110Z remote: Compressing objects:  92% (1447/1572)        
2024-03-10T16:28:46.0871898Z remote: Compressing objects:  93% (1462/1572)        
2024-03-10T16:28:46.0873984Z remote: Compressing objects:  94% (1478/1572)        
2024-03-10T16:28:46.0875740Z remote: Compressing objects:  95% (1494/1572)        
2024-03-10T16:28:46.0876543Z remote: Compressing objects:  96% (1510/1572)        
2024-03-10T16:28:46.0879447Z remote: Compressing objects:  97% (1525/1572)        
2024-03-10T16:28:46.0880927Z remote: Compressing objects:  98% (1541/1572)        
2024-03-10T16:28:46.0884045Z remote: Compressing objects:  99% (1557/1572)        
2024-03-10T16:28:46.0884832Z remote: Compressing objects: 100% (1572/1572)        
2024-03-10T16:28:46.0885532Z remote: Compressing objects: 100% (1572/1572), done.        
2024-03-10T16:28:46.0951434Z Receiving objects:   0% (1/1752)
2024-03-10T16:28:46.0954687Z Receiving objects:   1% (18/1752)
2024-03-10T16:28:46.0998311Z Receiving objects:   2% (36/1752)
2024-03-10T16:28:46.1576202Z Receiving objects:   3% (53/1752)
2024-03-10T16:28:46.2582832Z Receiving objects:   4% (71/1752)
2024-03-10T16:28:46.2586745Z Receiving objects:   5% (88/1752)
2024-03-10T16:28:46.2590593Z Receiving objects:   6% (106/1752)
2024-03-10T16:28:46.2595718Z Receiving objects:   7% (123/1752)
2024-03-10T16:28:46.2600933Z Receiving objects:   8% (141/1752)
2024-03-10T16:28:46.2605013Z Receiving objects:   9% (158/1752)
2024-03-10T16:28:46.2608401Z Receiving objects:  10% (176/1752)
2024-03-10T16:28:46.2611393Z Receiving objects:  11% (193/1752)
2024-03-10T16:28:46.2621905Z Receiving objects:  12% (211/1752)
2024-03-10T16:28:46.2640624Z Receiving objects:  13% (228/1752)
2024-03-10T16:28:46.2645148Z Receiving objects:  14% (246/1752)
2024-03-10T16:28:46.2648995Z Receiving objects:  15% (263/1752)
2024-03-10T16:28:46.2652777Z Receiving objects:  16% (281/1752)
2024-03-10T16:28:46.2658753Z Receiving objects:  17% (298/1752)
2024-03-10T16:28:46.2663113Z Receiving objects:  18% (316/1752)
2024-03-10T16:28:46.2668043Z Receiving objects:  19% (333/1752)
2024-03-10T16:28:46.2672110Z Receiving objects:  20% (351/1752)
2024-03-10T16:28:46.2676217Z Receiving objects:  21% (368/1752)
2024-03-10T16:28:46.2679689Z Receiving objects:  22% (386/1752)
2024-03-10T16:28:46.2691407Z Receiving objects:  23% (403/1752)
2024-03-10T16:28:46.2695054Z Receiving objects:  24% (421/1752)
2024-03-10T16:28:46.2700960Z Receiving objects:  25% (438/1752)
2024-03-10T16:28:46.2703485Z Receiving objects:  26% (456/1752)
2024-03-10T16:28:46.2706517Z Receiving objects:  27% (474/1752)
2024-03-10T16:28:46.2709673Z Receiving objects:  28% (491/1752)
2024-03-10T16:28:46.2711451Z Receiving objects:  29% (509/1752)
2024-03-10T16:28:46.2714969Z Receiving objects:  30% (526/1752)
2024-03-10T16:28:46.2718438Z Receiving objects:  31% (544/1752)
2024-03-10T16:28:46.2720580Z Receiving objects:  32% (561/1752)
2024-03-10T16:28:46.2723155Z Receiving objects:  33% (579/1752)
2024-03-10T16:28:46.2724736Z Receiving objects:  34% (596/1752)
2024-03-10T16:28:46.2726306Z Receiving objects:  35% (614/1752)
2024-03-10T16:28:46.2730665Z Receiving objects:  36% (631/1752)
2024-03-10T16:28:46.2733913Z Receiving objects:  37% (649/1752)
2024-03-10T16:28:46.2734924Z Receiving objects:  38% (666/1752)
2024-03-10T16:28:46.2738925Z Receiving objects:  39% (684/1752)
2024-03-10T16:28:46.2745354Z Receiving objects:  40% (701/1752)
2024-03-10T16:28:46.2749640Z Receiving objects:  41% (719/1752)
2024-03-10T16:28:46.2753382Z Receiving objects:  42% (736/1752)
2024-03-10T16:28:46.2759603Z Receiving objects:  43% (754/1752)
2024-03-10T16:28:46.2762721Z Receiving objects:  44% (771/1752)
2024-03-10T16:28:46.2763784Z Receiving objects:  45% (789/1752)
2024-03-10T16:28:46.2766220Z Receiving objects:  46% (806/1752)
2024-03-10T16:28:46.2769282Z Receiving objects:  47% (824/1752)
2024-03-10T16:28:46.2772338Z Receiving objects:  48% (841/1752)
2024-03-10T16:28:46.2774344Z Receiving objects:  49% (859/1752)
2024-03-10T16:28:46.2777104Z Receiving objects:  50% (876/1752)
2024-03-10T16:28:46.2777926Z Receiving objects:  51% (894/1752)
2024-03-10T16:28:46.2781626Z Receiving objects:  52% (912/1752)
2024-03-10T16:28:46.2786727Z Receiving objects:  53% (929/1752)
2024-03-10T16:28:46.2791492Z Receiving objects:  54% (947/1752)
2024-03-10T16:28:46.2805511Z Receiving objects:  55% (964/1752)
2024-03-10T16:28:46.2809965Z Receiving objects:  56% (982/1752)
2024-03-10T16:28:46.2811852Z Receiving objects:  57% (999/1752)
2024-03-10T16:28:46.2814619Z Receiving objects:  58% (1017/1752)
2024-03-10T16:28:46.2816849Z Receiving objects:  59% (1034/1752)
2024-03-10T16:28:46.2818875Z Receiving objects:  60% (1052/1752)
2024-03-10T16:28:46.2820300Z Receiving objects:  61% (1069/1752)
2024-03-10T16:28:46.2822089Z Receiving objects:  62% (1087/1752)
2024-03-10T16:28:46.2823219Z Receiving objects:  63% (1104/1752)
2024-03-10T16:28:46.2824920Z Receiving objects:  64% (1122/1752)
2024-03-10T16:28:46.2827118Z Receiving objects:  65% (1139/1752)
2024-03-10T16:28:46.2829296Z Receiving objects:  66% (1157/1752)
2024-03-10T16:28:46.2830843Z Receiving objects:  67% (1174/1752)
2024-03-10T16:28:46.2832619Z Receiving objects:  68% (1192/1752)
2024-03-10T16:28:46.2834562Z Receiving objects:  69% (1209/1752)
2024-03-10T16:28:46.2836076Z Receiving objects:  70% (1227/1752)
2024-03-10T16:28:46.2843037Z Receiving objects:  71% (1244/1752)
2024-03-10T16:28:46.2855156Z Receiving objects:  72% (1262/1752)
2024-03-10T16:28:46.2858399Z Receiving objects:  73% (1279/1752)
2024-03-10T16:28:46.2860295Z Receiving objects:  74% (1297/1752)
2024-03-10T16:28:46.3101263Z Receiving objects:  75% (1314/1752)
2024-03-10T16:28:46.3299855Z Receiving objects:  76% (1332/1752)
2024-03-10T16:28:46.3428010Z Receiving objects:  77% (1350/1752)
2024-03-10T16:28:46.3677117Z Receiving objects:  78% (1367/1752)
2024-03-10T16:28:46.3859830Z Receiving objects:  79% (1385/1752)
2024-03-10T16:28:46.4051296Z Receiving objects:  80% (1402/1752)
2024-03-10T16:28:46.4055790Z Receiving objects:  81% (1420/1752)
2024-03-10T16:28:46.4058678Z Receiving objects:  82% (1437/1752)
2024-03-10T16:28:46.4061888Z Receiving objects:  83% (1455/1752)
2024-03-10T16:28:46.4066331Z Receiving objects:  84% (1472/1752)
2024-03-10T16:28:46.4071060Z Receiving objects:  85% (1490/1752)
2024-03-10T16:28:46.4078004Z Receiving objects:  86% (1507/1752)
2024-03-10T16:28:46.4085138Z Receiving objects:  87% (1525/1752)
2024-03-10T16:28:46.4089660Z Receiving objects:  88% (1542/1752)
2024-03-10T16:28:46.4094777Z Receiving objects:  89% (1560/1752)
2024-03-10T16:28:46.4100896Z Receiving objects:  90% (1577/1752)
2024-03-10T16:28:46.4106999Z Receiving objects:  91% (1595/1752)
2024-03-10T16:28:46.4112529Z Receiving objects:  92% (1612/1752)
2024-03-10T16:28:46.4116988Z Receiving objects:  93% (1630/1752)
2024-03-10T16:28:46.4121116Z Receiving objects:  94% (1647/1752)
2024-03-10T16:28:46.4124796Z Receiving objects:  95% (1665/1752)
2024-03-10T16:28:46.4127535Z Receiving objects:  96% (1682/1752)
2024-03-10T16:28:46.4136003Z Receiving objects:  97% (1700/1752)
2024-03-10T16:28:46.4143749Z Receiving objects:  98% (1717/1752)
2024-03-10T16:28:46.4158843Z Receiving objects:  99% (1735/1752)
2024-03-10T16:28:46.4160338Z remote: Total 1752 (delta 280), reused 992 (delta 141), pack-reused 0        
2024-03-10T16:28:46.4168185Z Receiving objects: 100% (1752/1752)
2024-03-10T16:28:46.4169328Z Receiving objects: 100% (1752/1752), 6.60 MiB | 20.48 MiB/s, done.
2024-03-10T16:28:46.4180522Z Resolving deltas:   0% (0/280)
2024-03-10T16:28:46.4181159Z Resolving deltas:   1% (3/280)
2024-03-10T16:28:46.4181880Z Resolving deltas:   2% (6/280)
2024-03-10T16:28:46.4182713Z Resolving deltas:   3% (9/280)
2024-03-10T16:28:46.4183436Z Resolving deltas:   4% (12/280)
2024-03-10T16:28:46.4184116Z Resolving deltas:   5% (15/280)
2024-03-10T16:28:46.4184844Z Resolving deltas:   6% (17/280)
2024-03-10T16:28:46.4185488Z Resolving deltas:   7% (20/280)
2024-03-10T16:28:46.4186070Z Resolving deltas:   8% (23/280)
2024-03-10T16:28:46.4186812Z Resolving deltas:   9% (26/280)
2024-03-10T16:28:46.4189321Z Resolving deltas:  10% (28/280)
2024-03-10T16:28:46.4189985Z Resolving deltas:  11% (31/280)
2024-03-10T16:28:46.4190687Z Resolving deltas:  12% (34/280)
2024-03-10T16:28:46.4191343Z Resolving deltas:  13% (37/280)
2024-03-10T16:28:46.4198056Z Resolving deltas:  14% (40/280)
2024-03-10T16:28:46.4199042Z Resolving deltas:  15% (42/280)
2024-03-10T16:28:46.4202855Z Resolving deltas:  16% (45/280)
2024-03-10T16:28:46.4203843Z Resolving deltas:  17% (48/280)
2024-03-10T16:28:46.4204657Z Resolving deltas:  18% (51/280)
2024-03-10T16:28:46.4205316Z Resolving deltas:  19% (54/280)
2024-03-10T16:28:46.4209242Z Resolving deltas:  20% (56/280)
2024-03-10T16:28:46.4210245Z Resolving deltas:  21% (59/280)
2024-03-10T16:28:46.4211073Z Resolving deltas:  22% (62/280)
2024-03-10T16:28:46.4211888Z Resolving deltas:  23% (65/280)
2024-03-10T16:28:46.4212957Z Resolving deltas:  24% (68/280)
2024-03-10T16:28:46.4215741Z Resolving deltas:  25% (70/280)
2024-03-10T16:28:46.4216566Z Resolving deltas:  26% (73/280)
2024-03-10T16:28:46.4217171Z Resolving deltas:  27% (76/280)
2024-03-10T16:28:46.4217839Z Resolving deltas:  28% (79/280)
2024-03-10T16:28:46.4218558Z Resolving deltas:  29% (82/280)
2024-03-10T16:28:46.4219189Z Resolving deltas:  30% (84/280)
2024-03-10T16:28:46.4219793Z Resolving deltas:  31% (87/280)
2024-03-10T16:28:46.4220508Z Resolving deltas:  32% (90/280)
2024-03-10T16:28:46.4221337Z Resolving deltas:  33% (93/280)
2024-03-10T16:28:46.4222202Z Resolving deltas:  34% (96/280)
2024-03-10T16:28:46.4223339Z Resolving deltas:  35% (98/280)
2024-03-10T16:28:46.4224322Z Resolving deltas:  36% (101/280)
2024-03-10T16:28:46.4225458Z Resolving deltas:  37% (104/280)
2024-03-10T16:28:46.4226897Z Resolving deltas:  38% (107/280)
2024-03-10T16:28:46.4228930Z Resolving deltas:  39% (110/280)
2024-03-10T16:28:46.4231058Z Resolving deltas:  40% (112/280)
2024-03-10T16:28:46.4232421Z Resolving deltas:  41% (115/280)
2024-03-10T16:28:46.4234245Z Resolving deltas:  42% (118/280)
2024-03-10T16:28:46.4236305Z Resolving deltas:  43% (121/280)
2024-03-10T16:28:46.4237584Z Resolving deltas:  44% (124/280)
2024-03-10T16:28:46.4238280Z Resolving deltas:  45% (126/280)
2024-03-10T16:28:46.4238931Z Resolving deltas:  46% (129/280)
2024-03-10T16:28:46.4241517Z Resolving deltas:  47% (132/280)
2024-03-10T16:28:46.4242163Z Resolving deltas:  48% (135/280)
2024-03-10T16:28:46.4242733Z Resolving deltas:  49% (138/280)
2024-03-10T16:28:46.4243559Z Resolving deltas:  50% (140/280)
2024-03-10T16:28:46.4244395Z Resolving deltas:  51% (143/280)
2024-03-10T16:28:46.4245092Z Resolving deltas:  52% (146/280)
2024-03-10T16:28:46.4245531Z Resolving deltas:  53% (149/280)
2024-03-10T16:28:46.4246035Z Resolving deltas:  54% (152/280)
2024-03-10T16:28:46.4247748Z Resolving deltas:  55% (154/280)
2024-03-10T16:28:46.4248979Z Resolving deltas:  56% (157/280)
2024-03-10T16:28:46.4249649Z Resolving deltas:  57% (160/280)
2024-03-10T16:28:46.4250310Z Resolving deltas:  58% (163/280)
2024-03-10T16:28:46.4251118Z Resolving deltas:  59% (166/280)
2024-03-10T16:28:46.4251759Z Resolving deltas:  60% (168/280)
2024-03-10T16:28:46.4253616Z Resolving deltas:  61% (171/280)
2024-03-10T16:28:46.4255081Z Resolving deltas:  62% (174/280)
2024-03-10T16:28:46.4256513Z Resolving deltas:  63% (177/280)
2024-03-10T16:28:46.4257313Z Resolving deltas:  64% (180/280)
2024-03-10T16:28:46.4257948Z Resolving deltas:  65% (182/280)
2024-03-10T16:28:46.4258496Z Resolving deltas:  66% (185/280)
2024-03-10T16:28:46.4261096Z Resolving deltas:  67% (188/280)
2024-03-10T16:28:46.4261880Z Resolving deltas:  68% (191/280)
2024-03-10T16:28:46.4262562Z Resolving deltas:  69% (194/280)
2024-03-10T16:28:46.4263325Z Resolving deltas:  70% (196/280)
2024-03-10T16:28:46.4264031Z Resolving deltas:  71% (199/280)
2024-03-10T16:28:46.4264744Z Resolving deltas:  72% (203/280)
2024-03-10T16:28:46.4265615Z Resolving deltas:  73% (205/280)
2024-03-10T16:28:46.4266526Z Resolving deltas:  74% (208/280)
2024-03-10T16:28:46.4268034Z Resolving deltas:  75% (210/280)
2024-03-10T16:28:46.4269385Z Resolving deltas:  76% (214/280)
2024-03-10T16:28:46.4270027Z Resolving deltas:  77% (216/280)
2024-03-10T16:28:46.4270897Z Resolving deltas:  78% (219/280)
2024-03-10T16:28:46.4271578Z Resolving deltas:  79% (222/280)
2024-03-10T16:28:46.4272760Z Resolving deltas:  80% (224/280)
2024-03-10T16:28:46.4274842Z Resolving deltas:  81% (227/280)
2024-03-10T16:28:46.4275513Z Resolving deltas:  82% (231/280)
2024-03-10T16:28:46.4277345Z Resolving deltas:  83% (233/280)
2024-03-10T16:28:46.4280197Z Resolving deltas:  84% (236/280)
2024-03-10T16:28:46.4280905Z Resolving deltas:  85% (238/280)
2024-03-10T16:28:46.4287072Z Resolving deltas:  86% (241/280)
2024-03-10T16:28:46.4287893Z Resolving deltas:  87% (244/280)
2024-03-10T16:28:46.4289398Z Resolving deltas:  88% (247/280)
2024-03-10T16:28:46.4290111Z Resolving deltas:  89% (250/280)
2024-03-10T16:28:46.4292143Z Resolving deltas:  90% (252/280)
2024-03-10T16:28:46.4292836Z Resolving deltas:  91% (255/280)
2024-03-10T16:28:46.4294337Z Resolving deltas:  92% (258/280)
2024-03-10T16:28:46.4295740Z Resolving deltas:  93% (261/280)
2024-03-10T16:28:46.4297146Z Resolving deltas:  94% (264/280)
2024-03-10T16:28:46.4299487Z Resolving deltas:  95% (266/280)
2024-03-10T16:28:46.4300673Z Resolving deltas:  96% (269/280)
2024-03-10T16:28:46.4301456Z Resolving deltas:  97% (273/280)
2024-03-10T16:28:46.4304656Z Resolving deltas:  98% (275/280)
2024-03-10T16:28:46.4305560Z Resolving deltas:  99% (278/280)
2024-03-10T16:28:46.4306242Z Resolving deltas: 100% (280/280)
2024-03-10T16:28:46.4307216Z Resolving deltas: 100% (280/280), done.
2024-03-10T16:28:46.4473964Z From https://github.com/rubyforgood/human-essentials
2024-03-10T16:28:46.4475457Z  * [new ref]         bdf6f751c8a5436feb22d6e1fb2ec08a5656e406 -> origin/main
2024-03-10T16:28:46.4504491Z ##[endgroup]
2024-03-10T16:28:46.4505144Z ##[group]Determining the checkout info
2024-03-10T16:28:46.4506314Z ##[endgroup]
2024-03-10T16:28:46.4506999Z ##[group]Checking out the ref
2024-03-10T16:28:46.4511312Z [command]/usr/bin/git checkout --progress --force -B main refs/remotes/origin/main
2024-03-10T16:28:46.5842200Z Switched to a new branch 'main'
2024-03-10T16:28:46.5843083Z branch 'main' set up to track 'origin/main'.
2024-03-10T16:28:46.5851879Z ##[endgroup]
2024-03-10T16:28:46.5897962Z [command]/usr/bin/git log -1 --format='%H'
2024-03-10T16:28:46.5931427Z 'bdf6f751c8a5436feb22d6e1fb2ec08a5656e406'
2024-03-10T16:28:46.6221502Z ##[group]Run ruby/setup-ruby@v1
2024-03-10T16:28:46.6221957Z with:
2024-03-10T16:28:46.6222494Z   bundler-cache: true
2024-03-10T16:28:46.6222964Z   ruby-version: default
2024-03-10T16:28:46.6223346Z ##[endgroup]
2024-03-10T16:28:46.8529189Z Using 3.2.2 as input from file .ruby-version
2024-03-10T16:28:46.8555471Z ##[group]Modifying PATH
2024-03-10T16:28:46.8556121Z Entries added to PATH to use selected Ruby:
2024-03-10T16:28:46.8556931Z   /opt/hostedtoolcache/Ruby/3.2.2/x64/bin
2024-03-10T16:28:46.8557747Z ##[endgroup]
2024-03-10T16:28:46.8599121Z ##[group]Downloading Ruby
2024-03-10T16:28:46.8600674Z https://github.com/ruby/ruby-builder/releases/download/toolcache/ruby-3.2.2-ubuntu-22.04.tar.gz
2024-03-10T16:28:47.2380712Z Took   0.38 seconds
2024-03-10T16:28:47.2382371Z ##[endgroup]
2024-03-10T16:28:47.2383454Z ##[group]Extracting  Ruby
2024-03-10T16:28:47.2411711Z [command]/usr/bin/tar -xz -C /opt/hostedtoolcache/Ruby/3.2.2 -f /home/runner/work/_temp/05efda1a-e248-45a1-a0fe-4957d0ed728e
2024-03-10T16:28:47.6495828Z Took   0.41 seconds
2024-03-10T16:28:47.6496969Z ##[endgroup]
2024-03-10T16:28:47.6498048Z ##[group]Print Ruby version
2024-03-10T16:28:47.6510738Z [command]/opt/hostedtoolcache/Ruby/3.2.2/x64/bin/ruby --version
2024-03-10T16:28:47.6725915Z ruby 3.2.2 (2023-03-30 revision e51014f9c0) [x86_64-linux]
2024-03-10T16:28:47.6744742Z Took   0.02 seconds
2024-03-10T16:28:47.6746902Z ##[endgroup]
2024-03-10T16:28:47.6747865Z ##[group]Installing Bundler
2024-03-10T16:28:47.6753262Z Using Bundler 2.5.6 from Gemfile.lock BUNDLED WITH 2.5.6
2024-03-10T16:28:47.6758191Z [command]/opt/hostedtoolcache/Ruby/3.2.2/x64/bin/gem install bundler -v 2.5.6
2024-03-10T16:28:48.1939259Z Successfully installed bundler-2.5.6
2024-03-10T16:28:48.1940047Z 1 gem installed
2024-03-10T16:28:48.1993993Z Took   0.52 seconds
2024-03-10T16:28:48.1995676Z ##[endgroup]
2024-03-10T16:28:48.1996379Z > bundle install
2024-03-10T16:28:48.2013685Z [command]/opt/hostedtoolcache/Ruby/3.2.2/x64/bin/bundle config --local path /home/runner/work/human-essentials/human-essentials/vendor/bundle
2024-03-10T16:28:48.3474747Z [command]/opt/hostedtoolcache/Ruby/3.2.2/x64/bin/bundle config --local deployment true
2024-03-10T16:28:48.4940959Z Cache key: setup-ruby-bundler-cache-v6-ubuntu-22.04-x64-ruby-3.2.2-wd-/home/runner/work/human-essentials/human-essentials-with--without--only--Gemfile.lock-90af41cb540db2526d21e3c5cbbe531ed46bcf1ba5fdc3d9e3337dd916b92c56
2024-03-10T16:28:49.3330367Z Cache Size: ~205 MB (214817878 B)
2024-03-10T16:28:49.3368850Z [command]/usr/bin/tar -xf /home/runner/work/_temp/8611193c-647b-43b0-80b0-98d75106a784/cache.tzst -P -C /home/runner/work/human-essentials/human-essentials --use-compress-program unzstd
2024-03-10T16:28:49.6031502Z Received 214817878 of 214817878 (100.0%), 204.9 MBs/sec
2024-03-10T16:28:51.0156508Z Cache restored successfully
2024-03-10T16:28:51.0660432Z Found cache for key: setup-ruby-bundler-cache-v6-ubuntu-22.04-x64-ruby-3.2.2-wd-/home/runner/work/human-essentials/human-essentials-with--without--only--Gemfile.lock-90af41cb540db2526d21e3c5cbbe531ed46bcf1ba5fdc3d9e3337dd916b92c56
2024-03-10T16:28:51.0685814Z [command]/opt/hostedtoolcache/Ruby/3.2.2/x64/bin/bundle install --jobs 4
2024-03-10T16:28:51.4588071Z Bundle complete! 85 Gemfile dependencies, 246 gems now installed.
2024-03-10T16:28:51.4597400Z Bundled gems are installed into `./vendor/bundle`
2024-03-10T16:28:51.4636572Z Took   3.26 seconds
2024-03-10T16:28:51.4808550Z ##[group]Run sudo apt-get -yqq install libpq-dev
2024-03-10T16:28:51.4809173Z [36;1msudo apt-get -yqq install libpq-dev[0m
2024-03-10T16:28:51.4875283Z shell: /usr/bin/bash -e {0}
2024-03-10T16:28:51.4875847Z ##[endgroup]
2024-03-10T16:28:52.6935981Z ##[group]Run bundle exec rake db:create
2024-03-10T16:28:52.6936632Z [36;1mbundle exec rake db:create[0m
2024-03-10T16:28:52.6937103Z [36;1mbundle exec rake db:schema:load[0m
2024-03-10T16:28:52.6937589Z [36;1mbundle exec rails assets:precompile[0m
2024-03-10T16:28:52.6986856Z shell: /usr/bin/bash -e {0}
2024-03-10T16:28:52.6987372Z env:
2024-03-10T16:28:52.6987701Z   POSTGRES_HOST: localhost
2024-03-10T16:28:52.6988072Z   DATABASE_HOST: localhost
2024-03-10T16:28:52.6989005Z   PG_USERNAME: postgres
2024-03-10T16:28:52.6989411Z   PG_PASSWORD: password
2024-03-10T16:28:52.6989881Z   POSTGRES_HOST_AUTH_METHOD: trust
2024-03-10T16:28:52.6990304Z   POSTGRES_PORT: 5432
2024-03-10T16:28:52.6990671Z   RAILS_ENV: test
2024-03-10T16:28:52.6991071Z ##[endgroup]
2024-03-10T16:28:59.2257709Z We could not find your database: diaper_test. Which can be found in the database configuration file located at config/database.yml.
2024-03-10T16:28:59.2259035Z 
2024-03-10T16:28:59.2259432Z To resolve this issue:
2024-03-10T16:28:59.2260013Z 
2024-03-10T16:28:59.2261057Z - Did you create the database for this app, or delete it? You may need to create your database.
2024-03-10T16:28:59.2262784Z - Has the database name changed? Check your database.yml config has the correct database name.
2024-03-10T16:28:59.2263653Z 
2024-03-10T16:28:59.2264047Z To create your database, run:
2024-03-10T16:28:59.2264436Z 
2024-03-10T16:28:59.2264643Z         bin/rails db:create
2024-03-10T16:28:59.2265584Z . You likely need to run `rails g flipper:active_record` and/or `rails db:migrate`.
2024-03-10T16:28:59.3917437Z Created database 'diaper_test'
2024-03-10T16:28:59.6961397Z Coverage report generated for RSpec to /home/runner/work/human-essentials/human-essentials/coverage. 442 / 10017 LOC (4.41%) covered.
2024-03-10T16:29:06.0642513Z PG::UndefinedTable: ERROR:  relation "flipper_gates" does not exist
2024-03-10T16:29:06.0644039Z LINE 9:  WHERE a.attrelid = '"flipper_gates"'::regclass
2024-03-10T16:29:06.0645099Z                             ^
2024-03-10T16:29:06.0646022Z . You likely need to run `rails g flipper:active_record` and/or `rails db:migrate`.
2024-03-10T16:29:06.9895219Z Coverage report generated for RSpec to /home/runner/work/human-essentials/human-essentials/coverage. 442 / 10017 LOC (4.41%) covered.
2024-03-10T16:29:40.9132197Z W, [2024-03-10T09:29:40.912820 #2322]  WARN -- : Removed sourceMappingURL comment for missing asset 'adminlte.js.map' from /home/runner/work/human-essentials/human-essentials/app/javascript/adminlte.js
2024-03-10T16:29:40.9746921Z I, [2024-03-10T09:29:40.974405 #2322]  INFO -- : Writing /home/runner/work/human-essentials/human-essentials/public/assets/manifest-90aab26ade71e747f745b1227b433fd7d580a54f279ee2be6e1a67bb326bf03a.js
2024-03-10T16:29:40.9751709Z I, [2024-03-10T09:29:40.974554 #2322]  INFO -- : Writing /home/runner/work/human-essentials/human-essentials/public/assets/manifest-90aab26ade71e747f745b1227b433fd7d580a54f279ee2be6e1a67bb326bf03a.js.gz
2024-03-10T16:29:40.9756127Z I, [2024-03-10T09:29:40.974682 #2322]  INFO -- : Writing /home/runner/work/human-essentials/human-essentials/public/assets/filterrific/filterrific-spinner-415824b210964b6cdb1db0bd9508be8644b9fde094b392f73055b20d369885b6.gif
2024-03-10T16:29:40.9759467Z I, [2024-03-10T09:29:40.975219 #2322]  INFO -- : Writing /home/runner/work/human-essentials/human-essentials/public/assets/bootstrap.min-67c48d88a8e0be178058aacb338b084191ed6d65c8fef751c50248202cf1488a.js
2024-03-10T16:29:40.9762588Z I, [2024-03-10T09:29:40.975576 #2322]  INFO -- : Writing /home/runner/work/human-essentials/human-essentials/public/assets/bootstrap.min-67c48d88a8e0be178058aacb338b084191ed6d65c8fef751c50248202cf1488a.js.gz
2024-03-10T16:29:40.9764887Z I, [2024-03-10T09:29:40.975811 #2322]  INFO -- : Writing /home/runner/work/human-essentials/human-essentials/public/assets/DiaperBase-Logo-f18172876cab49a451ca9c3178b578ab2019e03f111a6b6f3ba0c1b40b3d7c0c.png
2024-03-10T16:29:40.9772295Z I, [2024-03-10T09:29:40.976818 #2322]  INFO -- : Writing /home/runner/work/human-essentials/human-essentials/public/assets/Just-Diaper-05bf6a1b70ccad149eb4eca7b5f9fcca1f9c37bab1f8e5edb6798d66c903ba53.svg
2024-03-10T16:29:40.9778126Z I, [2024-03-10T09:29:40.977196 #2322]  INFO -- : Writing /home/runner/work/human-essentials/human-essentials/public/assets/Just-Diaper-05bf6a1b70ccad149eb4eca7b5f9fcca1f9c37bab1f8e5edb6798d66c903ba53.svg.gz
2024-03-10T16:29:40.9783796Z I, [2024-03-10T09:29:40.977570 #2322]  INFO -- : Writing /home/runner/work/human-essentials/human-essentials/public/assets/barcode-932aed25f5c148b36882be3bfb6696ecdd362ba0a709ff0674a10477f2aad8f3.svg
2024-03-10T16:29:40.9786222Z I, [2024-03-10T09:29:40.978067 #2322]  INFO -- : Writing /home/runner/work/human-essentials/human-essentials/public/assets/barcode-932aed25f5c148b36882be3bfb6696ecdd362ba0a709ff0674a10477f2aad8f3.svg.gz
2024-03-10T16:29:40.9788305Z I, [2024-03-10T09:29:40.978227 #2322]  INFO -- : Writing /home/runner/work/human-essentials/human-essentials/public/assets/bars-db7a0aaf1cd735270b170cba53dca71c75473940ab48639c609a72964eb92f4d.svg
2024-03-10T16:29:40.9796495Z I, [2024-03-10T09:29:40.979264 #2322]  INFO -- : Writing /home/runner/work/human-essentials/human-essentials/public/assets/bars-db7a0aaf1cd735270b170cba53dca71c75473940ab48639c609a72964eb92f4d.svg.gz
2024-03-10T16:29:40.9799881Z I, [2024-03-10T09:29:40.979494 #2322]  INFO -- : Writing /home/runner/work/human-essentials/human-essentials/public/assets/blue@2x-709ca6c252f762af1e5efb0ef1e7444a712cb0ec010fee01749b67a595a7c0c6.png
2024-03-10T16:29:40.9803253Z I, [2024-03-10T09:29:40.979933 #2322]  INFO -- : Writing /home/runner/work/human-essentials/human-essentials/public/assets/boxed-bg-6c60c3f8655fa4062631bbe1434face4fe3d70392159e976ec09ca6ad9330e7d.jpg
2024-03-10T16:29:40.9807296Z I, [2024-03-10T09:29:40.980518 #2322]  INFO -- : Writing /home/runner/work/human-essentials/human-essentials/public/assets/boxed-bg-eb7b1fa0c09f5ef599fc5138e33168827f2ec4e1f796cf8a78570d8a73a58190.png
2024-03-10T16:29:40.9810382Z I, [2024-03-10T09:29:40.980785 #2322]  INFO -- : Writing /home/runner/work/human-essentials/human-essentials/public/assets/dashboard-image-3db42e909886dffccb680715feccab83cc867b4581b0009558e746364e2ec332.svg
2024-03-10T16:29:40.9816496Z I, [2024-03-10T09:29:40.981377 #2322]  INFO -- : Writing /home/runner/work/human-essentials/human-essentials/public/assets/dashboard-image-3db42e909886dffccb680715feccab83cc867b4581b0009558e746364e2ec332.svg.gz
2024-03-10T16:29:40.9819773Z I, [2024-03-10T09:29:40.981555 #2322]  INFO -- : Writing /home/runner/work/human-essentials/human-essentials/public/assets/forecasting-32dffccc42e6c09203d36acbc2243b4bc746dc2f1198c1ff43def4bb48e335b2.svg
2024-03-10T16:29:40.9823356Z I, [2024-03-10T09:29:40.982089 #2322]  INFO -- : Writing /home/runner/work/human-essentials/human-essentials/public/assets/forecasting-32dffccc42e6c09203d36acbc2243b4bc746dc2f1198c1ff43def4bb48e335b2.svg.gz
2024-03-10T16:29:40.9826174Z I, [2024-03-10T09:29:40.982255 #2322]  INFO -- : Writing /home/runner/work/human-essentials/human-essentials/public/assets/hero-image-0ba273def6de748beb2a64206e115d8e4a109ad51ef255512f4c6522e5b9225b.svg
2024-03-10T16:29:40.9846024Z I, [2024-03-10T09:29:40.984218 #2322]  INFO -- : Writing /home/runner/work/human-essentials/human-essentials/public/assets/hero-image-0ba273def6de748beb2a64206e115d8e4a109ad51ef255512f4c6522e5b9225b.svg.gz
2024-03-10T16:29:40.9854444Z I, [2024-03-10T09:29:40.985050 #2322]  INFO -- : Writing /home/runner/work/human-essentials/human-essentials/public/assets/inventory-image-3d91fc8087e13632114d9d129a680b992e02aae297b2bf180089cd55792249b2.svg
2024-03-10T16:29:40.9859489Z I, [2024-03-10T09:29:40.985182 #2322]  INFO -- : Writing /home/runner/work/human-essentials/human-essentials/public/assets/inventory-image-3d91fc8087e13632114d9d129a680b992e02aae297b2bf180089cd55792249b2.svg.gz
2024-03-10T16:29:40.9863990Z I, [2024-03-10T09:29:40.985292 #2322]  INFO -- : Writing /home/runner/work/human-essentials/human-essentials/public/assets/partner-management-c2cd4a940d1cf59f66928bc5097b4d4528b6de95abcc66421edf341c59311d40.svg
2024-03-10T16:29:40.9868029Z I, [2024-03-10T09:29:40.985416 #2322]  INFO -- : Writing /home/runner/work/human-essentials/human-essentials/public/assets/partner-management-c2cd4a940d1cf59f66928bc5097b4d4528b6de95abcc66421edf341c59311d40.svg.gz
2024-03-10T16:29:40.9871587Z I, [2024-03-10T09:29:40.985519 #2322]  INFO -- : Writing /home/runner/work/human-essentials/human-essentials/public/assets/quote-e4395f28913ad7b7785c522f0b6f2363a960720cf3bc26705438f6efb55edb7d.svg
2024-03-10T16:29:40.9873808Z I, [2024-03-10T09:29:40.985622 #2322]  INFO -- : Writing /home/runner/work/human-essentials/human-essentials/public/assets/quote-e4395f28913ad7b7785c522f0b6f2363a960720cf3bc26705438f6efb55edb7d.svg.gz
2024-03-10T16:29:40.9875822Z I, [2024-03-10T09:29:40.985724 #2322]  INFO -- : Writing /home/runner/work/human-essentials/human-essentials/public/assets/report-image-a9fc71739eca5457d288f1c234a0d84237ba8eef8bd20a9935bd45d84d03ae6b.svg
2024-03-10T16:29:40.9877947Z I, [2024-03-10T09:29:40.985848 #2322]  INFO -- : Writing /home/runner/work/human-essentials/human-essentials/public/assets/report-image-a9fc71739eca5457d288f1c234a0d84237ba8eef8bd20a9935bd45d84d03ae6b.svg.gz
2024-03-10T16:29:40.9880028Z I, [2024-03-10T09:29:40.985951 #2322]  INFO -- : Writing /home/runner/work/human-essentials/human-essentials/public/assets/test-only-background-c4843e992a593298a8c43815c8950b766061a96fd7d3e92838354914c41d7243.jpg
2024-03-10T16:29:40.9882037Z I, [2024-03-10T09:29:40.986098 #2322]  INFO -- : Writing /home/runner/work/human-essentials/human-essentials/public/assets/AdminLTE-9d75f9bf2ec81bc0a0de450227ed6268dad2cd66401439503c18d3241dfb241d.css
2024-03-10T16:29:40.9884075Z I, [2024-03-10T09:29:40.986177 #2322]  INFO -- : Writing /home/runner/work/human-essentials/human-essentials/public/assets/AdminLTE-9d75f9bf2ec81bc0a0de450227ed6268dad2cd66401439503c18d3241dfb241d.css.gz
2024-03-10T16:29:40.9886021Z I, [2024-03-10T09:29:40.986277 #2322]  INFO -- : Writing /home/runner/work/human-essentials/human-essentials/public/assets/_colors-04024382391bb910584145d8113cf35ef376b55d125bb4516cebeb14ce788597.css
2024-03-10T16:29:40.9887970Z I, [2024-03-10T09:29:40.986352 #2322]  INFO -- : Writing /home/runner/work/human-essentials/human-essentials/public/assets/_colors-04024382391bb910584145d8113cf35ef376b55d125bb4516cebeb14ce788597.css.gz
2024-03-10T16:29:40.9889928Z I, [2024-03-10T09:29:40.986450 #2322]  INFO -- : Writing /home/runner/work/human-essentials/human-essentials/public/assets/application-c21613708cb0f40361dc08d066cb68c559e4b3982f802956f4439959cad9af23.css
2024-03-10T16:29:40.9891914Z I, [2024-03-10T09:29:40.986526 #2322]  INFO -- : Writing /home/runner/work/human-essentials/human-essentials/public/assets/application-c21613708cb0f40361dc08d066cb68c559e4b3982f802956f4439959cad9af23.css.gz
2024-03-10T16:29:40.9894025Z I, [2024-03-10T09:29:40.986624 #2322]  INFO -- : Writing /home/runner/work/human-essentials/human-essentials/public/assets/test-only-background-c4843e992a593298a8c43815c8950b766061a96fd7d3e92838354914c41d7243.jpg
2024-03-10T16:29:40.9907770Z I, [2024-03-10T09:29:40.990091 #2322]  INFO -- : Writing /home/runner/work/human-essentials/human-essentials/public/assets/audits-83372b845d8a4887e7e4d2315cf3c85ea60ef94ca0ec4774dfbcd3cf569c616c.css
2024-03-10T16:29:40.9916179Z I, [2024-03-10T09:29:40.990222 #2322]  INFO -- : Writing /home/runner/work/human-essentials/human-essentials/public/assets/audits-83372b845d8a4887e7e4d2315cf3c85ea60ef94ca0ec4774dfbcd3cf569c616c.css.gz
2024-03-10T16:29:40.9924364Z I, [2024-03-10T09:29:40.990370 #2322]  INFO -- : Writing /home/runner/work/human-essentials/human-essentials/public/assets/barcode_reader-3799c29218802c1dbba4c700f3863ec24505a9e3e7b54d36282fff667d7c94ca.css
2024-03-10T16:29:40.9933668Z I, [2024-03-10T09:29:40.990453 #2322]  INFO -- : Writing /home/runner/work/human-essentials/human-essentials/public/assets/barcode_reader-3799c29218802c1dbba4c700f3863ec24505a9e3e7b54d36282fff667d7c94ca.css.gz
2024-03-10T16:29:40.9937396Z I, [2024-03-10T09:29:40.990554 #2322]  INFO -- : Writing /home/runner/work/human-essentials/human-essentials/public/assets/custom-4ac26623bf6f4d95aa1164e1ad4d6cbb2bb8dda4af8e4a2f1b4368bc92491085.css
2024-03-10T16:29:40.9940560Z I, [2024-03-10T09:29:40.990640 #2322]  INFO -- : Writing /home/runner/work/human-essentials/human-essentials/public/assets/custom-4ac26623bf6f4d95aa1164e1ad4d6cbb2bb8dda4af8e4a2f1b4368bc92491085.css.gz
2024-03-10T16:29:40.9943885Z I, [2024-03-10T09:29:40.990850 #2322]  INFO -- : Writing /home/runner/work/human-essentials/human-essentials/public/assets/expandable_table-cca1600cf25c44c6bea2733167509ffe9133f344e9defe984ad96bd427b29a19.css
2024-03-10T16:29:40.9947352Z I, [2024-03-10T09:29:40.990958 #2322]  INFO -- : Writing /home/runner/work/human-essentials/human-essentials/public/assets/expandable_table-cca1600cf25c44c6bea2733167509ffe9133f344e9defe984ad96bd427b29a19.css.gz
2024-03-10T16:29:40.9950856Z I, [2024-03-10T09:29:40.991076 #2322]  INFO -- : Writing /home/runner/work/human-essentials/human-essentials/public/assets/landing_page-4fe5dfcfea8b5bbd7722658652ff4ee86132a41b8aff92e9ef8b1216cb7259fa.css
2024-03-10T16:29:40.9954130Z I, [2024-03-10T09:29:40.991168 #2322]  INFO -- : Writing /home/runner/work/human-essentials/human-essentials/public/assets/landing_page-4fe5dfcfea8b5bbd7722658652ff4ee86132a41b8aff92e9ef8b1216cb7259fa.css.gz
2024-03-10T16:29:40.9957306Z I, [2024-03-10T09:29:40.991277 #2322]  INFO -- : Writing /home/runner/work/human-essentials/human-essentials/public/assets/modal-dialog-9d7ae8bb43b60ac4c7d9910700392b20618ae2db4d5db33453b157171d5e0f7d.css
2024-03-10T16:29:40.9960558Z I, [2024-03-10T09:29:40.991362 #2322]  INFO -- : Writing /home/runner/work/human-essentials/human-essentials/public/assets/modal-dialog-9d7ae8bb43b60ac4c7d9910700392b20618ae2db4d5db33453b157171d5e0f7d.css.gz
2024-03-10T16:29:40.9964207Z I, [2024-03-10T09:29:40.991473 #2322]  INFO -- : Writing /home/runner/work/human-essentials/human-essentials/public/assets/progress_stepper-7f8ef0dc05a9a00a300e56f6f3e4ccfdde4af8e392407ccc6601d60019067ccb.css
2024-03-10T16:29:40.9968012Z I, [2024-03-10T09:29:40.991552 #2322]  INFO -- : Writing /home/runner/work/human-essentials/human-essentials/public/assets/progress_stepper-7f8ef0dc05a9a00a300e56f6f3e4ccfdde4af8e392407ccc6601d60019067ccb.css.gz
2024-03-10T16:29:40.9971536Z I, [2024-03-10T09:29:40.991666 #2322]  INFO -- : Writing /home/runner/work/human-essentials/human-essentials/public/assets/transfers-c9ab43ff53dab5dc13681712afc9b6fb31d7865d5ac8c657220deff9f138fa8c.css
2024-03-10T16:29:40.9974801Z I, [2024-03-10T09:29:40.991750 #2322]  INFO -- : Writing /home/runner/work/human-essentials/human-essentials/public/assets/transfers-c9ab43ff53dab5dc13681712afc9b6fb31d7865d5ac8c657220deff9f138fa8c.css.gz
2024-03-10T16:29:40.9978053Z I, [2024-03-10T09:29:40.991854 #2322]  INFO -- : Writing /home/runner/work/human-essentials/human-essentials/public/assets/adminlte-886a0b559685ec92cd8dd4dbf957899292f9c0bd344c90c304d28973363a8eaf.js
2024-03-10T16:29:40.9981273Z I, [2024-03-10T09:29:40.991932 #2322]  INFO -- : Writing /home/runner/work/human-essentials/human-essentials/public/assets/adminlte-886a0b559685ec92cd8dd4dbf957899292f9c0bd344c90c304d28973363a8eaf.js.gz
2024-03-10T16:29:40.9984482Z I, [2024-03-10T09:29:40.992040 #2322]  INFO -- : Writing /home/runner/work/human-essentials/human-essentials/public/assets/application-f9d5a0970e6dc2d1d44ca8dfd6129e9fed2dccf1b460a6bba6eab9dd7aa61c92.js
2024-03-10T16:29:40.9987743Z I, [2024-03-10T09:29:40.992126 #2322]  INFO -- : Writing /home/runner/work/human-essentials/human-essentials/public/assets/application-f9d5a0970e6dc2d1d44ca8dfd6129e9fed2dccf1b460a6bba6eab9dd7aa61c92.js.gz
2024-03-10T16:29:40.9991483Z I, [2024-03-10T09:29:40.992232 #2322]  INFO -- : Writing /home/runner/work/human-essentials/human-essentials/public/assets/cocoon-js-vanilla-cc8e46e9b16a6217f3c14c60ca346454c9c01d8d41e5c073ae14f85fac052e96.js
2024-03-10T16:29:40.9995159Z I, [2024-03-10T09:29:40.992326 #2322]  INFO -- : Writing /home/runner/work/human-essentials/human-essentials/public/assets/cocoon-js-vanilla-cc8e46e9b16a6217f3c14c60ca346454c9c01d8d41e5c073ae14f85fac052e96.js.gz
2024-03-10T16:29:40.9998643Z I, [2024-03-10T09:29:40.992435 #2322]  INFO -- : Writing /home/runner/work/human-essentials/human-essentials/public/assets/controllers/application-368d98631bccbf2349e0d4f8269afb3fe9625118341966de054759d96ea86c7e.js
2024-03-10T16:29:41.0002088Z I, [2024-03-10T09:29:40.992514 #2322]  INFO -- : Writing /home/runner/work/human-essentials/human-essentials/public/assets/controllers/application-368d98631bccbf2349e0d4f8269afb3fe9625118341966de054759d96ea86c7e.js.gz
2024-03-10T16:29:41.0005931Z I, [2024-03-10T09:29:40.992619 #2322]  INFO -- : Writing /home/runner/work/human-essentials/human-essentials/public/assets/controllers/area_served_controller-c8c048ef9ee2d145ba8408cda63546aff8ce9170e9cafb34075ebb01b43c6c34.js
2024-03-10T16:29:41.0010306Z I, [2024-03-10T09:29:40.992692 #2322]  INFO -- : Writing /home/runner/work/human-essentials/human-essentials/public/assets/controllers/area_served_controller-c8c048ef9ee2d145ba8408cda63546aff8ce9170e9cafb34075ebb01b43c6c34.js.gz
2024-03-10T16:29:41.0014716Z I, [2024-03-10T09:29:40.992787 #2322]  INFO -- : Writing /home/runner/work/human-essentials/human-essentials/public/assets/controllers/checkbox_with_nested_element_controller-1645dd2a3a857d546354c90b0c415a9d1dd4de6974048fd41bfc1d6f45ccb3eb.js
2024-03-10T16:29:41.0019184Z I, [2024-03-10T09:29:40.992860 #2322]  INFO -- : Writing /home/runner/work/human-essentials/human-essentials/public/assets/controllers/checkbox_with_nested_element_controller-1645dd2a3a857d546354c90b0c415a9d1dd4de6974048fd41bfc1d6f45ccb3eb.js.gz
2024-03-10T16:29:41.0023618Z I, [2024-03-10T09:29:40.992956 #2322]  INFO -- : Writing /home/runner/work/human-essentials/human-essentials/public/assets/controllers/distribution_delivery_controller-89fc613f734c2b1538c1e9948abeb353ea73d22678fc08597d48fa36a70c5c51.js
2024-03-10T16:29:41.0027837Z I, [2024-03-10T09:29:40.993033 #2322]  INFO -- : Writing /home/runner/work/human-essentials/human-essentials/public/assets/controllers/distribution_delivery_controller-89fc613f734c2b1538c1e9948abeb353ea73d22678fc08597d48fa36a70c5c51.js.gz
2024-03-10T16:29:41.0036504Z I, [2024-03-10T09:29:40.993136 #2322]  INFO -- : Writing /home/runner/work/human-essentials/human-essentials/public/assets/controllers/double_select_controller-bb2e4a65f2c66cacc8ec4dd491c2233b0aac53187ebe1fbaaffedfbaf7db9099.js
2024-03-10T16:29:41.0041491Z I, [2024-03-10T09:29:40.993211 #2322]  INFO -- : Writing /home/runner/work/human-essentials/human-essentials/public/assets/controllers/double_select_controller-bb2e4a65f2c66cacc8ec4dd491c2233b0aac53187ebe1fbaaffedfbaf7db9099.js.gz
2024-03-10T16:29:41.0046557Z I, [2024-03-10T09:29:40.993308 #2322]  INFO -- : Writing /home/runner/work/human-essentials/human-essentials/public/assets/controllers/highchart_controller-7640167d6e3481659a5ead23f046e3c6852c08e30ce8aa6f09aa5cce0f7ea02d.js
2024-03-10T16:29:41.0053617Z I, [2024-03-10T09:29:41.002986 #2322]  INFO -- : Writing /home/runner/work/human-essentials/human-essentials/public/assets/controllers/highchart_controller-7640167d6e3481659a5ead23f046e3c6852c08e30ce8aa6f09aa5cce0f7ea02d.js.gz
2024-03-10T16:29:41.0058325Z I, [2024-03-10T09:29:41.003193 #2322]  INFO -- : Writing /home/runner/work/human-essentials/human-essentials/public/assets/controllers/index-2db729dddcc5b979110e98de4b6720f83f91a123172e87281d5a58410fc43806.js
2024-03-10T16:29:41.0063146Z I, [2024-03-10T09:29:41.003314 #2322]  INFO -- : Writing /home/runner/work/human-essentials/human-essentials/public/assets/controllers/index-2db729dddcc5b979110e98de4b6720f83f91a123172e87281d5a58410fc43806.js.gz
2024-03-10T16:29:41.0067772Z I, [2024-03-10T09:29:41.003428 #2322]  INFO -- : Writing /home/runner/work/human-essentials/human-essentials/public/assets/controllers/request_item_controller-4ab1cb48f0cc30bba40f5311b6588189ddf5daf19bdf36b462cdeab0a663399b.js
2024-03-10T16:29:41.0073803Z I, [2024-03-10T09:29:41.003509 #2322]  INFO -- : Writing /home/runner/work/human-essentials/human-essentials/public/assets/controllers/request_item_controller-4ab1cb48f0cc30bba40f5311b6588189ddf5daf19bdf36b462cdeab0a663399b.js.gz
2024-03-10T16:29:41.0079225Z I, [2024-03-10T09:29:41.003616 #2322]  INFO -- : Writing /home/runner/work/human-essentials/human-essentials/public/assets/controllers/select2_controller-13c15fa4f8996b06b43552325b12e3a14e158db06264b83cfff2e521a16fceeb.js
2024-03-10T16:29:41.0084628Z I, [2024-03-10T09:29:41.003696 #2322]  INFO -- : Writing /home/runner/work/human-essentials/human-essentials/public/assets/controllers/select2_controller-13c15fa4f8996b06b43552325b12e3a14e158db06264b83cfff2e521a16fceeb.js.gz
2024-03-10T16:29:41.0090122Z I, [2024-03-10T09:29:41.003796 #2322]  INFO -- : Writing /home/runner/work/human-essentials/human-essentials/public/assets/controllers/served_area_controller-37738489813fc06349f3fb1bc7abc5d5493318ce553f1bebbfa1f8fe06ebfb4a.js
2024-03-10T16:29:41.0095118Z I, [2024-03-10T09:29:41.003871 #2322]  INFO -- : Writing /home/runner/work/human-essentials/human-essentials/public/assets/controllers/served_area_controller-37738489813fc06349f3fb1bc7abc5d5493318ce553f1bebbfa1f8fe06ebfb4a.js.gz
2024-03-10T16:29:41.0100089Z I, [2024-03-10T09:29:41.003977 #2322]  INFO -- : Writing /home/runner/work/human-essentials/human-essentials/public/assets/controllers/turbo_controller-7ee3a9437b4fb003ac4ea4ca0f3425fd197ce4538a1eeb606e5e5447aa948b54.js
2024-03-10T16:29:41.0104009Z I, [2024-03-10T09:29:41.004052 #2322]  INFO -- : Writing /home/runner/work/human-essentials/human-essentials/public/assets/controllers/turbo_controller-7ee3a9437b4fb003ac4ea4ca0f3425fd197ce4538a1eeb606e5e5447aa948b54.js.gz
2024-03-10T16:29:41.0107810Z I, [2024-03-10T09:29:41.004159 #2322]  INFO -- : Writing /home/runner/work/human-essentials/human-essentials/public/assets/startup-bf111fcbf368bc988dfcb050d057ec73e21f190d7921e15689dd5ebf674e6d00.js
2024-03-10T16:29:41.0111605Z I, [2024-03-10T09:29:41.004244 #2322]  INFO -- : Writing /home/runner/work/human-essentials/human-essentials/public/assets/startup-bf111fcbf368bc988dfcb050d057ec73e21f190d7921e15689dd5ebf674e6d00.js.gz
2024-03-10T16:29:41.0115471Z I, [2024-03-10T09:29:41.004348 #2322]  INFO -- : Writing /home/runner/work/human-essentials/human-essentials/public/assets/utils/barcode_items-ee1050c4d1ade4569ef6cfc83d5f4792f67daabaca0ae24f75455737fea0a72b.js
2024-03-10T16:29:41.0119430Z I, [2024-03-10T09:29:41.004427 #2322]  INFO -- : Writing /home/runner/work/human-essentials/human-essentials/public/assets/utils/barcode_items-ee1050c4d1ade4569ef6cfc83d5f4792f67daabaca0ae24f75455737fea0a72b.js.gz
2024-03-10T16:29:41.0123121Z I, [2024-03-10T09:29:41.004529 #2322]  INFO -- : Writing /home/runner/work/human-essentials/human-essentials/public/assets/utils/barcode_scan-757b66b6921154f49e7cc4c5dc2f146f91f1648beffaa8ef106d94585a273ba9.js
2024-03-10T16:29:41.0126600Z I, [2024-03-10T09:29:41.004605 #2322]  INFO -- : Writing /home/runner/work/human-essentials/human-essentials/public/assets/utils/barcode_scan-757b66b6921154f49e7cc4c5dc2f146f91f1648beffaa8ef106d94585a273ba9.js.gz
2024-03-10T16:29:41.0130101Z I, [2024-03-10T09:29:41.004704 #2322]  INFO -- : Writing /home/runner/work/human-essentials/human-essentials/public/assets/utils/deadline_day_pickers-b0b264db9e3c8107c161cc4571e71cf901bcc511175271d218a553c4e1889065.js
2024-03-10T16:29:41.0133597Z I, [2024-03-10T09:29:41.004784 #2322]  INFO -- : Writing /home/runner/work/human-essentials/human-essentials/public/assets/utils/deadline_day_pickers-b0b264db9e3c8107c161cc4571e71cf901bcc511175271d218a553c4e1889065.js.gz
2024-03-10T16:29:41.0137109Z I, [2024-03-10T09:29:41.004884 #2322]  INFO -- : Writing /home/runner/work/human-essentials/human-essentials/public/assets/utils/distributions_and_transfers-1f9709e9a8df250acfe3e7a79f1501b2696b1f36d5adcf083a61a1b005cce3d2.js
2024-03-10T16:29:41.0140843Z I, [2024-03-10T09:29:41.004964 #2322]  INFO -- : Writing /home/runner/work/human-essentials/human-essentials/public/assets/utils/distributions_and_transfers-1f9709e9a8df250acfe3e7a79f1501b2696b1f36d5adcf083a61a1b005cce3d2.js.gz
2024-03-10T16:29:41.0144568Z I, [2024-03-10T09:29:41.005076 #2322]  INFO -- : Writing /home/runner/work/human-essentials/human-essentials/public/assets/utils/donations-1c3e9a15fc370afd2c3836ccf8dde6013c35412a8d83cf6c1e31bec95ef72b26.js
2024-03-10T16:29:41.0148063Z I, [2024-03-10T09:29:41.005147 #2322]  INFO -- : Writing /home/runner/work/human-essentials/human-essentials/public/assets/utils/donations-1c3e9a15fc370afd2c3836ccf8dde6013c35412a8d83cf6c1e31bec95ef72b26.js.gz
2024-03-10T16:29:41.0151794Z I, [2024-03-10T09:29:41.005236 #2322]  INFO -- : Writing /home/runner/work/human-essentials/human-essentials/public/assets/utils/purchases-5c814ba098feaa8a7b4abff24267c1da909f3e52e12c97660f8a0b8c1ff4aea1.js
2024-03-10T16:29:41.0155477Z I, [2024-03-10T09:29:41.005309 #2322]  INFO -- : Writing /home/runner/work/human-essentials/human-essentials/public/assets/utils/purchases-5c814ba098feaa8a7b4abff24267c1da909f3e52e12c97660f8a0b8c1ff4aea1.js.gz
2024-03-10T16:29:41.0158912Z I, [2024-03-10T09:29:41.005417 #2322]  INFO -- : Writing /home/runner/work/human-essentials/human-essentials/public/assets/filterrific-f3a290db250e05344fd62c216b903689f73eff5e270ef021e425551006092e08.js
2024-03-10T16:29:41.0162130Z I, [2024-03-10T09:29:41.005499 #2322]  INFO -- : Writing /home/runner/work/human-essentials/human-essentials/public/assets/filterrific-f3a290db250e05344fd62c216b903689f73eff5e270ef021e425551006092e08.js.gz
2024-03-10T16:29:41.0165494Z I, [2024-03-10T09:29:41.005605 #2322]  INFO -- : Writing /home/runner/work/human-essentials/human-essentials/public/assets/stimulusloading-1fc59770fb1654500044afd3f5f6d7d00800e5be36746d55b94a2963a7a228aa.js
2024-03-10T16:29:41.0169028Z I, [2024-03-10T09:29:41.005690 #2322]  INFO -- : Writing /home/runner/work/human-essentials/human-essentials/public/assets/stimulusloading-1fc59770fb1654500044afd3f5f6d7d00800e5be36746d55b94a2963a7a228aa.js.gz
2024-03-10T16:29:41.0172235Z I, [2024-03-10T09:29:41.005796 #2322]  INFO -- : Writing /home/runner/work/human-essentials/human-essentials/public/assets/turbo-4851a9a0b1d947e810dfd0448a72aef261d455183ebea681f4f28a73640a9ece.js
2024-03-10T16:29:41.0175421Z I, [2024-03-10T09:29:41.005879 #2322]  INFO -- : Writing /home/runner/work/human-essentials/human-essentials/public/assets/turbo-4851a9a0b1d947e810dfd0448a72aef261d455183ebea681f4f28a73640a9ece.js.gz
2024-03-10T16:29:41.0178532Z I, [2024-03-10T09:29:41.005986 #2322]  INFO -- : Writing /home/runner/work/human-essentials/human-essentials/public/assets/turbo.min-f309baafa3ae5ad6ccee3e7362118b87678d792db8e8ab466c4fa284dd3a4700.js
2024-03-10T16:29:41.0181790Z I, [2024-03-10T09:29:41.006073 #2322]  INFO -- : Writing /home/runner/work/human-essentials/human-essentials/public/assets/turbo.min-f309baafa3ae5ad6ccee3e7362118b87678d792db8e8ab466c4fa284dd3a4700.js.gz
2024-03-10T16:29:41.0185160Z I, [2024-03-10T09:29:41.006193 #2322]  INFO -- : Writing /home/runner/work/human-essentials/human-essentials/public/assets/turbo.min.js-8bc8f4a58d1c106d58dec8bef6c638ff12ff4d078f19d8ebd8c4277f4c9bc85a.map
2024-03-10T16:29:41.0188934Z I, [2024-03-10T09:29:41.006275 #2322]  INFO -- : Writing /home/runner/work/human-essentials/human-essentials/public/assets/turbo.min.js-8bc8f4a58d1c106d58dec8bef6c638ff12ff4d078f19d8ebd8c4277f4c9bc85a.map.gz
2024-03-10T16:29:41.0192877Z I, [2024-03-10T09:29:41.006386 #2322]  INFO -- : Writing /home/runner/work/human-essentials/human-essentials/public/assets/stimulus-loading-3576ce92b149ad5d6959438c6f291e2426c86df3b874c525b30faad51b0d96b3.js
2024-03-10T16:29:41.0196947Z I, [2024-03-10T09:29:41.006468 #2322]  INFO -- : Writing /home/runner/work/human-essentials/human-essentials/public/assets/stimulus-loading-3576ce92b149ad5d6959438c6f291e2426c86df3b874c525b30faad51b0d96b3.js.gz
2024-03-10T16:29:41.0200737Z I, [2024-03-10T09:29:41.006647 #2322]  INFO -- : Writing /home/runner/work/human-essentials/human-essentials/public/assets/popper-003a40d80fd205e1fa00da117d5bdc19720ba330706eaa17f9ba9513fa502304.js
2024-03-10T16:29:41.0204783Z I, [2024-03-10T09:29:41.006729 #2322]  INFO -- : Writing /home/runner/work/human-essentials/human-essentials/public/assets/popper-003a40d80fd205e1fa00da117d5bdc19720ba330706eaa17f9ba9513fa502304.js.gz
2024-03-10T16:29:41.0208505Z I, [2024-03-10T09:29:41.006840 #2322]  INFO -- : Writing /home/runner/work/human-essentials/human-essentials/public/assets/actiontext-28c61f5197c204db043317a8f8826a87ab31495b741f854d307ca36122deefce.js
2024-03-10T16:29:41.0212214Z I, [2024-03-10T09:29:41.006984 #2322]  INFO -- : Writing /home/runner/work/human-essentials/human-essentials/public/assets/actiontext-28c61f5197c204db043317a8f8826a87ab31495b741f854d307ca36122deefce.js.gz
2024-03-10T16:29:41.0216188Z I, [2024-03-10T09:29:41.007101 #2322]  INFO -- : Writing /home/runner/work/human-essentials/human-essentials/public/assets/trix-1563ff9c10f74e143b3ded40a8458497eaf2f87a648a5cbbfebdb7dec3447a5e.js
2024-03-10T16:29:41.0219777Z I, [2024-03-10T09:29:41.007189 #2322]  INFO -- : Writing /home/runner/work/human-essentials/human-essentials/public/assets/trix-1563ff9c10f74e143b3ded40a8458497eaf2f87a648a5cbbfebdb7dec3447a5e.js.gz
2024-03-10T16:29:41.0223331Z I, [2024-03-10T09:29:41.007297 #2322]  INFO -- : Writing /home/runner/work/human-essentials/human-essentials/public/assets/trix-b0398dade8e5ac249fe98f2e850f45adbcdfecd8a11c46b3eb67bdedb87b1b04.css
2024-03-10T16:29:41.0227135Z I, [2024-03-10T09:29:41.007391 #2322]  INFO -- : Writing /home/runner/work/human-essentials/human-essentials/public/assets/trix-b0398dade8e5ac249fe98f2e850f45adbcdfecd8a11c46b3eb67bdedb87b1b04.css.gz
2024-03-10T16:29:41.0231146Z I, [2024-03-10T09:29:41.007515 #2322]  INFO -- : Writing /home/runner/work/human-essentials/human-essentials/public/assets/stimulus-f75215805563870a61ee9dc5a207ce46d4675c7e667558a54344fd1e7baa697f.js
2024-03-10T16:29:41.0234777Z I, [2024-03-10T09:29:41.007598 #2322]  INFO -- : Writing /home/runner/work/human-essentials/human-essentials/public/assets/stimulus-f75215805563870a61ee9dc5a207ce46d4675c7e667558a54344fd1e7baa697f.js.gz
2024-03-10T16:29:41.0238840Z I, [2024-03-10T09:29:41.007716 #2322]  INFO -- : Writing /home/runner/work/human-essentials/human-essentials/public/assets/stimulus-autoloader-c584942b568ba74879da31c7c3d51366737bacaf6fbae659383c0a5653685693.js
2024-03-10T16:29:41.0243653Z I, [2024-03-10T09:29:41.007802 #2322]  INFO -- : Writing /home/runner/work/human-essentials/human-essentials/public/assets/stimulus-autoloader-c584942b568ba74879da31c7c3d51366737bacaf6fbae659383c0a5653685693.js.gz
2024-03-10T16:29:41.0247943Z I, [2024-03-10T09:29:41.007915 #2322]  INFO -- : Writing /home/runner/work/human-essentials/human-essentials/public/assets/stimulus-importmap-autoloader-db2076c783bf2dbee1226e2add52fef290b5d31b5bcd1edd999ac8a6dd31c44a.js
2024-03-10T16:29:41.0252297Z I, [2024-03-10T09:29:41.008004 #2322]  INFO -- : Writing /home/runner/work/human-essentials/human-essentials/public/assets/stimulus-importmap-autoloader-db2076c783bf2dbee1226e2add52fef290b5d31b5bcd1edd999ac8a6dd31c44a.js.gz
2024-03-10T16:29:41.0256396Z I, [2024-03-10T09:29:41.008106 #2322]  INFO -- : Writing /home/runner/work/human-essentials/human-essentials/public/assets/stimulus-loading-3576ce92b149ad5d6959438c6f291e2426c86df3b874c525b30faad51b0d96b3.js
2024-03-10T16:29:41.0260568Z I, [2024-03-10T09:29:41.008184 #2322]  INFO -- : Writing /home/runner/work/human-essentials/human-essentials/public/assets/stimulus-loading-3576ce92b149ad5d6959438c6f291e2426c86df3b874c525b30faad51b0d96b3.js.gz
2024-03-10T16:29:41.0264146Z I, [2024-03-10T09:29:41.008296 #2322]  INFO -- : Writing /home/runner/work/human-essentials/human-essentials/public/assets/stimulus.min-dd364f16ec9504dfb72672295637a1c8838773b01c0b441bd41008124c407894.js
2024-03-10T16:29:41.0267642Z I, [2024-03-10T09:29:41.008380 #2322]  INFO -- : Writing /home/runner/work/human-essentials/human-essentials/public/assets/stimulus.min-dd364f16ec9504dfb72672295637a1c8838773b01c0b441bd41008124c407894.js.gz
2024-03-10T16:29:41.0271448Z I, [2024-03-10T09:29:41.008486 #2322]  INFO -- : Writing /home/runner/work/human-essentials/human-essentials/public/assets/stimulus-autoloader-c584942b568ba74879da31c7c3d51366737bacaf6fbae659383c0a5653685693.js
2024-03-10T16:29:41.0275215Z I, [2024-03-10T09:29:41.008569 #2322]  INFO -- : Writing /home/runner/work/human-essentials/human-essentials/public/assets/stimulus-autoloader-c584942b568ba74879da31c7c3d51366737bacaf6fbae659383c0a5653685693.js.gz
2024-03-10T16:29:41.0279209Z I, [2024-03-10T09:29:41.008668 #2322]  INFO -- : Writing /home/runner/work/human-essentials/human-essentials/public/assets/stimulus-importmap-autoloader-db2076c783bf2dbee1226e2add52fef290b5d31b5bcd1edd999ac8a6dd31c44a.js
2024-03-10T16:29:41.0283033Z I, [2024-03-10T09:29:41.008746 #2322]  INFO -- : Writing /home/runner/work/human-essentials/human-essentials/public/assets/stimulus-importmap-autoloader-db2076c783bf2dbee1226e2add52fef290b5d31b5bcd1edd999ac8a6dd31c44a.js.gz
2024-03-10T16:29:41.0286780Z I, [2024-03-10T09:29:41.008855 #2322]  INFO -- : Writing /home/runner/work/human-essentials/human-essentials/public/assets/stimulus-loading-3576ce92b149ad5d6959438c6f291e2426c86df3b874c525b30faad51b0d96b3.js
2024-03-10T16:29:41.0290210Z I, [2024-03-10T09:29:41.008931 #2322]  INFO -- : Writing /home/runner/work/human-essentials/human-essentials/public/assets/stimulus-loading-3576ce92b149ad5d6959438c6f291e2426c86df3b874c525b30faad51b0d96b3.js.gz
2024-03-10T16:29:41.0293655Z I, [2024-03-10T09:29:41.009043 #2322]  INFO -- : Writing /home/runner/work/human-essentials/human-essentials/public/assets/stimulus.min.js-2cc63625fa177963b45da974806e7aee846cbf1d4930815733d0fdf3fb232325.map
2024-03-10T16:29:41.0297042Z I, [2024-03-10T09:29:41.009128 #2322]  INFO -- : Writing /home/runner/work/human-essentials/human-essentials/public/assets/stimulus.min.js-2cc63625fa177963b45da974806e7aee846cbf1d4930815733d0fdf3fb232325.map.gz
2024-03-10T16:29:41.0300556Z I, [2024-03-10T09:29:41.009235 #2322]  INFO -- : Writing /home/runner/work/human-essentials/human-essentials/public/assets/activestorage-3ab61e47dd4ee2d79db525ade1dca2ede0ea2b7371fe587e408ee37b7ade265d.js
2024-03-10T16:29:41.0303979Z I, [2024-03-10T09:29:41.009320 #2322]  INFO -- : Writing /home/runner/work/human-essentials/human-essentials/public/assets/activestorage-3ab61e47dd4ee2d79db525ade1dca2ede0ea2b7371fe587e408ee37b7ade265d.js.gz
2024-03-10T16:29:41.0307438Z I, [2024-03-10T09:29:41.009428 #2322]  INFO -- : Writing /home/runner/work/human-essentials/human-essentials/public/assets/activestorage.esm-01f58a45d77495cdfbdfcc872902a430426c4391634ec9c3da5f69fbf8418492.js
2024-03-10T16:29:41.0311253Z I, [2024-03-10T09:29:41.009508 #2322]  INFO -- : Writing /home/runner/work/human-essentials/human-essentials/public/assets/activestorage.esm-01f58a45d77495cdfbdfcc872902a430426c4391634ec9c3da5f69fbf8418492.js.gz
2024-03-10T16:29:41.0314809Z I, [2024-03-10T09:29:41.009617 #2322]  INFO -- : Writing /home/runner/work/human-essentials/human-essentials/public/assets/actioncable-5433453f9b6619a9de91aaab2d7fc7ff183e5260c0107cbc9a1aa0c838d9a74e.js
2024-03-10T16:29:41.0318179Z I, [2024-03-10T09:29:41.009696 #2322]  INFO -- : Writing /home/runner/work/human-essentials/human-essentials/public/assets/actioncable-5433453f9b6619a9de91aaab2d7fc7ff183e5260c0107cbc9a1aa0c838d9a74e.js.gz
2024-03-10T16:29:41.0321555Z I, [2024-03-10T09:29:41.009805 #2322]  INFO -- : Writing /home/runner/work/human-essentials/human-essentials/public/assets/actioncable.esm-e01089c3ec4fe7817fa9abcad06cab6bdc387f95f0ca6aab4bf7ba7537f70690.js
2024-03-10T16:29:41.0325057Z I, [2024-03-10T09:29:41.009892 #2322]  INFO -- : Writing /home/runner/work/human-essentials/human-essentials/public/assets/actioncable.esm-e01089c3ec4fe7817fa9abcad06cab6bdc387f95f0ca6aab4bf7ba7537f70690.js.gz
2024-03-10T16:29:41.5096816Z Coverage report generated for RSpec to /home/runner/work/human-essentials/human-essentials/coverage. 442 / 10017 LOC (4.41%) covered.
2024-03-10T16:29:41.5840068Z ##[group]Run RUBYOPT='-W:no-deprecated -W:no-experimental' bin/knapsack_pro_rspec
2024-03-10T16:29:41.5840967Z [36;1mRUBYOPT='-W:no-deprecated -W:no-experimental' bin/knapsack_pro_rspec[0m
2024-03-10T16:29:41.5892542Z shell: /usr/bin/bash -e {0}
2024-03-10T16:29:41.5892957Z env:
2024-03-10T16:29:41.5893388Z   POSTGRES_HOST: localhost
2024-03-10T16:29:41.5893781Z   DATABASE_HOST: localhost
2024-03-10T16:29:41.5894180Z   PG_USERNAME: postgres
2024-03-10T16:29:41.5894586Z   PG_PASSWORD: password
2024-03-10T16:29:41.5894966Z   POSTGRES_HOST_AUTH_METHOD: trust
2024-03-10T16:29:41.5895393Z   POSTGRES_PORT: 5432
2024-03-10T16:29:41.5895809Z   PGHOST: localhost
2024-03-10T16:29:41.5896167Z   PGUSER: postgres
2024-03-10T16:29:41.5896568Z   RAILS_ENV: test
2024-03-10T16:29:41.5897160Z   KNAPSACK_PRO_TEST_SUITE_TOKEN_RSPEC: ***
2024-03-10T16:29:41.5897858Z   KNAPSACK_PRO_CI_NODE_TOTAL: 6
2024-03-10T16:29:41.5898314Z   KNAPSACK_PRO_CI_NODE_INDEX: 1
2024-03-10T16:29:41.5898891Z   KNAPSACK_PRO_RSPEC_SPLIT_BY_TEST_EXAMPLES: true
2024-03-10T16:29:41.5899419Z   KNAPSACK_PRO_LOG_LEVEL: info
2024-03-10T16:29:41.5900072Z   KNAPSACK_PRO_TEST_FILE_PATTERN: {spec/system/**{,/*/**}/*_spec.rb,spec/requests/**{,/*/**}/*_spec.rb}
2024-03-10T16:29:41.5900714Z ##[endgroup]
2024-03-10T16:29:47.5959106Z I, [2024-03-10T16:29:47.595517 #2417]  INFO -- : [knapsack_pro] Generating RSpec test examples JSON report for slow test files to prepare it to be split by test examples (by individual test cases). Thanks to that, a single slow test file can be split across parallel CI nodes. Analyzing 1 slow test files.
2024-03-10T16:29:56.3578665Z Coverage report generated for RSpec to /home/runner/work/human-essentials/human-essentials/coverage. 2540 / 6693 LOC (37.95%) covered.
2024-03-10T16:29:59.1964784Z /opt/hostedtoolcache/Ruby/3.2.2/x64/bin/ruby -I/home/runner/work/human-essentials/human-essentials/vendor/bundle/ruby/3.2.0/gems/rspec-core-3.12.2/lib:/home/runner/work/human-essentials/human-essentials/vendor/bundle/ruby/3.2.0/gems/rspec-support-3.12.1/lib /home/runner/work/human-essentials/human-essentials/vendor/bundle/ruby/3.2.0/gems/rspec-core-3.12.2/exe/rspec  --format documentation --format KnapsackPro::Formatters::TimeTracker --default-path spec "spec/system/donation_system_spec.rb" "spec/system/storage_location_system_spec.rb" "spec/system/product_drive_system_spec.rb" "spec/system/product_drive_participant_system_spec.rb" "spec/system/donation_site_system_spec.rb" "spec/requests/product_drives_requests_spec.rb" "spec/system/dashboard_system_spec.rb[1:2:4:3:1:1]" "spec/system/log_in_system_spec.rb" "spec/system/annual_reports_system_spec.rb" "spec/system/dashboard_system_spec.rb[1:2:6:2:1:1]" "spec/system/dashboard_system_spec.rb[1:2:6:4:1:1]" "spec/system/dashboard_system_spec.rb[1:2:5:6:1:2]" "spec/system/dashboard_system_spec.rb[1:2:5:5:1:2]" "spec/system/dashboard_system_spec.rb[1:2:7:10:1:1]" "spec/requests/barcode_items_requests_spec.rb" "spec/system/dashboard_system_spec.rb[1:2:5:2:1:2]" "spec/system/dashboard_system_spec.rb[1:2:5:4:1:2]" "spec/system/dashboard_system_spec.rb[1:2:3:9:1:1]" "spec/system/dashboard_system_spec.rb[1:2:4:1]" "spec/requests/dashboard_requests_spec.rb" "spec/requests/donations_requests_spec.rb" "spec/requests/partners/individuals_requests_controller_spec.rb" "spec/requests/account_requests_spec.rb" "spec/requests/broadcast_announcements_spec.rb" "spec/requests/profiles_requests_spec.rb" "spec/requests/partners/user_requests_spec.rb" "spec/requests/users/omniauth_callbacks_requests_spec.rb"
2024-03-10T16:30:07.6278272Z Run options: include {:ids=>{"./spec/system/dashboard_system_spec.rb"=>["1:2:4:3:1:1", "1:2:6:2:1:1", "1:2:6:4:1:1", "1:2:5:6:1:2", "1:2:5:5:1:2", "1:2:7:10:1:1", "1:2:5:2:1:2", "1:2:5:4:1:2", "1:2:3:9:1:1", "1:2:4:1"]}}
2024-03-10T16:30:07.6353662Z 
2024-03-10T16:30:07.6354206Z Randomized with seed 47795
2024-03-10T16:30:08.6545198Z 
2024-03-10T16:30:08.6545917Z Donations
2024-03-10T16:30:08.6546652Z   while signed in
2024-03-10T16:30:08.6548279Z     GET #index
2024-03-10T16:30:08.6549664Z       html
2024-03-10T16:30:08.7619574Z         should have the columns source and details
2024-03-10T16:30:08.8033123Z         is expected to be successful
2024-03-10T16:30:08.8033999Z         when given a product drive
2024-03-10T16:30:08.8547027Z           should display Product Drive and the name of the drive
2024-03-10T16:30:08.8547757Z         when given a donation site
2024-03-10T16:30:08.9037414Z           should display Donation Site and the name of the site
2024-03-10T16:30:08.9038244Z         when given a misc donation
2024-03-10T16:30:08.9478747Z           should display Misc Donation and a truncated comment
2024-03-10T16:30:08.9479956Z         when given a manufacturer
2024-03-10T16:30:08.9968622Z           should display Manufacturer and the manufacturer name
2024-03-10T16:30:08.9969677Z       csv
2024-03-10T16:30:09.0216751Z         is expected to be successful
2024-03-10T16:30:09.0217865Z     GET #edit
2024-03-10T16:30:09.0218851Z       when an finalized audit has been performed on the donated items
2024-03-10T16:30:09.1904459Z         shows a warning
2024-03-10T16:30:09.1905567Z     when no audit has been performed
2024-03-10T16:30:09.2895162Z       doesn't show a warning
2024-03-10T16:30:09.2896094Z     when an non-finalized audit has been performed on the donated items
2024-03-10T16:30:09.4112517Z       does not shows a warning
2024-03-10T16:30:09.4113339Z 
2024-03-10T16:30:09.4113574Z Product Drives
2024-03-10T16:30:09.4115698Z   When visiting the index page without parameters
2024-03-10T16:30:10.6300778Z     shows the expected product drives
2024-03-10T16:30:11.1477928Z     Shows the expected filters with the expected values and in alphabetical order for name filter
2024-03-10T16:30:11.6550104Z     shows in descending order of start date
2024-03-10T16:30:12.1314293Z     shows only one virtual product drives
2024-03-10T16:30:12.6262228Z     shows two non-virtual product drives
2024-03-10T16:30:12.6263347Z   when showing a Product Drive with no end date
2024-03-10T16:30:13.0870646Z     must be able to show the product drive
2024-03-10T16:30:13.0871704Z   when creating a normal product drive
2024-03-10T16:30:13.8946665Z     must create a new product drive
2024-03-10T16:30:14.6804561Z     must have correct attributes
2024-03-10T16:30:15.4832626Z     must have the success message
2024-03-10T16:30:15.4833583Z   when creating a Virtual Product Drive
2024-03-10T16:30:16.3944300Z     must create a new virtual Product Drive
2024-03-10T16:30:17.3490068Z     must have correct attributes
2024-03-10T16:30:18.2935550Z     must have the success message
2024-03-10T16:30:18.2936119Z 
2024-03-10T16:30:18.2936386Z Profiles
2024-03-10T16:30:18.2937825Z   GET #edit
2024-03-10T16:30:18.4040921Z     returns http success
2024-03-10T16:30:18.4041792Z   POST #update
2024-03-10T16:30:18.4042621Z     when updating an existing value to a blank value
2024-03-10T16:30:18.4489821Z       update partner
2024-03-10T16:30:18.4896923Z       should have blank values
2024-03-10T16:30:18.4897795Z     successful save
2024-03-10T16:30:18.5318790Z       redirects to #show
2024-03-10T16:30:18.5739501Z       update partner
2024-03-10T16:30:18.5740479Z 
2024-03-10T16:30:18.5740779Z Donations
2024-03-10T16:30:18.5742465Z   When signed in as a normal user
2024-03-10T16:30:18.5743572Z     When donation items have value
2024-03-10T16:30:19.2289302Z       Displays the total value on the index page
2024-03-10T16:30:20.0981589Z       Displays the total value on the show page
2024-03-10T16:30:20.7719111Z       Displays the individual value on the index page
2024-03-10T16:30:20.7719705Z     When filtering on the index page
2024-03-10T16:30:21.5912559Z       Filters by donation site
2024-03-10T16:30:22.4191842Z       Filters by manufacturer
2024-03-10T16:30:23.2356577Z       Filters by storage location
2024-03-10T16:30:24.0668007Z       Filters by the source
2024-03-10T16:30:24.8895893Z       Filters by product drive participant
2024-03-10T16:30:25.7013400Z       Filters by product drives
2024-03-10T16:30:26.7947117Z       Filters by multiple attributes
2024-03-10T16:30:27.6354829Z       Filter by product drive participant sticks around
2024-03-10T16:30:27.6355813Z       behaves like Date Range Picker
2024-03-10T16:30:28.5836338Z         when choosing 'All Time'
2024-03-10T16:30:28.5837148Z           shows all the records
2024-03-10T16:30:28.5838111Z         when choosing 'Last Month'
2024-03-10T16:30:29.5097539Z           shows only 2 of the records
2024-03-10T16:30:29.5098750Z         when choosing a date range that only includes the previous week
2024-03-10T16:30:30.4231190Z           shows only 1 record
2024-03-10T16:30:30.4232421Z     When editing an existing donation
2024-03-10T16:30:32.2847551Z       Does not default a selection if item lookup fails
2024-03-10T16:30:33.7431727Z       Allows the user to edit a donation
2024-03-10T16:30:33.7432601Z     When viewing an existing donation
2024-03-10T16:30:34.2582128Z       displays donation comment
2024-03-10T16:30:34.7610870Z       does not allow deletion of a donation
2024-03-10T16:30:34.7611658Z       when there is no comment defined
2024-03-10T16:30:35.5441484Z         displays the None provided as the comment
2024-03-10T16:30:35.5442336Z     When creating a new donation
2024-03-10T16:30:36.1388124Z       should not display inactive storage locations in dropdown
2024-03-10T16:30:36.1389438Z       Via barcode entry
2024-03-10T16:30:37.0699080Z         Updates the line item when the same barcode is scanned twice
2024-03-10T16:30:38.0170578Z         Allows User to add items that do not yet have a barcode
2024-03-10T16:30:38.8310595Z         Allows User to add items by barcode
2024-03-10T16:30:38.8311677Z         When the barcode is a global barcode
2024-03-10T16:30:39.8744933Z           Adds the oldest item it can find for the global barcode
2024-03-10T16:30:39.8745765Z       Via manual entry
2024-03-10T16:30:40.7641586Z         Allows User to create a donation for a Manufacturer source
2024-03-10T16:30:41.5137602Z         Allows User to create a Product Drive from donation
2024-03-10T16:30:42.4542219Z         Allows User to create a donation for a ProductDrive Participant source
2024-03-10T16:30:43.4418843Z         Repopulates items dropdown even if initial submission doesn't validate
2024-03-10T16:30:44.2138876Z         Allows User to create a Product Drive Participant from donation
2024-03-10T16:30:45.1666206Z         Strips extraneous data if the user adds both Donation Site and Product Drive Participant
2024-03-10T16:30:45.9698432Z         Does not include inactive items in the line item fields
2024-03-10T16:30:46.7020605Z         Allows User to create a Manufacturer from donation
2024-03-10T16:30:47.5676079Z         Allows User to create a donation for Purchased Supplies
2024-03-10T16:30:48.4176050Z         Displays nested errors
2024-03-10T16:30:49.2916904Z         User can create a donation using dollars decimal amount for its money raised
2024-03-10T16:30:50.1807277Z         Allows User to create a donation with a Miscellaneous source
2024-03-10T16:30:51.0580607Z         Verifies unusually large donation quantities
2024-03-10T16:30:51.8609063Z         Ensures Barcode Entry fields have unique ids
2024-03-10T16:30:52.7496699Z         Allows donations to be created IN THE PAST
2024-03-10T16:30:53.7876822Z         Accepts and combines multiple line items for the same item type
2024-03-10T16:30:54.6982409Z         Allows User to create a donation for a Donation Site source
2024-03-10T16:30:54.6983466Z     When visiting the index page
2024-03-10T16:30:55.5081580Z       Allows User to click to the new donation form
2024-03-10T16:30:56.0026031Z       Displays Total quantity on the index page
2024-03-10T16:30:56.8036441Z       doesn't die when an inactive item is in a donation
2024-03-10T16:30:57.5532628Z       should not display inactive storage locations in dropdown
2024-03-10T16:30:57.5533434Z   while signed in as an organization admin
2024-03-10T16:30:57.5534446Z     When viewing an existing donation
2024-03-10T16:30:58.3868770Z       allows deletion of a donation
2024-03-10T16:30:58.3870179Z 
2024-03-10T16:30:58.3870962Z BarcodeItems
2024-03-10T16:30:58.3871560Z   While signed in
2024-03-10T16:30:58.3873053Z     Looking at a different organization
2024-03-10T16:30:58.5725592Z       redirects the user to the sign-in page for CRUD actions
2024-03-10T16:30:58.5726476Z     GET #index
2024-03-10T16:30:58.5727170Z       csv
2024-03-10T16:30:58.5964538Z         is expected to be successful
2024-03-10T16:30:58.5965326Z       html
2024-03-10T16:30:58.6390388Z         is expected to be successful
2024-03-10T16:30:58.6390997Z     GET #find
2024-03-10T16:30:58.6391800Z       via ajax
2024-03-10T16:30:58.8456316Z         can find a barcode that's universally available
2024-03-10T16:30:59.0479896Z         can find a barcode that is scoped to just this organization
2024-03-10T16:30:59.0481176Z         when it's missing
2024-03-10T16:30:59.2465804Z           returns a 404
2024-03-10T16:30:59.2467208Z     GET #show
2024-03-10T16:30:59.2467907Z       with a normal barcode item
2024-03-10T16:30:59.2825415Z         returns http success
2024-03-10T16:30:59.2826460Z       with a global barcode item
2024-03-10T16:30:59.3118440Z         returns a 404
2024-03-10T16:30:59.3119105Z     GET #edit
2024-03-10T16:30:59.3120176Z       with a global barcode item
2024-03-10T16:30:59.3417463Z         returns a 404
2024-03-10T16:30:59.3418160Z       with a normal barcode item
2024-03-10T16:30:59.3819735Z         returns http success
2024-03-10T16:30:59.3820503Z     DELETE #destroy
2024-03-10T16:30:59.4071879Z       disallows a non-superadmin to delete a global barcode
2024-03-10T16:30:59.4364777Z       redirects to the index
2024-03-10T16:30:59.6805726Z       disallows a user to delete someone else's barcode
2024-03-10T16:30:59.6806698Z     GET #new
2024-03-10T16:30:59.8050533Z       returns http success
2024-03-10T16:30:59.8051518Z 
2024-03-10T16:30:59.8052077Z Users - Omniauth Callbacks
2024-03-10T16:30:59.8052810Z   GET #google_oauth2
2024-03-10T16:30:59.8053528Z     with a valid user
2024-03-10T16:30:59.8304762Z       redirects correctly
2024-03-10T16:30:59.8305421Z     without a valid user
2024-03-10T16:30:59.8377635Z       should redirect to new registration URL
2024-03-10T16:30:59.8378305Z 
2024-03-10T16:30:59.8378801Z Authentication
2024-03-10T16:30:59.8379778Z   Deactivated user
2024-03-10T16:31:00.5549513Z     should not allow the user to log in
2024-03-10T16:31:00.5550274Z   Success
2024-03-10T16:31:01.1385705Z     should show dashboard upon signin
2024-03-10T16:31:01.1386452Z   Showing the modal warning in staging
2024-03-10T16:31:01.1387568Z     when accessing /users/password/new not in the staging environment
2024-03-10T16:31:01.5711463Z       should not render the modal
2024-03-10T16:31:01.5712680Z     when accessing /users/password/new in the staging environment
2024-03-10T16:31:02.0018382Z       should render the modal
2024-03-10T16:31:02.0019430Z     when accessing /users/sign_in in the staging environment
2024-03-10T16:31:02.4256726Z       should render the modal
2024-03-10T16:31:02.4257452Z     when accessing /users/sign_in not in the staging environment
2024-03-10T16:31:02.8543538Z       should not render the modal
2024-03-10T16:31:02.8544802Z 
2024-03-10T16:31:02.8545109Z BroadcastAnnouncements
2024-03-10T16:31:02.8546906Z   POST /create
2024-03-10T16:31:02.8548029Z     with valid parameters
2024-03-10T16:31:02.8777037Z       creates a new BroadcastAnnouncement then redirects
2024-03-10T16:31:02.8777783Z     with invalid parameters
2024-03-10T16:31:02.9098376Z       does not create a new BroadcastAnnouncement
2024-03-10T16:31:02.9370970Z       does not render a successful response
2024-03-10T16:31:02.9372089Z   GET /edit
2024-03-10T16:31:02.9667537Z     render a successful response
2024-03-10T16:31:02.9668750Z   PATCH /update
2024-03-10T16:31:02.9669449Z     with valid parameters
2024-03-10T16:31:02.9845147Z       updates the requested announcement and redirects
2024-03-10T16:31:02.9846083Z     with invalid parameters
2024-03-10T16:31:03.0151440Z       does not render a successful response
2024-03-10T16:31:03.0152876Z   GET /index
2024-03-10T16:31:03.0573886Z     renders a successful response
2024-03-10T16:31:03.0574721Z   DELETE /destroy
2024-03-10T16:31:03.0747421Z     destroys the requested announcement then redirects
2024-03-10T16:31:03.0748261Z   GET /new
2024-03-10T16:31:03.1027998Z     renders a successful response
2024-03-10T16:31:03.1028935Z 
2024-03-10T16:31:03.1029181Z /partners/users
2024-03-10T16:31:03.1029954Z   GET #edit
2024-03-10T16:31:03.1498857Z     successfully loads the page
2024-03-10T16:31:03.1499432Z   PATCH #update
2024-03-10T16:31:03.1882495Z     lets the name be updated
2024-03-10T16:31:03.1883089Z 
2024-03-10T16:31:03.1883356Z Donation Site
2024-03-10T16:31:03.1885056Z   When a user views the index page
2024-03-10T16:31:03.8262730Z     allows the user to quick-create a new donation site
2024-03-10T16:31:04.3022789Z     should show donation sites in alphabetical order
2024-03-10T16:31:04.3023741Z   with an existing donation site
2024-03-10T16:31:05.0427969Z     updates an existing donation site
2024-03-10T16:31:05.7834856Z     does not allow updating to an existing donation site with empty attributes
2024-03-10T16:31:05.7835627Z   When creating a new donation site
2024-03-10T16:31:06.5576827Z     creates a new donation site as a user
2024-03-10T16:31:07.2763888Z     does not allow creating a new donation site with empty attributes
2024-03-10T16:31:07.2767094Z 
2024-03-10T16:31:07.2767421Z /account_requests
2024-03-10T16:31:07.2768950Z   GET #confirm
2024-03-10T16:31:07.2770047Z     when given a invalid token
2024-03-10T16:31:07.2845695Z       should render a error that says that is code provided is invalid
2024-03-10T16:31:07.2846442Z     when given a valid token
2024-03-10T16:31:07.3152730Z       should the update confirmed_at on the account_request, queue confirmation email and render confirm template
2024-03-10T16:31:07.3154207Z     when given a token that has already been confirmed
2024-03-10T16:31:07.4970943Z       should render a error that says that is code provided is invalid
2024-03-10T16:31:07.4971973Z   GET #confirmation
2024-03-10T16:31:07.4972562Z     when given a invalid token
2024-03-10T16:31:07.5033775Z       should render a error that says that is code provided is invalid
2024-03-10T16:31:07.5034939Z     when given a token that has already been confirmed
2024-03-10T16:31:07.6851421Z       should render a error that says that is code provided is invalid
2024-03-10T16:31:07.6852837Z     when given a valid token
2024-03-10T16:31:07.7000529Z       should render the confirmation template
2024-03-10T16:31:07.7003748Z   GET #received
2024-03-10T16:31:07.7004481Z     when given a invalid token
2024-03-10T16:31:07.7064121Z       should render a error that says that is code provided is invalid
2024-03-10T16:31:07.7065312Z     when given a valid token
2024-03-10T16:31:07.7200801Z       should render the received template
2024-03-10T16:31:07.7201800Z   POST #create
2024-03-10T16:31:07.7202781Z     with valid parameters
2024-03-10T16:31:07.7328981Z       creates a new AccountRequest
2024-03-10T16:31:07.7438920Z       delivers the confirmation email via default queue
2024-03-10T16:31:07.7557886Z       redirects to the created account_request confirmation
2024-03-10T16:31:07.7558991Z     with invalid parameters
2024-03-10T16:31:07.7760846Z       does not create a new AccountRequest
2024-03-10T16:31:07.7927347Z       renders a successful response (i.e. to display the 'new' template)
2024-03-10T16:31:07.7928127Z   GET #new
2024-03-10T16:31:07.8030533Z     renders a successful response
2024-03-10T16:31:07.8031111Z 
2024-03-10T16:31:07.8031489Z Annual Reports
2024-03-10T16:31:07.8032793Z   while signed in as an organization admin
2024-03-10T16:31:08.3324497Z     has the report from last year, if there is a purchase from last year
2024-03-10T16:31:09.3973500Z     has all the sub-reports we expect
2024-03-10T16:31:09.8930749Z     exists
2024-03-10T16:31:09.8935127Z 
2024-03-10T16:31:09.8935442Z Dashboard
2024-03-10T16:31:09.8937135Z   With an existing essentials bank
2024-03-10T16:31:09.8939053Z     Product Drives
2024-03-10T16:31:09.8943850Z       given 1 Product Drive Donation on 2024-02-09 (unless 'All Time'), 1 during 2024-02-10..2024-03-10, and 1 on 2024-03-11
2024-03-10T16:31:09.8945028Z         filtering to 'Last 30 Days'
2024-03-10T16:31:12.7234148Z           shows the correct total money raised (FAILED - 1)
2024-03-10T16:31:12.7236570Z   [0;33mHTML screenshot: /home/runner/work/human-essentials/human-essentials/tmp/screenshots/screenshot_shows-the-correct-total-money-raised_2024-03-10-09-31-12.572.html[0m
2024-03-10T16:31:12.7239665Z   [0;33mImage screenshot: /home/runner/work/human-essentials/human-essentials/tmp/screenshots/screenshot_shows-the-correct-total-money-raised_2024-03-10-09-31-12.572.png[0m
2024-03-10T16:31:12.7241609Z       given 1 Product Drive Donation on 2024-02-29 (unless 'All Time'), 2 during 2024-03-01..2024-03-31, and 1 on 2024-04-01
2024-03-10T16:31:12.7243013Z         filtering to 'This Month'
2024-03-10T16:31:14.0941152Z           shows the correct total money raised
2024-03-10T16:31:14.0943147Z       given 1 Product Drive Donation on 2024-03-03 (unless 'All Time'), 4 during 2024-03-04..2024-03-10, and 1 on 2024-03-11
2024-03-10T16:31:14.0944588Z         filtering to 'Last 7 Days'
2024-03-10T16:31:15.5320504Z           shows the correct total money raised
2024-03-10T16:31:15.5322403Z       given 1 Product Drive Donation on 2024-03-09 (unless 'All Time'), 4 during 2024-03-10..2024-03-10, and 1 on 2024-03-11
2024-03-10T16:31:15.5323775Z         filtering to 'Today'
2024-03-10T16:31:18.4392288Z           shows the correct total money raised (FAILED - 2)
2024-03-10T16:31:18.4394543Z   [0;33mHTML screenshot: /home/runner/work/human-essentials/human-essentials/tmp/screenshots/screenshot_shows-the-correct-total-money-raised_2024-03-10-09-31-18.287.html[0m
2024-03-10T16:31:18.4397996Z   [0;33mImage screenshot: /home/runner/work/human-essentials/human-essentials/tmp/screenshots/screenshot_shows-the-correct-total-money-raised_2024-03-10-09-31-18.287.png[0m
2024-03-10T16:31:18.4399711Z     Donations
2024-03-10T16:31:18.4400918Z       given 1 Donation on 2023-12-31 (only if a valid date), 3 during 2024-01-01..2024-12-31, and 1 on 2025-01-01
2024-03-10T16:31:18.4402061Z         filtering to 'This Year'
2024-03-10T16:31:19.7939694Z           shows the correct total and 3 Recent Donation link(s)
2024-03-10T16:31:19.7943974Z     Manufacturer Donations
2024-03-10T16:31:19.7949290Z       given 1 Manufacturer donating on 2024-03-09  (unless 'All Time'), 7 during 2024-03-10..2024-03-10, and 1 on 2024-03-11
2024-03-10T16:31:19.7950941Z         filtering to 'Today'
2024-03-10T16:31:21.9547412Z           shows the correct total and 9 Top Manufacturer Donation link(s)
2024-03-10T16:31:21.9549613Z       given 1 Manufacturer donating on 2024-03-03  (unless 'All Time'), 6 during 2024-03-04..2024-03-10, and 1 on 2024-03-11
2024-03-10T16:31:21.9550620Z         filtering to 'Last 7 Days'
2024-03-10T16:31:25.2894462Z           shows the correct total and 8 Top Manufacturer Donation link(s) (FAILED - 3)
2024-03-10T16:31:25.2897308Z   [0;33mHTML screenshot: /home/runner/work/human-essentials/human-essentials/tmp/screenshots/screenshot_shows-the-correct-total-and-8-Top-Manufacturer-Donation-link(s)_2024-03-10-09-31-25.137.html[0m
2024-03-10T16:31:25.2900743Z   [0;33mImage screenshot: /home/runner/work/human-essentials/human-essentials/tmp/screenshots/screenshot_shows-the-correct-total-and-8-Top-Manufacturer-Donation-link(s)_2024-03-10-09-31-25.137.png[0m
2024-03-10T16:31:25.2902066Z     Distributions
2024-03-10T16:31:25.2902898Z       given 1 Distribution on 2022-03-09  (unless 'All Time'), 2 during 2022-03-10..2024-02-21, and 1 on 2024-02-22
2024-03-10T16:31:25.2903729Z         filtering to '' (March 10, 2022 - February 21, 2024)
2024-03-10T16:31:26.7049105Z           shows the correct total and 2 Recent Distribution link(s)
2024-03-10T16:31:26.7052037Z     Purchases
2024-03-10T16:31:27.5818130Z       has a link to create a new purchase
2024-03-10T16:31:27.5821920Z       given 1 Purchase on 2024-03-08  (unless 'All Time'), 1 during 2024-03-09..2024-03-09, and 1 on 2024-03-10
2024-03-10T16:31:27.5823479Z         filtering to 'Yesterday'
2024-03-10T16:31:28.9136375Z           shows correct 1 Recent Purchase link(s)
2024-03-10T16:31:28.9139530Z 
2024-03-10T16:31:28.9139870Z Participant
2024-03-10T16:31:28.9141708Z   when creating new product drive participants
2024-03-10T16:31:29.6847366Z     allows a user to create a new product drive instance
2024-03-10T16:31:30.4111921Z     does not allow a user to add a new product drive instance with empty attributes
2024-03-10T16:31:30.4112708Z   When a user views the index page
2024-03-10T16:31:30.8151854Z     alphabetizes the product drive participant names
2024-03-10T16:31:30.8152910Z     When the s have donations associated with them already
2024-03-10T16:31:31.6349141Z       allows single  Participants to show semi-detailed stats about donations from that product drive
2024-03-10T16:31:32.4397237Z       shows existing  Participants in the #index with some summary stats
2024-03-10T16:31:32.4398282Z   when editing an existing product drive participant
2024-03-10T16:31:33.2019830Z     does not allow a user to update a product drive participant with empty attributes
2024-03-10T16:31:33.9724505Z     allows a user to update the contact info for a product drive participant
2024-03-10T16:31:33.9725098Z 
2024-03-10T16:31:33.9725351Z ProductDrives
2024-03-10T16:31:33.9726709Z   while not signed in
2024-03-10T16:31:34.1523132Z     is unsuccessful
2024-03-10T16:31:34.1523584Z   While signed in >
2024-03-10T16:31:34.1524744Z     PUT#update
2024-03-10T16:31:34.3570545Z       returns redirect http status
2024-03-10T16:31:34.3571635Z     GET #edit
2024-03-10T16:31:34.5698786Z       returns http success
2024-03-10T16:31:34.5699514Z     GET #new
2024-03-10T16:31:34.7782209Z       returns http success
2024-03-10T16:31:34.7783002Z     DELETE #destroy
2024-03-10T16:31:35.0923553Z       redirects to the index
2024-03-10T16:31:35.0924177Z     GET #index
2024-03-10T16:31:35.5417897Z       displays only product drives that belong to organization and that match drive name and date range
2024-03-10T16:31:35.7546199Z       returns http success
2024-03-10T16:31:35.7546958Z       csv
2024-03-10T16:31:35.9883737Z         only counts items within the selected date range
2024-03-10T16:31:36.1856146Z         is successful
2024-03-10T16:31:36.3925327Z         returns ONLY the product drives within a selected date range (inclusive)
2024-03-10T16:31:36.6164840Z         returns the quantity of all organization's items
2024-03-10T16:31:37.0006499Z         returns ONLY the associated product drives
2024-03-10T16:31:37.0007385Z     POST#create
2024-03-10T16:31:37.1966503Z       returns redirect http status
2024-03-10T16:31:37.1967054Z     GET #show
2024-03-10T16:31:37.4707825Z       shows appropriate number on the UI
2024-03-10T16:31:37.6848169Z       returns http success
2024-03-10T16:31:37.6849094Z 
2024-03-10T16:31:37.6849665Z Dashboard
2024-03-10T16:31:37.6850624Z   While not signed in
2024-03-10T16:31:37.8583347Z     redirects for authentication
2024-03-10T16:31:37.8584577Z   While signed in
2024-03-10T16:31:37.8585258Z     GET #show
2024-03-10T16:31:37.9180681Z       returns http success
2024-03-10T16:31:37.9181762Z       for another org
2024-03-10T16:31:38.1459912Z         still displays the user's org
2024-03-10T16:31:38.1461093Z       with both roles
2024-03-10T16:31:38.2264096Z         should include the switch link
2024-03-10T16:31:38.2264997Z     BroadcastAnnouncement card
2024-03-10T16:31:38.2959379Z       displays announcements if there are valid ones
2024-03-10T16:31:38.3594777Z       doesn't display announcements if they are not from super admins
2024-03-10T16:31:38.3596112Z 
2024-03-10T16:31:38.3597047Z Partners::IndividualsRequestsController
2024-03-10T16:31:38.3597660Z   GET #new
2024-03-10T16:31:38.4008132Z     does not allow deactivated partners
2024-03-10T16:31:38.4411106Z     does not allow partners not verified
2024-03-10T16:31:38.4412122Z     when first reaching the new page
2024-03-10T16:31:38.4897363Z       has the correct select fields
2024-03-10T16:31:38.4898253Z   POST #create
2024-03-10T16:31:38.5342302Z     does not allow deactivated partners
2024-03-10T16:31:38.5792066Z     does not allow partners not verified
2024-03-10T16:31:38.5792966Z     when a request has an empty row
2024-03-10T16:31:38.6500092Z       is valid
2024-03-10T16:31:38.6501014Z     when a request is empty
2024-03-10T16:31:38.7062186Z       is invalid
2024-03-10T16:31:38.7063111Z     when a request has only a comment
2024-03-10T16:31:38.7575147Z       is valid
2024-03-10T16:31:38.7575885Z     after invalid submission
2024-03-10T16:31:38.8154642Z       has the correct select fields
2024-03-10T16:31:38.8155479Z     when the request is valid
2024-03-10T16:31:38.8700913Z       submits the request
2024-03-10T16:31:38.8702011Z     when the request has invalid inputs
2024-03-10T16:31:38.9316207Z       shows an error
2024-03-10T16:31:38.9317186Z 
2024-03-10T16:31:38.9317683Z Storage Locations
2024-03-10T16:31:38.9319668Z   when editing an existing storage location
2024-03-10T16:31:39.8519978Z     User updates an existing storage location
2024-03-10T16:31:40.6795680Z     User updates an existing storage location with empty name
2024-03-10T16:31:40.6796519Z   when viewing an existing storage location
2024-03-10T16:31:41.3849951Z     Items out (distributions)
2024-03-10T16:31:42.0397844Z     Items in (adjustments)
2024-03-10T16:31:42.0398631Z   when viewing the index
2024-03-10T16:31:42.8306805Z     Stops a user from deactivating storage locations with inventory
2024-03-10T16:31:43.9122686Z     shows totals that are the sum totals of all inputs
2024-03-10T16:31:44.7906415Z     Allows user to filter discarded storage locations
2024-03-10T16:31:45.3784804Z     Filter list presented to user is in alphabetical order by item name
2024-03-10T16:31:46.6068513Z     User can filter the #index by those that contain certain items
2024-03-10T16:31:48.1279219Z     Allows user to deactivate and reactivate storage locations
2024-03-10T16:31:48.1280244Z   when creating a new storage location
2024-03-10T16:31:48.9425051Z     User creates a new storage location with optional fields
2024-03-10T16:31:49.6855365Z     User creates a new storage location with empty attributes
2024-03-10T16:31:50.4812155Z     User creates a new storage location
2024-03-10T16:31:50.7693372Z 
2024-03-10T16:31:50.7694523Z Failures:
2024-03-10T16:31:50.7694845Z 
2024-03-10T16:31:50.7696828Z   1) Dashboard With an existing essentials bank Product Drives given 1 Product Drive Donation on 2024-02-09 (unless 'All Time'), 1 during 2024-02-10..2024-03-10, and 1 on 2024-03-11 filtering to 'Last 30 Days' shows the correct total money raised
2024-03-10T16:31:50.7698893Z      Failure/Error:
2024-03-10T16:31:50.7699823Z        within ".container__predefined-ranges" do
2024-03-10T16:31:50.7700651Z          find("button", text: range_name).click
2024-03-10T16:31:50.7701344Z        end
2024-03-10T16:31:50.7701904Z 
2024-03-10T16:31:50.7702151Z      Capybara::ElementNotFound:
2024-03-10T16:31:50.7703083Z        Unable to find css ".container__predefined-ranges"
2024-03-10T16:31:50.7703701Z 
2024-03-10T16:31:50.7706144Z      [Screenshot Image]: /home/runner/work/human-essentials/human-essentials/tmp/capybara/failures_r_spec_example_groups_dashboard_with_an_existing_essentials_bank_product_drives_given1_product_drive_donation_on20240209_unless_all_time1_during2024021020240310_and1_on20240311_filtering_to_last30_day_852.png
2024-03-10T16:31:50.7708498Z 
2024-03-10T16:31:50.7708504Z 
2024-03-10T16:31:50.7709365Z      # ./spec/support/pages/organization_dashboard_page.rb:139:in `select_date_filter_range'
2024-03-10T16:31:50.7710841Z      # ./spec/support/pages/organization_dashboard_page.rb:40:in `filter_to_date_range'
2024-03-10T16:31:50.7712441Z      # ./spec/system/dashboard_system_spec.rb:455:in `block (7 levels) in <top (required)>'
2024-03-10T16:31:50.7713967Z      # ./spec/system/dashboard_system_spec.rb:363:in `block (4 levels) in <top (required)>'
2024-03-10T16:31:50.7714866Z 
2024-03-10T16:31:50.7717293Z   2) Dashboard With an existing essentials bank Product Drives given 1 Product Drive Donation on 2024-03-09 (unless 'All Time'), 4 during 2024-03-10..2024-03-10, and 1 on 2024-03-11 filtering to 'Today' shows the correct total money raised
2024-03-10T16:31:50.7719785Z      Failure/Error:
2024-03-10T16:31:50.7720607Z        within ".container__predefined-ranges" do
2024-03-10T16:31:50.7721486Z          find("button", text: range_name).click
2024-03-10T16:31:50.7722174Z        end
2024-03-10T16:31:50.7722427Z 
2024-03-10T16:31:50.7722702Z      Capybara::ElementNotFound:
2024-03-10T16:31:50.7723602Z        Unable to find css ".container__predefined-ranges"
2024-03-10T16:31:50.7724213Z 
2024-03-10T16:31:50.7726830Z      [Screenshot Image]: /home/runner/work/human-essentials/human-essentials/tmp/screenshots/failures_r_spec_example_groups_dashboard_with_an_existing_essentials_bank_product_drives_given1_product_drive_donation_on20240309_unless_all_time4_during2024031020240310_and1_on20240311_filtering_to_today_show_335.png
2024-03-10T16:31:50.7729573Z 
2024-03-10T16:31:50.7729580Z 
2024-03-10T16:31:50.7730196Z      # ./spec/support/pages/organization_dashboard_page.rb:139:in `select_date_filter_range'
2024-03-10T16:31:50.7731898Z      # ./spec/support/pages/organization_dashboard_page.rb:40:in `filter_to_date_range'
2024-03-10T16:31:50.7733379Z      # ./spec/system/dashboard_system_spec.rb:455:in `block (7 levels) in <top (required)>'
2024-03-10T16:31:50.7734904Z      # ./spec/system/dashboard_system_spec.rb:363:in `block (4 levels) in <top (required)>'
2024-03-10T16:31:50.7735908Z 
2024-03-10T16:31:50.7738335Z   3) Dashboard With an existing essentials bank Manufacturer Donations given 1 Manufacturer donating on 2024-03-03  (unless 'All Time'), 6 during 2024-03-04..2024-03-10, and 1 on 2024-03-11 filtering to 'Last 7 Days' shows the correct total and 8 Top Manufacturer Donation link(s)
2024-03-10T16:31:50.7740547Z      Failure/Error:
2024-03-10T16:31:50.7741344Z        within ".container__predefined-ranges" do
2024-03-10T16:31:50.7742147Z          find("button", text: range_name).click
2024-03-10T16:31:50.7742894Z        end
2024-03-10T16:31:50.7743191Z 
2024-03-10T16:31:50.7743599Z      Capybara::ElementNotFound:
2024-03-10T16:31:50.7744481Z        Unable to find css ".container__predefined-ranges"
2024-03-10T16:31:50.7745121Z 
2024-03-10T16:31:50.7747772Z      [Screenshot Image]: /home/runner/work/human-essentials/human-essentials/tmp/screenshots/failures_r_spec_example_groups_dashboard_with_an_existing_essentials_bank_manufacturer_donations_given1_manufacturer_donating_on20240303_unless_all_time6_during2024030420240310_and1_on20240311_filtering_to_las_619.png
2024-03-10T16:31:50.7750624Z 
2024-03-10T16:31:50.7750632Z 
2024-03-10T16:31:50.7751325Z      # ./spec/support/pages/organization_dashboard_page.rb:139:in `select_date_filter_range'
2024-03-10T16:31:50.7752788Z      # ./spec/support/pages/organization_dashboard_page.rb:40:in `filter_to_date_range'
2024-03-10T16:31:50.7754413Z      # ./spec/system/dashboard_system_spec.rb:648:in `block (7 levels) in <top (required)>'
2024-03-10T16:31:50.7755988Z      # ./spec/system/dashboard_system_spec.rb:546:in `block (4 levels) in <top (required)>'
2024-03-10T16:31:50.7756887Z 
2024-03-10T16:31:50.7757360Z Finished in 1 minute 43.11 seconds (files took 8.21 seconds to load)
2024-03-10T16:31:50.7758388Z 191 examples, 3 failures
2024-03-10T16:31:50.7758796Z 
2024-03-10T16:31:50.7758995Z Failed examples:
2024-03-10T16:31:50.7759301Z 
2024-03-10T16:31:50.7761809Z rspec './spec/system/dashboard_system_spec.rb[1:2:5:5:1:2]' # Dashboard With an existing essentials bank Product Drives given 1 Product Drive Donation on 2024-02-09 (unless 'All Time'), 1 during 2024-02-10..2024-03-10, and 1 on 2024-03-11 filtering to 'Last 30 Days' shows the correct total money raised
2024-03-10T16:31:50.7766888Z rspec './spec/system/dashboard_system_spec.rb[1:2:5:2:1:2]' # Dashboard With an existing essentials bank Product Drives given 1 Product Drive Donation on 2024-03-09 (unless 'All Time'), 4 during 2024-03-10..2024-03-10, and 1 on 2024-03-11 filtering to 'Today' shows the correct total money raised
2024-03-10T16:31:50.7772312Z rspec './spec/system/dashboard_system_spec.rb[1:2:6:4:1:1]' # Dashboard With an existing essentials bank Manufacturer Donations given 1 Manufacturer donating on 2024-03-03  (unless 'All Time'), 6 during 2024-03-04..2024-03-10, and 1 on 2024-03-11 filtering to 'Last 7 Days' shows the correct total and 8 Top Manufacturer Donation link(s)
2024-03-10T16:31:50.7774985Z 
2024-03-10T16:31:50.7775201Z Randomized with seed 47795
2024-03-10T16:31:50.7775708Z 
2024-03-10T16:31:51.0771744Z Stopped processing SimpleCov as a previous error not related to SimpleCov has been detected
2024-03-10T16:31:51.0774134Z Coverage report generated for RSpec to /home/runner/work/human-essentials/human-essentials/coverage. 3761 / 6478 LOC (58.06%) covered.
2024-03-10T16:31:51.1903688Z /opt/hostedtoolcache/Ruby/3.2.2/x64/bin/ruby -I/home/runner/work/human-essentials/human-essentials/vendor/bundle/ruby/3.2.0/gems/rspec-core-3.12.2/lib:/home/runner/work/human-essentials/human-essentials/vendor/bundle/ruby/3.2.0/gems/rspec-support-3.12.1/lib /home/runner/work/human-essentials/human-essentials/vendor/bundle/ruby/3.2.0/gems/rspec-core-3.12.2/exe/rspec  --format documentation --format KnapsackPro::Formatters::TimeTracker --default-path spec "spec/system/donation_system_spec.rb" "spec/system/storage_location_system_spec.rb" "spec/system/product_drive_system_spec.rb" "spec/system/product_drive_participant_system_spec.rb" "spec/system/donation_site_system_spec.rb" "spec/requests/product_drives_requests_spec.rb" "spec/system/dashboard_system_spec.rb[1:2:4:3:1:1]" "spec/system/log_in_system_spec.rb" "spec/system/annual_reports_system_spec.rb" "spec/system/dashboard_system_spec.rb[1:2:6:2:1:1]" "spec/system/dashboard_system_spec.rb[1:2:6:4:1:1]" "spec/system/dashboard_system_spec.rb[1:2:5:6:1:2]" "spec/system/dashboard_system_spec.rb[1:2:5:5:1:2]" "spec/system/dashboard_system_spec.rb[1:2:7:10:1:1]" "spec/requests/barcode_items_requests_spec.rb" "spec/system/dashboard_system_spec.rb[1:2:5:2:1:2]" "spec/system/dashboard_system_spec.rb[1:2:5:4:1:2]" "spec/system/dashboard_system_spec.rb[1:2:3:9:1:1]" "spec/system/dashboard_system_spec.rb[1:2:4:1]" "spec/requests/dashboard_requests_spec.rb" "spec/requests/donations_requests_spec.rb" "spec/requests/partners/individuals_requests_controller_spec.rb" "spec/requests/account_requests_spec.rb" "spec/requests/broadcast_announcements_spec.rb" "spec/requests/profiles_requests_spec.rb" "spec/requests/partners/user_requests_spec.rb" "spec/requests/users/omniauth_callbacks_requests_spec.rb" failed
2024-03-10T16:31:51.5808801Z Stopped processing SimpleCov as a previous error not related to SimpleCov has been detected
2024-03-10T16:31:51.5811025Z Coverage report generated for RSpec to /home/runner/work/human-essentials/human-essentials/coverage. 38 / 10780 LOC (0.35%) covered.
2024-03-10T16:31:51.6074943Z ##[error]Process completed with exit code 1.
2024-03-10T16:31:51.6146875Z ##[group]Run actions/upload-artifact@v2
2024-03-10T16:31:51.6147395Z with:
2024-03-10T16:31:51.6147846Z   name: failed-browser-tests
2024-03-10T16:31:51.6148291Z   path: tmp/screenshots
tmp/capybara

2024-03-10T16:31:51.6149169Z   if-no-files-found: warn
2024-03-10T16:31:51.6149569Z ##[endgroup]
2024-03-10T16:31:51.6706656Z Multiple search paths detected. Calculating the least common ancestor of all paths
2024-03-10T16:31:51.6710899Z The least common ancestor is /home/runner/work/human-essentials/human-essentials/tmp. This will be the root directory of the artifact
2024-03-10T16:31:51.6711910Z With the provided path, there will be 8 files uploaded
2024-03-10T16:31:51.6713318Z Starting artifact upload
2024-03-10T16:31:51.6715211Z For more detailed logs during the artifact upload process, enable step-debugging: https://docs.github.com/actions/monitoring-and-troubleshooting-workflows/enabling-debug-logging#enabling-step-debug-logging
2024-03-10T16:31:51.6716705Z Artifact name is valid!
2024-03-10T16:31:51.7359255Z Container for artifact "failed-browser-tests" successfully created. Starting upload of file(s)
2024-03-10T16:31:52.1381166Z Total size of all the files uploaded is 706350 bytes
2024-03-10T16:31:52.1382549Z File upload process has finished. Finalizing the artifact upload
2024-03-10T16:31:52.1811687Z Artifact has been finalized. All files have been successfully uploaded!
2024-03-10T16:31:52.1812982Z 
2024-03-10T16:31:52.1813761Z The raw size of all the files that were specified for upload is 852061 bytes
2024-03-10T16:31:52.1815941Z The size of all the files that were uploaded is 706350 bytes. This takes into account any gzip compression used to reduce the upload size, time and storage
2024-03-10T16:31:52.1818902Z 
2024-03-10T16:31:52.1820750Z Note: The size of downloaded zips can differ significantly from the reported size. For more information see: https://github.com/actions/upload-artifact#zipped-artifact-downloads 
2024-03-10T16:31:52.1822614Z 
2024-03-10T16:31:52.1823217Z Artifact failed-browser-tests has been successfully uploaded!
2024-03-10T16:31:52.2117262Z Post job cleanup.
2024-03-10T16:31:52.3117792Z [command]/usr/bin/git version
2024-03-10T16:31:52.3166039Z git version 2.43.2
2024-03-10T16:31:52.3207426Z Temporarily overriding HOME='/home/runner/work/_temp/9cbe1f35-5f5c-4570-bbb9-92d867e473f3' before making global git config changes
2024-03-10T16:31:52.3208787Z Adding repository directory to the temporary git global config as a safe directory
2024-03-10T16:31:52.3213087Z [command]/usr/bin/git config --global --add safe.directory /home/runner/work/human-essentials/human-essentials
2024-03-10T16:31:52.3254232Z [command]/usr/bin/git config --local --name-only --get-regexp core\.sshCommand
2024-03-10T16:31:52.3293460Z [command]/usr/bin/git submodule foreach --recursive sh -c "git config --local --name-only --get-regexp 'core\.sshCommand' && git config --local --unset-all 'core.sshCommand' || :"
2024-03-10T16:31:52.3542994Z [command]/usr/bin/git config --local --name-only --get-regexp http\.https\:\/\/github\.com\/\.extraheader
2024-03-10T16:31:52.3573006Z http.https://github.com/.extraheader
2024-03-10T16:31:52.3582108Z [command]/usr/bin/git config --local --unset-all http.https://github.com/.extraheader
2024-03-10T16:31:52.3621321Z [command]/usr/bin/git submodule foreach --recursive sh -c "git config --local --name-only --get-regexp 'http\.https\:\/\/github\.com\/\.extraheader' && git config --local --unset-all 'http.https://github.com/.extraheader' || :"
2024-03-10T16:31:52.4015337Z Print service container logs: 9512fcd8a6584625984fdc829e078107_postgres123_5cc2ba
2024-03-10T16:31:52.4020594Z ##[command]/usr/bin/docker logs --details b8367746f6cc1a826875241885e6f4033d5cfc57bd1c25271db49f2f5b3816c4
2024-03-10T16:31:52.4146120Z  The files belonging to this database system will be owned by user "postgres".
2024-03-10T16:31:52.4147146Z  This user must also own the server process.
2024-03-10T16:31:52.4149383Z  initdb: warning: enabling "trust" authentication for local connections
2024-03-10T16:31:52.4150493Z  You can change this by editing pg_hba.conf or using the option -A, or
2024-03-10T16:31:52.4151444Z  --auth-local and --auth-host, the next time you run initdb.
2024-03-10T16:31:52.4153089Z  2024-03-10 16:28:31.762 UTC [1] LOG:  starting PostgreSQL 12.3 (Debian 12.3-1.pgdg100+1) on x86_64-pc-linux-gnu, compiled by gcc (Debian 8.3.0-6) 8.3.0, 64-bit
2024-03-10T16:31:52.4154852Z  2024-03-10 16:28:31.762 UTC [1] LOG:  listening on IPv4 address "0.0.0.0", port 5432
2024-03-10T16:31:52.4155999Z  2024-03-10 16:28:31.762 UTC [1] LOG:  listening on IPv6 address "::", port 5432
2024-03-10T16:31:52.4157121Z  2024-03-10 16:28:31.763 UTC [1] LOG:  listening on Unix socket "/var/run/postgresql/.s.PGSQL.5432"
2024-03-10T16:31:52.4157898Z  2024-03-10 16:28:31.777 UTC [56] LOG:  database system was shut down at 2024-03-10 16:28:31 UTC
2024-03-10T16:31:52.4158606Z  2024-03-10 16:28:31.781 UTC [1] LOG:  database system is ready to accept connections
2024-03-10T16:31:52.4159220Z  2024-03-10 16:28:40.960 UTC [70] FATAL:  role "root" does not exist
2024-03-10T16:31:52.4159767Z  2024-03-10 16:28:51.052 UTC [78] FATAL:  role "root" does not exist
2024-03-10T16:31:52.4160346Z  2024-03-10 16:28:59.225 UTC [79] FATAL:  database "diaper_test" does not exist
2024-03-10T16:31:52.4160936Z  2024-03-10 16:29:01.145 UTC [88] FATAL:  role "root" does not exist
2024-03-10T16:31:52.4161587Z  2024-03-10 16:29:06.060 UTC [89] ERROR:  relation "flipper_gates" does not exist at character 491
2024-03-10T16:31:52.4162373Z  2024-03-10 16:29:06.060 UTC [89] STATEMENT:  SELECT a.attname, format_type(a.atttypid, a.atttypmod),
2024-03-10T16:31:52.4163547Z  	       pg_get_expr(d.adbin, d.adrelid), a.attnotnull, a.atttypid, a.atttypmod,
2024-03-10T16:31:52.4164607Z  	       c.collname, col_description(a.attrelid, a.attnum) AS comment,
2024-03-10T16:31:52.4165114Z  	       attgenerated as attgenerated
2024-03-10T16:31:52.4165455Z  	  FROM pg_attribute a
2024-03-10T16:31:52.4166139Z  	  LEFT JOIN pg_attrdef d ON a.attrelid = d.adrelid AND a.attnum = d.adnum
2024-03-10T16:31:52.4166657Z  	  LEFT JOIN pg_type t ON a.atttypid = t.oid
2024-03-10T16:31:52.4167229Z  	  LEFT JOIN pg_collation c ON a.attcollation = c.oid AND a.attcollation <> t.typcollation
2024-03-10T16:31:52.4167821Z  	 WHERE a.attrelid = '"flipper_gates"'::regclass
2024-03-10T16:31:52.4168220Z  	   AND a.attnum > 0 AND NOT a.attisdropped
2024-03-10T16:31:52.4168573Z  	 ORDER BY a.attnum
2024-03-10T16:31:52.4168822Z  	
2024-03-10T16:31:52.4169164Z  2024-03-10 16:29:11.233 UTC [99] FATAL:  role "root" does not exist
2024-03-10T16:31:52.4169717Z  2024-03-10 16:29:21.315 UTC [108] FATAL:  role "root" does not exist
2024-03-10T16:31:52.4170263Z  2024-03-10 16:29:31.406 UTC [116] FATAL:  role "root" does not exist
2024-03-10T16:31:52.4170808Z  2024-03-10 16:29:41.488 UTC [125] FATAL:  role "root" does not exist
2024-03-10T16:31:52.4171352Z  2024-03-10 16:29:51.573 UTC [133] FATAL:  role "root" does not exist
2024-03-10T16:31:52.4171894Z  2024-03-10 16:30:01.660 UTC [143] FATAL:  role "root" does not exist
2024-03-10T16:31:52.4172426Z  2024-03-10 16:30:11.763 UTC [154] FATAL:  role "root" does not exist
2024-03-10T16:31:52.4172837Z  
2024-03-10T16:31:52.4173192Z  2024-03-10 16:30:21.845 UTC [162] FATAL:  role "root" does not exist
2024-03-10T16:31:52.4173743Z  2024-03-10 16:30:31.927 UTC [170] FATAL:  role "root" does not exist
2024-03-10T16:31:52.4174322Z  2024-03-10 16:30:42.014 UTC [179] FATAL:  role "root" does not exist
2024-03-10T16:31:52.4175086Z  2024-03-10 16:30:52.108 UTC [187] FATAL:  role "root" does not exist
2024-03-10T16:31:52.4175635Z  2024-03-10 16:31:02.195 UTC [195] FATAL:  role "root" does not exist
2024-03-10T16:31:52.4176170Z  2024-03-10 16:31:12.284 UTC [204] FATAL:  role "root" does not exist
2024-03-10T16:31:52.4176701Z  2024-03-10 16:31:22.370 UTC [212] FATAL:  role "root" does not exist
2024-03-10T16:31:52.4177225Z  2024-03-10 16:31:32.465 UTC [220] FATAL:  role "root" does not exist
2024-03-10T16:31:52.4177759Z  2024-03-10 16:31:42.547 UTC [229] FATAL:  role "root" does not exist
2024-03-10T16:31:52.4178313Z  The database cluster will be initialized with locale "en_US.utf8".
2024-03-10T16:31:52.4178891Z  The default database encoding has accordingly been set to "UTF8".
2024-03-10T16:31:52.4179455Z  The default text search configuration will be set to "english".
2024-03-10T16:31:52.4179875Z  
2024-03-10T16:31:52.4180108Z  Data page checksums are disabled.
2024-03-10T16:31:52.4180410Z  
2024-03-10T16:31:52.4180777Z  fixing permissions on existing directory /var/lib/postgresql/data ... ok
2024-03-10T16:31:52.4181269Z  creating subdirectories ... ok
2024-03-10T16:31:52.4181670Z  selecting dynamic shared memory implementation ... posix
2024-03-10T16:31:52.4182114Z  selecting default max_connections ... 100
2024-03-10T16:31:52.4182503Z  selecting default shared_buffers ... 128MB
2024-03-10T16:31:52.4182883Z  selecting default time zone ... Etc/UTC
2024-03-10T16:31:52.4183236Z  creating configuration files ... ok
2024-03-10T16:31:52.4183584Z  running bootstrap script ... ok
2024-03-10T16:31:52.4183958Z  performing post-bootstrap initialization ... ok
2024-03-10T16:31:52.4184343Z  syncing data to disk ... ok
2024-03-10T16:31:52.4184619Z  
2024-03-10T16:31:52.4184811Z  
2024-03-10T16:31:52.4185099Z  Success. You can now start the database server using:
2024-03-10T16:31:52.4185481Z  
2024-03-10T16:31:52.4185763Z      pg_ctl -D /var/lib/postgresql/data -l logfile start
2024-03-10T16:31:52.4186136Z  
2024-03-10T16:31:52.4186951Z  waiting for server to start....2024-03-10 16:28:31.559 UTC [47] LOG:  starting PostgreSQL 12.3 (Debian 12.3-1.pgdg100+1) on x86_64-pc-linux-gnu, compiled by gcc (Debian 8.3.0-6) 8.3.0, 64-bit
2024-03-10T16:31:52.4188092Z  2024-03-10 16:28:31.561 UTC [47] LOG:  listening on Unix socket "/var/run/postgresql/.s.PGSQL.5432"
2024-03-10T16:31:52.4189128Z  2024-03-10 16:28:31.574 UTC [48] LOG:  database system was shut down at 2024-03-10 16:28:31 UTC
2024-03-10T16:31:52.4189831Z  2024-03-10 16:28:31.579 UTC [47] LOG:  database system is ready to accept connections
2024-03-10T16:31:52.4190476Z   done
2024-03-10T16:31:52.4190688Z  server started
2024-03-10T16:31:52.4190915Z  
2024-03-10T16:31:52.4191311Z  /usr/local/bin/docker-entrypoint.sh: ignoring /docker-entrypoint-initdb.d/*
2024-03-10T16:31:52.4191800Z  
2024-03-10T16:31:52.4192130Z  2024-03-10 16:28:31.651 UTC [47] LOG:  received fast shutdown request
2024-03-10T16:31:52.4192847Z  waiting for server to shut down....2024-03-10 16:28:31.652 UTC [47] LOG:  aborting any active transactions
2024-03-10T16:31:52.4193757Z  2024-03-10 16:28:31.653 UTC [47] LOG:  background worker "logical replication launcher" (PID 54) exited with exit code 1
2024-03-10T16:31:52.4194444Z  2024-03-10 16:28:31.654 UTC [49] LOG:  shutting down
2024-03-10T16:31:52.4194927Z  2024-03-10 16:28:31.664 UTC [47] LOG:  database system is shut down
2024-03-10T16:31:52.4195344Z   done
2024-03-10T16:31:52.4195560Z  server stopped
2024-03-10T16:31:52.4195787Z  
2024-03-10T16:31:52.4196079Z  PostgreSQL init process complete; ready for start up.
2024-03-10T16:31:52.4196454Z  
2024-03-10T16:31:52.4202332Z Stop and remove container: 9512fcd8a6584625984fdc829e078107_postgres123_5cc2ba
2024-03-10T16:31:52.4208003Z ##[command]/usr/bin/docker rm --force b8367746f6cc1a826875241885e6f4033d5cfc57bd1c25271db49f2f5b3816c4
2024-03-10T16:31:52.6631708Z b8367746f6cc1a826875241885e6f4033d5cfc57bd1c25271db49f2f5b3816c4
2024-03-10T16:31:52.6658151Z Remove container network: github_network_c8c435c6e85d4716b232209d3648281c
2024-03-10T16:31:52.6663458Z ##[command]/usr/bin/docker network rm github_network_c8c435c6e85d4716b232209d3648281c
2024-03-10T16:31:52.9246570Z github_network_c8c435c6e85d4716b232209d3648281c
2024-03-10T16:31:52.9394934Z Cleaning up orphan processes
