2024-03-13T13:23:58.3347441Z Requested labels: ubuntu-latest
2024-03-13T13:23:58.3347911Z Job defined at: rubyforgood/human-essentials/.github/workflows/rspec-system-events.yml@refs/pull/4183/merge
2024-03-13T13:23:58.3348066Z Waiting for a runner to pick up this job...
2024-03-13T13:33:05.8235352Z Job is waiting for a hosted runner to come online.
2024-03-13T13:33:08.0224792Z Job is about to start running on the hosted runner: GitHub Actions 14 (hosted)
2024-03-13T13:33:10.1001491Z Current runner version: '2.314.1'
2024-03-13T13:33:10.1024226Z ##[group]Operating System
2024-03-13T13:33:10.1024974Z Ubuntu
2024-03-13T13:33:10.1025323Z 22.04.4
2024-03-13T13:33:10.1025601Z LTS
2024-03-13T13:33:10.1026004Z ##[endgroup]
2024-03-13T13:33:10.1026384Z ##[group]Runner Image
2024-03-13T13:33:10.1026766Z Image: ubuntu-22.04
2024-03-13T13:33:10.1027223Z Version: 20240304.1.0
2024-03-13T13:33:10.1028254Z Included Software: https://github.com/actions/runner-images/blob/ubuntu22/20240304.1/images/ubuntu/Ubuntu2204-Readme.md
2024-03-13T13:33:10.1029655Z Image Release: https://github.com/actions/runner-images/releases/tag/ubuntu22%2F20240304.1
2024-03-13T13:33:10.1030568Z ##[endgroup]
2024-03-13T13:33:10.1030970Z ##[group]Runner Image Provisioner
2024-03-13T13:33:10.1031401Z 2.0.359.1
2024-03-13T13:33:10.1031798Z ##[endgroup]
2024-03-13T13:33:10.1033841Z ##[group]GITHUB_TOKEN Permissions
2024-03-13T13:33:10.1035491Z Actions: read
2024-03-13T13:33:10.1035925Z Checks: read
2024-03-13T13:33:10.1036528Z Contents: read
2024-03-13T13:33:10.1037022Z Deployments: read
2024-03-13T13:33:10.1037495Z Discussions: read
2024-03-13T13:33:10.1037846Z Issues: read
2024-03-13T13:33:10.1038190Z Metadata: read
2024-03-13T13:33:10.1038628Z Packages: read
2024-03-13T13:33:10.1038975Z Pages: read
2024-03-13T13:33:10.1039326Z PullRequests: read
2024-03-13T13:33:10.1039696Z RepositoryProjects: read
2024-03-13T13:33:10.1040221Z SecurityEvents: read
2024-03-13T13:33:10.1040612Z Statuses: read
2024-03-13T13:33:10.1040939Z ##[endgroup]
2024-03-13T13:33:10.1044198Z Secret source: Dependabot
2024-03-13T13:33:10.1044787Z Prepare workflow directory
2024-03-13T13:33:10.1921395Z Prepare all required actions
2024-03-13T13:33:10.2077217Z Getting action download info
2024-03-13T13:33:10.3728427Z Download action repository 'actions/checkout@v2' (SHA:ee0669bd1cc54295c223e0bb666b733df41de1c5)
2024-03-13T13:33:10.6259639Z Download action repository 'ruby/setup-ruby@v1' (SHA:d4526a55538b775af234ba4af27118ed6f8f6677)
2024-03-13T13:33:10.8400831Z Download action repository 'actions/upload-artifact@v2' (SHA:82c141cc518b40d92cc801eee768e7aafc9c2fa2)
2024-03-13T13:33:11.0914174Z Complete job name: rspec-system-events (6, 5)
2024-03-13T13:33:11.1577725Z ##[group]Checking docker version
2024-03-13T13:33:11.1592965Z ##[command]/usr/bin/docker version --format '{{.Server.APIVersion}}'
2024-03-13T13:33:11.2628978Z '1.43'
2024-03-13T13:33:11.2641690Z Docker daemon API version: '1.43'
2024-03-13T13:33:11.2642562Z ##[command]/usr/bin/docker version --format '{{.Client.APIVersion}}'
2024-03-13T13:33:11.2810521Z '1.43'
2024-03-13T13:33:11.2823597Z Docker client API version: '1.43'
2024-03-13T13:33:11.2829197Z ##[endgroup]
2024-03-13T13:33:11.2832285Z ##[group]Clean up resources from previous jobs
2024-03-13T13:33:11.2838445Z ##[command]/usr/bin/docker ps --all --quiet --no-trunc --filter "label=a944f7"
2024-03-13T13:33:11.2986311Z ##[command]/usr/bin/docker network prune --force --filter "label=a944f7"
2024-03-13T13:33:11.3115051Z ##[endgroup]
2024-03-13T13:33:11.3115605Z ##[group]Create local container network
2024-03-13T13:33:11.3126211Z ##[command]/usr/bin/docker network create --label a944f7 github_network_e672470ae94b4ada8b6b26f5d2f3d353
2024-03-13T13:33:11.3735788Z 17ca95828ddba9a0e5a04c1fc63e48b190ef91e23f0865208baa6001b1791e8e
2024-03-13T13:33:11.3752510Z ##[endgroup]
2024-03-13T13:33:11.3830080Z ##[group]Starting db service container
2024-03-13T13:33:11.3878786Z ##[command]/usr/bin/docker pull postgres:12.3
2024-03-13T13:33:11.6855964Z 12.3: Pulling from library/postgres
2024-03-13T13:33:11.7566429Z bf5952930446: Pulling fs layer
2024-03-13T13:33:11.7568520Z 9577476abb00: Pulling fs layer
2024-03-13T13:33:11.7569427Z 2bd105512d5c: Pulling fs layer
2024-03-13T13:33:11.7570070Z b1cd21c26e81: Pulling fs layer
2024-03-13T13:33:11.7571480Z 34a7c86cf8fc: Pulling fs layer
2024-03-13T13:33:11.7571935Z 274e7b0c38d5: Pulling fs layer
2024-03-13T13:33:11.7572337Z 3e831b350d37: Pulling fs layer
2024-03-13T13:33:11.7572823Z 38fa0d496534: Pulling fs layer
2024-03-13T13:33:11.7573513Z 31a8349609a4: Pulling fs layer
2024-03-13T13:33:11.7573920Z 14e4c2a4b7b7: Pulling fs layer
2024-03-13T13:33:11.7574452Z 964acfa02beb: Pulling fs layer
2024-03-13T13:33:11.7574825Z 31b1f20dffc0: Pulling fs layer
2024-03-13T13:33:11.7575208Z 14771c2930e9: Pulling fs layer
2024-03-13T13:33:11.7575668Z 2f30edd0ce8a: Pulling fs layer
2024-03-13T13:33:11.7576041Z 274e7b0c38d5: Waiting
2024-03-13T13:33:11.7576387Z 3e831b350d37: Waiting
2024-03-13T13:33:11.7576794Z 38fa0d496534: Waiting
2024-03-13T13:33:11.7577084Z 31a8349609a4: Waiting
2024-03-13T13:33:11.7577416Z 14e4c2a4b7b7: Waiting
2024-03-13T13:33:11.7577797Z 964acfa02beb: Waiting
2024-03-13T13:33:11.7578093Z 14771c2930e9: Waiting
2024-03-13T13:33:11.7578428Z 2f30edd0ce8a: Waiting
2024-03-13T13:33:11.7578810Z 31b1f20dffc0: Waiting
2024-03-13T13:33:11.7579098Z b1cd21c26e81: Waiting
2024-03-13T13:33:11.7579430Z 34a7c86cf8fc: Waiting
2024-03-13T13:33:11.8436370Z 2bd105512d5c: Verifying Checksum
2024-03-13T13:33:11.8437190Z 2bd105512d5c: Download complete
2024-03-13T13:33:11.8926079Z 9577476abb00: Verifying Checksum
2024-03-13T13:33:11.8926828Z 9577476abb00: Download complete
2024-03-13T13:33:11.9567597Z b1cd21c26e81: Verifying Checksum
2024-03-13T13:33:11.9568734Z b1cd21c26e81: Download complete
2024-03-13T13:33:12.0421031Z 34a7c86cf8fc: Verifying Checksum
2024-03-13T13:33:12.0421969Z 34a7c86cf8fc: Download complete
2024-03-13T13:33:12.0428416Z bf5952930446: Verifying Checksum
2024-03-13T13:33:12.0429332Z bf5952930446: Download complete
2024-03-13T13:33:12.0470981Z 274e7b0c38d5: Download complete
2024-03-13T13:33:12.1239802Z 3e831b350d37: Verifying Checksum
2024-03-13T13:33:12.1240524Z 3e831b350d37: Download complete
2024-03-13T13:33:12.1254266Z 38fa0d496534: Verifying Checksum
2024-03-13T13:33:12.1255073Z 38fa0d496534: Download complete
2024-03-13T13:33:12.2040968Z 964acfa02beb: Verifying Checksum
2024-03-13T13:33:12.2042711Z 964acfa02beb: Download complete
2024-03-13T13:33:12.2359989Z 14e4c2a4b7b7: Verifying Checksum
2024-03-13T13:33:12.2360941Z 14e4c2a4b7b7: Download complete
2024-03-13T13:33:12.2818849Z 31b1f20dffc0: Verifying Checksum
2024-03-13T13:33:12.2819590Z 31b1f20dffc0: Download complete
2024-03-13T13:33:12.3209614Z 14771c2930e9: Download complete
2024-03-13T13:33:12.3602134Z 2f30edd0ce8a: Verifying Checksum
2024-03-13T13:33:12.3602922Z 2f30edd0ce8a: Download complete
2024-03-13T13:33:13.1805233Z 31a8349609a4: Verifying Checksum
2024-03-13T13:33:13.1806044Z 31a8349609a4: Download complete
2024-03-13T13:33:13.3406425Z bf5952930446: Pull complete
2024-03-13T13:33:13.6459252Z 9577476abb00: Pull complete
2024-03-13T13:33:13.6611126Z 2bd105512d5c: Pull complete
2024-03-13T13:33:13.7095050Z b1cd21c26e81: Pull complete
2024-03-13T13:33:14.0163407Z 34a7c86cf8fc: Pull complete
2024-03-13T13:33:14.0741861Z 274e7b0c38d5: Pull complete
2024-03-13T13:33:14.0854731Z 3e831b350d37: Pull complete
2024-03-13T13:33:14.0980636Z 38fa0d496534: Pull complete
2024-03-13T13:33:16.3735476Z 31a8349609a4: Pull complete
2024-03-13T13:33:16.3889479Z 14e4c2a4b7b7: Pull complete
2024-03-13T13:33:16.3993158Z 964acfa02beb: Pull complete
2024-03-13T13:33:16.4102428Z 31b1f20dffc0: Pull complete
2024-03-13T13:33:16.4235473Z 14771c2930e9: Pull complete
2024-03-13T13:33:16.4336065Z 2f30edd0ce8a: Pull complete
2024-03-13T13:33:16.4382704Z Digest: sha256:a06e6e6e519b7a329c419f8221edec66cfc45511e8b80e262c12103ba745cf19
2024-03-13T13:33:16.4400143Z Status: Downloaded newer image for postgres:12.3
2024-03-13T13:33:16.4411048Z docker.io/library/postgres:12.3
2024-03-13T13:33:16.4512786Z ##[command]/usr/bin/docker create --name bd4fe8b90f6f463f896d9910d09da6bd_postgres123_d4c565 --label a944f7 --network github_network_e672470ae94b4ada8b6b26f5d2f3d353 --network-alias db -p 5432:5432 --health-cmd pg_isready --health-interval 10s --health-timeout 5s --health-retries 5 -e "POSTGRES_PASSWORD=password" -e GITHUB_ACTIONS=true -e CI=true postgres:12.3
2024-03-13T13:33:16.5049053Z 084f54a09557f66d75f3fdf20e45f08b667c77b9d7e9d3a643b265bc5a89ece6
2024-03-13T13:33:16.5072208Z ##[command]/usr/bin/docker start 084f54a09557f66d75f3fdf20e45f08b667c77b9d7e9d3a643b265bc5a89ece6
2024-03-13T13:33:16.9383897Z 084f54a09557f66d75f3fdf20e45f08b667c77b9d7e9d3a643b265bc5a89ece6
2024-03-13T13:33:16.9404987Z ##[command]/usr/bin/docker ps --all --filter id=084f54a09557f66d75f3fdf20e45f08b667c77b9d7e9d3a643b265bc5a89ece6 --filter status=running --no-trunc --format "{{.ID}} {{.Status}}"
2024-03-13T13:33:16.9547494Z 084f54a09557f66d75f3fdf20e45f08b667c77b9d7e9d3a643b265bc5a89ece6 Up Less than a second (health: starting)
2024-03-13T13:33:16.9566220Z ##[command]/usr/bin/docker port 084f54a09557f66d75f3fdf20e45f08b667c77b9d7e9d3a643b265bc5a89ece6
2024-03-13T13:33:16.9695366Z 5432/tcp -> 0.0.0.0:5432
2024-03-13T13:33:16.9696329Z 5432/tcp -> [::]:5432
2024-03-13T13:33:16.9771456Z ##[endgroup]
2024-03-13T13:33:16.9797769Z ##[group]Waiting for all services to be ready
2024-03-13T13:33:16.9833790Z ##[command]/usr/bin/docker inspect --format="{{if .Config.Healthcheck}}{{print .State.Health.Status}}{{end}}" 084f54a09557f66d75f3fdf20e45f08b667c77b9d7e9d3a643b265bc5a89ece6
2024-03-13T13:33:16.9961425Z starting
2024-03-13T13:33:16.9985507Z db service is starting, waiting 2 seconds before checking again.
2024-03-13T13:33:18.9986791Z ##[command]/usr/bin/docker inspect --format="{{if .Config.Healthcheck}}{{print .State.Health.Status}}{{end}}" 084f54a09557f66d75f3fdf20e45f08b667c77b9d7e9d3a643b265bc5a89ece6
2024-03-13T13:33:19.0116577Z starting
2024-03-13T13:33:19.0129935Z db service is starting, waiting 4 seconds before checking again.
2024-03-13T13:33:23.3349743Z ##[command]/usr/bin/docker inspect --format="{{if .Config.Healthcheck}}{{print .State.Health.Status}}{{end}}" 084f54a09557f66d75f3fdf20e45f08b667c77b9d7e9d3a643b265bc5a89ece6
2024-03-13T13:33:23.3471768Z starting
2024-03-13T13:33:23.3485191Z db service is starting, waiting 8 seconds before checking again.
2024-03-13T13:33:32.2676848Z ##[command]/usr/bin/docker inspect --format="{{if .Config.Healthcheck}}{{print .State.Health.Status}}{{end}}" 084f54a09557f66d75f3fdf20e45f08b667c77b9d7e9d3a643b265bc5a89ece6
2024-03-13T13:33:32.2805925Z healthy
2024-03-13T13:33:32.2821872Z db service is healthy.
2024-03-13T13:33:32.2822384Z ##[endgroup]
2024-03-13T13:33:32.3198890Z ##[group]Run actions/checkout@v2
2024-03-13T13:33:32.3199617Z with:
2024-03-13T13:33:32.3200161Z   repository: rubyforgood/human-essentials
2024-03-13T13:33:32.3200850Z   token: ***
2024-03-13T13:33:32.3201233Z   ssh-strict: true
2024-03-13T13:33:32.3201589Z   persist-credentials: true
2024-03-13T13:33:32.3202032Z   clean: true
2024-03-13T13:33:32.3202398Z   fetch-depth: 1
2024-03-13T13:33:32.3202714Z   lfs: false
2024-03-13T13:33:32.3203088Z   submodules: false
2024-03-13T13:33:32.3203419Z   set-safe-directory: true
2024-03-13T13:33:32.3203792Z ##[endgroup]
2024-03-13T13:33:32.5977313Z Syncing repository: rubyforgood/human-essentials
2024-03-13T13:33:32.5979128Z ##[group]Getting Git version info
2024-03-13T13:33:32.5980378Z Working directory is '/home/runner/work/human-essentials/human-essentials'
2024-03-13T13:33:32.5981359Z [command]/usr/bin/git version
2024-03-13T13:33:32.6035532Z git version 2.43.2
2024-03-13T13:33:32.6060791Z ##[endgroup]
2024-03-13T13:33:32.6080930Z Temporarily overriding HOME='/home/runner/work/_temp/0bcaca21-f3dc-4671-9ea1-9b2e926dda4b' before making global git config changes
2024-03-13T13:33:32.6082841Z Adding repository directory to the temporary git global config as a safe directory
2024-03-13T13:33:32.6086545Z [command]/usr/bin/git config --global --add safe.directory /home/runner/work/human-essentials/human-essentials
2024-03-13T13:33:32.6133972Z Deleting the contents of '/home/runner/work/human-essentials/human-essentials'
2024-03-13T13:33:32.6139098Z ##[group]Initializing the repository
2024-03-13T13:33:32.6143391Z [command]/usr/bin/git init /home/runner/work/human-essentials/human-essentials
2024-03-13T13:33:32.6243272Z hint: Using 'master' as the name for the initial branch. This default branch name
2024-03-13T13:33:32.6249114Z hint: is subject to change. To configure the initial branch name to use in all
2024-03-13T13:33:32.6250759Z hint: of your new repositories, which will suppress this warning, call:
2024-03-13T13:33:32.6251849Z hint: 
2024-03-13T13:33:32.6252723Z hint: 	git config --global init.defaultBranch <name>
2024-03-13T13:33:32.6253587Z hint: 
2024-03-13T13:33:32.6254636Z hint: Names commonly chosen instead of 'master' are 'main', 'trunk' and
2024-03-13T13:33:32.6256100Z hint: 'development'. The just-created branch can be renamed via this command:
2024-03-13T13:33:32.6257080Z hint: 
2024-03-13T13:33:32.6257591Z hint: 	git branch -m <name>
2024-03-13T13:33:32.6258359Z Initialized empty Git repository in /home/runner/work/human-essentials/human-essentials/.git/
2024-03-13T13:33:32.6266149Z [command]/usr/bin/git remote add origin https://github.com/rubyforgood/human-essentials
2024-03-13T13:33:32.6312021Z ##[endgroup]
2024-03-13T13:33:32.6312977Z ##[group]Disabling automatic garbage collection
2024-03-13T13:33:32.6315744Z [command]/usr/bin/git config --local gc.auto 0
2024-03-13T13:33:32.6353334Z ##[endgroup]
2024-03-13T13:33:32.6354356Z ##[group]Setting up auth
2024-03-13T13:33:32.6360262Z [command]/usr/bin/git config --local --name-only --get-regexp core\.sshCommand
2024-03-13T13:33:32.6398542Z [command]/usr/bin/git submodule foreach --recursive sh -c "git config --local --name-only --get-regexp 'core\.sshCommand' && git config --local --unset-all 'core.sshCommand' || :"
2024-03-13T13:33:32.6742966Z [command]/usr/bin/git config --local --name-only --get-regexp http\.https\:\/\/github\.com\/\.extraheader
2024-03-13T13:33:32.6782024Z [command]/usr/bin/git submodule foreach --recursive sh -c "git config --local --name-only --get-regexp 'http\.https\:\/\/github\.com\/\.extraheader' && git config --local --unset-all 'http.https://github.com/.extraheader' || :"
2024-03-13T13:33:32.7023314Z [command]/usr/bin/git config --local http.https://github.com/.extraheader AUTHORIZATION: basic ***
2024-03-13T13:33:32.7068187Z ##[endgroup]
2024-03-13T13:33:32.7068900Z ##[group]Fetching the repository
2024-03-13T13:33:32.7078503Z [command]/usr/bin/git -c protocol.version=2 fetch --no-tags --prune --progress --no-recurse-submodules --depth=1 origin +377afcb1b78bd23242361c2838410f21470635f0:refs/remotes/pull/4183/merge
2024-03-13T13:33:32.9014015Z remote: Enumerating objects: 1752, done.        
2024-03-13T13:33:32.9015136Z remote: Counting objects:   0% (1/1752)        
2024-03-13T13:33:32.9016387Z remote: Counting objects:   1% (18/1752)        
2024-03-13T13:33:32.9018702Z remote: Counting objects:   2% (36/1752)        
2024-03-13T13:33:32.9019791Z remote: Counting objects:   3% (53/1752)        
2024-03-13T13:33:32.9022025Z remote: Counting objects:   4% (71/1752)        
2024-03-13T13:33:32.9022840Z remote: Counting objects:   5% (88/1752)        
2024-03-13T13:33:32.9023668Z remote: Counting objects:   6% (106/1752)        
2024-03-13T13:33:32.9024762Z remote: Counting objects:   7% (123/1752)        
2024-03-13T13:33:32.9025601Z remote: Counting objects:   8% (141/1752)        
2024-03-13T13:33:32.9026374Z remote: Counting objects:   9% (158/1752)        
2024-03-13T13:33:32.9027302Z remote: Counting objects:  10% (176/1752)        
2024-03-13T13:33:32.9028107Z remote: Counting objects:  11% (193/1752)        
2024-03-13T13:33:32.9028865Z remote: Counting objects:  12% (211/1752)        
2024-03-13T13:33:32.9029735Z remote: Counting objects:  13% (228/1752)        
2024-03-13T13:33:32.9030536Z remote: Counting objects:  14% (246/1752)        
2024-03-13T13:33:32.9031268Z remote: Counting objects:  15% (263/1752)        
2024-03-13T13:33:32.9032132Z remote: Counting objects:  16% (281/1752)        
2024-03-13T13:33:32.9032931Z remote: Counting objects:  17% (298/1752)        
2024-03-13T13:33:32.9033662Z remote: Counting objects:  18% (316/1752)        
2024-03-13T13:33:32.9034531Z remote: Counting objects:  19% (333/1752)        
2024-03-13T13:33:32.9035326Z remote: Counting objects:  20% (351/1752)        
2024-03-13T13:33:32.9036056Z remote: Counting objects:  21% (368/1752)        
2024-03-13T13:33:32.9036927Z remote: Counting objects:  22% (386/1752)        
2024-03-13T13:33:32.9038080Z remote: Counting objects:  23% (403/1752)        
2024-03-13T13:33:32.9038817Z remote: Counting objects:  24% (421/1752)        
2024-03-13T13:33:32.9039724Z remote: Counting objects:  25% (438/1752)        
2024-03-13T13:33:32.9040519Z remote: Counting objects:  26% (456/1752)        
2024-03-13T13:33:32.9041259Z remote: Counting objects:  27% (474/1752)        
2024-03-13T13:33:32.9042131Z remote: Counting objects:  28% (491/1752)        
2024-03-13T13:33:32.9042931Z remote: Counting objects:  29% (509/1752)        
2024-03-13T13:33:32.9043803Z remote: Counting objects:  30% (526/1752)        
2024-03-13T13:33:32.9044560Z remote: Counting objects:  31% (544/1752)        
2024-03-13T13:33:32.9045340Z remote: Counting objects:  32% (561/1752)        
2024-03-13T13:33:32.9046195Z remote: Counting objects:  33% (579/1752)        
2024-03-13T13:33:32.9046949Z remote: Counting objects:  34% (596/1752)        
2024-03-13T13:33:32.9047724Z remote: Counting objects:  35% (614/1752)        
2024-03-13T13:33:32.9048607Z remote: Counting objects:  36% (631/1752)        
2024-03-13T13:33:32.9049352Z remote: Counting objects:  37% (649/1752)        
2024-03-13T13:33:32.9050137Z remote: Counting objects:  38% (666/1752)        
2024-03-13T13:33:32.9051013Z remote: Counting objects:  39% (684/1752)        
2024-03-13T13:33:32.9051744Z remote: Counting objects:  40% (701/1752)        
2024-03-13T13:33:32.9052519Z remote: Counting objects:  41% (719/1752)        
2024-03-13T13:33:32.9053399Z remote: Counting objects:  42% (736/1752)        
2024-03-13T13:33:32.9054173Z remote: Counting objects:  43% (754/1752)        
2024-03-13T13:33:32.9054901Z remote: Counting objects:  44% (771/1752)        
2024-03-13T13:33:32.9055765Z remote: Counting objects:  45% (789/1752)        
2024-03-13T13:33:32.9056541Z remote: Counting objects:  46% (806/1752)        
2024-03-13T13:33:32.9057269Z remote: Counting objects:  47% (824/1752)        
2024-03-13T13:33:32.9058141Z remote: Counting objects:  48% (841/1752)        
2024-03-13T13:33:32.9058924Z remote: Counting objects:  49% (859/1752)        
2024-03-13T13:33:32.9059886Z remote: Counting objects:  50% (876/1752)        
2024-03-13T13:33:32.9060983Z remote: Counting objects:  51% (894/1752)        
2024-03-13T13:33:32.9061767Z remote: Counting objects:  52% (912/1752)        
2024-03-13T13:33:32.9062533Z remote: Counting objects:  53% (929/1752)        
2024-03-13T13:33:32.9063391Z remote: Counting objects:  54% (947/1752)        
2024-03-13T13:33:32.9064170Z remote: Counting objects:  55% (964/1752)        
2024-03-13T13:33:32.9064933Z remote: Counting objects:  56% (982/1752)        
2024-03-13T13:33:32.9065788Z remote: Counting objects:  57% (999/1752)        
2024-03-13T13:33:32.9066600Z remote: Counting objects:  58% (1017/1752)        
2024-03-13T13:33:32.9067463Z remote: Counting objects:  59% (1034/1752)        
2024-03-13T13:33:32.9068327Z remote: Counting objects:  60% (1052/1752)        
2024-03-13T13:33:32.9069159Z remote: Counting objects:  61% (1069/1752)        
2024-03-13T13:33:32.9069975Z remote: Counting objects:  62% (1087/1752)        
2024-03-13T13:33:32.9070815Z remote: Counting objects:  63% (1104/1752)        
2024-03-13T13:33:32.9071735Z remote: Counting objects:  64% (1122/1752)        
2024-03-13T13:33:32.9072556Z remote: Counting objects:  65% (1139/1752)        
2024-03-13T13:33:32.9073454Z remote: Counting objects:  66% (1157/1752)        
2024-03-13T13:33:32.9074239Z remote: Counting objects:  67% (1174/1752)        
2024-03-13T13:33:32.9075034Z remote: Counting objects:  68% (1192/1752)        
2024-03-13T13:33:32.9075947Z remote: Counting objects:  69% (1209/1752)        
2024-03-13T13:33:32.9076700Z remote: Counting objects:  70% (1227/1752)        
2024-03-13T13:33:32.9077495Z remote: Counting objects:  71% (1244/1752)        
2024-03-13T13:33:32.9078400Z remote: Counting objects:  72% (1262/1752)        
2024-03-13T13:33:32.9079150Z remote: Counting objects:  73% (1279/1752)        
2024-03-13T13:33:32.9080148Z remote: Counting objects:  74% (1297/1752)        
2024-03-13T13:33:32.9081075Z remote: Counting objects:  75% (1314/1752)        
2024-03-13T13:33:32.9081853Z remote: Counting objects:  76% (1332/1752)        
2024-03-13T13:33:32.9082647Z remote: Counting objects:  77% (1350/1752)        
2024-03-13T13:33:32.9083550Z remote: Counting objects:  78% (1367/1752)        
2024-03-13T13:33:32.9084343Z remote: Counting objects:  79% (1385/1752)        
2024-03-13T13:33:32.9085220Z remote: Counting objects:  80% (1402/1752)        
2024-03-13T13:33:32.9086041Z remote: Counting objects:  81% (1420/1752)        
2024-03-13T13:33:32.9086867Z remote: Counting objects:  82% (1437/1752)        
2024-03-13T13:33:32.9087773Z remote: Counting objects:  83% (1455/1752)        
2024-03-13T13:33:32.9088587Z remote: Counting objects:  84% (1472/1752)        
2024-03-13T13:33:32.9089396Z remote: Counting objects:  85% (1490/1752)        
2024-03-13T13:33:32.9090264Z remote: Counting objects:  86% (1507/1752)        
2024-03-13T13:33:32.9091076Z remote: Counting objects:  87% (1525/1752)        
2024-03-13T13:33:32.9091891Z remote: Counting objects:  88% (1542/1752)        
2024-03-13T13:33:32.9092794Z remote: Counting objects:  89% (1560/1752)        
2024-03-13T13:33:32.9093544Z remote: Counting objects:  90% (1577/1752)        
2024-03-13T13:33:32.9094359Z remote: Counting objects:  91% (1595/1752)        
2024-03-13T13:33:32.9095241Z remote: Counting objects:  92% (1612/1752)        
2024-03-13T13:33:32.9095993Z remote: Counting objects:  93% (1630/1752)        
2024-03-13T13:33:32.9096817Z remote: Counting objects:  94% (1647/1752)        
2024-03-13T13:33:32.9097694Z remote: Counting objects:  95% (1665/1752)        
2024-03-13T13:33:32.9098466Z remote: Counting objects:  96% (1682/1752)        
2024-03-13T13:33:32.9099281Z remote: Counting objects:  97% (1700/1752)        
2024-03-13T13:33:32.9100340Z remote: Counting objects:  98% (1717/1752)        
2024-03-13T13:33:32.9101091Z remote: Counting objects:  99% (1735/1752)        
2024-03-13T13:33:32.9101933Z remote: Counting objects: 100% (1752/1752)        
2024-03-13T13:33:32.9103099Z remote: Counting objects: 100% (1752/1752), done.        
2024-03-13T13:33:32.9104072Z remote: Compressing objects:   0% (1/1573)        
2024-03-13T13:33:32.9106613Z remote: Compressing objects:   1% (16/1573)        
2024-03-13T13:33:32.9107321Z remote: Compressing objects:   2% (32/1573)        
2024-03-13T13:33:32.9108183Z remote: Compressing objects:   3% (48/1573)        
2024-03-13T13:33:32.9109172Z remote: Compressing objects:   4% (63/1573)        
2024-03-13T13:33:32.9109975Z remote: Compressing objects:   5% (79/1573)        
2024-03-13T13:33:32.9110618Z remote: Compressing objects:   6% (95/1573)        
2024-03-13T13:33:32.9111123Z remote: Compressing objects:   7% (111/1573)        
2024-03-13T13:33:32.9111654Z remote: Compressing objects:   8% (126/1573)        
2024-03-13T13:33:32.9169344Z remote: Compressing objects:   9% (142/1573)        
2024-03-13T13:33:32.9171234Z remote: Compressing objects:  10% (158/1573)        
2024-03-13T13:33:32.9171955Z remote: Compressing objects:  11% (174/1573)        
2024-03-13T13:33:32.9178448Z remote: Compressing objects:  12% (189/1573)        
2024-03-13T13:33:32.9216585Z remote: Compressing objects:  13% (205/1573)        
2024-03-13T13:33:32.9219235Z remote: Compressing objects:  14% (221/1573)        
2024-03-13T13:33:32.9225125Z remote: Compressing objects:  15% (236/1573)        
2024-03-13T13:33:32.9228153Z remote: Compressing objects:  16% (252/1573)        
2024-03-13T13:33:32.9232964Z remote: Compressing objects:  17% (268/1573)        
2024-03-13T13:33:32.9239206Z remote: Compressing objects:  18% (284/1573)        
2024-03-13T13:33:32.9262709Z remote: Compressing objects:  19% (299/1573)        
2024-03-13T13:33:32.9284339Z remote: Compressing objects:  20% (315/1573)        
2024-03-13T13:33:32.9331937Z remote: Compressing objects:  21% (331/1573)        
2024-03-13T13:33:32.9346635Z remote: Compressing objects:  22% (347/1573)        
2024-03-13T13:33:32.9353885Z remote: Compressing objects:  23% (362/1573)        
2024-03-13T13:33:32.9365180Z remote: Compressing objects:  24% (378/1573)        
2024-03-13T13:33:32.9373229Z remote: Compressing objects:  25% (394/1573)        
2024-03-13T13:33:32.9381148Z remote: Compressing objects:  26% (409/1573)        
2024-03-13T13:33:32.9396607Z remote: Compressing objects:  27% (425/1573)        
2024-03-13T13:33:32.9404466Z remote: Compressing objects:  28% (441/1573)        
2024-03-13T13:33:32.9413517Z remote: Compressing objects:  29% (457/1573)        
2024-03-13T13:33:32.9423554Z remote: Compressing objects:  30% (472/1573)        
2024-03-13T13:33:32.9446094Z remote: Compressing objects:  31% (488/1573)        
2024-03-13T13:33:32.9453173Z remote: Compressing objects:  32% (504/1573)        
2024-03-13T13:33:32.9459612Z remote: Compressing objects:  33% (520/1573)        
2024-03-13T13:33:32.9470103Z remote: Compressing objects:  34% (535/1573)        
2024-03-13T13:33:32.9475260Z remote: Compressing objects:  35% (551/1573)        
2024-03-13T13:33:32.9481062Z remote: Compressing objects:  36% (567/1573)        
2024-03-13T13:33:32.9487352Z remote: Compressing objects:  37% (583/1573)        
2024-03-13T13:33:32.9491208Z remote: Compressing objects:  38% (598/1573)        
2024-03-13T13:33:32.9493359Z remote: Compressing objects:  39% (614/1573)        
2024-03-13T13:33:32.9494810Z remote: Compressing objects:  40% (630/1573)        
2024-03-13T13:33:32.9499594Z remote: Compressing objects:  41% (645/1573)        
2024-03-13T13:33:32.9502128Z remote: Compressing objects:  42% (661/1573)        
2024-03-13T13:33:32.9503792Z remote: Compressing objects:  43% (677/1573)        
2024-03-13T13:33:32.9507039Z remote: Compressing objects:  44% (693/1573)        
2024-03-13T13:33:32.9518417Z remote: Compressing objects:  45% (708/1573)        
2024-03-13T13:33:32.9523008Z remote: Compressing objects:  46% (724/1573)        
2024-03-13T13:33:32.9530929Z remote: Compressing objects:  47% (740/1573)        
2024-03-13T13:33:32.9531655Z remote: Compressing objects:  48% (756/1573)        
2024-03-13T13:33:32.9534422Z remote: Compressing objects:  49% (771/1573)        
2024-03-13T13:33:32.9538421Z remote: Compressing objects:  50% (787/1573)        
2024-03-13T13:33:32.9539166Z remote: Compressing objects:  51% (803/1573)        
2024-03-13T13:33:32.9542812Z remote: Compressing objects:  52% (818/1573)        
2024-03-13T13:33:32.9547851Z remote: Compressing objects:  53% (834/1573)        
2024-03-13T13:33:32.9550671Z remote: Compressing objects:  54% (850/1573)        
2024-03-13T13:33:32.9554678Z remote: Compressing objects:  55% (866/1573)        
2024-03-13T13:33:32.9593575Z remote: Compressing objects:  56% (881/1573)        
2024-03-13T13:33:32.9625350Z remote: Compressing objects:  57% (897/1573)        
2024-03-13T13:33:32.9634370Z remote: Compressing objects:  58% (913/1573)        
2024-03-13T13:33:32.9650142Z remote: Compressing objects:  59% (929/1573)        
2024-03-13T13:33:32.9662187Z remote: Compressing objects:  60% (944/1573)        
2024-03-13T13:33:32.9662966Z remote: Compressing objects:  61% (960/1573)        
2024-03-13T13:33:32.9663828Z remote: Compressing objects:  62% (976/1573)        
2024-03-13T13:33:32.9664878Z remote: Compressing objects:  63% (991/1573)        
2024-03-13T13:33:32.9669179Z remote: Compressing objects:  64% (1007/1573)        
2024-03-13T13:33:32.9671973Z remote: Compressing objects:  65% (1023/1573)        
2024-03-13T13:33:32.9675662Z remote: Compressing objects:  66% (1039/1573)        
2024-03-13T13:33:32.9686734Z remote: Compressing objects:  67% (1054/1573)        
2024-03-13T13:33:32.9691068Z remote: Compressing objects:  68% (1070/1573)        
2024-03-13T13:33:32.9692431Z remote: Compressing objects:  69% (1086/1573)        
2024-03-13T13:33:32.9696038Z remote: Compressing objects:  70% (1102/1573)        
2024-03-13T13:33:32.9712033Z remote: Compressing objects:  71% (1117/1573)        
2024-03-13T13:33:32.9722896Z remote: Compressing objects:  72% (1133/1573)        
2024-03-13T13:33:32.9734710Z remote: Compressing objects:  73% (1149/1573)        
2024-03-13T13:33:32.9739398Z remote: Compressing objects:  74% (1165/1573)        
2024-03-13T13:33:32.9760253Z remote: Compressing objects:  75% (1180/1573)        
2024-03-13T13:33:32.9829364Z remote: Compressing objects:  76% (1196/1573)        
2024-03-13T13:33:32.9850267Z remote: Compressing objects:  77% (1212/1573)        
2024-03-13T13:33:32.9861468Z remote: Compressing objects:  78% (1227/1573)        
2024-03-13T13:33:32.9886606Z remote: Compressing objects:  79% (1243/1573)        
2024-03-13T13:33:32.9908395Z remote: Compressing objects:  80% (1259/1573)        
2024-03-13T13:33:32.9948580Z remote: Compressing objects:  81% (1275/1573)        
2024-03-13T13:33:32.9980469Z remote: Compressing objects:  82% (1290/1573)        
2024-03-13T13:33:33.0026030Z remote: Compressing objects:  83% (1306/1573)        
2024-03-13T13:33:33.0044179Z remote: Compressing objects:  84% (1322/1573)        
2024-03-13T13:33:33.0085674Z remote: Compressing objects:  85% (1338/1573)        
2024-03-13T13:33:33.0129657Z remote: Compressing objects:  86% (1353/1573)        
2024-03-13T13:33:33.0153404Z remote: Compressing objects:  87% (1369/1573)        
2024-03-13T13:33:33.0161828Z remote: Compressing objects:  88% (1385/1573)        
2024-03-13T13:33:33.0164513Z remote: Compressing objects:  89% (1400/1573)        
2024-03-13T13:33:33.0167117Z remote: Compressing objects:  90% (1416/1573)        
2024-03-13T13:33:33.0168017Z remote: Compressing objects:  91% (1432/1573)        
2024-03-13T13:33:33.0174733Z remote: Compressing objects:  92% (1448/1573)        
2024-03-13T13:33:33.0177797Z remote: Compressing objects:  93% (1463/1573)        
2024-03-13T13:33:33.0178513Z remote: Compressing objects:  94% (1479/1573)        
2024-03-13T13:33:33.0179087Z remote: Compressing objects:  95% (1495/1573)        
2024-03-13T13:33:33.0179715Z remote: Compressing objects:  96% (1511/1573)        
2024-03-13T13:33:33.0180568Z remote: Compressing objects:  97% (1526/1573)        
2024-03-13T13:33:33.0182748Z remote: Compressing objects:  98% (1542/1573)        
2024-03-13T13:33:33.0193915Z remote: Compressing objects:  99% (1558/1573)        
2024-03-13T13:33:33.0194958Z remote: Compressing objects: 100% (1573/1573)        
2024-03-13T13:33:33.0195614Z remote: Compressing objects: 100% (1573/1573), done.        
2024-03-13T13:33:33.0228050Z Receiving objects:   0% (1/1752)
2024-03-13T13:33:33.0232018Z Receiving objects:   1% (18/1752)
2024-03-13T13:33:33.0270978Z Receiving objects:   2% (36/1752)
2024-03-13T13:33:33.0717377Z Receiving objects:   3% (53/1752)
2024-03-13T13:33:33.1675843Z Receiving objects:   4% (71/1752)
2024-03-13T13:33:33.1678433Z Receiving objects:   5% (88/1752)
2024-03-13T13:33:33.1681938Z Receiving objects:   6% (106/1752)
2024-03-13T13:33:33.1686838Z Receiving objects:   7% (123/1752)
2024-03-13T13:33:33.1691490Z Receiving objects:   8% (141/1752)
2024-03-13T13:33:33.1695569Z Receiving objects:   9% (158/1752)
2024-03-13T13:33:33.1711720Z Receiving objects:  10% (176/1752)
2024-03-13T13:33:33.1715655Z Receiving objects:  11% (193/1752)
2024-03-13T13:33:33.1719150Z Receiving objects:  12% (211/1752)
2024-03-13T13:33:33.1729441Z Receiving objects:  13% (228/1752)
2024-03-13T13:33:33.1733316Z Receiving objects:  14% (246/1752)
2024-03-13T13:33:33.1736489Z Receiving objects:  15% (263/1752)
2024-03-13T13:33:33.1740639Z Receiving objects:  16% (281/1752)
2024-03-13T13:33:33.1747333Z Receiving objects:  17% (298/1752)
2024-03-13T13:33:33.1752727Z Receiving objects:  18% (316/1752)
2024-03-13T13:33:33.1757948Z Receiving objects:  19% (333/1752)
2024-03-13T13:33:33.1761648Z Receiving objects:  20% (351/1752)
2024-03-13T13:33:33.1768631Z Receiving objects:  21% (368/1752)
2024-03-13T13:33:33.1772397Z Receiving objects:  22% (386/1752)
2024-03-13T13:33:33.1776701Z Receiving objects:  23% (403/1752)
2024-03-13T13:33:33.1779601Z Receiving objects:  24% (421/1752)
2024-03-13T13:33:33.1785196Z Receiving objects:  25% (438/1752)
2024-03-13T13:33:33.1786251Z Receiving objects:  26% (456/1752)
2024-03-13T13:33:33.1789624Z Receiving objects:  27% (474/1752)
2024-03-13T13:33:33.1792500Z Receiving objects:  28% (491/1752)
2024-03-13T13:33:33.1794115Z Receiving objects:  29% (509/1752)
2024-03-13T13:33:33.1797567Z Receiving objects:  30% (526/1752)
2024-03-13T13:33:33.1800301Z Receiving objects:  31% (544/1752)
2024-03-13T13:33:33.1802124Z Receiving objects:  32% (561/1752)
2024-03-13T13:33:33.1804380Z Receiving objects:  33% (579/1752)
2024-03-13T13:33:33.1806137Z Receiving objects:  34% (596/1752)
2024-03-13T13:33:33.1807750Z Receiving objects:  35% (614/1752)
2024-03-13T13:33:33.1811410Z Receiving objects:  36% (631/1752)
2024-03-13T13:33:33.1814319Z Receiving objects:  37% (649/1752)
2024-03-13T13:33:33.1815628Z Receiving objects:  38% (666/1752)
2024-03-13T13:33:33.1832649Z Receiving objects:  39% (684/1752)
2024-03-13T13:33:33.1835731Z Receiving objects:  40% (701/1752)
2024-03-13T13:33:33.1838658Z Receiving objects:  41% (719/1752)
2024-03-13T13:33:33.1841649Z Receiving objects:  42% (736/1752)
2024-03-13T13:33:33.1844823Z Receiving objects:  43% (754/1752)
2024-03-13T13:33:33.1846916Z Receiving objects:  44% (771/1752)
2024-03-13T13:33:33.1849961Z Receiving objects:  45% (789/1752)
2024-03-13T13:33:33.1852129Z Receiving objects:  46% (806/1752)
2024-03-13T13:33:33.1854369Z Receiving objects:  47% (824/1752)
2024-03-13T13:33:33.1857448Z Receiving objects:  48% (841/1752)
2024-03-13T13:33:33.1859284Z Receiving objects:  49% (859/1752)
2024-03-13T13:33:33.1861429Z Receiving objects:  50% (876/1752)
2024-03-13T13:33:33.1862254Z Receiving objects:  51% (894/1752)
2024-03-13T13:33:33.1865293Z Receiving objects:  52% (912/1752)
2024-03-13T13:33:33.1870409Z Receiving objects:  53% (929/1752)
2024-03-13T13:33:33.1873642Z Receiving objects:  54% (947/1752)
2024-03-13T13:33:33.1891861Z Receiving objects:  55% (964/1752)
2024-03-13T13:33:33.1898599Z Receiving objects:  56% (982/1752)
2024-03-13T13:33:33.1903373Z Receiving objects:  57% (999/1752)
2024-03-13T13:33:33.1907740Z Receiving objects:  58% (1017/1752)
2024-03-13T13:33:33.1911920Z Receiving objects:  59% (1034/1752)
2024-03-13T13:33:33.1916434Z Receiving objects:  60% (1052/1752)
2024-03-13T13:33:33.1920547Z Receiving objects:  61% (1069/1752)
2024-03-13T13:33:33.1924040Z Receiving objects:  62% (1087/1752)
2024-03-13T13:33:33.1927784Z Receiving objects:  63% (1104/1752)
2024-03-13T13:33:33.1931717Z Receiving objects:  64% (1122/1752)
2024-03-13T13:33:33.1936199Z Receiving objects:  65% (1139/1752)
2024-03-13T13:33:33.1940447Z Receiving objects:  66% (1157/1752)
2024-03-13T13:33:33.1944744Z Receiving objects:  67% (1174/1752)
2024-03-13T13:33:33.1948393Z Receiving objects:  68% (1192/1752)
2024-03-13T13:33:33.1953073Z Receiving objects:  69% (1209/1752)
2024-03-13T13:33:33.1956982Z Receiving objects:  70% (1227/1752)
2024-03-13T13:33:33.1969455Z Receiving objects:  71% (1244/1752)
2024-03-13T13:33:33.1985081Z Receiving objects:  72% (1262/1752)
2024-03-13T13:33:33.1988103Z Receiving objects:  73% (1279/1752)
2024-03-13T13:33:33.1989562Z Receiving objects:  74% (1297/1752)
2024-03-13T13:33:33.2189574Z Receiving objects:  75% (1314/1752)
2024-03-13T13:33:33.2390214Z Receiving objects:  76% (1332/1752)
2024-03-13T13:33:33.2507683Z Receiving objects:  77% (1350/1752)
2024-03-13T13:33:33.2747872Z Receiving objects:  78% (1367/1752)
2024-03-13T13:33:33.2937878Z Receiving objects:  79% (1385/1752)
2024-03-13T13:33:33.3122660Z Receiving objects:  80% (1402/1752)
2024-03-13T13:33:33.3128758Z Receiving objects:  81% (1420/1752)
2024-03-13T13:33:33.3132248Z Receiving objects:  82% (1437/1752)
2024-03-13T13:33:33.3135696Z Receiving objects:  83% (1455/1752)
2024-03-13T13:33:33.3141034Z Receiving objects:  84% (1472/1752)
2024-03-13T13:33:33.3145679Z Receiving objects:  85% (1490/1752)
2024-03-13T13:33:33.3151765Z Receiving objects:  86% (1507/1752)
2024-03-13T13:33:33.3159105Z Receiving objects:  87% (1525/1752)
2024-03-13T13:33:33.3163995Z Receiving objects:  88% (1542/1752)
2024-03-13T13:33:33.3168896Z Receiving objects:  89% (1560/1752)
2024-03-13T13:33:33.3174960Z Receiving objects:  90% (1577/1752)
2024-03-13T13:33:33.3181616Z Receiving objects:  91% (1595/1752)
2024-03-13T13:33:33.3186809Z Receiving objects:  92% (1612/1752)
2024-03-13T13:33:33.3191496Z Receiving objects:  93% (1630/1752)
2024-03-13T13:33:33.3195646Z Receiving objects:  94% (1647/1752)
2024-03-13T13:33:33.3199395Z Receiving objects:  95% (1665/1752)
2024-03-13T13:33:33.3202199Z Receiving objects:  96% (1682/1752)
2024-03-13T13:33:33.3211064Z Receiving objects:  97% (1700/1752)
2024-03-13T13:33:33.3219075Z Receiving objects:  98% (1717/1752)
2024-03-13T13:33:33.3234180Z Receiving objects:  99% (1735/1752)
2024-03-13T13:33:33.3235403Z remote: Total 1752 (delta 279), reused 989 (delta 140), pack-reused 0        
2024-03-13T13:33:33.3242580Z Receiving objects: 100% (1752/1752)
2024-03-13T13:33:33.3243656Z Receiving objects: 100% (1752/1752), 6.60 MiB | 21.87 MiB/s, done.
2024-03-13T13:33:33.3258864Z Resolving deltas:   0% (0/279)
2024-03-13T13:33:33.3260821Z Resolving deltas:   1% (3/279)
2024-03-13T13:33:33.3261586Z Resolving deltas:   2% (7/279)
2024-03-13T13:33:33.3262193Z Resolving deltas:   3% (9/279)
2024-03-13T13:33:33.3262800Z Resolving deltas:   4% (12/279)
2024-03-13T13:33:33.3263513Z Resolving deltas:   5% (14/279)
2024-03-13T13:33:33.3264073Z Resolving deltas:   6% (17/279)
2024-03-13T13:33:33.3264670Z Resolving deltas:   7% (20/279)
2024-03-13T13:33:33.3265400Z Resolving deltas:   8% (23/279)
2024-03-13T13:33:33.3265977Z Resolving deltas:   9% (26/279)
2024-03-13T13:33:33.3266576Z Resolving deltas:  10% (28/279)
2024-03-13T13:33:33.3267290Z Resolving deltas:  11% (31/279)
2024-03-13T13:33:33.3267841Z Resolving deltas:  12% (34/279)
2024-03-13T13:33:33.3268449Z Resolving deltas:  13% (37/279)
2024-03-13T13:33:33.3275472Z Resolving deltas:  14% (40/279)
2024-03-13T13:33:33.3277315Z Resolving deltas:  15% (42/279)
2024-03-13T13:33:33.3279027Z Resolving deltas:  16% (45/279)
2024-03-13T13:33:33.3280780Z Resolving deltas:  17% (48/279)
2024-03-13T13:33:33.3282472Z Resolving deltas:  18% (51/279)
2024-03-13T13:33:33.3284155Z Resolving deltas:  19% (54/279)
2024-03-13T13:33:33.3288116Z Resolving deltas:  20% (56/279)
2024-03-13T13:33:33.3288833Z Resolving deltas:  21% (59/279)
2024-03-13T13:33:33.3289421Z Resolving deltas:  22% (62/279)
2024-03-13T13:33:33.3290141Z Resolving deltas:  23% (65/279)
2024-03-13T13:33:33.3290768Z Resolving deltas:  24% (67/279)
2024-03-13T13:33:33.3291332Z Resolving deltas:  25% (70/279)
2024-03-13T13:33:33.3303931Z Resolving deltas:  26% (73/279)
2024-03-13T13:33:33.3307631Z Resolving deltas:  27% (77/279)
2024-03-13T13:33:33.3308260Z Resolving deltas:  28% (80/279)
2024-03-13T13:33:33.3310011Z Resolving deltas:  29% (81/279)
2024-03-13T13:33:33.3310717Z Resolving deltas:  30% (84/279)
2024-03-13T13:33:33.3311318Z Resolving deltas:  31% (87/279)
2024-03-13T13:33:33.3312111Z Resolving deltas:  32% (90/279)
2024-03-13T13:33:33.3312756Z Resolving deltas:  33% (93/279)
2024-03-13T13:33:33.3313295Z Resolving deltas:  34% (95/279)
2024-03-13T13:33:33.3313894Z Resolving deltas:  35% (98/279)
2024-03-13T13:33:33.3314599Z Resolving deltas:  36% (101/279)
2024-03-13T13:33:33.3315190Z Resolving deltas:  37% (104/279)
2024-03-13T13:33:33.3315931Z Resolving deltas:  38% (107/279)
2024-03-13T13:33:33.3316678Z Resolving deltas:  39% (109/279)
2024-03-13T13:33:33.3317357Z Resolving deltas:  40% (112/279)
2024-03-13T13:33:33.3318276Z Resolving deltas:  41% (115/279)
2024-03-13T13:33:33.3319048Z Resolving deltas:  42% (118/279)
2024-03-13T13:33:33.3319713Z Resolving deltas:  43% (120/279)
2024-03-13T13:33:33.3320584Z Resolving deltas:  44% (123/279)
2024-03-13T13:33:33.3321341Z Resolving deltas:  45% (126/279)
2024-03-13T13:33:33.3321984Z Resolving deltas:  46% (129/279)
2024-03-13T13:33:33.3322882Z Resolving deltas:  47% (132/279)
2024-03-13T13:33:33.3323552Z Resolving deltas:  48% (134/279)
2024-03-13T13:33:33.3324160Z Resolving deltas:  49% (137/279)
2024-03-13T13:33:33.3325050Z Resolving deltas:  50% (140/279)
2024-03-13T13:33:33.3326140Z Resolving deltas:  51% (143/279)
2024-03-13T13:33:33.3326826Z Resolving deltas:  52% (146/279)
2024-03-13T13:33:33.3327763Z Resolving deltas:  53% (148/279)
2024-03-13T13:33:33.3328497Z Resolving deltas:  54% (151/279)
2024-03-13T13:33:33.3329170Z Resolving deltas:  55% (154/279)
2024-03-13T13:33:33.3330008Z Resolving deltas:  56% (157/279)
2024-03-13T13:33:33.3330664Z Resolving deltas:  57% (160/279)
2024-03-13T13:33:33.3331384Z Resolving deltas:  58% (162/279)
2024-03-13T13:33:33.3332186Z Resolving deltas:  59% (165/279)
2024-03-13T13:33:33.3332818Z Resolving deltas:  60% (169/279)
2024-03-13T13:33:33.3333507Z Resolving deltas:  61% (171/279)
2024-03-13T13:33:33.3334314Z Resolving deltas:  62% (173/279)
2024-03-13T13:33:33.3335078Z Resolving deltas:  63% (176/279)
2024-03-13T13:33:33.3335796Z Resolving deltas:  64% (179/279)
2024-03-13T13:33:33.3336539Z Resolving deltas:  65% (182/279)
2024-03-13T13:33:33.3337200Z Resolving deltas:  66% (185/279)
2024-03-13T13:33:33.3337894Z Resolving deltas:  67% (187/279)
2024-03-13T13:33:33.3338636Z Resolving deltas:  68% (190/279)
2024-03-13T13:33:33.3339071Z Resolving deltas:  69% (193/279)
2024-03-13T13:33:33.3339470Z Resolving deltas:  70% (196/279)
2024-03-13T13:33:33.3339899Z Resolving deltas:  71% (199/279)
2024-03-13T13:33:33.3340547Z Resolving deltas:  72% (201/279)
2024-03-13T13:33:33.3340949Z Resolving deltas:  73% (204/279)
2024-03-13T13:33:33.3341383Z Resolving deltas:  74% (207/279)
2024-03-13T13:33:33.3341798Z Resolving deltas:  75% (210/279)
2024-03-13T13:33:33.3342186Z Resolving deltas:  76% (213/279)
2024-03-13T13:33:33.3342708Z Resolving deltas:  77% (215/279)
2024-03-13T13:33:33.3343362Z Resolving deltas:  78% (218/279)
2024-03-13T13:33:33.3343982Z Resolving deltas:  79% (221/279)
2024-03-13T13:33:33.3344706Z Resolving deltas:  80% (224/279)
2024-03-13T13:33:33.3345354Z Resolving deltas:  81% (226/279)
2024-03-13T13:33:33.3346000Z Resolving deltas:  82% (229/279)
2024-03-13T13:33:33.3346737Z Resolving deltas:  83% (232/279)
2024-03-13T13:33:33.3347403Z Resolving deltas:  84% (235/279)
2024-03-13T13:33:33.3347979Z Resolving deltas:  85% (238/279)
2024-03-13T13:33:33.3348959Z Resolving deltas:  86% (240/279)
2024-03-13T13:33:33.3349661Z Resolving deltas:  87% (243/279)
2024-03-13T13:33:33.3350295Z Resolving deltas:  88% (246/279)
2024-03-13T13:33:33.3351028Z Resolving deltas:  89% (249/279)
2024-03-13T13:33:33.3351653Z Resolving deltas:  90% (252/279)
2024-03-13T13:33:33.3352895Z Resolving deltas:  91% (254/279)
2024-03-13T13:33:33.3354934Z Resolving deltas:  92% (257/279)
2024-03-13T13:33:33.3357712Z Resolving deltas:  93% (260/279)
2024-03-13T13:33:33.3358948Z Resolving deltas:  94% (263/279)
2024-03-13T13:33:33.3360318Z Resolving deltas:  95% (266/279)
2024-03-13T13:33:33.3361044Z Resolving deltas:  96% (269/279)
2024-03-13T13:33:33.3361988Z Resolving deltas:  97% (271/279)
2024-03-13T13:33:33.3363297Z Resolving deltas:  98% (274/279)
2024-03-13T13:33:33.3364262Z Resolving deltas:  99% (277/279)
2024-03-13T13:33:33.3366794Z Resolving deltas: 100% (279/279)
2024-03-13T13:33:33.3367295Z Resolving deltas: 100% (279/279), done.
2024-03-13T13:33:33.3539807Z From https://github.com/rubyforgood/human-essentials
2024-03-13T13:33:33.3541325Z  * [new ref]         377afcb1b78bd23242361c2838410f21470635f0 -> pull/4183/merge
2024-03-13T13:33:33.3567382Z ##[endgroup]
2024-03-13T13:33:33.3568195Z ##[group]Determining the checkout info
2024-03-13T13:33:33.3569495Z ##[endgroup]
2024-03-13T13:33:33.3570238Z ##[group]Checking out the ref
2024-03-13T13:33:33.3573832Z [command]/usr/bin/git checkout --progress --force refs/remotes/pull/4183/merge
2024-03-13T13:33:33.4904679Z Note: switching to 'refs/remotes/pull/4183/merge'.
2024-03-13T13:33:33.4905298Z 
2024-03-13T13:33:33.4905883Z You are in 'detached HEAD' state. You can look around, make experimental
2024-03-13T13:33:33.4907292Z changes and commit them, and you can discard any commits you make in this
2024-03-13T13:33:33.4908441Z state without impacting any branches by switching back to a branch.
2024-03-13T13:33:33.4909113Z 
2024-03-13T13:33:33.4909975Z If you want to create a new branch to retain commits you create, you may
2024-03-13T13:33:33.4911157Z do so (now or later) by using -c with the switch command. Example:
2024-03-13T13:33:33.4911548Z 
2024-03-13T13:33:33.4911771Z   git switch -c <new-branch-name>
2024-03-13T13:33:33.4912023Z 
2024-03-13T13:33:33.4912160Z Or undo this operation with:
2024-03-13T13:33:33.4912529Z 
2024-03-13T13:33:33.4912649Z   git switch -
2024-03-13T13:33:33.4912854Z 
2024-03-13T13:33:33.4913166Z Turn off this advice by setting config variable advice.detachedHead to false
2024-03-13T13:33:33.4913616Z 
2024-03-13T13:33:33.4914150Z HEAD is now at 377afcb Merge 025441c36a04c341475587dee4348322829c5681 into 940bbf0f5244b4db7c58a9db790d6a87316d201d
2024-03-13T13:33:33.4915673Z ##[endgroup]
2024-03-13T13:33:33.4965296Z [command]/usr/bin/git log -1 --format='%H'
2024-03-13T13:33:33.4999468Z '377afcb1b78bd23242361c2838410f21470635f0'
2024-03-13T13:33:33.5298696Z ##[group]Run ruby/setup-ruby@v1
2024-03-13T13:33:33.5299143Z with:
2024-03-13T13:33:33.5299555Z   bundler-cache: true
2024-03-13T13:33:33.5299881Z   ruby-version: default
2024-03-13T13:33:33.5300518Z ##[endgroup]
2024-03-13T13:33:33.7505338Z Using 3.2.2 as input from file .ruby-version
2024-03-13T13:33:33.7533348Z ##[group]Modifying PATH
2024-03-13T13:33:33.7534086Z Entries added to PATH to use selected Ruby:
2024-03-13T13:33:33.7534981Z   /opt/hostedtoolcache/Ruby/3.2.2/x64/bin
2024-03-13T13:33:33.7536354Z ##[endgroup]
2024-03-13T13:33:33.7559801Z ##[group]Downloading Ruby
2024-03-13T13:33:33.7563116Z https://github.com/ruby/ruby-builder/releases/download/toolcache/ruby-3.2.2-ubuntu-22.04.tar.gz
2024-03-13T13:33:34.1000436Z Took   0.34 seconds
2024-03-13T13:33:34.1001898Z ##[endgroup]
2024-03-13T13:33:34.1002956Z ##[group]Extracting  Ruby
2024-03-13T13:33:34.1033877Z [command]/usr/bin/tar -xz -C /opt/hostedtoolcache/Ruby/3.2.2 -f /home/runner/work/_temp/a0d394df-995d-4b5c-a421-822f4c2ef894
2024-03-13T13:33:34.5085969Z Took   0.41 seconds
2024-03-13T13:33:34.5087513Z ##[endgroup]
2024-03-13T13:33:34.5088542Z ##[group]Print Ruby version
2024-03-13T13:33:34.5099424Z [command]/opt/hostedtoolcache/Ruby/3.2.2/x64/bin/ruby --version
2024-03-13T13:33:34.5306880Z ruby 3.2.2 (2023-03-30 revision e51014f9c0) [x86_64-linux]
2024-03-13T13:33:34.5328873Z Took   0.02 seconds
2024-03-13T13:33:34.5330067Z ##[endgroup]
2024-03-13T13:33:34.5331158Z ##[group]Installing Bundler
2024-03-13T13:33:34.5336814Z Using Bundler 2.5.6 from Gemfile.lock BUNDLED WITH 2.5.6
2024-03-13T13:33:34.5342166Z [command]/opt/hostedtoolcache/Ruby/3.2.2/x64/bin/gem install bundler -v 2.5.6
2024-03-13T13:33:35.2927144Z Successfully installed bundler-2.5.6
2024-03-13T13:33:35.2928208Z 1 gem installed
2024-03-13T13:33:35.2982780Z Took   0.77 seconds
2024-03-13T13:33:35.2983804Z ##[endgroup]
2024-03-13T13:33:35.2984706Z > bundle install
2024-03-13T13:33:35.3002507Z [command]/opt/hostedtoolcache/Ruby/3.2.2/x64/bin/bundle config --local path /home/runner/work/human-essentials/human-essentials/vendor/bundle
2024-03-13T13:33:35.4510664Z [command]/opt/hostedtoolcache/Ruby/3.2.2/x64/bin/bundle config --local deployment true
2024-03-13T13:33:35.6001167Z Cache key: setup-ruby-bundler-cache-v6-ubuntu-22.04-x64-ruby-3.2.2-wd-/home/runner/work/human-essentials/human-essentials-with--without--only--Gemfile.lock-57ae790054a271f81a8367fb5bb0c15cc20df71ad84f24e66005bac26235ae95
2024-03-13T13:33:36.7007631Z Received 188743680 of 214917240 (87.8%), 180.0 MBs/sec
2024-03-13T13:33:36.7911122Z Cache Size: ~205 MB (214917240 B)
2024-03-13T13:33:36.7959139Z [command]/usr/bin/tar -xf /home/runner/work/_temp/37792242-d89f-4955-a499-157b9597ef82/cache.tzst -P -C /home/runner/work/human-essentials/human-essentials --use-compress-program unzstd
2024-03-13T13:33:37.7016710Z Received 214917240 of 214917240 (100.0%), 102.4 MBs/sec
2024-03-13T13:33:38.6494491Z Cache restored successfully
2024-03-13T13:33:38.6927890Z Found cache for key: setup-ruby-bundler-cache-v6-ubuntu-22.04-x64-ruby-3.2.2-wd-/home/runner/work/human-essentials/human-essentials-with--without--only--Gemfile.lock-57ae790054a271f81a8367fb5bb0c15cc20df71ad84f24e66005bac26235ae95
2024-03-13T13:33:38.6938495Z [command]/opt/hostedtoolcache/Ruby/3.2.2/x64/bin/bundle install --jobs 4
2024-03-13T13:33:39.0900576Z Bundle complete! 85 Gemfile dependencies, 246 gems now installed.
2024-03-13T13:33:39.0902470Z Bundled gems are installed into `./vendor/bundle`
2024-03-13T13:33:39.0954066Z Took   3.80 seconds
2024-03-13T13:33:39.1193466Z ##[group]Run sudo apt-get -yqq install libpq-dev
2024-03-13T13:33:39.1194617Z [36;1msudo apt-get -yqq install libpq-dev[0m
2024-03-13T13:33:39.1277291Z shell: /usr/bin/bash -e {0}
2024-03-13T13:33:39.1277936Z ##[endgroup]
2024-03-13T13:33:42.2445787Z ##[group]Run bundle exec rake db:create
2024-03-13T13:33:42.2446437Z [36;1mbundle exec rake db:create[0m
2024-03-13T13:33:42.2446934Z [36;1mbundle exec rake db:schema:load[0m
2024-03-13T13:33:42.2447381Z [36;1mbundle exec rails assets:precompile[0m
2024-03-13T13:33:42.2497451Z shell: /usr/bin/bash -e {0}
2024-03-13T13:33:42.2497980Z env:
2024-03-13T13:33:42.2498303Z   POSTGRES_HOST: localhost
2024-03-13T13:33:42.2498776Z   DATABASE_HOST: localhost
2024-03-13T13:33:42.2499108Z   PG_USERNAME: postgres
2024-03-13T13:33:42.2499472Z   PG_PASSWORD: password
2024-03-13T13:33:42.2499932Z   POSTGRES_HOST_AUTH_METHOD: trust
2024-03-13T13:33:42.2500592Z   POSTGRES_PORT: 5432
2024-03-13T13:33:42.2500962Z   RAILS_ENV: test
2024-03-13T13:33:42.2501351Z ##[endgroup]
2024-03-13T13:33:49.0885208Z We could not find your database: diaper_test. Which can be found in the database configuration file located at config/database.yml.
2024-03-13T13:33:49.0886519Z 
2024-03-13T13:33:49.0886870Z To resolve this issue:
2024-03-13T13:33:49.0887398Z 
2024-03-13T13:33:49.0888409Z - Did you create the database for this app, or delete it? You may need to create your database.
2024-03-13T13:33:49.0890035Z - Has the database name changed? Check your database.yml config has the correct database name.
2024-03-13T13:33:49.0890909Z 
2024-03-13T13:33:49.0891398Z To create your database, run:
2024-03-13T13:33:49.0891825Z 
2024-03-13T13:33:49.0892024Z         bin/rails db:create
2024-03-13T13:33:49.0893217Z . You likely need to run `rails g flipper:active_record` and/or `rails db:migrate`.
2024-03-13T13:33:49.2412407Z Created database 'diaper_test'
2024-03-13T13:33:49.5472788Z Coverage report generated for RSpec to /home/runner/work/human-essentials/human-essentials/coverage. 442 / 10017 LOC (4.41%) covered.
2024-03-13T13:33:55.9959975Z PG::UndefinedTable: ERROR:  relation "flipper_gates" does not exist
2024-03-13T13:33:55.9961186Z LINE 9:  WHERE a.attrelid = '"flipper_gates"'::regclass
2024-03-13T13:33:55.9961687Z                             ^
2024-03-13T13:33:55.9962276Z . You likely need to run `rails g flipper:active_record` and/or `rails db:migrate`.
2024-03-13T13:33:56.9335314Z Coverage report generated for RSpec to /home/runner/work/human-essentials/human-essentials/coverage. 442 / 10017 LOC (4.41%) covered.
2024-03-13T13:34:31.1910658Z W, [2024-03-13T06:34:31.190640 #2525]  WARN -- : Removed sourceMappingURL comment for missing asset 'adminlte.js.map' from /home/runner/work/human-essentials/human-essentials/app/javascript/adminlte.js
2024-03-13T13:34:31.2539603Z I, [2024-03-13T06:34:31.253589 #2525]  INFO -- : Writing /home/runner/work/human-essentials/human-essentials/public/assets/manifest-90aab26ade71e747f745b1227b433fd7d580a54f279ee2be6e1a67bb326bf03a.js
2024-03-13T13:34:31.2543856Z I, [2024-03-13T06:34:31.253773 #2525]  INFO -- : Writing /home/runner/work/human-essentials/human-essentials/public/assets/manifest-90aab26ade71e747f745b1227b433fd7d580a54f279ee2be6e1a67bb326bf03a.js.gz
2024-03-13T13:34:31.2547939Z I, [2024-03-13T06:34:31.253971 #2525]  INFO -- : Writing /home/runner/work/human-essentials/human-essentials/public/assets/filterrific/filterrific-spinner-415824b210964b6cdb1db0bd9508be8644b9fde094b392f73055b20d369885b6.gif
2024-03-13T13:34:31.2551589Z I, [2024-03-13T06:34:31.254593 #2525]  INFO -- : Writing /home/runner/work/human-essentials/human-essentials/public/assets/bootstrap.min-67c48d88a8e0be178058aacb338b084191ed6d65c8fef751c50248202cf1488a.js
2024-03-13T13:34:31.2555457Z I, [2024-03-13T06:34:31.254691 #2525]  INFO -- : Writing /home/runner/work/human-essentials/human-essentials/public/assets/bootstrap.min-67c48d88a8e0be178058aacb338b084191ed6d65c8fef751c50248202cf1488a.js.gz
2024-03-13T13:34:31.2558152Z I, [2024-03-13T06:34:31.254889 #2525]  INFO -- : Writing /home/runner/work/human-essentials/human-essentials/public/assets/DiaperBase-Logo-f18172876cab49a451ca9c3178b578ab2019e03f111a6b6f3ba0c1b40b3d7c0c.png
2024-03-13T13:34:31.2562268Z I, [2024-03-13T06:34:31.255798 #2525]  INFO -- : Writing /home/runner/work/human-essentials/human-essentials/public/assets/Just-Diaper-05bf6a1b70ccad149eb4eca7b5f9fcca1f9c37bab1f8e5edb6798d66c903ba53.svg
2024-03-13T13:34:31.2566293Z I, [2024-03-13T06:34:31.256333 #2525]  INFO -- : Writing /home/runner/work/human-essentials/human-essentials/public/assets/Just-Diaper-05bf6a1b70ccad149eb4eca7b5f9fcca1f9c37bab1f8e5edb6798d66c903ba53.svg.gz
2024-03-13T13:34:31.2569556Z I, [2024-03-13T06:34:31.256462 #2525]  INFO -- : Writing /home/runner/work/human-essentials/human-essentials/public/assets/barcode-932aed25f5c148b36882be3bfb6696ecdd362ba0a709ff0674a10477f2aad8f3.svg
2024-03-13T13:34:31.2573413Z I, [2024-03-13T06:34:31.256639 #2525]  INFO -- : Writing /home/runner/work/human-essentials/human-essentials/public/assets/barcode-932aed25f5c148b36882be3bfb6696ecdd362ba0a709ff0674a10477f2aad8f3.svg.gz
2024-03-13T13:34:31.2576322Z I, [2024-03-13T06:34:31.256919 #2525]  INFO -- : Writing /home/runner/work/human-essentials/human-essentials/public/assets/bars-db7a0aaf1cd735270b170cba53dca71c75473940ab48639c609a72964eb92f4d.svg
2024-03-13T13:34:31.2578938Z I, [2024-03-13T06:34:31.257046 #2525]  INFO -- : Writing /home/runner/work/human-essentials/human-essentials/public/assets/bars-db7a0aaf1cd735270b170cba53dca71c75473940ab48639c609a72964eb92f4d.svg.gz
2024-03-13T13:34:31.2581822Z I, [2024-03-13T06:34:31.257480 #2525]  INFO -- : Writing /home/runner/work/human-essentials/human-essentials/public/assets/blue@2x-709ca6c252f762af1e5efb0ef1e7444a712cb0ec010fee01749b67a595a7c0c6.png
2024-03-13T13:34:31.2584748Z I, [2024-03-13T06:34:31.257939 #2525]  INFO -- : Writing /home/runner/work/human-essentials/human-essentials/public/assets/boxed-bg-6c60c3f8655fa4062631bbe1434face4fe3d70392159e976ec09ca6ad9330e7d.jpg
2024-03-13T13:34:31.2587680Z I, [2024-03-13T06:34:31.258166 #2525]  INFO -- : Writing /home/runner/work/human-essentials/human-essentials/public/assets/boxed-bg-eb7b1fa0c09f5ef599fc5138e33168827f2ec4e1f796cf8a78570d8a73a58190.png
2024-03-13T13:34:31.2590601Z I, [2024-03-13T06:34:31.258537 #2525]  INFO -- : Writing /home/runner/work/human-essentials/human-essentials/public/assets/dashboard-image-3db42e909886dffccb680715feccab83cc867b4581b0009558e746364e2ec332.svg
2024-03-13T13:34:31.2594371Z I, [2024-03-13T06:34:31.259163 #2525]  INFO -- : Writing /home/runner/work/human-essentials/human-essentials/public/assets/dashboard-image-3db42e909886dffccb680715feccab83cc867b4581b0009558e746364e2ec332.svg.gz
2024-03-13T13:34:31.2600147Z I, [2024-03-13T06:34:31.259708 #2525]  INFO -- : Writing /home/runner/work/human-essentials/human-essentials/public/assets/forecasting-32dffccc42e6c09203d36acbc2243b4bc746dc2f1198c1ff43def4bb48e335b2.svg
2024-03-13T13:34:31.2604245Z I, [2024-03-13T06:34:31.260128 #2525]  INFO -- : Writing /home/runner/work/human-essentials/human-essentials/public/assets/forecasting-32dffccc42e6c09203d36acbc2243b4bc746dc2f1198c1ff43def4bb48e335b2.svg.gz
2024-03-13T13:34:31.2608119Z I, [2024-03-13T06:34:31.260258 #2525]  INFO -- : Writing /home/runner/work/human-essentials/human-essentials/public/assets/hero-image-0ba273def6de748beb2a64206e115d8e4a109ad51ef255512f4c6522e5b9225b.svg
2024-03-13T13:34:31.2612671Z I, [2024-03-13T06:34:31.261023 #2525]  INFO -- : Writing /home/runner/work/human-essentials/human-essentials/public/assets/hero-image-0ba273def6de748beb2a64206e115d8e4a109ad51ef255512f4c6522e5b9225b.svg.gz
2024-03-13T13:34:31.2616404Z I, [2024-03-13T06:34:31.261167 #2525]  INFO -- : Writing /home/runner/work/human-essentials/human-essentials/public/assets/inventory-image-3d91fc8087e13632114d9d129a680b992e02aae297b2bf180089cd55792249b2.svg
2024-03-13T13:34:31.2631436Z I, [2024-03-13T06:34:31.262770 #2525]  INFO -- : Writing /home/runner/work/human-essentials/human-essentials/public/assets/inventory-image-3d91fc8087e13632114d9d129a680b992e02aae297b2bf180089cd55792249b2.svg.gz
2024-03-13T13:34:31.2641790Z I, [2024-03-13T06:34:31.263811 #2525]  INFO -- : Writing /home/runner/work/human-essentials/human-essentials/public/assets/partner-management-c2cd4a940d1cf59f66928bc5097b4d4528b6de95abcc66421edf341c59311d40.svg
2024-03-13T13:34:31.2669326Z I, [2024-03-13T06:34:31.264573 #2525]  INFO -- : Writing /home/runner/work/human-essentials/human-essentials/public/assets/partner-management-c2cd4a940d1cf59f66928bc5097b4d4528b6de95abcc66421edf341c59311d40.svg.gz
2024-03-13T13:34:31.2672845Z I, [2024-03-13T06:34:31.265044 #2525]  INFO -- : Writing /home/runner/work/human-essentials/human-essentials/public/assets/quote-e4395f28913ad7b7785c522f0b6f2363a960720cf3bc26705438f6efb55edb7d.svg
2024-03-13T13:34:31.2675967Z I, [2024-03-13T06:34:31.265171 #2525]  INFO -- : Writing /home/runner/work/human-essentials/human-essentials/public/assets/quote-e4395f28913ad7b7785c522f0b6f2363a960720cf3bc26705438f6efb55edb7d.svg.gz
2024-03-13T13:34:31.2679191Z I, [2024-03-13T06:34:31.265272 #2525]  INFO -- : Writing /home/runner/work/human-essentials/human-essentials/public/assets/report-image-a9fc71739eca5457d288f1c234a0d84237ba8eef8bd20a9935bd45d84d03ae6b.svg
2024-03-13T13:34:31.2683071Z I, [2024-03-13T06:34:31.265389 #2525]  INFO -- : Writing /home/runner/work/human-essentials/human-essentials/public/assets/report-image-a9fc71739eca5457d288f1c234a0d84237ba8eef8bd20a9935bd45d84d03ae6b.svg.gz
2024-03-13T13:34:31.2686960Z I, [2024-03-13T06:34:31.265487 #2525]  INFO -- : Writing /home/runner/work/human-essentials/human-essentials/public/assets/test-only-background-c4843e992a593298a8c43815c8950b766061a96fd7d3e92838354914c41d7243.jpg
2024-03-13T13:34:31.2690858Z I, [2024-03-13T06:34:31.265627 #2525]  INFO -- : Writing /home/runner/work/human-essentials/human-essentials/public/assets/AdminLTE-9d75f9bf2ec81bc0a0de450227ed6268dad2cd66401439503c18d3241dfb241d.css
2024-03-13T13:34:31.2694485Z I, [2024-03-13T06:34:31.265698 #2525]  INFO -- : Writing /home/runner/work/human-essentials/human-essentials/public/assets/AdminLTE-9d75f9bf2ec81bc0a0de450227ed6268dad2cd66401439503c18d3241dfb241d.css.gz
2024-03-13T13:34:31.2697996Z I, [2024-03-13T06:34:31.265792 #2525]  INFO -- : Writing /home/runner/work/human-essentials/human-essentials/public/assets/_colors-04024382391bb910584145d8113cf35ef376b55d125bb4516cebeb14ce788597.css
2024-03-13T13:34:31.2782192Z I, [2024-03-13T06:34:31.265859 #2525]  INFO -- : Writing /home/runner/work/human-essentials/human-essentials/public/assets/_colors-04024382391bb910584145d8113cf35ef376b55d125bb4516cebeb14ce788597.css.gz
2024-03-13T13:34:31.2785890Z I, [2024-03-13T06:34:31.265954 #2525]  INFO -- : Writing /home/runner/work/human-essentials/human-essentials/public/assets/application-c21613708cb0f40361dc08d066cb68c559e4b3982f802956f4439959cad9af23.css
2024-03-13T13:34:31.2789550Z I, [2024-03-13T06:34:31.266046 #2525]  INFO -- : Writing /home/runner/work/human-essentials/human-essentials/public/assets/application-c21613708cb0f40361dc08d066cb68c559e4b3982f802956f4439959cad9af23.css.gz
2024-03-13T13:34:31.2793273Z I, [2024-03-13T06:34:31.266142 #2525]  INFO -- : Writing /home/runner/work/human-essentials/human-essentials/public/assets/test-only-background-c4843e992a593298a8c43815c8950b766061a96fd7d3e92838354914c41d7243.jpg
2024-03-13T13:34:31.2796643Z I, [2024-03-13T06:34:31.266281 #2525]  INFO -- : Writing /home/runner/work/human-essentials/human-essentials/public/assets/audits-83372b845d8a4887e7e4d2315cf3c85ea60ef94ca0ec4774dfbcd3cf569c616c.css
2024-03-13T13:34:31.2799876Z I, [2024-03-13T06:34:31.266350 #2525]  INFO -- : Writing /home/runner/work/human-essentials/human-essentials/public/assets/audits-83372b845d8a4887e7e4d2315cf3c85ea60ef94ca0ec4774dfbcd3cf569c616c.css.gz
2024-03-13T13:34:31.2803508Z I, [2024-03-13T06:34:31.266444 #2525]  INFO -- : Writing /home/runner/work/human-essentials/human-essentials/public/assets/barcode_reader-3799c29218802c1dbba4c700f3863ec24505a9e3e7b54d36282fff667d7c94ca.css
2024-03-13T13:34:31.2806864Z I, [2024-03-13T06:34:31.266511 #2525]  INFO -- : Writing /home/runner/work/human-essentials/human-essentials/public/assets/barcode_reader-3799c29218802c1dbba4c700f3863ec24505a9e3e7b54d36282fff667d7c94ca.css.gz
2024-03-13T13:34:31.2810429Z I, [2024-03-13T06:34:31.266600 #2525]  INFO -- : Writing /home/runner/work/human-essentials/human-essentials/public/assets/custom-4ac26623bf6f4d95aa1164e1ad4d6cbb2bb8dda4af8e4a2f1b4368bc92491085.css
2024-03-13T13:34:31.2943527Z I, [2024-03-13T06:34:31.284474 #2525]  INFO -- : Writing /home/runner/work/human-essentials/human-essentials/public/assets/custom-4ac26623bf6f4d95aa1164e1ad4d6cbb2bb8dda4af8e4a2f1b4368bc92491085.css.gz
2024-03-13T13:34:31.2947130Z I, [2024-03-13T06:34:31.284879 #2525]  INFO -- : Writing /home/runner/work/human-essentials/human-essentials/public/assets/expandable_table-cca1600cf25c44c6bea2733167509ffe9133f344e9defe984ad96bd427b29a19.css
2024-03-13T13:34:31.2950539Z I, [2024-03-13T06:34:31.284960 #2525]  INFO -- : Writing /home/runner/work/human-essentials/human-essentials/public/assets/expandable_table-cca1600cf25c44c6bea2733167509ffe9133f344e9defe984ad96bd427b29a19.css.gz
2024-03-13T13:34:31.2954077Z I, [2024-03-13T06:34:31.285062 #2525]  INFO -- : Writing /home/runner/work/human-essentials/human-essentials/public/assets/landing_page-4fe5dfcfea8b5bbd7722658652ff4ee86132a41b8aff92e9ef8b1216cb7259fa.css
2024-03-13T13:34:31.2957541Z I, [2024-03-13T06:34:31.285135 #2525]  INFO -- : Writing /home/runner/work/human-essentials/human-essentials/public/assets/landing_page-4fe5dfcfea8b5bbd7722658652ff4ee86132a41b8aff92e9ef8b1216cb7259fa.css.gz
2024-03-13T13:34:31.2960891Z I, [2024-03-13T06:34:31.285232 #2525]  INFO -- : Writing /home/runner/work/human-essentials/human-essentials/public/assets/modal-dialog-9d7ae8bb43b60ac4c7d9910700392b20618ae2db4d5db33453b157171d5e0f7d.css
2024-03-13T13:34:31.2964333Z I, [2024-03-13T06:34:31.285303 #2525]  INFO -- : Writing /home/runner/work/human-essentials/human-essentials/public/assets/modal-dialog-9d7ae8bb43b60ac4c7d9910700392b20618ae2db4d5db33453b157171d5e0f7d.css.gz
2024-03-13T13:34:31.2967974Z I, [2024-03-13T06:34:31.285396 #2525]  INFO -- : Writing /home/runner/work/human-essentials/human-essentials/public/assets/progress_stepper-7f8ef0dc05a9a00a300e56f6f3e4ccfdde4af8e392407ccc6601d60019067ccb.css
2024-03-13T13:34:31.2971344Z I, [2024-03-13T06:34:31.285465 #2525]  INFO -- : Writing /home/runner/work/human-essentials/human-essentials/public/assets/progress_stepper-7f8ef0dc05a9a00a300e56f6f3e4ccfdde4af8e392407ccc6601d60019067ccb.css.gz
2024-03-13T13:34:31.2974944Z I, [2024-03-13T06:34:31.285557 #2525]  INFO -- : Writing /home/runner/work/human-essentials/human-essentials/public/assets/transfers-c9ab43ff53dab5dc13681712afc9b6fb31d7865d5ac8c657220deff9f138fa8c.css
2024-03-13T13:34:31.2978243Z I, [2024-03-13T06:34:31.285625 #2525]  INFO -- : Writing /home/runner/work/human-essentials/human-essentials/public/assets/transfers-c9ab43ff53dab5dc13681712afc9b6fb31d7865d5ac8c657220deff9f138fa8c.css.gz
2024-03-13T13:34:31.2982059Z I, [2024-03-13T06:34:31.285716 #2525]  INFO -- : Writing /home/runner/work/human-essentials/human-essentials/public/assets/adminlte-886a0b559685ec92cd8dd4dbf957899292f9c0bd344c90c304d28973363a8eaf.js
2024-03-13T13:34:31.2985261Z I, [2024-03-13T06:34:31.285786 #2525]  INFO -- : Writing /home/runner/work/human-essentials/human-essentials/public/assets/adminlte-886a0b559685ec92cd8dd4dbf957899292f9c0bd344c90c304d28973363a8eaf.js.gz
2024-03-13T13:34:31.2988567Z I, [2024-03-13T06:34:31.285879 #2525]  INFO -- : Writing /home/runner/work/human-essentials/human-essentials/public/assets/application-f9d5a0970e6dc2d1d44ca8dfd6129e9fed2dccf1b460a6bba6eab9dd7aa61c92.js
2024-03-13T13:34:31.2992386Z I, [2024-03-13T06:34:31.285948 #2525]  INFO -- : Writing /home/runner/work/human-essentials/human-essentials/public/assets/application-f9d5a0970e6dc2d1d44ca8dfd6129e9fed2dccf1b460a6bba6eab9dd7aa61c92.js.gz
2024-03-13T13:34:31.2995813Z I, [2024-03-13T06:34:31.286071 #2525]  INFO -- : Writing /home/runner/work/human-essentials/human-essentials/public/assets/cocoon-js-vanilla-cc8e46e9b16a6217f3c14c60ca346454c9c01d8d41e5c073ae14f85fac052e96.js
2024-03-13T13:34:31.2999512Z I, [2024-03-13T06:34:31.286144 #2525]  INFO -- : Writing /home/runner/work/human-essentials/human-essentials/public/assets/cocoon-js-vanilla-cc8e46e9b16a6217f3c14c60ca346454c9c01d8d41e5c073ae14f85fac052e96.js.gz
2024-03-13T13:34:31.3003257Z I, [2024-03-13T06:34:31.286242 #2525]  INFO -- : Writing /home/runner/work/human-essentials/human-essentials/public/assets/controllers/application-368d98631bccbf2349e0d4f8269afb3fe9625118341966de054759d96ea86c7e.js
2024-03-13T13:34:31.3006840Z I, [2024-03-13T06:34:31.286302 #2525]  INFO -- : Writing /home/runner/work/human-essentials/human-essentials/public/assets/controllers/application-368d98631bccbf2349e0d4f8269afb3fe9625118341966de054759d96ea86c7e.js.gz
2024-03-13T13:34:31.3010399Z I, [2024-03-13T06:34:31.286389 #2525]  INFO -- : Writing /home/runner/work/human-essentials/human-essentials/public/assets/controllers/area_served_controller-c8c048ef9ee2d145ba8408cda63546aff8ce9170e9cafb34075ebb01b43c6c34.js
2024-03-13T13:34:31.3014231Z I, [2024-03-13T06:34:31.286451 #2525]  INFO -- : Writing /home/runner/work/human-essentials/human-essentials/public/assets/controllers/area_served_controller-c8c048ef9ee2d145ba8408cda63546aff8ce9170e9cafb34075ebb01b43c6c34.js.gz
2024-03-13T13:34:31.3018092Z I, [2024-03-13T06:34:31.286540 #2525]  INFO -- : Writing /home/runner/work/human-essentials/human-essentials/public/assets/controllers/checkbox_with_nested_element_controller-1645dd2a3a857d546354c90b0c415a9d1dd4de6974048fd41bfc1d6f45ccb3eb.js
2024-03-13T13:34:31.3022343Z I, [2024-03-13T06:34:31.286600 #2525]  INFO -- : Writing /home/runner/work/human-essentials/human-essentials/public/assets/controllers/checkbox_with_nested_element_controller-1645dd2a3a857d546354c90b0c415a9d1dd4de6974048fd41bfc1d6f45ccb3eb.js.gz
2024-03-13T13:34:31.3026346Z I, [2024-03-13T06:34:31.286694 #2525]  INFO -- : Writing /home/runner/work/human-essentials/human-essentials/public/assets/controllers/distribution_delivery_controller-89fc613f734c2b1538c1e9948abeb353ea73d22678fc08597d48fa36a70c5c51.js
2024-03-13T13:34:31.3030172Z I, [2024-03-13T06:34:31.286757 #2525]  INFO -- : Writing /home/runner/work/human-essentials/human-essentials/public/assets/controllers/distribution_delivery_controller-89fc613f734c2b1538c1e9948abeb353ea73d22678fc08597d48fa36a70c5c51.js.gz
2024-03-13T13:34:31.3034108Z I, [2024-03-13T06:34:31.286840 #2525]  INFO -- : Writing /home/runner/work/human-essentials/human-essentials/public/assets/controllers/double_select_controller-bb2e4a65f2c66cacc8ec4dd491c2233b0aac53187ebe1fbaaffedfbaf7db9099.js
2024-03-13T13:34:31.3037853Z I, [2024-03-13T06:34:31.286900 #2525]  INFO -- : Writing /home/runner/work/human-essentials/human-essentials/public/assets/controllers/double_select_controller-bb2e4a65f2c66cacc8ec4dd491c2233b0aac53187ebe1fbaaffedfbaf7db9099.js.gz
2024-03-13T13:34:31.3041512Z I, [2024-03-13T06:34:31.286983 #2525]  INFO -- : Writing /home/runner/work/human-essentials/human-essentials/public/assets/controllers/highchart_controller-7640167d6e3481659a5ead23f046e3c6852c08e30ce8aa6f09aa5cce0f7ea02d.js
2024-03-13T13:34:31.3045255Z I, [2024-03-13T06:34:31.287044 #2525]  INFO -- : Writing /home/runner/work/human-essentials/human-essentials/public/assets/controllers/highchart_controller-7640167d6e3481659a5ead23f046e3c6852c08e30ce8aa6f09aa5cce0f7ea02d.js.gz
2024-03-13T13:34:31.3048722Z I, [2024-03-13T06:34:31.287130 #2525]  INFO -- : Writing /home/runner/work/human-essentials/human-essentials/public/assets/controllers/index-2db729dddcc5b979110e98de4b6720f83f91a123172e87281d5a58410fc43806.js
2024-03-13T13:34:31.3052374Z I, [2024-03-13T06:34:31.287189 #2525]  INFO -- : Writing /home/runner/work/human-essentials/human-essentials/public/assets/controllers/index-2db729dddcc5b979110e98de4b6720f83f91a123172e87281d5a58410fc43806.js.gz
2024-03-13T13:34:31.3056004Z I, [2024-03-13T06:34:31.287273 #2525]  INFO -- : Writing /home/runner/work/human-essentials/human-essentials/public/assets/controllers/request_item_controller-4ab1cb48f0cc30bba40f5311b6588189ddf5daf19bdf36b462cdeab0a663399b.js
2024-03-13T13:34:31.3059862Z I, [2024-03-13T06:34:31.287331 #2525]  INFO -- : Writing /home/runner/work/human-essentials/human-essentials/public/assets/controllers/request_item_controller-4ab1cb48f0cc30bba40f5311b6588189ddf5daf19bdf36b462cdeab0a663399b.js.gz
2024-03-13T13:34:31.3144337Z I, [2024-03-13T06:34:31.287416 #2525]  INFO -- : Writing /home/runner/work/human-essentials/human-essentials/public/assets/controllers/select2_controller-13c15fa4f8996b06b43552325b12e3a14e158db06264b83cfff2e521a16fceeb.js
2024-03-13T13:34:31.3148133Z I, [2024-03-13T06:34:31.287477 #2525]  INFO -- : Writing /home/runner/work/human-essentials/human-essentials/public/assets/controllers/select2_controller-13c15fa4f8996b06b43552325b12e3a14e158db06264b83cfff2e521a16fceeb.js.gz
2024-03-13T13:34:31.3151907Z I, [2024-03-13T06:34:31.287560 #2525]  INFO -- : Writing /home/runner/work/human-essentials/human-essentials/public/assets/controllers/served_area_controller-37738489813fc06349f3fb1bc7abc5d5493318ce553f1bebbfa1f8fe06ebfb4a.js
2024-03-13T13:34:31.3155566Z I, [2024-03-13T06:34:31.287620 #2525]  INFO -- : Writing /home/runner/work/human-essentials/human-essentials/public/assets/controllers/served_area_controller-37738489813fc06349f3fb1bc7abc5d5493318ce553f1bebbfa1f8fe06ebfb4a.js.gz
2024-03-13T13:34:31.3159130Z I, [2024-03-13T06:34:31.287705 #2525]  INFO -- : Writing /home/runner/work/human-essentials/human-essentials/public/assets/controllers/turbo_controller-7ee3a9437b4fb003ac4ea4ca0f3425fd197ce4538a1eeb606e5e5447aa948b54.js
2024-03-13T13:34:31.3162812Z I, [2024-03-13T06:34:31.287767 #2525]  INFO -- : Writing /home/runner/work/human-essentials/human-essentials/public/assets/controllers/turbo_controller-7ee3a9437b4fb003ac4ea4ca0f3425fd197ce4538a1eeb606e5e5447aa948b54.js.gz
2024-03-13T13:34:31.3166149Z I, [2024-03-13T06:34:31.287859 #2525]  INFO -- : Writing /home/runner/work/human-essentials/human-essentials/public/assets/startup-bf111fcbf368bc988dfcb050d057ec73e21f190d7921e15689dd5ebf674e6d00.js
2024-03-13T13:34:31.3169348Z I, [2024-03-13T06:34:31.287928 #2525]  INFO -- : Writing /home/runner/work/human-essentials/human-essentials/public/assets/startup-bf111fcbf368bc988dfcb050d057ec73e21f190d7921e15689dd5ebf674e6d00.js.gz
2024-03-13T13:34:31.3172711Z I, [2024-03-13T06:34:31.288021 #2525]  INFO -- : Writing /home/runner/work/human-essentials/human-essentials/public/assets/utils/barcode_items-ee1050c4d1ade4569ef6cfc83d5f4792f67daabaca0ae24f75455737fea0a72b.js
2024-03-13T13:34:31.3176042Z I, [2024-03-13T06:34:31.288085 #2525]  INFO -- : Writing /home/runner/work/human-essentials/human-essentials/public/assets/utils/barcode_items-ee1050c4d1ade4569ef6cfc83d5f4792f67daabaca0ae24f75455737fea0a72b.js.gz
2024-03-13T13:34:31.3179463Z I, [2024-03-13T06:34:31.288170 #2525]  INFO -- : Writing /home/runner/work/human-essentials/human-essentials/public/assets/utils/barcode_scan-757b66b6921154f49e7cc4c5dc2f146f91f1648beffaa8ef106d94585a273ba9.js
2024-03-13T13:34:31.3263136Z I, [2024-03-13T06:34:31.288233 #2525]  INFO -- : Writing /home/runner/work/human-essentials/human-essentials/public/assets/utils/barcode_scan-757b66b6921154f49e7cc4c5dc2f146f91f1648beffaa8ef106d94585a273ba9.js.gz
2024-03-13T13:34:31.3266929Z I, [2024-03-13T06:34:31.288319 #2525]  INFO -- : Writing /home/runner/work/human-essentials/human-essentials/public/assets/utils/deadline_day_pickers-b0b264db9e3c8107c161cc4571e71cf901bcc511175271d218a553c4e1889065.js
2024-03-13T13:34:31.3270595Z I, [2024-03-13T06:34:31.288381 #2525]  INFO -- : Writing /home/runner/work/human-essentials/human-essentials/public/assets/utils/deadline_day_pickers-b0b264db9e3c8107c161cc4571e71cf901bcc511175271d218a553c4e1889065.js.gz
2024-03-13T13:34:31.3274496Z I, [2024-03-13T06:34:31.288462 #2525]  INFO -- : Writing /home/runner/work/human-essentials/human-essentials/public/assets/utils/distributions_and_transfers-1f9709e9a8df250acfe3e7a79f1501b2696b1f36d5adcf083a61a1b005cce3d2.js
2024-03-13T13:34:31.3278068Z I, [2024-03-13T06:34:31.288520 #2525]  INFO -- : Writing /home/runner/work/human-essentials/human-essentials/public/assets/utils/distributions_and_transfers-1f9709e9a8df250acfe3e7a79f1501b2696b1f36d5adcf083a61a1b005cce3d2.js.gz
2024-03-13T13:34:31.3281824Z I, [2024-03-13T06:34:31.288606 #2525]  INFO -- : Writing /home/runner/work/human-essentials/human-essentials/public/assets/utils/donations-1c3e9a15fc370afd2c3836ccf8dde6013c35412a8d83cf6c1e31bec95ef72b26.js
2024-03-13T13:34:31.3285209Z I, [2024-03-13T06:34:31.288666 #2525]  INFO -- : Writing /home/runner/work/human-essentials/human-essentials/public/assets/utils/donations-1c3e9a15fc370afd2c3836ccf8dde6013c35412a8d83cf6c1e31bec95ef72b26.js.gz
2024-03-13T13:34:31.3288658Z I, [2024-03-13T06:34:31.288747 #2525]  INFO -- : Writing /home/runner/work/human-essentials/human-essentials/public/assets/utils/purchases-5c814ba098feaa8a7b4abff24267c1da909f3e52e12c97660f8a0b8c1ff4aea1.js
2024-03-13T13:34:31.3292075Z I, [2024-03-13T06:34:31.288805 #2525]  INFO -- : Writing /home/runner/work/human-essentials/human-essentials/public/assets/utils/purchases-5c814ba098feaa8a7b4abff24267c1da909f3e52e12c97660f8a0b8c1ff4aea1.js.gz
2024-03-13T13:34:31.3295352Z I, [2024-03-13T06:34:31.288894 #2525]  INFO -- : Writing /home/runner/work/human-essentials/human-essentials/public/assets/filterrific-f3a290db250e05344fd62c216b903689f73eff5e270ef021e425551006092e08.js
2024-03-13T13:34:31.3298657Z I, [2024-03-13T06:34:31.288960 #2525]  INFO -- : Writing /home/runner/work/human-essentials/human-essentials/public/assets/filterrific-f3a290db250e05344fd62c216b903689f73eff5e270ef021e425551006092e08.js.gz
2024-03-13T13:34:31.3302152Z I, [2024-03-13T06:34:31.289050 #2525]  INFO -- : Writing /home/runner/work/human-essentials/human-essentials/public/assets/stimulusloading-1fc59770fb1654500044afd3f5f6d7d00800e5be36746d55b94a2963a7a228aa.js
2024-03-13T13:34:31.3305985Z I, [2024-03-13T06:34:31.289118 #2525]  INFO -- : Writing /home/runner/work/human-essentials/human-essentials/public/assets/stimulusloading-1fc59770fb1654500044afd3f5f6d7d00800e5be36746d55b94a2963a7a228aa.js.gz
2024-03-13T13:34:31.3309900Z I, [2024-03-13T06:34:31.289212 #2525]  INFO -- : Writing /home/runner/work/human-essentials/human-essentials/public/assets/turbo-6f8f1796078d2d3f7cb9b6badcd2d5e76287a3c58d97baffaa59dd12bd4135f5.js
2024-03-13T13:34:31.3313401Z I, [2024-03-13T06:34:31.289279 #2525]  INFO -- : Writing /home/runner/work/human-essentials/human-essentials/public/assets/turbo-6f8f1796078d2d3f7cb9b6badcd2d5e76287a3c58d97baffaa59dd12bd4135f5.js.gz
2024-03-13T13:34:31.3317086Z I, [2024-03-13T06:34:31.289373 #2525]  INFO -- : Writing /home/runner/work/human-essentials/human-essentials/public/assets/turbo.min-918a6cf2f2be8ed9555c9a11eee69c7dc2f01770802815576efc931876b327fb.js
2024-03-13T13:34:31.3320890Z I, [2024-03-13T06:34:31.289442 #2525]  INFO -- : Writing /home/runner/work/human-essentials/human-essentials/public/assets/turbo.min-918a6cf2f2be8ed9555c9a11eee69c7dc2f01770802815576efc931876b327fb.js.gz
2024-03-13T13:34:31.3324680Z I, [2024-03-13T06:34:31.289539 #2525]  INFO -- : Writing /home/runner/work/human-essentials/human-essentials/public/assets/turbo.min.js-16b5fa18e8e95a86fc9f56ced2c8a9c83a99b73834da35ba1b2ff5dab550d7fa.map
2024-03-13T13:34:31.3328521Z I, [2024-03-13T06:34:31.289609 #2525]  INFO -- : Writing /home/runner/work/human-essentials/human-essentials/public/assets/turbo.min.js-16b5fa18e8e95a86fc9f56ced2c8a9c83a99b73834da35ba1b2ff5dab550d7fa.map.gz
2024-03-13T13:34:31.3332563Z I, [2024-03-13T06:34:31.289702 #2525]  INFO -- : Writing /home/runner/work/human-essentials/human-essentials/public/assets/stimulus-loading-3576ce92b149ad5d6959438c6f291e2426c86df3b874c525b30faad51b0d96b3.js
2024-03-13T13:34:31.3336743Z I, [2024-03-13T06:34:31.289767 #2525]  INFO -- : Writing /home/runner/work/human-essentials/human-essentials/public/assets/stimulus-loading-3576ce92b149ad5d6959438c6f291e2426c86df3b874c525b30faad51b0d96b3.js.gz
2024-03-13T13:34:31.3460923Z I, [2024-03-13T06:34:31.289932 #2525]  INFO -- : Writing /home/runner/work/human-essentials/human-essentials/public/assets/popper-003a40d80fd205e1fa00da117d5bdc19720ba330706eaa17f9ba9513fa502304.js
2024-03-13T13:34:31.3464600Z I, [2024-03-13T06:34:31.290001 #2525]  INFO -- : Writing /home/runner/work/human-essentials/human-essentials/public/assets/popper-003a40d80fd205e1fa00da117d5bdc19720ba330706eaa17f9ba9513fa502304.js.gz
2024-03-13T13:34:31.3467828Z I, [2024-03-13T06:34:31.306266 #2525]  INFO -- : Writing /home/runner/work/human-essentials/human-essentials/public/assets/actiontext-28c61f5197c204db043317a8f8826a87ab31495b741f854d307ca36122deefce.js
2024-03-13T13:34:31.3471315Z I, [2024-03-13T06:34:31.306451 #2525]  INFO -- : Writing /home/runner/work/human-essentials/human-essentials/public/assets/actiontext-28c61f5197c204db043317a8f8826a87ab31495b741f854d307ca36122deefce.js.gz
2024-03-13T13:34:31.3474651Z I, [2024-03-13T06:34:31.306675 #2525]  INFO -- : Writing /home/runner/work/human-essentials/human-essentials/public/assets/trix-1563ff9c10f74e143b3ded40a8458497eaf2f87a648a5cbbfebdb7dec3447a5e.js
2024-03-13T13:34:31.3477674Z I, [2024-03-13T06:34:31.306936 #2525]  INFO -- : Writing /home/runner/work/human-essentials/human-essentials/public/assets/trix-1563ff9c10f74e143b3ded40a8458497eaf2f87a648a5cbbfebdb7dec3447a5e.js.gz
2024-03-13T13:34:31.3480837Z I, [2024-03-13T06:34:31.307094 #2525]  INFO -- : Writing /home/runner/work/human-essentials/human-essentials/public/assets/trix-b0398dade8e5ac249fe98f2e850f45adbcdfecd8a11c46b3eb67bdedb87b1b04.css
2024-03-13T13:34:31.3483936Z I, [2024-03-13T06:34:31.307229 #2525]  INFO -- : Writing /home/runner/work/human-essentials/human-essentials/public/assets/trix-b0398dade8e5ac249fe98f2e850f45adbcdfecd8a11c46b3eb67bdedb87b1b04.css.gz
2024-03-13T13:34:31.3487029Z I, [2024-03-13T06:34:31.307346 #2525]  INFO -- : Writing /home/runner/work/human-essentials/human-essentials/public/assets/stimulus-f75215805563870a61ee9dc5a207ce46d4675c7e667558a54344fd1e7baa697f.js
2024-03-13T13:34:31.3490359Z I, [2024-03-13T06:34:31.307581 #2525]  INFO -- : Writing /home/runner/work/human-essentials/human-essentials/public/assets/stimulus-f75215805563870a61ee9dc5a207ce46d4675c7e667558a54344fd1e7baa697f.js.gz
2024-03-13T13:34:31.3493630Z I, [2024-03-13T06:34:31.307692 #2525]  INFO -- : Writing /home/runner/work/human-essentials/human-essentials/public/assets/stimulus-autoloader-c584942b568ba74879da31c7c3d51366737bacaf6fbae659383c0a5653685693.js
2024-03-13T13:34:31.3497110Z I, [2024-03-13T06:34:31.307764 #2525]  INFO -- : Writing /home/runner/work/human-essentials/human-essentials/public/assets/stimulus-autoloader-c584942b568ba74879da31c7c3d51366737bacaf6fbae659383c0a5653685693.js.gz
2024-03-13T13:34:31.3500797Z I, [2024-03-13T06:34:31.307862 #2525]  INFO -- : Writing /home/runner/work/human-essentials/human-essentials/public/assets/stimulus-importmap-autoloader-db2076c783bf2dbee1226e2add52fef290b5d31b5bcd1edd999ac8a6dd31c44a.js
2024-03-13T13:34:31.3504512Z I, [2024-03-13T06:34:31.307932 #2525]  INFO -- : Writing /home/runner/work/human-essentials/human-essentials/public/assets/stimulus-importmap-autoloader-db2076c783bf2dbee1226e2add52fef290b5d31b5bcd1edd999ac8a6dd31c44a.js.gz
2024-03-13T13:34:31.3508132Z I, [2024-03-13T06:34:31.308044 #2525]  INFO -- : Writing /home/runner/work/human-essentials/human-essentials/public/assets/stimulus-loading-3576ce92b149ad5d6959438c6f291e2426c86df3b874c525b30faad51b0d96b3.js.gz
2024-03-13T13:34:31.3511569Z I, [2024-03-13T06:34:31.308150 #2525]  INFO -- : Writing /home/runner/work/human-essentials/human-essentials/public/assets/stimulus.min-dd364f16ec9504dfb72672295637a1c8838773b01c0b441bd41008124c407894.js
2024-03-13T13:34:31.3514818Z I, [2024-03-13T06:34:31.308220 #2525]  INFO -- : Writing /home/runner/work/human-essentials/human-essentials/public/assets/stimulus.min-dd364f16ec9504dfb72672295637a1c8838773b01c0b441bd41008124c407894.js.gz
2024-03-13T13:34:31.3518513Z I, [2024-03-13T06:34:31.308308 #2525]  INFO -- : Writing /home/runner/work/human-essentials/human-essentials/public/assets/stimulus-autoloader-c584942b568ba74879da31c7c3d51366737bacaf6fbae659383c0a5653685693.js
2024-03-13T13:34:31.3521921Z I, [2024-03-13T06:34:31.308370 #2525]  INFO -- : Writing /home/runner/work/human-essentials/human-essentials/public/assets/stimulus-autoloader-c584942b568ba74879da31c7c3d51366737bacaf6fbae659383c0a5653685693.js.gz
2024-03-13T13:34:31.3525719Z I, [2024-03-13T06:34:31.308454 #2525]  INFO -- : Writing /home/runner/work/human-essentials/human-essentials/public/assets/stimulus-importmap-autoloader-db2076c783bf2dbee1226e2add52fef290b5d31b5bcd1edd999ac8a6dd31c44a.js
2024-03-13T13:34:31.3529466Z I, [2024-03-13T06:34:31.308515 #2525]  INFO -- : Writing /home/runner/work/human-essentials/human-essentials/public/assets/stimulus-importmap-autoloader-db2076c783bf2dbee1226e2add52fef290b5d31b5bcd1edd999ac8a6dd31c44a.js.gz
2024-03-13T13:34:31.3532997Z I, [2024-03-13T06:34:31.308619 #2525]  INFO -- : Writing /home/runner/work/human-essentials/human-essentials/public/assets/stimulus-loading-3576ce92b149ad5d6959438c6f291e2426c86df3b874c525b30faad51b0d96b3.js.gz
2024-03-13T13:34:31.3536475Z I, [2024-03-13T06:34:31.308725 #2525]  INFO -- : Writing /home/runner/work/human-essentials/human-essentials/public/assets/stimulus.min.js-2cc63625fa177963b45da974806e7aee846cbf1d4930815733d0fdf3fb232325.map
2024-03-13T13:34:31.3539788Z I, [2024-03-13T06:34:31.308799 #2525]  INFO -- : Writing /home/runner/work/human-essentials/human-essentials/public/assets/stimulus.min.js-2cc63625fa177963b45da974806e7aee846cbf1d4930815733d0fdf3fb232325.map.gz
2024-03-13T13:34:31.3543497Z I, [2024-03-13T06:34:31.308906 #2525]  INFO -- : Writing /home/runner/work/human-essentials/human-essentials/public/assets/activestorage-3ab61e47dd4ee2d79db525ade1dca2ede0ea2b7371fe587e408ee37b7ade265d.js
2024-03-13T13:34:31.3546980Z I, [2024-03-13T06:34:31.308976 #2525]  INFO -- : Writing /home/runner/work/human-essentials/human-essentials/public/assets/activestorage-3ab61e47dd4ee2d79db525ade1dca2ede0ea2b7371fe587e408ee37b7ade265d.js.gz
2024-03-13T13:34:31.3550290Z I, [2024-03-13T06:34:31.309070 #2525]  INFO -- : Writing /home/runner/work/human-essentials/human-essentials/public/assets/activestorage.esm-01f58a45d77495cdfbdfcc872902a430426c4391634ec9c3da5f69fbf8418492.js
2024-03-13T13:34:31.3553600Z I, [2024-03-13T06:34:31.309142 #2525]  INFO -- : Writing /home/runner/work/human-essentials/human-essentials/public/assets/activestorage.esm-01f58a45d77495cdfbdfcc872902a430426c4391634ec9c3da5f69fbf8418492.js.gz
2024-03-13T13:34:31.3557205Z I, [2024-03-13T06:34:31.309235 #2525]  INFO -- : Writing /home/runner/work/human-essentials/human-essentials/public/assets/actioncable-5433453f9b6619a9de91aaab2d7fc7ff183e5260c0107cbc9a1aa0c838d9a74e.js
2024-03-13T13:34:31.3560427Z I, [2024-03-13T06:34:31.309306 #2525]  INFO -- : Writing /home/runner/work/human-essentials/human-essentials/public/assets/actioncable-5433453f9b6619a9de91aaab2d7fc7ff183e5260c0107cbc9a1aa0c838d9a74e.js.gz
2024-03-13T13:34:31.3563801Z I, [2024-03-13T06:34:31.309399 #2525]  INFO -- : Writing /home/runner/work/human-essentials/human-essentials/public/assets/actioncable.esm-e01089c3ec4fe7817fa9abcad06cab6bdc387f95f0ca6aab4bf7ba7537f70690.js
2024-03-13T13:34:31.3567194Z I, [2024-03-13T06:34:31.309467 #2525]  INFO -- : Writing /home/runner/work/human-essentials/human-essentials/public/assets/actioncable.esm-e01089c3ec4fe7817fa9abcad06cab6bdc387f95f0ca6aab4bf7ba7537f70690.js.gz
2024-03-13T13:34:31.8038172Z Coverage report generated for RSpec to /home/runner/work/human-essentials/human-essentials/coverage. 442 / 10017 LOC (4.41%) covered.
2024-03-13T13:34:31.8798421Z ##[group]Run RUBYOPT='-W:no-deprecated -W:no-experimental' bin/knapsack_pro_rspec
2024-03-13T13:34:31.8799406Z [36;1mRUBYOPT='-W:no-deprecated -W:no-experimental' bin/knapsack_pro_rspec[0m
2024-03-13T13:34:31.8850432Z shell: /usr/bin/bash -e {0}
2024-03-13T13:34:31.8850842Z env:
2024-03-13T13:34:31.8851122Z   POSTGRES_HOST: localhost
2024-03-13T13:34:31.8851580Z   DATABASE_HOST: localhost
2024-03-13T13:34:31.8851970Z   PG_USERNAME: postgres
2024-03-13T13:34:31.8852334Z   PG_PASSWORD: password
2024-03-13T13:34:31.8852786Z   POSTGRES_HOST_AUTH_METHOD: trust
2024-03-13T13:34:31.8853162Z   POSTGRES_PORT: 5432
2024-03-13T13:34:31.8853508Z   PGHOST: localhost
2024-03-13T13:34:31.8853917Z   PGUSER: postgres
2024-03-13T13:34:31.8854253Z   RAILS_ENV: test
2024-03-13T13:34:31.8854669Z   KNAPSACK_PRO_TEST_SUITE_TOKEN_RSPEC: 
2024-03-13T13:34:31.8855096Z   KNAPSACK_PRO_CI_NODE_TOTAL: 6
2024-03-13T13:34:31.8855495Z   KNAPSACK_PRO_CI_NODE_INDEX: 5
2024-03-13T13:34:31.8856102Z   KNAPSACK_PRO_RSPEC_SPLIT_BY_TEST_EXAMPLES: true
2024-03-13T13:34:31.8856578Z   KNAPSACK_PRO_LOG_LEVEL: info
2024-03-13T13:34:31.8857178Z   KNAPSACK_PRO_TEST_FILE_PATTERN: {spec/system/**{,/*/**}/*_spec.rb,spec/requests/**{,/*/**}/*_spec.rb}
2024-03-13T13:34:31.8857923Z   EVENTS_READ: true
2024-03-13T13:34:31.8858256Z ##[endgroup]
2024-03-13T13:34:37.6703850Z W, [2024-03-13T13:34:37.669997 #2618]  WARN -- : [knapsack_pro] GET https://api-disabled-for-fork.knapsackpro.com/v1/build_distributions/last
2024-03-13T13:34:37.6705773Z W, [2024-03-13T13:34:37.670185 #2618]  WARN -- : [knapsack_pro] Request failed due to:
2024-03-13T13:34:37.6708221Z W, [2024-03-13T13:34:37.670266 #2618]  WARN -- : [knapsack_pro] #<SocketError: Failed to open TCP connection to api-disabled-for-fork.knapsackpro.com:443 (getaddrinfo: Name or service not known)>
2024-03-13T13:34:37.6713306Z W, [2024-03-13T13:34:37.670319 #2618]  WARN -- : [knapsack_pro] Slow test files fallback behaviour started. We could not connect with Knapsack Pro API to fetch last CI build test files that are needed to determine slow test files. No test files will be split by test cases. It means all test files will be split by the whole test files as if split by test cases would be disabled https://knapsackpro.com/perma/ruby/split-by-test-examples
2024-03-13T13:34:40.3011650Z W, [2024-03-13T13:34:40.300796 #2618]  WARN -- : [knapsack_pro] POST https://api-disabled-for-fork.knapsackpro.com/v1/build_distributions/subset
2024-03-13T13:34:40.3014298Z W, [2024-03-13T13:34:40.300839 #2618]  WARN -- : [knapsack_pro] Request failed due to:
2024-03-13T13:34:40.3016898Z W, [2024-03-13T13:34:40.300858 #2618]  WARN -- : [knapsack_pro] #<SocketError: Failed to open TCP connection to api-disabled-for-fork.knapsackpro.com:443 (getaddrinfo: Name or service not known)>
2024-03-13T13:34:40.3021147Z W, [2024-03-13T13:34:40.300907 #2618]  WARN -- : [knapsack_pro] Fallback mode started. We could not connect with Knapsack Pro API. Your tests will be executed based on directory names. Read more about fallback mode at https://knapsackpro.com/perma/ruby/fallback-mode
2024-03-13T13:34:40.3075119Z /opt/hostedtoolcache/Ruby/3.2.2/x64/bin/ruby -I/home/runner/work/human-essentials/human-essentials/vendor/bundle/ruby/3.2.0/gems/rspec-core-3.12.2/lib:/home/runner/work/human-essentials/human-essentials/vendor/bundle/ruby/3.2.0/gems/rspec-support-3.12.1/lib /home/runner/work/human-essentials/human-essentials/vendor/bundle/ruby/3.2.0/gems/rspec-core-3.12.2/exe/rspec  --format documentation --format KnapsackPro::Formatters::TimeTracker --default-path spec "spec/requests/admin/broadcast_announcements_spec.rb" "spec/requests/attachments_requests_spec.rb" "spec/requests/distributions_requests_spec.rb" "spec/requests/kit_requests_spec.rb" "spec/requests/partners/family_requests_spec.rb" "spec/requests/partners_requests_spec.rb" "spec/requests/requests_requests_spec.rb" "spec/requests/users_requests_spec.rb" "spec/system/admin/barcode_items_system_spec.rb" "spec/system/audit_system_spec.rb" "spec/system/donation_site_system_spec.rb" "spec/system/manage_system_spec.rb" "spec/system/partners/coworker_invitations_system_spec.rb" "spec/system/product_drive_participant_system_spec.rb" "spec/system/sign_in_system_spec.rb"
2024-03-13T13:34:48.8877914Z 
2024-03-13T13:34:48.8878598Z Randomized with seed 37793
2024-03-13T13:34:49.9321307Z 
2024-03-13T13:34:49.9322226Z Distributions
2024-03-13T13:34:49.9322967Z   While not signed in
2024-03-13T13:34:49.9908250Z     redirects the user to the sign-in page for CRUD actions
2024-03-13T13:34:49.9909156Z     GET #calendar
2024-03-13T13:34:49.9909529Z       without a correct hash id
2024-03-13T13:34:50.0078755Z         should error unauthorized
2024-03-13T13:34:50.0079618Z       with a correct hash id
2024-03-13T13:34:50.0190595Z         should render the calendar
2024-03-13T13:34:50.0191243Z   While signed in
2024-03-13T13:34:50.0193637Z     GET #reclaim
2024-03-13T13:34:50.1136497Z       returns http success
2024-03-13T13:34:50.1137258Z     GET #itemized_breakdown
2024-03-13T13:34:50.1310601Z       returns http success
2024-03-13T13:34:50.1311061Z     GET #new
2024-03-13T13:34:50.2324530Z       returns http success
2024-03-13T13:34:50.2325537Z       with partner default
2024-03-13T13:34:50.4060390Z         selects partner default
2024-03-13T13:34:50.4061589Z       with org default but no partner default
2024-03-13T13:34:50.5295472Z         selects org default
2024-03-13T13:34:50.5296285Z     POST #create
2024-03-13T13:34:50.5927569Z       renders #new again on failure, with notice (FAILED - 1)
2024-03-13T13:34:50.6562889Z       redirects to #show on success
2024-03-13T13:34:50.6563840Z     GET #show
2024-03-13T13:34:50.7115293Z       returns http success
2024-03-13T13:34:50.8272812Z       sums distribution totals accurately
2024-03-13T13:34:50.8273891Z     POST #update
2024-03-13T13:34:50.8941494Z       returns a 200
2024-03-13T13:34:50.8942182Z       mail follow up
2024-03-13T13:34:50.9806086Z         does not send an e-mail
2024-03-13T13:34:50.9806946Z         partner reminder sending switched off
2024-03-13T13:34:51.0519144Z           does not send the e-mail
2024-03-13T13:34:51.0520241Z         sending
2024-03-13T13:34:51.1409896Z           does send an e-mail
2024-03-13T13:34:51.1410908Z       when changing storage location
2024-03-13T13:34:51.1456191Z         rollsback updates if quantity would go below 0
2024-03-13T13:34:51.3324885Z         updates storage quantity correctly
2024-03-13T13:34:51.3325905Z     GET #print
2024-03-13T13:34:51.3730632Z       returns http success
2024-03-13T13:34:51.3731816Z       with non-UTF8 characters
2024-03-13T13:34:51.4126077Z         returns http success
2024-03-13T13:34:51.4126787Z     GET #schedule
2024-03-13T13:34:51.4421970Z       returns http success
2024-03-13T13:34:51.4423052Z     GET #pickup_day
2024-03-13T13:34:51.5512347Z       correctly sums the item counts from distributions
2024-03-13T13:34:51.5810449Z       returns http success
2024-03-13T13:34:51.6860346Z       correctly sums the item package counts from distributions
2024-03-13T13:34:51.6861333Z     Looking at a different organization
2024-03-13T13:34:51.8819383Z       redirects the user to the sign-in page for CRUD actions
2024-03-13T13:34:51.8820499Z     GET #edit
2024-03-13T13:34:51.9835429Z       should not show a warning if the audit is for another location
2024-03-13T13:34:52.0574865Z       should show the distribution
2024-03-13T13:34:52.1496120Z       should show a warning if there is an inteverning audit
2024-03-13T13:34:52.1496952Z     PATCH #picked_up
2024-03-13T13:34:52.1497353Z       when the distribution is successfully updated
2024-03-13T13:34:52.1926848Z         updates the state to 'complete'
2024-03-13T13:34:52.2346909Z         redirects the user back to the distributions page
2024-03-13T13:34:52.2347637Z     GET #index
2024-03-13T13:34:52.4170787Z       sums distribution totals accurately
2024-03-13T13:34:52.4517471Z       returns http success
2024-03-13T13:34:52.4518162Z 
2024-03-13T13:34:52.4518419Z Attachments
2024-03-13T13:34:52.4520009Z   DELETE #destroy
2024-03-13T13:34:52.5155105Z     redirects to referrer
2024-03-13T13:34:52.5156535Z 
2024-03-13T13:34:52.5157053Z Partners
2024-03-13T13:34:52.5159516Z   GET #show
2024-03-13T13:34:52.5160517Z     html
2024-03-13T13:34:52.6384240Z       is expected to be successful
2024-03-13T13:34:52.6385099Z       when the partner is uninvited
2024-03-13T13:34:52.7200118Z         does not include impact metrics
2024-03-13T13:34:52.8080250Z         does not show the delete button
2024-03-13T13:34:52.8081031Z         when the partner has no users
2024-03-13T13:34:52.9007172Z           shows the delete button
2024-03-13T13:34:52.9007994Z       when the partner is invited
2024-03-13T13:34:52.9846597Z         includes impact metrics
2024-03-13T13:34:52.9847669Z     csv
2024-03-13T13:34:53.0452724Z       is expected to be successful
2024-03-13T13:34:53.0453296Z   POST #invite_and_approve
2024-03-13T13:34:53.0454261Z     when invitation succeeded and approval succeed
2024-03-13T13:34:53.0785059Z       sends invitation email and approve partner in single step
2024-03-13T13:34:53.0785846Z     when approval fails
2024-03-13T13:34:53.2171579Z       should redirect to the partners index page with a notice flash message
2024-03-13T13:34:53.2172903Z     when invitation failed
2024-03-13T13:34:53.2506753Z       should redirect to the partners index page with a notice flash message
2024-03-13T13:34:53.2507607Z   POST #create
2024-03-13T13:34:53.2508181Z     successful save
2024-03-13T13:34:53.2717713Z       redirects to #index
2024-03-13T13:34:53.2918881Z       creates a new partner
2024-03-13T13:34:53.2919961Z     unsuccessful save due to empty params
2024-03-13T13:34:53.3340027Z       renders :new
2024-03-13T13:34:53.3340892Z   GET #new
2024-03-13T13:34:53.3725640Z     returns http success
2024-03-13T13:34:53.3726472Z   POST #update
2024-03-13T13:34:53.3727343Z     unsuccessful save due to empty params
2024-03-13T13:34:53.4308064Z       renders :edit
2024-03-13T13:34:53.4308679Z     successful save
2024-03-13T13:34:53.4663989Z       update partner
2024-03-13T13:34:53.5005825Z       redirects to #show
2024-03-13T13:34:53.5006711Z   GET #approve_application
2024-03-13T13:34:53.5007818Z     when the approval was successful
2024-03-13T13:34:53.5313905Z       should redirect to the partners index page with a success flash message
2024-03-13T13:34:53.5315021Z     when the approval failed
2024-03-13T13:34:53.5632406Z       should redirect to the partners index page with a failure flash message
2024-03-13T13:34:53.5633504Z   POST #recertify_partner
2024-03-13T13:34:53.5634395Z     when the request for recertification from the partner was NOT successful
2024-03-13T13:34:53.5951848Z       should return back to the partners page with a success flash
2024-03-13T13:34:53.5953321Z     when the request for recertification from the partner was successful
2024-03-13T13:34:53.6280013Z       should return back to the partners page with a success flash
2024-03-13T13:34:53.6280996Z   DELETE #destroy
2024-03-13T13:34:53.6726189Z     redirects to #index
2024-03-13T13:34:53.6726904Z   POST #import_csv
2024-03-13T13:34:53.6727482Z     csv file with wrong headers
2024-03-13T13:34:53.6899074Z       presents a flash error message
2024-03-13T13:34:53.7030673Z       redirects to :index
2024-03-13T13:34:53.7031403Z     without a csv file
2024-03-13T13:34:53.7150384Z       presents a flash error message
2024-03-13T13:34:53.7271797Z       redirects to :index
2024-03-13T13:34:53.7272762Z     with a csv file
2024-03-13T13:34:53.7646606Z       presents a flash notice message
2024-03-13T13:34:53.7996119Z       redirects to :index
2024-03-13T13:34:53.8050843Z       invokes .import_csv
2024-03-13T13:34:53.8051536Z   PUT #deactivate
2024-03-13T13:34:53.8052625Z     when the partner successfully deactivates
2024-03-13T13:34:53.8407676Z       changes the partner status to deactivated and redirects with flash
2024-03-13T13:34:53.8408663Z   PUT #reactivate
2024-03-13T13:34:53.8409254Z     when the partner successfully reactivates
2024-03-13T13:34:53.8762972Z       changes the partner status to approved and redirects with flash
2024-03-13T13:34:53.8764147Z     when trying to reactivate a partner who is not deactivated
2024-03-13T13:34:53.9071445Z       fails to change the partner status to reactivated and redirects with flash error message
2024-03-13T13:34:53.9073244Z   POST #invite
2024-03-13T13:34:53.9504158Z     sends the invite
2024-03-13T13:34:53.9505157Z   GET #index
2024-03-13T13:34:53.9505718Z     csv
2024-03-13T13:34:53.9885926Z       is expected to be successful
2024-03-13T13:34:53.9886989Z     html
2024-03-13T13:34:54.0464844Z       is expected to be successful
2024-03-13T13:34:54.0465698Z   POST #invite_partner_user
2024-03-13T13:34:54.0466691Z     when there is an error in invite
2024-03-13T13:34:54.0817113Z       redirect to partner url with error message
2024-03-13T13:34:54.0818291Z     when the invite successfully
2024-03-13T13:34:54.1155525Z       send the invite
2024-03-13T13:34:54.1158315Z   GET #edit
2024-03-13T13:34:54.1703848Z     returns http success
2024-03-13T13:34:54.1704694Z   POST #create
2024-03-13T13:34:54.1705683Z     when given invalid partner attributes in the params
2024-03-13T13:34:54.2129405Z       should not create a new Partner record
2024-03-13T13:34:54.2590860Z       should display the error message
2024-03-13T13:34:54.3010701Z       should not create a new Partners::Profile record
2024-03-13T13:34:54.3011774Z     when given valid partner attributes in the params
2024-03-13T13:34:54.3247012Z       redirect to the partners index page
2024-03-13T13:34:54.3482225Z       should create a new Partners::Profile record
2024-03-13T13:34:54.3712873Z       should create a new Partner record
2024-03-13T13:34:54.3713486Z 
2024-03-13T13:34:54.3713827Z Users
2024-03-13T13:34:54.3715472Z   GET #switch_to_partner_role
2024-03-13T13:34:54.3716373Z     without a partner role
2024-03-13T13:34:54.5710052Z       should redirect to the root path with an error
2024-03-13T13:34:54.5711033Z     with a partner role
2024-03-13T13:34:54.6110252Z       should redirect to the partner path
2024-03-13T13:34:54.6111035Z   GET #index
2024-03-13T13:34:54.6428636Z     returns http success
2024-03-13T13:34:54.6429550Z   POST #send_partner_user_reset_password
2024-03-13T13:34:54.8589826Z     should return an error if organization does not own the partner
2024-03-13T13:34:54.9822227Z     should return send a password even if case-insensitive spelling of email
2024-03-13T13:34:55.0275547Z     should return an error if it cannot find the user
2024-03-13T13:34:55.0758341Z     should send a password
2024-03-13T13:34:55.0759132Z   GET #new
2024-03-13T13:34:55.1062257Z     returns http success
2024-03-13T13:34:55.1062730Z 
2024-03-13T13:34:55.1062993Z Participant
2024-03-13T13:34:55.1064781Z   When a user views the index page
2024-03-13T13:35:04.5877453Z     alphabetizes the product drive participant names
2024-03-13T13:35:04.5878164Z     When the s have donations associated with them already
2024-03-13T13:35:05.4563534Z       shows existing  Participants in the #index with some summary stats
2024-03-13T13:35:06.2966751Z       allows single  Participants to show semi-detailed stats about donations from that product drive
2024-03-13T13:35:06.2967697Z   when editing an existing product drive participant
2024-03-13T13:35:07.1033201Z     does not allow a user to update a product drive participant with empty attributes
2024-03-13T13:35:07.8771967Z     allows a user to update the contact info for a product drive participant
2024-03-13T13:35:07.8773359Z   when creating new product drive participants
2024-03-13T13:35:08.6457138Z     does not allow a user to add a new product drive instance with empty attributes
2024-03-13T13:35:09.4340522Z     allows a user to create a new product drive instance
2024-03-13T13:35:09.4341364Z 
2024-03-13T13:35:09.4341610Z /kits
2024-03-13T13:35:09.4342689Z   while signed in
2024-03-13T13:35:09.4933297Z     PUT #deactivate
2024-03-13T13:35:09.4934036Z     PUT #reactivate
2024-03-13T13:35:09.5456875Z       should successfully reactivate
2024-03-13T13:35:09.5906289Z       cannot reactivate if it has an inactive item
2024-03-13T13:35:09.5907297Z     GET #index
2024-03-13T13:35:09.6763567Z       should include deactivate
2024-03-13T13:35:09.6764451Z       when it is already deactivated
2024-03-13T13:35:09.7599565Z         should show reactivate button
2024-03-13T13:35:09.7600540Z       when it cannot be deactivated
2024-03-13T13:35:09.8684852Z         should disable the button
2024-03-13T13:35:09.8685655Z       when show inactive is checked
2024-03-13T13:35:09.9474843Z         should show the inactive kit
2024-03-13T13:35:09.9475378Z 
2024-03-13T13:35:09.9475545Z Coworking invitations
2024-03-13T13:35:09.9477036Z   inviting a new user as a partner user
2024-03-13T13:35:09.9477835Z     GIVEN a partner user complete the process to invite a coworker
2024-03-13T13:35:11.8209731Z       should create a new partner user for the partner account
2024-03-13T13:35:11.8210520Z 
2024-03-13T13:35:11.8210911Z /partners/family
2024-03-13T13:35:11.8212167Z   GET #index
2024-03-13T13:35:11.8850939Z     should render without any issues and present all families
2024-03-13T13:35:11.9438117Z     should render without any issues and display unarchived families by default
2024-03-13T13:35:11.9932236Z     should export CSV
2024-03-13T13:35:11.9934241Z 
2024-03-13T13:35:11.9935000Z Audit management
2024-03-13T13:35:11.9936185Z   while signed in as a normal user
2024-03-13T13:35:12.8293573Z     should not be able to visit the audits #index page
2024-03-13T13:35:13.4312186Z     should not be able to visit the audits #edit page
2024-03-13T13:35:14.0158687Z     should not be able to visit the audits #show page
2024-03-13T13:35:14.6351485Z     should not be able to visit the audits #new page
2024-03-13T13:35:14.6352265Z   while signed in as an organization admin
2024-03-13T13:35:14.6353027Z     when starting a new audit
2024-03-13T13:35:15.4176604Z       does not display quantities in line-item drop down selector
2024-03-13T13:35:15.4177639Z     when viewing the audits index
2024-03-13T13:35:16.5736859Z       should be able to save progress of an audit
2024-03-13T13:35:17.7139732Z       should be able to confirm the audit from the #new page
2024-03-13T13:35:18.5499414Z       should be able to filter the #index by storage location
2024-03-13T13:35:18.5500352Z     with an existing audit
2024-03-13T13:35:19.3937359Z       should be able to delete the audit that is in progress
2024-03-13T13:35:20.2951362Z       should be able to confirm the audit from the #edit page
2024-03-13T13:35:21.1600713Z       should be able to resume the audit that is in progress
2024-03-13T13:35:21.1601367Z     with a confirmed audit
2024-03-13T13:35:22.0260406Z       is able to finalize the audit
2024-03-13T13:35:22.8557723Z       User can delete the audit that is confirmed
2024-03-13T13:35:23.3818886Z       should be able to edit the audit that is confirmed
2024-03-13T13:35:23.3819840Z       Finalizing an audit
2024-03-13T13:35:24.2504779Z         creates an adjustment with the differential
2024-03-13T13:35:25.1144317Z         should not be able to delete the audit that is finalized
2024-03-13T13:35:26.1936439Z         is immutable
2024-03-13T13:35:26.1937217Z         with a storage location containing multiple items
2024-03-13T13:35:27.0765159Z           creates an adjustment with the differential of only the audited item
2024-03-13T13:35:27.0766705Z 
2024-03-13T13:35:27.0766982Z BroadcastAnnouncements
2024-03-13T13:35:27.0768909Z   GET /index
2024-03-13T13:35:27.1263851Z     renders a successful response
2024-03-13T13:35:27.1264608Z   DELETE /destroy
2024-03-13T13:35:27.1476631Z     destroys the requested announcement then redirects
2024-03-13T13:35:27.1477580Z   When logged in as an organization_admin
2024-03-13T13:35:27.1478094Z     POST /create
2024-03-13T13:35:27.1648417Z       redirects
2024-03-13T13:35:27.1649314Z     GET /new
2024-03-13T13:35:27.1824697Z       redirects
2024-03-13T13:35:27.1825439Z   GET /new
2024-03-13T13:35:27.2154712Z     renders a successful response
2024-03-13T13:35:27.2155561Z   POST /create
2024-03-13T13:35:27.2156476Z     with invalid parameters
2024-03-13T13:35:27.2495124Z       does not render a successful response
2024-03-13T13:35:27.2836010Z       does not create a new BroadcastAnnouncement
2024-03-13T13:35:27.2836878Z     with valid parameters
2024-03-13T13:35:27.3014780Z       creates a new BroadcastAnnouncement then redirects
2024-03-13T13:35:27.3015528Z   PATCH /update
2024-03-13T13:35:27.3016318Z     with invalid parameters
2024-03-13T13:35:27.3480275Z       does not render a successful response
2024-03-13T13:35:27.3480979Z     with valid parameters
2024-03-13T13:35:27.3700557Z       updates the requested announcement and redirects
2024-03-13T13:35:27.3701379Z   GET /edit
2024-03-13T13:35:27.4072976Z     render a successful response
2024-03-13T13:35:27.4073508Z 
2024-03-13T13:35:27.4073773Z Requests
2024-03-13T13:35:27.4074483Z   When signed
2024-03-13T13:35:27.4075542Z     POST #start
2024-03-13T13:35:27.4076175Z       When request exists
2024-03-13T13:35:27.4325610Z         redirects to new_distribution_path and flashes a notice
2024-03-13T13:35:27.4567402Z         changes the request status from pending to started
2024-03-13T13:35:27.4568030Z       When the request does not exist
2024-03-13T13:35:27.4866140Z         responds with not found
2024-03-13T13:35:27.4867269Z     GET #index
2024-03-13T13:35:27.4867783Z       csv
2024-03-13T13:35:27.5142547Z         is expected to be successful
2024-03-13T13:35:27.5143570Z       html
2024-03-13T13:35:27.5616798Z         is expected to be successful
2024-03-13T13:35:27.5617694Z     GET #show
2024-03-13T13:35:27.5618534Z       When the request exists
2024-03-13T13:35:27.6034673Z         responds with success
2024-03-13T13:35:27.6035216Z       When the request does not exist
2024-03-13T13:35:27.6326990Z         responds with not found
2024-03-13T13:35:27.6327864Z   When not signed
2024-03-13T13:35:27.6427523Z     redirects the user to the sign-in page for CRUD actions
2024-03-13T13:35:27.6428133Z 
2024-03-13T13:35:27.6428280Z Organization Administration
2024-03-13T13:35:27.6429461Z   while signed in as a normal user
2024-03-13T13:35:28.1192676Z     cannot see an edit link as a user
2024-03-13T13:35:28.1193453Z   while signed in as an organization admin
2024-03-13T13:35:28.6090159Z     can bail back to their own site as a user
2024-03-13T13:35:29.7974470Z     can edit the properties for an organization as an admin
2024-03-13T13:35:29.7975163Z     When looking at a single organization
2024-03-13T13:35:30.5846282Z       can view details about an organization, including the users as an admin
2024-03-13T13:35:30.5847100Z 
2024-03-13T13:35:30.5847524Z Donation Site
2024-03-13T13:35:30.5854527Z   When a user views the index page
2024-03-13T13:35:31.0775145Z     should show donation sites in alphabetical order
2024-03-13T13:35:31.9481918Z     allows the user to quick-create a new donation site
2024-03-13T13:35:31.9482511Z   with an existing donation site
2024-03-13T13:35:32.8211663Z     does not allow updating to an existing donation site with empty attributes
2024-03-13T13:35:33.6192524Z     updates an existing donation site
2024-03-13T13:35:33.6193083Z   When creating a new donation site
2024-03-13T13:35:34.4025496Z     creates a new donation site as a user
2024-03-13T13:35:35.1426565Z     does not allow creating a new donation site with empty attributes
2024-03-13T13:35:35.1427380Z 
2024-03-13T13:35:35.1429659Z Barcode Items Admin
2024-03-13T13:35:35.1430455Z   while signed in as a super admin
2024-03-13T13:35:35.1431386Z     user visits the edit page
2024-03-13T13:35:35.9566346Z       updates the barcode item
2024-03-13T13:35:35.9567293Z     user visits the new page
2024-03-13T13:35:36.7778703Z       creates a new global barcode item
2024-03-13T13:35:36.7779464Z     user visits the show page
2024-03-13T13:35:37.2509099Z       shows the barcode item
2024-03-13T13:35:37.2509988Z     user visits the index page
2024-03-13T13:35:38.0389118Z       deletes a global barcode
2024-03-13T13:35:39.0119358Z       creates a new global barcode item
2024-03-13T13:35:39.5110221Z       shows the barcode item
2024-03-13T13:35:39.5111693Z 
2024-03-13T13:35:39.5112484Z User sign-in handling
2024-03-13T13:35:39.5113632Z   when users are valid and belong to an organization
2024-03-13T13:35:40.3950224Z     redirects to user's dashboard
2024-03-13T13:35:40.3951342Z   when a partner user logs in
2024-03-13T13:35:41.3325639Z     redirects to the partner page
2024-03-13T13:35:41.3326384Z   when users are invalid
2024-03-13T13:35:42.0493256Z     shows invalid credentials alert
2024-03-13T13:35:42.0494529Z   when users are valid and don't belong to an organization
2024-03-13T13:35:42.7888386Z     redirects to 403
2024-03-13T13:35:42.8065076Z W, [2024-03-13T06:35:42.806183 #2670]  WARN -- : [knapsack_pro] POST https://api-disabled-for-fork.knapsackpro.com/v1/build_subsets
2024-03-13T13:35:42.8066923Z W, [2024-03-13T06:35:42.806239 #2670]  WARN -- : [knapsack_pro] Request failed due to:
2024-03-13T13:35:42.8069463Z W, [2024-03-13T06:35:42.806255 #2670]  WARN -- : [knapsack_pro] #<SocketError: Failed to open TCP connection to api-disabled-for-fork.knapsackpro.com:443 (getaddrinfo: Name or service not known)>
2024-03-13T13:35:42.8072494Z W, [2024-03-13T06:35:42.806290 #2670]  WARN -- : [knapsack_pro] Time execution report was not saved on Knapsack Pro API server due to connection problem.
2024-03-13T13:35:42.8235018Z 
2024-03-13T13:35:42.8235830Z Failures:
2024-03-13T13:35:42.8236169Z 
2024-03-13T13:35:42.8236883Z   1) Distributions While signed in POST #create renders #new again on failure, with notice
2024-03-13T13:35:42.8238170Z      Failure/Error:
2024-03-13T13:35:42.8238675Z        respond_to do |format|
2024-03-13T13:35:42.8239527Z          format.html { render template: "errors/404", layout: "layouts/application", status: :not_found }
2024-03-13T13:35:42.8240439Z          format.json { render body: nil, status: :not_found }
2024-03-13T13:35:42.8240945Z        end
2024-03-13T13:35:42.8241107Z 
2024-03-13T13:35:42.8241385Z      ActionController::UnknownFormat:
2024-03-13T13:35:42.8241839Z        ActionController::UnknownFormat
2024-03-13T13:35:42.8242521Z      # ./app/controllers/application_controller.rb:117:in `not_found!'
2024-03-13T13:35:42.8243450Z      # ./spec/requests/distributions_requests_spec.rb:96:in `block (4 levels) in <top (required)>'
2024-03-13T13:35:42.8244329Z      # ------------------
2024-03-13T13:35:42.8244727Z      # --- Caused by: ---
2024-03-13T13:35:42.8245166Z      # ActiveRecord::RecordNotFound:
2024-03-13T13:35:42.8245676Z      #   Couldn't find Item without an ID
2024-03-13T13:35:42.8246302Z      #   ./app/models/concerns/itemizable.rb:107:in `block in line_item_values'
2024-03-13T13:35:42.8247173Z 
2024-03-13T13:35:42.8247657Z Finished in 53.92 seconds (files took 8.34 seconds to load)
2024-03-13T13:35:42.8248511Z 159 examples, 1 failure
2024-03-13T13:35:42.8248847Z 
2024-03-13T13:35:42.8250041Z Failed examples:
2024-03-13T13:35:42.8250350Z 
2024-03-13T13:35:42.8251598Z rspec ./spec/requests/distributions_requests_spec.rb:95 # Distributions While signed in POST #create renders #new again on failure, with notice
2024-03-13T13:35:42.8252854Z 
2024-03-13T13:35:42.8253149Z Randomized with seed 37793
2024-03-13T13:35:42.8253518Z 
2024-03-13T13:35:43.3321244Z Stopped processing SimpleCov as a previous error not related to SimpleCov has been detected
2024-03-13T13:35:43.3323419Z Coverage report generated for RSpec to /home/runner/work/human-essentials/human-essentials/coverage. 3813 / 6478 LOC (58.86%) covered.
2024-03-13T13:35:43.4447835Z /opt/hostedtoolcache/Ruby/3.2.2/x64/bin/ruby -I/home/runner/work/human-essentials/human-essentials/vendor/bundle/ruby/3.2.0/gems/rspec-core-3.12.2/lib:/home/runner/work/human-essentials/human-essentials/vendor/bundle/ruby/3.2.0/gems/rspec-support-3.12.1/lib /home/runner/work/human-essentials/human-essentials/vendor/bundle/ruby/3.2.0/gems/rspec-core-3.12.2/exe/rspec  --format documentation --format KnapsackPro::Formatters::TimeTracker --default-path spec "spec/requests/admin/broadcast_announcements_spec.rb" "spec/requests/attachments_requests_spec.rb" "spec/requests/distributions_requests_spec.rb" "spec/requests/kit_requests_spec.rb" "spec/requests/partners/family_requests_spec.rb" "spec/requests/partners_requests_spec.rb" "spec/requests/requests_requests_spec.rb" "spec/requests/users_requests_spec.rb" "spec/system/admin/barcode_items_system_spec.rb" "spec/system/audit_system_spec.rb" "spec/system/donation_site_system_spec.rb" "spec/system/manage_system_spec.rb" "spec/system/partners/coworker_invitations_system_spec.rb" "spec/system/product_drive_participant_system_spec.rb" "spec/system/sign_in_system_spec.rb" failed
2024-03-13T13:35:43.8597796Z Stopped processing SimpleCov as a previous error not related to SimpleCov has been detected
2024-03-13T13:35:43.8599715Z Coverage report generated for RSpec to /home/runner/work/human-essentials/human-essentials/coverage. 38 / 10780 LOC (0.35%) covered.
2024-03-13T13:35:43.8877050Z ##[error]Process completed with exit code 1.
2024-03-13T13:35:43.8956863Z ##[group]Run actions/upload-artifact@v2
2024-03-13T13:35:43.8957477Z with:
2024-03-13T13:35:43.8957771Z   name: failed-browser-tests
2024-03-13T13:35:43.8958170Z   path: tmp/capybara
2024-03-13T13:35:43.8958674Z   if-no-files-found: warn
2024-03-13T13:35:43.8959043Z ##[endgroup]
2024-03-13T13:35:43.9513231Z ##[warning]No files were found with the provided path: tmp/capybara. No artifacts will be uploaded.
2024-03-13T13:35:43.9603215Z Post job cleanup.
2024-03-13T13:35:44.0890271Z [command]/usr/bin/git version
2024-03-13T13:35:44.0960306Z git version 2.43.2
2024-03-13T13:35:44.1005734Z Temporarily overriding HOME='/home/runner/work/_temp/30f2ec61-abc1-48b8-8741-c820b845fd6c' before making global git config changes
2024-03-13T13:35:44.1007533Z Adding repository directory to the temporary git global config as a safe directory
2024-03-13T13:35:44.1012892Z [command]/usr/bin/git config --global --add safe.directory /home/runner/work/human-essentials/human-essentials
2024-03-13T13:35:44.1063241Z [command]/usr/bin/git config --local --name-only --get-regexp core\.sshCommand
2024-03-13T13:35:44.1105799Z [command]/usr/bin/git submodule foreach --recursive sh -c "git config --local --name-only --get-regexp 'core\.sshCommand' && git config --local --unset-all 'core.sshCommand' || :"
2024-03-13T13:35:44.1361925Z [command]/usr/bin/git config --local --name-only --get-regexp http\.https\:\/\/github\.com\/\.extraheader
2024-03-13T13:35:44.1399482Z http.https://github.com/.extraheader
2024-03-13T13:35:44.1409838Z [command]/usr/bin/git config --local --unset-all http.https://github.com/.extraheader
2024-03-13T13:35:44.1452251Z [command]/usr/bin/git submodule foreach --recursive sh -c "git config --local --name-only --get-regexp 'http\.https\:\/\/github\.com\/\.extraheader' && git config --local --unset-all 'http.https://github.com/.extraheader' || :"
2024-03-13T13:35:44.1866278Z Print service container logs: bd4fe8b90f6f463f896d9910d09da6bd_postgres123_d4c565
2024-03-13T13:35:44.1871497Z ##[command]/usr/bin/docker logs --details 084f54a09557f66d75f3fdf20e45f08b667c77b9d7e9d3a643b265bc5a89ece6
2024-03-13T13:35:44.2003301Z  The files belonging to this database system will be owned by user "postgres".
2024-03-13T13:35:44.2004490Z  This user must also own the server process.
2024-03-13T13:35:44.2005257Z  
2024-03-13T13:35:44.2005840Z  The database cluster will be initialized with locale "en_US.utf8".
2024-03-13T13:35:44.2006935Z  The default database encoding has accordingly been set to "UTF8".
2024-03-13T13:35:44.2007918Z  The default text search configuration will be set to "english".
2024-03-13T13:35:44.2008657Z  
2024-03-13T13:35:44.2009032Z  Data page checksums are disabled.
2024-03-13T13:35:44.2009537Z  
2024-03-13T13:35:44.2010450Z  fixing permissions on existing directory /var/lib/postgresql/data ... ok
2024-03-13T13:35:44.2011334Z  creating subdirectories ... ok
2024-03-13T13:35:44.2011986Z  selecting dynamic shared memory implementation ... posix
2024-03-13T13:35:44.2012755Z  selecting default max_connections ... 100
2024-03-13T13:35:44.2013376Z  selecting default shared_buffers ... 128MB
2024-03-13T13:35:44.2013993Z  selecting default time zone ... Etc/UTC
2024-03-13T13:35:44.2014579Z  creating configuration files ... ok
2024-03-13T13:35:44.2015146Z  running bootstrap script ... ok
2024-03-13T13:35:44.2017329Z  initdb: warning: enabling "trust" authentication for local connections
2024-03-13T13:35:44.2018695Z  You can change this by editing pg_hba.conf or using the option -A, or
2024-03-13T13:35:44.2019630Z  --auth-local and --auth-host, the next time you run initdb.
2024-03-13T13:35:44.2021368Z  2024-03-13 13:33:17.814 UTC [1] LOG:  starting PostgreSQL 12.3 (Debian 12.3-1.pgdg100+1) on x86_64-pc-linux-gnu, compiled by gcc (Debian 8.3.0-6) 8.3.0, 64-bit
2024-03-13T13:35:44.2023096Z  2024-03-13 13:33:17.814 UTC [1] LOG:  listening on IPv4 address "0.0.0.0", port 5432
2024-03-13T13:35:44.2024236Z  2024-03-13 13:33:17.814 UTC [1] LOG:  listening on IPv6 address "::", port 5432
2024-03-13T13:35:44.2025540Z  2024-03-13 13:33:17.815 UTC [1] LOG:  listening on Unix socket "/var/run/postgresql/.s.PGSQL.5432"
2024-03-13T13:35:44.2026853Z  2024-03-13 13:33:17.826 UTC [56] LOG:  database system was shut down at 2024-03-13 13:33:17 UTC
2024-03-13T13:35:44.2028138Z  2024-03-13 13:33:17.831 UTC [1] LOG:  database system is ready to accept connections
2024-03-13T13:35:44.2029139Z  2024-03-13 13:33:27.016 UTC [70] FATAL:  role "root" does not exist
2024-03-13T13:35:44.2029702Z  2024-03-13 13:33:37.120 UTC [78] FATAL:  role "root" does not exist
2024-03-13T13:35:44.2030252Z  2024-03-13 13:33:47.215 UTC [86] FATAL:  role "root" does not exist
2024-03-13T13:35:44.2030844Z  2024-03-13 13:33:49.087 UTC [87] FATAL:  database "diaper_test" does not exist
2024-03-13T13:35:44.2031569Z  2024-03-13 13:33:55.994 UTC [89] ERROR:  relation "flipper_gates" does not exist at character 491
2024-03-13T13:35:44.2032380Z  2024-03-13 13:33:55.994 UTC [89] STATEMENT:  SELECT a.attname, format_type(a.atttypid, a.atttypmod),
2024-03-13T13:35:44.2033129Z  	       pg_get_expr(d.adbin, d.adrelid), a.attnotnull, a.atttypid, a.atttypmod,
2024-03-13T13:35:44.2033753Z  	       c.collname, col_description(a.attrelid, a.attnum) AS comment,
2024-03-13T13:35:44.2034214Z  	       attgenerated as attgenerated
2024-03-13T13:35:44.2034544Z  	  FROM pg_attribute a
2024-03-13T13:35:44.2034978Z  	  LEFT JOIN pg_attrdef d ON a.attrelid = d.adrelid AND a.attnum = d.adnum
2024-03-13T13:35:44.2035504Z  	  LEFT JOIN pg_type t ON a.atttypid = t.oid
2024-03-13T13:35:44.2036074Z  	  LEFT JOIN pg_collation c ON a.attcollation = c.oid AND a.attcollation <> t.typcollation
2024-03-13T13:35:44.2036676Z  	 WHERE a.attrelid = '"flipper_gates"'::regclass
2024-03-13T13:35:44.2037082Z  	   AND a.attnum > 0 AND NOT a.attisdropped
2024-03-13T13:35:44.2037430Z  	 ORDER BY a.attnum
2024-03-13T13:35:44.2037668Z  	
2024-03-13T13:35:44.2038597Z  2024-03-13 13:33:57.295 UTC [99] FATAL:  role "root" does not exist
2024-03-13T13:35:44.2039183Z  2024-03-13 13:34:07.380 UTC [108] FATAL:  role "root" does not exist
2024-03-13T13:35:44.2039736Z  2024-03-13 13:34:17.485 UTC [116] FATAL:  role "root" does not exist
2024-03-13T13:35:44.2040292Z  2024-03-13 13:34:27.582 UTC [125] FATAL:  role "root" does not exist
2024-03-13T13:35:44.2040833Z  2024-03-13 13:34:37.669 UTC [133] FATAL:  role "root" does not exist
2024-03-13T13:35:44.2041384Z  2024-03-13 13:34:47.756 UTC [143] FATAL:  role "root" does not exist
2024-03-13T13:35:44.2041934Z  2024-03-13 13:34:57.835 UTC [153] FATAL:  role "root" does not exist
2024-03-13T13:35:44.2042476Z  2024-03-13 13:35:07.921 UTC [161] FATAL:  role "root" does not exist
2024-03-13T13:35:44.2043017Z  2024-03-13 13:35:18.012 UTC [169] FATAL:  role "root" does not exist
2024-03-13T13:35:44.2043557Z  2024-03-13 13:35:28.104 UTC [178] FATAL:  role "root" does not exist
2024-03-13T13:35:44.2044099Z  2024-03-13 13:35:38.206 UTC [186] FATAL:  role "root" does not exist
2024-03-13T13:35:44.2044584Z  performing post-bootstrap initialization ... ok
2024-03-13T13:35:44.2044974Z  syncing data to disk ... ok
2024-03-13T13:35:44.2045246Z  
2024-03-13T13:35:44.2045432Z  
2024-03-13T13:35:44.2045713Z  Success. You can now start the database server using:
2024-03-13T13:35:44.2046092Z  
2024-03-13T13:35:44.2046356Z      pg_ctl -D /var/lib/postgresql/data -l logfile start
2024-03-13T13:35:44.2046730Z  
2024-03-13T13:35:44.2047590Z  waiting for server to start....2024-03-13 13:33:17.611 UTC [47] LOG:  starting PostgreSQL 12.3 (Debian 12.3-1.pgdg100+1) on x86_64-pc-linux-gnu, compiled by gcc (Debian 8.3.0-6) 8.3.0, 64-bit
2024-03-13T13:35:44.2048962Z  2024-03-13 13:33:17.612 UTC [47] LOG:  listening on Unix socket "/var/run/postgresql/.s.PGSQL.5432"
2024-03-13T13:35:44.2049747Z  2024-03-13 13:33:17.624 UTC [48] LOG:  database system was shut down at 2024-03-13 13:33:17 UTC
2024-03-13T13:35:44.2050477Z  2024-03-13 13:33:17.629 UTC [47] LOG:  database system is ready to accept connections
2024-03-13T13:35:44.2050980Z   done
2024-03-13T13:35:44.2051185Z  server started
2024-03-13T13:35:44.2051406Z  
2024-03-13T13:35:44.2051800Z  /usr/local/bin/docker-entrypoint.sh: ignoring /docker-entrypoint-initdb.d/*
2024-03-13T13:35:44.2052304Z  
2024-03-13T13:35:44.2052627Z  2024-03-13 13:33:17.703 UTC [47] LOG:  received fast shutdown request
2024-03-13T13:35:44.2053366Z  waiting for server to shut down....2024-03-13 13:33:17.704 UTC [47] LOG:  aborting any active transactions
2024-03-13T13:35:44.2054324Z  2024-03-13 13:33:17.705 UTC [47] LOG:  background worker "logical replication launcher" (PID 54) exited with exit code 1
2024-03-13T13:35:44.2055034Z  2024-03-13 13:33:17.705 UTC [49] LOG:  shutting down
2024-03-13T13:35:44.2055605Z  2024-03-13 13:33:17.726 UTC [47] LOG:  database system is shut down
2024-03-13T13:35:44.2056036Z   done
2024-03-13T13:35:44.2056233Z  server stopped
2024-03-13T13:35:44.2056453Z  
2024-03-13T13:35:44.2056736Z  PostgreSQL init process complete; ready for start up.
2024-03-13T13:35:44.2057123Z  
2024-03-13T13:35:44.2064346Z Stop and remove container: bd4fe8b90f6f463f896d9910d09da6bd_postgres123_d4c565
2024-03-13T13:35:44.2070049Z ##[command]/usr/bin/docker rm --force 084f54a09557f66d75f3fdf20e45f08b667c77b9d7e9d3a643b265bc5a89ece6
2024-03-13T13:35:44.4245400Z 084f54a09557f66d75f3fdf20e45f08b667c77b9d7e9d3a643b265bc5a89ece6
2024-03-13T13:35:44.4272357Z Remove container network: github_network_e672470ae94b4ada8b6b26f5d2f3d353
2024-03-13T13:35:44.4277678Z ##[command]/usr/bin/docker network rm github_network_e672470ae94b4ada8b6b26f5d2f3d353
2024-03-13T13:35:44.7163563Z github_network_e672470ae94b4ada8b6b26f5d2f3d353
2024-03-13T13:35:44.7355631Z Cleaning up orphan processes
