2024-03-11T03:40:15.6843454Z Requested labels: ubuntu-latest
2024-03-11T03:40:15.6843936Z Job defined at: rubyforgood/human-essentials/.github/workflows/rspec-system-events.yml@refs/pull/4182/merge
2024-03-11T03:40:15.6844106Z Waiting for a runner to pick up this job...
2024-03-11T03:40:17.3661701Z Job is waiting for a hosted runner to come online.
2024-03-11T03:40:19.6470410Z Job is about to start running on the hosted runner: GitHub Actions 15 (hosted)
2024-03-11T03:40:22.2439102Z Current runner version: '2.314.1'
2024-03-11T03:40:22.2462462Z ##[group]Operating System
2024-03-11T03:40:22.2463050Z Ubuntu
2024-03-11T03:40:22.2463592Z 22.04.4
2024-03-11T03:40:22.2463927Z LTS
2024-03-11T03:40:22.2464216Z ##[endgroup]
2024-03-11T03:40:22.2464659Z ##[group]Runner Image
2024-03-11T03:40:22.2465107Z Image: ubuntu-22.04
2024-03-11T03:40:22.2465469Z Version: 20240304.1.0
2024-03-11T03:40:22.2466537Z Included Software: https://github.com/actions/runner-images/blob/ubuntu22/20240304.1/images/ubuntu/Ubuntu2204-Readme.md
2024-03-11T03:40:22.2467990Z Image Release: https://github.com/actions/runner-images/releases/tag/ubuntu22%2F20240304.1
2024-03-11T03:40:22.2468808Z ##[endgroup]
2024-03-11T03:40:22.2469285Z ##[group]Runner Image Provisioner
2024-03-11T03:40:22.2469780Z 2.0.359.1
2024-03-11T03:40:22.2470073Z ##[endgroup]
2024-03-11T03:40:22.2472212Z ##[group]GITHUB_TOKEN Permissions
2024-03-11T03:40:22.2473916Z Actions: read
2024-03-11T03:40:22.2474392Z Checks: read
2024-03-11T03:40:22.2474951Z Contents: read
2024-03-11T03:40:22.2475476Z Deployments: read
2024-03-11T03:40:22.2475860Z Discussions: read
2024-03-11T03:40:22.2476227Z Issues: read
2024-03-11T03:40:22.2476623Z Metadata: read
2024-03-11T03:40:22.2476987Z Packages: read
2024-03-11T03:40:22.2477313Z Pages: read
2024-03-11T03:40:22.2477774Z PullRequests: read
2024-03-11T03:40:22.2478174Z RepositoryProjects: read
2024-03-11T03:40:22.2478585Z SecurityEvents: read
2024-03-11T03:40:22.2479058Z Statuses: read
2024-03-11T03:40:22.2479429Z ##[endgroup]
2024-03-11T03:40:22.2482431Z Secret source: None
2024-03-11T03:40:22.2483468Z Prepare workflow directory
2024-03-11T03:40:22.3348672Z Prepare all required actions
2024-03-11T03:40:22.3504418Z Getting action download info
2024-03-11T03:40:22.5218320Z Download action repository 'actions/checkout@v2' (SHA:ee0669bd1cc54295c223e0bb666b733df41de1c5)
2024-03-11T03:40:22.6372246Z Download action repository 'ruby/setup-ruby@v1' (SHA:d4526a55538b775af234ba4af27118ed6f8f6677)
2024-03-11T03:40:22.9673682Z Download action repository 'actions/upload-artifact@v2' (SHA:82c141cc518b40d92cc801eee768e7aafc9c2fa2)
2024-03-11T03:40:23.1554453Z Complete job name: rspec-system-events (6, 0)
2024-03-11T03:40:23.2202342Z ##[group]Checking docker version
2024-03-11T03:40:23.2216875Z ##[command]/usr/bin/docker version --format '{{.Server.APIVersion}}'
2024-03-11T03:40:23.2950181Z '1.43'
2024-03-11T03:40:23.2964727Z Docker daemon API version: '1.43'
2024-03-11T03:40:23.2965624Z ##[command]/usr/bin/docker version --format '{{.Client.APIVersion}}'
2024-03-11T03:40:23.3128687Z '1.43'
2024-03-11T03:40:23.3140492Z Docker client API version: '1.43'
2024-03-11T03:40:23.3145815Z ##[endgroup]
2024-03-11T03:40:23.3149294Z ##[group]Clean up resources from previous jobs
2024-03-11T03:40:23.3155191Z ##[command]/usr/bin/docker ps --all --quiet --no-trunc --filter "label=9f4570"
2024-03-11T03:40:23.3296296Z ##[command]/usr/bin/docker network prune --force --filter "label=9f4570"
2024-03-11T03:40:23.3429433Z ##[endgroup]
2024-03-11T03:40:23.3430027Z ##[group]Create local container network
2024-03-11T03:40:23.3440141Z ##[command]/usr/bin/docker network create --label 9f4570 github_network_bd72a074d1274e8cb7a7f1a8c0b02807
2024-03-11T03:40:23.4221737Z fdf6354248e78ca0b8f3026603a52836923528429039cf1938e6a6af80bce0d5
2024-03-11T03:40:23.4241196Z ##[endgroup]
2024-03-11T03:40:23.4317753Z ##[group]Starting db service container
2024-03-11T03:40:23.4367277Z ##[command]/usr/bin/docker pull postgres:12.3
2024-03-11T03:40:23.9508803Z 12.3: Pulling from library/postgres
2024-03-11T03:40:24.0638436Z bf5952930446: Pulling fs layer
2024-03-11T03:40:24.0639522Z 9577476abb00: Pulling fs layer
2024-03-11T03:40:24.0640234Z 2bd105512d5c: Pulling fs layer
2024-03-11T03:40:24.0641081Z b1cd21c26e81: Pulling fs layer
2024-03-11T03:40:24.0641813Z 34a7c86cf8fc: Pulling fs layer
2024-03-11T03:40:24.0642417Z 274e7b0c38d5: Pulling fs layer
2024-03-11T03:40:24.0643241Z 3e831b350d37: Pulling fs layer
2024-03-11T03:40:24.0643649Z 38fa0d496534: Pulling fs layer
2024-03-11T03:40:24.0644404Z 31a8349609a4: Pulling fs layer
2024-03-11T03:40:24.0644888Z 14e4c2a4b7b7: Pulling fs layer
2024-03-11T03:40:24.0645304Z 964acfa02beb: Pulling fs layer
2024-03-11T03:40:24.0645664Z 31b1f20dffc0: Pulling fs layer
2024-03-11T03:40:24.0646136Z 14771c2930e9: Pulling fs layer
2024-03-11T03:40:24.0646554Z 2f30edd0ce8a: Pulling fs layer
2024-03-11T03:40:24.0646943Z 274e7b0c38d5: Waiting
2024-03-11T03:40:24.0647369Z 964acfa02beb: Waiting
2024-03-11T03:40:24.0647707Z 3e831b350d37: Waiting
2024-03-11T03:40:24.0648002Z 31b1f20dffc0: Waiting
2024-03-11T03:40:24.0648411Z 14771c2930e9: Waiting
2024-03-11T03:40:24.0648736Z 38fa0d496534: Waiting
2024-03-11T03:40:24.0649055Z 2f30edd0ce8a: Waiting
2024-03-11T03:40:24.0649463Z 31a8349609a4: Waiting
2024-03-11T03:40:24.0649798Z 14e4c2a4b7b7: Waiting
2024-03-11T03:40:24.0650089Z b1cd21c26e81: Waiting
2024-03-11T03:40:24.0650503Z 34a7c86cf8fc: Waiting
2024-03-11T03:40:24.1867421Z 2bd105512d5c: Verifying Checksum
2024-03-11T03:40:24.1868190Z 2bd105512d5c: Download complete
2024-03-11T03:40:24.2410502Z 9577476abb00: Verifying Checksum
2024-03-11T03:40:24.2411424Z 9577476abb00: Download complete
2024-03-11T03:40:24.3251336Z b1cd21c26e81: Verifying Checksum
2024-03-11T03:40:24.3255245Z b1cd21c26e81: Download complete
2024-03-11T03:40:24.3591277Z bf5952930446: Verifying Checksum
2024-03-11T03:40:24.3592256Z bf5952930446: Download complete
2024-03-11T03:40:24.4241035Z 34a7c86cf8fc: Verifying Checksum
2024-03-11T03:40:24.4243018Z 34a7c86cf8fc: Download complete
2024-03-11T03:40:24.4540853Z 274e7b0c38d5: Download complete
2024-03-11T03:40:24.4853364Z 3e831b350d37: Verifying Checksum
2024-03-11T03:40:24.4854155Z 3e831b350d37: Download complete
2024-03-11T03:40:24.5409323Z 38fa0d496534: Verifying Checksum
2024-03-11T03:40:24.5410123Z 38fa0d496534: Download complete
2024-03-11T03:40:24.6073652Z 14e4c2a4b7b7: Download complete
2024-03-11T03:40:24.6625404Z 964acfa02beb: Verifying Checksum
2024-03-11T03:40:24.6626245Z 964acfa02beb: Download complete
2024-03-11T03:40:24.7261260Z 31b1f20dffc0: Verifying Checksum
2024-03-11T03:40:24.7262116Z 31b1f20dffc0: Download complete
2024-03-11T03:40:24.7874798Z 14771c2930e9: Verifying Checksum
2024-03-11T03:40:24.7876135Z 14771c2930e9: Download complete
2024-03-11T03:40:24.8489122Z 2f30edd0ce8a: Verifying Checksum
2024-03-11T03:40:24.8490000Z 2f30edd0ce8a: Download complete
2024-03-11T03:40:25.0832496Z 31a8349609a4: Verifying Checksum
2024-03-11T03:40:25.0833525Z 31a8349609a4: Download complete
2024-03-11T03:40:25.6324987Z bf5952930446: Pull complete
2024-03-11T03:40:29.2514669Z 9577476abb00: Pull complete
2024-03-11T03:40:29.2905751Z 2bd105512d5c: Pull complete
2024-03-11T03:40:29.4770633Z b1cd21c26e81: Pull complete
2024-03-11T03:40:30.8261899Z 34a7c86cf8fc: Pull complete
2024-03-11T03:40:30.9388699Z 274e7b0c38d5: Pull complete
2024-03-11T03:40:30.9613194Z 3e831b350d37: Pull complete
2024-03-11T03:40:30.9735890Z 38fa0d496534: Pull complete
2024-03-11T03:40:33.2961579Z 31a8349609a4: Pull complete
2024-03-11T03:40:33.3109607Z 14e4c2a4b7b7: Pull complete
2024-03-11T03:40:33.3204885Z 964acfa02beb: Pull complete
2024-03-11T03:40:33.3293604Z 31b1f20dffc0: Pull complete
2024-03-11T03:40:33.3384571Z 14771c2930e9: Pull complete
2024-03-11T03:40:33.3467163Z 2f30edd0ce8a: Pull complete
2024-03-11T03:40:33.3519998Z Digest: sha256:a06e6e6e519b7a329c419f8221edec66cfc45511e8b80e262c12103ba745cf19
2024-03-11T03:40:33.3534833Z Status: Downloaded newer image for postgres:12.3
2024-03-11T03:40:33.3544537Z docker.io/library/postgres:12.3
2024-03-11T03:40:33.3647012Z ##[command]/usr/bin/docker create --name 28c4a5d7a6844329abb17de8acb437b3_postgres123_d889d5 --label 9f4570 --network github_network_bd72a074d1274e8cb7a7f1a8c0b02807 --network-alias db -p 5432:5432 --health-cmd pg_isready --health-interval 10s --health-timeout 5s --health-retries 5 -e "POSTGRES_PASSWORD=password" -e GITHUB_ACTIONS=true -e CI=true postgres:12.3
2024-03-11T03:40:33.3922210Z 45a83138011f778c3e099569f4a48876c96d3024cf288f8a0c8b686b776c815a
2024-03-11T03:40:33.3945996Z ##[command]/usr/bin/docker start 45a83138011f778c3e099569f4a48876c96d3024cf288f8a0c8b686b776c815a
2024-03-11T03:40:33.6528775Z 45a83138011f778c3e099569f4a48876c96d3024cf288f8a0c8b686b776c815a
2024-03-11T03:40:33.6548781Z ##[command]/usr/bin/docker ps --all --filter id=45a83138011f778c3e099569f4a48876c96d3024cf288f8a0c8b686b776c815a --filter status=running --no-trunc --format "{{.ID}} {{.Status}}"
2024-03-11T03:40:33.6679024Z 45a83138011f778c3e099569f4a48876c96d3024cf288f8a0c8b686b776c815a Up Less than a second (health: starting)
2024-03-11T03:40:33.6705475Z ##[command]/usr/bin/docker port 45a83138011f778c3e099569f4a48876c96d3024cf288f8a0c8b686b776c815a
2024-03-11T03:40:33.6840052Z 5432/tcp -> 0.0.0.0:5432
2024-03-11T03:40:33.6840746Z 5432/tcp -> [::]:5432
2024-03-11T03:40:33.6915997Z ##[endgroup]
2024-03-11T03:40:33.6943303Z ##[group]Waiting for all services to be ready
2024-03-11T03:40:33.6982610Z ##[command]/usr/bin/docker inspect --format="{{if .Config.Healthcheck}}{{print .State.Health.Status}}{{end}}" 45a83138011f778c3e099569f4a48876c96d3024cf288f8a0c8b686b776c815a
2024-03-11T03:40:33.7123831Z starting
2024-03-11T03:40:33.7149950Z db service is starting, waiting 2 seconds before checking again.
2024-03-11T03:40:35.7107054Z ##[command]/usr/bin/docker inspect --format="{{if .Config.Healthcheck}}{{print .State.Health.Status}}{{end}}" 45a83138011f778c3e099569f4a48876c96d3024cf288f8a0c8b686b776c815a
2024-03-11T03:40:35.7226101Z starting
2024-03-11T03:40:35.7237544Z db service is starting, waiting 4 seconds before checking again.
2024-03-11T03:40:39.7877249Z ##[command]/usr/bin/docker inspect --format="{{if .Config.Healthcheck}}{{print .State.Health.Status}}{{end}}" 45a83138011f778c3e099569f4a48876c96d3024cf288f8a0c8b686b776c815a
2024-03-11T03:40:39.8008246Z starting
2024-03-11T03:40:39.8020499Z db service is starting, waiting 6 seconds before checking again.
2024-03-11T03:40:46.6664466Z ##[command]/usr/bin/docker inspect --format="{{if .Config.Healthcheck}}{{print .State.Health.Status}}{{end}}" 45a83138011f778c3e099569f4a48876c96d3024cf288f8a0c8b686b776c815a
2024-03-11T03:40:46.6790366Z healthy
2024-03-11T03:40:46.6806085Z db service is healthy.
2024-03-11T03:40:46.6806576Z ##[endgroup]
2024-03-11T03:40:46.7170742Z ##[group]Run actions/checkout@v2
2024-03-11T03:40:46.7171169Z with:
2024-03-11T03:40:46.7171530Z   repository: rubyforgood/human-essentials
2024-03-11T03:40:46.7172233Z   token: ***
2024-03-11T03:40:46.7172546Z   ssh-strict: true
2024-03-11T03:40:46.7172900Z   persist-credentials: true
2024-03-11T03:40:46.7173391Z   clean: true
2024-03-11T03:40:46.7173672Z   fetch-depth: 1
2024-03-11T03:40:46.7173997Z   lfs: false
2024-03-11T03:40:46.7174387Z   submodules: false
2024-03-11T03:40:46.7174698Z   set-safe-directory: true
2024-03-11T03:40:46.7175061Z ##[endgroup]
2024-03-11T03:40:46.9443555Z Syncing repository: rubyforgood/human-essentials
2024-03-11T03:40:46.9445336Z ##[group]Getting Git version info
2024-03-11T03:40:46.9446229Z Working directory is '/home/runner/work/human-essentials/human-essentials'
2024-03-11T03:40:46.9447137Z [command]/usr/bin/git version
2024-03-11T03:40:46.9459187Z git version 2.43.2
2024-03-11T03:40:46.9482164Z ##[endgroup]
2024-03-11T03:40:46.9497798Z Temporarily overriding HOME='/home/runner/work/_temp/b4ae980e-f044-47c9-9034-65cb15f1ef3b' before making global git config changes
2024-03-11T03:40:46.9498881Z Adding repository directory to the temporary git global config as a safe directory
2024-03-11T03:40:46.9502642Z [command]/usr/bin/git config --global --add safe.directory /home/runner/work/human-essentials/human-essentials
2024-03-11T03:40:46.9546066Z Deleting the contents of '/home/runner/work/human-essentials/human-essentials'
2024-03-11T03:40:46.9550805Z ##[group]Initializing the repository
2024-03-11T03:40:46.9554564Z [command]/usr/bin/git init /home/runner/work/human-essentials/human-essentials
2024-03-11T03:40:46.9627426Z hint: Using 'master' as the name for the initial branch. This default branch name
2024-03-11T03:40:46.9628393Z hint: is subject to change. To configure the initial branch name to use in all
2024-03-11T03:40:46.9630480Z hint: of your new repositories, which will suppress this warning, call:
2024-03-11T03:40:46.9631416Z hint: 
2024-03-11T03:40:46.9632239Z hint: 	git config --global init.defaultBranch <name>
2024-03-11T03:40:46.9634186Z hint: 
2024-03-11T03:40:46.9635370Z hint: Names commonly chosen instead of 'master' are 'main', 'trunk' and
2024-03-11T03:40:46.9636828Z hint: 'development'. The just-created branch can be renamed via this command:
2024-03-11T03:40:46.9637892Z hint: 
2024-03-11T03:40:46.9638402Z hint: 	git branch -m <name>
2024-03-11T03:40:46.9646154Z Initialized empty Git repository in /home/runner/work/human-essentials/human-essentials/.git/
2024-03-11T03:40:46.9654397Z [command]/usr/bin/git remote add origin https://github.com/rubyforgood/human-essentials
2024-03-11T03:40:46.9696199Z ##[endgroup]
2024-03-11T03:40:46.9697390Z ##[group]Disabling automatic garbage collection
2024-03-11T03:40:46.9700648Z [command]/usr/bin/git config --local gc.auto 0
2024-03-11T03:40:46.9737764Z ##[endgroup]
2024-03-11T03:40:46.9738820Z ##[group]Setting up auth
2024-03-11T03:40:46.9745173Z [command]/usr/bin/git config --local --name-only --get-regexp core\.sshCommand
2024-03-11T03:40:46.9783184Z [command]/usr/bin/git submodule foreach --recursive sh -c "git config --local --name-only --get-regexp 'core\.sshCommand' && git config --local --unset-all 'core.sshCommand' || :"
2024-03-11T03:40:47.0092636Z [command]/usr/bin/git config --local --name-only --get-regexp http\.https\:\/\/github\.com\/\.extraheader
2024-03-11T03:40:47.0130597Z [command]/usr/bin/git submodule foreach --recursive sh -c "git config --local --name-only --get-regexp 'http\.https\:\/\/github\.com\/\.extraheader' && git config --local --unset-all 'http.https://github.com/.extraheader' || :"
2024-03-11T03:40:47.0363255Z [command]/usr/bin/git config --local http.https://github.com/.extraheader AUTHORIZATION: basic ***
2024-03-11T03:40:47.0407657Z ##[endgroup]
2024-03-11T03:40:47.0408840Z ##[group]Fetching the repository
2024-03-11T03:40:47.0417558Z [command]/usr/bin/git -c protocol.version=2 fetch --no-tags --prune --progress --no-recurse-submodules --depth=1 origin +02b377ea0a5593a36e406f6396ad9b7ffc7c6ed9:refs/remotes/pull/4182/merge
2024-03-11T03:40:47.2583916Z remote: Enumerating objects: 1751, done.        
2024-03-11T03:40:47.2587297Z remote: Counting objects:   0% (1/1751)        
2024-03-11T03:40:47.2588386Z remote: Counting objects:   1% (18/1751)        
2024-03-11T03:40:47.2589286Z remote: Counting objects:   2% (36/1751)        
2024-03-11T03:40:47.2590167Z remote: Counting objects:   3% (53/1751)        
2024-03-11T03:40:47.2591152Z remote: Counting objects:   4% (71/1751)        
2024-03-11T03:40:47.2592075Z remote: Counting objects:   5% (88/1751)        
2024-03-11T03:40:47.2592911Z remote: Counting objects:   6% (106/1751)        
2024-03-11T03:40:47.2593932Z remote: Counting objects:   7% (123/1751)        
2024-03-11T03:40:47.2594844Z remote: Counting objects:   8% (141/1751)        
2024-03-11T03:40:47.2595676Z remote: Counting objects:   9% (158/1751)        
2024-03-11T03:40:47.2596710Z remote: Counting objects:  10% (176/1751)        
2024-03-11T03:40:47.2597634Z remote: Counting objects:  11% (193/1751)        
2024-03-11T03:40:47.2598514Z remote: Counting objects:  12% (211/1751)        
2024-03-11T03:40:47.2599486Z remote: Counting objects:  13% (228/1751)        
2024-03-11T03:40:47.2600304Z remote: Counting objects:  14% (246/1751)        
2024-03-11T03:40:47.2601179Z remote: Counting objects:  15% (263/1751)        
2024-03-11T03:40:47.2601913Z remote: Counting objects:  16% (281/1751)        
2024-03-11T03:40:47.2602901Z remote: Counting objects:  17% (298/1751)        
2024-03-11T03:40:47.2603692Z remote: Counting objects:  18% (316/1751)        
2024-03-11T03:40:47.2604175Z remote: Counting objects:  19% (333/1751)        
2024-03-11T03:40:47.2604867Z remote: Counting objects:  20% (351/1751)        
2024-03-11T03:40:47.2605869Z remote: Counting objects:  21% (368/1751)        
2024-03-11T03:40:47.2606753Z remote: Counting objects:  22% (386/1751)        
2024-03-11T03:40:47.2608044Z remote: Counting objects:  23% (403/1751)        
2024-03-11T03:40:47.2609116Z remote: Counting objects:  24% (421/1751)        
2024-03-11T03:40:47.2609898Z remote: Counting objects:  25% (438/1751)        
2024-03-11T03:40:47.2610377Z remote: Counting objects:  26% (456/1751)        
2024-03-11T03:40:47.2610961Z remote: Counting objects:  27% (473/1751)        
2024-03-11T03:40:47.2611388Z remote: Counting objects:  28% (491/1751)        
2024-03-11T03:40:47.2611890Z remote: Counting objects:  29% (508/1751)        
2024-03-11T03:40:47.2612457Z remote: Counting objects:  30% (526/1751)        
2024-03-11T03:40:47.2612918Z remote: Counting objects:  31% (543/1751)        
2024-03-11T03:40:47.2613342Z remote: Counting objects:  32% (561/1751)        
2024-03-11T03:40:47.2613898Z remote: Counting objects:  33% (578/1751)        
2024-03-11T03:40:47.2614363Z remote: Counting objects:  34% (596/1751)        
2024-03-11T03:40:47.2614787Z remote: Counting objects:  35% (613/1751)        
2024-03-11T03:40:47.2615338Z remote: Counting objects:  36% (631/1751)        
2024-03-11T03:40:47.2615808Z remote: Counting objects:  37% (648/1751)        
2024-03-11T03:40:47.2616349Z remote: Counting objects:  38% (666/1751)        
2024-03-11T03:40:47.2616778Z remote: Counting objects:  39% (683/1751)        
2024-03-11T03:40:47.2617258Z remote: Counting objects:  40% (701/1751)        
2024-03-11T03:40:47.2617804Z remote: Counting objects:  41% (718/1751)        
2024-03-11T03:40:47.2618246Z remote: Counting objects:  42% (736/1751)        
2024-03-11T03:40:47.2618716Z remote: Counting objects:  43% (753/1751)        
2024-03-11T03:40:47.2619257Z remote: Counting objects:  44% (771/1751)        
2024-03-11T03:40:47.2619683Z remote: Counting objects:  45% (788/1751)        
2024-03-11T03:40:47.2620149Z remote: Counting objects:  46% (806/1751)        
2024-03-11T03:40:47.2620686Z remote: Counting objects:  47% (823/1751)        
2024-03-11T03:40:47.2621111Z remote: Counting objects:  48% (841/1751)        
2024-03-11T03:40:47.2621581Z remote: Counting objects:  49% (858/1751)        
2024-03-11T03:40:47.2622325Z remote: Counting objects:  50% (876/1751)        
2024-03-11T03:40:47.2622777Z remote: Counting objects:  51% (894/1751)        
2024-03-11T03:40:47.2623269Z remote: Counting objects:  52% (911/1751)        
2024-03-11T03:40:47.2623811Z remote: Counting objects:  53% (929/1751)        
2024-03-11T03:40:47.2624241Z remote: Counting objects:  54% (946/1751)        
2024-03-11T03:40:47.2624720Z remote: Counting objects:  55% (964/1751)        
2024-03-11T03:40:47.2625238Z remote: Counting objects:  56% (981/1751)        
2024-03-11T03:40:47.2625659Z remote: Counting objects:  57% (999/1751)        
2024-03-11T03:40:47.2626154Z remote: Counting objects:  58% (1016/1751)        
2024-03-11T03:40:47.2626713Z remote: Counting objects:  59% (1034/1751)        
2024-03-11T03:40:47.2627219Z remote: Counting objects:  60% (1051/1751)        
2024-03-11T03:40:47.2627678Z remote: Counting objects:  61% (1069/1751)        
2024-03-11T03:40:47.2628247Z remote: Counting objects:  62% (1086/1751)        
2024-03-11T03:40:47.2628749Z remote: Counting objects:  63% (1104/1751)        
2024-03-11T03:40:47.2629246Z remote: Counting objects:  64% (1121/1751)        
2024-03-11T03:40:47.2629770Z remote: Counting objects:  65% (1139/1751)        
2024-03-11T03:40:47.2630391Z remote: Counting objects:  66% (1156/1751)        
2024-03-11T03:40:47.2630865Z remote: Counting objects:  67% (1174/1751)        
2024-03-11T03:40:47.2631377Z remote: Counting objects:  68% (1191/1751)        
2024-03-11T03:40:47.2631865Z remote: Counting objects:  69% (1209/1751)        
2024-03-11T03:40:47.2632337Z remote: Counting objects:  70% (1226/1751)        
2024-03-11T03:40:47.2632847Z remote: Counting objects:  71% (1244/1751)        
2024-03-11T03:40:47.2633340Z remote: Counting objects:  72% (1261/1751)        
2024-03-11T03:40:47.2633809Z remote: Counting objects:  73% (1279/1751)        
2024-03-11T03:40:47.2634470Z remote: Counting objects:  74% (1296/1751)        
2024-03-11T03:40:47.2634949Z remote: Counting objects:  75% (1314/1751)        
2024-03-11T03:40:47.2635430Z remote: Counting objects:  76% (1331/1751)        
2024-03-11T03:40:47.2635941Z remote: Counting objects:  77% (1349/1751)        
2024-03-11T03:40:47.2636413Z remote: Counting objects:  78% (1366/1751)        
2024-03-11T03:40:47.2636884Z remote: Counting objects:  79% (1384/1751)        
2024-03-11T03:40:47.2637392Z remote: Counting objects:  80% (1401/1751)        
2024-03-11T03:40:47.2637874Z remote: Counting objects:  81% (1419/1751)        
2024-03-11T03:40:47.2638362Z remote: Counting objects:  82% (1436/1751)        
2024-03-11T03:40:47.2638897Z remote: Counting objects:  83% (1454/1751)        
2024-03-11T03:40:47.2639337Z remote: Counting objects:  84% (1471/1751)        
2024-03-11T03:40:47.2639825Z remote: Counting objects:  85% (1489/1751)        
2024-03-11T03:40:47.2640354Z remote: Counting objects:  86% (1506/1751)        
2024-03-11T03:40:47.2640803Z remote: Counting objects:  87% (1524/1751)        
2024-03-11T03:40:47.2641300Z remote: Counting objects:  88% (1541/1751)        
2024-03-11T03:40:47.2641833Z remote: Counting objects:  89% (1559/1751)        
2024-03-11T03:40:47.2642272Z remote: Counting objects:  90% (1576/1751)        
2024-03-11T03:40:47.2643143Z remote: Counting objects:  91% (1594/1751)        
2024-03-11T03:40:47.2643718Z remote: Counting objects:  92% (1611/1751)        
2024-03-11T03:40:47.2644156Z remote: Counting objects:  93% (1629/1751)        
2024-03-11T03:40:47.2644643Z remote: Counting objects:  94% (1646/1751)        
2024-03-11T03:40:47.2645176Z remote: Counting objects:  95% (1664/1751)        
2024-03-11T03:40:47.2645622Z remote: Counting objects:  96% (1681/1751)        
2024-03-11T03:40:47.2646126Z remote: Counting objects:  97% (1699/1751)        
2024-03-11T03:40:47.2646674Z remote: Counting objects:  98% (1716/1751)        
2024-03-11T03:40:47.2647150Z remote: Counting objects:  99% (1734/1751)        
2024-03-11T03:40:47.2647651Z remote: Counting objects: 100% (1751/1751)        
2024-03-11T03:40:47.2648395Z remote: Counting objects: 100% (1751/1751), done.        
2024-03-11T03:40:47.2648971Z remote: Compressing objects:   0% (1/1568)        
2024-03-11T03:40:47.2649444Z remote: Compressing objects:   1% (16/1568)        
2024-03-11T03:40:47.2744815Z remote: Compressing objects:   2% (32/1568)        
2024-03-11T03:40:47.2746762Z remote: Compressing objects:   3% (48/1568)        
2024-03-11T03:40:47.2747725Z remote: Compressing objects:   4% (63/1568)        
2024-03-11T03:40:47.2748602Z remote: Compressing objects:   5% (79/1568)        
2024-03-11T03:40:47.2749551Z remote: Compressing objects:   6% (95/1568)        
2024-03-11T03:40:47.2750368Z remote: Compressing objects:   7% (110/1568)        
2024-03-11T03:40:47.2751244Z remote: Compressing objects:   8% (126/1568)        
2024-03-11T03:40:47.2752212Z remote: Compressing objects:   9% (142/1568)        
2024-03-11T03:40:47.2753080Z remote: Compressing objects:  10% (157/1568)        
2024-03-11T03:40:47.2753901Z remote: Compressing objects:  11% (173/1568)        
2024-03-11T03:40:47.2754852Z remote: Compressing objects:  12% (189/1568)        
2024-03-11T03:40:47.2795185Z remote: Compressing objects:  13% (204/1568)        
2024-03-11T03:40:47.2796212Z remote: Compressing objects:  14% (220/1568)        
2024-03-11T03:40:47.2797276Z remote: Compressing objects:  15% (236/1568)        
2024-03-11T03:40:47.2798281Z remote: Compressing objects:  16% (251/1568)        
2024-03-11T03:40:47.2799330Z remote: Compressing objects:  17% (267/1568)        
2024-03-11T03:40:47.2800638Z remote: Compressing objects:  18% (283/1568)        
2024-03-11T03:40:47.2821766Z remote: Compressing objects:  19% (298/1568)        
2024-03-11T03:40:47.2841518Z remote: Compressing objects:  20% (314/1568)        
2024-03-11T03:40:47.2883497Z remote: Compressing objects:  21% (330/1568)        
2024-03-11T03:40:47.2902396Z remote: Compressing objects:  22% (345/1568)        
2024-03-11T03:40:47.2913215Z remote: Compressing objects:  23% (361/1568)        
2024-03-11T03:40:47.2921541Z remote: Compressing objects:  24% (377/1568)        
2024-03-11T03:40:47.2928784Z remote: Compressing objects:  25% (392/1568)        
2024-03-11T03:40:47.2936677Z remote: Compressing objects:  26% (408/1568)        
2024-03-11T03:40:47.2953969Z remote: Compressing objects:  27% (424/1568)        
2024-03-11T03:40:47.2960284Z remote: Compressing objects:  28% (440/1568)        
2024-03-11T03:40:47.2970899Z remote: Compressing objects:  29% (455/1568)        
2024-03-11T03:40:47.2979073Z remote: Compressing objects:  30% (471/1568)        
2024-03-11T03:40:47.3016114Z remote: Compressing objects:  31% (487/1568)        
2024-03-11T03:40:47.3022989Z remote: Compressing objects:  32% (502/1568)        
2024-03-11T03:40:47.3024047Z remote: Compressing objects:  33% (518/1568)        
2024-03-11T03:40:47.3026722Z remote: Compressing objects:  34% (534/1568)        
2024-03-11T03:40:47.3027859Z remote: Compressing objects:  35% (549/1568)        
2024-03-11T03:40:47.3030774Z remote: Compressing objects:  36% (565/1568)        
2024-03-11T03:40:47.3038996Z remote: Compressing objects:  37% (581/1568)        
2024-03-11T03:40:47.3052454Z remote: Compressing objects:  38% (596/1568)        
2024-03-11T03:40:47.3053505Z remote: Compressing objects:  39% (612/1568)        
2024-03-11T03:40:47.3054327Z remote: Compressing objects:  40% (628/1568)        
2024-03-11T03:40:47.3055290Z remote: Compressing objects:  41% (643/1568)        
2024-03-11T03:40:47.3056029Z remote: Compressing objects:  42% (659/1568)        
2024-03-11T03:40:47.3057014Z remote: Compressing objects:  43% (675/1568)        
2024-03-11T03:40:47.3057885Z remote: Compressing objects:  44% (690/1568)        
2024-03-11T03:40:47.3079951Z remote: Compressing objects:  45% (706/1568)        
2024-03-11T03:40:47.3081011Z remote: Compressing objects:  46% (722/1568)        
2024-03-11T03:40:47.3081988Z remote: Compressing objects:  47% (737/1568)        
2024-03-11T03:40:47.3083078Z remote: Compressing objects:  48% (753/1568)        
2024-03-11T03:40:47.3084243Z remote: Compressing objects:  49% (769/1568)        
2024-03-11T03:40:47.3085399Z remote: Compressing objects:  50% (784/1568)        
2024-03-11T03:40:47.3086686Z remote: Compressing objects:  51% (800/1568)        
2024-03-11T03:40:47.3089921Z remote: Compressing objects:  52% (816/1568)        
2024-03-11T03:40:47.3090745Z remote: Compressing objects:  53% (832/1568)        
2024-03-11T03:40:47.3094795Z remote: Compressing objects:  54% (847/1568)        
2024-03-11T03:40:47.3105087Z remote: Compressing objects:  55% (863/1568)        
2024-03-11T03:40:47.3142812Z remote: Compressing objects:  56% (879/1568)        
2024-03-11T03:40:47.3171843Z remote: Compressing objects:  57% (894/1568)        
2024-03-11T03:40:47.3184259Z remote: Compressing objects:  58% (910/1568)        
2024-03-11T03:40:47.3188346Z remote: Compressing objects:  59% (926/1568)        
2024-03-11T03:40:47.3204603Z remote: Compressing objects:  60% (941/1568)        
2024-03-11T03:40:47.3209481Z remote: Compressing objects:  61% (957/1568)        
2024-03-11T03:40:47.3220411Z remote: Compressing objects:  62% (973/1568)        
2024-03-11T03:40:47.3251938Z remote: Compressing objects:  63% (988/1568)        
2024-03-11T03:40:47.3253024Z remote: Compressing objects:  64% (1004/1568)        
2024-03-11T03:40:47.3253934Z remote: Compressing objects:  65% (1020/1568)        
2024-03-11T03:40:47.3254930Z remote: Compressing objects:  66% (1035/1568)        
2024-03-11T03:40:47.3255675Z remote: Compressing objects:  67% (1051/1568)        
2024-03-11T03:40:47.3256255Z remote: Compressing objects:  68% (1067/1568)        
2024-03-11T03:40:47.3256902Z remote: Compressing objects:  69% (1082/1568)        
2024-03-11T03:40:47.3257446Z remote: Compressing objects:  70% (1098/1568)        
2024-03-11T03:40:47.3259453Z remote: Compressing objects:  71% (1114/1568)        
2024-03-11T03:40:47.3268768Z remote: Compressing objects:  72% (1129/1568)        
2024-03-11T03:40:47.3280032Z remote: Compressing objects:  73% (1145/1568)        
2024-03-11T03:40:47.3285890Z remote: Compressing objects:  74% (1161/1568)        
2024-03-11T03:40:47.3305701Z remote: Compressing objects:  75% (1176/1568)        
2024-03-11T03:40:47.3369534Z remote: Compressing objects:  76% (1192/1568)        
2024-03-11T03:40:47.3392012Z remote: Compressing objects:  77% (1208/1568)        
2024-03-11T03:40:47.3401073Z remote: Compressing objects:  78% (1224/1568)        
2024-03-11T03:40:47.3430769Z remote: Compressing objects:  79% (1239/1568)        
2024-03-11T03:40:47.3461439Z remote: Compressing objects:  80% (1255/1568)        
2024-03-11T03:40:47.3493673Z remote: Compressing objects:  81% (1271/1568)        
2024-03-11T03:40:47.3534783Z remote: Compressing objects:  82% (1286/1568)        
2024-03-11T03:40:47.3566953Z remote: Compressing objects:  83% (1302/1568)        
2024-03-11T03:40:47.3583340Z remote: Compressing objects:  84% (1318/1568)        
2024-03-11T03:40:47.3626978Z remote: Compressing objects:  85% (1333/1568)        
2024-03-11T03:40:47.3673476Z remote: Compressing objects:  86% (1349/1568)        
2024-03-11T03:40:47.3688100Z remote: Compressing objects:  87% (1365/1568)        
2024-03-11T03:40:47.3698238Z remote: Compressing objects:  88% (1380/1568)        
2024-03-11T03:40:47.3699125Z remote: Compressing objects:  89% (1396/1568)        
2024-03-11T03:40:47.3701129Z remote: Compressing objects:  90% (1412/1568)        
2024-03-11T03:40:47.3702621Z remote: Compressing objects:  91% (1427/1568)        
2024-03-11T03:40:47.3703910Z remote: Compressing objects:  92% (1443/1568)        
2024-03-11T03:40:47.3708747Z remote: Compressing objects:  93% (1459/1568)        
2024-03-11T03:40:47.3709761Z remote: Compressing objects:  94% (1474/1568)        
2024-03-11T03:40:47.3710709Z remote: Compressing objects:  95% (1490/1568)        
2024-03-11T03:40:47.3712602Z remote: Compressing objects:  96% (1506/1568)        
2024-03-11T03:40:47.3715005Z remote: Compressing objects:  97% (1521/1568)        
2024-03-11T03:40:47.3716554Z remote: Compressing objects:  98% (1537/1568)        
2024-03-11T03:40:47.3717892Z remote: Compressing objects:  99% (1553/1568)        
2024-03-11T03:40:47.3718728Z remote: Compressing objects: 100% (1568/1568)        
2024-03-11T03:40:47.3719290Z remote: Compressing objects: 100% (1568/1568), done.        
2024-03-11T03:40:47.3754706Z Receiving objects:   0% (1/1751)
2024-03-11T03:40:47.3757944Z Receiving objects:   1% (18/1751)
2024-03-11T03:40:47.3836712Z Receiving objects:   2% (36/1751)
2024-03-11T03:40:47.4090142Z Receiving objects:   3% (53/1751)
2024-03-11T03:40:47.4744838Z Receiving objects:   4% (71/1751)
2024-03-11T03:40:47.4746098Z Receiving objects:   5% (88/1751)
2024-03-11T03:40:47.4749943Z Receiving objects:   6% (106/1751)
2024-03-11T03:40:47.4756470Z Receiving objects:   7% (123/1751)
2024-03-11T03:40:47.4762376Z Receiving objects:   8% (141/1751)
2024-03-11T03:40:47.4768493Z Receiving objects:   9% (158/1751)
2024-03-11T03:40:47.4771447Z Receiving objects:  10% (176/1751)
2024-03-11T03:40:47.4774404Z Receiving objects:  11% (193/1751)
2024-03-11T03:40:47.4777501Z Receiving objects:  12% (211/1751)
2024-03-11T03:40:47.4788502Z Receiving objects:  13% (228/1751)
2024-03-11T03:40:47.4792165Z Receiving objects:  14% (246/1751)
2024-03-11T03:40:47.4795053Z Receiving objects:  15% (263/1751)
2024-03-11T03:40:47.4798589Z Receiving objects:  16% (281/1751)
2024-03-11T03:40:47.4806185Z Receiving objects:  17% (298/1751)
2024-03-11T03:40:47.4810092Z Receiving objects:  18% (316/1751)
2024-03-11T03:40:47.4815484Z Receiving objects:  19% (333/1751)
2024-03-11T03:40:47.4818932Z Receiving objects:  20% (351/1751)
2024-03-11T03:40:47.4823491Z Receiving objects:  21% (368/1751)
2024-03-11T03:40:47.4826423Z Receiving objects:  22% (386/1751)
2024-03-11T03:40:47.4829306Z Receiving objects:  23% (403/1751)
2024-03-11T03:40:47.4832330Z Receiving objects:  24% (421/1751)
2024-03-11T03:40:47.4835520Z Receiving objects:  25% (438/1751)
2024-03-11T03:40:47.4836604Z Receiving objects:  26% (456/1751)
2024-03-11T03:40:47.4840922Z Receiving objects:  27% (473/1751)
2024-03-11T03:40:47.4842121Z Receiving objects:  28% (491/1751)
2024-03-11T03:40:47.4844570Z Receiving objects:  29% (508/1751)
2024-03-11T03:40:47.4848689Z Receiving objects:  30% (526/1751)
2024-03-11T03:40:47.4850906Z Receiving objects:  31% (543/1751)
2024-03-11T03:40:47.4853295Z Receiving objects:  32% (561/1751)
2024-03-11T03:40:47.4855645Z Receiving objects:  33% (578/1751)
2024-03-11T03:40:47.4857075Z Receiving objects:  34% (596/1751)
2024-03-11T03:40:47.4859047Z Receiving objects:  35% (613/1751)
2024-03-11T03:40:47.4863088Z Receiving objects:  36% (631/1751)
2024-03-11T03:40:47.4865591Z Receiving objects:  37% (648/1751)
2024-03-11T03:40:47.4866800Z Receiving objects:  38% (666/1751)
2024-03-11T03:40:47.4869877Z Receiving objects:  39% (683/1751)
2024-03-11T03:40:47.4872367Z Receiving objects:  40% (701/1751)
2024-03-11T03:40:47.4875124Z Receiving objects:  41% (718/1751)
2024-03-11T03:40:47.4877413Z Receiving objects:  42% (736/1751)
2024-03-11T03:40:47.4880714Z Receiving objects:  43% (753/1751)
2024-03-11T03:40:47.4884193Z Receiving objects:  44% (771/1751)
2024-03-11T03:40:47.4886315Z Receiving objects:  45% (788/1751)
2024-03-11T03:40:47.4888912Z Receiving objects:  46% (806/1751)
2024-03-11T03:40:47.4891006Z Receiving objects:  47% (823/1751)
2024-03-11T03:40:47.4894455Z Receiving objects:  48% (841/1751)
2024-03-11T03:40:47.4896666Z Receiving objects:  49% (858/1751)
2024-03-11T03:40:47.4898721Z Receiving objects:  50% (876/1751)
2024-03-11T03:40:47.4899804Z Receiving objects:  51% (894/1751)
2024-03-11T03:40:47.4903318Z Receiving objects:  52% (911/1751)
2024-03-11T03:40:47.4908259Z Receiving objects:  53% (929/1751)
2024-03-11T03:40:47.4911953Z Receiving objects:  54% (946/1751)
2024-03-11T03:40:47.4919623Z Receiving objects:  55% (964/1751)
2024-03-11T03:40:47.4923063Z Receiving objects:  56% (981/1751)
2024-03-11T03:40:47.4925246Z Receiving objects:  57% (999/1751)
2024-03-11T03:40:47.4927641Z Receiving objects:  58% (1016/1751)
2024-03-11T03:40:47.4928828Z Receiving objects:  59% (1034/1751)
2024-03-11T03:40:47.4931274Z Receiving objects:  60% (1051/1751)
2024-03-11T03:40:47.4932424Z Receiving objects:  61% (1069/1751)
2024-03-11T03:40:47.4934886Z Receiving objects:  62% (1086/1751)
2024-03-11T03:40:47.4935952Z Receiving objects:  63% (1104/1751)
2024-03-11T03:40:47.4937471Z Receiving objects:  64% (1121/1751)
2024-03-11T03:40:47.4940503Z Receiving objects:  65% (1139/1751)
2024-03-11T03:40:47.4942304Z Receiving objects:  66% (1156/1751)
2024-03-11T03:40:47.4944573Z Receiving objects:  67% (1174/1751)
2024-03-11T03:40:47.4945611Z Receiving objects:  68% (1191/1751)
2024-03-11T03:40:47.4948480Z Receiving objects:  69% (1209/1751)
2024-03-11T03:40:47.4949680Z Receiving objects:  70% (1226/1751)
2024-03-11T03:40:47.4957547Z Receiving objects:  71% (1244/1751)
2024-03-11T03:40:47.4969563Z Receiving objects:  72% (1261/1751)
2024-03-11T03:40:47.4973043Z Receiving objects:  73% (1279/1751)
2024-03-11T03:40:47.4977630Z Receiving objects:  74% (1296/1751)
2024-03-11T03:40:47.5102826Z Receiving objects:  75% (1314/1751)
2024-03-11T03:40:47.5229199Z Receiving objects:  76% (1331/1751)
2024-03-11T03:40:47.5312950Z Receiving objects:  77% (1349/1751)
2024-03-11T03:40:47.5461842Z Receiving objects:  78% (1366/1751)
2024-03-11T03:40:47.5607424Z Receiving objects:  79% (1384/1751)
2024-03-11T03:40:47.5786257Z Receiving objects:  80% (1401/1751)
2024-03-11T03:40:47.5790934Z Receiving objects:  81% (1419/1751)
2024-03-11T03:40:47.5793584Z Receiving objects:  82% (1436/1751)
2024-03-11T03:40:47.5796919Z Receiving objects:  83% (1454/1751)
2024-03-11T03:40:47.5801235Z Receiving objects:  84% (1471/1751)
2024-03-11T03:40:47.5806052Z Receiving objects:  85% (1489/1751)
2024-03-11T03:40:47.5812020Z Receiving objects:  86% (1506/1751)
2024-03-11T03:40:47.5819474Z Receiving objects:  87% (1524/1751)
2024-03-11T03:40:47.5824040Z Receiving objects:  88% (1541/1751)
2024-03-11T03:40:47.5829337Z Receiving objects:  89% (1559/1751)
2024-03-11T03:40:47.5835622Z Receiving objects:  90% (1576/1751)
2024-03-11T03:40:47.5841590Z Receiving objects:  91% (1594/1751)
2024-03-11T03:40:47.5847144Z Receiving objects:  92% (1611/1751)
2024-03-11T03:40:47.5851608Z Receiving objects:  93% (1629/1751)
2024-03-11T03:40:47.5855835Z Receiving objects:  94% (1646/1751)
2024-03-11T03:40:47.5859408Z Receiving objects:  95% (1664/1751)
2024-03-11T03:40:47.5862029Z Receiving objects:  96% (1681/1751)
2024-03-11T03:40:47.5871446Z Receiving objects:  97% (1699/1751)
2024-03-11T03:40:47.5879516Z Receiving objects:  98% (1716/1751)
2024-03-11T03:40:47.5895150Z Receiving objects:  99% (1734/1751)
2024-03-11T03:40:47.5896764Z remote: Total 1751 (delta 279), reused 986 (delta 143), pack-reused 0        
2024-03-11T03:40:47.5904050Z Receiving objects: 100% (1751/1751)
2024-03-11T03:40:47.5905189Z Receiving objects: 100% (1751/1751), 6.60 MiB | 30.73 MiB/s, done.
2024-03-11T03:40:47.5919381Z Resolving deltas:   0% (0/279)
2024-03-11T03:40:47.5920114Z Resolving deltas:   1% (3/279)
2024-03-11T03:40:47.5920846Z Resolving deltas:   2% (6/279)
2024-03-11T03:40:47.5921474Z Resolving deltas:   3% (9/279)
2024-03-11T03:40:47.5922111Z Resolving deltas:   4% (12/279)
2024-03-11T03:40:47.5923046Z Resolving deltas:   5% (14/279)
2024-03-11T03:40:47.5923677Z Resolving deltas:   6% (17/279)
2024-03-11T03:40:47.5924314Z Resolving deltas:   7% (20/279)
2024-03-11T03:40:47.5924962Z Resolving deltas:   8% (23/279)
2024-03-11T03:40:47.5925381Z Resolving deltas:   9% (26/279)
2024-03-11T03:40:47.5925776Z Resolving deltas:  10% (28/279)
2024-03-11T03:40:47.5926200Z Resolving deltas:  11% (32/279)
2024-03-11T03:40:47.5933762Z Resolving deltas:  12% (34/279)
2024-03-11T03:40:47.5934430Z Resolving deltas:  13% (37/279)
2024-03-11T03:40:47.5935743Z Resolving deltas:  14% (40/279)
2024-03-11T03:40:47.5938144Z Resolving deltas:  15% (42/279)
2024-03-11T03:40:47.5939304Z Resolving deltas:  16% (45/279)
2024-03-11T03:40:47.5940887Z Resolving deltas:  17% (48/279)
2024-03-11T03:40:47.5942570Z Resolving deltas:  18% (51/279)
2024-03-11T03:40:47.5943976Z Resolving deltas:  19% (54/279)
2024-03-11T03:40:47.5946223Z Resolving deltas:  20% (56/279)
2024-03-11T03:40:47.5947120Z Resolving deltas:  21% (59/279)
2024-03-11T03:40:47.5951792Z Resolving deltas:  22% (62/279)
2024-03-11T03:40:47.5959676Z Resolving deltas:  23% (65/279)
2024-03-11T03:40:47.5963475Z Resolving deltas:  24% (67/279)
2024-03-11T03:40:47.5965019Z Resolving deltas:  25% (70/279)
2024-03-11T03:40:47.5966977Z Resolving deltas:  26% (73/279)
2024-03-11T03:40:47.5967587Z Resolving deltas:  27% (76/279)
2024-03-11T03:40:47.5968370Z Resolving deltas:  28% (79/279)
2024-03-11T03:40:47.5968998Z Resolving deltas:  29% (81/279)
2024-03-11T03:40:47.5969580Z Resolving deltas:  30% (84/279)
2024-03-11T03:40:47.5970451Z Resolving deltas:  31% (87/279)
2024-03-11T03:40:47.5971202Z Resolving deltas:  32% (90/279)
2024-03-11T03:40:47.5971878Z Resolving deltas:  33% (93/279)
2024-03-11T03:40:47.5972779Z Resolving deltas:  34% (95/279)
2024-03-11T03:40:47.5973533Z Resolving deltas:  35% (98/279)
2024-03-11T03:40:47.5974121Z Resolving deltas:  36% (101/279)
2024-03-11T03:40:47.5975020Z Resolving deltas:  37% (104/279)
2024-03-11T03:40:47.5975762Z Resolving deltas:  38% (107/279)
2024-03-11T03:40:47.5976340Z Resolving deltas:  39% (109/279)
2024-03-11T03:40:47.5977186Z Resolving deltas:  40% (112/279)
2024-03-11T03:40:47.5977925Z Resolving deltas:  41% (115/279)
2024-03-11T03:40:47.5978637Z Resolving deltas:  42% (118/279)
2024-03-11T03:40:47.5979462Z Resolving deltas:  43% (120/279)
2024-03-11T03:40:47.5980185Z Resolving deltas:  44% (123/279)
2024-03-11T03:40:47.5980873Z Resolving deltas:  45% (126/279)
2024-03-11T03:40:47.5981731Z Resolving deltas:  46% (129/279)
2024-03-11T03:40:47.5982469Z Resolving deltas:  47% (132/279)
2024-03-11T03:40:47.5983133Z Resolving deltas:  48% (134/279)
2024-03-11T03:40:47.5983893Z Resolving deltas:  49% (137/279)
2024-03-11T03:40:47.5984524Z Resolving deltas:  50% (140/279)
2024-03-11T03:40:47.5985116Z Resolving deltas:  51% (144/279)
2024-03-11T03:40:47.5986164Z Resolving deltas:  52% (146/279)
2024-03-11T03:40:47.5986827Z Resolving deltas:  53% (148/279)
2024-03-11T03:40:47.5987397Z Resolving deltas:  54% (151/279)
2024-03-11T03:40:47.5988127Z Resolving deltas:  55% (154/279)
2024-03-11T03:40:47.5988765Z Resolving deltas:  56% (157/279)
2024-03-11T03:40:47.5989328Z Resolving deltas:  57% (160/279)
2024-03-11T03:40:47.5990017Z Resolving deltas:  58% (162/279)
2024-03-11T03:40:47.5990658Z Resolving deltas:  59% (165/279)
2024-03-11T03:40:47.5991219Z Resolving deltas:  60% (168/279)
2024-03-11T03:40:47.5991925Z Resolving deltas:  61% (171/279)
2024-03-11T03:40:47.5992563Z Resolving deltas:  62% (173/279)
2024-03-11T03:40:47.5993127Z Resolving deltas:  63% (176/279)
2024-03-11T03:40:47.5993842Z Resolving deltas:  64% (179/279)
2024-03-11T03:40:47.5994453Z Resolving deltas:  65% (182/279)
2024-03-11T03:40:47.5995014Z Resolving deltas:  66% (185/279)
2024-03-11T03:40:47.5995728Z Resolving deltas:  67% (187/279)
2024-03-11T03:40:47.5996350Z Resolving deltas:  68% (190/279)
2024-03-11T03:40:47.5996909Z Resolving deltas:  69% (193/279)
2024-03-11T03:40:47.5997642Z Resolving deltas:  70% (196/279)
2024-03-11T03:40:47.5998249Z Resolving deltas:  71% (199/279)
2024-03-11T03:40:47.5998855Z Resolving deltas:  72% (201/279)
2024-03-11T03:40:47.5999534Z Resolving deltas:  73% (204/279)
2024-03-11T03:40:47.6000139Z Resolving deltas:  74% (207/279)
2024-03-11T03:40:47.6000761Z Resolving deltas:  75% (210/279)
2024-03-11T03:40:47.6001407Z Resolving deltas:  76% (213/279)
2024-03-11T03:40:47.6002021Z Resolving deltas:  77% (215/279)
2024-03-11T03:40:47.6002978Z Resolving deltas:  78% (218/279)
2024-03-11T03:40:47.6003726Z Resolving deltas:  79% (221/279)
2024-03-11T03:40:47.6004348Z Resolving deltas:  80% (225/279)
2024-03-11T03:40:47.6004996Z Resolving deltas:  81% (226/279)
2024-03-11T03:40:47.6005663Z Resolving deltas:  82% (229/279)
2024-03-11T03:40:47.6006271Z Resolving deltas:  83% (232/279)
2024-03-11T03:40:47.6006903Z Resolving deltas:  84% (235/279)
2024-03-11T03:40:47.6007567Z Resolving deltas:  85% (238/279)
2024-03-11T03:40:47.6013252Z Resolving deltas:  86% (240/279)
2024-03-11T03:40:47.6015623Z Resolving deltas:  87% (243/279)
2024-03-11T03:40:47.6016466Z Resolving deltas:  88% (246/279)
2024-03-11T03:40:47.6017066Z Resolving deltas:  89% (249/279)
2024-03-11T03:40:47.6018277Z Resolving deltas:  90% (252/279)
2024-03-11T03:40:47.6019106Z Resolving deltas:  91% (254/279)
2024-03-11T03:40:47.6019795Z Resolving deltas:  92% (257/279)
2024-03-11T03:40:47.6021988Z Resolving deltas:  93% (260/279)
2024-03-11T03:40:47.6024051Z Resolving deltas:  94% (263/279)
2024-03-11T03:40:47.6025935Z Resolving deltas:  95% (266/279)
2024-03-11T03:40:47.6026762Z Resolving deltas:  96% (268/279)
2024-03-11T03:40:47.6029079Z Resolving deltas:  97% (272/279)
2024-03-11T03:40:47.6030917Z Resolving deltas:  98% (275/279)
2024-03-11T03:40:47.6036264Z Resolving deltas:  99% (277/279)
2024-03-11T03:40:47.6036815Z Resolving deltas: 100% (279/279)
2024-03-11T03:40:47.6037261Z Resolving deltas: 100% (279/279), done.
2024-03-11T03:40:47.6176157Z From https://github.com/rubyforgood/human-essentials
2024-03-11T03:40:47.6177144Z  * [new ref]         02b377ea0a5593a36e406f6396ad9b7ffc7c6ed9 -> pull/4182/merge
2024-03-11T03:40:47.6203113Z ##[endgroup]
2024-03-11T03:40:47.6204311Z ##[group]Determining the checkout info
2024-03-11T03:40:47.6205510Z ##[endgroup]
2024-03-11T03:40:47.6206573Z ##[group]Checking out the ref
2024-03-11T03:40:47.6210933Z [command]/usr/bin/git checkout --progress --force refs/remotes/pull/4182/merge
2024-03-11T03:40:47.7571909Z Note: switching to 'refs/remotes/pull/4182/merge'.
2024-03-11T03:40:47.7572604Z 
2024-03-11T03:40:47.7573467Z You are in 'detached HEAD' state. You can look around, make experimental
2024-03-11T03:40:47.7575389Z changes and commit them, and you can discard any commits you make in this
2024-03-11T03:40:47.7576915Z state without impacting any branches by switching back to a branch.
2024-03-11T03:40:47.7577785Z 
2024-03-11T03:40:47.7578811Z If you want to create a new branch to retain commits you create, you may
2024-03-11T03:40:47.7580698Z do so (now or later) by using -c with the switch command. Example:
2024-03-11T03:40:47.7581560Z 
2024-03-11T03:40:47.7582051Z   git switch -c <new-branch-name>
2024-03-11T03:40:47.7582589Z 
2024-03-11T03:40:47.7582842Z Or undo this operation with:
2024-03-11T03:40:47.7583360Z 
2024-03-11T03:40:47.7583751Z   git switch -
2024-03-11T03:40:47.7584143Z 
2024-03-11T03:40:47.7584749Z Turn off this advice by setting config variable advice.detachedHead to false
2024-03-11T03:40:47.7585538Z 
2024-03-11T03:40:47.7586537Z HEAD is now at 02b377e Merge ad5d9a8d102e829aed762a3786f2efb18f17a5fc into 449d8506f768bf1894e05c17983a13da27472321
2024-03-11T03:40:47.7588534Z ##[endgroup]
2024-03-11T03:40:47.7632578Z [command]/usr/bin/git log -1 --format='%H'
2024-03-11T03:40:47.7668461Z '02b377ea0a5593a36e406f6396ad9b7ffc7c6ed9'
2024-03-11T03:40:47.7974436Z ##[group]Run ruby/setup-ruby@v1
2024-03-11T03:40:47.7974850Z with:
2024-03-11T03:40:47.7975249Z   bundler-cache: true
2024-03-11T03:40:47.7975628Z   ruby-version: default
2024-03-11T03:40:47.7975937Z ##[endgroup]
2024-03-11T03:40:47.9928035Z Using 3.2.2 as input from file .ruby-version
2024-03-11T03:40:47.9957009Z ##[group]Modifying PATH
2024-03-11T03:40:47.9957984Z Entries added to PATH to use selected Ruby:
2024-03-11T03:40:47.9958875Z   /opt/hostedtoolcache/Ruby/3.2.2/x64/bin
2024-03-11T03:40:47.9960142Z ##[endgroup]
2024-03-11T03:40:47.9983830Z ##[group]Downloading Ruby
2024-03-11T03:40:47.9986348Z https://github.com/ruby/ruby-builder/releases/download/toolcache/ruby-3.2.2-ubuntu-22.04.tar.gz
2024-03-11T03:40:48.4247542Z Took   0.43 seconds
2024-03-11T03:40:48.4250367Z ##[endgroup]
2024-03-11T03:40:48.4252066Z ##[group]Extracting  Ruby
2024-03-11T03:40:48.4286090Z [command]/usr/bin/tar -xz -C /opt/hostedtoolcache/Ruby/3.2.2 -f /home/runner/work/_temp/271360ed-e6e0-4541-a687-15a937b296f3
2024-03-11T03:40:48.8239555Z Took   0.40 seconds
2024-03-11T03:40:48.8240678Z ##[endgroup]
2024-03-11T03:40:48.8241995Z ##[group]Print Ruby version
2024-03-11T03:40:48.8255363Z [command]/opt/hostedtoolcache/Ruby/3.2.2/x64/bin/ruby --version
2024-03-11T03:40:48.8496876Z ruby 3.2.2 (2023-03-30 revision e51014f9c0) [x86_64-linux]
2024-03-11T03:40:48.8516590Z Took   0.03 seconds
2024-03-11T03:40:48.8517441Z ##[endgroup]
2024-03-11T03:40:48.8519332Z ##[group]Installing Bundler
2024-03-11T03:40:48.8527497Z Using Bundler 2.5.6 from Gemfile.lock BUNDLED WITH 2.5.6
2024-03-11T03:40:48.8532289Z [command]/opt/hostedtoolcache/Ruby/3.2.2/x64/bin/gem install bundler -v 2.5.6
2024-03-11T03:40:49.4785229Z Successfully installed bundler-2.5.6
2024-03-11T03:40:49.4786059Z 1 gem installed
2024-03-11T03:40:49.4839644Z Took   0.63 seconds
2024-03-11T03:40:49.4840869Z ##[endgroup]
2024-03-11T03:40:49.4841447Z > bundle install
2024-03-11T03:40:49.4857404Z [command]/opt/hostedtoolcache/Ruby/3.2.2/x64/bin/bundle config --local path /home/runner/work/human-essentials/human-essentials/vendor/bundle
2024-03-11T03:40:49.6328492Z [command]/opt/hostedtoolcache/Ruby/3.2.2/x64/bin/bundle config --local deployment true
2024-03-11T03:40:49.7822751Z Cache key: setup-ruby-bundler-cache-v6-ubuntu-22.04-x64-ruby-3.2.2-wd-/home/runner/work/human-essentials/human-essentials-with--without--only--Gemfile.lock-90af41cb540db2526d21e3c5cbbe531ed46bcf1ba5fdc3d9e3337dd916b92c56
2024-03-11T03:40:51.0149216Z Received 171966464 of 214817878 (80.1%), 164.0 MBs/sec
2024-03-11T03:40:51.1507567Z Cache Size: ~205 MB (214817878 B)
2024-03-11T03:40:51.1544492Z [command]/usr/bin/tar -xf /home/runner/work/_temp/95cebdd0-74bc-4295-9fa1-35a041eb9a26/cache.tzst -P -C /home/runner/work/human-essentials/human-essentials --use-compress-program unzstd
2024-03-11T03:40:52.0163931Z Received 214817878 of 214817878 (100.0%), 102.3 MBs/sec
2024-03-11T03:40:52.8571232Z Cache restored successfully
2024-03-11T03:40:52.9030334Z Found cache for key: setup-ruby-bundler-cache-v6-ubuntu-22.04-x64-ruby-3.2.2-wd-/home/runner/work/human-essentials/human-essentials-with--without--only--Gemfile.lock-90af41cb540db2526d21e3c5cbbe531ed46bcf1ba5fdc3d9e3337dd916b92c56
2024-03-11T03:40:52.9039834Z [command]/opt/hostedtoolcache/Ruby/3.2.2/x64/bin/bundle install --jobs 4
2024-03-11T03:40:53.3153109Z Bundle complete! 85 Gemfile dependencies, 246 gems now installed.
2024-03-11T03:40:53.3154619Z Bundled gems are installed into `./vendor/bundle`
2024-03-11T03:40:53.3202940Z Took   3.84 seconds
2024-03-11T03:40:53.3404143Z ##[group]Run sudo apt-get -yqq install libpq-dev
2024-03-11T03:40:53.3404835Z [36;1msudo apt-get -yqq install libpq-dev[0m
2024-03-11T03:40:53.3472053Z shell: /usr/bin/bash -e {0}
2024-03-11T03:40:53.3472477Z ##[endgroup]
2024-03-11T03:41:00.8640624Z ##[group]Run bundle exec rake db:create
2024-03-11T03:41:00.8641250Z [36;1mbundle exec rake db:create[0m
2024-03-11T03:41:00.8641725Z [36;1mbundle exec rake db:schema:load[0m
2024-03-11T03:41:00.8642226Z [36;1mbundle exec rails assets:precompile[0m
2024-03-11T03:41:00.8692376Z shell: /usr/bin/bash -e {0}
2024-03-11T03:41:00.8692880Z env:
2024-03-11T03:41:00.8693237Z   POSTGRES_HOST: localhost
2024-03-11T03:41:00.8693624Z   DATABASE_HOST: localhost
2024-03-11T03:41:00.8694259Z   PG_USERNAME: postgres
2024-03-11T03:41:00.8694644Z   PG_PASSWORD: password
2024-03-11T03:41:00.8694992Z   POSTGRES_HOST_AUTH_METHOD: trust
2024-03-11T03:41:00.8695638Z   POSTGRES_PORT: 5432
2024-03-11T03:41:00.8696023Z   RAILS_ENV: test
2024-03-11T03:41:00.8696436Z ##[endgroup]
2024-03-11T03:41:07.4897903Z We could not find your database: diaper_test. Which can be found in the database configuration file located at config/database.yml.
2024-03-11T03:41:07.4899363Z 
2024-03-11T03:41:07.4899740Z To resolve this issue:
2024-03-11T03:41:07.4900089Z 
2024-03-11T03:41:07.4901053Z - Did you create the database for this app, or delete it? You may need to create your database.
2024-03-11T03:41:07.4902776Z - Has the database name changed? Check your database.yml config has the correct database name.
2024-03-11T03:41:07.4903646Z 
2024-03-11T03:41:07.4903944Z To create your database, run:
2024-03-11T03:41:07.4904332Z 
2024-03-11T03:41:07.4904528Z         bin/rails db:create
2024-03-11T03:41:07.4905490Z . You likely need to run `rails g flipper:active_record` and/or `rails db:migrate`.
2024-03-11T03:41:07.6567845Z Created database 'diaper_test'
2024-03-11T03:41:07.9604700Z Coverage report generated for RSpec to /home/runner/work/human-essentials/human-essentials/coverage. 438 / 10002 LOC (4.38%) covered.
2024-03-11T03:41:14.3935344Z PG::UndefinedTable: ERROR:  relation "flipper_gates" does not exist
2024-03-11T03:41:14.3936420Z LINE 9:  WHERE a.attrelid = '"flipper_gates"'::regclass
2024-03-11T03:41:14.3936955Z                             ^
2024-03-11T03:41:14.3937704Z . You likely need to run `rails g flipper:active_record` and/or `rails db:migrate`.
2024-03-11T03:41:15.2189871Z Coverage report generated for RSpec to /home/runner/work/human-essentials/human-essentials/coverage. 438 / 10002 LOC (4.38%) covered.
2024-03-11T03:41:49.1764946Z W, [2024-03-10T20:41:49.176118 #2508]  WARN -- : Removed sourceMappingURL comment for missing asset 'adminlte.js.map' from /home/runner/work/human-essentials/human-essentials/app/javascript/adminlte.js
2024-03-11T03:41:49.2383882Z I, [2024-03-10T20:41:49.238080 #2508]  INFO -- : Writing /home/runner/work/human-essentials/human-essentials/public/assets/manifest-90aab26ade71e747f745b1227b433fd7d580a54f279ee2be6e1a67bb326bf03a.js
2024-03-11T03:41:49.2387875Z I, [2024-03-10T20:41:49.238405 #2508]  INFO -- : Writing /home/runner/work/human-essentials/human-essentials/public/assets/manifest-90aab26ade71e747f745b1227b433fd7d580a54f279ee2be6e1a67bb326bf03a.js.gz
2024-03-11T03:41:49.2392132Z I, [2024-03-10T20:41:49.238595 #2508]  INFO -- : Writing /home/runner/work/human-essentials/human-essentials/public/assets/filterrific/filterrific-spinner-415824b210964b6cdb1db0bd9508be8644b9fde094b392f73055b20d369885b6.gif
2024-03-11T03:41:49.2396225Z I, [2024-03-10T20:41:49.238907 #2508]  INFO -- : Writing /home/runner/work/human-essentials/human-essentials/public/assets/bootstrap.min-67c48d88a8e0be178058aacb338b084191ed6d65c8fef751c50248202cf1488a.js
2024-03-11T03:41:49.2400476Z I, [2024-03-10T20:41:49.239296 #2508]  INFO -- : Writing /home/runner/work/human-essentials/human-essentials/public/assets/bootstrap.min-67c48d88a8e0be178058aacb338b084191ed6d65c8fef751c50248202cf1488a.js.gz
2024-03-11T03:41:49.2404018Z I, [2024-03-10T20:41:49.239703 #2508]  INFO -- : Writing /home/runner/work/human-essentials/human-essentials/public/assets/DiaperBase-Logo-f18172876cab49a451ca9c3178b578ab2019e03f111a6b6f3ba0c1b40b3d7c0c.png
2024-03-11T03:41:49.2408533Z I, [2024-03-10T20:41:49.240332 #2508]  INFO -- : Writing /home/runner/work/human-essentials/human-essentials/public/assets/Just-Diaper-05bf6a1b70ccad149eb4eca7b5f9fcca1f9c37bab1f8e5edb6798d66c903ba53.svg
2024-03-11T03:41:49.2413995Z I, [2024-03-10T20:41:49.240601 #2508]  INFO -- : Writing /home/runner/work/human-essentials/human-essentials/public/assets/Just-Diaper-05bf6a1b70ccad149eb4eca7b5f9fcca1f9c37bab1f8e5edb6798d66c903ba53.svg.gz
2024-03-11T03:41:49.2417872Z I, [2024-03-10T20:41:49.240723 #2508]  INFO -- : Writing /home/runner/work/human-essentials/human-essentials/public/assets/barcode-932aed25f5c148b36882be3bfb6696ecdd362ba0a709ff0674a10477f2aad8f3.svg
2024-03-11T03:41:49.2421725Z I, [2024-03-10T20:41:49.240850 #2508]  INFO -- : Writing /home/runner/work/human-essentials/human-essentials/public/assets/barcode-932aed25f5c148b36882be3bfb6696ecdd362ba0a709ff0674a10477f2aad8f3.svg.gz
2024-03-11T03:41:49.2425418Z I, [2024-03-10T20:41:49.240956 #2508]  INFO -- : Writing /home/runner/work/human-essentials/human-essentials/public/assets/bars-db7a0aaf1cd735270b170cba53dca71c75473940ab48639c609a72964eb92f4d.svg
2024-03-11T03:41:49.2429141Z I, [2024-03-10T20:41:49.241050 #2508]  INFO -- : Writing /home/runner/work/human-essentials/human-essentials/public/assets/bars-db7a0aaf1cd735270b170cba53dca71c75473940ab48639c609a72964eb92f4d.svg.gz
2024-03-11T03:41:49.2433871Z I, [2024-03-10T20:41:49.241377 #2508]  INFO -- : Writing /home/runner/work/human-essentials/human-essentials/public/assets/blue@2x-709ca6c252f762af1e5efb0ef1e7444a712cb0ec010fee01749b67a595a7c0c6.png
2024-03-11T03:41:49.2437612Z I, [2024-03-10T20:41:49.241553 #2508]  INFO -- : Writing /home/runner/work/human-essentials/human-essentials/public/assets/boxed-bg-6c60c3f8655fa4062631bbe1434face4fe3d70392159e976ec09ca6ad9330e7d.jpg
2024-03-11T03:41:49.2441453Z I, [2024-03-10T20:41:49.241715 #2508]  INFO -- : Writing /home/runner/work/human-essentials/human-essentials/public/assets/boxed-bg-eb7b1fa0c09f5ef599fc5138e33168827f2ec4e1f796cf8a78570d8a73a58190.png
2024-03-11T03:41:49.2453267Z I, [2024-03-10T20:41:49.241865 #2508]  INFO -- : Writing /home/runner/work/human-essentials/human-essentials/public/assets/dashboard-image-3db42e909886dffccb680715feccab83cc867b4581b0009558e746364e2ec332.svg
2024-03-11T03:41:49.2457338Z I, [2024-03-10T20:41:49.241967 #2508]  INFO -- : Writing /home/runner/work/human-essentials/human-essentials/public/assets/dashboard-image-3db42e909886dffccb680715feccab83cc867b4581b0009558e746364e2ec332.svg.gz
2024-03-11T03:41:49.2460939Z I, [2024-03-10T20:41:49.242070 #2508]  INFO -- : Writing /home/runner/work/human-essentials/human-essentials/public/assets/forecasting-32dffccc42e6c09203d36acbc2243b4bc746dc2f1198c1ff43def4bb48e335b2.svg
2024-03-11T03:41:49.2464477Z I, [2024-03-10T20:41:49.242168 #2508]  INFO -- : Writing /home/runner/work/human-essentials/human-essentials/public/assets/forecasting-32dffccc42e6c09203d36acbc2243b4bc746dc2f1198c1ff43def4bb48e335b2.svg.gz
2024-03-11T03:41:49.2467860Z I, [2024-03-10T20:41:49.242270 #2508]  INFO -- : Writing /home/runner/work/human-essentials/human-essentials/public/assets/hero-image-0ba273def6de748beb2a64206e115d8e4a109ad51ef255512f4c6522e5b9225b.svg
2024-03-11T03:41:49.2471490Z I, [2024-03-10T20:41:49.242502 #2508]  INFO -- : Writing /home/runner/work/human-essentials/human-essentials/public/assets/hero-image-0ba273def6de748beb2a64206e115d8e4a109ad51ef255512f4c6522e5b9225b.svg.gz
2024-03-11T03:41:49.2473989Z I, [2024-03-10T20:41:49.242607 #2508]  INFO -- : Writing /home/runner/work/human-essentials/human-essentials/public/assets/inventory-image-3d91fc8087e13632114d9d129a680b992e02aae297b2bf180089cd55792249b2.svg
2024-03-11T03:41:49.2476097Z I, [2024-03-10T20:41:49.242714 #2508]  INFO -- : Writing /home/runner/work/human-essentials/human-essentials/public/assets/inventory-image-3d91fc8087e13632114d9d129a680b992e02aae297b2bf180089cd55792249b2.svg.gz
2024-03-11T03:41:49.2478303Z I, [2024-03-10T20:41:49.242830 #2508]  INFO -- : Writing /home/runner/work/human-essentials/human-essentials/public/assets/partner-management-c2cd4a940d1cf59f66928bc5097b4d4528b6de95abcc66421edf341c59311d40.svg
2024-03-11T03:41:49.2480529Z I, [2024-03-10T20:41:49.242969 #2508]  INFO -- : Writing /home/runner/work/human-essentials/human-essentials/public/assets/partner-management-c2cd4a940d1cf59f66928bc5097b4d4528b6de95abcc66421edf341c59311d40.svg.gz
2024-03-11T03:41:49.2482955Z I, [2024-03-10T20:41:49.244894 #2508]  INFO -- : Writing /home/runner/work/human-essentials/human-essentials/public/assets/quote-e4395f28913ad7b7785c522f0b6f2363a960720cf3bc26705438f6efb55edb7d.svg
2024-03-11T03:41:49.2486636Z I, [2024-03-10T20:41:49.248284 #2508]  INFO -- : Writing /home/runner/work/human-essentials/human-essentials/public/assets/quote-e4395f28913ad7b7785c522f0b6f2363a960720cf3bc26705438f6efb55edb7d.svg.gz
2024-03-11T03:41:49.2490427Z I, [2024-03-10T20:41:49.248434 #2508]  INFO -- : Writing /home/runner/work/human-essentials/human-essentials/public/assets/report-image-a9fc71739eca5457d288f1c234a0d84237ba8eef8bd20a9935bd45d84d03ae6b.svg
2024-03-11T03:41:49.2494263Z I, [2024-03-10T20:41:49.248558 #2508]  INFO -- : Writing /home/runner/work/human-essentials/human-essentials/public/assets/report-image-a9fc71739eca5457d288f1c234a0d84237ba8eef8bd20a9935bd45d84d03ae6b.svg.gz
2024-03-11T03:41:49.2498307Z I, [2024-03-10T20:41:49.248675 #2508]  INFO -- : Writing /home/runner/work/human-essentials/human-essentials/public/assets/test-only-background-c4843e992a593298a8c43815c8950b766061a96fd7d3e92838354914c41d7243.jpg
2024-03-11T03:41:49.2502170Z I, [2024-03-10T20:41:49.248841 #2508]  INFO -- : Writing /home/runner/work/human-essentials/human-essentials/public/assets/AdminLTE-9d75f9bf2ec81bc0a0de450227ed6268dad2cd66401439503c18d3241dfb241d.css
2024-03-11T03:41:49.2506006Z I, [2024-03-10T20:41:49.248929 #2508]  INFO -- : Writing /home/runner/work/human-essentials/human-essentials/public/assets/AdminLTE-9d75f9bf2ec81bc0a0de450227ed6268dad2cd66401439503c18d3241dfb241d.css.gz
2024-03-11T03:41:49.2509704Z I, [2024-03-10T20:41:49.249033 #2508]  INFO -- : Writing /home/runner/work/human-essentials/human-essentials/public/assets/_colors-04024382391bb910584145d8113cf35ef376b55d125bb4516cebeb14ce788597.css
2024-03-11T03:41:49.2513294Z I, [2024-03-10T20:41:49.249117 #2508]  INFO -- : Writing /home/runner/work/human-essentials/human-essentials/public/assets/_colors-04024382391bb910584145d8113cf35ef376b55d125bb4516cebeb14ce788597.css.gz
2024-03-11T03:41:49.2517238Z I, [2024-03-10T20:41:49.249223 #2508]  INFO -- : Writing /home/runner/work/human-essentials/human-essentials/public/assets/application-c21613708cb0f40361dc08d066cb68c559e4b3982f802956f4439959cad9af23.css
2024-03-11T03:41:49.2520976Z I, [2024-03-10T20:41:49.249306 #2508]  INFO -- : Writing /home/runner/work/human-essentials/human-essentials/public/assets/application-c21613708cb0f40361dc08d066cb68c559e4b3982f802956f4439959cad9af23.css.gz
2024-03-11T03:41:49.2525183Z I, [2024-03-10T20:41:49.249405 #2508]  INFO -- : Writing /home/runner/work/human-essentials/human-essentials/public/assets/test-only-background-c4843e992a593298a8c43815c8950b766061a96fd7d3e92838354914c41d7243.jpg
2024-03-11T03:41:49.2528981Z I, [2024-03-10T20:41:49.249558 #2508]  INFO -- : Writing /home/runner/work/human-essentials/human-essentials/public/assets/audits-83372b845d8a4887e7e4d2315cf3c85ea60ef94ca0ec4774dfbcd3cf569c616c.css
2024-03-11T03:41:49.2532542Z I, [2024-03-10T20:41:49.249642 #2508]  INFO -- : Writing /home/runner/work/human-essentials/human-essentials/public/assets/audits-83372b845d8a4887e7e4d2315cf3c85ea60ef94ca0ec4774dfbcd3cf569c616c.css.gz
2024-03-11T03:41:49.2536672Z I, [2024-03-10T20:41:49.249751 #2508]  INFO -- : Writing /home/runner/work/human-essentials/human-essentials/public/assets/barcode_reader-3799c29218802c1dbba4c700f3863ec24505a9e3e7b54d36282fff667d7c94ca.css
2024-03-11T03:41:49.2540474Z I, [2024-03-10T20:41:49.249828 #2508]  INFO -- : Writing /home/runner/work/human-essentials/human-essentials/public/assets/barcode_reader-3799c29218802c1dbba4c700f3863ec24505a9e3e7b54d36282fff667d7c94ca.css.gz
2024-03-11T03:41:49.2544462Z I, [2024-03-10T20:41:49.249931 #2508]  INFO -- : Writing /home/runner/work/human-essentials/human-essentials/public/assets/custom-4ac26623bf6f4d95aa1164e1ad4d6cbb2bb8dda4af8e4a2f1b4368bc92491085.css
2024-03-11T03:41:49.2548180Z I, [2024-03-10T20:41:49.250006 #2508]  INFO -- : Writing /home/runner/work/human-essentials/human-essentials/public/assets/custom-4ac26623bf6f4d95aa1164e1ad4d6cbb2bb8dda4af8e4a2f1b4368bc92491085.css.gz
2024-03-11T03:41:49.2552029Z I, [2024-03-10T20:41:49.250109 #2508]  INFO -- : Writing /home/runner/work/human-essentials/human-essentials/public/assets/test-only-background-c4843e992a593298a8c43815c8950b766061a96fd7d3e92838354914c41d7243.jpg
2024-03-11T03:41:49.2555954Z I, [2024-03-10T20:41:49.250262 #2508]  INFO -- : Writing /home/runner/work/human-essentials/human-essentials/public/assets/expandable_table-cca1600cf25c44c6bea2733167509ffe9133f344e9defe984ad96bd427b29a19.css
2024-03-11T03:41:49.2559658Z I, [2024-03-10T20:41:49.250342 #2508]  INFO -- : Writing /home/runner/work/human-essentials/human-essentials/public/assets/expandable_table-cca1600cf25c44c6bea2733167509ffe9133f344e9defe984ad96bd427b29a19.css.gz
2024-03-11T03:41:49.2563726Z I, [2024-03-10T20:41:49.250448 #2508]  INFO -- : Writing /home/runner/work/human-essentials/human-essentials/public/assets/landing_page-4fe5dfcfea8b5bbd7722658652ff4ee86132a41b8aff92e9ef8b1216cb7259fa.css
2024-03-11T03:41:49.2567236Z I, [2024-03-10T20:41:49.250529 #2508]  INFO -- : Writing /home/runner/work/human-essentials/human-essentials/public/assets/landing_page-4fe5dfcfea8b5bbd7722658652ff4ee86132a41b8aff92e9ef8b1216cb7259fa.css.gz
2024-03-11T03:41:49.2570640Z I, [2024-03-10T20:41:49.250632 #2508]  INFO -- : Writing /home/runner/work/human-essentials/human-essentials/public/assets/modal-dialog-9d7ae8bb43b60ac4c7d9910700392b20618ae2db4d5db33453b157171d5e0f7d.css
2024-03-11T03:41:49.2574497Z I, [2024-03-10T20:41:49.250711 #2508]  INFO -- : Writing /home/runner/work/human-essentials/human-essentials/public/assets/modal-dialog-9d7ae8bb43b60ac4c7d9910700392b20618ae2db4d5db33453b157171d5e0f7d.css.gz
2024-03-11T03:41:49.2578135Z I, [2024-03-10T20:41:49.250812 #2508]  INFO -- : Writing /home/runner/work/human-essentials/human-essentials/public/assets/progress_stepper-7f8ef0dc05a9a00a300e56f6f3e4ccfdde4af8e392407ccc6601d60019067ccb.css
2024-03-11T03:41:49.2581604Z I, [2024-03-10T20:41:49.250892 #2508]  INFO -- : Writing /home/runner/work/human-essentials/human-essentials/public/assets/progress_stepper-7f8ef0dc05a9a00a300e56f6f3e4ccfdde4af8e392407ccc6601d60019067ccb.css.gz
2024-03-11T03:41:49.2585069Z I, [2024-03-10T20:41:49.250998 #2508]  INFO -- : Writing /home/runner/work/human-essentials/human-essentials/public/assets/transfers-c9ab43ff53dab5dc13681712afc9b6fb31d7865d5ac8c657220deff9f138fa8c.css
2024-03-11T03:41:49.2588384Z I, [2024-03-10T20:41:49.251076 #2508]  INFO -- : Writing /home/runner/work/human-essentials/human-essentials/public/assets/transfers-c9ab43ff53dab5dc13681712afc9b6fb31d7865d5ac8c657220deff9f138fa8c.css.gz
2024-03-11T03:41:49.2591687Z I, [2024-03-10T20:41:49.251182 #2508]  INFO -- : Writing /home/runner/work/human-essentials/human-essentials/public/assets/adminlte-886a0b559685ec92cd8dd4dbf957899292f9c0bd344c90c304d28973363a8eaf.js
2024-03-11T03:41:49.2594855Z I, [2024-03-10T20:41:49.251262 #2508]  INFO -- : Writing /home/runner/work/human-essentials/human-essentials/public/assets/adminlte-886a0b559685ec92cd8dd4dbf957899292f9c0bd344c90c304d28973363a8eaf.js.gz
2024-03-11T03:41:49.2598308Z I, [2024-03-10T20:41:49.251384 #2508]  INFO -- : Writing /home/runner/work/human-essentials/human-essentials/public/assets/application-f9d5a0970e6dc2d1d44ca8dfd6129e9fed2dccf1b460a6bba6eab9dd7aa61c92.js
2024-03-11T03:41:49.2601682Z I, [2024-03-10T20:41:49.251465 #2508]  INFO -- : Writing /home/runner/work/human-essentials/human-essentials/public/assets/application-f9d5a0970e6dc2d1d44ca8dfd6129e9fed2dccf1b460a6bba6eab9dd7aa61c92.js.gz
2024-03-11T03:41:49.2605534Z I, [2024-03-10T20:41:49.251578 #2508]  INFO -- : Writing /home/runner/work/human-essentials/human-essentials/public/assets/cocoon-js-vanilla-cc8e46e9b16a6217f3c14c60ca346454c9c01d8d41e5c073ae14f85fac052e96.js
2024-03-11T03:41:49.2608967Z I, [2024-03-10T20:41:49.251660 #2508]  INFO -- : Writing /home/runner/work/human-essentials/human-essentials/public/assets/cocoon-js-vanilla-cc8e46e9b16a6217f3c14c60ca346454c9c01d8d41e5c073ae14f85fac052e96.js.gz
2024-03-11T03:41:49.2612815Z I, [2024-03-10T20:41:49.251769 #2508]  INFO -- : Writing /home/runner/work/human-essentials/human-essentials/public/assets/controllers/application-368d98631bccbf2349e0d4f8269afb3fe9625118341966de054759d96ea86c7e.js
2024-03-11T03:41:49.2616826Z I, [2024-03-10T20:41:49.251842 #2508]  INFO -- : Writing /home/runner/work/human-essentials/human-essentials/public/assets/controllers/application-368d98631bccbf2349e0d4f8269afb3fe9625118341966de054759d96ea86c7e.js.gz
2024-03-11T03:41:49.2621041Z I, [2024-03-10T20:41:49.251940 #2508]  INFO -- : Writing /home/runner/work/human-essentials/human-essentials/public/assets/controllers/area_served_controller-c8c048ef9ee2d145ba8408cda63546aff8ce9170e9cafb34075ebb01b43c6c34.js
2024-03-11T03:41:49.2625199Z I, [2024-03-10T20:41:49.252013 #2508]  INFO -- : Writing /home/runner/work/human-essentials/human-essentials/public/assets/controllers/area_served_controller-c8c048ef9ee2d145ba8408cda63546aff8ce9170e9cafb34075ebb01b43c6c34.js.gz
2024-03-11T03:41:49.2629395Z I, [2024-03-10T20:41:49.252111 #2508]  INFO -- : Writing /home/runner/work/human-essentials/human-essentials/public/assets/controllers/checkbox_with_nested_element_controller-1645dd2a3a857d546354c90b0c415a9d1dd4de6974048fd41bfc1d6f45ccb3eb.js
2024-03-11T03:41:49.2633816Z I, [2024-03-10T20:41:49.252187 #2508]  INFO -- : Writing /home/runner/work/human-essentials/human-essentials/public/assets/controllers/checkbox_with_nested_element_controller-1645dd2a3a857d546354c90b0c415a9d1dd4de6974048fd41bfc1d6f45ccb3eb.js.gz
2024-03-11T03:41:49.2638240Z I, [2024-03-10T20:41:49.252395 #2508]  INFO -- : Writing /home/runner/work/human-essentials/human-essentials/public/assets/controllers/distribution_delivery_controller-89fc613f734c2b1538c1e9948abeb353ea73d22678fc08597d48fa36a70c5c51.js
2024-03-11T03:41:49.2642804Z I, [2024-03-10T20:41:49.252474 #2508]  INFO -- : Writing /home/runner/work/human-essentials/human-essentials/public/assets/controllers/distribution_delivery_controller-89fc613f734c2b1538c1e9948abeb353ea73d22678fc08597d48fa36a70c5c51.js.gz
2024-03-11T03:41:49.2647143Z I, [2024-03-10T20:41:49.252578 #2508]  INFO -- : Writing /home/runner/work/human-essentials/human-essentials/public/assets/controllers/double_select_controller-bb2e4a65f2c66cacc8ec4dd491c2233b0aac53187ebe1fbaaffedfbaf7db9099.js
2024-03-11T03:41:49.2651262Z I, [2024-03-10T20:41:49.252649 #2508]  INFO -- : Writing /home/runner/work/human-essentials/human-essentials/public/assets/controllers/double_select_controller-bb2e4a65f2c66cacc8ec4dd491c2233b0aac53187ebe1fbaaffedfbaf7db9099.js.gz
2024-03-11T03:41:49.2655575Z I, [2024-03-10T20:41:49.252745 #2508]  INFO -- : Writing /home/runner/work/human-essentials/human-essentials/public/assets/controllers/form_input_controller-819e60f823e07d8e341eac22e8a9270dc17b38010bec499e644e7e2807174b4f.js
2024-03-11T03:41:49.2659690Z I, [2024-03-10T20:41:49.252816 #2508]  INFO -- : Writing /home/runner/work/human-essentials/human-essentials/public/assets/controllers/form_input_controller-819e60f823e07d8e341eac22e8a9270dc17b38010bec499e644e7e2807174b4f.js.gz
2024-03-11T03:41:49.2663888Z I, [2024-03-10T20:41:49.252910 #2508]  INFO -- : Writing /home/runner/work/human-essentials/human-essentials/public/assets/controllers/highchart_controller-7640167d6e3481659a5ead23f046e3c6852c08e30ce8aa6f09aa5cce0f7ea02d.js
2024-03-11T03:41:49.2667987Z I, [2024-03-10T20:41:49.252982 #2508]  INFO -- : Writing /home/runner/work/human-essentials/human-essentials/public/assets/controllers/highchart_controller-7640167d6e3481659a5ead23f046e3c6852c08e30ce8aa6f09aa5cce0f7ea02d.js.gz
2024-03-11T03:41:49.2672030Z I, [2024-03-10T20:41:49.253069 #2508]  INFO -- : Writing /home/runner/work/human-essentials/human-essentials/public/assets/controllers/index-2db729dddcc5b979110e98de4b6720f83f91a123172e87281d5a58410fc43806.js
2024-03-11T03:41:49.2675769Z I, [2024-03-10T20:41:49.253136 #2508]  INFO -- : Writing /home/runner/work/human-essentials/human-essentials/public/assets/controllers/index-2db729dddcc5b979110e98de4b6720f83f91a123172e87281d5a58410fc43806.js.gz
2024-03-11T03:41:49.2678927Z I, [2024-03-10T20:41:49.253221 #2508]  INFO -- : Writing /home/runner/work/human-essentials/human-essentials/public/assets/controllers/select2_controller-13c15fa4f8996b06b43552325b12e3a14e158db06264b83cfff2e521a16fceeb.js
2024-03-11T03:41:49.2681146Z I, [2024-03-10T20:41:49.253300 #2508]  INFO -- : Writing /home/runner/work/human-essentials/human-essentials/public/assets/controllers/select2_controller-13c15fa4f8996b06b43552325b12e3a14e158db06264b83cfff2e521a16fceeb.js.gz
2024-03-11T03:41:49.2684403Z I, [2024-03-10T20:41:49.253402 #2508]  INFO -- : Writing /home/runner/work/human-essentials/human-essentials/public/assets/controllers/served_area_controller-37738489813fc06349f3fb1bc7abc5d5493318ce553f1bebbfa1f8fe06ebfb4a.js
2024-03-11T03:41:49.2688779Z I, [2024-03-10T20:41:49.253471 #2508]  INFO -- : Writing /home/runner/work/human-essentials/human-essentials/public/assets/controllers/served_area_controller-37738489813fc06349f3fb1bc7abc5d5493318ce553f1bebbfa1f8fe06ebfb4a.js.gz
2024-03-11T03:41:49.2692704Z I, [2024-03-10T20:41:49.253567 #2508]  INFO -- : Writing /home/runner/work/human-essentials/human-essentials/public/assets/controllers/turbo_controller-7ee3a9437b4fb003ac4ea4ca0f3425fd197ce4538a1eeb606e5e5447aa948b54.js
2024-03-11T03:41:49.2696970Z I, [2024-03-10T20:41:49.253635 #2508]  INFO -- : Writing /home/runner/work/human-essentials/human-essentials/public/assets/controllers/turbo_controller-7ee3a9437b4fb003ac4ea4ca0f3425fd197ce4538a1eeb606e5e5447aa948b54.js.gz
2024-03-11T03:41:49.2700863Z I, [2024-03-10T20:41:49.253734 #2508]  INFO -- : Writing /home/runner/work/human-essentials/human-essentials/public/assets/startup-bf111fcbf368bc988dfcb050d057ec73e21f190d7921e15689dd5ebf674e6d00.js
2024-03-11T03:41:49.2704509Z I, [2024-03-10T20:41:49.253806 #2508]  INFO -- : Writing /home/runner/work/human-essentials/human-essentials/public/assets/startup-bf111fcbf368bc988dfcb050d057ec73e21f190d7921e15689dd5ebf674e6d00.js.gz
2024-03-11T03:41:49.2708471Z I, [2024-03-10T20:41:49.253902 #2508]  INFO -- : Writing /home/runner/work/human-essentials/human-essentials/public/assets/utils/barcode_items-ee1050c4d1ade4569ef6cfc83d5f4792f67daabaca0ae24f75455737fea0a72b.js
2024-03-11T03:41:49.2712392Z I, [2024-03-10T20:41:49.253975 #2508]  INFO -- : Writing /home/runner/work/human-essentials/human-essentials/public/assets/utils/barcode_items-ee1050c4d1ade4569ef6cfc83d5f4792f67daabaca0ae24f75455737fea0a72b.js.gz
2024-03-11T03:41:49.2716323Z I, [2024-03-10T20:41:49.254069 #2508]  INFO -- : Writing /home/runner/work/human-essentials/human-essentials/public/assets/utils/barcode_scan-757b66b6921154f49e7cc4c5dc2f146f91f1648beffaa8ef106d94585a273ba9.js
2024-03-11T03:41:49.2720266Z I, [2024-03-10T20:41:49.254141 #2508]  INFO -- : Writing /home/runner/work/human-essentials/human-essentials/public/assets/utils/barcode_scan-757b66b6921154f49e7cc4c5dc2f146f91f1648beffaa8ef106d94585a273ba9.js.gz
2024-03-11T03:41:49.2724496Z I, [2024-03-10T20:41:49.254231 #2508]  INFO -- : Writing /home/runner/work/human-essentials/human-essentials/public/assets/utils/deadline_day_pickers-b0b264db9e3c8107c161cc4571e71cf901bcc511175271d218a553c4e1889065.js
2024-03-11T03:41:49.2728699Z I, [2024-03-10T20:41:49.254305 #2508]  INFO -- : Writing /home/runner/work/human-essentials/human-essentials/public/assets/utils/deadline_day_pickers-b0b264db9e3c8107c161cc4571e71cf901bcc511175271d218a553c4e1889065.js.gz
2024-03-11T03:41:49.2732555Z I, [2024-03-10T20:41:49.254395 #2508]  INFO -- : Writing /home/runner/work/human-essentials/human-essentials/public/assets/utils/distributions_and_transfers-2785b49ef8e3c4d789b784c88bb5a028082aa63d1413d4b098ec655d2ef1d0c8.js
2024-03-11T03:41:49.2736427Z I, [2024-03-10T20:41:49.254473 #2508]  INFO -- : Writing /home/runner/work/human-essentials/human-essentials/public/assets/utils/distributions_and_transfers-2785b49ef8e3c4d789b784c88bb5a028082aa63d1413d4b098ec655d2ef1d0c8.js.gz
2024-03-11T03:41:49.2740068Z I, [2024-03-10T20:41:49.254568 #2508]  INFO -- : Writing /home/runner/work/human-essentials/human-essentials/public/assets/utils/donations-52bb2dc0f7ab270edc77a56de1cceb789028a2ec75670a95abf143e388c223e7.js
2024-03-11T03:41:49.2743477Z I, [2024-03-10T20:41:49.254639 #2508]  INFO -- : Writing /home/runner/work/human-essentials/human-essentials/public/assets/utils/donations-52bb2dc0f7ab270edc77a56de1cceb789028a2ec75670a95abf143e388c223e7.js.gz
2024-03-11T03:41:49.2746819Z I, [2024-03-10T20:41:49.254733 #2508]  INFO -- : Writing /home/runner/work/human-essentials/human-essentials/public/assets/utils/purchases-5c814ba098feaa8a7b4abff24267c1da909f3e52e12c97660f8a0b8c1ff4aea1.js
2024-03-11T03:41:49.2750284Z I, [2024-03-10T20:41:49.254799 #2508]  INFO -- : Writing /home/runner/work/human-essentials/human-essentials/public/assets/utils/purchases-5c814ba098feaa8a7b4abff24267c1da909f3e52e12c97660f8a0b8c1ff4aea1.js.gz
2024-03-11T03:41:49.2753589Z I, [2024-03-10T20:41:49.254900 #2508]  INFO -- : Writing /home/runner/work/human-essentials/human-essentials/public/assets/filterrific-f3a290db250e05344fd62c216b903689f73eff5e270ef021e425551006092e08.js
2024-03-11T03:41:49.2756811Z I, [2024-03-10T20:41:49.254974 #2508]  INFO -- : Writing /home/runner/work/human-essentials/human-essentials/public/assets/filterrific-f3a290db250e05344fd62c216b903689f73eff5e270ef021e425551006092e08.js.gz
2024-03-11T03:41:49.2760170Z I, [2024-03-10T20:41:49.255077 #2508]  INFO -- : Writing /home/runner/work/human-essentials/human-essentials/public/assets/stimulusloading-1fc59770fb1654500044afd3f5f6d7d00800e5be36746d55b94a2963a7a228aa.js
2024-03-11T03:41:49.2763833Z I, [2024-03-10T20:41:49.255152 #2508]  INFO -- : Writing /home/runner/work/human-essentials/human-essentials/public/assets/stimulusloading-1fc59770fb1654500044afd3f5f6d7d00800e5be36746d55b94a2963a7a228aa.js.gz
2024-03-11T03:41:49.2767641Z I, [2024-03-10T20:41:49.255254 #2508]  INFO -- : Writing /home/runner/work/human-essentials/human-essentials/public/assets/turbo-4851a9a0b1d947e810dfd0448a72aef261d455183ebea681f4f28a73640a9ece.js
2024-03-11T03:41:49.2771138Z I, [2024-03-10T20:41:49.255329 #2508]  INFO -- : Writing /home/runner/work/human-essentials/human-essentials/public/assets/turbo-4851a9a0b1d947e810dfd0448a72aef261d455183ebea681f4f28a73640a9ece.js.gz
2024-03-11T03:41:49.2774438Z I, [2024-03-10T20:41:49.255430 #2508]  INFO -- : Writing /home/runner/work/human-essentials/human-essentials/public/assets/turbo.min-f309baafa3ae5ad6ccee3e7362118b87678d792db8e8ab466c4fa284dd3a4700.js
2024-03-11T03:41:49.2777853Z I, [2024-03-10T20:41:49.255507 #2508]  INFO -- : Writing /home/runner/work/human-essentials/human-essentials/public/assets/turbo.min-f309baafa3ae5ad6ccee3e7362118b87678d792db8e8ab466c4fa284dd3a4700.js.gz
2024-03-11T03:41:49.2781195Z I, [2024-03-10T20:41:49.256016 #2508]  INFO -- : Writing /home/runner/work/human-essentials/human-essentials/public/assets/turbo.min.js-8bc8f4a58d1c106d58dec8bef6c638ff12ff4d078f19d8ebd8c4277f4c9bc85a.map
2024-03-11T03:41:49.2784886Z I, [2024-03-10T20:41:49.267777 #2508]  INFO -- : Writing /home/runner/work/human-essentials/human-essentials/public/assets/turbo.min.js-8bc8f4a58d1c106d58dec8bef6c638ff12ff4d078f19d8ebd8c4277f4c9bc85a.map.gz
2024-03-11T03:41:49.2788864Z I, [2024-03-10T20:41:49.267910 #2508]  INFO -- : Writing /home/runner/work/human-essentials/human-essentials/public/assets/stimulus-loading-3576ce92b149ad5d6959438c6f291e2426c86df3b874c525b30faad51b0d96b3.js
2024-03-11T03:41:49.2792318Z I, [2024-03-10T20:41:49.267992 #2508]  INFO -- : Writing /home/runner/work/human-essentials/human-essentials/public/assets/stimulus-loading-3576ce92b149ad5d6959438c6f291e2426c86df3b874c525b30faad51b0d96b3.js.gz
2024-03-11T03:41:49.2795858Z I, [2024-03-10T20:41:49.268172 #2508]  INFO -- : Writing /home/runner/work/human-essentials/human-essentials/public/assets/popper-003a40d80fd205e1fa00da117d5bdc19720ba330706eaa17f9ba9513fa502304.js
2024-03-11T03:41:49.2799051Z I, [2024-03-10T20:41:49.268276 #2508]  INFO -- : Writing /home/runner/work/human-essentials/human-essentials/public/assets/popper-003a40d80fd205e1fa00da117d5bdc19720ba330706eaa17f9ba9513fa502304.js.gz
2024-03-11T03:41:49.2802321Z I, [2024-03-10T20:41:49.275488 #2508]  INFO -- : Writing /home/runner/work/human-essentials/human-essentials/public/assets/actiontext-28c61f5197c204db043317a8f8826a87ab31495b741f854d307ca36122deefce.js
2024-03-11T03:41:49.2806007Z I, [2024-03-10T20:41:49.275618 #2508]  INFO -- : Writing /home/runner/work/human-essentials/human-essentials/public/assets/actiontext-28c61f5197c204db043317a8f8826a87ab31495b741f854d307ca36122deefce.js.gz
2024-03-11T03:41:49.2809306Z I, [2024-03-10T20:41:49.275737 #2508]  INFO -- : Writing /home/runner/work/human-essentials/human-essentials/public/assets/trix-1563ff9c10f74e143b3ded40a8458497eaf2f87a648a5cbbfebdb7dec3447a5e.js
2024-03-11T03:41:49.2812479Z I, [2024-03-10T20:41:49.275838 #2508]  INFO -- : Writing /home/runner/work/human-essentials/human-essentials/public/assets/trix-1563ff9c10f74e143b3ded40a8458497eaf2f87a648a5cbbfebdb7dec3447a5e.js.gz
2024-03-11T03:41:49.2815756Z I, [2024-03-10T20:41:49.275961 #2508]  INFO -- : Writing /home/runner/work/human-essentials/human-essentials/public/assets/trix-b0398dade8e5ac249fe98f2e850f45adbcdfecd8a11c46b3eb67bdedb87b1b04.css
2024-03-11T03:41:49.2819040Z I, [2024-03-10T20:41:49.276052 #2508]  INFO -- : Writing /home/runner/work/human-essentials/human-essentials/public/assets/trix-b0398dade8e5ac249fe98f2e850f45adbcdfecd8a11c46b3eb67bdedb87b1b04.css.gz
2024-03-11T03:41:49.2822335Z I, [2024-03-10T20:41:49.276167 #2508]  INFO -- : Writing /home/runner/work/human-essentials/human-essentials/public/assets/stimulus-f75215805563870a61ee9dc5a207ce46d4675c7e667558a54344fd1e7baa697f.js
2024-03-11T03:41:49.2825624Z I, [2024-03-10T20:41:49.276268 #2508]  INFO -- : Writing /home/runner/work/human-essentials/human-essentials/public/assets/stimulus-f75215805563870a61ee9dc5a207ce46d4675c7e667558a54344fd1e7baa697f.js.gz
2024-03-11T03:41:49.2828984Z I, [2024-03-10T20:41:49.276398 #2508]  INFO -- : Writing /home/runner/work/human-essentials/human-essentials/public/assets/stimulus-autoloader-c584942b568ba74879da31c7c3d51366737bacaf6fbae659383c0a5653685693.js
2024-03-11T03:41:49.2832667Z I, [2024-03-10T20:41:49.276586 #2508]  INFO -- : Writing /home/runner/work/human-essentials/human-essentials/public/assets/stimulus-autoloader-c584942b568ba74879da31c7c3d51366737bacaf6fbae659383c0a5653685693.js.gz
2024-03-11T03:41:49.2836305Z I, [2024-03-10T20:41:49.276714 #2508]  INFO -- : Writing /home/runner/work/human-essentials/human-essentials/public/assets/stimulus-importmap-autoloader-db2076c783bf2dbee1226e2add52fef290b5d31b5bcd1edd999ac8a6dd31c44a.js
2024-03-11T03:41:49.2840220Z I, [2024-03-10T20:41:49.276803 #2508]  INFO -- : Writing /home/runner/work/human-essentials/human-essentials/public/assets/stimulus-importmap-autoloader-db2076c783bf2dbee1226e2add52fef290b5d31b5bcd1edd999ac8a6dd31c44a.js.gz
2024-03-11T03:41:49.2844275Z I, [2024-03-10T20:41:49.276909 #2508]  INFO -- : Writing /home/runner/work/human-essentials/human-essentials/public/assets/stimulus-loading-3576ce92b149ad5d6959438c6f291e2426c86df3b874c525b30faad51b0d96b3.js
2024-03-11T03:41:49.2849994Z I, [2024-03-10T20:41:49.284758 #2508]  INFO -- : Writing /home/runner/work/human-essentials/human-essentials/public/assets/stimulus-loading-3576ce92b149ad5d6959438c6f291e2426c86df3b874c525b30faad51b0d96b3.js.gz
2024-03-11T03:41:49.2878772Z I, [2024-03-10T20:41:49.284893 #2508]  INFO -- : Writing /home/runner/work/human-essentials/human-essentials/public/assets/stimulus.min-dd364f16ec9504dfb72672295637a1c8838773b01c0b441bd41008124c407894.js
2024-03-11T03:41:49.2882930Z I, [2024-03-10T20:41:49.284988 #2508]  INFO -- : Writing /home/runner/work/human-essentials/human-essentials/public/assets/stimulus.min-dd364f16ec9504dfb72672295637a1c8838773b01c0b441bd41008124c407894.js.gz
2024-03-11T03:41:49.2886592Z I, [2024-03-10T20:41:49.285094 #2508]  INFO -- : Writing /home/runner/work/human-essentials/human-essentials/public/assets/stimulus-autoloader-c584942b568ba74879da31c7c3d51366737bacaf6fbae659383c0a5653685693.js
2024-03-11T03:41:49.2890297Z I, [2024-03-10T20:41:49.285174 #2508]  INFO -- : Writing /home/runner/work/human-essentials/human-essentials/public/assets/stimulus-autoloader-c584942b568ba74879da31c7c3d51366737bacaf6fbae659383c0a5653685693.js.gz
2024-03-11T03:41:49.2894006Z I, [2024-03-10T20:41:49.285273 #2508]  INFO -- : Writing /home/runner/work/human-essentials/human-essentials/public/assets/stimulus-importmap-autoloader-db2076c783bf2dbee1226e2add52fef290b5d31b5bcd1edd999ac8a6dd31c44a.js
2024-03-11T03:41:49.2897917Z I, [2024-03-10T20:41:49.285350 #2508]  INFO -- : Writing /home/runner/work/human-essentials/human-essentials/public/assets/stimulus-importmap-autoloader-db2076c783bf2dbee1226e2add52fef290b5d31b5bcd1edd999ac8a6dd31c44a.js.gz
2024-03-11T03:41:49.2901637Z I, [2024-03-10T20:41:49.285453 #2508]  INFO -- : Writing /home/runner/work/human-essentials/human-essentials/public/assets/stimulus-loading-3576ce92b149ad5d6959438c6f291e2426c86df3b874c525b30faad51b0d96b3.js
2024-03-11T03:41:49.2905012Z I, [2024-03-10T20:41:49.285529 #2508]  INFO -- : Writing /home/runner/work/human-essentials/human-essentials/public/assets/stimulus-loading-3576ce92b149ad5d6959438c6f291e2426c86df3b874c525b30faad51b0d96b3.js.gz
2024-03-11T03:41:49.2908393Z I, [2024-03-10T20:41:49.285642 #2508]  INFO -- : Writing /home/runner/work/human-essentials/human-essentials/public/assets/stimulus.min.js-2cc63625fa177963b45da974806e7aee846cbf1d4930815733d0fdf3fb232325.map
2024-03-11T03:41:49.2912107Z I, [2024-03-10T20:41:49.285730 #2508]  INFO -- : Writing /home/runner/work/human-essentials/human-essentials/public/assets/stimulus.min.js-2cc63625fa177963b45da974806e7aee846cbf1d4930815733d0fdf3fb232325.map.gz
2024-03-11T03:41:49.2915370Z I, [2024-03-10T20:41:49.285840 #2508]  INFO -- : Writing /home/runner/work/human-essentials/human-essentials/public/assets/activestorage-3ab61e47dd4ee2d79db525ade1dca2ede0ea2b7371fe587e408ee37b7ade265d.js
2024-03-11T03:41:49.2918876Z I, [2024-03-10T20:41:49.287505 #2508]  INFO -- : Writing /home/runner/work/human-essentials/human-essentials/public/assets/activestorage-3ab61e47dd4ee2d79db525ade1dca2ede0ea2b7371fe587e408ee37b7ade265d.js.gz
2024-03-11T03:41:49.2922328Z I, [2024-03-10T20:41:49.287640 #2508]  INFO -- : Writing /home/runner/work/human-essentials/human-essentials/public/assets/activestorage.esm-01f58a45d77495cdfbdfcc872902a430426c4391634ec9c3da5f69fbf8418492.js
2024-03-11T03:41:49.2925883Z I, [2024-03-10T20:41:49.287744 #2508]  INFO -- : Writing /home/runner/work/human-essentials/human-essentials/public/assets/activestorage.esm-01f58a45d77495cdfbdfcc872902a430426c4391634ec9c3da5f69fbf8418492.js.gz
2024-03-11T03:41:49.2929395Z I, [2024-03-10T20:41:49.287879 #2508]  INFO -- : Writing /home/runner/work/human-essentials/human-essentials/public/assets/actioncable-5433453f9b6619a9de91aaab2d7fc7ff183e5260c0107cbc9a1aa0c838d9a74e.js
2024-03-11T03:41:49.2932693Z I, [2024-03-10T20:41:49.287961 #2508]  INFO -- : Writing /home/runner/work/human-essentials/human-essentials/public/assets/actioncable-5433453f9b6619a9de91aaab2d7fc7ff183e5260c0107cbc9a1aa0c838d9a74e.js.gz
2024-03-11T03:41:49.2936168Z I, [2024-03-10T20:41:49.288089 #2508]  INFO -- : Writing /home/runner/work/human-essentials/human-essentials/public/assets/actioncable.esm-e01089c3ec4fe7817fa9abcad06cab6bdc387f95f0ca6aab4bf7ba7537f70690.js
2024-03-11T03:41:49.2939925Z I, [2024-03-10T20:41:49.288173 #2508]  INFO -- : Writing /home/runner/work/human-essentials/human-essentials/public/assets/actioncable.esm-e01089c3ec4fe7817fa9abcad06cab6bdc387f95f0ca6aab4bf7ba7537f70690.js.gz
2024-03-11T03:41:49.7784177Z Coverage report generated for RSpec to /home/runner/work/human-essentials/human-essentials/coverage. 438 / 10002 LOC (4.38%) covered.
2024-03-11T03:41:49.8519732Z ##[group]Run RUBYOPT='-W:no-deprecated -W:no-experimental' bin/knapsack_pro_rspec
2024-03-11T03:41:49.8520617Z [36;1mRUBYOPT='-W:no-deprecated -W:no-experimental' bin/knapsack_pro_rspec[0m
2024-03-11T03:41:49.8570749Z shell: /usr/bin/bash -e {0}
2024-03-11T03:41:49.8571125Z env:
2024-03-11T03:41:49.8571566Z   POSTGRES_HOST: localhost
2024-03-11T03:41:49.8571920Z   DATABASE_HOST: localhost
2024-03-11T03:41:49.8572308Z   PG_USERNAME: postgres
2024-03-11T03:41:49.8572737Z   PG_PASSWORD: password
2024-03-11T03:41:49.8573127Z   POSTGRES_HOST_AUTH_METHOD: trust
2024-03-11T03:41:49.8573613Z   POSTGRES_PORT: 5432
2024-03-11T03:41:49.8573930Z   PGHOST: localhost
2024-03-11T03:41:49.8574282Z   PGUSER: postgres
2024-03-11T03:41:49.8574664Z   RAILS_ENV: test
2024-03-11T03:41:49.8575018Z   KNAPSACK_PRO_TEST_SUITE_TOKEN_RSPEC: 
2024-03-11T03:41:49.8575433Z   KNAPSACK_PRO_CI_NODE_TOTAL: 6
2024-03-11T03:41:49.8575881Z   KNAPSACK_PRO_CI_NODE_INDEX: 0
2024-03-11T03:41:49.8576442Z   KNAPSACK_PRO_RSPEC_SPLIT_BY_TEST_EXAMPLES: true
2024-03-11T03:41:49.8576956Z   KNAPSACK_PRO_LOG_LEVEL: info
2024-03-11T03:41:49.8577547Z   KNAPSACK_PRO_TEST_FILE_PATTERN: {spec/system/**{,/*/**}/*_spec.rb,spec/requests/**{,/*/**}/*_spec.rb}
2024-03-11T03:41:49.8578201Z   EVENTS_READ: true
2024-03-11T03:41:49.8578590Z ##[endgroup]
2024-03-11T03:41:55.4996860Z W, [2024-03-11T03:41:55.499371 #2595]  WARN -- : [knapsack_pro] GET https://api-disabled-for-fork.knapsackpro.com/v1/build_distributions/last
2024-03-11T03:41:55.4998075Z W, [2024-03-11T03:41:55.499419 #2595]  WARN -- : [knapsack_pro] Request failed due to:
2024-03-11T03:41:55.4999500Z W, [2024-03-11T03:41:55.499433 #2595]  WARN -- : [knapsack_pro] #<SocketError: Failed to open TCP connection to api-disabled-for-fork.knapsackpro.com:443 (getaddrinfo: Name or service not known)>
2024-03-11T03:41:55.5002785Z W, [2024-03-11T03:41:55.499456 #2595]  WARN -- : [knapsack_pro] Slow test files fallback behaviour started. We could not connect with Knapsack Pro API to fetch last CI build test files that are needed to determine slow test files. No test files will be split by test cases. It means all test files will be split by the whole test files as if split by test cases would be disabled https://knapsackpro.com/perma/ruby/split-by-test-examples
2024-03-11T03:41:57.7503243Z W, [2024-03-11T03:41:57.749970 #2595]  WARN -- : [knapsack_pro] POST https://api-disabled-for-fork.knapsackpro.com/v1/build_distributions/subset
2024-03-11T03:41:57.7505574Z W, [2024-03-11T03:41:57.750009 #2595]  WARN -- : [knapsack_pro] Request failed due to:
2024-03-11T03:41:57.7508283Z W, [2024-03-11T03:41:57.750023 #2595]  WARN -- : [knapsack_pro] #<SocketError: Failed to open TCP connection to api-disabled-for-fork.knapsackpro.com:443 (getaddrinfo: Name or service not known)>
2024-03-11T03:41:57.7512721Z W, [2024-03-11T03:41:57.750065 #2595]  WARN -- : [knapsack_pro] Fallback mode started. We could not connect with Knapsack Pro API. Your tests will be executed based on directory names. Read more about fallback mode at https://knapsackpro.com/perma/ruby/fallback-mode
2024-03-11T03:41:57.7565535Z /opt/hostedtoolcache/Ruby/3.2.2/x64/bin/ruby -I/home/runner/work/human-essentials/human-essentials/vendor/bundle/ruby/3.2.0/gems/rspec-core-3.12.2/lib:/home/runner/work/human-essentials/human-essentials/vendor/bundle/ruby/3.2.0/gems/rspec-support-3.12.1/lib /home/runner/work/human-essentials/human-essentials/vendor/bundle/ruby/3.2.0/gems/rspec-core-3.12.2/exe/rspec  --format documentation --format KnapsackPro::Formatters::TimeTracker --default-path spec "spec/requests/account_requests_spec.rb" "spec/requests/admin/organizations_requests_spec.rb" "spec/requests/audits_requests_spec.rb" "spec/requests/donation_sites_requests_spec.rb" "spec/requests/organization_requests_spec.rb" "spec/requests/partners/individuals_requests_controller_spec.rb" "spec/requests/product_drive_participants_requests_spec.rb" "spec/requests/sessions_requests_spec.rb" "spec/requests/vendors_requests_spec.rb" "spec/system/admin/base_items_system_spec.rb" "spec/system/authorization_system_spec.rb" "spec/system/donation_system_spec.rb" "spec/system/manufacturer_system_spec.rb" "spec/system/partners/family_requests_system_spec.rb" "spec/system/product_drive_system_spec.rb" "spec/system/storage_location_system_spec.rb"
2024-03-11T03:42:06.1069420Z 
2024-03-11T03:42:06.1070284Z Randomized with seed 47516
2024-03-11T03:42:07.0506877Z 
2024-03-11T03:42:07.0507646Z Manufacturer
2024-03-11T03:42:16.0101253Z   allows a user to update the contact info for a manufacturer
2024-03-11T03:42:16.7187812Z   allows a user to add a new manufacturer instance with empty attributes
2024-03-11T03:42:17.4878535Z   allows a user to create a new manufacturer instance
2024-03-11T03:42:18.2305921Z   allows a user to update a manufacturer with empty attributes
2024-03-11T03:42:18.2306783Z   When a user views the index page
2024-03-11T03:42:18.7125745Z     alphabetizes the manufacturer names
2024-03-11T03:42:18.7126950Z   When the Manufacturers have donations associated with them already
2024-03-11T03:42:19.4184403Z     shows existing Manufacturers in the #index with some summary stats
2024-03-11T03:42:20.1152251Z     allows single Manufacturers to show semi-detailed stats about donations from that manufacturer
2024-03-11T03:42:20.1153279Z 
2024-03-11T03:42:20.1153483Z Donations
2024-03-11T03:42:20.1154432Z   When signed in as a normal user
2024-03-11T03:42:20.1156248Z     When visiting the index page
2024-03-11T03:42:21.0660010Z       should not display inactive storage locations in dropdown
2024-03-11T03:42:21.5628352Z       Displays Total quantity on the index page
2024-03-11T03:42:22.3682169Z       doesn't die when an inactive item is in a donation
2024-03-11T03:42:23.2508513Z       Allows User to click to the new donation form
2024-03-11T03:42:23.2509524Z     When donation items have value
2024-03-11T03:42:24.2559861Z       Displays the total value on the show page
2024-03-11T03:42:24.9561867Z       Displays the total value on the index page
2024-03-11T03:42:25.6571365Z       Displays the individual value on the index page
2024-03-11T03:42:25.6572001Z     When filtering on the index page
2024-03-11T03:42:26.4793089Z       Filters by storage location
2024-03-11T03:42:27.3002820Z       Filters by product drives
2024-03-11T03:42:28.1493825Z       Filter by product drive participant sticks around
2024-03-11T03:42:29.2588815Z       Filters by multiple attributes
2024-03-11T03:42:30.0814957Z       Filters by the source
2024-03-11T03:42:30.9174377Z       Filters by product drive participant
2024-03-11T03:42:31.7325552Z       Filters by manufacturer
2024-03-11T03:42:32.5479706Z       Filters by donation site
2024-03-11T03:42:32.5480252Z       behaves like Date Range Picker
2024-03-11T03:42:32.5481471Z         when choosing a date range that only includes the previous week
2024-03-11T03:42:33.5358311Z           shows only 1 record
2024-03-11T03:42:33.5359384Z         when choosing 'All Time'
2024-03-11T03:42:34.4999175Z           shows all the records
2024-03-11T03:42:34.5000212Z         when choosing 'Last Month'
2024-03-11T03:42:35.4573839Z           shows only 2 of the records
2024-03-11T03:42:35.4574691Z     When creating a new donation
2024-03-11T03:42:35.9647180Z       should not display inactive storage locations in dropdown
2024-03-11T03:42:35.9648156Z       Via barcode entry
2024-03-11T03:42:36.8346510Z         Allows User to add items by barcode
2024-03-11T03:42:37.7684868Z         Allows User to add items that do not yet have a barcode
2024-03-11T03:42:38.6682276Z         Updates the line item when the same barcode is scanned twice
2024-03-11T03:42:39.7416083Z         When the barcode is a global barcode
2024-03-11T03:42:39.7417023Z           Adds the oldest item it can find for the global barcode
2024-03-11T03:42:39.7417656Z       Via manual entry
2024-03-11T03:42:40.6671931Z         Allows User to create a donation for a ProductDrive Participant source
2024-03-11T03:42:41.3928109Z         Allows User to create a Manufacturer from donation
2024-03-11T03:42:42.2749248Z         Displays nested errors
2024-03-11T03:42:43.1919954Z         Allows User to create a donation for a Donation Site source
2024-03-11T03:42:44.1244375Z         Strips extraneous data if the user adds both Donation Site and Product Drive Participant
2024-03-11T03:42:45.0363425Z         Allows User to create a donation for Purchased Supplies
2024-03-11T03:42:45.8420904Z         Ensures Barcode Entry fields have unique ids
2024-03-11T03:42:46.6477294Z         Does not include inactive items in the line item fields
2024-03-11T03:42:47.5551789Z         Allows donations to be created IN THE PAST
2024-03-11T03:42:48.4548022Z         Verifies unusually large donation quantities
2024-03-11T03:42:49.3511866Z         Allows User to create a donation with a Miscellaneous source
2024-03-11T03:42:50.2781586Z         Allows User to create a donation for a Manufacturer source
2024-03-11T03:42:51.0435360Z         Allows User to create a Product Drive Participant from donation
2024-03-11T03:42:51.7931352Z         Allows User to create a Product Drive from donation
2024-03-11T03:42:52.8689186Z         Repopulates items dropdown even if initial submission doesn't validate
2024-03-11T03:42:53.9366923Z         Accepts and combines multiple line items for the same item type
2024-03-11T03:42:54.8242188Z         User can create a donation using dollars decimal amount for its money raised
2024-03-11T03:42:54.8243533Z     When editing an existing donation
2024-03-11T03:42:56.3395023Z       Allows the user to edit a donation
2024-03-11T03:42:58.1687749Z       Does not default a selection if item lookup fails
2024-03-11T03:42:58.1688418Z     When viewing an existing donation
2024-03-11T03:42:58.6719846Z       does not allow deletion of a donation
2024-03-11T03:42:59.1893556Z       displays donation comment
2024-03-11T03:42:59.1894397Z       when there is no comment defined
2024-03-11T03:43:00.0079461Z         displays the None provided as the comment
2024-03-11T03:43:00.0080661Z   while signed in as an organization admin
2024-03-11T03:43:00.0081632Z     When viewing an existing donation
2024-03-11T03:43:00.8511087Z       allows deletion of a donation
2024-03-11T03:43:00.8512119Z 
2024-03-11T03:43:00.8512362Z Storage Locations
2024-03-11T03:43:00.8514638Z   when creating a new storage location
2024-03-11T03:43:02.0317798Z     User creates a new storage location with empty attributes
2024-03-11T03:43:02.8558690Z     User creates a new storage location with optional fields
2024-03-11T03:43:03.6606618Z     User creates a new storage location
2024-03-11T03:43:03.6607349Z   when viewing an existing storage location
2024-03-11T03:43:04.3259411Z     Items in (adjustments)
2024-03-11T03:43:05.0275578Z     Items out (distributions)
2024-03-11T03:43:05.0276302Z   when viewing the index
2024-03-11T03:43:05.8248499Z     Stops a user from deactivating storage locations with inventory
2024-03-11T03:43:06.4223479Z     Filter list presented to user is in alphabetical order by item name
2024-03-11T03:43:07.5433708Z     shows totals that are the sum totals of all inputs
2024-03-11T03:43:08.9297777Z     Allows user to deactivate and reactivate storage locations
2024-03-11T03:43:10.1616197Z     User can filter the #index by those that contain certain items
2024-03-11T03:43:11.0587692Z     Allows user to filter discarded storage locations
2024-03-11T03:43:11.0588315Z   when editing an existing storage location
2024-03-11T03:43:11.8608848Z     User updates an existing storage location
2024-03-11T03:43:12.6374561Z     User updates an existing storage location with empty name
2024-03-11T03:43:12.6375868Z 
2024-03-11T03:43:12.6376130Z Sessions
2024-03-11T03:43:12.6385314Z   Sign in as user without logging off as an admin
2024-03-11T03:43:12.6697128Z     cannot access admin dashboard
2024-03-11T03:43:12.6959562Z     properly accesses the organization dashboard
2024-03-11T03:43:12.6960123Z 
2024-03-11T03:43:12.6960367Z Audits
2024-03-11T03:43:12.6961811Z   while signed in as an organization admin
2024-03-11T03:43:12.6970978Z     GET #show
2024-03-11T03:43:12.8061077Z       is successful
2024-03-11T03:43:12.8062016Z     GET #index
2024-03-11T03:43:12.9219301Z       is successful
2024-03-11T03:43:12.9220115Z     GET #edit
2024-03-11T03:43:12.9847092Z       redirects to #index if the status of audit is not `in_progress`
2024-03-11T03:43:13.0454991Z       is successful if the status of audit is `in_progress`
2024-03-11T03:43:13.0456331Z     GET #new
2024-03-11T03:43:13.0831951Z       is successful
2024-03-11T03:43:13.0832717Z     DELETE #destroy
2024-03-11T03:43:13.0833595Z       with valid params
2024-03-11T03:43:13.1209140Z         destroys the audit if the audit's status is `in_progress`
2024-03-11T03:43:13.1574683Z         destroys the audit if the audit's status is `confirms`
2024-03-11T03:43:13.1922289Z         can not destroy the audit if the audit's status is `finalized`
2024-03-11T03:43:13.1923523Z     POST #create
2024-03-11T03:43:13.1924099Z       with valid params
2024-03-11T03:43:13.2304523Z         assigns a newly created audit as @audit
2024-03-11T03:43:13.2668928Z         creates a new Audit
2024-03-11T03:43:13.3046263Z         creates a new Audit with status as `confirmed` if `confirm_audit` is passed as a param
2024-03-11T03:43:13.3403978Z         redirects to the #show after created audit
2024-03-11T03:43:13.3782430Z         creates a new Audit with status as `in_progress` if `save_progress` is passed as a param
2024-03-11T03:43:13.3783924Z       with invalid params
2024-03-11T03:43:13.4187388Z         assigns a newly created but unsaved audit as @audit
2024-03-11T03:43:13.4723081Z         re-renders the 'new' template with an error message when an invalid storage location is given
2024-03-11T03:43:13.5103788Z         re-renders the 'new' template
2024-03-11T03:43:13.5104523Z     POST #finalize
2024-03-11T03:43:13.5704732Z       sets the finalize status and saves an event
2024-03-11T03:43:13.5705652Z 
2024-03-11T03:43:13.5706039Z Product Drives
2024-03-11T03:43:13.5708095Z   when creating a normal product drive
2024-03-11T03:43:14.3684883Z     must have the success message
2024-03-11T03:43:15.1898995Z     must have correct attributes
2024-03-11T03:43:15.9725225Z     must create a new product drive
2024-03-11T03:43:15.9726135Z   when creating a Virtual Product Drive
2024-03-11T03:43:16.8875289Z     must have correct attributes
2024-03-11T03:43:17.8038003Z     must create a new virtual Product Drive
2024-03-11T03:43:18.7246964Z     must have the success message
2024-03-11T03:43:18.7247946Z   when showing a Product Drive with no end date
2024-03-11T03:43:19.1925149Z     must be able to show the product drive
2024-03-11T03:43:19.1926032Z   When visiting the index page without parameters
2024-03-11T03:43:19.6803523Z     shows only one virtual product drives
2024-03-11T03:43:20.1783344Z     shows two non-virtual product drives
2024-03-11T03:43:20.6777917Z     shows in descending order of start date
2024-03-11T03:43:21.1794093Z     Shows the expected filters with the expected values and in alphabetical order for name filter
2024-03-11T03:43:21.6980338Z     shows the expected product drives
2024-03-11T03:43:21.6981341Z 
2024-03-11T03:43:21.6981595Z ProductDriveParticipants
2024-03-11T03:43:21.6982939Z   While signed in
2024-03-11T03:43:21.6984948Z     POST #create
2024-03-11T03:43:21.7329881Z       flash error
2024-03-11T03:43:21.7469744Z       successful create
2024-03-11T03:43:21.7470443Z     GET #show
2024-03-11T03:43:21.7758609Z       returns http success
2024-03-11T03:43:21.7759252Z     XHR #create
2024-03-11T03:43:21.8056888Z       flash error
2024-03-11T03:43:21.8345143Z       successful create
2024-03-11T03:43:21.8346435Z     POST #import_csv
2024-03-11T03:43:21.8347137Z       csv file with wrong headers
2024-03-11T03:43:21.8503589Z         presents a flash error message
2024-03-11T03:43:21.8623669Z         redirects
2024-03-11T03:43:21.8624266Z       with a csv file
2024-03-11T03:43:21.8886635Z         redirects
2024-03-11T03:43:21.9075921Z         presents a flash notice message
2024-03-11T03:43:21.9114152Z         invokes .import_csv
2024-03-11T03:43:21.9114997Z       without a csv file
2024-03-11T03:43:21.9232694Z         presents a flash error message
2024-03-11T03:43:21.9346885Z         redirects to :index
2024-03-11T03:43:21.9347775Z     GET #index
2024-03-11T03:43:21.9348715Z       html
2024-03-11T03:43:21.9670977Z         is expected to be successful
2024-03-11T03:43:21.9671951Z       csv
2024-03-11T03:43:21.9826499Z         is expected to be successful
2024-03-11T03:43:21.9827266Z     GET #new
2024-03-11T03:43:22.0103475Z       returns http success
2024-03-11T03:43:22.0104174Z     GET #edit
2024-03-11T03:43:22.0415676Z       returns http success
2024-03-11T03:43:22.0416693Z     Looking at a different organization
2024-03-11T03:43:22.2148266Z       redirects the user to the sign-in page for CRUD actions
2024-03-11T03:43:22.2149175Z   While not signed in
2024-03-11T03:43:22.2212791Z     redirects the user to the sign-in page for CRUD actions
2024-03-11T03:43:22.2213712Z 
2024-03-11T03:43:22.2214114Z Admin::Organizations
2024-03-11T03:43:22.2215236Z   When logged in as a super admin
2024-03-11T03:43:22.2216916Z     GET #show
2024-03-11T03:43:22.4407179Z       returns http success
2024-03-11T03:43:22.4407927Z     DELETE #destroy
2024-03-11T03:43:22.8086206Z       redirects
2024-03-11T03:43:22.8086810Z     PATCH #update
2024-03-11T03:43:22.8087498Z       with an invalid update
2024-03-11T03:43:23.0202173Z         redirects to #edit with an error message
2024-03-11T03:43:23.2290390Z         returns http success
2024-03-11T03:43:23.2291097Z       with a valid update
2024-03-11T03:43:23.4252880Z         redirects to #index
2024-03-11T03:43:23.4253689Z     DELETE #destroy
2024-03-11T03:43:23.4254321Z       with a valid organization id
2024-03-11T03:43:23.9304496Z         redirects to #index
2024-03-11T03:43:23.9305370Z     GET #index
2024-03-11T03:43:23.9630997Z       returns http success
2024-03-11T03:43:23.9631750Z     GET #new
2024-03-11T03:43:24.0017653Z       returns http success
2024-03-11T03:43:24.0018973Z       when given a token that matches a account request that has already been processed
2024-03-11T03:43:24.2280674Z         should render new with a flash error message
2024-03-11T03:43:24.2281912Z       when given a valid account request token in the query parameters
2024-03-11T03:43:24.2832494Z         should render new with pre populate input fields from the account_request
2024-03-11T03:43:24.2833589Z     GET #edit
2024-03-11T03:43:24.4901853Z       returns http success
2024-03-11T03:43:24.4902572Z     POST #create
2024-03-11T03:43:24.4903378Z       with invalid params
2024-03-11T03:43:24.5334502Z         does not create an organization and renders #create with an error message
2024-03-11T03:43:24.5335306Z       with valid params
2024-03-11T03:43:24.8295976Z         creates an organization and redirects to #index
2024-03-11T03:43:24.8296840Z     PUT #update
2024-03-11T03:43:24.8484272Z       redirect
2024-03-11T03:43:24.8485143Z   When logged in as a non-admin user
2024-03-11T03:43:24.8486402Z     GET #index
2024-03-11T03:43:24.8608860Z       redirects
2024-03-11T03:43:24.8609582Z     POST #create
2024-03-11T03:43:24.8748350Z       redirects
2024-03-11T03:43:24.8749077Z     PUT #update
2024-03-11T03:43:24.8870183Z       redirects
2024-03-11T03:43:24.8870980Z     GET #new
2024-03-11T03:43:24.8988838Z       redirects
2024-03-11T03:43:24.8989528Z     GET #edit
2024-03-11T03:43:24.9108091Z       redirects
2024-03-11T03:43:24.9108791Z 
2024-03-11T03:43:24.9109254Z Partners::IndividualsRequestsController
2024-03-11T03:43:24.9110619Z   GET #new
2024-03-11T03:43:24.9495187Z     does not allow partners not verified
2024-03-11T03:43:24.9878629Z     does not allow deactivated partners
2024-03-11T03:43:24.9879517Z     when first reaching the new page
2024-03-11T03:43:25.0358901Z       has the correct select fields
2024-03-11T03:43:25.0359716Z   POST #create
2024-03-11T03:43:25.0782575Z     does not allow deactivated partners
2024-03-11T03:43:25.1264742Z     does not allow partners not verified
2024-03-11T03:43:25.1265798Z     when the request has invalid inputs
2024-03-11T03:43:25.2087541Z       shows an error
2024-03-11T03:43:25.2088264Z     after invalid submission
2024-03-11T03:43:25.2664196Z       has the correct select fields
2024-03-11T03:43:25.2664909Z     when a request has only a comment
2024-03-11T03:43:25.3174771Z       is valid
2024-03-11T03:43:25.3175781Z     when the request is valid
2024-03-11T03:43:25.3718935Z       submits the request
2024-03-11T03:43:25.3719483Z     when a request is empty
2024-03-11T03:43:25.4233229Z       is invalid
2024-03-11T03:43:25.4233905Z     when a request has an empty row
2024-03-11T03:43:25.4753917Z       is valid
2024-03-11T03:43:25.4754620Z 
2024-03-11T03:43:25.4754992Z Authorization
2024-03-11T03:43:26.1091818Z   redirects to the dashboard when unauthorized user attempts access
2024-03-11T03:43:26.6415739Z   redirects to the organization dashboard when authorized
2024-03-11T03:43:26.6417514Z 
2024-03-11T03:43:26.6417917Z Base Item Admin
2024-03-11T03:43:26.6419819Z   While signed in as an Administrative User (super admin)
2024-03-11T03:43:27.1749280Z     can view a listing of all Base Items that shows a summary of its sub-items
2024-03-11T03:43:27.6339555Z     can view a single Base Item
2024-03-11T03:43:27.6340164Z     when updating an existing base item
2024-03-11T03:43:28.4893523Z       should succeed when changing the name
2024-03-11T03:43:29.3045201Z       should fail when updating the name to empty
2024-03-11T03:43:29.3046022Z     when creating a new base item
2024-03-11T03:43:30.1022713Z       should succeed when creating a new base item with good data
2024-03-11T03:43:30.8113141Z       should fail when creating a new base item with empty attributes
2024-03-11T03:43:30.8115482Z   While signed in as an Administrative User with no organization (super admin no org)
2024-03-11T03:43:31.2655311Z     can view a single Base Item
2024-03-11T03:43:31.7726257Z     can view a listing of all Base Items that shows a summary of its sub-items
2024-03-11T03:43:31.7727340Z     when updating an existing base item
2024-03-11T03:43:32.5827955Z       should succeed when changing the name
2024-03-11T03:43:33.3099687Z       should fail when updating the name to empty
2024-03-11T03:43:33.3100555Z     when creating a new base item
2024-03-11T03:43:34.0376038Z       should fail when creating a new base item with empty attributes
2024-03-11T03:43:34.8322809Z       should succeed when creating a new base item with good data
2024-03-11T03:43:34.8323811Z   While signed in as a normal user
2024-03-11T03:43:36.2423193Z     should have a normal user not see anything
2024-03-11T03:43:36.2423846Z 
2024-03-11T03:43:36.2424094Z Family requests
2024-03-11T03:43:36.2426171Z   filtering children
2024-03-11T03:43:37.2435912Z     user can see a list of children filtered by first_name
2024-03-11T03:43:38.2079721Z     user can see a list of children filtered by guardian name
2024-03-11T03:43:38.2080440Z   for children with different items, from different families
2024-03-11T03:43:39.8530691Z     it creates family requests
2024-03-11T03:43:39.8531792Z 
2024-03-11T03:43:39.8532045Z Vendors
2024-03-11T03:43:39.8533541Z   While not signed in
2024-03-11T03:43:39.8684701Z     redirects the user to the sign-in page for CRUD actions
2024-03-11T03:43:39.8685632Z   While signed in
2024-03-11T03:43:39.8687037Z     POST #create
2024-03-11T03:43:39.9412018Z       flash error
2024-03-11T03:43:40.0164099Z       successful create
2024-03-11T03:43:40.0165093Z     GET #show
2024-03-11T03:43:40.0475462Z       returns http success
2024-03-11T03:43:40.0476058Z     Looking at a different organization
2024-03-11T03:43:40.2205666Z       redirects the user to the sign-in page for CRUD actions
2024-03-11T03:43:40.2206909Z     GET #index
2024-03-11T03:43:40.2207581Z       csv
2024-03-11T03:43:40.2382248Z         is expected to be successful
2024-03-11T03:43:40.2383039Z       html
2024-03-11T03:43:40.2700472Z         is expected to be successful
2024-03-11T03:43:40.2701200Z     XHR #create
2024-03-11T03:43:40.3020327Z       successful create
2024-03-11T03:43:40.3329744Z       flash error
2024-03-11T03:43:40.3330899Z     when on vendors index page
2024-03-11T03:43:40.3608941Z       has the correct import type
2024-03-11T03:43:40.3610051Z     DELETE #destroy
2024-03-11T03:43:40.3695681Z       does not have a route for this
2024-03-11T03:43:40.3698170Z     GET #edit
2024-03-11T03:43:40.3999893Z       returns http success
2024-03-11T03:43:40.4000578Z     POST #import_csv
2024-03-11T03:43:40.4001369Z       csv file with wrong headers
2024-03-11T03:43:40.4125190Z         redirects
2024-03-11T03:43:40.4244169Z         presents a flash error message
2024-03-11T03:43:40.4245141Z       with a csv file
2024-03-11T03:43:40.4426539Z         redirects
2024-03-11T03:43:40.4604579Z         presents a flash notice message
2024-03-11T03:43:40.4640133Z         invokes .import_csv
2024-03-11T03:43:40.4640845Z       without a csv file
2024-03-11T03:43:40.4751703Z         presents a flash error message
2024-03-11T03:43:40.4861165Z         redirects to :index
2024-03-11T03:43:40.4861888Z     GET #new
2024-03-11T03:43:40.5137475Z       returns http success
2024-03-11T03:43:40.5138393Z 
2024-03-11T03:43:40.5138982Z DonationSites
2024-03-11T03:43:40.5139877Z   while signed in
2024-03-11T03:43:40.5140823Z     GET #index
2024-03-11T03:43:40.5141889Z       html
2024-03-11T03:43:40.5481714Z         is expected to be successful
2024-03-11T03:43:40.5483631Z       csv
2024-03-11T03:43:40.5633515Z         is expected to be successful
2024-03-11T03:43:40.5634879Z 
2024-03-11T03:43:40.5635746Z Organizations
2024-03-11T03:43:40.5636915Z   When signed in as a super admin
2024-03-11T03:43:40.5638598Z     POST #demote_to_user
2024-03-11T03:43:40.6028103Z       runs successfully
2024-03-11T03:43:40.6028933Z     POST #promote_to_org_admin
2024-03-11T03:43:40.6258270Z       runs successfully
2024-03-11T03:43:40.6258939Z     PUT #deactivate_user
2024-03-11T03:43:40.6430987Z       deactivates the user
2024-03-11T03:43:40.6589032Z       redirect after update
2024-03-11T03:43:40.6589824Z     PUT #reactivate_user
2024-03-11T03:43:40.6759832Z       redirect after update
2024-03-11T03:43:40.6955908Z       reactivates the user
2024-03-11T03:43:40.6956824Z   While signed in as a normal user
2024-03-11T03:43:40.6957471Z     GET #edit
2024-03-11T03:43:40.7080896Z       is expected to redirect to "/db_1/dashboard"
2024-03-11T03:43:40.7194667Z       is expected to have error
2024-03-11T03:43:40.7195333Z     PATCH #update
2024-03-11T03:43:40.7309100Z       is expected to redirect to "/db_1/dashboard"
2024-03-11T03:43:40.7421864Z       is expected to have error
2024-03-11T03:43:40.7422737Z     GET #show
2024-03-11T03:43:40.7874408Z       is expected to be successful
2024-03-11T03:43:40.8278135Z       load the current organization
2024-03-11T03:43:40.8279225Z   While signed in as an organization admin
2024-03-11T03:43:40.8280723Z     POST #demote_to_user
2024-03-11T03:43:40.8623861Z       runs correctly
2024-03-11T03:43:40.8624640Z     PATCH #update
2024-03-11T03:43:40.8799937Z       should be redirect after update
2024-03-11T03:43:40.8983807Z       can update name
2024-03-11T03:43:40.8984347Z       when organization can not be updated
2024-03-11T03:43:40.9466373Z         renders edit template with an error message
2024-03-11T03:43:40.9467562Z     PUT #reactivate_user
2024-03-11T03:43:40.9657480Z       reactivates the user
2024-03-11T03:43:40.9828279Z       redirect after update
2024-03-11T03:43:40.9828973Z     PUT #deactivate_user
2024-03-11T03:43:40.9999753Z       deactivates the user
2024-03-11T03:43:41.0157024Z       redirect after update
2024-03-11T03:43:41.0157816Z     GET #edit
2024-03-11T03:43:41.0654852Z       is expected to be successful
2024-03-11T03:43:41.1096642Z       initializing the given organization
2024-03-11T03:43:41.1528749Z       is expected to render template matcher "edit"
2024-03-11T03:43:41.1529581Z     POST #promote_to_org_admin
2024-03-11T03:43:41.1757398Z       runs successfully
2024-03-11T03:43:41.1758109Z     when attempting to access a different organization
2024-03-11T03:43:41.1758906Z       POST #promote_to_org_admin
2024-03-11T03:43:41.3788211Z         redirects after update
2024-03-11T03:43:41.3789334Z       GET #show
2024-03-11T03:43:41.5919510Z         shows your own anyway
2024-03-11T03:43:41.8039634Z       GET #edit
2024-03-11T03:43:41.8040420Z         shows your own anyway
2024-03-11T03:43:41.8040902Z 
2024-03-11T03:43:41.8041110Z /account_requests
2024-03-11T03:43:41.8042710Z   GET #confirm
2024-03-11T03:43:41.8044055Z     when given a token that has already been confirmed
2024-03-11T03:43:41.9885009Z       should render a error that says that is code provided is invalid
2024-03-11T03:43:41.9886047Z     when given a valid token
2024-03-11T03:43:42.0076652Z       should the update confirmed_at on the account_request, queue confirmation email and render confirm template
2024-03-11T03:43:42.0078081Z     when given a invalid token
2024-03-11T03:43:42.0132585Z       should render a error that says that is code provided is invalid
2024-03-11T03:43:42.0133619Z   GET #new
2024-03-11T03:43:42.0249223Z     renders a successful response
2024-03-11T03:43:42.0250152Z   POST #create
2024-03-11T03:43:42.0250897Z     with invalid parameters
2024-03-11T03:43:42.0409638Z       renders a successful response (i.e. to display the 'new' template)
2024-03-11T03:43:42.0570881Z       does not create a new AccountRequest
2024-03-11T03:43:42.0571699Z     with valid parameters
2024-03-11T03:43:42.0690417Z       creates a new AccountRequest
2024-03-11T03:43:42.0795047Z       delivers the confirmation email via default queue
2024-03-11T03:43:42.0908786Z       redirects to the created account_request confirmation
2024-03-11T03:43:42.0909871Z   GET #confirmation
2024-03-11T03:43:42.0910893Z     when given a valid token
2024-03-11T03:43:42.1038382Z       should render the confirmation template
2024-03-11T03:43:42.1039457Z     when given a token that has already been confirmed
2024-03-11T03:43:42.2968130Z       should render a error that says that is code provided is invalid
2024-03-11T03:43:42.2969385Z     when given a invalid token
2024-03-11T03:43:42.3028812Z       should render a error that says that is code provided is invalid
2024-03-11T03:43:42.3029842Z   GET #received
2024-03-11T03:43:42.3030620Z     when given a valid token
2024-03-11T03:43:42.3166468Z       should render the received template
2024-03-11T03:43:42.3167258Z     when given a invalid token
2024-03-11T03:43:42.3221512Z       should render a error that says that is code provided is invalid
2024-03-11T03:43:42.3356695Z W, [2024-03-10T20:43:42.335415 #2644]  WARN -- : [knapsack_pro] POST https://api-disabled-for-fork.knapsackpro.com/v1/build_subsets
2024-03-11T03:43:42.3358762Z W, [2024-03-10T20:43:42.335455 #2644]  WARN -- : [knapsack_pro] Request failed due to:
2024-03-11T03:43:42.3360919Z W, [2024-03-10T20:43:42.335470 #2644]  WARN -- : [knapsack_pro] #<SocketError: Failed to open TCP connection to api-disabled-for-fork.knapsackpro.com:443 (getaddrinfo: Name or service not known)>
2024-03-11T03:43:42.3364395Z W, [2024-03-10T20:43:42.335501 #2644]  WARN -- : [knapsack_pro] Time execution report was not saved on Knapsack Pro API server due to connection problem.
2024-03-11T03:43:42.3365866Z 
2024-03-11T03:43:42.3366569Z Finished in 1 minute 36.23 seconds (files took 8.12 seconds to load)
2024-03-11T03:43:42.3367616Z 226 examples, 0 failures
2024-03-11T03:43:42.3368597Z 
2024-03-11T03:43:42.3368855Z Randomized with seed 47516
2024-03-11T03:43:42.3369414Z 
2024-03-11T03:43:42.8025954Z Coverage report generated for RSpec to /home/runner/work/human-essentials/human-essentials/coverage. 3683 / 6463 LOC (56.99%) covered.
2024-03-11T03:43:43.2968828Z Coverage report generated for RSpec to /home/runner/work/human-essentials/human-essentials/coverage. 38 / 10759 LOC (0.35%) covered.
2024-03-11T03:43:43.3518225Z Post job cleanup.
2024-03-11T03:43:43.4510344Z [command]/usr/bin/git version
2024-03-11T03:43:43.4558295Z git version 2.43.2
2024-03-11T03:43:43.4599320Z Temporarily overriding HOME='/home/runner/work/_temp/8d5e412e-a47f-415c-bb06-edbd8279f6f1' before making global git config changes
2024-03-11T03:43:43.4600583Z Adding repository directory to the temporary git global config as a safe directory
2024-03-11T03:43:43.4605591Z [command]/usr/bin/git config --global --add safe.directory /home/runner/work/human-essentials/human-essentials
2024-03-11T03:43:43.4645875Z [command]/usr/bin/git config --local --name-only --get-regexp core\.sshCommand
2024-03-11T03:43:43.4684208Z [command]/usr/bin/git submodule foreach --recursive sh -c "git config --local --name-only --get-regexp 'core\.sshCommand' && git config --local --unset-all 'core.sshCommand' || :"
2024-03-11T03:43:43.4921657Z [command]/usr/bin/git config --local --name-only --get-regexp http\.https\:\/\/github\.com\/\.extraheader
2024-03-11T03:43:43.4950820Z http.https://github.com/.extraheader
2024-03-11T03:43:43.4960326Z [command]/usr/bin/git config --local --unset-all http.https://github.com/.extraheader
2024-03-11T03:43:43.4999225Z [command]/usr/bin/git submodule foreach --recursive sh -c "git config --local --name-only --get-regexp 'http\.https\:\/\/github\.com\/\.extraheader' && git config --local --unset-all 'http.https://github.com/.extraheader' || :"
2024-03-11T03:43:43.5381480Z Print service container logs: 28c4a5d7a6844329abb17de8acb437b3_postgres123_d889d5
2024-03-11T03:43:43.5386624Z ##[command]/usr/bin/docker logs --details 45a83138011f778c3e099569f4a48876c96d3024cf288f8a0c8b686b776c815a
2024-03-11T03:43:43.5504237Z  The files belonging to this database system will be owned by user "postgres".
2024-03-11T03:43:43.5505245Z  This user must also own the server process.
2024-03-11T03:43:43.5505852Z  
2024-03-11T03:43:43.5506959Z  The database cluster will be initialized with locale "en_US.utf8".
2024-03-11T03:43:43.5507707Z  The default database encoding has accordingly been set to "UTF8".
2024-03-11T03:43:43.5508449Z  The default text search configuration will be set to "english".
2024-03-11T03:43:43.5509160Z  
2024-03-11T03:43:43.5509527Z  Data page checksums are disabled.
2024-03-11T03:43:43.5510025Z  
2024-03-11T03:43:43.5510619Z  fixing permissions on existing directory /var/lib/postgresql/data ... ok
2024-03-11T03:43:43.5511492Z  creating subdirectories ... ok
2024-03-11T03:43:43.5512139Z  selecting dynamic shared memory implementation ... posix
2024-03-11T03:43:43.5512872Z  selecting default max_connections ... 100
2024-03-11T03:43:43.5514612Z  initdb: warning: enabling "trust" authentication for local connections
2024-03-11T03:43:43.5515675Z  You can change this by editing pg_hba.conf or using the option -A, or
2024-03-11T03:43:43.5516639Z  --auth-local and --auth-host, the next time you run initdb.
2024-03-11T03:43:43.5517734Z  2024-03-11 03:40:34.532 UTC [1] LOG:  starting PostgreSQL 12.3 (Debian 12.3-1.pgdg100+1) on x86_64-pc-linux-gnu, compiled by gcc (Debian 8.3.0-6) 8.3.0, 64-bit
2024-03-11T03:43:43.5518687Z  2024-03-11 03:40:34.533 UTC [1] LOG:  listening on IPv4 address "0.0.0.0", port 5432
2024-03-11T03:43:43.5519326Z  2024-03-11 03:40:34.533 UTC [1] LOG:  listening on IPv6 address "::", port 5432
2024-03-11T03:43:43.5520029Z  2024-03-11 03:40:34.534 UTC [1] LOG:  listening on Unix socket "/var/run/postgresql/.s.PGSQL.5432"
2024-03-11T03:43:43.5520811Z  2024-03-11 03:40:34.545 UTC [56] LOG:  database system was shut down at 2024-03-11 03:40:34 UTC
2024-03-11T03:43:43.5522022Z  2024-03-11 03:40:34.549 UTC [1] LOG:  database system is ready to accept connections
2024-03-11T03:43:43.5525558Z  2024-03-11 03:40:43.718 UTC [70] FATAL:  role "root" does not exist
2024-03-11T03:43:43.5526456Z  2024-03-11 03:40:53.800 UTC [77] FATAL:  role "root" does not exist
2024-03-11T03:43:43.5527408Z  2024-03-11 03:41:03.903 UTC [85] FATAL:  role "root" does not exist
2024-03-11T03:43:43.5529053Z  2024-03-11 03:41:07.487 UTC [86] FATAL:  database "diaper_test" does not exist
2024-03-11T03:43:43.5530088Z  2024-03-11 03:41:14.004 UTC [95] FATAL:  role "root" does not exist
2024-03-11T03:43:43.5530811Z  2024-03-11 03:41:14.391 UTC [96] ERROR:  relation "flipper_gates" does not exist at character 491
2024-03-11T03:43:43.5531642Z  2024-03-11 03:41:14.391 UTC [96] STATEMENT:  SELECT a.attname, format_type(a.atttypid, a.atttypmod),
2024-03-11T03:43:43.5532387Z  	       pg_get_expr(d.adbin, d.adrelid), a.attnotnull, a.atttypid, a.atttypmod,
2024-03-11T03:43:43.5532994Z  	       c.collname, col_description(a.attrelid, a.attnum) AS comment,
2024-03-11T03:43:43.5533443Z  	       attgenerated as attgenerated
2024-03-11T03:43:43.5533780Z  	  FROM pg_attribute a
2024-03-11T03:43:43.5534204Z  	  LEFT JOIN pg_attrdef d ON a.attrelid = d.adrelid AND a.attnum = d.adnum
2024-03-11T03:43:43.5534710Z  	  LEFT JOIN pg_type t ON a.atttypid = t.oid
2024-03-11T03:43:43.5535272Z  	  LEFT JOIN pg_collation c ON a.attcollation = c.oid AND a.attcollation <> t.typcollation
2024-03-11T03:43:43.5535849Z  	 WHERE a.attrelid = '"flipper_gates"'::regclass
2024-03-11T03:43:43.5536248Z  	   AND a.attnum > 0 AND NOT a.attisdropped
2024-03-11T03:43:43.5536593Z  	 ORDER BY a.attnum
2024-03-11T03:43:43.5536827Z  	
2024-03-11T03:43:43.5537154Z  2024-03-11 03:41:24.107 UTC [107] FATAL:  role "root" does not exist
2024-03-11T03:43:43.5537700Z  2024-03-11 03:41:34.203 UTC [116] FATAL:  role "root" does not exist
2024-03-11T03:43:43.5538489Z  2024-03-11 03:41:44.281 UTC [124] FATAL:  role "root" does not exist
2024-03-11T03:43:43.5539052Z  2024-03-11 03:41:54.357 UTC [133] FATAL:  role "root" does not exist
2024-03-11T03:43:43.5539591Z  2024-03-11 03:42:04.449 UTC [142] FATAL:  role "root" does not exist
2024-03-11T03:43:43.5540122Z  2024-03-11 03:42:14.531 UTC [151] FATAL:  role "root" does not exist
2024-03-11T03:43:43.5540654Z  2024-03-11 03:42:24.640 UTC [160] FATAL:  role "root" does not exist
2024-03-11T03:43:43.5541116Z  selecting default shared_buffers ... 128MB
2024-03-11T03:43:43.5541490Z  selecting default time zone ... Etc/UTC
2024-03-11T03:43:43.5541841Z  creating configuration files ... ok
2024-03-11T03:43:43.5542176Z  running bootstrap script ... ok
2024-03-11T03:43:43.5542542Z  performing post-bootstrap initialization ... ok
2024-03-11T03:43:43.5542921Z  syncing data to disk ... ok
2024-03-11T03:43:43.5543189Z  
2024-03-11T03:43:43.5543370Z  
2024-03-11T03:43:43.5543655Z  Success. You can now start the database server using:
2024-03-11T03:43:43.5544028Z  
2024-03-11T03:43:43.5544304Z      pg_ctl -D /var/lib/postgresql/data -l logfile start
2024-03-11T03:43:43.5544676Z  
2024-03-11T03:43:43.5545492Z  waiting for server to start....2024-03-11 03:40:34.329 UTC [47] LOG:  starting PostgreSQL 12.3 (Debian 12.3-1.pgdg100+1) on x86_64-pc-linux-gnu, compiled by gcc (Debian 8.3.0-6) 8.3.0, 64-bit
2024-03-11T03:43:43.5546631Z  2024-03-11 03:40:34.330 UTC [47] LOG:  listening on Unix socket "/var/run/postgresql/.s.PGSQL.5432"
2024-03-11T03:43:43.5547393Z  2024-03-11 03:40:34.341 UTC [48] LOG:  database system was shut down at 2024-03-11 03:40:34 UTC
2024-03-11T03:43:43.5548081Z  2024-03-11 03:40:34.348 UTC [47] LOG:  database system is ready to accept connections
2024-03-11T03:43:43.5548560Z   done
2024-03-11T03:43:43.5548769Z  server started
2024-03-11T03:43:43.5548990Z  
2024-03-11T03:43:43.5549432Z  /usr/local/bin/docker-entrypoint.sh: ignoring /docker-entrypoint-initdb.d/*
2024-03-11T03:43:43.5549917Z  
2024-03-11T03:43:43.5550240Z  2024-03-11 03:40:34.422 UTC [47] LOG:  received fast shutdown request
2024-03-11T03:43:43.5550946Z  waiting for server to shut down....2024-03-11 03:40:34.422 UTC [47] LOG:  aborting any active transactions
2024-03-11T03:43:43.5551854Z  2024-03-11 03:40:34.424 UTC [47] LOG:  background worker "logical replication launcher" (PID 54) exited with exit code 1
2024-03-11T03:43:43.5552538Z  2024-03-11 03:40:34.424 UTC [49] LOG:  shutting down
2024-03-11T03:43:43.5553156Z  2024-03-11 03:40:34.431 UTC [47] LOG:  database system is shut down
2024-03-11T03:43:43.5553576Z   done
2024-03-11T03:43:43.5553783Z  server stopped
2024-03-11T03:43:43.5554005Z  
2024-03-11T03:43:43.5554288Z  PostgreSQL init process complete; ready for start up.
2024-03-11T03:43:43.5554654Z  
2024-03-11T03:43:43.5554981Z  2024-03-11 03:42:34.745 UTC [168] FATAL:  role "root" does not exist
2024-03-11T03:43:43.5555517Z  2024-03-11 03:42:44.838 UTC [177] FATAL:  role "root" does not exist
2024-03-11T03:43:43.5556055Z  2024-03-11 03:42:54.919 UTC [185] FATAL:  role "root" does not exist
2024-03-11T03:43:43.5556585Z  2024-03-11 03:43:05.005 UTC [194] FATAL:  role "root" does not exist
2024-03-11T03:43:43.5557115Z  2024-03-11 03:43:15.101 UTC [204] FATAL:  role "root" does not exist
2024-03-11T03:43:43.5557640Z  2024-03-11 03:43:25.182 UTC [212] FATAL:  role "root" does not exist
2024-03-11T03:43:43.5558162Z  2024-03-11 03:43:35.268 UTC [220] FATAL:  role "root" does not exist
2024-03-11T03:43:43.5565311Z Stop and remove container: 28c4a5d7a6844329abb17de8acb437b3_postgres123_d889d5
2024-03-11T03:43:43.5570875Z ##[command]/usr/bin/docker rm --force 45a83138011f778c3e099569f4a48876c96d3024cf288f8a0c8b686b776c815a
2024-03-11T03:43:43.8062411Z 45a83138011f778c3e099569f4a48876c96d3024cf288f8a0c8b686b776c815a
2024-03-11T03:43:43.8087471Z Remove container network: github_network_bd72a074d1274e8cb7a7f1a8c0b02807
2024-03-11T03:43:43.8092457Z ##[command]/usr/bin/docker network rm github_network_bd72a074d1274e8cb7a7f1a8c0b02807
2024-03-11T03:43:44.0740899Z github_network_bd72a074d1274e8cb7a7f1a8c0b02807
2024-03-11T03:43:44.0904841Z Cleaning up orphan processes
