2024-03-11T02:28:15.0613250Z Requested labels: ubuntu-latest
2024-03-11T02:28:15.0613550Z Job defined at: rubyforgood/human-essentials/.github/workflows/rspec-system-events.yml@refs/pull/4181/merge
2024-03-11T02:28:15.0613662Z Waiting for a runner to pick up this job...
2024-03-11T02:28:16.4717392Z Job is waiting for a hosted runner to come online.
2024-03-11T02:28:18.5641909Z Job is about to start running on the hosted runner: GitHub Actions 6 (hosted)
2024-03-11T02:28:20.6667751Z Current runner version: '2.314.1'
2024-03-11T02:28:20.6691679Z ##[group]Operating System
2024-03-11T02:28:20.6692457Z Ubuntu
2024-03-11T02:28:20.6692804Z 22.04.4
2024-03-11T02:28:20.6693084Z LTS
2024-03-11T02:28:20.6693500Z ##[endgroup]
2024-03-11T02:28:20.6693892Z ##[group]Runner Image
2024-03-11T02:28:20.6694279Z Image: ubuntu-22.04
2024-03-11T02:28:20.6694742Z Version: 20240304.1.0
2024-03-11T02:28:20.6695743Z Included Software: https://github.com/actions/runner-images/blob/ubuntu22/20240304.1/images/ubuntu/Ubuntu2204-Readme.md
2024-03-11T02:28:20.6697248Z Image Release: https://github.com/actions/runner-images/releases/tag/ubuntu22%2F20240304.1
2024-03-11T02:28:20.6698073Z ##[endgroup]
2024-03-11T02:28:20.6698503Z ##[group]Runner Image Provisioner
2024-03-11T02:28:20.6699051Z 2.0.359.1
2024-03-11T02:28:20.6699348Z ##[endgroup]
2024-03-11T02:28:20.6701392Z ##[group]GITHUB_TOKEN Permissions
2024-03-11T02:28:20.6703046Z Actions: read
2024-03-11T02:28:20.6703469Z Checks: read
2024-03-11T02:28:20.6704101Z Contents: read
2024-03-11T02:28:20.6704572Z Deployments: read
2024-03-11T02:28:20.6705020Z Discussions: read
2024-03-11T02:28:20.6705377Z Issues: read
2024-03-11T02:28:20.6705749Z Metadata: read
2024-03-11T02:28:20.6706178Z Packages: read
2024-03-11T02:28:20.6706530Z Pages: read
2024-03-11T02:28:20.6706891Z PullRequests: read
2024-03-11T02:28:20.6707365Z RepositoryProjects: read
2024-03-11T02:28:20.6707785Z SecurityEvents: read
2024-03-11T02:28:20.6708182Z Statuses: read
2024-03-11T02:28:20.6708629Z ##[endgroup]
2024-03-11T02:28:20.6711612Z Secret source: None
2024-03-11T02:28:20.6712166Z Prepare workflow directory
2024-03-11T02:28:20.7689086Z Prepare all required actions
2024-03-11T02:28:20.7848656Z Getting action download info
2024-03-11T02:28:20.9328319Z Download action repository 'actions/checkout@v2' (SHA:ee0669bd1cc54295c223e0bb666b733df41de1c5)
2024-03-11T02:28:21.0555029Z Download action repository 'ruby/setup-ruby@v1' (SHA:d4526a55538b775af234ba4af27118ed6f8f6677)
2024-03-11T02:28:21.2778512Z Download action repository 'actions/upload-artifact@v2' (SHA:82c141cc518b40d92cc801eee768e7aafc9c2fa2)
2024-03-11T02:28:21.4224380Z Complete job name: rspec-system-events (6, 2)
2024-03-11T02:28:21.4874664Z ##[group]Checking docker version
2024-03-11T02:28:21.4889244Z ##[command]/usr/bin/docker version --format '{{.Server.APIVersion}}'
2024-03-11T02:28:21.5388653Z '1.43'
2024-03-11T02:28:21.5401261Z Docker daemon API version: '1.43'
2024-03-11T02:28:21.5402073Z ##[command]/usr/bin/docker version --format '{{.Client.APIVersion}}'
2024-03-11T02:28:21.5558966Z '1.43'
2024-03-11T02:28:21.5571666Z Docker client API version: '1.43'
2024-03-11T02:28:21.5577957Z ##[endgroup]
2024-03-11T02:28:21.5582787Z ##[group]Clean up resources from previous jobs
2024-03-11T02:28:21.5588677Z ##[command]/usr/bin/docker ps --all --quiet --no-trunc --filter "label=b224f0"
2024-03-11T02:28:21.5732259Z ##[command]/usr/bin/docker network prune --force --filter "label=b224f0"
2024-03-11T02:28:21.5857373Z ##[endgroup]
2024-03-11T02:28:21.5857835Z ##[group]Create local container network
2024-03-11T02:28:21.5867993Z ##[command]/usr/bin/docker network create --label b224f0 github_network_e83bbef51faf42bfa873bd869322d549
2024-03-11T02:28:21.6706363Z 14fd12162010d35520bc82fef026d77369d28b665a0aae9d9d1bcc00bbff44e2
2024-03-11T02:28:21.6729171Z ##[endgroup]
2024-03-11T02:28:21.6803718Z ##[group]Starting db service container
2024-03-11T02:28:21.6852949Z ##[command]/usr/bin/docker pull postgres:12.3
2024-03-11T02:28:21.9843931Z 12.3: Pulling from library/postgres
2024-03-11T02:28:22.0633400Z bf5952930446: Pulling fs layer
2024-03-11T02:28:22.0634414Z 9577476abb00: Pulling fs layer
2024-03-11T02:28:22.0635008Z 2bd105512d5c: Pulling fs layer
2024-03-11T02:28:22.0635554Z b1cd21c26e81: Pulling fs layer
2024-03-11T02:28:22.0636157Z 34a7c86cf8fc: Pulling fs layer
2024-03-11T02:28:22.0636631Z 274e7b0c38d5: Pulling fs layer
2024-03-11T02:28:22.0637148Z 3e831b350d37: Pulling fs layer
2024-03-11T02:28:22.0637721Z 38fa0d496534: Pulling fs layer
2024-03-11T02:28:22.0638544Z 31a8349609a4: Pulling fs layer
2024-03-11T02:28:22.0639046Z 14e4c2a4b7b7: Pulling fs layer
2024-03-11T02:28:22.0639663Z 964acfa02beb: Pulling fs layer
2024-03-11T02:28:22.0640172Z 31b1f20dffc0: Pulling fs layer
2024-03-11T02:28:22.0640674Z 14771c2930e9: Pulling fs layer
2024-03-11T02:28:22.0641254Z 2f30edd0ce8a: Pulling fs layer
2024-03-11T02:28:22.0641718Z b1cd21c26e81: Waiting
2024-03-11T02:28:22.0642163Z 34a7c86cf8fc: Waiting
2024-03-11T02:28:22.0642662Z 274e7b0c38d5: Waiting
2024-03-11T02:28:22.0643299Z 964acfa02beb: Waiting
2024-03-11T02:28:22.0643736Z 31b1f20dffc0: Waiting
2024-03-11T02:28:22.0644252Z 3e831b350d37: Waiting
2024-03-11T02:28:22.0644629Z 14771c2930e9: Waiting
2024-03-11T02:28:22.0645036Z 2f30edd0ce8a: Waiting
2024-03-11T02:28:22.0645542Z 14e4c2a4b7b7: Waiting
2024-03-11T02:28:22.0645915Z 31a8349609a4: Waiting
2024-03-11T02:28:22.0646478Z 38fa0d496534: Waiting
2024-03-11T02:28:22.1947806Z 2bd105512d5c: Verifying Checksum
2024-03-11T02:28:22.1949891Z 2bd105512d5c: Download complete
2024-03-11T02:28:22.2001354Z 9577476abb00: Verifying Checksum
2024-03-11T02:28:22.2002114Z 9577476abb00: Download complete
2024-03-11T02:28:22.3260888Z bf5952930446: Verifying Checksum
2024-03-11T02:28:22.3261859Z bf5952930446: Download complete
2024-03-11T02:28:22.3677042Z 34a7c86cf8fc: Verifying Checksum
2024-03-11T02:28:22.3678148Z 34a7c86cf8fc: Download complete
2024-03-11T02:28:22.4317973Z 274e7b0c38d5: Download complete
2024-03-11T02:28:22.4495051Z 3e831b350d37: Verifying Checksum
2024-03-11T02:28:22.4495838Z 3e831b350d37: Download complete
2024-03-11T02:28:22.5297273Z b1cd21c26e81: Verifying Checksum
2024-03-11T02:28:22.5298139Z b1cd21c26e81: Download complete
2024-03-11T02:28:22.5372865Z 38fa0d496534: Verifying Checksum
2024-03-11T02:28:22.5373824Z 38fa0d496534: Download complete
2024-03-11T02:28:22.6084134Z 14e4c2a4b7b7: Verifying Checksum
2024-03-11T02:28:22.6085152Z 14e4c2a4b7b7: Download complete
2024-03-11T02:28:22.6200297Z 964acfa02beb: Verifying Checksum
2024-03-11T02:28:22.6201038Z 964acfa02beb: Download complete
2024-03-11T02:28:22.6921198Z 31b1f20dffc0: Verifying Checksum
2024-03-11T02:28:22.6921860Z 31b1f20dffc0: Download complete
2024-03-11T02:28:22.7019083Z 14771c2930e9: Verifying Checksum
2024-03-11T02:28:22.7019827Z 14771c2930e9: Download complete
2024-03-11T02:28:22.7677159Z 2f30edd0ce8a: Verifying Checksum
2024-03-11T02:28:22.7678150Z 2f30edd0ce8a: Download complete
2024-03-11T02:28:23.0952385Z 31a8349609a4: Verifying Checksum
2024-03-11T02:28:23.0953440Z 31a8349609a4: Download complete
2024-03-11T02:28:23.5256033Z bf5952930446: Pull complete
2024-03-11T02:28:23.8204338Z 9577476abb00: Pull complete
2024-03-11T02:28:23.8348074Z 2bd105512d5c: Pull complete
2024-03-11T02:28:23.8809410Z b1cd21c26e81: Pull complete
2024-03-11T02:28:24.2365488Z 34a7c86cf8fc: Pull complete
2024-03-11T02:28:24.2753255Z 274e7b0c38d5: Pull complete
2024-03-11T02:28:24.2841149Z 3e831b350d37: Pull complete
2024-03-11T02:28:24.2940645Z 38fa0d496534: Pull complete
2024-03-11T02:28:26.5500022Z 31a8349609a4: Pull complete
2024-03-11T02:28:26.5640076Z 14e4c2a4b7b7: Pull complete
2024-03-11T02:28:26.5729993Z 964acfa02beb: Pull complete
2024-03-11T02:28:26.5829334Z 31b1f20dffc0: Pull complete
2024-03-11T02:28:26.5932028Z 14771c2930e9: Pull complete
2024-03-11T02:28:26.6042185Z 2f30edd0ce8a: Pull complete
2024-03-11T02:28:26.6093847Z Digest: sha256:a06e6e6e519b7a329c419f8221edec66cfc45511e8b80e262c12103ba745cf19
2024-03-11T02:28:26.6111613Z Status: Downloaded newer image for postgres:12.3
2024-03-11T02:28:26.6121305Z docker.io/library/postgres:12.3
2024-03-11T02:28:26.6221781Z ##[command]/usr/bin/docker create --name f2c3c0b0cb10462f8ccaf0f20aa31c45_postgres123_f2136b --label b224f0 --network github_network_e83bbef51faf42bfa873bd869322d549 --network-alias db -p 5432:5432 --health-cmd pg_isready --health-interval 10s --health-timeout 5s --health-retries 5 -e "POSTGRES_PASSWORD=password" -e GITHUB_ACTIONS=true -e CI=true postgres:12.3
2024-03-11T02:28:26.6482718Z 2da92c82b46820227aefc824630dd01b2384cc59ab97bcc05617ca9c3d5da2ff
2024-03-11T02:28:26.6504359Z ##[command]/usr/bin/docker start 2da92c82b46820227aefc824630dd01b2384cc59ab97bcc05617ca9c3d5da2ff
2024-03-11T02:28:26.8974887Z 2da92c82b46820227aefc824630dd01b2384cc59ab97bcc05617ca9c3d5da2ff
2024-03-11T02:28:26.8993471Z ##[command]/usr/bin/docker ps --all --filter id=2da92c82b46820227aefc824630dd01b2384cc59ab97bcc05617ca9c3d5da2ff --filter status=running --no-trunc --format "{{.ID}} {{.Status}}"
2024-03-11T02:28:26.9124007Z 2da92c82b46820227aefc824630dd01b2384cc59ab97bcc05617ca9c3d5da2ff Up Less than a second (health: starting)
2024-03-11T02:28:26.9150992Z ##[command]/usr/bin/docker port 2da92c82b46820227aefc824630dd01b2384cc59ab97bcc05617ca9c3d5da2ff
2024-03-11T02:28:26.9283515Z 5432/tcp -> 0.0.0.0:5432
2024-03-11T02:28:26.9284278Z 5432/tcp -> [::]:5432
2024-03-11T02:28:26.9360910Z ##[endgroup]
2024-03-11T02:28:26.9387496Z ##[group]Waiting for all services to be ready
2024-03-11T02:28:26.9424540Z ##[command]/usr/bin/docker inspect --format="{{if .Config.Healthcheck}}{{print .State.Health.Status}}{{end}}" 2da92c82b46820227aefc824630dd01b2384cc59ab97bcc05617ca9c3d5da2ff
2024-03-11T02:28:26.9561342Z starting
2024-03-11T02:28:26.9583293Z db service is starting, waiting 2 seconds before checking again.
2024-03-11T02:28:28.9590059Z ##[command]/usr/bin/docker inspect --format="{{if .Config.Healthcheck}}{{print .State.Health.Status}}{{end}}" 2da92c82b46820227aefc824630dd01b2384cc59ab97bcc05617ca9c3d5da2ff
2024-03-11T02:28:28.9708735Z starting
2024-03-11T02:28:28.9721372Z db service is starting, waiting 3 seconds before checking again.
2024-03-11T02:28:32.8792563Z ##[command]/usr/bin/docker inspect --format="{{if .Config.Healthcheck}}{{print .State.Health.Status}}{{end}}" 2da92c82b46820227aefc824630dd01b2384cc59ab97bcc05617ca9c3d5da2ff
2024-03-11T02:28:32.8917033Z starting
2024-03-11T02:28:32.8931629Z db service is starting, waiting 8 seconds before checking again.
2024-03-11T02:28:41.5291041Z ##[command]/usr/bin/docker inspect --format="{{if .Config.Healthcheck}}{{print .State.Health.Status}}{{end}}" 2da92c82b46820227aefc824630dd01b2384cc59ab97bcc05617ca9c3d5da2ff
2024-03-11T02:28:41.5418201Z healthy
2024-03-11T02:28:41.5435138Z db service is healthy.
2024-03-11T02:28:41.5436018Z ##[endgroup]
2024-03-11T02:28:41.5799091Z ##[group]Run actions/checkout@v2
2024-03-11T02:28:41.5799571Z with:
2024-03-11T02:28:41.5799903Z   repository: rubyforgood/human-essentials
2024-03-11T02:28:41.5800610Z   token: ***
2024-03-11T02:28:41.5800983Z   ssh-strict: true
2024-03-11T02:28:41.5801300Z   persist-credentials: true
2024-03-11T02:28:41.5801793Z   clean: true
2024-03-11T02:28:41.5802104Z   fetch-depth: 1
2024-03-11T02:28:41.5802393Z   lfs: false
2024-03-11T02:28:41.5802780Z   submodules: false
2024-03-11T02:28:41.5803119Z   set-safe-directory: true
2024-03-11T02:28:41.5803444Z ##[endgroup]
2024-03-11T02:28:41.7699125Z Syncing repository: rubyforgood/human-essentials
2024-03-11T02:28:41.7701843Z ##[group]Getting Git version info
2024-03-11T02:28:41.7703007Z Working directory is '/home/runner/work/human-essentials/human-essentials'
2024-03-11T02:28:41.7704707Z [command]/usr/bin/git version
2024-03-11T02:28:41.7705403Z git version 2.43.2
2024-03-11T02:28:41.7727999Z ##[endgroup]
2024-03-11T02:28:41.7747836Z Temporarily overriding HOME='/home/runner/work/_temp/c5b969cc-921e-475f-b6fa-2373800e86cc' before making global git config changes
2024-03-11T02:28:41.7749625Z Adding repository directory to the temporary git global config as a safe directory
2024-03-11T02:28:41.7752974Z [command]/usr/bin/git config --global --add safe.directory /home/runner/work/human-essentials/human-essentials
2024-03-11T02:28:41.7797654Z Deleting the contents of '/home/runner/work/human-essentials/human-essentials'
2024-03-11T02:28:41.7802486Z ##[group]Initializing the repository
2024-03-11T02:28:41.7806774Z [command]/usr/bin/git init /home/runner/work/human-essentials/human-essentials
2024-03-11T02:28:41.7891921Z hint: Using 'master' as the name for the initial branch. This default branch name
2024-03-11T02:28:41.7893712Z hint: is subject to change. To configure the initial branch name to use in all
2024-03-11T02:28:41.7895995Z hint: of your new repositories, which will suppress this warning, call:
2024-03-11T02:28:41.7897073Z hint: 
2024-03-11T02:28:41.7897989Z hint: 	git config --global init.defaultBranch <name>
2024-03-11T02:28:41.7899064Z hint: 
2024-03-11T02:28:41.7900067Z hint: Names commonly chosen instead of 'master' are 'main', 'trunk' and
2024-03-11T02:28:41.7901649Z hint: 'development'. The just-created branch can be renamed via this command:
2024-03-11T02:28:41.7902749Z hint: 
2024-03-11T02:28:41.7903452Z hint: 	git branch -m <name>
2024-03-11T02:28:41.7904669Z Initialized empty Git repository in /home/runner/work/human-essentials/human-essentials/.git/
2024-03-11T02:28:41.7912648Z [command]/usr/bin/git remote add origin https://github.com/rubyforgood/human-essentials
2024-03-11T02:28:41.7954547Z ##[endgroup]
2024-03-11T02:28:41.7955207Z ##[group]Disabling automatic garbage collection
2024-03-11T02:28:41.7957967Z [command]/usr/bin/git config --local gc.auto 0
2024-03-11T02:28:41.7994556Z ##[endgroup]
2024-03-11T02:28:41.7995264Z ##[group]Setting up auth
2024-03-11T02:28:41.8001035Z [command]/usr/bin/git config --local --name-only --get-regexp core\.sshCommand
2024-03-11T02:28:41.8039718Z [command]/usr/bin/git submodule foreach --recursive sh -c "git config --local --name-only --get-regexp 'core\.sshCommand' && git config --local --unset-all 'core.sshCommand' || :"
2024-03-11T02:28:41.8356089Z [command]/usr/bin/git config --local --name-only --get-regexp http\.https\:\/\/github\.com\/\.extraheader
2024-03-11T02:28:41.8392638Z [command]/usr/bin/git submodule foreach --recursive sh -c "git config --local --name-only --get-regexp 'http\.https\:\/\/github\.com\/\.extraheader' && git config --local --unset-all 'http.https://github.com/.extraheader' || :"
2024-03-11T02:28:41.8632195Z [command]/usr/bin/git config --local http.https://github.com/.extraheader AUTHORIZATION: basic ***
2024-03-11T02:28:41.8677796Z ##[endgroup]
2024-03-11T02:28:41.8678702Z ##[group]Fetching the repository
2024-03-11T02:28:41.8687437Z [command]/usr/bin/git -c protocol.version=2 fetch --no-tags --prune --progress --no-recurse-submodules --depth=1 origin +625d77b7f3ea05615235d68e44071388681a15bd:refs/remotes/pull/4181/merge
2024-03-11T02:28:42.0432852Z remote: Enumerating objects: 1751, done.        
2024-03-11T02:28:42.0434234Z remote: Counting objects:   0% (1/1751)        
2024-03-11T02:28:42.0435212Z remote: Counting objects:   1% (18/1751)        
2024-03-11T02:28:42.0436126Z remote: Counting objects:   2% (36/1751)        
2024-03-11T02:28:42.0458661Z remote: Counting objects:   3% (53/1751)        
2024-03-11T02:28:42.0459521Z remote: Counting objects:   4% (71/1751)        
2024-03-11T02:28:42.0460382Z remote: Counting objects:   5% (88/1751)        
2024-03-11T02:28:42.0461427Z remote: Counting objects:   6% (106/1751)        
2024-03-11T02:28:42.0462247Z remote: Counting objects:   7% (123/1751)        
2024-03-11T02:28:42.0463108Z remote: Counting objects:   8% (141/1751)        
2024-03-11T02:28:42.0464176Z remote: Counting objects:   9% (158/1751)        
2024-03-11T02:28:42.0465020Z remote: Counting objects:  10% (176/1751)        
2024-03-11T02:28:42.0465960Z remote: Counting objects:  11% (193/1751)        
2024-03-11T02:28:42.0466994Z remote: Counting objects:  12% (211/1751)        
2024-03-11T02:28:42.0467808Z remote: Counting objects:  13% (228/1751)        
2024-03-11T02:28:42.0468680Z remote: Counting objects:  14% (246/1751)        
2024-03-11T02:28:42.0469651Z remote: Counting objects:  15% (263/1751)        
2024-03-11T02:28:42.0470495Z remote: Counting objects:  16% (281/1751)        
2024-03-11T02:28:42.0471281Z remote: Counting objects:  17% (298/1751)        
2024-03-11T02:28:42.0472179Z remote: Counting objects:  18% (316/1751)        
2024-03-11T02:28:42.0472977Z remote: Counting objects:  19% (333/1751)        
2024-03-11T02:28:42.0473763Z remote: Counting objects:  20% (351/1751)        
2024-03-11T02:28:42.0474679Z remote: Counting objects:  21% (368/1751)        
2024-03-11T02:28:42.0475883Z remote: Counting objects:  22% (386/1751)        
2024-03-11T02:28:42.0476688Z remote: Counting objects:  23% (403/1751)        
2024-03-11T02:28:42.0477638Z remote: Counting objects:  24% (421/1751)        
2024-03-11T02:28:42.0478452Z remote: Counting objects:  25% (438/1751)        
2024-03-11T02:28:42.0479193Z remote: Counting objects:  26% (456/1751)        
2024-03-11T02:28:42.0480150Z remote: Counting objects:  27% (473/1751)        
2024-03-11T02:28:42.0489298Z remote: Counting objects:  28% (491/1751)        
2024-03-11T02:28:42.0490689Z remote: Counting objects:  29% (508/1751)        
2024-03-11T02:28:42.0491703Z remote: Counting objects:  30% (526/1751)        
2024-03-11T02:28:42.0492751Z remote: Counting objects:  31% (543/1751)        
2024-03-11T02:28:42.0493676Z remote: Counting objects:  32% (561/1751)        
2024-03-11T02:28:42.0494529Z remote: Counting objects:  33% (578/1751)        
2024-03-11T02:28:42.0495474Z remote: Counting objects:  34% (596/1751)        
2024-03-11T02:28:42.0496347Z remote: Counting objects:  35% (613/1751)        
2024-03-11T02:28:42.0497251Z remote: Counting objects:  36% (631/1751)        
2024-03-11T02:28:42.0498318Z remote: Counting objects:  37% (648/1751)        
2024-03-11T02:28:42.0499170Z remote: Counting objects:  38% (666/1751)        
2024-03-11T02:28:42.0500098Z remote: Counting objects:  39% (683/1751)        
2024-03-11T02:28:42.0501099Z remote: Counting objects:  40% (701/1751)        
2024-03-11T02:28:42.0501893Z remote: Counting objects:  41% (718/1751)        
2024-03-11T02:28:42.0502811Z remote: Counting objects:  42% (736/1751)        
2024-03-11T02:28:42.0503767Z remote: Counting objects:  43% (753/1751)        
2024-03-11T02:28:42.0504596Z remote: Counting objects:  44% (771/1751)        
2024-03-11T02:28:42.0505530Z remote: Counting objects:  45% (788/1751)        
2024-03-11T02:28:42.0506528Z remote: Counting objects:  46% (806/1751)        
2024-03-11T02:28:42.0507386Z remote: Counting objects:  47% (823/1751)        
2024-03-11T02:28:42.0508284Z remote: Counting objects:  48% (841/1751)        
2024-03-11T02:28:42.0509298Z remote: Counting objects:  49% (858/1751)        
2024-03-11T02:28:42.0510461Z remote: Counting objects:  50% (876/1751)        
2024-03-11T02:28:42.0511432Z remote: Counting objects:  51% (894/1751)        
2024-03-11T02:28:42.0512492Z remote: Counting objects:  52% (911/1751)        
2024-03-11T02:28:42.0513363Z remote: Counting objects:  53% (929/1751)        
2024-03-11T02:28:42.0514204Z remote: Counting objects:  54% (946/1751)        
2024-03-11T02:28:42.0515156Z remote: Counting objects:  55% (964/1751)        
2024-03-11T02:28:42.0516023Z remote: Counting objects:  56% (981/1751)        
2024-03-11T02:28:42.0516801Z remote: Counting objects:  57% (999/1751)        
2024-03-11T02:28:42.0517768Z remote: Counting objects:  58% (1016/1751)        
2024-03-11T02:28:42.0518646Z remote: Counting objects:  59% (1034/1751)        
2024-03-11T02:28:42.0519444Z remote: Counting objects:  60% (1051/1751)        
2024-03-11T02:28:42.0520455Z remote: Counting objects:  61% (1069/1751)        
2024-03-11T02:28:42.0521343Z remote: Counting objects:  62% (1086/1751)        
2024-03-11T02:28:42.0522149Z remote: Counting objects:  63% (1104/1751)        
2024-03-11T02:28:42.0523290Z remote: Counting objects:  64% (1121/1751)        
2024-03-11T02:28:42.0524222Z remote: Counting objects:  65% (1139/1751)        
2024-03-11T02:28:42.0525139Z remote: Counting objects:  66% (1156/1751)        
2024-03-11T02:28:42.0526492Z remote: Counting objects:  67% (1174/1751)        
2024-03-11T02:28:42.0527390Z remote: Counting objects:  68% (1191/1751)        
2024-03-11T02:28:42.0528252Z remote: Counting objects:  69% (1209/1751)        
2024-03-11T02:28:42.0529318Z remote: Counting objects:  70% (1226/1751)        
2024-03-11T02:28:42.0530263Z remote: Counting objects:  71% (1244/1751)        
2024-03-11T02:28:42.0531187Z remote: Counting objects:  72% (1261/1751)        
2024-03-11T02:28:42.0532194Z remote: Counting objects:  73% (1279/1751)        
2024-03-11T02:28:42.0533458Z remote: Counting objects:  74% (1296/1751)        
2024-03-11T02:28:42.0534423Z remote: Counting objects:  75% (1314/1751)        
2024-03-11T02:28:42.0535457Z remote: Counting objects:  76% (1331/1751)        
2024-03-11T02:28:42.0536336Z remote: Counting objects:  77% (1349/1751)        
2024-03-11T02:28:42.0537239Z remote: Counting objects:  78% (1366/1751)        
2024-03-11T02:28:42.0538274Z remote: Counting objects:  79% (1384/1751)        
2024-03-11T02:28:42.0539122Z remote: Counting objects:  80% (1401/1751)        
2024-03-11T02:28:42.0540046Z remote: Counting objects:  81% (1419/1751)        
2024-03-11T02:28:42.0541099Z remote: Counting objects:  82% (1436/1751)        
2024-03-11T02:28:42.0542016Z remote: Counting objects:  83% (1454/1751)        
2024-03-11T02:28:42.0542946Z remote: Counting objects:  84% (1471/1751)        
2024-03-11T02:28:42.0544058Z remote: Counting objects:  85% (1489/1751)        
2024-03-11T02:28:42.0544966Z remote: Counting objects:  86% (1506/1751)        
2024-03-11T02:28:42.0545843Z remote: Counting objects:  87% (1524/1751)        
2024-03-11T02:28:42.0546851Z remote: Counting objects:  88% (1541/1751)        
2024-03-11T02:28:42.0547711Z remote: Counting objects:  89% (1559/1751)        
2024-03-11T02:28:42.0548645Z remote: Counting objects:  90% (1576/1751)        
2024-03-11T02:28:42.0549749Z remote: Counting objects:  91% (1594/1751)        
2024-03-11T02:28:42.0550636Z remote: Counting objects:  92% (1611/1751)        
2024-03-11T02:28:42.0551515Z remote: Counting objects:  93% (1629/1751)        
2024-03-11T02:28:42.0552592Z remote: Counting objects:  94% (1646/1751)        
2024-03-11T02:28:42.0553438Z remote: Counting objects:  95% (1664/1751)        
2024-03-11T02:28:42.0554300Z remote: Counting objects:  96% (1681/1751)        
2024-03-11T02:28:42.0555357Z remote: Counting objects:  97% (1699/1751)        
2024-03-11T02:28:42.0556297Z remote: Counting objects:  98% (1716/1751)        
2024-03-11T02:28:42.0557225Z remote: Counting objects:  99% (1734/1751)        
2024-03-11T02:28:42.0558327Z remote: Counting objects: 100% (1751/1751)        
2024-03-11T02:28:42.0559561Z remote: Counting objects: 100% (1751/1751), done.        
2024-03-11T02:28:42.0560553Z remote: Compressing objects:   0% (1/1569)        
2024-03-11T02:28:42.0561712Z remote: Compressing objects:   1% (16/1569)        
2024-03-11T02:28:42.0562632Z remote: Compressing objects:   2% (32/1569)        
2024-03-11T02:28:42.0563550Z remote: Compressing objects:   3% (48/1569)        
2024-03-11T02:28:42.0564679Z remote: Compressing objects:   4% (63/1569)        
2024-03-11T02:28:42.0565650Z remote: Compressing objects:   5% (79/1569)        
2024-03-11T02:28:42.0566781Z remote: Compressing objects:   6% (95/1569)        
2024-03-11T02:28:42.0567892Z remote: Compressing objects:   7% (110/1569)        
2024-03-11T02:28:42.0568841Z remote: Compressing objects:   8% (126/1569)        
2024-03-11T02:28:42.0583423Z remote: Compressing objects:   9% (142/1569)        
2024-03-11T02:28:42.0589986Z remote: Compressing objects:  10% (157/1569)        
2024-03-11T02:28:42.0591011Z remote: Compressing objects:  11% (173/1569)        
2024-03-11T02:28:42.0595091Z remote: Compressing objects:  12% (189/1569)        
2024-03-11T02:28:42.0636240Z remote: Compressing objects:  13% (204/1569)        
2024-03-11T02:28:42.0637172Z remote: Compressing objects:  14% (220/1569)        
2024-03-11T02:28:42.0644800Z remote: Compressing objects:  15% (236/1569)        
2024-03-11T02:28:42.0645714Z remote: Compressing objects:  16% (252/1569)        
2024-03-11T02:28:42.0646776Z remote: Compressing objects:  17% (267/1569)        
2024-03-11T02:28:42.0650343Z remote: Compressing objects:  18% (283/1569)        
2024-03-11T02:28:42.0669422Z remote: Compressing objects:  19% (299/1569)        
2024-03-11T02:28:42.0688401Z remote: Compressing objects:  20% (314/1569)        
2024-03-11T02:28:42.0733927Z remote: Compressing objects:  21% (330/1569)        
2024-03-11T02:28:42.0750113Z remote: Compressing objects:  22% (346/1569)        
2024-03-11T02:28:42.0758577Z remote: Compressing objects:  23% (361/1569)        
2024-03-11T02:28:42.0770066Z remote: Compressing objects:  24% (377/1569)        
2024-03-11T02:28:42.0776487Z remote: Compressing objects:  25% (393/1569)        
2024-03-11T02:28:42.0783749Z remote: Compressing objects:  26% (408/1569)        
2024-03-11T02:28:42.0798925Z remote: Compressing objects:  27% (424/1569)        
2024-03-11T02:28:42.0808763Z remote: Compressing objects:  28% (440/1569)        
2024-03-11T02:28:42.0817096Z remote: Compressing objects:  29% (456/1569)        
2024-03-11T02:28:42.0827003Z remote: Compressing objects:  30% (471/1569)        
2024-03-11T02:28:42.0850671Z remote: Compressing objects:  31% (487/1569)        
2024-03-11T02:28:42.0861219Z remote: Compressing objects:  32% (503/1569)        
2024-03-11T02:28:42.0868608Z remote: Compressing objects:  33% (518/1569)        
2024-03-11T02:28:42.0882038Z remote: Compressing objects:  34% (534/1569)        
2024-03-11T02:28:42.0882735Z remote: Compressing objects:  35% (550/1569)        
2024-03-11T02:28:42.0883299Z remote: Compressing objects:  36% (565/1569)        
2024-03-11T02:28:42.0889214Z remote: Compressing objects:  37% (581/1569)        
2024-03-11T02:28:42.0894703Z remote: Compressing objects:  38% (597/1569)        
2024-03-11T02:28:42.0895285Z remote: Compressing objects:  39% (612/1569)        
2024-03-11T02:28:42.0899062Z remote: Compressing objects:  40% (628/1569)        
2024-03-11T02:28:42.0906664Z remote: Compressing objects:  41% (644/1569)        
2024-03-11T02:28:42.0907239Z remote: Compressing objects:  42% (659/1569)        
2024-03-11T02:28:42.0907886Z remote: Compressing objects:  43% (675/1569)        
2024-03-11T02:28:42.0915555Z remote: Compressing objects:  44% (691/1569)        
2024-03-11T02:28:42.0919569Z remote: Compressing objects:  45% (707/1569)        
2024-03-11T02:28:42.0927722Z remote: Compressing objects:  46% (722/1569)        
2024-03-11T02:28:42.0928342Z remote: Compressing objects:  47% (738/1569)        
2024-03-11T02:28:42.0928860Z remote: Compressing objects:  48% (754/1569)        
2024-03-11T02:28:42.0936846Z remote: Compressing objects:  49% (769/1569)        
2024-03-11T02:28:42.0937475Z remote: Compressing objects:  50% (785/1569)        
2024-03-11T02:28:42.0937988Z remote: Compressing objects:  51% (801/1569)        
2024-03-11T02:28:42.0941683Z remote: Compressing objects:  52% (816/1569)        
2024-03-11T02:28:42.0942288Z remote: Compressing objects:  53% (832/1569)        
2024-03-11T02:28:42.1073493Z remote: Compressing objects:  54% (848/1569)        
2024-03-11T02:28:42.1074776Z remote: Compressing objects:  55% (863/1569)        
2024-03-11T02:28:42.1075474Z remote: Compressing objects:  56% (879/1569)        
2024-03-11T02:28:42.1076157Z remote: Compressing objects:  57% (895/1569)        
2024-03-11T02:28:42.1076904Z remote: Compressing objects:  58% (911/1569)        
2024-03-11T02:28:42.1078170Z remote: Compressing objects:  59% (926/1569)        
2024-03-11T02:28:42.1078914Z remote: Compressing objects:  60% (942/1569)        
2024-03-11T02:28:42.1079761Z remote: Compressing objects:  61% (958/1569)        
2024-03-11T02:28:42.1080457Z remote: Compressing objects:  62% (973/1569)        
2024-03-11T02:28:42.1081123Z remote: Compressing objects:  63% (989/1569)        
2024-03-11T02:28:42.1081716Z remote: Compressing objects:  64% (1005/1569)        
2024-03-11T02:28:42.1082259Z remote: Compressing objects:  65% (1020/1569)        
2024-03-11T02:28:42.1082838Z remote: Compressing objects:  66% (1036/1569)        
2024-03-11T02:28:42.1086634Z remote: Compressing objects:  67% (1052/1569)        
2024-03-11T02:28:42.1091900Z remote: Compressing objects:  68% (1067/1569)        
2024-03-11T02:28:42.1095845Z remote: Compressing objects:  69% (1083/1569)        
2024-03-11T02:28:42.1096527Z remote: Compressing objects:  70% (1099/1569)        
2024-03-11T02:28:42.1112515Z remote: Compressing objects:  71% (1114/1569)        
2024-03-11T02:28:42.1127380Z remote: Compressing objects:  72% (1130/1569)        
2024-03-11T02:28:42.1134702Z remote: Compressing objects:  73% (1146/1569)        
2024-03-11T02:28:42.1137355Z remote: Compressing objects:  74% (1162/1569)        
2024-03-11T02:28:42.1157300Z remote: Compressing objects:  75% (1177/1569)        
2024-03-11T02:28:42.1228150Z remote: Compressing objects:  76% (1193/1569)        
2024-03-11T02:28:42.1250233Z remote: Compressing objects:  77% (1209/1569)        
2024-03-11T02:28:42.1261218Z remote: Compressing objects:  78% (1224/1569)        
2024-03-11T02:28:42.1291713Z remote: Compressing objects:  79% (1240/1569)        
2024-03-11T02:28:42.1327098Z remote: Compressing objects:  80% (1256/1569)        
2024-03-11T02:28:42.1360342Z remote: Compressing objects:  81% (1271/1569)        
2024-03-11T02:28:42.1391912Z remote: Compressing objects:  82% (1287/1569)        
2024-03-11T02:28:42.1431742Z remote: Compressing objects:  83% (1303/1569)        
2024-03-11T02:28:42.1453040Z remote: Compressing objects:  84% (1318/1569)        
2024-03-11T02:28:42.1490084Z remote: Compressing objects:  85% (1334/1569)        
2024-03-11T02:28:42.1544420Z remote: Compressing objects:  86% (1350/1569)        
2024-03-11T02:28:42.1563942Z remote: Compressing objects:  87% (1366/1569)        
2024-03-11T02:28:42.1565526Z remote: Compressing objects:  88% (1381/1569)        
2024-03-11T02:28:42.1601927Z remote: Compressing objects:  89% (1397/1569)        
2024-03-11T02:28:42.1603286Z remote: Compressing objects:  90% (1413/1569)        
2024-03-11T02:28:42.1604279Z remote: Compressing objects:  91% (1428/1569)        
2024-03-11T02:28:42.1605386Z remote: Compressing objects:  92% (1444/1569)        
2024-03-11T02:28:42.1606591Z remote: Compressing objects:  93% (1460/1569)        
2024-03-11T02:28:42.1607222Z remote: Compressing objects:  94% (1475/1569)        
2024-03-11T02:28:42.1607851Z remote: Compressing objects:  95% (1491/1569)        
2024-03-11T02:28:42.1608574Z remote: Compressing objects:  96% (1507/1569)        
2024-03-11T02:28:42.1609215Z remote: Compressing objects:  97% (1522/1569)        
2024-03-11T02:28:42.1609885Z remote: Compressing objects:  98% (1538/1569)        
2024-03-11T02:28:42.1611079Z remote: Compressing objects:  99% (1554/1569)        
2024-03-11T02:28:42.1611698Z remote: Compressing objects: 100% (1569/1569)        
2024-03-11T02:28:42.1612206Z remote: Compressing objects: 100% (1569/1569), done.        
2024-03-11T02:28:42.1657218Z Receiving objects:   0% (1/1751)
2024-03-11T02:28:42.1660372Z Receiving objects:   1% (18/1751)
2024-03-11T02:28:42.1718236Z Receiving objects:   2% (36/1751)
2024-03-11T02:28:42.2215441Z Receiving objects:   3% (53/1751)
2024-03-11T02:28:42.3201169Z Receiving objects:   4% (71/1751)
2024-03-11T02:28:42.3202088Z Receiving objects:   5% (88/1751)
2024-03-11T02:28:42.3205869Z Receiving objects:   6% (106/1751)
2024-03-11T02:28:42.3211587Z Receiving objects:   7% (123/1751)
2024-03-11T02:28:42.3215613Z Receiving objects:   8% (141/1751)
2024-03-11T02:28:42.3219710Z Receiving objects:   9% (158/1751)
2024-03-11T02:28:42.3222680Z Receiving objects:  10% (176/1751)
2024-03-11T02:28:42.3225667Z Receiving objects:  11% (193/1751)
2024-03-11T02:28:42.3228889Z Receiving objects:  12% (211/1751)
2024-03-11T02:28:42.3238905Z Receiving objects:  13% (228/1751)
2024-03-11T02:28:42.3250342Z Receiving objects:  14% (246/1751)
2024-03-11T02:28:42.3253821Z Receiving objects:  15% (263/1751)
2024-03-11T02:28:42.3257674Z Receiving objects:  16% (281/1751)
2024-03-11T02:28:42.3264248Z Receiving objects:  17% (298/1751)
2024-03-11T02:28:42.3268149Z Receiving objects:  18% (316/1751)
2024-03-11T02:28:42.3272711Z Receiving objects:  19% (333/1751)
2024-03-11T02:28:42.3275861Z Receiving objects:  20% (351/1751)
2024-03-11T02:28:42.3279219Z Receiving objects:  21% (368/1751)
2024-03-11T02:28:42.3282000Z Receiving objects:  22% (386/1751)
2024-03-11T02:28:42.3284839Z Receiving objects:  23% (403/1751)
2024-03-11T02:28:42.3288038Z Receiving objects:  24% (421/1751)
2024-03-11T02:28:42.3291304Z Receiving objects:  25% (438/1751)
2024-03-11T02:28:42.3302911Z Receiving objects:  26% (456/1751)
2024-03-11T02:28:42.3306628Z Receiving objects:  27% (473/1751)
2024-03-11T02:28:42.3309782Z Receiving objects:  28% (491/1751)
2024-03-11T02:28:42.3311284Z Receiving objects:  29% (508/1751)
2024-03-11T02:28:42.3314548Z Receiving objects:  30% (526/1751)
2024-03-11T02:28:42.3317802Z Receiving objects:  31% (543/1751)
2024-03-11T02:28:42.3319501Z Receiving objects:  32% (561/1751)
2024-03-11T02:28:42.3327375Z Receiving objects:  33% (578/1751)
2024-03-11T02:28:42.3328115Z Receiving objects:  34% (596/1751)
2024-03-11T02:28:42.3328871Z Receiving objects:  35% (613/1751)
2024-03-11T02:28:42.3330947Z Receiving objects:  36% (631/1751)
2024-03-11T02:28:42.3334149Z Receiving objects:  37% (648/1751)
2024-03-11T02:28:42.3335184Z Receiving objects:  38% (666/1751)
2024-03-11T02:28:42.3338308Z Receiving objects:  39% (683/1751)
2024-03-11T02:28:42.3341023Z Receiving objects:  40% (701/1751)
2024-03-11T02:28:42.3343403Z Receiving objects:  41% (718/1751)
2024-03-11T02:28:42.3346417Z Receiving objects:  42% (736/1751)
2024-03-11T02:28:42.3349741Z Receiving objects:  43% (753/1751)
2024-03-11T02:28:42.3351676Z Receiving objects:  44% (771/1751)
2024-03-11T02:28:42.3362743Z Receiving objects:  45% (788/1751)
2024-03-11T02:28:42.3366030Z Receiving objects:  46% (806/1751)
2024-03-11T02:28:42.3367207Z Receiving objects:  47% (823/1751)
2024-03-11T02:28:42.3370160Z Receiving objects:  48% (841/1751)
2024-03-11T02:28:42.3372496Z Receiving objects:  49% (858/1751)
2024-03-11T02:28:42.3373803Z Receiving objects:  50% (876/1751)
2024-03-11T02:28:42.3374864Z Receiving objects:  51% (894/1751)
2024-03-11T02:28:42.3378221Z Receiving objects:  52% (911/1751)
2024-03-11T02:28:42.3382379Z Receiving objects:  53% (929/1751)
2024-03-11T02:28:42.3386253Z Receiving objects:  54% (946/1751)
2024-03-11T02:28:42.3392067Z Receiving objects:  55% (964/1751)
2024-03-11T02:28:42.3395219Z Receiving objects:  56% (981/1751)
2024-03-11T02:28:42.3396929Z Receiving objects:  57% (999/1751)
2024-03-11T02:28:42.3398605Z Receiving objects:  58% (1016/1751)
2024-03-11T02:28:42.3400164Z Receiving objects:  59% (1034/1751)
2024-03-11T02:28:42.3402263Z Receiving objects:  60% (1051/1751)
2024-03-11T02:28:42.3412792Z Receiving objects:  61% (1069/1751)
2024-03-11T02:28:42.3414456Z Receiving objects:  62% (1086/1751)
2024-03-11T02:28:42.3416340Z Receiving objects:  63% (1104/1751)
2024-03-11T02:28:42.3418349Z Receiving objects:  64% (1121/1751)
2024-03-11T02:28:42.3420995Z Receiving objects:  65% (1139/1751)
2024-03-11T02:28:42.3423684Z Receiving objects:  66% (1156/1751)
2024-03-11T02:28:42.3424571Z Receiving objects:  67% (1174/1751)
2024-03-11T02:28:42.3426323Z Receiving objects:  68% (1191/1751)
2024-03-11T02:28:42.3428284Z Receiving objects:  69% (1209/1751)
2024-03-11T02:28:42.3429982Z Receiving objects:  70% (1226/1751)
2024-03-11T02:28:42.3436814Z Receiving objects:  71% (1244/1751)
2024-03-11T02:28:42.3448018Z Receiving objects:  72% (1261/1751)
2024-03-11T02:28:42.3450400Z Receiving objects:  73% (1279/1751)
2024-03-11T02:28:42.3454303Z Receiving objects:  74% (1296/1751)
2024-03-11T02:28:42.3697175Z Receiving objects:  75% (1314/1751)
2024-03-11T02:28:42.3904751Z Receiving objects:  76% (1331/1751)
2024-03-11T02:28:42.4019803Z Receiving objects:  77% (1349/1751)
2024-03-11T02:28:42.4261140Z Receiving objects:  78% (1366/1751)
2024-03-11T02:28:42.4445980Z Receiving objects:  79% (1384/1751)
2024-03-11T02:28:42.4632484Z Receiving objects:  80% (1401/1751)
2024-03-11T02:28:42.4637990Z Receiving objects:  81% (1419/1751)
2024-03-11T02:28:42.4640654Z Receiving objects:  82% (1436/1751)
2024-03-11T02:28:42.4644573Z Receiving objects:  83% (1454/1751)
2024-03-11T02:28:42.4649697Z Receiving objects:  84% (1471/1751)
2024-03-11T02:28:42.4653946Z Receiving objects:  85% (1489/1751)
2024-03-11T02:28:42.4660338Z Receiving objects:  86% (1506/1751)
2024-03-11T02:28:42.4667789Z Receiving objects:  87% (1524/1751)
2024-03-11T02:28:42.4672544Z Receiving objects:  88% (1541/1751)
2024-03-11T02:28:42.4677286Z Receiving objects:  89% (1559/1751)
2024-03-11T02:28:42.4683721Z Receiving objects:  90% (1576/1751)
2024-03-11T02:28:42.4690196Z Receiving objects:  91% (1594/1751)
2024-03-11T02:28:42.4695376Z Receiving objects:  92% (1611/1751)
2024-03-11T02:28:42.4699906Z Receiving objects:  93% (1629/1751)
2024-03-11T02:28:42.4704262Z Receiving objects:  94% (1646/1751)
2024-03-11T02:28:42.4708174Z Receiving objects:  95% (1664/1751)
2024-03-11T02:28:42.4710613Z Receiving objects:  96% (1681/1751)
2024-03-11T02:28:42.4719267Z Receiving objects:  97% (1699/1751)
2024-03-11T02:28:42.4727409Z Receiving objects:  98% (1716/1751)
2024-03-11T02:28:42.4743235Z Receiving objects:  99% (1734/1751)
2024-03-11T02:28:42.4744751Z remote: Total 1751 (delta 279), reused 987 (delta 142), pack-reused 0        
2024-03-11T02:28:42.4752662Z Receiving objects: 100% (1751/1751)
2024-03-11T02:28:42.4753774Z Receiving objects: 100% (1751/1751), 6.60 MiB | 21.13 MiB/s, done.
2024-03-11T02:28:42.4759245Z Resolving deltas:   0% (0/279)
2024-03-11T02:28:42.4761473Z Resolving deltas:   1% (3/279)
2024-03-11T02:28:42.4762274Z Resolving deltas:   2% (6/279)
2024-03-11T02:28:42.4762857Z Resolving deltas:   3% (9/279)
2024-03-11T02:28:42.4763462Z Resolving deltas:   4% (12/279)
2024-03-11T02:28:42.4764187Z Resolving deltas:   5% (14/279)
2024-03-11T02:28:42.4764790Z Resolving deltas:   6% (17/279)
2024-03-11T02:28:42.4765355Z Resolving deltas:   7% (20/279)
2024-03-11T02:28:42.4766942Z Resolving deltas:   8% (23/279)
2024-03-11T02:28:42.4767578Z Resolving deltas:   9% (26/279)
2024-03-11T02:28:42.4773169Z Resolving deltas:  10% (28/279)
2024-03-11T02:28:42.4774100Z Resolving deltas:  11% (31/279)
2024-03-11T02:28:42.4774745Z Resolving deltas:  12% (34/279)
2024-03-11T02:28:42.4775324Z Resolving deltas:  13% (37/279)
2024-03-11T02:28:42.4776059Z Resolving deltas:  14% (40/279)
2024-03-11T02:28:42.4776661Z Resolving deltas:  15% (42/279)
2024-03-11T02:28:42.4785763Z Resolving deltas:  16% (45/279)
2024-03-11T02:28:42.4788401Z Resolving deltas:  17% (48/279)
2024-03-11T02:28:42.4791483Z Resolving deltas:  18% (51/279)
2024-03-11T02:28:42.4794236Z Resolving deltas:  19% (54/279)
2024-03-11T02:28:42.4797111Z Resolving deltas:  20% (56/279)
2024-03-11T02:28:42.4797818Z Resolving deltas:  21% (59/279)
2024-03-11T02:28:42.4802849Z Resolving deltas:  22% (62/279)
2024-03-11T02:28:42.4803526Z Resolving deltas:  23% (65/279)
2024-03-11T02:28:42.4803958Z Resolving deltas:  24% (67/279)
2024-03-11T02:28:42.4804377Z Resolving deltas:  25% (70/279)
2024-03-11T02:28:42.4817919Z Resolving deltas:  26% (73/279)
2024-03-11T02:28:42.4818709Z Resolving deltas:  27% (76/279)
2024-03-11T02:28:42.4819935Z Resolving deltas:  28% (79/279)
2024-03-11T02:28:42.4820917Z Resolving deltas:  29% (81/279)
2024-03-11T02:28:42.4821652Z Resolving deltas:  30% (84/279)
2024-03-11T02:28:42.4822452Z Resolving deltas:  31% (87/279)
2024-03-11T02:28:42.4823450Z Resolving deltas:  32% (90/279)
2024-03-11T02:28:42.4824332Z Resolving deltas:  33% (93/279)
2024-03-11T02:28:42.4825132Z Resolving deltas:  34% (95/279)
2024-03-11T02:28:42.4825745Z Resolving deltas:  35% (98/279)
2024-03-11T02:28:42.4826429Z Resolving deltas:  36% (101/279)
2024-03-11T02:28:42.4827661Z Resolving deltas:  37% (104/279)
2024-03-11T02:28:42.4828301Z Resolving deltas:  38% (107/279)
2024-03-11T02:28:42.4828935Z Resolving deltas:  39% (109/279)
2024-03-11T02:28:42.4829856Z Resolving deltas:  40% (112/279)
2024-03-11T02:28:42.4830414Z Resolving deltas:  41% (115/279)
2024-03-11T02:28:42.4831067Z Resolving deltas:  42% (118/279)
2024-03-11T02:28:42.4831922Z Resolving deltas:  43% (120/279)
2024-03-11T02:28:42.4832689Z Resolving deltas:  44% (123/279)
2024-03-11T02:28:42.4833360Z Resolving deltas:  45% (126/279)
2024-03-11T02:28:42.4834232Z Resolving deltas:  46% (129/279)
2024-03-11T02:28:42.4834969Z Resolving deltas:  47% (132/279)
2024-03-11T02:28:42.4835631Z Resolving deltas:  48% (134/279)
2024-03-11T02:28:42.4836477Z Resolving deltas:  49% (138/279)
2024-03-11T02:28:42.4837199Z Resolving deltas:  50% (140/279)
2024-03-11T02:28:42.4838176Z Resolving deltas:  51% (143/279)
2024-03-11T02:28:42.4839020Z Resolving deltas:  52% (146/279)
2024-03-11T02:28:42.4839649Z Resolving deltas:  53% (148/279)
2024-03-11T02:28:42.4840211Z Resolving deltas:  54% (151/279)
2024-03-11T02:28:42.4840934Z Resolving deltas:  55% (154/279)
2024-03-11T02:28:42.4841537Z Resolving deltas:  56% (157/279)
2024-03-11T02:28:42.4841948Z Resolving deltas:  57% (160/279)
2024-03-11T02:28:42.4842729Z Resolving deltas:  58% (162/279)
2024-03-11T02:28:42.4843375Z Resolving deltas:  59% (165/279)
2024-03-11T02:28:42.4844007Z Resolving deltas:  60% (168/279)
2024-03-11T02:28:42.4844727Z Resolving deltas:  61% (171/279)
2024-03-11T02:28:42.4845369Z Resolving deltas:  62% (173/279)
2024-03-11T02:28:42.4846025Z Resolving deltas:  63% (176/279)
2024-03-11T02:28:42.4847009Z Resolving deltas:  64% (179/279)
2024-03-11T02:28:42.4847755Z Resolving deltas:  65% (182/279)
2024-03-11T02:28:42.4848361Z Resolving deltas:  66% (185/279)
2024-03-11T02:28:42.4849117Z Resolving deltas:  67% (187/279)
2024-03-11T02:28:42.4849760Z Resolving deltas:  68% (190/279)
2024-03-11T02:28:42.4850368Z Resolving deltas:  69% (193/279)
2024-03-11T02:28:42.4850868Z Resolving deltas:  70% (196/279)
2024-03-11T02:28:42.4851266Z Resolving deltas:  71% (199/279)
2024-03-11T02:28:42.4851606Z Resolving deltas:  72% (201/279)
2024-03-11T02:28:42.4852052Z Resolving deltas:  73% (204/279)
2024-03-11T02:28:42.4852452Z Resolving deltas:  74% (207/279)
2024-03-11T02:28:42.4852792Z Resolving deltas:  75% (210/279)
2024-03-11T02:28:42.4853228Z Resolving deltas:  76% (213/279)
2024-03-11T02:28:42.4853619Z Resolving deltas:  77% (215/279)
2024-03-11T02:28:42.4853955Z Resolving deltas:  78% (218/279)
2024-03-11T02:28:42.4854391Z Resolving deltas:  79% (221/279)
2024-03-11T02:28:42.4855046Z Resolving deltas:  80% (224/279)
2024-03-11T02:28:42.4855671Z Resolving deltas:  81% (227/279)
2024-03-11T02:28:42.4856406Z Resolving deltas:  82% (229/279)
2024-03-11T02:28:42.4857069Z Resolving deltas:  83% (232/279)
2024-03-11T02:28:42.4857658Z Resolving deltas:  84% (235/279)
2024-03-11T02:28:42.4858395Z Resolving deltas:  85% (238/279)
2024-03-11T02:28:42.4859285Z Resolving deltas:  86% (240/279)
2024-03-11T02:28:42.4859853Z Resolving deltas:  87% (243/279)
2024-03-11T02:28:42.4860558Z Resolving deltas:  88% (246/279)
2024-03-11T02:28:42.4864208Z Resolving deltas:  89% (249/279)
2024-03-11T02:28:42.4865911Z Resolving deltas:  90% (252/279)
2024-03-11T02:28:42.4866645Z Resolving deltas:  91% (254/279)
2024-03-11T02:28:42.4872734Z Resolving deltas:  92% (257/279)
2024-03-11T02:28:42.4873428Z Resolving deltas:  93% (260/279)
2024-03-11T02:28:42.4874168Z Resolving deltas:  94% (263/279)
2024-03-11T02:28:42.4874843Z Resolving deltas:  95% (267/279)
2024-03-11T02:28:42.4875491Z Resolving deltas:  96% (269/279)
2024-03-11T02:28:42.4877633Z Resolving deltas:  97% (271/279)
2024-03-11T02:28:42.4878737Z Resolving deltas:  98% (274/279)
2024-03-11T02:28:42.4881634Z Resolving deltas:  99% (277/279)
2024-03-11T02:28:42.4884583Z Resolving deltas: 100% (279/279)
2024-03-11T02:28:42.4885209Z Resolving deltas: 100% (279/279), done.
2024-03-11T02:28:42.5029562Z From https://github.com/rubyforgood/human-essentials
2024-03-11T02:28:42.5031187Z  * [new ref]         625d77b7f3ea05615235d68e44071388681a15bd -> pull/4181/merge
2024-03-11T02:28:42.5056619Z ##[endgroup]
2024-03-11T02:28:42.5057855Z ##[group]Determining the checkout info
2024-03-11T02:28:42.5058981Z ##[endgroup]
2024-03-11T02:28:42.5060037Z ##[group]Checking out the ref
2024-03-11T02:28:42.5064018Z [command]/usr/bin/git checkout --progress --force refs/remotes/pull/4181/merge
2024-03-11T02:28:42.6391990Z Note: switching to 'refs/remotes/pull/4181/merge'.
2024-03-11T02:28:42.6392613Z 
2024-03-11T02:28:42.6393028Z You are in 'detached HEAD' state. You can look around, make experimental
2024-03-11T02:28:42.6393780Z changes and commit them, and you can discard any commits you make in this
2024-03-11T02:28:42.6394567Z state without impacting any branches by switching back to a branch.
2024-03-11T02:28:42.6395231Z 
2024-03-11T02:28:42.6395516Z If you want to create a new branch to retain commits you create, you may
2024-03-11T02:28:42.6396267Z do so (now or later) by using -c with the switch command. Example:
2024-03-11T02:28:42.6396634Z 
2024-03-11T02:28:42.6396955Z   git switch -c <new-branch-name>
2024-03-11T02:28:42.6397205Z 
2024-03-11T02:28:42.6397342Z Or undo this operation with:
2024-03-11T02:28:42.6397600Z 
2024-03-11T02:28:42.6397717Z   git switch -
2024-03-11T02:28:42.6397937Z 
2024-03-11T02:28:42.6398300Z Turn off this advice by setting config variable advice.detachedHead to false
2024-03-11T02:28:42.6398731Z 
2024-03-11T02:28:42.6399203Z HEAD is now at 625d77b Merge fe82d103420086c02059fb16514b9966641d3adb into 449d8506f768bf1894e05c17983a13da27472321
2024-03-11T02:28:42.6401008Z ##[endgroup]
2024-03-11T02:28:42.6447769Z [command]/usr/bin/git log -1 --format='%H'
2024-03-11T02:28:42.6480631Z '625d77b7f3ea05615235d68e44071388681a15bd'
2024-03-11T02:28:42.6781299Z ##[group]Run ruby/setup-ruby@v1
2024-03-11T02:28:42.6781736Z with:
2024-03-11T02:28:42.6782014Z   bundler-cache: true
2024-03-11T02:28:42.6782478Z   ruby-version: default
2024-03-11T02:28:42.6782823Z ##[endgroup]
2024-03-11T02:28:42.8599490Z Using 3.2.2 as input from file .ruby-version
2024-03-11T02:28:42.8626774Z ##[group]Modifying PATH
2024-03-11T02:28:42.8627477Z Entries added to PATH to use selected Ruby:
2024-03-11T02:28:42.8628490Z   /opt/hostedtoolcache/Ruby/3.2.2/x64/bin
2024-03-11T02:28:42.8629721Z ##[endgroup]
2024-03-11T02:28:42.8650291Z ##[group]Downloading Ruby
2024-03-11T02:28:42.8653445Z https://github.com/ruby/ruby-builder/releases/download/toolcache/ruby-3.2.2-ubuntu-22.04.tar.gz
2024-03-11T02:28:43.2769427Z Took   0.41 seconds
2024-03-11T02:28:43.2770674Z ##[endgroup]
2024-03-11T02:28:43.2771755Z ##[group]Extracting  Ruby
2024-03-11T02:28:43.2806524Z [command]/usr/bin/tar -xz -C /opt/hostedtoolcache/Ruby/3.2.2 -f /home/runner/work/_temp/ca38687c-f935-4dc1-9a95-01e0e4960dca
2024-03-11T02:28:43.6823580Z Took   0.40 seconds
2024-03-11T02:28:43.6824767Z ##[endgroup]
2024-03-11T02:28:43.6825779Z ##[group]Print Ruby version
2024-03-11T02:28:43.6835890Z [command]/opt/hostedtoolcache/Ruby/3.2.2/x64/bin/ruby --version
2024-03-11T02:28:43.7049129Z ruby 3.2.2 (2023-03-30 revision e51014f9c0) [x86_64-linux]
2024-03-11T02:28:43.7066891Z Took   0.02 seconds
2024-03-11T02:28:43.7067921Z ##[endgroup]
2024-03-11T02:28:43.7068886Z ##[group]Installing Bundler
2024-03-11T02:28:43.7074494Z Using Bundler 2.5.6 from Gemfile.lock BUNDLED WITH 2.5.6
2024-03-11T02:28:43.7079433Z [command]/opt/hostedtoolcache/Ruby/3.2.2/x64/bin/gem install bundler -v 2.5.6
2024-03-11T02:28:44.4016197Z Successfully installed bundler-2.5.6
2024-03-11T02:28:44.4016734Z 1 gem installed
2024-03-11T02:28:44.4073080Z Took   0.70 seconds
2024-03-11T02:28:44.4075062Z ##[endgroup]
2024-03-11T02:28:44.4075589Z > bundle install
2024-03-11T02:28:44.4093345Z [command]/opt/hostedtoolcache/Ruby/3.2.2/x64/bin/bundle config --local path /home/runner/work/human-essentials/human-essentials/vendor/bundle
2024-03-11T02:28:44.5550143Z [command]/opt/hostedtoolcache/Ruby/3.2.2/x64/bin/bundle config --local deployment true
2024-03-11T02:28:44.7022613Z Cache key: setup-ruby-bundler-cache-v6-ubuntu-22.04-x64-ruby-3.2.2-wd-/home/runner/work/human-essentials/human-essentials-with--without--only--Gemfile.lock-90af41cb540db2526d21e3c5cbbe531ed46bcf1ba5fdc3d9e3337dd916b92c56
2024-03-11T02:28:45.5664069Z Cache Size: ~205 MB (214817878 B)
2024-03-11T02:28:45.5698434Z [command]/usr/bin/tar -xf /home/runner/work/_temp/f2470d7f-a6c5-41ed-a429-ea512dbe1e33/cache.tzst -P -C /home/runner/work/human-essentials/human-essentials --use-compress-program unzstd
2024-03-11T02:28:45.8690386Z Received 214817878 of 214817878 (100.0%), 204.9 MBs/sec
2024-03-11T02:28:47.2866434Z Cache restored successfully
2024-03-11T02:28:47.3329340Z Found cache for key: setup-ruby-bundler-cache-v6-ubuntu-22.04-x64-ruby-3.2.2-wd-/home/runner/work/human-essentials/human-essentials-with--without--only--Gemfile.lock-90af41cb540db2526d21e3c5cbbe531ed46bcf1ba5fdc3d9e3337dd916b92c56
2024-03-11T02:28:47.3363773Z [command]/opt/hostedtoolcache/Ruby/3.2.2/x64/bin/bundle install --jobs 4
2024-03-11T02:28:47.7298053Z Bundle complete! 85 Gemfile dependencies, 246 gems now installed.
2024-03-11T02:28:47.7299935Z Bundled gems are installed into `./vendor/bundle`
2024-03-11T02:28:47.7348116Z Took   3.33 seconds
2024-03-11T02:28:47.7613811Z ##[group]Run sudo apt-get -yqq install libpq-dev
2024-03-11T02:28:47.7614489Z [36;1msudo apt-get -yqq install libpq-dev[0m
2024-03-11T02:28:47.7680288Z shell: /usr/bin/bash -e {0}
2024-03-11T02:28:47.7680871Z ##[endgroup]
2024-03-11T02:28:48.9895506Z ##[group]Run bundle exec rake db:create
2024-03-11T02:28:48.9896127Z [36;1mbundle exec rake db:create[0m
2024-03-11T02:28:48.9896615Z [36;1mbundle exec rake db:schema:load[0m
2024-03-11T02:28:48.9897105Z [36;1mbundle exec rails assets:precompile[0m
2024-03-11T02:28:48.9946790Z shell: /usr/bin/bash -e {0}
2024-03-11T02:28:48.9947343Z env:
2024-03-11T02:28:48.9947713Z   POSTGRES_HOST: localhost
2024-03-11T02:28:48.9948110Z   DATABASE_HOST: localhost
2024-03-11T02:28:48.9948584Z   PG_USERNAME: postgres
2024-03-11T02:28:48.9948926Z   PG_PASSWORD: password
2024-03-11T02:28:48.9949324Z   POSTGRES_HOST_AUTH_METHOD: trust
2024-03-11T02:28:48.9949824Z   POSTGRES_PORT: 5432
2024-03-11T02:28:48.9950189Z   RAILS_ENV: test
2024-03-11T02:28:48.9950552Z ##[endgroup]
2024-03-11T02:28:55.9363930Z We could not find your database: diaper_test. Which can be found in the database configuration file located at config/database.yml.
2024-03-11T02:28:55.9364832Z 
2024-03-11T02:28:55.9365383Z To resolve this issue:
2024-03-11T02:28:55.9365690Z 
2024-03-11T02:28:55.9366759Z - Did you create the database for this app, or delete it? You may need to create your database.
2024-03-11T02:28:55.9367933Z - Has the database name changed? Check your database.yml config has the correct database name.
2024-03-11T02:28:55.9368705Z 
2024-03-11T02:28:55.9368875Z To create your database, run:
2024-03-11T02:28:55.9369237Z 
2024-03-11T02:28:55.9369400Z         bin/rails db:create
2024-03-11T02:28:55.9370177Z . You likely need to run `rails g flipper:active_record` and/or `rails db:migrate`.
2024-03-11T02:28:56.1007956Z Created database 'diaper_test'
2024-03-11T02:28:56.4034739Z Coverage report generated for RSpec to /home/runner/work/human-essentials/human-essentials/coverage. 440 / 10015 LOC (4.39%) covered.
2024-03-11T02:29:02.8644448Z PG::UndefinedTable: ERROR:  relation "flipper_gates" does not exist
2024-03-11T02:29:02.8645495Z LINE 9:  WHERE a.attrelid = '"flipper_gates"'::regclass
2024-03-11T02:29:02.8646447Z                             ^
2024-03-11T02:29:02.8647091Z . You likely need to run `rails g flipper:active_record` and/or `rails db:migrate`.
2024-03-11T02:29:03.7127194Z Coverage report generated for RSpec to /home/runner/work/human-essentials/human-essentials/coverage. 440 / 10015 LOC (4.39%) covered.
2024-03-11T02:29:38.0917664Z W, [2024-03-10T19:29:38.091381 #2385]  WARN -- : Removed sourceMappingURL comment for missing asset 'adminlte.js.map' from /home/runner/work/human-essentials/human-essentials/app/javascript/adminlte.js
2024-03-11T02:29:38.1543281Z I, [2024-03-10T19:29:38.153988 #2385]  INFO -- : Writing /home/runner/work/human-essentials/human-essentials/public/assets/manifest-90aab26ade71e747f745b1227b433fd7d580a54f279ee2be6e1a67bb326bf03a.js
2024-03-11T02:29:38.1546844Z I, [2024-03-10T19:29:38.154166 #2385]  INFO -- : Writing /home/runner/work/human-essentials/human-essentials/public/assets/manifest-90aab26ade71e747f745b1227b433fd7d580a54f279ee2be6e1a67bb326bf03a.js.gz
2024-03-11T02:29:38.1550840Z I, [2024-03-10T19:29:38.154311 #2385]  INFO -- : Writing /home/runner/work/human-essentials/human-essentials/public/assets/filterrific/filterrific-spinner-415824b210964b6cdb1db0bd9508be8644b9fde094b392f73055b20d369885b6.gif
2024-03-11T02:29:38.1554593Z I, [2024-03-10T19:29:38.154745 #2385]  INFO -- : Writing /home/runner/work/human-essentials/human-essentials/public/assets/bootstrap.min-67c48d88a8e0be178058aacb338b084191ed6d65c8fef751c50248202cf1488a.js
2024-03-11T02:29:38.1557982Z I, [2024-03-10T19:29:38.155001 #2385]  INFO -- : Writing /home/runner/work/human-essentials/human-essentials/public/assets/bootstrap.min-67c48d88a8e0be178058aacb338b084191ed6d65c8fef751c50248202cf1488a.js.gz
2024-03-11T02:29:38.1561615Z I, [2024-03-10T19:29:38.155237 #2385]  INFO -- : Writing /home/runner/work/human-essentials/human-essentials/public/assets/DiaperBase-Logo-f18172876cab49a451ca9c3178b578ab2019e03f111a6b6f3ba0c1b40b3d7c0c.png
2024-03-11T02:29:38.1565267Z I, [2024-03-10T19:29:38.155953 #2385]  INFO -- : Writing /home/runner/work/human-essentials/human-essentials/public/assets/Just-Diaper-05bf6a1b70ccad149eb4eca7b5f9fcca1f9c37bab1f8e5edb6798d66c903ba53.svg
2024-03-11T02:29:38.1568285Z I, [2024-03-10T19:29:38.156405 #2385]  INFO -- : Writing /home/runner/work/human-essentials/human-essentials/public/assets/Just-Diaper-05bf6a1b70ccad149eb4eca7b5f9fcca1f9c37bab1f8e5edb6798d66c903ba53.svg.gz
2024-03-11T02:29:38.1571984Z I, [2024-03-10T19:29:38.156755 #2385]  INFO -- : Writing /home/runner/work/human-essentials/human-essentials/public/assets/barcode-932aed25f5c148b36882be3bfb6696ecdd362ba0a709ff0674a10477f2aad8f3.svg
2024-03-11T02:29:38.1575558Z I, [2024-03-10T19:29:38.157079 #2385]  INFO -- : Writing /home/runner/work/human-essentials/human-essentials/public/assets/barcode-932aed25f5c148b36882be3bfb6696ecdd362ba0a709ff0674a10477f2aad8f3.svg.gz
2024-03-11T02:29:38.1579295Z I, [2024-03-10T19:29:38.157249 #2385]  INFO -- : Writing /home/runner/work/human-essentials/human-essentials/public/assets/bars-db7a0aaf1cd735270b170cba53dca71c75473940ab48639c609a72964eb92f4d.svg
2024-03-11T02:29:38.1583842Z I, [2024-03-10T19:29:38.157542 #2385]  INFO -- : Writing /home/runner/work/human-essentials/human-essentials/public/assets/bars-db7a0aaf1cd735270b170cba53dca71c75473940ab48639c609a72964eb92f4d.svg.gz
2024-03-11T02:29:38.1587454Z I, [2024-03-10T19:29:38.157679 #2385]  INFO -- : Writing /home/runner/work/human-essentials/human-essentials/public/assets/blue@2x-709ca6c252f762af1e5efb0ef1e7444a712cb0ec010fee01749b67a595a7c0c6.png
2024-03-11T02:29:38.1591211Z I, [2024-03-10T19:29:38.157846 #2385]  INFO -- : Writing /home/runner/work/human-essentials/human-essentials/public/assets/boxed-bg-6c60c3f8655fa4062631bbe1434face4fe3d70392159e976ec09ca6ad9330e7d.jpg
2024-03-11T02:29:38.1594878Z I, [2024-03-10T19:29:38.158012 #2385]  INFO -- : Writing /home/runner/work/human-essentials/human-essentials/public/assets/boxed-bg-eb7b1fa0c09f5ef599fc5138e33168827f2ec4e1f796cf8a78570d8a73a58190.png
2024-03-11T02:29:38.1598723Z I, [2024-03-10T19:29:38.158176 #2385]  INFO -- : Writing /home/runner/work/human-essentials/human-essentials/public/assets/dashboard-image-3db42e909886dffccb680715feccab83cc867b4581b0009558e746364e2ec332.svg
2024-03-11T02:29:38.1602812Z I, [2024-03-10T19:29:38.158311 #2385]  INFO -- : Writing /home/runner/work/human-essentials/human-essentials/public/assets/dashboard-image-3db42e909886dffccb680715feccab83cc867b4581b0009558e746364e2ec332.svg.gz
2024-03-11T02:29:38.1607004Z I, [2024-03-10T19:29:38.158418 #2385]  INFO -- : Writing /home/runner/work/human-essentials/human-essentials/public/assets/forecasting-32dffccc42e6c09203d36acbc2243b4bc746dc2f1198c1ff43def4bb48e335b2.svg
2024-03-11T02:29:38.1610680Z I, [2024-03-10T19:29:38.158524 #2385]  INFO -- : Writing /home/runner/work/human-essentials/human-essentials/public/assets/forecasting-32dffccc42e6c09203d36acbc2243b4bc746dc2f1198c1ff43def4bb48e335b2.svg.gz
2024-03-11T02:29:38.1614358Z I, [2024-03-10T19:29:38.158629 #2385]  INFO -- : Writing /home/runner/work/human-essentials/human-essentials/public/assets/hero-image-0ba273def6de748beb2a64206e115d8e4a109ad51ef255512f4c6522e5b9225b.svg
2024-03-11T02:29:38.1618172Z I, [2024-03-10T19:29:38.158839 #2385]  INFO -- : Writing /home/runner/work/human-essentials/human-essentials/public/assets/hero-image-0ba273def6de748beb2a64206e115d8e4a109ad51ef255512f4c6522e5b9225b.svg.gz
2024-03-11T02:29:38.1621859Z I, [2024-03-10T19:29:38.158945 #2385]  INFO -- : Writing /home/runner/work/human-essentials/human-essentials/public/assets/inventory-image-3d91fc8087e13632114d9d129a680b992e02aae297b2bf180089cd55792249b2.svg
2024-03-11T02:29:38.1625932Z I, [2024-03-10T19:29:38.159053 #2385]  INFO -- : Writing /home/runner/work/human-essentials/human-essentials/public/assets/inventory-image-3d91fc8087e13632114d9d129a680b992e02aae297b2bf180089cd55792249b2.svg.gz
2024-03-11T02:29:38.1632665Z I, [2024-03-10T19:29:38.159197 #2385]  INFO -- : Writing /home/runner/work/human-essentials/human-essentials/public/assets/partner-management-c2cd4a940d1cf59f66928bc5097b4d4528b6de95abcc66421edf341c59311d40.svg
2024-03-11T02:29:38.1636664Z I, [2024-03-10T19:29:38.159327 #2385]  INFO -- : Writing /home/runner/work/human-essentials/human-essentials/public/assets/partner-management-c2cd4a940d1cf59f66928bc5097b4d4528b6de95abcc66421edf341c59311d40.svg.gz
2024-03-11T02:29:38.1640180Z I, [2024-03-10T19:29:38.159530 #2385]  INFO -- : Writing /home/runner/work/human-essentials/human-essentials/public/assets/quote-e4395f28913ad7b7785c522f0b6f2363a960720cf3bc26705438f6efb55edb7d.svg
2024-03-11T02:29:38.1643635Z I, [2024-03-10T19:29:38.160076 #2385]  INFO -- : Writing /home/runner/work/human-essentials/human-essentials/public/assets/quote-e4395f28913ad7b7785c522f0b6f2363a960720cf3bc26705438f6efb55edb7d.svg.gz
2024-03-11T02:29:38.1646593Z I, [2024-03-10T19:29:38.160199 #2385]  INFO -- : Writing /home/runner/work/human-essentials/human-essentials/public/assets/report-image-a9fc71739eca5457d288f1c234a0d84237ba8eef8bd20a9935bd45d84d03ae6b.svg
2024-03-11T02:29:38.1649406Z I, [2024-03-10T19:29:38.160441 #2385]  INFO -- : Writing /home/runner/work/human-essentials/human-essentials/public/assets/report-image-a9fc71739eca5457d288f1c234a0d84237ba8eef8bd20a9935bd45d84d03ae6b.svg.gz
2024-03-11T02:29:38.1652706Z I, [2024-03-10T19:29:38.160556 #2385]  INFO -- : Writing /home/runner/work/human-essentials/human-essentials/public/assets/test-only-background-c4843e992a593298a8c43815c8950b766061a96fd7d3e92838354914c41d7243.jpg
2024-03-11T02:29:38.1655703Z I, [2024-03-10T19:29:38.160735 #2385]  INFO -- : Writing /home/runner/work/human-essentials/human-essentials/public/assets/AdminLTE-9d75f9bf2ec81bc0a0de450227ed6268dad2cd66401439503c18d3241dfb241d.css
2024-03-11T02:29:38.1658372Z I, [2024-03-10T19:29:38.160812 #2385]  INFO -- : Writing /home/runner/work/human-essentials/human-essentials/public/assets/AdminLTE-9d75f9bf2ec81bc0a0de450227ed6268dad2cd66401439503c18d3241dfb241d.css.gz
2024-03-11T02:29:38.1661292Z I, [2024-03-10T19:29:38.160909 #2385]  INFO -- : Writing /home/runner/work/human-essentials/human-essentials/public/assets/_colors-04024382391bb910584145d8113cf35ef376b55d125bb4516cebeb14ce788597.css
2024-03-11T02:29:38.1663169Z I, [2024-03-10T19:29:38.160980 #2385]  INFO -- : Writing /home/runner/work/human-essentials/human-essentials/public/assets/_colors-04024382391bb910584145d8113cf35ef376b55d125bb4516cebeb14ce788597.css.gz
2024-03-11T02:29:38.1665174Z I, [2024-03-10T19:29:38.161073 #2385]  INFO -- : Writing /home/runner/work/human-essentials/human-essentials/public/assets/application-c21613708cb0f40361dc08d066cb68c559e4b3982f802956f4439959cad9af23.css
2024-03-11T02:29:38.1667160Z I, [2024-03-10T19:29:38.161143 #2385]  INFO -- : Writing /home/runner/work/human-essentials/human-essentials/public/assets/application-c21613708cb0f40361dc08d066cb68c559e4b3982f802956f4439959cad9af23.css.gz
2024-03-11T02:29:38.1669193Z I, [2024-03-10T19:29:38.161229 #2385]  INFO -- : Writing /home/runner/work/human-essentials/human-essentials/public/assets/test-only-background-c4843e992a593298a8c43815c8950b766061a96fd7d3e92838354914c41d7243.jpg
2024-03-11T02:29:38.1671269Z I, [2024-03-10T19:29:38.161374 #2385]  INFO -- : Writing /home/runner/work/human-essentials/human-essentials/public/assets/audits-83372b845d8a4887e7e4d2315cf3c85ea60ef94ca0ec4774dfbcd3cf569c616c.css
2024-03-11T02:29:38.1673166Z I, [2024-03-10T19:29:38.161448 #2385]  INFO -- : Writing /home/runner/work/human-essentials/human-essentials/public/assets/audits-83372b845d8a4887e7e4d2315cf3c85ea60ef94ca0ec4774dfbcd3cf569c616c.css.gz
2024-03-11T02:29:38.1675314Z I, [2024-03-10T19:29:38.161546 #2385]  INFO -- : Writing /home/runner/work/human-essentials/human-essentials/public/assets/barcode_reader-3799c29218802c1dbba4c700f3863ec24505a9e3e7b54d36282fff667d7c94ca.css
2024-03-11T02:29:38.1677339Z I, [2024-03-10T19:29:38.161614 #2385]  INFO -- : Writing /home/runner/work/human-essentials/human-essentials/public/assets/barcode_reader-3799c29218802c1dbba4c700f3863ec24505a9e3e7b54d36282fff667d7c94ca.css.gz
2024-03-11T02:29:38.1679413Z I, [2024-03-10T19:29:38.161713 #2385]  INFO -- : Writing /home/runner/work/human-essentials/human-essentials/public/assets/custom-4ac26623bf6f4d95aa1164e1ad4d6cbb2bb8dda4af8e4a2f1b4368bc92491085.css
2024-03-11T02:29:38.1681423Z I, [2024-03-10T19:29:38.161780 #2385]  INFO -- : Writing /home/runner/work/human-essentials/human-essentials/public/assets/custom-4ac26623bf6f4d95aa1164e1ad4d6cbb2bb8dda4af8e4a2f1b4368bc92491085.css.gz
2024-03-11T02:29:38.1683439Z I, [2024-03-10T19:29:38.161872 #2385]  INFO -- : Writing /home/runner/work/human-essentials/human-essentials/public/assets/test-only-background-c4843e992a593298a8c43815c8950b766061a96fd7d3e92838354914c41d7243.jpg
2024-03-11T02:29:38.1685479Z I, [2024-03-10T19:29:38.162014 #2385]  INFO -- : Writing /home/runner/work/human-essentials/human-essentials/public/assets/expandable_table-cca1600cf25c44c6bea2733167509ffe9133f344e9defe984ad96bd427b29a19.css
2024-03-11T02:29:38.1688922Z I, [2024-03-10T19:29:38.162083 #2385]  INFO -- : Writing /home/runner/work/human-essentials/human-essentials/public/assets/expandable_table-cca1600cf25c44c6bea2733167509ffe9133f344e9defe984ad96bd427b29a19.css.gz
2024-03-11T02:29:38.1692964Z I, [2024-03-10T19:29:38.162180 #2385]  INFO -- : Writing /home/runner/work/human-essentials/human-essentials/public/assets/landing_page-4fe5dfcfea8b5bbd7722658652ff4ee86132a41b8aff92e9ef8b1216cb7259fa.css
2024-03-11T02:29:38.1696601Z I, [2024-03-10T19:29:38.162257 #2385]  INFO -- : Writing /home/runner/work/human-essentials/human-essentials/public/assets/landing_page-4fe5dfcfea8b5bbd7722658652ff4ee86132a41b8aff92e9ef8b1216cb7259fa.css.gz
2024-03-11T02:29:38.1700333Z I, [2024-03-10T19:29:38.162356 #2385]  INFO -- : Writing /home/runner/work/human-essentials/human-essentials/public/assets/modal-dialog-9d7ae8bb43b60ac4c7d9910700392b20618ae2db4d5db33453b157171d5e0f7d.css
2024-03-11T02:29:38.1703750Z I, [2024-03-10T19:29:38.162429 #2385]  INFO -- : Writing /home/runner/work/human-essentials/human-essentials/public/assets/modal-dialog-9d7ae8bb43b60ac4c7d9910700392b20618ae2db4d5db33453b157171d5e0f7d.css.gz
2024-03-11T02:29:38.1707566Z I, [2024-03-10T19:29:38.162523 #2385]  INFO -- : Writing /home/runner/work/human-essentials/human-essentials/public/assets/progress_stepper-7f8ef0dc05a9a00a300e56f6f3e4ccfdde4af8e392407ccc6601d60019067ccb.css
2024-03-11T02:29:38.1711652Z I, [2024-03-10T19:29:38.162590 #2385]  INFO -- : Writing /home/runner/work/human-essentials/human-essentials/public/assets/progress_stepper-7f8ef0dc05a9a00a300e56f6f3e4ccfdde4af8e392407ccc6601d60019067ccb.css.gz
2024-03-11T02:29:38.1715391Z I, [2024-03-10T19:29:38.162682 #2385]  INFO -- : Writing /home/runner/work/human-essentials/human-essentials/public/assets/transfers-c9ab43ff53dab5dc13681712afc9b6fb31d7865d5ac8c657220deff9f138fa8c.css
2024-03-11T02:29:38.1719155Z I, [2024-03-10T19:29:38.162751 #2385]  INFO -- : Writing /home/runner/work/human-essentials/human-essentials/public/assets/transfers-c9ab43ff53dab5dc13681712afc9b6fb31d7865d5ac8c657220deff9f138fa8c.css.gz
2024-03-11T02:29:38.1722811Z I, [2024-03-10T19:29:38.162847 #2385]  INFO -- : Writing /home/runner/work/human-essentials/human-essentials/public/assets/adminlte-886a0b559685ec92cd8dd4dbf957899292f9c0bd344c90c304d28973363a8eaf.js
2024-03-11T02:29:38.1725412Z I, [2024-03-10T19:29:38.162921 #2385]  INFO -- : Writing /home/runner/work/human-essentials/human-essentials/public/assets/adminlte-886a0b559685ec92cd8dd4dbf957899292f9c0bd344c90c304d28973363a8eaf.js.gz
2024-03-11T02:29:38.1728699Z I, [2024-03-10T19:29:38.163045 #2385]  INFO -- : Writing /home/runner/work/human-essentials/human-essentials/public/assets/application-f9d5a0970e6dc2d1d44ca8dfd6129e9fed2dccf1b460a6bba6eab9dd7aa61c92.js
2024-03-11T02:29:38.1730684Z I, [2024-03-10T19:29:38.163129 #2385]  INFO -- : Writing /home/runner/work/human-essentials/human-essentials/public/assets/application-f9d5a0970e6dc2d1d44ca8dfd6129e9fed2dccf1b460a6bba6eab9dd7aa61c92.js.gz
2024-03-11T02:29:38.1732908Z I, [2024-03-10T19:29:38.163238 #2385]  INFO -- : Writing /home/runner/work/human-essentials/human-essentials/public/assets/cocoon-js-vanilla-cc8e46e9b16a6217f3c14c60ca346454c9c01d8d41e5c073ae14f85fac052e96.js
2024-03-11T02:29:38.1735115Z I, [2024-03-10T19:29:38.163317 #2385]  INFO -- : Writing /home/runner/work/human-essentials/human-essentials/public/assets/cocoon-js-vanilla-cc8e46e9b16a6217f3c14c60ca346454c9c01d8d41e5c073ae14f85fac052e96.js.gz
2024-03-11T02:29:38.1737212Z I, [2024-03-10T19:29:38.163502 #2385]  INFO -- : Writing /home/runner/work/human-essentials/human-essentials/public/assets/controllers/application-368d98631bccbf2349e0d4f8269afb3fe9625118341966de054759d96ea86c7e.js
2024-03-11T02:29:38.1739403Z I, [2024-03-10T19:29:38.163593 #2385]  INFO -- : Writing /home/runner/work/human-essentials/human-essentials/public/assets/controllers/application-368d98631bccbf2349e0d4f8269afb3fe9625118341966de054759d96ea86c7e.js.gz
2024-03-11T02:29:38.1741555Z I, [2024-03-10T19:29:38.163693 #2385]  INFO -- : Writing /home/runner/work/human-essentials/human-essentials/public/assets/controllers/area_served_controller-c8c048ef9ee2d145ba8408cda63546aff8ce9170e9cafb34075ebb01b43c6c34.js
2024-03-11T02:29:38.1743759Z I, [2024-03-10T19:29:38.163835 #2385]  INFO -- : Writing /home/runner/work/human-essentials/human-essentials/public/assets/controllers/area_served_controller-c8c048ef9ee2d145ba8408cda63546aff8ce9170e9cafb34075ebb01b43c6c34.js.gz
2024-03-11T02:29:38.1746099Z I, [2024-03-10T19:29:38.163932 #2385]  INFO -- : Writing /home/runner/work/human-essentials/human-essentials/public/assets/controllers/checkbox_with_nested_element_controller-1645dd2a3a857d546354c90b0c415a9d1dd4de6974048fd41bfc1d6f45ccb3eb.js
2024-03-11T02:29:38.1748416Z I, [2024-03-10T19:29:38.164007 #2385]  INFO -- : Writing /home/runner/work/human-essentials/human-essentials/public/assets/controllers/checkbox_with_nested_element_controller-1645dd2a3a857d546354c90b0c415a9d1dd4de6974048fd41bfc1d6f45ccb3eb.js.gz
2024-03-11T02:29:38.1750724Z I, [2024-03-10T19:29:38.164735 #2385]  INFO -- : Writing /home/runner/work/human-essentials/human-essentials/public/assets/controllers/distribution_delivery_controller-89fc613f734c2b1538c1e9948abeb353ea73d22678fc08597d48fa36a70c5c51.js
2024-03-11T02:29:38.1753071Z I, [2024-03-10T19:29:38.164929 #2385]  INFO -- : Writing /home/runner/work/human-essentials/human-essentials/public/assets/controllers/distribution_delivery_controller-89fc613f734c2b1538c1e9948abeb353ea73d22678fc08597d48fa36a70c5c51.js.gz
2024-03-11T02:29:38.1755315Z I, [2024-03-10T19:29:38.165061 #2385]  INFO -- : Writing /home/runner/work/human-essentials/human-essentials/public/assets/controllers/double_select_controller-bb2e4a65f2c66cacc8ec4dd491c2233b0aac53187ebe1fbaaffedfbaf7db9099.js
2024-03-11T02:29:38.1757625Z I, [2024-03-10T19:29:38.165156 #2385]  INFO -- : Writing /home/runner/work/human-essentials/human-essentials/public/assets/controllers/double_select_controller-bb2e4a65f2c66cacc8ec4dd491c2233b0aac53187ebe1fbaaffedfbaf7db9099.js.gz
2024-03-11T02:29:38.1759835Z I, [2024-03-10T19:29:38.165355 #2385]  INFO -- : Writing /home/runner/work/human-essentials/human-essentials/public/assets/controllers/form_input_controller-f9712baef2d6aad97b28bbdbfe44fd95aef09235574e300959838bc83bebbdcb.js
2024-03-11T02:29:38.1762032Z I, [2024-03-10T19:29:38.165447 #2385]  INFO -- : Writing /home/runner/work/human-essentials/human-essentials/public/assets/controllers/form_input_controller-f9712baef2d6aad97b28bbdbfe44fd95aef09235574e300959838bc83bebbdcb.js.gz
2024-03-11T02:29:38.1764242Z I, [2024-03-10T19:29:38.165744 #2385]  INFO -- : Writing /home/runner/work/human-essentials/human-essentials/public/assets/controllers/highchart_controller-7640167d6e3481659a5ead23f046e3c6852c08e30ce8aa6f09aa5cce0f7ea02d.js
2024-03-11T02:29:38.1767112Z I, [2024-03-10T19:29:38.165954 #2385]  INFO -- : Writing /home/runner/work/human-essentials/human-essentials/public/assets/controllers/highchart_controller-7640167d6e3481659a5ead23f046e3c6852c08e30ce8aa6f09aa5cce0f7ea02d.js.gz
2024-03-11T02:29:38.1770925Z I, [2024-03-10T19:29:38.169449 #2385]  INFO -- : Writing /home/runner/work/human-essentials/human-essentials/public/assets/controllers/index-2db729dddcc5b979110e98de4b6720f83f91a123172e87281d5a58410fc43806.js
2024-03-11T02:29:38.1774532Z I, [2024-03-10T19:29:38.169539 #2385]  INFO -- : Writing /home/runner/work/human-essentials/human-essentials/public/assets/controllers/index-2db729dddcc5b979110e98de4b6720f83f91a123172e87281d5a58410fc43806.js.gz
2024-03-11T02:29:38.1778218Z I, [2024-03-10T19:29:38.169662 #2385]  INFO -- : Writing /home/runner/work/human-essentials/human-essentials/public/assets/controllers/select2_controller-13c15fa4f8996b06b43552325b12e3a14e158db06264b83cfff2e521a16fceeb.js
2024-03-11T02:29:38.1782144Z I, [2024-03-10T19:29:38.169756 #2385]  INFO -- : Writing /home/runner/work/human-essentials/human-essentials/public/assets/controllers/select2_controller-13c15fa4f8996b06b43552325b12e3a14e158db06264b83cfff2e521a16fceeb.js.gz
2024-03-11T02:29:38.1785590Z I, [2024-03-10T19:29:38.169876 #2385]  INFO -- : Writing /home/runner/work/human-essentials/human-essentials/public/assets/controllers/served_area_controller-37738489813fc06349f3fb1bc7abc5d5493318ce553f1bebbfa1f8fe06ebfb4a.js
2024-03-11T02:29:38.1789496Z I, [2024-03-10T19:29:38.169968 #2385]  INFO -- : Writing /home/runner/work/human-essentials/human-essentials/public/assets/controllers/served_area_controller-37738489813fc06349f3fb1bc7abc5d5493318ce553f1bebbfa1f8fe06ebfb4a.js.gz
2024-03-11T02:29:38.1793436Z I, [2024-03-10T19:29:38.170084 #2385]  INFO -- : Writing /home/runner/work/human-essentials/human-essentials/public/assets/controllers/turbo_controller-7ee3a9437b4fb003ac4ea4ca0f3425fd197ce4538a1eeb606e5e5447aa948b54.js
2024-03-11T02:29:38.1797214Z I, [2024-03-10T19:29:38.170176 #2385]  INFO -- : Writing /home/runner/work/human-essentials/human-essentials/public/assets/controllers/turbo_controller-7ee3a9437b4fb003ac4ea4ca0f3425fd197ce4538a1eeb606e5e5447aa948b54.js.gz
2024-03-11T02:29:38.1800889Z I, [2024-03-10T19:29:38.170405 #2385]  INFO -- : Writing /home/runner/work/human-essentials/human-essentials/public/assets/startup-bf111fcbf368bc988dfcb050d057ec73e21f190d7921e15689dd5ebf674e6d00.js
2024-03-11T02:29:38.1804282Z I, [2024-03-10T19:29:38.170509 #2385]  INFO -- : Writing /home/runner/work/human-essentials/human-essentials/public/assets/startup-bf111fcbf368bc988dfcb050d057ec73e21f190d7921e15689dd5ebf674e6d00.js.gz
2024-03-11T02:29:38.1808057Z I, [2024-03-10T19:29:38.170635 #2385]  INFO -- : Writing /home/runner/work/human-essentials/human-essentials/public/assets/utils/barcode_items-ee1050c4d1ade4569ef6cfc83d5f4792f67daabaca0ae24f75455737fea0a72b.js
2024-03-11T02:29:38.1811841Z I, [2024-03-10T19:29:38.176724 #2385]  INFO -- : Writing /home/runner/work/human-essentials/human-essentials/public/assets/utils/barcode_items-ee1050c4d1ade4569ef6cfc83d5f4792f67daabaca0ae24f75455737fea0a72b.js.gz
2024-03-11T02:29:38.1815439Z I, [2024-03-10T19:29:38.176840 #2385]  INFO -- : Writing /home/runner/work/human-essentials/human-essentials/public/assets/utils/barcode_scan-757b66b6921154f49e7cc4c5dc2f146f91f1648beffaa8ef106d94585a273ba9.js
2024-03-11T02:29:38.1819079Z I, [2024-03-10T19:29:38.176916 #2385]  INFO -- : Writing /home/runner/work/human-essentials/human-essentials/public/assets/utils/barcode_scan-757b66b6921154f49e7cc4c5dc2f146f91f1648beffaa8ef106d94585a273ba9.js.gz
2024-03-11T02:29:38.1822688Z I, [2024-03-10T19:29:38.177019 #2385]  INFO -- : Writing /home/runner/work/human-essentials/human-essentials/public/assets/utils/deadline_day_pickers-b0b264db9e3c8107c161cc4571e71cf901bcc511175271d218a553c4e1889065.js
2024-03-11T02:29:38.1826133Z I, [2024-03-10T19:29:38.177089 #2385]  INFO -- : Writing /home/runner/work/human-essentials/human-essentials/public/assets/utils/deadline_day_pickers-b0b264db9e3c8107c161cc4571e71cf901bcc511175271d218a553c4e1889065.js.gz
2024-03-11T02:29:38.1828409Z I, [2024-03-10T19:29:38.177181 #2385]  INFO -- : Writing /home/runner/work/human-essentials/human-essentials/public/assets/utils/distributions_and_transfers-2785b49ef8e3c4d789b784c88bb5a028082aa63d1413d4b098ec655d2ef1d0c8.js
2024-03-11T02:29:38.1830743Z I, [2024-03-10T19:29:38.177252 #2385]  INFO -- : Writing /home/runner/work/human-essentials/human-essentials/public/assets/utils/distributions_and_transfers-2785b49ef8e3c4d789b784c88bb5a028082aa63d1413d4b098ec655d2ef1d0c8.js.gz
2024-03-11T02:29:38.1832850Z I, [2024-03-10T19:29:38.177343 #2385]  INFO -- : Writing /home/runner/work/human-essentials/human-essentials/public/assets/utils/donations-1c3e9a15fc370afd2c3836ccf8dde6013c35412a8d83cf6c1e31bec95ef72b26.js
2024-03-11T02:29:38.1834962Z I, [2024-03-10T19:29:38.177413 #2385]  INFO -- : Writing /home/runner/work/human-essentials/human-essentials/public/assets/utils/donations-1c3e9a15fc370afd2c3836ccf8dde6013c35412a8d83cf6c1e31bec95ef72b26.js.gz
2024-03-11T02:29:38.1836961Z I, [2024-03-10T19:29:38.177506 #2385]  INFO -- : Writing /home/runner/work/human-essentials/human-essentials/public/assets/utils/purchases-5c814ba098feaa8a7b4abff24267c1da909f3e52e12c97660f8a0b8c1ff4aea1.js
2024-03-11T02:29:38.1839029Z I, [2024-03-10T19:29:38.177576 #2385]  INFO -- : Writing /home/runner/work/human-essentials/human-essentials/public/assets/utils/purchases-5c814ba098feaa8a7b4abff24267c1da909f3e52e12c97660f8a0b8c1ff4aea1.js.gz
2024-03-11T02:29:38.1841022Z I, [2024-03-10T19:29:38.177674 #2385]  INFO -- : Writing /home/runner/work/human-essentials/human-essentials/public/assets/filterrific-f3a290db250e05344fd62c216b903689f73eff5e270ef021e425551006092e08.js
2024-03-11T02:29:38.1842965Z I, [2024-03-10T19:29:38.177752 #2385]  INFO -- : Writing /home/runner/work/human-essentials/human-essentials/public/assets/filterrific-f3a290db250e05344fd62c216b903689f73eff5e270ef021e425551006092e08.js.gz
2024-03-11T02:29:38.1845029Z I, [2024-03-10T19:29:38.177855 #2385]  INFO -- : Writing /home/runner/work/human-essentials/human-essentials/public/assets/stimulusloading-1fc59770fb1654500044afd3f5f6d7d00800e5be36746d55b94a2963a7a228aa.js
2024-03-11T02:29:38.1847953Z I, [2024-03-10T19:29:38.178364 #2385]  INFO -- : Writing /home/runner/work/human-essentials/human-essentials/public/assets/stimulusloading-1fc59770fb1654500044afd3f5f6d7d00800e5be36746d55b94a2963a7a228aa.js.gz
2024-03-11T02:29:38.1851397Z I, [2024-03-10T19:29:38.178474 #2385]  INFO -- : Writing /home/runner/work/human-essentials/human-essentials/public/assets/turbo-4851a9a0b1d947e810dfd0448a72aef261d455183ebea681f4f28a73640a9ece.js
2024-03-11T02:29:38.1854699Z I, [2024-03-10T19:29:38.178552 #2385]  INFO -- : Writing /home/runner/work/human-essentials/human-essentials/public/assets/turbo-4851a9a0b1d947e810dfd0448a72aef261d455183ebea681f4f28a73640a9ece.js.gz
2024-03-11T02:29:38.1857765Z I, [2024-03-10T19:29:38.178652 #2385]  INFO -- : Writing /home/runner/work/human-essentials/human-essentials/public/assets/turbo.min-f309baafa3ae5ad6ccee3e7362118b87678d792db8e8ab466c4fa284dd3a4700.js
2024-03-11T02:29:38.1860897Z I, [2024-03-10T19:29:38.178733 #2385]  INFO -- : Writing /home/runner/work/human-essentials/human-essentials/public/assets/turbo.min-f309baafa3ae5ad6ccee3e7362118b87678d792db8e8ab466c4fa284dd3a4700.js.gz
2024-03-11T02:29:38.1864223Z I, [2024-03-10T19:29:38.178841 #2385]  INFO -- : Writing /home/runner/work/human-essentials/human-essentials/public/assets/turbo.min.js-8bc8f4a58d1c106d58dec8bef6c638ff12ff4d078f19d8ebd8c4277f4c9bc85a.map
2024-03-11T02:29:38.1867420Z I, [2024-03-10T19:29:38.178917 #2385]  INFO -- : Writing /home/runner/work/human-essentials/human-essentials/public/assets/turbo.min.js-8bc8f4a58d1c106d58dec8bef6c638ff12ff4d078f19d8ebd8c4277f4c9bc85a.map.gz
2024-03-11T02:29:38.1871027Z I, [2024-03-10T19:29:38.179023 #2385]  INFO -- : Writing /home/runner/work/human-essentials/human-essentials/public/assets/stimulus-loading-3576ce92b149ad5d6959438c6f291e2426c86df3b874c525b30faad51b0d96b3.js
2024-03-11T02:29:38.1874315Z I, [2024-03-10T19:29:38.179101 #2385]  INFO -- : Writing /home/runner/work/human-essentials/human-essentials/public/assets/stimulus-loading-3576ce92b149ad5d6959438c6f291e2426c86df3b874c525b30faad51b0d96b3.js.gz
2024-03-11T02:29:38.1877649Z I, [2024-03-10T19:29:38.179277 #2385]  INFO -- : Writing /home/runner/work/human-essentials/human-essentials/public/assets/popper-003a40d80fd205e1fa00da117d5bdc19720ba330706eaa17f9ba9513fa502304.js
2024-03-11T02:29:38.1880761Z I, [2024-03-10T19:29:38.179360 #2385]  INFO -- : Writing /home/runner/work/human-essentials/human-essentials/public/assets/popper-003a40d80fd205e1fa00da117d5bdc19720ba330706eaa17f9ba9513fa502304.js.gz
2024-03-11T02:29:38.1883819Z I, [2024-03-10T19:29:38.179467 #2385]  INFO -- : Writing /home/runner/work/human-essentials/human-essentials/public/assets/actiontext-28c61f5197c204db043317a8f8826a87ab31495b741f854d307ca36122deefce.js
2024-03-11T02:29:38.1887224Z I, [2024-03-10T19:29:38.179544 #2385]  INFO -- : Writing /home/runner/work/human-essentials/human-essentials/public/assets/actiontext-28c61f5197c204db043317a8f8826a87ab31495b741f854d307ca36122deefce.js.gz
2024-03-11T02:29:38.1890816Z I, [2024-03-10T19:29:38.179643 #2385]  INFO -- : Writing /home/runner/work/human-essentials/human-essentials/public/assets/trix-1563ff9c10f74e143b3ded40a8458497eaf2f87a648a5cbbfebdb7dec3447a5e.js
2024-03-11T02:29:38.1894155Z I, [2024-03-10T19:29:38.179720 #2385]  INFO -- : Writing /home/runner/work/human-essentials/human-essentials/public/assets/trix-1563ff9c10f74e143b3ded40a8458497eaf2f87a648a5cbbfebdb7dec3447a5e.js.gz
2024-03-11T02:29:38.1897560Z I, [2024-03-10T19:29:38.179822 #2385]  INFO -- : Writing /home/runner/work/human-essentials/human-essentials/public/assets/trix-b0398dade8e5ac249fe98f2e850f45adbcdfecd8a11c46b3eb67bdedb87b1b04.css
2024-03-11T02:29:38.1901145Z I, [2024-03-10T19:29:38.179898 #2385]  INFO -- : Writing /home/runner/work/human-essentials/human-essentials/public/assets/trix-b0398dade8e5ac249fe98f2e850f45adbcdfecd8a11c46b3eb67bdedb87b1b04.css.gz
2024-03-11T02:29:38.1904360Z I, [2024-03-10T19:29:38.179998 #2385]  INFO -- : Writing /home/runner/work/human-essentials/human-essentials/public/assets/stimulus-f75215805563870a61ee9dc5a207ce46d4675c7e667558a54344fd1e7baa697f.js
2024-03-11T02:29:38.1907845Z I, [2024-03-10T19:29:38.180072 #2385]  INFO -- : Writing /home/runner/work/human-essentials/human-essentials/public/assets/stimulus-f75215805563870a61ee9dc5a207ce46d4675c7e667558a54344fd1e7baa697f.js.gz
2024-03-11T02:29:38.1911251Z I, [2024-03-10T19:29:38.180176 #2385]  INFO -- : Writing /home/runner/work/human-essentials/human-essentials/public/assets/stimulus-autoloader-c584942b568ba74879da31c7c3d51366737bacaf6fbae659383c0a5653685693.js
2024-03-11T02:29:38.1914797Z I, [2024-03-10T19:29:38.180256 #2385]  INFO -- : Writing /home/runner/work/human-essentials/human-essentials/public/assets/stimulus-autoloader-c584942b568ba74879da31c7c3d51366737bacaf6fbae659383c0a5653685693.js.gz
2024-03-11T02:29:38.1918748Z I, [2024-03-10T19:29:38.180360 #2385]  INFO -- : Writing /home/runner/work/human-essentials/human-essentials/public/assets/stimulus-importmap-autoloader-db2076c783bf2dbee1226e2add52fef290b5d31b5bcd1edd999ac8a6dd31c44a.js
2024-03-11T02:29:38.1922578Z I, [2024-03-10T19:29:38.180435 #2385]  INFO -- : Writing /home/runner/work/human-essentials/human-essentials/public/assets/stimulus-importmap-autoloader-db2076c783bf2dbee1226e2add52fef290b5d31b5bcd1edd999ac8a6dd31c44a.js.gz
2024-03-11T02:29:38.1926475Z I, [2024-03-10T19:29:38.180530 #2385]  INFO -- : Writing /home/runner/work/human-essentials/human-essentials/public/assets/stimulus-loading-3576ce92b149ad5d6959438c6f291e2426c86df3b874c525b30faad51b0d96b3.js
2024-03-11T02:29:38.1929862Z I, [2024-03-10T19:29:38.180600 #2385]  INFO -- : Writing /home/runner/work/human-essentials/human-essentials/public/assets/stimulus-loading-3576ce92b149ad5d6959438c6f291e2426c86df3b874c525b30faad51b0d96b3.js.gz
2024-03-11T02:29:38.1933446Z I, [2024-03-10T19:29:38.180736 #2385]  INFO -- : Writing /home/runner/work/human-essentials/human-essentials/public/assets/stimulus.min-dd364f16ec9504dfb72672295637a1c8838773b01c0b441bd41008124c407894.js
2024-03-11T02:29:38.1936780Z I, [2024-03-10T19:29:38.180813 #2385]  INFO -- : Writing /home/runner/work/human-essentials/human-essentials/public/assets/stimulus.min-dd364f16ec9504dfb72672295637a1c8838773b01c0b441bd41008124c407894.js.gz
2024-03-11T02:29:38.1940257Z I, [2024-03-10T19:29:38.180909 #2385]  INFO -- : Writing /home/runner/work/human-essentials/human-essentials/public/assets/stimulus-autoloader-c584942b568ba74879da31c7c3d51366737bacaf6fbae659383c0a5653685693.js
2024-03-11T02:29:38.1943804Z I, [2024-03-10T19:29:38.180979 #2385]  INFO -- : Writing /home/runner/work/human-essentials/human-essentials/public/assets/stimulus-autoloader-c584942b568ba74879da31c7c3d51366737bacaf6fbae659383c0a5653685693.js.gz
2024-03-11T02:29:38.1947466Z I, [2024-03-10T19:29:38.181118 #2385]  INFO -- : Writing /home/runner/work/human-essentials/human-essentials/public/assets/stimulus-importmap-autoloader-db2076c783bf2dbee1226e2add52fef290b5d31b5bcd1edd999ac8a6dd31c44a.js
2024-03-11T02:29:38.1951213Z I, [2024-03-10T19:29:38.181190 #2385]  INFO -- : Writing /home/runner/work/human-essentials/human-essentials/public/assets/stimulus-importmap-autoloader-db2076c783bf2dbee1226e2add52fef290b5d31b5bcd1edd999ac8a6dd31c44a.js.gz
2024-03-11T02:29:38.1954856Z I, [2024-03-10T19:29:38.181282 #2385]  INFO -- : Writing /home/runner/work/human-essentials/human-essentials/public/assets/stimulus-loading-3576ce92b149ad5d6959438c6f291e2426c86df3b874c525b30faad51b0d96b3.js
2024-03-11T02:29:38.1958259Z I, [2024-03-10T19:29:38.181350 #2385]  INFO -- : Writing /home/runner/work/human-essentials/human-essentials/public/assets/stimulus-loading-3576ce92b149ad5d6959438c6f291e2426c86df3b874c525b30faad51b0d96b3.js.gz
2024-03-11T02:29:38.1961587Z I, [2024-03-10T19:29:38.181455 #2385]  INFO -- : Writing /home/runner/work/human-essentials/human-essentials/public/assets/stimulus.min.js-2cc63625fa177963b45da974806e7aee846cbf1d4930815733d0fdf3fb232325.map
2024-03-11T02:29:38.1964998Z I, [2024-03-10T19:29:38.181530 #2385]  INFO -- : Writing /home/runner/work/human-essentials/human-essentials/public/assets/stimulus.min.js-2cc63625fa177963b45da974806e7aee846cbf1d4930815733d0fdf3fb232325.map.gz
2024-03-11T02:29:38.1968593Z I, [2024-03-10T19:29:38.181630 #2385]  INFO -- : Writing /home/runner/work/human-essentials/human-essentials/public/assets/activestorage-3ab61e47dd4ee2d79db525ade1dca2ede0ea2b7371fe587e408ee37b7ade265d.js
2024-03-11T02:29:38.1971925Z I, [2024-03-10T19:29:38.181704 #2385]  INFO -- : Writing /home/runner/work/human-essentials/human-essentials/public/assets/activestorage-3ab61e47dd4ee2d79db525ade1dca2ede0ea2b7371fe587e408ee37b7ade265d.js.gz
2024-03-11T02:29:38.1975466Z I, [2024-03-10T19:29:38.181801 #2385]  INFO -- : Writing /home/runner/work/human-essentials/human-essentials/public/assets/activestorage.esm-01f58a45d77495cdfbdfcc872902a430426c4391634ec9c3da5f69fbf8418492.js
2024-03-11T02:29:38.1978909Z I, [2024-03-10T19:29:38.181874 #2385]  INFO -- : Writing /home/runner/work/human-essentials/human-essentials/public/assets/activestorage.esm-01f58a45d77495cdfbdfcc872902a430426c4391634ec9c3da5f69fbf8418492.js.gz
2024-03-11T02:29:38.1982125Z I, [2024-03-10T19:29:38.181972 #2385]  INFO -- : Writing /home/runner/work/human-essentials/human-essentials/public/assets/actioncable-5433453f9b6619a9de91aaab2d7fc7ff183e5260c0107cbc9a1aa0c838d9a74e.js
2024-03-11T02:29:38.1985458Z I, [2024-03-10T19:29:38.182045 #2385]  INFO -- : Writing /home/runner/work/human-essentials/human-essentials/public/assets/actioncable-5433453f9b6619a9de91aaab2d7fc7ff183e5260c0107cbc9a1aa0c838d9a74e.js.gz
2024-03-11T02:29:38.1988776Z I, [2024-03-10T19:29:38.182143 #2385]  INFO -- : Writing /home/runner/work/human-essentials/human-essentials/public/assets/actioncable.esm-e01089c3ec4fe7817fa9abcad06cab6bdc387f95f0ca6aab4bf7ba7537f70690.js
2024-03-11T02:29:38.1992366Z I, [2024-03-10T19:29:38.182218 #2385]  INFO -- : Writing /home/runner/work/human-essentials/human-essentials/public/assets/actioncable.esm-e01089c3ec4fe7817fa9abcad06cab6bdc387f95f0ca6aab4bf7ba7537f70690.js.gz
2024-03-11T02:29:38.6856395Z Coverage report generated for RSpec to /home/runner/work/human-essentials/human-essentials/coverage. 440 / 10015 LOC (4.39%) covered.
2024-03-11T02:29:38.7545260Z ##[group]Run RUBYOPT='-W:no-deprecated -W:no-experimental' bin/knapsack_pro_rspec
2024-03-11T02:29:38.7546152Z [36;1mRUBYOPT='-W:no-deprecated -W:no-experimental' bin/knapsack_pro_rspec[0m
2024-03-11T02:29:38.7596983Z shell: /usr/bin/bash -e {0}
2024-03-11T02:29:38.7597391Z env:
2024-03-11T02:29:38.7597672Z   POSTGRES_HOST: localhost
2024-03-11T02:29:38.7598151Z   DATABASE_HOST: localhost
2024-03-11T02:29:38.7598528Z   PG_USERNAME: postgres
2024-03-11T02:29:38.7598916Z   PG_PASSWORD: password
2024-03-11T02:29:38.7599371Z   POSTGRES_HOST_AUTH_METHOD: trust
2024-03-11T02:29:38.7599751Z   POSTGRES_PORT: 5432
2024-03-11T02:29:38.7600121Z   PGHOST: localhost
2024-03-11T02:29:38.7600549Z   PGUSER: postgres
2024-03-11T02:29:38.7600890Z   RAILS_ENV: test
2024-03-11T02:29:38.7601267Z   KNAPSACK_PRO_TEST_SUITE_TOKEN_RSPEC: 
2024-03-11T02:29:38.7601740Z   KNAPSACK_PRO_CI_NODE_TOTAL: 6
2024-03-11T02:29:38.7602158Z   KNAPSACK_PRO_CI_NODE_INDEX: 2
2024-03-11T02:29:38.7602759Z   KNAPSACK_PRO_RSPEC_SPLIT_BY_TEST_EXAMPLES: true
2024-03-11T02:29:38.7603196Z   KNAPSACK_PRO_LOG_LEVEL: info
2024-03-11T02:29:38.7603840Z   KNAPSACK_PRO_TEST_FILE_PATTERN: {spec/system/**{,/*/**}/*_spec.rb,spec/requests/**{,/*/**}/*_spec.rb}
2024-03-11T02:29:38.7604542Z   EVENTS_READ: true
2024-03-11T02:29:38.7604894Z ##[endgroup]
2024-03-11T02:29:44.5619463Z W, [2024-03-11T02:29:44.561608 #2488]  WARN -- : [knapsack_pro] GET https://api-disabled-for-fork.knapsackpro.com/v1/build_distributions/last
2024-03-11T02:29:44.5620888Z W, [2024-03-11T02:29:44.561660 #2488]  WARN -- : [knapsack_pro] Request failed due to:
2024-03-11T02:29:44.5622496Z W, [2024-03-11T02:29:44.561683 #2488]  WARN -- : [knapsack_pro] #<SocketError: Failed to open TCP connection to api-disabled-for-fork.knapsackpro.com:443 (getaddrinfo: Name or service not known)>
2024-03-11T02:29:44.5626097Z W, [2024-03-11T02:29:44.561718 #2488]  WARN -- : [knapsack_pro] Slow test files fallback behaviour started. We could not connect with Knapsack Pro API to fetch last CI build test files that are needed to determine slow test files. No test files will be split by test cases. It means all test files will be split by the whole test files as if split by test cases would be disabled https://knapsackpro.com/perma/ruby/split-by-test-examples
2024-03-11T02:29:47.2467517Z W, [2024-03-11T02:29:47.246361 #2488]  WARN -- : [knapsack_pro] POST https://api-disabled-for-fork.knapsackpro.com/v1/build_distributions/subset
2024-03-11T02:29:47.2469893Z W, [2024-03-11T02:29:47.246406 #2488]  WARN -- : [knapsack_pro] Request failed due to:
2024-03-11T02:29:47.2472722Z W, [2024-03-11T02:29:47.246419 #2488]  WARN -- : [knapsack_pro] #<SocketError: Failed to open TCP connection to api-disabled-for-fork.knapsackpro.com:443 (getaddrinfo: Name or service not known)>
2024-03-11T02:29:47.2476645Z W, [2024-03-11T02:29:47.246464 #2488]  WARN -- : [knapsack_pro] Fallback mode started. We could not connect with Knapsack Pro API. Your tests will be executed based on directory names. Read more about fallback mode at https://knapsackpro.com/perma/ruby/fallback-mode
2024-03-11T02:29:47.2532842Z /opt/hostedtoolcache/Ruby/3.2.2/x64/bin/ruby -I/home/runner/work/human-essentials/human-essentials/vendor/bundle/ruby/3.2.0/gems/rspec-core-3.12.2/lib:/home/runner/work/human-essentials/human-essentials/vendor/bundle/ruby/3.2.0/gems/rspec-support-3.12.1/lib /home/runner/work/human-essentials/human-essentials/vendor/bundle/ruby/3.2.0/gems/rspec-core-3.12.2/exe/rspec  --format documentation --format KnapsackPro::Formatters::TimeTracker --default-path spec "spec/requests/admin/account_requests_requests_spec.rb" "spec/requests/admin/questions_spec.rb" "spec/requests/broadcast_announcements_spec.rb" "spec/requests/events_requests_spec.rb" "spec/requests/partners/dashboard_requests_spec.rb" "spec/requests/partners/profiles_requests_spec.rb" "spec/requests/profiles_requests_spec.rb" "spec/requests/storage_locations_requests_spec.rb" "spec/system/account_system_spec.rb" "spec/system/admin/organizations_system_spec.rb" "spec/system/dashboard_system_spec.rb" "spec/system/kit_system_spec.rb" "spec/system/organization_system_spec.rb" "spec/system/partners/managing_requests_system_spec.rb" "spec/system/purchase_system_spec.rb" "spec/system/vendor_system_spec.rb"
2024-03-11T02:29:55.7559716Z 
2024-03-11T02:29:55.7560769Z Randomized with seed 226
2024-03-11T02:29:56.6792111Z 
2024-03-11T02:29:56.6792927Z Profiles
2024-03-11T02:29:56.6793913Z   POST #update
2024-03-11T02:29:56.6795149Z     successful save
2024-03-11T02:29:56.7586364Z       update partner
2024-03-11T02:29:56.8019952Z       redirects to #show
2024-03-11T02:29:56.8020850Z     when updating an existing value to a blank value
2024-03-11T02:29:56.8460505Z       should have blank values
2024-03-11T02:29:56.8901916Z       update partner
2024-03-11T02:29:56.8902628Z   GET #edit
2024-03-11T02:29:57.0127589Z     returns http success
2024-03-11T02:29:57.0128713Z 
2024-03-11T02:29:57.0129072Z Purchases
2024-03-11T02:29:57.0130215Z   while signed in as an organization admin
2024-03-11T02:29:58.6420601Z     allows deletion of a purchase
2024-03-11T02:29:58.6421456Z   while signed in as a normal user
2024-03-11T02:29:58.6422453Z     When visiting an existing purchase
2024-03-11T02:29:59.1123485Z       does not allow deletion of a purchase
2024-03-11T02:29:59.1124320Z     When visiting the index page
2024-03-11T02:29:59.1125569Z       In the middle of the year
2024-03-11T02:29:59.8529697Z         User sees purchased date column
2024-03-11T02:30:00.6593185Z         User can click to the new purchase form
2024-03-11T02:30:01.4310075Z         User sees total purchases value
2024-03-11T02:30:01.4310968Z       When filtering on the index page
2024-03-11T02:30:02.2618249Z         User can filter the #index by storage location
2024-03-11T02:30:03.0840204Z         User can filter the #index by vendor
2024-03-11T02:30:03.0840981Z         behaves like Date Range Picker
2024-03-11T02:30:03.0841863Z           when choosing 'Last Month'
2024-03-11T02:30:04.0406061Z             shows only 2 of the records
2024-03-11T02:30:04.0407252Z           when choosing 'All Time'
2024-03-11T02:30:05.0515356Z             shows all the records
2024-03-11T02:30:05.0516430Z           when choosing a date range that only includes the previous week
2024-03-11T02:30:06.0559439Z             shows only 1 record
2024-03-11T02:30:06.0560667Z     When creating a new purchase
2024-03-11T02:30:06.5554970Z       should not display inactive storage locations in dropdown
2024-03-11T02:30:06.5555747Z       Editing purchase
2024-03-11T02:30:07.1871309Z         A user can view another organizations purchase
2024-03-11T02:30:07.6759718Z         A user can see purchased_from value
2024-03-11T02:30:07.6760578Z       via manual entry
2024-03-11T02:30:08.8560194Z         multiple line items for the same item type are accepted and combined on the backend
2024-03-11T02:30:09.9450271Z         User can create a purchase IN THE PAST
2024-03-11T02:30:10.9501706Z         Does not include inactive items in the line item fields
2024-03-11T02:30:11.8386754Z         User can create a purchase using dollars decimal amount
2024-03-11T02:30:12.8767051Z         User can create vendor from purchase
2024-03-11T02:30:12.8767931Z         when creating a purchase incorrectly
2024-03-11T02:30:13.8616302Z           items dropdown is still repopulated even if initial submission doesn't validate
2024-03-11T02:30:14.6718351Z           should display failure with error messages
2024-03-11T02:30:14.6719214Z       via barcode entry
2024-03-11T02:30:15.8707864Z         a user can add items that do not yet have a barcode
2024-03-11T02:30:16.7554713Z         User scan same barcode 2 times
2024-03-11T02:30:17.4975256Z         a user can add items via scanning them in by barcode
2024-03-11T02:30:17.4976598Z 
2024-03-11T02:30:17.4976906Z BroadcastAnnouncements
2024-03-11T02:30:17.4978716Z   POST /create
2024-03-11T02:30:17.4979223Z     with invalid parameters
2024-03-11T02:30:17.5384616Z       does not render a successful response
2024-03-11T02:30:17.5687713Z       does not create a new BroadcastAnnouncement
2024-03-11T02:30:17.5688652Z     with valid parameters
2024-03-11T02:30:17.5866824Z       creates a new BroadcastAnnouncement then redirects
2024-03-11T02:30:17.5867708Z   GET /edit
2024-03-11T02:30:17.6201356Z     render a successful response
2024-03-11T02:30:17.6201929Z   PATCH /update
2024-03-11T02:30:17.6202497Z     with invalid parameters
2024-03-11T02:30:17.6547003Z       does not render a successful response
2024-03-11T02:30:17.6547806Z     with valid parameters
2024-03-11T02:30:17.6742558Z       updates the requested announcement and redirects
2024-03-11T02:30:17.6743562Z   GET /new
2024-03-11T02:30:17.7021062Z     renders a successful response
2024-03-11T02:30:17.7021771Z   DELETE /destroy
2024-03-11T02:30:17.7202268Z     destroys the requested announcement then redirects
2024-03-11T02:30:17.7203067Z   GET /index
2024-03-11T02:30:17.7525026Z     renders a successful response
2024-03-11T02:30:17.7525771Z 
2024-03-11T02:30:17.7526035Z Organization management
2024-03-11T02:30:17.7527338Z   while signed in as a normal user
2024-03-11T02:30:18.2457191Z     can see summary details about the organization as a user
2024-03-11T02:30:18.7194329Z     cannot see 'Make user' button for admins
2024-03-11T02:30:18.7195361Z   while signed in as an organization admin
2024-03-11T02:30:19.2188908Z     can see 'Make user' button for admins
2024-03-11T02:30:20.1832374Z     can add a new user to an organization
2024-03-11T02:30:20.6724509Z     can re-invite a user to an organization after 7 days
2024-03-11T02:30:21.6472372Z     can re-activate a user in the organization
2024-03-11T02:30:22.6132314Z     can deactivate a user in the organization
2024-03-11T02:30:22.6132914Z     Editing the organization
2024-03-11T02:30:23.4782359Z       can set a default storage location on the organization
2024-03-11T02:30:24.4364455Z       can disable if the org does NOT use single step invite and approve partner process
2024-03-11T02:30:25.2856627Z       can set the NDBN Member ID
2024-03-11T02:30:26.2750480Z       can enable if the org uses single step invite and approve partner process
2024-03-11T02:30:27.1243701Z       can set a reminder and a deadline day
2024-03-11T02:30:28.5706691Z       can select and deselect Required Partner Fields
2024-03-11T02:30:29.7339155Z       is prompted with placeholder text and a more helpful error message to ensure correct URL format as a user
2024-03-11T02:30:30.8954028Z       can select if the org distributes essentials monthly
2024-03-11T02:30:31.9709064Z       can select if the org shows year-to-date values on the distribution printout
2024-03-11T02:30:33.0152529Z       can select if the org repackages essentials
2024-03-11T02:30:33.0153796Z     Viewing the organization
2024-03-11T02:30:33.6038483Z       can view organization details
2024-03-11T02:30:33.6039558Z 
2024-03-11T02:30:33.6040111Z Kit management
2024-03-11T02:30:34.2450862Z   should not display inactive storage locations under allocations
2024-03-11T02:30:35.8589751Z   can allocate and deallocate quantity per storage location from kit index
2024-03-11T02:30:36.8035865Z   can create a new kit as a user with the proper quantity
2024-03-11T02:30:36.8037034Z   when there is no kit quantity
2024-03-11T02:30:37.9581495Z     will not change quantity amounts when deallocating
2024-03-11T02:30:37.9582830Z   when there is not enough quantity of the items contained in the kit on-hand
2024-03-11T02:30:39.0971332Z     will not change quantity amounts when allocating
2024-03-11T02:30:39.0972076Z 
2024-03-11T02:30:39.0972487Z Admin::Questions
2024-03-11T02:30:39.0973726Z   while signed in as a super admin
2024-03-11T02:30:39.0975384Z     GET #new
2024-03-11T02:30:39.1400483Z       lets the user load the new question page
2024-03-11T02:30:39.1401325Z     PATCH #update
2024-03-11T02:30:39.1651029Z       lets the user update questions
2024-03-11T02:30:39.1651867Z     GET #index
2024-03-11T02:30:39.1955024Z       lets the user load the page
2024-03-11T02:30:39.1956126Z     POST #create
2024-03-11T02:30:39.2158410Z       lets the user create questions
2024-03-11T02:30:39.2159402Z     DELETE #destroy
2024-03-11T02:30:39.2373270Z       lets the user delete questions
2024-03-11T02:30:39.2374030Z     GET #edit
2024-03-11T02:30:39.2758635Z       lets the user load the edit question page
2024-03-11T02:30:39.2759384Z 
2024-03-11T02:30:39.2759610Z StorageLocations
2024-03-11T02:30:39.2761149Z   While signed in
2024-03-11T02:30:39.2762945Z     GET #index
2024-03-11T02:30:39.2763576Z       html
2024-03-11T02:30:39.3160832Z         succeeds
2024-03-11T02:30:39.3161508Z         with inactive locations
2024-03-11T02:30:39.3578064Z           does not includes the inactive location
2024-03-11T02:30:39.3579153Z           with include_inactive_locations
2024-03-11T02:30:39.3965007Z             includes the inactive location
2024-03-11T02:30:39.3965850Z       csv
2024-03-11T02:30:39.4959662Z         includes headers followed by alphabetized item names
2024-03-11T02:30:39.5145832Z         succeeds
2024-03-11T02:30:39.5146629Z     GET #destroy
2024-03-11T02:30:39.5439427Z       redirects to #index
2024-03-11T02:30:39.5440159Z     GET #show
2024-03-11T02:30:39.5440741Z       html
2024-03-11T02:30:39.6114973Z         should return a correct response
2024-03-11T02:30:39.6115807Z         with version date set
2024-03-11T02:30:39.6116668Z           with a version found
2024-03-11T02:30:39.6922673Z             should show the version specified
2024-03-11T02:30:39.6923694Z           with no version found
2024-03-11T02:30:39.7763138Z             should show N/A
2024-03-11T02:30:39.7763987Z       csv
2024-03-11T02:30:39.8317285Z         should be successful
2024-03-11T02:30:39.8318069Z     POST #import_csv
2024-03-11T02:30:39.8318673Z       csv file with wrong headers
2024-03-11T02:30:39.8468147Z         presents a flash error message
2024-03-11T02:30:39.8605181Z         redirects
2024-03-11T02:30:39.8605899Z       with a csv file
2024-03-11T02:30:39.8762966Z         presents a flash notice message
2024-03-11T02:30:39.8917088Z         redirects
2024-03-11T02:30:39.8970731Z         invokes .import_csv
2024-03-11T02:30:39.8971792Z       without a csv file
2024-03-11T02:30:39.9093264Z         redirects to :index
2024-03-11T02:30:39.9212796Z         presents a flash error message
2024-03-11T02:30:39.9213646Z     GET #new
2024-03-11T02:30:40.0639934Z       returns http success
2024-03-11T02:30:40.0640691Z     PUT #reactivate
2024-03-11T02:30:40.0829339Z       undiscards
2024-03-11T02:30:40.0829968Z     PUT #deactivate
2024-03-11T02:30:40.1036710Z       discards
2024-03-11T02:30:40.1037306Z       with inventory
2024-03-11T02:30:40.1526544Z         does not discard
2024-03-11T02:30:40.1527264Z     GET #inventory
2024-03-11T02:30:40.1527869Z       without any overrides
2024-03-11T02:30:40.2075710Z         returns a collection that only includes items at the storage location
2024-03-11T02:30:40.2076745Z       when also including inactive items
2024-03-11T02:30:40.2745623Z         returns a collection that also includes items that have been deactivated
2024-03-11T02:30:40.2747039Z       when also including omitted items
2024-03-11T02:30:40.3252906Z         contains a collection of ducktyped entries that respond the same
2024-03-11T02:30:40.3800041Z         returns a collection that also includes all items, but with zeroed quantities
2024-03-11T02:30:40.3801214Z     GET #edit
2024-03-11T02:30:40.4143166Z       returns http success
2024-03-11T02:30:40.4144274Z     Looking at a different organization
2024-03-11T02:30:40.5876639Z       redirects the user to the sign-in page for CRUD actions
2024-03-11T02:30:40.5877462Z   While not signed in
2024-03-11T02:30:40.5938147Z     redirects the user to the sign-in page for CRUD actions
2024-03-11T02:30:40.5938798Z 
2024-03-11T02:30:40.5938979Z Events
2024-03-11T02:30:40.5940010Z   When signed in
2024-03-11T02:30:40.5940749Z     GET #index
2024-03-11T02:30:41.1594113Z       should be successful
2024-03-11T02:30:41.1594878Z       with eventable_id
2024-03-11T02:30:41.8670360Z         should only show events from that eventable
2024-03-11T02:30:42.4258797Z       with type filter
2024-03-11T02:30:42.4259332Z         should not include the adjustment
2024-03-11T02:30:42.4259967Z       with item filter
2024-03-11T02:30:42.9706088Z         should not include the other item
2024-03-11T02:30:42.9706866Z       with storage location filter
2024-03-11T02:30:43.5150261Z         should not include the other storage location
2024-03-11T02:30:43.5151114Z       with date filter
2024-03-11T02:30:44.0592343Z         should not include the old donation
2024-03-11T02:30:44.0593639Z   When not signed in
2024-03-11T02:30:44.0825813Z     redirects the user to the sign-in page for CRUD actions
2024-03-11T02:30:44.0826508Z 
2024-03-11T02:30:44.0826727Z /partners/profiles
2024-03-11T02:30:44.0827515Z   PUT #update
2024-03-11T02:30:44.1382283Z     updates the partner and profile
2024-03-11T02:30:44.1383257Z     when updating an existing value to a blank value
2024-03-11T02:30:44.1920198Z       does not update other partner profile attributes to blank
2024-03-11T02:30:44.2418006Z       does store N/A in the database
2024-03-11T02:30:44.3456620Z       updates the partner profile attribute to a blank value
2024-03-11T02:30:44.3457569Z     with no social media
2024-03-11T02:30:44.5638631Z       shows an error
2024-03-11T02:30:44.5639217Z   GET #show
2024-03-11T02:30:44.6243672Z     displays the partner
2024-03-11T02:30:44.6790630Z     shows correct values for yes/no buttons
2024-03-11T02:30:44.6791347Z   GET #edit
2024-03-11T02:30:44.7691789Z     has "Yes" radio button value when value is true
2024-03-11T02:30:44.8623069Z     has "No" radio button value when value is false
2024-03-11T02:30:44.9509156Z     does not have default radio button value when value is nil
2024-03-11T02:30:45.0368307Z     displays the partner
2024-03-11T02:30:45.0371031Z 
2024-03-11T02:30:45.0371258Z Dashboard
2024-03-11T02:30:45.0372991Z   With an existing essentials bank
2024-03-11T02:30:45.0374412Z     Inventory Totals
2024-03-11T02:30:45.0375076Z       Summary
2024-03-11T02:30:45.7557221Z         displays the on-hand totals
2024-03-11T02:30:45.7558016Z         when constrained to date range
2024-03-11T02:30:46.8030743Z           does not change
2024-03-11T02:30:46.8031530Z     Manufacturer Donations
2024-03-11T02:30:47.3840404Z       has a link to create a new donation
2024-03-11T02:30:47.3842100Z       given 1 Manufacturer donating on 2024-03-03  (unless 'All Time'), 2 during 2024-03-04..2024-03-10, and 1 on 2024-03-11
2024-03-11T02:30:47.3843192Z         filtering to 'Last 7 Days'
2024-03-11T02:30:48.9496541Z           shows the correct total and 4 Top Manufacturer Donation link(s)
2024-03-11T02:30:48.9498393Z       given 1 Manufacturer donating on 1999-12-31  (unless 'All Time'), 2 during 2000-01-01..2024-03-10, and 1 on 2024-03-11
2024-03-11T02:30:48.9499569Z         filtering to 'All Time'
2024-03-11T02:30:50.3854222Z           shows the correct total and 3 Top Manufacturer Donation link(s)
2024-03-11T02:30:50.3856024Z       given 1 Manufacturer donating on 2023-12-31  (unless 'All Time'), 9 during 2024-01-01..2024-12-31, and 1 on 2025-01-01
2024-03-11T02:30:50.3856926Z         filtering to 'This Year'
2024-03-11T02:30:52.6960532Z           shows the correct total and 10 Top Manufacturer Donation link(s)
2024-03-11T02:30:52.6962057Z       given 1 Manufacturer donating on 2024-01-31  (unless 'All Time'), 7 during 2024-02-01..2024-02-29, and 1 on 2024-03-01
2024-03-11T02:30:52.6963270Z         filtering to 'Last Month'
2024-03-11T02:30:54.6307846Z           shows the correct total and 9 Top Manufacturer Donation link(s)
2024-03-11T02:30:54.6309435Z       given 1 Manufacturer donating on 2024-02-29  (unless 'All Time'), 8 during 2024-03-01..2024-03-31, and 1 on 2024-04-01
2024-03-11T02:30:54.6310784Z         filtering to 'This Month'
2024-03-11T02:30:57.1183730Z           shows the correct total and 10 Top Manufacturer Donation link(s)
2024-03-11T02:30:57.1185653Z       given 1 Manufacturer donating on 2024-03-08  (unless 'All Time'), 3 during 2024-03-09..2024-03-09, and 1 on 2024-03-10
2024-03-11T02:30:57.1186861Z         filtering to 'Yesterday'
2024-03-11T02:30:58.6714197Z           shows the correct total and 5 Top Manufacturer Donation link(s)
2024-03-11T02:30:58.6715965Z       given 1 Manufacturer donating on 2022-03-09  (unless 'All Time'), 1 during 2022-03-10..2024-02-24, and 1 on 2024-02-25
2024-03-11T02:30:58.6717209Z         filtering to '' (March 10, 2022 - February 24, 2024)
2024-03-11T02:31:00.1359346Z           shows the correct total and 3 Top Manufacturer Donation link(s)
2024-03-11T02:31:00.1361128Z       given 1 Manufacturer donating on 2024-03-09  (unless 'All Time'), 5 during 2024-03-10..2024-03-10, and 1 on 2024-03-11
2024-03-11T02:31:00.1362665Z         filtering to 'Today'
2024-03-11T02:31:02.2363483Z           shows the correct total and 7 Top Manufacturer Donation link(s)
2024-03-11T02:31:02.2365459Z       given 1 Manufacturer donating on 2024-02-09  (unless 'All Time'), 9 during 2024-02-10..2024-03-10, and 1 on 2024-03-11
2024-03-11T02:31:02.2367227Z         filtering to 'Last 30 Days'
2024-03-11T02:31:04.6743224Z           shows the correct total and 10 Top Manufacturer Donation link(s)
2024-03-11T02:31:04.6744226Z     Purchases
2024-03-11T02:31:05.5626892Z       has a link to create a new purchase
2024-03-11T02:31:05.5628648Z       given 1 Purchase on 2024-01-31  (unless 'All Time'), 0 during 2024-02-01..2024-02-29, and 1 on 2024-03-01
2024-03-11T02:31:05.5629982Z         filtering to 'Last Month'
2024-03-11T02:31:08.8961603Z           shows correct 0 Recent Purchase link(s)
2024-03-11T02:31:08.8963043Z       given 1 Purchase on 2024-02-29  (unless 'All Time'), 1 during 2024-03-01..2024-03-31, and 1 on 2024-04-01
2024-03-11T02:31:08.8964084Z         filtering to 'This Month'
2024-03-11T02:31:10.2704276Z           shows correct 1 Recent Purchase link(s)
2024-03-11T02:31:10.2707585Z       given 1 Purchase on 2024-03-09  (unless 'All Time'), 3 during 2024-03-10..2024-03-10, and 1 on 2024-03-11
2024-03-11T02:31:10.2708527Z         filtering to 'Today'
2024-03-11T02:31:11.7275021Z           shows correct 3 Recent Purchase link(s)
2024-03-11T02:31:11.7276607Z       given 1 Purchase on 2023-12-31  (unless 'All Time'), 0 during 2024-01-01..2024-12-31, and 1 on 2025-01-01
2024-03-11T02:31:11.7277405Z         filtering to 'This Year'
2024-03-11T02:31:15.0878014Z           shows correct 0 Recent Purchase link(s)
2024-03-11T02:31:15.0879711Z       given 1 Purchase on 2024-03-03  (unless 'All Time'), 2 during 2024-03-04..2024-03-10, and 1 on 2024-03-11
2024-03-11T02:31:15.0888315Z         filtering to 'Last 7 Days'
2024-03-11T02:31:16.5974019Z           shows correct 2 Recent Purchase link(s)
2024-03-11T02:31:16.5976091Z       given 1 Purchase on 2022-03-09  (unless 'All Time'), 0 during 2022-03-10..2024-03-04, and 1 on 2024-03-05
2024-03-11T02:31:16.5977532Z         filtering to '' (March 10, 2022 - March 4, 2024)
2024-03-11T02:31:19.9725794Z           shows correct 0 Recent Purchase link(s)
2024-03-11T02:31:19.9727720Z       given 1 Purchase on 2024-03-08  (unless 'All Time'), 1 during 2024-03-09..2024-03-09, and 1 on 2024-03-10
2024-03-11T02:31:19.9728975Z         filtering to 'Yesterday'
2024-03-11T02:31:21.3308844Z           shows correct 1 Recent Purchase link(s)
2024-03-11T02:31:21.3310584Z       given 1 Purchase on 2024-02-09  (unless 'All Time'), 0 during 2024-02-10..2024-03-10, and 1 on 2024-03-11
2024-03-11T02:31:21.3312054Z         filtering to 'Last 30 Days'
2024-03-11T02:31:24.6699745Z           shows correct 0 Recent Purchase link(s)
2024-03-11T02:31:24.6700764Z     Signage
2024-03-11T02:31:27.5584751Z       shows their organization name unless they have a logo set
2024-03-11T02:31:27.5585810Z     Distributions
2024-03-11T02:31:28.4941165Z       has a link to create a new distribution
2024-03-11T02:31:28.4942916Z       given 1 Distribution on 2024-02-29  (unless 'All Time'), 1 during 2024-03-01..2024-03-31, and 1 on 2024-04-01
2024-03-11T02:31:28.4944129Z         filtering to 'This Month'
2024-03-11T02:31:29.8961030Z           shows the correct total and 1 Recent Distribution link(s)
2024-03-11T02:31:29.8963239Z       given 1 Distribution on 2024-03-09  (unless 'All Time'), 3 during 2024-03-10..2024-03-10, and 1 on 2024-03-11
2024-03-11T02:31:29.8964535Z         filtering to 'Today'
2024-03-11T02:31:31.3151480Z           shows the correct total and 3 Recent Distribution link(s)
2024-03-11T02:31:31.3153328Z       given 1 Distribution on 2024-01-31  (unless 'All Time'), 0 during 2024-02-01..2024-02-29, and 1 on 2024-03-01
2024-03-11T02:31:31.3154831Z         filtering to 'Last Month'
2024-03-11T02:31:34.6637157Z           shows the correct total and 0 Recent Distribution link(s)
2024-03-11T02:31:34.6638907Z       given 1 Distribution on 2024-03-08  (unless 'All Time'), 3 during 2024-03-09..2024-03-09, and 1 on 2024-03-10
2024-03-11T02:31:34.6640339Z         filtering to 'Yesterday'
2024-03-11T02:31:36.0936697Z           shows the correct total and 3 Recent Distribution link(s)
2024-03-11T02:31:36.0938199Z       given 1 Distribution on 2022-03-09  (unless 'All Time'), 2 during 2022-03-10..2023-10-25, and 1 on 2023-10-26
2024-03-11T02:31:36.0939186Z         filtering to '' (March 10, 2022 - October 25, 2023)
2024-03-11T02:31:37.5317636Z           shows the correct total and 2 Recent Distribution link(s)
2024-03-11T02:31:37.5319029Z       given 1 Distribution on 1999-12-31  (unless 'All Time'), 0 during 2000-01-01..2024-03-10, and 1 on 2024-03-11
2024-03-11T02:31:37.5320038Z         filtering to 'All Time'
2024-03-11T02:31:40.8894269Z           shows the correct total and 0 Recent Distribution link(s)
2024-03-11T02:31:40.8896168Z       given 1 Distribution on 2024-02-09  (unless 'All Time'), 3 during 2024-02-10..2024-03-10, and 1 on 2024-03-11
2024-03-11T02:31:40.8897009Z         filtering to 'Last 30 Days'
2024-03-11T02:31:42.3550962Z           shows the correct total and 3 Recent Distribution link(s)
2024-03-11T02:31:42.3552533Z       given 1 Distribution on 2024-03-03  (unless 'All Time'), 0 during 2024-03-04..2024-03-10, and 1 on 2024-03-11
2024-03-11T02:31:42.3553395Z         filtering to 'Last 7 Days'
2024-03-11T02:31:45.7310392Z           shows the correct total and 0 Recent Distribution link(s)
2024-03-11T02:31:45.7312220Z       given 1 Distribution on 2023-12-31  (unless 'All Time'), 0 during 2024-01-01..2024-12-31, and 1 on 2025-01-01
2024-03-11T02:31:45.7313623Z         filtering to 'This Year'
2024-03-11T02:31:49.1491247Z           shows the correct total and 0 Recent Distribution link(s)
2024-03-11T02:31:49.1492520Z     Product Drives
2024-03-11T02:31:49.7319178Z       has a widget for product drive summary data
2024-03-11T02:31:49.7321164Z       given 1 Product Drive Donation on 2024-01-31 (unless 'All Time'), 0 during 2024-02-01..2024-02-29, and 1 on 2024-03-01
2024-03-11T02:31:49.7322731Z         filtering to 'Last Month'
2024-03-11T02:31:51.0501234Z           shows the correct total money raised
2024-03-11T02:31:54.3882767Z           shows 0 Recent Donation link(s)
2024-03-11T02:31:55.7027321Z           shows the correct total donations
2024-03-11T02:31:55.7028254Z       Product drive behaviour with Mixed Donation types
2024-03-11T02:31:56.4142889Z         only counts product drive money raised
2024-03-11T02:31:57.1284990Z         only shows product drive donations as product drive donations
2024-03-11T02:31:57.8243706Z         only counts product drive donations for product drive
2024-03-11T02:31:57.8245538Z       given 1 Product Drive Donation on 2024-02-29 (unless 'All Time'), 3 during 2024-03-01..2024-03-31, and 1 on 2024-04-01
2024-03-11T02:31:57.8247271Z         filtering to 'This Month'
2024-03-11T02:31:59.2979930Z           shows 3 Recent Donation link(s)
2024-03-11T02:32:00.9066543Z           shows the correct total money raised
2024-03-11T02:32:02.3595307Z           shows the correct total donations
2024-03-11T02:32:02.3597196Z       given 1 Product Drive Donation on 2023-12-31 (unless 'All Time'), 2 during 2024-01-01..2024-12-31, and 1 on 2025-01-01
2024-03-11T02:32:02.3598065Z         filtering to 'This Year'
2024-03-11T02:32:03.7713148Z           shows the correct total donations
2024-03-11T02:32:05.2064222Z           shows 2 Recent Donation link(s)
2024-03-11T02:32:06.6334023Z           shows the correct total money raised
2024-03-11T02:32:06.6335358Z       given 1 Product Drive Donation on 2024-03-08 (unless 'All Time'), 2 during 2024-03-09..2024-03-09, and 1 on 2024-03-10
2024-03-11T02:32:06.6336503Z         filtering to 'Yesterday'
2024-03-11T02:32:08.0543561Z           shows the correct total money raised
2024-03-11T02:32:09.4892392Z           shows 2 Recent Donation link(s)
2024-03-11T02:32:10.9004025Z           shows the correct total donations
2024-03-11T02:32:10.9005756Z       given 1 Product Drive Donation on 2024-03-03 (unless 'All Time'), 2 during 2024-03-04..2024-03-10, and 1 on 2024-03-11
2024-03-11T02:32:10.9007356Z         filtering to 'Last 7 Days'
2024-03-11T02:32:12.3158983Z           shows the correct total money raised
2024-03-11T02:32:13.7372338Z           shows the correct total donations
2024-03-11T02:32:15.1722817Z           shows 2 Recent Donation link(s)
2024-03-11T02:32:15.1724539Z       given 1 Product Drive Donation on 2024-03-09 (unless 'All Time'), 4 during 2024-03-10..2024-03-10, and 1 on 2024-03-11
2024-03-11T02:32:15.1725767Z         filtering to 'Today'
2024-03-11T02:32:16.6838292Z           shows 3 Recent Donation link(s)
2024-03-11T02:32:18.1839850Z           shows the correct total donations
2024-03-11T02:32:19.6822024Z           shows the correct total money raised
2024-03-11T02:32:19.6823645Z       given 1 Product Drive Donation on 2024-02-09 (unless 'All Time'), 2 during 2024-02-10..2024-03-10, and 1 on 2024-03-11
2024-03-11T02:32:19.6824573Z         filtering to 'Last 30 Days'
2024-03-11T02:32:21.1226254Z           shows the correct total donations
2024-03-11T02:32:42.5578600Z           shows the correct total money raised (FAILED - 1)
2024-03-11T02:32:43.9844066Z           shows 2 Recent Donation link(s)
2024-03-11T02:32:43.9845484Z       given 1 Product Drive Donation on 2022-03-09 (unless 'All Time'), 4 during 2022-03-10..2024-03-09, and 1 on 2024-03-10
2024-03-11T02:32:43.9846945Z         filtering to '' (March 10, 2022 - March 9, 2024)
2024-03-11T02:32:45.4877275Z           shows the correct total money raised
2024-03-11T02:32:46.9882974Z           shows 3 Recent Donation link(s)
2024-03-11T02:32:48.4859935Z           shows the correct total donations
2024-03-11T02:32:48.4861134Z     Donations
2024-03-11T02:32:49.3997700Z       has a link to create a new donation
2024-03-11T02:32:49.3999363Z       given 1 Donation on 2023-12-31 (only if a valid date), 3 during 2024-01-01..2024-12-31, and 1 on 2025-01-01
2024-03-11T02:32:49.4000640Z         filtering to 'This Year'
2024-03-11T02:32:50.8454281Z           shows the correct total and 3 Recent Donation link(s)
2024-03-11T02:32:50.8456013Z       given 1 Donation on 2024-03-09 (only if a valid date), 0 during 2024-03-10..2024-03-10, and 1 on 2024-03-11
2024-03-11T02:32:50.8457403Z         filtering to 'Today'
2024-03-11T02:32:54.1650438Z           shows the correct total and 0 Recent Donation link(s)
2024-03-11T02:32:54.1651997Z       given 1 Donation on 2024-03-08 (only if a valid date), 1 during 2024-03-09..2024-03-09, and 1 on 2024-03-10
2024-03-11T02:32:54.1652996Z         filtering to 'Yesterday'
2024-03-11T02:32:55.5333001Z           shows the correct total and 1 Recent Donation link(s)
2024-03-11T02:32:55.5334625Z       given 1 Donation on 2022-03-09 (only if a valid date), 3 during 2022-03-10..2024-01-26, and 1 on 2024-01-27
2024-03-11T02:32:55.5335615Z         filtering to '' (March 10, 2022 - January 26, 2024)
2024-03-11T02:32:57.0129014Z           shows the correct total and 3 Recent Donation link(s)
2024-03-11T02:32:57.0131274Z       given 1 Donation on 2024-02-29 (only if a valid date), 3 during 2024-03-01..2024-03-31, and 1 on 2024-04-01
2024-03-11T02:32:57.0132578Z         filtering to 'This Month'
2024-03-11T02:32:58.4860936Z           shows the correct total and 3 Recent Donation link(s)
2024-03-11T02:32:58.4863531Z       given 1 Donation on 2024-02-09 (only if a valid date), 1 during 2024-02-10..2024-03-10, and 1 on 2024-03-11
2024-03-11T02:32:58.4864869Z         filtering to 'Last 30 Days'
2024-03-11T02:32:59.8609639Z           shows the correct total and 1 Recent Donation link(s)
2024-03-11T02:32:59.8611014Z       given 1 Donation on 2024-01-31 (only if a valid date), 3 during 2024-02-01..2024-02-29, and 1 on 2024-03-01
2024-03-11T02:32:59.8611937Z         filtering to 'Last Month'
2024-03-11T02:33:01.3129986Z           shows the correct total and 3 Recent Donation link(s)
2024-03-11T02:33:01.3131959Z       given 1 Donation on 2024-03-03 (only if a valid date), 4 during 2024-03-04..2024-03-10, and 1 on 2024-03-11
2024-03-11T02:33:01.3133282Z         filtering to 'Last 7 Days'
2024-03-11T02:33:02.8135163Z           shows the correct total and 3 Recent Donation link(s)
2024-03-11T02:33:02.8136365Z   With a new essentials bank
2024-03-11T02:33:30.8081234Z     displays the getting started guide until the steps are completed
2024-03-11T02:33:30.8082001Z 
2024-03-11T02:33:30.8082210Z /partners/dashboard
2024-03-11T02:33:30.9171009Z   displays upcoming distributions
2024-03-11T02:33:30.9171854Z   with both roles
2024-03-11T02:33:30.9846808Z     should include the switch link
2024-03-11T02:33:30.9847398Z   with just partner role
2024-03-11T02:33:31.0372929Z     should not display the switch link
2024-03-11T02:33:31.0373553Z   GET #index
2024-03-11T02:33:31.1173837Z     displays requests that are pending
2024-03-11T02:33:31.1882751Z     does not display requests in other states
2024-03-11T02:33:31.1883637Z   BroadcastAnnouncement card
2024-03-11T02:33:31.2460140Z     doesn't display announcements if there are not valid ones
2024-03-11T02:33:31.3004942Z     displays announcements if there are valid ones
2024-03-11T02:33:31.3553059Z     doesn't display announcements from super admins
2024-03-11T02:33:31.3553490Z 
2024-03-11T02:33:31.3553683Z Admin::AccountRequestsController
2024-03-11T02:33:31.3554336Z   while signed in as a super admin
2024-03-11T02:33:31.3555356Z     GET #for_rejection
2024-03-11T02:33:31.3556318Z       with an invalid token
2024-03-11T02:33:31.3940178Z         should show a not found message
2024-03-11T02:33:31.3940876Z       with a valid token
2024-03-11T02:33:31.4390363Z         should show the request
2024-03-11T02:33:31.4391006Z     GET #index
2024-03-11T02:33:31.4733507Z       returns success
2024-03-11T02:33:31.4734468Z     POST #reject
2024-03-11T02:33:31.4998501Z       should redirect back on success
2024-03-11T02:33:31.4999198Z 
2024-03-11T02:33:31.4999437Z Managing requests
2024-03-11T02:33:31.5001237Z   creating a new quantity request
2024-03-11T02:33:31.5002377Z     GIVEN a partner user is permitted to make a request
2024-03-11T02:33:31.5003584Z       WHEN a request is built using add and remove buttons
2024-03-11T02:33:31.5004541Z         THEN a request records will be created
2024-03-11T02:33:33.4750325Z           creates the correct request
2024-03-11T02:33:33.4751298Z   creating a # individuals request
2024-03-11T02:33:33.4752569Z     GIVEN a partner user is permitted to make a request
2024-03-11T02:33:33.4753702Z       WHEN a request is built using add and remove buttons
2024-03-11T02:33:33.4754578Z         THEN a request records will be created
2024-03-11T02:33:35.2961562Z           creates the correct request
2024-03-11T02:33:35.2966868Z 
2024-03-11T02:33:35.2967143Z Admin Organization Management
2024-03-11T02:33:35.2968733Z   While signed in as an Administrative User (super admin)
2024-03-11T02:33:36.5794101Z     can view organization details
2024-03-11T02:33:38.6139689Z     creates a new organization
2024-03-11T02:33:39.8800591Z     filters by organizations by name in organizations index page
2024-03-11T02:33:39.8801877Z   While signed in as an Administrative User with no organization (super admin no org)
2024-03-11T02:33:41.7822951Z     creates a new organization
2024-03-11T02:33:41.7823761Z 
2024-03-11T02:33:41.7823969Z Vendor
2024-03-11T02:33:41.7825839Z   when editing an existing vendor
2024-03-11T02:33:42.5339025Z     does not update a vendor with empty attributes
2024-03-11T02:33:43.3128559Z     can update the contact info for a vendor as a user
2024-03-11T02:33:43.3129435Z   When vendor have purchases associated with them already
2024-03-11T02:33:43.9271244Z     can have existing vendors show in the #index with some summary stats
2024-03-11T02:33:44.5077322Z     can have a single vendor show semi-detailed stats about purchases
2024-03-11T02:33:44.5078015Z   when creating a new vendor
2024-03-11T02:33:45.2888036Z     can create a new vendor instance as a user
2024-03-11T02:33:46.0178269Z     cannot add a new vendor instance with empty attributes
2024-03-11T02:33:46.0179405Z   When a user views the index page
2024-03-11T02:33:46.5109329Z     should have the vendor names in alphabetical order
2024-03-11T02:33:46.5110081Z 
2024-03-11T02:33:46.5110655Z User account management
2024-03-11T02:33:46.5111813Z   when in staging
2024-03-11T02:33:46.9689660Z     should not allow the user to change staging credentials
2024-03-11T02:33:47.4386761Z     should display staging warning
2024-03-11T02:33:47.4387745Z   when not in staging
2024-03-11T02:33:48.2055545Z     should fail when the email is invalid
2024-03-11T02:33:49.0772438Z     should change the email
2024-03-11T02:33:49.9821780Z     should change an user name
2024-03-11T02:33:50.0762776Z W, [2024-03-10T19:33:50.075895 #2521]  WARN -- : [knapsack_pro] POST https://api-disabled-for-fork.knapsackpro.com/v1/build_subsets
2024-03-11T02:33:50.0764902Z W, [2024-03-10T19:33:50.075969 #2521]  WARN -- : [knapsack_pro] Request failed due to:
2024-03-11T02:33:50.1010222Z W, [2024-03-10T19:33:50.075997 #2521]  WARN -- : [knapsack_pro] #<SocketError: Failed to open TCP connection to api-disabled-for-fork.knapsackpro.com:443 (getaddrinfo: Name or service not known)>
2024-03-11T02:33:50.1013201Z W, [2024-03-10T19:33:50.076038 #2521]  WARN -- : [knapsack_pro] Time execution report was not saved on Knapsack Pro API server due to connection problem.
2024-03-11T02:33:50.1508637Z 
2024-03-11T02:33:50.1509045Z Failures:
2024-03-11T02:33:50.1509372Z 
2024-03-11T02:33:50.1512083Z   1) Dashboard With an existing essentials bank Product Drives given 1 Product Drive Donation on 2024-02-09 (unless 'All Time'), 2 during 2024-02-10..2024-03-10, and 1 on 2024-03-11 filtering to 'Last 30 Days' shows the correct total money raised
2024-03-11T02:33:50.1514704Z      Failure/Error: example.run
2024-03-11T02:33:50.1514934Z 
2024-03-11T02:33:50.1515063Z      Ferrum::TimeoutError:
2024-03-11T02:33:50.1516290Z        Timed out waiting for response. It's possible that this happened because something took a very long time (for example a page load was slow). If so, setting the :timeout option to a higher value might help.
2024-03-11T02:33:50.1518235Z      # ./spec/system/dashboard_system_spec.rb:363:in `block (4 levels) in <top (required)>'
2024-03-11T02:33:50.1518999Z 
2024-03-11T02:33:50.1519395Z Finished in 3 minutes 54.3 seconds (files took 8.27 seconds to load)
2024-03-11T02:33:50.1520168Z 212 examples, 1 failure
2024-03-11T02:33:50.1520464Z 
2024-03-11T02:33:50.1520627Z Failed examples:
2024-03-11T02:33:50.1520881Z 
2024-03-11T02:33:50.1523293Z rspec './spec/system/dashboard_system_spec.rb[1:2:5:5:1:2]' # Dashboard With an existing essentials bank Product Drives given 1 Product Drive Donation on 2024-02-09 (unless 'All Time'), 2 during 2024-02-10..2024-03-10, and 1 on 2024-03-11 filtering to 'Last 30 Days' shows the correct total money raised
2024-03-11T02:33:50.1524921Z 
2024-03-11T02:33:50.1525037Z Randomized with seed 226
2024-03-11T02:33:50.1525228Z 
2024-03-11T02:33:50.4529434Z Stopped processing SimpleCov as a previous error not related to SimpleCov has been detected
2024-03-11T02:33:50.4531847Z Coverage report generated for RSpec to /home/runner/work/human-essentials/human-essentials/coverage. 3760 / 6476 LOC (58.06%) covered.
2024-03-11T02:33:50.5745164Z /opt/hostedtoolcache/Ruby/3.2.2/x64/bin/ruby -I/home/runner/work/human-essentials/human-essentials/vendor/bundle/ruby/3.2.0/gems/rspec-core-3.12.2/lib:/home/runner/work/human-essentials/human-essentials/vendor/bundle/ruby/3.2.0/gems/rspec-support-3.12.1/lib /home/runner/work/human-essentials/human-essentials/vendor/bundle/ruby/3.2.0/gems/rspec-core-3.12.2/exe/rspec  --format documentation --format KnapsackPro::Formatters::TimeTracker --default-path spec "spec/requests/admin/account_requests_requests_spec.rb" "spec/requests/admin/questions_spec.rb" "spec/requests/broadcast_announcements_spec.rb" "spec/requests/events_requests_spec.rb" "spec/requests/partners/dashboard_requests_spec.rb" "spec/requests/partners/profiles_requests_spec.rb" "spec/requests/profiles_requests_spec.rb" "spec/requests/storage_locations_requests_spec.rb" "spec/system/account_system_spec.rb" "spec/system/admin/organizations_system_spec.rb" "spec/system/dashboard_system_spec.rb" "spec/system/kit_system_spec.rb" "spec/system/organization_system_spec.rb" "spec/system/partners/managing_requests_system_spec.rb" "spec/system/purchase_system_spec.rb" "spec/system/vendor_system_spec.rb" failed
2024-03-11T02:33:50.9580699Z Stopped processing SimpleCov as a previous error not related to SimpleCov has been detected
2024-03-11T02:33:50.9582143Z Coverage report generated for RSpec to /home/runner/work/human-essentials/human-essentials/coverage. 38 / 10780 LOC (0.35%) covered.
2024-03-11T02:33:50.9838018Z ##[error]Process completed with exit code 1.
2024-03-11T02:33:50.9902680Z ##[group]Run actions/upload-artifact@v2
2024-03-11T02:33:50.9903055Z with:
2024-03-11T02:33:50.9903283Z   name: failed-browser-tests
2024-03-11T02:33:50.9903585Z   path: tmp/capybara
2024-03-11T02:33:50.9903853Z   if-no-files-found: warn
2024-03-11T02:33:50.9904138Z ##[endgroup]
2024-03-11T02:33:51.0440467Z ##[warning]No files were found with the provided path: tmp/capybara. No artifacts will be uploaded.
2024-03-11T02:33:51.0513204Z Post job cleanup.
2024-03-11T02:33:51.1557872Z [command]/usr/bin/git version
2024-03-11T02:33:51.1613551Z git version 2.43.2
2024-03-11T02:33:51.1657542Z Temporarily overriding HOME='/home/runner/work/_temp/dd8bfa2f-c1e8-4f18-bab9-d5569eba046d' before making global git config changes
2024-03-11T02:33:51.1659745Z Adding repository directory to the temporary git global config as a safe directory
2024-03-11T02:33:51.1664316Z [command]/usr/bin/git config --global --add safe.directory /home/runner/work/human-essentials/human-essentials
2024-03-11T02:33:51.1708151Z [command]/usr/bin/git config --local --name-only --get-regexp core\.sshCommand
2024-03-11T02:33:51.1751093Z [command]/usr/bin/git submodule foreach --recursive sh -c "git config --local --name-only --get-regexp 'core\.sshCommand' && git config --local --unset-all 'core.sshCommand' || :"
2024-03-11T02:33:51.2011658Z [command]/usr/bin/git config --local --name-only --get-regexp http\.https\:\/\/github\.com\/\.extraheader
2024-03-11T02:33:51.2043724Z http.https://github.com/.extraheader
2024-03-11T02:33:51.2053794Z [command]/usr/bin/git config --local --unset-all http.https://github.com/.extraheader
2024-03-11T02:33:51.2098347Z [command]/usr/bin/git submodule foreach --recursive sh -c "git config --local --name-only --get-regexp 'http\.https\:\/\/github\.com\/\.extraheader' && git config --local --unset-all 'http.https://github.com/.extraheader' || :"
2024-03-11T02:33:51.2573223Z Print service container logs: f2c3c0b0cb10462f8ccaf0f20aa31c45_postgres123_f2136b
2024-03-11T02:33:51.2578317Z ##[command]/usr/bin/docker logs --details 2da92c82b46820227aefc824630dd01b2384cc59ab97bcc05617ca9c3d5da2ff
2024-03-11T02:33:51.2732617Z  The files belonging to this database system will be owned by user "postgres".
2024-03-11T02:33:51.2734609Z  initdb: warning: enabling "trust" authentication for local connections
2024-03-11T02:33:51.2736146Z  You can change this by editing pg_hba.conf or using the option -A, or
2024-03-11T02:33:51.2737118Z  --auth-local and --auth-host, the next time you run initdb.
2024-03-11T02:33:51.2738726Z  2024-03-11 02:28:27.770 UTC [1] LOG:  starting PostgreSQL 12.3 (Debian 12.3-1.pgdg100+1) on x86_64-pc-linux-gnu, compiled by gcc (Debian 8.3.0-6) 8.3.0, 64-bit
2024-03-11T02:33:51.2740439Z  2024-03-11 02:28:27.770 UTC [1] LOG:  listening on IPv4 address "0.0.0.0", port 5432
2024-03-11T02:33:51.2741633Z  2024-03-11 02:28:27.770 UTC [1] LOG:  listening on IPv6 address "::", port 5432
2024-03-11T02:33:51.2742900Z  2024-03-11 02:28:27.771 UTC [1] LOG:  listening on Unix socket "/var/run/postgresql/.s.PGSQL.5432"
2024-03-11T02:33:51.2744231Z  2024-03-11 02:28:27.782 UTC [56] LOG:  database system was shut down at 2024-03-11 02:28:27 UTC
2024-03-11T02:33:51.2745463Z  2024-03-11 02:28:27.786 UTC [1] LOG:  database system is ready to accept connections
2024-03-11T02:33:51.2746573Z  2024-03-11 02:28:36.974 UTC [70] FATAL:  role "root" does not exist
2024-03-11T02:33:51.2747528Z  2024-03-11 02:28:47.170 UTC [78] FATAL:  role "root" does not exist
2024-03-11T02:33:51.2748542Z  2024-03-11 02:28:55.928 UTC [79] FATAL:  database "diaper_test" does not exist
2024-03-11T02:33:51.2749589Z  2024-03-11 02:28:57.270 UTC [89] FATAL:  role "root" does not exist
2024-03-11T02:33:51.2750951Z  2024-03-11 02:29:02.861 UTC [90] ERROR:  relation "flipper_gates" does not exist at character 491
2024-03-11T02:33:51.2752371Z  2024-03-11 02:29:02.861 UTC [90] STATEMENT:  SELECT a.attname, format_type(a.atttypid, a.atttypmod),
2024-03-11T02:33:51.2753654Z  	       pg_get_expr(d.adbin, d.adrelid), a.attnotnull, a.atttypid, a.atttypmod,
2024-03-11T02:33:51.2754704Z  	       c.collname, col_description(a.attrelid, a.attnum) AS comment,
2024-03-11T02:33:51.2755484Z  	       attgenerated as attgenerated
2024-03-11T02:33:51.2756057Z  	  FROM pg_attribute a
2024-03-11T02:33:51.2756766Z  	  LEFT JOIN pg_attrdef d ON a.attrelid = d.adrelid AND a.attnum = d.adnum
2024-03-11T02:33:51.2757666Z  	  LEFT JOIN pg_type t ON a.atttypid = t.oid
2024-03-11T02:33:51.2758668Z  	  LEFT JOIN pg_collation c ON a.attcollation = c.oid AND a.attcollation <> t.typcollation
2024-03-11T02:33:51.2759701Z  	 WHERE a.attrelid = '"flipper_gates"'::regclass
2024-03-11T02:33:51.2760401Z  	   AND a.attnum > 0 AND NOT a.attisdropped
2024-03-11T02:33:51.2760982Z  	 ORDER BY a.attnum
2024-03-11T02:33:51.2761369Z  	
2024-03-11T02:33:51.2761915Z  2024-03-11 02:29:07.357 UTC [100] FATAL:  role "root" does not exist
2024-03-11T02:33:51.2762897Z  2024-03-11 02:29:17.429 UTC [109] FATAL:  role "root" does not exist
2024-03-11T02:33:51.2763860Z  2024-03-11 02:29:27.508 UTC [118] FATAL:  role "root" does not exist
2024-03-11T02:33:51.2764820Z  2024-03-11 02:29:37.589 UTC [128] FATAL:  role "root" does not exist
2024-03-11T02:33:51.2765753Z  2024-03-11 02:29:47.673 UTC [136] FATAL:  role "root" does not exist
2024-03-11T02:33:51.2766975Z  2024-03-11 02:29:57.764 UTC [146] FATAL:  role "root" does not exist
2024-03-11T02:33:51.2767940Z  2024-03-11 02:30:07.876 UTC [155] FATAL:  role "root" does not exist
2024-03-11T02:33:51.2768901Z  2024-03-11 02:30:17.984 UTC [163] FATAL:  role "root" does not exist
2024-03-11T02:33:51.2769827Z  2024-03-11 02:30:28.086 UTC [171] FATAL:  role "root" does not exist
2024-03-11T02:33:51.2770774Z  2024-03-11 02:30:38.209 UTC [180] FATAL:  role "root" does not exist
2024-03-11T02:33:51.2771713Z  2024-03-11 02:30:48.281 UTC [188] FATAL:  role "root" does not exist
2024-03-11T02:33:51.2772987Z  2024-03-11 02:30:58.376 UTC [197] FATAL:  role "root" does not exist
2024-03-11T02:33:51.2773953Z  2024-03-11 02:31:08.469 UTC [207] FATAL:  role "root" does not exist
2024-03-11T02:33:51.2774914Z  2024-03-11 02:31:18.550 UTC [214] FATAL:  role "root" does not exist
2024-03-11T02:33:51.2775867Z  2024-03-11 02:31:28.636 UTC [222] FATAL:  role "root" does not exist
2024-03-11T02:33:51.2776826Z  2024-03-11 02:31:38.720 UTC [231] FATAL:  role "root" does not exist
2024-03-11T02:33:51.2778008Z  2024-03-11 02:31:48.802 UTC [239] FATAL:  role "root" does not exist
2024-03-11T02:33:51.2778952Z  2024-03-11 02:31:58.880 UTC [247] FATAL:  role "root" does not exist
2024-03-11T02:33:51.2779905Z  2024-03-11 02:32:08.971 UTC [256] FATAL:  role "root" does not exist
2024-03-11T02:33:51.2780860Z  2024-03-11 02:32:19.050 UTC [264] FATAL:  role "root" does not exist
2024-03-11T02:33:51.2781785Z  2024-03-11 02:32:29.132 UTC [272] FATAL:  role "root" does not exist
2024-03-11T02:33:51.2782722Z  2024-03-11 02:32:39.206 UTC [281] FATAL:  role "root" does not exist
2024-03-11T02:33:51.2783670Z  2024-03-11 02:32:49.288 UTC [290] FATAL:  role "root" does not exist
2024-03-11T02:33:51.2784601Z  2024-03-11 02:32:59.366 UTC [298] FATAL:  role "root" does not exist
2024-03-11T02:33:51.2785537Z  2024-03-11 02:33:09.443 UTC [307] FATAL:  role "root" does not exist
2024-03-11T02:33:51.2786521Z  2024-03-11 02:33:19.528 UTC [316] FATAL:  role "root" does not exist
2024-03-11T02:33:51.2787496Z  2024-03-11 02:33:29.611 UTC [324] FATAL:  role "root" does not exist
2024-03-11T02:33:51.2788443Z  2024-03-11 02:33:39.693 UTC [332] FATAL:  role "root" does not exist
2024-03-11T02:33:51.2789413Z  2024-03-11 02:33:49.793 UTC [340] FATAL:  role "root" does not exist
2024-03-11T02:33:51.2790231Z  This user must also own the server process.
2024-03-11T02:33:51.2790811Z  
2024-03-11T02:33:51.2791386Z  The database cluster will be initialized with locale "en_US.utf8".
2024-03-11T02:33:51.2792400Z  The default database encoding has accordingly been set to "UTF8".
2024-03-11T02:33:51.2793442Z  The default text search configuration will be set to "english".
2024-03-11T02:33:51.2794191Z  
2024-03-11T02:33:51.2794561Z  Data page checksums are disabled.
2024-03-11T02:33:51.2795058Z  
2024-03-11T02:33:51.2795680Z  fixing permissions on existing directory /var/lib/postgresql/data ... ok
2024-03-11T02:33:51.2796549Z  creating subdirectories ... ok
2024-03-11T02:33:51.2797237Z  selecting dynamic shared memory implementation ... posix
2024-03-11T02:33:51.2798000Z  selecting default max_connections ... 100
2024-03-11T02:33:51.2798642Z  selecting default shared_buffers ... 128MB
2024-03-11T02:33:51.2799282Z  selecting default time zone ... Etc/UTC
2024-03-11T02:33:51.2799899Z  creating configuration files ... ok
2024-03-11T02:33:51.2800489Z  running bootstrap script ... ok
2024-03-11T02:33:51.2801130Z  performing post-bootstrap initialization ... ok
2024-03-11T02:33:51.2801793Z  syncing data to disk ... ok
2024-03-11T02:33:51.2802248Z  
2024-03-11T02:33:51.2802552Z  
2024-03-11T02:33:51.2803023Z  Success. You can now start the database server using:
2024-03-11T02:33:51.2803682Z  
2024-03-11T02:33:51.2804142Z      pg_ctl -D /var/lib/postgresql/data -l logfile start
2024-03-11T02:33:51.2804785Z  
2024-03-11T02:33:51.2806407Z  waiting for server to start....2024-03-11 02:28:27.566 UTC [47] LOG:  starting PostgreSQL 12.3 (Debian 12.3-1.pgdg100+1) on x86_64-pc-linux-gnu, compiled by gcc (Debian 8.3.0-6) 8.3.0, 64-bit
2024-03-11T02:33:51.2808497Z  2024-03-11 02:28:27.567 UTC [47] LOG:  listening on Unix socket "/var/run/postgresql/.s.PGSQL.5432"
2024-03-11T02:33:51.2809843Z  2024-03-11 02:28:27.578 UTC [48] LOG:  database system was shut down at 2024-03-11 02:28:27 UTC
2024-03-11T02:33:51.2811074Z  2024-03-11 02:28:27.583 UTC [47] LOG:  database system is ready to accept connections
2024-03-11T02:33:51.2811939Z   done
2024-03-11T02:33:51.2812279Z  server started
2024-03-11T02:33:51.2812652Z  
2024-03-11T02:33:51.2813335Z  /usr/local/bin/docker-entrypoint.sh: ignoring /docker-entrypoint-initdb.d/*
2024-03-11T02:33:51.2814460Z  
2024-03-11T02:33:51.2815017Z  2024-03-11 02:28:27.659 UTC [47] LOG:  received fast shutdown request
2024-03-11T02:33:51.2816302Z  waiting for server to shut down....2024-03-11 02:28:27.660 UTC [47] LOG:  aborting any active transactions
2024-03-11T02:33:51.2817912Z  2024-03-11 02:28:27.661 UTC [47] LOG:  background worker "logical replication launcher" (PID 54) exited with exit code 1
2024-03-11T02:33:51.2819416Z  2024-03-11 02:28:27.661 UTC [49] LOG:  shutting down
2024-03-11T02:33:51.2820264Z  2024-03-11 02:28:27.671 UTC [47] LOG:  database system is shut down
2024-03-11T02:33:51.2820996Z   done
2024-03-11T02:33:51.2821358Z  server stopped
2024-03-11T02:33:51.2821751Z  
2024-03-11T02:33:51.2822243Z  PostgreSQL init process complete; ready for start up.
2024-03-11T02:33:51.2822889Z  
2024-03-11T02:33:51.2831574Z Stop and remove container: f2c3c0b0cb10462f8ccaf0f20aa31c45_postgres123_f2136b
2024-03-11T02:33:51.2839261Z ##[command]/usr/bin/docker rm --force 2da92c82b46820227aefc824630dd01b2384cc59ab97bcc05617ca9c3d5da2ff
2024-03-11T02:33:51.4957033Z 2da92c82b46820227aefc824630dd01b2384cc59ab97bcc05617ca9c3d5da2ff
2024-03-11T02:33:51.4981350Z Remove container network: github_network_e83bbef51faf42bfa873bd869322d549
2024-03-11T02:33:51.4986615Z ##[command]/usr/bin/docker network rm github_network_e83bbef51faf42bfa873bd869322d549
2024-03-11T02:33:51.7986345Z github_network_e83bbef51faf42bfa873bd869322d549
2024-03-11T02:33:51.8149816Z Cleaning up orphan processes
