2024-03-12T21:56:21.9058341Z Requested labels: ubuntu-latest
2024-03-12T21:56:21.9058700Z Job defined at: rubyforgood/human-essentials/.github/workflows/rspec-system-events.yml@refs/pull/4191/merge
2024-03-12T21:56:21.9058822Z Waiting for a runner to pick up this job...
2024-03-12T21:56:23.2321250Z Job is waiting for a hosted runner to come online.
2024-03-12T21:56:26.7908611Z Job is about to start running on the hosted runner: GitHub Actions 8 (hosted)
2024-03-12T21:56:28.4478838Z Current runner version: '2.314.1'
2024-03-12T21:56:28.4509897Z ##[group]Operating System
2024-03-12T21:56:28.4510522Z Ubuntu
2024-03-12T21:56:28.4510852Z 22.04.4
2024-03-12T21:56:28.4511271Z LTS
2024-03-12T21:56:28.4511627Z ##[endgroup]
2024-03-12T21:56:28.4512000Z ##[group]Runner Image
2024-03-12T21:56:28.4512477Z Image: ubuntu-22.04
2024-03-12T21:56:28.4512878Z Version: 20240304.1.0
2024-03-12T21:56:28.4513867Z Included Software: https://github.com/actions/runner-images/blob/ubuntu22/20240304.1/images/ubuntu/Ubuntu2204-Readme.md
2024-03-12T21:56:28.4515321Z Image Release: https://github.com/actions/runner-images/releases/tag/ubuntu22%2F20240304.1
2024-03-12T21:56:28.4516175Z ##[endgroup]
2024-03-12T21:56:28.4516576Z ##[group]Runner Image Provisioner
2024-03-12T21:56:28.4517079Z 2.0.359.1
2024-03-12T21:56:28.4517410Z ##[endgroup]
2024-03-12T21:56:28.4519545Z ##[group]GITHUB_TOKEN Permissions
2024-03-12T21:56:28.4521134Z Actions: read
2024-03-12T21:56:28.4521560Z Checks: read
2024-03-12T21:56:28.4522151Z Contents: read
2024-03-12T21:56:28.4522622Z Deployments: read
2024-03-12T21:56:28.4523082Z Discussions: read
2024-03-12T21:56:28.4523667Z Issues: read
2024-03-12T21:56:28.4524053Z Metadata: read
2024-03-12T21:56:28.4524463Z Packages: read
2024-03-12T21:56:28.4524852Z Pages: read
2024-03-12T21:56:28.4525209Z PullRequests: read
2024-03-12T21:56:28.4525642Z RepositoryProjects: read
2024-03-12T21:56:28.4526118Z SecurityEvents: read
2024-03-12T21:56:28.4526513Z Statuses: read
2024-03-12T21:56:28.4526915Z ##[endgroup]
2024-03-12T21:56:28.4530001Z Secret source: None
2024-03-12T21:56:28.4530555Z Prepare workflow directory
2024-03-12T21:56:28.5473876Z Prepare all required actions
2024-03-12T21:56:28.5636909Z Getting action download info
2024-03-12T21:56:28.7162489Z Download action repository 'actions/checkout@v4' (SHA:b4ffde65f46336ab88eb53be808477a3936bae11)
2024-03-12T21:56:28.8449758Z Download action repository 'ruby/setup-ruby@v1' (SHA:d4526a55538b775af234ba4af27118ed6f8f6677)
2024-03-12T21:56:29.0868533Z Download action repository 'actions/upload-artifact@v4' (SHA:5d5d22a31266ced268874388b861e4b58bb5c2f3)
2024-03-12T21:56:29.3052765Z Complete job name: rspec-system-events (6, 2)
2024-03-12T21:56:29.3711777Z ##[group]Checking docker version
2024-03-12T21:56:29.3726534Z ##[command]/usr/bin/docker version --format '{{.Server.APIVersion}}'
2024-03-12T21:56:29.4283941Z '1.43'
2024-03-12T21:56:29.4309611Z Docker daemon API version: '1.43'
2024-03-12T21:56:29.4310982Z ##[command]/usr/bin/docker version --format '{{.Client.APIVersion}}'
2024-03-12T21:56:29.4490543Z '1.43'
2024-03-12T21:56:29.4510633Z Docker client API version: '1.43'
2024-03-12T21:56:29.4515943Z ##[endgroup]
2024-03-12T21:56:29.4519715Z ##[group]Clean up resources from previous jobs
2024-03-12T21:56:29.4525616Z ##[command]/usr/bin/docker ps --all --quiet --no-trunc --filter "label=aeea0f"
2024-03-12T21:56:29.4690141Z ##[command]/usr/bin/docker network prune --force --filter "label=aeea0f"
2024-03-12T21:56:29.4860619Z ##[endgroup]
2024-03-12T21:56:29.4861467Z ##[group]Create local container network
2024-03-12T21:56:29.4875185Z ##[command]/usr/bin/docker network create --label aeea0f github_network_c62da76a344b42c7bb12e2c08f908600
2024-03-12T21:56:29.5703951Z 6b1566bc3980eaa34cea72754b617e58b9bfd805f24113135b42728d4fc7c0a6
2024-03-12T21:56:29.5728478Z ##[endgroup]
2024-03-12T21:56:29.5808993Z ##[group]Starting db service container
2024-03-12T21:56:29.5858280Z ##[command]/usr/bin/docker pull postgres:12.3
2024-03-12T21:56:29.8507068Z 12.3: Pulling from library/postgres
2024-03-12T21:56:29.9116055Z bf5952930446: Pulling fs layer
2024-03-12T21:56:29.9116923Z 9577476abb00: Pulling fs layer
2024-03-12T21:56:29.9117562Z 2bd105512d5c: Pulling fs layer
2024-03-12T21:56:29.9118012Z b1cd21c26e81: Pulling fs layer
2024-03-12T21:56:29.9118450Z 34a7c86cf8fc: Pulling fs layer
2024-03-12T21:56:29.9118865Z 274e7b0c38d5: Pulling fs layer
2024-03-12T21:56:29.9119252Z 3e831b350d37: Pulling fs layer
2024-03-12T21:56:29.9119675Z 38fa0d496534: Pulling fs layer
2024-03-12T21:56:29.9120340Z 31a8349609a4: Pulling fs layer
2024-03-12T21:56:29.9120723Z 14e4c2a4b7b7: Pulling fs layer
2024-03-12T21:56:29.9121195Z 964acfa02beb: Pulling fs layer
2024-03-12T21:56:29.9121605Z 31b1f20dffc0: Pulling fs layer
2024-03-12T21:56:29.9121990Z 14771c2930e9: Pulling fs layer
2024-03-12T21:56:29.9122407Z 2f30edd0ce8a: Pulling fs layer
2024-03-12T21:56:29.9122778Z 3e831b350d37: Waiting
2024-03-12T21:56:29.9123128Z 274e7b0c38d5: Waiting
2024-03-12T21:56:29.9123756Z 38fa0d496534: Waiting
2024-03-12T21:56:29.9124117Z 31b1f20dffc0: Waiting
2024-03-12T21:56:29.9124462Z 14771c2930e9: Waiting
2024-03-12T21:56:29.9124835Z 31a8349609a4: Waiting
2024-03-12T21:56:29.9125172Z 2f30edd0ce8a: Waiting
2024-03-12T21:56:29.9125513Z 14e4c2a4b7b7: Waiting
2024-03-12T21:56:29.9125869Z 964acfa02beb: Waiting
2024-03-12T21:56:29.9126209Z 34a7c86cf8fc: Waiting
2024-03-12T21:56:29.9126546Z b1cd21c26e81: Waiting
2024-03-12T21:56:30.0121650Z 2bd105512d5c: Verifying Checksum
2024-03-12T21:56:30.0122440Z 2bd105512d5c: Download complete
2024-03-12T21:56:30.1197826Z 9577476abb00: Verifying Checksum
2024-03-12T21:56:30.1206300Z 9577476abb00: Download complete
2024-03-12T21:56:30.1273793Z b1cd21c26e81: Verifying Checksum
2024-03-12T21:56:30.1274497Z b1cd21c26e81: Download complete
2024-03-12T21:56:30.2036654Z bf5952930446: Verifying Checksum
2024-03-12T21:56:30.2037462Z bf5952930446: Download complete
2024-03-12T21:56:30.2273434Z 274e7b0c38d5: Download complete
2024-03-12T21:56:30.2807332Z 3e831b350d37: Download complete
2024-03-12T21:56:30.3003347Z 38fa0d496534: Verifying Checksum
2024-03-12T21:56:30.3004666Z 38fa0d496534: Download complete
2024-03-12T21:56:30.3799429Z 14e4c2a4b7b7: Verifying Checksum
2024-03-12T21:56:30.3805349Z 14e4c2a4b7b7: Download complete
2024-03-12T21:56:30.4725658Z 964acfa02beb: Verifying Checksum
2024-03-12T21:56:30.4726683Z 964acfa02beb: Download complete
2024-03-12T21:56:30.5820173Z 31b1f20dffc0: Verifying Checksum
2024-03-12T21:56:30.5821367Z 31b1f20dffc0: Download complete
2024-03-12T21:56:30.6708448Z 14771c2930e9: Verifying Checksum
2024-03-12T21:56:30.6709396Z 14771c2930e9: Download complete
2024-03-12T21:56:30.7878198Z 2f30edd0ce8a: Verifying Checksum
2024-03-12T21:56:30.7881621Z 2f30edd0ce8a: Download complete
2024-03-12T21:56:30.9994837Z 31a8349609a4: Verifying Checksum
2024-03-12T21:56:30.9995624Z 31a8349609a4: Download complete
2024-03-12T21:56:31.2254098Z 34a7c86cf8fc: Verifying Checksum
2024-03-12T21:56:31.2255087Z 34a7c86cf8fc: Download complete
2024-03-12T21:56:31.5007245Z bf5952930446: Pull complete
2024-03-12T21:56:31.7940488Z 9577476abb00: Pull complete
2024-03-12T21:56:31.8367710Z 2bd105512d5c: Pull complete
2024-03-12T21:56:31.8853986Z b1cd21c26e81: Pull complete
2024-03-12T21:56:32.2237117Z 34a7c86cf8fc: Pull complete
2024-03-12T21:56:32.2605900Z 274e7b0c38d5: Pull complete
2024-03-12T21:56:32.2716871Z 3e831b350d37: Pull complete
2024-03-12T21:56:32.2820930Z 38fa0d496534: Pull complete
2024-03-12T21:56:34.5494052Z 31a8349609a4: Pull complete
2024-03-12T21:56:34.5625678Z 14e4c2a4b7b7: Pull complete
2024-03-12T21:56:34.5746019Z 964acfa02beb: Pull complete
2024-03-12T21:56:34.5891302Z 31b1f20dffc0: Pull complete
2024-03-12T21:56:34.5988688Z 14771c2930e9: Pull complete
2024-03-12T21:56:34.6081657Z 2f30edd0ce8a: Pull complete
2024-03-12T21:56:34.6128950Z Digest: sha256:a06e6e6e519b7a329c419f8221edec66cfc45511e8b80e262c12103ba745cf19
2024-03-12T21:56:34.6145283Z Status: Downloaded newer image for postgres:12.3
2024-03-12T21:56:34.6155964Z docker.io/library/postgres:12.3
2024-03-12T21:56:34.6258218Z ##[command]/usr/bin/docker create --name d3cca4e3556848bea4ed36e8aa36359b_postgres123_b7b671 --label aeea0f --network github_network_c62da76a344b42c7bb12e2c08f908600 --network-alias db -p 5432:5432 --health-cmd pg_isready --health-interval 10s --health-timeout 5s --health-retries 5 -e "POSTGRES_PASSWORD=password" -e GITHUB_ACTIONS=true -e CI=true postgres:12.3
2024-03-12T21:56:34.6529365Z aab6de677d4335c0fecfc49327763fa566e898bc31949d92b6306379cf685923
2024-03-12T21:56:34.6551023Z ##[command]/usr/bin/docker start aab6de677d4335c0fecfc49327763fa566e898bc31949d92b6306379cf685923
2024-03-12T21:56:34.9098699Z aab6de677d4335c0fecfc49327763fa566e898bc31949d92b6306379cf685923
2024-03-12T21:56:34.9120288Z ##[command]/usr/bin/docker ps --all --filter id=aab6de677d4335c0fecfc49327763fa566e898bc31949d92b6306379cf685923 --filter status=running --no-trunc --format "{{.ID}} {{.Status}}"
2024-03-12T21:56:34.9253185Z aab6de677d4335c0fecfc49327763fa566e898bc31949d92b6306379cf685923 Up Less than a second (health: starting)
2024-03-12T21:56:34.9275783Z ##[command]/usr/bin/docker port aab6de677d4335c0fecfc49327763fa566e898bc31949d92b6306379cf685923
2024-03-12T21:56:34.9417663Z 5432/tcp -> 0.0.0.0:5432
2024-03-12T21:56:34.9418822Z 5432/tcp -> [::]:5432
2024-03-12T21:56:34.9495809Z ##[endgroup]
2024-03-12T21:56:34.9522168Z ##[group]Waiting for all services to be ready
2024-03-12T21:56:34.9563362Z ##[command]/usr/bin/docker inspect --format="{{if .Config.Healthcheck}}{{print .State.Health.Status}}{{end}}" aab6de677d4335c0fecfc49327763fa566e898bc31949d92b6306379cf685923
2024-03-12T21:56:34.9697703Z starting
2024-03-12T21:56:34.9725170Z db service is starting, waiting 2 seconds before checking again.
2024-03-12T21:56:36.9702129Z ##[command]/usr/bin/docker inspect --format="{{if .Config.Healthcheck}}{{print .State.Health.Status}}{{end}}" aab6de677d4335c0fecfc49327763fa566e898bc31949d92b6306379cf685923
2024-03-12T21:56:36.9815236Z starting
2024-03-12T21:56:36.9827065Z db service is starting, waiting 3 seconds before checking again.
2024-03-12T21:56:40.6864310Z ##[command]/usr/bin/docker inspect --format="{{if .Config.Healthcheck}}{{print .State.Health.Status}}{{end}}" aab6de677d4335c0fecfc49327763fa566e898bc31949d92b6306379cf685923
2024-03-12T21:56:40.6982587Z starting
2024-03-12T21:56:40.6995237Z db service is starting, waiting 8 seconds before checking again.
2024-03-12T21:56:49.1513633Z ##[command]/usr/bin/docker inspect --format="{{if .Config.Healthcheck}}{{print .State.Health.Status}}{{end}}" aab6de677d4335c0fecfc49327763fa566e898bc31949d92b6306379cf685923
2024-03-12T21:56:49.1637823Z healthy
2024-03-12T21:56:49.1657500Z db service is healthy.
2024-03-12T21:56:49.1658140Z ##[endgroup]
2024-03-12T21:56:49.2027447Z ##[group]Run actions/checkout@v4
2024-03-12T21:56:49.2027916Z with:
2024-03-12T21:56:49.2028408Z   repository: rubyforgood/human-essentials
2024-03-12T21:56:49.2029028Z   token: ***
2024-03-12T21:56:49.2029333Z   ssh-strict: true
2024-03-12T21:56:49.2029781Z   persist-credentials: true
2024-03-12T21:56:49.2030252Z   clean: true
2024-03-12T21:56:49.2030574Z   sparse-checkout-cone-mode: true
2024-03-12T21:56:49.2031060Z   fetch-depth: 1
2024-03-12T21:56:49.2031386Z   fetch-tags: false
2024-03-12T21:56:49.2031701Z   show-progress: true
2024-03-12T21:56:49.2032099Z   lfs: false
2024-03-12T21:56:49.2032378Z   submodules: false
2024-03-12T21:56:49.2032733Z   set-safe-directory: true
2024-03-12T21:56:49.2033159Z ##[endgroup]
2024-03-12T21:56:49.4027308Z Syncing repository: rubyforgood/human-essentials
2024-03-12T21:56:49.4029927Z ##[group]Getting Git version info
2024-03-12T21:56:49.4031319Z Working directory is '/home/runner/work/human-essentials/human-essentials'
2024-03-12T21:56:49.4033701Z [command]/usr/bin/git version
2024-03-12T21:56:49.4034571Z git version 2.43.2
2024-03-12T21:56:49.4044638Z ##[endgroup]
2024-03-12T21:56:49.4064896Z Temporarily overriding HOME='/home/runner/work/_temp/ac95de07-dae0-4982-abf9-c8b4869c77ce' before making global git config changes
2024-03-12T21:56:49.4066661Z Adding repository directory to the temporary git global config as a safe directory
2024-03-12T21:56:49.4068344Z [command]/usr/bin/git config --global --add safe.directory /home/runner/work/human-essentials/human-essentials
2024-03-12T21:56:49.4101883Z Deleting the contents of '/home/runner/work/human-essentials/human-essentials'
2024-03-12T21:56:49.4104724Z ##[group]Initializing the repository
2024-03-12T21:56:49.4108428Z [command]/usr/bin/git init /home/runner/work/human-essentials/human-essentials
2024-03-12T21:56:49.4164993Z hint: Using 'master' as the name for the initial branch. This default branch name
2024-03-12T21:56:49.4166417Z hint: is subject to change. To configure the initial branch name to use in all
2024-03-12T21:56:49.4167337Z hint: of your new repositories, which will suppress this warning, call:
2024-03-12T21:56:49.4168018Z hint: 
2024-03-12T21:56:49.4169184Z hint: 	git config --global init.defaultBranch <name>
2024-03-12T21:56:49.4169956Z hint: 
2024-03-12T21:56:49.4170739Z hint: Names commonly chosen instead of 'master' are 'main', 'trunk' and
2024-03-12T21:56:49.4172154Z hint: 'development'. The just-created branch can be renamed via this command:
2024-03-12T21:56:49.4173055Z hint: 
2024-03-12T21:56:49.4173529Z hint: 	git branch -m <name>
2024-03-12T21:56:49.4186850Z Initialized empty Git repository in /home/runner/work/human-essentials/human-essentials/.git/
2024-03-12T21:56:49.4196789Z [command]/usr/bin/git remote add origin https://github.com/rubyforgood/human-essentials
2024-03-12T21:56:49.4230925Z ##[endgroup]
2024-03-12T21:56:49.4232252Z ##[group]Disabling automatic garbage collection
2024-03-12T21:56:49.4233529Z [command]/usr/bin/git config --local gc.auto 0
2024-03-12T21:56:49.4263028Z ##[endgroup]
2024-03-12T21:56:49.4263587Z ##[group]Setting up auth
2024-03-12T21:56:49.4269596Z [command]/usr/bin/git config --local --name-only --get-regexp core\.sshCommand
2024-03-12T21:56:49.4300199Z [command]/usr/bin/git submodule foreach --recursive sh -c "git config --local --name-only --get-regexp 'core\.sshCommand' && git config --local --unset-all 'core.sshCommand' || :"
2024-03-12T21:56:49.4607712Z [command]/usr/bin/git config --local --name-only --get-regexp http\.https\:\/\/github\.com\/\.extraheader
2024-03-12T21:56:49.4634303Z [command]/usr/bin/git submodule foreach --recursive sh -c "git config --local --name-only --get-regexp 'http\.https\:\/\/github\.com\/\.extraheader' && git config --local --unset-all 'http.https://github.com/.extraheader' || :"
2024-03-12T21:56:49.4866046Z [command]/usr/bin/git config --local http.https://github.com/.extraheader AUTHORIZATION: basic ***
2024-03-12T21:56:49.4901317Z ##[endgroup]
2024-03-12T21:56:49.4902384Z ##[group]Fetching the repository
2024-03-12T21:56:49.4910256Z [command]/usr/bin/git -c protocol.version=2 fetch --no-tags --prune --no-recurse-submodules --depth=1 origin +e47a55dbbb4fa9b08d4dd20ecb9244b4980b429b:refs/remotes/pull/4191/merge
2024-03-12T21:56:50.0518288Z From https://github.com/rubyforgood/human-essentials
2024-03-12T21:56:50.0519726Z  * [new ref]         e47a55dbbb4fa9b08d4dd20ecb9244b4980b429b -> pull/4191/merge
2024-03-12T21:56:50.0545688Z ##[endgroup]
2024-03-12T21:56:50.0546669Z ##[group]Determining the checkout info
2024-03-12T21:56:50.0548456Z ##[endgroup]
2024-03-12T21:56:50.0549417Z ##[group]Checking out the ref
2024-03-12T21:56:50.0553470Z [command]/usr/bin/git checkout --progress --force refs/remotes/pull/4191/merge
2024-03-12T21:56:50.1867226Z Note: switching to 'refs/remotes/pull/4191/merge'.
2024-03-12T21:56:50.1867951Z 
2024-03-12T21:56:50.1868572Z You are in 'detached HEAD' state. You can look around, make experimental
2024-03-12T21:56:50.1869766Z changes and commit them, and you can discard any commits you make in this
2024-03-12T21:56:50.1870629Z state without impacting any branches by switching back to a branch.
2024-03-12T21:56:50.1871102Z 
2024-03-12T21:56:50.1871577Z If you want to create a new branch to retain commits you create, you may
2024-03-12T21:56:50.1873077Z do so (now or later) by using -c with the switch command. Example:
2024-03-12T21:56:50.1873971Z 
2024-03-12T21:56:50.1874307Z   git switch -c <new-branch-name>
2024-03-12T21:56:50.1874730Z 
2024-03-12T21:56:50.1875164Z Or undo this operation with:
2024-03-12T21:56:50.1875638Z 
2024-03-12T21:56:50.1875881Z   git switch -
2024-03-12T21:56:50.1876235Z 
2024-03-12T21:56:50.1876756Z Turn off this advice by setting config variable advice.detachedHead to false
2024-03-12T21:56:50.1877609Z 
2024-03-12T21:56:50.1878551Z HEAD is now at e47a55d Merge 175def259698071abe014a6d884cae6baa0ba123 into 449d8506f768bf1894e05c17983a13da27472321
2024-03-12T21:56:50.1881335Z ##[endgroup]
2024-03-12T21:56:50.1919450Z [command]/usr/bin/git log -1 --format='%H'
2024-03-12T21:56:50.1942804Z 'e47a55dbbb4fa9b08d4dd20ecb9244b4980b429b'
2024-03-12T21:56:50.2213396Z ##[group]Run ruby/setup-ruby@v1
2024-03-12T21:56:50.2213876Z with:
2024-03-12T21:56:50.2214185Z   bundler-cache: true
2024-03-12T21:56:50.2214559Z   ruby-version: default
2024-03-12T21:56:50.2214936Z ##[endgroup]
2024-03-12T21:56:50.3399495Z Using 3.2.2 as input from file .ruby-version
2024-03-12T21:56:50.3422989Z ##[group]Modifying PATH
2024-03-12T21:56:50.3423756Z Entries added to PATH to use selected Ruby:
2024-03-12T21:56:50.3424462Z   /opt/hostedtoolcache/Ruby/3.2.2/x64/bin
2024-03-12T21:56:50.3425227Z ##[endgroup]
2024-03-12T21:56:50.3447931Z ##[group]Downloading Ruby
2024-03-12T21:56:50.3450723Z https://github.com/ruby/ruby-builder/releases/download/toolcache/ruby-3.2.2-ubuntu-22.04.tar.gz
2024-03-12T21:56:50.6640726Z Took   0.32 seconds
2024-03-12T21:56:50.6642270Z ##[endgroup]
2024-03-12T21:56:50.6643108Z ##[group]Extracting  Ruby
2024-03-12T21:56:50.6668812Z [command]/usr/bin/tar -xz -C /opt/hostedtoolcache/Ruby/3.2.2 -f /home/runner/work/_temp/c11db6b0-f429-4b94-824f-e7c43c52a79e
2024-03-12T21:56:51.0794179Z Took   0.41 seconds
2024-03-12T21:56:51.0795304Z ##[endgroup]
2024-03-12T21:56:51.0796361Z ##[group]Print Ruby version
2024-03-12T21:56:51.0823542Z [command]/opt/hostedtoolcache/Ruby/3.2.2/x64/bin/ruby --version
2024-03-12T21:56:51.1101771Z ruby 3.2.2 (2023-03-30 revision e51014f9c0) [x86_64-linux]
2024-03-12T21:56:51.1130030Z Took   0.03 seconds
2024-03-12T21:56:51.1131618Z ##[endgroup]
2024-03-12T21:56:51.1133040Z ##[group]Installing Bundler
2024-03-12T21:56:51.1137010Z Using Bundler 2.5.6 from Gemfile.lock BUNDLED WITH 2.5.6
2024-03-12T21:56:51.1142406Z [command]/opt/hostedtoolcache/Ruby/3.2.2/x64/bin/gem install bundler -v 2.5.6
2024-03-12T21:56:51.8242929Z Successfully installed bundler-2.5.6
2024-03-12T21:56:51.8243845Z 1 gem installed
2024-03-12T21:56:51.8295184Z Took   0.72 seconds
2024-03-12T21:56:51.8296122Z ##[endgroup]
2024-03-12T21:56:51.8296727Z > bundle install
2024-03-12T21:56:51.8314597Z [command]/opt/hostedtoolcache/Ruby/3.2.2/x64/bin/bundle config --local path /home/runner/work/human-essentials/human-essentials/vendor/bundle
2024-03-12T21:56:51.9785255Z [command]/opt/hostedtoolcache/Ruby/3.2.2/x64/bin/bundle config --local deployment true
2024-03-12T21:56:52.1269160Z Cache key: setup-ruby-bundler-cache-v6-ubuntu-22.04-x64-ruby-3.2.2-wd-/home/runner/work/human-essentials/human-essentials-with--without--only--Gemfile.lock-90af41cb540db2526d21e3c5cbbe531ed46bcf1ba5fdc3d9e3337dd916b92c56
2024-03-12T21:56:52.9553785Z Cache Size: ~205 MB (214817878 B)
2024-03-12T21:56:52.9592970Z [command]/usr/bin/tar -xf /home/runner/work/_temp/628cb750-343d-43b7-bb68-f386e9a73eca/cache.tzst -P -C /home/runner/work/human-essentials/human-essentials --use-compress-program unzstd
2024-03-12T21:56:53.2429405Z Received 214817878 of 214817878 (100.0%), 204.7 MBs/sec
2024-03-12T21:56:54.5735303Z Cache restored successfully
2024-03-12T21:56:54.6157207Z Found cache for key: setup-ruby-bundler-cache-v6-ubuntu-22.04-x64-ruby-3.2.2-wd-/home/runner/work/human-essentials/human-essentials-with--without--only--Gemfile.lock-90af41cb540db2526d21e3c5cbbe531ed46bcf1ba5fdc3d9e3337dd916b92c56
2024-03-12T21:56:54.6168789Z [command]/opt/hostedtoolcache/Ruby/3.2.2/x64/bin/bundle install --jobs 4
2024-03-12T21:56:55.0131399Z Bundle complete! 85 Gemfile dependencies, 246 gems now installed.
2024-03-12T21:56:55.0133256Z Bundled gems are installed into `./vendor/bundle`
2024-03-12T21:56:55.0178059Z Took   3.19 seconds
2024-03-12T21:56:55.0396012Z ##[group]Run sudo apt-get -yqq install libpq-dev
2024-03-12T21:56:55.0396787Z [36;1msudo apt-get -yqq install libpq-dev[0m
2024-03-12T21:56:55.0462611Z shell: /usr/bin/bash -e {0}
2024-03-12T21:56:55.0463036Z ##[endgroup]
2024-03-12T21:56:56.3236980Z ##[group]Run bundle exec rake db:create
2024-03-12T21:56:56.3237603Z [36;1mbundle exec rake db:create[0m
2024-03-12T21:56:56.3238257Z [36;1mbundle exec rake db:schema:load[0m
2024-03-12T21:56:56.3238753Z [36;1mbundle exec rails assets:precompile[0m
2024-03-12T21:56:56.3288376Z shell: /usr/bin/bash -e {0}
2024-03-12T21:56:56.3288882Z env:
2024-03-12T21:56:56.3289202Z   POSTGRES_HOST: localhost
2024-03-12T21:56:56.3289543Z   DATABASE_HOST: localhost
2024-03-12T21:56:56.3289987Z   PG_USERNAME: postgres
2024-03-12T21:56:56.3290354Z   PG_PASSWORD: password
2024-03-12T21:56:56.3290739Z   POSTGRES_HOST_AUTH_METHOD: trust
2024-03-12T21:56:56.3291199Z   POSTGRES_PORT: 5432
2024-03-12T21:56:56.3291518Z   RAILS_ENV: test
2024-03-12T21:56:56.3291851Z ##[endgroup]
2024-03-12T21:57:03.0352482Z We could not find your database: diaper_test. Which can be found in the database configuration file located at config/database.yml.
2024-03-12T21:57:03.0353997Z 
2024-03-12T21:57:03.0354425Z To resolve this issue:
2024-03-12T21:57:03.0355029Z 
2024-03-12T21:57:03.0356039Z - Did you create the database for this app, or delete it? You may need to create your database.
2024-03-12T21:57:03.0357047Z - Has the database name changed? Check your database.yml config has the correct database name.
2024-03-12T21:57:03.0357536Z 
2024-03-12T21:57:03.0357671Z To create your database, run:
2024-03-12T21:57:03.0358045Z 
2024-03-12T21:57:03.0358172Z         bin/rails db:create
2024-03-12T21:57:03.0358742Z . You likely need to run `rails g flipper:active_record` and/or `rails db:migrate`.
2024-03-12T21:57:03.1923208Z Created database 'diaper_test'
2024-03-12T21:57:03.4941721Z Coverage report generated for RSpec to /home/runner/work/human-essentials/human-essentials/coverage. 442 / 10017 LOC (4.41%) covered.
2024-03-12T21:57:09.9977109Z PG::UndefinedTable: ERROR:  relation "flipper_gates" does not exist
2024-03-12T21:57:09.9978104Z LINE 9:  WHERE a.attrelid = '"flipper_gates"'::regclass
2024-03-12T21:57:09.9978788Z                             ^
2024-03-12T21:57:09.9979335Z . You likely need to run `rails g flipper:active_record` and/or `rails db:migrate`.
2024-03-12T21:57:10.8901558Z Coverage report generated for RSpec to /home/runner/work/human-essentials/human-essentials/coverage. 442 / 10017 LOC (4.41%) covered.
2024-03-12T21:57:45.1531740Z W, [2024-03-12T14:57:45.152725 #2355]  WARN -- : Removed sourceMappingURL comment for missing asset 'adminlte.js.map' from /home/runner/work/human-essentials/human-essentials/app/javascript/adminlte.js
2024-03-12T21:57:45.2151744Z I, [2024-03-12T14:57:45.214844 #2355]  INFO -- : Writing /home/runner/work/human-essentials/human-essentials/public/assets/manifest-90aab26ade71e747f745b1227b433fd7d580a54f279ee2be6e1a67bb326bf03a.js
2024-03-12T21:57:45.2154878Z I, [2024-03-12T14:57:45.215086 #2355]  INFO -- : Writing /home/runner/work/human-essentials/human-essentials/public/assets/manifest-90aab26ade71e747f745b1227b433fd7d580a54f279ee2be6e1a67bb326bf03a.js.gz
2024-03-12T21:57:45.2158180Z I, [2024-03-12T14:57:45.215303 #2355]  INFO -- : Writing /home/runner/work/human-essentials/human-essentials/public/assets/filterrific/filterrific-spinner-415824b210964b6cdb1db0bd9508be8644b9fde094b392f73055b20d369885b6.gif
2024-03-12T21:57:45.2160570Z I, [2024-03-12T14:57:45.215534 #2355]  INFO -- : Writing /home/runner/work/human-essentials/human-essentials/public/assets/bootstrap.min-67c48d88a8e0be178058aacb338b084191ed6d65c8fef751c50248202cf1488a.js
2024-03-12T21:57:45.2164735Z I, [2024-03-12T14:57:45.215713 #2355]  INFO -- : Writing /home/runner/work/human-essentials/human-essentials/public/assets/bootstrap.min-67c48d88a8e0be178058aacb338b084191ed6d65c8fef751c50248202cf1488a.js.gz
2024-03-12T21:57:45.2168253Z I, [2024-03-12T14:57:45.215956 #2355]  INFO -- : Writing /home/runner/work/human-essentials/human-essentials/public/assets/DiaperBase-Logo-f18172876cab49a451ca9c3178b578ab2019e03f111a6b6f3ba0c1b40b3d7c0c.png
2024-03-12T21:57:45.2172295Z I, [2024-03-12T14:57:45.216590 #2355]  INFO -- : Writing /home/runner/work/human-essentials/human-essentials/public/assets/Just-Diaper-05bf6a1b70ccad149eb4eca7b5f9fcca1f9c37bab1f8e5edb6798d66c903ba53.svg
2024-03-12T21:57:45.2175942Z I, [2024-03-12T14:57:45.217055 #2355]  INFO -- : Writing /home/runner/work/human-essentials/human-essentials/public/assets/Just-Diaper-05bf6a1b70ccad149eb4eca7b5f9fcca1f9c37bab1f8e5edb6798d66c903ba53.svg.gz
2024-03-12T21:57:45.2179535Z I, [2024-03-12T14:57:45.217358 #2355]  INFO -- : Writing /home/runner/work/human-essentials/human-essentials/public/assets/barcode-932aed25f5c148b36882be3bfb6696ecdd362ba0a709ff0674a10477f2aad8f3.svg
2024-03-12T21:57:45.2182458Z I, [2024-03-12T14:57:45.217583 #2355]  INFO -- : Writing /home/runner/work/human-essentials/human-essentials/public/assets/barcode-932aed25f5c148b36882be3bfb6696ecdd362ba0a709ff0674a10477f2aad8f3.svg.gz
2024-03-12T21:57:45.2185440Z I, [2024-03-12T14:57:45.217695 #2355]  INFO -- : Writing /home/runner/work/human-essentials/human-essentials/public/assets/bars-db7a0aaf1cd735270b170cba53dca71c75473940ab48639c609a72964eb92f4d.svg
2024-03-12T21:57:45.2188982Z I, [2024-03-12T14:57:45.217793 #2355]  INFO -- : Writing /home/runner/work/human-essentials/human-essentials/public/assets/bars-db7a0aaf1cd735270b170cba53dca71c75473940ab48639c609a72964eb92f4d.svg.gz
2024-03-12T21:57:45.2192783Z I, [2024-03-12T14:57:45.217984 #2355]  INFO -- : Writing /home/runner/work/human-essentials/human-essentials/public/assets/blue@2x-709ca6c252f762af1e5efb0ef1e7444a712cb0ec010fee01749b67a595a7c0c6.png
2024-03-12T21:57:45.2196253Z I, [2024-03-12T14:57:45.218605 #2355]  INFO -- : Writing /home/runner/work/human-essentials/human-essentials/public/assets/boxed-bg-6c60c3f8655fa4062631bbe1434face4fe3d70392159e976ec09ca6ad9330e7d.jpg
2024-03-12T21:57:45.2205610Z I, [2024-03-12T14:57:45.220167 #2355]  INFO -- : Writing /home/runner/work/human-essentials/human-essentials/public/assets/boxed-bg-eb7b1fa0c09f5ef599fc5138e33168827f2ec4e1f796cf8a78570d8a73a58190.png
2024-03-12T21:57:45.2210550Z I, [2024-03-12T14:57:45.220378 #2355]  INFO -- : Writing /home/runner/work/human-essentials/human-essentials/public/assets/dashboard-image-3db42e909886dffccb680715feccab83cc867b4581b0009558e746364e2ec332.svg
2024-03-12T21:57:45.2214800Z I, [2024-03-12T14:57:45.220514 #2355]  INFO -- : Writing /home/runner/work/human-essentials/human-essentials/public/assets/dashboard-image-3db42e909886dffccb680715feccab83cc867b4581b0009558e746364e2ec332.svg.gz
2024-03-12T21:57:45.2218743Z I, [2024-03-12T14:57:45.220618 #2355]  INFO -- : Writing /home/runner/work/human-essentials/human-essentials/public/assets/forecasting-32dffccc42e6c09203d36acbc2243b4bc746dc2f1198c1ff43def4bb48e335b2.svg
2024-03-12T21:57:45.2221931Z I, [2024-03-12T14:57:45.220715 #2355]  INFO -- : Writing /home/runner/work/human-essentials/human-essentials/public/assets/forecasting-32dffccc42e6c09203d36acbc2243b4bc746dc2f1198c1ff43def4bb48e335b2.svg.gz
2024-03-12T21:57:45.2225474Z I, [2024-03-12T14:57:45.220829 #2355]  INFO -- : Writing /home/runner/work/human-essentials/human-essentials/public/assets/hero-image-0ba273def6de748beb2a64206e115d8e4a109ad51ef255512f4c6522e5b9225b.svg
2024-03-12T21:57:45.2229288Z I, [2024-03-12T14:57:45.221063 #2355]  INFO -- : Writing /home/runner/work/human-essentials/human-essentials/public/assets/hero-image-0ba273def6de748beb2a64206e115d8e4a109ad51ef255512f4c6522e5b9225b.svg.gz
2024-03-12T21:57:45.2232629Z I, [2024-03-12T14:57:45.221165 #2355]  INFO -- : Writing /home/runner/work/human-essentials/human-essentials/public/assets/inventory-image-3d91fc8087e13632114d9d129a680b992e02aae297b2bf180089cd55792249b2.svg
2024-03-12T21:57:45.2235607Z I, [2024-03-12T14:57:45.222206 #2355]  INFO -- : Writing /home/runner/work/human-essentials/human-essentials/public/assets/inventory-image-3d91fc8087e13632114d9d129a680b992e02aae297b2bf180089cd55792249b2.svg.gz
2024-03-12T21:57:45.2240087Z I, [2024-03-12T14:57:45.223631 #2355]  INFO -- : Writing /home/runner/work/human-essentials/human-essentials/public/assets/partner-management-c2cd4a940d1cf59f66928bc5097b4d4528b6de95abcc66421edf341c59311d40.svg
2024-03-12T21:57:45.2244523Z I, [2024-03-12T14:57:45.223882 #2355]  INFO -- : Writing /home/runner/work/human-essentials/human-essentials/public/assets/partner-management-c2cd4a940d1cf59f66928bc5097b4d4528b6de95abcc66421edf341c59311d40.svg.gz
2024-03-12T21:57:45.2248453Z I, [2024-03-12T14:57:45.224051 #2355]  INFO -- : Writing /home/runner/work/human-essentials/human-essentials/public/assets/quote-e4395f28913ad7b7785c522f0b6f2363a960720cf3bc26705438f6efb55edb7d.svg
2024-03-12T21:57:45.2253836Z I, [2024-03-12T14:57:45.224184 #2355]  INFO -- : Writing /home/runner/work/human-essentials/human-essentials/public/assets/quote-e4395f28913ad7b7785c522f0b6f2363a960720cf3bc26705438f6efb55edb7d.svg.gz
2024-03-12T21:57:45.2257158Z I, [2024-03-12T14:57:45.224382 #2355]  INFO -- : Writing /home/runner/work/human-essentials/human-essentials/public/assets/report-image-a9fc71739eca5457d288f1c234a0d84237ba8eef8bd20a9935bd45d84d03ae6b.svg
2024-03-12T21:57:45.2275698Z I, [2024-03-12T14:57:45.226307 #2355]  INFO -- : Writing /home/runner/work/human-essentials/human-essentials/public/assets/report-image-a9fc71739eca5457d288f1c234a0d84237ba8eef8bd20a9935bd45d84d03ae6b.svg.gz
2024-03-12T21:57:45.2279207Z I, [2024-03-12T14:57:45.226441 #2355]  INFO -- : Writing /home/runner/work/human-essentials/human-essentials/public/assets/test-only-background-c4843e992a593298a8c43815c8950b766061a96fd7d3e92838354914c41d7243.jpg
2024-03-12T21:57:45.2282991Z I, [2024-03-12T14:57:45.226587 #2355]  INFO -- : Writing /home/runner/work/human-essentials/human-essentials/public/assets/AdminLTE-9d75f9bf2ec81bc0a0de450227ed6268dad2cd66401439503c18d3241dfb241d.css
2024-03-12T21:57:45.2286584Z I, [2024-03-12T14:57:45.226659 #2355]  INFO -- : Writing /home/runner/work/human-essentials/human-essentials/public/assets/AdminLTE-9d75f9bf2ec81bc0a0de450227ed6268dad2cd66401439503c18d3241dfb241d.css.gz
2024-03-12T21:57:45.2289754Z I, [2024-03-12T14:57:45.226754 #2355]  INFO -- : Writing /home/runner/work/human-essentials/human-essentials/public/assets/_colors-04024382391bb910584145d8113cf35ef376b55d125bb4516cebeb14ce788597.css
2024-03-12T21:57:45.2292950Z I, [2024-03-12T14:57:45.226824 #2355]  INFO -- : Writing /home/runner/work/human-essentials/human-essentials/public/assets/_colors-04024382391bb910584145d8113cf35ef376b55d125bb4516cebeb14ce788597.css.gz
2024-03-12T21:57:45.2296121Z I, [2024-03-12T14:57:45.226930 #2355]  INFO -- : Writing /home/runner/work/human-essentials/human-essentials/public/assets/application-c21613708cb0f40361dc08d066cb68c559e4b3982f802956f4439959cad9af23.css
2024-03-12T21:57:45.2299466Z I, [2024-03-12T14:57:45.227001 #2355]  INFO -- : Writing /home/runner/work/human-essentials/human-essentials/public/assets/application-c21613708cb0f40361dc08d066cb68c559e4b3982f802956f4439959cad9af23.css.gz
2024-03-12T21:57:45.2302779Z I, [2024-03-12T14:57:45.227089 #2355]  INFO -- : Writing /home/runner/work/human-essentials/human-essentials/public/assets/test-only-background-c4843e992a593298a8c43815c8950b766061a96fd7d3e92838354914c41d7243.jpg
2024-03-12T21:57:45.2306039Z I, [2024-03-12T14:57:45.227235 #2355]  INFO -- : Writing /home/runner/work/human-essentials/human-essentials/public/assets/audits-83372b845d8a4887e7e4d2315cf3c85ea60ef94ca0ec4774dfbcd3cf569c616c.css
2024-03-12T21:57:45.2309223Z I, [2024-03-12T14:57:45.227336 #2355]  INFO -- : Writing /home/runner/work/human-essentials/human-essentials/public/assets/audits-83372b845d8a4887e7e4d2315cf3c85ea60ef94ca0ec4774dfbcd3cf569c616c.css.gz
2024-03-12T21:57:45.2327324Z I, [2024-03-12T14:57:45.231177 #2355]  INFO -- : Writing /home/runner/work/human-essentials/human-essentials/public/assets/barcode_reader-3799c29218802c1dbba4c700f3863ec24505a9e3e7b54d36282fff667d7c94ca.css
2024-03-12T21:57:45.2331644Z I, [2024-03-12T14:57:45.231293 #2355]  INFO -- : Writing /home/runner/work/human-essentials/human-essentials/public/assets/barcode_reader-3799c29218802c1dbba4c700f3863ec24505a9e3e7b54d36282fff667d7c94ca.css.gz
2024-03-12T21:57:45.2336221Z I, [2024-03-12T14:57:45.231400 #2355]  INFO -- : Writing /home/runner/work/human-essentials/human-essentials/public/assets/custom-4ac26623bf6f4d95aa1164e1ad4d6cbb2bb8dda4af8e4a2f1b4368bc92491085.css
2024-03-12T21:57:45.2340680Z I, [2024-03-12T14:57:45.231470 #2355]  INFO -- : Writing /home/runner/work/human-essentials/human-essentials/public/assets/custom-4ac26623bf6f4d95aa1164e1ad4d6cbb2bb8dda4af8e4a2f1b4368bc92491085.css.gz
2024-03-12T21:57:45.2345179Z I, [2024-03-12T14:57:45.231560 #2355]  INFO -- : Writing /home/runner/work/human-essentials/human-essentials/public/assets/test-only-background-c4843e992a593298a8c43815c8950b766061a96fd7d3e92838354914c41d7243.jpg
2024-03-12T21:57:45.2349558Z I, [2024-03-12T14:57:45.231704 #2355]  INFO -- : Writing /home/runner/work/human-essentials/human-essentials/public/assets/expandable_table-cca1600cf25c44c6bea2733167509ffe9133f344e9defe984ad96bd427b29a19.css
2024-03-12T21:57:45.2354016Z I, [2024-03-12T14:57:45.231774 #2355]  INFO -- : Writing /home/runner/work/human-essentials/human-essentials/public/assets/expandable_table-cca1600cf25c44c6bea2733167509ffe9133f344e9defe984ad96bd427b29a19.css.gz
2024-03-12T21:57:45.2358477Z I, [2024-03-12T14:57:45.231866 #2355]  INFO -- : Writing /home/runner/work/human-essentials/human-essentials/public/assets/landing_page-4fe5dfcfea8b5bbd7722658652ff4ee86132a41b8aff92e9ef8b1216cb7259fa.css
2024-03-12T21:57:45.2362624Z I, [2024-03-12T14:57:45.231932 #2355]  INFO -- : Writing /home/runner/work/human-essentials/human-essentials/public/assets/landing_page-4fe5dfcfea8b5bbd7722658652ff4ee86132a41b8aff92e9ef8b1216cb7259fa.css.gz
2024-03-12T21:57:45.2367468Z I, [2024-03-12T14:57:45.232024 #2355]  INFO -- : Writing /home/runner/work/human-essentials/human-essentials/public/assets/modal-dialog-9d7ae8bb43b60ac4c7d9910700392b20618ae2db4d5db33453b157171d5e0f7d.css
2024-03-12T21:57:45.2371655Z I, [2024-03-12T14:57:45.232090 #2355]  INFO -- : Writing /home/runner/work/human-essentials/human-essentials/public/assets/modal-dialog-9d7ae8bb43b60ac4c7d9910700392b20618ae2db4d5db33453b157171d5e0f7d.css.gz
2024-03-12T21:57:45.2375960Z I, [2024-03-12T14:57:45.232178 #2355]  INFO -- : Writing /home/runner/work/human-essentials/human-essentials/public/assets/progress_stepper-7f8ef0dc05a9a00a300e56f6f3e4ccfdde4af8e392407ccc6601d60019067ccb.css
2024-03-12T21:57:45.2380208Z I, [2024-03-12T14:57:45.232244 #2355]  INFO -- : Writing /home/runner/work/human-essentials/human-essentials/public/assets/progress_stepper-7f8ef0dc05a9a00a300e56f6f3e4ccfdde4af8e392407ccc6601d60019067ccb.css.gz
2024-03-12T21:57:45.2384565Z I, [2024-03-12T14:57:45.232333 #2355]  INFO -- : Writing /home/runner/work/human-essentials/human-essentials/public/assets/transfers-c9ab43ff53dab5dc13681712afc9b6fb31d7865d5ac8c657220deff9f138fa8c.css
2024-03-12T21:57:45.2388919Z I, [2024-03-12T14:57:45.232443 #2355]  INFO -- : Writing /home/runner/work/human-essentials/human-essentials/public/assets/transfers-c9ab43ff53dab5dc13681712afc9b6fb31d7865d5ac8c657220deff9f138fa8c.css.gz
2024-03-12T21:57:45.2393381Z I, [2024-03-12T14:57:45.232548 #2355]  INFO -- : Writing /home/runner/work/human-essentials/human-essentials/public/assets/adminlte-886a0b559685ec92cd8dd4dbf957899292f9c0bd344c90c304d28973363a8eaf.js
2024-03-12T21:57:45.2397544Z I, [2024-03-12T14:57:45.232641 #2355]  INFO -- : Writing /home/runner/work/human-essentials/human-essentials/public/assets/adminlte-886a0b559685ec92cd8dd4dbf957899292f9c0bd344c90c304d28973363a8eaf.js.gz
2024-03-12T21:57:45.2401629Z I, [2024-03-12T14:57:45.232744 #2355]  INFO -- : Writing /home/runner/work/human-essentials/human-essentials/public/assets/application-f9d5a0970e6dc2d1d44ca8dfd6129e9fed2dccf1b460a6bba6eab9dd7aa61c92.js
2024-03-12T21:57:45.2452103Z I, [2024-03-12T14:57:45.232825 #2355]  INFO -- : Writing /home/runner/work/human-essentials/human-essentials/public/assets/application-f9d5a0970e6dc2d1d44ca8dfd6129e9fed2dccf1b460a6bba6eab9dd7aa61c92.js.gz
2024-03-12T21:57:45.2456228Z I, [2024-03-12T14:57:45.232928 #2355]  INFO -- : Writing /home/runner/work/human-essentials/human-essentials/public/assets/cocoon-js-vanilla-cc8e46e9b16a6217f3c14c60ca346454c9c01d8d41e5c073ae14f85fac052e96.js
2024-03-12T21:57:45.2459983Z I, [2024-03-12T14:57:45.233013 #2355]  INFO -- : Writing /home/runner/work/human-essentials/human-essentials/public/assets/cocoon-js-vanilla-cc8e46e9b16a6217f3c14c60ca346454c9c01d8d41e5c073ae14f85fac052e96.js.gz
2024-03-12T21:57:45.2464001Z I, [2024-03-12T14:57:45.233128 #2355]  INFO -- : Writing /home/runner/work/human-essentials/human-essentials/public/assets/controllers/application-368d98631bccbf2349e0d4f8269afb3fe9625118341966de054759d96ea86c7e.js
2024-03-12T21:57:45.2467931Z I, [2024-03-12T14:57:45.233206 #2355]  INFO -- : Writing /home/runner/work/human-essentials/human-essentials/public/assets/controllers/application-368d98631bccbf2349e0d4f8269afb3fe9625118341966de054759d96ea86c7e.js.gz
2024-03-12T21:57:45.2471812Z I, [2024-03-12T14:57:45.233299 #2355]  INFO -- : Writing /home/runner/work/human-essentials/human-essentials/public/assets/controllers/area_served_controller-c8c048ef9ee2d145ba8408cda63546aff8ce9170e9cafb34075ebb01b43c6c34.js
2024-03-12T21:57:45.2475888Z I, [2024-03-12T14:57:45.233467 #2355]  INFO -- : Writing /home/runner/work/human-essentials/human-essentials/public/assets/controllers/area_served_controller-c8c048ef9ee2d145ba8408cda63546aff8ce9170e9cafb34075ebb01b43c6c34.js.gz
2024-03-12T21:57:45.2480182Z I, [2024-03-12T14:57:45.233569 #2355]  INFO -- : Writing /home/runner/work/human-essentials/human-essentials/public/assets/controllers/checkbox_with_nested_element_controller-1645dd2a3a857d546354c90b0c415a9d1dd4de6974048fd41bfc1d6f45ccb3eb.js
2024-03-12T21:57:45.2484596Z I, [2024-03-12T14:57:45.233641 #2355]  INFO -- : Writing /home/runner/work/human-essentials/human-essentials/public/assets/controllers/checkbox_with_nested_element_controller-1645dd2a3a857d546354c90b0c415a9d1dd4de6974048fd41bfc1d6f45ccb3eb.js.gz
2024-03-12T21:57:45.2488891Z I, [2024-03-12T14:57:45.233733 #2355]  INFO -- : Writing /home/runner/work/human-essentials/human-essentials/public/assets/controllers/distribution_delivery_controller-89fc613f734c2b1538c1e9948abeb353ea73d22678fc08597d48fa36a70c5c51.js
2024-03-12T21:57:45.2493049Z I, [2024-03-12T14:57:45.233807 #2355]  INFO -- : Writing /home/runner/work/human-essentials/human-essentials/public/assets/controllers/distribution_delivery_controller-89fc613f734c2b1538c1e9948abeb353ea73d22678fc08597d48fa36a70c5c51.js.gz
2024-03-12T21:57:45.2497153Z I, [2024-03-12T14:57:45.233900 #2355]  INFO -- : Writing /home/runner/work/human-essentials/human-essentials/public/assets/controllers/double_select_controller-bb2e4a65f2c66cacc8ec4dd491c2233b0aac53187ebe1fbaaffedfbaf7db9099.js
2024-03-12T21:57:45.2501311Z I, [2024-03-12T14:57:45.233974 #2355]  INFO -- : Writing /home/runner/work/human-essentials/human-essentials/public/assets/controllers/double_select_controller-bb2e4a65f2c66cacc8ec4dd491c2233b0aac53187ebe1fbaaffedfbaf7db9099.js.gz
2024-03-12T21:57:45.2505297Z I, [2024-03-12T14:57:45.234067 #2355]  INFO -- : Writing /home/runner/work/human-essentials/human-essentials/public/assets/controllers/highchart_controller-7640167d6e3481659a5ead23f046e3c6852c08e30ce8aa6f09aa5cce0f7ea02d.js
2024-03-12T21:57:45.2509312Z I, [2024-03-12T14:57:45.234140 #2355]  INFO -- : Writing /home/runner/work/human-essentials/human-essentials/public/assets/controllers/highchart_controller-7640167d6e3481659a5ead23f046e3c6852c08e30ce8aa6f09aa5cce0f7ea02d.js.gz
2024-03-12T21:57:45.2513125Z I, [2024-03-12T14:57:45.234233 #2355]  INFO -- : Writing /home/runner/work/human-essentials/human-essentials/public/assets/controllers/index-2db729dddcc5b979110e98de4b6720f83f91a123172e87281d5a58410fc43806.js
2024-03-12T21:57:45.2516720Z I, [2024-03-12T14:57:45.234304 #2355]  INFO -- : Writing /home/runner/work/human-essentials/human-essentials/public/assets/controllers/index-2db729dddcc5b979110e98de4b6720f83f91a123172e87281d5a58410fc43806.js.gz
2024-03-12T21:57:45.2520833Z I, [2024-03-12T14:57:45.234398 #2355]  INFO -- : Writing /home/runner/work/human-essentials/human-essentials/public/assets/controllers/request_item_controller-4ab1cb48f0cc30bba40f5311b6588189ddf5daf19bdf36b462cdeab0a663399b.js
2024-03-12T21:57:45.2524949Z I, [2024-03-12T14:57:45.234471 #2355]  INFO -- : Writing /home/runner/work/human-essentials/human-essentials/public/assets/controllers/request_item_controller-4ab1cb48f0cc30bba40f5311b6588189ddf5daf19bdf36b462cdeab0a663399b.js.gz
2024-03-12T21:57:45.2529052Z I, [2024-03-12T14:57:45.234562 #2355]  INFO -- : Writing /home/runner/work/human-essentials/human-essentials/public/assets/controllers/select2_controller-13c15fa4f8996b06b43552325b12e3a14e158db06264b83cfff2e521a16fceeb.js
2024-03-12T21:57:45.2533049Z I, [2024-03-12T14:57:45.234635 #2355]  INFO -- : Writing /home/runner/work/human-essentials/human-essentials/public/assets/controllers/select2_controller-13c15fa4f8996b06b43552325b12e3a14e158db06264b83cfff2e521a16fceeb.js.gz
2024-03-12T21:57:45.2536925Z I, [2024-03-12T14:57:45.234728 #2355]  INFO -- : Writing /home/runner/work/human-essentials/human-essentials/public/assets/controllers/served_area_controller-37738489813fc06349f3fb1bc7abc5d5493318ce553f1bebbfa1f8fe06ebfb4a.js
2024-03-12T21:57:45.2540868Z I, [2024-03-12T14:57:45.234800 #2355]  INFO -- : Writing /home/runner/work/human-essentials/human-essentials/public/assets/controllers/served_area_controller-37738489813fc06349f3fb1bc7abc5d5493318ce553f1bebbfa1f8fe06ebfb4a.js.gz
2024-03-12T21:57:45.2544824Z I, [2024-03-12T14:57:45.234892 #2355]  INFO -- : Writing /home/runner/work/human-essentials/human-essentials/public/assets/controllers/turbo_controller-7ee3a9437b4fb003ac4ea4ca0f3425fd197ce4538a1eeb606e5e5447aa948b54.js
2024-03-12T21:57:45.2548538Z I, [2024-03-12T14:57:45.234964 #2355]  INFO -- : Writing /home/runner/work/human-essentials/human-essentials/public/assets/controllers/turbo_controller-7ee3a9437b4fb003ac4ea4ca0f3425fd197ce4538a1eeb606e5e5447aa948b54.js.gz
2024-03-12T21:57:45.2552051Z I, [2024-03-12T14:57:45.235062 #2355]  INFO -- : Writing /home/runner/work/human-essentials/human-essentials/public/assets/startup-bf111fcbf368bc988dfcb050d057ec73e21f190d7921e15689dd5ebf674e6d00.js
2024-03-12T21:57:45.2555357Z I, [2024-03-12T14:57:45.235140 #2355]  INFO -- : Writing /home/runner/work/human-essentials/human-essentials/public/assets/startup-bf111fcbf368bc988dfcb050d057ec73e21f190d7921e15689dd5ebf674e6d00.js.gz
2024-03-12T21:57:45.2558336Z I, [2024-03-12T14:57:45.235239 #2355]  INFO -- : Writing /home/runner/work/human-essentials/human-essentials/public/assets/utils/barcode_items-ee1050c4d1ade4569ef6cfc83d5f4792f67daabaca0ae24f75455737fea0a72b.js
2024-03-12T21:57:45.2561688Z I, [2024-03-12T14:57:45.235314 #2355]  INFO -- : Writing /home/runner/work/human-essentials/human-essentials/public/assets/utils/barcode_items-ee1050c4d1ade4569ef6cfc83d5f4792f67daabaca0ae24f75455737fea0a72b.js.gz
2024-03-12T21:57:45.2565672Z I, [2024-03-12T14:57:45.235414 #2355]  INFO -- : Writing /home/runner/work/human-essentials/human-essentials/public/assets/utils/barcode_scan-757b66b6921154f49e7cc4c5dc2f146f91f1648beffaa8ef106d94585a273ba9.js
2024-03-12T21:57:45.2569244Z I, [2024-03-12T14:57:45.235487 #2355]  INFO -- : Writing /home/runner/work/human-essentials/human-essentials/public/assets/utils/barcode_scan-757b66b6921154f49e7cc4c5dc2f146f91f1648beffaa8ef106d94585a273ba9.js.gz
2024-03-12T21:57:45.2572843Z I, [2024-03-12T14:57:45.235580 #2355]  INFO -- : Writing /home/runner/work/human-essentials/human-essentials/public/assets/utils/deadline_day_pickers-b0b264db9e3c8107c161cc4571e71cf901bcc511175271d218a553c4e1889065.js
2024-03-12T21:57:45.2576312Z I, [2024-03-12T14:57:45.235652 #2355]  INFO -- : Writing /home/runner/work/human-essentials/human-essentials/public/assets/utils/deadline_day_pickers-b0b264db9e3c8107c161cc4571e71cf901bcc511175271d218a553c4e1889065.js.gz
2024-03-12T21:57:45.2579982Z I, [2024-03-12T14:57:45.235746 #2355]  INFO -- : Writing /home/runner/work/human-essentials/human-essentials/public/assets/utils/distributions_and_transfers-1f9709e9a8df250acfe3e7a79f1501b2696b1f36d5adcf083a61a1b005cce3d2.js
2024-03-12T21:57:45.2584305Z I, [2024-03-12T14:57:45.235818 #2355]  INFO -- : Writing /home/runner/work/human-essentials/human-essentials/public/assets/utils/distributions_and_transfers-1f9709e9a8df250acfe3e7a79f1501b2696b1f36d5adcf083a61a1b005cce3d2.js.gz
2024-03-12T21:57:45.2588062Z I, [2024-03-12T14:57:45.235912 #2355]  INFO -- : Writing /home/runner/work/human-essentials/human-essentials/public/assets/utils/donations-1c3e9a15fc370afd2c3836ccf8dde6013c35412a8d83cf6c1e31bec95ef72b26.js
2024-03-12T21:57:45.2591563Z I, [2024-03-12T14:57:45.235984 #2355]  INFO -- : Writing /home/runner/work/human-essentials/human-essentials/public/assets/utils/donations-1c3e9a15fc370afd2c3836ccf8dde6013c35412a8d83cf6c1e31bec95ef72b26.js.gz
2024-03-12T21:57:45.2594952Z I, [2024-03-12T14:57:45.236077 #2355]  INFO -- : Writing /home/runner/work/human-essentials/human-essentials/public/assets/utils/purchases-5c814ba098feaa8a7b4abff24267c1da909f3e52e12c97660f8a0b8c1ff4aea1.js
2024-03-12T21:57:45.2598484Z I, [2024-03-12T14:57:45.236148 #2355]  INFO -- : Writing /home/runner/work/human-essentials/human-essentials/public/assets/utils/purchases-5c814ba098feaa8a7b4abff24267c1da909f3e52e12c97660f8a0b8c1ff4aea1.js.gz
2024-03-12T21:57:45.2601914Z I, [2024-03-12T14:57:45.236248 #2355]  INFO -- : Writing /home/runner/work/human-essentials/human-essentials/public/assets/filterrific-f3a290db250e05344fd62c216b903689f73eff5e270ef021e425551006092e08.js
2024-03-12T21:57:45.2605433Z I, [2024-03-12T14:57:45.236327 #2355]  INFO -- : Writing /home/runner/work/human-essentials/human-essentials/public/assets/filterrific-f3a290db250e05344fd62c216b903689f73eff5e270ef021e425551006092e08.js.gz
2024-03-12T21:57:45.2608774Z I, [2024-03-12T14:57:45.236449 #2355]  INFO -- : Writing /home/runner/work/human-essentials/human-essentials/public/assets/stimulusloading-1fc59770fb1654500044afd3f5f6d7d00800e5be36746d55b94a2963a7a228aa.js
2024-03-12T21:57:45.2612191Z I, [2024-03-12T14:57:45.236531 #2355]  INFO -- : Writing /home/runner/work/human-essentials/human-essentials/public/assets/stimulusloading-1fc59770fb1654500044afd3f5f6d7d00800e5be36746d55b94a2963a7a228aa.js.gz
2024-03-12T21:57:45.2615414Z I, [2024-03-12T14:57:45.236633 #2355]  INFO -- : Writing /home/runner/work/human-essentials/human-essentials/public/assets/turbo-4851a9a0b1d947e810dfd0448a72aef261d455183ebea681f4f28a73640a9ece.js
2024-03-12T21:57:45.2618724Z I, [2024-03-12T14:57:45.236713 #2355]  INFO -- : Writing /home/runner/work/human-essentials/human-essentials/public/assets/turbo-4851a9a0b1d947e810dfd0448a72aef261d455183ebea681f4f28a73640a9ece.js.gz
2024-03-12T21:57:45.2621845Z I, [2024-03-12T14:57:45.236814 #2355]  INFO -- : Writing /home/runner/work/human-essentials/human-essentials/public/assets/turbo.min-f309baafa3ae5ad6ccee3e7362118b87678d792db8e8ab466c4fa284dd3a4700.js
2024-03-12T21:57:45.2625009Z I, [2024-03-12T14:57:45.236894 #2355]  INFO -- : Writing /home/runner/work/human-essentials/human-essentials/public/assets/turbo.min-f309baafa3ae5ad6ccee3e7362118b87678d792db8e8ab466c4fa284dd3a4700.js.gz
2024-03-12T21:57:45.2628452Z I, [2024-03-12T14:57:45.236998 #2355]  INFO -- : Writing /home/runner/work/human-essentials/human-essentials/public/assets/turbo.min.js-8bc8f4a58d1c106d58dec8bef6c638ff12ff4d078f19d8ebd8c4277f4c9bc85a.map
2024-03-12T21:57:45.2631773Z I, [2024-03-12T14:57:45.237080 #2355]  INFO -- : Writing /home/runner/work/human-essentials/human-essentials/public/assets/turbo.min.js-8bc8f4a58d1c106d58dec8bef6c638ff12ff4d078f19d8ebd8c4277f4c9bc85a.map.gz
2024-03-12T21:57:45.2635085Z I, [2024-03-12T14:57:45.237184 #2355]  INFO -- : Writing /home/runner/work/human-essentials/human-essentials/public/assets/stimulus-loading-3576ce92b149ad5d6959438c6f291e2426c86df3b874c525b30faad51b0d96b3.js
2024-03-12T21:57:45.2638578Z I, [2024-03-12T14:57:45.237264 #2355]  INFO -- : Writing /home/runner/work/human-essentials/human-essentials/public/assets/stimulus-loading-3576ce92b149ad5d6959438c6f291e2426c86df3b874c525b30faad51b0d96b3.js.gz
2024-03-12T21:57:45.2642196Z I, [2024-03-12T14:57:45.237484 #2355]  INFO -- : Writing /home/runner/work/human-essentials/human-essentials/public/assets/popper-003a40d80fd205e1fa00da117d5bdc19720ba330706eaa17f9ba9513fa502304.js
2024-03-12T21:57:45.2645512Z I, [2024-03-12T14:57:45.237566 #2355]  INFO -- : Writing /home/runner/work/human-essentials/human-essentials/public/assets/popper-003a40d80fd205e1fa00da117d5bdc19720ba330706eaa17f9ba9513fa502304.js.gz
2024-03-12T21:57:45.2648925Z I, [2024-03-12T14:57:45.237665 #2355]  INFO -- : Writing /home/runner/work/human-essentials/human-essentials/public/assets/actiontext-28c61f5197c204db043317a8f8826a87ab31495b741f854d307ca36122deefce.js
2024-03-12T21:57:45.2652130Z I, [2024-03-12T14:57:45.237744 #2355]  INFO -- : Writing /home/runner/work/human-essentials/human-essentials/public/assets/actiontext-28c61f5197c204db043317a8f8826a87ab31495b741f854d307ca36122deefce.js.gz
2024-03-12T21:57:45.2655363Z I, [2024-03-12T14:57:45.237842 #2355]  INFO -- : Writing /home/runner/work/human-essentials/human-essentials/public/assets/trix-1563ff9c10f74e143b3ded40a8458497eaf2f87a648a5cbbfebdb7dec3447a5e.js
2024-03-12T21:57:45.2658375Z I, [2024-03-12T14:57:45.237920 #2355]  INFO -- : Writing /home/runner/work/human-essentials/human-essentials/public/assets/trix-1563ff9c10f74e143b3ded40a8458497eaf2f87a648a5cbbfebdb7dec3447a5e.js.gz
2024-03-12T21:57:45.2661467Z I, [2024-03-12T14:57:45.238020 #2355]  INFO -- : Writing /home/runner/work/human-essentials/human-essentials/public/assets/trix-b0398dade8e5ac249fe98f2e850f45adbcdfecd8a11c46b3eb67bdedb87b1b04.css
2024-03-12T21:57:45.2664782Z I, [2024-03-12T14:57:45.238099 #2355]  INFO -- : Writing /home/runner/work/human-essentials/human-essentials/public/assets/trix-b0398dade8e5ac249fe98f2e850f45adbcdfecd8a11c46b3eb67bdedb87b1b04.css.gz
2024-03-12T21:57:45.2667970Z I, [2024-03-12T14:57:45.238197 #2355]  INFO -- : Writing /home/runner/work/human-essentials/human-essentials/public/assets/stimulus-f75215805563870a61ee9dc5a207ce46d4675c7e667558a54344fd1e7baa697f.js
2024-03-12T21:57:45.2671052Z I, [2024-03-12T14:57:45.238275 #2355]  INFO -- : Writing /home/runner/work/human-essentials/human-essentials/public/assets/stimulus-f75215805563870a61ee9dc5a207ce46d4675c7e667558a54344fd1e7baa697f.js.gz
2024-03-12T21:57:45.2674455Z I, [2024-03-12T14:57:45.238380 #2355]  INFO -- : Writing /home/runner/work/human-essentials/human-essentials/public/assets/stimulus-autoloader-c584942b568ba74879da31c7c3d51366737bacaf6fbae659383c0a5653685693.js
2024-03-12T21:57:45.2677842Z I, [2024-03-12T14:57:45.238461 #2355]  INFO -- : Writing /home/runner/work/human-essentials/human-essentials/public/assets/stimulus-autoloader-c584942b568ba74879da31c7c3d51366737bacaf6fbae659383c0a5653685693.js.gz
2024-03-12T21:57:45.2681365Z I, [2024-03-12T14:57:45.238563 #2355]  INFO -- : Writing /home/runner/work/human-essentials/human-essentials/public/assets/stimulus-importmap-autoloader-db2076c783bf2dbee1226e2add52fef290b5d31b5bcd1edd999ac8a6dd31c44a.js
2024-03-12T21:57:45.2685521Z I, [2024-03-12T14:57:45.238646 #2355]  INFO -- : Writing /home/runner/work/human-essentials/human-essentials/public/assets/stimulus-importmap-autoloader-db2076c783bf2dbee1226e2add52fef290b5d31b5bcd1edd999ac8a6dd31c44a.js.gz
2024-03-12T21:57:45.2689038Z I, [2024-03-12T14:57:45.238743 #2355]  INFO -- : Writing /home/runner/work/human-essentials/human-essentials/public/assets/stimulus-loading-3576ce92b149ad5d6959438c6f291e2426c86df3b874c525b30faad51b0d96b3.js
2024-03-12T21:57:45.2692419Z I, [2024-03-12T14:57:45.238818 #2355]  INFO -- : Writing /home/runner/work/human-essentials/human-essentials/public/assets/stimulus-loading-3576ce92b149ad5d6959438c6f291e2426c86df3b874c525b30faad51b0d96b3.js.gz
2024-03-12T21:57:45.2695697Z I, [2024-03-12T14:57:45.238917 #2355]  INFO -- : Writing /home/runner/work/human-essentials/human-essentials/public/assets/stimulus.min-dd364f16ec9504dfb72672295637a1c8838773b01c0b441bd41008124c407894.js
2024-03-12T21:57:45.2698863Z I, [2024-03-12T14:57:45.238997 #2355]  INFO -- : Writing /home/runner/work/human-essentials/human-essentials/public/assets/stimulus.min-dd364f16ec9504dfb72672295637a1c8838773b01c0b441bd41008124c407894.js.gz
2024-03-12T21:57:45.2702479Z I, [2024-03-12T14:57:45.239092 #2355]  INFO -- : Writing /home/runner/work/human-essentials/human-essentials/public/assets/stimulus-autoloader-c584942b568ba74879da31c7c3d51366737bacaf6fbae659383c0a5653685693.js
2024-03-12T21:57:45.2705956Z I, [2024-03-12T14:57:45.239166 #2355]  INFO -- : Writing /home/runner/work/human-essentials/human-essentials/public/assets/stimulus-autoloader-c584942b568ba74879da31c7c3d51366737bacaf6fbae659383c0a5653685693.js.gz
2024-03-12T21:57:45.2709500Z I, [2024-03-12T14:57:45.239259 #2355]  INFO -- : Writing /home/runner/work/human-essentials/human-essentials/public/assets/stimulus-importmap-autoloader-db2076c783bf2dbee1226e2add52fef290b5d31b5bcd1edd999ac8a6dd31c44a.js
2024-03-12T21:57:45.2713221Z I, [2024-03-12T14:57:45.239334 #2355]  INFO -- : Writing /home/runner/work/human-essentials/human-essentials/public/assets/stimulus-importmap-autoloader-db2076c783bf2dbee1226e2add52fef290b5d31b5bcd1edd999ac8a6dd31c44a.js.gz
2024-03-12T21:57:45.2716747Z I, [2024-03-12T14:57:45.239429 #2355]  INFO -- : Writing /home/runner/work/human-essentials/human-essentials/public/assets/stimulus-loading-3576ce92b149ad5d6959438c6f291e2426c86df3b874c525b30faad51b0d96b3.js
2024-03-12T21:57:45.2720031Z I, [2024-03-12T14:57:45.239501 #2355]  INFO -- : Writing /home/runner/work/human-essentials/human-essentials/public/assets/stimulus-loading-3576ce92b149ad5d6959438c6f291e2426c86df3b874c525b30faad51b0d96b3.js.gz
2024-03-12T21:57:45.2723680Z I, [2024-03-12T14:57:45.239605 #2355]  INFO -- : Writing /home/runner/work/human-essentials/human-essentials/public/assets/stimulus.min.js-2cc63625fa177963b45da974806e7aee846cbf1d4930815733d0fdf3fb232325.map
2024-03-12T21:57:45.2726995Z I, [2024-03-12T14:57:45.239687 #2355]  INFO -- : Writing /home/runner/work/human-essentials/human-essentials/public/assets/stimulus.min.js-2cc63625fa177963b45da974806e7aee846cbf1d4930815733d0fdf3fb232325.map.gz
2024-03-12T21:57:45.2730289Z I, [2024-03-12T14:57:45.239786 #2355]  INFO -- : Writing /home/runner/work/human-essentials/human-essentials/public/assets/activestorage-3ab61e47dd4ee2d79db525ade1dca2ede0ea2b7371fe587e408ee37b7ade265d.js
2024-03-12T21:57:45.2733754Z I, [2024-03-12T14:57:45.239866 #2355]  INFO -- : Writing /home/runner/work/human-essentials/human-essentials/public/assets/activestorage-3ab61e47dd4ee2d79db525ade1dca2ede0ea2b7371fe587e408ee37b7ade265d.js.gz
2024-03-12T21:57:45.2737228Z I, [2024-03-12T14:57:45.239972 #2355]  INFO -- : Writing /home/runner/work/human-essentials/human-essentials/public/assets/activestorage.esm-01f58a45d77495cdfbdfcc872902a430426c4391634ec9c3da5f69fbf8418492.js
2024-03-12T21:57:45.2740752Z I, [2024-03-12T14:57:45.240048 #2355]  INFO -- : Writing /home/runner/work/human-essentials/human-essentials/public/assets/activestorage.esm-01f58a45d77495cdfbdfcc872902a430426c4391634ec9c3da5f69fbf8418492.js.gz
2024-03-12T21:57:45.2744058Z I, [2024-03-12T14:57:45.240150 #2355]  INFO -- : Writing /home/runner/work/human-essentials/human-essentials/public/assets/actioncable-5433453f9b6619a9de91aaab2d7fc7ff183e5260c0107cbc9a1aa0c838d9a74e.js
2024-03-12T21:57:45.2747365Z I, [2024-03-12T14:57:45.240223 #2355]  INFO -- : Writing /home/runner/work/human-essentials/human-essentials/public/assets/actioncable-5433453f9b6619a9de91aaab2d7fc7ff183e5260c0107cbc9a1aa0c838d9a74e.js.gz
2024-03-12T21:57:45.2750799Z I, [2024-03-12T14:57:45.240322 #2355]  INFO -- : Writing /home/runner/work/human-essentials/human-essentials/public/assets/actioncable.esm-e01089c3ec4fe7817fa9abcad06cab6bdc387f95f0ca6aab4bf7ba7537f70690.js
2024-03-12T21:57:45.2754235Z I, [2024-03-12T14:57:45.248967 #2355]  INFO -- : Writing /home/runner/work/human-essentials/human-essentials/public/assets/actioncable.esm-e01089c3ec4fe7817fa9abcad06cab6bdc387f95f0ca6aab4bf7ba7537f70690.js.gz
2024-03-12T21:57:45.7692111Z Coverage report generated for RSpec to /home/runner/work/human-essentials/human-essentials/coverage. 442 / 10017 LOC (4.41%) covered.
2024-03-12T21:57:45.8433311Z ##[group]Run RUBYOPT='-W:no-deprecated -W:no-experimental' bin/knapsack_pro_rspec
2024-03-12T21:57:45.8434148Z [36;1mRUBYOPT='-W:no-deprecated -W:no-experimental' bin/knapsack_pro_rspec[0m
2024-03-12T21:57:45.8485017Z shell: /usr/bin/bash -e {0}
2024-03-12T21:57:45.8485400Z env:
2024-03-12T21:57:45.8486026Z   POSTGRES_HOST: localhost
2024-03-12T21:57:45.8486401Z   DATABASE_HOST: localhost
2024-03-12T21:57:45.8486845Z   PG_USERNAME: postgres
2024-03-12T21:57:45.8487184Z   PG_PASSWORD: password
2024-03-12T21:57:45.8487556Z   POSTGRES_HOST_AUTH_METHOD: trust
2024-03-12T21:57:45.8488027Z   POSTGRES_PORT: 5432
2024-03-12T21:57:45.8488370Z   PGHOST: localhost
2024-03-12T21:57:45.8488681Z   PGUSER: postgres
2024-03-12T21:57:45.8489060Z   RAILS_ENV: test
2024-03-12T21:57:45.8489407Z   KNAPSACK_PRO_TEST_SUITE_TOKEN_RSPEC: 
2024-03-12T21:57:45.8489848Z   KNAPSACK_PRO_CI_NODE_TOTAL: 6
2024-03-12T21:57:45.8490295Z   KNAPSACK_PRO_CI_NODE_INDEX: 2
2024-03-12T21:57:45.8490815Z   KNAPSACK_PRO_RSPEC_SPLIT_BY_TEST_EXAMPLES: true
2024-03-12T21:57:45.8491334Z   KNAPSACK_PRO_LOG_LEVEL: info
2024-03-12T21:57:45.8491943Z   KNAPSACK_PRO_TEST_FILE_PATTERN: {spec/system/**{,/*/**}/*_spec.rb,spec/requests/**{,/*/**}/*_spec.rb}
2024-03-12T21:57:45.8492583Z   EVENTS_READ: true
2024-03-12T21:57:45.8492937Z ##[endgroup]
2024-03-12T21:57:51.7084283Z W, [2024-03-12T21:57:51.708001 #2451]  WARN -- : [knapsack_pro] GET https://api-disabled-for-fork.knapsackpro.com/v1/build_distributions/last
2024-03-12T21:57:51.7086842Z W, [2024-03-12T21:57:51.708059 #2451]  WARN -- : [knapsack_pro] Request failed due to:
2024-03-12T21:57:51.7090705Z W, [2024-03-12T21:57:51.708075 #2451]  WARN -- : [knapsack_pro] #<SocketError: Failed to open TCP connection to api-disabled-for-fork.knapsackpro.com:443 (getaddrinfo: Name or service not known)>
2024-03-12T21:57:51.7094406Z W, [2024-03-12T21:57:51.708098 #2451]  WARN -- : [knapsack_pro] Slow test files fallback behaviour started. We could not connect with Knapsack Pro API to fetch last CI build test files that are needed to determine slow test files. No test files will be split by test cases. It means all test files will be split by the whole test files as if split by test cases would be disabled https://knapsackpro.com/perma/ruby/split-by-test-examples
2024-03-12T21:57:54.3437181Z W, [2024-03-12T21:57:54.343385 #2451]  WARN -- : [knapsack_pro] POST https://api-disabled-for-fork.knapsackpro.com/v1/build_distributions/subset
2024-03-12T21:57:54.3439136Z W, [2024-03-12T21:57:54.343448 #2451]  WARN -- : [knapsack_pro] Request failed due to:
2024-03-12T21:57:54.3440894Z W, [2024-03-12T21:57:54.343464 #2451]  WARN -- : [knapsack_pro] #<SocketError: Failed to open TCP connection to api-disabled-for-fork.knapsackpro.com:443 (getaddrinfo: Name or service not known)>
2024-03-12T21:57:54.3443271Z W, [2024-03-12T21:57:54.343515 #2451]  WARN -- : [knapsack_pro] Fallback mode started. We could not connect with Knapsack Pro API. Your tests will be executed based on directory names. Read more about fallback mode at https://knapsackpro.com/perma/ruby/fallback-mode
2024-03-12T21:57:54.3497375Z /opt/hostedtoolcache/Ruby/3.2.2/x64/bin/ruby -I/home/runner/work/human-essentials/human-essentials/vendor/bundle/ruby/3.2.0/gems/rspec-core-3.12.2/lib:/home/runner/work/human-essentials/human-essentials/vendor/bundle/ruby/3.2.0/gems/rspec-support-3.12.1/lib /home/runner/work/human-essentials/human-essentials/vendor/bundle/ruby/3.2.0/gems/rspec-core-3.12.2/exe/rspec  --format documentation --format KnapsackPro::Formatters::TimeTracker --default-path spec "spec/requests/admin/account_requests_requests_spec.rb" "spec/requests/admin/questions_spec.rb" "spec/requests/broadcast_announcements_spec.rb" "spec/requests/events_requests_spec.rb" "spec/requests/partners/dashboard_requests_spec.rb" "spec/requests/partners/profiles_requests_spec.rb" "spec/requests/profiles_requests_spec.rb" "spec/requests/storage_locations_requests_spec.rb" "spec/system/account_system_spec.rb" "spec/system/admin/organizations_system_spec.rb" "spec/system/dashboard_system_spec.rb" "spec/system/kit_system_spec.rb" "spec/system/organization_system_spec.rb" "spec/system/partners/managing_requests_system_spec.rb" "spec/system/purchase_system_spec.rb" "spec/system/vendor_system_spec.rb"
2024-03-12T21:58:02.8832769Z 
2024-03-12T21:58:02.8833578Z Randomized with seed 8258
2024-03-12T21:58:03.8929001Z 
2024-03-12T21:58:03.8929619Z Vendor
2024-03-12T21:58:03.8931599Z   When vendor have purchases associated with them already
2024-03-12T21:58:05.3837054Z     can have existing vendors show in the #index with some summary stats
2024-03-12T21:58:05.9994540Z     can have a single vendor show semi-detailed stats about purchases
2024-03-12T21:58:05.9995506Z   when editing an existing vendor
2024-03-12T21:58:06.7824939Z     can update the contact info for a vendor as a user
2024-03-12T21:58:07.5367520Z     does not update a vendor with empty attributes
2024-03-12T21:58:07.5368153Z   When a user views the index page
2024-03-12T21:58:08.0078570Z     should have the vendor names in alphabetical order
2024-03-12T21:58:08.0079158Z   when creating a new vendor
2024-03-12T21:58:08.7772227Z     can create a new vendor instance as a user
2024-03-12T21:58:09.4838305Z     cannot add a new vendor instance with empty attributes
2024-03-12T21:58:09.4838872Z 
2024-03-12T21:58:09.4839455Z /partners/profiles
2024-03-12T21:58:09.4841129Z   GET #edit
2024-03-12T21:58:09.6033307Z     does not have default radio button value when value is nil
2024-03-12T21:58:09.6925212Z     has "Yes" radio button value when value is true
2024-03-12T21:58:09.7815510Z     has "No" radio button value when value is false
2024-03-12T21:58:09.8665640Z     displays the partner
2024-03-12T21:58:09.8667179Z   PUT #update
2024-03-12T21:58:09.9246625Z     updates the partner and profile
2024-03-12T21:58:09.9247444Z     with no social media
2024-03-12T21:58:10.0187743Z       shows an error
2024-03-12T21:58:10.0188403Z     when updating an existing value to a blank value
2024-03-12T21:58:10.0956368Z       does not update other partner profile attributes to blank
2024-03-12T21:58:10.1779220Z       updates the partner profile attribute to a blank value
2024-03-12T21:58:10.2511797Z       does store N/A in the database
2024-03-12T21:58:10.2513057Z   GET #show
2024-03-12T21:58:10.3316631Z     displays the partner
2024-03-12T21:58:10.4229347Z     shows correct values for yes/no buttons
2024-03-12T21:58:10.4235711Z 
2024-03-12T21:58:10.4235981Z Admin::Questions
2024-03-12T21:58:10.4237089Z   while signed in as a super admin
2024-03-12T21:58:10.4238447Z     PATCH #update
2024-03-12T21:58:10.4806310Z       lets the user update questions
2024-03-12T21:58:10.4806849Z     GET #edit
2024-03-12T21:58:10.5268238Z       lets the user load the edit question page
2024-03-12T21:58:10.5268828Z     GET #index
2024-03-12T21:58:10.5595276Z       lets the user load the page
2024-03-12T21:58:10.5595935Z     POST #create
2024-03-12T21:58:10.5800750Z       lets the user create questions
2024-03-12T21:58:10.5801410Z     DELETE #destroy
2024-03-12T21:58:10.6019046Z       lets the user delete questions
2024-03-12T21:58:10.6019531Z     GET #new
2024-03-12T21:58:10.6328665Z       lets the user load the new question page
2024-03-12T21:58:10.6329207Z 
2024-03-12T21:58:10.6329494Z Managing requests
2024-03-12T21:58:10.6331136Z   creating a new quantity request
2024-03-12T21:58:10.6331959Z     GIVEN a partner user is permitted to make a request
2024-03-12T21:58:10.6332827Z       WHEN a request is built using add and remove buttons
2024-03-12T21:58:10.6333545Z         THEN a request records will be created
2024-03-12T21:58:12.5819883Z           creates the correct request
2024-03-12T21:58:12.5820776Z   creating a # individuals request
2024-03-12T21:58:12.5822265Z     GIVEN a partner user is permitted to make a request
2024-03-12T21:58:12.5823285Z       WHEN a request is built using add and remove buttons
2024-03-12T21:58:12.5824483Z         THEN a request records will be created
2024-03-12T21:58:14.3617145Z           creates the correct request
2024-03-12T21:58:14.3618671Z 
2024-03-12T21:58:14.3618933Z Admin Organization Management
2024-03-12T21:58:14.3620181Z   While signed in as an Administrative User with no organization (super admin no org)
2024-03-12T21:58:16.3386065Z     creates a new organization
2024-03-12T21:58:16.3386750Z   While signed in as an Administrative User (super admin)
2024-03-12T21:58:17.4113922Z     filters by organizations by name in organizations index page
2024-03-12T21:58:18.6994141Z     can view organization details
2024-03-12T21:58:20.5869148Z     creates a new organization
2024-03-12T21:58:20.5869807Z 
2024-03-12T21:58:20.5870114Z Kit management
2024-03-12T21:58:22.0709715Z   can allocate and deallocate quantity per storage location from kit index
2024-03-12T21:58:22.6508728Z   should not display inactive storage locations under allocations
2024-03-12T21:58:23.5289986Z   can create a new kit as a user with the proper quantity
2024-03-12T21:58:23.5290933Z   when there is no kit quantity
2024-03-12T21:58:24.6771248Z     will not change quantity amounts when deallocating
2024-03-12T21:58:24.6772719Z   when there is not enough quantity of the items contained in the kit on-hand
2024-03-12T21:58:25.7827107Z     will not change quantity amounts when allocating
2024-03-12T21:58:25.7830657Z 
2024-03-12T21:58:25.7831177Z Dashboard
2024-03-12T21:58:25.7832429Z   With a new essentials bank
2024-03-12T21:58:53.8996284Z     displays the getting started guide until the steps are completed
2024-03-12T21:58:53.8997481Z   With an existing essentials bank
2024-03-12T21:58:53.8998189Z     Donations
2024-03-12T21:58:54.8065328Z       has a link to create a new donation
2024-03-12T21:58:54.8066647Z       given 1 Donation on 2023-12-31 (only if a valid date), 0 during 2024-01-01..2024-12-31, and 1 on 2025-01-01
2024-03-12T21:58:54.8067613Z         filtering to 'This Year'
2024-03-12T21:58:58.1562367Z           shows the correct total and 0 Recent Donation link(s)
2024-03-12T21:58:58.1564897Z       given 1 Donation on 2024-02-29 (only if a valid date), 3 during 2024-03-01..2024-03-31, and 1 on 2024-04-01
2024-03-12T21:58:58.1565709Z         filtering to 'This Month'
2024-03-12T21:58:59.6140985Z           shows the correct total and 3 Recent Donation link(s)
2024-03-12T21:58:59.6142783Z       given 1 Donation on 2024-03-11 (only if a valid date), 4 during 2024-03-12..2024-03-12, and 1 on 2024-03-13
2024-03-12T21:58:59.6144242Z         filtering to 'Today'
2024-03-12T21:59:01.1044700Z           shows the correct total and 3 Recent Donation link(s)
2024-03-12T21:59:01.1046649Z       given 1 Donation on 2024-03-10 (only if a valid date), 2 during 2024-03-11..2024-03-11, and 1 on 2024-03-12
2024-03-12T21:59:01.1047891Z         filtering to 'Yesterday'
2024-03-12T21:59:02.5328856Z           shows the correct total and 2 Recent Donation link(s)
2024-03-12T21:59:02.5330648Z       given 1 Donation on 2024-01-31 (only if a valid date), 1 during 2024-02-01..2024-02-29, and 1 on 2024-03-01
2024-03-12T21:59:02.5332078Z         filtering to 'Last Month'
2024-03-12T21:59:03.8984444Z           shows the correct total and 1 Recent Donation link(s)
2024-03-12T21:59:03.8986185Z       given 1 Donation on 2022-03-11 (only if a valid date), 1 during 2022-03-12..2023-10-31, and 1 on 2023-11-01
2024-03-12T21:59:03.8987704Z         filtering to '' (March 12, 2022 - October 31, 2023)
2024-03-12T21:59:05.2919998Z           shows the correct total and 1 Recent Donation link(s)
2024-03-12T21:59:05.2922015Z       given 1 Donation on 2024-02-11 (only if a valid date), 3 during 2024-02-12..2024-03-12, and 1 on 2024-03-13
2024-03-12T21:59:05.2923271Z         filtering to 'Last 30 Days'
2024-03-12T21:59:06.7648243Z           shows the correct total and 3 Recent Donation link(s)
2024-03-12T21:59:06.7650065Z       given 1 Donation on 2024-03-05 (only if a valid date), 0 during 2024-03-06..2024-03-12, and 1 on 2024-03-13
2024-03-12T21:59:06.7651543Z         filtering to 'Last 7 Days'
2024-03-12T21:59:10.1038628Z           shows the correct total and 0 Recent Donation link(s)
2024-03-12T21:59:10.1039932Z     Product Drives
2024-03-12T21:59:10.6841648Z       has a widget for product drive summary data
2024-03-12T21:59:10.6843672Z       given 1 Product Drive Donation on 2024-01-31 (unless 'All Time'), 3 during 2024-02-01..2024-02-29, and 1 on 2024-03-01
2024-03-12T21:59:10.6845283Z         filtering to 'Last Month'
2024-03-12T21:59:12.1516794Z           shows 3 Recent Donation link(s)
2024-03-12T21:59:13.6025185Z           shows the correct total donations
2024-03-12T21:59:15.0595382Z           shows the correct total money raised
2024-03-12T21:59:15.0596787Z       given 1 Product Drive Donation on 2023-12-31 (unless 'All Time'), 0 during 2024-01-01..2024-12-31, and 1 on 2025-01-01
2024-03-12T21:59:15.0597670Z         filtering to 'This Year'
2024-03-12T21:59:18.3842832Z           shows 0 Recent Donation link(s)
2024-03-12T21:59:19.7068721Z           shows the correct total donations
2024-03-12T21:59:21.0176092Z           shows the correct total money raised
2024-03-12T21:59:21.0180003Z       given 1 Product Drive Donation on 2024-02-29 (unless 'All Time'), 0 during 2024-03-01..2024-03-31, and 1 on 2024-04-01
2024-03-12T21:59:21.0181127Z         filtering to 'This Month'
2024-03-12T21:59:22.3587763Z           shows the correct total money raised
2024-03-12T21:59:25.6834298Z           shows 0 Recent Donation link(s)
2024-03-12T21:59:27.0052673Z           shows the correct total donations
2024-03-12T21:59:27.0054397Z       given 1 Product Drive Donation on 2024-03-05 (unless 'All Time'), 4 during 2024-03-06..2024-03-12, and 1 on 2024-03-13
2024-03-12T21:59:27.0055530Z         filtering to 'Last 7 Days'
2024-03-12T21:59:28.5058537Z           shows the correct total money raised
2024-03-12T21:59:29.9907954Z           shows the correct total donations
2024-03-12T21:59:31.4726090Z           shows 3 Recent Donation link(s)
2024-03-12T21:59:31.4727059Z       Product drive behaviour with Mixed Donation types
2024-03-12T21:59:32.1703848Z         only counts product drive money raised
2024-03-12T21:59:32.8869848Z         only shows product drive donations as product drive donations
2024-03-12T21:59:33.5842604Z         only counts product drive donations for product drive
2024-03-12T21:59:33.5844763Z       given 1 Product Drive Donation on 2022-03-11 (unless 'All Time'), 4 during 2022-03-12..2024-02-01, and 1 on 2024-02-02
2024-03-12T21:59:33.5846208Z         filtering to '' (March 12, 2022 - February 1, 2024)
2024-03-12T21:59:35.1241004Z           shows 3 Recent Donation link(s)
2024-03-12T21:59:36.6270645Z           shows the correct total money raised
2024-03-12T21:59:38.1137858Z           shows the correct total donations
2024-03-12T21:59:38.1139636Z       given 1 Product Drive Donation on 2024-03-10 (unless 'All Time'), 4 during 2024-03-11..2024-03-11, and 1 on 2024-03-12
2024-03-12T21:59:38.1141233Z         filtering to 'Yesterday'
2024-03-12T21:59:39.6078960Z           shows 3 Recent Donation link(s)
2024-03-12T21:59:41.0979338Z           shows the correct total donations
2024-03-12T21:59:42.6016134Z           shows the correct total money raised
2024-03-12T21:59:42.6017945Z       given 1 Product Drive Donation on 2024-03-11 (unless 'All Time'), 1 during 2024-03-12..2024-03-12, and 1 on 2024-03-13
2024-03-12T21:59:42.6019300Z         filtering to 'Today'
2024-03-12T21:59:44.0969560Z           shows the correct total donations
2024-03-12T21:59:45.4918829Z           shows 1 Recent Donation link(s)
2024-03-12T21:59:46.8913367Z           shows the correct total money raised
2024-03-12T21:59:46.8914863Z       given 1 Product Drive Donation on 2024-02-11 (unless 'All Time'), 2 during 2024-02-12..2024-03-12, and 1 on 2024-03-13
2024-03-12T21:59:46.8916151Z         filtering to 'Last 30 Days'
2024-03-12T21:59:48.2967077Z           shows the correct total money raised
2024-03-12T21:59:49.7341848Z           shows 2 Recent Donation link(s)
2024-03-12T21:59:51.1259070Z           shows the correct total donations
2024-03-12T21:59:51.1259955Z     Inventory Totals
2024-03-12T21:59:51.1260969Z       Summary
2024-03-12T21:59:51.8763327Z         displays the on-hand totals
2024-03-12T21:59:51.8764341Z         when constrained to date range
2024-03-12T21:59:52.9314708Z           does not change
2024-03-12T21:59:52.9315727Z     Manufacturer Donations
2024-03-12T21:59:53.5114182Z       has a link to create a new donation
2024-03-12T21:59:53.5115896Z       given 1 Manufacturer donating on 2024-01-31  (unless 'All Time'), 9 during 2024-02-01..2024-02-29, and 1 on 2024-03-01
2024-03-12T21:59:53.5117625Z         filtering to 'Last Month'
2024-03-12T21:59:56.1481904Z           shows the correct total and 10 Top Manufacturer Donation link(s)
2024-03-12T21:59:56.1484235Z       given 1 Manufacturer donating on 2024-03-11  (unless 'All Time'), 1 during 2024-03-12..2024-03-12, and 1 on 2024-03-13
2024-03-12T21:59:56.1485549Z         filtering to 'Today'
2024-03-12T21:59:57.6690927Z           shows the correct total and 3 Top Manufacturer Donation link(s)
2024-03-12T21:59:57.6692445Z       given 1 Manufacturer donating on 2023-12-31  (unless 'All Time'), 0 during 2024-01-01..2024-12-31, and 1 on 2025-01-01
2024-03-12T21:59:57.6693872Z         filtering to 'This Year'
2024-03-12T21:59:59.0358680Z           shows the correct total and 2 Top Manufacturer Donation link(s)
2024-03-12T21:59:59.0360389Z       given 1 Manufacturer donating on 2022-03-11  (unless 'All Time'), 0 during 2022-03-12..2023-12-14, and 1 on 2023-12-15
2024-03-12T21:59:59.0361490Z         filtering to '' (March 12, 2022 - December 14, 2023)
2024-03-12T22:00:00.3920516Z           shows the correct total and 2 Top Manufacturer Donation link(s)
2024-03-12T22:00:00.3922465Z       given 1 Manufacturer donating on 2024-03-05  (unless 'All Time'), 3 during 2024-03-06..2024-03-12, and 1 on 2024-03-13
2024-03-12T22:00:00.3924177Z         filtering to 'Last 7 Days'
2024-03-12T22:00:02.1014261Z           shows the correct total and 5 Top Manufacturer Donation link(s)
2024-03-12T22:00:02.1019546Z       given 1 Manufacturer donating on 2024-02-29  (unless 'All Time'), 7 during 2024-03-01..2024-03-31, and 1 on 2024-04-01
2024-03-12T22:00:02.1020979Z         filtering to 'This Month'
2024-03-12T22:00:04.4753225Z           shows the correct total and 9 Top Manufacturer Donation link(s)
2024-03-12T22:00:04.4754865Z       given 1 Manufacturer donating on 2024-03-10  (unless 'All Time'), 7 during 2024-03-11..2024-03-11, and 1 on 2024-03-12
2024-03-12T22:00:04.4755727Z         filtering to 'Yesterday'
2024-03-12T22:00:06.6784330Z           shows the correct total and 9 Top Manufacturer Donation link(s)
2024-03-12T22:00:06.6786737Z       given 1 Manufacturer donating on 2024-02-11  (unless 'All Time'), 2 during 2024-02-12..2024-03-12, and 1 on 2024-03-13
2024-03-12T22:00:06.6788650Z         filtering to 'Last 30 Days'
2024-03-12T22:00:08.2693330Z           shows the correct total and 4 Top Manufacturer Donation link(s)
2024-03-12T22:00:08.2698456Z       given 1 Manufacturer donating on 1999-12-31  (unless 'All Time'), 9 during 2000-01-01..2024-03-12, and 1 on 2024-03-13
2024-03-12T22:00:08.2699828Z         filtering to 'All Time'
2024-03-12T22:00:10.5215783Z           shows the correct total and 10 Top Manufacturer Donation link(s)
2024-03-12T22:00:10.5216681Z     Signage
2024-03-12T22:00:13.4090987Z       shows their organization name unless they have a logo set
2024-03-12T22:00:13.4091915Z     Purchases
2024-03-12T22:00:14.2997677Z       has a link to create a new purchase
2024-03-12T22:00:14.2999383Z       given 1 Purchase on 2024-02-29  (unless 'All Time'), 1 during 2024-03-01..2024-03-31, and 1 on 2024-04-01
2024-03-12T22:00:14.3000845Z         filtering to 'This Month'
2024-03-12T22:00:15.6740550Z           shows correct 1 Recent Purchase link(s)
2024-03-12T22:00:15.6743816Z       given 1 Purchase on 2023-12-31  (unless 'All Time'), 4 during 2024-01-01..2024-12-31, and 1 on 2025-01-01
2024-03-12T22:00:15.6745298Z         filtering to 'This Year'
2024-03-12T22:00:17.1792598Z           shows correct 3 Recent Purchase link(s)
2024-03-12T22:00:17.1794416Z       given 1 Purchase on 2024-03-11  (unless 'All Time'), 3 during 2024-03-12..2024-03-12, and 1 on 2024-03-13
2024-03-12T22:00:17.1795238Z         filtering to 'Today'
2024-03-12T22:00:18.6231658Z           shows correct 3 Recent Purchase link(s)
2024-03-12T22:00:18.6233342Z       given 1 Purchase on 2024-03-10  (unless 'All Time'), 1 during 2024-03-11..2024-03-11, and 1 on 2024-03-12
2024-03-12T22:00:18.6235130Z         filtering to 'Yesterday'
2024-03-12T22:00:20.1182624Z           shows correct 1 Recent Purchase link(s)
2024-03-12T22:00:20.1184267Z       given 1 Purchase on 2022-03-11  (unless 'All Time'), 2 during 2022-03-12..2024-02-23, and 1 on 2024-02-24
2024-03-12T22:00:20.1185787Z         filtering to '' (March 12, 2022 - February 23, 2024)
2024-03-12T22:00:21.5499677Z           shows correct 2 Recent Purchase link(s)
2024-03-12T22:00:21.5501451Z       given 1 Purchase on 2024-02-11  (unless 'All Time'), 0 during 2024-02-12..2024-03-12, and 1 on 2024-03-13
2024-03-12T22:00:21.5503841Z         filtering to 'Last 30 Days'
2024-03-12T22:00:24.8776620Z           shows correct 0 Recent Purchase link(s)
2024-03-12T22:00:24.8778065Z       given 1 Purchase on 2024-03-05  (unless 'All Time'), 0 during 2024-03-06..2024-03-12, and 1 on 2024-03-13
2024-03-12T22:00:24.8779332Z         filtering to 'Last 7 Days'
2024-03-12T22:00:28.2170168Z           shows correct 0 Recent Purchase link(s)
2024-03-12T22:00:28.2171883Z       given 1 Purchase on 2024-01-31  (unless 'All Time'), 4 during 2024-02-01..2024-02-29, and 1 on 2024-03-01
2024-03-12T22:00:28.2173331Z         filtering to 'Last Month'
2024-03-12T22:00:29.6862631Z           shows correct 3 Recent Purchase link(s)
2024-03-12T22:00:29.6863606Z     Distributions
2024-03-12T22:00:30.6030278Z       has a link to create a new distribution
2024-03-12T22:00:30.6032136Z       given 1 Distribution on 2024-02-29  (unless 'All Time'), 1 during 2024-03-01..2024-03-31, and 1 on 2024-04-01
2024-03-12T22:00:30.6033490Z         filtering to 'This Month'
2024-03-12T22:00:31.9718497Z           shows the correct total and 1 Recent Distribution link(s)
2024-03-12T22:00:31.9720351Z       given 1 Distribution on 2024-03-10  (unless 'All Time'), 2 during 2024-03-11..2024-03-11, and 1 on 2024-03-12
2024-03-12T22:00:31.9721619Z         filtering to 'Yesterday'
2024-03-12T22:00:33.3549727Z           shows the correct total and 2 Recent Distribution link(s)
2024-03-12T22:00:33.3551515Z       given 1 Distribution on 2024-03-05  (unless 'All Time'), 0 during 2024-03-06..2024-03-12, and 1 on 2024-03-13
2024-03-12T22:00:33.3552983Z         filtering to 'Last 7 Days'
2024-03-12T22:00:36.7401008Z           shows the correct total and 0 Recent Distribution link(s)
2024-03-12T22:00:36.7402862Z       given 1 Distribution on 2022-03-11  (unless 'All Time'), 2 during 2022-03-12..2024-02-03, and 1 on 2024-02-04
2024-03-12T22:00:36.7404097Z         filtering to '' (March 12, 2022 - February 3, 2024)
2024-03-12T22:00:38.2809077Z           shows the correct total and 2 Recent Distribution link(s)
2024-03-12T22:00:38.2810874Z       given 1 Distribution on 2024-03-11  (unless 'All Time'), 2 during 2024-03-12..2024-03-12, and 1 on 2024-03-13
2024-03-12T22:00:38.2811675Z         filtering to 'Today'
2024-03-12T22:00:39.6875315Z           shows the correct total and 2 Recent Distribution link(s)
2024-03-12T22:00:39.6877152Z       given 1 Distribution on 2024-02-11  (unless 'All Time'), 1 during 2024-02-12..2024-03-12, and 1 on 2024-03-13
2024-03-12T22:00:39.6878612Z         filtering to 'Last 30 Days'
2024-03-12T22:00:41.0708223Z           shows the correct total and 1 Recent Distribution link(s)
2024-03-12T22:00:41.0709934Z       given 1 Distribution on 2023-12-31  (unless 'All Time'), 1 during 2024-01-01..2024-12-31, and 1 on 2025-01-01
2024-03-12T22:00:41.0712449Z         filtering to 'This Year'
2024-03-12T22:00:42.4812478Z           shows the correct total and 1 Recent Distribution link(s)
2024-03-12T22:00:42.4814488Z       given 1 Distribution on 2024-01-31  (unless 'All Time'), 1 during 2024-02-01..2024-02-29, and 1 on 2024-03-01
2024-03-12T22:00:42.4815744Z         filtering to 'Last Month'
2024-03-12T22:00:43.8198608Z           shows the correct total and 1 Recent Distribution link(s)
2024-03-12T22:00:43.8200066Z       given 1 Distribution on 1999-12-31  (unless 'All Time'), 3 during 2000-01-01..2024-03-12, and 1 on 2024-03-13
2024-03-12T22:00:43.8200998Z         filtering to 'All Time'
2024-03-12T22:00:45.2283019Z           shows the correct total and 3 Recent Distribution link(s)
2024-03-12T22:00:45.2287601Z 
2024-03-12T22:00:45.2289565Z Admin::AccountRequestsController
2024-03-12T22:00:45.2290343Z   while signed in as a super admin
2024-03-12T22:00:45.2290990Z     GET #for_rejection
2024-03-12T22:00:45.2291736Z       with a valid token
2024-03-12T22:00:45.2845967Z         should show the request
2024-03-12T22:00:45.2846851Z       with an invalid token
2024-03-12T22:00:45.3117705Z         should show a not found message
2024-03-12T22:00:45.3118575Z     POST #reject
2024-03-12T22:00:45.3340614Z       should redirect back on success
2024-03-12T22:00:45.3341433Z     GET #index
2024-03-12T22:00:45.3660628Z       returns success
2024-03-12T22:00:45.3661463Z 
2024-03-12T22:00:45.3661839Z BroadcastAnnouncements
2024-03-12T22:00:45.3663511Z   GET /new
2024-03-12T22:00:45.3999006Z     renders a successful response
2024-03-12T22:00:45.3999719Z   PATCH /update
2024-03-12T22:00:45.4000353Z     with invalid parameters
2024-03-12T22:00:45.4341328Z       does not render a successful response
2024-03-12T22:00:45.4342101Z     with valid parameters
2024-03-12T22:00:45.4532117Z       updates the requested announcement and redirects
2024-03-12T22:00:45.4532871Z   GET /edit
2024-03-12T22:00:45.4842032Z     render a successful response
2024-03-12T22:00:45.4843049Z   POST /create
2024-03-12T22:00:45.4843939Z     with invalid parameters
2024-03-12T22:00:45.5152768Z       does not render a successful response
2024-03-12T22:00:45.5445938Z       does not create a new BroadcastAnnouncement
2024-03-12T22:00:45.5446752Z     with valid parameters
2024-03-12T22:00:45.5606291Z       creates a new BroadcastAnnouncement then redirects
2024-03-12T22:00:45.5607363Z   GET /index
2024-03-12T22:00:45.5912219Z     renders a successful response
2024-03-12T22:00:45.6078994Z   DELETE /destroy
2024-03-12T22:00:45.6080013Z     destroys the requested announcement then redirects
2024-03-12T22:00:45.6080605Z 
2024-03-12T22:00:45.6080862Z User account management
2024-03-12T22:00:45.6081527Z   when in staging
2024-03-12T22:00:46.0689324Z     should not allow the user to change staging credentials
2024-03-12T22:00:46.5289929Z     should display staging warning
2024-03-12T22:00:46.5290680Z   when not in staging
2024-03-12T22:00:47.4070280Z     should change an user name
2024-03-12T22:00:48.1843215Z     should fail when the email is invalid
2024-03-12T22:00:49.0928750Z     should change the email
2024-03-12T22:00:49.0930123Z 
2024-03-12T22:00:49.0930424Z StorageLocations
2024-03-12T22:00:49.0931782Z   While not signed in
2024-03-12T22:00:49.1006816Z     redirects the user to the sign-in page for CRUD actions
2024-03-12T22:00:49.1007525Z   While signed in
2024-03-12T22:00:49.1008555Z     GET #show
2024-03-12T22:00:49.1009391Z       csv
2024-03-12T22:00:49.1553035Z         should be successful
2024-03-12T22:00:49.1553843Z       html
2024-03-12T22:00:49.2296318Z         should return a correct response
2024-03-12T22:00:49.2297420Z         with version date set
2024-03-12T22:00:49.2298190Z           with no version found
2024-03-12T22:00:49.3038588Z             should show N/A
2024-03-12T22:00:49.3039604Z           with a version found
2024-03-12T22:00:49.3843899Z             should show the version specified
2024-03-12T22:00:49.3844838Z     GET #index
2024-03-12T22:00:49.3845775Z       csv
2024-03-12T22:00:49.4034869Z         succeeds
2024-03-12T22:00:49.5011358Z         includes headers followed by alphabetized item names
2024-03-12T22:00:49.5012413Z       html
2024-03-12T22:00:49.5370277Z         succeeds
2024-03-12T22:00:49.5371152Z         with inactive locations
2024-03-12T22:00:49.5757438Z           does not includes the inactive location
2024-03-12T22:00:49.5758332Z           with include_inactive_locations
2024-03-12T22:00:49.6128660Z             includes the inactive location
2024-03-12T22:00:49.6129604Z     Looking at a different organization
2024-03-12T22:00:49.7823607Z       redirects the user to the sign-in page for CRUD actions
2024-03-12T22:00:49.7824724Z     POST #import_csv
2024-03-12T22:00:49.7825528Z       with a csv file
2024-03-12T22:00:49.7880194Z         invokes .import_csv
2024-03-12T22:00:49.8038183Z         redirects
2024-03-12T22:00:49.8180187Z         presents a flash notice message
2024-03-12T22:00:49.8180916Z       without a csv file
2024-03-12T22:00:49.8295411Z         presents a flash error message
2024-03-12T22:00:49.8405263Z         redirects to :index
2024-03-12T22:00:49.8406301Z       csv file with wrong headers
2024-03-12T22:00:49.8525872Z         redirects
2024-03-12T22:00:49.8644014Z         presents a flash error message
2024-03-12T22:00:49.8645201Z     GET #inventory
2024-03-12T22:00:49.8646106Z       when also including omitted items
2024-03-12T22:00:49.9117890Z         contains a collection of ducktyped entries that respond the same
2024-03-12T22:00:49.9674960Z         returns a collection that also includes all items, but with zeroed quantities
2024-03-12T22:00:49.9675916Z       without any overrides
2024-03-12T22:00:50.0220135Z         returns a collection that only includes items at the storage location
2024-03-12T22:00:50.0220889Z       when also including inactive items
2024-03-12T22:00:50.0891124Z         returns a collection that also includes items that have been deactivated
2024-03-12T22:00:50.0892218Z     PUT #deactivate
2024-03-12T22:00:50.1086317Z       discards
2024-03-12T22:00:50.1087157Z       with inventory
2024-03-12T22:00:50.1552193Z         does not discard
2024-03-12T22:00:50.1552731Z     GET #edit
2024-03-12T22:00:50.4476539Z       returns http success
2024-03-12T22:00:50.4477280Z     GET #new
2024-03-12T22:00:50.4814591Z       returns http success
2024-03-12T22:00:50.4815343Z     PUT #reactivate
2024-03-12T22:00:50.4998124Z       undiscards
2024-03-12T22:00:50.4999013Z     GET #destroy
2024-03-12T22:00:50.5290609Z       redirects to #index
2024-03-12T22:00:50.5291680Z 
2024-03-12T22:00:50.5292120Z Purchases
2024-03-12T22:00:50.5293834Z   while signed in as an organization admin
2024-03-12T22:00:51.3969465Z     allows deletion of a purchase
2024-03-12T22:00:51.3970361Z   while signed in as a normal user
2024-03-12T22:00:51.3971089Z     When visiting the index page
2024-03-12T22:00:51.3971910Z       When filtering on the index page
2024-03-12T22:00:52.2295163Z         User can filter the #index by storage location
2024-03-12T22:00:53.0508897Z         User can filter the #index by vendor
2024-03-12T22:00:53.0509630Z         behaves like Date Range Picker
2024-03-12T22:00:53.0510640Z           when choosing 'Last Month'
2024-03-12T22:00:53.9992587Z             shows only 2 of the records
2024-03-12T22:00:53.9993361Z           when choosing 'All Time'
2024-03-12T22:00:54.9558144Z             shows all the records
2024-03-12T22:00:54.9559207Z           when choosing a date range that only includes the previous week
2024-03-12T22:00:55.9144106Z             shows only 1 record
2024-03-12T22:00:55.9145165Z       In the middle of the year
2024-03-12T22:00:56.6819553Z         User sees total purchases value
2024-03-12T22:00:57.5081678Z         User can click to the new purchase form
2024-03-12T22:00:58.2231846Z         User sees purchased date column
2024-03-12T22:00:58.2232744Z     When visiting an existing purchase
2024-03-12T22:00:58.6834532Z       does not allow deletion of a purchase
2024-03-12T22:00:58.6835595Z     When creating a new purchase
2024-03-12T22:00:59.1866182Z       should not display inactive storage locations in dropdown
2024-03-12T22:00:59.1867328Z       via manual entry
2024-03-12T22:01:00.0692162Z         User can create a purchase using dollars decimal amount
2024-03-12T22:01:01.2539358Z         multiple line items for the same item type are accepted and combined on the backend
2024-03-12T22:01:02.3445528Z         User can create a purchase IN THE PAST
2024-03-12T22:01:03.3952298Z         User can create vendor from purchase
2024-03-12T22:01:04.4139474Z         Does not include inactive items in the line item fields
2024-03-12T22:01:04.4140645Z         when creating a purchase incorrectly
2024-03-12T22:01:05.4009604Z           items dropdown is still repopulated even if initial submission doesn't validate
2024-03-12T22:01:06.2002433Z           should display failure with error messages
2024-03-12T22:01:06.2003246Z       via barcode entry
2024-03-12T22:01:07.1161960Z         User scan same barcode 2 times
2024-03-12T22:01:07.8587184Z         a user can add items via scanning them in by barcode
2024-03-12T22:01:09.0597313Z         a user can add items that do not yet have a barcode
2024-03-12T22:01:09.0598120Z       Editing purchase
2024-03-12T22:01:09.6988732Z         A user can view another organizations purchase
2024-03-12T22:01:10.2038728Z         A user can see purchased_from value
2024-03-12T22:01:10.2040065Z 
2024-03-12T22:01:10.2040374Z Events
2024-03-12T22:01:10.2042347Z   When not signed in
2024-03-12T22:01:10.2258765Z     redirects the user to the sign-in page for CRUD actions
2024-03-12T22:01:10.2259880Z   When signed in
2024-03-12T22:01:10.2260401Z     GET #index
2024-03-12T22:01:10.7746253Z       should be successful
2024-03-12T22:01:10.7746802Z       with eventable_id
2024-03-12T22:01:11.4973095Z         should only show events from that eventable
2024-03-12T22:01:11.4974152Z       with item filter
2024-03-12T22:01:12.0337971Z         should not include the other item
2024-03-12T22:01:12.0338775Z       with date filter
2024-03-12T22:01:12.5754498Z         should not include the old donation
2024-03-12T22:01:12.5755335Z       with storage location filter
2024-03-12T22:01:13.1253022Z         should not include the other storage location
2024-03-12T22:01:13.1254045Z       with type filter
2024-03-12T22:01:13.6610605Z         should not include the adjustment
2024-03-12T22:01:13.6611235Z 
2024-03-12T22:01:13.6611490Z /partners/dashboard
2024-03-12T22:01:13.7696009Z   displays upcoming distributions
2024-03-12T22:01:13.7696694Z   with just partner role
2024-03-12T22:01:13.8219589Z     should not display the switch link
2024-03-12T22:01:13.8220724Z   BroadcastAnnouncement card
2024-03-12T22:01:13.8782435Z     displays announcements if there are valid ones
2024-03-12T22:01:13.9329505Z     doesn't display announcements from super admins
2024-03-12T22:01:13.9859788Z     doesn't display announcements if there are not valid ones
2024-03-12T22:01:13.9860695Z   with both roles
2024-03-12T22:01:14.0430270Z     should include the switch link
2024-03-12T22:01:14.0431078Z   GET #index
2024-03-12T22:01:14.1146693Z     displays requests that are pending
2024-03-12T22:01:14.1821118Z     does not display requests in other states
2024-03-12T22:01:14.1821691Z 
2024-03-12T22:01:14.1821954Z Profiles
2024-03-12T22:01:14.1823082Z   GET #edit
2024-03-12T22:01:14.2874062Z     returns http success
2024-03-12T22:01:14.2874923Z   POST #update
2024-03-12T22:01:14.2876027Z     when updating an existing value to a blank value
2024-03-12T22:01:14.3320786Z       should have blank values
2024-03-12T22:01:14.3757042Z       update partner
2024-03-12T22:01:14.3757675Z     successful save
2024-03-12T22:01:14.4170415Z       redirects to #show
2024-03-12T22:01:14.4621314Z       update partner
2024-03-12T22:01:14.4622148Z 
2024-03-12T22:01:14.4622562Z Organization management
2024-03-12T22:01:14.4623752Z   while signed in as a normal user
2024-03-12T22:01:14.9354048Z     cannot see 'Make user' button for admins
2024-03-12T22:01:15.4086209Z     can see summary details about the organization as a user
2024-03-12T22:01:15.4087427Z   while signed in as an organization admin
2024-03-12T22:01:16.3565600Z     can add a new user to an organization
2024-03-12T22:01:17.3368920Z     can re-activate a user in the organization
2024-03-12T22:01:18.3217863Z     can deactivate a user in the organization
2024-03-12T22:01:18.8275208Z     can re-invite a user to an organization after 7 days
2024-03-12T22:01:19.3443756Z     can see 'Make user' button for admins
2024-03-12T22:01:19.3444569Z     Viewing the organization
2024-03-12T22:01:19.8982632Z       can view organization details
2024-03-12T22:01:19.8983241Z     Editing the organization
2024-03-12T22:01:20.7461074Z       can set a default storage location on the organization
2024-03-12T22:01:21.7347629Z       can disable if the org does NOT use single step invite and approve partner process
2024-03-12T22:01:23.1715035Z       can select and deselect Required Partner Fields
2024-03-12T22:01:24.1282943Z       can enable if the org uses single step invite and approve partner process
2024-03-12T22:01:25.0978230Z       can select if the org shows year-to-date values on the distribution printout
2024-03-12T22:01:26.0650930Z       can select if the org distributes essentials monthly
2024-03-12T22:01:26.9059576Z       can set the NDBN Member ID
2024-03-12T22:01:28.0820808Z       is prompted with placeholder text and a more helpful error message to ensure correct URL format as a user
2024-03-12T22:01:29.0413346Z       can select if the org repackages essentials
2024-03-12T22:01:29.8894017Z       can set a reminder and a deadline day
2024-03-12T22:01:30.0627369Z W, [2024-03-12T15:01:30.062432 #2484]  WARN -- : [knapsack_pro] POST https://api-disabled-for-fork.knapsackpro.com/v1/build_subsets
2024-03-12T22:01:30.0629242Z W, [2024-03-12T15:01:30.062494 #2484]  WARN -- : [knapsack_pro] Request failed due to:
2024-03-12T22:01:30.0631408Z W, [2024-03-12T15:01:30.062508 #2484]  WARN -- : [knapsack_pro] #<SocketError: Failed to open TCP connection to api-disabled-for-fork.knapsackpro.com:443 (getaddrinfo: Name or service not known)>
2024-03-12T22:01:30.0633903Z W, [2024-03-12T15:01:30.062546 #2484]  WARN -- : [knapsack_pro] Time execution report was not saved on Knapsack Pro API server due to connection problem.
2024-03-12T22:01:30.0635113Z 
2024-03-12T22:01:30.0635893Z Finished in 3 minutes 27.2 seconds (files took 8.3 seconds to load)
2024-03-12T22:01:30.0636895Z 212 examples, 0 failures
2024-03-12T22:01:30.0637261Z 
2024-03-12T22:01:30.0637509Z Randomized with seed 8258
2024-03-12T22:01:30.0637931Z 
2024-03-12T22:01:30.3734628Z Coverage report generated for RSpec to /home/runner/work/human-essentials/human-essentials/coverage. 3762 / 6478 LOC (58.07%) covered.
2024-03-12T22:01:30.8844036Z Coverage report generated for RSpec to /home/runner/work/human-essentials/human-essentials/coverage. 38 / 10780 LOC (0.35%) covered.
2024-03-12T22:01:30.9184013Z Post job cleanup.
2024-03-12T22:01:30.9911129Z [command]/usr/bin/git version
2024-03-12T22:01:30.9950593Z git version 2.43.2
2024-03-12T22:01:30.9994298Z Temporarily overriding HOME='/home/runner/work/_temp/83c2bf10-8fac-44fd-9125-7b14a96b69c0' before making global git config changes
2024-03-12T22:01:30.9996297Z Adding repository directory to the temporary git global config as a safe directory
2024-03-12T22:01:30.9998823Z [command]/usr/bin/git config --global --add safe.directory /home/runner/work/human-essentials/human-essentials
2024-03-12T22:01:31.0031837Z [command]/usr/bin/git config --local --name-only --get-regexp core\.sshCommand
2024-03-12T22:01:31.0064014Z [command]/usr/bin/git submodule foreach --recursive sh -c "git config --local --name-only --get-regexp 'core\.sshCommand' && git config --local --unset-all 'core.sshCommand' || :"
2024-03-12T22:01:31.0315021Z [command]/usr/bin/git config --local --name-only --get-regexp http\.https\:\/\/github\.com\/\.extraheader
2024-03-12T22:01:31.0339213Z http.https://github.com/.extraheader
2024-03-12T22:01:31.0350651Z [command]/usr/bin/git config --local --unset-all http.https://github.com/.extraheader
2024-03-12T22:01:31.0382827Z [command]/usr/bin/git submodule foreach --recursive sh -c "git config --local --name-only --get-regexp 'http\.https\:\/\/github\.com\/\.extraheader' && git config --local --unset-all 'http.https://github.com/.extraheader' || :"
2024-03-12T22:01:31.0785258Z Print service container logs: d3cca4e3556848bea4ed36e8aa36359b_postgres123_b7b671
2024-03-12T22:01:31.0792853Z ##[command]/usr/bin/docker logs --details aab6de677d4335c0fecfc49327763fa566e898bc31949d92b6306379cf685923
2024-03-12T22:01:31.0938115Z  The files belonging to this database system will be owned by user "postgres".
2024-03-12T22:01:31.0943928Z  This user must also own the server process.
2024-03-12T22:01:31.0945025Z  
2024-03-12T22:01:31.0945725Z  The database cluster will be initialized with locale "en_US.utf8".
2024-03-12T22:01:31.0946986Z  The default database encoding has accordingly been set to "UTF8".
2024-03-12T22:01:31.0948104Z  The default text search configuration will be set to "english".
2024-03-12T22:01:31.0949079Z  
2024-03-12T22:01:31.0949572Z  Data page checksums are disabled.
2024-03-12T22:01:31.0950283Z  
2024-03-12T22:01:31.0950995Z  fixing permissions on existing directory /var/lib/postgresql/data ... ok
2024-03-12T22:01:31.0952131Z  creating subdirectories ... ok
2024-03-12T22:01:31.0953030Z  selecting dynamic shared memory implementation ... posix
2024-03-12T22:01:31.0953890Z  selecting default max_connections ... 100
2024-03-12T22:01:31.0954773Z  selecting default shared_buffers ... 128MB
2024-03-12T22:01:31.0955609Z  selecting default time zone ... Etc/UTC
2024-03-12T22:01:31.0956399Z  creating configuration files ... ok
2024-03-12T22:01:31.0957120Z  running bootstrap script ... ok
2024-03-12T22:01:31.0957869Z  performing post-bootstrap initialization ... ok
2024-03-12T22:01:31.0960291Z  initdb: warning: enabling "trust" authentication for local connections
2024-03-12T22:01:31.0961574Z  You can change this by editing pg_hba.conf or using the option -A, or
2024-03-12T22:01:31.0962803Z  --auth-local and --auth-host, the next time you run initdb.
2024-03-12T22:01:31.0963903Z  syncing data to disk ... ok
2024-03-12T22:01:31.0965072Z  
2024-03-12T22:01:31.0965471Z  
2024-03-12T22:01:31.0966090Z  Success. You can now start the database server using:
2024-03-12T22:01:31.0967001Z  
2024-03-12T22:01:31.0967639Z      pg_ctl -D /var/lib/postgresql/data -l logfile start
2024-03-12T22:01:31.0968478Z  
2024-03-12T22:01:31.0970128Z  waiting for server to start....2024-03-12 21:56:35.586 UTC [46] LOG:  starting PostgreSQL 12.3 (Debian 12.3-1.pgdg100+1) on x86_64-pc-linux-gnu, compiled by gcc (Debian 8.3.0-6) 8.3.0, 64-bit
2024-03-12T22:01:31.0972310Z  2024-03-12 21:56:35.587 UTC [46] LOG:  listening on Unix socket "/var/run/postgresql/.s.PGSQL.5432"
2024-03-12T22:01:31.0974009Z  2024-03-12 21:56:35.598 UTC [47] LOG:  database system was shut down at 2024-03-12 21:56:35 UTC
2024-03-12T22:01:31.0975321Z  2024-03-12 21:56:35.604 UTC [46] LOG:  database system is ready to accept connections
2024-03-12T22:01:31.0976323Z   done
2024-03-12T22:01:31.0976880Z  server started
2024-03-12T22:01:31.0977385Z  
2024-03-12T22:01:31.0978243Z  /usr/local/bin/docker-entrypoint.sh: ignoring /docker-entrypoint-initdb.d/*
2024-03-12T22:01:31.0979203Z  
2024-03-12T22:01:31.0979898Z  2024-03-12 21:56:35.679 UTC [46] LOG:  received fast shutdown request
2024-03-12T22:01:31.0981278Z  waiting for server to shut down....2024-03-12 21:56:35.680 UTC [46] LOG:  aborting any active transactions
2024-03-12T22:01:31.0982989Z  2024-03-12 21:56:35.681 UTC [46] LOG:  background worker "logical replication launcher" (PID 53) exited with exit code 1
2024-03-12T22:01:31.0984401Z  2024-03-12 21:56:35.681 UTC [48] LOG:  shutting down
2024-03-12T22:01:31.0985414Z  2024-03-12 21:56:35.689 UTC [46] LOG:  database system is shut down
2024-03-12T22:01:31.0986286Z   done
2024-03-12T22:01:31.0986820Z  server stopped
2024-03-12T22:01:31.0987303Z  
2024-03-12T22:01:31.0987988Z  PostgreSQL init process complete; ready for start up.
2024-03-12T22:01:31.0989637Z  2024-03-12 21:56:35.801 UTC [1] LOG:  starting PostgreSQL 12.3 (Debian 12.3-1.pgdg100+1) on x86_64-pc-linux-gnu, compiled by gcc (Debian 8.3.0-6) 8.3.0, 64-bit
2024-03-12T22:01:31.0993138Z  2024-03-12 21:56:35.801 UTC [1] LOG:  listening on IPv4 address "0.0.0.0", port 5432
2024-03-12T22:01:31.0994436Z  2024-03-12 21:56:35.801 UTC [1] LOG:  listening on IPv6 address "::", port 5432
2024-03-12T22:01:31.0995883Z  2024-03-12 21:56:35.802 UTC [1] LOG:  listening on Unix socket "/var/run/postgresql/.s.PGSQL.5432"
2024-03-12T22:01:31.0997315Z  2024-03-12 21:56:35.813 UTC [55] LOG:  database system was shut down at 2024-03-12 21:56:35 UTC
2024-03-12T22:01:31.0998849Z  2024-03-12 21:56:35.818 UTC [1] LOG:  database system is ready to accept connections
2024-03-12T22:01:31.0999789Z  2024-03-12 21:56:44.978 UTC [70] FATAL:  role "root" does not exist
2024-03-12T22:01:31.1000417Z  2024-03-12 21:56:55.064 UTC [78] FATAL:  role "root" does not exist
2024-03-12T22:01:31.1001617Z  2024-03-12 21:57:03.030 UTC [79] FATAL:  database "diaper_test" does not exist
2024-03-12T22:01:31.1002770Z  2024-03-12 21:57:05.172 UTC [88] FATAL:  role "root" does not exist
2024-03-12T22:01:31.1004535Z  2024-03-12 21:57:09.993 UTC [89] ERROR:  relation "flipper_gates" does not exist at character 491
2024-03-12T22:01:31.1006055Z  2024-03-12 21:57:09.993 UTC [89] STATEMENT:  SELECT a.attname, format_type(a.atttypid, a.atttypmod),
2024-03-12T22:01:31.1007273Z  	       pg_get_expr(d.adbin, d.adrelid), a.attnotnull, a.atttypid, a.atttypmod,
2024-03-12T22:01:31.1008417Z  	       c.collname, col_description(a.attrelid, a.attnum) AS comment,
2024-03-12T22:01:31.1009248Z  	       attgenerated as attgenerated
2024-03-12T22:01:31.1010005Z  	  FROM pg_attribute a
2024-03-12T22:01:31.1010890Z  	  LEFT JOIN pg_attrdef d ON a.attrelid = d.adrelid AND a.attnum = d.adnum
2024-03-12T22:01:31.1011905Z  	  LEFT JOIN pg_type t ON a.atttypid = t.oid
2024-03-12T22:01:31.1013107Z  	  LEFT JOIN pg_collation c ON a.attcollation = c.oid AND a.attcollation <> t.typcollation
2024-03-12T22:01:31.1013775Z  	 WHERE a.attrelid = '"flipper_gates"'::regclass
2024-03-12T22:01:31.1014280Z  	   AND a.attnum > 0 AND NOT a.attisdropped
2024-03-12T22:01:31.1014810Z  	 ORDER BY a.attnum
2024-03-12T22:01:31.1015171Z  	
2024-03-12T22:01:31.1015648Z  2024-03-12 21:57:15.257 UTC [99] FATAL:  role "root" does not exist
2024-03-12T22:01:31.1016302Z  2024-03-12 21:57:25.333 UTC [108] FATAL:  role "root" does not exist
2024-03-12T22:01:31.1016927Z  2024-03-12 21:57:35.442 UTC [116] FATAL:  role "root" does not exist
2024-03-12T22:01:31.1017630Z  2024-03-12 21:57:45.526 UTC [125] FATAL:  role "root" does not exist
2024-03-12T22:01:31.1018279Z  2024-03-12 21:57:55.605 UTC [133] FATAL:  role "root" does not exist
2024-03-12T22:01:31.1019017Z  2024-03-12 21:58:05.703 UTC [144] FATAL:  role "root" does not exist
2024-03-12T22:01:31.1020167Z  2024-03-12 21:58:15.785 UTC [153] FATAL:  role "root" does not exist
2024-03-12T22:01:31.1020964Z  2024-03-12 21:58:25.877 UTC [161] FATAL:  role "root" does not exist
2024-03-12T22:01:31.1021741Z  2024-03-12 21:58:35.953 UTC [169] FATAL:  role "root" does not exist
2024-03-12T22:01:31.1022356Z  2024-03-12 21:58:46.044 UTC [178] FATAL:  role "root" does not exist
2024-03-12T22:01:31.1022975Z  2024-03-12 21:58:56.130 UTC [186] FATAL:  role "root" does not exist
2024-03-12T22:01:31.1023675Z  2024-03-12 21:59:06.225 UTC [194] FATAL:  role "root" does not exist
2024-03-12T22:01:31.1024295Z  2024-03-12 21:59:16.313 UTC [203] FATAL:  role "root" does not exist
2024-03-12T22:01:31.1024928Z  2024-03-12 21:59:26.389 UTC [211] FATAL:  role "root" does not exist
2024-03-12T22:01:31.1025550Z  2024-03-12 21:59:36.463 UTC [219] FATAL:  role "root" does not exist
2024-03-12T22:01:31.1026244Z  2024-03-12 21:59:46.564 UTC [228] FATAL:  role "root" does not exist
2024-03-12T22:01:31.1026952Z  2024-03-12 21:59:56.658 UTC [236] FATAL:  role "root" does not exist
2024-03-12T22:01:31.1027570Z  2024-03-12 22:00:06.746 UTC [244] FATAL:  role "root" does not exist
2024-03-12T22:01:31.1028263Z  2024-03-12 22:00:16.844 UTC [253] FATAL:  role "root" does not exist
2024-03-12T22:01:31.1028923Z  2024-03-12 22:00:26.921 UTC [261] FATAL:  role "root" does not exist
2024-03-12T22:01:31.1029529Z  2024-03-12 22:00:37.007 UTC [270] FATAL:  role "root" does not exist
2024-03-12T22:01:31.1030382Z  2024-03-12 22:00:47.095 UTC [279] FATAL:  role "root" does not exist
2024-03-12T22:01:31.1031034Z  2024-03-12 22:00:57.186 UTC [287] FATAL:  role "root" does not exist
2024-03-12T22:01:31.1031867Z  2024-03-12 22:01:07.294 UTC [295] FATAL:  role "root" does not exist
2024-03-12T22:01:31.1032475Z  2024-03-12 22:01:17.387 UTC [305] FATAL:  role "root" does not exist
2024-03-12T22:01:31.1033149Z  2024-03-12 22:01:27.471 UTC [313] FATAL:  role "root" does not exist
2024-03-12T22:01:31.1033896Z  
2024-03-12T22:01:31.1248980Z Stop and remove container: d3cca4e3556848bea4ed36e8aa36359b_postgres123_b7b671
2024-03-12T22:01:31.1257647Z ##[command]/usr/bin/docker rm --force aab6de677d4335c0fecfc49327763fa566e898bc31949d92b6306379cf685923
2024-03-12T22:01:31.3414686Z aab6de677d4335c0fecfc49327763fa566e898bc31949d92b6306379cf685923
2024-03-12T22:01:31.3440541Z Remove container network: github_network_c62da76a344b42c7bb12e2c08f908600
2024-03-12T22:01:31.3448943Z ##[command]/usr/bin/docker network rm github_network_c62da76a344b42c7bb12e2c08f908600
2024-03-12T22:01:31.6102501Z github_network_c62da76a344b42c7bb12e2c08f908600
2024-03-12T22:01:31.6261520Z Cleaning up orphan processes
