2024-03-12T21:56:21.9086059Z Requested labels: ubuntu-latest
2024-03-12T21:56:21.9086383Z Job defined at: rubyforgood/human-essentials/.github/workflows/rspec-system-events.yml@refs/pull/4191/merge
2024-03-12T21:56:21.9086498Z Waiting for a runner to pick up this job...
2024-03-12T21:56:23.2326515Z Job is waiting for a hosted runner to come online.
2024-03-12T21:56:26.8567620Z Job is about to start running on the hosted runner: GitHub Actions 15 (hosted)
2024-03-12T21:56:28.9069084Z Current runner version: '2.314.1'
2024-03-12T21:56:28.9093255Z ##[group]Operating System
2024-03-12T21:56:28.9094090Z Ubuntu
2024-03-12T21:56:28.9094400Z 22.04.4
2024-03-12T21:56:28.9094884Z LTS
2024-03-12T21:56:28.9095211Z ##[endgroup]
2024-03-12T21:56:28.9095557Z ##[group]Runner Image
2024-03-12T21:56:28.9096100Z Image: ubuntu-22.04
2024-03-12T21:56:28.9096493Z Version: 20240304.1.0
2024-03-12T21:56:28.9097483Z Included Software: https://github.com/actions/runner-images/blob/ubuntu22/20240304.1/images/ubuntu/Ubuntu2204-Readme.md
2024-03-12T21:56:28.9098954Z Image Release: https://github.com/actions/runner-images/releases/tag/ubuntu22%2F20240304.1
2024-03-12T21:56:28.9099817Z ##[endgroup]
2024-03-12T21:56:28.9100224Z ##[group]Runner Image Provisioner
2024-03-12T21:56:28.9100728Z 2.0.359.1
2024-03-12T21:56:28.9101060Z ##[endgroup]
2024-03-12T21:56:28.9103225Z ##[group]GITHUB_TOKEN Permissions
2024-03-12T21:56:28.9104799Z Actions: read
2024-03-12T21:56:28.9105230Z Checks: read
2024-03-12T21:56:28.9105850Z Contents: read
2024-03-12T21:56:28.9106317Z Deployments: read
2024-03-12T21:56:28.9106777Z Discussions: read
2024-03-12T21:56:28.9107151Z Issues: read
2024-03-12T21:56:28.9107521Z Metadata: read
2024-03-12T21:56:28.9107920Z Packages: read
2024-03-12T21:56:28.9108304Z Pages: read
2024-03-12T21:56:28.9108691Z PullRequests: read
2024-03-12T21:56:28.9109132Z RepositoryProjects: read
2024-03-12T21:56:28.9109593Z SecurityEvents: read
2024-03-12T21:56:28.9109991Z Statuses: read
2024-03-12T21:56:28.9110391Z ##[endgroup]
2024-03-12T21:56:28.9113331Z Secret source: None
2024-03-12T21:56:28.9113880Z Prepare workflow directory
2024-03-12T21:56:28.9971450Z Prepare all required actions
2024-03-12T21:56:29.0127314Z Getting action download info
2024-03-12T21:56:29.1744246Z Download action repository 'actions/checkout@v4' (SHA:b4ffde65f46336ab88eb53be808477a3936bae11)
2024-03-12T21:56:29.3144767Z Download action repository 'ruby/setup-ruby@v1' (SHA:d4526a55538b775af234ba4af27118ed6f8f6677)
2024-03-12T21:56:29.5041995Z Download action repository 'actions/upload-artifact@v4' (SHA:5d5d22a31266ced268874388b861e4b58bb5c2f3)
2024-03-12T21:56:29.7110796Z Complete job name: rspec-system-events (6, 4)
2024-03-12T21:56:29.7758403Z ##[group]Checking docker version
2024-03-12T21:56:29.7772477Z ##[command]/usr/bin/docker version --format '{{.Server.APIVersion}}'
2024-03-12T21:56:29.8527220Z '1.43'
2024-03-12T21:56:29.8545301Z Docker daemon API version: '1.43'
2024-03-12T21:56:29.8546575Z ##[command]/usr/bin/docker version --format '{{.Client.APIVersion}}'
2024-03-12T21:56:29.8724001Z '1.43'
2024-03-12T21:56:29.8738215Z Docker client API version: '1.43'
2024-03-12T21:56:29.8743076Z ##[endgroup]
2024-03-12T21:56:29.8746784Z ##[group]Clean up resources from previous jobs
2024-03-12T21:56:29.8753332Z ##[command]/usr/bin/docker ps --all --quiet --no-trunc --filter "label=9f4570"
2024-03-12T21:56:29.8928827Z ##[command]/usr/bin/docker network prune --force --filter "label=9f4570"
2024-03-12T21:56:29.9126573Z ##[endgroup]
2024-03-12T21:56:29.9127091Z ##[group]Create local container network
2024-03-12T21:56:29.9137540Z ##[command]/usr/bin/docker network create --label 9f4570 github_network_0fdc760076f249759e5b96132def2c86
2024-03-12T21:56:30.0077626Z 0d5f3859c5456763017ebeffbf7986872915ae1858b0a4be05c7610f76a246c6
2024-03-12T21:56:30.0097821Z ##[endgroup]
2024-03-12T21:56:30.0174129Z ##[group]Starting db service container
2024-03-12T21:56:30.0222967Z ##[command]/usr/bin/docker pull postgres:12.3
2024-03-12T21:56:30.2633755Z 12.3: Pulling from library/postgres
2024-03-12T21:56:30.3180004Z bf5952930446: Pulling fs layer
2024-03-12T21:56:30.3180682Z 9577476abb00: Pulling fs layer
2024-03-12T21:56:30.3181149Z 2bd105512d5c: Pulling fs layer
2024-03-12T21:56:30.3181567Z b1cd21c26e81: Pulling fs layer
2024-03-12T21:56:30.3182023Z 34a7c86cf8fc: Pulling fs layer
2024-03-12T21:56:30.3182479Z 274e7b0c38d5: Pulling fs layer
2024-03-12T21:56:30.3182886Z 3e831b350d37: Pulling fs layer
2024-03-12T21:56:30.3183308Z 38fa0d496534: Pulling fs layer
2024-03-12T21:56:30.3184056Z 31a8349609a4: Pulling fs layer
2024-03-12T21:56:30.3184453Z 14e4c2a4b7b7: Pulling fs layer
2024-03-12T21:56:30.3184904Z 964acfa02beb: Pulling fs layer
2024-03-12T21:56:30.3185310Z 31b1f20dffc0: Pulling fs layer
2024-03-12T21:56:30.3185687Z 14771c2930e9: Pulling fs layer
2024-03-12T21:56:30.3186131Z 2f30edd0ce8a: Pulling fs layer
2024-03-12T21:56:30.3186542Z 38fa0d496534: Waiting
2024-03-12T21:56:30.3186898Z 31a8349609a4: Waiting
2024-03-12T21:56:30.3187312Z 14e4c2a4b7b7: Waiting
2024-03-12T21:56:30.3187654Z 964acfa02beb: Waiting
2024-03-12T21:56:30.3188001Z 31b1f20dffc0: Waiting
2024-03-12T21:56:30.3188394Z 14771c2930e9: Waiting
2024-03-12T21:56:30.3188733Z 2f30edd0ce8a: Waiting
2024-03-12T21:56:30.3189086Z 34a7c86cf8fc: Waiting
2024-03-12T21:56:30.3189449Z b1cd21c26e81: Waiting
2024-03-12T21:56:30.3189784Z 274e7b0c38d5: Waiting
2024-03-12T21:56:30.3190131Z 3e831b350d37: Waiting
2024-03-12T21:56:30.3744325Z 2bd105512d5c: Verifying Checksum
2024-03-12T21:56:30.3745122Z 2bd105512d5c: Download complete
2024-03-12T21:56:30.4142642Z 9577476abb00: Verifying Checksum
2024-03-12T21:56:30.4143442Z 9577476abb00: Download complete
2024-03-12T21:56:30.4464882Z b1cd21c26e81: Verifying Checksum
2024-03-12T21:56:30.4465879Z b1cd21c26e81: Download complete
2024-03-12T21:56:30.5134944Z 274e7b0c38d5: Verifying Checksum
2024-03-12T21:56:30.5136465Z 274e7b0c38d5: Download complete
2024-03-12T21:56:30.5549213Z 34a7c86cf8fc: Verifying Checksum
2024-03-12T21:56:30.5550510Z 34a7c86cf8fc: Download complete
2024-03-12T21:56:30.5653886Z 3e831b350d37: Verifying Checksum
2024-03-12T21:56:30.5654956Z 3e831b350d37: Download complete
2024-03-12T21:56:30.5863482Z bf5952930446: Verifying Checksum
2024-03-12T21:56:30.5864619Z bf5952930446: Download complete
2024-03-12T21:56:30.6218384Z 38fa0d496534: Download complete
2024-03-12T21:56:30.6549120Z 14e4c2a4b7b7: Verifying Checksum
2024-03-12T21:56:30.6550012Z 14e4c2a4b7b7: Download complete
2024-03-12T21:56:30.6819638Z 964acfa02beb: Verifying Checksum
2024-03-12T21:56:30.6820621Z 964acfa02beb: Download complete
2024-03-12T21:56:30.6998007Z 31b1f20dffc0: Download complete
2024-03-12T21:56:30.7463983Z 14771c2930e9: Verifying Checksum
2024-03-12T21:56:30.7466184Z 14771c2930e9: Download complete
2024-03-12T21:56:30.7523795Z 2f30edd0ce8a: Verifying Checksum
2024-03-12T21:56:30.7524698Z 2f30edd0ce8a: Download complete
2024-03-12T21:56:31.1376107Z 31a8349609a4: Verifying Checksum
2024-03-12T21:56:31.1377126Z 31a8349609a4: Download complete
2024-03-12T21:56:31.7675625Z bf5952930446: Pull complete
2024-03-12T21:56:31.9016563Z 9577476abb00: Pull complete
2024-03-12T21:56:32.0943076Z 2bd105512d5c: Pull complete
2024-03-12T21:56:32.1726561Z b1cd21c26e81: Pull complete
2024-03-12T21:56:32.5018460Z 34a7c86cf8fc: Pull complete
2024-03-12T21:56:32.5404218Z 274e7b0c38d5: Pull complete
2024-03-12T21:56:32.5484822Z 3e831b350d37: Pull complete
2024-03-12T21:56:32.5580540Z 38fa0d496534: Pull complete
2024-03-12T21:56:34.5496919Z 31a8349609a4: Pull complete
2024-03-12T21:56:34.5813052Z 14e4c2a4b7b7: Pull complete
2024-03-12T21:56:34.8496966Z 964acfa02beb: Pull complete
2024-03-12T21:56:34.8596337Z 31b1f20dffc0: Pull complete
2024-03-12T21:56:34.8687823Z 14771c2930e9: Pull complete
2024-03-12T21:56:34.8773657Z 2f30edd0ce8a: Pull complete
2024-03-12T21:56:34.8817853Z Digest: sha256:a06e6e6e519b7a329c419f8221edec66cfc45511e8b80e262c12103ba745cf19
2024-03-12T21:56:34.8833950Z Status: Downloaded newer image for postgres:12.3
2024-03-12T21:56:34.8872309Z docker.io/library/postgres:12.3
2024-03-12T21:56:34.8972995Z ##[command]/usr/bin/docker create --name 0c58e3aae97f4542a96671e82a6a2901_postgres123_c4a3d1 --label 9f4570 --network github_network_0fdc760076f249759e5b96132def2c86 --network-alias db -p 5432:5432 --health-cmd pg_isready --health-interval 10s --health-timeout 5s --health-retries 5 -e "POSTGRES_PASSWORD=password" -e GITHUB_ACTIONS=true -e CI=true postgres:12.3
2024-03-12T21:56:34.9228196Z 8700eb0cd54c4cd8283740dcf68e95051b1e7052fa91054884022d6ade827a60
2024-03-12T21:56:34.9248312Z ##[command]/usr/bin/docker start 8700eb0cd54c4cd8283740dcf68e95051b1e7052fa91054884022d6ade827a60
2024-03-12T21:56:35.1979403Z 8700eb0cd54c4cd8283740dcf68e95051b1e7052fa91054884022d6ade827a60
2024-03-12T21:56:35.2001261Z ##[command]/usr/bin/docker ps --all --filter id=8700eb0cd54c4cd8283740dcf68e95051b1e7052fa91054884022d6ade827a60 --filter status=running --no-trunc --format "{{.ID}} {{.Status}}"
2024-03-12T21:56:35.2136922Z 8700eb0cd54c4cd8283740dcf68e95051b1e7052fa91054884022d6ade827a60 Up Less than a second (health: starting)
2024-03-12T21:56:35.2161450Z ##[command]/usr/bin/docker port 8700eb0cd54c4cd8283740dcf68e95051b1e7052fa91054884022d6ade827a60
2024-03-12T21:56:35.2282841Z 5432/tcp -> 0.0.0.0:5432
2024-03-12T21:56:35.2283222Z 5432/tcp -> [::]:5432
2024-03-12T21:56:35.2361177Z ##[endgroup]
2024-03-12T21:56:35.2387109Z ##[group]Waiting for all services to be ready
2024-03-12T21:56:35.2425770Z ##[command]/usr/bin/docker inspect --format="{{if .Config.Healthcheck}}{{print .State.Health.Status}}{{end}}" 8700eb0cd54c4cd8283740dcf68e95051b1e7052fa91054884022d6ade827a60
2024-03-12T21:56:35.2549288Z starting
2024-03-12T21:56:35.2575623Z db service is starting, waiting 2 seconds before checking again.
2024-03-12T21:56:37.2585679Z ##[command]/usr/bin/docker inspect --format="{{if .Config.Healthcheck}}{{print .State.Health.Status}}{{end}}" 8700eb0cd54c4cd8283740dcf68e95051b1e7052fa91054884022d6ade827a60
2024-03-12T21:56:37.2697237Z starting
2024-03-12T21:56:37.2708591Z db service is starting, waiting 3 seconds before checking again.
2024-03-12T21:56:41.1669836Z ##[command]/usr/bin/docker inspect --format="{{if .Config.Healthcheck}}{{print .State.Health.Status}}{{end}}" 8700eb0cd54c4cd8283740dcf68e95051b1e7052fa91054884022d6ade827a60
2024-03-12T21:56:41.1783628Z starting
2024-03-12T21:56:41.1796894Z db service is starting, waiting 8 seconds before checking again.
2024-03-12T21:56:49.7506330Z ##[command]/usr/bin/docker inspect --format="{{if .Config.Healthcheck}}{{print .State.Health.Status}}{{end}}" 8700eb0cd54c4cd8283740dcf68e95051b1e7052fa91054884022d6ade827a60
2024-03-12T21:56:49.7639596Z healthy
2024-03-12T21:56:49.7655149Z db service is healthy.
2024-03-12T21:56:49.7655838Z ##[endgroup]
2024-03-12T21:56:49.8011982Z ##[group]Run actions/checkout@v4
2024-03-12T21:56:49.8012464Z with:
2024-03-12T21:56:49.8012932Z   repository: rubyforgood/human-essentials
2024-03-12T21:56:49.8013542Z   token: ***
2024-03-12T21:56:49.8014459Z   ssh-strict: true
2024-03-12T21:56:49.8014926Z   persist-credentials: true
2024-03-12T21:56:49.8015305Z   clean: true
2024-03-12T21:56:49.8015631Z   sparse-checkout-cone-mode: true
2024-03-12T21:56:49.8016093Z   fetch-depth: 1
2024-03-12T21:56:49.8016443Z   fetch-tags: false
2024-03-12T21:56:49.8016763Z   show-progress: true
2024-03-12T21:56:49.8017173Z   lfs: false
2024-03-12T21:56:49.8017502Z   submodules: false
2024-03-12T21:56:49.8017812Z   set-safe-directory: true
2024-03-12T21:56:49.8018299Z ##[endgroup]
2024-03-12T21:56:50.0326560Z Syncing repository: rubyforgood/human-essentials
2024-03-12T21:56:50.0328426Z ##[group]Getting Git version info
2024-03-12T21:56:50.0329168Z Working directory is '/home/runner/work/human-essentials/human-essentials'
2024-03-12T21:56:50.0330322Z [command]/usr/bin/git version
2024-03-12T21:56:50.0360119Z git version 2.43.2
2024-03-12T21:56:50.0384983Z ##[endgroup]
2024-03-12T21:56:50.0405084Z Temporarily overriding HOME='/home/runner/work/_temp/115cb2a4-46dc-4b67-9fb9-ab15c19faac2' before making global git config changes
2024-03-12T21:56:50.0407039Z Adding repository directory to the temporary git global config as a safe directory
2024-03-12T21:56:50.0409205Z [command]/usr/bin/git config --global --add safe.directory /home/runner/work/human-essentials/human-essentials
2024-03-12T21:56:50.0440456Z Deleting the contents of '/home/runner/work/human-essentials/human-essentials'
2024-03-12T21:56:50.0447492Z ##[group]Initializing the repository
2024-03-12T21:56:50.0450456Z [command]/usr/bin/git init /home/runner/work/human-essentials/human-essentials
2024-03-12T21:56:50.0521444Z hint: Using 'master' as the name for the initial branch. This default branch name
2024-03-12T21:56:50.0523428Z hint: is subject to change. To configure the initial branch name to use in all
2024-03-12T21:56:50.0524704Z hint: of your new repositories, which will suppress this warning, call:
2024-03-12T21:56:50.0525785Z hint: 
2024-03-12T21:56:50.0526450Z hint: 	git config --global init.defaultBranch <name>
2024-03-12T21:56:50.0527317Z hint: 
2024-03-12T21:56:50.0528362Z hint: Names commonly chosen instead of 'master' are 'main', 'trunk' and
2024-03-12T21:56:50.0529652Z hint: 'development'. The just-created branch can be renamed via this command:
2024-03-12T21:56:50.0530700Z hint: 
2024-03-12T21:56:50.0531345Z hint: 	git branch -m <name>
2024-03-12T21:56:50.0532483Z Initialized empty Git repository in /home/runner/work/human-essentials/human-essentials/.git/
2024-03-12T21:56:50.0541310Z [command]/usr/bin/git remote add origin https://github.com/rubyforgood/human-essentials
2024-03-12T21:56:50.0577914Z ##[endgroup]
2024-03-12T21:56:50.0578656Z ##[group]Disabling automatic garbage collection
2024-03-12T21:56:50.0580810Z [command]/usr/bin/git config --local gc.auto 0
2024-03-12T21:56:50.0608304Z ##[endgroup]
2024-03-12T21:56:50.0608878Z ##[group]Setting up auth
2024-03-12T21:56:50.0613410Z [command]/usr/bin/git config --local --name-only --get-regexp core\.sshCommand
2024-03-12T21:56:50.0641510Z [command]/usr/bin/git submodule foreach --recursive sh -c "git config --local --name-only --get-regexp 'core\.sshCommand' && git config --local --unset-all 'core.sshCommand' || :"
2024-03-12T21:56:50.0993958Z [command]/usr/bin/git config --local --name-only --get-regexp http\.https\:\/\/github\.com\/\.extraheader
2024-03-12T21:56:50.1020890Z [command]/usr/bin/git submodule foreach --recursive sh -c "git config --local --name-only --get-regexp 'http\.https\:\/\/github\.com\/\.extraheader' && git config --local --unset-all 'http.https://github.com/.extraheader' || :"
2024-03-12T21:56:50.1245003Z [command]/usr/bin/git config --local http.https://github.com/.extraheader AUTHORIZATION: basic ***
2024-03-12T21:56:50.1278439Z ##[endgroup]
2024-03-12T21:56:50.1279520Z ##[group]Fetching the repository
2024-03-12T21:56:50.1289232Z [command]/usr/bin/git -c protocol.version=2 fetch --no-tags --prune --no-recurse-submodules --depth=1 origin +e47a55dbbb4fa9b08d4dd20ecb9244b4980b429b:refs/remotes/pull/4191/merge
2024-03-12T21:56:50.5177627Z From https://github.com/rubyforgood/human-essentials
2024-03-12T21:56:50.5178910Z  * [new ref]         e47a55dbbb4fa9b08d4dd20ecb9244b4980b429b -> pull/4191/merge
2024-03-12T21:56:50.5206651Z ##[endgroup]
2024-03-12T21:56:50.5207572Z ##[group]Determining the checkout info
2024-03-12T21:56:50.5208840Z ##[endgroup]
2024-03-12T21:56:50.5210046Z ##[group]Checking out the ref
2024-03-12T21:56:50.5212563Z [command]/usr/bin/git checkout --progress --force refs/remotes/pull/4191/merge
2024-03-12T21:56:50.6520238Z Note: switching to 'refs/remotes/pull/4191/merge'.
2024-03-12T21:56:50.6520856Z 
2024-03-12T21:56:50.6521549Z You are in 'detached HEAD' state. You can look around, make experimental
2024-03-12T21:56:50.6522804Z changes and commit them, and you can discard any commits you make in this
2024-03-12T21:56:50.6525886Z state without impacting any branches by switching back to a branch.
2024-03-12T21:56:50.6582991Z 
2024-03-12T21:56:50.6583582Z If you want to create a new branch to retain commits you create, you may
2024-03-12T21:56:50.6585002Z do so (now or later) by using -c with the switch command. Example:
2024-03-12T21:56:50.6585735Z 
2024-03-12T21:56:50.6586048Z   git switch -c <new-branch-name>
2024-03-12T21:56:50.6586460Z 
2024-03-12T21:56:50.6586729Z Or undo this operation with:
2024-03-12T21:56:50.6587101Z 
2024-03-12T21:56:50.6587414Z   git switch -
2024-03-12T21:56:50.6587747Z 
2024-03-12T21:56:50.6588259Z Turn off this advice by setting config variable advice.detachedHead to false
2024-03-12T21:56:50.6589066Z 
2024-03-12T21:56:50.6589861Z HEAD is now at e47a55d Merge 175def259698071abe014a6d884cae6baa0ba123 into 449d8506f768bf1894e05c17983a13da27472321
2024-03-12T21:56:50.6592640Z ##[endgroup]
2024-03-12T21:56:50.6594201Z [command]/usr/bin/git log -1 --format='%H'
2024-03-12T21:56:50.6610954Z 'e47a55dbbb4fa9b08d4dd20ecb9244b4980b429b'
2024-03-12T21:56:50.6909405Z ##[group]Run ruby/setup-ruby@v1
2024-03-12T21:56:50.6909875Z with:
2024-03-12T21:56:50.6910199Z   bundler-cache: true
2024-03-12T21:56:50.6910558Z   ruby-version: default
2024-03-12T21:56:50.6910933Z ##[endgroup]
2024-03-12T21:56:50.8096971Z Using 3.2.2 as input from file .ruby-version
2024-03-12T21:56:50.8121466Z ##[group]Modifying PATH
2024-03-12T21:56:50.8122458Z Entries added to PATH to use selected Ruby:
2024-03-12T21:56:50.8123340Z   /opt/hostedtoolcache/Ruby/3.2.2/x64/bin
2024-03-12T21:56:50.8124718Z ##[endgroup]
2024-03-12T21:56:50.8146036Z ##[group]Downloading Ruby
2024-03-12T21:56:50.8149144Z https://github.com/ruby/ruby-builder/releases/download/toolcache/ruby-3.2.2-ubuntu-22.04.tar.gz
2024-03-12T21:56:51.1015599Z Took   0.29 seconds
2024-03-12T21:56:51.1016884Z ##[endgroup]
2024-03-12T21:56:51.1018049Z ##[group]Extracting  Ruby
2024-03-12T21:56:51.1046417Z [command]/usr/bin/tar -xz -C /opt/hostedtoolcache/Ruby/3.2.2 -f /home/runner/work/_temp/5893554b-ccf8-4555-bc58-37cb0372a765
2024-03-12T21:56:51.4802137Z Took   0.38 seconds
2024-03-12T21:56:51.4803659Z ##[endgroup]
2024-03-12T21:56:51.4804611Z ##[group]Print Ruby version
2024-03-12T21:56:51.4817927Z [command]/opt/hostedtoolcache/Ruby/3.2.2/x64/bin/ruby --version
2024-03-12T21:56:51.5109605Z ruby 3.2.2 (2023-03-30 revision e51014f9c0) [x86_64-linux]
2024-03-12T21:56:51.5136871Z Took   0.03 seconds
2024-03-12T21:56:51.5138116Z ##[endgroup]
2024-03-12T21:56:51.5139202Z ##[group]Installing Bundler
2024-03-12T21:56:51.5146675Z Using Bundler 2.5.6 from Gemfile.lock BUNDLED WITH 2.5.6
2024-03-12T21:56:51.5152490Z [command]/opt/hostedtoolcache/Ruby/3.2.2/x64/bin/gem install bundler -v 2.5.6
2024-03-12T21:56:52.0291071Z Successfully installed bundler-2.5.6
2024-03-12T21:56:52.0291887Z 1 gem installed
2024-03-12T21:56:52.0342804Z Took   0.52 seconds
2024-03-12T21:56:52.0344136Z ##[endgroup]
2024-03-12T21:56:52.0344644Z > bundle install
2024-03-12T21:56:52.0362868Z [command]/opt/hostedtoolcache/Ruby/3.2.2/x64/bin/bundle config --local path /home/runner/work/human-essentials/human-essentials/vendor/bundle
2024-03-12T21:56:52.1826179Z [command]/opt/hostedtoolcache/Ruby/3.2.2/x64/bin/bundle config --local deployment true
2024-03-12T21:56:52.3289300Z Cache key: setup-ruby-bundler-cache-v6-ubuntu-22.04-x64-ruby-3.2.2-wd-/home/runner/work/human-essentials/human-essentials-with--without--only--Gemfile.lock-90af41cb540db2526d21e3c5cbbe531ed46bcf1ba5fdc3d9e3337dd916b92c56
2024-03-12T21:56:53.1749042Z Cache Size: ~205 MB (214817878 B)
2024-03-12T21:56:53.1787193Z [command]/usr/bin/tar -xf /home/runner/work/_temp/fdaad0d4-3a15-4f4c-bd7d-626d52827463/cache.tzst -P -C /home/runner/work/human-essentials/human-essentials --use-compress-program unzstd
2024-03-12T21:56:53.4254026Z Received 214817878 of 214817878 (100.0%), 204.7 MBs/sec
2024-03-12T21:56:54.7998924Z Cache restored successfully
2024-03-12T21:56:54.8419189Z Found cache for key: setup-ruby-bundler-cache-v6-ubuntu-22.04-x64-ruby-3.2.2-wd-/home/runner/work/human-essentials/human-essentials-with--without--only--Gemfile.lock-90af41cb540db2526d21e3c5cbbe531ed46bcf1ba5fdc3d9e3337dd916b92c56
2024-03-12T21:56:54.8427898Z [command]/opt/hostedtoolcache/Ruby/3.2.2/x64/bin/bundle install --jobs 4
2024-03-12T21:56:55.2252873Z Bundle complete! 85 Gemfile dependencies, 246 gems now installed.
2024-03-12T21:56:55.2255585Z Bundled gems are installed into `./vendor/bundle`
2024-03-12T21:56:55.2299307Z Took   3.20 seconds
2024-03-12T21:56:55.2488814Z ##[group]Run sudo apt-get -yqq install libpq-dev
2024-03-12T21:56:55.2489510Z [36;1msudo apt-get -yqq install libpq-dev[0m
2024-03-12T21:56:55.2555676Z shell: /usr/bin/bash -e {0}
2024-03-12T21:56:55.2556071Z ##[endgroup]
2024-03-12T21:56:56.4510231Z ##[group]Run bundle exec rake db:create
2024-03-12T21:56:56.4510746Z [36;1mbundle exec rake db:create[0m
2024-03-12T21:56:56.4511523Z [36;1mbundle exec rake db:schema:load[0m
2024-03-12T21:56:56.4512003Z [36;1mbundle exec rails assets:precompile[0m
2024-03-12T21:56:56.4562358Z shell: /usr/bin/bash -e {0}
2024-03-12T21:56:56.4562787Z env:
2024-03-12T21:56:56.4563203Z   POSTGRES_HOST: localhost
2024-03-12T21:56:56.4563611Z   DATABASE_HOST: localhost
2024-03-12T21:56:56.4563983Z   PG_USERNAME: postgres
2024-03-12T21:56:56.4564379Z   PG_PASSWORD: password
2024-03-12T21:56:56.4564771Z   POSTGRES_HOST_AUTH_METHOD: trust
2024-03-12T21:56:56.4565173Z   POSTGRES_PORT: 5432
2024-03-12T21:56:56.4565580Z   RAILS_ENV: test
2024-03-12T21:56:56.4565894Z ##[endgroup]
2024-03-12T21:57:03.0409767Z We could not find your database: diaper_test. Which can be found in the database configuration file located at config/database.yml.
2024-03-12T21:57:03.0411249Z 
2024-03-12T21:57:03.0411676Z To resolve this issue:
2024-03-12T21:57:03.0412043Z 
2024-03-12T21:57:03.0413049Z - Did you create the database for this app, or delete it? You may need to create your database.
2024-03-12T21:57:03.0415151Z - Has the database name changed? Check your database.yml config has the correct database name.
2024-03-12T21:57:03.0416001Z 
2024-03-12T21:57:03.0416294Z To create your database, run:
2024-03-12T21:57:03.0416672Z 
2024-03-12T21:57:03.0416924Z         bin/rails db:create
2024-03-12T21:57:03.0417901Z . You likely need to run `rails g flipper:active_record` and/or `rails db:migrate`.
2024-03-12T21:57:03.2093133Z Created database 'diaper_test'
2024-03-12T21:57:03.5097281Z Coverage report generated for RSpec to /home/runner/work/human-essentials/human-essentials/coverage. 442 / 10017 LOC (4.41%) covered.
2024-03-12T21:57:09.8301457Z PG::UndefinedTable: ERROR:  relation "flipper_gates" does not exist
2024-03-12T21:57:09.8302619Z LINE 9:  WHERE a.attrelid = '"flipper_gates"'::regclass
2024-03-12T21:57:09.8303144Z                             ^
2024-03-12T21:57:09.8303817Z . You likely need to run `rails g flipper:active_record` and/or `rails db:migrate`.
2024-03-12T21:57:10.6731517Z Coverage report generated for RSpec to /home/runner/work/human-essentials/human-essentials/coverage. 442 / 10017 LOC (4.41%) covered.
2024-03-12T21:57:44.3081232Z W, [2024-03-12T14:57:44.307730 #2328]  WARN -- : Removed sourceMappingURL comment for missing asset 'adminlte.js.map' from /home/runner/work/human-essentials/human-essentials/app/javascript/adminlte.js
2024-03-12T21:57:44.3698696Z I, [2024-03-12T14:57:44.369566 #2328]  INFO -- : Writing /home/runner/work/human-essentials/human-essentials/public/assets/manifest-90aab26ade71e747f745b1227b433fd7d580a54f279ee2be6e1a67bb326bf03a.js
2024-03-12T21:57:44.3702389Z I, [2024-03-12T14:57:44.369812 #2328]  INFO -- : Writing /home/runner/work/human-essentials/human-essentials/public/assets/manifest-90aab26ade71e747f745b1227b433fd7d580a54f279ee2be6e1a67bb326bf03a.js.gz
2024-03-12T21:57:44.3705935Z I, [2024-03-12T14:57:44.370027 #2328]  INFO -- : Writing /home/runner/work/human-essentials/human-essentials/public/assets/filterrific/filterrific-spinner-415824b210964b6cdb1db0bd9508be8644b9fde094b392f73055b20d369885b6.gif
2024-03-12T21:57:44.3709882Z I, [2024-03-12T14:57:44.370319 #2328]  INFO -- : Writing /home/runner/work/human-essentials/human-essentials/public/assets/bootstrap.min-67c48d88a8e0be178058aacb338b084191ed6d65c8fef751c50248202cf1488a.js
2024-03-12T21:57:44.3713569Z I, [2024-03-12T14:57:44.370618 #2328]  INFO -- : Writing /home/runner/work/human-essentials/human-essentials/public/assets/bootstrap.min-67c48d88a8e0be178058aacb338b084191ed6d65c8fef751c50248202cf1488a.js.gz
2024-03-12T21:57:44.3716032Z I, [2024-03-12T14:57:44.370897 #2328]  INFO -- : Writing /home/runner/work/human-essentials/human-essentials/public/assets/DiaperBase-Logo-f18172876cab49a451ca9c3178b578ab2019e03f111a6b6f3ba0c1b40b3d7c0c.png
2024-03-12T21:57:44.3719751Z I, [2024-03-12T14:57:44.371633 #2328]  INFO -- : Writing /home/runner/work/human-essentials/human-essentials/public/assets/Just-Diaper-05bf6a1b70ccad149eb4eca7b5f9fcca1f9c37bab1f8e5edb6798d66c903ba53.svg
2024-03-12T21:57:44.3727744Z I, [2024-03-12T14:57:44.372257 #2328]  INFO -- : Writing /home/runner/work/human-essentials/human-essentials/public/assets/Just-Diaper-05bf6a1b70ccad149eb4eca7b5f9fcca1f9c37bab1f8e5edb6798d66c903ba53.svg.gz
2024-03-12T21:57:44.3731446Z I, [2024-03-12T14:57:44.372470 #2328]  INFO -- : Writing /home/runner/work/human-essentials/human-essentials/public/assets/barcode-932aed25f5c148b36882be3bfb6696ecdd362ba0a709ff0674a10477f2aad8f3.svg
2024-03-12T21:57:44.3735116Z I, [2024-03-12T14:57:44.372947 #2328]  INFO -- : Writing /home/runner/work/human-essentials/human-essentials/public/assets/barcode-932aed25f5c148b36882be3bfb6696ecdd362ba0a709ff0674a10477f2aad8f3.svg.gz
2024-03-12T21:57:44.3738715Z I, [2024-03-12T14:57:44.373063 #2328]  INFO -- : Writing /home/runner/work/human-essentials/human-essentials/public/assets/bars-db7a0aaf1cd735270b170cba53dca71c75473940ab48639c609a72964eb92f4d.svg
2024-03-12T21:57:44.3742080Z I, [2024-03-12T14:57:44.373171 #2328]  INFO -- : Writing /home/runner/work/human-essentials/human-essentials/public/assets/bars-db7a0aaf1cd735270b170cba53dca71c75473940ab48639c609a72964eb92f4d.svg.gz
2024-03-12T21:57:44.3745595Z I, [2024-03-12T14:57:44.373277 #2328]  INFO -- : Writing /home/runner/work/human-essentials/human-essentials/public/assets/blue@2x-709ca6c252f762af1e5efb0ef1e7444a712cb0ec010fee01749b67a595a7c0c6.png
2024-03-12T21:57:44.3749021Z I, [2024-03-12T14:57:44.373463 #2328]  INFO -- : Writing /home/runner/work/human-essentials/human-essentials/public/assets/boxed-bg-6c60c3f8655fa4062631bbe1434face4fe3d70392159e976ec09ca6ad9330e7d.jpg
2024-03-12T21:57:44.3752544Z I, [2024-03-12T14:57:44.373624 #2328]  INFO -- : Writing /home/runner/work/human-essentials/human-essentials/public/assets/boxed-bg-eb7b1fa0c09f5ef599fc5138e33168827f2ec4e1f796cf8a78570d8a73a58190.png
2024-03-12T21:57:44.3754684Z I, [2024-03-12T14:57:44.373777 #2328]  INFO -- : Writing /home/runner/work/human-essentials/human-essentials/public/assets/dashboard-image-3db42e909886dffccb680715feccab83cc867b4581b0009558e746364e2ec332.svg
2024-03-12T21:57:44.3756726Z I, [2024-03-12T14:57:44.373884 #2328]  INFO -- : Writing /home/runner/work/human-essentials/human-essentials/public/assets/dashboard-image-3db42e909886dffccb680715feccab83cc867b4581b0009558e746364e2ec332.svg.gz
2024-03-12T21:57:44.3758786Z I, [2024-03-12T14:57:44.373986 #2328]  INFO -- : Writing /home/runner/work/human-essentials/human-essentials/public/assets/forecasting-32dffccc42e6c09203d36acbc2243b4bc746dc2f1198c1ff43def4bb48e335b2.svg
2024-03-12T21:57:44.3760860Z I, [2024-03-12T14:57:44.374093 #2328]  INFO -- : Writing /home/runner/work/human-essentials/human-essentials/public/assets/forecasting-32dffccc42e6c09203d36acbc2243b4bc746dc2f1198c1ff43def4bb48e335b2.svg.gz
2024-03-12T21:57:44.3762846Z I, [2024-03-12T14:57:44.374199 #2328]  INFO -- : Writing /home/runner/work/human-essentials/human-essentials/public/assets/hero-image-0ba273def6de748beb2a64206e115d8e4a109ad51ef255512f4c6522e5b9225b.svg
2024-03-12T21:57:44.3764779Z I, [2024-03-12T14:57:44.374416 #2328]  INFO -- : Writing /home/runner/work/human-essentials/human-essentials/public/assets/hero-image-0ba273def6de748beb2a64206e115d8e4a109ad51ef255512f4c6522e5b9225b.svg.gz
2024-03-12T21:57:44.3766874Z I, [2024-03-12T14:57:44.374519 #2328]  INFO -- : Writing /home/runner/work/human-essentials/human-essentials/public/assets/inventory-image-3d91fc8087e13632114d9d129a680b992e02aae297b2bf180089cd55792249b2.svg
2024-03-12T21:57:44.3768881Z I, [2024-03-12T14:57:44.374624 #2328]  INFO -- : Writing /home/runner/work/human-essentials/human-essentials/public/assets/inventory-image-3d91fc8087e13632114d9d129a680b992e02aae297b2bf180089cd55792249b2.svg.gz
2024-03-12T21:57:44.3771260Z I, [2024-03-12T14:57:44.374723 #2328]  INFO -- : Writing /home/runner/work/human-essentials/human-essentials/public/assets/partner-management-c2cd4a940d1cf59f66928bc5097b4d4528b6de95abcc66421edf341c59311d40.svg
2024-03-12T21:57:44.3773380Z I, [2024-03-12T14:57:44.374833 #2328]  INFO -- : Writing /home/runner/work/human-essentials/human-essentials/public/assets/partner-management-c2cd4a940d1cf59f66928bc5097b4d4528b6de95abcc66421edf341c59311d40.svg.gz
2024-03-12T21:57:44.3779531Z I, [2024-03-12T14:57:44.377639 #2328]  INFO -- : Writing /home/runner/work/human-essentials/human-essentials/public/assets/quote-e4395f28913ad7b7785c522f0b6f2363a960720cf3bc26705438f6efb55edb7d.svg
2024-03-12T21:57:44.3781650Z I, [2024-03-12T14:57:44.377770 #2328]  INFO -- : Writing /home/runner/work/human-essentials/human-essentials/public/assets/quote-e4395f28913ad7b7785c522f0b6f2363a960720cf3bc26705438f6efb55edb7d.svg.gz
2024-03-12T21:57:44.3792148Z I, [2024-03-12T14:57:44.378898 #2328]  INFO -- : Writing /home/runner/work/human-essentials/human-essentials/public/assets/report-image-a9fc71739eca5457d288f1c234a0d84237ba8eef8bd20a9935bd45d84d03ae6b.svg
2024-03-12T21:57:44.3798146Z I, [2024-03-12T14:57:44.379073 #2328]  INFO -- : Writing /home/runner/work/human-essentials/human-essentials/public/assets/report-image-a9fc71739eca5457d288f1c234a0d84237ba8eef8bd20a9935bd45d84d03ae6b.svg.gz
2024-03-12T21:57:44.3908644Z I, [2024-03-12T14:57:44.379181 #2328]  INFO -- : Writing /home/runner/work/human-essentials/human-essentials/public/assets/test-only-background-c4843e992a593298a8c43815c8950b766061a96fd7d3e92838354914c41d7243.jpg
2024-03-12T21:57:44.3913019Z I, [2024-03-12T14:57:44.379333 #2328]  INFO -- : Writing /home/runner/work/human-essentials/human-essentials/public/assets/AdminLTE-9d75f9bf2ec81bc0a0de450227ed6268dad2cd66401439503c18d3241dfb241d.css
2024-03-12T21:57:44.3916861Z I, [2024-03-12T14:57:44.379405 #2328]  INFO -- : Writing /home/runner/work/human-essentials/human-essentials/public/assets/AdminLTE-9d75f9bf2ec81bc0a0de450227ed6268dad2cd66401439503c18d3241dfb241d.css.gz
2024-03-12T21:57:44.3920493Z I, [2024-03-12T14:57:44.385492 #2328]  INFO -- : Writing /home/runner/work/human-essentials/human-essentials/public/assets/_colors-04024382391bb910584145d8113cf35ef376b55d125bb4516cebeb14ce788597.css
2024-03-12T21:57:44.3924049Z I, [2024-03-12T14:57:44.385568 #2328]  INFO -- : Writing /home/runner/work/human-essentials/human-essentials/public/assets/_colors-04024382391bb910584145d8113cf35ef376b55d125bb4516cebeb14ce788597.css.gz
2024-03-12T21:57:44.3927812Z I, [2024-03-12T14:57:44.385658 #2328]  INFO -- : Writing /home/runner/work/human-essentials/human-essentials/public/assets/application-c21613708cb0f40361dc08d066cb68c559e4b3982f802956f4439959cad9af23.css
2024-03-12T21:57:44.3931542Z I, [2024-03-12T14:57:44.385723 #2328]  INFO -- : Writing /home/runner/work/human-essentials/human-essentials/public/assets/application-c21613708cb0f40361dc08d066cb68c559e4b3982f802956f4439959cad9af23.css.gz
2024-03-12T21:57:44.3935621Z I, [2024-03-12T14:57:44.385897 #2328]  INFO -- : Writing /home/runner/work/human-essentials/human-essentials/public/assets/audits-83372b845d8a4887e7e4d2315cf3c85ea60ef94ca0ec4774dfbcd3cf569c616c.css
2024-03-12T21:57:44.3939083Z I, [2024-03-12T14:57:44.385966 #2328]  INFO -- : Writing /home/runner/work/human-essentials/human-essentials/public/assets/audits-83372b845d8a4887e7e4d2315cf3c85ea60ef94ca0ec4774dfbcd3cf569c616c.css.gz
2024-03-12T21:57:44.3942731Z I, [2024-03-12T14:57:44.386064 #2328]  INFO -- : Writing /home/runner/work/human-essentials/human-essentials/public/assets/barcode_reader-3799c29218802c1dbba4c700f3863ec24505a9e3e7b54d36282fff667d7c94ca.css
2024-03-12T21:57:44.3946589Z I, [2024-03-12T14:57:44.386128 #2328]  INFO -- : Writing /home/runner/work/human-essentials/human-essentials/public/assets/barcode_reader-3799c29218802c1dbba4c700f3863ec24505a9e3e7b54d36282fff667d7c94ca.css.gz
2024-03-12T21:57:44.3950821Z I, [2024-03-12T14:57:44.386233 #2328]  INFO -- : Writing /home/runner/work/human-essentials/human-essentials/public/assets/custom-4ac26623bf6f4d95aa1164e1ad4d6cbb2bb8dda4af8e4a2f1b4368bc92491085.css
2024-03-12T21:57:44.3954721Z I, [2024-03-12T14:57:44.386309 #2328]  INFO -- : Writing /home/runner/work/human-essentials/human-essentials/public/assets/custom-4ac26623bf6f4d95aa1164e1ad4d6cbb2bb8dda4af8e4a2f1b4368bc92491085.css.gz
2024-03-12T21:57:44.3958262Z I, [2024-03-12T14:57:44.386513 #2328]  INFO -- : Writing /home/runner/work/human-essentials/human-essentials/public/assets/expandable_table-cca1600cf25c44c6bea2733167509ffe9133f344e9defe984ad96bd427b29a19.css
2024-03-12T21:57:44.3961837Z I, [2024-03-12T14:57:44.386583 #2328]  INFO -- : Writing /home/runner/work/human-essentials/human-essentials/public/assets/expandable_table-cca1600cf25c44c6bea2733167509ffe9133f344e9defe984ad96bd427b29a19.css.gz
2024-03-12T21:57:44.3965241Z I, [2024-03-12T14:57:44.386669 #2328]  INFO -- : Writing /home/runner/work/human-essentials/human-essentials/public/assets/landing_page-4fe5dfcfea8b5bbd7722658652ff4ee86132a41b8aff92e9ef8b1216cb7259fa.css
2024-03-12T21:57:44.3969029Z I, [2024-03-12T14:57:44.386733 #2328]  INFO -- : Writing /home/runner/work/human-essentials/human-essentials/public/assets/landing_page-4fe5dfcfea8b5bbd7722658652ff4ee86132a41b8aff92e9ef8b1216cb7259fa.css.gz
2024-03-12T21:57:44.3972538Z I, [2024-03-12T14:57:44.386818 #2328]  INFO -- : Writing /home/runner/work/human-essentials/human-essentials/public/assets/modal-dialog-9d7ae8bb43b60ac4c7d9910700392b20618ae2db4d5db33453b157171d5e0f7d.css
2024-03-12T21:57:44.3976267Z I, [2024-03-12T14:57:44.386881 #2328]  INFO -- : Writing /home/runner/work/human-essentials/human-essentials/public/assets/modal-dialog-9d7ae8bb43b60ac4c7d9910700392b20618ae2db4d5db33453b157171d5e0f7d.css.gz
2024-03-12T21:57:44.3979601Z I, [2024-03-12T14:57:44.386965 #2328]  INFO -- : Writing /home/runner/work/human-essentials/human-essentials/public/assets/progress_stepper-7f8ef0dc05a9a00a300e56f6f3e4ccfdde4af8e392407ccc6601d60019067ccb.css
2024-03-12T21:57:44.3982899Z I, [2024-03-12T14:57:44.387029 #2328]  INFO -- : Writing /home/runner/work/human-essentials/human-essentials/public/assets/progress_stepper-7f8ef0dc05a9a00a300e56f6f3e4ccfdde4af8e392407ccc6601d60019067ccb.css.gz
2024-03-12T21:57:44.3986267Z I, [2024-03-12T14:57:44.387113 #2328]  INFO -- : Writing /home/runner/work/human-essentials/human-essentials/public/assets/transfers-c9ab43ff53dab5dc13681712afc9b6fb31d7865d5ac8c657220deff9f138fa8c.css
2024-03-12T21:57:44.3989462Z I, [2024-03-12T14:57:44.387176 #2328]  INFO -- : Writing /home/runner/work/human-essentials/human-essentials/public/assets/transfers-c9ab43ff53dab5dc13681712afc9b6fb31d7865d5ac8c657220deff9f138fa8c.css.gz
2024-03-12T21:57:44.3992611Z I, [2024-03-12T14:57:44.387257 #2328]  INFO -- : Writing /home/runner/work/human-essentials/human-essentials/public/assets/adminlte-886a0b559685ec92cd8dd4dbf957899292f9c0bd344c90c304d28973363a8eaf.js
2024-03-12T21:57:44.3995828Z I, [2024-03-12T14:57:44.387319 #2328]  INFO -- : Writing /home/runner/work/human-essentials/human-essentials/public/assets/adminlte-886a0b559685ec92cd8dd4dbf957899292f9c0bd344c90c304d28973363a8eaf.js.gz
2024-03-12T21:57:44.3999056Z I, [2024-03-12T14:57:44.387402 #2328]  INFO -- : Writing /home/runner/work/human-essentials/human-essentials/public/assets/application-f9d5a0970e6dc2d1d44ca8dfd6129e9fed2dccf1b460a6bba6eab9dd7aa61c92.js
2024-03-12T21:57:44.4002350Z I, [2024-03-12T14:57:44.387464 #2328]  INFO -- : Writing /home/runner/work/human-essentials/human-essentials/public/assets/application-f9d5a0970e6dc2d1d44ca8dfd6129e9fed2dccf1b460a6bba6eab9dd7aa61c92.js.gz
2024-03-12T21:57:44.4005661Z I, [2024-03-12T14:57:44.387549 #2328]  INFO -- : Writing /home/runner/work/human-essentials/human-essentials/public/assets/cocoon-js-vanilla-cc8e46e9b16a6217f3c14c60ca346454c9c01d8d41e5c073ae14f85fac052e96.js
2024-03-12T21:57:44.4009283Z I, [2024-03-12T14:57:44.387613 #2328]  INFO -- : Writing /home/runner/work/human-essentials/human-essentials/public/assets/cocoon-js-vanilla-cc8e46e9b16a6217f3c14c60ca346454c9c01d8d41e5c073ae14f85fac052e96.js.gz
2024-03-12T21:57:44.4013602Z I, [2024-03-12T14:57:44.387701 #2328]  INFO -- : Writing /home/runner/work/human-essentials/human-essentials/public/assets/controllers/application-368d98631bccbf2349e0d4f8269afb3fe9625118341966de054759d96ea86c7e.js
2024-03-12T21:57:44.4017883Z I, [2024-03-12T14:57:44.387759 #2328]  INFO -- : Writing /home/runner/work/human-essentials/human-essentials/public/assets/controllers/application-368d98631bccbf2349e0d4f8269afb3fe9625118341966de054759d96ea86c7e.js.gz
2024-03-12T21:57:44.4022047Z I, [2024-03-12T14:57:44.387837 #2328]  INFO -- : Writing /home/runner/work/human-essentials/human-essentials/public/assets/controllers/area_served_controller-c8c048ef9ee2d145ba8408cda63546aff8ce9170e9cafb34075ebb01b43c6c34.js
2024-03-12T21:57:44.4026292Z I, [2024-03-12T14:57:44.387893 #2328]  INFO -- : Writing /home/runner/work/human-essentials/human-essentials/public/assets/controllers/area_served_controller-c8c048ef9ee2d145ba8408cda63546aff8ce9170e9cafb34075ebb01b43c6c34.js.gz
2024-03-12T21:57:44.4030518Z I, [2024-03-12T14:57:44.387970 #2328]  INFO -- : Writing /home/runner/work/human-essentials/human-essentials/public/assets/controllers/checkbox_with_nested_element_controller-1645dd2a3a857d546354c90b0c415a9d1dd4de6974048fd41bfc1d6f45ccb3eb.js
2024-03-12T21:57:44.4035034Z I, [2024-03-12T14:57:44.388026 #2328]  INFO -- : Writing /home/runner/work/human-essentials/human-essentials/public/assets/controllers/checkbox_with_nested_element_controller-1645dd2a3a857d546354c90b0c415a9d1dd4de6974048fd41bfc1d6f45ccb3eb.js.gz
2024-03-12T21:57:44.4039401Z I, [2024-03-12T14:57:44.388104 #2328]  INFO -- : Writing /home/runner/work/human-essentials/human-essentials/public/assets/controllers/distribution_delivery_controller-89fc613f734c2b1538c1e9948abeb353ea73d22678fc08597d48fa36a70c5c51.js
2024-03-12T21:57:44.4043836Z I, [2024-03-12T14:57:44.388160 #2328]  INFO -- : Writing /home/runner/work/human-essentials/human-essentials/public/assets/controllers/distribution_delivery_controller-89fc613f734c2b1538c1e9948abeb353ea73d22678fc08597d48fa36a70c5c51.js.gz
2024-03-12T21:57:44.4048269Z I, [2024-03-12T14:57:44.388235 #2328]  INFO -- : Writing /home/runner/work/human-essentials/human-essentials/public/assets/controllers/double_select_controller-bb2e4a65f2c66cacc8ec4dd491c2233b0aac53187ebe1fbaaffedfbaf7db9099.js
2024-03-12T21:57:44.4052536Z I, [2024-03-12T14:57:44.388290 #2328]  INFO -- : Writing /home/runner/work/human-essentials/human-essentials/public/assets/controllers/double_select_controller-bb2e4a65f2c66cacc8ec4dd491c2233b0aac53187ebe1fbaaffedfbaf7db9099.js.gz
2024-03-12T21:57:44.4056878Z I, [2024-03-12T14:57:44.388364 #2328]  INFO -- : Writing /home/runner/work/human-essentials/human-essentials/public/assets/controllers/highchart_controller-7640167d6e3481659a5ead23f046e3c6852c08e30ce8aa6f09aa5cce0f7ea02d.js
2024-03-12T21:57:44.4060950Z I, [2024-03-12T14:57:44.388420 #2328]  INFO -- : Writing /home/runner/work/human-essentials/human-essentials/public/assets/controllers/highchart_controller-7640167d6e3481659a5ead23f046e3c6852c08e30ce8aa6f09aa5cce0f7ea02d.js.gz
2024-03-12T21:57:44.4064527Z I, [2024-03-12T14:57:44.388496 #2328]  INFO -- : Writing /home/runner/work/human-essentials/human-essentials/public/assets/controllers/index-2db729dddcc5b979110e98de4b6720f83f91a123172e87281d5a58410fc43806.js
2024-03-12T21:57:44.4068284Z I, [2024-03-12T14:57:44.388550 #2328]  INFO -- : Writing /home/runner/work/human-essentials/human-essentials/public/assets/controllers/index-2db729dddcc5b979110e98de4b6720f83f91a123172e87281d5a58410fc43806.js.gz
2024-03-12T21:57:44.4072321Z I, [2024-03-12T14:57:44.388624 #2328]  INFO -- : Writing /home/runner/work/human-essentials/human-essentials/public/assets/controllers/request_item_controller-4ab1cb48f0cc30bba40f5311b6588189ddf5daf19bdf36b462cdeab0a663399b.js
2024-03-12T21:57:44.4076546Z I, [2024-03-12T14:57:44.388678 #2328]  INFO -- : Writing /home/runner/work/human-essentials/human-essentials/public/assets/controllers/request_item_controller-4ab1cb48f0cc30bba40f5311b6588189ddf5daf19bdf36b462cdeab0a663399b.js.gz
2024-03-12T21:57:44.4140842Z I, [2024-03-12T14:57:44.388752 #2328]  INFO -- : Writing /home/runner/work/human-essentials/human-essentials/public/assets/controllers/select2_controller-13c15fa4f8996b06b43552325b12e3a14e158db06264b83cfff2e521a16fceeb.js
2024-03-12T21:57:44.4144515Z I, [2024-03-12T14:57:44.388927 #2328]  INFO -- : Writing /home/runner/work/human-essentials/human-essentials/public/assets/controllers/select2_controller-13c15fa4f8996b06b43552325b12e3a14e158db06264b83cfff2e521a16fceeb.js.gz
2024-03-12T21:57:44.4148774Z I, [2024-03-12T14:57:44.389007 #2328]  INFO -- : Writing /home/runner/work/human-essentials/human-essentials/public/assets/controllers/served_area_controller-37738489813fc06349f3fb1bc7abc5d5493318ce553f1bebbfa1f8fe06ebfb4a.js
2024-03-12T21:57:44.4152630Z I, [2024-03-12T14:57:44.389063 #2328]  INFO -- : Writing /home/runner/work/human-essentials/human-essentials/public/assets/controllers/served_area_controller-37738489813fc06349f3fb1bc7abc5d5493318ce553f1bebbfa1f8fe06ebfb4a.js.gz
2024-03-12T21:57:44.4156363Z I, [2024-03-12T14:57:44.389137 #2328]  INFO -- : Writing /home/runner/work/human-essentials/human-essentials/public/assets/controllers/turbo_controller-7ee3a9437b4fb003ac4ea4ca0f3425fd197ce4538a1eeb606e5e5447aa948b54.js
2024-03-12T21:57:44.4159863Z I, [2024-03-12T14:57:44.389192 #2328]  INFO -- : Writing /home/runner/work/human-essentials/human-essentials/public/assets/controllers/turbo_controller-7ee3a9437b4fb003ac4ea4ca0f3425fd197ce4538a1eeb606e5e5447aa948b54.js.gz
2024-03-12T21:57:44.4163165Z I, [2024-03-12T14:57:44.389271 #2328]  INFO -- : Writing /home/runner/work/human-essentials/human-essentials/public/assets/startup-bf111fcbf368bc988dfcb050d057ec73e21f190d7921e15689dd5ebf674e6d00.js
2024-03-12T21:57:44.4166552Z I, [2024-03-12T14:57:44.389332 #2328]  INFO -- : Writing /home/runner/work/human-essentials/human-essentials/public/assets/startup-bf111fcbf368bc988dfcb050d057ec73e21f190d7921e15689dd5ebf674e6d00.js.gz
2024-03-12T21:57:44.4169869Z I, [2024-03-12T14:57:44.389443 #2328]  INFO -- : Writing /home/runner/work/human-essentials/human-essentials/public/assets/utils/barcode_items-ee1050c4d1ade4569ef6cfc83d5f4792f67daabaca0ae24f75455737fea0a72b.js
2024-03-12T21:57:44.4173279Z I, [2024-03-12T14:57:44.389505 #2328]  INFO -- : Writing /home/runner/work/human-essentials/human-essentials/public/assets/utils/barcode_items-ee1050c4d1ade4569ef6cfc83d5f4792f67daabaca0ae24f75455737fea0a72b.js.gz
2024-03-12T21:57:44.4176981Z I, [2024-03-12T14:57:44.389582 #2328]  INFO -- : Writing /home/runner/work/human-essentials/human-essentials/public/assets/utils/barcode_scan-757b66b6921154f49e7cc4c5dc2f146f91f1648beffaa8ef106d94585a273ba9.js
2024-03-12T21:57:44.4180289Z I, [2024-03-12T14:57:44.389636 #2328]  INFO -- : Writing /home/runner/work/human-essentials/human-essentials/public/assets/utils/barcode_scan-757b66b6921154f49e7cc4c5dc2f146f91f1648beffaa8ef106d94585a273ba9.js.gz
2024-03-12T21:57:44.4183681Z I, [2024-03-12T14:57:44.389712 #2328]  INFO -- : Writing /home/runner/work/human-essentials/human-essentials/public/assets/utils/deadline_day_pickers-b0b264db9e3c8107c161cc4571e71cf901bcc511175271d218a553c4e1889065.js
2024-03-12T21:57:44.4187354Z I, [2024-03-12T14:57:44.389769 #2328]  INFO -- : Writing /home/runner/work/human-essentials/human-essentials/public/assets/utils/deadline_day_pickers-b0b264db9e3c8107c161cc4571e71cf901bcc511175271d218a553c4e1889065.js.gz
2024-03-12T21:57:44.4190838Z I, [2024-03-12T14:57:44.389845 #2328]  INFO -- : Writing /home/runner/work/human-essentials/human-essentials/public/assets/utils/distributions_and_transfers-1f9709e9a8df250acfe3e7a79f1501b2696b1f36d5adcf083a61a1b005cce3d2.js
2024-03-12T21:57:44.4194562Z I, [2024-03-12T14:57:44.389899 #2328]  INFO -- : Writing /home/runner/work/human-essentials/human-essentials/public/assets/utils/distributions_and_transfers-1f9709e9a8df250acfe3e7a79f1501b2696b1f36d5adcf083a61a1b005cce3d2.js.gz
2024-03-12T21:57:44.4198114Z I, [2024-03-12T14:57:44.389976 #2328]  INFO -- : Writing /home/runner/work/human-essentials/human-essentials/public/assets/utils/donations-1c3e9a15fc370afd2c3836ccf8dde6013c35412a8d83cf6c1e31bec95ef72b26.js
2024-03-12T21:57:44.4201646Z I, [2024-03-12T14:57:44.390040 #2328]  INFO -- : Writing /home/runner/work/human-essentials/human-essentials/public/assets/utils/donations-1c3e9a15fc370afd2c3836ccf8dde6013c35412a8d83cf6c1e31bec95ef72b26.js.gz
2024-03-12T21:57:44.4205312Z I, [2024-03-12T14:57:44.390114 #2328]  INFO -- : Writing /home/runner/work/human-essentials/human-essentials/public/assets/utils/purchases-5c814ba098feaa8a7b4abff24267c1da909f3e52e12c97660f8a0b8c1ff4aea1.js
2024-03-12T21:57:44.4208956Z I, [2024-03-12T14:57:44.390167 #2328]  INFO -- : Writing /home/runner/work/human-essentials/human-essentials/public/assets/utils/purchases-5c814ba098feaa8a7b4abff24267c1da909f3e52e12c97660f8a0b8c1ff4aea1.js.gz
2024-03-12T21:57:44.4212227Z I, [2024-03-12T14:57:44.390246 #2328]  INFO -- : Writing /home/runner/work/human-essentials/human-essentials/public/assets/filterrific-f3a290db250e05344fd62c216b903689f73eff5e270ef021e425551006092e08.js
2024-03-12T21:57:44.4215721Z I, [2024-03-12T14:57:44.390306 #2328]  INFO -- : Writing /home/runner/work/human-essentials/human-essentials/public/assets/filterrific-f3a290db250e05344fd62c216b903689f73eff5e270ef021e425551006092e08.js.gz
2024-03-12T21:57:44.4219201Z I, [2024-03-12T14:57:44.390388 #2328]  INFO -- : Writing /home/runner/work/human-essentials/human-essentials/public/assets/stimulusloading-1fc59770fb1654500044afd3f5f6d7d00800e5be36746d55b94a2963a7a228aa.js
2024-03-12T21:57:44.4222731Z I, [2024-03-12T14:57:44.390449 #2328]  INFO -- : Writing /home/runner/work/human-essentials/human-essentials/public/assets/stimulusloading-1fc59770fb1654500044afd3f5f6d7d00800e5be36746d55b94a2963a7a228aa.js.gz
2024-03-12T21:57:44.4225887Z I, [2024-03-12T14:57:44.390534 #2328]  INFO -- : Writing /home/runner/work/human-essentials/human-essentials/public/assets/turbo-4851a9a0b1d947e810dfd0448a72aef261d455183ebea681f4f28a73640a9ece.js
2024-03-12T21:57:44.4228949Z I, [2024-03-12T14:57:44.390595 #2328]  INFO -- : Writing /home/runner/work/human-essentials/human-essentials/public/assets/turbo-4851a9a0b1d947e810dfd0448a72aef261d455183ebea681f4f28a73640a9ece.js.gz
2024-03-12T21:57:44.4232284Z I, [2024-03-12T14:57:44.390690 #2328]  INFO -- : Writing /home/runner/work/human-essentials/human-essentials/public/assets/turbo.min-f309baafa3ae5ad6ccee3e7362118b87678d792db8e8ab466c4fa284dd3a4700.js
2024-03-12T21:57:44.4235471Z I, [2024-03-12T14:57:44.390775 #2328]  INFO -- : Writing /home/runner/work/human-essentials/human-essentials/public/assets/turbo.min-f309baafa3ae5ad6ccee3e7362118b87678d792db8e8ab466c4fa284dd3a4700.js.gz
2024-03-12T21:57:44.4238739Z I, [2024-03-12T14:57:44.390875 #2328]  INFO -- : Writing /home/runner/work/human-essentials/human-essentials/public/assets/turbo.min.js-8bc8f4a58d1c106d58dec8bef6c638ff12ff4d078f19d8ebd8c4277f4c9bc85a.map
2024-03-12T21:57:44.4242147Z I, [2024-03-12T14:57:44.390946 #2328]  INFO -- : Writing /home/runner/work/human-essentials/human-essentials/public/assets/turbo.min.js-8bc8f4a58d1c106d58dec8bef6c638ff12ff4d078f19d8ebd8c4277f4c9bc85a.map.gz
2024-03-12T21:57:44.4245424Z I, [2024-03-12T14:57:44.391055 #2328]  INFO -- : Writing /home/runner/work/human-essentials/human-essentials/public/assets/stimulus-loading-3576ce92b149ad5d6959438c6f291e2426c86df3b874c525b30faad51b0d96b3.js
2024-03-12T21:57:44.4248774Z I, [2024-03-12T14:57:44.391154 #2328]  INFO -- : Writing /home/runner/work/human-essentials/human-essentials/public/assets/stimulus-loading-3576ce92b149ad5d6959438c6f291e2426c86df3b874c525b30faad51b0d96b3.js.gz
2024-03-12T21:57:44.4252105Z I, [2024-03-12T14:57:44.391365 #2328]  INFO -- : Writing /home/runner/work/human-essentials/human-essentials/public/assets/popper-003a40d80fd205e1fa00da117d5bdc19720ba330706eaa17f9ba9513fa502304.js
2024-03-12T21:57:44.4255637Z I, [2024-03-12T14:57:44.391464 #2328]  INFO -- : Writing /home/runner/work/human-essentials/human-essentials/public/assets/popper-003a40d80fd205e1fa00da117d5bdc19720ba330706eaa17f9ba9513fa502304.js.gz
2024-03-12T21:57:44.4259054Z I, [2024-03-12T14:57:44.391591 #2328]  INFO -- : Writing /home/runner/work/human-essentials/human-essentials/public/assets/actiontext-28c61f5197c204db043317a8f8826a87ab31495b741f854d307ca36122deefce.js
2024-03-12T21:57:44.4262238Z I, [2024-03-12T14:57:44.391693 #2328]  INFO -- : Writing /home/runner/work/human-essentials/human-essentials/public/assets/actiontext-28c61f5197c204db043317a8f8826a87ab31495b741f854d307ca36122deefce.js.gz
2024-03-12T21:57:44.4265475Z I, [2024-03-12T14:57:44.391819 #2328]  INFO -- : Writing /home/runner/work/human-essentials/human-essentials/public/assets/trix-1563ff9c10f74e143b3ded40a8458497eaf2f87a648a5cbbfebdb7dec3447a5e.js
2024-03-12T21:57:44.4268621Z I, [2024-03-12T14:57:44.391920 #2328]  INFO -- : Writing /home/runner/work/human-essentials/human-essentials/public/assets/trix-1563ff9c10f74e143b3ded40a8458497eaf2f87a648a5cbbfebdb7dec3447a5e.js.gz
2024-03-12T21:57:44.4271667Z I, [2024-03-12T14:57:44.392043 #2328]  INFO -- : Writing /home/runner/work/human-essentials/human-essentials/public/assets/trix-b0398dade8e5ac249fe98f2e850f45adbcdfecd8a11c46b3eb67bdedb87b1b04.css
2024-03-12T21:57:44.4274893Z I, [2024-03-12T14:57:44.392142 #2328]  INFO -- : Writing /home/runner/work/human-essentials/human-essentials/public/assets/trix-b0398dade8e5ac249fe98f2e850f45adbcdfecd8a11c46b3eb67bdedb87b1b04.css.gz
2024-03-12T21:57:44.4278041Z I, [2024-03-12T14:57:44.392268 #2328]  INFO -- : Writing /home/runner/work/human-essentials/human-essentials/public/assets/stimulus-f75215805563870a61ee9dc5a207ce46d4675c7e667558a54344fd1e7baa697f.js
2024-03-12T21:57:44.4281152Z I, [2024-03-12T14:57:44.392367 #2328]  INFO -- : Writing /home/runner/work/human-essentials/human-essentials/public/assets/stimulus-f75215805563870a61ee9dc5a207ce46d4675c7e667558a54344fd1e7baa697f.js.gz
2024-03-12T21:57:44.4284442Z I, [2024-03-12T14:57:44.392493 #2328]  INFO -- : Writing /home/runner/work/human-essentials/human-essentials/public/assets/stimulus-autoloader-c584942b568ba74879da31c7c3d51366737bacaf6fbae659383c0a5653685693.js
2024-03-12T21:57:44.4288050Z I, [2024-03-12T14:57:44.392593 #2328]  INFO -- : Writing /home/runner/work/human-essentials/human-essentials/public/assets/stimulus-autoloader-c584942b568ba74879da31c7c3d51366737bacaf6fbae659383c0a5653685693.js.gz
2024-03-12T21:57:44.4291599Z I, [2024-03-12T14:57:44.392725 #2328]  INFO -- : Writing /home/runner/work/human-essentials/human-essentials/public/assets/stimulus-importmap-autoloader-db2076c783bf2dbee1226e2add52fef290b5d31b5bcd1edd999ac8a6dd31c44a.js
2024-03-12T21:57:44.4295748Z I, [2024-03-12T14:57:44.392835 #2328]  INFO -- : Writing /home/runner/work/human-essentials/human-essentials/public/assets/stimulus-importmap-autoloader-db2076c783bf2dbee1226e2add52fef290b5d31b5bcd1edd999ac8a6dd31c44a.js.gz
2024-03-12T21:57:44.4299283Z I, [2024-03-12T14:57:44.392952 #2328]  INFO -- : Writing /home/runner/work/human-essentials/human-essentials/public/assets/stimulus-loading-3576ce92b149ad5d6959438c6f291e2426c86df3b874c525b30faad51b0d96b3.js
2024-03-12T21:57:44.4302775Z I, [2024-03-12T14:57:44.393049 #2328]  INFO -- : Writing /home/runner/work/human-essentials/human-essentials/public/assets/stimulus-loading-3576ce92b149ad5d6959438c6f291e2426c86df3b874c525b30faad51b0d96b3.js.gz
2024-03-12T21:57:44.4306067Z I, [2024-03-12T14:57:44.393174 #2328]  INFO -- : Writing /home/runner/work/human-essentials/human-essentials/public/assets/stimulus.min-dd364f16ec9504dfb72672295637a1c8838773b01c0b441bd41008124c407894.js
2024-03-12T21:57:44.4309402Z I, [2024-03-12T14:57:44.393271 #2328]  INFO -- : Writing /home/runner/work/human-essentials/human-essentials/public/assets/stimulus.min-dd364f16ec9504dfb72672295637a1c8838773b01c0b441bd41008124c407894.js.gz
2024-03-12T21:57:44.4312615Z I, [2024-03-12T14:57:44.393409 #2328]  INFO -- : Writing /home/runner/work/human-essentials/human-essentials/public/assets/stimulus-autoloader-c584942b568ba74879da31c7c3d51366737bacaf6fbae659383c0a5653685693.js
2024-03-12T21:57:44.4316196Z I, [2024-03-12T14:57:44.393504 #2328]  INFO -- : Writing /home/runner/work/human-essentials/human-essentials/public/assets/stimulus-autoloader-c584942b568ba74879da31c7c3d51366737bacaf6fbae659383c0a5653685693.js.gz
2024-03-12T21:57:44.4320121Z I, [2024-03-12T14:57:44.394100 #2328]  INFO -- : Writing /home/runner/work/human-essentials/human-essentials/public/assets/stimulus-importmap-autoloader-db2076c783bf2dbee1226e2add52fef290b5d31b5bcd1edd999ac8a6dd31c44a.js
2024-03-12T21:57:44.4324009Z I, [2024-03-12T14:57:44.394209 #2328]  INFO -- : Writing /home/runner/work/human-essentials/human-essentials/public/assets/stimulus-importmap-autoloader-db2076c783bf2dbee1226e2add52fef290b5d31b5bcd1edd999ac8a6dd31c44a.js.gz
2024-03-12T21:57:44.4327538Z I, [2024-03-12T14:57:44.394333 #2328]  INFO -- : Writing /home/runner/work/human-essentials/human-essentials/public/assets/stimulus-loading-3576ce92b149ad5d6959438c6f291e2426c86df3b874c525b30faad51b0d96b3.js
2024-03-12T21:57:44.4330791Z I, [2024-03-12T14:57:44.394425 #2328]  INFO -- : Writing /home/runner/work/human-essentials/human-essentials/public/assets/stimulus-loading-3576ce92b149ad5d6959438c6f291e2426c86df3b874c525b30faad51b0d96b3.js.gz
2024-03-12T21:57:44.4334345Z I, [2024-03-12T14:57:44.394558 #2328]  INFO -- : Writing /home/runner/work/human-essentials/human-essentials/public/assets/stimulus.min.js-2cc63625fa177963b45da974806e7aee846cbf1d4930815733d0fdf3fb232325.map
2024-03-12T21:57:44.4337598Z I, [2024-03-12T14:57:44.394664 #2328]  INFO -- : Writing /home/runner/work/human-essentials/human-essentials/public/assets/stimulus.min.js-2cc63625fa177963b45da974806e7aee846cbf1d4930815733d0fdf3fb232325.map.gz
2024-03-12T21:57:44.4341256Z I, [2024-03-12T14:57:44.394793 #2328]  INFO -- : Writing /home/runner/work/human-essentials/human-essentials/public/assets/activestorage-3ab61e47dd4ee2d79db525ade1dca2ede0ea2b7371fe587e408ee37b7ade265d.js
2024-03-12T21:57:44.4344625Z I, [2024-03-12T14:57:44.394891 #2328]  INFO -- : Writing /home/runner/work/human-essentials/human-essentials/public/assets/activestorage-3ab61e47dd4ee2d79db525ade1dca2ede0ea2b7371fe587e408ee37b7ade265d.js.gz
2024-03-12T21:57:44.4347922Z I, [2024-03-12T14:57:44.405514 #2328]  INFO -- : Writing /home/runner/work/human-essentials/human-essentials/public/assets/activestorage.esm-01f58a45d77495cdfbdfcc872902a430426c4391634ec9c3da5f69fbf8418492.js
2024-03-12T21:57:44.4351290Z I, [2024-03-12T14:57:44.406909 #2328]  INFO -- : Writing /home/runner/work/human-essentials/human-essentials/public/assets/activestorage.esm-01f58a45d77495cdfbdfcc872902a430426c4391634ec9c3da5f69fbf8418492.js.gz
2024-03-12T21:57:44.4354592Z I, [2024-03-12T14:57:44.407039 #2328]  INFO -- : Writing /home/runner/work/human-essentials/human-essentials/public/assets/actioncable-5433453f9b6619a9de91aaab2d7fc7ff183e5260c0107cbc9a1aa0c838d9a74e.js
2024-03-12T21:57:44.4357685Z I, [2024-03-12T14:57:44.407133 #2328]  INFO -- : Writing /home/runner/work/human-essentials/human-essentials/public/assets/actioncable-5433453f9b6619a9de91aaab2d7fc7ff183e5260c0107cbc9a1aa0c838d9a74e.js.gz
2024-03-12T21:57:44.4360966Z I, [2024-03-12T14:57:44.407250 #2328]  INFO -- : Writing /home/runner/work/human-essentials/human-essentials/public/assets/actioncable.esm-e01089c3ec4fe7817fa9abcad06cab6bdc387f95f0ca6aab4bf7ba7537f70690.js
2024-03-12T21:57:44.4364351Z I, [2024-03-12T14:57:44.407342 #2328]  INFO -- : Writing /home/runner/work/human-essentials/human-essentials/public/assets/actioncable.esm-e01089c3ec4fe7817fa9abcad06cab6bdc387f95f0ca6aab4bf7ba7537f70690.js.gz
2024-03-12T21:57:44.9100628Z Coverage report generated for RSpec to /home/runner/work/human-essentials/human-essentials/coverage. 442 / 10017 LOC (4.41%) covered.
2024-03-12T21:57:44.9845113Z ##[group]Run RUBYOPT='-W:no-deprecated -W:no-experimental' bin/knapsack_pro_rspec
2024-03-12T21:57:44.9845984Z [36;1mRUBYOPT='-W:no-deprecated -W:no-experimental' bin/knapsack_pro_rspec[0m
2024-03-12T21:57:44.9896895Z shell: /usr/bin/bash -e {0}
2024-03-12T21:57:44.9897292Z env:
2024-03-12T21:57:44.9897738Z   POSTGRES_HOST: localhost
2024-03-12T21:57:44.9898145Z   DATABASE_HOST: localhost
2024-03-12T21:57:44.9898593Z   PG_USERNAME: postgres
2024-03-12T21:57:44.9898945Z   PG_PASSWORD: password
2024-03-12T21:57:44.9899325Z   POSTGRES_HOST_AUTH_METHOD: trust
2024-03-12T21:57:44.9899797Z   POSTGRES_PORT: 5432
2024-03-12T21:57:44.9900177Z   PGHOST: localhost
2024-03-12T21:57:44.9900520Z   PGUSER: postgres
2024-03-12T21:57:44.9900890Z   RAILS_ENV: test
2024-03-12T21:57:44.9901490Z   KNAPSACK_PRO_TEST_SUITE_TOKEN_RSPEC: 
2024-03-12T21:57:44.9901931Z   KNAPSACK_PRO_CI_NODE_TOTAL: 6
2024-03-12T21:57:44.9902418Z   KNAPSACK_PRO_CI_NODE_INDEX: 4
2024-03-12T21:57:44.9902931Z   KNAPSACK_PRO_RSPEC_SPLIT_BY_TEST_EXAMPLES: true
2024-03-12T21:57:44.9903481Z   KNAPSACK_PRO_LOG_LEVEL: info
2024-03-12T21:57:44.9904102Z   KNAPSACK_PRO_TEST_FILE_PATTERN: {spec/system/**{,/*/**}/*_spec.rb,spec/requests/**{,/*/**}/*_spec.rb}
2024-03-12T21:57:44.9904735Z   EVENTS_READ: true
2024-03-12T21:57:44.9905153Z ##[endgroup]
2024-03-12T21:57:50.6063000Z W, [2024-03-12T21:57:50.605848 #2412]  WARN -- : [knapsack_pro] GET https://api-disabled-for-fork.knapsackpro.com/v1/build_distributions/last
2024-03-12T21:57:50.6065154Z W, [2024-03-12T21:57:50.605906 #2412]  WARN -- : [knapsack_pro] Request failed due to:
2024-03-12T21:57:50.6067652Z W, [2024-03-12T21:57:50.605925 #2412]  WARN -- : [knapsack_pro] #<SocketError: Failed to open TCP connection to api-disabled-for-fork.knapsackpro.com:443 (getaddrinfo: Name or service not known)>
2024-03-12T21:57:50.6073221Z W, [2024-03-12T21:57:50.605954 #2412]  WARN -- : [knapsack_pro] Slow test files fallback behaviour started. We could not connect with Knapsack Pro API to fetch last CI build test files that are needed to determine slow test files. No test files will be split by test cases. It means all test files will be split by the whole test files as if split by test cases would be disabled https://knapsackpro.com/perma/ruby/split-by-test-examples
2024-03-12T21:57:53.0858968Z W, [2024-03-12T21:57:53.085537 #2412]  WARN -- : [knapsack_pro] POST https://api-disabled-for-fork.knapsackpro.com/v1/build_distributions/subset
2024-03-12T21:57:53.0861240Z W, [2024-03-12T21:57:53.085581 #2412]  WARN -- : [knapsack_pro] Request failed due to:
2024-03-12T21:57:53.0863794Z W, [2024-03-12T21:57:53.085597 #2412]  WARN -- : [knapsack_pro] #<SocketError: Failed to open TCP connection to api-disabled-for-fork.knapsackpro.com:443 (getaddrinfo: Name or service not known)>
2024-03-12T21:57:53.0867796Z W, [2024-03-12T21:57:53.085643 #2412]  WARN -- : [knapsack_pro] Fallback mode started. We could not connect with Knapsack Pro API. Your tests will be executed based on directory names. Read more about fallback mode at https://knapsackpro.com/perma/ruby/fallback-mode
2024-03-12T21:57:53.0920580Z /opt/hostedtoolcache/Ruby/3.2.2/x64/bin/ruby -I/home/runner/work/human-essentials/human-essentials/vendor/bundle/ruby/3.2.0/gems/rspec-core-3.12.2/lib:/home/runner/work/human-essentials/human-essentials/vendor/bundle/ruby/3.2.0/gems/rspec-support-3.12.1/lib /home/runner/work/human-essentials/human-essentials/vendor/bundle/ruby/3.2.0/gems/rspec-core-3.12.2/exe/rspec  --format documentation --format KnapsackPro::Formatters::TimeTracker --default-path spec "spec/requests/admin/base_items_requests_spec.rb" "spec/requests/admin_requests_spec.rb" "spec/requests/distributions_by_county_spec.rb" "spec/requests/items_requests_spec.rb" "spec/requests/partners/family_requests_controller_spec.rb" "spec/requests/partners/user_requests_spec.rb" "spec/requests/reports/annual_reports_requests_spec.rb" "spec/requests/users/omniauth_callbacks_requests_spec.rb" "spec/system/admin/account_requests_system_spec.rb" "spec/system/annual_reports_system_spec.rb" "spec/system/distributions_by_county_system_spec.rb" "spec/system/log_in_system_spec.rb" "spec/system/partners/approval_process_spec.rb" "spec/system/partners/profile_served_area_system_spec.rb" "spec/system/request_system_spec.rb"
2024-03-12T21:58:01.3314438Z 
2024-03-12T21:58:01.3315231Z Randomized with seed 36524
2024-03-12T21:58:02.2712111Z 
2024-03-12T21:58:02.2712820Z DistributionsByCounties
2024-03-12T21:58:02.2713845Z   While not signed in
2024-03-12T21:58:02.3052609Z     redirects for authentication
2024-03-12T21:58:02.3053367Z     While signed in as bank
2024-03-12T21:58:02.4662471Z       shows 'Unspecified 100%' if no served_areas
2024-03-12T21:58:02.4663577Z       basic behaviour with served areas
2024-03-12T21:58:02.6778471Z         handles multiple partners with overlapping service areas properly
2024-03-12T21:58:02.6779837Z 
2024-03-12T21:58:02.6780057Z Annual Reports
2024-03-12T21:58:02.6780770Z   while signed in as an organization admin
2024-03-12T21:58:03.9279584Z     exists
2024-03-12T21:58:04.4611577Z     has the report from last year, if there is a purchase from last year
2024-03-12T21:58:05.6572224Z     has all the sub-reports we expect
2024-03-12T21:58:05.6572844Z 
2024-03-12T21:58:05.6573041Z Admin
2024-03-12T21:58:05.6574849Z   while signed in as a non-super-admin
2024-03-12T21:58:05.6923982Z     disallows dashboard access, redirecting to the normal dashboard
2024-03-12T21:58:05.6924988Z   while signed in as a super admin
2024-03-12T21:58:05.7368154Z     allows a user to load the dashboard
2024-03-12T21:58:05.7368921Z     with rendered views
2024-03-12T21:58:06.0704626Z       shows a logout button
2024-03-12T21:58:06.3519359Z       shows the recently added users email
2024-03-12T21:58:06.3519990Z 
2024-03-12T21:58:06.3520527Z Items
2024-03-12T21:58:06.3521499Z   while signed in
2024-03-12T21:58:06.3522224Z     PUT #update
2024-03-12T21:58:06.4338804Z       should not be able to deactivate an item in a kit
2024-03-12T21:58:06.4615422Z       should be able to deactivate an item
2024-03-12T21:58:06.5063620Z       should not be able to deactivate an item in a storage location
2024-03-12T21:58:06.5065775Z     GET #index
2024-03-12T21:58:06.5066367Z       csv
2024-03-12T21:58:06.5419087Z         is expected to be successful
2024-03-12T21:58:06.5419934Z       html
2024-03-12T21:58:06.6379404Z         is expected to be successful
2024-03-12T21:58:06.6379991Z 
2024-03-12T21:58:06.6380571Z Approval process for partners
2024-03-12T21:58:06.6382127Z   filling in organization details and requesting for approval
2024-03-12T21:58:06.6383358Z     GIVEN a partner user is new and wants to request approval
2024-03-12T21:58:23.6320058Z       should not allow them to make requests on the dashboard or the requests page
2024-03-12T21:58:23.6320931Z       AND they fill out the form and submit it
2024-03-12T21:58:23.6321552Z         THEN the organization approves them
2024-03-12T21:58:26.6533948Z           should show that they have been approved and able to make requests
2024-03-12T21:58:26.6535216Z   request approval with invalid details
2024-03-12T21:58:28.0187677Z     should render an error message
2024-03-12T21:58:28.0188389Z 
2024-03-12T21:58:28.0189212Z Users - Omniauth Callbacks
2024-03-12T21:58:28.0189942Z   GET #google_oauth2
2024-03-12T21:58:28.0190659Z     without a valid user
2024-03-12T21:58:28.0289906Z       should redirect to new registration URL
2024-03-12T21:58:28.0290671Z     with a valid user
2024-03-12T21:58:28.0511529Z       redirects correctly
2024-03-12T21:58:28.0512351Z 
2024-03-12T21:58:28.0515262Z Distributions by County
2024-03-12T21:58:28.0556507Z   handles time ranges properly
2024-03-12T21:58:29.9892204Z     works for this year
2024-03-12T21:58:31.8287222Z     works for all time
2024-03-12T21:58:31.8287834Z 
2024-03-12T21:58:31.8288306Z Admin::BaseItems
2024-03-12T21:58:31.8290557Z   When logged in as an organization admin
2024-03-12T21:58:31.8291550Z     GET #index
2024-03-12T21:58:31.8456702Z       returns http success
2024-03-12T21:58:31.8457454Z     GET #new
2024-03-12T21:58:31.8600857Z       returns http success
2024-03-12T21:58:31.8601993Z     PUT #update
2024-03-12T21:58:31.8757064Z       redirect
2024-03-12T21:58:31.8757667Z     DELETE #destroy
2024-03-12T21:58:31.8898055Z       redirects
2024-03-12T21:58:31.8898777Z     GET #show
2024-03-12T21:58:31.9031023Z       returns http success
2024-03-12T21:58:31.9031677Z     POST #create
2024-03-12T21:58:31.9183109Z       redirects
2024-03-12T21:58:31.9183697Z     GET #edit
2024-03-12T21:58:31.9317762Z       returns http success
2024-03-12T21:58:31.9318862Z 
2024-03-12T21:58:31.9319240Z Partners profile served area behaviour
2024-03-12T21:58:31.9320468Z   changing the client share
2024-03-12T21:58:32.8438698Z     handles addition properly
2024-03-12T21:58:34.1315897Z     handles a changed but correct total client share properly
2024-03-12T21:58:35.6007560Z     handles deletion properly
2024-03-12T21:58:36.8896516Z     handles an invalid total client share properly
2024-03-12T21:58:36.8897275Z 
2024-03-12T21:58:36.8897652Z Partners::FamilyRequestsController
2024-03-12T21:58:36.8899077Z   POST #create
2024-03-12T21:58:36.9722517Z     does not allow deactivated partners
2024-03-12T21:58:37.0261624Z     does not allow partners not verified
2024-03-12T21:58:37.1171860Z     submits the request
2024-03-12T21:58:37.1172560Z   GET #new
2024-03-12T21:58:37.1702663Z     does not allow partners not verified
2024-03-12T21:58:37.2230830Z     does not allow deactivated partners
2024-03-12T21:58:37.2231612Z 
2024-03-12T21:58:37.2231972Z Authentication
2024-03-12T21:58:37.2233513Z   Showing the modal warning in staging
2024-03-12T21:58:37.2235060Z     when accessing /users/sign_in in the staging environment
2024-03-12T21:58:37.6478483Z       should render the modal
2024-03-12T21:58:37.6479645Z     when accessing /users/password/new in the staging environment
2024-03-12T21:58:38.0823215Z       should render the modal
2024-03-12T21:58:38.0824304Z     when accessing /users/password/new not in the staging environment
2024-03-12T21:58:38.5112891Z       should not render the modal
2024-03-12T21:58:38.5114039Z     when accessing /users/sign_in not in the staging environment
2024-03-12T21:58:38.9412219Z       should not render the modal
2024-03-12T21:58:38.9413244Z   Success
2024-03-12T21:58:41.6797098Z     should show dashboard upon signin (FAILED - 1)
2024-03-12T21:58:41.6799269Z   [0;33mHTML screenshot: /home/runner/work/human-essentials/human-essentials/tmp/screenshots/screenshot_should-show-dashboard-upon-signin_2024-03-12-14-58-41.525.html[0m
2024-03-12T21:58:41.6802060Z   [0;33mImage screenshot: /home/runner/work/human-essentials/human-essentials/tmp/screenshots/screenshot_should-show-dashboard-upon-signin_2024-03-12-14-58-41.525.png[0m
2024-03-12T21:58:41.6803075Z   Deactivated user
2024-03-12T21:58:42.3673631Z     should not allow the user to log in
2024-03-12T21:58:42.3674469Z 
2024-03-12T21:58:42.3674882Z /partners/users
2024-03-12T21:58:42.3676383Z   GET #edit
2024-03-12T21:58:42.4169757Z     successfully loads the page
2024-03-12T21:58:42.4170664Z   PATCH #update
2024-03-12T21:58:42.4564635Z     lets the name be updated
2024-03-12T21:58:42.4565223Z 
2024-03-12T21:58:42.4565447Z Annual Reports
2024-03-12T21:58:42.4569129Z   While signed in
2024-03-12T21:58:42.4570075Z     GET /index
2024-03-12T21:58:42.4859581Z       returns http success
2024-03-12T21:58:42.4860126Z     GET /show
2024-03-12T21:58:42.5177623Z       retrieves and uses the existing report if it exists
2024-03-12T21:58:42.6079375Z       retrieves and updated the existing report if it exists
2024-03-12T21:58:42.6349246Z       returns not found if the year params is not number
2024-03-12T21:58:42.7251059Z       returns http success
2024-03-12T21:58:42.7251879Z     POST /recalculate
2024-03-12T21:58:42.8007933Z       recalculates new reports
2024-03-12T21:58:42.8785027Z       recalculates an existing report
2024-03-12T21:58:42.8786210Z 
2024-03-12T21:58:42.8786604Z Requests
2024-03-12T21:58:42.8788248Z   canceling a request as a bank user
2024-03-12T21:58:42.8789421Z     when a bank user cancels a request
2024-03-12T21:58:43.9578632Z       should set the request as canceled/discarded and contain the reason
2024-03-12T21:58:43.9579579Z   #show
2024-03-12T21:58:44.4767339Z     should show the request with a request sender if a partner user is set
2024-03-12T21:58:44.9990695Z     should show the request without a request sender if a partner user is not set
2024-03-12T21:58:45.5761419Z     should show the number of items on-hand
2024-03-12T21:58:45.5762154Z     change status request
2024-03-12T21:58:46.6394465Z       should change to started
2024-03-12T21:58:46.6395152Z       when save the distribution
2024-03-12T21:58:47.8516638Z         should change request to fulfilled
2024-03-12T21:58:47.8517876Z   #index
2024-03-12T21:58:48.4344665Z     lists requests
2024-03-12T21:58:49.1212391Z     can be exported in CSV
2024-03-12T21:58:49.1213363Z     when filtering on the index page
2024-03-12T21:58:49.1214224Z       when filtering by partner
2024-03-12T21:58:50.1313245Z         constrains the list
2024-03-12T21:58:50.1313856Z       when filtering by status
2024-03-12T21:58:51.1503798Z         constrains the list
2024-03-12T21:58:51.1504564Z       when exporting as CSV
2024-03-12T21:58:52.2366723Z         respects the applied filters
2024-03-12T21:58:52.2367850Z       with filters cleared
2024-03-12T21:58:53.3471446Z         displays all requests
2024-03-12T21:58:53.3472070Z       when filtering by item
2024-03-12T21:58:54.2895241Z         constrains the list
2024-03-12T21:58:54.2896208Z     behaves like Date Range Picker
2024-03-12T21:58:54.2898126Z       when choosing a date range that only includes the previous week
2024-03-12T21:58:55.3407505Z         shows only 1 record
2024-03-12T21:58:55.3408306Z       when choosing 'Last Month'
2024-03-12T21:58:56.4154256Z         shows only 2 of the records
2024-03-12T21:58:56.4155564Z       when choosing 'All Time'
2024-03-12T21:58:57.5193064Z         shows all the records
2024-03-12T21:58:57.5194619Z 
2024-03-12T21:58:57.5195087Z Account Requests Admin
2024-03-12T21:58:57.5196221Z   while signed in as a super admin
2024-03-12T21:58:57.5197808Z     user visits the index page
2024-03-12T21:58:58.0828989Z       shows confirmed account requests within appropriate table
2024-03-12T21:58:58.6170848Z       shows unconfirmed account requests within appropriate table
2024-03-12T21:58:58.6171850Z     user visits the for_rejection page
2024-03-12T21:58:59.5540409Z       should reject the account
2024-03-12T21:58:59.5541208Z     user rejects an account request
2024-03-12T21:59:00.4796447Z       should reject the account
2024-03-12T21:59:00.5781952Z W, [2024-03-12T14:59:00.577918 #2460]  WARN -- : [knapsack_pro] POST https://api-disabled-for-fork.knapsackpro.com/v1/build_subsets
2024-03-12T21:59:00.5783139Z W, [2024-03-12T14:59:00.577977 #2460]  WARN -- : [knapsack_pro] Request failed due to:
2024-03-12T21:59:00.5784613Z W, [2024-03-12T14:59:00.577997 #2460]  WARN -- : [knapsack_pro] #<SocketError: Failed to open TCP connection to api-disabled-for-fork.knapsackpro.com:443 (getaddrinfo: Name or service not known)>
2024-03-12T21:59:00.5786392Z W, [2024-03-12T14:59:00.578027 #2460]  WARN -- : [knapsack_pro] Time execution report was not saved on Knapsack Pro API server due to connection problem.
2024-03-12T21:59:00.5858678Z 
2024-03-12T21:59:00.5858985Z Failures:
2024-03-12T21:59:00.5859347Z 
2024-03-12T21:59:00.5861879Z   1) Authentication Success should show dashboard upon signin
2024-03-12T21:59:00.5862824Z      Failure/Error: expect(page.find("h1")).to have_content "I HAVE FAILED"
2024-03-12T21:59:00.5864140Z        expected to find text "I HAVE FAILED" in "STARTER - Dashboard"
2024-03-12T21:59:00.5865922Z 
2024-03-12T21:59:00.5867474Z      [Screenshot Image]: /home/runner/work/human-essentials/human-essentials/tmp/capybara/failures_r_spec_example_groups_authentication_success_should_show_dashboard_upon_signin_608.png
2024-03-12T21:59:00.5868636Z 
2024-03-12T21:59:00.5868640Z 
2024-03-12T21:59:00.5869250Z      # ./spec/system/log_in_system_spec.rb:6:in `block (3 levels) in <top (required)>'
2024-03-12T21:59:00.5869780Z 
2024-03-12T21:59:00.5870117Z Finished in 59.25 seconds (files took 8.01 seconds to load)
2024-03-12T21:59:00.5870650Z 73 examples, 1 failure
2024-03-12T21:59:00.5870878Z 
2024-03-12T21:59:00.5871044Z Failed examples:
2024-03-12T21:59:00.5871229Z 
2024-03-12T21:59:00.5871756Z rspec ./spec/system/log_in_system_spec.rb:3 # Authentication Success should show dashboard upon signin
2024-03-12T21:59:00.5872281Z 
2024-03-12T21:59:00.5872469Z Randomized with seed 36524
2024-03-12T21:59:00.5872688Z 
2024-03-12T21:59:01.0470134Z Stopped processing SimpleCov as a previous error not related to SimpleCov has been detected
2024-03-12T21:59:01.0472170Z Coverage report generated for RSpec to /home/runner/work/human-essentials/human-essentials/coverage. 3619 / 6478 LOC (55.87%) covered.
2024-03-12T21:59:01.1609216Z /opt/hostedtoolcache/Ruby/3.2.2/x64/bin/ruby -I/home/runner/work/human-essentials/human-essentials/vendor/bundle/ruby/3.2.0/gems/rspec-core-3.12.2/lib:/home/runner/work/human-essentials/human-essentials/vendor/bundle/ruby/3.2.0/gems/rspec-support-3.12.1/lib /home/runner/work/human-essentials/human-essentials/vendor/bundle/ruby/3.2.0/gems/rspec-core-3.12.2/exe/rspec  --format documentation --format KnapsackPro::Formatters::TimeTracker --default-path spec "spec/requests/admin/base_items_requests_spec.rb" "spec/requests/admin_requests_spec.rb" "spec/requests/distributions_by_county_spec.rb" "spec/requests/items_requests_spec.rb" "spec/requests/partners/family_requests_controller_spec.rb" "spec/requests/partners/user_requests_spec.rb" "spec/requests/reports/annual_reports_requests_spec.rb" "spec/requests/users/omniauth_callbacks_requests_spec.rb" "spec/system/admin/account_requests_system_spec.rb" "spec/system/annual_reports_system_spec.rb" "spec/system/distributions_by_county_system_spec.rb" "spec/system/log_in_system_spec.rb" "spec/system/partners/approval_process_spec.rb" "spec/system/partners/profile_served_area_system_spec.rb" "spec/system/request_system_spec.rb" failed
2024-03-12T21:59:01.5476833Z Stopped processing SimpleCov as a previous error not related to SimpleCov has been detected
2024-03-12T21:59:01.5478561Z Coverage report generated for RSpec to /home/runner/work/human-essentials/human-essentials/coverage. 38 / 10780 LOC (0.35%) covered.
2024-03-12T21:59:01.5730638Z ##[error]Process completed with exit code 1.
2024-03-12T21:59:01.5848116Z ##[group]Run actions/upload-artifact@v4
2024-03-12T21:59:01.5848717Z with:
2024-03-12T21:59:01.5849050Z   name: failed-browser-tests
2024-03-12T21:59:01.5849951Z   path: /home/runner/work/human-essentials/human-essentials/tmp/capybara/*.png
/home/runner/work/human-essentials/human-essentials/tmp/capybara/*.html

2024-03-12T21:59:01.5850964Z   if-no-files-found: warn
2024-03-12T21:59:01.5851339Z   compression-level: 6
2024-03-12T21:59:01.5851734Z   overwrite: false
2024-03-12T21:59:01.5852141Z ##[endgroup]
2024-03-12T21:59:01.7937311Z ##[warning]No files were found with the provided path: /home/runner/work/human-essentials/human-essentials/tmp/capybara/*.png
/home/runner/work/human-essentials/human-essentials/tmp/capybara/*.html. No artifacts will be uploaded.
2024-03-12T21:59:01.8125011Z Post job cleanup.
2024-03-12T21:59:01.8874428Z [command]/usr/bin/git version
2024-03-12T21:59:01.8913231Z git version 2.43.2
2024-03-12T21:59:01.8953936Z Temporarily overriding HOME='/home/runner/work/_temp/244a951b-8f7f-4438-93cc-21bcf3ef98b6' before making global git config changes
2024-03-12T21:59:01.8955844Z Adding repository directory to the temporary git global config as a safe directory
2024-03-12T21:59:01.8958097Z [command]/usr/bin/git config --global --add safe.directory /home/runner/work/human-essentials/human-essentials
2024-03-12T21:59:01.8990328Z [command]/usr/bin/git config --local --name-only --get-regexp core\.sshCommand
2024-03-12T21:59:01.9020661Z [command]/usr/bin/git submodule foreach --recursive sh -c "git config --local --name-only --get-regexp 'core\.sshCommand' && git config --local --unset-all 'core.sshCommand' || :"
2024-03-12T21:59:01.9257628Z [command]/usr/bin/git config --local --name-only --get-regexp http\.https\:\/\/github\.com\/\.extraheader
2024-03-12T21:59:01.9276864Z http.https://github.com/.extraheader
2024-03-12T21:59:01.9288057Z [command]/usr/bin/git config --local --unset-all http.https://github.com/.extraheader
2024-03-12T21:59:01.9317447Z [command]/usr/bin/git submodule foreach --recursive sh -c "git config --local --name-only --get-regexp 'http\.https\:\/\/github\.com\/\.extraheader' && git config --local --unset-all 'http.https://github.com/.extraheader' || :"
2024-03-12T21:59:01.9658254Z Print service container logs: 0c58e3aae97f4542a96671e82a6a2901_postgres123_c4a3d1
2024-03-12T21:59:01.9663356Z ##[command]/usr/bin/docker logs --details 8700eb0cd54c4cd8283740dcf68e95051b1e7052fa91054884022d6ade827a60
2024-03-12T21:59:01.9788902Z  The files belonging to this database system will be owned by user "postgres".
2024-03-12T21:59:01.9790284Z  This user must also own the server process.
2024-03-12T21:59:01.9791004Z  
2024-03-12T21:59:01.9791560Z  The database cluster will be initialized with locale "en_US.utf8".
2024-03-12T21:59:01.9792217Z  The default database encoding has accordingly been set to "UTF8".
2024-03-12T21:59:01.9792893Z  The default text search configuration will be set to "english".
2024-03-12T21:59:01.9793467Z  
2024-03-12T21:59:01.9793806Z  Data page checksums are disabled.
2024-03-12T21:59:01.9794208Z  
2024-03-12T21:59:01.9794731Z  fixing permissions on existing directory /var/lib/postgresql/data ... ok
2024-03-12T21:59:01.9795412Z  creating subdirectories ... ok
2024-03-12T21:59:01.9795968Z  selecting dynamic shared memory implementation ... posix
2024-03-12T21:59:01.9796520Z  selecting default max_connections ... 100
2024-03-12T21:59:01.9796996Z  selecting default shared_buffers ... 128MB
2024-03-12T21:59:01.9797562Z  selecting default time zone ... Etc/UTC
2024-03-12T21:59:01.9799384Z  creating configuration files ... ok
2024-03-12T21:59:01.9800311Z  running bootstrap script ... ok
2024-03-12T21:59:01.9801069Z  performing post-bootstrap initialization ... ok
2024-03-12T21:59:01.9802518Z  initdb: warning: enabling "trust" authentication for local connections
2024-03-12T21:59:01.9803350Z  You can change this by editing pg_hba.conf or using the option -A, or
2024-03-12T21:59:01.9804047Z  --auth-local and --auth-host, the next time you run initdb.
2024-03-12T21:59:01.9805049Z  2024-03-12 21:56:36.066 UTC [1] LOG:  starting PostgreSQL 12.3 (Debian 12.3-1.pgdg100+1) on x86_64-pc-linux-gnu, compiled by gcc (Debian 8.3.0-6) 8.3.0, 64-bit
2024-03-12T21:59:01.9806189Z  2024-03-12 21:56:36.066 UTC [1] LOG:  listening on IPv4 address "0.0.0.0", port 5432
2024-03-12T21:59:01.9806928Z  2024-03-12 21:56:36.066 UTC [1] LOG:  listening on IPv6 address "::", port 5432
2024-03-12T21:59:01.9807780Z  2024-03-12 21:56:36.067 UTC [1] LOG:  listening on Unix socket "/var/run/postgresql/.s.PGSQL.5432"
2024-03-12T21:59:01.9808701Z  2024-03-12 21:56:36.077 UTC [56] LOG:  database system was shut down at 2024-03-12 21:56:35 UTC
2024-03-12T21:59:01.9809495Z  2024-03-12 21:56:36.081 UTC [1] LOG:  database system is ready to accept connections
2024-03-12T21:59:01.9810268Z  2024-03-12 21:56:45.276 UTC [71] FATAL:  role "root" does not exist
2024-03-12T21:59:01.9810871Z  2024-03-12 21:56:55.364 UTC [79] FATAL:  role "root" does not exist
2024-03-12T21:59:01.9811541Z  2024-03-12 21:57:03.038 UTC [80] FATAL:  database "diaper_test" does not exist
2024-03-12T21:59:01.9812292Z  2024-03-12 21:57:05.469 UTC [89] FATAL:  role "root" does not exist
2024-03-12T21:59:01.9813037Z  2024-03-12 21:57:09.828 UTC [90] ERROR:  relation "flipper_gates" does not exist at character 491
2024-03-12T21:59:01.9814277Z  2024-03-12 21:57:09.828 UTC [90] STATEMENT:  SELECT a.attname, format_type(a.atttypid, a.atttypmod),
2024-03-12T21:59:01.9815817Z  	       pg_get_expr(d.adbin, d.adrelid), a.attnotnull, a.atttypid, a.atttypmod,
2024-03-12T21:59:01.9816987Z  	       c.collname, col_description(a.attrelid, a.attnum) AS comment,
2024-03-12T21:59:01.9818017Z  	       attgenerated as attgenerated
2024-03-12T21:59:01.9818715Z  	  FROM pg_attribute a
2024-03-12T21:59:01.9819527Z  	  LEFT JOIN pg_attrdef d ON a.attrelid = d.adrelid AND a.attnum = d.adnum
2024-03-12T21:59:01.9820649Z  	  LEFT JOIN pg_type t ON a.atttypid = t.oid
2024-03-12T21:59:01.9821760Z  	  LEFT JOIN pg_collation c ON a.attcollation = c.oid AND a.attcollation <> t.typcollation
2024-03-12T21:59:01.9822910Z  	 WHERE a.attrelid = '"flipper_gates"'::regclass
2024-03-12T21:59:01.9823846Z  	   AND a.attnum > 0 AND NOT a.attisdropped
2024-03-12T21:59:01.9824882Z  	 ORDER BY a.attnum
2024-03-12T21:59:01.9825457Z  	
2024-03-12T21:59:01.9826214Z  2024-03-12 21:57:15.553 UTC [100] FATAL:  role "root" does not exist
2024-03-12T21:59:01.9827248Z  2024-03-12 21:57:25.645 UTC [109] FATAL:  role "root" does not exist
2024-03-12T21:59:01.9828469Z  2024-03-12 21:57:35.734 UTC [117] FATAL:  role "root" does not exist
2024-03-12T21:59:01.9829774Z  2024-03-12 21:57:45.808 UTC [126] FATAL:  role "root" does not exist
2024-03-12T21:59:01.9830989Z  2024-03-12 21:57:55.890 UTC [134] FATAL:  role "root" does not exist
2024-03-12T21:59:01.9831955Z  2024-03-12 21:58:05.977 UTC [145] FATAL:  role "root" does not exist
2024-03-12T21:59:01.9832977Z  2024-03-12 21:58:16.056 UTC [154] FATAL:  role "root" does not exist
2024-03-12T21:59:01.9833750Z  2024-03-12 21:58:26.144 UTC [164] FATAL:  role "root" does not exist
2024-03-12T21:59:01.9834377Z  2024-03-12 21:58:36.231 UTC [172] FATAL:  role "root" does not exist
2024-03-12T21:59:01.9834985Z  2024-03-12 21:58:46.331 UTC [181] FATAL:  role "root" does not exist
2024-03-12T21:59:01.9835667Z  2024-03-12 21:58:56.439 UTC [190] FATAL:  role "root" does not exist
2024-03-12T21:59:01.9836200Z  syncing data to disk ... ok
2024-03-12T21:59:01.9836624Z  
2024-03-12T21:59:01.9836899Z  
2024-03-12T21:59:01.9837300Z  Success. You can now start the database server using:
2024-03-12T21:59:01.9837848Z  
2024-03-12T21:59:01.9838189Z      pg_ctl -D /var/lib/postgresql/data -l logfile start
2024-03-12T21:59:01.9838668Z  
2024-03-12T21:59:01.9839628Z  waiting for server to start....2024-03-12 21:56:35.864 UTC [47] LOG:  starting PostgreSQL 12.3 (Debian 12.3-1.pgdg100+1) on x86_64-pc-linux-gnu, compiled by gcc (Debian 8.3.0-6) 8.3.0, 64-bit
2024-03-12T21:59:01.9840879Z  2024-03-12 21:56:35.864 UTC [47] LOG:  listening on Unix socket "/var/run/postgresql/.s.PGSQL.5432"
2024-03-12T21:59:01.9841723Z  2024-03-12 21:56:35.875 UTC [48] LOG:  database system was shut down at 2024-03-12 21:56:35 UTC
2024-03-12T21:59:01.9842573Z  2024-03-12 21:56:35.880 UTC [47] LOG:  database system is ready to accept connections
2024-03-12T21:59:01.9843162Z   done
2024-03-12T21:59:01.9843521Z  server started
2024-03-12T21:59:01.9843850Z  
2024-03-12T21:59:01.9844306Z  /usr/local/bin/docker-entrypoint.sh: ignoring /docker-entrypoint-initdb.d/*
2024-03-12T21:59:01.9844951Z  
2024-03-12T21:59:01.9845383Z  2024-03-12 21:56:35.956 UTC [47] LOG:  received fast shutdown request
2024-03-12T21:59:01.9846180Z  waiting for server to shut down....2024-03-12 21:56:35.957 UTC [47] LOG:  aborting any active transactions
2024-03-12T21:59:01.9847227Z  2024-03-12 21:56:35.958 UTC [47] LOG:  background worker "logical replication launcher" (PID 54) exited with exit code 1
2024-03-12T21:59:01.9848019Z  2024-03-12 21:56:35.959 UTC [49] LOG:  shutting down
2024-03-12T21:59:01.9848593Z  2024-03-12 21:56:35.967 UTC [47] LOG:  database system is shut down
2024-03-12T21:59:01.9849166Z   done
2024-03-12T21:59:01.9849430Z  server stopped
2024-03-12T21:59:01.9849742Z  
2024-03-12T21:59:01.9850192Z  PostgreSQL init process complete; ready for start up.
2024-03-12T21:59:01.9850657Z  
2024-03-12T21:59:01.9857424Z Stop and remove container: 0c58e3aae97f4542a96671e82a6a2901_postgres123_c4a3d1
2024-03-12T21:59:01.9862490Z ##[command]/usr/bin/docker rm --force 8700eb0cd54c4cd8283740dcf68e95051b1e7052fa91054884022d6ade827a60
2024-03-12T21:59:02.2343080Z 8700eb0cd54c4cd8283740dcf68e95051b1e7052fa91054884022d6ade827a60
2024-03-12T21:59:02.2372407Z Remove container network: github_network_0fdc760076f249759e5b96132def2c86
2024-03-12T21:59:02.2378067Z ##[command]/usr/bin/docker network rm github_network_0fdc760076f249759e5b96132def2c86
2024-03-12T21:59:02.4912825Z github_network_0fdc760076f249759e5b96132def2c86
2024-03-12T21:59:02.5081600Z Cleaning up orphan processes
