2024-02-21T04:14:18.5046430Z Requested labels: ubuntu-latest
2024-02-21T04:14:18.5046714Z Job defined at: rubyforgood/human-essentials/.github/workflows/rspec-system-events.yml@refs/pull/4132/merge
2024-02-21T04:14:18.5046829Z Waiting for a runner to pick up this job...
2024-02-21T04:14:20.5106195Z Job is waiting for a hosted runner to come online.
2024-02-21T04:14:24.0051468Z Job is about to start running on the hosted runner: GitHub Actions 4 (hosted)
2024-02-21T04:14:26.9151651Z Current runner version: '2.313.0'
2024-02-21T04:14:26.9176795Z ##[group]Operating System
2024-02-21T04:14:26.9177511Z Ubuntu
2024-02-21T04:14:26.9177853Z 22.04.3
2024-02-21T04:14:26.9178194Z LTS
2024-02-21T04:14:26.9178599Z ##[endgroup]
2024-02-21T04:14:26.9178987Z ##[group]Runner Image
2024-02-21T04:14:26.9179418Z Image: ubuntu-22.04
2024-02-21T04:14:26.9179854Z Version: 20240212.1.0
2024-02-21T04:14:26.9180856Z Included Software: https://github.com/actions/runner-images/blob/ubuntu22/20240212.1/images/ubuntu/Ubuntu2204-Readme.md
2024-02-21T04:14:26.9182269Z Image Release: https://github.com/actions/runner-images/releases/tag/ubuntu22%2F20240212.1
2024-02-21T04:14:26.9183154Z ##[endgroup]
2024-02-21T04:14:26.9183562Z ##[group]Runner Image Provisioner
2024-02-21T04:14:26.9184038Z 2.0.341.1
2024-02-21T04:14:26.9184401Z ##[endgroup]
2024-02-21T04:14:26.9186470Z ##[group]GITHUB_TOKEN Permissions
2024-02-21T04:14:26.9188264Z Actions: read
2024-02-21T04:14:26.9188667Z Checks: read
2024-02-21T04:14:26.9189274Z Contents: read
2024-02-21T04:14:26.9189737Z Deployments: read
2024-02-21T04:14:26.9190130Z Discussions: read
2024-02-21T04:14:26.9190565Z Issues: read
2024-02-21T04:14:26.9190917Z Metadata: read
2024-02-21T04:14:26.9191298Z Packages: read
2024-02-21T04:14:26.9191706Z Pages: read
2024-02-21T04:14:26.9192072Z PullRequests: read
2024-02-21T04:14:26.9192480Z RepositoryProjects: read
2024-02-21T04:14:26.9192987Z SecurityEvents: read
2024-02-21T04:14:26.9193388Z Statuses: read
2024-02-21T04:14:26.9193763Z ##[endgroup]
2024-02-21T04:14:26.9197158Z Secret source: Dependabot
2024-02-21T04:14:26.9197777Z Prepare workflow directory
2024-02-21T04:14:27.0073412Z Prepare all required actions
2024-02-21T04:14:27.0231176Z Getting action download info
2024-02-21T04:14:27.2108665Z Download action repository 'actions/checkout@v2' (SHA:ee0669bd1cc54295c223e0bb666b733df41de1c5)
2024-02-21T04:14:27.3390382Z Download action repository 'ruby/setup-ruby@v1' (SHA:22fdc77bf4148f810455b226c90fb81b5cbc00a7)
2024-02-21T04:14:27.5740365Z Download action repository 'actions/upload-artifact@v2' (SHA:82c141cc518b40d92cc801eee768e7aafc9c2fa2)
2024-02-21T04:14:27.7462216Z Complete job name: rspec-system-events (6, 1)
2024-02-21T04:14:27.8126066Z ##[group]Checking docker version
2024-02-21T04:14:27.8140536Z ##[command]/usr/bin/docker version --format '{{.Server.APIVersion}}'
2024-02-21T04:14:27.8664845Z '1.43'
2024-02-21T04:14:27.8681085Z Docker daemon API version: '1.43'
2024-02-21T04:14:27.8682323Z ##[command]/usr/bin/docker version --format '{{.Client.APIVersion}}'
2024-02-21T04:14:27.8849452Z '1.43'
2024-02-21T04:14:27.8871885Z Docker client API version: '1.43'
2024-02-21T04:14:27.8877131Z ##[endgroup]
2024-02-21T04:14:27.8881120Z ##[group]Clean up resources from previous jobs
2024-02-21T04:14:27.8887469Z ##[command]/usr/bin/docker ps --all --quiet --no-trunc --filter "label=c0133c"
2024-02-21T04:14:27.9046999Z ##[command]/usr/bin/docker network prune --force --filter "label=c0133c"
2024-02-21T04:14:27.9200038Z ##[endgroup]
2024-02-21T04:14:27.9200590Z ##[group]Create local container network
2024-02-21T04:14:27.9211446Z ##[command]/usr/bin/docker network create --label c0133c github_network_cbb59696a8e24f3483005ccd35fc6c76
2024-02-21T04:14:27.9890593Z 3f5452b58f2ac5f656f1894a46601b67fb75bf54d8e02f8bfcc1954fbd1f56a1
2024-02-21T04:14:27.9909380Z ##[endgroup]
2024-02-21T04:14:27.9987698Z ##[group]Starting db service container
2024-02-21T04:14:28.0005827Z ##[command]/usr/bin/docker pull postgres:12.3
2024-02-21T04:14:28.3075354Z 12.3: Pulling from library/postgres
2024-02-21T04:14:28.3761266Z bf5952930446: Pulling fs layer
2024-02-21T04:14:28.3762232Z 9577476abb00: Pulling fs layer
2024-02-21T04:14:28.3762803Z 2bd105512d5c: Pulling fs layer
2024-02-21T04:14:28.3763241Z b1cd21c26e81: Pulling fs layer
2024-02-21T04:14:28.3763765Z 34a7c86cf8fc: Pulling fs layer
2024-02-21T04:14:28.3764136Z 274e7b0c38d5: Pulling fs layer
2024-02-21T04:14:28.3764526Z 3e831b350d37: Pulling fs layer
2024-02-21T04:14:28.3765002Z 38fa0d496534: Pulling fs layer
2024-02-21T04:14:28.3765687Z 31a8349609a4: Pulling fs layer
2024-02-21T04:14:28.3766070Z 14e4c2a4b7b7: Pulling fs layer
2024-02-21T04:14:28.3766548Z 964acfa02beb: Pulling fs layer
2024-02-21T04:14:28.3766909Z 31b1f20dffc0: Pulling fs layer
2024-02-21T04:14:28.3767332Z 14771c2930e9: Pulling fs layer
2024-02-21T04:14:28.3767797Z 2f30edd0ce8a: Pulling fs layer
2024-02-21T04:14:28.3768168Z 274e7b0c38d5: Waiting
2024-02-21T04:14:28.3768532Z 3e831b350d37: Waiting
2024-02-21T04:14:28.3768934Z 38fa0d496534: Waiting
2024-02-21T04:14:28.3769227Z 31a8349609a4: Waiting
2024-02-21T04:14:28.3769568Z 31b1f20dffc0: Waiting
2024-02-21T04:14:28.3769966Z 14771c2930e9: Waiting
2024-02-21T04:14:28.3770263Z 2f30edd0ce8a: Waiting
2024-02-21T04:14:28.3770605Z 14e4c2a4b7b7: Waiting
2024-02-21T04:14:28.3771000Z 964acfa02beb: Waiting
2024-02-21T04:14:28.3771296Z b1cd21c26e81: Waiting
2024-02-21T04:14:28.3771657Z 34a7c86cf8fc: Waiting
2024-02-21T04:14:28.4633293Z 2bd105512d5c: Verifying Checksum
2024-02-21T04:14:28.4634388Z 2bd105512d5c: Download complete
2024-02-21T04:14:28.5157657Z 9577476abb00: Verifying Checksum
2024-02-21T04:14:28.5159004Z 9577476abb00: Download complete
2024-02-21T04:14:28.5712939Z b1cd21c26e81: Verifying Checksum
2024-02-21T04:14:28.5713874Z b1cd21c26e81: Download complete
2024-02-21T04:14:28.6554770Z 34a7c86cf8fc: Verifying Checksum
2024-02-21T04:14:28.6555595Z 34a7c86cf8fc: Download complete
2024-02-21T04:14:28.6635847Z 274e7b0c38d5: Download complete
2024-02-21T04:14:28.7372322Z 3e831b350d37: Verifying Checksum
2024-02-21T04:14:28.7373173Z 3e831b350d37: Download complete
2024-02-21T04:14:28.7517000Z 38fa0d496534: Verifying Checksum
2024-02-21T04:14:28.7517908Z 38fa0d496534: Download complete
2024-02-21T04:14:28.7928740Z bf5952930446: Verifying Checksum
2024-02-21T04:14:28.7931122Z bf5952930446: Download complete
2024-02-21T04:14:28.8287073Z 14e4c2a4b7b7: Verifying Checksum
2024-02-21T04:14:28.8287857Z 14e4c2a4b7b7: Download complete
2024-02-21T04:14:28.8667114Z 964acfa02beb: Verifying Checksum
2024-02-21T04:14:28.8668352Z 964acfa02beb: Download complete
2024-02-21T04:14:28.9130119Z 31b1f20dffc0: Verifying Checksum
2024-02-21T04:14:28.9131654Z 31b1f20dffc0: Download complete
2024-02-21T04:14:28.9568020Z 14771c2930e9: Verifying Checksum
2024-02-21T04:14:28.9569019Z 14771c2930e9: Download complete
2024-02-21T04:14:28.9892512Z 2f30edd0ce8a: Download complete
2024-02-21T04:14:29.9554499Z bf5952930446: Pull complete
2024-02-21T04:14:29.9637781Z 31a8349609a4: Verifying Checksum
2024-02-21T04:14:29.9638501Z 31a8349609a4: Download complete
2024-02-21T04:14:30.1887814Z 9577476abb00: Pull complete
2024-02-21T04:14:30.2542860Z 2bd105512d5c: Pull complete
2024-02-21T04:14:30.3023338Z b1cd21c26e81: Pull complete
2024-02-21T04:14:30.6337709Z 34a7c86cf8fc: Pull complete
2024-02-21T04:14:30.6724816Z 274e7b0c38d5: Pull complete
2024-02-21T04:14:30.6988523Z 3e831b350d37: Pull complete
2024-02-21T04:14:30.7087014Z 38fa0d496534: Pull complete
2024-02-21T04:14:32.9660834Z 31a8349609a4: Pull complete
2024-02-21T04:14:32.9797313Z 14e4c2a4b7b7: Pull complete
2024-02-21T04:14:32.9906847Z 964acfa02beb: Pull complete
2024-02-21T04:14:33.0016655Z 31b1f20dffc0: Pull complete
2024-02-21T04:14:33.0110062Z 14771c2930e9: Pull complete
2024-02-21T04:14:33.0218793Z 2f30edd0ce8a: Pull complete
2024-02-21T04:14:33.0261947Z Digest: sha256:a06e6e6e519b7a329c419f8221edec66cfc45511e8b80e262c12103ba745cf19
2024-02-21T04:14:33.0280406Z Status: Downloaded newer image for postgres:12.3
2024-02-21T04:14:33.0290811Z docker.io/library/postgres:12.3
2024-02-21T04:14:33.0391915Z ##[command]/usr/bin/docker create --name d81e3624d9cb4bd5adc337a8a913fefa_postgres123_03710d --label c0133c --network github_network_cbb59696a8e24f3483005ccd35fc6c76 --network-alias db -p 5432:5432 --health-cmd pg_isready --health-interval 10s --health-timeout 5s --health-retries 5 -e "POSTGRES_PASSWORD=password" -e GITHUB_ACTIONS=true -e CI=true postgres:12.3
2024-02-21T04:14:33.0638565Z e41d6b3e68eb632479f35b5e0dc4b7f933134d9212e6f471f1f220ecdfd00542
2024-02-21T04:14:33.0663962Z ##[command]/usr/bin/docker start e41d6b3e68eb632479f35b5e0dc4b7f933134d9212e6f471f1f220ecdfd00542
2024-02-21T04:14:33.3238127Z e41d6b3e68eb632479f35b5e0dc4b7f933134d9212e6f471f1f220ecdfd00542
2024-02-21T04:14:33.3256128Z ##[command]/usr/bin/docker ps --all --filter id=e41d6b3e68eb632479f35b5e0dc4b7f933134d9212e6f471f1f220ecdfd00542 --filter status=running --no-trunc --format "{{.ID}} {{.Status}}"
2024-02-21T04:14:33.3391210Z e41d6b3e68eb632479f35b5e0dc4b7f933134d9212e6f471f1f220ecdfd00542 Up Less than a second (health: starting)
2024-02-21T04:14:33.3414492Z ##[command]/usr/bin/docker port e41d6b3e68eb632479f35b5e0dc4b7f933134d9212e6f471f1f220ecdfd00542
2024-02-21T04:14:33.3542935Z 5432/tcp -> 0.0.0.0:5432
2024-02-21T04:14:33.3543990Z 5432/tcp -> [::]:5432
2024-02-21T04:14:33.3626035Z ##[endgroup]
2024-02-21T04:14:33.3653799Z ##[group]Waiting for all services to be ready
2024-02-21T04:14:33.3689978Z ##[command]/usr/bin/docker inspect --format="{{if .Config.Healthcheck}}{{print .State.Health.Status}}{{end}}" e41d6b3e68eb632479f35b5e0dc4b7f933134d9212e6f471f1f220ecdfd00542
2024-02-21T04:14:33.3816004Z starting
2024-02-21T04:14:33.3835736Z db service is starting, waiting 2 seconds before checking again.
2024-02-21T04:14:35.3798633Z ##[command]/usr/bin/docker inspect --format="{{if .Config.Healthcheck}}{{print .State.Health.Status}}{{end}}" e41d6b3e68eb632479f35b5e0dc4b7f933134d9212e6f471f1f220ecdfd00542
2024-02-21T04:14:35.3908596Z starting
2024-02-21T04:14:35.3921334Z db service is starting, waiting 3 seconds before checking again.
2024-02-21T04:14:39.0742865Z ##[command]/usr/bin/docker inspect --format="{{if .Config.Healthcheck}}{{print .State.Health.Status}}{{end}}" e41d6b3e68eb632479f35b5e0dc4b7f933134d9212e6f471f1f220ecdfd00542
2024-02-21T04:14:39.0862797Z starting
2024-02-21T04:14:39.0876642Z db service is starting, waiting 7 seconds before checking again.
2024-02-21T04:14:46.5127842Z ##[command]/usr/bin/docker inspect --format="{{if .Config.Healthcheck}}{{print .State.Health.Status}}{{end}}" e41d6b3e68eb632479f35b5e0dc4b7f933134d9212e6f471f1f220ecdfd00542
2024-02-21T04:14:46.5265254Z healthy
2024-02-21T04:14:46.5284253Z db service is healthy.
2024-02-21T04:14:46.5284746Z ##[endgroup]
2024-02-21T04:14:46.5643899Z ##[group]Run actions/checkout@v2
2024-02-21T04:14:46.5644418Z with:
2024-02-21T04:14:46.5644775Z   repository: rubyforgood/human-essentials
2024-02-21T04:14:46.5645534Z   token: ***
2024-02-21T04:14:46.5645920Z   ssh-strict: true
2024-02-21T04:14:46.5646275Z   persist-credentials: true
2024-02-21T04:14:46.5646782Z   clean: true
2024-02-21T04:14:46.5647170Z   fetch-depth: 1
2024-02-21T04:14:46.5647501Z   lfs: false
2024-02-21T04:14:46.5647931Z   submodules: false
2024-02-21T04:14:46.5648313Z   set-safe-directory: true
2024-02-21T04:14:46.5648676Z ##[endgroup]
2024-02-21T04:14:46.7616900Z Syncing repository: rubyforgood/human-essentials
2024-02-21T04:14:46.7618697Z ##[group]Getting Git version info
2024-02-21T04:14:46.7619433Z Working directory is '/home/runner/work/human-essentials/human-essentials'
2024-02-21T04:14:46.7620528Z [command]/usr/bin/git version
2024-02-21T04:14:46.7651225Z git version 2.43.0
2024-02-21T04:14:46.7674888Z ##[endgroup]
2024-02-21T04:14:46.7694090Z Temporarily overriding HOME='/home/runner/work/_temp/9f4cef6a-e010-42ab-81bc-4e7c089c79b3' before making global git config changes
2024-02-21T04:14:46.7696157Z Adding repository directory to the temporary git global config as a safe directory
2024-02-21T04:14:46.7700041Z [command]/usr/bin/git config --global --add safe.directory /home/runner/work/human-essentials/human-essentials
2024-02-21T04:14:46.7746607Z Deleting the contents of '/home/runner/work/human-essentials/human-essentials'
2024-02-21T04:14:46.7751513Z ##[group]Initializing the repository
2024-02-21T04:14:46.7755575Z [command]/usr/bin/git init /home/runner/work/human-essentials/human-essentials
2024-02-21T04:14:46.7847921Z hint: Using 'master' as the name for the initial branch. This default branch name
2024-02-21T04:14:46.7849758Z hint: is subject to change. To configure the initial branch name to use in all
2024-02-21T04:14:46.7851367Z hint: of your new repositories, which will suppress this warning, call:
2024-02-21T04:14:46.7852437Z hint: 
2024-02-21T04:14:46.7854737Z hint: 	git config --global init.defaultBranch <name>
2024-02-21T04:14:46.7855637Z hint: 
2024-02-21T04:14:46.7857524Z hint: Names commonly chosen instead of 'master' are 'main', 'trunk' and
2024-02-21T04:14:46.7858828Z hint: 'development'. The just-created branch can be renamed via this command:
2024-02-21T04:14:46.7859919Z hint: 
2024-02-21T04:14:46.7860476Z hint: 	git branch -m <name>
2024-02-21T04:14:46.7861946Z Initialized empty Git repository in /home/runner/work/human-essentials/human-essentials/.git/
2024-02-21T04:14:46.7869901Z [command]/usr/bin/git remote add origin https://github.com/rubyforgood/human-essentials
2024-02-21T04:14:46.7921409Z ##[endgroup]
2024-02-21T04:14:46.7922245Z ##[group]Disabling automatic garbage collection
2024-02-21T04:14:46.7924836Z [command]/usr/bin/git config --local gc.auto 0
2024-02-21T04:14:46.7964535Z ##[endgroup]
2024-02-21T04:14:46.7965229Z ##[group]Setting up auth
2024-02-21T04:14:46.7971208Z [command]/usr/bin/git config --local --name-only --get-regexp core\.sshCommand
2024-02-21T04:14:46.8011139Z [command]/usr/bin/git submodule foreach --recursive sh -c "git config --local --name-only --get-regexp 'core\.sshCommand' && git config --local --unset-all 'core.sshCommand' || :"
2024-02-21T04:14:46.8346214Z [command]/usr/bin/git config --local --name-only --get-regexp http\.https\:\/\/github\.com\/\.extraheader
2024-02-21T04:14:46.8384584Z [command]/usr/bin/git submodule foreach --recursive sh -c "git config --local --name-only --get-regexp 'http\.https\:\/\/github\.com\/\.extraheader' && git config --local --unset-all 'http.https://github.com/.extraheader' || :"
2024-02-21T04:14:46.8626088Z [command]/usr/bin/git config --local http.https://github.com/.extraheader AUTHORIZATION: basic ***
2024-02-21T04:14:46.8670965Z ##[endgroup]
2024-02-21T04:14:46.8671861Z ##[group]Fetching the repository
2024-02-21T04:14:46.8680640Z [command]/usr/bin/git -c protocol.version=2 fetch --no-tags --prune --progress --no-recurse-submodules --depth=1 origin +501bc68b932765b34b927044762363fdb7a93ca4:refs/remotes/pull/4132/merge
2024-02-21T04:14:47.0570392Z remote: Enumerating objects: 1738, done.        
2024-02-21T04:14:47.0571704Z remote: Counting objects:   0% (1/1738)        
2024-02-21T04:14:47.0572630Z remote: Counting objects:   1% (18/1738)        
2024-02-21T04:14:47.0573347Z remote: Counting objects:   2% (35/1738)        
2024-02-21T04:14:47.0574053Z remote: Counting objects:   3% (53/1738)        
2024-02-21T04:14:47.0574843Z remote: Counting objects:   4% (70/1738)        
2024-02-21T04:14:47.0575828Z remote: Counting objects:   5% (87/1738)        
2024-02-21T04:14:47.0576698Z remote: Counting objects:   6% (105/1738)        
2024-02-21T04:14:47.0577635Z remote: Counting objects:   7% (122/1738)        
2024-02-21T04:14:47.0578345Z remote: Counting objects:   8% (140/1738)        
2024-02-21T04:14:47.0579173Z remote: Counting objects:   9% (157/1738)        
2024-02-21T04:14:47.0579833Z remote: Counting objects:  10% (174/1738)        
2024-02-21T04:14:47.0580479Z remote: Counting objects:  11% (192/1738)        
2024-02-21T04:14:47.0580965Z remote: Counting objects:  12% (209/1738)        
2024-02-21T04:14:47.0581494Z remote: Counting objects:  13% (226/1738)        
2024-02-21T04:14:47.0582067Z remote: Counting objects:  14% (244/1738)        
2024-02-21T04:14:47.0582531Z remote: Counting objects:  15% (261/1738)        
2024-02-21T04:14:47.0583057Z remote: Counting objects:  16% (279/1738)        
2024-02-21T04:14:47.0583640Z remote: Counting objects:  17% (296/1738)        
2024-02-21T04:14:47.0584120Z remote: Counting objects:  18% (313/1738)        
2024-02-21T04:14:47.0584629Z remote: Counting objects:  19% (331/1738)        
2024-02-21T04:14:47.0585167Z remote: Counting objects:  20% (348/1738)        
2024-02-21T04:14:47.0585618Z remote: Counting objects:  21% (365/1738)        
2024-02-21T04:14:47.0586102Z remote: Counting objects:  22% (383/1738)        
2024-02-21T04:14:47.0586905Z remote: Counting objects:  23% (400/1738)        
2024-02-21T04:14:47.0597852Z remote: Counting objects:  24% (418/1738)        
2024-02-21T04:14:47.0598750Z remote: Counting objects:  25% (435/1738)        
2024-02-21T04:14:47.0600947Z remote: Counting objects:  26% (452/1738)        
2024-02-21T04:14:47.0602486Z remote: Counting objects:  27% (470/1738)        
2024-02-21T04:14:47.0603791Z remote: Counting objects:  28% (487/1738)        
2024-02-21T04:14:47.0604837Z remote: Counting objects:  29% (505/1738)        
2024-02-21T04:14:47.0605996Z remote: Counting objects:  30% (522/1738)        
2024-02-21T04:14:47.0606864Z remote: Counting objects:  31% (539/1738)        
2024-02-21T04:14:47.0608067Z remote: Counting objects:  32% (557/1738)        
2024-02-21T04:14:47.0609646Z remote: Counting objects:  33% (574/1738)        
2024-02-21T04:14:47.0610444Z remote: Counting objects:  34% (591/1738)        
2024-02-21T04:14:47.0612184Z remote: Counting objects:  35% (609/1738)        
2024-02-21T04:14:47.0613382Z remote: Counting objects:  36% (626/1738)        
2024-02-21T04:14:47.0614149Z remote: Counting objects:  37% (644/1738)        
2024-02-21T04:14:47.0614811Z remote: Counting objects:  38% (661/1738)        
2024-02-21T04:14:47.0615333Z remote: Counting objects:  39% (678/1738)        
2024-02-21T04:14:47.0615894Z remote: Counting objects:  40% (696/1738)        
2024-02-21T04:14:47.0616357Z remote: Counting objects:  41% (713/1738)        
2024-02-21T04:14:47.0616857Z remote: Counting objects:  42% (730/1738)        
2024-02-21T04:14:47.0617398Z remote: Counting objects:  43% (748/1738)        
2024-02-21T04:14:47.0617861Z remote: Counting objects:  44% (765/1738)        
2024-02-21T04:14:47.0618345Z remote: Counting objects:  45% (783/1738)        
2024-02-21T04:14:47.0618920Z remote: Counting objects:  46% (800/1738)        
2024-02-21T04:14:47.0619377Z remote: Counting objects:  47% (817/1738)        
2024-02-21T04:14:47.0619843Z remote: Counting objects:  48% (835/1738)        
2024-02-21T04:14:47.0620399Z remote: Counting objects:  49% (852/1738)        
2024-02-21T04:14:47.0621115Z remote: Counting objects:  50% (869/1738)        
2024-02-21T04:14:47.0621569Z remote: Counting objects:  51% (887/1738)        
2024-02-21T04:14:47.0622268Z remote: Counting objects:  52% (904/1738)        
2024-02-21T04:14:47.0623232Z remote: Counting objects:  53% (922/1738)        
2024-02-21T04:14:47.0623886Z remote: Counting objects:  54% (939/1738)        
2024-02-21T04:14:47.0624498Z remote: Counting objects:  55% (956/1738)        
2024-02-21T04:14:47.0624984Z remote: Counting objects:  56% (974/1738)        
2024-02-21T04:14:47.0625429Z remote: Counting objects:  57% (991/1738)        
2024-02-21T04:14:47.0626010Z remote: Counting objects:  58% (1009/1738)        
2024-02-21T04:14:47.0626522Z remote: Counting objects:  59% (1026/1738)        
2024-02-21T04:14:47.0626989Z remote: Counting objects:  60% (1043/1738)        
2024-02-21T04:14:47.0627574Z remote: Counting objects:  61% (1061/1738)        
2024-02-21T04:14:47.0628102Z remote: Counting objects:  62% (1078/1738)        
2024-02-21T04:14:47.0628573Z remote: Counting objects:  63% (1095/1738)        
2024-02-21T04:14:47.0629183Z remote: Counting objects:  64% (1113/1738)        
2024-02-21T04:14:47.0629684Z remote: Counting objects:  65% (1130/1738)        
2024-02-21T04:14:47.0630189Z remote: Counting objects:  66% (1148/1738)        
2024-02-21T04:14:47.0631033Z remote: Counting objects:  67% (1165/1738)        
2024-02-21T04:14:47.0631779Z remote: Counting objects:  68% (1182/1738)        
2024-02-21T04:14:47.0632311Z remote: Counting objects:  69% (1200/1738)        
2024-02-21T04:14:47.0632877Z remote: Counting objects:  70% (1217/1738)        
2024-02-21T04:14:47.0633378Z remote: Counting objects:  71% (1234/1738)        
2024-02-21T04:14:47.0633881Z remote: Counting objects:  72% (1252/1738)        
2024-02-21T04:14:47.0634441Z remote: Counting objects:  73% (1269/1738)        
2024-02-21T04:14:47.0635141Z remote: Counting objects:  74% (1287/1738)        
2024-02-21T04:14:47.0635661Z remote: Counting objects:  75% (1304/1738)        
2024-02-21T04:14:47.0636243Z remote: Counting objects:  76% (1321/1738)        
2024-02-21T04:14:47.0637003Z remote: Counting objects:  77% (1339/1738)        
2024-02-21T04:14:47.0637596Z remote: Counting objects:  78% (1356/1738)        
2024-02-21T04:14:47.0638184Z remote: Counting objects:  79% (1374/1738)        
2024-02-21T04:14:47.0638677Z remote: Counting objects:  80% (1391/1738)        
2024-02-21T04:14:47.0639178Z remote: Counting objects:  81% (1408/1738)        
2024-02-21T04:14:47.0639848Z remote: Counting objects:  82% (1426/1738)        
2024-02-21T04:14:47.0640694Z remote: Counting objects:  83% (1443/1738)        
2024-02-21T04:14:47.0641208Z remote: Counting objects:  84% (1460/1738)        
2024-02-21T04:14:47.0641829Z remote: Counting objects:  85% (1478/1738)        
2024-02-21T04:14:47.0642307Z remote: Counting objects:  86% (1495/1738)        
2024-02-21T04:14:47.0642823Z remote: Counting objects:  87% (1513/1738)        
2024-02-21T04:14:47.0643426Z remote: Counting objects:  88% (1530/1738)        
2024-02-21T04:14:47.0643892Z remote: Counting objects:  89% (1547/1738)        
2024-02-21T04:14:47.0644398Z remote: Counting objects:  90% (1565/1738)        
2024-02-21T04:14:47.0644969Z remote: Counting objects:  91% (1582/1738)        
2024-02-21T04:14:47.0645457Z remote: Counting objects:  92% (1599/1738)        
2024-02-21T04:14:47.0645920Z remote: Counting objects:  93% (1617/1738)        
2024-02-21T04:14:47.0646496Z remote: Counting objects:  94% (1634/1738)        
2024-02-21T04:14:47.0646980Z remote: Counting objects:  95% (1652/1738)        
2024-02-21T04:14:47.0647426Z remote: Counting objects:  96% (1669/1738)        
2024-02-21T04:14:47.0647988Z remote: Counting objects:  97% (1686/1738)        
2024-02-21T04:14:47.0648479Z remote: Counting objects:  98% (1704/1738)        
2024-02-21T04:14:47.0648962Z remote: Counting objects:  99% (1721/1738)        
2024-02-21T04:14:47.0649524Z remote: Counting objects: 100% (1738/1738)        
2024-02-21T04:14:47.0650220Z remote: Counting objects: 100% (1738/1738), done.        
2024-02-21T04:14:47.0650757Z remote: Compressing objects:   0% (1/1555)        
2024-02-21T04:14:47.0651338Z remote: Compressing objects:   1% (16/1555)        
2024-02-21T04:14:47.0651867Z remote: Compressing objects:   2% (32/1555)        
2024-02-21T04:14:47.0652340Z remote: Compressing objects:   3% (47/1555)        
2024-02-21T04:14:47.0652927Z remote: Compressing objects:   4% (63/1555)        
2024-02-21T04:14:47.0653454Z remote: Compressing objects:   5% (78/1555)        
2024-02-21T04:14:47.0653947Z remote: Compressing objects:   6% (94/1555)        
2024-02-21T04:14:47.0654489Z remote: Compressing objects:   7% (109/1555)        
2024-02-21T04:14:47.0655038Z remote: Compressing objects:   8% (125/1555)        
2024-02-21T04:14:47.0718002Z remote: Compressing objects:   9% (140/1555)        
2024-02-21T04:14:47.0722117Z remote: Compressing objects:  10% (156/1555)        
2024-02-21T04:14:47.0723068Z remote: Compressing objects:  11% (172/1555)        
2024-02-21T04:14:47.0725425Z remote: Compressing objects:  12% (187/1555)        
2024-02-21T04:14:47.0759114Z remote: Compressing objects:  13% (203/1555)        
2024-02-21T04:14:47.0763890Z remote: Compressing objects:  14% (218/1555)        
2024-02-21T04:14:47.0769692Z remote: Compressing objects:  15% (234/1555)        
2024-02-21T04:14:47.0774382Z remote: Compressing objects:  16% (249/1555)        
2024-02-21T04:14:47.0776542Z remote: Compressing objects:  17% (265/1555)        
2024-02-21T04:14:47.0782943Z remote: Compressing objects:  18% (280/1555)        
2024-02-21T04:14:47.0804997Z remote: Compressing objects:  19% (296/1555)        
2024-02-21T04:14:47.0825895Z remote: Compressing objects:  20% (311/1555)        
2024-02-21T04:14:47.0868759Z remote: Compressing objects:  21% (327/1555)        
2024-02-21T04:14:47.0880812Z remote: Compressing objects:  22% (343/1555)        
2024-02-21T04:14:47.0888058Z remote: Compressing objects:  23% (358/1555)        
2024-02-21T04:14:47.0899209Z remote: Compressing objects:  24% (374/1555)        
2024-02-21T04:14:47.0913695Z remote: Compressing objects:  25% (389/1555)        
2024-02-21T04:14:47.0914417Z remote: Compressing objects:  26% (405/1555)        
2024-02-21T04:14:47.0932937Z remote: Compressing objects:  27% (420/1555)        
2024-02-21T04:14:47.0937063Z remote: Compressing objects:  28% (436/1555)        
2024-02-21T04:14:47.0947631Z remote: Compressing objects:  29% (451/1555)        
2024-02-21T04:14:47.0957182Z remote: Compressing objects:  30% (467/1555)        
2024-02-21T04:14:47.0976738Z remote: Compressing objects:  31% (483/1555)        
2024-02-21T04:14:47.0984950Z remote: Compressing objects:  32% (498/1555)        
2024-02-21T04:14:47.0989038Z remote: Compressing objects:  33% (514/1555)        
2024-02-21T04:14:47.1001240Z remote: Compressing objects:  34% (529/1555)        
2024-02-21T04:14:47.1003188Z remote: Compressing objects:  35% (545/1555)        
2024-02-21T04:14:47.1010883Z remote: Compressing objects:  36% (560/1555)        
2024-02-21T04:14:47.1017416Z remote: Compressing objects:  37% (576/1555)        
2024-02-21T04:14:47.1023502Z remote: Compressing objects:  38% (591/1555)        
2024-02-21T04:14:47.1025006Z remote: Compressing objects:  39% (607/1555)        
2024-02-21T04:14:47.1025886Z remote: Compressing objects:  40% (622/1555)        
2024-02-21T04:14:47.1027834Z remote: Compressing objects:  41% (638/1555)        
2024-02-21T04:14:47.1032857Z remote: Compressing objects:  42% (654/1555)        
2024-02-21T04:14:47.1036398Z remote: Compressing objects:  43% (669/1555)        
2024-02-21T04:14:47.1037374Z remote: Compressing objects:  44% (685/1555)        
2024-02-21T04:14:47.1041755Z remote: Compressing objects:  45% (700/1555)        
2024-02-21T04:14:47.1052122Z remote: Compressing objects:  46% (716/1555)        
2024-02-21T04:14:47.1052715Z remote: Compressing objects:  47% (731/1555)        
2024-02-21T04:14:47.1056496Z remote: Compressing objects:  48% (747/1555)        
2024-02-21T04:14:47.1059199Z remote: Compressing objects:  49% (762/1555)        
2024-02-21T04:14:47.1064778Z remote: Compressing objects:  50% (778/1555)        
2024-02-21T04:14:47.1068744Z remote: Compressing objects:  51% (794/1555)        
2024-02-21T04:14:47.1071418Z remote: Compressing objects:  52% (809/1555)        
2024-02-21T04:14:47.1074160Z remote: Compressing objects:  53% (825/1555)        
2024-02-21T04:14:47.1079600Z remote: Compressing objects:  54% (840/1555)        
2024-02-21T04:14:47.1087091Z remote: Compressing objects:  55% (856/1555)        
2024-02-21T04:14:47.1124115Z remote: Compressing objects:  56% (871/1555)        
2024-02-21T04:14:47.1151540Z remote: Compressing objects:  57% (887/1555)        
2024-02-21T04:14:47.1166724Z remote: Compressing objects:  58% (902/1555)        
2024-02-21T04:14:47.1172765Z remote: Compressing objects:  59% (918/1555)        
2024-02-21T04:14:47.1176296Z remote: Compressing objects:  60% (933/1555)        
2024-02-21T04:14:47.1178524Z remote: Compressing objects:  61% (949/1555)        
2024-02-21T04:14:47.1180923Z remote: Compressing objects:  62% (965/1555)        
2024-02-21T04:14:47.1193598Z remote: Compressing objects:  63% (980/1555)        
2024-02-21T04:14:47.1196580Z remote: Compressing objects:  64% (996/1555)        
2024-02-21T04:14:47.1199295Z remote: Compressing objects:  65% (1011/1555)        
2024-02-21T04:14:47.1209273Z remote: Compressing objects:  66% (1027/1555)        
2024-02-21T04:14:47.1214826Z remote: Compressing objects:  67% (1042/1555)        
2024-02-21T04:14:47.1220158Z remote: Compressing objects:  68% (1058/1555)        
2024-02-21T04:14:47.1227243Z remote: Compressing objects:  69% (1073/1555)        
2024-02-21T04:14:47.1227814Z remote: Compressing objects:  70% (1089/1555)        
2024-02-21T04:14:47.1238595Z remote: Compressing objects:  71% (1105/1555)        
2024-02-21T04:14:47.1252042Z remote: Compressing objects:  72% (1120/1555)        
2024-02-21T04:14:47.1262271Z remote: Compressing objects:  73% (1136/1555)        
2024-02-21T04:14:47.1267131Z remote: Compressing objects:  74% (1151/1555)        
2024-02-21T04:14:47.1282570Z remote: Compressing objects:  75% (1167/1555)        
2024-02-21T04:14:47.1343489Z remote: Compressing objects:  76% (1182/1555)        
2024-02-21T04:14:47.1366679Z remote: Compressing objects:  77% (1198/1555)        
2024-02-21T04:14:47.1374107Z remote: Compressing objects:  78% (1213/1555)        
2024-02-21T04:14:47.1398246Z remote: Compressing objects:  79% (1229/1555)        
2024-02-21T04:14:47.1423034Z remote: Compressing objects:  80% (1244/1555)        
2024-02-21T04:14:47.1461464Z remote: Compressing objects:  81% (1260/1555)        
2024-02-21T04:14:47.1489340Z remote: Compressing objects:  82% (1276/1555)        
2024-02-21T04:14:47.1527354Z remote: Compressing objects:  83% (1291/1555)        
2024-02-21T04:14:47.1544766Z remote: Compressing objects:  84% (1307/1555)        
2024-02-21T04:14:47.1586097Z remote: Compressing objects:  85% (1322/1555)        
2024-02-21T04:14:47.1624828Z remote: Compressing objects:  86% (1338/1555)        
2024-02-21T04:14:47.1643946Z remote: Compressing objects:  87% (1353/1555)        
2024-02-21T04:14:47.1648466Z remote: Compressing objects:  88% (1369/1555)        
2024-02-21T04:14:47.1653826Z remote: Compressing objects:  89% (1384/1555)        
2024-02-21T04:14:47.1657739Z remote: Compressing objects:  90% (1400/1555)        
2024-02-21T04:14:47.1660212Z remote: Compressing objects:  91% (1416/1555)        
2024-02-21T04:14:47.1660785Z remote: Compressing objects:  92% (1431/1555)        
2024-02-21T04:14:47.1662597Z remote: Compressing objects:  93% (1447/1555)        
2024-02-21T04:14:47.1664360Z remote: Compressing objects:  94% (1462/1555)        
2024-02-21T04:14:47.1669313Z remote: Compressing objects:  95% (1478/1555)        
2024-02-21T04:14:47.1670174Z remote: Compressing objects:  96% (1493/1555)        
2024-02-21T04:14:47.1670894Z remote: Compressing objects:  97% (1509/1555)        
2024-02-21T04:14:47.1671887Z remote: Compressing objects:  98% (1524/1555)        
2024-02-21T04:14:47.1674996Z remote: Compressing objects:  99% (1540/1555)        
2024-02-21T04:14:47.1675627Z remote: Compressing objects: 100% (1555/1555)        
2024-02-21T04:14:47.1676210Z remote: Compressing objects: 100% (1555/1555), done.        
2024-02-21T04:14:47.1711067Z Receiving objects:   0% (1/1738)
2024-02-21T04:14:47.1723935Z Receiving objects:   1% (18/1738)
2024-02-21T04:14:47.1744647Z Receiving objects:   2% (35/1738)
2024-02-21T04:14:47.2226638Z Receiving objects:   3% (53/1738)
2024-02-21T04:14:47.3157057Z Receiving objects:   4% (70/1738)
2024-02-21T04:14:47.3159252Z Receiving objects:   5% (87/1738)
2024-02-21T04:14:47.3162649Z Receiving objects:   6% (105/1738)
2024-02-21T04:14:47.3167728Z Receiving objects:   7% (122/1738)
2024-02-21T04:14:47.3171876Z Receiving objects:   8% (140/1738)
2024-02-21T04:14:47.3175768Z Receiving objects:   9% (157/1738)
2024-02-21T04:14:47.3179125Z Receiving objects:  10% (174/1738)
2024-02-21T04:14:47.3181956Z Receiving objects:  11% (192/1738)
2024-02-21T04:14:47.3185303Z Receiving objects:  12% (209/1738)
2024-02-21T04:14:47.3202756Z Receiving objects:  13% (226/1738)
2024-02-21T04:14:47.3205973Z Receiving objects:  14% (244/1738)
2024-02-21T04:14:47.3208590Z Receiving objects:  15% (261/1738)
2024-02-21T04:14:47.3212455Z Receiving objects:  16% (279/1738)
2024-02-21T04:14:47.3217812Z Receiving objects:  17% (296/1738)
2024-02-21T04:14:47.3223567Z Receiving objects:  18% (313/1738)
2024-02-21T04:14:47.3229039Z Receiving objects:  19% (331/1738)
2024-02-21T04:14:47.3233280Z Receiving objects:  20% (348/1738)
2024-02-21T04:14:47.3238422Z Receiving objects:  21% (365/1738)
2024-02-21T04:14:47.3242233Z Receiving objects:  22% (383/1738)
2024-02-21T04:14:47.3246974Z Receiving objects:  23% (400/1738)
2024-02-21T04:14:47.3254184Z Receiving objects:  24% (418/1738)
2024-02-21T04:14:47.3259767Z Receiving objects:  25% (435/1738)
2024-02-21T04:14:47.3264147Z Receiving objects:  26% (452/1738)
2024-02-21T04:14:47.3264811Z Receiving objects:  27% (470/1738)
2024-02-21T04:14:47.3266856Z Receiving objects:  28% (487/1738)
2024-02-21T04:14:47.3269067Z Receiving objects:  29% (505/1738)
2024-02-21T04:14:47.3273101Z Receiving objects:  30% (522/1738)
2024-02-21T04:14:47.3277883Z Receiving objects:  31% (539/1738)
2024-02-21T04:14:47.3279740Z Receiving objects:  32% (557/1738)
2024-02-21T04:14:47.3283012Z Receiving objects:  33% (574/1738)
2024-02-21T04:14:47.3286024Z Receiving objects:  34% (591/1738)
2024-02-21T04:14:47.3286815Z Receiving objects:  35% (609/1738)
2024-02-21T04:14:47.3293912Z Receiving objects:  36% (626/1738)
2024-02-21T04:14:47.3297123Z Receiving objects:  37% (644/1738)
2024-02-21T04:14:47.3299341Z Receiving objects:  38% (661/1738)
2024-02-21T04:14:47.3302256Z Receiving objects:  39% (678/1738)
2024-02-21T04:14:47.3305621Z Receiving objects:  40% (696/1738)
2024-02-21T04:14:47.3312235Z Receiving objects:  41% (713/1738)
2024-02-21T04:14:47.3315453Z Receiving objects:  42% (730/1738)
2024-02-21T04:14:47.3317812Z Receiving objects:  43% (748/1738)
2024-02-21T04:14:47.3322092Z Receiving objects:  44% (765/1738)
2024-02-21T04:14:47.3325232Z Receiving objects:  45% (783/1738)
2024-02-21T04:14:47.3328507Z Receiving objects:  46% (800/1738)
2024-02-21T04:14:47.3332233Z Receiving objects:  47% (817/1738)
2024-02-21T04:14:47.3335569Z Receiving objects:  48% (835/1738)
2024-02-21T04:14:47.3338578Z Receiving objects:  49% (852/1738)
2024-02-21T04:14:47.3341013Z Receiving objects:  50% (869/1738)
2024-02-21T04:14:47.3342677Z Receiving objects:  51% (887/1738)
2024-02-21T04:14:47.3345773Z Receiving objects:  52% (904/1738)
2024-02-21T04:14:47.3353337Z Receiving objects:  53% (922/1738)
2024-02-21T04:14:47.3359383Z Receiving objects:  54% (939/1738)
2024-02-21T04:14:47.3370184Z Receiving objects:  55% (956/1738)
2024-02-21T04:14:47.3376203Z Receiving objects:  56% (974/1738)
2024-02-21T04:14:47.3377718Z Receiving objects:  57% (991/1738)
2024-02-21T04:14:47.3381309Z Receiving objects:  58% (1009/1738)
2024-02-21T04:14:47.3382499Z Receiving objects:  59% (1026/1738)
2024-02-21T04:14:47.3386862Z Receiving objects:  60% (1043/1738)
2024-02-21T04:14:47.3387630Z Receiving objects:  61% (1061/1738)
2024-02-21T04:14:47.3389113Z Receiving objects:  62% (1078/1738)
2024-02-21T04:14:47.3390831Z Receiving objects:  63% (1095/1738)
2024-02-21T04:14:47.3393926Z Receiving objects:  64% (1113/1738)
2024-02-21T04:14:47.3396945Z Receiving objects:  65% (1130/1738)
2024-02-21T04:14:47.3399541Z Receiving objects:  66% (1148/1738)
2024-02-21T04:14:47.3401919Z Receiving objects:  67% (1165/1738)
2024-02-21T04:14:47.3404288Z Receiving objects:  68% (1182/1738)
2024-02-21T04:14:47.3406562Z Receiving objects:  69% (1200/1738)
2024-02-21T04:14:47.3409416Z Receiving objects:  70% (1217/1738)
2024-02-21T04:14:47.3420347Z Receiving objects:  71% (1234/1738)
2024-02-21T04:14:47.3440013Z Receiving objects:  72% (1252/1738)
2024-02-21T04:14:47.3443270Z Receiving objects:  73% (1269/1738)
2024-02-21T04:14:47.3447186Z Receiving objects:  74% (1287/1738)
2024-02-21T04:14:47.3587118Z Receiving objects:  75% (1304/1738)
2024-02-21T04:14:47.3818231Z Receiving objects:  76% (1321/1738)
2024-02-21T04:14:47.3942528Z Receiving objects:  77% (1339/1738)
2024-02-21T04:14:47.4162188Z Receiving objects:  78% (1356/1738)
2024-02-21T04:14:47.4246951Z Receiving objects:  79% (1374/1738)
2024-02-21T04:14:47.4508931Z Receiving objects:  80% (1391/1738)
2024-02-21T04:14:47.4515109Z Receiving objects:  81% (1408/1738)
2024-02-21T04:14:47.4518497Z Receiving objects:  82% (1426/1738)
2024-02-21T04:14:47.4521077Z Receiving objects:  83% (1443/1738)
2024-02-21T04:14:47.4526800Z Receiving objects:  84% (1460/1738)
2024-02-21T04:14:47.4531167Z Receiving objects:  85% (1478/1738)
2024-02-21T04:14:47.4537949Z Receiving objects:  86% (1495/1738)
2024-02-21T04:14:47.4545656Z Receiving objects:  87% (1513/1738)
2024-02-21T04:14:47.4550862Z Receiving objects:  88% (1530/1738)
2024-02-21T04:14:47.4556982Z Receiving objects:  89% (1547/1738)
2024-02-21T04:14:47.4563732Z Receiving objects:  90% (1565/1738)
2024-02-21T04:14:47.4570299Z Receiving objects:  91% (1582/1738)
2024-02-21T04:14:47.4575770Z Receiving objects:  92% (1599/1738)
2024-02-21T04:14:47.4580154Z Receiving objects:  93% (1617/1738)
2024-02-21T04:14:47.4585534Z Receiving objects:  94% (1634/1738)
2024-02-21T04:14:47.4589638Z Receiving objects:  95% (1652/1738)
2024-02-21T04:14:47.4592251Z Receiving objects:  96% (1669/1738)
2024-02-21T04:14:47.4601450Z Receiving objects:  97% (1686/1738)
2024-02-21T04:14:47.4610363Z Receiving objects:  98% (1704/1738)
2024-02-21T04:14:47.4630327Z Receiving objects:  99% (1721/1738)
2024-02-21T04:14:47.4631721Z remote: Total 1738 (delta 277), reused 988 (delta 144), pack-reused 0        
2024-02-21T04:14:47.4643458Z Receiving objects: 100% (1738/1738)
2024-02-21T04:14:47.4647340Z Receiving objects: 100% (1738/1738), 6.59 MiB | 22.50 MiB/s, done.
2024-02-21T04:14:47.4648303Z Resolving deltas:   0% (0/277)
2024-02-21T04:14:47.4649208Z Resolving deltas:   1% (3/277)
2024-02-21T04:14:47.4658950Z Resolving deltas:   2% (6/277)
2024-02-21T04:14:47.4659684Z Resolving deltas:   3% (9/277)
2024-02-21T04:14:47.4660533Z Resolving deltas:   4% (12/277)
2024-02-21T04:14:47.4661216Z Resolving deltas:   5% (14/277)
2024-02-21T04:14:47.4661879Z Resolving deltas:   6% (17/277)
2024-02-21T04:14:47.4662670Z Resolving deltas:   7% (20/277)
2024-02-21T04:14:47.4663323Z Resolving deltas:   8% (23/277)
2024-02-21T04:14:47.4668755Z Resolving deltas:   9% (25/277)
2024-02-21T04:14:47.4685204Z Resolving deltas:  10% (28/277)
2024-02-21T04:14:47.4685917Z Resolving deltas:  11% (31/277)
2024-02-21T04:14:47.4686543Z Resolving deltas:  12% (34/277)
2024-02-21T04:14:47.4687265Z Resolving deltas:  13% (37/277)
2024-02-21T04:14:47.4687902Z Resolving deltas:  14% (39/277)
2024-02-21T04:14:47.4688506Z Resolving deltas:  15% (42/277)
2024-02-21T04:14:47.4689185Z Resolving deltas:  16% (45/277)
2024-02-21T04:14:47.4689906Z Resolving deltas:  17% (48/277)
2024-02-21T04:14:47.4690533Z Resolving deltas:  18% (50/277)
2024-02-21T04:14:47.4691201Z Resolving deltas:  19% (53/277)
2024-02-21T04:14:47.4692079Z Resolving deltas:  20% (56/277)
2024-02-21T04:14:47.4692701Z Resolving deltas:  21% (59/277)
2024-02-21T04:14:47.4693392Z Resolving deltas:  22% (61/277)
2024-02-21T04:14:47.4694001Z Resolving deltas:  23% (64/277)
2024-02-21T04:14:47.4697473Z Resolving deltas:  24% (67/277)
2024-02-21T04:14:47.4700395Z Resolving deltas:  25% (70/277)
2024-02-21T04:14:47.4701059Z Resolving deltas:  26% (73/277)
2024-02-21T04:14:47.4705853Z Resolving deltas:  27% (75/277)
2024-02-21T04:14:47.4706610Z Resolving deltas:  28% (78/277)
2024-02-21T04:14:47.4707324Z Resolving deltas:  29% (81/277)
2024-02-21T04:14:47.4708091Z Resolving deltas:  30% (84/277)
2024-02-21T04:14:47.4708743Z Resolving deltas:  31% (86/277)
2024-02-21T04:14:47.4709350Z Resolving deltas:  32% (89/277)
2024-02-21T04:14:47.4710310Z Resolving deltas:  33% (92/277)
2024-02-21T04:14:47.4710974Z Resolving deltas:  34% (95/277)
2024-02-21T04:14:47.4711587Z Resolving deltas:  35% (97/277)
2024-02-21T04:14:47.4712367Z Resolving deltas:  36% (100/277)
2024-02-21T04:14:47.4713022Z Resolving deltas:  37% (104/277)
2024-02-21T04:14:47.4713632Z Resolving deltas:  38% (106/277)
2024-02-21T04:14:47.4714413Z Resolving deltas:  39% (109/277)
2024-02-21T04:14:47.4715078Z Resolving deltas:  40% (111/277)
2024-02-21T04:14:47.4715707Z Resolving deltas:  41% (114/277)
2024-02-21T04:14:47.4716458Z Resolving deltas:  42% (117/277)
2024-02-21T04:14:47.4717284Z Resolving deltas:  43% (120/277)
2024-02-21T04:14:47.4717912Z Resolving deltas:  44% (122/277)
2024-02-21T04:14:47.4718680Z Resolving deltas:  45% (125/277)
2024-02-21T04:14:47.4719306Z Resolving deltas:  46% (128/277)
2024-02-21T04:14:47.4719920Z Resolving deltas:  47% (131/277)
2024-02-21T04:14:47.4720675Z Resolving deltas:  48% (133/277)
2024-02-21T04:14:47.4721301Z Resolving deltas:  49% (136/277)
2024-02-21T04:14:47.4721912Z Resolving deltas:  50% (139/277)
2024-02-21T04:14:47.4722956Z Resolving deltas:  51% (142/277)
2024-02-21T04:14:47.4723667Z Resolving deltas:  52% (145/277)
2024-02-21T04:14:47.4724109Z Resolving deltas:  53% (147/277)
2024-02-21T04:14:47.4724600Z Resolving deltas:  54% (150/277)
2024-02-21T04:14:47.4725007Z Resolving deltas:  55% (153/277)
2024-02-21T04:14:47.4726895Z Resolving deltas:  56% (156/277)
2024-02-21T04:14:47.4731349Z Resolving deltas:  57% (158/277)
2024-02-21T04:14:47.4732864Z Resolving deltas:  58% (161/277)
2024-02-21T04:14:47.4733560Z Resolving deltas:  59% (164/277)
2024-02-21T04:14:47.4734795Z Resolving deltas:  60% (167/277)
2024-02-21T04:14:47.4737250Z Resolving deltas:  61% (169/277)
2024-02-21T04:14:47.4738233Z Resolving deltas:  62% (172/277)
2024-02-21T04:14:47.4744342Z Resolving deltas:  63% (175/277)
2024-02-21T04:14:47.4746767Z Resolving deltas:  64% (178/277)
2024-02-21T04:14:47.4747441Z Resolving deltas:  65% (181/277)
2024-02-21T04:14:47.4748212Z Resolving deltas:  66% (183/277)
2024-02-21T04:14:47.4749935Z Resolving deltas:  67% (186/277)
2024-02-21T04:14:47.4750659Z Resolving deltas:  68% (189/277)
2024-02-21T04:14:47.4753232Z Resolving deltas:  69% (192/277)
2024-02-21T04:14:47.4753939Z Resolving deltas:  70% (194/277)
2024-02-21T04:14:47.4754697Z Resolving deltas:  71% (197/277)
2024-02-21T04:14:47.4755420Z Resolving deltas:  72% (200/277)
2024-02-21T04:14:47.4756066Z Resolving deltas:  73% (203/277)
2024-02-21T04:14:47.4756940Z Resolving deltas:  74% (205/277)
2024-02-21T04:14:47.4757692Z Resolving deltas:  75% (208/277)
2024-02-21T04:14:47.4758349Z Resolving deltas:  76% (211/277)
2024-02-21T04:14:47.4758954Z Resolving deltas:  77% (214/277)
2024-02-21T04:14:47.4759406Z Resolving deltas:  78% (217/277)
2024-02-21T04:14:47.4759831Z Resolving deltas:  79% (219/277)
2024-02-21T04:14:47.4760222Z Resolving deltas:  80% (222/277)
2024-02-21T04:14:47.4760659Z Resolving deltas:  81% (225/277)
2024-02-21T04:14:47.4761089Z Resolving deltas:  82% (228/277)
2024-02-21T04:14:47.4761491Z Resolving deltas:  83% (230/277)
2024-02-21T04:14:47.4777710Z Resolving deltas:  84% (233/277)
2024-02-21T04:14:47.4778429Z Resolving deltas:  85% (236/277)
2024-02-21T04:14:47.4786382Z Resolving deltas:  86% (239/277)
2024-02-21T04:14:47.4787117Z Resolving deltas:  87% (241/277)
2024-02-21T04:14:47.4787862Z Resolving deltas:  88% (244/277)
2024-02-21T04:14:47.4788698Z Resolving deltas:  89% (247/277)
2024-02-21T04:14:47.4789345Z Resolving deltas:  90% (250/277)
2024-02-21T04:14:47.4789998Z Resolving deltas:  91% (253/277)
2024-02-21T04:14:47.4790864Z Resolving deltas:  92% (255/277)
2024-02-21T04:14:47.4791549Z Resolving deltas:  93% (258/277)
2024-02-21T04:14:47.4792148Z Resolving deltas:  94% (261/277)
2024-02-21T04:14:47.4792908Z Resolving deltas:  95% (264/277)
2024-02-21T04:14:47.4793588Z Resolving deltas:  96% (266/277)
2024-02-21T04:14:47.4794113Z Resolving deltas:  97% (269/277)
2024-02-21T04:14:47.4794782Z Resolving deltas:  98% (272/277)
2024-02-21T04:14:47.4795525Z Resolving deltas:  99% (275/277)
2024-02-21T04:14:47.4796112Z Resolving deltas: 100% (277/277)
2024-02-21T04:14:47.4797001Z Resolving deltas: 100% (277/277), done.
2024-02-21T04:14:47.4946103Z From https://github.com/rubyforgood/human-essentials
2024-02-21T04:14:47.4947297Z  * [new ref]         501bc68b932765b34b927044762363fdb7a93ca4 -> pull/4132/merge
2024-02-21T04:14:47.4975463Z ##[endgroup]
2024-02-21T04:14:47.4976465Z ##[group]Determining the checkout info
2024-02-21T04:14:47.4977822Z ##[endgroup]
2024-02-21T04:14:47.4978745Z ##[group]Checking out the ref
2024-02-21T04:14:47.4982953Z [command]/usr/bin/git checkout --progress --force refs/remotes/pull/4132/merge
2024-02-21T04:14:47.6309691Z Note: switching to 'refs/remotes/pull/4132/merge'.
2024-02-21T04:14:47.6310271Z 
2024-02-21T04:14:47.6310776Z You are in 'detached HEAD' state. You can look around, make experimental
2024-02-21T04:14:47.6311950Z changes and commit them, and you can discard any commits you make in this
2024-02-21T04:14:47.6312856Z state without impacting any branches by switching back to a branch.
2024-02-21T04:14:47.6313364Z 
2024-02-21T04:14:47.6314038Z If you want to create a new branch to retain commits you create, you may
2024-02-21T04:14:47.6315146Z do so (now or later) by using -c with the switch command. Example:
2024-02-21T04:14:47.6315629Z 
2024-02-21T04:14:47.6315904Z   git switch -c <new-branch-name>
2024-02-21T04:14:47.6316218Z 
2024-02-21T04:14:47.6316448Z Or undo this operation with:
2024-02-21T04:14:47.6317017Z 
2024-02-21T04:14:47.6317308Z   git switch -
2024-02-21T04:14:47.6317580Z 
2024-02-21T04:14:47.6317974Z Turn off this advice by setting config variable advice.detachedHead to false
2024-02-21T04:14:47.6318516Z 
2024-02-21T04:14:47.6319256Z HEAD is now at 501bc68 Merge 5907bdf105666098b92d17c89e804f1353e71e4f into 4e4440f974a534c055710ad4bf12762d65935c6a
2024-02-21T04:14:47.6320803Z ##[endgroup]
2024-02-21T04:14:47.6369676Z [command]/usr/bin/git log -1 --format='%H'
2024-02-21T04:14:47.6405547Z '501bc68b932765b34b927044762363fdb7a93ca4'
2024-02-21T04:14:47.6710651Z ##[group]Run ruby/setup-ruby@v1
2024-02-21T04:14:47.6711059Z with:
2024-02-21T04:14:47.6711389Z   bundler-cache: true
2024-02-21T04:14:47.6711845Z   ruby-version: default
2024-02-21T04:14:47.6712161Z ##[endgroup]
2024-02-21T04:14:47.8697791Z Using 3.2.2 as input from file .ruby-version
2024-02-21T04:14:47.8738180Z ##[group]Modifying PATH
2024-02-21T04:14:47.8738844Z Entries added to PATH to use selected Ruby:
2024-02-21T04:14:47.8739738Z   /opt/hostedtoolcache/Ruby/3.2.2/x64/bin
2024-02-21T04:14:47.8740615Z ##[endgroup]
2024-02-21T04:14:47.8766497Z ##[group]Downloading Ruby
2024-02-21T04:14:47.8769643Z https://github.com/ruby/ruby-builder/releases/download/toolcache/ruby-3.2.2-ubuntu-22.04.tar.gz
2024-02-21T04:14:48.2042344Z Took   0.33 seconds
2024-02-21T04:14:48.2044528Z ##[endgroup]
2024-02-21T04:14:48.2045536Z ##[group]Extracting  Ruby
2024-02-21T04:14:48.2076534Z [command]/usr/bin/tar -xz -C /opt/hostedtoolcache/Ruby/3.2.2 -f /home/runner/work/_temp/08d81c9d-bf37-4aec-a598-1aaac257fa8e
2024-02-21T04:14:48.5901102Z Took   0.39 seconds
2024-02-21T04:14:48.5902224Z ##[endgroup]
2024-02-21T04:14:48.5903219Z ##[group]Print Ruby version
2024-02-21T04:14:48.5914929Z [command]/opt/hostedtoolcache/Ruby/3.2.2/x64/bin/ruby --version
2024-02-21T04:14:48.6124022Z ruby 3.2.2 (2023-03-30 revision e51014f9c0) [x86_64-linux]
2024-02-21T04:14:48.6142767Z Took   0.02 seconds
2024-02-21T04:14:48.6144112Z ##[endgroup]
2024-02-21T04:14:48.6145513Z ##[group]Installing Bundler
2024-02-21T04:14:48.6152790Z Using Bundler 2.5.4 from Gemfile.lock BUNDLED WITH 2.5.4
2024-02-21T04:14:48.6158018Z [command]/opt/hostedtoolcache/Ruby/3.2.2/x64/bin/gem install bundler -v 2.5.4
2024-02-21T04:14:49.1009884Z Successfully installed bundler-2.5.4
2024-02-21T04:14:49.1010847Z 1 gem installed
2024-02-21T04:14:49.1067794Z Took   0.49 seconds
2024-02-21T04:14:49.1069091Z ##[endgroup]
2024-02-21T04:14:49.1069692Z > bundle install
2024-02-21T04:14:49.1086874Z [command]/opt/hostedtoolcache/Ruby/3.2.2/x64/bin/bundle config --local path /home/runner/work/human-essentials/human-essentials/vendor/bundle
2024-02-21T04:14:49.2598735Z [command]/opt/hostedtoolcache/Ruby/3.2.2/x64/bin/bundle config --local deployment true
2024-02-21T04:14:49.4145479Z Cache key: setup-ruby-bundler-cache-v6-ubuntu-22.04-x64-ruby-3.2.2-wd-/home/runner/work/human-essentials/human-essentials-with--without--only--Gemfile.lock-11260f3e94e5f7b242c958cd2ea0346c53ce54c115541f6b27470f4422299a0d
2024-02-21T04:14:50.4006880Z Cache Size: ~205 MB (214932449 B)
2024-02-21T04:14:50.4046566Z [command]/usr/bin/tar -xf /home/runner/work/_temp/75014d44-3bf6-47db-a0b4-5306a6e4a049/cache.tzst -P -C /home/runner/work/human-essentials/human-essentials --use-compress-program unzstd
2024-02-21T04:14:50.5106987Z Received 214932449 of 214932449 (100.0%), 204.8 MBs/sec
2024-02-21T04:14:52.0521567Z Cache restored successfully
2024-02-21T04:14:52.0988982Z Found cache for key: setup-ruby-bundler-cache-v6-ubuntu-22.04-x64-ruby-3.2.2-wd-/home/runner/work/human-essentials/human-essentials-with--without--only--Gemfile.lock-11260f3e94e5f7b242c958cd2ea0346c53ce54c115541f6b27470f4422299a0d
2024-02-21T04:14:52.0997799Z [command]/opt/hostedtoolcache/Ruby/3.2.2/x64/bin/bundle install --jobs 4
2024-02-21T04:14:52.4920114Z Bundle complete! 85 Gemfile dependencies, 246 gems now installed.
2024-02-21T04:14:52.4921919Z Bundled gems are installed into `./vendor/bundle`
2024-02-21T04:14:52.4969715Z Took   3.39 seconds
2024-02-21T04:14:52.5168296Z ##[group]Run sudo apt-get -yqq install libpq-dev
2024-02-21T04:14:52.5169092Z [36;1msudo apt-get -yqq install libpq-dev[0m
2024-02-21T04:14:52.5214119Z shell: /usr/bin/bash -e {0}
2024-02-21T04:14:52.5214528Z ##[endgroup]
2024-02-21T04:14:53.7729924Z ##[group]Run bundle exec rake db:create
2024-02-21T04:14:53.7730397Z [36;1mbundle exec rake db:create[0m
2024-02-21T04:14:53.7730859Z [36;1mbundle exec rake db:schema:load[0m
2024-02-21T04:14:53.7731428Z [36;1mbundle exec rails assets:precompile[0m
2024-02-21T04:14:53.7759219Z shell: /usr/bin/bash -e {0}
2024-02-21T04:14:53.7759640Z env:
2024-02-21T04:14:53.7760045Z   POSTGRES_HOST: localhost
2024-02-21T04:14:53.7760425Z   DATABASE_HOST: localhost
2024-02-21T04:14:53.7760831Z   PG_USERNAME: postgres
2024-02-21T04:14:53.7761271Z   PG_PASSWORD: password
2024-02-21T04:14:53.7761674Z   POSTGRES_HOST_AUTH_METHOD: trust
2024-02-21T04:14:53.7762078Z   POSTGRES_PORT: 5432
2024-02-21T04:14:53.7762456Z   RAILS_ENV: test
2024-02-21T04:14:53.7762800Z ##[endgroup]
2024-02-21T04:15:00.2472901Z We could not find your database: diaper_test. Which can be found in the database configuration file located at config/database.yml.
2024-02-21T04:15:00.2474297Z 
2024-02-21T04:15:00.2474750Z To resolve this issue:
2024-02-21T04:15:00.2475094Z 
2024-02-21T04:15:00.2476034Z - Did you create the database for this app, or delete it? You may need to create your database.
2024-02-21T04:15:00.2478059Z - Has the database name changed? Check your database.yml config has the correct database name.
2024-02-21T04:15:00.2478992Z 
2024-02-21T04:15:00.2479210Z To create your database, run:
2024-02-21T04:15:00.2479630Z 
2024-02-21T04:15:00.2479843Z         bin/rails db:create
2024-02-21T04:15:00.2480890Z . You likely need to run `rails g flipper:active_record` and/or `rails db:migrate`.
2024-02-21T04:15:00.4787409Z Created database 'diaper_test'
2024-02-21T04:15:00.7770483Z Coverage report generated for RSpec to /home/runner/work/human-essentials/human-essentials/coverage. 329 / 10166 LOC (3.24%) covered.
2024-02-21T04:15:07.0979232Z PG::UndefinedTable: ERROR:  relation "flipper_gates" does not exist
2024-02-21T04:15:07.0980706Z LINE 9:  WHERE a.attrelid = '"flipper_gates"'::regclass
2024-02-21T04:15:07.0981486Z                             ^
2024-02-21T04:15:07.0982632Z . You likely need to run `rails g flipper:active_record` and/or `rails db:migrate`.
2024-02-21T04:15:08.0230303Z Coverage report generated for RSpec to /home/runner/work/human-essentials/human-essentials/coverage. 329 / 10166 LOC (3.24%) covered.
2024-02-21T04:15:42.3148797Z W, [2024-02-20T20:15:42.314467 #2234]  WARN -- : Removed sourceMappingURL comment for missing asset 'adminlte.js.map' from /home/runner/work/human-essentials/human-essentials/app/javascript/adminlte.js
2024-02-21T04:15:42.3779494Z I, [2024-02-20T20:15:42.377589 #2234]  INFO -- : Writing /home/runner/work/human-essentials/human-essentials/public/assets/manifest-90aab26ade71e747f745b1227b433fd7d580a54f279ee2be6e1a67bb326bf03a.js
2024-02-21T04:15:42.3783331Z I, [2024-02-20T20:15:42.377783 #2234]  INFO -- : Writing /home/runner/work/human-essentials/human-essentials/public/assets/manifest-90aab26ade71e747f745b1227b433fd7d580a54f279ee2be6e1a67bb326bf03a.js.gz
2024-02-21T04:15:42.3786667Z I, [2024-02-20T20:15:42.378007 #2234]  INFO -- : Writing /home/runner/work/human-essentials/human-essentials/public/assets/filterrific/filterrific-spinner-415824b210964b6cdb1db0bd9508be8644b9fde094b392f73055b20d369885b6.gif
2024-02-21T04:15:42.3790488Z I, [2024-02-20T20:15:42.378223 #2234]  INFO -- : Writing /home/runner/work/human-essentials/human-essentials/public/assets/bootstrap.min-67c48d88a8e0be178058aacb338b084191ed6d65c8fef751c50248202cf1488a.js
2024-02-21T04:15:42.3793511Z I, [2024-02-20T20:15:42.378434 #2234]  INFO -- : Writing /home/runner/work/human-essentials/human-essentials/public/assets/bootstrap.min-67c48d88a8e0be178058aacb338b084191ed6d65c8fef751c50248202cf1488a.js.gz
2024-02-21T04:15:42.3797461Z I, [2024-02-20T20:15:42.378807 #2234]  INFO -- : Writing /home/runner/work/human-essentials/human-essentials/public/assets/DiaperBase-Logo-f18172876cab49a451ca9c3178b578ab2019e03f111a6b6f3ba0c1b40b3d7c0c.png
2024-02-21T04:15:42.3801161Z I, [2024-02-20T20:15:42.379346 #2234]  INFO -- : Writing /home/runner/work/human-essentials/human-essentials/public/assets/Just-Diaper-05bf6a1b70ccad149eb4eca7b5f9fcca1f9c37bab1f8e5edb6798d66c903ba53.svg
2024-02-21T04:15:42.3804591Z I, [2024-02-20T20:15:42.379789 #2234]  INFO -- : Writing /home/runner/work/human-essentials/human-essentials/public/assets/Just-Diaper-05bf6a1b70ccad149eb4eca7b5f9fcca1f9c37bab1f8e5edb6798d66c903ba53.svg.gz
2024-02-21T04:15:42.3807964Z I, [2024-02-20T20:15:42.380120 #2234]  INFO -- : Writing /home/runner/work/human-essentials/human-essentials/public/assets/barcode-932aed25f5c148b36882be3bfb6696ecdd362ba0a709ff0674a10477f2aad8f3.svg
2024-02-21T04:15:42.3811477Z I, [2024-02-20T20:15:42.380852 #2234]  INFO -- : Writing /home/runner/work/human-essentials/human-essentials/public/assets/barcode-932aed25f5c148b36882be3bfb6696ecdd362ba0a709ff0674a10477f2aad8f3.svg.gz
2024-02-21T04:15:42.3814693Z I, [2024-02-20T20:15:42.380990 #2234]  INFO -- : Writing /home/runner/work/human-essentials/human-essentials/public/assets/bars-db7a0aaf1cd735270b170cba53dca71c75473940ab48639c609a72964eb92f4d.svg
2024-02-21T04:15:42.3817745Z I, [2024-02-20T20:15:42.381428 #2234]  INFO -- : Writing /home/runner/work/human-essentials/human-essentials/public/assets/bars-db7a0aaf1cd735270b170cba53dca71c75473940ab48639c609a72964eb92f4d.svg.gz
2024-02-21T04:15:42.3820972Z I, [2024-02-20T20:15:42.381763 #2234]  INFO -- : Writing /home/runner/work/human-essentials/human-essentials/public/assets/blue@2x-709ca6c252f762af1e5efb0ef1e7444a712cb0ec010fee01749b67a595a7c0c6.png
2024-02-21T04:15:42.3824096Z I, [2024-02-20T20:15:42.381993 #2234]  INFO -- : Writing /home/runner/work/human-essentials/human-essentials/public/assets/boxed-bg-6c60c3f8655fa4062631bbe1434face4fe3d70392159e976ec09ca6ad9330e7d.jpg
2024-02-21T04:15:42.3832448Z I, [2024-02-20T20:15:42.382650 #2234]  INFO -- : Writing /home/runner/work/human-essentials/human-essentials/public/assets/boxed-bg-eb7b1fa0c09f5ef599fc5138e33168827f2ec4e1f796cf8a78570d8a73a58190.png
2024-02-21T04:15:42.3836070Z I, [2024-02-20T20:15:42.382815 #2234]  INFO -- : Writing /home/runner/work/human-essentials/human-essentials/public/assets/dashboard-image-3db42e909886dffccb680715feccab83cc867b4581b0009558e746364e2ec332.svg
2024-02-21T04:15:42.3840113Z I, [2024-02-20T20:15:42.382958 #2234]  INFO -- : Writing /home/runner/work/human-essentials/human-essentials/public/assets/dashboard-image-3db42e909886dffccb680715feccab83cc867b4581b0009558e746364e2ec332.svg.gz
2024-02-21T04:15:42.3844014Z I, [2024-02-20T20:15:42.383171 #2234]  INFO -- : Writing /home/runner/work/human-essentials/human-essentials/public/assets/forecasting-32dffccc42e6c09203d36acbc2243b4bc746dc2f1198c1ff43def4bb48e335b2.svg
2024-02-21T04:15:42.3847491Z I, [2024-02-20T20:15:42.383329 #2234]  INFO -- : Writing /home/runner/work/human-essentials/human-essentials/public/assets/forecasting-32dffccc42e6c09203d36acbc2243b4bc746dc2f1198c1ff43def4bb48e335b2.svg.gz
2024-02-21T04:15:42.3850836Z I, [2024-02-20T20:15:42.383615 #2234]  INFO -- : Writing /home/runner/work/human-essentials/human-essentials/public/assets/hero-image-0ba273def6de748beb2a64206e115d8e4a109ad51ef255512f4c6522e5b9225b.svg
2024-02-21T04:15:42.3860619Z I, [2024-02-20T20:15:42.385727 #2234]  INFO -- : Writing /home/runner/work/human-essentials/human-essentials/public/assets/hero-image-0ba273def6de748beb2a64206e115d8e4a109ad51ef255512f4c6522e5b9225b.svg.gz
2024-02-21T04:15:42.3864362Z I, [2024-02-20T20:15:42.386177 #2234]  INFO -- : Writing /home/runner/work/human-essentials/human-essentials/public/assets/inventory-image-3d91fc8087e13632114d9d129a680b992e02aae297b2bf180089cd55792249b2.svg
2024-02-21T04:15:42.3872302Z I, [2024-02-20T20:15:42.386400 #2234]  INFO -- : Writing /home/runner/work/human-essentials/human-essentials/public/assets/inventory-image-3d91fc8087e13632114d9d129a680b992e02aae297b2bf180089cd55792249b2.svg.gz
2024-02-21T04:15:42.3875807Z I, [2024-02-20T20:15:42.386836 #2234]  INFO -- : Writing /home/runner/work/human-essentials/human-essentials/public/assets/partner-management-c2cd4a940d1cf59f66928bc5097b4d4528b6de95abcc66421edf341c59311d40.svg
2024-02-21T04:15:42.3886939Z I, [2024-02-20T20:15:42.388070 #2234]  INFO -- : Writing /home/runner/work/human-essentials/human-essentials/public/assets/partner-management-c2cd4a940d1cf59f66928bc5097b4d4528b6de95abcc66421edf341c59311d40.svg.gz
2024-02-21T04:15:42.3890842Z I, [2024-02-20T20:15:42.388214 #2234]  INFO -- : Writing /home/runner/work/human-essentials/human-essentials/public/assets/quote-e4395f28913ad7b7785c522f0b6f2363a960720cf3bc26705438f6efb55edb7d.svg
2024-02-21T04:15:42.3894420Z I, [2024-02-20T20:15:42.388366 #2234]  INFO -- : Writing /home/runner/work/human-essentials/human-essentials/public/assets/quote-e4395f28913ad7b7785c522f0b6f2363a960720cf3bc26705438f6efb55edb7d.svg.gz
2024-02-21T04:15:42.3898103Z I, [2024-02-20T20:15:42.388485 #2234]  INFO -- : Writing /home/runner/work/human-essentials/human-essentials/public/assets/report-image-a9fc71739eca5457d288f1c234a0d84237ba8eef8bd20a9935bd45d84d03ae6b.svg
2024-02-21T04:15:42.3902019Z I, [2024-02-20T20:15:42.388618 #2234]  INFO -- : Writing /home/runner/work/human-essentials/human-essentials/public/assets/report-image-a9fc71739eca5457d288f1c234a0d84237ba8eef8bd20a9935bd45d84d03ae6b.svg.gz
2024-02-21T04:15:42.3905809Z I, [2024-02-20T20:15:42.388760 #2234]  INFO -- : Writing /home/runner/work/human-essentials/human-essentials/public/assets/test-only-background-c4843e992a593298a8c43815c8950b766061a96fd7d3e92838354914c41d7243.jpg
2024-02-21T04:15:42.3909626Z I, [2024-02-20T20:15:42.388935 #2234]  INFO -- : Writing /home/runner/work/human-essentials/human-essentials/public/assets/AdminLTE-9d75f9bf2ec81bc0a0de450227ed6268dad2cd66401439503c18d3241dfb241d.css
2024-02-21T04:15:42.3913269Z I, [2024-02-20T20:15:42.389040 #2234]  INFO -- : Writing /home/runner/work/human-essentials/human-essentials/public/assets/AdminLTE-9d75f9bf2ec81bc0a0de450227ed6268dad2cd66401439503c18d3241dfb241d.css.gz
2024-02-21T04:15:42.3917193Z I, [2024-02-20T20:15:42.389160 #2234]  INFO -- : Writing /home/runner/work/human-essentials/human-essentials/public/assets/_colors-04024382391bb910584145d8113cf35ef376b55d125bb4516cebeb14ce788597.css
2024-02-21T04:15:42.3920972Z I, [2024-02-20T20:15:42.389248 #2234]  INFO -- : Writing /home/runner/work/human-essentials/human-essentials/public/assets/_colors-04024382391bb910584145d8113cf35ef376b55d125bb4516cebeb14ce788597.css.gz
2024-02-21T04:15:42.3924616Z I, [2024-02-20T20:15:42.389368 #2234]  INFO -- : Writing /home/runner/work/human-essentials/human-essentials/public/assets/application-0da4ed653cd2be46690d3296e155ff2f65c183e52d7a8c3467d17640386866d5.css
2024-02-21T04:15:42.3928301Z I, [2024-02-20T20:15:42.389472 #2234]  INFO -- : Writing /home/runner/work/human-essentials/human-essentials/public/assets/application-0da4ed653cd2be46690d3296e155ff2f65c183e52d7a8c3467d17640386866d5.css.gz
2024-02-21T04:15:42.3932165Z I, [2024-02-20T20:15:42.389672 #2234]  INFO -- : Writing /home/runner/work/human-essentials/human-essentials/public/assets/test-only-background-c4843e992a593298a8c43815c8950b766061a96fd7d3e92838354914c41d7243.jpg
2024-02-21T04:15:42.3935839Z I, [2024-02-20T20:15:42.389838 #2234]  INFO -- : Writing /home/runner/work/human-essentials/human-essentials/public/assets/audits-83372b845d8a4887e7e4d2315cf3c85ea60ef94ca0ec4774dfbcd3cf569c616c.css
2024-02-21T04:15:42.3939507Z I, [2024-02-20T20:15:42.390028 #2234]  INFO -- : Writing /home/runner/work/human-essentials/human-essentials/public/assets/audits-83372b845d8a4887e7e4d2315cf3c85ea60ef94ca0ec4774dfbcd3cf569c616c.css.gz
2024-02-21T04:15:42.3943463Z I, [2024-02-20T20:15:42.390149 #2234]  INFO -- : Writing /home/runner/work/human-essentials/human-essentials/public/assets/barcode_reader-3799c29218802c1dbba4c700f3863ec24505a9e3e7b54d36282fff667d7c94ca.css
2024-02-21T04:15:42.3947079Z I, [2024-02-20T20:15:42.390342 #2234]  INFO -- : Writing /home/runner/work/human-essentials/human-essentials/public/assets/barcode_reader-3799c29218802c1dbba4c700f3863ec24505a9e3e7b54d36282fff667d7c94ca.css.gz
2024-02-21T04:15:42.3950995Z I, [2024-02-20T20:15:42.390464 #2234]  INFO -- : Writing /home/runner/work/human-essentials/human-essentials/public/assets/custom-78c7cbde633ff9cfb0425c2a5897128adfc8aca0f10628e0b59f704db7fe76df.css
2024-02-21T04:15:42.3954554Z I, [2024-02-20T20:15:42.390649 #2234]  INFO -- : Writing /home/runner/work/human-essentials/human-essentials/public/assets/custom-78c7cbde633ff9cfb0425c2a5897128adfc8aca0f10628e0b59f704db7fe76df.css.gz
2024-02-21T04:15:42.3958496Z I, [2024-02-20T20:15:42.390865 #2234]  INFO -- : Writing /home/runner/work/human-essentials/human-essentials/public/assets/test-only-background-c4843e992a593298a8c43815c8950b766061a96fd7d3e92838354914c41d7243.jpg
2024-02-21T04:15:42.3962316Z I, [2024-02-20T20:15:42.391142 #2234]  INFO -- : Writing /home/runner/work/human-essentials/human-essentials/public/assets/expandable_table-cca1600cf25c44c6bea2733167509ffe9133f344e9defe984ad96bd427b29a19.css
2024-02-21T04:15:42.3966042Z I, [2024-02-20T20:15:42.391234 #2234]  INFO -- : Writing /home/runner/work/human-essentials/human-essentials/public/assets/expandable_table-cca1600cf25c44c6bea2733167509ffe9133f344e9defe984ad96bd427b29a19.css.gz
2024-02-21T04:15:42.3969702Z I, [2024-02-20T20:15:42.391451 #2234]  INFO -- : Writing /home/runner/work/human-essentials/human-essentials/public/assets/landing_page-4fe5dfcfea8b5bbd7722658652ff4ee86132a41b8aff92e9ef8b1216cb7259fa.css
2024-02-21T04:15:42.3983310Z I, [2024-02-20T20:15:42.397371 #2234]  INFO -- : Writing /home/runner/work/human-essentials/human-essentials/public/assets/landing_page-4fe5dfcfea8b5bbd7722658652ff4ee86132a41b8aff92e9ef8b1216cb7259fa.css.gz
2024-02-21T04:15:42.3987015Z I, [2024-02-20T20:15:42.397526 #2234]  INFO -- : Writing /home/runner/work/human-essentials/human-essentials/public/assets/modal-dialog-9d7ae8bb43b60ac4c7d9910700392b20618ae2db4d5db33453b157171d5e0f7d.css
2024-02-21T04:15:42.3989274Z I, [2024-02-20T20:15:42.397612 #2234]  INFO -- : Writing /home/runner/work/human-essentials/human-essentials/public/assets/modal-dialog-9d7ae8bb43b60ac4c7d9910700392b20618ae2db4d5db33453b157171d5e0f7d.css.gz
2024-02-21T04:15:42.3991362Z I, [2024-02-20T20:15:42.397726 #2234]  INFO -- : Writing /home/runner/work/human-essentials/human-essentials/public/assets/progress_stepper-7f8ef0dc05a9a00a300e56f6f3e4ccfdde4af8e392407ccc6601d60019067ccb.css
2024-02-21T04:15:42.3993411Z I, [2024-02-20T20:15:42.397806 #2234]  INFO -- : Writing /home/runner/work/human-essentials/human-essentials/public/assets/progress_stepper-7f8ef0dc05a9a00a300e56f6f3e4ccfdde4af8e392407ccc6601d60019067ccb.css.gz
2024-02-21T04:15:42.3995552Z I, [2024-02-20T20:15:42.397916 #2234]  INFO -- : Writing /home/runner/work/human-essentials/human-essentials/public/assets/transfers-c9ab43ff53dab5dc13681712afc9b6fb31d7865d5ac8c657220deff9f138fa8c.css
2024-02-21T04:15:42.3998518Z I, [2024-02-20T20:15:42.397993 #2234]  INFO -- : Writing /home/runner/work/human-essentials/human-essentials/public/assets/transfers-c9ab43ff53dab5dc13681712afc9b6fb31d7865d5ac8c657220deff9f138fa8c.css.gz
2024-02-21T04:15:42.4002165Z I, [2024-02-20T20:15:42.398384 #2234]  INFO -- : Writing /home/runner/work/human-essentials/human-essentials/public/assets/adminlte-886a0b559685ec92cd8dd4dbf957899292f9c0bd344c90c304d28973363a8eaf.js
2024-02-21T04:15:42.4032825Z I, [2024-02-20T20:15:42.400555 #2234]  INFO -- : Writing /home/runner/work/human-essentials/human-essentials/public/assets/adminlte-886a0b559685ec92cd8dd4dbf957899292f9c0bd344c90c304d28973363a8eaf.js.gz
2024-02-21T04:15:42.4036203Z I, [2024-02-20T20:15:42.400732 #2234]  INFO -- : Writing /home/runner/work/human-essentials/human-essentials/public/assets/application-f9d5a0970e6dc2d1d44ca8dfd6129e9fed2dccf1b460a6bba6eab9dd7aa61c92.js
2024-02-21T04:15:42.4040013Z I, [2024-02-20T20:15:42.400807 #2234]  INFO -- : Writing /home/runner/work/human-essentials/human-essentials/public/assets/application-f9d5a0970e6dc2d1d44ca8dfd6129e9fed2dccf1b460a6bba6eab9dd7aa61c92.js.gz
2024-02-21T04:15:42.4043854Z I, [2024-02-20T20:15:42.400909 #2234]  INFO -- : Writing /home/runner/work/human-essentials/human-essentials/public/assets/cocoon-js-vanilla-cc8e46e9b16a6217f3c14c60ca346454c9c01d8d41e5c073ae14f85fac052e96.js
2024-02-21T04:15:42.4047837Z I, [2024-02-20T20:15:42.400978 #2234]  INFO -- : Writing /home/runner/work/human-essentials/human-essentials/public/assets/cocoon-js-vanilla-cc8e46e9b16a6217f3c14c60ca346454c9c01d8d41e5c073ae14f85fac052e96.js.gz
2024-02-21T04:15:42.4051500Z I, [2024-02-20T20:15:42.401073 #2234]  INFO -- : Writing /home/runner/work/human-essentials/human-essentials/public/assets/controllers/application-368d98631bccbf2349e0d4f8269afb3fe9625118341966de054759d96ea86c7e.js
2024-02-21T04:15:42.4055071Z I, [2024-02-20T20:15:42.401137 #2234]  INFO -- : Writing /home/runner/work/human-essentials/human-essentials/public/assets/controllers/application-368d98631bccbf2349e0d4f8269afb3fe9625118341966de054759d96ea86c7e.js.gz
2024-02-21T04:15:42.4058770Z I, [2024-02-20T20:15:42.401224 #2234]  INFO -- : Writing /home/runner/work/human-essentials/human-essentials/public/assets/controllers/area_served_controller-c8c048ef9ee2d145ba8408cda63546aff8ce9170e9cafb34075ebb01b43c6c34.js
2024-02-21T04:15:42.4062480Z I, [2024-02-20T20:15:42.401285 #2234]  INFO -- : Writing /home/runner/work/human-essentials/human-essentials/public/assets/controllers/area_served_controller-c8c048ef9ee2d145ba8408cda63546aff8ce9170e9cafb34075ebb01b43c6c34.js.gz
2024-02-21T04:15:42.4066184Z I, [2024-02-20T20:15:42.401373 #2234]  INFO -- : Writing /home/runner/work/human-essentials/human-essentials/public/assets/controllers/checkbox_with_nested_element_controller-1645dd2a3a857d546354c90b0c415a9d1dd4de6974048fd41bfc1d6f45ccb3eb.js
2024-02-21T04:15:42.4070057Z I, [2024-02-20T20:15:42.401433 #2234]  INFO -- : Writing /home/runner/work/human-essentials/human-essentials/public/assets/controllers/checkbox_with_nested_element_controller-1645dd2a3a857d546354c90b0c415a9d1dd4de6974048fd41bfc1d6f45ccb3eb.js.gz
2024-02-21T04:15:42.4073818Z I, [2024-02-20T20:15:42.401521 #2234]  INFO -- : Writing /home/runner/work/human-essentials/human-essentials/public/assets/controllers/distribution_delivery_controller-89fc613f734c2b1538c1e9948abeb353ea73d22678fc08597d48fa36a70c5c51.js
2024-02-21T04:15:42.4077833Z I, [2024-02-20T20:15:42.401582 #2234]  INFO -- : Writing /home/runner/work/human-essentials/human-essentials/public/assets/controllers/distribution_delivery_controller-89fc613f734c2b1538c1e9948abeb353ea73d22678fc08597d48fa36a70c5c51.js.gz
2024-02-21T04:15:42.4081494Z I, [2024-02-20T20:15:42.401666 #2234]  INFO -- : Writing /home/runner/work/human-essentials/human-essentials/public/assets/controllers/double_select_controller-bb2e4a65f2c66cacc8ec4dd491c2233b0aac53187ebe1fbaaffedfbaf7db9099.js
2024-02-21T04:15:42.4085343Z I, [2024-02-20T20:15:42.401726 #2234]  INFO -- : Writing /home/runner/work/human-essentials/human-essentials/public/assets/controllers/double_select_controller-bb2e4a65f2c66cacc8ec4dd491c2233b0aac53187ebe1fbaaffedfbaf7db9099.js.gz
2024-02-21T04:15:42.4089625Z I, [2024-02-20T20:15:42.401809 #2234]  INFO -- : Writing /home/runner/work/human-essentials/human-essentials/public/assets/controllers/highchart_controller-7640167d6e3481659a5ead23f046e3c6852c08e30ce8aa6f09aa5cce0f7ea02d.js
2024-02-21T04:15:42.4093689Z I, [2024-02-20T20:15:42.401870 #2234]  INFO -- : Writing /home/runner/work/human-essentials/human-essentials/public/assets/controllers/highchart_controller-7640167d6e3481659a5ead23f046e3c6852c08e30ce8aa6f09aa5cce0f7ea02d.js.gz
2024-02-21T04:15:42.4097548Z I, [2024-02-20T20:15:42.401956 #2234]  INFO -- : Writing /home/runner/work/human-essentials/human-essentials/public/assets/controllers/index-2db729dddcc5b979110e98de4b6720f83f91a123172e87281d5a58410fc43806.js
2024-02-21T04:15:42.4101346Z I, [2024-02-20T20:15:42.402016 #2234]  INFO -- : Writing /home/runner/work/human-essentials/human-essentials/public/assets/controllers/index-2db729dddcc5b979110e98de4b6720f83f91a123172e87281d5a58410fc43806.js.gz
2024-02-21T04:15:42.4105097Z I, [2024-02-20T20:15:42.402104 #2234]  INFO -- : Writing /home/runner/work/human-essentials/human-essentials/public/assets/controllers/request_item_controller-3d80a8cfc8c3931a9addd9502dd972f6b9b6df1b44435b3ec0371f2dd5aef579.js
2024-02-21T04:15:42.4109150Z I, [2024-02-20T20:15:42.402169 #2234]  INFO -- : Writing /home/runner/work/human-essentials/human-essentials/public/assets/controllers/request_item_controller-3d80a8cfc8c3931a9addd9502dd972f6b9b6df1b44435b3ec0371f2dd5aef579.js.gz
2024-02-21T04:15:42.4111803Z I, [2024-02-20T20:15:42.402253 #2234]  INFO -- : Writing /home/runner/work/human-essentials/human-essentials/public/assets/controllers/select2_controller-13c15fa4f8996b06b43552325b12e3a14e158db06264b83cfff2e521a16fceeb.js
2024-02-21T04:15:42.4113973Z I, [2024-02-20T20:15:42.402313 #2234]  INFO -- : Writing /home/runner/work/human-essentials/human-essentials/public/assets/controllers/select2_controller-13c15fa4f8996b06b43552325b12e3a14e158db06264b83cfff2e521a16fceeb.js.gz
2024-02-21T04:15:42.4116306Z I, [2024-02-20T20:15:42.402399 #2234]  INFO -- : Writing /home/runner/work/human-essentials/human-essentials/public/assets/controllers/served_area_controller-37738489813fc06349f3fb1bc7abc5d5493318ce553f1bebbfa1f8fe06ebfb4a.js
2024-02-21T04:15:42.4118903Z I, [2024-02-20T20:15:42.402462 #2234]  INFO -- : Writing /home/runner/work/human-essentials/human-essentials/public/assets/controllers/served_area_controller-37738489813fc06349f3fb1bc7abc5d5493318ce553f1bebbfa1f8fe06ebfb4a.js.gz
2024-02-21T04:15:42.4121088Z I, [2024-02-20T20:15:42.402638 #2234]  INFO -- : Writing /home/runner/work/human-essentials/human-essentials/public/assets/controllers/turbo_controller-fccb6961e984a4e30ac5da2e1cf185bbfb9d9e8677a0bf2e284ec349e7b0db17.js
2024-02-21T04:15:42.4123386Z I, [2024-02-20T20:15:42.402698 #2234]  INFO -- : Writing /home/runner/work/human-essentials/human-essentials/public/assets/controllers/turbo_controller-fccb6961e984a4e30ac5da2e1cf185bbfb9d9e8677a0bf2e284ec349e7b0db17.js.gz
2024-02-21T04:15:42.4125482Z I, [2024-02-20T20:15:42.402787 #2234]  INFO -- : Writing /home/runner/work/human-essentials/human-essentials/public/assets/startup-bf111fcbf368bc988dfcb050d057ec73e21f190d7921e15689dd5ebf674e6d00.js
2024-02-21T04:15:42.4127463Z I, [2024-02-20T20:15:42.402852 #2234]  INFO -- : Writing /home/runner/work/human-essentials/human-essentials/public/assets/startup-bf111fcbf368bc988dfcb050d057ec73e21f190d7921e15689dd5ebf674e6d00.js.gz
2024-02-21T04:15:42.4129553Z I, [2024-02-20T20:15:42.402941 #2234]  INFO -- : Writing /home/runner/work/human-essentials/human-essentials/public/assets/utils/barcode_items-ee1050c4d1ade4569ef6cfc83d5f4792f67daabaca0ae24f75455737fea0a72b.js
2024-02-21T04:15:42.4155045Z I, [2024-02-20T20:15:42.415063 #2234]  INFO -- : Writing /home/runner/work/human-essentials/human-essentials/public/assets/utils/barcode_items-ee1050c4d1ade4569ef6cfc83d5f4792f67daabaca0ae24f75455737fea0a72b.js.gz
2024-02-21T04:15:42.4172704Z I, [2024-02-20T20:15:42.415979 #2234]  INFO -- : Writing /home/runner/work/human-essentials/human-essentials/public/assets/utils/barcode_scan-757b66b6921154f49e7cc4c5dc2f146f91f1648beffaa8ef106d94585a273ba9.js
2024-02-21T04:15:42.4176223Z I, [2024-02-20T20:15:42.416186 #2234]  INFO -- : Writing /home/runner/work/human-essentials/human-essentials/public/assets/utils/barcode_scan-757b66b6921154f49e7cc4c5dc2f146f91f1648beffaa8ef106d94585a273ba9.js.gz
2024-02-21T04:15:42.4179698Z I, [2024-02-20T20:15:42.416316 #2234]  INFO -- : Writing /home/runner/work/human-essentials/human-essentials/public/assets/utils/deadline_day_pickers-b0b264db9e3c8107c161cc4571e71cf901bcc511175271d218a553c4e1889065.js
2024-02-21T04:15:42.4183643Z I, [2024-02-20T20:15:42.416393 #2234]  INFO -- : Writing /home/runner/work/human-essentials/human-essentials/public/assets/utils/deadline_day_pickers-b0b264db9e3c8107c161cc4571e71cf901bcc511175271d218a553c4e1889065.js.gz
2024-02-21T04:15:42.4187194Z I, [2024-02-20T20:15:42.416491 #2234]  INFO -- : Writing /home/runner/work/human-essentials/human-essentials/public/assets/utils/distributions_and_transfers-1f9709e9a8df250acfe3e7a79f1501b2696b1f36d5adcf083a61a1b005cce3d2.js
2024-02-21T04:15:42.4191054Z I, [2024-02-20T20:15:42.416556 #2234]  INFO -- : Writing /home/runner/work/human-essentials/human-essentials/public/assets/utils/distributions_and_transfers-1f9709e9a8df250acfe3e7a79f1501b2696b1f36d5adcf083a61a1b005cce3d2.js.gz
2024-02-21T04:15:42.4194780Z I, [2024-02-20T20:15:42.416648 #2234]  INFO -- : Writing /home/runner/work/human-essentials/human-essentials/public/assets/utils/donations-1c3e9a15fc370afd2c3836ccf8dde6013c35412a8d83cf6c1e31bec95ef72b26.js
2024-02-21T04:15:42.4198397Z I, [2024-02-20T20:15:42.416712 #2234]  INFO -- : Writing /home/runner/work/human-essentials/human-essentials/public/assets/utils/donations-1c3e9a15fc370afd2c3836ccf8dde6013c35412a8d83cf6c1e31bec95ef72b26.js.gz
2024-02-21T04:15:42.4201802Z I, [2024-02-20T20:15:42.416799 #2234]  INFO -- : Writing /home/runner/work/human-essentials/human-essentials/public/assets/utils/purchases-5c814ba098feaa8a7b4abff24267c1da909f3e52e12c97660f8a0b8c1ff4aea1.js
2024-02-21T04:15:42.4205446Z I, [2024-02-20T20:15:42.416861 #2234]  INFO -- : Writing /home/runner/work/human-essentials/human-essentials/public/assets/utils/purchases-5c814ba098feaa8a7b4abff24267c1da909f3e52e12c97660f8a0b8c1ff4aea1.js.gz
2024-02-21T04:15:42.4213920Z I, [2024-02-20T20:15:42.420995 #2234]  INFO -- : Writing /home/runner/work/human-essentials/human-essentials/public/assets/filterrific-f3a290db250e05344fd62c216b903689f73eff5e270ef021e425551006092e08.js
2024-02-21T04:15:42.4217853Z I, [2024-02-20T20:15:42.421176 #2234]  INFO -- : Writing /home/runner/work/human-essentials/human-essentials/public/assets/filterrific-f3a290db250e05344fd62c216b903689f73eff5e270ef021e425551006092e08.js.gz
2024-02-21T04:15:42.4221340Z I, [2024-02-20T20:15:42.421310 #2234]  INFO -- : Writing /home/runner/work/human-essentials/human-essentials/public/assets/stimulusloading-1fc59770fb1654500044afd3f5f6d7d00800e5be36746d55b94a2963a7a228aa.js
2024-02-21T04:15:42.4224642Z I, [2024-02-20T20:15:42.421399 #2234]  INFO -- : Writing /home/runner/work/human-essentials/human-essentials/public/assets/stimulusloading-1fc59770fb1654500044afd3f5f6d7d00800e5be36746d55b94a2963a7a228aa.js.gz
2024-02-21T04:15:42.4227912Z I, [2024-02-20T20:15:42.421511 #2234]  INFO -- : Writing /home/runner/work/human-essentials/human-essentials/public/assets/turbo-4851a9a0b1d947e810dfd0448a72aef261d455183ebea681f4f28a73640a9ece.js
2024-02-21T04:15:42.4321028Z I, [2024-02-20T20:15:42.431759 #2234]  INFO -- : Writing /home/runner/work/human-essentials/human-essentials/public/assets/turbo-4851a9a0b1d947e810dfd0448a72aef261d455183ebea681f4f28a73640a9ece.js.gz
2024-02-21T04:15:42.4338972Z I, [2024-02-20T20:15:42.431888 #2234]  INFO -- : Writing /home/runner/work/human-essentials/human-essentials/public/assets/turbo.min-f309baafa3ae5ad6ccee3e7362118b87678d792db8e8ab466c4fa284dd3a4700.js
2024-02-21T04:15:42.4342532Z I, [2024-02-20T20:15:42.431964 #2234]  INFO -- : Writing /home/runner/work/human-essentials/human-essentials/public/assets/turbo.min-f309baafa3ae5ad6ccee3e7362118b87678d792db8e8ab466c4fa284dd3a4700.js.gz
2024-02-21T04:15:42.4345969Z I, [2024-02-20T20:15:42.432068 #2234]  INFO -- : Writing /home/runner/work/human-essentials/human-essentials/public/assets/turbo.min.js-8bc8f4a58d1c106d58dec8bef6c638ff12ff4d078f19d8ebd8c4277f4c9bc85a.map
2024-02-21T04:15:42.4349602Z I, [2024-02-20T20:15:42.432141 #2234]  INFO -- : Writing /home/runner/work/human-essentials/human-essentials/public/assets/turbo.min.js-8bc8f4a58d1c106d58dec8bef6c638ff12ff4d078f19d8ebd8c4277f4c9bc85a.map.gz
2024-02-21T04:15:42.4353171Z I, [2024-02-20T20:15:42.432239 #2234]  INFO -- : Writing /home/runner/work/human-essentials/human-essentials/public/assets/stimulus-loading-3576ce92b149ad5d6959438c6f291e2426c86df3b874c525b30faad51b0d96b3.js
2024-02-21T04:15:42.4357339Z I, [2024-02-20T20:15:42.432311 #2234]  INFO -- : Writing /home/runner/work/human-essentials/human-essentials/public/assets/stimulus-loading-3576ce92b149ad5d6959438c6f291e2426c86df3b874c525b30faad51b0d96b3.js.gz
2024-02-21T04:15:42.4361220Z I, [2024-02-20T20:15:42.432484 #2234]  INFO -- : Writing /home/runner/work/human-essentials/human-essentials/public/assets/popper-003a40d80fd205e1fa00da117d5bdc19720ba330706eaa17f9ba9513fa502304.js
2024-02-21T04:15:42.4364461Z I, [2024-02-20T20:15:42.432554 #2234]  INFO -- : Writing /home/runner/work/human-essentials/human-essentials/public/assets/popper-003a40d80fd205e1fa00da117d5bdc19720ba330706eaa17f9ba9513fa502304.js.gz
2024-02-21T04:15:42.4367647Z I, [2024-02-20T20:15:42.432647 #2234]  INFO -- : Writing /home/runner/work/human-essentials/human-essentials/public/assets/actiontext-28c61f5197c204db043317a8f8826a87ab31495b741f854d307ca36122deefce.js
2024-02-21T04:15:42.4371173Z I, [2024-02-20T20:15:42.432715 #2234]  INFO -- : Writing /home/runner/work/human-essentials/human-essentials/public/assets/actiontext-28c61f5197c204db043317a8f8826a87ab31495b741f854d307ca36122deefce.js.gz
2024-02-21T04:15:42.4374352Z I, [2024-02-20T20:15:42.432808 #2234]  INFO -- : Writing /home/runner/work/human-essentials/human-essentials/public/assets/trix-1563ff9c10f74e143b3ded40a8458497eaf2f87a648a5cbbfebdb7dec3447a5e.js
2024-02-21T04:15:42.4377660Z I, [2024-02-20T20:15:42.432874 #2234]  INFO -- : Writing /home/runner/work/human-essentials/human-essentials/public/assets/trix-1563ff9c10f74e143b3ded40a8458497eaf2f87a648a5cbbfebdb7dec3447a5e.js.gz
2024-02-21T04:15:42.4380901Z I, [2024-02-20T20:15:42.432970 #2234]  INFO -- : Writing /home/runner/work/human-essentials/human-essentials/public/assets/trix-b0398dade8e5ac249fe98f2e850f45adbcdfecd8a11c46b3eb67bdedb87b1b04.css
2024-02-21T04:15:42.4384222Z I, [2024-02-20T20:15:42.433041 #2234]  INFO -- : Writing /home/runner/work/human-essentials/human-essentials/public/assets/trix-b0398dade8e5ac249fe98f2e850f45adbcdfecd8a11c46b3eb67bdedb87b1b04.css.gz
2024-02-21T04:15:42.4387540Z I, [2024-02-20T20:15:42.433135 #2234]  INFO -- : Writing /home/runner/work/human-essentials/human-essentials/public/assets/stimulus-f75215805563870a61ee9dc5a207ce46d4675c7e667558a54344fd1e7baa697f.js
2024-02-21T04:15:42.4390690Z I, [2024-02-20T20:15:42.433204 #2234]  INFO -- : Writing /home/runner/work/human-essentials/human-essentials/public/assets/stimulus-f75215805563870a61ee9dc5a207ce46d4675c7e667558a54344fd1e7baa697f.js.gz
2024-02-21T04:15:42.4394326Z I, [2024-02-20T20:15:42.433301 #2234]  INFO -- : Writing /home/runner/work/human-essentials/human-essentials/public/assets/stimulus-autoloader-c584942b568ba74879da31c7c3d51366737bacaf6fbae659383c0a5653685693.js
2024-02-21T04:15:42.4397963Z I, [2024-02-20T20:15:42.433376 #2234]  INFO -- : Writing /home/runner/work/human-essentials/human-essentials/public/assets/stimulus-autoloader-c584942b568ba74879da31c7c3d51366737bacaf6fbae659383c0a5653685693.js.gz
2024-02-21T04:15:42.4401666Z I, [2024-02-20T20:15:42.433471 #2234]  INFO -- : Writing /home/runner/work/human-essentials/human-essentials/public/assets/stimulus-importmap-autoloader-db2076c783bf2dbee1226e2add52fef290b5d31b5bcd1edd999ac8a6dd31c44a.js
2024-02-21T04:15:42.4405568Z I, [2024-02-20T20:15:42.433549 #2234]  INFO -- : Writing /home/runner/work/human-essentials/human-essentials/public/assets/stimulus-importmap-autoloader-db2076c783bf2dbee1226e2add52fef290b5d31b5bcd1edd999ac8a6dd31c44a.js.gz
2024-02-21T04:15:42.4412090Z I, [2024-02-20T20:15:42.439842 #2234]  INFO -- : Writing /home/runner/work/human-essentials/human-essentials/public/assets/stimulus-loading-3576ce92b149ad5d6959438c6f291e2426c86df3b874c525b30faad51b0d96b3.js.gz
2024-02-21T04:15:42.4415889Z I, [2024-02-20T20:15:42.439962 #2234]  INFO -- : Writing /home/runner/work/human-essentials/human-essentials/public/assets/stimulus.min-dd364f16ec9504dfb72672295637a1c8838773b01c0b441bd41008124c407894.js
2024-02-21T04:15:42.4419408Z I, [2024-02-20T20:15:42.440035 #2234]  INFO -- : Writing /home/runner/work/human-essentials/human-essentials/public/assets/stimulus.min-dd364f16ec9504dfb72672295637a1c8838773b01c0b441bd41008124c407894.js.gz
2024-02-21T04:15:42.4422653Z I, [2024-02-20T20:15:42.440127 #2234]  INFO -- : Writing /home/runner/work/human-essentials/human-essentials/public/assets/stimulus-autoloader-c584942b568ba74879da31c7c3d51366737bacaf6fbae659383c0a5653685693.js
2024-02-21T04:15:42.4426421Z I, [2024-02-20T20:15:42.440189 #2234]  INFO -- : Writing /home/runner/work/human-essentials/human-essentials/public/assets/stimulus-autoloader-c584942b568ba74879da31c7c3d51366737bacaf6fbae659383c0a5653685693.js.gz
2024-02-21T04:15:42.4430060Z I, [2024-02-20T20:15:42.440279 #2234]  INFO -- : Writing /home/runner/work/human-essentials/human-essentials/public/assets/stimulus-importmap-autoloader-db2076c783bf2dbee1226e2add52fef290b5d31b5bcd1edd999ac8a6dd31c44a.js
2024-02-21T04:15:42.4433794Z I, [2024-02-20T20:15:42.440339 #2234]  INFO -- : Writing /home/runner/work/human-essentials/human-essentials/public/assets/stimulus-importmap-autoloader-db2076c783bf2dbee1226e2add52fef290b5d31b5bcd1edd999ac8a6dd31c44a.js.gz
2024-02-21T04:15:42.4437806Z I, [2024-02-20T20:15:42.440446 #2234]  INFO -- : Writing /home/runner/work/human-essentials/human-essentials/public/assets/stimulus-loading-3576ce92b149ad5d6959438c6f291e2426c86df3b874c525b30faad51b0d96b3.js.gz
2024-02-21T04:15:42.4441180Z I, [2024-02-20T20:15:42.440558 #2234]  INFO -- : Writing /home/runner/work/human-essentials/human-essentials/public/assets/stimulus.min.js-2cc63625fa177963b45da974806e7aee846cbf1d4930815733d0fdf3fb232325.map
2024-02-21T04:15:42.4444514Z I, [2024-02-20T20:15:42.440628 #2234]  INFO -- : Writing /home/runner/work/human-essentials/human-essentials/public/assets/stimulus.min.js-2cc63625fa177963b45da974806e7aee846cbf1d4930815733d0fdf3fb232325.map.gz
2024-02-21T04:15:42.4448037Z I, [2024-02-20T20:15:42.440724 #2234]  INFO -- : Writing /home/runner/work/human-essentials/human-essentials/public/assets/activestorage-3ab61e47dd4ee2d79db525ade1dca2ede0ea2b7371fe587e408ee37b7ade265d.js
2024-02-21T04:15:42.4451374Z I, [2024-02-20T20:15:42.440792 #2234]  INFO -- : Writing /home/runner/work/human-essentials/human-essentials/public/assets/activestorage-3ab61e47dd4ee2d79db525ade1dca2ede0ea2b7371fe587e408ee37b7ade265d.js.gz
2024-02-21T04:15:42.4454850Z I, [2024-02-20T20:15:42.440887 #2234]  INFO -- : Writing /home/runner/work/human-essentials/human-essentials/public/assets/activestorage.esm-01f58a45d77495cdfbdfcc872902a430426c4391634ec9c3da5f69fbf8418492.js
2024-02-21T04:15:42.4458359Z I, [2024-02-20T20:15:42.440970 #2234]  INFO -- : Writing /home/runner/work/human-essentials/human-essentials/public/assets/activestorage.esm-01f58a45d77495cdfbdfcc872902a430426c4391634ec9c3da5f69fbf8418492.js.gz
2024-02-21T04:15:42.4461691Z I, [2024-02-20T20:15:42.441073 #2234]  INFO -- : Writing /home/runner/work/human-essentials/human-essentials/public/assets/actioncable-5433453f9b6619a9de91aaab2d7fc7ff183e5260c0107cbc9a1aa0c838d9a74e.js
2024-02-21T04:15:42.4465070Z I, [2024-02-20T20:15:42.441156 #2234]  INFO -- : Writing /home/runner/work/human-essentials/human-essentials/public/assets/actioncable-5433453f9b6619a9de91aaab2d7fc7ff183e5260c0107cbc9a1aa0c838d9a74e.js.gz
2024-02-21T04:15:42.4468435Z I, [2024-02-20T20:15:42.441264 #2234]  INFO -- : Writing /home/runner/work/human-essentials/human-essentials/public/assets/actioncable.esm-e01089c3ec4fe7817fa9abcad06cab6bdc387f95f0ca6aab4bf7ba7537f70690.js
2024-02-21T04:15:42.4471857Z I, [2024-02-20T20:15:42.441342 #2234]  INFO -- : Writing /home/runner/work/human-essentials/human-essentials/public/assets/actioncable.esm-e01089c3ec4fe7817fa9abcad06cab6bdc387f95f0ca6aab4bf7ba7537f70690.js.gz
2024-02-21T04:15:42.9238998Z Coverage report generated for RSpec to /home/runner/work/human-essentials/human-essentials/coverage. 329 / 10166 LOC (3.24%) covered.
2024-02-21T04:15:43.0045719Z ##[group]Run RUBYOPT='-W:no-deprecated -W:no-experimental' bin/knapsack_pro_rspec
2024-02-21T04:15:43.0046809Z [36;1mRUBYOPT='-W:no-deprecated -W:no-experimental' bin/knapsack_pro_rspec[0m
2024-02-21T04:15:43.0074596Z shell: /usr/bin/bash -e {0}
2024-02-21T04:15:43.0074985Z env:
2024-02-21T04:15:43.0075385Z   POSTGRES_HOST: localhost
2024-02-21T04:15:43.0075793Z   DATABASE_HOST: localhost
2024-02-21T04:15:43.0076183Z   PG_USERNAME: postgres
2024-02-21T04:15:43.0076618Z   PG_PASSWORD: password
2024-02-21T04:15:43.0077262Z   POSTGRES_HOST_AUTH_METHOD: trust
2024-02-21T04:15:43.0077667Z   POSTGRES_PORT: 5432
2024-02-21T04:15:43.0078097Z   PGHOST: localhost
2024-02-21T04:15:43.0078437Z   PGUSER: postgres
2024-02-21T04:15:43.0078800Z   RAILS_ENV: test
2024-02-21T04:15:43.0079226Z   KNAPSACK_PRO_TEST_SUITE_TOKEN_RSPEC: 
2024-02-21T04:15:43.0079632Z   KNAPSACK_PRO_CI_NODE_TOTAL: 6
2024-02-21T04:15:43.0080064Z   KNAPSACK_PRO_CI_NODE_INDEX: 1
2024-02-21T04:15:43.0080714Z   KNAPSACK_PRO_RSPEC_SPLIT_BY_TEST_EXAMPLES: true
2024-02-21T04:15:43.0081176Z   KNAPSACK_PRO_LOG_LEVEL: info
2024-02-21T04:15:43.0081834Z   KNAPSACK_PRO_TEST_FILE_PATTERN: {spec/system/**{,/*/**}/*_spec.rb,spec/requests/**{,/*/**}/*_spec.rb}
2024-02-21T04:15:43.0082491Z   EVENTS_READ: true
2024-02-21T04:15:43.0082851Z ##[endgroup]
2024-02-21T04:15:48.6786436Z W, [2024-02-21T04:15:48.678316 #2318]  WARN -- : [knapsack_pro] GET https://api-disabled-for-fork.knapsackpro.com/v1/build_distributions/last
2024-02-21T04:15:48.6798237Z W, [2024-02-21T04:15:48.678375 #2318]  WARN -- : [knapsack_pro] Request failed due to:
2024-02-21T04:15:48.6800757Z W, [2024-02-21T04:15:48.678393 #2318]  WARN -- : [knapsack_pro] #<SocketError: Failed to open TCP connection to api-disabled-for-fork.knapsackpro.com:443 (getaddrinfo: Name or service not known)>
2024-02-21T04:15:48.6806244Z W, [2024-02-21T04:15:48.678416 #2318]  WARN -- : [knapsack_pro] Slow test files fallback behaviour started. We could not connect with Knapsack Pro API to fetch last CI build test files that are needed to determine slow test files. No test files will be split by test cases. It means all test files will be split by the whole test files as if split by test cases would be disabled https://knapsackpro.com/perma/ruby/split-by-test-examples
2024-02-21T04:15:51.2839413Z W, [2024-02-21T04:15:51.283562 #2318]  WARN -- : [knapsack_pro] POST https://api-disabled-for-fork.knapsackpro.com/v1/build_distributions/subset
2024-02-21T04:15:51.2842048Z W, [2024-02-21T04:15:51.283617 #2318]  WARN -- : [knapsack_pro] Request failed due to:
2024-02-21T04:15:51.2846565Z W, [2024-02-21T04:15:51.283641 #2318]  WARN -- : [knapsack_pro] #<SocketError: Failed to open TCP connection to api-disabled-for-fork.knapsackpro.com:443 (getaddrinfo: Name or service not known)>
2024-02-21T04:15:51.2850689Z W, [2024-02-21T04:15:51.283726 #2318]  WARN -- : [knapsack_pro] Fallback mode started. We could not connect with Knapsack Pro API. Your tests will be executed based on directory names. Read more about fallback mode at https://knapsackpro.com/perma/ruby/fallback-mode
2024-02-21T04:15:51.2903174Z /opt/hostedtoolcache/Ruby/3.2.2/x64/bin/ruby -I/home/runner/work/human-essentials/human-essentials/vendor/bundle/ruby/3.2.0/gems/rspec-core-3.12.2/lib:/home/runner/work/human-essentials/human-essentials/vendor/bundle/ruby/3.2.0/gems/rspec-support-3.12.1/lib /home/runner/work/human-essentials/human-essentials/vendor/bundle/ruby/3.2.0/gems/rspec-core-3.12.2/exe/rspec  --format documentation --format KnapsackPro::Formatters::TimeTracker --default-path spec "spec/requests/adjustments_requests_spec.rb" "spec/requests/admin/partners_requests_spec.rb" "spec/requests/barcode_items_requests_spec.rb" "spec/requests/donations_requests_spec.rb" "spec/requests/partners/dashboard_requests_spec.rb" "spec/requests/partners/requests_spec.rb" "spec/requests/purchases_requests_spec.rb" "spec/requests/transfers_requests_spec.rb" "spec/system/adjustment_system_spec.rb" "spec/system/admin/users_system_spec.rb" "spec/system/distribution_system_spec.rb" "spec/system/layout_system_spec.rb" "spec/system/partner_system_spec.rb" "spec/system/partners/partner_distribution_system_spec.rb" "spec/system/question_system_spec.rb"
2024-02-21T04:15:59.7515693Z 
2024-02-21T04:15:59.7516469Z Randomized with seed 43480
2024-02-21T04:16:00.6844425Z 
2024-02-21T04:16:00.6845237Z Admin::Partners
2024-02-21T04:16:00.6846074Z   When logged in as a super admin
2024-02-21T04:16:00.6847571Z     GET #index
2024-02-21T04:16:00.7518564Z       returns http success
2024-02-21T04:16:00.7519143Z     GET #show
2024-02-21T04:16:00.8021362Z       returns http success
2024-02-21T04:16:00.8022337Z     GET #edit
2024-02-21T04:16:00.8545230Z       returns http success
2024-02-21T04:16:00.8546159Z     PUT #update
2024-02-21T04:16:00.8546964Z       unsuccessful save due to empty params
2024-02-21T04:16:00.9146942Z         renders #edit template with error message
2024-02-21T04:16:00.9147797Z       successful save
2024-02-21T04:16:00.9504036Z         redirects
2024-02-21T04:16:00.9903125Z         updates partner
2024-02-21T04:16:00.9904054Z 
2024-02-21T04:16:00.9904336Z Transfers
2024-02-21T04:16:00.9905657Z   While signed in
2024-02-21T04:16:00.9907374Z     GET #show
2024-02-21T04:16:01.0599205Z       returns http success
2024-02-21T04:16:01.0600152Z     DELETE #destroy
2024-02-21T04:16:01.0600928Z       when the transfer destroy service was successful
2024-02-21T04:16:01.0854515Z         should set a notice flash with the success message and redirect to index
2024-02-21T04:16:01.0855924Z       when the transfer destroy service was not successful
2024-02-21T04:16:01.1065137Z         should set a error flash with the error message and redirect to index
2024-02-21T04:16:01.1065891Z     GET #index
2024-02-21T04:16:01.1067152Z       html
2024-02-21T04:16:01.1426973Z         is expected to be successful
2024-02-21T04:16:01.1427880Z         when filtering by date
2024-02-21T04:16:01.1428768Z           when date parameters are not supplied
2024-02-21T04:16:01.2144255Z             returns all objects
2024-02-21T04:16:01.2145122Z           when date parameters are supplied
2024-02-21T04:16:01.2727459Z             only returns the correct obejects
2024-02-21T04:16:01.2728268Z       csv
2024-02-21T04:16:01.2905302Z         is expected to be successful
2024-02-21T04:16:01.2906162Z     Looking at a different organization
2024-02-21T04:16:01.4753946Z       redirects the user to the sign-in page for CRUD actions
2024-02-21T04:16:01.4754875Z     POST #create
2024-02-21T04:16:01.5297137Z       renders to #new when failing
2024-02-21T04:16:01.5773072Z       redirects to #index when successful
2024-02-21T04:16:01.5773907Z     GET #new
2024-02-21T04:16:01.6177766Z       returns http success
2024-02-21T04:16:01.6178680Z   While not signed in
2024-02-21T04:16:01.6320106Z     redirects the user to the sign-in page for CRUD actions
2024-02-21T04:16:01.6320699Z 
2024-02-21T04:16:01.6323707Z /partners/dashboard
2024-02-21T04:16:01.7778437Z   displays upcoming distributions
2024-02-21T04:16:01.7779432Z   BroadcastAnnouncement card
2024-02-21T04:16:01.8369798Z     displays announcements if there are valid ones
2024-02-21T04:16:01.8907346Z     doesn't display announcements if there are not valid ones
2024-02-21T04:16:01.9469570Z     doesn't display announcements from super admins
2024-02-21T04:16:01.9470515Z   with just partner role
2024-02-21T04:16:01.9989090Z     should not display the switch link
2024-02-21T04:16:01.9989826Z   with both roles
2024-02-21T04:16:02.0552731Z     should include the switch link
2024-02-21T04:16:02.0553590Z   GET #index
2024-02-21T04:16:02.1343699Z     displays requests that are pending
2024-02-21T04:16:02.2154137Z     does not display requests in other states
2024-02-21T04:16:02.2154979Z 
2024-02-21T04:16:02.2155371Z Partner management
2024-02-21T04:16:02.2158506Z   changing partner group association
2024-02-21T04:16:02.2159527Z     when the partner has no partner group
2024-02-21T04:16:03.4839691Z       it should say they can request every item
2024-02-21T04:16:03.4841068Z     when a partner is assigned to partner group
2024-02-21T04:16:03.4842350Z       that has requestable item categories
2024-02-21T04:16:04.6188895Z         should properly indicate the requestable items and adjust the partners requestable items
2024-02-21T04:16:04.6189823Z       that has no requestable item categories
2024-02-21T04:16:05.7024258Z         should properly indicate the requestable items and adjust the partners requestable items
2024-02-21T04:16:05.7025595Z   one step inviting a partner
2024-02-21T04:16:05.7026486Z     when partner is uninvited and one step partner invite setting is on
2024-02-21T04:16:06.1702867Z Modal window with text `One step invite and approve Leslie Sue, the 14 to begin using the partner application?` has been opened, but you didn't wrap your code into (`accept_prompt` | `dismiss_prompt` | `accept_confirm` | `dismiss_confirm` | `accept_alert`), accepting by default
2024-02-21T04:16:06.5939644Z       shows Invite and Approve button and approves the partner when clicked
2024-02-21T04:16:06.5940549Z     when one step partner invite setting is off
2024-02-21T04:16:07.0893905Z       does not show invite and approve button
2024-02-21T04:16:07.0894842Z   #edit
2024-02-21T04:16:07.9350317Z     User can update a partner
2024-02-21T04:16:08.7483715Z     prevents a user from updating a partner with empty name
2024-02-21T04:16:09.7106767Z     User can uncheck send_reminders
2024-02-21T04:16:09.7107690Z   #approve_partner
2024-02-21T04:16:09.7108393Z     when partner has :invited status
2024-02-21T04:16:10.5577141Z       is expected to have visible link or button "Approve Partner"
2024-02-21T04:16:10.5578174Z     when partner has :awaiting_review status
2024-02-21T04:16:11.3877053Z       is expected to have visible link or button "Approve Partner"
2024-02-21T04:16:11.3878523Z     when viewing a partner's users
2024-02-21T04:16:11.9299120Z       can show users of a partner
2024-02-21T04:16:11.9299876Z   partner group management
2024-02-21T04:16:11.9300818Z     editing a existing partner group
2024-02-21T04:16:15.4718203Z       should allow updating the partner name
2024-02-21T04:16:15.4720838Z     creating a new partner group
2024-02-21T04:16:16.9256031Z       should allow creating a new partner group with item categories
2024-02-21T04:16:16.9256929Z   adding a new partner and inviting them
2024-02-21T04:16:16.9257862Z     when adding a partner incorrectly
2024-02-21T04:16:17.9524074Z       should have not added a new partner and indicate the failure
2024-02-21T04:16:17.9525148Z     when adding & inviting a partner successfully
2024-02-21T04:16:19.3543591Z       should have added the partner and invited them
2024-02-21T04:16:19.3544582Z   #index
2024-02-21T04:16:20.4652917Z     allows a user to invite a partner
2024-02-21T04:16:21.0300582Z     displays the partner agency names in alphabetical order
2024-02-21T04:16:21.6381628Z     shows invite button only for unapproved partners
2024-02-21T04:16:21.6382677Z     when exporting as CSV
2024-02-21T04:16:21.6383275Z       when filtering
2024-02-21T04:16:22.5438781Z         preserves the filter constraints in the CSV output
2024-02-21T04:16:22.5439521Z     when filtering
2024-02-21T04:16:23.3993220Z       allows the user to click on one of the statuses at the top to filter the results
2024-02-21T04:16:23.3994401Z   requesting recertification of a partner
2024-02-21T04:16:23.3995441Z     GIVEN a user goes through the process of requesting recertification of partner
2024-02-21T04:16:24.1989884Z       should notify the user that its been successful and change the partner status
2024-02-21T04:16:24.1990948Z   #show
2024-02-21T04:16:24.1991903Z     when exporting as CSV
2024-02-21T04:16:24.1992834Z       when filtering
2024-02-21T04:16:25.0270913Z         preserves the filter constraints in the CSV output
2024-02-21T04:16:25.0271723Z     when viewing an uninvited partner
2024-02-21T04:16:25.5281356Z       only has an edit option available
2024-02-21T04:16:25.5281961Z     when viewing a deactivated partner
2024-02-21T04:16:26.0408619Z       allows reactivation
2024-02-21T04:16:26.0409822Z     when viewing an invited partner as a partner
2024-02-21T04:16:26.6236625Z       redirects user to partners page root page (dashboard) with error message
2024-02-21T04:16:26.6237902Z   #new
2024-02-21T04:16:27.3875419Z     disallows a user from creating a new partner with empty name
2024-02-21T04:16:28.3410592Z     User can add a new partner
2024-02-21T04:16:28.8263626Z     should not display inactive storage locations in dropdown
2024-02-21T04:16:28.8264643Z   approving a partner that is awaiting approval
2024-02-21T04:16:28.8265226Z     when the approval does not succeed
2024-02-21T04:16:29.9317790Z       should show an error message and not approve the partner
2024-02-21T04:16:29.9318684Z     when the approval succeeds
2024-02-21T04:16:31.0433187Z       should approve the partner
2024-02-21T04:16:31.0434313Z 
2024-02-21T04:16:31.0436395Z Adjustment management
2024-02-21T04:16:31.9088845Z   can filter the #index by storage location
2024-02-21T04:16:32.8017880Z   can filter the #index by user
2024-02-21T04:16:33.3371612Z   should not display inactive storage locations in dropdown
2024-02-21T04:16:33.3372493Z   With a new adjustment
2024-02-21T04:16:33.8575524Z     should not display inactive storage locations in dropdown
2024-02-21T04:16:33.8576160Z     with a storage location that is bare
2024-02-21T04:16:35.0503675Z       allows you to choose items that do not yet exist
2024-02-21T04:16:35.0504774Z     with a storage location that has inventory
2024-02-21T04:16:36.7935893Z       politely informs the user that they're adjusting way too hard
2024-02-21T04:16:37.9563907Z       can add an inventory adjustment at a storage location
2024-02-21T04:16:39.9158679Z       politely informs the user if they try to adjust down below zero, even if they use multiple adjustments to do so
2024-02-21T04:16:41.4459063Z       Does not include inactive items in the line item fields
2024-02-21T04:16:42.6252841Z       can subtract an inventory adjustment at a storage location
2024-02-21T04:16:42.6254019Z   behaves like Date Range Picker
2024-02-21T04:16:42.6254843Z     when choosing a date range that only includes the previous week
2024-02-21T04:16:43.6032586Z       shows only 1 record
2024-02-21T04:16:43.6033561Z     when choosing 'Last Month'
2024-02-21T04:16:44.5792379Z       shows only 2 of the records
2024-02-21T04:16:44.5793417Z     when choosing 'All Time'
2024-02-21T04:16:45.5700063Z       shows all the records
2024-02-21T04:16:45.5701353Z 
2024-02-21T04:16:45.5701663Z Purchases
2024-02-21T04:16:45.5702879Z   While signed in as a user >
2024-02-21T04:16:45.5704231Z     DELETE #destroy
2024-02-21T04:16:45.6133286Z       does not delete a purchase
2024-02-21T04:16:45.6352172Z       redirects to the dashboard
2024-02-21T04:16:45.6353342Z     GET #index
2024-02-21T04:16:45.6353953Z       html
2024-02-21T04:16:45.6857112Z         is expected to be successful
2024-02-21T04:16:45.7166731Z       csv
2024-02-21T04:16:45.7167423Z         is expected to be successful
2024-02-21T04:16:45.7168281Z     GET #new
2024-02-21T04:16:45.7648090Z       is expected to be successful
2024-02-21T04:16:45.7649100Z     POST#create
2024-02-21T04:16:45.7650026Z       on failure
2024-02-21T04:16:45.8134915Z         renders GET#new with error
2024-02-21T04:16:45.8135517Z       on success
2024-02-21T04:16:45.8617163Z         accepts :amount_spent_in_cents with dollar signs, commas, and periods
2024-02-21T04:16:45.9321750Z         storage location defaults to organizations storage location
2024-02-21T04:16:45.9798856Z         redirects to GET#edit
2024-02-21T04:16:45.9799593Z     GET #edit
2024-02-21T04:16:46.0359774Z       storage location is correct
2024-02-21T04:16:46.0904484Z       returns http success
2024-02-21T04:16:46.0905267Z       when no audit has been performed
2024-02-21T04:16:46.2082372Z         does not show a warning
2024-02-21T04:16:46.2085310Z       when non-finalized audit has been performed on the purchased items
2024-02-21T04:16:46.3487697Z         does not show a warning
2024-02-21T04:16:46.3489575Z       when an finalized audit has been performed on the purchased items
2024-02-21T04:16:46.4884711Z         shows a warning
2024-02-21T04:16:46.4885673Z     GET #show
2024-02-21T04:16:46.5294263Z       returns http success
2024-02-21T04:16:46.5294961Z     PUT#update
2024-02-21T04:16:46.6534537Z       updates storage quantity correctly
2024-02-21T04:16:46.6927925Z       redirects to index after update
2024-02-21T04:16:46.6929105Z       when changing storage location
2024-02-21T04:16:46.8136195Z         updates storage quantity correctly
2024-02-21T04:16:46.8173389Z         rollsback updates if quantity would go below 0
2024-02-21T04:16:46.8174421Z       when removing a line item
2024-02-21T04:16:46.9334024Z         updates storage invetory item quantity correctly
2024-02-21T04:16:46.9335273Z   While signed in as an organizational admin
2024-02-21T04:16:46.9336047Z     DELETE #destroy
2024-02-21T04:16:46.9739439Z       redirects to the index
2024-02-21T04:16:47.0119632Z       deletes a purchase
2024-02-21T04:16:47.1102986Z       decreases storage location inventory
2024-02-21T04:16:47.1465909Z       displays the proper flash notice
2024-02-21T04:16:47.1467129Z 
2024-02-21T04:16:47.1467455Z BarcodeItems
2024-02-21T04:16:47.1468622Z   While signed in
2024-02-21T04:16:47.1470876Z     GET #show
2024-02-21T04:16:47.1471748Z       with a normal barcode item
2024-02-21T04:16:47.1942958Z         returns http success
2024-02-21T04:16:47.1944056Z       with a global barcode item
2024-02-21T04:16:47.2272564Z         returns a 404
2024-02-21T04:16:47.2273282Z     DELETE #destroy
2024-02-21T04:16:47.2614575Z       redirects to the index
2024-02-21T04:16:47.2817423Z       disallows a non-superadmin to delete a global barcode
2024-02-21T04:16:47.4716292Z       disallows a user to delete someone else's barcode
2024-02-21T04:16:47.4717474Z     Looking at a different organization
2024-02-21T04:16:47.6484645Z       redirects the user to the sign-in page for CRUD actions
2024-02-21T04:16:47.6485790Z     GET #edit
2024-02-21T04:16:47.6486222Z       with a normal barcode item
2024-02-21T04:16:47.6908254Z         returns http success
2024-02-21T04:16:47.6909177Z       with a global barcode item
2024-02-21T04:16:47.7222009Z         returns a 404
2024-02-21T04:16:47.7223047Z     GET #new
2024-02-21T04:16:47.7542837Z       returns http success
2024-02-21T04:16:47.7543620Z     GET #find
2024-02-21T04:16:47.7544441Z       via ajax
2024-02-21T04:16:47.9600926Z         can find a barcode that is scoped to just this organization
2024-02-21T04:16:48.1598375Z         can find a barcode that's universally available
2024-02-21T04:16:48.1599552Z         when it's missing
2024-02-21T04:16:48.3612268Z           returns a 404
2024-02-21T04:16:48.3613065Z     GET #index
2024-02-21T04:16:48.3614008Z       csv
2024-02-21T04:16:48.3850092Z         is expected to be successful
2024-02-21T04:16:48.3851186Z       html
2024-02-21T04:16:48.4274813Z         is expected to be successful
2024-02-21T04:16:48.4275500Z 
2024-02-21T04:16:48.4275910Z Admin Users Management
2024-02-21T04:16:48.4277566Z   While signed in as an Administrative User (super admin)
2024-02-21T04:16:49.4846963Z     filters users by name
2024-02-21T04:16:50.5125311Z     creates an user
2024-02-21T04:16:51.2683747Z     deletes an existing user
2024-02-21T04:16:52.3251088Z     edits an existing user
2024-02-21T04:16:52.8190019Z     filters users by email
2024-02-21T04:16:54.4767779Z     adds a role
2024-02-21T04:16:54.4768436Z 
2024-02-21T04:16:54.4768635Z Layout
2024-02-21T04:16:54.4770039Z   Body CSS Data
2024-02-21T04:16:55.4461934Z     sets the ID to the controller and the class to the action
2024-02-21T04:16:55.4462814Z 
2024-02-21T04:16:55.4463044Z Adjustments
2024-02-21T04:16:55.4464427Z   while signed in
2024-02-21T04:16:55.4465586Z     GET #show
2024-02-21T04:16:55.4846245Z       is expected to be successful
2024-02-21T04:16:55.4847117Z     GET #index
2024-02-21T04:16:55.4847522Z       html
2024-02-21T04:16:55.5286392Z         is successful
2024-02-21T04:16:55.5287392Z         when filtering by date
2024-02-21T04:16:55.5288483Z           when date parameters are supplied
2024-02-21T04:16:55.5817406Z             only returns the correct objects
2024-02-21T04:16:55.5818459Z           when date parameters are not supplied
2024-02-21T04:16:55.6364960Z             returns all objects
2024-02-21T04:16:55.6365506Z       csv
2024-02-21T04:16:55.6622852Z         is expected to be successful
2024-02-21T04:16:55.6623477Z     POST #create
2024-02-21T04:16:55.6624150Z       with valid params
2024-02-21T04:16:55.6952943Z         creates a new Adjustment
2024-02-21T04:16:55.7266060Z         assigns a user id from the current user
2024-02-21T04:16:55.7594427Z         redirects to the #show after created adjustment
2024-02-21T04:16:55.7912057Z         assigns a newly created adjustment as @adjustment
2024-02-21T04:16:55.7912956Z       with invalid params
2024-02-21T04:16:55.8290055Z         assigns a newly created but unsaved adjustment as @adjustment
2024-02-21T04:16:55.8669430Z         re-renders the 'new' template
2024-02-21T04:16:55.8670515Z     GET #new
2024-02-21T04:16:55.9170061Z       is successful
2024-02-21T04:16:55.9170529Z 
2024-02-21T04:16:55.9170776Z Donations
2024-02-21T04:16:55.9171891Z   while signed in
2024-02-21T04:16:55.9173232Z     GET #index
2024-02-21T04:16:55.9174228Z       html
2024-02-21T04:16:55.9723374Z         is expected to be successful
2024-02-21T04:16:55.9724215Z       csv
2024-02-21T04:16:56.0015504Z         is expected to be successful
2024-02-21T04:16:56.0016382Z     when no audit has been performed
2024-02-21T04:16:56.1162217Z       doesn't show a warning
2024-02-21T04:16:56.1163445Z     when an non-finalized audit has been performed on the donated items
2024-02-21T04:16:56.2554597Z       does not shows a warning
2024-02-21T04:16:56.2555227Z     GET #edit
2024-02-21T04:16:56.2556105Z       when an finalized audit has been performed on the donated items
2024-02-21T04:16:56.3960286Z         shows a warning
2024-02-21T04:16:56.3961021Z 
2024-02-21T04:16:56.3961305Z Question search
2024-02-21T04:16:56.3962258Z   while logged in
2024-02-21T04:16:57.0484555Z     filters by question title
2024-02-21T04:16:57.0485102Z 
2024-02-21T04:16:57.0486020Z Partner Distributions
2024-02-21T04:16:57.0487625Z   Distributions
2024-02-21T04:16:57.6630807Z     displays prior distributions
2024-02-21T04:16:58.2606450Z     displays upcoming distributions
2024-02-21T04:16:58.2607158Z 
2024-02-21T04:16:58.2607609Z /partners/requests
2024-02-21T04:16:58.2609072Z   GET #index
2024-02-21T04:16:58.3078004Z     should render without any issues
2024-02-21T04:16:58.3670820Z     should display total count of items in partner request
2024-02-21T04:16:58.3671727Z   GET #new
2024-02-21T04:16:58.4225001Z     should render without any issues
2024-02-21T04:16:58.4226206Z   GET #show
2024-02-21T04:16:58.4773218Z     should give a 404 error if not found
2024-02-21T04:16:58.5294393Z     should render without any issues
2024-02-21T04:16:58.6010527Z     should give a 404 error if forbidden
2024-02-21T04:16:58.6011384Z   POST #create
2024-02-21T04:16:58.6012021Z     when given invalid parameters
2024-02-21T04:16:58.6535380Z       should not redirect
2024-02-21T04:16:58.6536157Z     when given valid parameters
2024-02-21T04:16:58.7033551Z       should redirect to the show page
2024-02-21T04:16:58.7034301Z 
2024-02-21T04:16:58.7034562Z Distributions
2024-02-21T04:17:00.6533405Z   allows completion of corrected distribution with depleted inventory item
2024-02-21T04:17:01.4396592Z   errors if user does not fill storage_location
2024-02-21T04:17:01.4398195Z   When going to the Pick Ups & Deliveries page
2024-02-21T04:17:02.2738414Z     appears distribution in calendar with correct time & timezone
2024-02-21T04:17:02.2739222Z   when filtering on the index page
2024-02-21T04:17:03.2106248Z     filters by state
2024-02-21T04:17:04.1464352Z     filters by partner
2024-02-21T04:17:05.4485875Z     filters by item id
2024-02-21T04:17:06.6757953Z     filters by item category id
2024-02-21T04:17:07.2038559Z     should not display inactive storage locations in dropdown
2024-02-21T04:17:07.2040173Z     behaves like Date Range Picker
2024-02-21T04:17:07.2041614Z       when choosing 'All Time'
2024-02-21T04:17:08.3164339Z         shows all the records
2024-02-21T04:17:08.3165048Z       when choosing 'Last Month'
2024-02-21T04:17:09.4099172Z         shows only 2 of the records
2024-02-21T04:17:09.4100163Z       when choosing a date range that only includes the previous week
2024-02-21T04:17:10.4728231Z         shows only 1 record
2024-02-21T04:17:10.4729230Z   When attempting to edit a distribution
2024-02-21T04:17:10.4730552Z     after the distribution issued_at has passed or it has been marked complete
2024-02-21T04:17:11.4551594Z       cannot be accessed directly
2024-02-21T04:17:12.1789627Z       does not contain a Edit button
2024-02-21T04:17:12.1790258Z     when logged as Admin
2024-02-21T04:17:13.1730966Z       can click on Edit button and a warning appears
2024-02-21T04:17:13.8257362Z       can be accessed directly
2024-02-21T04:17:13.8258212Z   When showing a individual distribution
2024-02-21T04:17:14.3918162Z     Show partner name in title
2024-02-21T04:17:14.3919245Z   With an existing distribution
2024-02-21T04:17:15.7055303Z     allows the user can change the issued_at date
2024-02-21T04:17:17.0085296Z     disallows the user from changing the quantity above the inventory quantity
2024-02-21T04:17:18.5407736Z     sends an email if reminders are enabled
2024-02-21T04:17:19.8231539Z     the user can make changes
2024-02-21T04:17:20.7893203Z     the user can reclaim it
2024-02-21T04:17:20.7893942Z     when one of the items has been 'deleted'
2024-02-21T04:17:21.7988702Z       the user can still reclaim it and it reactivates the item
2024-02-21T04:17:21.7989357Z     when delivery method is not shipped
2024-02-21T04:17:24.7880212Z       should not display shipping_cost field
2024-02-21T04:17:24.7881248Z     when delivery method is shipped and shipping cost is none negative
2024-02-21T04:17:26.0660843Z       should update distribution and display shipping_cost field
2024-02-21T04:17:26.0661561Z   When creating a distribution from a request
2024-02-21T04:17:27.2873645Z     sets the distribution id and fulfilled status on the request
2024-02-21T04:17:29.2018260Z     maintains the connection with the request even when there are initial errors
2024-02-21T04:17:29.2019041Z   When creating a distribution from a donation
2024-02-21T04:17:30.5014670Z     completes successfully
2024-02-21T04:17:30.5015454Z     when editing that distribution
2024-02-21T04:17:32.7740202Z       User creates a distribution from a donation then tries to make the quantity too big
2024-02-21T04:17:35.3497280Z       User creates duplicate line items
2024-02-21T04:17:37.6982310Z       User creates a distribution from a donation then edits it
2024-02-21T04:17:37.6983474Z   via barcode entry
2024-02-21T04:17:38.4852932Z     allows users to add items via scanning them in by barcode
2024-02-21T04:17:39.9218605Z     a user can add items that do not yet have a barcode
2024-02-21T04:17:39.9219243Z   When creating a distribution and items have value
2024-02-21T04:17:40.7481242Z     the user sees total value on index page
2024-02-21T04:17:41.7863444Z     the user sees value per item on show page
2024-02-21T04:17:42.8340808Z     the user sees total value on show page
2024-02-21T04:17:43.8070605Z     the user sees value in row on index page
2024-02-21T04:17:43.8071480Z   When creating a new distribution manually
2024-02-21T04:17:44.5517258Z     Displays a complete form after validation errors
2024-02-21T04:17:45.1784796Z     should not display inactive storage locations in dropdown
2024-02-21T04:17:45.1785847Z     when the delivery_method is shipped and shipping cost is none-negative
2024-02-21T04:17:46.1194350Z       Allows a distribution to be created
2024-02-21T04:17:46.1195376Z     when there is insufficient inventory to fulfill the Distribution
2024-02-21T04:17:47.0738375Z       gracefully handles the error
2024-02-21T04:17:47.0739016Z     when there is a default storage location
2024-02-21T04:17:47.6211860Z       automatically selects the default storage location
2024-02-21T04:17:47.6212757Z     when the delivery_method is not shipped
2024-02-21T04:17:50.5532466Z       Allows a distribution to be created and shipping cost field not visible
2024-02-21T04:17:50.5533694Z     when the quantity is lower than the on hand minimum quantity
2024-02-21T04:17:51.3503340Z       should display an error (FAILED - 1)
2024-02-21T04:17:51.3505455Z   [0;33mHTML screenshot: /home/runner/work/human-essentials/human-essentials/tmp/screenshots/screenshot_should-display-an-error_2024-02-20-20-17-51.201.html[0m
2024-02-21T04:17:51.3511778Z   [0;33mImage screenshot: /home/runner/work/human-essentials/human-essentials/tmp/screenshots/screenshot_should-display-an-error_2024-02-20-20-17-51.201.png[0m
2024-02-21T04:17:51.3513049Z     when the quantity is lower than the on hand recommended quantity
2024-02-21T04:17:52.2023360Z       should display an alert
2024-02-21T04:17:52.2228514Z W, [2024-02-20T20:17:52.222554 #2369]  WARN -- : [knapsack_pro] POST https://api-disabled-for-fork.knapsackpro.com/v1/build_subsets
2024-02-21T04:17:52.2231176Z W, [2024-02-20T20:17:52.222613 #2369]  WARN -- : [knapsack_pro] Request failed due to:
2024-02-21T04:17:52.2233842Z W, [2024-02-20T20:17:52.222643 #2369]  WARN -- : [knapsack_pro] #<SocketError: Failed to open TCP connection to api-disabled-for-fork.knapsackpro.com:443 (getaddrinfo: Name or service not known)>
2024-02-21T04:17:52.2235637Z W, [2024-02-20T20:17:52.222830 #2369]  WARN -- : [knapsack_pro] Time execution report was not saved on Knapsack Pro API server due to connection problem.
2024-02-21T04:17:52.2871302Z 
2024-02-21T04:17:52.2872571Z Deprecation Warnings:
2024-02-21T04:17:52.2873250Z 
2024-02-21T04:17:52.2873258Z 
2024-02-21T04:17:52.2873518Z Failures:
2024-02-21T04:17:52.2874233Z 
2024-02-21T04:17:52.2875496Z   1) Distributions When creating a new distribution manually when the quantity is lower than the on hand minimum quantity should display an error
2024-02-21T04:17:52.2878226Z      Failure/Error: select item.name, from: "distribution_line_items_attributes_0_item_id"
2024-02-21T04:17:52.2879424Z 
2024-02-21T04:17:52.2879749Z      Ferrum::JavaScriptError:
2024-02-21T04:17:52.2881260Z        TypeError: Cannot read properties of null (reading 'dispatchEvent')
2024-02-21T04:17:52.2882424Z            at Cuprite.trigger (<anonymous>:412:10)
2024-02-21T04:17:52.2883220Z            at Cuprite.select (<anonymous>:359:12)
2024-02-21T04:17:52.2884204Z            at HTMLOptionElement.<anonymous> (<anonymous>:1:31)
2024-02-21T04:17:52.2884843Z 
2024-02-21T04:17:52.2887180Z      [Screenshot Image]: /home/runner/work/human-essentials/human-essentials/tmp/screenshots/failures_r_spec_example_groups_distributions_when_creating_a_new_distribution_manually_when_the_quantity_is_lower_than_the_on_hand_minimum_quantity_should_display_an_error_484.png
2024-02-21T04:17:52.2889501Z 
2024-02-21T04:17:52.2889507Z 
2024-02-21T04:17:52.2890100Z      # ./spec/system/distribution_system_spec.rb:99:in `block (4 levels) in <top (required)>'
2024-02-21T04:17:52.2894353Z Using `should` from rspec-expectations' old `:should` syntax without explicitly enabling the syntax is deprecated. Use the new `:expect` syntax or explicitly enable `:should` with `config.expect_with(:rspec) { |c| c.syntax = :should }` instead. Called from /home/runner/work/human-essentials/human-essentials/spec/system/partner_system_spec.rb:140:in `block (5 levels) in <top (required)>'.
2024-02-21T04:17:52.2897390Z 
2024-02-21T04:17:52.2897396Z 
2024-02-21T04:17:52.2897888Z If you need more of the backtrace for any of these deprecations to
2024-02-21T04:17:52.2899075Z identify where to make the necessary changes, you can configure
2024-02-21T04:17:52.2900142Z `config.raise_errors_for_deprecations!`, and it will turn the
2024-02-21T04:17:52.2901194Z deprecation warnings into errors, giving you the full backtrace.
2024-02-21T04:17:52.2901834Z 
2024-02-21T04:17:52.2902204Z 1 deprecation warning total
2024-02-21T04:17:52.2902570Z 
2024-02-21T04:17:52.2903605Z Finished in 1 minute 52.47 seconds (files took 8.23 seconds to load)
2024-02-21T04:17:52.2904745Z 186 examples, 1 failure
2024-02-21T04:17:52.2905216Z 
2024-02-21T04:17:52.2905409Z Failed examples:
2024-02-21T04:17:52.2905744Z 
2024-02-21T04:17:52.2907146Z rspec ./spec/system/distribution_system_spec.rb:88 # Distributions When creating a new distribution manually when the quantity is lower than the on hand minimum quantity should display an error
2024-02-21T04:17:52.2908745Z 
2024-02-21T04:17:52.2909024Z Randomized with seed 43480
2024-02-21T04:17:52.2909535Z 
2024-02-21T04:17:52.7650639Z Stopped processing SimpleCov as a previous error not related to SimpleCov has been detected
2024-02-21T04:17:52.7653262Z Coverage report generated for RSpec to /home/runner/work/human-essentials/human-essentials/coverage. 3981 / 6403 LOC (62.17%) covered.
2024-02-21T04:17:52.8898116Z /opt/hostedtoolcache/Ruby/3.2.2/x64/bin/ruby -I/home/runner/work/human-essentials/human-essentials/vendor/bundle/ruby/3.2.0/gems/rspec-core-3.12.2/lib:/home/runner/work/human-essentials/human-essentials/vendor/bundle/ruby/3.2.0/gems/rspec-support-3.12.1/lib /home/runner/work/human-essentials/human-essentials/vendor/bundle/ruby/3.2.0/gems/rspec-core-3.12.2/exe/rspec  --format documentation --format KnapsackPro::Formatters::TimeTracker --default-path spec "spec/requests/adjustments_requests_spec.rb" "spec/requests/admin/partners_requests_spec.rb" "spec/requests/barcode_items_requests_spec.rb" "spec/requests/donations_requests_spec.rb" "spec/requests/partners/dashboard_requests_spec.rb" "spec/requests/partners/requests_spec.rb" "spec/requests/purchases_requests_spec.rb" "spec/requests/transfers_requests_spec.rb" "spec/system/adjustment_system_spec.rb" "spec/system/admin/users_system_spec.rb" "spec/system/distribution_system_spec.rb" "spec/system/layout_system_spec.rb" "spec/system/partner_system_spec.rb" "spec/system/partners/partner_distribution_system_spec.rb" "spec/system/question_system_spec.rb" failed
2024-02-21T04:17:53.2734720Z Stopped processing SimpleCov as a previous error not related to SimpleCov has been detected
2024-02-21T04:17:53.2736520Z Coverage report generated for RSpec to /home/runner/work/human-essentials/human-essentials/coverage. 38 / 10651 LOC (0.36%) covered.
2024-02-21T04:17:53.3028834Z ##[error]Process completed with exit code 1.
2024-02-21T04:17:53.3106393Z ##[group]Run actions/upload-artifact@v2
2024-02-21T04:17:53.3106901Z with:
2024-02-21T04:17:53.3107364Z   name: failed-browser-tests
2024-02-21T04:17:53.3107786Z   path: tmp/capybara
2024-02-21T04:17:53.3108125Z   if-no-files-found: warn
2024-02-21T04:17:53.3108607Z ##[endgroup]
2024-02-21T04:17:53.3669028Z ##[warning]No files were found with the provided path: tmp/capybara. No artifacts will be uploaded.
2024-02-21T04:17:53.3753924Z Post job cleanup.
2024-02-21T04:17:53.4831198Z [command]/usr/bin/git version
2024-02-21T04:17:53.4884825Z git version 2.43.0
2024-02-21T04:17:53.4925710Z Temporarily overriding HOME='/home/runner/work/_temp/84f35f60-9298-4cbf-b068-01081e602520' before making global git config changes
2024-02-21T04:17:53.4927403Z Adding repository directory to the temporary git global config as a safe directory
2024-02-21T04:17:53.4933762Z [command]/usr/bin/git config --global --add safe.directory /home/runner/work/human-essentials/human-essentials
2024-02-21T04:17:53.4982857Z [command]/usr/bin/git config --local --name-only --get-regexp core\.sshCommand
2024-02-21T04:17:53.5024627Z [command]/usr/bin/git submodule foreach --recursive sh -c "git config --local --name-only --get-regexp 'core\.sshCommand' && git config --local --unset-all 'core.sshCommand' || :"
2024-02-21T04:17:53.5279265Z [command]/usr/bin/git config --local --name-only --get-regexp http\.https\:\/\/github\.com\/\.extraheader
2024-02-21T04:17:53.5311947Z http.https://github.com/.extraheader
2024-02-21T04:17:53.5323424Z [command]/usr/bin/git config --local --unset-all http.https://github.com/.extraheader
2024-02-21T04:17:53.5366049Z [command]/usr/bin/git submodule foreach --recursive sh -c "git config --local --name-only --get-regexp 'http\.https\:\/\/github\.com\/\.extraheader' && git config --local --unset-all 'http.https://github.com/.extraheader' || :"
2024-02-21T04:17:53.5764972Z Print service container logs: d81e3624d9cb4bd5adc337a8a913fefa_postgres123_03710d
2024-02-21T04:17:53.5770434Z ##[command]/usr/bin/docker logs --details e41d6b3e68eb632479f35b5e0dc4b7f933134d9212e6f471f1f220ecdfd00542
2024-02-21T04:17:53.5892840Z  The files belonging to this database system will be owned by user "postgres".
2024-02-21T04:17:53.5894744Z  initdb: warning: enabling "trust" authentication for local connections
2024-02-21T04:17:53.5895843Z  You can change this by editing pg_hba.conf or using the option -A, or
2024-02-21T04:17:53.5896859Z  --auth-local and --auth-host, the next time you run initdb.
2024-02-21T04:17:53.5898551Z  2024-02-21 04:14:34.192 UTC [1] LOG:  starting PostgreSQL 12.3 (Debian 12.3-1.pgdg100+1) on x86_64-pc-linux-gnu, compiled by gcc (Debian 8.3.0-6) 8.3.0, 64-bit
2024-02-21T04:17:53.5900199Z  2024-02-21 04:14:34.192 UTC [1] LOG:  listening on IPv4 address "0.0.0.0", port 5432
2024-02-21T04:17:53.5900934Z  This user must also own the server process.
2024-02-21T04:17:53.5901292Z  
2024-02-21T04:17:53.5901639Z  The database cluster will be initialized with locale "en_US.utf8".
2024-02-21T04:17:53.5902229Z  The default database encoding has accordingly been set to "UTF8".
2024-02-21T04:17:53.5902798Z  The default text search configuration will be set to "english".
2024-02-21T04:17:53.5903222Z  
2024-02-21T04:17:53.5903452Z  Data page checksums are disabled.
2024-02-21T04:17:53.5903760Z  
2024-02-21T04:17:53.5904134Z  fixing permissions on existing directory /var/lib/postgresql/data ... ok
2024-02-21T04:17:53.5904928Z  creating subdirectories ... ok
2024-02-21T04:17:53.5905605Z  selecting dynamic shared memory implementation ... posix
2024-02-21T04:17:53.5906210Z  selecting default max_connections ... 100
2024-02-21T04:17:53.5906595Z  selecting default shared_buffers ... 128MB
2024-02-21T04:17:53.5906974Z  selecting default time zone ... Etc/UTC
2024-02-21T04:17:53.5907334Z  creating configuration files ... ok
2024-02-21T04:17:53.5907686Z  running bootstrap script ... ok
2024-02-21T04:17:53.5908057Z  performing post-bootstrap initialization ... ok
2024-02-21T04:17:53.5908434Z  syncing data to disk ... ok
2024-02-21T04:17:53.5908709Z  
2024-02-21T04:17:53.5908897Z  
2024-02-21T04:17:53.5909184Z  Success. You can now start the database server using:
2024-02-21T04:17:53.5909581Z  
2024-02-21T04:17:53.5909868Z      pg_ctl -D /var/lib/postgresql/data -l logfile start
2024-02-21T04:17:53.5910238Z  
2024-02-21T04:17:53.5911062Z  waiting for server to start....2024-02-21 04:14:33.988 UTC [46] LOG:  starting PostgreSQL 12.3 (Debian 12.3-1.pgdg100+1) on x86_64-pc-linux-gnu, compiled by gcc (Debian 8.3.0-6) 8.3.0, 64-bit
2024-02-21T04:17:53.5912219Z  2024-02-21 04:14:33.989 UTC [46] LOG:  listening on Unix socket "/var/run/postgresql/.s.PGSQL.5432"
2024-02-21T04:17:53.5912997Z  2024-02-21 04:14:34.000 UTC [47] LOG:  database system was shut down at 2024-02-21 04:14:33 UTC
2024-02-21T04:17:53.5914248Z  2024-02-21 04:14:34.005 UTC [46] LOG:  database system is ready to accept connections
2024-02-21T04:17:53.5915085Z   done
2024-02-21T04:17:53.5915421Z  server started
2024-02-21T04:17:53.5915745Z  
2024-02-21T04:17:53.5916152Z  /usr/local/bin/docker-entrypoint.sh: ignoring /docker-entrypoint-initdb.d/*
2024-02-21T04:17:53.5916656Z  
2024-02-21T04:17:53.5917561Z  2024-02-21 04:14:34.081 UTC [46] LOG:  received fast shutdown request
2024-02-21T04:17:53.5918317Z  waiting for server to shut down....2024-02-21 04:14:34.081 UTC [46] LOG:  aborting any active transactions
2024-02-21T04:17:53.5919252Z  2024-02-21 04:14:34.083 UTC [46] LOG:  background worker "logical replication launcher" (PID 53) exited with exit code 1
2024-02-21T04:17:53.5919964Z  2024-02-21 04:14:34.083 UTC [48] LOG:  shutting down
2024-02-21T04:17:53.5920492Z  2024-02-21 04:14:34.091 UTC [46] LOG:  database system is shut down
2024-02-21T04:17:53.5920916Z   done
2024-02-21T04:17:53.5921123Z  server stopped
2024-02-21T04:17:53.5921351Z  
2024-02-21T04:17:53.5922064Z  PostgreSQL init process complete; ready for start up.
2024-02-21T04:17:53.5922464Z  
2024-02-21T04:17:53.5922871Z  2024-02-21 04:14:34.192 UTC [1] LOG:  listening on IPv6 address "::", port 5432
2024-02-21T04:17:53.5923618Z  2024-02-21 04:14:34.193 UTC [1] LOG:  listening on Unix socket "/var/run/postgresql/.s.PGSQL.5432"
2024-02-21T04:17:53.5924390Z  2024-02-21 04:14:34.203 UTC [55] LOG:  database system was shut down at 2024-02-21 04:14:34 UTC
2024-02-21T04:17:53.5925103Z  2024-02-21 04:14:34.208 UTC [1] LOG:  database system is ready to accept connections
2024-02-21T04:17:53.5926312Z  2024-02-21 04:14:43.392 UTC [69] FATAL:  role "root" does not exist
2024-02-21T04:17:53.5927192Z  2024-02-21 04:14:53.490 UTC [77] FATAL:  role "root" does not exist
2024-02-21T04:17:53.5928233Z  2024-02-21 04:15:00.246 UTC [78] FATAL:  database "diaper_test" does not exist
2024-02-21T04:17:53.5929165Z  2024-02-21 04:15:03.594 UTC [88] FATAL:  role "root" does not exist
2024-02-21T04:17:53.5930316Z  2024-02-21 04:15:07.095 UTC [89] ERROR:  relation "flipper_gates" does not exist at character 491
2024-02-21T04:17:53.5931393Z  2024-02-21 04:15:07.095 UTC [89] STATEMENT:  SELECT a.attname, format_type(a.atttypid, a.atttypmod),
2024-02-21T04:17:53.5932140Z  	       pg_get_expr(d.adbin, d.adrelid), a.attnotnull, a.atttypid, a.atttypmod,
2024-02-21T04:17:53.5932759Z  	       c.collname, col_description(a.attrelid, a.attnum) AS comment,
2024-02-21T04:17:53.5933223Z  	       attgenerated as attgenerated
2024-02-21T04:17:53.5933557Z  	  FROM pg_attribute a
2024-02-21T04:17:53.5933999Z  	  LEFT JOIN pg_attrdef d ON a.attrelid = d.adrelid AND a.attnum = d.adnum
2024-02-21T04:17:53.5934518Z  	  LEFT JOIN pg_type t ON a.atttypid = t.oid
2024-02-21T04:17:53.5935097Z  	  LEFT JOIN pg_collation c ON a.attcollation = c.oid AND a.attcollation <> t.typcollation
2024-02-21T04:17:53.5935898Z  	 WHERE a.attrelid = '"flipper_gates"'::regclass
2024-02-21T04:17:53.5936573Z  	   AND a.attnum > 0 AND NOT a.attisdropped
2024-02-21T04:17:53.5936971Z  	 ORDER BY a.attnum
2024-02-21T04:17:53.5937217Z  	
2024-02-21T04:17:53.5937557Z  2024-02-21 04:15:13.689 UTC [99] FATAL:  role "root" does not exist
2024-02-21T04:17:53.5938124Z  2024-02-21 04:15:23.771 UTC [108] FATAL:  role "root" does not exist
2024-02-21T04:17:53.5938681Z  2024-02-21 04:15:33.866 UTC [116] FATAL:  role "root" does not exist
2024-02-21T04:17:53.5939236Z  2024-02-21 04:15:43.948 UTC [125] FATAL:  role "root" does not exist
2024-02-21T04:17:53.5939782Z  2024-02-21 04:15:54.029 UTC [134] FATAL:  role "root" does not exist
2024-02-21T04:17:53.5940316Z  2024-02-21 04:16:04.118 UTC [144] FATAL:  role "root" does not exist
2024-02-21T04:17:53.5940866Z  2024-02-21 04:16:14.217 UTC [153] FATAL:  role "root" does not exist
2024-02-21T04:17:53.5941409Z  2024-02-21 04:16:24.306 UTC [161] FATAL:  role "root" does not exist
2024-02-21T04:17:53.5941954Z  2024-02-21 04:16:34.400 UTC [169] FATAL:  role "root" does not exist
2024-02-21T04:17:53.5942487Z  2024-02-21 04:16:44.484 UTC [178] FATAL:  role "root" does not exist
2024-02-21T04:17:53.5943039Z  2024-02-21 04:16:54.566 UTC [186] FATAL:  role "root" does not exist
2024-02-21T04:17:53.5943577Z  2024-02-21 04:17:04.673 UTC [194] FATAL:  role "root" does not exist
2024-02-21T04:17:53.5944110Z  2024-02-21 04:17:14.776 UTC [203] FATAL:  role "root" does not exist
2024-02-21T04:17:53.5944642Z  2024-02-21 04:17:24.860 UTC [211] FATAL:  role "root" does not exist
2024-02-21T04:17:53.5945176Z  2024-02-21 04:17:34.953 UTC [219] FATAL:  role "root" does not exist
2024-02-21T04:17:53.5945710Z  2024-02-21 04:17:45.051 UTC [228] FATAL:  role "root" does not exist
2024-02-21T04:17:53.5951637Z Stop and remove container: d81e3624d9cb4bd5adc337a8a913fefa_postgres123_03710d
2024-02-21T04:17:53.5957433Z ##[command]/usr/bin/docker rm --force e41d6b3e68eb632479f35b5e0dc4b7f933134d9212e6f471f1f220ecdfd00542
2024-02-21T04:17:53.8375394Z e41d6b3e68eb632479f35b5e0dc4b7f933134d9212e6f471f1f220ecdfd00542
2024-02-21T04:17:53.8401155Z Remove container network: github_network_cbb59696a8e24f3483005ccd35fc6c76
2024-02-21T04:17:53.8406588Z ##[command]/usr/bin/docker network rm github_network_cbb59696a8e24f3483005ccd35fc6c76
2024-02-21T04:17:54.1217733Z github_network_cbb59696a8e24f3483005ccd35fc6c76
2024-02-21T04:17:54.1381958Z Cleaning up orphan processes
