2024-02-26T18:08:27.6597428Z Requested labels: ubuntu-latest
2024-02-26T18:08:27.6597941Z Job defined at: rubyforgood/human-essentials/.github/workflows/rspec-system-events.yml@refs/pull/4133/merge
2024-02-26T18:08:27.6598088Z Waiting for a runner to pick up this job...
2024-02-26T18:13:31.7015026Z Job is waiting for a hosted runner to come online.
2024-02-26T18:13:34.4814454Z Job is about to start running on the hosted runner: GitHub Actions 18 (hosted)
2024-02-26T18:13:36.4377497Z Current runner version: '2.313.0'
2024-02-26T18:13:36.4401071Z ##[group]Operating System
2024-02-26T18:13:36.4401695Z Ubuntu
2024-02-26T18:13:36.4402000Z 22.04.4
2024-02-26T18:13:36.4402412Z LTS
2024-02-26T18:13:36.4402717Z ##[endgroup]
2024-02-26T18:13:36.4403091Z ##[group]Runner Image
2024-02-26T18:13:36.4403625Z Image: ubuntu-22.04
2024-02-26T18:13:36.4404018Z Version: 20240218.1.0
2024-02-26T18:13:36.4404972Z Included Software: https://github.com/actions/runner-images/blob/ubuntu22/20240218.1/images/ubuntu/Ubuntu2204-Readme.md
2024-02-26T18:13:36.4406487Z Image Release: https://github.com/actions/runner-images/releases/tag/ubuntu22%2F20240218.1
2024-02-26T18:13:36.4407347Z ##[endgroup]
2024-02-26T18:13:36.4407703Z ##[group]Runner Image Provisioner
2024-02-26T18:13:36.4408260Z 2.0.341.1
2024-02-26T18:13:36.4408606Z ##[endgroup]
2024-02-26T18:13:36.4410683Z ##[group]GITHUB_TOKEN Permissions
2024-02-26T18:13:36.4412341Z Actions: read
2024-02-26T18:13:36.4412712Z Checks: read
2024-02-26T18:13:36.4413409Z Contents: read
2024-02-26T18:13:36.4413877Z Deployments: read
2024-02-26T18:13:36.4414330Z Discussions: read
2024-02-26T18:13:36.4414710Z Issues: read
2024-02-26T18:13:36.4415053Z Metadata: read
2024-02-26T18:13:36.4415481Z Packages: read
2024-02-26T18:13:36.4415842Z Pages: read
2024-02-26T18:13:36.4416182Z PullRequests: read
2024-02-26T18:13:36.4416644Z RepositoryProjects: read
2024-02-26T18:13:36.4417096Z SecurityEvents: read
2024-02-26T18:13:36.4417456Z Statuses: read
2024-02-26T18:13:36.4417908Z ##[endgroup]
2024-02-26T18:13:36.4421353Z Secret source: Dependabot
2024-02-26T18:13:36.4421926Z Prepare workflow directory
2024-02-26T18:13:36.5292027Z Prepare all required actions
2024-02-26T18:13:36.5447980Z Getting action download info
2024-02-26T18:13:36.7314380Z Download action repository 'actions/checkout@v2' (SHA:ee0669bd1cc54295c223e0bb666b733df41de1c5)
2024-02-26T18:13:36.8470182Z Download action repository 'ruby/setup-ruby@v1' (SHA:d4526a55538b775af234ba4af27118ed6f8f6677)
2024-02-26T18:13:37.0890346Z Download action repository 'actions/upload-artifact@v2' (SHA:82c141cc518b40d92cc801eee768e7aafc9c2fa2)
2024-02-26T18:13:37.2155373Z Complete job name: rspec-system-events (6, 0)
2024-02-26T18:13:37.2801282Z ##[group]Checking docker version
2024-02-26T18:13:37.2815507Z ##[command]/usr/bin/docker version --format '{{.Server.APIVersion}}'
2024-02-26T18:13:37.3326948Z '1.43'
2024-02-26T18:13:37.3338510Z Docker daemon API version: '1.43'
2024-02-26T18:13:37.3339547Z ##[command]/usr/bin/docker version --format '{{.Client.APIVersion}}'
2024-02-26T18:13:37.3500910Z '1.43'
2024-02-26T18:13:37.3520766Z Docker client API version: '1.43'
2024-02-26T18:13:37.3525705Z ##[endgroup]
2024-02-26T18:13:37.3528790Z ##[group]Clean up resources from previous jobs
2024-02-26T18:13:37.3534557Z ##[command]/usr/bin/docker ps --all --quiet --no-trunc --filter "label=b5e1f6"
2024-02-26T18:13:37.3668879Z ##[command]/usr/bin/docker network prune --force --filter "label=b5e1f6"
2024-02-26T18:13:37.3802063Z ##[endgroup]
2024-02-26T18:13:37.3802540Z ##[group]Create local container network
2024-02-26T18:13:37.3813205Z ##[command]/usr/bin/docker network create --label b5e1f6 github_network_0b00ea5570244e319a6063c3577be1ea
2024-02-26T18:13:37.4678892Z e5ed1c09e4b4846914caf98eb7fd250cea4e654d98f02029fa9ace50c025119d
2024-02-26T18:13:37.4697825Z ##[endgroup]
2024-02-26T18:13:37.4773350Z ##[group]Starting db service container
2024-02-26T18:13:37.4790388Z ##[command]/usr/bin/docker pull postgres:12.3
2024-02-26T18:13:37.7524977Z 12.3: Pulling from library/postgres
2024-02-26T18:13:37.8209780Z bf5952930446: Pulling fs layer
2024-02-26T18:13:37.8210639Z 9577476abb00: Pulling fs layer
2024-02-26T18:13:37.8211193Z 2bd105512d5c: Pulling fs layer
2024-02-26T18:13:37.8211768Z b1cd21c26e81: Pulling fs layer
2024-02-26T18:13:37.8212449Z 34a7c86cf8fc: Pulling fs layer
2024-02-26T18:13:37.8213047Z 274e7b0c38d5: Pulling fs layer
2024-02-26T18:13:37.8213613Z 3e831b350d37: Pulling fs layer
2024-02-26T18:13:37.8214291Z 38fa0d496534: Pulling fs layer
2024-02-26T18:13:37.8215327Z 31a8349609a4: Pulling fs layer
2024-02-26T18:13:37.8215885Z 14e4c2a4b7b7: Pulling fs layer
2024-02-26T18:13:37.8216581Z 964acfa02beb: Pulling fs layer
2024-02-26T18:13:37.8217276Z 31b1f20dffc0: Pulling fs layer
2024-02-26T18:13:37.8217823Z 14771c2930e9: Pulling fs layer
2024-02-26T18:13:37.8218499Z 2f30edd0ce8a: Pulling fs layer
2024-02-26T18:13:37.8219446Z b1cd21c26e81: Waiting
2024-02-26T18:13:37.8219961Z 34a7c86cf8fc: Waiting
2024-02-26T18:13:37.8220548Z 274e7b0c38d5: Waiting
2024-02-26T18:13:37.8221063Z 3e831b350d37: Waiting
2024-02-26T18:13:37.8221424Z 38fa0d496534: Waiting
2024-02-26T18:13:37.8221859Z 31a8349609a4: Waiting
2024-02-26T18:13:37.8222263Z 14e4c2a4b7b7: Waiting
2024-02-26T18:13:37.8222609Z 964acfa02beb: Waiting
2024-02-26T18:13:37.8223053Z 31b1f20dffc0: Waiting
2024-02-26T18:13:37.8223486Z 14771c2930e9: Waiting
2024-02-26T18:13:37.8223834Z 2f30edd0ce8a: Waiting
2024-02-26T18:13:37.9168665Z 2bd105512d5c: Verifying Checksum
2024-02-26T18:13:37.9169503Z 2bd105512d5c: Download complete
2024-02-26T18:13:37.9941127Z 9577476abb00: Verifying Checksum
2024-02-26T18:13:37.9943398Z 9577476abb00: Download complete
2024-02-26T18:13:38.0281622Z b1cd21c26e81: Verifying Checksum
2024-02-26T18:13:38.0282515Z b1cd21c26e81: Download complete
2024-02-26T18:13:38.1132513Z 274e7b0c38d5: Verifying Checksum
2024-02-26T18:13:38.1137225Z 274e7b0c38d5: Download complete
2024-02-26T18:13:38.1407857Z 34a7c86cf8fc: Verifying Checksum
2024-02-26T18:13:38.1408810Z 34a7c86cf8fc: Download complete
2024-02-26T18:13:38.1437684Z bf5952930446: Verifying Checksum
2024-02-26T18:13:38.1438680Z bf5952930446: Download complete
2024-02-26T18:13:38.1950217Z 3e831b350d37: Verifying Checksum
2024-02-26T18:13:38.1950979Z 3e831b350d37: Download complete
2024-02-26T18:13:38.2425273Z 38fa0d496534: Verifying Checksum
2024-02-26T18:13:38.2426161Z 38fa0d496534: Download complete
2024-02-26T18:13:38.2742492Z 14e4c2a4b7b7: Verifying Checksum
2024-02-26T18:13:38.2743469Z 14e4c2a4b7b7: Download complete
2024-02-26T18:13:38.3503588Z 31b1f20dffc0: Verifying Checksum
2024-02-26T18:13:38.3504940Z 31b1f20dffc0: Download complete
2024-02-26T18:13:38.3608251Z 964acfa02beb: Verifying Checksum
2024-02-26T18:13:38.3609461Z 964acfa02beb: Download complete
2024-02-26T18:13:38.4309041Z 14771c2930e9: Download complete
2024-02-26T18:13:38.4404922Z 2f30edd0ce8a: Download complete
2024-02-26T18:13:38.9924188Z 31a8349609a4: Verifying Checksum
2024-02-26T18:13:38.9925061Z 31a8349609a4: Download complete
2024-02-26T18:13:39.3150588Z bf5952930446: Pull complete
2024-02-26T18:13:39.5662046Z 9577476abb00: Pull complete
2024-02-26T18:13:39.6212698Z 2bd105512d5c: Pull complete
2024-02-26T18:13:39.6659615Z b1cd21c26e81: Pull complete
2024-02-26T18:13:39.9954168Z 34a7c86cf8fc: Pull complete
2024-02-26T18:13:40.0368481Z 274e7b0c38d5: Pull complete
2024-02-26T18:13:40.0460236Z 3e831b350d37: Pull complete
2024-02-26T18:13:40.0561982Z 38fa0d496534: Pull complete
2024-02-26T18:13:42.3476224Z 31a8349609a4: Pull complete
2024-02-26T18:13:42.3596609Z 14e4c2a4b7b7: Pull complete
2024-02-26T18:13:42.3697880Z 964acfa02beb: Pull complete
2024-02-26T18:13:42.3790885Z 31b1f20dffc0: Pull complete
2024-02-26T18:13:42.3896032Z 14771c2930e9: Pull complete
2024-02-26T18:13:42.4011823Z 2f30edd0ce8a: Pull complete
2024-02-26T18:13:42.4055311Z Digest: sha256:a06e6e6e519b7a329c419f8221edec66cfc45511e8b80e262c12103ba745cf19
2024-02-26T18:13:42.4066986Z Status: Downloaded newer image for postgres:12.3
2024-02-26T18:13:42.4076010Z docker.io/library/postgres:12.3
2024-02-26T18:13:42.4177857Z ##[command]/usr/bin/docker create --name 466179d448a54aba967f24d0dea22be1_postgres123_e3b396 --label b5e1f6 --network github_network_0b00ea5570244e319a6063c3577be1ea --network-alias db -p 5432:5432 --health-cmd pg_isready --health-interval 10s --health-timeout 5s --health-retries 5 -e "POSTGRES_PASSWORD=password" -e GITHUB_ACTIONS=true -e CI=true postgres:12.3
2024-02-26T18:13:42.4445491Z 8d6426ad69b826a502dc64eca7793f5cf25248b940a62c54123787d7099c3d74
2024-02-26T18:13:42.4470289Z ##[command]/usr/bin/docker start 8d6426ad69b826a502dc64eca7793f5cf25248b940a62c54123787d7099c3d74
2024-02-26T18:13:42.7104368Z 8d6426ad69b826a502dc64eca7793f5cf25248b940a62c54123787d7099c3d74
2024-02-26T18:13:42.7127343Z ##[command]/usr/bin/docker ps --all --filter id=8d6426ad69b826a502dc64eca7793f5cf25248b940a62c54123787d7099c3d74 --filter status=running --no-trunc --format "{{.ID}} {{.Status}}"
2024-02-26T18:13:42.7253938Z 8d6426ad69b826a502dc64eca7793f5cf25248b940a62c54123787d7099c3d74 Up Less than a second (health: starting)
2024-02-26T18:13:42.7273641Z ##[command]/usr/bin/docker port 8d6426ad69b826a502dc64eca7793f5cf25248b940a62c54123787d7099c3d74
2024-02-26T18:13:42.7400280Z 5432/tcp -> 0.0.0.0:5432
2024-02-26T18:13:42.7401118Z 5432/tcp -> [::]:5432
2024-02-26T18:13:42.7476984Z ##[endgroup]
2024-02-26T18:13:42.7502808Z ##[group]Waiting for all services to be ready
2024-02-26T18:13:42.7538179Z ##[command]/usr/bin/docker inspect --format="{{if .Config.Healthcheck}}{{print .State.Health.Status}}{{end}}" 8d6426ad69b826a502dc64eca7793f5cf25248b940a62c54123787d7099c3d74
2024-02-26T18:13:42.7668723Z starting
2024-02-26T18:13:42.7697238Z db service is starting, waiting 2 seconds before checking again.
2024-02-26T18:13:44.7679151Z ##[command]/usr/bin/docker inspect --format="{{if .Config.Healthcheck}}{{print .State.Health.Status}}{{end}}" 8d6426ad69b826a502dc64eca7793f5cf25248b940a62c54123787d7099c3d74
2024-02-26T18:13:44.7802647Z starting
2024-02-26T18:13:44.7815835Z db service is starting, waiting 3 seconds before checking again.
2024-02-26T18:13:48.4104631Z ##[command]/usr/bin/docker inspect --format="{{if .Config.Healthcheck}}{{print .State.Health.Status}}{{end}}" 8d6426ad69b826a502dc64eca7793f5cf25248b940a62c54123787d7099c3d74
2024-02-26T18:13:48.4218394Z starting
2024-02-26T18:13:48.4232729Z db service is starting, waiting 9 seconds before checking again.
2024-02-26T18:13:57.5988686Z ##[command]/usr/bin/docker inspect --format="{{if .Config.Healthcheck}}{{print .State.Health.Status}}{{end}}" 8d6426ad69b826a502dc64eca7793f5cf25248b940a62c54123787d7099c3d74
2024-02-26T18:13:57.6112399Z healthy
2024-02-26T18:13:57.6129350Z db service is healthy.
2024-02-26T18:13:57.6129911Z ##[endgroup]
2024-02-26T18:13:57.6498669Z ##[group]Run actions/checkout@v2
2024-02-26T18:13:57.6499587Z with:
2024-02-26T18:13:57.6499976Z   repository: rubyforgood/human-essentials
2024-02-26T18:13:57.6500559Z   token: ***
2024-02-26T18:13:57.6500995Z   ssh-strict: true
2024-02-26T18:13:57.6501355Z   persist-credentials: true
2024-02-26T18:13:57.6501718Z   clean: true
2024-02-26T18:13:57.6502118Z   fetch-depth: 1
2024-02-26T18:13:57.6502448Z   lfs: false
2024-02-26T18:13:57.6502755Z   submodules: false
2024-02-26T18:13:57.6503169Z   set-safe-directory: true
2024-02-26T18:13:57.6503536Z ##[endgroup]
2024-02-26T18:13:57.8311706Z Syncing repository: rubyforgood/human-essentials
2024-02-26T18:13:57.8314233Z ##[group]Getting Git version info
2024-02-26T18:13:57.8315515Z Working directory is '/home/runner/work/human-essentials/human-essentials'
2024-02-26T18:13:57.8317265Z [command]/usr/bin/git version
2024-02-26T18:13:57.8317967Z git version 2.43.2
2024-02-26T18:13:57.8339997Z ##[endgroup]
2024-02-26T18:13:57.8359241Z Temporarily overriding HOME='/home/runner/work/_temp/aa40d505-dd03-4251-b4a9-79c4c848d9d4' before making global git config changes
2024-02-26T18:13:57.8361080Z Adding repository directory to the temporary git global config as a safe directory
2024-02-26T18:13:57.8364538Z [command]/usr/bin/git config --global --add safe.directory /home/runner/work/human-essentials/human-essentials
2024-02-26T18:13:57.8411297Z Deleting the contents of '/home/runner/work/human-essentials/human-essentials'
2024-02-26T18:13:57.8416194Z ##[group]Initializing the repository
2024-02-26T18:13:57.8420478Z [command]/usr/bin/git init /home/runner/work/human-essentials/human-essentials
2024-02-26T18:13:57.8493514Z hint: Using 'master' as the name for the initial branch. This default branch name
2024-02-26T18:13:57.8495395Z hint: is subject to change. To configure the initial branch name to use in all
2024-02-26T18:13:57.8497426Z hint: of your new repositories, which will suppress this warning, call:
2024-02-26T18:13:57.8498629Z hint: 
2024-02-26T18:13:57.8501541Z hint: 	git config --global init.defaultBranch <name>
2024-02-26T18:13:57.8502303Z hint: 
2024-02-26T18:13:57.8503125Z hint: Names commonly chosen instead of 'master' are 'main', 'trunk' and
2024-02-26T18:13:57.8504927Z hint: 'development'. The just-created branch can be renamed via this command:
2024-02-26T18:13:57.8505849Z hint: 
2024-02-26T18:13:57.8506339Z hint: 	git branch -m <name>
2024-02-26T18:13:57.8507774Z Initialized empty Git repository in /home/runner/work/human-essentials/human-essentials/.git/
2024-02-26T18:13:57.8514891Z [command]/usr/bin/git remote add origin https://github.com/rubyforgood/human-essentials
2024-02-26T18:13:57.8557643Z ##[endgroup]
2024-02-26T18:13:57.8558718Z ##[group]Disabling automatic garbage collection
2024-02-26T18:13:57.8562165Z [command]/usr/bin/git config --local gc.auto 0
2024-02-26T18:13:57.8600680Z ##[endgroup]
2024-02-26T18:13:57.8601724Z ##[group]Setting up auth
2024-02-26T18:13:57.8607994Z [command]/usr/bin/git config --local --name-only --get-regexp core\.sshCommand
2024-02-26T18:13:57.8647747Z [command]/usr/bin/git submodule foreach --recursive sh -c "git config --local --name-only --get-regexp 'core\.sshCommand' && git config --local --unset-all 'core.sshCommand' || :"
2024-02-26T18:13:57.8948306Z [command]/usr/bin/git config --local --name-only --get-regexp http\.https\:\/\/github\.com\/\.extraheader
2024-02-26T18:13:57.8987832Z [command]/usr/bin/git submodule foreach --recursive sh -c "git config --local --name-only --get-regexp 'http\.https\:\/\/github\.com\/\.extraheader' && git config --local --unset-all 'http.https://github.com/.extraheader' || :"
2024-02-26T18:13:57.9229796Z [command]/usr/bin/git config --local http.https://github.com/.extraheader AUTHORIZATION: basic ***
2024-02-26T18:13:57.9277708Z ##[endgroup]
2024-02-26T18:13:57.9278728Z ##[group]Fetching the repository
2024-02-26T18:13:57.9287599Z [command]/usr/bin/git -c protocol.version=2 fetch --no-tags --prune --progress --no-recurse-submodules --depth=1 origin +72b875602b6822e0116bcb4d0bdf237fc3bf473f:refs/remotes/pull/4133/merge
2024-02-26T18:13:58.1150684Z remote: Enumerating objects: 1741, done.        
2024-02-26T18:13:58.1152169Z remote: Counting objects:   0% (1/1741)        
2024-02-26T18:13:58.1153109Z remote: Counting objects:   1% (18/1741)        
2024-02-26T18:13:58.1154160Z remote: Counting objects:   2% (35/1741)        
2024-02-26T18:13:58.1155150Z remote: Counting objects:   3% (53/1741)        
2024-02-26T18:13:58.1155882Z remote: Counting objects:   4% (70/1741)        
2024-02-26T18:13:58.1156501Z remote: Counting objects:   5% (88/1741)        
2024-02-26T18:13:58.1157073Z remote: Counting objects:   6% (105/1741)        
2024-02-26T18:13:58.1157622Z remote: Counting objects:   7% (122/1741)        
2024-02-26T18:13:58.1158193Z remote: Counting objects:   8% (140/1741)        
2024-02-26T18:13:58.1158723Z remote: Counting objects:   9% (157/1741)        
2024-02-26T18:13:58.1159277Z remote: Counting objects:  10% (175/1741)        
2024-02-26T18:13:58.1159891Z remote: Counting objects:  11% (192/1741)        
2024-02-26T18:13:58.1160385Z remote: Counting objects:  12% (209/1741)        
2024-02-26T18:13:58.1160923Z remote: Counting objects:  13% (227/1741)        
2024-02-26T18:13:58.1161500Z remote: Counting objects:  14% (244/1741)        
2024-02-26T18:13:58.1161982Z remote: Counting objects:  15% (262/1741)        
2024-02-26T18:13:58.1162515Z remote: Counting objects:  16% (279/1741)        
2024-02-26T18:13:58.1163096Z remote: Counting objects:  17% (296/1741)        
2024-02-26T18:13:58.1163524Z remote: Counting objects:  18% (314/1741)        
2024-02-26T18:13:58.1164006Z remote: Counting objects:  19% (331/1741)        
2024-02-26T18:13:58.1164522Z remote: Counting objects:  20% (349/1741)        
2024-02-26T18:13:58.1164946Z remote: Counting objects:  21% (366/1741)        
2024-02-26T18:13:58.1165432Z remote: Counting objects:  22% (384/1741)        
2024-02-26T18:13:58.1166234Z remote: Counting objects:  23% (401/1741)        
2024-02-26T18:13:58.1166684Z remote: Counting objects:  24% (418/1741)        
2024-02-26T18:13:58.1167153Z remote: Counting objects:  25% (436/1741)        
2024-02-26T18:13:58.1167673Z remote: Counting objects:  26% (453/1741)        
2024-02-26T18:13:58.1168112Z remote: Counting objects:  27% (471/1741)        
2024-02-26T18:13:58.1204555Z remote: Counting objects:  28% (488/1741)        
2024-02-26T18:13:58.1205824Z remote: Counting objects:  29% (505/1741)        
2024-02-26T18:13:58.1206808Z remote: Counting objects:  30% (523/1741)        
2024-02-26T18:13:58.1207914Z remote: Counting objects:  31% (540/1741)        
2024-02-26T18:13:58.1208935Z remote: Counting objects:  32% (558/1741)        
2024-02-26T18:13:58.1209709Z remote: Counting objects:  33% (575/1741)        
2024-02-26T18:13:58.1210609Z remote: Counting objects:  34% (592/1741)        
2024-02-26T18:13:58.1211447Z remote: Counting objects:  35% (610/1741)        
2024-02-26T18:13:58.1212049Z remote: Counting objects:  36% (627/1741)        
2024-02-26T18:13:58.1212766Z remote: Counting objects:  37% (645/1741)        
2024-02-26T18:13:58.1213246Z remote: Counting objects:  38% (662/1741)        
2024-02-26T18:13:58.1213779Z remote: Counting objects:  39% (679/1741)        
2024-02-26T18:13:58.1214389Z remote: Counting objects:  40% (697/1741)        
2024-02-26T18:13:58.1214872Z remote: Counting objects:  41% (714/1741)        
2024-02-26T18:13:58.1215395Z remote: Counting objects:  42% (732/1741)        
2024-02-26T18:13:58.1216004Z remote: Counting objects:  43% (749/1741)        
2024-02-26T18:13:58.1216482Z remote: Counting objects:  44% (767/1741)        
2024-02-26T18:13:58.1217001Z remote: Counting objects:  45% (784/1741)        
2024-02-26T18:13:58.1217597Z remote: Counting objects:  46% (801/1741)        
2024-02-26T18:13:58.1218074Z remote: Counting objects:  47% (819/1741)        
2024-02-26T18:13:58.1218587Z remote: Counting objects:  48% (836/1741)        
2024-02-26T18:13:58.1219500Z remote: Counting objects:  49% (854/1741)        
2024-02-26T18:13:58.1220375Z remote: Counting objects:  50% (871/1741)        
2024-02-26T18:13:58.1221011Z remote: Counting objects:  51% (888/1741)        
2024-02-26T18:13:58.1221815Z remote: Counting objects:  52% (906/1741)        
2024-02-26T18:13:58.1222337Z remote: Counting objects:  53% (923/1741)        
2024-02-26T18:13:58.1222847Z remote: Counting objects:  54% (941/1741)        
2024-02-26T18:13:58.1223431Z remote: Counting objects:  55% (958/1741)        
2024-02-26T18:13:58.1223905Z remote: Counting objects:  56% (975/1741)        
2024-02-26T18:13:58.1224328Z remote: Counting objects:  57% (993/1741)        
2024-02-26T18:13:58.1224863Z remote: Counting objects:  58% (1010/1741)        
2024-02-26T18:13:58.1225365Z remote: Counting objects:  59% (1028/1741)        
2024-02-26T18:13:58.1225814Z remote: Counting objects:  60% (1045/1741)        
2024-02-26T18:13:58.1226358Z remote: Counting objects:  61% (1063/1741)        
2024-02-26T18:13:58.1226863Z remote: Counting objects:  62% (1080/1741)        
2024-02-26T18:13:58.1227306Z remote: Counting objects:  63% (1097/1741)        
2024-02-26T18:13:58.1227875Z remote: Counting objects:  64% (1115/1741)        
2024-02-26T18:13:58.1228500Z remote: Counting objects:  65% (1132/1741)        
2024-02-26T18:13:58.1229105Z remote: Counting objects:  66% (1150/1741)        
2024-02-26T18:13:58.1229678Z remote: Counting objects:  67% (1167/1741)        
2024-02-26T18:13:58.1230181Z remote: Counting objects:  68% (1184/1741)        
2024-02-26T18:13:58.1230655Z remote: Counting objects:  69% (1202/1741)        
2024-02-26T18:13:58.1231158Z remote: Counting objects:  70% (1219/1741)        
2024-02-26T18:13:58.1231655Z remote: Counting objects:  71% (1237/1741)        
2024-02-26T18:13:58.1232124Z remote: Counting objects:  72% (1254/1741)        
2024-02-26T18:13:58.1232677Z remote: Counting objects:  73% (1271/1741)        
2024-02-26T18:13:58.1233312Z remote: Counting objects:  74% (1289/1741)        
2024-02-26T18:13:58.1233789Z remote: Counting objects:  75% (1306/1741)        
2024-02-26T18:13:58.1234350Z remote: Counting objects:  76% (1324/1741)        
2024-02-26T18:13:58.1234799Z remote: Counting objects:  77% (1341/1741)        
2024-02-26T18:13:58.1235283Z remote: Counting objects:  78% (1358/1741)        
2024-02-26T18:13:58.1235835Z remote: Counting objects:  79% (1376/1741)        
2024-02-26T18:13:58.1236271Z remote: Counting objects:  80% (1393/1741)        
2024-02-26T18:13:58.1236757Z remote: Counting objects:  81% (1411/1741)        
2024-02-26T18:13:58.1237284Z remote: Counting objects:  82% (1428/1741)        
2024-02-26T18:13:58.1237716Z remote: Counting objects:  83% (1446/1741)        
2024-02-26T18:13:58.1238197Z remote: Counting objects:  84% (1463/1741)        
2024-02-26T18:13:58.1238728Z remote: Counting objects:  85% (1480/1741)        
2024-02-26T18:13:58.1239161Z remote: Counting objects:  86% (1498/1741)        
2024-02-26T18:13:58.1239646Z remote: Counting objects:  87% (1515/1741)        
2024-02-26T18:13:58.1240178Z remote: Counting objects:  88% (1533/1741)        
2024-02-26T18:13:58.1240626Z remote: Counting objects:  89% (1550/1741)        
2024-02-26T18:13:58.1241117Z remote: Counting objects:  90% (1567/1741)        
2024-02-26T18:13:58.1241658Z remote: Counting objects:  91% (1585/1741)        
2024-02-26T18:13:58.1242137Z remote: Counting objects:  92% (1602/1741)        
2024-02-26T18:13:58.1242584Z remote: Counting objects:  93% (1620/1741)        
2024-02-26T18:13:58.1243116Z remote: Counting objects:  94% (1637/1741)        
2024-02-26T18:13:58.1243594Z remote: Counting objects:  95% (1654/1741)        
2024-02-26T18:13:58.1244029Z remote: Counting objects:  96% (1672/1741)        
2024-02-26T18:13:58.1244564Z remote: Counting objects:  97% (1689/1741)        
2024-02-26T18:13:58.1245046Z remote: Counting objects:  98% (1707/1741)        
2024-02-26T18:13:58.1245480Z remote: Counting objects:  99% (1724/1741)        
2024-02-26T18:13:58.1246033Z remote: Counting objects: 100% (1741/1741)        
2024-02-26T18:13:58.1246670Z remote: Counting objects: 100% (1741/1741), done.        
2024-02-26T18:13:58.1247176Z remote: Compressing objects:   0% (1/1555)        
2024-02-26T18:13:58.1247760Z remote: Compressing objects:   1% (16/1555)        
2024-02-26T18:13:58.1248260Z remote: Compressing objects:   2% (32/1555)        
2024-02-26T18:13:58.1248718Z remote: Compressing objects:   3% (47/1555)        
2024-02-26T18:13:58.1249285Z remote: Compressing objects:   4% (63/1555)        
2024-02-26T18:13:58.1249769Z remote: Compressing objects:   5% (78/1555)        
2024-02-26T18:13:58.1250215Z remote: Compressing objects:   6% (94/1555)        
2024-02-26T18:13:58.1250806Z remote: Compressing objects:   7% (109/1555)        
2024-02-26T18:13:58.1251307Z remote: Compressing objects:   8% (125/1555)        
2024-02-26T18:13:58.1318353Z remote: Compressing objects:   9% (140/1555)        
2024-02-26T18:13:58.1320875Z remote: Compressing objects:  10% (156/1555)        
2024-02-26T18:13:58.1321417Z remote: Compressing objects:  11% (172/1555)        
2024-02-26T18:13:58.1327510Z remote: Compressing objects:  12% (187/1555)        
2024-02-26T18:13:58.1363592Z remote: Compressing objects:  13% (203/1555)        
2024-02-26T18:13:58.1371221Z remote: Compressing objects:  14% (218/1555)        
2024-02-26T18:13:58.1374558Z remote: Compressing objects:  15% (234/1555)        
2024-02-26T18:13:58.1377505Z remote: Compressing objects:  16% (249/1555)        
2024-02-26T18:13:58.1381197Z remote: Compressing objects:  17% (265/1555)        
2024-02-26T18:13:58.1387305Z remote: Compressing objects:  18% (280/1555)        
2024-02-26T18:13:58.1408803Z remote: Compressing objects:  19% (296/1555)        
2024-02-26T18:13:58.1433098Z remote: Compressing objects:  20% (311/1555)        
2024-02-26T18:13:58.1477693Z remote: Compressing objects:  21% (327/1555)        
2024-02-26T18:13:58.1491231Z remote: Compressing objects:  22% (343/1555)        
2024-02-26T18:13:58.1500583Z remote: Compressing objects:  23% (358/1555)        
2024-02-26T18:13:58.1512658Z remote: Compressing objects:  24% (374/1555)        
2024-02-26T18:13:58.1519042Z remote: Compressing objects:  25% (389/1555)        
2024-02-26T18:13:58.1532890Z remote: Compressing objects:  26% (405/1555)        
2024-02-26T18:13:58.1545308Z remote: Compressing objects:  27% (420/1555)        
2024-02-26T18:13:58.1553413Z remote: Compressing objects:  28% (436/1555)        
2024-02-26T18:13:58.1564798Z remote: Compressing objects:  29% (451/1555)        
2024-02-26T18:13:58.1575120Z remote: Compressing objects:  30% (467/1555)        
2024-02-26T18:13:58.1596775Z remote: Compressing objects:  31% (483/1555)        
2024-02-26T18:13:58.1603754Z remote: Compressing objects:  32% (498/1555)        
2024-02-26T18:13:58.1609157Z remote: Compressing objects:  33% (514/1555)        
2024-02-26T18:13:58.1620629Z remote: Compressing objects:  34% (529/1555)        
2024-02-26T18:13:58.1624331Z remote: Compressing objects:  35% (545/1555)        
2024-02-26T18:13:58.1630612Z remote: Compressing objects:  36% (560/1555)        
2024-02-26T18:13:58.1637947Z remote: Compressing objects:  37% (576/1555)        
2024-02-26T18:13:58.1642149Z remote: Compressing objects:  38% (591/1555)        
2024-02-26T18:13:58.1643280Z remote: Compressing objects:  39% (607/1555)        
2024-02-26T18:13:58.1645365Z remote: Compressing objects:  40% (622/1555)        
2024-02-26T18:13:58.1648982Z remote: Compressing objects:  41% (638/1555)        
2024-02-26T18:13:58.1651425Z remote: Compressing objects:  42% (654/1555)        
2024-02-26T18:13:58.1654592Z remote: Compressing objects:  43% (669/1555)        
2024-02-26T18:13:58.1657550Z remote: Compressing objects:  44% (685/1555)        
2024-02-26T18:13:58.1663423Z remote: Compressing objects:  45% (700/1555)        
2024-02-26T18:13:58.1669951Z remote: Compressing objects:  46% (716/1555)        
2024-02-26T18:13:58.1671342Z remote: Compressing objects:  47% (731/1555)        
2024-02-26T18:13:58.1675193Z remote: Compressing objects:  48% (747/1555)        
2024-02-26T18:13:58.1678323Z remote: Compressing objects:  49% (762/1555)        
2024-02-26T18:13:58.1685298Z remote: Compressing objects:  50% (778/1555)        
2024-02-26T18:13:58.1687466Z remote: Compressing objects:  51% (794/1555)        
2024-02-26T18:13:58.1690666Z remote: Compressing objects:  52% (809/1555)        
2024-02-26T18:13:58.1693401Z remote: Compressing objects:  53% (825/1555)        
2024-02-26T18:13:58.1700569Z remote: Compressing objects:  54% (840/1555)        
2024-02-26T18:13:58.1715026Z remote: Compressing objects:  55% (856/1555)        
2024-02-26T18:13:58.1749938Z remote: Compressing objects:  56% (871/1555)        
2024-02-26T18:13:58.1775409Z remote: Compressing objects:  57% (887/1555)        
2024-02-26T18:13:58.1790268Z remote: Compressing objects:  58% (902/1555)        
2024-02-26T18:13:58.1794243Z remote: Compressing objects:  59% (918/1555)        
2024-02-26T18:13:58.1798233Z remote: Compressing objects:  60% (933/1555)        
2024-02-26T18:13:58.1801811Z remote: Compressing objects:  61% (949/1555)        
2024-02-26T18:13:58.1808279Z remote: Compressing objects:  62% (965/1555)        
2024-02-26T18:13:58.1831614Z remote: Compressing objects:  63% (980/1555)        
2024-02-26T18:13:58.1834866Z remote: Compressing objects:  64% (996/1555)        
2024-02-26T18:13:58.1835930Z remote: Compressing objects:  65% (1011/1555)        
2024-02-26T18:13:58.1836591Z remote: Compressing objects:  66% (1027/1555)        
2024-02-26T18:13:58.1846008Z remote: Compressing objects:  67% (1042/1555)        
2024-02-26T18:13:58.1850956Z remote: Compressing objects:  68% (1058/1555)        
2024-02-26T18:13:58.1855468Z remote: Compressing objects:  69% (1073/1555)        
2024-02-26T18:13:58.1859373Z remote: Compressing objects:  70% (1089/1555)        
2024-02-26T18:13:58.1873225Z remote: Compressing objects:  71% (1105/1555)        
2024-02-26T18:13:58.1886039Z remote: Compressing objects:  72% (1120/1555)        
2024-02-26T18:13:58.1898565Z remote: Compressing objects:  73% (1136/1555)        
2024-02-26T18:13:58.1902351Z remote: Compressing objects:  74% (1151/1555)        
2024-02-26T18:13:58.1913073Z remote: Compressing objects:  75% (1167/1555)        
2024-02-26T18:13:58.1982904Z remote: Compressing objects:  76% (1182/1555)        
2024-02-26T18:13:58.2005646Z remote: Compressing objects:  77% (1198/1555)        
2024-02-26T18:13:58.2017288Z remote: Compressing objects:  78% (1213/1555)        
2024-02-26T18:13:58.2041425Z remote: Compressing objects:  79% (1229/1555)        
2024-02-26T18:13:58.2063016Z remote: Compressing objects:  80% (1244/1555)        
2024-02-26T18:13:58.2115011Z remote: Compressing objects:  81% (1260/1555)        
2024-02-26T18:13:58.2147923Z remote: Compressing objects:  82% (1276/1555)        
2024-02-26T18:13:58.2180943Z remote: Compressing objects:  83% (1291/1555)        
2024-02-26T18:13:58.2193546Z remote: Compressing objects:  84% (1307/1555)        
2024-02-26T18:13:58.2242093Z remote: Compressing objects:  85% (1322/1555)        
2024-02-26T18:13:58.2284969Z remote: Compressing objects:  86% (1338/1555)        
2024-02-26T18:13:58.2307641Z remote: Compressing objects:  87% (1353/1555)        
2024-02-26T18:13:58.2315655Z remote: Compressing objects:  88% (1369/1555)        
2024-02-26T18:13:58.2317708Z remote: Compressing objects:  89% (1384/1555)        
2024-02-26T18:13:58.2320316Z remote: Compressing objects:  90% (1400/1555)        
2024-02-26T18:13:58.2322105Z remote: Compressing objects:  91% (1416/1555)        
2024-02-26T18:13:58.2323871Z remote: Compressing objects:  92% (1431/1555)        
2024-02-26T18:13:58.2326300Z remote: Compressing objects:  93% (1447/1555)        
2024-02-26T18:13:58.2328983Z remote: Compressing objects:  94% (1462/1555)        
2024-02-26T18:13:58.2329904Z remote: Compressing objects:  95% (1478/1555)        
2024-02-26T18:13:58.2334701Z remote: Compressing objects:  96% (1493/1555)        
2024-02-26T18:13:58.2336191Z remote: Compressing objects:  97% (1509/1555)        
2024-02-26T18:13:58.2337333Z remote: Compressing objects:  98% (1524/1555)        
2024-02-26T18:13:58.2340739Z remote: Compressing objects:  99% (1540/1555)        
2024-02-26T18:13:58.2341651Z remote: Compressing objects: 100% (1555/1555)        
2024-02-26T18:13:58.2342202Z remote: Compressing objects: 100% (1555/1555), done.        
2024-02-26T18:13:58.2389959Z Receiving objects:   0% (1/1741)
2024-02-26T18:13:58.2393074Z Receiving objects:   1% (18/1741)
2024-02-26T18:13:58.2424056Z Receiving objects:   2% (35/1741)
2024-02-26T18:13:58.2867978Z Receiving objects:   3% (53/1741)
2024-02-26T18:13:58.3755619Z Receiving objects:   4% (70/1741)
2024-02-26T18:13:58.3758691Z Receiving objects:   5% (88/1741)
2024-02-26T18:13:58.3761845Z Receiving objects:   6% (105/1741)
2024-02-26T18:13:58.3767036Z Receiving objects:   7% (122/1741)
2024-02-26T18:13:58.3771008Z Receiving objects:   8% (140/1741)
2024-02-26T18:13:58.3774821Z Receiving objects:   9% (157/1741)
2024-02-26T18:13:58.3778229Z Receiving objects:  10% (175/1741)
2024-02-26T18:13:58.3781363Z Receiving objects:  11% (192/1741)
2024-02-26T18:13:58.3784661Z Receiving objects:  12% (209/1741)
2024-02-26T18:13:58.3806219Z Receiving objects:  13% (227/1741)
2024-02-26T18:13:58.3812221Z Receiving objects:  14% (244/1741)
2024-02-26T18:13:58.3814798Z Receiving objects:  15% (262/1741)
2024-02-26T18:13:58.3818550Z Receiving objects:  16% (279/1741)
2024-02-26T18:13:58.3824097Z Receiving objects:  17% (296/1741)
2024-02-26T18:13:58.3828699Z Receiving objects:  18% (314/1741)
2024-02-26T18:13:58.3833199Z Receiving objects:  19% (331/1741)
2024-02-26T18:13:58.3836951Z Receiving objects:  20% (349/1741)
2024-02-26T18:13:58.3840317Z Receiving objects:  21% (366/1741)
2024-02-26T18:13:58.3843188Z Receiving objects:  22% (384/1741)
2024-02-26T18:13:58.3846639Z Receiving objects:  23% (401/1741)
2024-02-26T18:13:58.3849749Z Receiving objects:  24% (418/1741)
2024-02-26T18:13:58.3853750Z Receiving objects:  25% (436/1741)
2024-02-26T18:13:58.3854744Z Receiving objects:  26% (453/1741)
2024-02-26T18:13:58.3866595Z Receiving objects:  27% (471/1741)
2024-02-26T18:13:58.3869762Z Receiving objects:  28% (488/1741)
2024-02-26T18:13:58.3871839Z Receiving objects:  29% (505/1741)
2024-02-26T18:13:58.3874821Z Receiving objects:  30% (523/1741)
2024-02-26T18:13:58.3878323Z Receiving objects:  31% (540/1741)
2024-02-26T18:13:58.3879891Z Receiving objects:  32% (558/1741)
2024-02-26T18:13:58.3882711Z Receiving objects:  33% (575/1741)
2024-02-26T18:13:58.3884665Z Receiving objects:  34% (592/1741)
2024-02-26T18:13:58.3886371Z Receiving objects:  35% (610/1741)
2024-02-26T18:13:58.3890925Z Receiving objects:  36% (627/1741)
2024-02-26T18:13:58.3893213Z Receiving objects:  37% (645/1741)
2024-02-26T18:13:58.3894292Z Receiving objects:  38% (662/1741)
2024-02-26T18:13:58.3897599Z Receiving objects:  39% (679/1741)
2024-02-26T18:13:58.3900722Z Receiving objects:  40% (697/1741)
2024-02-26T18:13:58.3903395Z Receiving objects:  41% (714/1741)
2024-02-26T18:13:58.3905788Z Receiving objects:  42% (732/1741)
2024-02-26T18:13:58.3909766Z Receiving objects:  43% (749/1741)
2024-02-26T18:13:58.3912678Z Receiving objects:  44% (767/1741)
2024-02-26T18:13:58.3914908Z Receiving objects:  45% (784/1741)
2024-02-26T18:13:58.3918358Z Receiving objects:  46% (801/1741)
2024-02-26T18:13:58.3921995Z Receiving objects:  47% (819/1741)
2024-02-26T18:13:58.3926714Z Receiving objects:  48% (836/1741)
2024-02-26T18:13:58.3929055Z Receiving objects:  49% (854/1741)
2024-02-26T18:13:58.3931371Z Receiving objects:  50% (871/1741)
2024-02-26T18:13:58.3932434Z Receiving objects:  51% (888/1741)
2024-02-26T18:13:58.3935012Z Receiving objects:  52% (906/1741)
2024-02-26T18:13:58.3940307Z Receiving objects:  53% (923/1741)
2024-02-26T18:13:58.3944121Z Receiving objects:  54% (941/1741)
2024-02-26T18:13:58.3949881Z Receiving objects:  55% (958/1741)
2024-02-26T18:13:58.3953432Z Receiving objects:  56% (975/1741)
2024-02-26T18:13:58.3955428Z Receiving objects:  57% (993/1741)
2024-02-26T18:13:58.3957552Z Receiving objects:  58% (1010/1741)
2024-02-26T18:13:58.3959569Z Receiving objects:  59% (1028/1741)
2024-02-26T18:13:58.3961874Z Receiving objects:  60% (1045/1741)
2024-02-26T18:13:58.3963479Z Receiving objects:  61% (1063/1741)
2024-02-26T18:13:58.3965434Z Receiving objects:  62% (1080/1741)
2024-02-26T18:13:58.3967202Z Receiving objects:  63% (1097/1741)
2024-02-26T18:13:58.3968942Z Receiving objects:  64% (1115/1741)
2024-02-26T18:13:58.3971202Z Receiving objects:  65% (1132/1741)
2024-02-26T18:13:58.3973983Z Receiving objects:  66% (1150/1741)
2024-02-26T18:13:58.3975213Z Receiving objects:  67% (1167/1741)
2024-02-26T18:13:58.3977988Z Receiving objects:  68% (1184/1741)
2024-02-26T18:13:58.3981895Z Receiving objects:  69% (1202/1741)
2024-02-26T18:13:58.3984613Z Receiving objects:  70% (1219/1741)
2024-02-26T18:13:58.3991795Z Receiving objects:  71% (1237/1741)
2024-02-26T18:13:58.4003094Z Receiving objects:  72% (1254/1741)
2024-02-26T18:13:58.4005378Z Receiving objects:  73% (1271/1741)
2024-02-26T18:13:58.4007287Z Receiving objects:  74% (1289/1741)
2024-02-26T18:13:58.4226311Z Receiving objects:  75% (1306/1741)
2024-02-26T18:13:58.4419401Z Receiving objects:  76% (1324/1741)
2024-02-26T18:13:58.4545229Z Receiving objects:  77% (1341/1741)
2024-02-26T18:13:58.4851288Z Receiving objects:  78% (1358/1741)
2024-02-26T18:13:58.5022317Z Receiving objects:  79% (1376/1741)
2024-02-26T18:13:58.5231649Z Receiving objects:  80% (1393/1741)
2024-02-26T18:13:58.5237075Z Receiving objects:  81% (1411/1741)
2024-02-26T18:13:58.5240313Z Receiving objects:  82% (1428/1741)
2024-02-26T18:13:58.5242293Z Receiving objects:  83% (1446/1741)
2024-02-26T18:13:58.5248040Z Receiving objects:  84% (1463/1741)
2024-02-26T18:13:58.5252177Z Receiving objects:  85% (1480/1741)
2024-02-26T18:13:58.5258194Z Receiving objects:  86% (1498/1741)
2024-02-26T18:13:58.5266131Z Receiving objects:  87% (1515/1741)
2024-02-26T18:13:58.5270281Z Receiving objects:  88% (1533/1741)
2024-02-26T18:13:58.5276035Z Receiving objects:  89% (1550/1741)
2024-02-26T18:13:58.5281454Z Receiving objects:  90% (1567/1741)
2024-02-26T18:13:58.5287476Z Receiving objects:  91% (1585/1741)
2024-02-26T18:13:58.5292339Z Receiving objects:  92% (1602/1741)
2024-02-26T18:13:58.5296779Z Receiving objects:  93% (1620/1741)
2024-02-26T18:13:58.5301126Z Receiving objects:  94% (1637/1741)
2024-02-26T18:13:58.5305151Z Receiving objects:  95% (1654/1741)
2024-02-26T18:13:58.5307815Z Receiving objects:  96% (1672/1741)
2024-02-26T18:13:58.5316157Z Receiving objects:  97% (1689/1741)
2024-02-26T18:13:58.5324347Z Receiving objects:  98% (1707/1741)
2024-02-26T18:13:58.5340820Z Receiving objects:  99% (1724/1741)
2024-02-26T18:13:58.5342272Z remote: Total 1741 (delta 280), reused 956 (delta 147), pack-reused 0        
2024-02-26T18:13:58.5349809Z Receiving objects: 100% (1741/1741)
2024-02-26T18:13:58.5350772Z Receiving objects: 100% (1741/1741), 6.59 MiB | 22.13 MiB/s, done.
2024-02-26T18:13:58.5354986Z Resolving deltas:   0% (0/280)
2024-02-26T18:13:58.5359511Z Resolving deltas:   1% (3/280)
2024-02-26T18:13:58.5360402Z Resolving deltas:   2% (6/280)
2024-02-26T18:13:58.5361235Z Resolving deltas:   3% (9/280)
2024-02-26T18:13:58.5361845Z Resolving deltas:   4% (12/280)
2024-02-26T18:13:58.5362341Z Resolving deltas:   5% (14/280)
2024-02-26T18:13:58.5366062Z Resolving deltas:   6% (17/280)
2024-02-26T18:13:58.5366683Z Resolving deltas:   7% (20/280)
2024-02-26T18:13:58.5377955Z Resolving deltas:   8% (23/280)
2024-02-26T18:13:58.5379119Z Resolving deltas:   9% (26/280)
2024-02-26T18:13:58.5379928Z Resolving deltas:  10% (28/280)
2024-02-26T18:13:58.5382049Z Resolving deltas:  11% (31/280)
2024-02-26T18:13:58.5383167Z Resolving deltas:  12% (34/280)
2024-02-26T18:13:58.5385267Z Resolving deltas:  13% (37/280)
2024-02-26T18:13:58.5386349Z Resolving deltas:  14% (40/280)
2024-02-26T18:13:58.5386986Z Resolving deltas:  15% (42/280)
2024-02-26T18:13:58.5390564Z Resolving deltas:  16% (45/280)
2024-02-26T18:13:58.5391611Z Resolving deltas:  17% (48/280)
2024-02-26T18:13:58.5392317Z Resolving deltas:  18% (51/280)
2024-02-26T18:13:58.5392918Z Resolving deltas:  19% (54/280)
2024-02-26T18:13:58.5393904Z Resolving deltas:  20% (56/280)
2024-02-26T18:13:58.5394483Z Resolving deltas:  21% (59/280)
2024-02-26T18:13:58.5395099Z Resolving deltas:  22% (62/280)
2024-02-26T18:13:58.5396593Z Resolving deltas:  23% (65/280)
2024-02-26T18:13:58.5397415Z Resolving deltas:  24% (68/280)
2024-02-26T18:13:58.5398143Z Resolving deltas:  25% (70/280)
2024-02-26T18:13:58.5399061Z Resolving deltas:  26% (73/280)
2024-02-26T18:13:58.5404971Z Resolving deltas:  27% (76/280)
2024-02-26T18:13:58.5405811Z Resolving deltas:  28% (79/280)
2024-02-26T18:13:58.5406874Z Resolving deltas:  29% (82/280)
2024-02-26T18:13:58.5407703Z Resolving deltas:  30% (84/280)
2024-02-26T18:13:58.5408543Z Resolving deltas:  31% (87/280)
2024-02-26T18:13:58.5409388Z Resolving deltas:  32% (90/280)
2024-02-26T18:13:58.5410030Z Resolving deltas:  33% (93/280)
2024-02-26T18:13:58.5410660Z Resolving deltas:  34% (96/280)
2024-02-26T18:13:58.5411346Z Resolving deltas:  35% (98/280)
2024-02-26T18:13:58.5430487Z Resolving deltas:  36% (101/280)
2024-02-26T18:13:58.5435876Z Resolving deltas:  37% (104/280)
2024-02-26T18:13:58.5436528Z Resolving deltas:  38% (107/280)
2024-02-26T18:13:58.5437340Z Resolving deltas:  39% (110/280)
2024-02-26T18:13:58.5438975Z Resolving deltas:  40% (112/280)
2024-02-26T18:13:58.5439663Z Resolving deltas:  41% (115/280)
2024-02-26T18:13:58.5440484Z Resolving deltas:  42% (118/280)
2024-02-26T18:13:58.5441155Z Resolving deltas:  43% (121/280)
2024-02-26T18:13:58.5443129Z Resolving deltas:  44% (124/280)
2024-02-26T18:13:58.5443940Z Resolving deltas:  45% (126/280)
2024-02-26T18:13:58.5445542Z Resolving deltas:  46% (129/280)
2024-02-26T18:13:58.5446217Z Resolving deltas:  47% (132/280)
2024-02-26T18:13:58.5446990Z Resolving deltas:  48% (135/280)
2024-02-26T18:13:58.5447641Z Resolving deltas:  49% (138/280)
2024-02-26T18:13:58.5448277Z Resolving deltas:  50% (140/280)
2024-02-26T18:13:58.5449257Z Resolving deltas:  51% (143/280)
2024-02-26T18:13:58.5449880Z Resolving deltas:  52% (146/280)
2024-02-26T18:13:58.5450454Z Resolving deltas:  53% (150/280)
2024-02-26T18:13:58.5451142Z Resolving deltas:  54% (152/280)
2024-02-26T18:13:58.5451767Z Resolving deltas:  55% (154/280)
2024-02-26T18:13:58.5452365Z Resolving deltas:  56% (157/280)
2024-02-26T18:13:58.5453015Z Resolving deltas:  57% (160/280)
2024-02-26T18:13:58.5453668Z Resolving deltas:  58% (163/280)
2024-02-26T18:13:58.5454295Z Resolving deltas:  59% (166/280)
2024-02-26T18:13:58.5454979Z Resolving deltas:  60% (169/280)
2024-02-26T18:13:58.5455619Z Resolving deltas:  61% (171/280)
2024-02-26T18:13:58.5456224Z Resolving deltas:  62% (174/280)
2024-02-26T18:13:58.5456887Z Resolving deltas:  63% (177/280)
2024-02-26T18:13:58.5457510Z Resolving deltas:  64% (181/280)
2024-02-26T18:13:58.5458103Z Resolving deltas:  65% (182/280)
2024-02-26T18:13:58.5458769Z Resolving deltas:  66% (185/280)
2024-02-26T18:13:58.5459585Z Resolving deltas:  67% (188/280)
2024-02-26T18:13:58.5460194Z Resolving deltas:  68% (191/280)
2024-02-26T18:13:58.5460895Z Resolving deltas:  69% (194/280)
2024-02-26T18:13:58.5461567Z Resolving deltas:  70% (196/280)
2024-02-26T18:13:58.5462174Z Resolving deltas:  71% (199/280)
2024-02-26T18:13:58.5462852Z Resolving deltas:  72% (202/280)
2024-02-26T18:13:58.5463458Z Resolving deltas:  73% (205/280)
2024-02-26T18:13:58.5464076Z Resolving deltas:  74% (208/280)
2024-02-26T18:13:58.5464761Z Resolving deltas:  75% (210/280)
2024-02-26T18:13:58.5465386Z Resolving deltas:  76% (213/280)
2024-02-26T18:13:58.5466017Z Resolving deltas:  77% (216/280)
2024-02-26T18:13:58.5466674Z Resolving deltas:  78% (219/280)
2024-02-26T18:13:58.5467283Z Resolving deltas:  79% (222/280)
2024-02-26T18:13:58.5467917Z Resolving deltas:  80% (224/280)
2024-02-26T18:13:58.5468568Z Resolving deltas:  81% (227/280)
2024-02-26T18:13:58.5469205Z Resolving deltas:  82% (230/280)
2024-02-26T18:13:58.5469842Z Resolving deltas:  83% (233/280)
2024-02-26T18:13:58.5470502Z Resolving deltas:  84% (236/280)
2024-02-26T18:13:58.5471112Z Resolving deltas:  85% (238/280)
2024-02-26T18:13:58.5471957Z Resolving deltas:  86% (241/280)
2024-02-26T18:13:58.5472627Z Resolving deltas:  87% (244/280)
2024-02-26T18:13:58.5473262Z Resolving deltas:  88% (247/280)
2024-02-26T18:13:58.5473876Z Resolving deltas:  89% (250/280)
2024-02-26T18:13:58.5474529Z Resolving deltas:  90% (252/280)
2024-02-26T18:13:58.5475166Z Resolving deltas:  91% (255/280)
2024-02-26T18:13:58.5475766Z Resolving deltas:  92% (258/280)
2024-02-26T18:13:58.5476440Z Resolving deltas:  93% (261/280)
2024-02-26T18:13:58.5477087Z Resolving deltas:  94% (264/280)
2024-02-26T18:13:58.5477710Z Resolving deltas:  95% (266/280)
2024-02-26T18:13:58.5478276Z Resolving deltas:  96% (269/280)
2024-02-26T18:13:58.5478948Z Resolving deltas:  97% (272/280)
2024-02-26T18:13:58.5479540Z Resolving deltas:  98% (275/280)
2024-02-26T18:13:58.5480673Z Resolving deltas:  99% (278/280)
2024-02-26T18:13:58.5481638Z Resolving deltas: 100% (280/280)
2024-02-26T18:13:58.5482244Z Resolving deltas: 100% (280/280), done.
2024-02-26T18:13:58.5626649Z From https://github.com/rubyforgood/human-essentials
2024-02-26T18:13:58.5627800Z  * [new ref]         72b875602b6822e0116bcb4d0bdf237fc3bf473f -> pull/4133/merge
2024-02-26T18:13:58.5652611Z ##[endgroup]
2024-02-26T18:13:58.5653300Z ##[group]Determining the checkout info
2024-02-26T18:13:58.5654578Z ##[endgroup]
2024-02-26T18:13:58.5655370Z ##[group]Checking out the ref
2024-02-26T18:13:58.5658832Z [command]/usr/bin/git checkout --progress --force refs/remotes/pull/4133/merge
2024-02-26T18:13:58.6988796Z Note: switching to 'refs/remotes/pull/4133/merge'.
2024-02-26T18:13:58.6989655Z 
2024-02-26T18:13:58.6990931Z You are in 'detached HEAD' state. You can look around, make experimental
2024-02-26T18:13:58.6992185Z changes and commit them, and you can discard any commits you make in this
2024-02-26T18:13:58.6993358Z state without impacting any branches by switching back to a branch.
2024-02-26T18:13:58.6994249Z 
2024-02-26T18:13:58.6995179Z If you want to create a new branch to retain commits you create, you may
2024-02-26T18:13:58.6996600Z do so (now or later) by using -c with the switch command. Example:
2024-02-26T18:13:58.6997402Z 
2024-02-26T18:13:58.6997953Z   git switch -c <new-branch-name>
2024-02-26T18:13:58.6998529Z 
2024-02-26T18:13:58.6998796Z Or undo this operation with:
2024-02-26T18:13:58.6999215Z 
2024-02-26T18:13:58.6999474Z   git switch -
2024-02-26T18:13:58.6999780Z 
2024-02-26T18:13:58.7000616Z Turn off this advice by setting config variable advice.detachedHead to false
2024-02-26T18:13:58.7001444Z 
2024-02-26T18:13:58.7002298Z HEAD is now at 72b8756 Merge d041506ba69ba08a09526c3d78748cf081170816 into 19a3bb7b7656ffe91e699d755caae0fc590d7687
2024-02-26T18:13:58.7004305Z ##[endgroup]
2024-02-26T18:13:58.7055363Z [command]/usr/bin/git log -1 --format='%H'
2024-02-26T18:13:58.7093312Z '72b875602b6822e0116bcb4d0bdf237fc3bf473f'
2024-02-26T18:13:58.7399685Z ##[group]Run ruby/setup-ruby@v1
2024-02-26T18:13:58.7400127Z with:
2024-02-26T18:13:58.7400403Z   bundler-cache: true
2024-02-26T18:13:58.7400894Z   ruby-version: default
2024-02-26T18:13:58.7401291Z ##[endgroup]
2024-02-26T18:13:58.9223770Z Using 3.2.2 as input from file .ruby-version
2024-02-26T18:13:58.9258451Z ##[group]Modifying PATH
2024-02-26T18:13:58.9259575Z Entries added to PATH to use selected Ruby:
2024-02-26T18:13:58.9260488Z   /opt/hostedtoolcache/Ruby/3.2.2/x64/bin
2024-02-26T18:13:58.9261809Z ##[endgroup]
2024-02-26T18:13:58.9281175Z ##[group]Downloading Ruby
2024-02-26T18:13:58.9284099Z https://github.com/ruby/ruby-builder/releases/download/toolcache/ruby-3.2.2-ubuntu-22.04.tar.gz
2024-02-26T18:13:59.2475426Z Took   0.32 seconds
2024-02-26T18:13:59.2477827Z ##[endgroup]
2024-02-26T18:13:59.2478583Z ##[group]Extracting  Ruby
2024-02-26T18:13:59.2510042Z [command]/usr/bin/tar -xz -C /opt/hostedtoolcache/Ruby/3.2.2 -f /home/runner/work/_temp/d232c025-c8dd-4609-90f0-5f0df4f04914
2024-02-26T18:13:59.6350291Z Took   0.39 seconds
2024-02-26T18:13:59.6351494Z ##[endgroup]
2024-02-26T18:13:59.6352699Z ##[group]Print Ruby version
2024-02-26T18:13:59.6364199Z [command]/opt/hostedtoolcache/Ruby/3.2.2/x64/bin/ruby --version
2024-02-26T18:13:59.6589386Z ruby 3.2.2 (2023-03-30 revision e51014f9c0) [x86_64-linux]
2024-02-26T18:13:59.6609245Z Took   0.03 seconds
2024-02-26T18:13:59.6610199Z ##[endgroup]
2024-02-26T18:13:59.6611142Z ##[group]Installing Bundler
2024-02-26T18:13:59.6616869Z Using Bundler 2.5.4 from Gemfile.lock BUNDLED WITH 2.5.4
2024-02-26T18:13:59.6622098Z [command]/opt/hostedtoolcache/Ruby/3.2.2/x64/bin/gem install bundler -v 2.5.4
2024-02-26T18:14:00.1479327Z Successfully installed bundler-2.5.4
2024-02-26T18:14:00.1480043Z 1 gem installed
2024-02-26T18:14:00.1537882Z Took   0.49 seconds
2024-02-26T18:14:00.1539129Z ##[endgroup]
2024-02-26T18:14:00.1543691Z > bundle install
2024-02-26T18:14:00.1558354Z [command]/opt/hostedtoolcache/Ruby/3.2.2/x64/bin/bundle config --local path /home/runner/work/human-essentials/human-essentials/vendor/bundle
2024-02-26T18:14:00.3011001Z [command]/opt/hostedtoolcache/Ruby/3.2.2/x64/bin/bundle config --local deployment true
2024-02-26T18:14:00.4506819Z Cache key: setup-ruby-bundler-cache-v6-ubuntu-22.04-x64-ruby-3.2.2-wd-/home/runner/work/human-essentials/human-essentials-with--without--only--Gemfile.lock-4e3a9ccd5d480c887da27a355ef29cbf32fe33d9ea067f0ceb7cf9965ac28024
2024-02-26T18:14:01.5466650Z Received 206587310 of 214975918 (96.1%), 197.0 MBs/sec
2024-02-26T18:14:01.9340350Z Cache Size: ~205 MB (214975918 B)
2024-02-26T18:14:01.9460976Z [command]/usr/bin/tar -xf /home/runner/work/_temp/4ca0af0d-d989-47d0-acc9-66b2156c5657/cache.tzst -P -C /home/runner/work/human-essentials/human-essentials --use-compress-program unzstd
2024-02-26T18:14:02.5476526Z Received 214975918 of 214975918 (100.0%), 102.5 MBs/sec
2024-02-26T18:14:03.7175724Z Cache restored successfully
2024-02-26T18:14:03.7753259Z Found cache for key: setup-ruby-bundler-cache-v6-ubuntu-22.04-x64-ruby-3.2.2-wd-/home/runner/work/human-essentials/human-essentials-with--without--only--Gemfile.lock-4e3a9ccd5d480c887da27a355ef29cbf32fe33d9ea067f0ceb7cf9965ac28024
2024-02-26T18:14:03.7764291Z [command]/opt/hostedtoolcache/Ruby/3.2.2/x64/bin/bundle install --jobs 4
2024-02-26T18:14:04.1723891Z Bundle complete! 85 Gemfile dependencies, 246 gems now installed.
2024-02-26T18:14:04.1725753Z Bundled gems are installed into `./vendor/bundle`
2024-02-26T18:14:04.1775070Z Took   4.02 seconds
2024-02-26T18:14:04.1999298Z ##[group]Run sudo apt-get -yqq install libpq-dev
2024-02-26T18:14:04.2000100Z [36;1msudo apt-get -yqq install libpq-dev[0m
2024-02-26T18:14:04.2043825Z shell: /usr/bin/bash -e {0}
2024-02-26T18:14:04.2044254Z ##[endgroup]
2024-02-26T18:14:05.3631831Z ##[group]Run bundle exec rake db:create
2024-02-26T18:14:05.3632447Z [36;1mbundle exec rake db:create[0m
2024-02-26T18:14:05.3632945Z [36;1mbundle exec rake db:schema:load[0m
2024-02-26T18:14:05.3633394Z [36;1mbundle exec rails assets:precompile[0m
2024-02-26T18:14:05.3661339Z shell: /usr/bin/bash -e {0}
2024-02-26T18:14:05.3661927Z env:
2024-02-26T18:14:05.3662264Z   POSTGRES_HOST: localhost
2024-02-26T18:14:05.3662680Z   DATABASE_HOST: localhost
2024-02-26T18:14:05.3663089Z   PG_USERNAME: postgres
2024-02-26T18:14:05.3663487Z   PG_PASSWORD: password
2024-02-26T18:14:05.3663898Z   POSTGRES_HOST_AUTH_METHOD: trust
2024-02-26T18:14:05.3664377Z   POSTGRES_PORT: 5432
2024-02-26T18:14:05.3664742Z   RAILS_ENV: test
2024-02-26T18:14:05.3665292Z ##[endgroup]
2024-02-26T18:14:11.7530652Z We could not find your database: diaper_test. Which can be found in the database configuration file located at config/database.yml.
2024-02-26T18:14:11.7532124Z 
2024-02-26T18:14:11.7532748Z To resolve this issue:
2024-02-26T18:14:11.7533071Z 
2024-02-26T18:14:11.7534180Z - Did you create the database for this app, or delete it? You may need to create your database.
2024-02-26T18:14:11.7535844Z - Has the database name changed? Check your database.yml config has the correct database name.
2024-02-26T18:14:11.7538078Z 
2024-02-26T18:14:11.7538336Z To create your database, run:
2024-02-26T18:14:11.7539122Z 
2024-02-26T18:14:11.7539371Z         bin/rails db:create
2024-02-26T18:14:11.7540354Z . You likely need to run `rails g flipper:active_record` and/or `rails db:migrate`.
2024-02-26T18:14:11.9883231Z Created database 'diaper_test'
2024-02-26T18:14:12.2826897Z Coverage report generated for RSpec to /home/runner/work/human-essentials/human-essentials/coverage. 329 / 10177 LOC (3.23%) covered.
2024-02-26T18:14:18.4826160Z PG::UndefinedTable: ERROR:  relation "flipper_gates" does not exist
2024-02-26T18:14:18.4827166Z LINE 9:  WHERE a.attrelid = '"flipper_gates"'::regclass
2024-02-26T18:14:18.4827808Z                             ^
2024-02-26T18:14:18.4828393Z . You likely need to run `rails g flipper:active_record` and/or `rails db:migrate`.
2024-02-26T18:14:19.4160058Z Coverage report generated for RSpec to /home/runner/work/human-essentials/human-essentials/coverage. 329 / 10177 LOC (3.23%) covered.
2024-02-26T18:14:53.2761732Z W, [2024-02-26T10:14:53.275817 #2237]  WARN -- : Removed sourceMappingURL comment for missing asset 'adminlte.js.map' from /home/runner/work/human-essentials/human-essentials/app/javascript/adminlte.js
2024-02-26T18:14:53.3532795Z I, [2024-02-26T10:14:53.352923 #2237]  INFO -- : Writing /home/runner/work/human-essentials/human-essentials/public/assets/manifest-90aab26ade71e747f745b1227b433fd7d580a54f279ee2be6e1a67bb326bf03a.js
2024-02-26T18:14:53.3535732Z I, [2024-02-26T10:14:53.353103 #2237]  INFO -- : Writing /home/runner/work/human-essentials/human-essentials/public/assets/manifest-90aab26ade71e747f745b1227b433fd7d580a54f279ee2be6e1a67bb326bf03a.js.gz
2024-02-26T18:14:53.3539557Z I, [2024-02-26T10:14:53.353414 #2237]  INFO -- : Writing /home/runner/work/human-essentials/human-essentials/public/assets/filterrific/filterrific-spinner-415824b210964b6cdb1db0bd9508be8644b9fde094b392f73055b20d369885b6.gif
2024-02-26T18:14:53.3542907Z I, [2024-02-26T10:14:53.353782 #2237]  INFO -- : Writing /home/runner/work/human-essentials/human-essentials/public/assets/bootstrap.min-67c48d88a8e0be178058aacb338b084191ed6d65c8fef751c50248202cf1488a.js
2024-02-26T18:14:53.3545789Z I, [2024-02-26T10:14:53.353931 #2237]  INFO -- : Writing /home/runner/work/human-essentials/human-essentials/public/assets/bootstrap.min-67c48d88a8e0be178058aacb338b084191ed6d65c8fef751c50248202cf1488a.js.gz
2024-02-26T18:14:53.3548605Z I, [2024-02-26T10:14:53.354231 #2237]  INFO -- : Writing /home/runner/work/human-essentials/human-essentials/public/assets/DiaperBase-Logo-f18172876cab49a451ca9c3178b578ab2019e03f111a6b6f3ba0c1b40b3d7c0c.png
2024-02-26T18:14:53.3553717Z I, [2024-02-26T10:14:53.355060 #2237]  INFO -- : Writing /home/runner/work/human-essentials/human-essentials/public/assets/Just-Diaper-05bf6a1b70ccad149eb4eca7b5f9fcca1f9c37bab1f8e5edb6798d66c903ba53.svg
2024-02-26T18:14:53.3559997Z I, [2024-02-26T10:14:53.355626 #2237]  INFO -- : Writing /home/runner/work/human-essentials/human-essentials/public/assets/Just-Diaper-05bf6a1b70ccad149eb4eca7b5f9fcca1f9c37bab1f8e5edb6798d66c903ba53.svg.gz
2024-02-26T18:14:53.3563775Z I, [2024-02-26T10:14:53.355830 #2237]  INFO -- : Writing /home/runner/work/human-essentials/human-essentials/public/assets/barcode-932aed25f5c148b36882be3bfb6696ecdd362ba0a709ff0674a10477f2aad8f3.svg
2024-02-26T18:14:53.3567080Z I, [2024-02-26T10:14:53.355986 #2237]  INFO -- : Writing /home/runner/work/human-essentials/human-essentials/public/assets/barcode-932aed25f5c148b36882be3bfb6696ecdd362ba0a709ff0674a10477f2aad8f3.svg.gz
2024-02-26T18:14:53.3570531Z I, [2024-02-26T10:14:53.356103 #2237]  INFO -- : Writing /home/runner/work/human-essentials/human-essentials/public/assets/bars-db7a0aaf1cd735270b170cba53dca71c75473940ab48639c609a72964eb92f4d.svg
2024-02-26T18:14:53.3573873Z I, [2024-02-26T10:14:53.356209 #2237]  INFO -- : Writing /home/runner/work/human-essentials/human-essentials/public/assets/bars-db7a0aaf1cd735270b170cba53dca71c75473940ab48639c609a72964eb92f4d.svg.gz
2024-02-26T18:14:53.3577197Z I, [2024-02-26T10:14:53.356320 #2237]  INFO -- : Writing /home/runner/work/human-essentials/human-essentials/public/assets/blue@2x-709ca6c252f762af1e5efb0ef1e7444a712cb0ec010fee01749b67a595a7c0c6.png
2024-02-26T18:14:53.3580617Z I, [2024-02-26T10:14:53.356476 #2237]  INFO -- : Writing /home/runner/work/human-essentials/human-essentials/public/assets/boxed-bg-6c60c3f8655fa4062631bbe1434face4fe3d70392159e976ec09ca6ad9330e7d.jpg
2024-02-26T18:14:53.3584065Z I, [2024-02-26T10:14:53.356660 #2237]  INFO -- : Writing /home/runner/work/human-essentials/human-essentials/public/assets/boxed-bg-eb7b1fa0c09f5ef599fc5138e33168827f2ec4e1f796cf8a78570d8a73a58190.png
2024-02-26T18:14:53.3587242Z I, [2024-02-26T10:14:53.356826 #2237]  INFO -- : Writing /home/runner/work/human-essentials/human-essentials/public/assets/dashboard-image-3db42e909886dffccb680715feccab83cc867b4581b0009558e746364e2ec332.svg
2024-02-26T18:14:53.3591026Z I, [2024-02-26T10:14:53.356951 #2237]  INFO -- : Writing /home/runner/work/human-essentials/human-essentials/public/assets/dashboard-image-3db42e909886dffccb680715feccab83cc867b4581b0009558e746364e2ec332.svg.gz
2024-02-26T18:14:53.3594631Z I, [2024-02-26T10:14:53.357061 #2237]  INFO -- : Writing /home/runner/work/human-essentials/human-essentials/public/assets/forecasting-32dffccc42e6c09203d36acbc2243b4bc746dc2f1198c1ff43def4bb48e335b2.svg
2024-02-26T18:14:53.3597530Z I, [2024-02-26T10:14:53.357173 #2237]  INFO -- : Writing /home/runner/work/human-essentials/human-essentials/public/assets/forecasting-32dffccc42e6c09203d36acbc2243b4bc746dc2f1198c1ff43def4bb48e335b2.svg.gz
2024-02-26T18:14:53.3600949Z I, [2024-02-26T10:14:53.357278 #2237]  INFO -- : Writing /home/runner/work/human-essentials/human-essentials/public/assets/hero-image-0ba273def6de748beb2a64206e115d8e4a109ad51ef255512f4c6522e5b9225b.svg
2024-02-26T18:14:53.3604798Z I, [2024-02-26T10:14:53.358183 #2237]  INFO -- : Writing /home/runner/work/human-essentials/human-essentials/public/assets/hero-image-0ba273def6de748beb2a64206e115d8e4a109ad51ef255512f4c6522e5b9225b.svg.gz
2024-02-26T18:14:53.3608663Z I, [2024-02-26T10:14:53.358379 #2237]  INFO -- : Writing /home/runner/work/human-essentials/human-essentials/public/assets/inventory-image-3d91fc8087e13632114d9d129a680b992e02aae297b2bf180089cd55792249b2.svg
2024-02-26T18:14:53.3612035Z I, [2024-02-26T10:14:53.358926 #2237]  INFO -- : Writing /home/runner/work/human-essentials/human-essentials/public/assets/inventory-image-3d91fc8087e13632114d9d129a680b992e02aae297b2bf180089cd55792249b2.svg.gz
2024-02-26T18:14:53.3615732Z I, [2024-02-26T10:14:53.359269 #2237]  INFO -- : Writing /home/runner/work/human-essentials/human-essentials/public/assets/partner-management-c2cd4a940d1cf59f66928bc5097b4d4528b6de95abcc66421edf341c59311d40.svg
2024-02-26T18:14:53.3628424Z I, [2024-02-26T10:14:53.362469 #2237]  INFO -- : Writing /home/runner/work/human-essentials/human-essentials/public/assets/partner-management-c2cd4a940d1cf59f66928bc5097b4d4528b6de95abcc66421edf341c59311d40.svg.gz
2024-02-26T18:14:53.3665343Z I, [2024-02-26T10:14:53.366025 #2237]  INFO -- : Writing /home/runner/work/human-essentials/human-essentials/public/assets/quote-e4395f28913ad7b7785c522f0b6f2363a960720cf3bc26705438f6efb55edb7d.svg
2024-02-26T18:14:53.3669959Z I, [2024-02-26T10:14:53.366261 #2237]  INFO -- : Writing /home/runner/work/human-essentials/human-essentials/public/assets/quote-e4395f28913ad7b7785c522f0b6f2363a960720cf3bc26705438f6efb55edb7d.svg.gz
2024-02-26T18:14:53.3673775Z I, [2024-02-26T10:14:53.366405 #2237]  INFO -- : Writing /home/runner/work/human-essentials/human-essentials/public/assets/report-image-a9fc71739eca5457d288f1c234a0d84237ba8eef8bd20a9935bd45d84d03ae6b.svg
2024-02-26T18:14:53.3677753Z I, [2024-02-26T10:14:53.366725 #2237]  INFO -- : Writing /home/runner/work/human-essentials/human-essentials/public/assets/report-image-a9fc71739eca5457d288f1c234a0d84237ba8eef8bd20a9935bd45d84d03ae6b.svg.gz
2024-02-26T18:14:53.3681596Z I, [2024-02-26T10:14:53.366870 #2237]  INFO -- : Writing /home/runner/work/human-essentials/human-essentials/public/assets/test-only-background-c4843e992a593298a8c43815c8950b766061a96fd7d3e92838354914c41d7243.jpg
2024-02-26T18:14:53.3685320Z I, [2024-02-26T10:14:53.367053 #2237]  INFO -- : Writing /home/runner/work/human-essentials/human-essentials/public/assets/AdminLTE-9d75f9bf2ec81bc0a0de450227ed6268dad2cd66401439503c18d3241dfb241d.css
2024-02-26T18:14:53.3689045Z I, [2024-02-26T10:14:53.367129 #2237]  INFO -- : Writing /home/runner/work/human-essentials/human-essentials/public/assets/AdminLTE-9d75f9bf2ec81bc0a0de450227ed6268dad2cd66401439503c18d3241dfb241d.css.gz
2024-02-26T18:14:53.3692518Z I, [2024-02-26T10:14:53.367230 #2237]  INFO -- : Writing /home/runner/work/human-essentials/human-essentials/public/assets/_colors-04024382391bb910584145d8113cf35ef376b55d125bb4516cebeb14ce788597.css
2024-02-26T18:14:53.3695882Z I, [2024-02-26T10:14:53.367315 #2237]  INFO -- : Writing /home/runner/work/human-essentials/human-essentials/public/assets/_colors-04024382391bb910584145d8113cf35ef376b55d125bb4516cebeb14ce788597.css.gz
2024-02-26T18:14:53.3699292Z I, [2024-02-26T10:14:53.367412 #2237]  INFO -- : Writing /home/runner/work/human-essentials/human-essentials/public/assets/application-0da4ed653cd2be46690d3296e155ff2f65c183e52d7a8c3467d17640386866d5.css
2024-02-26T18:14:53.3702686Z I, [2024-02-26T10:14:53.367485 #2237]  INFO -- : Writing /home/runner/work/human-essentials/human-essentials/public/assets/application-0da4ed653cd2be46690d3296e155ff2f65c183e52d7a8c3467d17640386866d5.css.gz
2024-02-26T18:14:53.3706038Z I, [2024-02-26T10:14:53.367576 #2237]  INFO -- : Writing /home/runner/work/human-essentials/human-essentials/public/assets/test-only-background-c4843e992a593298a8c43815c8950b766061a96fd7d3e92838354914c41d7243.jpg
2024-02-26T18:14:53.3708106Z I, [2024-02-26T10:14:53.367740 #2237]  INFO -- : Writing /home/runner/work/human-essentials/human-essentials/public/assets/audits-83372b845d8a4887e7e4d2315cf3c85ea60ef94ca0ec4774dfbcd3cf569c616c.css
2024-02-26T18:14:53.3710039Z I, [2024-02-26T10:14:53.367822 #2237]  INFO -- : Writing /home/runner/work/human-essentials/human-essentials/public/assets/audits-83372b845d8a4887e7e4d2315cf3c85ea60ef94ca0ec4774dfbcd3cf569c616c.css.gz
2024-02-26T18:14:53.3712259Z I, [2024-02-26T10:14:53.367918 #2237]  INFO -- : Writing /home/runner/work/human-essentials/human-essentials/public/assets/barcode_reader-3799c29218802c1dbba4c700f3863ec24505a9e3e7b54d36282fff667d7c94ca.css
2024-02-26T18:14:53.3714248Z I, [2024-02-26T10:14:53.367992 #2237]  INFO -- : Writing /home/runner/work/human-essentials/human-essentials/public/assets/barcode_reader-3799c29218802c1dbba4c700f3863ec24505a9e3e7b54d36282fff667d7c94ca.css.gz
2024-02-26T18:14:53.3716310Z I, [2024-02-26T10:14:53.368087 #2237]  INFO -- : Writing /home/runner/work/human-essentials/human-essentials/public/assets/custom-78c7cbde633ff9cfb0425c2a5897128adfc8aca0f10628e0b59f704db7fe76df.css
2024-02-26T18:14:53.3718353Z I, [2024-02-26T10:14:53.368155 #2237]  INFO -- : Writing /home/runner/work/human-essentials/human-essentials/public/assets/custom-78c7cbde633ff9cfb0425c2a5897128adfc8aca0f10628e0b59f704db7fe76df.css.gz
2024-02-26T18:14:53.3721560Z I, [2024-02-26T10:14:53.368248 #2237]  INFO -- : Writing /home/runner/work/human-essentials/human-essentials/public/assets/test-only-background-c4843e992a593298a8c43815c8950b766061a96fd7d3e92838354914c41d7243.jpg
2024-02-26T18:14:53.3725047Z I, [2024-02-26T10:14:53.368394 #2237]  INFO -- : Writing /home/runner/work/human-essentials/human-essentials/public/assets/expandable_table-cca1600cf25c44c6bea2733167509ffe9133f344e9defe984ad96bd427b29a19.css
2024-02-26T18:14:53.3728491Z I, [2024-02-26T10:14:53.368469 #2237]  INFO -- : Writing /home/runner/work/human-essentials/human-essentials/public/assets/expandable_table-cca1600cf25c44c6bea2733167509ffe9133f344e9defe984ad96bd427b29a19.css.gz
2024-02-26T18:14:53.3732116Z I, [2024-02-26T10:14:53.368564 #2237]  INFO -- : Writing /home/runner/work/human-essentials/human-essentials/public/assets/landing_page-4fe5dfcfea8b5bbd7722658652ff4ee86132a41b8aff92e9ef8b1216cb7259fa.css
2024-02-26T18:14:53.3735815Z I, [2024-02-26T10:14:53.368634 #2237]  INFO -- : Writing /home/runner/work/human-essentials/human-essentials/public/assets/landing_page-4fe5dfcfea8b5bbd7722658652ff4ee86132a41b8aff92e9ef8b1216cb7259fa.css.gz
2024-02-26T18:14:53.3739915Z I, [2024-02-26T10:14:53.368737 #2237]  INFO -- : Writing /home/runner/work/human-essentials/human-essentials/public/assets/modal-dialog-9d7ae8bb43b60ac4c7d9910700392b20618ae2db4d5db33453b157171d5e0f7d.css
2024-02-26T18:14:53.3743548Z I, [2024-02-26T10:14:53.368817 #2237]  INFO -- : Writing /home/runner/work/human-essentials/human-essentials/public/assets/modal-dialog-9d7ae8bb43b60ac4c7d9910700392b20618ae2db4d5db33453b157171d5e0f7d.css.gz
2024-02-26T18:14:53.3747754Z I, [2024-02-26T10:14:53.368913 #2237]  INFO -- : Writing /home/runner/work/human-essentials/human-essentials/public/assets/progress_stepper-7f8ef0dc05a9a00a300e56f6f3e4ccfdde4af8e392407ccc6601d60019067ccb.css
2024-02-26T18:14:53.3751571Z I, [2024-02-26T10:14:53.373133 #2237]  INFO -- : Writing /home/runner/work/human-essentials/human-essentials/public/assets/progress_stepper-7f8ef0dc05a9a00a300e56f6f3e4ccfdde4af8e392407ccc6601d60019067ccb.css.gz
2024-02-26T18:14:53.3755149Z I, [2024-02-26T10:14:53.373287 #2237]  INFO -- : Writing /home/runner/work/human-essentials/human-essentials/public/assets/transfers-c9ab43ff53dab5dc13681712afc9b6fb31d7865d5ac8c657220deff9f138fa8c.css
2024-02-26T18:14:53.3758694Z I, [2024-02-26T10:14:53.373372 #2237]  INFO -- : Writing /home/runner/work/human-essentials/human-essentials/public/assets/transfers-c9ab43ff53dab5dc13681712afc9b6fb31d7865d5ac8c657220deff9f138fa8c.css.gz
2024-02-26T18:14:53.3762281Z I, [2024-02-26T10:14:53.373476 #2237]  INFO -- : Writing /home/runner/work/human-essentials/human-essentials/public/assets/adminlte-886a0b559685ec92cd8dd4dbf957899292f9c0bd344c90c304d28973363a8eaf.js
2024-02-26T18:14:53.3765764Z I, [2024-02-26T10:14:53.373549 #2237]  INFO -- : Writing /home/runner/work/human-essentials/human-essentials/public/assets/adminlte-886a0b559685ec92cd8dd4dbf957899292f9c0bd344c90c304d28973363a8eaf.js.gz
2024-02-26T18:14:53.3770012Z I, [2024-02-26T10:14:53.373651 #2237]  INFO -- : Writing /home/runner/work/human-essentials/human-essentials/public/assets/application-f9d5a0970e6dc2d1d44ca8dfd6129e9fed2dccf1b460a6bba6eab9dd7aa61c92.js
2024-02-26T18:14:53.3773685Z I, [2024-02-26T10:14:53.373733 #2237]  INFO -- : Writing /home/runner/work/human-essentials/human-essentials/public/assets/application-f9d5a0970e6dc2d1d44ca8dfd6129e9fed2dccf1b460a6bba6eab9dd7aa61c92.js.gz
2024-02-26T18:14:53.3777423Z I, [2024-02-26T10:14:53.373837 #2237]  INFO -- : Writing /home/runner/work/human-essentials/human-essentials/public/assets/cocoon-js-vanilla-cc8e46e9b16a6217f3c14c60ca346454c9c01d8d41e5c073ae14f85fac052e96.js
2024-02-26T18:14:53.3893789Z I, [2024-02-26T10:14:53.381952 #2237]  INFO -- : Writing /home/runner/work/human-essentials/human-essentials/public/assets/cocoon-js-vanilla-cc8e46e9b16a6217f3c14c60ca346454c9c01d8d41e5c073ae14f85fac052e96.js.gz
2024-02-26T18:14:53.3897825Z I, [2024-02-26T10:14:53.382095 #2237]  INFO -- : Writing /home/runner/work/human-essentials/human-essentials/public/assets/controllers/application-368d98631bccbf2349e0d4f8269afb3fe9625118341966de054759d96ea86c7e.js
2024-02-26T18:14:53.3901735Z I, [2024-02-26T10:14:53.382170 #2237]  INFO -- : Writing /home/runner/work/human-essentials/human-essentials/public/assets/controllers/application-368d98631bccbf2349e0d4f8269afb3fe9625118341966de054759d96ea86c7e.js.gz
2024-02-26T18:14:53.3905603Z I, [2024-02-26T10:14:53.382260 #2237]  INFO -- : Writing /home/runner/work/human-essentials/human-essentials/public/assets/controllers/area_served_controller-c8c048ef9ee2d145ba8408cda63546aff8ce9170e9cafb34075ebb01b43c6c34.js
2024-02-26T18:14:53.3909685Z I, [2024-02-26T10:14:53.382457 #2237]  INFO -- : Writing /home/runner/work/human-essentials/human-essentials/public/assets/controllers/area_served_controller-c8c048ef9ee2d145ba8408cda63546aff8ce9170e9cafb34075ebb01b43c6c34.js.gz
2024-02-26T18:14:53.3913764Z I, [2024-02-26T10:14:53.382553 #2237]  INFO -- : Writing /home/runner/work/human-essentials/human-essentials/public/assets/controllers/checkbox_with_nested_element_controller-1645dd2a3a857d546354c90b0c415a9d1dd4de6974048fd41bfc1d6f45ccb3eb.js
2024-02-26T18:14:53.3917998Z I, [2024-02-26T10:14:53.382620 #2237]  INFO -- : Writing /home/runner/work/human-essentials/human-essentials/public/assets/controllers/checkbox_with_nested_element_controller-1645dd2a3a857d546354c90b0c415a9d1dd4de6974048fd41bfc1d6f45ccb3eb.js.gz
2024-02-26T18:14:53.3922185Z I, [2024-02-26T10:14:53.382710 #2237]  INFO -- : Writing /home/runner/work/human-essentials/human-essentials/public/assets/controllers/distribution_delivery_controller-89fc613f734c2b1538c1e9948abeb353ea73d22678fc08597d48fa36a70c5c51.js
2024-02-26T18:14:53.3926281Z I, [2024-02-26T10:14:53.382775 #2237]  INFO -- : Writing /home/runner/work/human-essentials/human-essentials/public/assets/controllers/distribution_delivery_controller-89fc613f734c2b1538c1e9948abeb353ea73d22678fc08597d48fa36a70c5c51.js.gz
2024-02-26T18:14:53.3930389Z I, [2024-02-26T10:14:53.382860 #2237]  INFO -- : Writing /home/runner/work/human-essentials/human-essentials/public/assets/controllers/double_select_controller-bb2e4a65f2c66cacc8ec4dd491c2233b0aac53187ebe1fbaaffedfbaf7db9099.js
2024-02-26T18:14:53.3934382Z I, [2024-02-26T10:14:53.382925 #2237]  INFO -- : Writing /home/runner/work/human-essentials/human-essentials/public/assets/controllers/double_select_controller-bb2e4a65f2c66cacc8ec4dd491c2233b0aac53187ebe1fbaaffedfbaf7db9099.js.gz
2024-02-26T18:14:53.3938358Z I, [2024-02-26T10:14:53.383012 #2237]  INFO -- : Writing /home/runner/work/human-essentials/human-essentials/public/assets/controllers/highchart_controller-7640167d6e3481659a5ead23f046e3c6852c08e30ce8aa6f09aa5cce0f7ea02d.js
2024-02-26T18:14:53.3942590Z I, [2024-02-26T10:14:53.383078 #2237]  INFO -- : Writing /home/runner/work/human-essentials/human-essentials/public/assets/controllers/highchart_controller-7640167d6e3481659a5ead23f046e3c6852c08e30ce8aa6f09aa5cce0f7ea02d.js.gz
2024-02-26T18:14:53.3946519Z I, [2024-02-26T10:14:53.383168 #2237]  INFO -- : Writing /home/runner/work/human-essentials/human-essentials/public/assets/controllers/index-2db729dddcc5b979110e98de4b6720f83f91a123172e87281d5a58410fc43806.js
2024-02-26T18:14:53.3950142Z I, [2024-02-26T10:14:53.383232 #2237]  INFO -- : Writing /home/runner/work/human-essentials/human-essentials/public/assets/controllers/index-2db729dddcc5b979110e98de4b6720f83f91a123172e87281d5a58410fc43806.js.gz
2024-02-26T18:14:53.3954207Z I, [2024-02-26T10:14:53.383340 #2237]  INFO -- : Writing /home/runner/work/human-essentials/human-essentials/public/assets/controllers/request_item_controller-4ab1cb48f0cc30bba40f5311b6588189ddf5daf19bdf36b462cdeab0a663399b.js
2024-02-26T18:14:53.3958222Z I, [2024-02-26T10:14:53.383405 #2237]  INFO -- : Writing /home/runner/work/human-essentials/human-essentials/public/assets/controllers/request_item_controller-4ab1cb48f0cc30bba40f5311b6588189ddf5daf19bdf36b462cdeab0a663399b.js.gz
2024-02-26T18:14:53.3962200Z I, [2024-02-26T10:14:53.383493 #2237]  INFO -- : Writing /home/runner/work/human-essentials/human-essentials/public/assets/controllers/select2_controller-13c15fa4f8996b06b43552325b12e3a14e158db06264b83cfff2e521a16fceeb.js
2024-02-26T18:14:53.3966024Z I, [2024-02-26T10:14:53.383558 #2237]  INFO -- : Writing /home/runner/work/human-essentials/human-essentials/public/assets/controllers/select2_controller-13c15fa4f8996b06b43552325b12e3a14e158db06264b83cfff2e521a16fceeb.js.gz
2024-02-26T18:14:53.3969897Z I, [2024-02-26T10:14:53.383656 #2237]  INFO -- : Writing /home/runner/work/human-essentials/human-essentials/public/assets/controllers/served_area_controller-37738489813fc06349f3fb1bc7abc5d5493318ce553f1bebbfa1f8fe06ebfb4a.js
2024-02-26T18:14:53.3973850Z I, [2024-02-26T10:14:53.383729 #2237]  INFO -- : Writing /home/runner/work/human-essentials/human-essentials/public/assets/controllers/served_area_controller-37738489813fc06349f3fb1bc7abc5d5493318ce553f1bebbfa1f8fe06ebfb4a.js.gz
2024-02-26T18:14:53.3977691Z I, [2024-02-26T10:14:53.383818 #2237]  INFO -- : Writing /home/runner/work/human-essentials/human-essentials/public/assets/controllers/turbo_controller-7ee3a9437b4fb003ac4ea4ca0f3425fd197ce4538a1eeb606e5e5447aa948b54.js
2024-02-26T18:14:53.4006279Z I, [2024-02-26T10:14:53.383881 #2237]  INFO -- : Writing /home/runner/work/human-essentials/human-essentials/public/assets/controllers/turbo_controller-7ee3a9437b4fb003ac4ea4ca0f3425fd197ce4538a1eeb606e5e5447aa948b54.js.gz
2024-02-26T18:14:53.4010011Z I, [2024-02-26T10:14:53.383971 #2237]  INFO -- : Writing /home/runner/work/human-essentials/human-essentials/public/assets/startup-bf111fcbf368bc988dfcb050d057ec73e21f190d7921e15689dd5ebf674e6d00.js
2024-02-26T18:14:53.4013372Z I, [2024-02-26T10:14:53.384036 #2237]  INFO -- : Writing /home/runner/work/human-essentials/human-essentials/public/assets/startup-bf111fcbf368bc988dfcb050d057ec73e21f190d7921e15689dd5ebf674e6d00.js.gz
2024-02-26T18:14:53.4016884Z I, [2024-02-26T10:14:53.384130 #2237]  INFO -- : Writing /home/runner/work/human-essentials/human-essentials/public/assets/utils/barcode_items-ee1050c4d1ade4569ef6cfc83d5f4792f67daabaca0ae24f75455737fea0a72b.js
2024-02-26T18:14:53.4020780Z I, [2024-02-26T10:14:53.384193 #2237]  INFO -- : Writing /home/runner/work/human-essentials/human-essentials/public/assets/utils/barcode_items-ee1050c4d1ade4569ef6cfc83d5f4792f67daabaca0ae24f75455737fea0a72b.js.gz
2024-02-26T18:14:53.4024382Z I, [2024-02-26T10:14:53.384279 #2237]  INFO -- : Writing /home/runner/work/human-essentials/human-essentials/public/assets/utils/barcode_scan-757b66b6921154f49e7cc4c5dc2f146f91f1648beffaa8ef106d94585a273ba9.js
2024-02-26T18:14:53.4028051Z I, [2024-02-26T10:14:53.384343 #2237]  INFO -- : Writing /home/runner/work/human-essentials/human-essentials/public/assets/utils/barcode_scan-757b66b6921154f49e7cc4c5dc2f146f91f1648beffaa8ef106d94585a273ba9.js.gz
2024-02-26T18:14:53.4045967Z I, [2024-02-26T10:14:53.384426 #2237]  INFO -- : Writing /home/runner/work/human-essentials/human-essentials/public/assets/utils/deadline_day_pickers-b0b264db9e3c8107c161cc4571e71cf901bcc511175271d218a553c4e1889065.js
2024-02-26T18:14:53.4050101Z I, [2024-02-26T10:14:53.384489 #2237]  INFO -- : Writing /home/runner/work/human-essentials/human-essentials/public/assets/utils/deadline_day_pickers-b0b264db9e3c8107c161cc4571e71cf901bcc511175271d218a553c4e1889065.js.gz
2024-02-26T18:14:53.4054190Z I, [2024-02-26T10:14:53.384574 #2237]  INFO -- : Writing /home/runner/work/human-essentials/human-essentials/public/assets/utils/distributions_and_transfers-1f9709e9a8df250acfe3e7a79f1501b2696b1f36d5adcf083a61a1b005cce3d2.js
2024-02-26T18:14:53.4058462Z I, [2024-02-26T10:14:53.384637 #2237]  INFO -- : Writing /home/runner/work/human-essentials/human-essentials/public/assets/utils/distributions_and_transfers-1f9709e9a8df250acfe3e7a79f1501b2696b1f36d5adcf083a61a1b005cce3d2.js.gz
2024-02-26T18:14:53.4062754Z I, [2024-02-26T10:14:53.384725 #2237]  INFO -- : Writing /home/runner/work/human-essentials/human-essentials/public/assets/utils/donations-1c3e9a15fc370afd2c3836ccf8dde6013c35412a8d83cf6c1e31bec95ef72b26.js
2024-02-26T18:14:53.4066534Z I, [2024-02-26T10:14:53.384789 #2237]  INFO -- : Writing /home/runner/work/human-essentials/human-essentials/public/assets/utils/donations-1c3e9a15fc370afd2c3836ccf8dde6013c35412a8d83cf6c1e31bec95ef72b26.js.gz
2024-02-26T18:14:53.4070274Z I, [2024-02-26T10:14:53.384875 #2237]  INFO -- : Writing /home/runner/work/human-essentials/human-essentials/public/assets/utils/purchases-5c814ba098feaa8a7b4abff24267c1da909f3e52e12c97660f8a0b8c1ff4aea1.js
2024-02-26T18:14:53.4074115Z I, [2024-02-26T10:14:53.384938 #2237]  INFO -- : Writing /home/runner/work/human-essentials/human-essentials/public/assets/utils/purchases-5c814ba098feaa8a7b4abff24267c1da909f3e52e12c97660f8a0b8c1ff4aea1.js.gz
2024-02-26T18:14:53.4077707Z I, [2024-02-26T10:14:53.385030 #2237]  INFO -- : Writing /home/runner/work/human-essentials/human-essentials/public/assets/filterrific-f3a290db250e05344fd62c216b903689f73eff5e270ef021e425551006092e08.js
2024-02-26T18:14:53.4081315Z I, [2024-02-26T10:14:53.385100 #2237]  INFO -- : Writing /home/runner/work/human-essentials/human-essentials/public/assets/filterrific-f3a290db250e05344fd62c216b903689f73eff5e270ef021e425551006092e08.js.gz
2024-02-26T18:14:53.4085125Z I, [2024-02-26T10:14:53.385189 #2237]  INFO -- : Writing /home/runner/work/human-essentials/human-essentials/public/assets/stimulusloading-1fc59770fb1654500044afd3f5f6d7d00800e5be36746d55b94a2963a7a228aa.js
2024-02-26T18:14:53.4088831Z I, [2024-02-26T10:14:53.385259 #2237]  INFO -- : Writing /home/runner/work/human-essentials/human-essentials/public/assets/stimulusloading-1fc59770fb1654500044afd3f5f6d7d00800e5be36746d55b94a2963a7a228aa.js.gz
2024-02-26T18:14:53.4092398Z I, [2024-02-26T10:14:53.385352 #2237]  INFO -- : Writing /home/runner/work/human-essentials/human-essentials/public/assets/turbo-895d7ec2b79542a04747b8f222c30ead9c3b01b20bcbe302d905278a1451c51e.js
2024-02-26T18:14:53.4095998Z I, [2024-02-26T10:14:53.385424 #2237]  INFO -- : Writing /home/runner/work/human-essentials/human-essentials/public/assets/turbo-895d7ec2b79542a04747b8f222c30ead9c3b01b20bcbe302d905278a1451c51e.js.gz
2024-02-26T18:14:53.4099783Z I, [2024-02-26T10:14:53.385521 #2237]  INFO -- : Writing /home/runner/work/human-essentials/human-essentials/public/assets/turbo.min-c6325b8b56619b34aa6e0f34dfed82b010fe049f81b320a4cd0e2d99d3245118.js
2024-02-26T18:14:53.4103496Z I, [2024-02-26T10:14:53.385593 #2237]  INFO -- : Writing /home/runner/work/human-essentials/human-essentials/public/assets/turbo.min-c6325b8b56619b34aa6e0f34dfed82b010fe049f81b320a4cd0e2d99d3245118.js.gz
2024-02-26T18:14:53.4107165Z I, [2024-02-26T10:14:53.385691 #2237]  INFO -- : Writing /home/runner/work/human-essentials/human-essentials/public/assets/turbo.min.js-ceaa5446ba4b2df2aac98a87b94c455b6d0132e23da1bcd00bb466d74a3607e3.map
2024-02-26T18:14:53.4110801Z I, [2024-02-26T10:14:53.385852 #2237]  INFO -- : Writing /home/runner/work/human-essentials/human-essentials/public/assets/turbo.min.js-ceaa5446ba4b2df2aac98a87b94c455b6d0132e23da1bcd00bb466d74a3607e3.map.gz
2024-02-26T18:14:53.4114773Z I, [2024-02-26T10:14:53.385977 #2237]  INFO -- : Writing /home/runner/work/human-essentials/human-essentials/public/assets/stimulus-loading-3576ce92b149ad5d6959438c6f291e2426c86df3b874c525b30faad51b0d96b3.js
2024-02-26T18:14:53.4118321Z I, [2024-02-26T10:14:53.386054 #2237]  INFO -- : Writing /home/runner/work/human-essentials/human-essentials/public/assets/stimulus-loading-3576ce92b149ad5d6959438c6f291e2426c86df3b874c525b30faad51b0d96b3.js.gz
2024-02-26T18:14:53.4121678Z I, [2024-02-26T10:14:53.386227 #2237]  INFO -- : Writing /home/runner/work/human-essentials/human-essentials/public/assets/popper-003a40d80fd205e1fa00da117d5bdc19720ba330706eaa17f9ba9513fa502304.js
2024-02-26T18:14:53.4124860Z I, [2024-02-26T10:14:53.386309 #2237]  INFO -- : Writing /home/runner/work/human-essentials/human-essentials/public/assets/popper-003a40d80fd205e1fa00da117d5bdc19720ba330706eaa17f9ba9513fa502304.js.gz
2024-02-26T18:14:53.4127906Z I, [2024-02-26T10:14:53.386401 #2237]  INFO -- : Writing /home/runner/work/human-essentials/human-essentials/public/assets/actiontext-28c61f5197c204db043317a8f8826a87ab31495b741f854d307ca36122deefce.js
2024-02-26T18:14:53.4131005Z I, [2024-02-26T10:14:53.386467 #2237]  INFO -- : Writing /home/runner/work/human-essentials/human-essentials/public/assets/actiontext-28c61f5197c204db043317a8f8826a87ab31495b741f854d307ca36122deefce.js.gz
2024-02-26T18:14:53.4134153Z I, [2024-02-26T10:14:53.386551 #2237]  INFO -- : Writing /home/runner/work/human-essentials/human-essentials/public/assets/trix-1563ff9c10f74e143b3ded40a8458497eaf2f87a648a5cbbfebdb7dec3447a5e.js
2024-02-26T18:14:53.4137117Z I, [2024-02-26T10:14:53.386615 #2237]  INFO -- : Writing /home/runner/work/human-essentials/human-essentials/public/assets/trix-1563ff9c10f74e143b3ded40a8458497eaf2f87a648a5cbbfebdb7dec3447a5e.js.gz
2024-02-26T18:14:53.4140520Z I, [2024-02-26T10:14:53.386712 #2237]  INFO -- : Writing /home/runner/work/human-essentials/human-essentials/public/assets/trix-b0398dade8e5ac249fe98f2e850f45adbcdfecd8a11c46b3eb67bdedb87b1b04.css
2024-02-26T18:14:53.4143575Z I, [2024-02-26T10:14:53.386784 #2237]  INFO -- : Writing /home/runner/work/human-essentials/human-essentials/public/assets/trix-b0398dade8e5ac249fe98f2e850f45adbcdfecd8a11c46b3eb67bdedb87b1b04.css.gz
2024-02-26T18:14:53.4146744Z I, [2024-02-26T10:14:53.386877 #2237]  INFO -- : Writing /home/runner/work/human-essentials/human-essentials/public/assets/stimulus-f75215805563870a61ee9dc5a207ce46d4675c7e667558a54344fd1e7baa697f.js
2024-02-26T18:14:53.4149826Z I, [2024-02-26T10:14:53.386947 #2237]  INFO -- : Writing /home/runner/work/human-essentials/human-essentials/public/assets/stimulus-f75215805563870a61ee9dc5a207ce46d4675c7e667558a54344fd1e7baa697f.js.gz
2024-02-26T18:14:53.4152985Z I, [2024-02-26T10:14:53.387043 #2237]  INFO -- : Writing /home/runner/work/human-essentials/human-essentials/public/assets/stimulus-autoloader-c584942b568ba74879da31c7c3d51366737bacaf6fbae659383c0a5653685693.js
2024-02-26T18:14:53.4156293Z I, [2024-02-26T10:14:53.387115 #2237]  INFO -- : Writing /home/runner/work/human-essentials/human-essentials/public/assets/stimulus-autoloader-c584942b568ba74879da31c7c3d51366737bacaf6fbae659383c0a5653685693.js.gz
2024-02-26T18:14:53.4159789Z I, [2024-02-26T10:14:53.387211 #2237]  INFO -- : Writing /home/runner/work/human-essentials/human-essentials/public/assets/stimulus-importmap-autoloader-db2076c783bf2dbee1226e2add52fef290b5d31b5bcd1edd999ac8a6dd31c44a.js
2024-02-26T18:14:53.4163461Z I, [2024-02-26T10:14:53.387283 #2237]  INFO -- : Writing /home/runner/work/human-essentials/human-essentials/public/assets/stimulus-importmap-autoloader-db2076c783bf2dbee1226e2add52fef290b5d31b5bcd1edd999ac8a6dd31c44a.js.gz
2024-02-26T18:14:53.4166871Z I, [2024-02-26T10:14:53.387371 #2237]  INFO -- : Writing /home/runner/work/human-essentials/human-essentials/public/assets/stimulus-loading-3576ce92b149ad5d6959438c6f291e2426c86df3b874c525b30faad51b0d96b3.js
2024-02-26T18:14:53.4170541Z I, [2024-02-26T10:14:53.387434 #2237]  INFO -- : Writing /home/runner/work/human-essentials/human-essentials/public/assets/stimulus-loading-3576ce92b149ad5d6959438c6f291e2426c86df3b874c525b30faad51b0d96b3.js.gz
2024-02-26T18:14:53.4174545Z I, [2024-02-26T10:14:53.387526 #2237]  INFO -- : Writing /home/runner/work/human-essentials/human-essentials/public/assets/stimulus.min-dd364f16ec9504dfb72672295637a1c8838773b01c0b441bd41008124c407894.js
2024-02-26T18:14:53.4178251Z I, [2024-02-26T10:14:53.387598 #2237]  INFO -- : Writing /home/runner/work/human-essentials/human-essentials/public/assets/stimulus.min-dd364f16ec9504dfb72672295637a1c8838773b01c0b441bd41008124c407894.js.gz
2024-02-26T18:14:53.4182434Z I, [2024-02-26T10:14:53.387681 #2237]  INFO -- : Writing /home/runner/work/human-essentials/human-essentials/public/assets/stimulus-autoloader-c584942b568ba74879da31c7c3d51366737bacaf6fbae659383c0a5653685693.js
2024-02-26T18:14:53.4186315Z I, [2024-02-26T10:14:53.387747 #2237]  INFO -- : Writing /home/runner/work/human-essentials/human-essentials/public/assets/stimulus-autoloader-c584942b568ba74879da31c7c3d51366737bacaf6fbae659383c0a5653685693.js.gz
2024-02-26T18:14:53.4190497Z I, [2024-02-26T10:14:53.387833 #2237]  INFO -- : Writing /home/runner/work/human-essentials/human-essentials/public/assets/stimulus-importmap-autoloader-db2076c783bf2dbee1226e2add52fef290b5d31b5bcd1edd999ac8a6dd31c44a.js
2024-02-26T18:14:53.4194680Z I, [2024-02-26T10:14:53.387898 #2237]  INFO -- : Writing /home/runner/work/human-essentials/human-essentials/public/assets/stimulus-importmap-autoloader-db2076c783bf2dbee1226e2add52fef290b5d31b5bcd1edd999ac8a6dd31c44a.js.gz
2024-02-26T18:14:53.4198739Z I, [2024-02-26T10:14:53.387983 #2237]  INFO -- : Writing /home/runner/work/human-essentials/human-essentials/public/assets/stimulus-loading-3576ce92b149ad5d6959438c6f291e2426c86df3b874c525b30faad51b0d96b3.js
2024-02-26T18:14:53.4202639Z I, [2024-02-26T10:14:53.388046 #2237]  INFO -- : Writing /home/runner/work/human-essentials/human-essentials/public/assets/stimulus-loading-3576ce92b149ad5d6959438c6f291e2426c86df3b874c525b30faad51b0d96b3.js.gz
2024-02-26T18:14:53.4206394Z I, [2024-02-26T10:14:53.388140 #2237]  INFO -- : Writing /home/runner/work/human-essentials/human-essentials/public/assets/stimulus.min.js-2cc63625fa177963b45da974806e7aee846cbf1d4930815733d0fdf3fb232325.map
2024-02-26T18:14:53.4210046Z I, [2024-02-26T10:14:53.388211 #2237]  INFO -- : Writing /home/runner/work/human-essentials/human-essentials/public/assets/stimulus.min.js-2cc63625fa177963b45da974806e7aee846cbf1d4930815733d0fdf3fb232325.map.gz
2024-02-26T18:14:53.4213940Z I, [2024-02-26T10:14:53.388302 #2237]  INFO -- : Writing /home/runner/work/human-essentials/human-essentials/public/assets/activestorage-3ab61e47dd4ee2d79db525ade1dca2ede0ea2b7371fe587e408ee37b7ade265d.js
2024-02-26T18:14:53.4217750Z I, [2024-02-26T10:14:53.388371 #2237]  INFO -- : Writing /home/runner/work/human-essentials/human-essentials/public/assets/activestorage-3ab61e47dd4ee2d79db525ade1dca2ede0ea2b7371fe587e408ee37b7ade265d.js.gz
2024-02-26T18:14:53.4221781Z I, [2024-02-26T10:14:53.388463 #2237]  INFO -- : Writing /home/runner/work/human-essentials/human-essentials/public/assets/activestorage.esm-01f58a45d77495cdfbdfcc872902a430426c4391634ec9c3da5f69fbf8418492.js
2024-02-26T18:14:53.4225268Z I, [2024-02-26T10:14:53.388532 #2237]  INFO -- : Writing /home/runner/work/human-essentials/human-essentials/public/assets/activestorage.esm-01f58a45d77495cdfbdfcc872902a430426c4391634ec9c3da5f69fbf8418492.js.gz
2024-02-26T18:14:53.4228492Z I, [2024-02-26T10:14:53.388625 #2237]  INFO -- : Writing /home/runner/work/human-essentials/human-essentials/public/assets/actioncable-5433453f9b6619a9de91aaab2d7fc7ff183e5260c0107cbc9a1aa0c838d9a74e.js
2024-02-26T18:14:53.4231779Z I, [2024-02-26T10:14:53.388694 #2237]  INFO -- : Writing /home/runner/work/human-essentials/human-essentials/public/assets/actioncable-5433453f9b6619a9de91aaab2d7fc7ff183e5260c0107cbc9a1aa0c838d9a74e.js.gz
2024-02-26T18:14:53.4234978Z I, [2024-02-26T10:14:53.388787 #2237]  INFO -- : Writing /home/runner/work/human-essentials/human-essentials/public/assets/actioncable.esm-e01089c3ec4fe7817fa9abcad06cab6bdc387f95f0ca6aab4bf7ba7537f70690.js
2024-02-26T18:14:53.4238482Z I, [2024-02-26T10:14:53.388854 #2237]  INFO -- : Writing /home/runner/work/human-essentials/human-essentials/public/assets/actioncable.esm-e01089c3ec4fe7817fa9abcad06cab6bdc387f95f0ca6aab4bf7ba7537f70690.js.gz
2024-02-26T18:14:53.8905652Z Coverage report generated for RSpec to /home/runner/work/human-essentials/human-essentials/coverage. 329 / 10177 LOC (3.23%) covered.
2024-02-26T18:14:53.9717428Z ##[group]Run RUBYOPT='-W:no-deprecated -W:no-experimental' bin/knapsack_pro_rspec
2024-02-26T18:14:53.9718291Z [36;1mRUBYOPT='-W:no-deprecated -W:no-experimental' bin/knapsack_pro_rspec[0m
2024-02-26T18:14:53.9746604Z shell: /usr/bin/bash -e {0}
2024-02-26T18:14:53.9747070Z env:
2024-02-26T18:14:53.9747419Z   POSTGRES_HOST: localhost
2024-02-26T18:14:53.9747827Z   DATABASE_HOST: localhost
2024-02-26T18:14:53.9748295Z   PG_USERNAME: postgres
2024-02-26T18:14:53.9748682Z   PG_PASSWORD: password
2024-02-26T18:14:53.9749068Z   POSTGRES_HOST_AUTH_METHOD: trust
2024-02-26T18:14:53.9749546Z   POSTGRES_PORT: 5432
2024-02-26T18:14:53.9749863Z   PGHOST: localhost
2024-02-26T18:14:53.9750198Z   PGUSER: postgres
2024-02-26T18:14:53.9750618Z   RAILS_ENV: test
2024-02-26T18:14:53.9750977Z   KNAPSACK_PRO_TEST_SUITE_TOKEN_RSPEC: 
2024-02-26T18:14:53.9751429Z   KNAPSACK_PRO_CI_NODE_TOTAL: 6
2024-02-26T18:14:53.9751857Z   KNAPSACK_PRO_CI_NODE_INDEX: 0
2024-02-26T18:14:53.9752423Z   KNAPSACK_PRO_RSPEC_SPLIT_BY_TEST_EXAMPLES: true
2024-02-26T18:14:53.9752934Z   KNAPSACK_PRO_LOG_LEVEL: info
2024-02-26T18:14:53.9753550Z   KNAPSACK_PRO_TEST_FILE_PATTERN: {spec/system/**{,/*/**}/*_spec.rb,spec/requests/**{,/*/**}/*_spec.rb}
2024-02-26T18:14:53.9754166Z   EVENTS_READ: true
2024-02-26T18:14:53.9754567Z ##[endgroup]
2024-02-26T18:14:59.5664326Z W, [2024-02-26T18:14:59.566062 #2334]  WARN -- : [knapsack_pro] GET https://api-disabled-for-fork.knapsackpro.com/v1/build_distributions/last
2024-02-26T18:14:59.5666793Z W, [2024-02-26T18:14:59.566115 #2334]  WARN -- : [knapsack_pro] Request failed due to:
2024-02-26T18:14:59.5689677Z W, [2024-02-26T18:14:59.566134 #2334]  WARN -- : [knapsack_pro] #<SocketError: Failed to open TCP connection to api-disabled-for-fork.knapsackpro.com:443 (getaddrinfo: Name or service not known)>
2024-02-26T18:14:59.5692782Z W, [2024-02-26T18:14:59.566156 #2334]  WARN -- : [knapsack_pro] Slow test files fallback behaviour started. We could not connect with Knapsack Pro API to fetch last CI build test files that are needed to determine slow test files. No test files will be split by test cases. It means all test files will be split by the whole test files as if split by test cases would be disabled https://knapsackpro.com/perma/ruby/split-by-test-examples
2024-02-26T18:15:02.8642463Z W, [2024-02-26T18:15:02.863842 #2334]  WARN -- : [knapsack_pro] POST https://api-disabled-for-fork.knapsackpro.com/v1/build_distributions/subset
2024-02-26T18:15:02.8645098Z W, [2024-02-26T18:15:02.863896 #2334]  WARN -- : [knapsack_pro] Request failed due to:
2024-02-26T18:15:02.8648647Z W, [2024-02-26T18:15:02.863912 #2334]  WARN -- : [knapsack_pro] #<SocketError: Failed to open TCP connection to api-disabled-for-fork.knapsackpro.com:443 (getaddrinfo: Name or service not known)>
2024-02-26T18:15:02.8652518Z W, [2024-02-26T18:15:02.863967 #2334]  WARN -- : [knapsack_pro] Fallback mode started. We could not connect with Knapsack Pro API. Your tests will be executed based on directory names. Read more about fallback mode at https://knapsackpro.com/perma/ruby/fallback-mode
2024-02-26T18:15:02.8706693Z /opt/hostedtoolcache/Ruby/3.2.2/x64/bin/ruby -I/home/runner/work/human-essentials/human-essentials/vendor/bundle/ruby/3.2.0/gems/rspec-core-3.12.2/lib:/home/runner/work/human-essentials/human-essentials/vendor/bundle/ruby/3.2.0/gems/rspec-support-3.12.1/lib /home/runner/work/human-essentials/human-essentials/vendor/bundle/ruby/3.2.0/gems/rspec-core-3.12.2/exe/rspec  --format documentation --format KnapsackPro::Formatters::TimeTracker --default-path spec "spec/requests/account_requests_spec.rb" "spec/requests/admin/organizations_requests_spec.rb" "spec/requests/audits_requests_spec.rb" "spec/requests/donation_sites_requests_spec.rb" "spec/requests/partners/children_requests_spec.rb" "spec/requests/partners/profiles_requests_spec.rb" "spec/requests/profiles_requests_spec.rb" "spec/requests/storage_locations_requests_spec.rb" "spec/system/account_system_spec.rb" "spec/system/admin/organizations_system_spec.rb" "spec/system/dashboard_system_spec.rb" "spec/system/kit_system_spec.rb" "spec/system/organization_system_spec.rb" "spec/system/partners/managing_requests_system_spec.rb" "spec/system/purchase_system_spec.rb" "spec/system/vendor_system_spec.rb"
2024-02-26T18:15:11.1313942Z 
2024-02-26T18:15:11.1314835Z Randomized with seed 5415
2024-02-26T18:15:12.0708812Z 
2024-02-26T18:15:12.0710004Z Kit management
2024-02-26T18:15:19.3442799Z   should not display inactive storage locations under allocations
2024-02-26T18:15:20.8999637Z   can allocate and deallocate quantity per storage location from kit index
2024-02-26T18:15:21.8134870Z   can create a new kit as a user with the proper quantity
2024-02-26T18:15:21.8136570Z   when there is not enough quantity of the items contained in the kit on-hand
2024-02-26T18:15:22.9103223Z     will not change quantity amounts when allocating
2024-02-26T18:15:22.9104069Z   when there is no kit quantity
2024-02-26T18:15:24.0788079Z     will not change quantity amounts when deallocating
2024-02-26T18:15:24.0789359Z 
2024-02-26T18:15:24.0789674Z Admin::Organizations
2024-02-26T18:15:24.0791171Z   When logged in as a super admin
2024-02-26T18:15:24.0793105Z     DELETE #destroy
2024-02-26T18:15:24.4725054Z       redirects
2024-02-26T18:15:24.4726069Z     PUT #update
2024-02-26T18:15:24.4933078Z       redirect
2024-02-26T18:15:24.4934906Z     GET #new
2024-02-26T18:15:24.5408325Z       returns http success
2024-02-26T18:15:24.5409406Z       when given a token that matches a account request that has already been processed
2024-02-26T18:15:24.7734199Z         should render new with a flash error message
2024-02-26T18:15:24.7735861Z       when given a valid account request token in the query parameters
2024-02-26T18:15:24.8320555Z         should render new with pre populate input fields from the account_request
2024-02-26T18:15:24.8321806Z     GET #index
2024-02-26T18:15:24.8654764Z       returns http success
2024-02-26T18:15:24.8655568Z     POST #create
2024-02-26T18:15:24.8656461Z       with valid params
2024-02-26T18:15:25.1514419Z         creates an organization and redirects to #index
2024-02-26T18:15:25.1940976Z       with invalid params
2024-02-26T18:15:25.1942026Z         does not create an organization and renders #create with an error message
2024-02-26T18:15:25.1942966Z     DELETE #destroy
2024-02-26T18:15:25.1943733Z       with a valid organization id
2024-02-26T18:15:25.6953961Z         redirects to #index
2024-02-26T18:15:25.6954759Z     PATCH #update
2024-02-26T18:15:25.6955446Z       with an invalid update
2024-02-26T18:15:25.9157283Z         returns http success
2024-02-26T18:15:26.1247586Z         redirects to #edit with an error message
2024-02-26T18:15:26.1248201Z       with a valid update
2024-02-26T18:15:26.3114028Z         redirects to #index
2024-02-26T18:15:26.3114718Z     GET #edit
2024-02-26T18:15:26.5168444Z       returns http success
2024-02-26T18:15:26.5169169Z     GET #show
2024-02-26T18:15:26.7326304Z       returns http success
2024-02-26T18:15:26.7327694Z   When logged in as a non-admin user
2024-02-26T18:15:26.7328428Z     GET #index
2024-02-26T18:15:26.7469591Z       redirects
2024-02-26T18:15:26.7470470Z     GET #new
2024-02-26T18:15:26.7598754Z       redirects
2024-02-26T18:15:26.7599322Z     POST #create
2024-02-26T18:15:26.7740782Z       redirects
2024-02-26T18:15:26.7741383Z     GET #edit
2024-02-26T18:15:26.7858485Z       redirects
2024-02-26T18:15:26.7859343Z     PUT #update
2024-02-26T18:15:26.7979520Z       redirects
2024-02-26T18:15:26.7980647Z 
2024-02-26T18:15:26.7980913Z DonationSites
2024-02-26T18:15:26.7982079Z   while signed in
2024-02-26T18:15:26.7983073Z     GET #index
2024-02-26T18:15:26.7984069Z       csv
2024-02-26T18:15:26.8195971Z         is expected to be successful
2024-02-26T18:15:26.8196727Z       html
2024-02-26T18:15:26.8525523Z         is expected to be successful
2024-02-26T18:15:26.8526598Z 
2024-02-26T18:15:26.8526908Z Organization management
2024-02-26T18:15:26.8528670Z   while signed in as an organization admin
2024-02-26T18:15:27.8656898Z     can re-activate a user in the organization
2024-02-26T18:15:28.3651195Z     can see 'Make user' button for admins
2024-02-26T18:15:29.3600807Z     can add a new user to an organization
2024-02-26T18:15:30.3232171Z     can deactivate a user in the organization
2024-02-26T18:15:30.8089232Z     can re-invite a user to an organization after 7 days
2024-02-26T18:15:30.8090363Z     Editing the organization
2024-02-26T18:15:31.6757488Z       can set a default storage location on the organization
2024-02-26T18:15:32.5372779Z       can set a reminder and a deadline day
2024-02-26T18:15:33.5428517Z       can select if the org distributes essentials monthly
2024-02-26T18:15:34.7194249Z       is prompted with placeholder text and a more helpful error message to ensure correct URL format as a user
2024-02-26T18:15:35.5283502Z       can set the NDBN Member ID
2024-02-26T18:15:36.4876889Z       can disable if the org does NOT use single step invite and approve partner process
2024-02-26T18:15:37.4495309Z       can enable if the org uses single step invite and approve partner process
2024-02-26T18:15:38.4231490Z       can select if the org shows year-to-date values on the distribution printout
2024-02-26T18:15:39.4007890Z       can select if the org repackages essentials
2024-02-26T18:15:40.9423523Z       can select and deselect Required Partner Fields
2024-02-26T18:15:40.9424122Z     Viewing the organization
2024-02-26T18:15:41.4934853Z       can view organization details
2024-02-26T18:15:41.4935757Z   while signed in as a normal user
2024-02-26T18:15:41.9524030Z     cannot see 'Make user' button for admins
2024-02-26T18:15:42.4002842Z     can see summary details about the organization as a user
2024-02-26T18:15:42.4003730Z 
2024-02-26T18:15:42.4005524Z /account_requests
2024-02-26T18:15:42.4006093Z   GET #confirm
2024-02-26T18:15:42.4007026Z     when given a token that has already been confirmed
2024-02-26T18:15:42.5895007Z       should render a error that says that is code provided is invalid
2024-02-26T18:15:42.5896033Z     when given a valid token
2024-02-26T18:15:42.6126846Z       should the update confirmed_at on the account_request, queue confirmation email and render confirm template
2024-02-26T18:15:42.6128163Z     when given a invalid token
2024-02-26T18:15:42.6190036Z       should render a error that says that is code provided is invalid
2024-02-26T18:15:42.6191170Z   GET #confirmation
2024-02-26T18:15:42.6191802Z     when given a invalid token
2024-02-26T18:15:42.6249256Z       should render a error that says that is code provided is invalid
2024-02-26T18:15:42.6250590Z     when given a token that has already been confirmed
2024-02-26T18:15:42.8105180Z       should render a error that says that is code provided is invalid
2024-02-26T18:15:42.8106221Z     when given a valid token
2024-02-26T18:15:42.8245572Z       should render the confirmation template
2024-02-26T18:15:42.8246370Z   POST #create
2024-02-26T18:15:42.8247391Z     with valid parameters
2024-02-26T18:15:42.8367158Z       creates a new AccountRequest
2024-02-26T18:15:42.8472056Z       delivers the confirmation email via default queue
2024-02-26T18:15:42.8589341Z       redirects to the created account_request confirmation
2024-02-26T18:15:42.8590281Z     with invalid parameters
2024-02-26T18:15:42.8772354Z       renders a successful response (i.e. to display the 'new' template)
2024-02-26T18:15:42.8938217Z       does not create a new AccountRequest
2024-02-26T18:15:42.8939179Z   GET #new
2024-02-26T18:15:42.9089235Z     renders a successful response
2024-02-26T18:15:42.9090396Z   GET #received
2024-02-26T18:15:42.9091204Z     when given a invalid token
2024-02-26T18:15:42.9154843Z       should render a error that says that is code provided is invalid
2024-02-26T18:15:42.9155546Z     when given a valid token
2024-02-26T18:15:42.9305411Z       should render the received template
2024-02-26T18:15:42.9306545Z 
2024-02-26T18:15:42.9306854Z Purchases
2024-02-26T18:15:42.9308277Z   while signed in as an organization admin
2024-02-26T18:15:43.9417509Z     allows deletion of a purchase
2024-02-26T18:15:43.9418611Z   while signed in as a normal user
2024-02-26T18:15:43.9419624Z     When visiting an existing purchase
2024-02-26T18:15:44.4105128Z       does not allow deletion of a purchase
2024-02-26T18:15:44.4106191Z     When creating a new purchase
2024-02-26T18:15:44.9066790Z       should not display inactive storage locations in dropdown
2024-02-26T18:15:44.9067869Z       Editing purchase
2024-02-26T18:15:45.5322385Z         A user can view another organizations purchase
2024-02-26T18:15:46.0290503Z         A user can see purchased_from value
2024-02-26T18:15:46.0291156Z       via barcode entry
2024-02-26T18:15:46.9566915Z         User scan same barcode 2 times
2024-02-26T18:15:47.6815827Z         a user can add items via scanning them in by barcode
2024-02-26T18:15:48.8910911Z         a user can add items that do not yet have a barcode
2024-02-26T18:15:48.8911874Z       via manual entry
2024-02-26T18:15:49.7995447Z         User can create a purchase using dollars decimal amount
2024-02-26T18:15:50.8160607Z         Does not include inactive items in the line item fields
2024-02-26T18:15:52.0222683Z         User can create a purchase IN THE PAST
2024-02-26T18:15:53.2764213Z         multiple line items for the same item type are accepted and combined on the backend
2024-02-26T18:15:54.3286133Z         User can create vendor from purchase
2024-02-26T18:15:54.3287166Z         when creating a purchase incorrectly
2024-02-26T18:15:55.1394253Z           should display failure with error messages
2024-02-26T18:15:56.1416247Z           items dropdown is still repopulated even if initial submission doesn't validate
2024-02-26T18:15:56.1417310Z     When visiting the index page
2024-02-26T18:15:56.1418174Z       When filtering on the index page
2024-02-26T18:15:57.0193774Z         User can filter the #index by storage location
2024-02-26T18:15:57.8817103Z         User can filter the #index by vendor
2024-02-26T18:15:57.8817936Z         behaves like Date Range Picker
2024-02-26T18:15:57.8819989Z           when choosing 'Last Month'
2024-02-26T18:15:58.8736040Z             shows only 2 of the records
2024-02-26T18:15:58.8737393Z           when choosing a date range that only includes the previous week
2024-02-26T18:15:59.8206941Z             shows only 1 record
2024-02-26T18:15:59.8208085Z           when choosing 'All Time'
2024-02-26T18:16:00.7994238Z             shows all the records
2024-02-26T18:16:00.7995233Z       In the middle of the year
2024-02-26T18:16:01.6606603Z         User sees total purchases value
2024-02-26T18:16:02.5521322Z         User can click to the new purchase form
2024-02-26T18:16:03.3709170Z         User sees purchased date column
2024-02-26T18:16:03.3711160Z 
2024-02-26T18:16:03.3711481Z StorageLocations
2024-02-26T18:16:03.3712796Z   While signed in
2024-02-26T18:16:03.3714707Z     GET #index
2024-02-26T18:16:03.3715623Z       csv
2024-02-26T18:16:03.3950846Z         succeeds
2024-02-26T18:16:03.4970581Z         includes headers followed by alphabetized item names
2024-02-26T18:16:03.4971455Z       html
2024-02-26T18:16:03.5385260Z         succeeds
2024-02-26T18:16:03.5385818Z         with inactive locations
2024-02-26T18:16:03.5793942Z           does not includes the inactive location
2024-02-26T18:16:03.5794867Z           with include_inactive_locations
2024-02-26T18:16:03.6225674Z             includes the inactive location
2024-02-26T18:16:03.6226552Z     GET #edit
2024-02-26T18:16:03.8191525Z       returns http success
2024-02-26T18:16:03.8192464Z     GET #new
2024-02-26T18:16:03.8553552Z       returns http success
2024-02-26T18:16:03.8554892Z     POST #import_csv
2024-02-26T18:16:03.8560369Z       csv file with wrong headers
2024-02-26T18:16:03.8781196Z         redirects
2024-02-26T18:16:03.8944409Z         presents a flash error message
2024-02-26T18:16:03.8945370Z       without a csv file
2024-02-26T18:16:03.9104090Z         redirects to :index
2024-02-26T18:16:03.9244146Z         presents a flash error message
2024-02-26T18:16:03.9245252Z       with a csv file
2024-02-26T18:16:03.9312913Z         invokes .import_csv
2024-02-26T18:16:03.9478104Z         redirects
2024-02-26T18:16:03.9647285Z         presents a flash notice message
2024-02-26T18:16:03.9648228Z     GET #destroy
2024-02-26T18:16:03.9953297Z       redirects to #index
2024-02-26T18:16:03.9954286Z     GET #show
2024-02-26T18:16:03.9954846Z       html
2024-02-26T18:16:04.0816227Z         should return a correct response
2024-02-26T18:16:04.0817374Z         with version date set
2024-02-26T18:16:04.0818047Z           with no version found
2024-02-26T18:16:04.1551323Z             should show N/A
2024-02-26T18:16:04.1552276Z           with a version found
2024-02-26T18:16:04.2561636Z             should show the version specified
2024-02-26T18:16:04.2562356Z       csv
2024-02-26T18:16:04.3099352Z         should be successful
2024-02-26T18:16:04.3100106Z     GET #inventory
2024-02-26T18:16:04.3101158Z       when also including omitted items
2024-02-26T18:16:04.3631658Z         returns a collection that also includes all items, but with zeroed quantities
2024-02-26T18:16:04.4134201Z         contains a collection of ducktyped entries that respond the same
2024-02-26T18:16:04.4135199Z       without any overrides
2024-02-26T18:16:04.4672534Z         returns a collection that only includes items at the storage location
2024-02-26T18:16:04.4673450Z       when also including inactive items
2024-02-26T18:16:04.5332533Z         returns a collection that also includes items that have been deactivated
2024-02-26T18:16:04.5333454Z     PUT #reactivate
2024-02-26T18:16:04.5512211Z       undiscards
2024-02-26T18:16:04.5512874Z     PUT #deactivate
2024-02-26T18:16:04.5711446Z       discards
2024-02-26T18:16:04.5712179Z       with inventory
2024-02-26T18:16:04.6219973Z         does not discard
2024-02-26T18:16:04.6220786Z     Looking at a different organization
2024-02-26T18:16:04.8016733Z       redirects the user to the sign-in page for CRUD actions
2024-02-26T18:16:04.8017695Z   While not signed in
2024-02-26T18:16:04.8083411Z     redirects the user to the sign-in page for CRUD actions
2024-02-26T18:16:04.8084051Z 
2024-02-26T18:16:04.8084374Z Managing requests
2024-02-26T18:16:04.8085921Z   creating a new quantity request
2024-02-26T18:16:04.8087122Z     GIVEN a partner user is permitted to make a request
2024-02-26T18:16:04.8088448Z       WHEN they create a request with only a comment
2024-02-26T18:16:05.7782107Z         should be created without any issue
2024-02-26T18:16:05.7782962Z       Select Input Tests
2024-02-26T18:16:05.7783647Z         WHEN they reach the page
2024-02-26T18:16:06.6334268Z           should show the proper items in the select box
2024-02-26T18:16:06.6335130Z           WHEN they create a request inproperly
2024-02-26T18:16:07.9682314Z             should show the proper items in the select box
2024-02-26T18:16:07.9683568Z       WHEN they create a request properly
2024-02-26T18:16:07.9685277Z         THEN a request records will be created and the partner will be notified via flash message on the dashboard
2024-02-26T18:16:10.3372446Z           AND the partner_user can view the details of the created request in a seperate page
2024-02-26T18:16:10.3373776Z       WHEN they create a request inproperly by not inputting anything
2024-02-26T18:16:11.2466637Z         should show an error message with the instructions
2024-02-26T18:16:11.2467461Z   creating a # individuals request
2024-02-26T18:16:11.2468535Z     GIVEN a partner user is permitted to make a request
2024-02-26T18:16:11.2469659Z       WHEN they create a request inproperly
2024-02-26T18:16:12.1448722Z         should show an error message with the instructions
2024-02-26T18:16:12.1449655Z       Select Input Tests
2024-02-26T18:16:12.1450336Z         WHEN they reach the page
2024-02-26T18:16:12.9953380Z           should show the proper items in the select box
2024-02-26T18:16:12.9954041Z           WHEN they create a request inproperly
2024-02-26T18:16:14.3336814Z             should show the proper items in the select box
2024-02-26T18:16:14.3337988Z       WHEN they create a request properly
2024-02-26T18:16:14.3339639Z         THEN a request records will be created and the partner will be notified via flash message on the dashboard
2024-02-26T18:16:16.4151393Z           AND the partner_user can view the details of the created individuals request in a seperate page
2024-02-26T18:16:16.4153128Z 
2024-02-26T18:16:16.4153527Z Audits
2024-02-26T18:16:16.4154707Z   while signed in as an organization admin
2024-02-26T18:16:16.4156248Z     POST #create
2024-02-26T18:16:16.4157333Z       with invalid params
2024-02-26T18:16:16.4701148Z         re-renders the 'new' template
2024-02-26T18:16:16.5265716Z         re-renders the 'new' template with an error message when an invalid storage location is given
2024-02-26T18:16:16.5648529Z         assigns a newly created but unsaved audit as @audit
2024-02-26T18:16:16.5649257Z       with valid params
2024-02-26T18:16:16.6031381Z         assigns a newly created audit as @audit
2024-02-26T18:16:16.6388344Z         creates a new Audit
2024-02-26T18:16:16.6760048Z         creates a new Audit with status as `confirmed` if `confirm_audit` is passed as a param
2024-02-26T18:16:16.7123729Z         redirects to the #show after created audit
2024-02-26T18:16:16.7486337Z         creates a new Audit with status as `in_progress` if `save_progress` is passed as a param
2024-02-26T18:16:16.7487363Z     GET #index
2024-02-26T18:16:16.8031764Z       is successful
2024-02-26T18:16:16.8032301Z     POST #finalize
2024-02-26T18:16:16.8701490Z       sets the finalize status and saves an event
2024-02-26T18:16:16.8702543Z     GET #new
2024-02-26T18:16:16.9071596Z       is successful
2024-02-26T18:16:16.9072242Z     GET #edit
2024-02-26T18:16:16.9636568Z       is successful if the status of audit is `in_progress`
2024-02-26T18:16:17.0304528Z       redirects to #index if the status of audit is not `in_progress`
2024-02-26T18:16:17.0305512Z     DELETE #destroy
2024-02-26T18:16:17.0306112Z       with valid params
2024-02-26T18:16:17.0670378Z         destroys the audit if the audit's status is `confirms`
2024-02-26T18:16:17.1041812Z         destroys the audit if the audit's status is `in_progress`
2024-02-26T18:16:17.1379374Z         can not destroy the audit if the audit's status is `finalized`
2024-02-26T18:16:17.1380531Z     GET #show
2024-02-26T18:16:17.1872095Z       is successful
2024-02-26T18:16:17.1872784Z 
2024-02-26T18:16:17.1873060Z Vendor
2024-02-26T18:16:17.1875142Z   When vendor have purchases associated with them already
2024-02-26T18:16:17.7652628Z     can have existing vendors show in the #index with some summary stats
2024-02-26T18:16:18.3601314Z     can have a single vendor show semi-detailed stats about purchases
2024-02-26T18:16:18.3602344Z   When a user views the index page
2024-02-26T18:16:18.8362895Z     should have the vendor names in alphabetical order
2024-02-26T18:16:18.8363769Z   when editing an existing vendor
2024-02-26T18:16:19.6438561Z     can update the contact info for a vendor as a user
2024-02-26T18:16:20.4360052Z     does not update a vendor with empty attributes
2024-02-26T18:16:20.4361110Z   when creating a new vendor
2024-02-26T18:16:21.1758886Z     cannot add a new vendor instance with empty attributes
2024-02-26T18:16:21.9628453Z     can create a new vendor instance as a user
2024-02-26T18:16:21.9628999Z 
2024-02-26T18:16:21.9629242Z User account management
2024-02-26T18:16:21.9630625Z   when not in staging
2024-02-26T18:16:22.8283393Z     should change the email
2024-02-26T18:16:23.5883517Z     should fail when the email is invalid
2024-02-26T18:16:24.4860996Z     should change an user name
2024-02-26T18:16:24.4861563Z   when in staging
2024-02-26T18:16:24.9560795Z     should not allow the user to change staging credentials
2024-02-26T18:16:25.4033618Z     should display staging warning
2024-02-26T18:16:25.4034693Z 
2024-02-26T18:16:25.4035085Z Profiles
2024-02-26T18:16:25.4036485Z   GET #edit
2024-02-26T18:16:25.5111917Z     returns http success
2024-02-26T18:16:25.5113018Z   POST #update
2024-02-26T18:16:25.5113596Z     successful save
2024-02-26T18:16:25.5584138Z       update partner
2024-02-26T18:16:25.6003881Z       redirects to #show
2024-02-26T18:16:25.6004742Z     when updating an existing value to a blank value
2024-02-26T18:16:25.6456409Z       update partner
2024-02-26T18:16:25.6890147Z       should have blank values
2024-02-26T18:16:25.6891066Z 
2024-02-26T18:16:25.6891382Z /partners/profiles
2024-02-26T18:16:25.6892500Z   GET #edit
2024-02-26T18:16:25.8499603Z     does not have default radio button value when value is nil
2024-02-26T18:16:26.0419855Z     has "Yes" radio button value when value is true
2024-02-26T18:16:26.1317270Z     has "No" radio button value when value is false
2024-02-26T18:16:26.2170497Z     displays the partner
2024-02-26T18:16:26.2171434Z   PUT #update
2024-02-26T18:16:26.2738518Z     updates the partner and profile
2024-02-26T18:16:26.2739598Z     with no social media
2024-02-26T18:16:26.3666924Z       shows an error
2024-02-26T18:16:26.3667768Z     when updating an existing value to a blank value
2024-02-26T18:16:26.4175600Z       updates the partner profile attribute to a blank value
2024-02-26T18:16:26.4720671Z       does store N/A in the database
2024-02-26T18:16:26.5263496Z       does not update other partner profile attributes to blank
2024-02-26T18:16:26.5264674Z   GET #show
2024-02-26T18:16:26.5843719Z     shows correct values for yes/no buttons
2024-02-26T18:16:26.6332469Z     displays the partner
2024-02-26T18:16:26.6333232Z 
2024-02-26T18:16:26.6333492Z /partners/children
2024-02-26T18:16:26.6334444Z   GET #index
2024-02-26T18:16:26.7181501Z     should render without any issues
2024-02-26T18:16:26.7661743Z     should export CSV
2024-02-26T18:16:26.7664493Z 
2024-02-26T18:16:26.7664764Z Dashboard
2024-02-26T18:16:26.7666297Z   With an existing essentials bank
2024-02-26T18:16:26.7667766Z     Purchases
2024-02-26T18:16:27.6426697Z       has a link to create a new purchase
2024-02-26T18:16:27.6428279Z       given 1 Purchase on 2024-02-25  (unless 'All Time'), 4 during 2024-02-26..2024-02-26, and 1 on 2024-02-27
2024-02-26T18:16:27.6429464Z         filtering to 'Today'
2024-02-26T18:16:29.1271786Z           shows correct 3 Recent Purchase link(s)
2024-02-26T18:16:29.1273103Z       given 1 Purchase on 2024-01-27  (unless 'All Time'), 4 during 2024-01-28..2024-02-26, and 1 on 2024-02-27
2024-02-26T18:16:29.1273929Z         filtering to 'Last 30 Days'
2024-02-26T18:16:30.7615933Z           shows correct 3 Recent Purchase link(s)
2024-02-26T18:16:30.7617603Z       given 1 Purchase on 2024-02-19  (unless 'All Time'), 0 during 2024-02-20..2024-02-26, and 1 on 2024-02-27
2024-02-26T18:16:30.7619320Z         filtering to 'Last 7 Days'
2024-02-26T18:16:34.0898291Z           shows correct 0 Recent Purchase link(s)
2024-02-26T18:16:34.0900289Z       given 1 Purchase on 2024-01-31  (unless 'All Time'), 4 during 2024-02-01..2024-02-29, and 1 on 2024-03-01
2024-02-26T18:16:34.0901566Z         filtering to 'This Month'
2024-02-26T18:16:35.6226369Z           shows correct 3 Recent Purchase link(s)
2024-02-26T18:16:35.6227957Z       given 1 Purchase on 2024-02-24  (unless 'All Time'), 4 during 2024-02-25..2024-02-25, and 1 on 2024-02-26
2024-02-26T18:16:35.6229042Z         filtering to 'Yesterday'
2024-02-26T18:16:37.1378080Z           shows correct 3 Recent Purchase link(s)
2024-02-26T18:16:37.1379965Z       given 1 Purchase on 2023-12-31  (unless 'All Time'), 3 during 2024-01-01..2024-12-31, and 1 on 2025-01-01
2024-02-26T18:16:37.1381426Z         filtering to 'This Year'
2024-02-26T18:16:38.5960863Z           shows correct 3 Recent Purchase link(s)
2024-02-26T18:16:38.5962969Z       given 1 Purchase on 2023-12-31  (unless 'All Time'), 4 during 2024-01-01..2024-01-31, and 1 on 2024-02-01
2024-02-26T18:16:38.5963706Z         filtering to 'Last Month'
2024-02-26T18:16:40.1215913Z           shows correct 3 Recent Purchase link(s)
2024-02-26T18:16:40.1217547Z       given 1 Purchase on 2022-02-25  (unless 'All Time'), 0 during 2022-02-26..2023-12-27, and 1 on 2023-12-28
2024-02-26T18:16:40.1218819Z         filtering to '' (February 26, 2022 - December 27, 2023)
2024-02-26T18:16:43.5655472Z           shows correct 0 Recent Purchase link(s)
2024-02-26T18:16:43.5656284Z     Donations
2024-02-26T18:16:44.4732720Z       has a link to create a new donation
2024-02-26T18:16:44.4734363Z       given 1 Donation on 2023-12-31 (only if a valid date), 2 during 2024-01-01..2024-12-31, and 1 on 2025-01-01
2024-02-26T18:16:44.4735746Z         filtering to 'This Year'
2024-02-26T18:16:45.8667772Z           shows the correct total and 2 Recent Donation link(s)
2024-02-26T18:16:45.8669721Z       given 1 Donation on 2023-12-31 (only if a valid date), 2 during 2024-01-01..2024-01-31, and 1 on 2024-02-01
2024-02-26T18:16:45.8670942Z         filtering to 'Last Month'
2024-02-26T18:16:47.2942483Z           shows the correct total and 2 Recent Donation link(s)
2024-02-26T18:16:47.2944368Z       given 1 Donation on 2022-02-25 (only if a valid date), 2 during 2022-02-26..2024-01-31, and 1 on 2024-02-01
2024-02-26T18:16:47.2945577Z         filtering to '' (February 26, 2022 - January 31, 2024)
2024-02-26T18:16:48.7325161Z           shows the correct total and 2 Recent Donation link(s)
2024-02-26T18:16:48.7326919Z       given 1 Donation on 2024-02-24 (only if a valid date), 3 during 2024-02-25..2024-02-25, and 1 on 2024-02-26
2024-02-26T18:16:48.7328359Z         filtering to 'Yesterday'
2024-02-26T18:16:50.2144699Z           shows the correct total and 3 Recent Donation link(s)
2024-02-26T18:16:50.2146598Z       given 1 Donation on 2024-01-27 (only if a valid date), 3 during 2024-01-28..2024-02-26, and 1 on 2024-02-27
2024-02-26T18:16:50.2147558Z         filtering to 'Last 30 Days'
2024-02-26T18:16:51.6567724Z           shows the correct total and 3 Recent Donation link(s)
2024-02-26T18:16:51.6569501Z       given 1 Donation on 2024-01-31 (only if a valid date), 0 during 2024-02-01..2024-02-29, and 1 on 2024-03-01
2024-02-26T18:16:51.6570791Z         filtering to 'This Month'
2024-02-26T18:16:55.0062833Z           shows the correct total and 0 Recent Donation link(s)
2024-02-26T18:16:55.0064635Z       given 1 Donation on 2024-02-25 (only if a valid date), 2 during 2024-02-26..2024-02-26, and 1 on 2024-02-27
2024-02-26T18:16:55.0066078Z         filtering to 'Today'
2024-02-26T18:16:56.4228090Z           shows the correct total and 2 Recent Donation link(s)
2024-02-26T18:16:56.4229979Z       given 1 Donation on 2024-02-19 (only if a valid date), 1 during 2024-02-20..2024-02-26, and 1 on 2024-02-27
2024-02-26T18:16:56.4231234Z         filtering to 'Last 7 Days'
2024-02-26T18:16:57.7918807Z           shows the correct total and 1 Recent Donation link(s)
2024-02-26T18:16:57.7924309Z     Distributions
2024-02-26T18:16:58.6915773Z       has a link to create a new distribution
2024-02-26T18:16:58.6917640Z       given 1 Distribution on 2024-02-24  (unless 'All Time'), 0 during 2024-02-25..2024-02-25, and 1 on 2024-02-26
2024-02-26T18:16:58.6918883Z         filtering to 'Yesterday'
2024-02-26T18:17:02.0894813Z           shows the correct total and 0 Recent Distribution link(s)
2024-02-26T18:17:02.0896591Z       given 1 Distribution on 2023-12-31  (unless 'All Time'), 2 during 2024-01-01..2024-12-31, and 1 on 2025-01-01
2024-02-26T18:17:02.0897435Z         filtering to 'This Year'
2024-02-26T18:17:03.5022429Z           shows the correct total and 2 Recent Distribution link(s)
2024-02-26T18:17:03.5024271Z       given 1 Distribution on 2024-01-27  (unless 'All Time'), 2 during 2024-01-28..2024-02-26, and 1 on 2024-02-27
2024-02-26T18:17:03.5025062Z         filtering to 'Last 30 Days'
2024-02-26T18:17:04.9581600Z           shows the correct total and 2 Recent Distribution link(s)
2024-02-26T18:17:04.9583471Z       given 1 Distribution on 2022-02-25  (unless 'All Time'), 0 during 2022-02-26..2023-10-13, and 1 on 2023-10-14
2024-02-26T18:17:04.9584924Z         filtering to '' (February 26, 2022 - October 13, 2023)
2024-02-26T18:17:08.3219984Z           shows the correct total and 0 Recent Distribution link(s)
2024-02-26T18:17:08.3221999Z       given 1 Distribution on 2024-02-19  (unless 'All Time'), 3 during 2024-02-20..2024-02-26, and 1 on 2024-02-27
2024-02-26T18:17:08.3223042Z         filtering to 'Last 7 Days'
2024-02-26T18:17:09.7432900Z           shows the correct total and 3 Recent Distribution link(s)
2024-02-26T18:17:09.7434666Z       given 1 Distribution on 2024-01-31  (unless 'All Time'), 0 during 2024-02-01..2024-02-29, and 1 on 2024-03-01
2024-02-26T18:17:09.7436076Z         filtering to 'This Month'
2024-02-26T18:17:13.1331005Z           shows the correct total and 0 Recent Distribution link(s)
2024-02-26T18:17:13.1333066Z       given 1 Distribution on 2024-02-25  (unless 'All Time'), 1 during 2024-02-26..2024-02-26, and 1 on 2024-02-27
2024-02-26T18:17:13.1334359Z         filtering to 'Today'
2024-02-26T18:17:14.5372922Z           shows the correct total and 1 Recent Distribution link(s)
2024-02-26T18:17:14.5375525Z       given 1 Distribution on 1999-12-31  (unless 'All Time'), 0 during 2000-01-01..2024-02-26, and 1 on 2024-02-27
2024-02-26T18:17:14.5377479Z         filtering to 'All Time'
2024-02-26T18:17:17.8940164Z           shows the correct total and 0 Recent Distribution link(s)
2024-02-26T18:17:17.8941910Z       given 1 Distribution on 2023-12-31  (unless 'All Time'), 3 during 2024-01-01..2024-01-31, and 1 on 2024-02-01
2024-02-26T18:17:17.8943272Z         filtering to 'Last Month'
2024-02-26T18:17:19.2747448Z           shows the correct total and 3 Recent Distribution link(s)
2024-02-26T18:17:19.2748601Z     Signage
2024-02-26T18:17:22.1397228Z       shows their organization name unless they have a logo set
2024-02-26T18:17:22.1398036Z     Manufacturer Donations
2024-02-26T18:17:22.7136117Z       has a link to create a new donation
2024-02-26T18:17:22.7137610Z       given 1 Manufacturer donating on 2023-12-31  (unless 'All Time'), 2 during 2024-01-01..2024-12-31, and 1 on 2025-01-01
2024-02-26T18:17:22.7138605Z         filtering to 'This Year'
2024-02-26T18:17:24.2708506Z           shows the correct total and 4 Top Manufacturer Donation link(s)
2024-02-26T18:17:24.2710642Z       given 1 Manufacturer donating on 1999-12-31  (unless 'All Time'), 7 during 2000-01-01..2024-02-26, and 1 on 2024-02-27
2024-02-26T18:17:24.2712264Z         filtering to 'All Time'
2024-02-26T18:17:26.2645211Z           shows the correct total and 8 Top Manufacturer Donation link(s)
2024-02-26T18:17:26.2647153Z       given 1 Manufacturer donating on 2024-02-19  (unless 'All Time'), 8 during 2024-02-20..2024-02-26, and 1 on 2024-02-27
2024-02-26T18:17:26.2648125Z         filtering to 'Last 7 Days'
2024-02-26T18:17:28.6565567Z           shows the correct total and 10 Top Manufacturer Donation link(s)
2024-02-26T18:17:28.6567477Z       given 1 Manufacturer donating on 2024-02-24  (unless 'All Time'), 6 during 2024-02-25..2024-02-25, and 1 on 2024-02-26
2024-02-26T18:17:28.6568583Z         filtering to 'Yesterday'
2024-02-26T18:17:30.6210383Z           shows the correct total and 8 Top Manufacturer Donation link(s)
2024-02-26T18:17:30.6212561Z       given 1 Manufacturer donating on 2024-01-27  (unless 'All Time'), 1 during 2024-01-28..2024-02-26, and 1 on 2024-02-27
2024-02-26T18:17:30.6214037Z         filtering to 'Last 30 Days'
2024-02-26T18:17:32.1370952Z           shows the correct total and 3 Top Manufacturer Donation link(s)
2024-02-26T18:17:32.1372588Z       given 1 Manufacturer donating on 2022-02-25  (unless 'All Time'), 5 during 2022-02-26..2023-10-11, and 1 on 2023-10-12
2024-02-26T18:17:32.1373507Z         filtering to '' (February 26, 2022 - October 11, 2023)
2024-02-26T18:17:34.0364908Z           shows the correct total and 7 Top Manufacturer Donation link(s)
2024-02-26T18:17:34.0366811Z       given 1 Manufacturer donating on 2024-02-25  (unless 'All Time'), 6 during 2024-02-26..2024-02-26, and 1 on 2024-02-27
2024-02-26T18:17:34.0367633Z         filtering to 'Today'
2024-02-26T18:17:36.0565629Z           shows the correct total and 8 Top Manufacturer Donation link(s)
2024-02-26T18:17:36.0567883Z       given 1 Manufacturer donating on 2024-01-31  (unless 'All Time'), 0 during 2024-02-01..2024-02-29, and 1 on 2024-03-01
2024-02-26T18:17:36.0569386Z         filtering to 'This Month'
2024-02-26T18:17:37.4191503Z           shows the correct total and 2 Top Manufacturer Donation link(s)
2024-02-26T18:17:37.4193253Z       given 1 Manufacturer donating on 2023-12-31  (unless 'All Time'), 4 during 2024-01-01..2024-01-31, and 1 on 2024-02-01
2024-02-26T18:17:37.4194373Z         filtering to 'Last Month'
2024-02-26T18:17:39.1594995Z           shows the correct total and 6 Top Manufacturer Donation link(s)
2024-02-26T18:17:39.1596209Z     Inventory Totals
2024-02-26T18:17:39.1597043Z       Summary
2024-02-26T18:17:39.8705403Z         displays the on-hand totals
2024-02-26T18:17:39.8706219Z         when constrained to date range
2024-02-26T18:17:40.8966592Z           does not change
2024-02-26T18:17:40.8967474Z     Product Drives
2024-02-26T18:17:41.4985329Z       has a widget for product drive summary data
2024-02-26T18:17:41.4987205Z       given 1 Product Drive Donation on 2023-12-31 (unless 'All Time'), 1 during 2024-01-01..2024-01-31, and 1 on 2024-02-01
2024-02-26T18:17:41.4988653Z         filtering to 'Last Month'
2024-02-26T18:17:42.9475824Z           shows 1 Recent Donation link(s)
2024-02-26T18:17:44.3474032Z           shows the correct total money raised
2024-02-26T18:17:45.7654150Z           shows the correct total donations
2024-02-26T18:17:45.7656135Z       given 1 Product Drive Donation on 2023-12-31 (unless 'All Time'), 0 during 2024-01-01..2024-12-31, and 1 on 2025-01-01
2024-02-26T18:17:45.7657516Z         filtering to 'This Year'
2024-02-26T18:17:47.0834416Z           shows the correct total donations
2024-02-26T18:17:48.4175655Z           shows the correct total money raised
2024-02-26T18:17:51.7532014Z           shows 0 Recent Donation link(s)
2024-02-26T18:17:51.7533290Z       given 1 Product Drive Donation on 2024-02-25 (unless 'All Time'), 2 during 2024-02-26..2024-02-26, and 1 on 2024-02-27
2024-02-26T18:17:51.7534244Z         filtering to 'Today'
2024-02-26T18:17:53.2016991Z           shows 2 Recent Donation link(s)
2024-02-26T18:17:54.6249737Z           shows the correct total money raised
2024-02-26T18:17:56.0962037Z           shows the correct total donations
2024-02-26T18:17:56.0963626Z       given 1 Product Drive Donation on 2022-02-25 (unless 'All Time'), 3 during 2022-02-26..2023-09-14, and 1 on 2023-09-15
2024-02-26T18:17:56.0964986Z         filtering to '' (February 26, 2022 - September 14, 2023)
2024-02-26T18:17:57.5899458Z           shows the correct total donations
2024-02-26T18:17:59.0528588Z           shows 3 Recent Donation link(s)
2024-02-26T18:18:00.6970279Z           shows the correct total money raised
2024-02-26T18:18:00.6971935Z       given 1 Product Drive Donation on 2024-01-31 (unless 'All Time'), 0 during 2024-02-01..2024-02-29, and 1 on 2024-03-01
2024-02-26T18:18:00.6973296Z         filtering to 'This Month'
2024-02-26T18:18:02.0328579Z           shows the correct total money raised
2024-02-26T18:18:05.3839981Z           shows 0 Recent Donation link(s)
2024-02-26T18:18:06.7327172Z           shows the correct total donations
2024-02-26T18:18:06.7329044Z       given 1 Product Drive Donation on 2024-02-24 (unless 'All Time'), 1 during 2024-02-25..2024-02-25, and 1 on 2024-02-26
2024-02-26T18:18:06.7330315Z         filtering to 'Yesterday'
2024-02-26T18:18:08.1047267Z           shows the correct total donations
2024-02-26T18:18:09.4782455Z           shows 1 Recent Donation link(s)
2024-02-26T18:18:10.8438824Z           shows the correct total money raised
2024-02-26T18:18:10.8441192Z       given 1 Product Drive Donation on 2024-01-27 (unless 'All Time'), 2 during 2024-01-28..2024-02-26, and 1 on 2024-02-27
2024-02-26T18:18:10.8442736Z         filtering to 'Last 30 Days'
2024-02-26T18:18:12.2775211Z           shows the correct total donations
2024-02-26T18:18:13.7118599Z           shows the correct total money raised
2024-02-26T18:18:15.1468263Z           shows 2 Recent Donation link(s)
2024-02-26T18:18:15.1470421Z       given 1 Product Drive Donation on 2024-02-19 (unless 'All Time'), 2 during 2024-02-20..2024-02-26, and 1 on 2024-02-27
2024-02-26T18:18:15.1471752Z         filtering to 'Last 7 Days'
2024-02-26T18:18:16.5885983Z           shows the correct total money raised
2024-02-26T18:18:18.0290961Z           shows the correct total donations
2024-02-26T18:18:19.4718241Z           shows 2 Recent Donation link(s)
2024-02-26T18:18:19.4719028Z       Product drive behaviour with Mixed Donation types
2024-02-26T18:18:20.1722649Z         only shows product drive donations as product drive donations
2024-02-26T18:18:20.8653766Z         only counts product drive money raised
2024-02-26T18:18:21.5885621Z         only counts product drive donations for product drive
2024-02-26T18:18:21.5886374Z   With a new essentials bank
2024-02-26T18:18:49.5405323Z     displays the getting started guide until the steps are completed
2024-02-26T18:18:49.5407541Z 
2024-02-26T18:18:49.5408174Z Admin Organization Management
2024-02-26T18:18:49.5408858Z   While signed in as an Administrative User (super admin)
2024-02-26T18:18:50.6110013Z     filters by organizations by name in organizations index page
2024-02-26T18:18:52.4957053Z     creates a new organization
2024-02-26T18:18:53.7708008Z     can view organization details
2024-02-26T18:18:53.7708931Z   While signed in as an Administrative User with no organization (super admin no org)
2024-02-26T18:18:55.6719839Z     creates a new organization
2024-02-26T18:18:55.7121407Z W, [2024-02-26T10:18:55.711908 #2370]  WARN -- : [knapsack_pro] POST https://api-disabled-for-fork.knapsackpro.com/v1/build_subsets
2024-02-26T18:18:55.7123090Z W, [2024-02-26T10:18:55.711958 #2370]  WARN -- : [knapsack_pro] Request failed due to:
2024-02-26T18:18:55.7125049Z W, [2024-02-26T10:18:55.711974 #2370]  WARN -- : [knapsack_pro] #<SocketError: Failed to open TCP connection to api-disabled-for-fork.knapsackpro.com:443 (getaddrinfo: Name or service not known)>
2024-02-26T18:18:55.7127326Z W, [2024-02-26T10:18:55.712008 #2370]  WARN -- : [knapsack_pro] Time execution report was not saved on Knapsack Pro API server due to connection problem.
2024-02-26T18:18:55.7130061Z 
2024-02-26T18:18:55.7130824Z Finished in 3 minutes 44.6 seconds (files took 8.04 seconds to load)
2024-02-26T18:18:55.7131766Z 239 examples, 0 failures
2024-02-26T18:18:55.7132119Z 
2024-02-26T18:18:55.7132333Z Randomized with seed 5415
2024-02-26T18:18:55.7132698Z 
2024-02-26T18:18:56.0165486Z Coverage report generated for RSpec to /home/runner/work/human-essentials/human-essentials/coverage. 3814 / 6413 LOC (59.47%) covered.
2024-02-26T18:18:56.5337470Z Coverage report generated for RSpec to /home/runner/work/human-essentials/human-essentials/coverage. 38 / 10662 LOC (0.36%) covered.
2024-02-26T18:18:56.5704102Z Post job cleanup.
2024-02-26T18:18:56.6707583Z [command]/usr/bin/git version
2024-02-26T18:18:56.6757165Z git version 2.43.2
2024-02-26T18:18:56.6797550Z Temporarily overriding HOME='/home/runner/work/_temp/f150c39c-60d6-4a3f-938c-2d15dc947724' before making global git config changes
2024-02-26T18:18:56.6798859Z Adding repository directory to the temporary git global config as a safe directory
2024-02-26T18:18:56.6803235Z [command]/usr/bin/git config --global --add safe.directory /home/runner/work/human-essentials/human-essentials
2024-02-26T18:18:56.6845772Z [command]/usr/bin/git config --local --name-only --get-regexp core\.sshCommand
2024-02-26T18:18:56.6887503Z [command]/usr/bin/git submodule foreach --recursive sh -c "git config --local --name-only --get-regexp 'core\.sshCommand' && git config --local --unset-all 'core.sshCommand' || :"
2024-02-26T18:18:56.7133102Z [command]/usr/bin/git config --local --name-only --get-regexp http\.https\:\/\/github\.com\/\.extraheader
2024-02-26T18:18:56.7166117Z http.https://github.com/.extraheader
2024-02-26T18:18:56.7175955Z [command]/usr/bin/git config --local --unset-all http.https://github.com/.extraheader
2024-02-26T18:18:56.7216946Z [command]/usr/bin/git submodule foreach --recursive sh -c "git config --local --name-only --get-regexp 'http\.https\:\/\/github\.com\/\.extraheader' && git config --local --unset-all 'http.https://github.com/.extraheader' || :"
2024-02-26T18:18:56.7623374Z Print service container logs: 466179d448a54aba967f24d0dea22be1_postgres123_e3b396
2024-02-26T18:18:56.7628529Z ##[command]/usr/bin/docker logs --details 8d6426ad69b826a502dc64eca7793f5cf25248b940a62c54123787d7099c3d74
2024-02-26T18:18:56.7755429Z  The files belonging to this database system will be owned by user "postgres".
2024-02-26T18:18:56.7757373Z  initdb: warning: enabling "trust" authentication for local connections
2024-02-26T18:18:56.7758449Z  You can change this by editing pg_hba.conf or using the option -A, or
2024-02-26T18:18:56.7759422Z  --auth-local and --auth-host, the next time you run initdb.
2024-02-26T18:18:56.7761003Z  2024-02-26 18:13:43.574 UTC [1] LOG:  starting PostgreSQL 12.3 (Debian 12.3-1.pgdg100+1) on x86_64-pc-linux-gnu, compiled by gcc (Debian 8.3.0-6) 8.3.0, 64-bit
2024-02-26T18:18:56.7762697Z  2024-02-26 18:13:43.574 UTC [1] LOG:  listening on IPv4 address "0.0.0.0", port 5432
2024-02-26T18:18:56.7763908Z  2024-02-26 18:13:43.574 UTC [1] LOG:  listening on IPv6 address "::", port 5432
2024-02-26T18:18:56.7765149Z  2024-02-26 18:13:43.575 UTC [1] LOG:  listening on Unix socket "/var/run/postgresql/.s.PGSQL.5432"
2024-02-26T18:18:56.7766461Z  2024-02-26 18:13:43.585 UTC [56] LOG:  database system was shut down at 2024-02-26 18:13:43 UTC
2024-02-26T18:18:56.7767634Z  2024-02-26 18:13:43.589 UTC [1] LOG:  database system is ready to accept connections
2024-02-26T18:18:56.7768662Z  2024-02-26 18:13:52.788 UTC [70] FATAL:  role "root" does not exist
2024-02-26T18:18:56.7769574Z  2024-02-26 18:14:02.881 UTC [79] FATAL:  role "root" does not exist
2024-02-26T18:18:56.7770570Z  2024-02-26 18:14:11.752 UTC [80] FATAL:  database "diaper_test" does not exist
2024-02-26T18:18:56.7771743Z  2024-02-26 18:14:12.978 UTC [89] FATAL:  role "root" does not exist
2024-02-26T18:18:56.7772858Z  2024-02-26 18:14:18.480 UTC [90] ERROR:  relation "flipper_gates" does not exist at character 491
2024-02-26T18:18:56.7774185Z  2024-02-26 18:14:18.480 UTC [90] STATEMENT:  SELECT a.attname, format_type(a.atttypid, a.atttypmod),
2024-02-26T18:18:56.7775006Z  	       pg_get_expr(d.adbin, d.adrelid), a.attnotnull, a.atttypid, a.atttypmod,
2024-02-26T18:18:56.7775599Z  	       c.collname, col_description(a.attrelid, a.attnum) AS comment,
2024-02-26T18:18:56.7776041Z  	       attgenerated as attgenerated
2024-02-26T18:18:56.7776366Z  	  FROM pg_attribute a
2024-02-26T18:18:56.7776796Z  	  LEFT JOIN pg_attrdef d ON a.attrelid = d.adrelid AND a.attnum = d.adnum
2024-02-26T18:18:56.7777308Z  	  LEFT JOIN pg_type t ON a.atttypid = t.oid
2024-02-26T18:18:56.7777865Z  	  LEFT JOIN pg_collation c ON a.attcollation = c.oid AND a.attcollation <> t.typcollation
2024-02-26T18:18:56.7778442Z  	 WHERE a.attrelid = '"flipper_gates"'::regclass
2024-02-26T18:18:56.7778849Z  	   AND a.attnum > 0 AND NOT a.attisdropped
2024-02-26T18:18:56.7779397Z  	 ORDER BY a.attnum
2024-02-26T18:18:56.7779643Z  	
2024-02-26T18:18:56.7779975Z  2024-02-26 18:14:23.066 UTC [100] FATAL:  role "root" does not exist
2024-02-26T18:18:56.7780528Z  2024-02-26 18:14:33.158 UTC [109] FATAL:  role "root" does not exist
2024-02-26T18:18:56.7781069Z  2024-02-26 18:14:43.235 UTC [117] FATAL:  role "root" does not exist
2024-02-26T18:18:56.7781611Z  2024-02-26 18:14:53.332 UTC [126] FATAL:  role "root" does not exist
2024-02-26T18:18:56.7782147Z  2024-02-26 18:15:03.411 UTC [134] FATAL:  role "root" does not exist
2024-02-26T18:18:56.7782677Z  2024-02-26 18:15:13.493 UTC [144] FATAL:  role "root" does not exist
2024-02-26T18:18:56.7783432Z  2024-02-26 18:15:23.575 UTC [154] FATAL:  role "root" does not exist
2024-02-26T18:18:56.7783964Z  2024-02-26 18:15:33.678 UTC [162] FATAL:  role "root" does not exist
2024-02-26T18:18:56.7784486Z  2024-02-26 18:15:43.758 UTC [170] FATAL:  role "root" does not exist
2024-02-26T18:18:56.7785015Z  2024-02-26 18:15:53.841 UTC [178] FATAL:  role "root" does not exist
2024-02-26T18:18:56.7785539Z  2024-02-26 18:16:03.924 UTC [187] FATAL:  role "root" does not exist
2024-02-26T18:18:56.7786298Z  2024-02-26 18:16:14.011 UTC [195] FATAL:  role "root" does not exist
2024-02-26T18:18:56.7786832Z  2024-02-26 18:16:24.101 UTC [204] FATAL:  role "root" does not exist
2024-02-26T18:18:56.7787352Z  2024-02-26 18:16:34.191 UTC [212] FATAL:  role "root" does not exist
2024-02-26T18:18:56.7787872Z  2024-02-26 18:16:44.286 UTC [220] FATAL:  role "root" does not exist
2024-02-26T18:18:56.7788382Z  2024-02-26 18:16:54.370 UTC [229] FATAL:  role "root" does not exist
2024-02-26T18:18:56.7788902Z  2024-02-26 18:17:04.484 UTC [237] FATAL:  role "root" does not exist
2024-02-26T18:18:56.7789417Z  2024-02-26 18:17:14.578 UTC [246] FATAL:  role "root" does not exist
2024-02-26T18:18:56.7789942Z  2024-02-26 18:17:24.662 UTC [255] FATAL:  role "root" does not exist
2024-02-26T18:18:56.7790480Z  2024-02-26 18:17:34.738 UTC [263] FATAL:  role "root" does not exist
2024-02-26T18:18:56.7791013Z  2024-02-26 18:17:44.833 UTC [272] FATAL:  role "root" does not exist
2024-02-26T18:18:56.7791548Z  2024-02-26 18:17:54.938 UTC [282] FATAL:  role "root" does not exist
2024-02-26T18:18:56.7792075Z  2024-02-26 18:18:05.027 UTC [290] FATAL:  role "root" does not exist
2024-02-26T18:18:56.7792596Z  2024-02-26 18:18:15.112 UTC [298] FATAL:  role "root" does not exist
2024-02-26T18:18:56.7793122Z  2024-02-26 18:18:25.190 UTC [307] FATAL:  role "root" does not exist
2024-02-26T18:18:56.7793586Z  This user must also own the server process.
2024-02-26T18:18:56.7793930Z  
2024-02-26T18:18:56.7794272Z  The database cluster will be initialized with locale "en_US.utf8".
2024-02-26T18:18:56.7794845Z  The default database encoding has accordingly been set to "UTF8".
2024-02-26T18:18:56.7795403Z  The default text search configuration will be set to "english".
2024-02-26T18:18:56.7795819Z  
2024-02-26T18:18:56.7796034Z  Data page checksums are disabled.
2024-02-26T18:18:56.7796331Z  
2024-02-26T18:18:56.7796691Z  fixing permissions on existing directory /var/lib/postgresql/data ... ok
2024-02-26T18:18:56.7797178Z  creating subdirectories ... ok
2024-02-26T18:18:56.7797576Z  selecting dynamic shared memory implementation ... posix
2024-02-26T18:18:56.7798013Z  selecting default max_connections ... 100
2024-02-26T18:18:56.7798393Z  selecting default shared_buffers ... 128MB
2024-02-26T18:18:56.7798757Z  selecting default time zone ... Etc/UTC
2024-02-26T18:18:56.7799226Z  2024-02-26 18:18:35.266 UTC [316] FATAL:  role "root" does not exist
2024-02-26T18:18:56.7799774Z  2024-02-26 18:18:45.346 UTC [324] FATAL:  role "root" does not exist
2024-02-26T18:18:56.7800315Z  2024-02-26 18:18:55.438 UTC [334] FATAL:  role "root" does not exist
2024-02-26T18:18:56.7800768Z  creating configuration files ... ok
2024-02-26T18:18:56.7801115Z  running bootstrap script ... ok
2024-02-26T18:18:56.7801482Z  performing post-bootstrap initialization ... ok
2024-02-26T18:18:56.7801866Z  syncing data to disk ... ok
2024-02-26T18:18:56.7802133Z  
2024-02-26T18:18:56.7802322Z  
2024-02-26T18:18:56.7802603Z  Success. You can now start the database server using:
2024-02-26T18:18:56.7802978Z  
2024-02-26T18:18:56.7803260Z      pg_ctl -D /var/lib/postgresql/data -l logfile start
2024-02-26T18:18:56.7803627Z  
2024-02-26T18:18:56.7804427Z  waiting for server to start....2024-02-26 18:13:43.371 UTC [47] LOG:  starting PostgreSQL 12.3 (Debian 12.3-1.pgdg100+1) on x86_64-pc-linux-gnu, compiled by gcc (Debian 8.3.0-6) 8.3.0, 64-bit
2024-02-26T18:18:56.7805554Z  2024-02-26 18:13:43.372 UTC [47] LOG:  listening on Unix socket "/var/run/postgresql/.s.PGSQL.5432"
2024-02-26T18:18:56.7806433Z  2024-02-26 18:13:43.383 UTC [48] LOG:  database system was shut down at 2024-02-26 18:13:43 UTC
2024-02-26T18:18:56.7807225Z  2024-02-26 18:13:43.388 UTC [47] LOG:  database system is ready to accept connections
2024-02-26T18:18:56.7807713Z   done
2024-02-26T18:18:56.7807927Z  server started
2024-02-26T18:18:56.7808154Z  
2024-02-26T18:18:56.7808548Z  /usr/local/bin/docker-entrypoint.sh: ignoring /docker-entrypoint-initdb.d/*
2024-02-26T18:18:56.7809039Z  
2024-02-26T18:18:56.7809485Z  2024-02-26 18:13:43.463 UTC [47] LOG:  received fast shutdown request
2024-02-26T18:18:56.7810205Z  waiting for server to shut down....2024-02-26 18:13:43.464 UTC [47] LOG:  aborting any active transactions
2024-02-26T18:18:56.7811114Z  2024-02-26 18:13:43.465 UTC [47] LOG:  background worker "logical replication launcher" (PID 54) exited with exit code 1
2024-02-26T18:18:56.7811812Z  2024-02-26 18:13:43.465 UTC [49] LOG:  shutting down
2024-02-26T18:18:56.7812290Z  2024-02-26 18:13:43.473 UTC [47] LOG:  database system is shut down
2024-02-26T18:18:56.7812711Z   done
2024-02-26T18:18:56.7812922Z  server stopped
2024-02-26T18:18:56.7813150Z  
2024-02-26T18:18:56.7813426Z  PostgreSQL init process complete; ready for start up.
2024-02-26T18:18:56.7813809Z  
2024-02-26T18:18:56.7819692Z Stop and remove container: 466179d448a54aba967f24d0dea22be1_postgres123_e3b396
2024-02-26T18:18:56.7825268Z ##[command]/usr/bin/docker rm --force 8d6426ad69b826a502dc64eca7793f5cf25248b940a62c54123787d7099c3d74
2024-02-26T18:18:57.0127733Z 8d6426ad69b826a502dc64eca7793f5cf25248b940a62c54123787d7099c3d74
2024-02-26T18:18:57.0152516Z Remove container network: github_network_0b00ea5570244e319a6063c3577be1ea
2024-02-26T18:18:57.0158447Z ##[command]/usr/bin/docker network rm github_network_0b00ea5570244e319a6063c3577be1ea
2024-02-26T18:18:57.2836708Z github_network_0b00ea5570244e319a6063c3577be1ea
2024-02-26T18:18:57.2997350Z Cleaning up orphan processes
