2024-02-26T18:08:27.7394125Z Requested labels: ubuntu-latest
2024-02-26T18:08:27.7394540Z Job defined at: rubyforgood/human-essentials/.github/workflows/rspec-system-events.yml@refs/pull/4133/merge
2024-02-26T18:08:27.7394703Z Waiting for a runner to pick up this job...
2024-02-26T18:14:23.4718638Z Job is waiting for a hosted runner to come online.
2024-02-26T18:14:29.4811969Z Job is about to start running on the hosted runner: GitHub Actions 17 (hosted)
2024-02-26T18:14:31.4585901Z Current runner version: '2.313.0'
2024-02-26T18:14:31.4610798Z ##[group]Operating System
2024-02-26T18:14:31.4611457Z Ubuntu
2024-02-26T18:14:31.4611808Z 22.04.4
2024-02-26T18:14:31.4612194Z LTS
2024-02-26T18:14:31.4612558Z ##[endgroup]
2024-02-26T18:14:31.4612932Z ##[group]Runner Image
2024-02-26T18:14:31.4613399Z Image: ubuntu-22.04
2024-02-26T18:14:31.4613817Z Version: 20240218.1.0
2024-02-26T18:14:31.4614807Z Included Software: https://github.com/actions/runner-images/blob/ubuntu22/20240218.1/images/ubuntu/Ubuntu2204-Readme.md
2024-02-26T18:14:31.4616317Z Image Release: https://github.com/actions/runner-images/releases/tag/ubuntu22%2F20240218.1
2024-02-26T18:14:31.4617137Z ##[endgroup]
2024-02-26T18:14:31.4617526Z ##[group]Runner Image Provisioner
2024-02-26T18:14:31.4618103Z 2.0.341.1
2024-02-26T18:14:31.4618408Z ##[endgroup]
2024-02-26T18:14:31.4620448Z ##[group]GITHUB_TOKEN Permissions
2024-02-26T18:14:31.4622107Z Actions: read
2024-02-26T18:14:31.4622527Z Checks: read
2024-02-26T18:14:31.4623182Z Contents: read
2024-02-26T18:14:31.4623663Z Deployments: read
2024-02-26T18:14:31.4624106Z Discussions: read
2024-02-26T18:14:31.4624454Z Issues: read
2024-02-26T18:14:31.4624834Z Metadata: read
2024-02-26T18:14:31.4625304Z Packages: read
2024-02-26T18:14:31.4625642Z Pages: read
2024-02-26T18:14:31.4626014Z PullRequests: read
2024-02-26T18:14:31.4626492Z RepositoryProjects: read
2024-02-26T18:14:31.4626906Z SecurityEvents: read
2024-02-26T18:14:31.4627315Z Statuses: read
2024-02-26T18:14:31.4627747Z ##[endgroup]
2024-02-26T18:14:31.4630851Z Secret source: Dependabot
2024-02-26T18:14:31.4631472Z Prepare workflow directory
2024-02-26T18:14:31.5497435Z Prepare all required actions
2024-02-26T18:14:31.5658646Z Getting action download info
2024-02-26T18:14:31.7477865Z Download action repository 'actions/checkout@v2' (SHA:ee0669bd1cc54295c223e0bb666b733df41de1c5)
2024-02-26T18:14:31.8761733Z Download action repository 'ruby/setup-ruby@v1' (SHA:d4526a55538b775af234ba4af27118ed6f8f6677)
2024-02-26T18:14:32.0865575Z Download action repository 'actions/upload-artifact@v2' (SHA:82c141cc518b40d92cc801eee768e7aafc9c2fa2)
2024-02-26T18:14:32.3174058Z Complete job name: rspec-system-events (6, 4)
2024-02-26T18:14:32.3818594Z ##[group]Checking docker version
2024-02-26T18:14:32.3832999Z ##[command]/usr/bin/docker version --format '{{.Server.APIVersion}}'
2024-02-26T18:14:32.4662766Z '1.43'
2024-02-26T18:14:32.4686986Z Docker daemon API version: '1.43'
2024-02-26T18:14:32.4688437Z ##[command]/usr/bin/docker version --format '{{.Client.APIVersion}}'
2024-02-26T18:14:32.4889360Z '1.43'
2024-02-26T18:14:32.4911172Z Docker client API version: '1.43'
2024-02-26T18:14:32.4915509Z ##[endgroup]
2024-02-26T18:14:32.4918801Z ##[group]Clean up resources from previous jobs
2024-02-26T18:14:32.4924539Z ##[command]/usr/bin/docker ps --all --quiet --no-trunc --filter "label=62504c"
2024-02-26T18:14:32.5102573Z ##[command]/usr/bin/docker network prune --force --filter "label=62504c"
2024-02-26T18:14:32.5265945Z ##[endgroup]
2024-02-26T18:14:32.5267402Z ##[group]Create local container network
2024-02-26T18:14:32.5280443Z ##[command]/usr/bin/docker network create --label 62504c github_network_c07e7ae356344de4910bf2e3fe4e6e42
2024-02-26T18:14:32.6224391Z 27dd352219d2dbe67e887304f9b44cbec3e065d2d484235e03e1056dbbe3df44
2024-02-26T18:14:32.6241518Z ##[endgroup]
2024-02-26T18:14:32.6318242Z ##[group]Starting db service container
2024-02-26T18:14:32.6335543Z ##[command]/usr/bin/docker pull postgres:12.3
2024-02-26T18:14:32.9186766Z 12.3: Pulling from library/postgres
2024-02-26T18:14:33.0004957Z bf5952930446: Pulling fs layer
2024-02-26T18:14:33.0005890Z 9577476abb00: Pulling fs layer
2024-02-26T18:14:33.0007084Z 2bd105512d5c: Pulling fs layer
2024-02-26T18:14:33.0008195Z b1cd21c26e81: Pulling fs layer
2024-02-26T18:14:33.0009920Z 34a7c86cf8fc: Pulling fs layer
2024-02-26T18:14:33.0010808Z 274e7b0c38d5: Pulling fs layer
2024-02-26T18:14:33.0011622Z 3e831b350d37: Pulling fs layer
2024-02-26T18:14:33.0012376Z 38fa0d496534: Pulling fs layer
2024-02-26T18:14:33.0013713Z 31a8349609a4: Pulling fs layer
2024-02-26T18:14:33.0014606Z 14e4c2a4b7b7: Pulling fs layer
2024-02-26T18:14:33.0015147Z 964acfa02beb: Pulling fs layer
2024-02-26T18:14:33.0015649Z 31b1f20dffc0: Pulling fs layer
2024-02-26T18:14:33.0016067Z 14771c2930e9: Pulling fs layer
2024-02-26T18:14:33.0016455Z 2f30edd0ce8a: Pulling fs layer
2024-02-26T18:14:33.0016935Z 38fa0d496534: Waiting
2024-02-26T18:14:33.0017275Z 31a8349609a4: Waiting
2024-02-26T18:14:33.0017599Z 3e831b350d37: Waiting
2024-02-26T18:14:33.0017977Z 274e7b0c38d5: Waiting
2024-02-26T18:14:33.0018306Z 14771c2930e9: Waiting
2024-02-26T18:14:33.0018651Z 2f30edd0ce8a: Waiting
2024-02-26T18:14:33.0019054Z b1cd21c26e81: Waiting
2024-02-26T18:14:33.0019392Z 34a7c86cf8fc: Waiting
2024-02-26T18:14:33.0019722Z 964acfa02beb: Waiting
2024-02-26T18:14:33.0020104Z 31b1f20dffc0: Waiting
2024-02-26T18:14:33.1412192Z 2bd105512d5c: Verifying Checksum
2024-02-26T18:14:33.1412994Z 2bd105512d5c: Download complete
2024-02-26T18:14:33.1634212Z 9577476abb00: Verifying Checksum
2024-02-26T18:14:33.1635261Z 9577476abb00: Download complete
2024-02-26T18:14:33.3144889Z 34a7c86cf8fc: Download complete
2024-02-26T18:14:33.3369363Z bf5952930446: Verifying Checksum
2024-02-26T18:14:33.3370546Z bf5952930446: Download complete
2024-02-26T18:14:33.4067671Z 274e7b0c38d5: Verifying Checksum
2024-02-26T18:14:33.4068569Z 274e7b0c38d5: Download complete
2024-02-26T18:14:33.4158635Z 3e831b350d37: Verifying Checksum
2024-02-26T18:14:33.4159689Z 3e831b350d37: Download complete
2024-02-26T18:14:33.4845921Z b1cd21c26e81: Download complete
2024-02-26T18:14:33.4879139Z 38fa0d496534: Verifying Checksum
2024-02-26T18:14:33.4879828Z 38fa0d496534: Download complete
2024-02-26T18:14:33.5657791Z 14e4c2a4b7b7: Verifying Checksum
2024-02-26T18:14:33.5661878Z 14e4c2a4b7b7: Download complete
2024-02-26T18:14:33.5765807Z 964acfa02beb: Verifying Checksum
2024-02-26T18:14:33.5766531Z 964acfa02beb: Download complete
2024-02-26T18:14:33.6552935Z 14771c2930e9: Verifying Checksum
2024-02-26T18:14:33.6553751Z 14771c2930e9: Download complete
2024-02-26T18:14:33.7375401Z 31b1f20dffc0: Verifying Checksum
2024-02-26T18:14:33.7376147Z 31b1f20dffc0: Download complete
2024-02-26T18:14:33.7537853Z 2f30edd0ce8a: Download complete
2024-02-26T18:14:34.2448135Z 31a8349609a4: Verifying Checksum
2024-02-26T18:14:34.2448924Z 31a8349609a4: Download complete
2024-02-26T18:14:34.5090523Z bf5952930446: Pull complete
2024-02-26T18:14:34.7233725Z 9577476abb00: Pull complete
2024-02-26T18:14:34.8205204Z 2bd105512d5c: Pull complete
2024-02-26T18:14:34.8702255Z b1cd21c26e81: Pull complete
2024-02-26T18:14:35.2212906Z 34a7c86cf8fc: Pull complete
2024-02-26T18:14:35.2623655Z 274e7b0c38d5: Pull complete
2024-02-26T18:14:35.2759967Z 3e831b350d37: Pull complete
2024-02-26T18:14:35.2895483Z 38fa0d496534: Pull complete
2024-02-26T18:14:37.5249523Z 31a8349609a4: Pull complete
2024-02-26T18:14:37.5422153Z 14e4c2a4b7b7: Pull complete
2024-02-26T18:14:37.5583918Z 964acfa02beb: Pull complete
2024-02-26T18:14:37.5735396Z 31b1f20dffc0: Pull complete
2024-02-26T18:14:37.5893732Z 14771c2930e9: Pull complete
2024-02-26T18:14:37.6016051Z 2f30edd0ce8a: Pull complete
2024-02-26T18:14:37.6072888Z Digest: sha256:a06e6e6e519b7a329c419f8221edec66cfc45511e8b80e262c12103ba745cf19
2024-02-26T18:14:37.6088210Z Status: Downloaded newer image for postgres:12.3
2024-02-26T18:14:37.6102916Z docker.io/library/postgres:12.3
2024-02-26T18:14:37.6206307Z ##[command]/usr/bin/docker create --name 38f98111810340f6b061dea2fa577665_postgres123_cac257 --label 62504c --network github_network_c07e7ae356344de4910bf2e3fe4e6e42 --network-alias db -p 5432:5432 --health-cmd pg_isready --health-interval 10s --health-timeout 5s --health-retries 5 -e "POSTGRES_PASSWORD=password" -e GITHUB_ACTIONS=true -e CI=true postgres:12.3
2024-02-26T18:14:37.6507037Z ea8c60cdda9b0fdfd46f9bfcadf792a9a08cda9bf20a2792fdb68626c85f9ccf
2024-02-26T18:14:37.6530666Z ##[command]/usr/bin/docker start ea8c60cdda9b0fdfd46f9bfcadf792a9a08cda9bf20a2792fdb68626c85f9ccf
2024-02-26T18:14:37.9260268Z ea8c60cdda9b0fdfd46f9bfcadf792a9a08cda9bf20a2792fdb68626c85f9ccf
2024-02-26T18:14:37.9280849Z ##[command]/usr/bin/docker ps --all --filter id=ea8c60cdda9b0fdfd46f9bfcadf792a9a08cda9bf20a2792fdb68626c85f9ccf --filter status=running --no-trunc --format "{{.ID}} {{.Status}}"
2024-02-26T18:14:37.9411599Z ea8c60cdda9b0fdfd46f9bfcadf792a9a08cda9bf20a2792fdb68626c85f9ccf Up Less than a second (health: starting)
2024-02-26T18:14:37.9439617Z ##[command]/usr/bin/docker port ea8c60cdda9b0fdfd46f9bfcadf792a9a08cda9bf20a2792fdb68626c85f9ccf
2024-02-26T18:14:37.9583961Z 5432/tcp -> 0.0.0.0:5432
2024-02-26T18:14:37.9584553Z 5432/tcp -> [::]:5432
2024-02-26T18:14:37.9664418Z ##[endgroup]
2024-02-26T18:14:37.9689680Z ##[group]Waiting for all services to be ready
2024-02-26T18:14:37.9727619Z ##[command]/usr/bin/docker inspect --format="{{if .Config.Healthcheck}}{{print .State.Health.Status}}{{end}}" ea8c60cdda9b0fdfd46f9bfcadf792a9a08cda9bf20a2792fdb68626c85f9ccf
2024-02-26T18:14:37.9868589Z starting
2024-02-26T18:14:37.9898242Z db service is starting, waiting 2 seconds before checking again.
2024-02-26T18:14:39.9869889Z ##[command]/usr/bin/docker inspect --format="{{if .Config.Healthcheck}}{{print .State.Health.Status}}{{end}}" ea8c60cdda9b0fdfd46f9bfcadf792a9a08cda9bf20a2792fdb68626c85f9ccf
2024-02-26T18:14:39.9991026Z starting
2024-02-26T18:14:40.0005520Z db service is starting, waiting 4 seconds before checking again.
2024-02-26T18:14:44.2144303Z ##[command]/usr/bin/docker inspect --format="{{if .Config.Healthcheck}}{{print .State.Health.Status}}{{end}}" ea8c60cdda9b0fdfd46f9bfcadf792a9a08cda9bf20a2792fdb68626c85f9ccf
2024-02-26T18:14:44.2268663Z starting
2024-02-26T18:14:44.2281789Z db service is starting, waiting 8 seconds before checking again.
2024-02-26T18:14:52.2288468Z ##[command]/usr/bin/docker inspect --format="{{if .Config.Healthcheck}}{{print .State.Health.Status}}{{end}}" ea8c60cdda9b0fdfd46f9bfcadf792a9a08cda9bf20a2792fdb68626c85f9ccf
2024-02-26T18:14:52.2414337Z healthy
2024-02-26T18:14:52.2430151Z db service is healthy.
2024-02-26T18:14:52.2430650Z ##[endgroup]
2024-02-26T18:14:52.2794887Z ##[group]Run actions/checkout@v2
2024-02-26T18:14:52.2795380Z with:
2024-02-26T18:14:52.2795704Z   repository: rubyforgood/human-essentials
2024-02-26T18:14:52.2796426Z   token: ***
2024-02-26T18:14:52.2796756Z   ssh-strict: true
2024-02-26T18:14:52.2797107Z   persist-credentials: true
2024-02-26T18:14:52.2797536Z   clean: true
2024-02-26T18:14:52.2797845Z   fetch-depth: 1
2024-02-26T18:14:52.2798156Z   lfs: false
2024-02-26T18:14:52.2798512Z   submodules: false
2024-02-26T18:14:52.2798879Z   set-safe-directory: true
2024-02-26T18:14:52.2799232Z ##[endgroup]
2024-02-26T18:14:52.4578409Z Syncing repository: rubyforgood/human-essentials
2024-02-26T18:14:52.4580165Z ##[group]Getting Git version info
2024-02-26T18:14:52.4581015Z Working directory is '/home/runner/work/human-essentials/human-essentials'
2024-02-26T18:14:52.4581950Z [command]/usr/bin/git version
2024-02-26T18:14:52.4607388Z git version 2.43.2
2024-02-26T18:14:52.4631097Z ##[endgroup]
2024-02-26T18:14:52.4645292Z Temporarily overriding HOME='/home/runner/work/_temp/6493a9d0-2a00-4948-8761-23543bb44d0d' before making global git config changes
2024-02-26T18:14:52.4646523Z Adding repository directory to the temporary git global config as a safe directory
2024-02-26T18:14:52.4651822Z [command]/usr/bin/git config --global --add safe.directory /home/runner/work/human-essentials/human-essentials
2024-02-26T18:14:52.4698103Z Deleting the contents of '/home/runner/work/human-essentials/human-essentials'
2024-02-26T18:14:52.4703596Z ##[group]Initializing the repository
2024-02-26T18:14:52.4707434Z [command]/usr/bin/git init /home/runner/work/human-essentials/human-essentials
2024-02-26T18:14:52.4777145Z hint: Using 'master' as the name for the initial branch. This default branch name
2024-02-26T18:14:52.4778165Z hint: is subject to change. To configure the initial branch name to use in all
2024-02-26T18:14:52.4778921Z hint: of your new repositories, which will suppress this warning, call:
2024-02-26T18:14:52.4779717Z hint: 
2024-02-26T18:14:52.4780279Z hint: 	git config --global init.defaultBranch <name>
2024-02-26T18:14:52.4780769Z hint: 
2024-02-26T18:14:52.4781289Z hint: Names commonly chosen instead of 'master' are 'main', 'trunk' and
2024-02-26T18:14:52.4782123Z hint: 'development'. The just-created branch can be renamed via this command:
2024-02-26T18:14:52.4782690Z hint: 
2024-02-26T18:14:52.4783026Z hint: 	git branch -m <name>
2024-02-26T18:14:52.4786731Z Initialized empty Git repository in /home/runner/work/human-essentials/human-essentials/.git/
2024-02-26T18:14:52.4795018Z [command]/usr/bin/git remote add origin https://github.com/rubyforgood/human-essentials
2024-02-26T18:14:52.4837645Z ##[endgroup]
2024-02-26T18:14:52.4838732Z ##[group]Disabling automatic garbage collection
2024-02-26T18:14:52.4842214Z [command]/usr/bin/git config --local gc.auto 0
2024-02-26T18:14:52.4881330Z ##[endgroup]
2024-02-26T18:14:52.4882345Z ##[group]Setting up auth
2024-02-26T18:14:52.4888946Z [command]/usr/bin/git config --local --name-only --get-regexp core\.sshCommand
2024-02-26T18:14:52.4930372Z [command]/usr/bin/git submodule foreach --recursive sh -c "git config --local --name-only --get-regexp 'core\.sshCommand' && git config --local --unset-all 'core.sshCommand' || :"
2024-02-26T18:14:52.5245573Z [command]/usr/bin/git config --local --name-only --get-regexp http\.https\:\/\/github\.com\/\.extraheader
2024-02-26T18:14:52.5284925Z [command]/usr/bin/git submodule foreach --recursive sh -c "git config --local --name-only --get-regexp 'http\.https\:\/\/github\.com\/\.extraheader' && git config --local --unset-all 'http.https://github.com/.extraheader' || :"
2024-02-26T18:14:52.5527954Z [command]/usr/bin/git config --local http.https://github.com/.extraheader AUTHORIZATION: basic ***
2024-02-26T18:14:52.5578304Z ##[endgroup]
2024-02-26T18:14:52.5579051Z ##[group]Fetching the repository
2024-02-26T18:14:52.5586548Z [command]/usr/bin/git -c protocol.version=2 fetch --no-tags --prune --progress --no-recurse-submodules --depth=1 origin +72b875602b6822e0116bcb4d0bdf237fc3bf473f:refs/remotes/pull/4133/merge
2024-02-26T18:14:52.7504504Z remote: Enumerating objects: 1741, done.        
2024-02-26T18:14:52.7505696Z remote: Counting objects:   0% (1/1741)        
2024-02-26T18:14:52.7508484Z remote: Counting objects:   1% (18/1741)        
2024-02-26T18:14:52.7509432Z remote: Counting objects:   2% (35/1741)        
2024-02-26T18:14:52.7510307Z remote: Counting objects:   3% (53/1741)        
2024-02-26T18:14:52.7511210Z remote: Counting objects:   4% (70/1741)        
2024-02-26T18:14:52.7512025Z remote: Counting objects:   5% (88/1741)        
2024-02-26T18:14:52.7512580Z remote: Counting objects:   6% (105/1741)        
2024-02-26T18:14:52.7513196Z remote: Counting objects:   7% (122/1741)        
2024-02-26T18:14:52.7513719Z remote: Counting objects:   8% (140/1741)        
2024-02-26T18:14:52.7514179Z remote: Counting objects:   9% (157/1741)        
2024-02-26T18:14:52.7514816Z remote: Counting objects:  10% (175/1741)        
2024-02-26T18:14:52.7515787Z remote: Counting objects:  11% (192/1741)        
2024-02-26T18:14:52.7516588Z remote: Counting objects:  12% (209/1741)        
2024-02-26T18:14:52.7517434Z remote: Counting objects:  13% (227/1741)        
2024-02-26T18:14:52.7518180Z remote: Counting objects:  14% (244/1741)        
2024-02-26T18:14:52.7518950Z remote: Counting objects:  15% (262/1741)        
2024-02-26T18:14:52.7519677Z remote: Counting objects:  16% (279/1741)        
2024-02-26T18:14:52.7520169Z remote: Counting objects:  17% (296/1741)        
2024-02-26T18:14:52.7520858Z remote: Counting objects:  18% (314/1741)        
2024-02-26T18:14:52.7521753Z remote: Counting objects:  19% (331/1741)        
2024-02-26T18:14:52.7522505Z remote: Counting objects:  20% (349/1741)        
2024-02-26T18:14:52.7523223Z remote: Counting objects:  21% (366/1741)        
2024-02-26T18:14:52.7523673Z remote: Counting objects:  22% (384/1741)        
2024-02-26T18:14:52.7524295Z remote: Counting objects:  23% (401/1741)        
2024-02-26T18:14:52.7525560Z remote: Counting objects:  24% (418/1741)        
2024-02-26T18:14:52.7526447Z remote: Counting objects:  25% (436/1741)        
2024-02-26T18:14:52.7527328Z remote: Counting objects:  26% (453/1741)        
2024-02-26T18:14:52.7527952Z remote: Counting objects:  27% (471/1741)        
2024-02-26T18:14:52.7528408Z remote: Counting objects:  28% (488/1741)        
2024-02-26T18:14:52.7528888Z remote: Counting objects:  29% (505/1741)        
2024-02-26T18:14:52.7529458Z remote: Counting objects:  30% (523/1741)        
2024-02-26T18:14:52.7529889Z remote: Counting objects:  31% (540/1741)        
2024-02-26T18:14:52.7530352Z remote: Counting objects:  32% (558/1741)        
2024-02-26T18:14:52.7530899Z remote: Counting objects:  33% (575/1741)        
2024-02-26T18:14:52.7531365Z remote: Counting objects:  34% (592/1741)        
2024-02-26T18:14:52.7531789Z remote: Counting objects:  35% (610/1741)        
2024-02-26T18:14:52.7532381Z remote: Counting objects:  36% (627/1741)        
2024-02-26T18:14:52.7532869Z remote: Counting objects:  37% (645/1741)        
2024-02-26T18:14:52.7533313Z remote: Counting objects:  38% (662/1741)        
2024-02-26T18:14:52.7533843Z remote: Counting objects:  39% (679/1741)        
2024-02-26T18:14:52.7534301Z remote: Counting objects:  40% (697/1741)        
2024-02-26T18:14:52.7534740Z remote: Counting objects:  41% (714/1741)        
2024-02-26T18:14:52.7535263Z remote: Counting objects:  42% (732/1741)        
2024-02-26T18:14:52.7535727Z remote: Counting objects:  43% (749/1741)        
2024-02-26T18:14:52.7536198Z remote: Counting objects:  44% (767/1741)        
2024-02-26T18:14:52.7536684Z remote: Counting objects:  45% (784/1741)        
2024-02-26T18:14:52.7537149Z remote: Counting objects:  46% (801/1741)        
2024-02-26T18:14:52.7537619Z remote: Counting objects:  47% (819/1741)        
2024-02-26T18:14:52.7538119Z remote: Counting objects:  48% (836/1741)        
2024-02-26T18:14:52.7538599Z remote: Counting objects:  49% (854/1741)        
2024-02-26T18:14:52.7539267Z remote: Counting objects:  50% (871/1741)        
2024-02-26T18:14:52.7539780Z remote: Counting objects:  51% (888/1741)        
2024-02-26T18:14:52.7540261Z remote: Counting objects:  52% (906/1741)        
2024-02-26T18:14:52.7540715Z remote: Counting objects:  53% (923/1741)        
2024-02-26T18:14:52.7541203Z remote: Counting objects:  54% (941/1741)        
2024-02-26T18:14:52.7541685Z remote: Counting objects:  55% (958/1741)        
2024-02-26T18:14:52.7542144Z remote: Counting objects:  56% (975/1741)        
2024-02-26T18:14:52.7542631Z remote: Counting objects:  57% (993/1741)        
2024-02-26T18:14:52.7543120Z remote: Counting objects:  58% (1010/1741)        
2024-02-26T18:14:52.7543632Z remote: Counting objects:  59% (1028/1741)        
2024-02-26T18:14:52.7544169Z remote: Counting objects:  60% (1045/1741)        
2024-02-26T18:14:52.7544657Z remote: Counting objects:  61% (1063/1741)        
2024-02-26T18:14:52.7545144Z remote: Counting objects:  62% (1080/1741)        
2024-02-26T18:14:52.7545681Z remote: Counting objects:  63% (1097/1741)        
2024-02-26T18:14:52.7546179Z remote: Counting objects:  64% (1115/1741)        
2024-02-26T18:14:52.7546659Z remote: Counting objects:  65% (1132/1741)        
2024-02-26T18:14:52.7547220Z remote: Counting objects:  66% (1150/1741)        
2024-02-26T18:14:52.7547661Z remote: Counting objects:  67% (1167/1741)        
2024-02-26T18:14:52.7548134Z remote: Counting objects:  68% (1184/1741)        
2024-02-26T18:14:52.7548688Z remote: Counting objects:  69% (1202/1741)        
2024-02-26T18:14:52.7549156Z remote: Counting objects:  70% (1219/1741)        
2024-02-26T18:14:52.7549621Z remote: Counting objects:  71% (1237/1741)        
2024-02-26T18:14:52.7550179Z remote: Counting objects:  72% (1254/1741)        
2024-02-26T18:14:52.7550653Z remote: Counting objects:  73% (1271/1741)        
2024-02-26T18:14:52.7551104Z remote: Counting objects:  74% (1289/1741)        
2024-02-26T18:14:52.7551901Z remote: Counting objects:  75% (1306/1741)        
2024-02-26T18:14:52.7553103Z remote: Counting objects:  76% (1324/1741)        
2024-02-26T18:14:52.7553600Z remote: Counting objects:  77% (1341/1741)        
2024-02-26T18:14:52.7554220Z remote: Counting objects:  78% (1358/1741)        
2024-02-26T18:14:52.7554732Z remote: Counting objects:  79% (1376/1741)        
2024-02-26T18:14:52.7555468Z remote: Counting objects:  80% (1393/1741)        
2024-02-26T18:14:52.7556217Z remote: Counting objects:  81% (1411/1741)        
2024-02-26T18:14:52.7556740Z remote: Counting objects:  82% (1428/1741)        
2024-02-26T18:14:52.7557186Z remote: Counting objects:  83% (1446/1741)        
2024-02-26T18:14:52.7557753Z remote: Counting objects:  84% (1463/1741)        
2024-02-26T18:14:52.7558247Z remote: Counting objects:  85% (1480/1741)        
2024-02-26T18:14:52.7558682Z remote: Counting objects:  86% (1498/1741)        
2024-02-26T18:14:52.7559223Z remote: Counting objects:  87% (1515/1741)        
2024-02-26T18:14:52.7559724Z remote: Counting objects:  88% (1533/1741)        
2024-02-26T18:14:52.7560282Z remote: Counting objects:  89% (1550/1741)        
2024-02-26T18:14:52.7560732Z remote: Counting objects:  90% (1567/1741)        
2024-02-26T18:14:52.7561231Z remote: Counting objects:  91% (1585/1741)        
2024-02-26T18:14:52.7561770Z remote: Counting objects:  92% (1602/1741)        
2024-02-26T18:14:52.7562234Z remote: Counting objects:  93% (1620/1741)        
2024-02-26T18:14:52.7562722Z remote: Counting objects:  94% (1637/1741)        
2024-02-26T18:14:52.7563254Z remote: Counting objects:  95% (1654/1741)        
2024-02-26T18:14:52.7563723Z remote: Counting objects:  96% (1672/1741)        
2024-02-26T18:14:52.7564239Z remote: Counting objects:  97% (1689/1741)        
2024-02-26T18:14:52.7565213Z remote: Counting objects:  98% (1707/1741)        
2024-02-26T18:14:52.7565715Z remote: Counting objects:  99% (1724/1741)        
2024-02-26T18:14:52.7566192Z remote: Counting objects: 100% (1741/1741)        
2024-02-26T18:14:52.7567243Z remote: Counting objects: 100% (1741/1741), done.        
2024-02-26T18:14:52.7567810Z remote: Compressing objects:   0% (1/1555)        
2024-02-26T18:14:52.7568318Z remote: Compressing objects:   1% (16/1555)        
2024-02-26T18:14:52.7568920Z remote: Compressing objects:   2% (32/1555)        
2024-02-26T18:14:52.7569434Z remote: Compressing objects:   3% (47/1555)        
2024-02-26T18:14:52.7569900Z remote: Compressing objects:   4% (63/1555)        
2024-02-26T18:14:52.7570471Z remote: Compressing objects:   5% (78/1555)        
2024-02-26T18:14:52.7570972Z remote: Compressing objects:   6% (94/1555)        
2024-02-26T18:14:52.7577765Z remote: Compressing objects:   7% (109/1555)        
2024-02-26T18:14:52.7589947Z remote: Compressing objects:   8% (125/1555)        
2024-02-26T18:14:52.7685642Z remote: Compressing objects:   9% (140/1555)        
2024-02-26T18:14:52.7690584Z remote: Compressing objects:  10% (156/1555)        
2024-02-26T18:14:52.7691237Z remote: Compressing objects:  11% (172/1555)        
2024-02-26T18:14:52.7695009Z remote: Compressing objects:  12% (187/1555)        
2024-02-26T18:14:52.7732293Z remote: Compressing objects:  13% (203/1555)        
2024-02-26T18:14:52.7739246Z remote: Compressing objects:  14% (218/1555)        
2024-02-26T18:14:52.7745318Z remote: Compressing objects:  15% (234/1555)        
2024-02-26T18:14:52.7745930Z remote: Compressing objects:  16% (249/1555)        
2024-02-26T18:14:52.7750120Z remote: Compressing objects:  17% (265/1555)        
2024-02-26T18:14:52.7757786Z remote: Compressing objects:  18% (280/1555)        
2024-02-26T18:14:52.7783095Z remote: Compressing objects:  19% (296/1555)        
2024-02-26T18:14:52.7801499Z remote: Compressing objects:  20% (311/1555)        
2024-02-26T18:14:52.7857168Z remote: Compressing objects:  21% (327/1555)        
2024-02-26T18:14:52.7871308Z remote: Compressing objects:  22% (343/1555)        
2024-02-26T18:14:52.7880169Z remote: Compressing objects:  23% (358/1555)        
2024-02-26T18:14:52.7904248Z remote: Compressing objects:  24% (374/1555)        
2024-02-26T18:14:52.7906046Z remote: Compressing objects:  25% (389/1555)        
2024-02-26T18:14:52.7910086Z remote: Compressing objects:  26% (405/1555)        
2024-02-26T18:14:52.7923731Z remote: Compressing objects:  27% (420/1555)        
2024-02-26T18:14:52.7938078Z remote: Compressing objects:  28% (436/1555)        
2024-02-26T18:14:52.7944934Z remote: Compressing objects:  29% (451/1555)        
2024-02-26T18:14:52.7955684Z remote: Compressing objects:  30% (467/1555)        
2024-02-26T18:14:52.7977031Z remote: Compressing objects:  31% (483/1555)        
2024-02-26T18:14:52.7986487Z remote: Compressing objects:  32% (498/1555)        
2024-02-26T18:14:52.7992658Z remote: Compressing objects:  33% (514/1555)        
2024-02-26T18:14:52.8004218Z remote: Compressing objects:  34% (529/1555)        
2024-02-26T18:14:52.8006324Z remote: Compressing objects:  35% (545/1555)        
2024-02-26T18:14:52.8011548Z remote: Compressing objects:  36% (560/1555)        
2024-02-26T18:14:52.8020443Z remote: Compressing objects:  37% (576/1555)        
2024-02-26T18:14:52.8025510Z remote: Compressing objects:  38% (591/1555)        
2024-02-26T18:14:52.8026257Z remote: Compressing objects:  39% (607/1555)        
2024-02-26T18:14:52.8031526Z remote: Compressing objects:  40% (622/1555)        
2024-02-26T18:14:52.8032277Z remote: Compressing objects:  41% (638/1555)        
2024-02-26T18:14:52.8038257Z remote: Compressing objects:  42% (654/1555)        
2024-02-26T18:14:52.8039110Z remote: Compressing objects:  43% (669/1555)        
2024-02-26T18:14:52.8044014Z remote: Compressing objects:  44% (685/1555)        
2024-02-26T18:14:52.8050104Z remote: Compressing objects:  45% (700/1555)        
2024-02-26T18:14:52.8058291Z remote: Compressing objects:  46% (716/1555)        
2024-02-26T18:14:52.8059160Z remote: Compressing objects:  47% (731/1555)        
2024-02-26T18:14:52.8059724Z remote: Compressing objects:  48% (747/1555)        
2024-02-26T18:14:52.8062115Z remote: Compressing objects:  49% (762/1555)        
2024-02-26T18:14:52.8071759Z remote: Compressing objects:  50% (778/1555)        
2024-02-26T18:14:52.8072777Z remote: Compressing objects:  51% (794/1555)        
2024-02-26T18:14:52.8073509Z remote: Compressing objects:  52% (809/1555)        
2024-02-26T18:14:52.8076065Z remote: Compressing objects:  53% (825/1555)        
2024-02-26T18:14:52.8083184Z remote: Compressing objects:  54% (840/1555)        
2024-02-26T18:14:52.8091242Z remote: Compressing objects:  55% (856/1555)        
2024-02-26T18:14:52.8134133Z remote: Compressing objects:  56% (871/1555)        
2024-02-26T18:14:52.8163999Z remote: Compressing objects:  57% (887/1555)        
2024-02-26T18:14:52.8179526Z remote: Compressing objects:  58% (902/1555)        
2024-02-26T18:14:52.8182985Z remote: Compressing objects:  59% (918/1555)        
2024-02-26T18:14:52.8184058Z remote: Compressing objects:  60% (933/1555)        
2024-02-26T18:14:52.8186729Z remote: Compressing objects:  61% (949/1555)        
2024-02-26T18:14:52.8191601Z remote: Compressing objects:  62% (965/1555)        
2024-02-26T18:14:52.8204675Z remote: Compressing objects:  63% (980/1555)        
2024-02-26T18:14:52.8217892Z remote: Compressing objects:  64% (996/1555)        
2024-02-26T18:14:52.8218692Z remote: Compressing objects:  65% (1011/1555)        
2024-02-26T18:14:52.8222274Z remote: Compressing objects:  66% (1027/1555)        
2024-02-26T18:14:52.8234057Z remote: Compressing objects:  67% (1042/1555)        
2024-02-26T18:14:52.8238159Z remote: Compressing objects:  68% (1058/1555)        
2024-02-26T18:14:52.8240550Z remote: Compressing objects:  69% (1073/1555)        
2024-02-26T18:14:52.8244246Z remote: Compressing objects:  70% (1089/1555)        
2024-02-26T18:14:52.8260011Z remote: Compressing objects:  71% (1105/1555)        
2024-02-26T18:14:52.8267602Z remote: Compressing objects:  72% (1120/1555)        
2024-02-26T18:14:52.8280984Z remote: Compressing objects:  73% (1136/1555)        
2024-02-26T18:14:52.8284883Z remote: Compressing objects:  74% (1151/1555)        
2024-02-26T18:14:52.8296202Z remote: Compressing objects:  75% (1167/1555)        
2024-02-26T18:14:52.8380476Z remote: Compressing objects:  76% (1182/1555)        
2024-02-26T18:14:52.8387507Z remote: Compressing objects:  77% (1198/1555)        
2024-02-26T18:14:52.8402122Z remote: Compressing objects:  78% (1213/1555)        
2024-02-26T18:14:52.8424536Z remote: Compressing objects:  79% (1229/1555)        
2024-02-26T18:14:52.8463028Z remote: Compressing objects:  80% (1244/1555)        
2024-02-26T18:14:52.8508958Z remote: Compressing objects:  81% (1260/1555)        
2024-02-26T18:14:52.8531309Z remote: Compressing objects:  82% (1276/1555)        
2024-02-26T18:14:52.8560014Z remote: Compressing objects:  83% (1291/1555)        
2024-02-26T18:14:52.8574698Z remote: Compressing objects:  84% (1307/1555)        
2024-02-26T18:14:52.8635057Z remote: Compressing objects:  85% (1322/1555)        
2024-02-26T18:14:52.8666797Z remote: Compressing objects:  86% (1338/1555)        
2024-02-26T18:14:52.8705491Z remote: Compressing objects:  87% (1353/1555)        
2024-02-26T18:14:52.8706590Z remote: Compressing objects:  88% (1369/1555)        
2024-02-26T18:14:52.8707375Z remote: Compressing objects:  89% (1384/1555)        
2024-02-26T18:14:52.8710448Z remote: Compressing objects:  90% (1400/1555)        
2024-02-26T18:14:52.8712886Z remote: Compressing objects:  91% (1416/1555)        
2024-02-26T18:14:52.8715183Z remote: Compressing objects:  92% (1431/1555)        
2024-02-26T18:14:52.8728236Z remote: Compressing objects:  93% (1447/1555)        
2024-02-26T18:14:52.8729776Z remote: Compressing objects:  94% (1462/1555)        
2024-02-26T18:14:52.8730367Z remote: Compressing objects:  95% (1478/1555)        
2024-02-26T18:14:52.8738159Z remote: Compressing objects:  96% (1493/1555)        
2024-02-26T18:14:52.8739197Z remote: Compressing objects:  97% (1509/1555)        
2024-02-26T18:14:52.8739702Z remote: Compressing objects:  98% (1524/1555)        
2024-02-26T18:14:52.8740406Z remote: Compressing objects:  99% (1540/1555)        
2024-02-26T18:14:52.8741047Z remote: Compressing objects: 100% (1555/1555)        
2024-02-26T18:14:52.8741556Z remote: Compressing objects: 100% (1555/1555), done.        
2024-02-26T18:14:52.8773556Z Receiving objects:   0% (1/1741)
2024-02-26T18:14:52.8776870Z Receiving objects:   1% (18/1741)
2024-02-26T18:14:52.8808187Z Receiving objects:   2% (35/1741)
2024-02-26T18:14:52.9261004Z Receiving objects:   3% (53/1741)
2024-02-26T18:14:53.0147560Z Receiving objects:   4% (70/1741)
2024-02-26T18:14:53.0155162Z Receiving objects:   5% (88/1741)
2024-02-26T18:14:53.0155878Z Receiving objects:   6% (105/1741)
2024-02-26T18:14:53.0158948Z Receiving objects:   7% (122/1741)
2024-02-26T18:14:53.0163949Z Receiving objects:   8% (140/1741)
2024-02-26T18:14:53.0168572Z Receiving objects:   9% (157/1741)
2024-02-26T18:14:53.0172718Z Receiving objects:  10% (175/1741)
2024-02-26T18:14:53.0175834Z Receiving objects:  11% (192/1741)
2024-02-26T18:14:53.0179477Z Receiving objects:  12% (209/1741)
2024-02-26T18:14:53.0189702Z Receiving objects:  13% (227/1741)
2024-02-26T18:14:53.0193791Z Receiving objects:  14% (244/1741)
2024-02-26T18:14:53.0196991Z Receiving objects:  15% (262/1741)
2024-02-26T18:14:53.0201045Z Receiving objects:  16% (279/1741)
2024-02-26T18:14:53.0208209Z Receiving objects:  17% (296/1741)
2024-02-26T18:14:53.0213881Z Receiving objects:  18% (314/1741)
2024-02-26T18:14:53.0217493Z Receiving objects:  19% (331/1741)
2024-02-26T18:14:53.0221259Z Receiving objects:  20% (349/1741)
2024-02-26T18:14:53.0225732Z Receiving objects:  21% (366/1741)
2024-02-26T18:14:53.0228860Z Receiving objects:  22% (384/1741)
2024-02-26T18:14:53.0232748Z Receiving objects:  23% (401/1741)
2024-02-26T18:14:53.0235988Z Receiving objects:  24% (418/1741)
2024-02-26T18:14:53.0239881Z Receiving objects:  25% (436/1741)
2024-02-26T18:14:53.0241114Z Receiving objects:  26% (453/1741)
2024-02-26T18:14:53.0244922Z Receiving objects:  27% (471/1741)
2024-02-26T18:14:53.0247015Z Receiving objects:  28% (488/1741)
2024-02-26T18:14:53.0249216Z Receiving objects:  29% (505/1741)
2024-02-26T18:14:53.0252748Z Receiving objects:  30% (523/1741)
2024-02-26T18:14:53.0257530Z Receiving objects:  31% (540/1741)
2024-02-26T18:14:53.0258516Z Receiving objects:  32% (558/1741)
2024-02-26T18:14:53.0261998Z Receiving objects:  33% (575/1741)
2024-02-26T18:14:53.0265038Z Receiving objects:  34% (592/1741)
2024-02-26T18:14:53.0265942Z Receiving objects:  35% (610/1741)
2024-02-26T18:14:53.0270777Z Receiving objects:  36% (627/1741)
2024-02-26T18:14:53.0271882Z Receiving objects:  37% (645/1741)
2024-02-26T18:14:53.0273214Z Receiving objects:  38% (662/1741)
2024-02-26T18:14:53.0278607Z Receiving objects:  39% (679/1741)
2024-02-26T18:14:53.0281472Z Receiving objects:  40% (697/1741)
2024-02-26T18:14:53.0283983Z Receiving objects:  41% (714/1741)
2024-02-26T18:14:53.0286979Z Receiving objects:  42% (732/1741)
2024-02-26T18:14:53.0290687Z Receiving objects:  43% (749/1741)
2024-02-26T18:14:53.0295043Z Receiving objects:  44% (767/1741)
2024-02-26T18:14:53.0297085Z Receiving objects:  45% (784/1741)
2024-02-26T18:14:53.0298470Z Receiving objects:  46% (801/1741)
2024-02-26T18:14:53.0301556Z Receiving objects:  47% (819/1741)
2024-02-26T18:14:53.0304823Z Receiving objects:  48% (836/1741)
2024-02-26T18:14:53.0306361Z Receiving objects:  49% (854/1741)
2024-02-26T18:14:53.0315929Z Receiving objects:  50% (871/1741)
2024-02-26T18:14:53.0316926Z Receiving objects:  51% (888/1741)
2024-02-26T18:14:53.0324077Z Receiving objects:  52% (906/1741)
2024-02-26T18:14:53.0324777Z Receiving objects:  53% (923/1741)
2024-02-26T18:14:53.0325592Z Receiving objects:  54% (941/1741)
2024-02-26T18:14:53.0331134Z Receiving objects:  55% (958/1741)
2024-02-26T18:14:53.0335917Z Receiving objects:  56% (975/1741)
2024-02-26T18:14:53.0336822Z Receiving objects:  57% (993/1741)
2024-02-26T18:14:53.0338571Z Receiving objects:  58% (1010/1741)
2024-02-26T18:14:53.0340832Z Receiving objects:  59% (1028/1741)
2024-02-26T18:14:53.0343096Z Receiving objects:  60% (1045/1741)
2024-02-26T18:14:53.0344316Z Receiving objects:  61% (1063/1741)
2024-02-26T18:14:53.0345651Z Receiving objects:  62% (1080/1741)
2024-02-26T18:14:53.0347203Z Receiving objects:  63% (1097/1741)
2024-02-26T18:14:53.0348508Z Receiving objects:  64% (1115/1741)
2024-02-26T18:14:53.0350675Z Receiving objects:  65% (1132/1741)
2024-02-26T18:14:53.0352818Z Receiving objects:  66% (1150/1741)
2024-02-26T18:14:53.0354233Z Receiving objects:  67% (1167/1741)
2024-02-26T18:14:53.0355944Z Receiving objects:  68% (1184/1741)
2024-02-26T18:14:53.0358330Z Receiving objects:  69% (1202/1741)
2024-02-26T18:14:53.0359974Z Receiving objects:  70% (1219/1741)
2024-02-26T18:14:53.0366950Z Receiving objects:  71% (1237/1741)
2024-02-26T18:14:53.0379357Z Receiving objects:  72% (1254/1741)
2024-02-26T18:14:53.0381897Z Receiving objects:  73% (1271/1741)
2024-02-26T18:14:53.0383824Z Receiving objects:  74% (1289/1741)
2024-02-26T18:14:53.0590862Z Receiving objects:  75% (1306/1741)
2024-02-26T18:14:53.0778599Z Receiving objects:  76% (1324/1741)
2024-02-26T18:14:53.0906979Z Receiving objects:  77% (1341/1741)
2024-02-26T18:14:53.1079551Z Receiving objects:  78% (1358/1741)
2024-02-26T18:14:53.1237921Z Receiving objects:  79% (1376/1741)
2024-02-26T18:14:53.1443410Z Receiving objects:  80% (1393/1741)
2024-02-26T18:14:53.1448278Z Receiving objects:  81% (1411/1741)
2024-02-26T18:14:53.1451357Z Receiving objects:  82% (1428/1741)
2024-02-26T18:14:53.1453621Z Receiving objects:  83% (1446/1741)
2024-02-26T18:14:53.1458422Z Receiving objects:  84% (1463/1741)
2024-02-26T18:14:53.1462793Z Receiving objects:  85% (1480/1741)
2024-02-26T18:14:53.1469123Z Receiving objects:  86% (1498/1741)
2024-02-26T18:14:53.1476103Z Receiving objects:  87% (1515/1741)
2024-02-26T18:14:53.1479746Z Receiving objects:  88% (1533/1741)
2024-02-26T18:14:53.1485520Z Receiving objects:  89% (1550/1741)
2024-02-26T18:14:53.1491068Z Receiving objects:  90% (1567/1741)
2024-02-26T18:14:53.1496910Z Receiving objects:  91% (1585/1741)
2024-02-26T18:14:53.1502029Z Receiving objects:  92% (1602/1741)
2024-02-26T18:14:53.1506304Z Receiving objects:  93% (1620/1741)
2024-02-26T18:14:53.1510130Z Receiving objects:  94% (1637/1741)
2024-02-26T18:14:53.1513986Z Receiving objects:  95% (1654/1741)
2024-02-26T18:14:53.1516612Z Receiving objects:  96% (1672/1741)
2024-02-26T18:14:53.1524790Z Receiving objects:  97% (1689/1741)
2024-02-26T18:14:53.1532744Z Receiving objects:  98% (1707/1741)
2024-02-26T18:14:53.1547055Z Receiving objects:  99% (1724/1741)
2024-02-26T18:14:53.1548458Z remote: Total 1741 (delta 280), reused 956 (delta 147), pack-reused 0        
2024-02-26T18:14:53.1555548Z Receiving objects: 100% (1741/1741)
2024-02-26T18:14:53.1556416Z Receiving objects: 100% (1741/1741), 6.59 MiB | 23.69 MiB/s, done.
2024-02-26T18:14:53.1562724Z Resolving deltas:   0% (0/280)
2024-02-26T18:14:53.1563725Z Resolving deltas:   1% (3/280)
2024-02-26T18:14:53.1566182Z Resolving deltas:   2% (6/280)
2024-02-26T18:14:53.1567611Z Resolving deltas:   3% (9/280)
2024-02-26T18:14:53.1568225Z Resolving deltas:   4% (12/280)
2024-02-26T18:14:53.1568854Z Resolving deltas:   5% (14/280)
2024-02-26T18:14:53.1571030Z Resolving deltas:   6% (17/280)
2024-02-26T18:14:53.1571695Z Resolving deltas:   7% (20/280)
2024-02-26T18:14:53.1580265Z Resolving deltas:   8% (23/280)
2024-02-26T18:14:53.1581451Z Resolving deltas:   9% (26/280)
2024-02-26T18:14:53.1582068Z Resolving deltas:  10% (28/280)
2024-02-26T18:14:53.1582650Z Resolving deltas:  11% (31/280)
2024-02-26T18:14:53.1583351Z Resolving deltas:  12% (34/280)
2024-02-26T18:14:53.1583979Z Resolving deltas:  13% (37/280)
2024-02-26T18:14:53.1584557Z Resolving deltas:  14% (40/280)
2024-02-26T18:14:53.1585256Z Resolving deltas:  15% (42/280)
2024-02-26T18:14:53.1585852Z Resolving deltas:  16% (45/280)
2024-02-26T18:14:53.1586447Z Resolving deltas:  17% (48/280)
2024-02-26T18:14:53.1587176Z Resolving deltas:  18% (51/280)
2024-02-26T18:14:53.1610295Z Resolving deltas:  19% (54/280)
2024-02-26T18:14:53.1611289Z Resolving deltas:  20% (56/280)
2024-02-26T18:14:53.1612073Z Resolving deltas:  21% (59/280)
2024-02-26T18:14:53.1612565Z Resolving deltas:  22% (62/280)
2024-02-26T18:14:53.1613078Z Resolving deltas:  23% (65/280)
2024-02-26T18:14:53.1613524Z Resolving deltas:  24% (68/280)
2024-02-26T18:14:53.1613933Z Resolving deltas:  25% (70/280)
2024-02-26T18:14:53.1614312Z Resolving deltas:  26% (73/280)
2024-02-26T18:14:53.1614739Z Resolving deltas:  27% (76/280)
2024-02-26T18:14:53.1615130Z Resolving deltas:  28% (79/280)
2024-02-26T18:14:53.1615499Z Resolving deltas:  29% (82/280)
2024-02-26T18:14:53.1616049Z Resolving deltas:  30% (84/280)
2024-02-26T18:14:53.1616450Z Resolving deltas:  31% (87/280)
2024-02-26T18:14:53.1616817Z Resolving deltas:  32% (90/280)
2024-02-26T18:14:53.1617224Z Resolving deltas:  33% (93/280)
2024-02-26T18:14:53.1617609Z Resolving deltas:  34% (96/280)
2024-02-26T18:14:53.1617978Z Resolving deltas:  35% (98/280)
2024-02-26T18:14:53.1618544Z Resolving deltas:  36% (101/280)
2024-02-26T18:14:53.1619239Z Resolving deltas:  37% (104/280)
2024-02-26T18:14:53.1619927Z Resolving deltas:  38% (107/280)
2024-02-26T18:14:53.1620702Z Resolving deltas:  39% (110/280)
2024-02-26T18:14:53.1621863Z Resolving deltas:  40% (112/280)
2024-02-26T18:14:53.1622513Z Resolving deltas:  41% (115/280)
2024-02-26T18:14:53.1623435Z Resolving deltas:  42% (118/280)
2024-02-26T18:14:53.1624043Z Resolving deltas:  43% (121/280)
2024-02-26T18:14:53.1624698Z Resolving deltas:  44% (124/280)
2024-02-26T18:14:53.1625488Z Resolving deltas:  45% (126/280)
2024-02-26T18:14:53.1626086Z Resolving deltas:  46% (129/280)
2024-02-26T18:14:53.1626774Z Resolving deltas:  47% (132/280)
2024-02-26T18:14:53.1627575Z Resolving deltas:  48% (135/280)
2024-02-26T18:14:53.1628173Z Resolving deltas:  49% (138/280)
2024-02-26T18:14:53.1628877Z Resolving deltas:  50% (140/280)
2024-02-26T18:14:53.1629640Z Resolving deltas:  51% (143/280)
2024-02-26T18:14:53.1631224Z Resolving deltas:  52% (146/280)
2024-02-26T18:14:53.1632592Z Resolving deltas:  53% (149/280)
2024-02-26T18:14:53.1633704Z Resolving deltas:  54% (152/280)
2024-02-26T18:14:53.1634699Z Resolving deltas:  55% (154/280)
2024-02-26T18:14:53.1635766Z Resolving deltas:  56% (157/280)
2024-02-26T18:14:53.1636487Z Resolving deltas:  57% (160/280)
2024-02-26T18:14:53.1637143Z Resolving deltas:  58% (163/280)
2024-02-26T18:14:53.1639181Z Resolving deltas:  59% (166/280)
2024-02-26T18:14:53.1639871Z Resolving deltas:  60% (168/280)
2024-02-26T18:14:53.1640497Z Resolving deltas:  61% (171/280)
2024-02-26T18:14:53.1641546Z Resolving deltas:  62% (174/280)
2024-02-26T18:14:53.1642360Z Resolving deltas:  63% (177/280)
2024-02-26T18:14:53.1643025Z Resolving deltas:  64% (180/280)
2024-02-26T18:14:53.1643880Z Resolving deltas:  65% (182/280)
2024-02-26T18:14:53.1644580Z Resolving deltas:  66% (185/280)
2024-02-26T18:14:53.1645270Z Resolving deltas:  67% (188/280)
2024-02-26T18:14:53.1646003Z Resolving deltas:  68% (191/280)
2024-02-26T18:14:53.1646632Z Resolving deltas:  69% (194/280)
2024-02-26T18:14:53.1648313Z Resolving deltas:  70% (196/280)
2024-02-26T18:14:53.1649888Z Resolving deltas:  71% (199/280)
2024-02-26T18:14:53.1651252Z Resolving deltas:  72% (202/280)
2024-02-26T18:14:53.1652281Z Resolving deltas:  73% (205/280)
2024-02-26T18:14:53.1654766Z Resolving deltas:  74% (208/280)
2024-02-26T18:14:53.1655445Z Resolving deltas:  75% (210/280)
2024-02-26T18:14:53.1656063Z Resolving deltas:  76% (213/280)
2024-02-26T18:14:53.1656791Z Resolving deltas:  77% (216/280)
2024-02-26T18:14:53.1657387Z Resolving deltas:  78% (219/280)
2024-02-26T18:14:53.1657989Z Resolving deltas:  79% (222/280)
2024-02-26T18:14:53.1659789Z Resolving deltas:  80% (224/280)
2024-02-26T18:14:53.1661661Z Resolving deltas:  81% (227/280)
2024-02-26T18:14:53.1663236Z Resolving deltas:  82% (230/280)
2024-02-26T18:14:53.1665234Z Resolving deltas:  83% (233/280)
2024-02-26T18:14:53.1667139Z Resolving deltas:  84% (236/280)
2024-02-26T18:14:53.1668023Z Resolving deltas:  85% (238/280)
2024-02-26T18:14:53.1669232Z Resolving deltas:  86% (241/280)
2024-02-26T18:14:53.1670106Z Resolving deltas:  87% (244/280)
2024-02-26T18:14:53.1674645Z Resolving deltas:  88% (247/280)
2024-02-26T18:14:53.1675637Z Resolving deltas:  89% (250/280)
2024-02-26T18:14:53.1676565Z Resolving deltas:  90% (252/280)
2024-02-26T18:14:53.1678360Z Resolving deltas:  91% (255/280)
2024-02-26T18:14:53.1679182Z Resolving deltas:  92% (258/280)
2024-02-26T18:14:53.1681843Z Resolving deltas:  93% (261/280)
2024-02-26T18:14:53.1683238Z Resolving deltas:  94% (264/280)
2024-02-26T18:14:53.1685869Z Resolving deltas:  95% (266/280)
2024-02-26T18:14:53.1686517Z Resolving deltas:  96% (269/280)
2024-02-26T18:14:53.1688303Z Resolving deltas:  97% (272/280)
2024-02-26T18:14:53.1690926Z Resolving deltas:  98% (275/280)
2024-02-26T18:14:53.1692413Z Resolving deltas:  99% (278/280)
2024-02-26T18:14:53.1694058Z Resolving deltas: 100% (280/280)
2024-02-26T18:14:53.1694868Z Resolving deltas: 100% (280/280), done.
2024-02-26T18:14:53.1892768Z From https://github.com/rubyforgood/human-essentials
2024-02-26T18:14:53.1894172Z  * [new ref]         72b875602b6822e0116bcb4d0bdf237fc3bf473f -> pull/4133/merge
2024-02-26T18:14:53.1927889Z ##[endgroup]
2024-02-26T18:14:53.1928886Z ##[group]Determining the checkout info
2024-02-26T18:14:53.1930754Z ##[endgroup]
2024-02-26T18:14:53.1931701Z ##[group]Checking out the ref
2024-02-26T18:14:53.1936896Z [command]/usr/bin/git checkout --progress --force refs/remotes/pull/4133/merge
2024-02-26T18:14:53.3266493Z Note: switching to 'refs/remotes/pull/4133/merge'.
2024-02-26T18:14:53.3267214Z 
2024-02-26T18:14:53.3267891Z You are in 'detached HEAD' state. You can look around, make experimental
2024-02-26T18:14:53.3269094Z changes and commit them, and you can discard any commits you make in this
2024-02-26T18:14:53.3270972Z state without impacting any branches by switching back to a branch.
2024-02-26T18:14:53.3271695Z 
2024-02-26T18:14:53.3272191Z If you want to create a new branch to retain commits you create, you may
2024-02-26T18:14:53.3274000Z do so (now or later) by using -c with the switch command. Example:
2024-02-26T18:14:53.3274437Z 
2024-02-26T18:14:53.3274636Z   git switch -c <new-branch-name>
2024-02-26T18:14:53.3274895Z 
2024-02-26T18:14:53.3275071Z Or undo this operation with:
2024-02-26T18:14:53.3275412Z 
2024-02-26T18:14:53.3275536Z   git switch -
2024-02-26T18:14:53.3275743Z 
2024-02-26T18:14:53.3276048Z Turn off this advice by setting config variable advice.detachedHead to false
2024-02-26T18:14:53.3276478Z 
2024-02-26T18:14:53.3276968Z HEAD is now at 72b8756 Merge d041506ba69ba08a09526c3d78748cf081170816 into 19a3bb7b7656ffe91e699d755caae0fc590d7687
2024-02-26T18:14:53.3278653Z ##[endgroup]
2024-02-26T18:14:53.3328534Z [command]/usr/bin/git log -1 --format='%H'
2024-02-26T18:14:53.3364546Z '72b875602b6822e0116bcb4d0bdf237fc3bf473f'
2024-02-26T18:14:53.3673894Z ##[group]Run ruby/setup-ruby@v1
2024-02-26T18:14:53.3674464Z with:
2024-02-26T18:14:53.3674790Z   bundler-cache: true
2024-02-26T18:14:53.3675103Z   ruby-version: default
2024-02-26T18:14:53.3675521Z ##[endgroup]
2024-02-26T18:14:53.5931929Z Using 3.2.2 as input from file .ruby-version
2024-02-26T18:14:53.5959968Z ##[group]Modifying PATH
2024-02-26T18:14:53.5960535Z Entries added to PATH to use selected Ruby:
2024-02-26T18:14:53.5961113Z   /opt/hostedtoolcache/Ruby/3.2.2/x64/bin
2024-02-26T18:14:53.5961864Z ##[endgroup]
2024-02-26T18:14:53.5979098Z ##[group]Downloading Ruby
2024-02-26T18:14:53.5982447Z https://github.com/ruby/ruby-builder/releases/download/toolcache/ruby-3.2.2-ubuntu-22.04.tar.gz
2024-02-26T18:14:53.9355512Z Took   0.34 seconds
2024-02-26T18:14:53.9356593Z ##[endgroup]
2024-02-26T18:14:53.9357455Z ##[group]Extracting  Ruby
2024-02-26T18:14:53.9382635Z [command]/usr/bin/tar -xz -C /opt/hostedtoolcache/Ruby/3.2.2 -f /home/runner/work/_temp/2c1a5efa-edd6-4859-8b3e-06b5d93b7c8d
2024-02-26T18:14:54.3385539Z Took   0.40 seconds
2024-02-26T18:14:54.3386768Z ##[endgroup]
2024-02-26T18:14:54.3387995Z ##[group]Print Ruby version
2024-02-26T18:14:54.3396904Z [command]/opt/hostedtoolcache/Ruby/3.2.2/x64/bin/ruby --version
2024-02-26T18:14:54.3603110Z ruby 3.2.2 (2023-03-30 revision e51014f9c0) [x86_64-linux]
2024-02-26T18:14:54.3622063Z Took   0.02 seconds
2024-02-26T18:14:54.3622783Z ##[endgroup]
2024-02-26T18:14:54.3623949Z ##[group]Installing Bundler
2024-02-26T18:14:54.3630641Z Using Bundler 2.5.4 from Gemfile.lock BUNDLED WITH 2.5.4
2024-02-26T18:14:54.3635830Z [command]/opt/hostedtoolcache/Ruby/3.2.2/x64/bin/gem install bundler -v 2.5.4
2024-02-26T18:14:54.8414059Z Successfully installed bundler-2.5.4
2024-02-26T18:14:54.8414579Z 1 gem installed
2024-02-26T18:14:54.8471309Z Took   0.48 seconds
2024-02-26T18:14:54.8472699Z ##[endgroup]
2024-02-26T18:14:54.8473677Z > bundle install
2024-02-26T18:14:54.8489882Z [command]/opt/hostedtoolcache/Ruby/3.2.2/x64/bin/bundle config --local path /home/runner/work/human-essentials/human-essentials/vendor/bundle
2024-02-26T18:14:54.9985990Z [command]/opt/hostedtoolcache/Ruby/3.2.2/x64/bin/bundle config --local deployment true
2024-02-26T18:14:55.1497747Z Cache key: setup-ruby-bundler-cache-v6-ubuntu-22.04-x64-ruby-3.2.2-wd-/home/runner/work/human-essentials/human-essentials-with--without--only--Gemfile.lock-4e3a9ccd5d480c887da27a355ef29cbf32fe33d9ea067f0ceb7cf9965ac28024
2024-02-26T18:14:56.2637673Z Received 210781614 of 214975918 (98.0%), 200.8 MBs/sec
2024-02-26T18:14:56.3237825Z Cache Size: ~205 MB (214975918 B)
2024-02-26T18:14:56.3363012Z [command]/usr/bin/tar -xf /home/runner/work/_temp/ffa7a753-8a59-4558-992e-3bb675d18063/cache.tzst -P -C /home/runner/work/human-essentials/human-essentials --use-compress-program unzstd
2024-02-26T18:14:57.2647494Z Received 214975918 of 214975918 (100.0%), 102.4 MBs/sec
2024-02-26T18:14:58.0530922Z Cache restored successfully
2024-02-26T18:14:58.1026395Z Found cache for key: setup-ruby-bundler-cache-v6-ubuntu-22.04-x64-ruby-3.2.2-wd-/home/runner/work/human-essentials/human-essentials-with--without--only--Gemfile.lock-4e3a9ccd5d480c887da27a355ef29cbf32fe33d9ea067f0ceb7cf9965ac28024
2024-02-26T18:14:58.1034868Z [command]/opt/hostedtoolcache/Ruby/3.2.2/x64/bin/bundle install --jobs 4
2024-02-26T18:14:58.4995380Z Bundle complete! 85 Gemfile dependencies, 246 gems now installed.
2024-02-26T18:14:58.4997154Z Bundled gems are installed into `./vendor/bundle`
2024-02-26T18:14:58.5045734Z Took   3.66 seconds
2024-02-26T18:14:58.5210323Z ##[group]Run sudo apt-get -yqq install libpq-dev
2024-02-26T18:14:58.5210921Z [36;1msudo apt-get -yqq install libpq-dev[0m
2024-02-26T18:14:58.5254110Z shell: /usr/bin/bash -e {0}
2024-02-26T18:14:58.5254498Z ##[endgroup]
2024-02-26T18:14:59.6924618Z ##[group]Run bundle exec rake db:create
2024-02-26T18:14:59.6925128Z [36;1mbundle exec rake db:create[0m
2024-02-26T18:14:59.6925586Z [36;1mbundle exec rake db:schema:load[0m
2024-02-26T18:14:59.6926143Z [36;1mbundle exec rails assets:precompile[0m
2024-02-26T18:14:59.6954049Z shell: /usr/bin/bash -e {0}
2024-02-26T18:14:59.6954444Z env:
2024-02-26T18:14:59.6954880Z   POSTGRES_HOST: localhost
2024-02-26T18:14:59.6955280Z   DATABASE_HOST: localhost
2024-02-26T18:14:59.6955648Z   PG_USERNAME: postgres
2024-02-26T18:14:59.6956098Z   PG_PASSWORD: password
2024-02-26T18:14:59.6956473Z   POSTGRES_HOST_AUTH_METHOD: trust
2024-02-26T18:14:59.6956842Z   POSTGRES_PORT: 5432
2024-02-26T18:14:59.6957270Z   RAILS_ENV: test
2024-02-26T18:14:59.6957595Z ##[endgroup]
2024-02-26T18:15:06.2013489Z We could not find your database: diaper_test. Which can be found in the database configuration file located at config/database.yml.
2024-02-26T18:15:06.2014886Z 
2024-02-26T18:15:06.2015319Z To resolve this issue:
2024-02-26T18:15:06.2015666Z 
2024-02-26T18:15:06.2016646Z - Did you create the database for this app, or delete it? You may need to create your database.
2024-02-26T18:15:06.2018350Z - Has the database name changed? Check your database.yml config has the correct database name.
2024-02-26T18:15:06.2019154Z 
2024-02-26T18:15:06.2019296Z To create your database, run:
2024-02-26T18:15:06.2019561Z 
2024-02-26T18:15:06.2019692Z         bin/rails db:create
2024-02-26T18:15:06.2020388Z . You likely need to run `rails g flipper:active_record` and/or `rails db:migrate`.
2024-02-26T18:15:06.4359833Z Created database 'diaper_test'
2024-02-26T18:15:06.7324680Z Coverage report generated for RSpec to /home/runner/work/human-essentials/human-essentials/coverage. 329 / 10177 LOC (3.23%) covered.
2024-02-26T18:15:12.9803868Z PG::UndefinedTable: ERROR:  relation "flipper_gates" does not exist
2024-02-26T18:15:12.9805410Z LINE 9:  WHERE a.attrelid = '"flipper_gates"'::regclass
2024-02-26T18:15:12.9806259Z                             ^
2024-02-26T18:15:12.9807569Z . You likely need to run `rails g flipper:active_record` and/or `rails db:migrate`.
2024-02-26T18:15:14.0004654Z Coverage report generated for RSpec to /home/runner/work/human-essentials/human-essentials/coverage. 329 / 10177 LOC (3.23%) covered.
2024-02-26T18:15:47.6878727Z W, [2024-02-26T10:15:47.687454 #2236]  WARN -- : Removed sourceMappingURL comment for missing asset 'adminlte.js.map' from /home/runner/work/human-essentials/human-essentials/app/javascript/adminlte.js
2024-02-26T18:15:47.7501514Z I, [2024-02-26T10:15:47.749749 #2236]  INFO -- : Writing /home/runner/work/human-essentials/human-essentials/public/assets/manifest-90aab26ade71e747f745b1227b433fd7d580a54f279ee2be6e1a67bb326bf03a.js
2024-02-26T18:15:47.7505008Z I, [2024-02-26T10:15:47.749917 #2236]  INFO -- : Writing /home/runner/work/human-essentials/human-essentials/public/assets/manifest-90aab26ade71e747f745b1227b433fd7d580a54f279ee2be6e1a67bb326bf03a.js.gz
2024-02-26T18:15:47.7508257Z I, [2024-02-26T10:15:47.750069 #2236]  INFO -- : Writing /home/runner/work/human-essentials/human-essentials/public/assets/filterrific/filterrific-spinner-415824b210964b6cdb1db0bd9508be8644b9fde094b392f73055b20d369885b6.gif
2024-02-26T18:15:47.7511793Z I, [2024-02-26T10:15:47.750573 #2236]  INFO -- : Writing /home/runner/work/human-essentials/human-essentials/public/assets/bootstrap.min-67c48d88a8e0be178058aacb338b084191ed6d65c8fef751c50248202cf1488a.js
2024-02-26T18:15:47.7515072Z I, [2024-02-26T10:15:47.750860 #2236]  INFO -- : Writing /home/runner/work/human-essentials/human-essentials/public/assets/bootstrap.min-67c48d88a8e0be178058aacb338b084191ed6d65c8fef751c50248202cf1488a.js.gz
2024-02-26T18:15:47.7517991Z I, [2024-02-26T10:15:47.751230 #2236]  INFO -- : Writing /home/runner/work/human-essentials/human-essentials/public/assets/DiaperBase-Logo-f18172876cab49a451ca9c3178b578ab2019e03f111a6b6f3ba0c1b40b3d7c0c.png
2024-02-26T18:15:47.7521785Z I, [2024-02-26T10:15:47.751919 #2236]  INFO -- : Writing /home/runner/work/human-essentials/human-essentials/public/assets/Just-Diaper-05bf6a1b70ccad149eb4eca7b5f9fcca1f9c37bab1f8e5edb6798d66c903ba53.svg
2024-02-26T18:15:47.7527365Z I, [2024-02-26T10:15:47.752400 #2236]  INFO -- : Writing /home/runner/work/human-essentials/human-essentials/public/assets/Just-Diaper-05bf6a1b70ccad149eb4eca7b5f9fcca1f9c37bab1f8e5edb6798d66c903ba53.svg.gz
2024-02-26T18:15:47.7530386Z I, [2024-02-26T10:15:47.752601 #2236]  INFO -- : Writing /home/runner/work/human-essentials/human-essentials/public/assets/barcode-932aed25f5c148b36882be3bfb6696ecdd362ba0a709ff0674a10477f2aad8f3.svg
2024-02-26T18:15:47.7533901Z I, [2024-02-26T10:15:47.753078 #2236]  INFO -- : Writing /home/runner/work/human-essentials/human-essentials/public/assets/barcode-932aed25f5c148b36882be3bfb6696ecdd362ba0a709ff0674a10477f2aad8f3.svg.gz
2024-02-26T18:15:47.7537517Z I, [2024-02-26T10:15:47.753514 #2236]  INFO -- : Writing /home/runner/work/human-essentials/human-essentials/public/assets/bars-db7a0aaf1cd735270b170cba53dca71c75473940ab48639c609a72964eb92f4d.svg
2024-02-26T18:15:47.7555947Z I, [2024-02-26T10:15:47.755328 #2236]  INFO -- : Writing /home/runner/work/human-essentials/human-essentials/public/assets/bars-db7a0aaf1cd735270b170cba53dca71c75473940ab48639c609a72964eb92f4d.svg.gz
2024-02-26T18:15:47.7559499Z I, [2024-02-26T10:15:47.755690 #2236]  INFO -- : Writing /home/runner/work/human-essentials/human-essentials/public/assets/blue@2x-709ca6c252f762af1e5efb0ef1e7444a712cb0ec010fee01749b67a595a7c0c6.png
2024-02-26T18:15:47.7563701Z I, [2024-02-26T10:15:47.756134 #2236]  INFO -- : Writing /home/runner/work/human-essentials/human-essentials/public/assets/boxed-bg-6c60c3f8655fa4062631bbe1434face4fe3d70392159e976ec09ca6ad9330e7d.jpg
2024-02-26T18:15:47.7571175Z I, [2024-02-26T10:15:47.756849 #2236]  INFO -- : Writing /home/runner/work/human-essentials/human-essentials/public/assets/boxed-bg-eb7b1fa0c09f5ef599fc5138e33168827f2ec4e1f796cf8a78570d8a73a58190.png
2024-02-26T18:15:47.7575134Z I, [2024-02-26T10:15:47.757301 #2236]  INFO -- : Writing /home/runner/work/human-essentials/human-essentials/public/assets/dashboard-image-3db42e909886dffccb680715feccab83cc867b4581b0009558e746364e2ec332.svg
2024-02-26T18:15:47.7579675Z I, [2024-02-26T10:15:47.757707 #2236]  INFO -- : Writing /home/runner/work/human-essentials/human-essentials/public/assets/dashboard-image-3db42e909886dffccb680715feccab83cc867b4581b0009558e746364e2ec332.svg.gz
2024-02-26T18:15:47.7583102Z I, [2024-02-26T10:15:47.757891 #2236]  INFO -- : Writing /home/runner/work/human-essentials/human-essentials/public/assets/forecasting-32dffccc42e6c09203d36acbc2243b4bc746dc2f1198c1ff43def4bb48e335b2.svg
2024-02-26T18:15:47.7586548Z I, [2024-02-26T10:15:47.758406 #2236]  INFO -- : Writing /home/runner/work/human-essentials/human-essentials/public/assets/forecasting-32dffccc42e6c09203d36acbc2243b4bc746dc2f1198c1ff43def4bb48e335b2.svg.gz
2024-02-26T18:15:47.7590604Z I, [2024-02-26T10:15:47.758649 #2236]  INFO -- : Writing /home/runner/work/human-essentials/human-essentials/public/assets/hero-image-0ba273def6de748beb2a64206e115d8e4a109ad51ef255512f4c6522e5b9225b.svg
2024-02-26T18:15:47.7604753Z I, [2024-02-26T10:15:47.760227 #2236]  INFO -- : Writing /home/runner/work/human-essentials/human-essentials/public/assets/hero-image-0ba273def6de748beb2a64206e115d8e4a109ad51ef255512f4c6522e5b9225b.svg.gz
2024-02-26T18:15:47.7608864Z I, [2024-02-26T10:15:47.760502 #2236]  INFO -- : Writing /home/runner/work/human-essentials/human-essentials/public/assets/inventory-image-3d91fc8087e13632114d9d129a680b992e02aae297b2bf180089cd55792249b2.svg
2024-02-26T18:15:47.7613160Z I, [2024-02-26T10:15:47.760770 #2236]  INFO -- : Writing /home/runner/work/human-essentials/human-essentials/public/assets/inventory-image-3d91fc8087e13632114d9d129a680b992e02aae297b2bf180089cd55792249b2.svg.gz
2024-02-26T18:15:47.7616860Z I, [2024-02-26T10:15:47.760975 #2236]  INFO -- : Writing /home/runner/work/human-essentials/human-essentials/public/assets/partner-management-c2cd4a940d1cf59f66928bc5097b4d4528b6de95abcc66421edf341c59311d40.svg
2024-02-26T18:15:47.7620715Z I, [2024-02-26T10:15:47.761158 #2236]  INFO -- : Writing /home/runner/work/human-essentials/human-essentials/public/assets/partner-management-c2cd4a940d1cf59f66928bc5097b4d4528b6de95abcc66421edf341c59311d40.svg.gz
2024-02-26T18:15:47.7623629Z I, [2024-02-26T10:15:47.761454 #2236]  INFO -- : Writing /home/runner/work/human-essentials/human-essentials/public/assets/quote-e4395f28913ad7b7785c522f0b6f2363a960720cf3bc26705438f6efb55edb7d.svg
2024-02-26T18:15:47.7625580Z I, [2024-02-26T10:15:47.761628 #2236]  INFO -- : Writing /home/runner/work/human-essentials/human-essentials/public/assets/quote-e4395f28913ad7b7785c522f0b6f2363a960720cf3bc26705438f6efb55edb7d.svg.gz
2024-02-26T18:15:47.7627674Z I, [2024-02-26T10:15:47.761745 #2236]  INFO -- : Writing /home/runner/work/human-essentials/human-essentials/public/assets/report-image-a9fc71739eca5457d288f1c234a0d84237ba8eef8bd20a9935bd45d84d03ae6b.svg
2024-02-26T18:15:47.7629738Z I, [2024-02-26T10:15:47.761863 #2236]  INFO -- : Writing /home/runner/work/human-essentials/human-essentials/public/assets/report-image-a9fc71739eca5457d288f1c234a0d84237ba8eef8bd20a9935bd45d84d03ae6b.svg.gz
2024-02-26T18:15:47.7631898Z I, [2024-02-26T10:15:47.761971 #2236]  INFO -- : Writing /home/runner/work/human-essentials/human-essentials/public/assets/test-only-background-c4843e992a593298a8c43815c8950b766061a96fd7d3e92838354914c41d7243.jpg
2024-02-26T18:15:47.7637257Z I, [2024-02-26T10:15:47.763371 #2236]  INFO -- : Writing /home/runner/work/human-essentials/human-essentials/public/assets/AdminLTE-9d75f9bf2ec81bc0a0de450227ed6268dad2cd66401439503c18d3241dfb241d.css
2024-02-26T18:15:47.7641878Z I, [2024-02-26T10:15:47.763790 #2236]  INFO -- : Writing /home/runner/work/human-essentials/human-essentials/public/assets/AdminLTE-9d75f9bf2ec81bc0a0de450227ed6268dad2cd66401439503c18d3241dfb241d.css.gz
2024-02-26T18:15:47.7696502Z I, [2024-02-26T10:15:47.764533 #2236]  INFO -- : Writing /home/runner/work/human-essentials/human-essentials/public/assets/_colors-04024382391bb910584145d8113cf35ef376b55d125bb4516cebeb14ce788597.css
2024-02-26T18:15:47.7710047Z I, [2024-02-26T10:15:47.769042 #2236]  INFO -- : Writing /home/runner/work/human-essentials/human-essentials/public/assets/_colors-04024382391bb910584145d8113cf35ef376b55d125bb4516cebeb14ce788597.css.gz
2024-02-26T18:15:47.7713591Z I, [2024-02-26T10:15:47.769200 #2236]  INFO -- : Writing /home/runner/work/human-essentials/human-essentials/public/assets/application-0da4ed653cd2be46690d3296e155ff2f65c183e52d7a8c3467d17640386866d5.css
2024-02-26T18:15:47.7717196Z I, [2024-02-26T10:15:47.769311 #2236]  INFO -- : Writing /home/runner/work/human-essentials/human-essentials/public/assets/application-0da4ed653cd2be46690d3296e155ff2f65c183e52d7a8c3467d17640386866d5.css.gz
2024-02-26T18:15:47.7720434Z I, [2024-02-26T10:15:47.769685 #2236]  INFO -- : Writing /home/runner/work/human-essentials/human-essentials/public/assets/audits-83372b845d8a4887e7e4d2315cf3c85ea60ef94ca0ec4774dfbcd3cf569c616c.css
2024-02-26T18:15:47.7723705Z I, [2024-02-26T10:15:47.769797 #2236]  INFO -- : Writing /home/runner/work/human-essentials/human-essentials/public/assets/audits-83372b845d8a4887e7e4d2315cf3c85ea60ef94ca0ec4774dfbcd3cf569c616c.css.gz
2024-02-26T18:15:47.7727226Z I, [2024-02-26T10:15:47.769927 #2236]  INFO -- : Writing /home/runner/work/human-essentials/human-essentials/public/assets/barcode_reader-3799c29218802c1dbba4c700f3863ec24505a9e3e7b54d36282fff667d7c94ca.css
2024-02-26T18:15:47.7776279Z I, [2024-02-26T10:15:47.770024 #2236]  INFO -- : Writing /home/runner/work/human-essentials/human-essentials/public/assets/barcode_reader-3799c29218802c1dbba4c700f3863ec24505a9e3e7b54d36282fff667d7c94ca.css.gz
2024-02-26T18:15:47.7779884Z I, [2024-02-26T10:15:47.770125 #2236]  INFO -- : Writing /home/runner/work/human-essentials/human-essentials/public/assets/custom-78c7cbde633ff9cfb0425c2a5897128adfc8aca0f10628e0b59f704db7fe76df.css
2024-02-26T18:15:47.7783729Z I, [2024-02-26T10:15:47.770209 #2236]  INFO -- : Writing /home/runner/work/human-essentials/human-essentials/public/assets/custom-78c7cbde633ff9cfb0425c2a5897128adfc8aca0f10628e0b59f704db7fe76df.css.gz
2024-02-26T18:15:47.7787417Z I, [2024-02-26T10:15:47.770399 #2236]  INFO -- : Writing /home/runner/work/human-essentials/human-essentials/public/assets/expandable_table-cca1600cf25c44c6bea2733167509ffe9133f344e9defe984ad96bd427b29a19.css
2024-02-26T18:15:47.7790779Z I, [2024-02-26T10:15:47.770489 #2236]  INFO -- : Writing /home/runner/work/human-essentials/human-essentials/public/assets/expandable_table-cca1600cf25c44c6bea2733167509ffe9133f344e9defe984ad96bd427b29a19.css.gz
2024-02-26T18:15:47.7794222Z I, [2024-02-26T10:15:47.770594 #2236]  INFO -- : Writing /home/runner/work/human-essentials/human-essentials/public/assets/landing_page-4fe5dfcfea8b5bbd7722658652ff4ee86132a41b8aff92e9ef8b1216cb7259fa.css
2024-02-26T18:15:47.7797459Z I, [2024-02-26T10:15:47.770672 #2236]  INFO -- : Writing /home/runner/work/human-essentials/human-essentials/public/assets/landing_page-4fe5dfcfea8b5bbd7722658652ff4ee86132a41b8aff92e9ef8b1216cb7259fa.css.gz
2024-02-26T18:15:47.7802218Z I, [2024-02-26T10:15:47.772701 #2236]  INFO -- : Writing /home/runner/work/human-essentials/human-essentials/public/assets/modal-dialog-9d7ae8bb43b60ac4c7d9910700392b20618ae2db4d5db33453b157171d5e0f7d.css
2024-02-26T18:15:47.7805928Z I, [2024-02-26T10:15:47.772802 #2236]  INFO -- : Writing /home/runner/work/human-essentials/human-essentials/public/assets/modal-dialog-9d7ae8bb43b60ac4c7d9910700392b20618ae2db4d5db33453b157171d5e0f7d.css.gz
2024-02-26T18:15:47.7809720Z I, [2024-02-26T10:15:47.772912 #2236]  INFO -- : Writing /home/runner/work/human-essentials/human-essentials/public/assets/progress_stepper-7f8ef0dc05a9a00a300e56f6f3e4ccfdde4af8e392407ccc6601d60019067ccb.css
2024-02-26T18:15:47.7813396Z I, [2024-02-26T10:15:47.772993 #2236]  INFO -- : Writing /home/runner/work/human-essentials/human-essentials/public/assets/progress_stepper-7f8ef0dc05a9a00a300e56f6f3e4ccfdde4af8e392407ccc6601d60019067ccb.css.gz
2024-02-26T18:15:47.7816985Z I, [2024-02-26T10:15:47.773093 #2236]  INFO -- : Writing /home/runner/work/human-essentials/human-essentials/public/assets/transfers-c9ab43ff53dab5dc13681712afc9b6fb31d7865d5ac8c657220deff9f138fa8c.css
2024-02-26T18:15:47.7820532Z I, [2024-02-26T10:15:47.773171 #2236]  INFO -- : Writing /home/runner/work/human-essentials/human-essentials/public/assets/transfers-c9ab43ff53dab5dc13681712afc9b6fb31d7865d5ac8c657220deff9f138fa8c.css.gz
2024-02-26T18:15:47.7824088Z I, [2024-02-26T10:15:47.773266 #2236]  INFO -- : Writing /home/runner/work/human-essentials/human-essentials/public/assets/adminlte-886a0b559685ec92cd8dd4dbf957899292f9c0bd344c90c304d28973363a8eaf.js
2024-02-26T18:15:47.7827357Z I, [2024-02-26T10:15:47.773342 #2236]  INFO -- : Writing /home/runner/work/human-essentials/human-essentials/public/assets/adminlte-886a0b559685ec92cd8dd4dbf957899292f9c0bd344c90c304d28973363a8eaf.js.gz
2024-02-26T18:15:47.7830683Z I, [2024-02-26T10:15:47.773436 #2236]  INFO -- : Writing /home/runner/work/human-essentials/human-essentials/public/assets/application-f9d5a0970e6dc2d1d44ca8dfd6129e9fed2dccf1b460a6bba6eab9dd7aa61c92.js
2024-02-26T18:15:47.7834007Z I, [2024-02-26T10:15:47.773512 #2236]  INFO -- : Writing /home/runner/work/human-essentials/human-essentials/public/assets/application-f9d5a0970e6dc2d1d44ca8dfd6129e9fed2dccf1b460a6bba6eab9dd7aa61c92.js.gz
2024-02-26T18:15:47.7837480Z I, [2024-02-26T10:15:47.773610 #2236]  INFO -- : Writing /home/runner/work/human-essentials/human-essentials/public/assets/cocoon-js-vanilla-cc8e46e9b16a6217f3c14c60ca346454c9c01d8d41e5c073ae14f85fac052e96.js
2024-02-26T18:15:47.7841335Z I, [2024-02-26T10:15:47.773686 #2236]  INFO -- : Writing /home/runner/work/human-essentials/human-essentials/public/assets/cocoon-js-vanilla-cc8e46e9b16a6217f3c14c60ca346454c9c01d8d41e5c073ae14f85fac052e96.js.gz
2024-02-26T18:15:47.7845085Z I, [2024-02-26T10:15:47.773784 #2236]  INFO -- : Writing /home/runner/work/human-essentials/human-essentials/public/assets/controllers/application-368d98631bccbf2349e0d4f8269afb3fe9625118341966de054759d96ea86c7e.js
2024-02-26T18:15:47.7848974Z I, [2024-02-26T10:15:47.773855 #2236]  INFO -- : Writing /home/runner/work/human-essentials/human-essentials/public/assets/controllers/application-368d98631bccbf2349e0d4f8269afb3fe9625118341966de054759d96ea86c7e.js.gz
2024-02-26T18:15:47.7852739Z I, [2024-02-26T10:15:47.773943 #2236]  INFO -- : Writing /home/runner/work/human-essentials/human-essentials/public/assets/controllers/area_served_controller-c8c048ef9ee2d145ba8408cda63546aff8ce9170e9cafb34075ebb01b43c6c34.js
2024-02-26T18:15:47.7856485Z I, [2024-02-26T10:15:47.774007 #2236]  INFO -- : Writing /home/runner/work/human-essentials/human-essentials/public/assets/controllers/area_served_controller-c8c048ef9ee2d145ba8408cda63546aff8ce9170e9cafb34075ebb01b43c6c34.js.gz
2024-02-26T18:15:47.7860325Z I, [2024-02-26T10:15:47.774094 #2236]  INFO -- : Writing /home/runner/work/human-essentials/human-essentials/public/assets/controllers/checkbox_with_nested_element_controller-1645dd2a3a857d546354c90b0c415a9d1dd4de6974048fd41bfc1d6f45ccb3eb.js
2024-02-26T18:15:47.7864308Z I, [2024-02-26T10:15:47.774160 #2236]  INFO -- : Writing /home/runner/work/human-essentials/human-essentials/public/assets/controllers/checkbox_with_nested_element_controller-1645dd2a3a857d546354c90b0c415a9d1dd4de6974048fd41bfc1d6f45ccb3eb.js.gz
2024-02-26T18:15:47.7868303Z I, [2024-02-26T10:15:47.774249 #2236]  INFO -- : Writing /home/runner/work/human-essentials/human-essentials/public/assets/controllers/distribution_delivery_controller-89fc613f734c2b1538c1e9948abeb353ea73d22678fc08597d48fa36a70c5c51.js
2024-02-26T18:15:47.7872191Z I, [2024-02-26T10:15:47.774314 #2236]  INFO -- : Writing /home/runner/work/human-essentials/human-essentials/public/assets/controllers/distribution_delivery_controller-89fc613f734c2b1538c1e9948abeb353ea73d22678fc08597d48fa36a70c5c51.js.gz
2024-02-26T18:15:47.7875944Z I, [2024-02-26T10:15:47.774395 #2236]  INFO -- : Writing /home/runner/work/human-essentials/human-essentials/public/assets/controllers/double_select_controller-bb2e4a65f2c66cacc8ec4dd491c2233b0aac53187ebe1fbaaffedfbaf7db9099.js
2024-02-26T18:15:47.7879785Z I, [2024-02-26T10:15:47.774453 #2236]  INFO -- : Writing /home/runner/work/human-essentials/human-essentials/public/assets/controllers/double_select_controller-bb2e4a65f2c66cacc8ec4dd491c2233b0aac53187ebe1fbaaffedfbaf7db9099.js.gz
2024-02-26T18:15:47.7883515Z I, [2024-02-26T10:15:47.774538 #2236]  INFO -- : Writing /home/runner/work/human-essentials/human-essentials/public/assets/controllers/highchart_controller-7640167d6e3481659a5ead23f046e3c6852c08e30ce8aa6f09aa5cce0f7ea02d.js
2024-02-26T18:15:47.7887331Z I, [2024-02-26T10:15:47.774607 #2236]  INFO -- : Writing /home/runner/work/human-essentials/human-essentials/public/assets/controllers/highchart_controller-7640167d6e3481659a5ead23f046e3c6852c08e30ce8aa6f09aa5cce0f7ea02d.js.gz
2024-02-26T18:15:47.7890841Z I, [2024-02-26T10:15:47.774693 #2236]  INFO -- : Writing /home/runner/work/human-essentials/human-essentials/public/assets/controllers/index-2db729dddcc5b979110e98de4b6720f83f91a123172e87281d5a58410fc43806.js
2024-02-26T18:15:47.7894318Z I, [2024-02-26T10:15:47.774762 #2236]  INFO -- : Writing /home/runner/work/human-essentials/human-essentials/public/assets/controllers/index-2db729dddcc5b979110e98de4b6720f83f91a123172e87281d5a58410fc43806.js.gz
2024-02-26T18:15:47.7897867Z I, [2024-02-26T10:15:47.774948 #2236]  INFO -- : Writing /home/runner/work/human-essentials/human-essentials/public/assets/controllers/request_item_controller-4ab1cb48f0cc30bba40f5311b6588189ddf5daf19bdf36b462cdeab0a663399b.js
2024-02-26T18:15:47.7901865Z I, [2024-02-26T10:15:47.775019 #2236]  INFO -- : Writing /home/runner/work/human-essentials/human-essentials/public/assets/controllers/request_item_controller-4ab1cb48f0cc30bba40f5311b6588189ddf5daf19bdf36b462cdeab0a663399b.js.gz
2024-02-26T18:15:47.7905774Z I, [2024-02-26T10:15:47.775104 #2236]  INFO -- : Writing /home/runner/work/human-essentials/human-essentials/public/assets/controllers/select2_controller-13c15fa4f8996b06b43552325b12e3a14e158db06264b83cfff2e521a16fceeb.js
2024-02-26T18:15:47.7909333Z I, [2024-02-26T10:15:47.775168 #2236]  INFO -- : Writing /home/runner/work/human-essentials/human-essentials/public/assets/controllers/select2_controller-13c15fa4f8996b06b43552325b12e3a14e158db06264b83cfff2e521a16fceeb.js.gz
2024-02-26T18:15:47.7913043Z I, [2024-02-26T10:15:47.775253 #2236]  INFO -- : Writing /home/runner/work/human-essentials/human-essentials/public/assets/controllers/served_area_controller-37738489813fc06349f3fb1bc7abc5d5493318ce553f1bebbfa1f8fe06ebfb4a.js
2024-02-26T18:15:47.7916588Z I, [2024-02-26T10:15:47.775321 #2236]  INFO -- : Writing /home/runner/work/human-essentials/human-essentials/public/assets/controllers/served_area_controller-37738489813fc06349f3fb1bc7abc5d5493318ce553f1bebbfa1f8fe06ebfb4a.js.gz
2024-02-26T18:15:47.7920157Z I, [2024-02-26T10:15:47.775406 #2236]  INFO -- : Writing /home/runner/work/human-essentials/human-essentials/public/assets/controllers/turbo_controller-7ee3a9437b4fb003ac4ea4ca0f3425fd197ce4538a1eeb606e5e5447aa948b54.js
2024-02-26T18:15:47.7923799Z I, [2024-02-26T10:15:47.775474 #2236]  INFO -- : Writing /home/runner/work/human-essentials/human-essentials/public/assets/controllers/turbo_controller-7ee3a9437b4fb003ac4ea4ca0f3425fd197ce4538a1eeb606e5e5447aa948b54.js.gz
2024-02-26T18:15:47.7927500Z I, [2024-02-26T10:15:47.775566 #2236]  INFO -- : Writing /home/runner/work/human-essentials/human-essentials/public/assets/startup-bf111fcbf368bc988dfcb050d057ec73e21f190d7921e15689dd5ebf674e6d00.js
2024-02-26T18:15:47.7930677Z I, [2024-02-26T10:15:47.775640 #2236]  INFO -- : Writing /home/runner/work/human-essentials/human-essentials/public/assets/startup-bf111fcbf368bc988dfcb050d057ec73e21f190d7921e15689dd5ebf674e6d00.js.gz
2024-02-26T18:15:47.7933992Z I, [2024-02-26T10:15:47.775735 #2236]  INFO -- : Writing /home/runner/work/human-essentials/human-essentials/public/assets/utils/barcode_items-ee1050c4d1ade4569ef6cfc83d5f4792f67daabaca0ae24f75455737fea0a72b.js
2024-02-26T18:15:47.7937280Z I, [2024-02-26T10:15:47.775804 #2236]  INFO -- : Writing /home/runner/work/human-essentials/human-essentials/public/assets/utils/barcode_items-ee1050c4d1ade4569ef6cfc83d5f4792f67daabaca0ae24f75455737fea0a72b.js.gz
2024-02-26T18:15:47.7940771Z I, [2024-02-26T10:15:47.775885 #2236]  INFO -- : Writing /home/runner/work/human-essentials/human-essentials/public/assets/utils/barcode_scan-757b66b6921154f49e7cc4c5dc2f146f91f1648beffaa8ef106d94585a273ba9.js
2024-02-26T18:15:47.7944072Z I, [2024-02-26T10:15:47.775949 #2236]  INFO -- : Writing /home/runner/work/human-essentials/human-essentials/public/assets/utils/barcode_scan-757b66b6921154f49e7cc4c5dc2f146f91f1648beffaa8ef106d94585a273ba9.js.gz
2024-02-26T18:15:47.7947513Z I, [2024-02-26T10:15:47.776034 #2236]  INFO -- : Writing /home/runner/work/human-essentials/human-essentials/public/assets/utils/deadline_day_pickers-b0b264db9e3c8107c161cc4571e71cf901bcc511175271d218a553c4e1889065.js
2024-02-26T18:15:47.7951174Z I, [2024-02-26T10:15:47.776100 #2236]  INFO -- : Writing /home/runner/work/human-essentials/human-essentials/public/assets/utils/deadline_day_pickers-b0b264db9e3c8107c161cc4571e71cf901bcc511175271d218a553c4e1889065.js.gz
2024-02-26T18:15:47.7954631Z I, [2024-02-26T10:15:47.776189 #2236]  INFO -- : Writing /home/runner/work/human-essentials/human-essentials/public/assets/utils/distributions_and_transfers-1f9709e9a8df250acfe3e7a79f1501b2696b1f36d5adcf083a61a1b005cce3d2.js
2024-02-26T18:15:47.7958383Z I, [2024-02-26T10:15:47.776257 #2236]  INFO -- : Writing /home/runner/work/human-essentials/human-essentials/public/assets/utils/distributions_and_transfers-1f9709e9a8df250acfe3e7a79f1501b2696b1f36d5adcf083a61a1b005cce3d2.js.gz
2024-02-26T18:15:47.7962256Z I, [2024-02-26T10:15:47.776348 #2236]  INFO -- : Writing /home/runner/work/human-essentials/human-essentials/public/assets/utils/donations-1c3e9a15fc370afd2c3836ccf8dde6013c35412a8d83cf6c1e31bec95ef72b26.js
2024-02-26T18:15:47.7965848Z I, [2024-02-26T10:15:47.776416 #2236]  INFO -- : Writing /home/runner/work/human-essentials/human-essentials/public/assets/utils/donations-1c3e9a15fc370afd2c3836ccf8dde6013c35412a8d83cf6c1e31bec95ef72b26.js.gz
2024-02-26T18:15:47.7969513Z I, [2024-02-26T10:15:47.776505 #2236]  INFO -- : Writing /home/runner/work/human-essentials/human-essentials/public/assets/utils/purchases-5c814ba098feaa8a7b4abff24267c1da909f3e52e12c97660f8a0b8c1ff4aea1.js
2024-02-26T18:15:47.7973079Z I, [2024-02-26T10:15:47.776572 #2236]  INFO -- : Writing /home/runner/work/human-essentials/human-essentials/public/assets/utils/purchases-5c814ba098feaa8a7b4abff24267c1da909f3e52e12c97660f8a0b8c1ff4aea1.js.gz
2024-02-26T18:15:47.7976504Z I, [2024-02-26T10:15:47.776686 #2236]  INFO -- : Writing /home/runner/work/human-essentials/human-essentials/public/assets/filterrific-f3a290db250e05344fd62c216b903689f73eff5e270ef021e425551006092e08.js
2024-02-26T18:15:47.7979776Z I, [2024-02-26T10:15:47.776767 #2236]  INFO -- : Writing /home/runner/work/human-essentials/human-essentials/public/assets/filterrific-f3a290db250e05344fd62c216b903689f73eff5e270ef021e425551006092e08.js.gz
2024-02-26T18:15:47.7983161Z I, [2024-02-26T10:15:47.776862 #2236]  INFO -- : Writing /home/runner/work/human-essentials/human-essentials/public/assets/stimulusloading-1fc59770fb1654500044afd3f5f6d7d00800e5be36746d55b94a2963a7a228aa.js
2024-02-26T18:15:47.7986509Z I, [2024-02-26T10:15:47.776939 #2236]  INFO -- : Writing /home/runner/work/human-essentials/human-essentials/public/assets/stimulusloading-1fc59770fb1654500044afd3f5f6d7d00800e5be36746d55b94a2963a7a228aa.js.gz
2024-02-26T18:15:47.7989959Z I, [2024-02-26T10:15:47.777038 #2236]  INFO -- : Writing /home/runner/work/human-essentials/human-essentials/public/assets/turbo-895d7ec2b79542a04747b8f222c30ead9c3b01b20bcbe302d905278a1451c51e.js
2024-02-26T18:15:47.7993121Z I, [2024-02-26T10:15:47.777112 #2236]  INFO -- : Writing /home/runner/work/human-essentials/human-essentials/public/assets/turbo-895d7ec2b79542a04747b8f222c30ead9c3b01b20bcbe302d905278a1451c51e.js.gz
2024-02-26T18:15:47.7996269Z I, [2024-02-26T10:15:47.777210 #2236]  INFO -- : Writing /home/runner/work/human-essentials/human-essentials/public/assets/turbo.min-c6325b8b56619b34aa6e0f34dfed82b010fe049f81b320a4cd0e2d99d3245118.js
2024-02-26T18:15:47.7999491Z I, [2024-02-26T10:15:47.777283 #2236]  INFO -- : Writing /home/runner/work/human-essentials/human-essentials/public/assets/turbo.min-c6325b8b56619b34aa6e0f34dfed82b010fe049f81b320a4cd0e2d99d3245118.js.gz
2024-02-26T18:15:47.8002592Z I, [2024-02-26T10:15:47.777383 #2236]  INFO -- : Writing /home/runner/work/human-essentials/human-essentials/public/assets/turbo.min.js-ceaa5446ba4b2df2aac98a87b94c455b6d0132e23da1bcd00bb466d74a3607e3.map
2024-02-26T18:15:47.8005788Z I, [2024-02-26T10:15:47.777457 #2236]  INFO -- : Writing /home/runner/work/human-essentials/human-essentials/public/assets/turbo.min.js-ceaa5446ba4b2df2aac98a87b94c455b6d0132e23da1bcd00bb466d74a3607e3.map.gz
2024-02-26T18:15:47.8009633Z I, [2024-02-26T10:15:47.777550 #2236]  INFO -- : Writing /home/runner/work/human-essentials/human-essentials/public/assets/stimulus-loading-3576ce92b149ad5d6959438c6f291e2426c86df3b874c525b30faad51b0d96b3.js
2024-02-26T18:15:47.8013074Z I, [2024-02-26T10:15:47.777618 #2236]  INFO -- : Writing /home/runner/work/human-essentials/human-essentials/public/assets/stimulus-loading-3576ce92b149ad5d6959438c6f291e2426c86df3b874c525b30faad51b0d96b3.js.gz
2024-02-26T18:15:47.8016507Z I, [2024-02-26T10:15:47.777786 #2236]  INFO -- : Writing /home/runner/work/human-essentials/human-essentials/public/assets/popper-003a40d80fd205e1fa00da117d5bdc19720ba330706eaa17f9ba9513fa502304.js
2024-02-26T18:15:47.8019844Z I, [2024-02-26T10:15:47.777866 #2236]  INFO -- : Writing /home/runner/work/human-essentials/human-essentials/public/assets/popper-003a40d80fd205e1fa00da117d5bdc19720ba330706eaa17f9ba9513fa502304.js.gz
2024-02-26T18:15:47.8023147Z I, [2024-02-26T10:15:47.777969 #2236]  INFO -- : Writing /home/runner/work/human-essentials/human-essentials/public/assets/actiontext-28c61f5197c204db043317a8f8826a87ab31495b741f854d307ca36122deefce.js
2024-02-26T18:15:47.8026483Z I, [2024-02-26T10:15:47.778042 #2236]  INFO -- : Writing /home/runner/work/human-essentials/human-essentials/public/assets/actiontext-28c61f5197c204db043317a8f8826a87ab31495b741f854d307ca36122deefce.js.gz
2024-02-26T18:15:47.8029545Z I, [2024-02-26T10:15:47.778139 #2236]  INFO -- : Writing /home/runner/work/human-essentials/human-essentials/public/assets/trix-1563ff9c10f74e143b3ded40a8458497eaf2f87a648a5cbbfebdb7dec3447a5e.js
2024-02-26T18:15:47.8032573Z I, [2024-02-26T10:15:47.778217 #2236]  INFO -- : Writing /home/runner/work/human-essentials/human-essentials/public/assets/trix-1563ff9c10f74e143b3ded40a8458497eaf2f87a648a5cbbfebdb7dec3447a5e.js.gz
2024-02-26T18:15:47.8035814Z I, [2024-02-26T10:15:47.778314 #2236]  INFO -- : Writing /home/runner/work/human-essentials/human-essentials/public/assets/trix-b0398dade8e5ac249fe98f2e850f45adbcdfecd8a11c46b3eb67bdedb87b1b04.css
2024-02-26T18:15:47.8038869Z I, [2024-02-26T10:15:47.779919 #2236]  INFO -- : Writing /home/runner/work/human-essentials/human-essentials/public/assets/trix-b0398dade8e5ac249fe98f2e850f45adbcdfecd8a11c46b3eb67bdedb87b1b04.css.gz
2024-02-26T18:15:47.8041972Z I, [2024-02-26T10:15:47.780120 #2236]  INFO -- : Writing /home/runner/work/human-essentials/human-essentials/public/assets/stimulus-f75215805563870a61ee9dc5a207ce46d4675c7e667558a54344fd1e7baa697f.js
2024-02-26T18:15:47.8045218Z I, [2024-02-26T10:15:47.780200 #2236]  INFO -- : Writing /home/runner/work/human-essentials/human-essentials/public/assets/stimulus-f75215805563870a61ee9dc5a207ce46d4675c7e667558a54344fd1e7baa697f.js.gz
2024-02-26T18:15:47.8048742Z I, [2024-02-26T10:15:47.780304 #2236]  INFO -- : Writing /home/runner/work/human-essentials/human-essentials/public/assets/stimulus-autoloader-c584942b568ba74879da31c7c3d51366737bacaf6fbae659383c0a5653685693.js
2024-02-26T18:15:47.8052215Z I, [2024-02-26T10:15:47.780376 #2236]  INFO -- : Writing /home/runner/work/human-essentials/human-essentials/public/assets/stimulus-autoloader-c584942b568ba74879da31c7c3d51366737bacaf6fbae659383c0a5653685693.js.gz
2024-02-26T18:15:47.8055905Z I, [2024-02-26T10:15:47.780473 #2236]  INFO -- : Writing /home/runner/work/human-essentials/human-essentials/public/assets/stimulus-importmap-autoloader-db2076c783bf2dbee1226e2add52fef290b5d31b5bcd1edd999ac8a6dd31c44a.js
2024-02-26T18:15:47.8059614Z I, [2024-02-26T10:15:47.780549 #2236]  INFO -- : Writing /home/runner/work/human-essentials/human-essentials/public/assets/stimulus-importmap-autoloader-db2076c783bf2dbee1226e2add52fef290b5d31b5bcd1edd999ac8a6dd31c44a.js.gz
2024-02-26T18:15:47.8063203Z I, [2024-02-26T10:15:47.780643 #2236]  INFO -- : Writing /home/runner/work/human-essentials/human-essentials/public/assets/stimulus-loading-3576ce92b149ad5d6959438c6f291e2426c86df3b874c525b30faad51b0d96b3.js
2024-02-26T18:15:47.8066669Z I, [2024-02-26T10:15:47.780739 #2236]  INFO -- : Writing /home/runner/work/human-essentials/human-essentials/public/assets/stimulus-loading-3576ce92b149ad5d6959438c6f291e2426c86df3b874c525b30faad51b0d96b3.js.gz
2024-02-26T18:15:47.8070011Z I, [2024-02-26T10:15:47.780842 #2236]  INFO -- : Writing /home/runner/work/human-essentials/human-essentials/public/assets/stimulus.min-dd364f16ec9504dfb72672295637a1c8838773b01c0b441bd41008124c407894.js
2024-02-26T18:15:47.8073369Z I, [2024-02-26T10:15:47.780918 #2236]  INFO -- : Writing /home/runner/work/human-essentials/human-essentials/public/assets/stimulus.min-dd364f16ec9504dfb72672295637a1c8838773b01c0b441bd41008124c407894.js.gz
2024-02-26T18:15:47.8076997Z I, [2024-02-26T10:15:47.781011 #2236]  INFO -- : Writing /home/runner/work/human-essentials/human-essentials/public/assets/stimulus-autoloader-c584942b568ba74879da31c7c3d51366737bacaf6fbae659383c0a5653685693.js
2024-02-26T18:15:47.8080494Z I, [2024-02-26T10:15:47.781082 #2236]  INFO -- : Writing /home/runner/work/human-essentials/human-essentials/public/assets/stimulus-autoloader-c584942b568ba74879da31c7c3d51366737bacaf6fbae659383c0a5653685693.js.gz
2024-02-26T18:15:47.8084282Z I, [2024-02-26T10:15:47.781174 #2236]  INFO -- : Writing /home/runner/work/human-essentials/human-essentials/public/assets/stimulus-importmap-autoloader-db2076c783bf2dbee1226e2add52fef290b5d31b5bcd1edd999ac8a6dd31c44a.js
2024-02-26T18:15:47.8088376Z I, [2024-02-26T10:15:47.781243 #2236]  INFO -- : Writing /home/runner/work/human-essentials/human-essentials/public/assets/stimulus-importmap-autoloader-db2076c783bf2dbee1226e2add52fef290b5d31b5bcd1edd999ac8a6dd31c44a.js.gz
2024-02-26T18:15:47.8092030Z I, [2024-02-26T10:15:47.781333 #2236]  INFO -- : Writing /home/runner/work/human-essentials/human-essentials/public/assets/stimulus-loading-3576ce92b149ad5d6959438c6f291e2426c86df3b874c525b30faad51b0d96b3.js
2024-02-26T18:15:47.8095406Z I, [2024-02-26T10:15:47.781404 #2236]  INFO -- : Writing /home/runner/work/human-essentials/human-essentials/public/assets/stimulus-loading-3576ce92b149ad5d6959438c6f291e2426c86df3b874c525b30faad51b0d96b3.js.gz
2024-02-26T18:15:47.8098857Z I, [2024-02-26T10:15:47.781504 #2236]  INFO -- : Writing /home/runner/work/human-essentials/human-essentials/public/assets/stimulus.min.js-2cc63625fa177963b45da974806e7aee846cbf1d4930815733d0fdf3fb232325.map
2024-02-26T18:15:47.8102300Z I, [2024-02-26T10:15:47.781578 #2236]  INFO -- : Writing /home/runner/work/human-essentials/human-essentials/public/assets/stimulus.min.js-2cc63625fa177963b45da974806e7aee846cbf1d4930815733d0fdf3fb232325.map.gz
2024-02-26T18:15:47.8105654Z I, [2024-02-26T10:15:47.781678 #2236]  INFO -- : Writing /home/runner/work/human-essentials/human-essentials/public/assets/activestorage-3ab61e47dd4ee2d79db525ade1dca2ede0ea2b7371fe587e408ee37b7ade265d.js
2024-02-26T18:15:47.8109128Z I, [2024-02-26T10:15:47.781752 #2236]  INFO -- : Writing /home/runner/work/human-essentials/human-essentials/public/assets/activestorage-3ab61e47dd4ee2d79db525ade1dca2ede0ea2b7371fe587e408ee37b7ade265d.js.gz
2024-02-26T18:15:47.8112626Z I, [2024-02-26T10:15:47.781850 #2236]  INFO -- : Writing /home/runner/work/human-essentials/human-essentials/public/assets/activestorage.esm-01f58a45d77495cdfbdfcc872902a430426c4391634ec9c3da5f69fbf8418492.js
2024-02-26T18:15:47.8116014Z I, [2024-02-26T10:15:47.781925 #2236]  INFO -- : Writing /home/runner/work/human-essentials/human-essentials/public/assets/activestorage.esm-01f58a45d77495cdfbdfcc872902a430426c4391634ec9c3da5f69fbf8418492.js.gz
2024-02-26T18:15:47.8119533Z I, [2024-02-26T10:15:47.782018 #2236]  INFO -- : Writing /home/runner/work/human-essentials/human-essentials/public/assets/actioncable-5433453f9b6619a9de91aaab2d7fc7ff183e5260c0107cbc9a1aa0c838d9a74e.js
2024-02-26T18:15:47.8122754Z I, [2024-02-26T10:15:47.782086 #2236]  INFO -- : Writing /home/runner/work/human-essentials/human-essentials/public/assets/actioncable-5433453f9b6619a9de91aaab2d7fc7ff183e5260c0107cbc9a1aa0c838d9a74e.js.gz
2024-02-26T18:15:47.8126064Z I, [2024-02-26T10:15:47.782184 #2236]  INFO -- : Writing /home/runner/work/human-essentials/human-essentials/public/assets/actioncable.esm-e01089c3ec4fe7817fa9abcad06cab6bdc387f95f0ca6aab4bf7ba7537f70690.js
2024-02-26T18:15:47.8129833Z I, [2024-02-26T10:15:47.782258 #2236]  INFO -- : Writing /home/runner/work/human-essentials/human-essentials/public/assets/actioncable.esm-e01089c3ec4fe7817fa9abcad06cab6bdc387f95f0ca6aab4bf7ba7537f70690.js.gz
2024-02-26T18:15:48.3020742Z Coverage report generated for RSpec to /home/runner/work/human-essentials/human-essentials/coverage. 329 / 10177 LOC (3.23%) covered.
2024-02-26T18:15:48.3840996Z ##[group]Run RUBYOPT='-W:no-deprecated -W:no-experimental' bin/knapsack_pro_rspec
2024-02-26T18:15:48.3842174Z [36;1mRUBYOPT='-W:no-deprecated -W:no-experimental' bin/knapsack_pro_rspec[0m
2024-02-26T18:15:48.3870712Z shell: /usr/bin/bash -e {0}
2024-02-26T18:15:48.3871112Z env:
2024-02-26T18:15:48.3871402Z   POSTGRES_HOST: localhost
2024-02-26T18:15:48.3871884Z   DATABASE_HOST: localhost
2024-02-26T18:15:48.3872257Z   PG_USERNAME: postgres
2024-02-26T18:15:48.3872649Z   PG_PASSWORD: password
2024-02-26T18:15:48.3873087Z   POSTGRES_HOST_AUTH_METHOD: trust
2024-02-26T18:15:48.3873459Z   POSTGRES_PORT: 5432
2024-02-26T18:15:48.3873824Z   PGHOST: localhost
2024-02-26T18:15:48.3874220Z   PGUSER: postgres
2024-02-26T18:15:48.3874551Z   RAILS_ENV: test
2024-02-26T18:15:48.3874923Z   KNAPSACK_PRO_TEST_SUITE_TOKEN_RSPEC: 
2024-02-26T18:15:48.3875389Z   KNAPSACK_PRO_CI_NODE_TOTAL: 6
2024-02-26T18:15:48.3875787Z   KNAPSACK_PRO_CI_NODE_INDEX: 4
2024-02-26T18:15:48.3876402Z   KNAPSACK_PRO_RSPEC_SPLIT_BY_TEST_EXAMPLES: true
2024-02-26T18:15:48.3876840Z   KNAPSACK_PRO_LOG_LEVEL: info
2024-02-26T18:15:48.3877490Z   KNAPSACK_PRO_TEST_FILE_PATTERN: {spec/system/**{,/*/**}/*_spec.rb,spec/requests/**{,/*/**}/*_spec.rb}
2024-02-26T18:15:48.3878185Z   EVENTS_READ: true
2024-02-26T18:15:48.3878535Z ##[endgroup]
2024-02-26T18:15:54.0023828Z W, [2024-02-26T18:15:54.002019 #2313]  WARN -- : [knapsack_pro] GET https://api-disabled-for-fork.knapsackpro.com/v1/build_distributions/last
2024-02-26T18:15:54.0025966Z W, [2024-02-26T18:15:54.002071 #2313]  WARN -- : [knapsack_pro] Request failed due to:
2024-02-26T18:15:54.0028671Z W, [2024-02-26T18:15:54.002086 #2313]  WARN -- : [knapsack_pro] #<SocketError: Failed to open TCP connection to api-disabled-for-fork.knapsackpro.com:443 (getaddrinfo: Name or service not known)>
2024-02-26T18:15:54.0034463Z W, [2024-02-26T18:15:54.002108 #2313]  WARN -- : [knapsack_pro] Slow test files fallback behaviour started. We could not connect with Knapsack Pro API to fetch last CI build test files that are needed to determine slow test files. No test files will be split by test cases. It means all test files will be split by the whole test files as if split by test cases would be disabled https://knapsackpro.com/perma/ruby/split-by-test-examples
2024-02-26T18:15:56.7043571Z W, [2024-02-26T18:15:56.703998 #2313]  WARN -- : [knapsack_pro] POST https://api-disabled-for-fork.knapsackpro.com/v1/build_distributions/subset
2024-02-26T18:15:56.7045964Z W, [2024-02-26T18:15:56.704050 #2313]  WARN -- : [knapsack_pro] Request failed due to:
2024-02-26T18:15:56.7048464Z W, [2024-02-26T18:15:56.704067 #2313]  WARN -- : [knapsack_pro] #<SocketError: Failed to open TCP connection to api-disabled-for-fork.knapsackpro.com:443 (getaddrinfo: Name or service not known)>
2024-02-26T18:15:56.7050853Z W, [2024-02-26T18:15:56.704115 #2313]  WARN -- : [knapsack_pro] Fallback mode started. We could not connect with Knapsack Pro API. Your tests will be executed based on directory names. Read more about fallback mode at https://knapsackpro.com/perma/ruby/fallback-mode
2024-02-26T18:15:56.7102480Z /opt/hostedtoolcache/Ruby/3.2.2/x64/bin/ruby -I/home/runner/work/human-essentials/human-essentials/vendor/bundle/ruby/3.2.0/gems/rspec-core-3.12.2/lib:/home/runner/work/human-essentials/human-essentials/vendor/bundle/ruby/3.2.0/gems/rspec-support-3.12.1/lib /home/runner/work/human-essentials/human-essentials/vendor/bundle/ruby/3.2.0/gems/rspec-core-3.12.2/exe/rspec  --format documentation --format KnapsackPro::Formatters::TimeTracker --default-path spec "spec/requests/admin/base_items_requests_spec.rb" "spec/requests/admin_requests_spec.rb" "spec/requests/distributions_by_county_spec.rb" "spec/requests/kit_requests_spec.rb" "spec/requests/partners/family_requests_spec.rb" "spec/requests/product_drive_participants_requests_spec.rb" "spec/requests/sessions_requests_spec.rb" "spec/requests/vendors_requests_spec.rb" "spec/system/admin/base_items_system_spec.rb" "spec/system/authorization_system_spec.rb" "spec/system/donation_system_spec.rb" "spec/system/manufacturer_system_spec.rb" "spec/system/partners/family_requests_system_spec.rb" "spec/system/product_drive_system_spec.rb" "spec/system/storage_location_system_spec.rb"
2024-02-26T18:16:04.9620251Z 
2024-02-26T18:16:04.9621101Z Randomized with seed 27663
2024-02-26T18:16:05.9233861Z 
2024-02-26T18:16:05.9234425Z Sessions
2024-02-26T18:16:05.9235760Z   Sign in as user without logging off as an admin
2024-02-26T18:16:05.9637856Z     cannot access admin dashboard
2024-02-26T18:16:05.9762530Z     properly accesses the organization dashboard
2024-02-26T18:16:05.9763261Z 
2024-02-26T18:16:05.9763595Z /kits
2024-02-26T18:16:05.9764431Z   while signed in
2024-02-26T18:16:06.0579165Z     PUT #deactivate
2024-02-26T18:16:06.1059751Z     PUT #reactivate
2024-02-26T18:16:06.1060386Z     GET #index
2024-02-26T18:16:06.2031294Z       should include deactivate
2024-02-26T18:16:06.2032182Z       when show inactive is checked
2024-02-26T18:16:06.2777143Z         should show the inactive kit
2024-02-26T18:16:06.2778035Z       when it is already deactivated
2024-02-26T18:16:06.3587099Z         should show reactivate button
2024-02-26T18:16:06.3587794Z       when it cannot be deactivated
2024-02-26T18:16:06.4771988Z         should disable the button
2024-02-26T18:16:06.4772790Z 
2024-02-26T18:16:06.4773198Z DistributionsByCounties
2024-02-26T18:16:06.4774579Z   While not signed in
2024-02-26T18:16:06.4872167Z     redirects for authentication
2024-02-26T18:16:06.4872891Z     While signed in as bank
2024-02-26T18:16:06.5899667Z       shows 'Unspecified 100%' if no served_areas
2024-02-26T18:16:06.5900547Z       basic behaviour with served areas
2024-02-26T18:16:06.8016608Z         handles multiple partners with overlapping service areas properly
2024-02-26T18:16:06.8017487Z 
2024-02-26T18:16:06.8017725Z Donations
2024-02-26T18:16:06.8019396Z   When signed in as a normal user
2024-02-26T18:16:06.8020959Z     When filtering on the index page
2024-02-26T18:16:38.4679465Z       Filters by storage location
2024-02-26T18:16:39.3330412Z       Filters by product drives
2024-02-26T18:16:40.1630760Z       Filters by donation site
2024-02-26T18:16:40.9954196Z       Filters by product drive participant
2024-02-26T18:16:41.8382865Z       Filter by product drive participant sticks around
2024-02-26T18:16:42.6618770Z       Filters by manufacturer
2024-02-26T18:16:43.4885291Z       Filters by the source
2024-02-26T18:16:44.6622956Z       Filters by multiple attributes
2024-02-26T18:16:44.6623638Z       behaves like Date Range Picker
2024-02-26T18:16:44.6624498Z         when choosing a date range that only includes the previous week
2024-02-26T18:16:45.6998474Z           shows only 1 record
2024-02-26T18:16:45.6999547Z         when choosing 'All Time'
2024-02-26T18:16:46.6408840Z           shows all the records
2024-02-26T18:16:46.6409574Z         when choosing 'Last Month'
2024-02-26T18:16:47.5716871Z           shows only 2 of the records
2024-02-26T18:16:47.5717739Z     When viewing an existing donation
2024-02-26T18:16:48.0965935Z       displays donation comment
2024-02-26T18:16:48.6000590Z       does not allow deletion of a donation
2024-02-26T18:16:48.6001362Z       when there is no comment defined
2024-02-26T18:16:49.4181233Z         displays the None provided as the comment
2024-02-26T18:16:49.4182287Z     When editing an existing donation
2024-02-26T18:16:51.0967866Z       Allows the user to edit a donation
2024-02-26T18:16:52.9536311Z       Does not default a selection if item lookup fails
2024-02-26T18:16:52.9536926Z     When visiting the index page
2024-02-26T18:16:53.4523880Z       Displays Total quantity on the index page
2024-02-26T18:16:54.2048651Z       should not display inactive storage locations in dropdown
2024-02-26T18:16:55.0065472Z       doesn't die when an inactive item is in a donation
2024-02-26T18:16:55.7919535Z       Allows User to click to the new donation form
2024-02-26T18:16:55.7920426Z     When donation items have value
2024-02-26T18:16:56.4990596Z       Displays the total value on the index page
2024-02-26T18:16:57.4367971Z       Displays the total value on the show page
2024-02-26T18:16:58.1186821Z       Displays the individual value on the index page
2024-02-26T18:16:58.1187811Z     When creating a new donation
2024-02-26T18:16:58.6169958Z       should not display inactive storage locations in dropdown
2024-02-26T18:16:58.6170763Z       Via barcode entry
2024-02-26T18:16:59.6104531Z         Updates the line item when the same barcode is scanned twice
2024-02-26T18:17:00.4039493Z         Allows User to add items by barcode
2024-02-26T18:17:01.3583162Z         Allows User to add items that do not yet have a barcode
2024-02-26T18:17:01.3584326Z         When the barcode is a global barcode
2024-02-26T18:17:02.4881745Z           Adds the oldest item it can find for the global barcode
2024-02-26T18:17:02.4882845Z       Via manual entry
2024-02-26T18:17:03.5681185Z         Accepts and combines multiple line items for the same item type
2024-02-26T18:17:04.4837422Z         Allows User to create a donation for a Donation Site source
2024-02-26T18:17:05.3727818Z         Allows User to create a donation with a Miscellaneous source
2024-02-26T18:17:06.2812433Z         User can create a donation using dollars decimal amount for its money raised
2024-02-26T18:17:07.2829510Z         Allows User to create a donation for Purchased Supplies
2024-02-26T18:17:08.0364727Z         Allows User to create a Product Drive from donation
2024-02-26T18:17:08.9540819Z         Allows User to create a donation for a ProductDrive Participant source
2024-02-26T18:17:09.7044357Z         Allows User to create a Manufacturer from donation
2024-02-26T18:17:10.5271556Z         Does not include inactive items in the line item fields
2024-02-26T18:17:11.2883305Z         Allows User to create a Product Drive Participant from donation
2024-02-26T18:17:12.2598231Z         Strips extraneous data if the user adds both Donation Site and Product Drive Participant
2024-02-26T18:17:13.1474418Z         Allows donations to be created IN THE PAST
2024-02-26T18:17:13.9537913Z         Ensures Barcode Entry fields have unique ids
2024-02-26T18:17:14.8610581Z         Verifies unusually large donation quantities
2024-02-26T18:17:15.7721235Z         Allows User to create a donation for a Manufacturer source
2024-02-26T18:17:16.6802200Z         Displays nested errors
2024-02-26T18:17:17.6761421Z         Repopulates items dropdown even if initial submission doesn't validate
2024-02-26T18:17:17.6762318Z   while signed in as an organization admin
2024-02-26T18:17:17.6763096Z     When viewing an existing donation
2024-02-26T18:17:18.5372869Z       allows deletion of a donation
2024-02-26T18:17:18.5374116Z 
2024-02-26T18:17:18.5374443Z ProductDriveParticipants
2024-02-26T18:17:18.5376031Z   While signed in
2024-02-26T18:17:18.5378361Z     POST #create
2024-02-26T18:17:18.5739042Z       flash error
2024-02-26T18:17:18.5882370Z       successful create
2024-02-26T18:17:18.5883220Z     XHR #create
2024-02-26T18:17:18.6198516Z       flash error
2024-02-26T18:17:18.6510296Z       successful create
2024-02-26T18:17:18.6511369Z     GET #show
2024-02-26T18:17:18.6815519Z       returns http success
2024-02-26T18:17:18.6816282Z     Looking at a different organization
2024-02-26T18:17:18.8513910Z       redirects the user to the sign-in page for CRUD actions
2024-02-26T18:17:18.8514920Z     POST #import_csv
2024-02-26T18:17:18.8515451Z       without a csv file
2024-02-26T18:17:18.8656954Z         redirects to :index
2024-02-26T18:17:18.8770329Z         presents a flash error message
2024-02-26T18:17:18.8771111Z       csv file with wrong headers
2024-02-26T18:17:18.8927688Z         redirects
2024-02-26T18:17:18.9057080Z         presents a flash error message
2024-02-26T18:17:18.9057831Z       with a csv file
2024-02-26T18:17:18.9262504Z         presents a flash notice message
2024-02-26T18:17:18.9316097Z         invokes .import_csv
2024-02-26T18:17:18.9509721Z         redirects
2024-02-26T18:17:18.9510442Z     GET #index
2024-02-26T18:17:18.9511723Z       csv
2024-02-26T18:17:18.9688937Z         is expected to be successful
2024-02-26T18:17:18.9689747Z       html
2024-02-26T18:17:19.0017774Z         is expected to be successful
2024-02-26T18:17:19.0018588Z     GET #new
2024-02-26T18:17:19.0312593Z       returns http success
2024-02-26T18:17:19.0313577Z     GET #edit
2024-02-26T18:17:19.0645676Z       returns http success
2024-02-26T18:17:19.0646432Z   While not signed in
2024-02-26T18:17:19.0711982Z     redirects the user to the sign-in page for CRUD actions
2024-02-26T18:17:19.0712667Z 
2024-02-26T18:17:19.0712981Z Vendors
2024-02-26T18:17:19.0714353Z   While not signed in
2024-02-26T18:17:19.0835835Z     redirects the user to the sign-in page for CRUD actions
2024-02-26T18:17:19.0836765Z   While signed in
2024-02-26T18:17:19.0838146Z     POST #import_csv
2024-02-26T18:17:19.0839376Z       with a csv file
2024-02-26T18:17:19.1038626Z         presents a flash notice message
2024-02-26T18:17:19.1074098Z         invokes .import_csv
2024-02-26T18:17:19.1257774Z         redirects
2024-02-26T18:17:19.1258478Z       without a csv file
2024-02-26T18:17:19.1373342Z         presents a flash error message
2024-02-26T18:17:19.1485297Z         redirects to :index
2024-02-26T18:17:19.1486013Z       csv file with wrong headers
2024-02-26T18:17:19.1607192Z         redirects
2024-02-26T18:17:19.1722805Z         presents a flash error message
2024-02-26T18:17:19.1723582Z     GET #show
2024-02-26T18:17:19.2064810Z       returns http success
2024-02-26T18:17:19.2065401Z     DELETE #destroy
2024-02-26T18:17:19.2274860Z       does not have a route for this
2024-02-26T18:17:19.2275937Z     GET #new
2024-02-26T18:17:19.2765513Z       returns http success
2024-02-26T18:17:19.2766304Z     GET #edit
2024-02-26T18:17:19.3243275Z       returns http success
2024-02-26T18:17:19.3244084Z     GET #index
2024-02-26T18:17:19.3244687Z       html
2024-02-26T18:17:19.3582360Z         is expected to be successful
2024-02-26T18:17:19.3582872Z       csv
2024-02-26T18:17:19.3742407Z         is expected to be successful
2024-02-26T18:17:19.3745083Z     POST #create
2024-02-26T18:17:19.3885283Z       successful create
2024-02-26T18:17:19.4189435Z       flash error
2024-02-26T18:17:19.4189865Z     Looking at a different organization
2024-02-26T18:17:19.5939460Z       redirects the user to the sign-in page for CRUD actions
2024-02-26T18:17:19.5940086Z     when on vendors index page
2024-02-26T18:17:19.6233854Z       has the correct import type
2024-02-26T18:17:19.6234395Z     XHR #create
2024-02-26T18:17:19.6547619Z       flash error
2024-02-26T18:17:19.6845378Z       successful create
2024-02-26T18:17:19.6846256Z 
2024-02-26T18:17:19.6846573Z Storage Locations
2024-02-26T18:17:19.6850605Z   when viewing the index
2024-02-26T18:17:20.7894691Z     shows totals that are the sum totals of all inputs
2024-02-26T18:17:22.1564367Z     Allows user to deactivate and reactivate storage locations
2024-02-26T18:17:23.0438901Z     Allows user to filter discarded storage locations
2024-02-26T18:17:23.6303835Z     Filter list presented to user is in alphabetical order by item name
2024-02-26T18:17:24.4116838Z     Stops a user from deactivating storage locations with inventory
2024-02-26T18:17:25.6540608Z     User can filter the #index by those that contain certain items
2024-02-26T18:17:25.6541244Z   when viewing an existing storage location
2024-02-26T18:17:26.3105959Z     Items in (adjustments)
2024-02-26T18:17:26.9869886Z     Items out (distributions)
2024-02-26T18:17:26.9870701Z   when editing an existing storage location
2024-02-26T18:17:27.9398297Z     User updates an existing storage location
2024-02-26T18:17:28.6961627Z     User updates an existing storage location with empty name
2024-02-26T18:17:28.6962505Z   when creating a new storage location
2024-02-26T18:17:29.6294499Z     User creates a new storage location
2024-02-26T18:17:30.3623999Z     User creates a new storage location with empty attributes
2024-02-26T18:17:31.1735053Z     User creates a new storage location with optional fields
2024-02-26T18:17:31.1735978Z 
2024-02-26T18:17:31.1736596Z Admin::BaseItems
2024-02-26T18:17:31.1737649Z   When logged in as an organization admin
2024-02-26T18:17:31.1739640Z     GET #edit
2024-02-26T18:17:31.1901340Z       returns http success
2024-02-26T18:17:31.1902035Z     PUT #update
2024-02-26T18:17:31.2038405Z       redirect
2024-02-26T18:17:31.2038975Z     DELETE #destroy
2024-02-26T18:17:31.2176025Z       redirects
2024-02-26T18:17:31.2176854Z     GET #show
2024-02-26T18:17:31.2306062Z       returns http success
2024-02-26T18:17:31.2306711Z     POST #create
2024-02-26T18:17:31.2447356Z       redirects
2024-02-26T18:17:31.2448024Z     GET #new
2024-02-26T18:17:31.2570948Z       returns http success
2024-02-26T18:17:31.2571493Z     GET #index
2024-02-26T18:17:31.2700630Z       returns http success
2024-02-26T18:17:31.2701418Z 
2024-02-26T18:17:31.2701827Z Family requests
2024-02-26T18:17:31.2703009Z   filtering children
2024-02-26T18:17:32.2840628Z     user can see a list of children filtered by guardian name
2024-02-26T18:17:33.2284572Z     user can see a list of children filtered by first_name
2024-02-26T18:17:33.2285676Z   for children with different items, from different families
2024-02-26T18:17:34.8807097Z     it creates family requests
2024-02-26T18:17:34.8807807Z 
2024-02-26T18:17:34.8809635Z Manufacturer
2024-02-26T18:17:35.5976664Z   allows a user to add a new manufacturer instance with empty attributes
2024-02-26T18:17:36.3212822Z   allows a user to update a manufacturer with empty attributes
2024-02-26T18:17:37.0613996Z   allows a user to create a new manufacturer instance
2024-02-26T18:17:37.8139118Z   allows a user to update the contact info for a manufacturer
2024-02-26T18:17:37.8140102Z   When a user views the index page
2024-02-26T18:17:38.3002540Z     alphabetizes the manufacturer names
2024-02-26T18:17:38.3003702Z   When the Manufacturers have donations associated with them already
2024-02-26T18:17:38.9697327Z     shows existing Manufacturers in the #index with some summary stats
2024-02-26T18:17:39.6797847Z     allows single Manufacturers to show semi-detailed stats about donations from that manufacturer
2024-02-26T18:17:39.6798535Z 
2024-02-26T18:17:39.6798884Z /partners/family
2024-02-26T18:17:39.6799414Z   GET #index
2024-02-26T18:17:39.7410000Z     should render without any issues and present all families
2024-02-26T18:17:39.8009512Z     should render without any issues and display unarchived families by default
2024-02-26T18:17:39.8472361Z     should export CSV
2024-02-26T18:17:39.8473005Z 
2024-02-26T18:17:39.8473337Z Product Drives
2024-02-26T18:17:39.8474975Z   when creating a Virtual Product Drive
2024-02-26T18:17:40.7614046Z     must have the success message
2024-02-26T18:17:41.6986418Z     must create a new virtual Product Drive
2024-02-26T18:17:42.6333099Z     must have correct attributes
2024-02-26T18:17:42.6333961Z   when creating a normal product drive
2024-02-26T18:17:43.4134648Z     must create a new product drive
2024-02-26T18:17:44.2001472Z     must have correct attributes
2024-02-26T18:17:45.0042230Z     must have the success message
2024-02-26T18:17:45.0043090Z   When visiting the index page without parameters
2024-02-26T18:17:45.4988454Z     Shows the expected filters with the expected values
2024-02-26T18:17:45.9977781Z     shows in descending order of start date
2024-02-26T18:17:46.4797886Z     shows only one non-virtual product drive
2024-02-26T18:17:46.9628399Z     shows the expected product drives
2024-02-26T18:17:47.4337574Z     shows only one virtual product drive
2024-02-26T18:17:47.4338474Z   when showing a Product Drive with no end date
2024-02-26T18:17:47.8871048Z     must be able to show the product drive
2024-02-26T18:17:47.8871626Z 
2024-02-26T18:17:47.8871887Z Authorization
2024-02-26T18:17:48.4982045Z   redirects to the organization dashboard when authorized
2024-02-26T18:17:49.0520584Z   redirects to the dashboard when unauthorized user attempts access
2024-02-26T18:17:49.0521433Z 
2024-02-26T18:17:49.0521557Z Admin
2024-02-26T18:17:49.0522206Z   while signed in as a super admin
2024-02-26T18:17:49.0993382Z     allows a user to load the dashboard
2024-02-26T18:17:49.0994509Z     with rendered views
2024-02-26T18:17:49.3648363Z       shows the recently added users email
2024-02-26T18:17:49.6378535Z       shows a logout button
2024-02-26T18:17:49.6379377Z   while signed in as a non-super-admin
2024-02-26T18:17:49.6598934Z     disallows dashboard access, redirecting to the normal dashboard
2024-02-26T18:17:49.6599842Z 
2024-02-26T18:17:49.6600100Z Base Item Admin
2024-02-26T18:17:49.6601467Z   While signed in as an Administrative User with no organization (super admin no org)
2024-02-26T18:17:50.2950521Z     can view a listing of all Base Items that shows a summary of its sub-items
2024-02-26T18:17:50.7518869Z     can view a single Base Item
2024-02-26T18:17:50.7519821Z     when creating a new base item
2024-02-26T18:17:51.4713703Z       should fail when creating a new base item with empty attributes
2024-02-26T18:17:52.2929664Z       should succeed when creating a new base item with good data
2024-02-26T18:17:52.2930472Z     when updating an existing base item
2024-02-26T18:17:53.0897428Z       should succeed when changing the name
2024-02-26T18:17:53.8176215Z       should fail when updating the name to empty
2024-02-26T18:17:53.8177345Z   While signed in as an Administrative User (super admin)
2024-02-26T18:17:54.2687469Z     can view a single Base Item
2024-02-26T18:17:54.8008369Z     can view a listing of all Base Items that shows a summary of its sub-items
2024-02-26T18:17:54.8009454Z     when creating a new base item
2024-02-26T18:17:55.5029725Z       should fail when creating a new base item with empty attributes
2024-02-26T18:17:56.3104171Z       should succeed when creating a new base item with good data
2024-02-26T18:17:56.3104874Z     when updating an existing base item
2024-02-26T18:17:57.0797866Z       should fail when updating the name to empty
2024-02-26T18:17:57.8577708Z       should succeed when changing the name
2024-02-26T18:17:57.8578713Z   While signed in as a normal user
2024-02-26T18:17:59.2653175Z     should have a normal user not see anything
2024-02-26T18:17:59.2751521Z W, [2024-02-26T10:17:59.274917 #2365]  WARN -- : [knapsack_pro] POST https://api-disabled-for-fork.knapsackpro.com/v1/build_subsets
2024-02-26T18:17:59.2752903Z W, [2024-02-26T10:17:59.274973 #2365]  WARN -- : [knapsack_pro] Request failed due to:
2024-02-26T18:17:59.2754808Z W, [2024-02-26T10:17:59.275003 #2365]  WARN -- : [knapsack_pro] #<SocketError: Failed to open TCP connection to api-disabled-for-fork.knapsackpro.com:443 (getaddrinfo: Name or service not known)>
2024-02-26T18:17:59.2756641Z W, [2024-02-26T10:17:59.275039 #2365]  WARN -- : [knapsack_pro] Time execution report was not saved on Knapsack Pro API server due to connection problem.
2024-02-26T18:17:59.2757482Z 
2024-02-26T18:17:59.2757757Z Finished in 1 minute 54.31 seconds (files took 8.03 seconds to load)
2024-02-26T18:17:59.2758338Z 159 examples, 0 failures
2024-02-26T18:17:59.2758555Z 
2024-02-26T18:17:59.2758798Z Randomized with seed 27663
2024-02-26T18:17:59.2759052Z 
2024-02-26T18:17:59.7557291Z Coverage report generated for RSpec to /home/runner/work/human-essentials/human-essentials/coverage. 3484 / 6413 LOC (54.33%) covered.
2024-02-26T18:18:00.2553261Z Coverage report generated for RSpec to /home/runner/work/human-essentials/human-essentials/coverage. 38 / 10662 LOC (0.36%) covered.
2024-02-26T18:18:00.2928612Z Post job cleanup.
2024-02-26T18:18:00.3930649Z [command]/usr/bin/git version
2024-02-26T18:18:00.3981356Z git version 2.43.2
2024-02-26T18:18:00.4024022Z Temporarily overriding HOME='/home/runner/work/_temp/e14cbd39-50a7-4fc6-a4cc-e63520b90920' before making global git config changes
2024-02-26T18:18:00.4026048Z Adding repository directory to the temporary git global config as a safe directory
2024-02-26T18:18:00.4030733Z [command]/usr/bin/git config --global --add safe.directory /home/runner/work/human-essentials/human-essentials
2024-02-26T18:18:00.4074326Z [command]/usr/bin/git config --local --name-only --get-regexp core\.sshCommand
2024-02-26T18:18:00.4115206Z [command]/usr/bin/git submodule foreach --recursive sh -c "git config --local --name-only --get-regexp 'core\.sshCommand' && git config --local --unset-all 'core.sshCommand' || :"
2024-02-26T18:18:00.4374795Z [command]/usr/bin/git config --local --name-only --get-regexp http\.https\:\/\/github\.com\/\.extraheader
2024-02-26T18:18:00.4405956Z http.https://github.com/.extraheader
2024-02-26T18:18:00.4415511Z [command]/usr/bin/git config --local --unset-all http.https://github.com/.extraheader
2024-02-26T18:18:00.4455435Z [command]/usr/bin/git submodule foreach --recursive sh -c "git config --local --name-only --get-regexp 'http\.https\:\/\/github\.com\/\.extraheader' && git config --local --unset-all 'http.https://github.com/.extraheader' || :"
2024-02-26T18:18:00.4866179Z Print service container logs: 38f98111810340f6b061dea2fa577665_postgres123_cac257
2024-02-26T18:18:00.4871522Z ##[command]/usr/bin/docker logs --details ea8c60cdda9b0fdfd46f9bfcadf792a9a08cda9bf20a2792fdb68626c85f9ccf
2024-02-26T18:18:00.4995219Z  The files belonging to this database system will be owned by user "postgres".
2024-02-26T18:18:00.4997599Z  initdb: warning: enabling "trust" authentication for local connections
2024-02-26T18:18:00.5000163Z  You can change this by editing pg_hba.conf or using the option -A, or
2024-02-26T18:18:00.5001639Z  --auth-local and --auth-host, the next time you run initdb.
2024-02-26T18:18:00.5003362Z  2024-02-26 18:14:38.800 UTC [1] LOG:  starting PostgreSQL 12.3 (Debian 12.3-1.pgdg100+1) on x86_64-pc-linux-gnu, compiled by gcc (Debian 8.3.0-6) 8.3.0, 64-bit
2024-02-26T18:18:00.5005365Z  2024-02-26 18:14:38.800 UTC [1] LOG:  listening on IPv4 address "0.0.0.0", port 5432
2024-02-26T18:18:00.5007506Z  2024-02-26 18:14:38.800 UTC [1] LOG:  listening on IPv6 address "::", port 5432
2024-02-26T18:18:00.5008964Z  2024-02-26 18:14:38.801 UTC [1] LOG:  listening on Unix socket "/var/run/postgresql/.s.PGSQL.5432"
2024-02-26T18:18:00.5010500Z  2024-02-26 18:14:38.814 UTC [56] LOG:  database system was shut down at 2024-02-26 18:14:38 UTC
2024-02-26T18:18:00.5011921Z  2024-02-26 18:14:38.820 UTC [1] LOG:  database system is ready to accept connections
2024-02-26T18:18:00.5013859Z  2024-02-26 18:14:47.989 UTC [70] FATAL:  role "root" does not exist
2024-02-26T18:18:00.5015074Z  2024-02-26 18:14:58.076 UTC [78] FATAL:  role "root" does not exist
2024-02-26T18:18:00.5016319Z  2024-02-26 18:15:06.200 UTC [79] FATAL:  database "diaper_test" does not exist
2024-02-26T18:18:00.5017420Z  2024-02-26 18:15:08.174 UTC [88] FATAL:  role "root" does not exist
2024-02-26T18:18:00.5018183Z  2024-02-26 18:15:12.978 UTC [89] ERROR:  relation "flipper_gates" does not exist at character 491
2024-02-26T18:18:00.5019075Z  2024-02-26 18:15:12.978 UTC [89] STATEMENT:  SELECT a.attname, format_type(a.atttypid, a.atttypmod),
2024-02-26T18:18:00.5019872Z  This user must also own the server process.
2024-02-26T18:18:00.5020306Z  
2024-02-26T18:18:00.5020826Z  The database cluster will be initialized with locale "en_US.utf8".
2024-02-26T18:18:00.5021546Z  The default database encoding has accordingly been set to "UTF8".
2024-02-26T18:18:00.5022203Z  The default text search configuration will be set to "english".
2024-02-26T18:18:00.5022755Z  
2024-02-26T18:18:00.5023070Z  Data page checksums are disabled.
2024-02-26T18:18:00.5023480Z  
2024-02-26T18:18:00.5024006Z  fixing permissions on existing directory /var/lib/postgresql/data ... ok
2024-02-26T18:18:00.5024584Z  creating subdirectories ... ok
2024-02-26T18:18:00.5025091Z  selecting dynamic shared memory implementation ... posix
2024-02-26T18:18:00.5025680Z  selecting default max_connections ... 100
2024-02-26T18:18:00.5026121Z  selecting default shared_buffers ... 128MB
2024-02-26T18:18:00.5026810Z  selecting default time zone ... Etc/UTC
2024-02-26T18:18:00.5027361Z  creating configuration files ... ok
2024-02-26T18:18:00.5027809Z  running bootstrap script ... ok
2024-02-26T18:18:00.5028328Z  performing post-bootstrap initialization ... ok
2024-02-26T18:18:00.5028799Z  syncing data to disk ... ok
2024-02-26T18:18:00.5029176Z  
2024-02-26T18:18:00.5029483Z  
2024-02-26T18:18:00.5030136Z  Success. You can now start the database server using:
2024-02-26T18:18:00.5030608Z  
2024-02-26T18:18:00.5031064Z      pg_ctl -D /var/lib/postgresql/data -l logfile start
2024-02-26T18:18:00.5031565Z  
2024-02-26T18:18:00.5032465Z  waiting for server to start....2024-02-26 18:14:38.597 UTC [47] LOG:  starting PostgreSQL 12.3 (Debian 12.3-1.pgdg100+1) on x86_64-pc-linux-gnu, compiled by gcc (Debian 8.3.0-6) 8.3.0, 64-bit
2024-02-26T18:18:00.5033777Z  2024-02-26 18:14:38.598 UTC [47] LOG:  listening on Unix socket "/var/run/postgresql/.s.PGSQL.5432"
2024-02-26T18:18:00.5034828Z  2024-02-26 18:14:38.610 UTC [48] LOG:  database system was shut down at 2024-02-26 18:14:38 UTC
2024-02-26T18:18:00.5035602Z  2024-02-26 18:14:38.615 UTC [47] LOG:  database system is ready to accept connections
2024-02-26T18:18:00.5036269Z   done
2024-02-26T18:18:00.5036567Z  server started
2024-02-26T18:18:00.5036958Z  
2024-02-26T18:18:00.5037447Z  /usr/local/bin/docker-entrypoint.sh: ignoring /docker-entrypoint-initdb.d/*
2024-02-26T18:18:00.5038030Z  
2024-02-26T18:18:00.5038521Z  2024-02-26 18:14:38.689 UTC [47] LOG:  received fast shutdown request
2024-02-26T18:18:00.5039292Z  waiting for server to shut down....2024-02-26 18:14:38.690 UTC [47] LOG:  aborting any active transactions
2024-02-26T18:18:00.5040298Z  2024-02-26 18:14:38.691 UTC [47] LOG:  background worker "logical replication launcher" (PID 54) exited with exit code 1
2024-02-26T18:18:00.5041157Z  2024-02-26 18:14:38.691 UTC [49] LOG:  shutting down
2024-02-26T18:18:00.5041730Z  2024-02-26 18:14:38.702 UTC [47] LOG:  database system is shut down
2024-02-26T18:18:00.5042336Z   done
2024-02-26T18:18:00.5042719Z  server stopped
2024-02-26T18:18:00.5043055Z  
2024-02-26T18:18:00.5043495Z  PostgreSQL init process complete; ready for start up.
2024-02-26T18:18:00.5043933Z  
2024-02-26T18:18:00.5044427Z  	       pg_get_expr(d.adbin, d.adrelid), a.attnotnull, a.atttypid, a.atttypmod,
2024-02-26T18:18:00.5296722Z  	       c.collname, col_description(a.attrelid, a.attnum) AS comment,
2024-02-26T18:18:00.5297589Z  	       attgenerated as attgenerated
2024-02-26T18:18:00.5298088Z  	  FROM pg_attribute a
2024-02-26T18:18:00.5298721Z  	  LEFT JOIN pg_attrdef d ON a.attrelid = d.adrelid AND a.attnum = d.adnum
2024-02-26T18:18:00.5299552Z  	  LEFT JOIN pg_type t ON a.atttypid = t.oid
2024-02-26T18:18:00.5300573Z  	  LEFT JOIN pg_collation c ON a.attcollation = c.oid AND a.attcollation <> t.typcollation
2024-02-26T18:18:00.5301620Z  	 WHERE a.attrelid = '"flipper_gates"'::regclass
2024-02-26T18:18:00.5302286Z  	   AND a.attnum > 0 AND NOT a.attisdropped
2024-02-26T18:18:00.5302832Z  	 ORDER BY a.attnum
2024-02-26T18:18:00.5303244Z  	
2024-02-26T18:18:00.5303873Z  2024-02-26 18:15:18.254 UTC [99] FATAL:  role "root" does not exist
2024-02-26T18:18:00.5304821Z  2024-02-26 18:15:28.334 UTC [107] FATAL:  role "root" does not exist
2024-02-26T18:18:00.5305773Z  2024-02-26 18:15:38.428 UTC [115] FATAL:  role "root" does not exist
2024-02-26T18:18:00.5306699Z  2024-02-26 18:15:48.523 UTC [124] FATAL:  role "root" does not exist
2024-02-26T18:18:00.5307596Z  2024-02-26 18:15:58.606 UTC [132] FATAL:  role "root" does not exist
2024-02-26T18:18:00.5308517Z  2024-02-26 18:16:08.684 UTC [142] FATAL:  role "root" does not exist
2024-02-26T18:18:00.5309380Z  2024-02-26 18:16:18.760 UTC [151] FATAL:  role "root" does not exist
2024-02-26T18:18:00.5310243Z  2024-02-26 18:16:28.837 UTC [159] FATAL:  role "root" does not exist
2024-02-26T18:18:00.5311148Z  2024-02-26 18:16:38.913 UTC [167] FATAL:  role "root" does not exist
2024-02-26T18:18:00.5312150Z  2024-02-26 18:16:49.020 UTC [176] FATAL:  role "root" does not exist
2024-02-26T18:18:00.5312964Z  2024-02-26 18:16:59.105 UTC [184] FATAL:  role "root" does not exist
2024-02-26T18:18:00.5313502Z  2024-02-26 18:17:09.195 UTC [192] FATAL:  role "root" does not exist
2024-02-26T18:18:00.5314035Z  2024-02-26 18:17:19.272 UTC [201] FATAL:  role "root" does not exist
2024-02-26T18:18:00.5314576Z  2024-02-26 18:17:29.359 UTC [209] FATAL:  role "root" does not exist
2024-02-26T18:18:00.5315456Z  2024-02-26 18:17:39.455 UTC [217] FATAL:  role "root" does not exist
2024-02-26T18:18:00.5315994Z  2024-02-26 18:17:49.544 UTC [226] FATAL:  role "root" does not exist
2024-02-26T18:18:00.5316513Z  2024-02-26 18:17:59.633 UTC [235] FATAL:  role "root" does not exist
2024-02-26T18:18:00.5322570Z Stop and remove container: 38f98111810340f6b061dea2fa577665_postgres123_cac257
2024-02-26T18:18:00.5328102Z ##[command]/usr/bin/docker rm --force ea8c60cdda9b0fdfd46f9bfcadf792a9a08cda9bf20a2792fdb68626c85f9ccf
2024-02-26T18:18:00.7754696Z ea8c60cdda9b0fdfd46f9bfcadf792a9a08cda9bf20a2792fdb68626c85f9ccf
2024-02-26T18:18:00.7784029Z Remove container network: github_network_c07e7ae356344de4910bf2e3fe4e6e42
2024-02-26T18:18:00.7789051Z ##[command]/usr/bin/docker network rm github_network_c07e7ae356344de4910bf2e3fe4e6e42
2024-02-26T18:18:01.0224499Z github_network_c07e7ae356344de4910bf2e3fe4e6e42
2024-02-26T18:18:01.0389793Z Cleaning up orphan processes
