2024-03-03T14:57:32.0785996Z Requested labels: ubuntu-latest
2024-03-03T14:57:32.0786294Z Job defined at: rubyforgood/human-essentials/.github/workflows/factory-bot-lint.yml@refs/pull/4154/merge
2024-03-03T14:57:32.0786408Z Waiting for a runner to pick up this job...
2024-03-03T14:57:32.5426452Z Job is waiting for a hosted runner to come online.
2024-03-03T14:57:36.2487347Z Job is about to start running on the hosted runner: GitHub Actions 18 (hosted)
2024-03-03T14:57:38.0820371Z Current runner version: '2.313.0'
2024-03-03T14:57:38.0841947Z ##[group]Operating System
2024-03-03T14:57:38.0842623Z Ubuntu
2024-03-03T14:57:38.0842961Z 22.04.4
2024-03-03T14:57:38.0843295Z LTS
2024-03-03T14:57:38.0843680Z ##[endgroup]
2024-03-03T14:57:38.0844050Z ##[group]Runner Image
2024-03-03T14:57:38.0844592Z Image: ubuntu-22.04
2024-03-03T14:57:38.0845033Z Version: 20240225.1.0
2024-03-03T14:57:38.0846040Z Included Software: https://github.com/actions/runner-images/blob/ubuntu22/20240225.1/images/ubuntu/Ubuntu2204-Readme.md
2024-03-03T14:57:38.0847788Z Image Release: https://github.com/actions/runner-images/releases/tag/ubuntu22%2F20240225.1
2024-03-03T14:57:38.0848752Z ##[endgroup]
2024-03-03T14:57:38.0849137Z ##[group]Runner Image Provisioner
2024-03-03T14:57:38.0849621Z 2.0.347.1
2024-03-03T14:57:38.0850000Z ##[endgroup]
2024-03-03T14:57:38.0852062Z ##[group]GITHUB_TOKEN Permissions
2024-03-03T14:57:38.0853821Z Actions: read
2024-03-03T14:57:38.0854209Z Checks: read
2024-03-03T14:57:38.0854811Z Contents: read
2024-03-03T14:57:38.0855265Z Deployments: read
2024-03-03T14:57:38.0855653Z Discussions: read
2024-03-03T14:57:38.0856105Z Issues: read
2024-03-03T14:57:38.0856423Z Metadata: read
2024-03-03T14:57:38.0856801Z Packages: read
2024-03-03T14:57:38.0857256Z Pages: read
2024-03-03T14:57:38.0857585Z PullRequests: read
2024-03-03T14:57:38.0858012Z RepositoryProjects: read
2024-03-03T14:57:38.0858547Z SecurityEvents: read
2024-03-03T14:57:38.0858919Z Statuses: read
2024-03-03T14:57:38.0859289Z ##[endgroup]
2024-03-03T14:57:38.0862246Z Secret source: None
2024-03-03T14:57:38.0862800Z Prepare workflow directory
2024-03-03T14:57:38.1834195Z Prepare all required actions
2024-03-03T14:57:38.2080637Z Getting action download info
2024-03-03T14:57:38.4084593Z Download action repository 'actions/checkout@v2' (SHA:ee0669bd1cc54295c223e0bb666b733df41de1c5)
2024-03-03T14:57:38.5158416Z Download action repository 'ruby/setup-ruby@v1' (SHA:d4526a55538b775af234ba4af27118ed6f8f6677)
2024-03-03T14:57:38.8372502Z Complete job name: factory_bot_lint
2024-03-03T14:57:38.9011274Z ##[group]Checking docker version
2024-03-03T14:57:38.9025464Z ##[command]/usr/bin/docker version --format '{{.Server.APIVersion}}'
2024-03-03T14:57:38.9451805Z '1.43'
2024-03-03T14:57:38.9463253Z Docker daemon API version: '1.43'
2024-03-03T14:57:38.9464174Z ##[command]/usr/bin/docker version --format '{{.Client.APIVersion}}'
2024-03-03T14:57:38.9625655Z '1.43'
2024-03-03T14:57:38.9637356Z Docker client API version: '1.43'
2024-03-03T14:57:38.9642328Z ##[endgroup]
2024-03-03T14:57:38.9645393Z ##[group]Clean up resources from previous jobs
2024-03-03T14:57:38.9651281Z ##[command]/usr/bin/docker ps --all --quiet --no-trunc --filter "label=b5e1f6"
2024-03-03T14:57:38.9790796Z ##[command]/usr/bin/docker network prune --force --filter "label=b5e1f6"
2024-03-03T14:57:38.9920230Z ##[endgroup]
2024-03-03T14:57:38.9920836Z ##[group]Create local container network
2024-03-03T14:57:38.9931103Z ##[command]/usr/bin/docker network create --label b5e1f6 github_network_dfb73e7f8ec74e1ba5689b03f0a0b6bb
2024-03-03T14:57:39.0527627Z cc6d6ee0caecdbb10e443a2bf2c1a6eb9c2789f1714f56c8c2ebcf0e28370c9b
2024-03-03T14:57:39.0545468Z ##[endgroup]
2024-03-03T14:57:39.0623931Z ##[group]Starting db service container
2024-03-03T14:57:39.0641018Z ##[command]/usr/bin/docker pull postgres:12.3
2024-03-03T14:57:39.3738019Z 12.3: Pulling from library/postgres
2024-03-03T14:57:39.4489374Z bf5952930446: Pulling fs layer
2024-03-03T14:57:39.4490584Z 9577476abb00: Pulling fs layer
2024-03-03T14:57:39.4491592Z 2bd105512d5c: Pulling fs layer
2024-03-03T14:57:39.4492883Z b1cd21c26e81: Pulling fs layer
2024-03-03T14:57:39.4493520Z 34a7c86cf8fc: Pulling fs layer
2024-03-03T14:57:39.4493901Z 274e7b0c38d5: Pulling fs layer
2024-03-03T14:57:39.4494444Z 3e831b350d37: Pulling fs layer
2024-03-03T14:57:39.4494860Z 38fa0d496534: Pulling fs layer
2024-03-03T14:57:39.4495202Z 31a8349609a4: Pulling fs layer
2024-03-03T14:57:39.4495661Z 14e4c2a4b7b7: Pulling fs layer
2024-03-03T14:57:39.4496063Z 964acfa02beb: Pulling fs layer
2024-03-03T14:57:39.4496752Z 34a7c86cf8fc: Waiting
2024-03-03T14:57:39.4497214Z 31b1f20dffc0: Pulling fs layer
2024-03-03T14:57:39.4497631Z 14771c2930e9: Pulling fs layer
2024-03-03T14:57:39.4498006Z 2f30edd0ce8a: Pulling fs layer
2024-03-03T14:57:39.4498461Z 274e7b0c38d5: Waiting
2024-03-03T14:57:39.4498794Z 964acfa02beb: Waiting
2024-03-03T14:57:39.4499103Z 3e831b350d37: Waiting
2024-03-03T14:57:39.4499513Z 31b1f20dffc0: Waiting
2024-03-03T14:57:39.4499846Z 38fa0d496534: Waiting
2024-03-03T14:57:39.4500137Z 2f30edd0ce8a: Waiting
2024-03-03T14:57:39.4500549Z 14771c2930e9: Waiting
2024-03-03T14:57:39.4500871Z b1cd21c26e81: Waiting
2024-03-03T14:57:39.4501154Z 31a8349609a4: Waiting
2024-03-03T14:57:39.5438356Z 2bd105512d5c: Verifying Checksum
2024-03-03T14:57:39.5439225Z 2bd105512d5c: Download complete
2024-03-03T14:57:39.5873917Z 9577476abb00: Verifying Checksum
2024-03-03T14:57:39.5874709Z 9577476abb00: Download complete
2024-03-03T14:57:39.6527589Z b1cd21c26e81: Download complete
2024-03-03T14:57:39.7223798Z bf5952930446: Download complete
2024-03-03T14:57:39.7666205Z 274e7b0c38d5: Download complete
2024-03-03T14:57:39.7984117Z 3e831b350d37: Verifying Checksum
2024-03-03T14:57:39.8560460Z 38fa0d496534: Verifying Checksum
2024-03-03T14:57:39.8563925Z 38fa0d496534: Download complete
2024-03-03T14:57:39.8582683Z 34a7c86cf8fc: Verifying Checksum
2024-03-03T14:57:39.8583498Z 34a7c86cf8fc: Download complete
2024-03-03T14:57:39.9426132Z 14e4c2a4b7b7: Download complete
2024-03-03T14:57:39.9478827Z 964acfa02beb: Verifying Checksum
2024-03-03T14:57:39.9479793Z 964acfa02beb: Download complete
2024-03-03T14:57:40.0218305Z 14771c2930e9: Verifying Checksum
2024-03-03T14:57:40.0219845Z 14771c2930e9: Download complete
2024-03-03T14:57:40.0434053Z 31b1f20dffc0: Download complete
2024-03-03T14:57:40.1091048Z 2f30edd0ce8a: Verifying Checksum
2024-03-03T14:57:40.1091768Z 2f30edd0ce8a: Download complete
2024-03-03T14:57:40.4654317Z 31a8349609a4: Verifying Checksum
2024-03-03T14:57:40.4655364Z 31a8349609a4: Download complete
2024-03-03T14:57:40.8957698Z bf5952930446: Pull complete
2024-03-03T14:57:41.1958348Z 9577476abb00: Pull complete
2024-03-03T14:57:41.2175006Z 2bd105512d5c: Pull complete
2024-03-03T14:57:41.2638877Z b1cd21c26e81: Pull complete
2024-03-03T14:57:41.5655576Z 34a7c86cf8fc: Pull complete
2024-03-03T14:57:41.6394220Z 274e7b0c38d5: Pull complete
2024-03-03T14:57:41.6467806Z 3e831b350d37: Pull complete
2024-03-03T14:57:41.6549982Z 38fa0d496534: Pull complete
2024-03-03T14:57:43.9276319Z 31a8349609a4: Pull complete
2024-03-03T14:57:43.9443973Z 14e4c2a4b7b7: Pull complete
2024-03-03T14:57:43.9572445Z 964acfa02beb: Pull complete
2024-03-03T14:57:43.9662286Z 31b1f20dffc0: Pull complete
2024-03-03T14:57:43.9747698Z 14771c2930e9: Pull complete
2024-03-03T14:57:43.9850279Z 2f30edd0ce8a: Pull complete
2024-03-03T14:57:43.9889375Z Digest: sha256:a06e6e6e519b7a329c419f8221edec66cfc45511e8b80e262c12103ba745cf19
2024-03-03T14:57:43.9900263Z Status: Downloaded newer image for postgres:12.3
2024-03-03T14:57:43.9918673Z docker.io/library/postgres:12.3
2024-03-03T14:57:44.0017354Z ##[command]/usr/bin/docker create --name 2666925aea3e4c21bc7868a198d861cb_postgres123_d0236d --label b5e1f6 --network github_network_dfb73e7f8ec74e1ba5689b03f0a0b6bb --network-alias db -p 5432:5432 --health-cmd pg_isready --health-interval 10s --health-timeout 5s --health-retries 5 -e "POSTGRES_PASSWORD=password" -e GITHUB_ACTIONS=true -e CI=true postgres:12.3
2024-03-03T14:57:44.0261712Z c4f8ea2acb836e32e88f5ea8e77d1e0d5198a3011b16a1c3c3da0f1d87f489dc
2024-03-03T14:57:44.0281319Z ##[command]/usr/bin/docker start c4f8ea2acb836e32e88f5ea8e77d1e0d5198a3011b16a1c3c3da0f1d87f489dc
2024-03-03T14:57:44.4098434Z c4f8ea2acb836e32e88f5ea8e77d1e0d5198a3011b16a1c3c3da0f1d87f489dc
2024-03-03T14:57:44.4116581Z ##[command]/usr/bin/docker ps --all --filter id=c4f8ea2acb836e32e88f5ea8e77d1e0d5198a3011b16a1c3c3da0f1d87f489dc --filter status=running --no-trunc --format "{{.ID}} {{.Status}}"
2024-03-03T14:57:44.4256574Z c4f8ea2acb836e32e88f5ea8e77d1e0d5198a3011b16a1c3c3da0f1d87f489dc Up Less than a second (health: starting)
2024-03-03T14:57:44.4286267Z ##[command]/usr/bin/docker port c4f8ea2acb836e32e88f5ea8e77d1e0d5198a3011b16a1c3c3da0f1d87f489dc
2024-03-03T14:57:44.4410451Z 5432/tcp -> 0.0.0.0:5432
2024-03-03T14:57:44.4412872Z 5432/tcp -> [::]:5432
2024-03-03T14:57:44.4498084Z ##[endgroup]
2024-03-03T14:57:44.4523485Z ##[group]Waiting for all services to be ready
2024-03-03T14:57:44.4561253Z ##[command]/usr/bin/docker inspect --format="{{if .Config.Healthcheck}}{{print .State.Health.Status}}{{end}}" c4f8ea2acb836e32e88f5ea8e77d1e0d5198a3011b16a1c3c3da0f1d87f489dc
2024-03-03T14:57:44.4681133Z starting
2024-03-03T14:57:44.4705236Z db service is starting, waiting 2 seconds before checking again.
2024-03-03T14:57:46.4697847Z ##[command]/usr/bin/docker inspect --format="{{if .Config.Healthcheck}}{{print .State.Health.Status}}{{end}}" c4f8ea2acb836e32e88f5ea8e77d1e0d5198a3011b16a1c3c3da0f1d87f489dc
2024-03-03T14:57:46.4813963Z starting
2024-03-03T14:57:46.4826659Z db service is starting, waiting 4 seconds before checking again.
2024-03-03T14:57:50.8453096Z ##[command]/usr/bin/docker inspect --format="{{if .Config.Healthcheck}}{{print .State.Health.Status}}{{end}}" c4f8ea2acb836e32e88f5ea8e77d1e0d5198a3011b16a1c3c3da0f1d87f489dc
2024-03-03T14:57:50.8571850Z starting
2024-03-03T14:57:50.8584229Z db service is starting, waiting 8 seconds before checking again.
2024-03-03T14:57:59.1520460Z ##[command]/usr/bin/docker inspect --format="{{if .Config.Healthcheck}}{{print .State.Health.Status}}{{end}}" c4f8ea2acb836e32e88f5ea8e77d1e0d5198a3011b16a1c3c3da0f1d87f489dc
2024-03-03T14:57:59.1642184Z healthy
2024-03-03T14:57:59.1659318Z db service is healthy.
2024-03-03T14:57:59.1659955Z ##[endgroup]
2024-03-03T14:57:59.2024275Z ##[group]Run actions/checkout@v2
2024-03-03T14:57:59.2024701Z with:
2024-03-03T14:57:59.2025066Z   repository: rubyforgood/human-essentials
2024-03-03T14:57:59.2025762Z   token: ***
2024-03-03T14:57:59.2026115Z   ssh-strict: true
2024-03-03T14:57:59.2026434Z   persist-credentials: true
2024-03-03T14:57:59.2026897Z   clean: true
2024-03-03T14:57:59.2027221Z   fetch-depth: 1
2024-03-03T14:57:59.2027506Z   lfs: false
2024-03-03T14:57:59.2027876Z   submodules: false
2024-03-03T14:57:59.2028227Z   set-safe-directory: true
2024-03-03T14:57:59.2028547Z ##[endgroup]
2024-03-03T14:57:59.3756859Z Syncing repository: rubyforgood/human-essentials
2024-03-03T14:57:59.3758580Z ##[group]Getting Git version info
2024-03-03T14:57:59.3759439Z Working directory is '/home/runner/work/human-essentials/human-essentials'
2024-03-03T14:57:59.3760330Z [command]/usr/bin/git version
2024-03-03T14:57:59.3781959Z git version 2.43.2
2024-03-03T14:57:59.3804851Z ##[endgroup]
2024-03-03T14:57:59.3821047Z Temporarily overriding HOME='/home/runner/work/_temp/fbccd09e-9806-428d-8a20-3591da4818c2' before making global git config changes
2024-03-03T14:57:59.3822925Z Adding repository directory to the temporary git global config as a safe directory
2024-03-03T14:57:59.3825494Z [command]/usr/bin/git config --global --add safe.directory /home/runner/work/human-essentials/human-essentials
2024-03-03T14:57:59.3869054Z Deleting the contents of '/home/runner/work/human-essentials/human-essentials'
2024-03-03T14:57:59.3874438Z ##[group]Initializing the repository
2024-03-03T14:57:59.3878424Z [command]/usr/bin/git init /home/runner/work/human-essentials/human-essentials
2024-03-03T14:57:59.3942223Z hint: Using 'master' as the name for the initial branch. This default branch name
2024-03-03T14:57:59.3943894Z hint: is subject to change. To configure the initial branch name to use in all
2024-03-03T14:57:59.3945297Z hint: of your new repositories, which will suppress this warning, call:
2024-03-03T14:57:59.3946287Z hint: 
2024-03-03T14:57:59.3947313Z hint: 	git config --global init.defaultBranch <name>
2024-03-03T14:57:59.3948187Z hint: 
2024-03-03T14:57:59.3949118Z hint: Names commonly chosen instead of 'master' are 'main', 'trunk' and
2024-03-03T14:57:59.3950807Z hint: 'development'. The just-created branch can be renamed via this command:
2024-03-03T14:57:59.3952142Z hint: 
2024-03-03T14:57:59.3952716Z hint: 	git branch -m <name>
2024-03-03T14:57:59.3953626Z Initialized empty Git repository in /home/runner/work/human-essentials/human-essentials/.git/
2024-03-03T14:57:59.3959792Z [command]/usr/bin/git remote add origin https://github.com/rubyforgood/human-essentials
2024-03-03T14:57:59.4000609Z ##[endgroup]
2024-03-03T14:57:59.4001368Z ##[group]Disabling automatic garbage collection
2024-03-03T14:57:59.4004175Z [command]/usr/bin/git config --local gc.auto 0
2024-03-03T14:57:59.4040307Z ##[endgroup]
2024-03-03T14:57:59.4041179Z ##[group]Setting up auth
2024-03-03T14:57:59.4047785Z [command]/usr/bin/git config --local --name-only --get-regexp core\.sshCommand
2024-03-03T14:57:59.4083615Z [command]/usr/bin/git submodule foreach --recursive sh -c "git config --local --name-only --get-regexp 'core\.sshCommand' && git config --local --unset-all 'core.sshCommand' || :"
2024-03-03T14:57:59.4369760Z [command]/usr/bin/git config --local --name-only --get-regexp http\.https\:\/\/github\.com\/\.extraheader
2024-03-03T14:57:59.4405321Z [command]/usr/bin/git submodule foreach --recursive sh -c "git config --local --name-only --get-regexp 'http\.https\:\/\/github\.com\/\.extraheader' && git config --local --unset-all 'http.https://github.com/.extraheader' || :"
2024-03-03T14:57:59.4639878Z [command]/usr/bin/git config --local http.https://github.com/.extraheader AUTHORIZATION: basic ***
2024-03-03T14:57:59.4684821Z ##[endgroup]
2024-03-03T14:57:59.4685730Z ##[group]Fetching the repository
2024-03-03T14:57:59.4693762Z [command]/usr/bin/git -c protocol.version=2 fetch --no-tags --prune --progress --no-recurse-submodules --depth=1 origin +7892a878afb574d185888661b7546b66ddc3af23:refs/remotes/pull/4154/merge
2024-03-03T14:57:59.6692374Z remote: Enumerating objects: 1742, done.        
2024-03-03T14:57:59.6694135Z remote: Counting objects:   0% (1/1742)        
2024-03-03T14:57:59.6695185Z remote: Counting objects:   1% (18/1742)        
2024-03-03T14:57:59.6696011Z remote: Counting objects:   2% (35/1742)        
2024-03-03T14:57:59.6696793Z remote: Counting objects:   3% (53/1742)        
2024-03-03T14:57:59.6697630Z remote: Counting objects:   4% (70/1742)        
2024-03-03T14:57:59.6698420Z remote: Counting objects:   5% (88/1742)        
2024-03-03T14:57:59.6699221Z remote: Counting objects:   6% (105/1742)        
2024-03-03T14:57:59.6700104Z remote: Counting objects:   7% (122/1742)        
2024-03-03T14:57:59.6700888Z remote: Counting objects:   8% (140/1742)        
2024-03-03T14:57:59.6701682Z remote: Counting objects:   9% (157/1742)        
2024-03-03T14:57:59.6702504Z remote: Counting objects:  10% (175/1742)        
2024-03-03T14:57:59.6703292Z remote: Counting objects:  11% (192/1742)        
2024-03-03T14:57:59.6704098Z remote: Counting objects:  12% (210/1742)        
2024-03-03T14:57:59.6704908Z remote: Counting objects:  13% (227/1742)        
2024-03-03T14:57:59.6705678Z remote: Counting objects:  14% (244/1742)        
2024-03-03T14:57:59.6706469Z remote: Counting objects:  15% (262/1742)        
2024-03-03T14:57:59.6707276Z remote: Counting objects:  16% (279/1742)        
2024-03-03T14:57:59.6707761Z remote: Counting objects:  17% (297/1742)        
2024-03-03T14:57:59.6708245Z remote: Counting objects:  18% (314/1742)        
2024-03-03T14:57:59.6708792Z remote: Counting objects:  19% (331/1742)        
2024-03-03T14:57:59.6709227Z remote: Counting objects:  20% (349/1742)        
2024-03-03T14:57:59.6709703Z remote: Counting objects:  21% (366/1742)        
2024-03-03T14:57:59.6710233Z remote: Counting objects:  22% (384/1742)        
2024-03-03T14:57:59.6710667Z remote: Counting objects:  23% (401/1742)        
2024-03-03T14:57:59.6711172Z remote: Counting objects:  24% (419/1742)        
2024-03-03T14:57:59.6711711Z remote: Counting objects:  25% (436/1742)        
2024-03-03T14:57:59.6712153Z remote: Counting objects:  26% (453/1742)        
2024-03-03T14:57:59.6712623Z remote: Counting objects:  27% (471/1742)        
2024-03-03T14:57:59.6744228Z remote: Counting objects:  28% (488/1742)        
2024-03-03T14:57:59.6745398Z remote: Counting objects:  29% (506/1742)        
2024-03-03T14:57:59.6748198Z remote: Counting objects:  30% (523/1742)        
2024-03-03T14:57:59.6749190Z remote: Counting objects:  31% (541/1742)        
2024-03-03T14:57:59.6750021Z remote: Counting objects:  32% (558/1742)        
2024-03-03T14:57:59.6750972Z remote: Counting objects:  33% (575/1742)        
2024-03-03T14:57:59.6751762Z remote: Counting objects:  34% (593/1742)        
2024-03-03T14:57:59.6752481Z remote: Counting objects:  35% (610/1742)        
2024-03-03T14:57:59.6753369Z remote: Counting objects:  36% (628/1742)        
2024-03-03T14:57:59.6754139Z remote: Counting objects:  37% (645/1742)        
2024-03-03T14:57:59.6754868Z remote: Counting objects:  38% (662/1742)        
2024-03-03T14:57:59.6755853Z remote: Counting objects:  39% (680/1742)        
2024-03-03T14:57:59.6756644Z remote: Counting objects:  40% (697/1742)        
2024-03-03T14:57:59.6757370Z remote: Counting objects:  41% (715/1742)        
2024-03-03T14:57:59.6758262Z remote: Counting objects:  42% (732/1742)        
2024-03-03T14:57:59.6759041Z remote: Counting objects:  43% (750/1742)        
2024-03-03T14:57:59.6759845Z remote: Counting objects:  44% (767/1742)        
2024-03-03T14:57:59.6760652Z remote: Counting objects:  45% (784/1742)        
2024-03-03T14:57:59.6761351Z remote: Counting objects:  46% (802/1742)        
2024-03-03T14:57:59.6762077Z remote: Counting objects:  47% (819/1742)        
2024-03-03T14:57:59.6762826Z remote: Counting objects:  48% (837/1742)        
2024-03-03T14:57:59.6763529Z remote: Counting objects:  49% (854/1742)        
2024-03-03T14:57:59.6764525Z remote: Counting objects:  50% (871/1742)        
2024-03-03T14:57:59.6765376Z remote: Counting objects:  51% (889/1742)        
2024-03-03T14:57:59.6766182Z remote: Counting objects:  52% (906/1742)        
2024-03-03T14:57:59.6767155Z remote: Counting objects:  53% (924/1742)        
2024-03-03T14:57:59.6767999Z remote: Counting objects:  54% (941/1742)        
2024-03-03T14:57:59.6768788Z remote: Counting objects:  55% (959/1742)        
2024-03-03T14:57:59.6769544Z remote: Counting objects:  56% (976/1742)        
2024-03-03T14:57:59.6770822Z remote: Counting objects:  57% (993/1742)        
2024-03-03T14:57:59.6771634Z remote: Counting objects:  58% (1011/1742)        
2024-03-03T14:57:59.6772434Z remote: Counting objects:  59% (1028/1742)        
2024-03-03T14:57:59.6773345Z remote: Counting objects:  60% (1046/1742)        
2024-03-03T14:57:59.6774099Z remote: Counting objects:  61% (1063/1742)        
2024-03-03T14:57:59.6775005Z remote: Counting objects:  62% (1081/1742)        
2024-03-03T14:57:59.6775976Z remote: Counting objects:  63% (1098/1742)        
2024-03-03T14:57:59.6776730Z remote: Counting objects:  64% (1115/1742)        
2024-03-03T14:57:59.6777519Z remote: Counting objects:  65% (1133/1742)        
2024-03-03T14:57:59.6778412Z remote: Counting objects:  66% (1150/1742)        
2024-03-03T14:57:59.6779198Z remote: Counting objects:  67% (1168/1742)        
2024-03-03T14:57:59.6779942Z remote: Counting objects:  68% (1185/1742)        
2024-03-03T14:57:59.6780821Z remote: Counting objects:  69% (1202/1742)        
2024-03-03T14:57:59.6781596Z remote: Counting objects:  70% (1220/1742)        
2024-03-03T14:57:59.6782474Z remote: Counting objects:  71% (1237/1742)        
2024-03-03T14:57:59.6783365Z remote: Counting objects:  72% (1255/1742)        
2024-03-03T14:57:59.6784144Z remote: Counting objects:  73% (1272/1742)        
2024-03-03T14:57:59.6784898Z remote: Counting objects:  74% (1290/1742)        
2024-03-03T14:57:59.6785761Z remote: Counting objects:  75% (1307/1742)        
2024-03-03T14:57:59.6786535Z remote: Counting objects:  76% (1324/1742)        
2024-03-03T14:57:59.6787291Z remote: Counting objects:  77% (1342/1742)        
2024-03-03T14:57:59.6788164Z remote: Counting objects:  78% (1359/1742)        
2024-03-03T14:57:59.6788937Z remote: Counting objects:  79% (1377/1742)        
2024-03-03T14:57:59.6789944Z remote: Counting objects:  80% (1394/1742)        
2024-03-03T14:57:59.6790802Z remote: Counting objects:  81% (1412/1742)        
2024-03-03T14:57:59.6791599Z remote: Counting objects:  82% (1429/1742)        
2024-03-03T14:57:59.6792325Z remote: Counting objects:  83% (1446/1742)        
2024-03-03T14:57:59.6793196Z remote: Counting objects:  84% (1464/1742)        
2024-03-03T14:57:59.6793989Z remote: Counting objects:  85% (1481/1742)        
2024-03-03T14:57:59.6794844Z remote: Counting objects:  86% (1499/1742)        
2024-03-03T14:57:59.6795580Z remote: Counting objects:  87% (1516/1742)        
2024-03-03T14:57:59.6796379Z remote: Counting objects:  88% (1533/1742)        
2024-03-03T14:57:59.6797239Z remote: Counting objects:  89% (1551/1742)        
2024-03-03T14:57:59.6797980Z remote: Counting objects:  90% (1568/1742)        
2024-03-03T14:57:59.6798786Z remote: Counting objects:  91% (1586/1742)        
2024-03-03T14:57:59.6799641Z remote: Counting objects:  92% (1603/1742)        
2024-03-03T14:57:59.6800377Z remote: Counting objects:  93% (1621/1742)        
2024-03-03T14:57:59.6801168Z remote: Counting objects:  94% (1638/1742)        
2024-03-03T14:57:59.6802042Z remote: Counting objects:  95% (1655/1742)        
2024-03-03T14:57:59.6802797Z remote: Counting objects:  96% (1673/1742)        
2024-03-03T14:57:59.6803574Z remote: Counting objects:  97% (1690/1742)        
2024-03-03T14:57:59.6804423Z remote: Counting objects:  98% (1708/1742)        
2024-03-03T14:57:59.6805174Z remote: Counting objects:  99% (1725/1742)        
2024-03-03T14:57:59.6805946Z remote: Counting objects: 100% (1742/1742)        
2024-03-03T14:57:59.6807394Z remote: Counting objects: 100% (1742/1742), done.        
2024-03-03T14:57:59.6808256Z remote: Compressing objects:   0% (1/1556)        
2024-03-03T14:57:59.6809092Z remote: Compressing objects:   1% (16/1556)        
2024-03-03T14:57:59.6810013Z remote: Compressing objects:   2% (32/1556)        
2024-03-03T14:57:59.6810783Z remote: Compressing objects:   3% (47/1556)        
2024-03-03T14:57:59.6811590Z remote: Compressing objects:   4% (63/1556)        
2024-03-03T14:57:59.6812484Z remote: Compressing objects:   5% (78/1556)        
2024-03-03T14:57:59.6819588Z remote: Compressing objects:   6% (94/1556)        
2024-03-03T14:57:59.6820415Z remote: Compressing objects:   7% (109/1556)        
2024-03-03T14:57:59.6821293Z remote: Compressing objects:   8% (125/1556)        
2024-03-03T14:57:59.6868245Z remote: Compressing objects:   9% (141/1556)        
2024-03-03T14:57:59.6869569Z remote: Compressing objects:  10% (156/1556)        
2024-03-03T14:57:59.6870318Z remote: Compressing objects:  11% (172/1556)        
2024-03-03T14:57:59.6876515Z remote: Compressing objects:  12% (187/1556)        
2024-03-03T14:57:59.6915021Z remote: Compressing objects:  13% (203/1556)        
2024-03-03T14:57:59.6919251Z remote: Compressing objects:  14% (218/1556)        
2024-03-03T14:57:59.6925258Z remote: Compressing objects:  15% (234/1556)        
2024-03-03T14:57:59.6928203Z remote: Compressing objects:  16% (249/1556)        
2024-03-03T14:57:59.6933151Z remote: Compressing objects:  17% (265/1556)        
2024-03-03T14:57:59.6939480Z remote: Compressing objects:  18% (281/1556)        
2024-03-03T14:57:59.6964623Z remote: Compressing objects:  19% (296/1556)        
2024-03-03T14:57:59.7081317Z remote: Compressing objects:  20% (312/1556)        
2024-03-03T14:57:59.7082078Z remote: Compressing objects:  21% (327/1556)        
2024-03-03T14:57:59.7082848Z remote: Compressing objects:  22% (343/1556)        
2024-03-03T14:57:59.7083732Z remote: Compressing objects:  23% (358/1556)        
2024-03-03T14:57:59.7084463Z remote: Compressing objects:  24% (374/1556)        
2024-03-03T14:57:59.7085278Z remote: Compressing objects:  25% (389/1556)        
2024-03-03T14:57:59.7086831Z remote: Compressing objects:  26% (405/1556)        
2024-03-03T14:57:59.7104158Z remote: Compressing objects:  27% (421/1556)        
2024-03-03T14:57:59.7108585Z remote: Compressing objects:  28% (436/1556)        
2024-03-03T14:57:59.7120974Z remote: Compressing objects:  29% (452/1556)        
2024-03-03T14:57:59.7130443Z remote: Compressing objects:  30% (467/1556)        
2024-03-03T14:57:59.7154923Z remote: Compressing objects:  31% (483/1556)        
2024-03-03T14:57:59.7162985Z remote: Compressing objects:  32% (498/1556)        
2024-03-03T14:57:59.7170494Z remote: Compressing objects:  33% (514/1556)        
2024-03-03T14:57:59.7179355Z remote: Compressing objects:  34% (530/1556)        
2024-03-03T14:57:59.7184126Z remote: Compressing objects:  35% (545/1556)        
2024-03-03T14:57:59.7190184Z remote: Compressing objects:  36% (561/1556)        
2024-03-03T14:57:59.7198803Z remote: Compressing objects:  37% (576/1556)        
2024-03-03T14:57:59.7202357Z remote: Compressing objects:  38% (592/1556)        
2024-03-03T14:57:59.7204780Z remote: Compressing objects:  39% (607/1556)        
2024-03-03T14:57:59.7207154Z remote: Compressing objects:  40% (623/1556)        
2024-03-03T14:57:59.7210721Z remote: Compressing objects:  41% (638/1556)        
2024-03-03T14:57:59.7212759Z remote: Compressing objects:  42% (654/1556)        
2024-03-03T14:57:59.7216662Z remote: Compressing objects:  43% (670/1556)        
2024-03-03T14:57:59.7220259Z remote: Compressing objects:  44% (685/1556)        
2024-03-03T14:57:59.7224742Z remote: Compressing objects:  45% (701/1556)        
2024-03-03T14:57:59.7231881Z remote: Compressing objects:  46% (716/1556)        
2024-03-03T14:57:59.7233829Z remote: Compressing objects:  47% (732/1556)        
2024-03-03T14:57:59.7237148Z remote: Compressing objects:  48% (747/1556)        
2024-03-03T14:57:59.7240295Z remote: Compressing objects:  49% (763/1556)        
2024-03-03T14:57:59.7248008Z remote: Compressing objects:  50% (778/1556)        
2024-03-03T14:57:59.7250386Z remote: Compressing objects:  51% (794/1556)        
2024-03-03T14:57:59.7252845Z remote: Compressing objects:  52% (810/1556)        
2024-03-03T14:57:59.7255814Z remote: Compressing objects:  53% (825/1556)        
2024-03-03T14:57:59.7262855Z remote: Compressing objects:  54% (841/1556)        
2024-03-03T14:57:59.7270689Z remote: Compressing objects:  55% (856/1556)        
2024-03-03T14:57:59.7312977Z remote: Compressing objects:  56% (872/1556)        
2024-03-03T14:57:59.7348279Z remote: Compressing objects:  57% (887/1556)        
2024-03-03T14:57:59.7357420Z remote: Compressing objects:  58% (903/1556)        
2024-03-03T14:57:59.7361003Z remote: Compressing objects:  59% (919/1556)        
2024-03-03T14:57:59.7365182Z remote: Compressing objects:  60% (934/1556)        
2024-03-03T14:57:59.7368790Z remote: Compressing objects:  61% (950/1556)        
2024-03-03T14:57:59.7377048Z remote: Compressing objects:  62% (965/1556)        
2024-03-03T14:57:59.7388762Z remote: Compressing objects:  63% (981/1556)        
2024-03-03T14:57:59.7396076Z remote: Compressing objects:  64% (996/1556)        
2024-03-03T14:57:59.7398645Z remote: Compressing objects:  65% (1012/1556)        
2024-03-03T14:57:59.7404110Z remote: Compressing objects:  66% (1027/1556)        
2024-03-03T14:57:59.7414192Z remote: Compressing objects:  67% (1043/1556)        
2024-03-03T14:57:59.7420573Z remote: Compressing objects:  68% (1059/1556)        
2024-03-03T14:57:59.7423954Z remote: Compressing objects:  69% (1074/1556)        
2024-03-03T14:57:59.7427292Z remote: Compressing objects:  70% (1090/1556)        
2024-03-03T14:57:59.7442678Z remote: Compressing objects:  71% (1105/1556)        
2024-03-03T14:57:59.7456414Z remote: Compressing objects:  72% (1121/1556)        
2024-03-03T14:57:59.7504094Z remote: Compressing objects:  73% (1136/1556)        
2024-03-03T14:57:59.7515905Z remote: Compressing objects:  74% (1152/1556)        
2024-03-03T14:57:59.7516874Z remote: Compressing objects:  75% (1167/1556)        
2024-03-03T14:57:59.7555601Z remote: Compressing objects:  76% (1183/1556)        
2024-03-03T14:57:59.7577830Z remote: Compressing objects:  77% (1199/1556)        
2024-03-03T14:57:59.7590211Z remote: Compressing objects:  78% (1214/1556)        
2024-03-03T14:57:59.7616004Z remote: Compressing objects:  79% (1230/1556)        
2024-03-03T14:57:59.7636297Z remote: Compressing objects:  80% (1245/1556)        
2024-03-03T14:57:59.7683674Z remote: Compressing objects:  81% (1261/1556)        
2024-03-03T14:57:59.7722231Z remote: Compressing objects:  82% (1276/1556)        
2024-03-03T14:57:59.7750735Z remote: Compressing objects:  83% (1292/1556)        
2024-03-03T14:57:59.7765183Z remote: Compressing objects:  84% (1308/1556)        
2024-03-03T14:57:59.7814149Z remote: Compressing objects:  85% (1323/1556)        
2024-03-03T14:57:59.7856786Z remote: Compressing objects:  86% (1339/1556)        
2024-03-03T14:57:59.7891785Z remote: Compressing objects:  87% (1354/1556)        
2024-03-03T14:57:59.7892934Z remote: Compressing objects:  88% (1370/1556)        
2024-03-03T14:57:59.7894214Z remote: Compressing objects:  89% (1385/1556)        
2024-03-03T14:57:59.7895761Z remote: Compressing objects:  90% (1401/1556)        
2024-03-03T14:57:59.7897042Z remote: Compressing objects:  91% (1416/1556)        
2024-03-03T14:57:59.7898335Z remote: Compressing objects:  92% (1432/1556)        
2024-03-03T14:57:59.7899861Z remote: Compressing objects:  93% (1448/1556)        
2024-03-03T14:57:59.7901039Z remote: Compressing objects:  94% (1463/1556)        
2024-03-03T14:57:59.7902170Z remote: Compressing objects:  95% (1479/1556)        
2024-03-03T14:57:59.7903259Z remote: Compressing objects:  96% (1494/1556)        
2024-03-03T14:57:59.7903995Z remote: Compressing objects:  97% (1510/1556)        
2024-03-03T14:57:59.7904963Z remote: Compressing objects:  98% (1525/1556)        
2024-03-03T14:57:59.7907204Z remote: Compressing objects:  99% (1541/1556)        
2024-03-03T14:57:59.7910591Z remote: Compressing objects: 100% (1556/1556)        
2024-03-03T14:57:59.7911183Z remote: Compressing objects: 100% (1556/1556), done.        
2024-03-03T14:57:59.7949448Z Receiving objects:   0% (1/1742)
2024-03-03T14:57:59.7962610Z Receiving objects:   1% (18/1742)
2024-03-03T14:57:59.8013326Z Receiving objects:   2% (35/1742)
2024-03-03T14:57:59.8512256Z Receiving objects:   3% (53/1742)
2024-03-03T14:57:59.9554649Z Receiving objects:   4% (70/1742)
2024-03-03T14:57:59.9557707Z Receiving objects:   5% (88/1742)
2024-03-03T14:57:59.9560957Z Receiving objects:   6% (105/1742)
2024-03-03T14:57:59.9566374Z Receiving objects:   7% (122/1742)
2024-03-03T14:57:59.9570483Z Receiving objects:   8% (140/1742)
2024-03-03T14:57:59.9574292Z Receiving objects:   9% (157/1742)
2024-03-03T14:57:59.9577486Z Receiving objects:  10% (175/1742)
2024-03-03T14:57:59.9580307Z Receiving objects:  11% (192/1742)
2024-03-03T14:57:59.9583522Z Receiving objects:  12% (210/1742)
2024-03-03T14:57:59.9593941Z Receiving objects:  13% (227/1742)
2024-03-03T14:57:59.9598052Z Receiving objects:  14% (244/1742)
2024-03-03T14:57:59.9600862Z Receiving objects:  15% (262/1742)
2024-03-03T14:57:59.9604655Z Receiving objects:  16% (279/1742)
2024-03-03T14:57:59.9610193Z Receiving objects:  17% (297/1742)
2024-03-03T14:57:59.9614821Z Receiving objects:  18% (314/1742)
2024-03-03T14:57:59.9619367Z Receiving objects:  19% (331/1742)
2024-03-03T14:57:59.9623466Z Receiving objects:  20% (349/1742)
2024-03-03T14:57:59.9626801Z Receiving objects:  21% (366/1742)
2024-03-03T14:57:59.9629825Z Receiving objects:  22% (384/1742)
2024-03-03T14:57:59.9633641Z Receiving objects:  23% (401/1742)
2024-03-03T14:57:59.9636370Z Receiving objects:  24% (419/1742)
2024-03-03T14:57:59.9639896Z Receiving objects:  25% (436/1742)
2024-03-03T14:57:59.9642112Z Receiving objects:  26% (453/1742)
2024-03-03T14:57:59.9644467Z Receiving objects:  27% (471/1742)
2024-03-03T14:57:59.9647450Z Receiving objects:  28% (488/1742)
2024-03-03T14:57:59.9649732Z Receiving objects:  29% (506/1742)
2024-03-03T14:57:59.9651714Z Receiving objects:  30% (523/1742)
2024-03-03T14:57:59.9655264Z Receiving objects:  31% (541/1742)
2024-03-03T14:57:59.9657369Z Receiving objects:  32% (558/1742)
2024-03-03T14:57:59.9659745Z Receiving objects:  33% (575/1742)
2024-03-03T14:57:59.9660862Z Receiving objects:  34% (593/1742)
2024-03-03T14:57:59.9662663Z Receiving objects:  35% (610/1742)
2024-03-03T14:57:59.9666810Z Receiving objects:  36% (628/1742)
2024-03-03T14:57:59.9669406Z Receiving objects:  37% (645/1742)
2024-03-03T14:57:59.9670433Z Receiving objects:  38% (662/1742)
2024-03-03T14:57:59.9673555Z Receiving objects:  39% (680/1742)
2024-03-03T14:57:59.9675699Z Receiving objects:  40% (697/1742)
2024-03-03T14:57:59.9678324Z Receiving objects:  41% (715/1742)
2024-03-03T14:57:59.9680113Z Receiving objects:  42% (732/1742)
2024-03-03T14:57:59.9683013Z Receiving objects:  43% (750/1742)
2024-03-03T14:57:59.9687096Z Receiving objects:  44% (767/1742)
2024-03-03T14:57:59.9688111Z Receiving objects:  45% (784/1742)
2024-03-03T14:57:59.9692025Z Receiving objects:  46% (802/1742)
2024-03-03T14:57:59.9694555Z Receiving objects:  47% (819/1742)
2024-03-03T14:57:59.9697348Z Receiving objects:  48% (837/1742)
2024-03-03T14:57:59.9699307Z Receiving objects:  49% (854/1742)
2024-03-03T14:57:59.9701612Z Receiving objects:  50% (871/1742)
2024-03-03T14:57:59.9703069Z Receiving objects:  51% (889/1742)
2024-03-03T14:57:59.9705715Z Receiving objects:  52% (906/1742)
2024-03-03T14:57:59.9710421Z Receiving objects:  53% (924/1742)
2024-03-03T14:57:59.9714745Z Receiving objects:  54% (941/1742)
2024-03-03T14:57:59.9720680Z Receiving objects:  55% (959/1742)
2024-03-03T14:57:59.9724259Z Receiving objects:  56% (976/1742)
2024-03-03T14:57:59.9726388Z Receiving objects:  57% (993/1742)
2024-03-03T14:57:59.9728491Z Receiving objects:  58% (1011/1742)
2024-03-03T14:57:59.9730576Z Receiving objects:  59% (1028/1742)
2024-03-03T14:57:59.9733095Z Receiving objects:  60% (1046/1742)
2024-03-03T14:57:59.9734507Z Receiving objects:  61% (1063/1742)
2024-03-03T14:57:59.9736343Z Receiving objects:  62% (1081/1742)
2024-03-03T14:57:59.9738145Z Receiving objects:  63% (1098/1742)
2024-03-03T14:57:59.9739827Z Receiving objects:  64% (1115/1742)
2024-03-03T14:57:59.9742184Z Receiving objects:  65% (1133/1742)
2024-03-03T14:57:59.9745942Z Receiving objects:  66% (1150/1742)
2024-03-03T14:57:59.9746522Z Receiving objects:  67% (1168/1742)
2024-03-03T14:57:59.9747893Z Receiving objects:  68% (1185/1742)
2024-03-03T14:57:59.9749831Z Receiving objects:  69% (1202/1742)
2024-03-03T14:57:59.9752143Z Receiving objects:  70% (1220/1742)
2024-03-03T14:57:59.9758294Z Receiving objects:  71% (1237/1742)
2024-03-03T14:57:59.9770050Z Receiving objects:  72% (1255/1742)
2024-03-03T14:57:59.9772830Z Receiving objects:  73% (1272/1742)
2024-03-03T14:57:59.9774802Z Receiving objects:  74% (1290/1742)
2024-03-03T14:57:59.9938423Z Receiving objects:  75% (1307/1742)
2024-03-03T14:58:00.0169714Z Receiving objects:  76% (1324/1742)
2024-03-03T14:58:00.0285271Z Receiving objects:  77% (1342/1742)
2024-03-03T14:58:00.0509322Z Receiving objects:  78% (1359/1742)
2024-03-03T14:58:00.0719377Z Receiving objects:  79% (1377/1742)
2024-03-03T14:58:00.1000884Z Receiving objects:  80% (1394/1742)
2024-03-03T14:58:00.1008736Z Receiving objects:  81% (1412/1742)
2024-03-03T14:58:00.1012636Z Receiving objects:  82% (1429/1742)
2024-03-03T14:58:00.1015019Z Receiving objects:  83% (1446/1742)
2024-03-03T14:58:00.1022370Z Receiving objects:  84% (1464/1742)
2024-03-03T14:58:00.1027804Z Receiving objects:  85% (1481/1742)
2024-03-03T14:58:00.1036261Z Receiving objects:  86% (1499/1742)
2024-03-03T14:58:00.1046948Z Receiving objects:  87% (1516/1742)
2024-03-03T14:58:00.1053468Z Receiving objects:  88% (1533/1742)
2024-03-03T14:58:00.1062479Z Receiving objects:  89% (1551/1742)
2024-03-03T14:58:00.1069842Z Receiving objects:  90% (1568/1742)
2024-03-03T14:58:00.1077952Z Receiving objects:  91% (1586/1742)
2024-03-03T14:58:00.1085597Z Receiving objects:  92% (1603/1742)
2024-03-03T14:58:00.1092213Z Receiving objects:  93% (1621/1742)
2024-03-03T14:58:00.1098186Z Receiving objects:  94% (1638/1742)
2024-03-03T14:58:00.1103797Z Receiving objects:  95% (1655/1742)
2024-03-03T14:58:00.1107208Z Receiving objects:  96% (1673/1742)
2024-03-03T14:58:00.1120208Z Receiving objects:  97% (1690/1742)
2024-03-03T14:58:00.1132497Z Receiving objects:  98% (1708/1742)
2024-03-03T14:58:00.1153031Z Receiving objects:  99% (1725/1742)
2024-03-03T14:58:00.1154229Z remote: Total 1742 (delta 280), reused 964 (delta 147), pack-reused 0        
2024-03-03T14:58:00.1166928Z Receiving objects: 100% (1742/1742)
2024-03-03T14:58:00.1168042Z Receiving objects: 100% (1742/1742), 6.59 MiB | 20.46 MiB/s, done.
2024-03-03T14:58:00.1175575Z Resolving deltas:   0% (0/280)
2024-03-03T14:58:00.1176414Z Resolving deltas:   1% (3/280)
2024-03-03T14:58:00.1177316Z Resolving deltas:   2% (6/280)
2024-03-03T14:58:00.1179602Z Resolving deltas:   3% (9/280)
2024-03-03T14:58:00.1181043Z Resolving deltas:   4% (12/280)
2024-03-03T14:58:00.1183284Z Resolving deltas:   5% (14/280)
2024-03-03T14:58:00.1184771Z Resolving deltas:   6% (17/280)
2024-03-03T14:58:00.1186942Z Resolving deltas:   7% (20/280)
2024-03-03T14:58:00.1202434Z Resolving deltas:   8% (23/280)
2024-03-03T14:58:00.1203118Z Resolving deltas:   9% (26/280)
2024-03-03T14:58:00.1206181Z Resolving deltas:  10% (28/280)
2024-03-03T14:58:00.1207781Z Resolving deltas:  11% (31/280)
2024-03-03T14:58:00.1208761Z Resolving deltas:  12% (34/280)
2024-03-03T14:58:00.1209555Z Resolving deltas:  13% (37/280)
2024-03-03T14:58:00.1211337Z Resolving deltas:  14% (40/280)
2024-03-03T14:58:00.1212905Z Resolving deltas:  15% (42/280)
2024-03-03T14:58:00.1220587Z Resolving deltas:  16% (45/280)
2024-03-03T14:58:00.1222812Z Resolving deltas:  17% (48/280)
2024-03-03T14:58:00.1224700Z Resolving deltas:  18% (51/280)
2024-03-03T14:58:00.1225836Z Resolving deltas:  19% (54/280)
2024-03-03T14:58:00.1226778Z Resolving deltas:  20% (56/280)
2024-03-03T14:58:00.1227394Z Resolving deltas:  21% (59/280)
2024-03-03T14:58:00.1228140Z Resolving deltas:  22% (62/280)
2024-03-03T14:58:00.1228787Z Resolving deltas:  23% (65/280)
2024-03-03T14:58:00.1229360Z Resolving deltas:  24% (68/280)
2024-03-03T14:58:00.1230073Z Resolving deltas:  25% (70/280)
2024-03-03T14:58:00.1230711Z Resolving deltas:  26% (73/280)
2024-03-03T14:58:00.1231273Z Resolving deltas:  27% (76/280)
2024-03-03T14:58:00.1231992Z Resolving deltas:  28% (79/280)
2024-03-03T14:58:00.1232612Z Resolving deltas:  29% (82/280)
2024-03-03T14:58:00.1233238Z Resolving deltas:  30% (84/280)
2024-03-03T14:58:00.1233976Z Resolving deltas:  31% (87/280)
2024-03-03T14:58:00.1234541Z Resolving deltas:  32% (90/280)
2024-03-03T14:58:00.1235147Z Resolving deltas:  33% (93/280)
2024-03-03T14:58:00.1235911Z Resolving deltas:  34% (96/280)
2024-03-03T14:58:00.1236477Z Resolving deltas:  35% (98/280)
2024-03-03T14:58:00.1237097Z Resolving deltas:  36% (101/280)
2024-03-03T14:58:00.1237906Z Resolving deltas:  37% (104/280)
2024-03-03T14:58:00.1238546Z Resolving deltas:  38% (107/280)
2024-03-03T14:58:00.1239225Z Resolving deltas:  39% (110/280)
2024-03-03T14:58:00.1240472Z Resolving deltas:  40% (112/280)
2024-03-03T14:58:00.1241102Z Resolving deltas:  41% (115/280)
2024-03-03T14:58:00.1241799Z Resolving deltas:  42% (118/280)
2024-03-03T14:58:00.1242632Z Resolving deltas:  43% (121/280)
2024-03-03T14:58:00.1243310Z Resolving deltas:  44% (124/280)
2024-03-03T14:58:00.1244076Z Resolving deltas:  45% (126/280)
2024-03-03T14:58:00.1244961Z Resolving deltas:  46% (129/280)
2024-03-03T14:58:00.1245652Z Resolving deltas:  47% (132/280)
2024-03-03T14:58:00.1246370Z Resolving deltas:  48% (135/280)
2024-03-03T14:58:00.1247434Z Resolving deltas:  49% (138/280)
2024-03-03T14:58:00.1248071Z Resolving deltas:  50% (140/280)
2024-03-03T14:58:00.1248824Z Resolving deltas:  51% (143/280)
2024-03-03T14:58:00.1249636Z Resolving deltas:  52% (147/280)
2024-03-03T14:58:00.1250320Z Resolving deltas:  53% (149/280)
2024-03-03T14:58:00.1251053Z Resolving deltas:  54% (152/280)
2024-03-03T14:58:00.1253311Z Resolving deltas:  55% (154/280)
2024-03-03T14:58:00.1254179Z Resolving deltas:  56% (157/280)
2024-03-03T14:58:00.1255532Z Resolving deltas:  57% (160/280)
2024-03-03T14:58:00.1256514Z Resolving deltas:  58% (163/280)
2024-03-03T14:58:00.1257434Z Resolving deltas:  59% (166/280)
2024-03-03T14:58:00.1258036Z Resolving deltas:  60% (168/280)
2024-03-03T14:58:00.1258961Z Resolving deltas:  61% (171/280)
2024-03-03T14:58:00.1261157Z Resolving deltas:  62% (174/280)
2024-03-03T14:58:00.1261834Z Resolving deltas:  63% (177/280)
2024-03-03T14:58:00.1262655Z Resolving deltas:  64% (181/280)
2024-03-03T14:58:00.1263326Z Resolving deltas:  65% (182/280)
2024-03-03T14:58:00.1264069Z Resolving deltas:  66% (186/280)
2024-03-03T14:58:00.1264717Z Resolving deltas:  67% (188/280)
2024-03-03T14:58:00.1265353Z Resolving deltas:  68% (191/280)
2024-03-03T14:58:00.1266086Z Resolving deltas:  69% (194/280)
2024-03-03T14:58:00.1267489Z Resolving deltas:  70% (196/280)
2024-03-03T14:58:00.1268254Z Resolving deltas:  71% (199/280)
2024-03-03T14:58:00.1269121Z Resolving deltas:  72% (202/280)
2024-03-03T14:58:00.1269868Z Resolving deltas:  73% (205/280)
2024-03-03T14:58:00.1270599Z Resolving deltas:  74% (209/280)
2024-03-03T14:58:00.1271448Z Resolving deltas:  75% (210/280)
2024-03-03T14:58:00.1272016Z Resolving deltas:  76% (214/280)
2024-03-03T14:58:00.1272624Z Resolving deltas:  77% (216/280)
2024-03-03T14:58:00.1273346Z Resolving deltas:  78% (219/280)
2024-03-03T14:58:00.1274350Z Resolving deltas:  79% (222/280)
2024-03-03T14:58:00.1275536Z Resolving deltas:  80% (224/280)
2024-03-03T14:58:00.1285230Z Resolving deltas:  81% (227/280)
2024-03-03T14:58:00.1285886Z Resolving deltas:  82% (230/280)
2024-03-03T14:58:00.1286476Z Resolving deltas:  83% (233/280)
2024-03-03T14:58:00.1287509Z Resolving deltas:  84% (236/280)
2024-03-03T14:58:00.1288131Z Resolving deltas:  85% (238/280)
2024-03-03T14:58:00.1289017Z Resolving deltas:  86% (241/280)
2024-03-03T14:58:00.1291304Z Resolving deltas:  87% (244/280)
2024-03-03T14:58:00.1298725Z Resolving deltas:  88% (247/280)
2024-03-03T14:58:00.1299483Z Resolving deltas:  89% (250/280)
2024-03-03T14:58:00.1300355Z Resolving deltas:  90% (253/280)
2024-03-03T14:58:00.1301033Z Resolving deltas:  91% (255/280)
2024-03-03T14:58:00.1301691Z Resolving deltas:  92% (258/280)
2024-03-03T14:58:00.1302527Z Resolving deltas:  93% (261/280)
2024-03-03T14:58:00.1303210Z Resolving deltas:  94% (264/280)
2024-03-03T14:58:00.1304790Z Resolving deltas:  95% (266/280)
2024-03-03T14:58:00.1306004Z Resolving deltas:  96% (269/280)
2024-03-03T14:58:00.1310145Z Resolving deltas:  97% (272/280)
2024-03-03T14:58:00.1310790Z Resolving deltas:  98% (276/280)
2024-03-03T14:58:00.1313599Z Resolving deltas:  99% (278/280)
2024-03-03T14:58:00.1314208Z Resolving deltas: 100% (280/280)
2024-03-03T14:58:00.1314601Z Resolving deltas: 100% (280/280), done.
2024-03-03T14:58:00.1452954Z From https://github.com/rubyforgood/human-essentials
2024-03-03T14:58:00.1453855Z  * [new ref]         7892a878afb574d185888661b7546b66ddc3af23 -> pull/4154/merge
2024-03-03T14:58:00.1478726Z ##[endgroup]
2024-03-03T14:58:00.1479806Z ##[group]Determining the checkout info
2024-03-03T14:58:00.1481347Z ##[endgroup]
2024-03-03T14:58:00.1482002Z ##[group]Checking out the ref
2024-03-03T14:58:00.1486020Z [command]/usr/bin/git checkout --progress --force refs/remotes/pull/4154/merge
2024-03-03T14:58:00.2871922Z Note: switching to 'refs/remotes/pull/4154/merge'.
2024-03-03T14:58:00.2872376Z 
2024-03-03T14:58:00.2872890Z You are in 'detached HEAD' state. You can look around, make experimental
2024-03-03T14:58:00.2873950Z changes and commit them, and you can discard any commits you make in this
2024-03-03T14:58:00.2874853Z state without impacting any branches by switching back to a branch.
2024-03-03T14:58:00.2875337Z 
2024-03-03T14:58:00.2875682Z If you want to create a new branch to retain commits you create, you may
2024-03-03T14:58:00.2876722Z do so (now or later) by using -c with the switch command. Example:
2024-03-03T14:58:00.2877256Z 
2024-03-03T14:58:00.2877487Z   git switch -c <new-branch-name>
2024-03-03T14:58:00.2877793Z 
2024-03-03T14:58:00.2878003Z Or undo this operation with:
2024-03-03T14:58:00.2878286Z 
2024-03-03T14:58:00.2878574Z   git switch -
2024-03-03T14:58:00.2879157Z 
2024-03-03T14:58:00.2879529Z Turn off this advice by setting config variable advice.detachedHead to false
2024-03-03T14:58:00.2880054Z 
2024-03-03T14:58:00.2880641Z HEAD is now at 7892a87 Merge edd5283c7b80b1120134c4cfe7a14649830aa7b7 into 04c399cab7f8a4ffec4442651712639f7da647bd
2024-03-03T14:58:00.2882363Z ##[endgroup]
2024-03-03T14:58:00.2928656Z [command]/usr/bin/git log -1 --format='%H'
2024-03-03T14:58:00.2961327Z '7892a878afb574d185888661b7546b66ddc3af23'
2024-03-03T14:58:00.3259753Z ##[group]Run ruby/setup-ruby@v1
2024-03-03T14:58:00.3260144Z with:
2024-03-03T14:58:00.3260540Z   bundler-cache: true
2024-03-03T14:58:00.3260918Z   ruby-version: default
2024-03-03T14:58:00.3261236Z ##[endgroup]
2024-03-03T14:58:00.4931224Z Using 3.2.2 as input from file .ruby-version
2024-03-03T14:58:00.4955993Z ##[group]Modifying PATH
2024-03-03T14:58:00.4956775Z Entries added to PATH to use selected Ruby:
2024-03-03T14:58:00.4957545Z   /opt/hostedtoolcache/Ruby/3.2.2/x64/bin
2024-03-03T14:58:00.4958253Z ##[endgroup]
2024-03-03T14:58:00.4975193Z ##[group]Downloading Ruby
2024-03-03T14:58:00.4978084Z https://github.com/ruby/ruby-builder/releases/download/toolcache/ruby-3.2.2-ubuntu-22.04.tar.gz
2024-03-03T14:58:00.8928125Z Took   0.40 seconds
2024-03-03T14:58:00.8929376Z ##[endgroup]
2024-03-03T14:58:00.8930246Z ##[group]Extracting  Ruby
2024-03-03T14:58:00.8962511Z [command]/usr/bin/tar -xz -C /opt/hostedtoolcache/Ruby/3.2.2 -f /home/runner/work/_temp/d4aaaa21-1bc9-4139-9c1a-de7f975638c6
2024-03-03T14:58:01.2807274Z Took   0.39 seconds
2024-03-03T14:58:01.2808770Z ##[endgroup]
2024-03-03T14:58:01.2809941Z ##[group]Print Ruby version
2024-03-03T14:58:01.2820556Z [command]/opt/hostedtoolcache/Ruby/3.2.2/x64/bin/ruby --version
2024-03-03T14:58:01.3032315Z ruby 3.2.2 (2023-03-30 revision e51014f9c0) [x86_64-linux]
2024-03-03T14:58:01.3051293Z Took   0.02 seconds
2024-03-03T14:58:01.3052440Z ##[endgroup]
2024-03-03T14:58:01.3053490Z ##[group]Installing Bundler
2024-03-03T14:58:01.3058725Z Using Bundler 2.5.4 from Gemfile.lock BUNDLED WITH 2.5.4
2024-03-03T14:58:01.3063388Z [command]/opt/hostedtoolcache/Ruby/3.2.2/x64/bin/gem install bundler -v 2.5.4
2024-03-03T14:58:01.9245274Z Successfully installed bundler-2.5.4
2024-03-03T14:58:01.9245972Z 1 gem installed
2024-03-03T14:58:01.9296996Z Took   0.62 seconds
2024-03-03T14:58:01.9298265Z ##[endgroup]
2024-03-03T14:58:01.9298859Z > bundle install
2024-03-03T14:58:01.9314274Z [command]/opt/hostedtoolcache/Ruby/3.2.2/x64/bin/bundle config --local path /home/runner/work/human-essentials/human-essentials/vendor/bundle
2024-03-03T14:58:02.0767998Z [command]/opt/hostedtoolcache/Ruby/3.2.2/x64/bin/bundle config --local deployment true
2024-03-03T14:58:02.2232385Z Cache key: setup-ruby-bundler-cache-v6-ubuntu-22.04-x64-ruby-3.2.2-wd-/home/runner/work/human-essentials/human-essentials-with--without--only--Gemfile.lock-8ffac5fe94ae69c0719dbecea765f8db5b9e76e05c82c0059469ed5f19edde0c
2024-03-03T14:58:03.1687211Z Cache Size: ~205 MB (214899973 B)
2024-03-03T14:58:03.1800650Z [command]/usr/bin/tar -xf /home/runner/work/_temp/6d407c7c-9566-4da0-93d6-dc50e5fe2362/cache.tzst -P -C /home/runner/work/human-essentials/human-essentials --use-compress-program unzstd
2024-03-03T14:58:03.3458089Z Received 214899973 of 214899973 (100.0%), 204.9 MBs/sec
2024-03-03T14:58:04.8367630Z Cache restored successfully
2024-03-03T14:58:04.8791310Z Found cache for key: setup-ruby-bundler-cache-v6-ubuntu-22.04-x64-ruby-3.2.2-wd-/home/runner/work/human-essentials/human-essentials-with--without--only--Gemfile.lock-8ffac5fe94ae69c0719dbecea765f8db5b9e76e05c82c0059469ed5f19edde0c
2024-03-03T14:58:04.8802251Z [command]/opt/hostedtoolcache/Ruby/3.2.2/x64/bin/bundle install --jobs 4
2024-03-03T14:58:05.2725549Z Bundle complete! 85 Gemfile dependencies, 246 gems now installed.
2024-03-03T14:58:05.2728371Z Bundled gems are installed into `./vendor/bundle`
2024-03-03T14:58:05.2772351Z Took   3.35 seconds
2024-03-03T14:58:05.2947932Z ##[group]Run sudo apt-get -yqq install libpq-dev
2024-03-03T14:58:05.2948755Z [36;1msudo apt-get -yqq install libpq-dev[0m
2024-03-03T14:58:05.2993434Z shell: /usr/bin/bash -e {0}
2024-03-03T14:58:05.2993831Z ##[endgroup]
2024-03-03T14:58:08.3890560Z ##[group]Run bundle exec rake db:create
2024-03-03T14:58:08.3891039Z [36;1mbundle exec rake db:create[0m
2024-03-03T14:58:08.3891733Z [36;1mbundle exec rake db:schema:load[0m
2024-03-03T14:58:08.3919679Z shell: /usr/bin/bash -e {0}
2024-03-03T14:58:08.3920080Z env:
2024-03-03T14:58:08.3920410Z   POSTGRES_HOST: localhost
2024-03-03T14:58:08.3920851Z   DATABASE_HOST: localhost
2024-03-03T14:58:08.3921224Z   PG_USERNAME: postgres
2024-03-03T14:58:08.3921597Z   PG_PASSWORD: password
2024-03-03T14:58:08.3922031Z   POSTGRES_HOST_AUTH_METHOD: trust
2024-03-03T14:58:08.3922443Z   POSTGRES_PORT: 5432
2024-03-03T14:58:08.3922757Z ##[endgroup]
2024-03-03T14:58:15.0864648Z We could not find your database: diaper_dev. Which can be found in the database configuration file located at config/database.yml.
2024-03-03T14:58:15.0867140Z 
2024-03-03T14:58:15.0867592Z To resolve this issue:
2024-03-03T14:58:15.0868031Z 
2024-03-03T14:58:15.0869330Z - Did you create the database for this app, or delete it? You may need to create your database.
2024-03-03T14:58:15.0870999Z - Has the database name changed? Check your database.yml config has the correct database name.
2024-03-03T14:58:15.0871844Z 
2024-03-03T14:58:15.0872104Z To create your database, run:
2024-03-03T14:58:15.0872637Z 
2024-03-03T14:58:15.0872843Z         bin/rails db:create
2024-03-03T14:58:15.0873770Z . You likely need to run `rails g flipper:active_record` and/or `rails db:migrate`.
2024-03-03T14:58:15.2442547Z Created database 'diaper_dev'
2024-03-03T14:58:15.2887629Z Created database 'diaper_test'
2024-03-03T14:58:21.6133173Z PG::UndefinedTable: ERROR:  relation "flipper_gates" does not exist
2024-03-03T14:58:21.6134337Z LINE 9:  WHERE a.attrelid = '"flipper_gates"'::regclass
2024-03-03T14:58:21.6135182Z                             ^
2024-03-03T14:58:21.6136420Z . You likely need to run `rails g flipper:active_record` and/or `rails db:migrate`.
2024-03-03T14:58:22.8438426Z ##[group]Run bundle exec rake factory_bot:lint
2024-03-03T14:58:22.8438983Z [36;1mbundle exec rake factory_bot:lint[0m
2024-03-03T14:58:22.8467217Z shell: /usr/bin/bash -e {0}
2024-03-03T14:58:22.8467576Z env:
2024-03-03T14:58:22.8467996Z   POSTGRES_HOST: localhost
2024-03-03T14:58:22.8468399Z   DATABASE_HOST: localhost
2024-03-03T14:58:22.8468839Z   PG_USERNAME: postgres
2024-03-03T14:58:22.8469217Z   PG_PASSWORD: password
2024-03-03T14:58:22.8469627Z   POSTGRES_HOST_AUTH_METHOD: trust
2024-03-03T14:58:22.8470103Z   POSTGRES_PORT: 5432
2024-03-03T14:58:22.8470479Z   PGHOST: localhost
2024-03-03T14:58:22.8470823Z   PGUSER: postgres
2024-03-03T14:58:22.8471181Z   RAILS_ENV: test
2024-03-03T14:58:22.8471529Z ##[endgroup]
2024-03-03T14:58:48.9601207Z rake aborted!
2024-03-03T14:58:48.9602455Z FactoryBot::InvalidFactoryError: The following factories are invalid: (FactoryBot::InvalidFactoryError)
2024-03-03T14:58:48.9604829Z 
2024-03-03T14:58:48.9609572Z * donation_site - Validation failed: Contact name can't be blank, Email can't be blank, Email is invalid, Phone can't be blank, Phone must be a valid phone number (ActiveRecord::RecordInvalid)
2024-03-03T14:58:48.9613528Z * donation_site_donation - Validation failed: Contact name can't be blank, Email can't be blank, Email is invalid, Phone can't be blank, Phone must be a valid phone number (ActiveRecord::RecordInvalid)
2024-03-03T14:58:48.9615539Z /home/runner/work/human-essentials/human-essentials/vendor/bundle/ruby/3.2.0/gems/factory_bot-6.4.5/lib/factory_bot/linter.rb:13:in `lint!'
2024-03-03T14:58:48.9616928Z /home/runner/work/human-essentials/human-essentials/vendor/bundle/ruby/3.2.0/gems/factory_bot-6.4.5/lib/factory_bot.rb:70:in `lint'
2024-03-03T14:58:48.9618321Z /home/runner/work/human-essentials/human-essentials/lib/tasks/factory_bot_lint.rake:13:in `block (3 levels) in <top (required)>'
2024-03-03T14:58:48.9619795Z /home/runner/work/human-essentials/human-essentials/vendor/bundle/ruby/3.2.0/gems/database_cleaner-core-2.0.1/lib/database_cleaner/strategy.rb:30:in `cleaning'
2024-03-03T14:58:48.9621824Z /home/runner/work/human-essentials/human-essentials/vendor/bundle/ruby/3.2.0/gems/database_cleaner-core-2.0.1/lib/database_cleaner/cleaners.rb:34:in `block (2 levels) in cleaning'
2024-03-03T14:58:48.9623596Z /home/runner/work/human-essentials/human-essentials/vendor/bundle/ruby/3.2.0/gems/database_cleaner-core-2.0.1/lib/database_cleaner/cleaners.rb:35:in `cleaning'
2024-03-03T14:58:48.9625048Z /home/runner/work/human-essentials/human-essentials/lib/tasks/factory_bot_lint.rake:8:in `block (2 levels) in <top (required)>'
2024-03-03T14:58:48.9626564Z /home/runner/work/human-essentials/human-essentials/vendor/bundle/ruby/3.2.0/gems/bugsnag-6.26.3/lib/bugsnag/integrations/rake.rb:20:in `execute'
2024-03-03T14:58:48.9627968Z /home/runner/work/human-essentials/human-essentials/vendor/bundle/ruby/3.2.0/gems/rake-13.1.0/exe/rake:27:in `<top (required)>'
2024-03-03T14:58:48.9629080Z /opt/hostedtoolcache/Ruby/3.2.2/x64/bin/bundle:25:in `load'
2024-03-03T14:58:48.9630056Z /opt/hostedtoolcache/Ruby/3.2.2/x64/bin/bundle:25:in `<main>'
2024-03-03T14:58:48.9630695Z Tasks: TOP => factory_bot:lint
2024-03-03T14:58:48.9631228Z (See full trace by running task with --trace)
2024-03-03T14:58:49.2544966Z Stopped processing SimpleCov as a previous error not related to SimpleCov has been detected
2024-03-03T14:58:49.2547444Z Coverage report generated for RSpec to /home/runner/work/human-essentials/human-essentials/coverage. 1217 / 9485 LOC (12.83%) covered.
2024-03-03T14:58:49.2980183Z ##[error]Process completed with exit code 1.
2024-03-03T14:58:49.3070995Z Post job cleanup.
2024-03-03T14:58:49.4060599Z [command]/usr/bin/git version
2024-03-03T14:58:49.4109815Z git version 2.43.2
2024-03-03T14:58:49.4152040Z Temporarily overriding HOME='/home/runner/work/_temp/34816f32-deb7-4bdf-845b-c81d1314d297' before making global git config changes
2024-03-03T14:58:49.4154042Z Adding repository directory to the temporary git global config as a safe directory
2024-03-03T14:58:49.4158960Z [command]/usr/bin/git config --global --add safe.directory /home/runner/work/human-essentials/human-essentials
2024-03-03T14:58:49.4201294Z [command]/usr/bin/git config --local --name-only --get-regexp core\.sshCommand
2024-03-03T14:58:49.4242038Z [command]/usr/bin/git submodule foreach --recursive sh -c "git config --local --name-only --get-regexp 'core\.sshCommand' && git config --local --unset-all 'core.sshCommand' || :"
2024-03-03T14:58:49.4484182Z [command]/usr/bin/git config --local --name-only --get-regexp http\.https\:\/\/github\.com\/\.extraheader
2024-03-03T14:58:49.4515099Z http.https://github.com/.extraheader
2024-03-03T14:58:49.4524678Z [command]/usr/bin/git config --local --unset-all http.https://github.com/.extraheader
2024-03-03T14:58:49.4564779Z [command]/usr/bin/git submodule foreach --recursive sh -c "git config --local --name-only --get-regexp 'http\.https\:\/\/github\.com\/\.extraheader' && git config --local --unset-all 'http.https://github.com/.extraheader' || :"
2024-03-03T14:58:49.4947090Z Print service container logs: 2666925aea3e4c21bc7868a198d861cb_postgres123_d0236d
2024-03-03T14:58:49.4952308Z ##[command]/usr/bin/docker logs --details c4f8ea2acb836e32e88f5ea8e77d1e0d5198a3011b16a1c3c3da0f1d87f489dc
2024-03-03T14:58:49.5081077Z  The files belonging to this database system will be owned by user "postgres".
2024-03-03T14:58:49.5083810Z  initdb: warning: enabling "trust" authentication for local connections
2024-03-03T14:58:49.5085215Z  You can change this by editing pg_hba.conf or using the option -A, or
2024-03-03T14:58:49.5086323Z  --auth-local and --auth-host, the next time you run initdb.
2024-03-03T14:58:49.5088286Z  2024-03-03 14:57:45.285 UTC [1] LOG:  starting PostgreSQL 12.3 (Debian 12.3-1.pgdg100+1) on x86_64-pc-linux-gnu, compiled by gcc (Debian 8.3.0-6) 8.3.0, 64-bit
2024-03-03T14:58:49.5090974Z  2024-03-03 14:57:45.285 UTC [1] LOG:  listening on IPv4 address "0.0.0.0", port 5432
2024-03-03T14:58:49.5092722Z  2024-03-03 14:57:45.285 UTC [1] LOG:  listening on IPv6 address "::", port 5432
2024-03-03T14:58:49.5094230Z  2024-03-03 14:57:45.286 UTC [1] LOG:  listening on Unix socket "/var/run/postgresql/.s.PGSQL.5432"
2024-03-03T14:58:49.5095697Z  2024-03-03 14:57:45.296 UTC [56] LOG:  database system was shut down at 2024-03-03 14:57:45 UTC
2024-03-03T14:58:49.5097074Z  2024-03-03 14:57:45.300 UTC [1] LOG:  database system is ready to accept connections
2024-03-03T14:58:49.5098344Z  2024-03-03 14:57:54.489 UTC [70] FATAL:  role "root" does not exist
2024-03-03T14:58:49.5099429Z  2024-03-03 14:58:04.577 UTC [79] FATAL:  role "root" does not exist
2024-03-03T14:58:49.5100551Z  2024-03-03 14:58:14.666 UTC [87] FATAL:  role "root" does not exist
2024-03-03T14:58:49.5101666Z  2024-03-03 14:58:15.085 UTC [88] FATAL:  database "diaper_dev" does not exist
2024-03-03T14:58:49.5102988Z  2024-03-03 14:58:21.611 UTC [91] ERROR:  relation "flipper_gates" does not exist at character 491
2024-03-03T14:58:49.5105309Z  2024-03-03 14:58:21.611 UTC [91] STATEMENT:  SELECT a.attname, format_type(a.atttypid, a.atttypmod),
2024-03-03T14:58:49.5106727Z  	       pg_get_expr(d.adbin, d.adrelid), a.attnotnull, a.atttypid, a.atttypmod,
2024-03-03T14:58:49.5107967Z  	       c.collname, col_description(a.attrelid, a.attnum) AS comment,
2024-03-03T14:58:49.5108865Z  	       attgenerated as attgenerated
2024-03-03T14:58:49.5109654Z  	  FROM pg_attribute a
2024-03-03T14:58:49.5110487Z  	  LEFT JOIN pg_attrdef d ON a.attrelid = d.adrelid AND a.attnum = d.adnum
2024-03-03T14:58:49.5111557Z  	  LEFT JOIN pg_type t ON a.atttypid = t.oid
2024-03-03T14:58:49.5112671Z  	  LEFT JOIN pg_collation c ON a.attcollation = c.oid AND a.attcollation <> t.typcollation
2024-03-03T14:58:49.5113749Z  	 WHERE a.attrelid = '"flipper_gates"'::regclass
2024-03-03T14:58:49.5114376Z  	   AND a.attnum > 0 AND NOT a.attisdropped
2024-03-03T14:58:49.5114827Z  	 ORDER BY a.attnum
2024-03-03T14:58:49.5115171Z  	
2024-03-03T14:58:49.5115681Z  2024-03-03 14:58:24.763 UTC [102] FATAL:  role "root" does not exist
2024-03-03T14:58:49.5116338Z  2024-03-03 14:58:34.845 UTC [111] FATAL:  role "root" does not exist
2024-03-03T14:58:49.5116990Z  2024-03-03 14:58:44.937 UTC [119] FATAL:  role "root" does not exist
2024-03-03T14:58:49.5117602Z  This user must also own the server process.
2024-03-03T14:58:49.5118038Z  
2024-03-03T14:58:49.5118483Z  The database cluster will be initialized with locale "en_US.utf8".
2024-03-03T14:58:49.5119217Z  The default database encoding has accordingly been set to "UTF8".
2024-03-03T14:58:49.5119897Z  The default text search configuration will be set to "english".
2024-03-03T14:58:49.5120477Z  
2024-03-03T14:58:49.5120790Z  Data page checksums are disabled.
2024-03-03T14:58:49.5121196Z  
2024-03-03T14:58:49.5121673Z  fixing permissions on existing directory /var/lib/postgresql/data ... ok
2024-03-03T14:58:49.5122253Z  creating subdirectories ... ok
2024-03-03T14:58:49.5122761Z  selecting dynamic shared memory implementation ... posix
2024-03-03T14:58:49.5123352Z  selecting default max_connections ... 100
2024-03-03T14:58:49.5124102Z  selecting default shared_buffers ... 128MB
2024-03-03T14:58:49.5124596Z  selecting default time zone ... Etc/UTC
2024-03-03T14:58:49.5125116Z  creating configuration files ... ok
2024-03-03T14:58:49.5125532Z  running bootstrap script ... ok
2024-03-03T14:58:49.5125989Z  performing post-bootstrap initialization ... ok
2024-03-03T14:58:49.5126989Z  syncing data to disk ... ok
2024-03-03T14:58:49.5127455Z  
2024-03-03T14:58:49.5127829Z  
2024-03-03T14:58:49.5128233Z  Success. You can now start the database server using:
2024-03-03T14:58:49.5128712Z  
2024-03-03T14:58:49.5129130Z      pg_ctl -D /var/lib/postgresql/data -l logfile start
2024-03-03T14:58:49.5129616Z  
2024-03-03T14:58:49.5130519Z  waiting for server to start....2024-03-03 14:57:45.083 UTC [47] LOG:  starting PostgreSQL 12.3 (Debian 12.3-1.pgdg100+1) on x86_64-pc-linux-gnu, compiled by gcc (Debian 8.3.0-6) 8.3.0, 64-bit
2024-03-03T14:58:49.5131835Z  2024-03-03 14:57:45.083 UTC [47] LOG:  listening on Unix socket "/var/run/postgresql/.s.PGSQL.5432"
2024-03-03T14:58:49.5132878Z  2024-03-03 14:57:45.094 UTC [48] LOG:  database system was shut down at 2024-03-03 14:57:44 UTC
2024-03-03T14:58:49.5133673Z  2024-03-03 14:57:45.099 UTC [47] LOG:  database system is ready to accept connections
2024-03-03T14:58:49.5134348Z   done
2024-03-03T14:58:49.5134654Z  server started
2024-03-03T14:58:49.5134950Z  
2024-03-03T14:58:49.5135846Z  /usr/local/bin/docker-entrypoint.sh: ignoring /docker-entrypoint-initdb.d/*
2024-03-03T14:58:49.5136831Z  
2024-03-03T14:58:49.5137775Z  2024-03-03 14:57:45.176 UTC [47] LOG:  received fast shutdown request
2024-03-03T14:58:49.5139447Z  waiting for server to shut down....2024-03-03 14:57:45.176 UTC [47] LOG:  aborting any active transactions
2024-03-03T14:58:49.5141819Z  2024-03-03 14:57:45.177 UTC [47] LOG:  background worker "logical replication launcher" (PID 54) exited with exit code 1
2024-03-03T14:58:49.5143174Z  2024-03-03 14:57:45.177 UTC [49] LOG:  shutting down
2024-03-03T14:58:49.5143906Z  2024-03-03 14:57:45.184 UTC [47] LOG:  database system is shut down
2024-03-03T14:58:49.5144446Z   done
2024-03-03T14:58:49.5144714Z  server stopped
2024-03-03T14:58:49.5145112Z  
2024-03-03T14:58:49.5145519Z  PostgreSQL init process complete; ready for start up.
2024-03-03T14:58:49.5145990Z  
2024-03-03T14:58:49.5152266Z Stop and remove container: 2666925aea3e4c21bc7868a198d861cb_postgres123_d0236d
2024-03-03T14:58:49.5157551Z ##[command]/usr/bin/docker rm --force c4f8ea2acb836e32e88f5ea8e77d1e0d5198a3011b16a1c3c3da0f1d87f489dc
2024-03-03T14:58:49.7259147Z c4f8ea2acb836e32e88f5ea8e77d1e0d5198a3011b16a1c3c3da0f1d87f489dc
2024-03-03T14:58:49.7282838Z Remove container network: github_network_dfb73e7f8ec74e1ba5689b03f0a0b6bb
2024-03-03T14:58:49.7288320Z ##[command]/usr/bin/docker network rm github_network_dfb73e7f8ec74e1ba5689b03f0a0b6bb
2024-03-03T14:58:50.0062981Z github_network_dfb73e7f8ec74e1ba5689b03f0a0b6bb
2024-03-03T14:58:50.0229881Z Cleaning up orphan processes
