2024-03-04T19:08:53.8103307Z Requested labels: ubuntu-latest
2024-03-04T19:08:53.8103585Z Job defined at: rubyforgood/human-essentials/.github/workflows/rspec-system.yml@refs/pull/4154/merge
2024-03-04T19:08:53.8103701Z Waiting for a runner to pick up this job...
2024-03-04T19:08:54.7299318Z Job is waiting for a hosted runner to come online.
2024-03-04T19:08:57.3078373Z Job is about to start running on the hosted runner: GitHub Actions 2 (hosted)
2024-03-04T19:08:59.3812070Z Current runner version: '2.314.1'
2024-03-04T19:08:59.3836685Z ##[group]Operating System
2024-03-04T19:08:59.3837305Z Ubuntu
2024-03-04T19:08:59.3837745Z 22.04.4
2024-03-04T19:08:59.3838055Z LTS
2024-03-04T19:08:59.3838387Z ##[endgroup]
2024-03-04T19:08:59.3838833Z ##[group]Runner Image
2024-03-04T19:08:59.3839250Z Image: ubuntu-22.04
2024-03-04T19:08:59.3839646Z Version: 20240225.1.0
2024-03-04T19:08:59.3840709Z Included Software: https://github.com/actions/runner-images/blob/ubuntu22/20240225.1/images/ubuntu/Ubuntu2204-Readme.md
2024-03-04T19:08:59.3842139Z Image Release: https://github.com/actions/runner-images/releases/tag/ubuntu22%2F20240225.1
2024-03-04T19:08:59.3842970Z ##[endgroup]
2024-03-04T19:08:59.3843439Z ##[group]Runner Image Provisioner
2024-03-04T19:08:59.3843916Z 2.0.347.1
2024-03-04T19:08:59.3844211Z ##[endgroup]
2024-03-04T19:08:59.3846331Z ##[group]GITHUB_TOKEN Permissions
2024-03-04T19:08:59.3847906Z Actions: read
2024-03-04T19:08:59.3848328Z Checks: read
2024-03-04T19:08:59.3848965Z Contents: read
2024-03-04T19:08:59.3849493Z Deployments: read
2024-03-04T19:08:59.3849881Z Discussions: read
2024-03-04T19:08:59.3850244Z Issues: read
2024-03-04T19:08:59.3850680Z Metadata: read
2024-03-04T19:08:59.3851069Z Packages: read
2024-03-04T19:08:59.3851416Z Pages: read
2024-03-04T19:08:59.3851837Z PullRequests: read
2024-03-04T19:08:59.3852243Z RepositoryProjects: read
2024-03-04T19:08:59.3852662Z SecurityEvents: read
2024-03-04T19:08:59.3853113Z Statuses: read
2024-03-04T19:08:59.3853481Z ##[endgroup]
2024-03-04T19:08:59.3856452Z Secret source: None
2024-03-04T19:08:59.3857117Z Prepare workflow directory
2024-03-04T19:08:59.4724898Z Prepare all required actions
2024-03-04T19:08:59.4881307Z Getting action download info
2024-03-04T19:08:59.6434617Z Download action repository 'actions/checkout@v2' (SHA:ee0669bd1cc54295c223e0bb666b733df41de1c5)
2024-03-04T19:08:59.7729600Z Download action repository 'ruby/setup-ruby@v1' (SHA:d4526a55538b775af234ba4af27118ed6f8f6677)
2024-03-04T19:09:00.0090445Z Download action repository 'actions/upload-artifact@v2' (SHA:82c141cc518b40d92cc801eee768e7aafc9c2fa2)
2024-03-04T19:09:00.1534929Z Complete job name: rspec-system (6, 2)
2024-03-04T19:09:00.2186853Z ##[group]Checking docker version
2024-03-04T19:09:00.2201090Z ##[command]/usr/bin/docker version --format '{{.Server.APIVersion}}'
2024-03-04T19:09:00.2712209Z '1.43'
2024-03-04T19:09:00.2724552Z Docker daemon API version: '1.43'
2024-03-04T19:09:00.2725354Z ##[command]/usr/bin/docker version --format '{{.Client.APIVersion}}'
2024-03-04T19:09:00.2887569Z '1.43'
2024-03-04T19:09:00.2898990Z Docker client API version: '1.43'
2024-03-04T19:09:00.2903940Z ##[endgroup]
2024-03-04T19:09:00.2907881Z ##[group]Clean up resources from previous jobs
2024-03-04T19:09:00.2913770Z ##[command]/usr/bin/docker ps --all --quiet --no-trunc --filter "label=5a80a1"
2024-03-04T19:09:00.3054731Z ##[command]/usr/bin/docker network prune --force --filter "label=5a80a1"
2024-03-04T19:09:00.3181212Z ##[endgroup]
2024-03-04T19:09:00.3181719Z ##[group]Create local container network
2024-03-04T19:09:00.3192339Z ##[command]/usr/bin/docker network create --label 5a80a1 github_network_1117ce5892b0457bb30a2269eaa339e1
2024-03-04T19:09:00.4093284Z 9fc7ed265712ba79c4e79b3eada150b91e83fff83fd3274d7cbb3e12963bc671
2024-03-04T19:09:00.4121073Z ##[endgroup]
2024-03-04T19:09:00.4234700Z ##[group]Starting db service container
2024-03-04T19:09:00.4308609Z ##[command]/usr/bin/docker pull postgres:12.3
2024-03-04T19:09:00.7038031Z 12.3: Pulling from library/postgres
2024-03-04T19:09:00.7818774Z bf5952930446: Pulling fs layer
2024-03-04T19:09:00.7819987Z 9577476abb00: Pulling fs layer
2024-03-04T19:09:00.7821017Z 2bd105512d5c: Pulling fs layer
2024-03-04T19:09:00.7821969Z b1cd21c26e81: Pulling fs layer
2024-03-04T19:09:00.7822784Z 34a7c86cf8fc: Pulling fs layer
2024-03-04T19:09:00.7823322Z 274e7b0c38d5: Pulling fs layer
2024-03-04T19:09:00.7823790Z 3e831b350d37: Pulling fs layer
2024-03-04T19:09:00.7824381Z 38fa0d496534: Pulling fs layer
2024-03-04T19:09:00.7824887Z 31a8349609a4: Pulling fs layer
2024-03-04T19:09:00.7825737Z 14e4c2a4b7b7: Pulling fs layer
2024-03-04T19:09:00.7826659Z 964acfa02beb: Pulling fs layer
2024-03-04T19:09:00.7827222Z 31b1f20dffc0: Pulling fs layer
2024-03-04T19:09:00.7827759Z 14771c2930e9: Pulling fs layer
2024-03-04T19:09:00.7828286Z 2f30edd0ce8a: Pulling fs layer
2024-03-04T19:09:00.7828776Z 3e831b350d37: Waiting
2024-03-04T19:09:00.7829208Z b1cd21c26e81: Waiting
2024-03-04T19:09:00.7829694Z 38fa0d496534: Waiting
2024-03-04T19:09:00.7830123Z 34a7c86cf8fc: Waiting
2024-03-04T19:09:00.7830497Z 274e7b0c38d5: Waiting
2024-03-04T19:09:00.7830960Z 31a8349609a4: Waiting
2024-03-04T19:09:00.7831400Z 14e4c2a4b7b7: Waiting
2024-03-04T19:09:00.7831780Z 964acfa02beb: Waiting
2024-03-04T19:09:00.7832256Z 31b1f20dffc0: Waiting
2024-03-04T19:09:00.7832681Z 14771c2930e9: Waiting
2024-03-04T19:09:00.7833053Z 2f30edd0ce8a: Waiting
2024-03-04T19:09:00.8594628Z 2bd105512d5c: Verifying Checksum
2024-03-04T19:09:00.8595751Z 2bd105512d5c: Download complete
2024-03-04T19:09:00.9510934Z 9577476abb00: Verifying Checksum
2024-03-04T19:09:00.9511820Z 9577476abb00: Download complete
2024-03-04T19:09:01.0274309Z b1cd21c26e81: Download complete
2024-03-04T19:09:01.1194996Z 274e7b0c38d5: Download complete
2024-03-04T19:09:01.1376206Z 34a7c86cf8fc: Verifying Checksum
2024-03-04T19:09:01.1376950Z 34a7c86cf8fc: Download complete
2024-03-04T19:09:01.1733814Z bf5952930446: Verifying Checksum
2024-03-04T19:09:01.1734606Z bf5952930446: Download complete
2024-03-04T19:09:01.2490143Z 38fa0d496534: Verifying Checksum
2024-03-04T19:09:01.2491232Z 38fa0d496534: Download complete
2024-03-04T19:09:01.2713733Z 3e831b350d37: Verifying Checksum
2024-03-04T19:09:01.2714632Z 3e831b350d37: Download complete
2024-03-04T19:09:01.3461423Z 964acfa02beb: Verifying Checksum
2024-03-04T19:09:01.3462120Z 964acfa02beb: Download complete
2024-03-04T19:09:01.3480616Z 14e4c2a4b7b7: Download complete
2024-03-04T19:09:01.4373302Z 14771c2930e9: Verifying Checksum
2024-03-04T19:09:01.4374418Z 14771c2930e9: Download complete
2024-03-04T19:09:01.4552131Z 31b1f20dffc0: Verifying Checksum
2024-03-04T19:09:01.4557777Z 31b1f20dffc0: Download complete
2024-03-04T19:09:01.6184724Z 2f30edd0ce8a: Verifying Checksum
2024-03-04T19:09:01.6190925Z 2f30edd0ce8a: Download complete
2024-03-04T19:09:01.9633322Z 31a8349609a4: Verifying Checksum
2024-03-04T19:09:01.9633898Z 31a8349609a4: Download complete
2024-03-04T19:09:02.3663038Z bf5952930446: Pull complete
2024-03-04T19:09:02.6627724Z 9577476abb00: Pull complete
2024-03-04T19:09:02.6770599Z 2bd105512d5c: Pull complete
2024-03-04T19:09:02.7285407Z b1cd21c26e81: Pull complete
2024-03-04T19:09:03.0865568Z 34a7c86cf8fc: Pull complete
2024-03-04T19:09:03.1283655Z 274e7b0c38d5: Pull complete
2024-03-04T19:09:03.1369706Z 3e831b350d37: Pull complete
2024-03-04T19:09:03.1472472Z 38fa0d496534: Pull complete
2024-03-04T19:09:05.1681655Z 31a8349609a4: Pull complete
2024-03-04T19:09:05.4599245Z 14e4c2a4b7b7: Pull complete
2024-03-04T19:09:05.4702223Z 964acfa02beb: Pull complete
2024-03-04T19:09:05.4843319Z 31b1f20dffc0: Pull complete
2024-03-04T19:09:05.4947771Z 14771c2930e9: Pull complete
2024-03-04T19:09:05.5046221Z 2f30edd0ce8a: Pull complete
2024-03-04T19:09:05.5094214Z Digest: sha256:a06e6e6e519b7a329c419f8221edec66cfc45511e8b80e262c12103ba745cf19
2024-03-04T19:09:05.5106977Z Status: Downloaded newer image for postgres:12.3
2024-03-04T19:09:05.5117086Z docker.io/library/postgres:12.3
2024-03-04T19:09:05.5218184Z ##[command]/usr/bin/docker create --name a1a7eefbefef4741949ae875b0441b06_postgres123_2ecb54 --label 5a80a1 --network github_network_1117ce5892b0457bb30a2269eaa339e1 --network-alias db -p 5432:5432 --health-cmd pg_isready --health-interval 10s --health-timeout 5s --health-retries 5 -e "POSTGRES_PASSWORD=password" -e GITHUB_ACTIONS=true -e CI=true postgres:12.3
2024-03-04T19:09:05.5484752Z b48b901e1ad051e29556a3bd3866173a51e340ca981dddd480a6f72f29ab4737
2024-03-04T19:09:05.5509261Z ##[command]/usr/bin/docker start b48b901e1ad051e29556a3bd3866173a51e340ca981dddd480a6f72f29ab4737
2024-03-04T19:09:05.8118375Z b48b901e1ad051e29556a3bd3866173a51e340ca981dddd480a6f72f29ab4737
2024-03-04T19:09:05.8136589Z ##[command]/usr/bin/docker ps --all --filter id=b48b901e1ad051e29556a3bd3866173a51e340ca981dddd480a6f72f29ab4737 --filter status=running --no-trunc --format "{{.ID}} {{.Status}}"
2024-03-04T19:09:05.8272412Z b48b901e1ad051e29556a3bd3866173a51e340ca981dddd480a6f72f29ab4737 Up Less than a second (health: starting)
2024-03-04T19:09:05.8296064Z ##[command]/usr/bin/docker port b48b901e1ad051e29556a3bd3866173a51e340ca981dddd480a6f72f29ab4737
2024-03-04T19:09:05.8428604Z 5432/tcp -> 0.0.0.0:5432
2024-03-04T19:09:05.8432852Z 5432/tcp -> [::]:5432
2024-03-04T19:09:05.8506485Z ##[endgroup]
2024-03-04T19:09:05.8531701Z ##[group]Waiting for all services to be ready
2024-03-04T19:09:05.8568193Z ##[command]/usr/bin/docker inspect --format="{{if .Config.Healthcheck}}{{print .State.Health.Status}}{{end}}" b48b901e1ad051e29556a3bd3866173a51e340ca981dddd480a6f72f29ab4737
2024-03-04T19:09:05.8712535Z starting
2024-03-04T19:09:05.8742084Z db service is starting, waiting 2 seconds before checking again.
2024-03-04T19:09:07.8707824Z ##[command]/usr/bin/docker inspect --format="{{if .Config.Healthcheck}}{{print .State.Health.Status}}{{end}}" b48b901e1ad051e29556a3bd3866173a51e340ca981dddd480a6f72f29ab4737
2024-03-04T19:09:07.8828323Z starting
2024-03-04T19:09:07.8840482Z db service is starting, waiting 3 seconds before checking again.
2024-03-04T19:09:11.5406288Z ##[command]/usr/bin/docker inspect --format="{{if .Config.Healthcheck}}{{print .State.Health.Status}}{{end}}" b48b901e1ad051e29556a3bd3866173a51e340ca981dddd480a6f72f29ab4737
2024-03-04T19:09:11.5524580Z starting
2024-03-04T19:09:11.5538823Z db service is starting, waiting 7 seconds before checking again.
2024-03-04T19:09:19.1317928Z ##[command]/usr/bin/docker inspect --format="{{if .Config.Healthcheck}}{{print .State.Health.Status}}{{end}}" b48b901e1ad051e29556a3bd3866173a51e340ca981dddd480a6f72f29ab4737
2024-03-04T19:09:19.1440622Z healthy
2024-03-04T19:09:19.1457956Z db service is healthy.
2024-03-04T19:09:19.1458439Z ##[endgroup]
2024-03-04T19:09:19.1824883Z ##[group]Run actions/checkout@v2
2024-03-04T19:09:19.1825359Z with:
2024-03-04T19:09:19.1825680Z   repository: rubyforgood/human-essentials
2024-03-04T19:09:19.1826813Z   token: ***
2024-03-04T19:09:19.1827188Z   ssh-strict: true
2024-03-04T19:09:19.1827544Z   persist-credentials: true
2024-03-04T19:09:19.1827965Z   clean: true
2024-03-04T19:09:19.1828299Z   fetch-depth: 1
2024-03-04T19:09:19.1828580Z   lfs: false
2024-03-04T19:09:19.1828946Z   submodules: false
2024-03-04T19:09:19.1829304Z   set-safe-directory: true
2024-03-04T19:09:19.1829637Z ##[endgroup]
2024-03-04T19:09:19.4149679Z Syncing repository: rubyforgood/human-essentials
2024-03-04T19:09:19.4151409Z ##[group]Getting Git version info
2024-03-04T19:09:19.4152274Z Working directory is '/home/runner/work/human-essentials/human-essentials'
2024-03-04T19:09:19.4153156Z [command]/usr/bin/git version
2024-03-04T19:09:19.4176384Z git version 2.43.2
2024-03-04T19:09:19.4199746Z ##[endgroup]
2024-03-04T19:09:19.4213749Z Temporarily overriding HOME='/home/runner/work/_temp/42ab71c6-d4b2-4f98-a7d9-1358d6e4b753' before making global git config changes
2024-03-04T19:09:19.4215546Z Adding repository directory to the temporary git global config as a safe directory
2024-03-04T19:09:19.4218970Z [command]/usr/bin/git config --global --add safe.directory /home/runner/work/human-essentials/human-essentials
2024-03-04T19:09:19.4263523Z Deleting the contents of '/home/runner/work/human-essentials/human-essentials'
2024-03-04T19:09:19.4268571Z ##[group]Initializing the repository
2024-03-04T19:09:19.4271880Z [command]/usr/bin/git init /home/runner/work/human-essentials/human-essentials
2024-03-04T19:09:19.4345076Z hint: Using 'master' as the name for the initial branch. This default branch name
2024-03-04T19:09:19.4346678Z hint: is subject to change. To configure the initial branch name to use in all
2024-03-04T19:09:19.4347955Z hint: of your new repositories, which will suppress this warning, call:
2024-03-04T19:09:19.4349265Z hint: 
2024-03-04T19:09:19.4350120Z hint: 	git config --global init.defaultBranch <name>
2024-03-04T19:09:19.4350945Z hint: 
2024-03-04T19:09:19.4351975Z hint: Names commonly chosen instead of 'master' are 'main', 'trunk' and
2024-03-04T19:09:19.4353464Z hint: 'development'. The just-created branch can be renamed via this command:
2024-03-04T19:09:19.4354478Z hint: 
2024-03-04T19:09:19.4355189Z hint: 	git branch -m <name>
2024-03-04T19:09:19.4359308Z Initialized empty Git repository in /home/runner/work/human-essentials/human-essentials/.git/
2024-03-04T19:09:19.4367569Z [command]/usr/bin/git remote add origin https://github.com/rubyforgood/human-essentials
2024-03-04T19:09:19.4407254Z ##[endgroup]
2024-03-04T19:09:19.4408444Z ##[group]Disabling automatic garbage collection
2024-03-04T19:09:19.4411017Z [command]/usr/bin/git config --local gc.auto 0
2024-03-04T19:09:19.4447186Z ##[endgroup]
2024-03-04T19:09:19.4448009Z ##[group]Setting up auth
2024-03-04T19:09:19.4453578Z [command]/usr/bin/git config --local --name-only --get-regexp core\.sshCommand
2024-03-04T19:09:19.4491346Z [command]/usr/bin/git submodule foreach --recursive sh -c "git config --local --name-only --get-regexp 'core\.sshCommand' && git config --local --unset-all 'core.sshCommand' || :"
2024-03-04T19:09:19.4803752Z [command]/usr/bin/git config --local --name-only --get-regexp http\.https\:\/\/github\.com\/\.extraheader
2024-03-04T19:09:19.4839511Z [command]/usr/bin/git submodule foreach --recursive sh -c "git config --local --name-only --get-regexp 'http\.https\:\/\/github\.com\/\.extraheader' && git config --local --unset-all 'http.https://github.com/.extraheader' || :"
2024-03-04T19:09:19.5086195Z [command]/usr/bin/git config --local http.https://github.com/.extraheader AUTHORIZATION: basic ***
2024-03-04T19:09:19.5134214Z ##[endgroup]
2024-03-04T19:09:19.5134988Z ##[group]Fetching the repository
2024-03-04T19:09:19.5143333Z [command]/usr/bin/git -c protocol.version=2 fetch --no-tags --prune --progress --no-recurse-submodules --depth=1 origin +e2573160777f3fae482dfb467e41d53920499748:refs/remotes/pull/4154/merge
2024-03-04T19:09:19.7440225Z remote: Enumerating objects: 1751, done.        
2024-03-04T19:09:19.7441295Z remote: Counting objects:   0% (1/1751)        
2024-03-04T19:09:19.7442083Z remote: Counting objects:   1% (18/1751)        
2024-03-04T19:09:19.7442877Z remote: Counting objects:   2% (36/1751)        
2024-03-04T19:09:19.7443731Z remote: Counting objects:   3% (53/1751)        
2024-03-04T19:09:19.7444525Z remote: Counting objects:   4% (71/1751)        
2024-03-04T19:09:19.7445266Z remote: Counting objects:   5% (88/1751)        
2024-03-04T19:09:19.7446078Z remote: Counting objects:   6% (106/1751)        
2024-03-04T19:09:19.7446877Z remote: Counting objects:   7% (123/1751)        
2024-03-04T19:09:19.7448166Z remote: Counting objects:   8% (141/1751)        
2024-03-04T19:09:19.7449010Z remote: Counting objects:   9% (158/1751)        
2024-03-04T19:09:19.7449774Z remote: Counting objects:  10% (176/1751)        
2024-03-04T19:09:19.7450521Z remote: Counting objects:  11% (193/1751)        
2024-03-04T19:09:19.7451301Z remote: Counting objects:  12% (211/1751)        
2024-03-04T19:09:19.7452073Z remote: Counting objects:  13% (228/1751)        
2024-03-04T19:09:19.7452789Z remote: Counting objects:  14% (246/1751)        
2024-03-04T19:09:19.7453529Z remote: Counting objects:  15% (263/1751)        
2024-03-04T19:09:19.7454271Z remote: Counting objects:  16% (281/1751)        
2024-03-04T19:09:19.7454978Z remote: Counting objects:  17% (298/1751)        
2024-03-04T19:09:19.7455799Z remote: Counting objects:  18% (316/1751)        
2024-03-04T19:09:19.7456463Z remote: Counting objects:  19% (333/1751)        
2024-03-04T19:09:19.7457668Z remote: Counting objects:  20% (351/1751)        
2024-03-04T19:09:19.7458996Z remote: Counting objects:  21% (368/1751)        
2024-03-04T19:09:19.7459756Z remote: Counting objects:  22% (386/1751)        
2024-03-04T19:09:19.7460491Z remote: Counting objects:  23% (403/1751)        
2024-03-04T19:09:19.7461734Z remote: Counting objects:  24% (421/1751)        
2024-03-04T19:09:19.7462471Z remote: Counting objects:  25% (438/1751)        
2024-03-04T19:09:19.7463247Z remote: Counting objects:  26% (456/1751)        
2024-03-04T19:09:19.7464125Z remote: Counting objects:  27% (473/1751)        
2024-03-04T19:09:19.7464798Z remote: Counting objects:  28% (491/1751)        
2024-03-04T19:09:19.7465691Z remote: Counting objects:  29% (508/1751)        
2024-03-04T19:09:19.7466659Z remote: Counting objects:  30% (526/1751)        
2024-03-04T19:09:19.7467387Z remote: Counting objects:  31% (543/1751)        
2024-03-04T19:09:19.7468265Z remote: Counting objects:  32% (561/1751)        
2024-03-04T19:09:19.7469017Z remote: Counting objects:  33% (578/1751)        
2024-03-04T19:09:19.7469726Z remote: Counting objects:  34% (596/1751)        
2024-03-04T19:09:19.7470575Z remote: Counting objects:  35% (613/1751)        
2024-03-04T19:09:19.7471281Z remote: Counting objects:  36% (631/1751)        
2024-03-04T19:09:19.7472014Z remote: Counting objects:  37% (648/1751)        
2024-03-04T19:09:19.7472791Z remote: Counting objects:  38% (666/1751)        
2024-03-04T19:09:19.7474110Z remote: Counting objects:  39% (683/1751)        
2024-03-04T19:09:19.7474985Z remote: Counting objects:  40% (701/1751)        
2024-03-04T19:09:19.7476146Z remote: Counting objects:  41% (718/1751)        
2024-03-04T19:09:19.7476962Z remote: Counting objects:  42% (736/1751)        
2024-03-04T19:09:19.7477767Z remote: Counting objects:  43% (753/1751)        
2024-03-04T19:09:19.7478601Z remote: Counting objects:  44% (771/1751)        
2024-03-04T19:09:19.7479448Z remote: Counting objects:  45% (788/1751)        
2024-03-04T19:09:19.7480225Z remote: Counting objects:  46% (806/1751)        
2024-03-04T19:09:19.7480886Z remote: Counting objects:  47% (823/1751)        
2024-03-04T19:09:19.7481381Z remote: Counting objects:  48% (841/1751)        
2024-03-04T19:09:19.7481861Z remote: Counting objects:  49% (858/1751)        
2024-03-04T19:09:19.7482607Z remote: Counting objects:  50% (876/1751)        
2024-03-04T19:09:19.7483091Z remote: Counting objects:  51% (894/1751)        
2024-03-04T19:09:19.7483588Z remote: Counting objects:  52% (911/1751)        
2024-03-04T19:09:19.7484135Z remote: Counting objects:  53% (929/1751)        
2024-03-04T19:09:19.7484579Z remote: Counting objects:  54% (946/1751)        
2024-03-04T19:09:19.7485048Z remote: Counting objects:  55% (964/1751)        
2024-03-04T19:09:19.7485585Z remote: Counting objects:  56% (981/1751)        
2024-03-04T19:09:19.7486031Z remote: Counting objects:  57% (999/1751)        
2024-03-04T19:09:19.7486508Z remote: Counting objects:  58% (1016/1751)        
2024-03-04T19:09:19.7487090Z remote: Counting objects:  59% (1034/1751)        
2024-03-04T19:09:19.7487947Z remote: Counting objects:  60% (1051/1751)        
2024-03-04T19:09:19.7488810Z remote: Counting objects:  61% (1069/1751)        
2024-03-04T19:09:19.7489809Z remote: Counting objects:  62% (1086/1751)        
2024-03-04T19:09:19.7490642Z remote: Counting objects:  63% (1104/1751)        
2024-03-04T19:09:19.7491134Z remote: Counting objects:  64% (1121/1751)        
2024-03-04T19:09:19.7491763Z remote: Counting objects:  65% (1139/1751)        
2024-03-04T19:09:19.7492255Z remote: Counting objects:  66% (1156/1751)        
2024-03-04T19:09:19.7492704Z remote: Counting objects:  67% (1174/1751)        
2024-03-04T19:09:19.7493291Z remote: Counting objects:  68% (1191/1751)        
2024-03-04T19:09:19.7493776Z remote: Counting objects:  69% (1209/1751)        
2024-03-04T19:09:19.7494224Z remote: Counting objects:  70% (1226/1751)        
2024-03-04T19:09:19.7494785Z remote: Counting objects:  71% (1244/1751)        
2024-03-04T19:09:19.7495266Z remote: Counting objects:  72% (1261/1751)        
2024-03-04T19:09:19.7495828Z remote: Counting objects:  73% (1279/1751)        
2024-03-04T19:09:19.7496554Z remote: Counting objects:  74% (1296/1751)        
2024-03-04T19:09:19.7497326Z remote: Counting objects:  75% (1314/1751)        
2024-03-04T19:09:19.7497928Z remote: Counting objects:  76% (1331/1751)        
2024-03-04T19:09:19.7498381Z remote: Counting objects:  77% (1349/1751)        
2024-03-04T19:09:19.7498862Z remote: Counting objects:  78% (1366/1751)        
2024-03-04T19:09:19.7499428Z remote: Counting objects:  79% (1384/1751)        
2024-03-04T19:09:19.7499870Z remote: Counting objects:  80% (1401/1751)        
2024-03-04T19:09:19.7500357Z remote: Counting objects:  81% (1419/1751)        
2024-03-04T19:09:19.7500893Z remote: Counting objects:  82% (1436/1751)        
2024-03-04T19:09:19.7501333Z remote: Counting objects:  83% (1454/1751)        
2024-03-04T19:09:19.7501831Z remote: Counting objects:  84% (1471/1751)        
2024-03-04T19:09:19.7502377Z remote: Counting objects:  85% (1489/1751)        
2024-03-04T19:09:19.7502822Z remote: Counting objects:  86% (1506/1751)        
2024-03-04T19:09:19.7503345Z remote: Counting objects:  87% (1524/1751)        
2024-03-04T19:09:19.7503888Z remote: Counting objects:  88% (1541/1751)        
2024-03-04T19:09:19.7504329Z remote: Counting objects:  89% (1559/1751)        
2024-03-04T19:09:19.7504831Z remote: Counting objects:  90% (1576/1751)        
2024-03-04T19:09:19.7505367Z remote: Counting objects:  91% (1594/1751)        
2024-03-04T19:09:19.7505857Z remote: Counting objects:  92% (1611/1751)        
2024-03-04T19:09:19.7506518Z remote: Counting objects:  93% (1629/1751)        
2024-03-04T19:09:19.7507095Z remote: Counting objects:  94% (1646/1751)        
2024-03-04T19:09:19.7507595Z remote: Counting objects:  95% (1664/1751)        
2024-03-04T19:09:19.7508037Z remote: Counting objects:  96% (1681/1751)        
2024-03-04T19:09:19.7508576Z remote: Counting objects:  97% (1699/1751)        
2024-03-04T19:09:19.7509089Z remote: Counting objects:  98% (1716/1751)        
2024-03-04T19:09:19.7509534Z remote: Counting objects:  99% (1734/1751)        
2024-03-04T19:09:19.7510069Z remote: Counting objects: 100% (1751/1751)        
2024-03-04T19:09:19.7510760Z remote: Counting objects: 100% (1751/1751), done.        
2024-03-04T19:09:19.7511281Z remote: Compressing objects:   0% (1/1570)        
2024-03-04T19:09:19.7511868Z remote: Compressing objects:   1% (16/1570)        
2024-03-04T19:09:19.7512383Z remote: Compressing objects:   2% (32/1570)        
2024-03-04T19:09:19.7512856Z remote: Compressing objects:   3% (48/1570)        
2024-03-04T19:09:19.7513430Z remote: Compressing objects:   4% (63/1570)        
2024-03-04T19:09:19.7513932Z remote: Compressing objects:   5% (79/1570)        
2024-03-04T19:09:19.7514398Z remote: Compressing objects:   6% (95/1570)        
2024-03-04T19:09:19.7514993Z remote: Compressing objects:   7% (110/1570)        
2024-03-04T19:09:19.7515524Z remote: Compressing objects:   8% (126/1570)        
2024-03-04T19:09:19.7568899Z remote: Compressing objects:   9% (142/1570)        
2024-03-04T19:09:19.7571598Z remote: Compressing objects:  10% (157/1570)        
2024-03-04T19:09:19.7572440Z remote: Compressing objects:  11% (173/1570)        
2024-03-04T19:09:19.7576591Z remote: Compressing objects:  12% (189/1570)        
2024-03-04T19:09:19.7613898Z remote: Compressing objects:  13% (205/1570)        
2024-03-04T19:09:19.7619044Z remote: Compressing objects:  14% (220/1570)        
2024-03-04T19:09:19.7621950Z remote: Compressing objects:  15% (236/1570)        
2024-03-04T19:09:19.7623720Z remote: Compressing objects:  16% (252/1570)        
2024-03-04T19:09:19.7628096Z remote: Compressing objects:  17% (267/1570)        
2024-03-04T19:09:19.7636785Z remote: Compressing objects:  18% (283/1570)        
2024-03-04T19:09:19.7650716Z remote: Compressing objects:  19% (299/1570)        
2024-03-04T19:09:19.7678126Z remote: Compressing objects:  20% (314/1570)        
2024-03-04T19:09:19.7723036Z remote: Compressing objects:  21% (330/1570)        
2024-03-04T19:09:19.7740825Z remote: Compressing objects:  22% (346/1570)        
2024-03-04T19:09:19.7756742Z remote: Compressing objects:  23% (362/1570)        
2024-03-04T19:09:19.7766143Z remote: Compressing objects:  24% (377/1570)        
2024-03-04T19:09:19.7812263Z remote: Compressing objects:  25% (393/1570)        
2024-03-04T19:09:19.7812982Z remote: Compressing objects:  26% (409/1570)        
2024-03-04T19:09:19.7813806Z remote: Compressing objects:  27% (424/1570)        
2024-03-04T19:09:19.7814372Z remote: Compressing objects:  28% (440/1570)        
2024-03-04T19:09:19.7817420Z remote: Compressing objects:  29% (456/1570)        
2024-03-04T19:09:19.7822764Z remote: Compressing objects:  30% (471/1570)        
2024-03-04T19:09:19.7850141Z remote: Compressing objects:  31% (487/1570)        
2024-03-04T19:09:19.7854012Z remote: Compressing objects:  32% (503/1570)        
2024-03-04T19:09:19.7863507Z remote: Compressing objects:  33% (519/1570)        
2024-03-04T19:09:19.7874177Z remote: Compressing objects:  34% (534/1570)        
2024-03-04T19:09:19.7878050Z remote: Compressing objects:  35% (550/1570)        
2024-03-04T19:09:19.7882162Z remote: Compressing objects:  36% (566/1570)        
2024-03-04T19:09:19.7892843Z remote: Compressing objects:  37% (581/1570)        
2024-03-04T19:09:19.7896681Z remote: Compressing objects:  38% (597/1570)        
2024-03-04T19:09:19.7899211Z remote: Compressing objects:  39% (613/1570)        
2024-03-04T19:09:19.7899764Z remote: Compressing objects:  40% (628/1570)        
2024-03-04T19:09:19.7907013Z remote: Compressing objects:  41% (644/1570)        
2024-03-04T19:09:19.7907949Z remote: Compressing objects:  42% (660/1570)        
2024-03-04T19:09:19.7908627Z remote: Compressing objects:  43% (676/1570)        
2024-03-04T19:09:19.7909428Z remote: Compressing objects:  44% (691/1570)        
2024-03-04T19:09:19.7919467Z remote: Compressing objects:  45% (707/1570)        
2024-03-04T19:09:19.7924928Z remote: Compressing objects:  46% (723/1570)        
2024-03-04T19:09:19.7929186Z remote: Compressing objects:  47% (738/1570)        
2024-03-04T19:09:19.7930098Z remote: Compressing objects:  48% (754/1570)        
2024-03-04T19:09:19.7930802Z remote: Compressing objects:  49% (770/1570)        
2024-03-04T19:09:19.7935366Z remote: Compressing objects:  50% (785/1570)        
2024-03-04T19:09:19.7940163Z remote: Compressing objects:  51% (801/1570)        
2024-03-04T19:09:19.7944589Z remote: Compressing objects:  52% (817/1570)        
2024-03-04T19:09:19.7945489Z remote: Compressing objects:  53% (833/1570)        
2024-03-04T19:09:19.7950703Z remote: Compressing objects:  54% (848/1570)        
2024-03-04T19:09:19.7958559Z remote: Compressing objects:  55% (864/1570)        
2024-03-04T19:09:19.8001964Z remote: Compressing objects:  56% (880/1570)        
2024-03-04T19:09:19.8014386Z remote: Compressing objects:  57% (895/1570)        
2024-03-04T19:09:19.8032171Z remote: Compressing objects:  58% (911/1570)        
2024-03-04T19:09:19.8036557Z remote: Compressing objects:  59% (927/1570)        
2024-03-04T19:09:19.8038695Z remote: Compressing objects:  60% (942/1570)        
2024-03-04T19:09:19.8042673Z remote: Compressing objects:  61% (958/1570)        
2024-03-04T19:09:19.8046584Z remote: Compressing objects:  62% (974/1570)        
2024-03-04T19:09:19.8060613Z remote: Compressing objects:  63% (990/1570)        
2024-03-04T19:09:19.8067804Z remote: Compressing objects:  64% (1005/1570)        
2024-03-04T19:09:19.8074398Z remote: Compressing objects:  65% (1021/1570)        
2024-03-04T19:09:19.8080683Z remote: Compressing objects:  66% (1037/1570)        
2024-03-04T19:09:19.8087066Z remote: Compressing objects:  67% (1052/1570)        
2024-03-04T19:09:19.8090203Z remote: Compressing objects:  68% (1068/1570)        
2024-03-04T19:09:19.8093208Z remote: Compressing objects:  69% (1084/1570)        
2024-03-04T19:09:19.8095958Z remote: Compressing objects:  70% (1099/1570)        
2024-03-04T19:09:19.8114154Z remote: Compressing objects:  71% (1115/1570)        
2024-03-04T19:09:19.8120977Z remote: Compressing objects:  72% (1131/1570)        
2024-03-04T19:09:19.8151181Z remote: Compressing objects:  73% (1147/1570)        
2024-03-04T19:09:19.8157630Z remote: Compressing objects:  74% (1162/1570)        
2024-03-04T19:09:19.8161980Z remote: Compressing objects:  75% (1178/1570)        
2024-03-04T19:09:19.8222954Z remote: Compressing objects:  76% (1194/1570)        
2024-03-04T19:09:19.8250988Z remote: Compressing objects:  77% (1209/1570)        
2024-03-04T19:09:19.8264624Z remote: Compressing objects:  78% (1225/1570)        
2024-03-04T19:09:19.8286221Z remote: Compressing objects:  79% (1241/1570)        
2024-03-04T19:09:19.8304896Z remote: Compressing objects:  80% (1256/1570)        
2024-03-04T19:09:19.8361165Z remote: Compressing objects:  81% (1272/1570)        
2024-03-04T19:09:19.8402210Z remote: Compressing objects:  82% (1288/1570)        
2024-03-04T19:09:19.8430380Z remote: Compressing objects:  83% (1304/1570)        
2024-03-04T19:09:19.8450331Z remote: Compressing objects:  84% (1319/1570)        
2024-03-04T19:09:19.8498759Z remote: Compressing objects:  85% (1335/1570)        
2024-03-04T19:09:19.8542522Z remote: Compressing objects:  86% (1351/1570)        
2024-03-04T19:09:19.8570560Z remote: Compressing objects:  87% (1366/1570)        
2024-03-04T19:09:19.8577378Z remote: Compressing objects:  88% (1382/1570)        
2024-03-04T19:09:19.8578387Z remote: Compressing objects:  89% (1398/1570)        
2024-03-04T19:09:19.8587325Z remote: Compressing objects:  90% (1413/1570)        
2024-03-04T19:09:19.8588529Z remote: Compressing objects:  91% (1429/1570)        
2024-03-04T19:09:19.8589481Z remote: Compressing objects:  92% (1445/1570)        
2024-03-04T19:09:19.8592176Z remote: Compressing objects:  93% (1461/1570)        
2024-03-04T19:09:19.8593324Z remote: Compressing objects:  94% (1476/1570)        
2024-03-04T19:09:19.8596943Z remote: Compressing objects:  95% (1492/1570)        
2024-03-04T19:09:19.8599530Z remote: Compressing objects:  96% (1508/1570)        
2024-03-04T19:09:19.8603075Z remote: Compressing objects:  97% (1523/1570)        
2024-03-04T19:09:19.8604047Z remote: Compressing objects:  98% (1539/1570)        
2024-03-04T19:09:19.8605407Z remote: Compressing objects:  99% (1555/1570)        
2024-03-04T19:09:19.8606384Z remote: Compressing objects: 100% (1570/1570)        
2024-03-04T19:09:19.8607352Z remote: Compressing objects: 100% (1570/1570), done.        
2024-03-04T19:09:19.8648385Z Receiving objects:   0% (1/1751)
2024-03-04T19:09:19.8665354Z Receiving objects:   1% (18/1751)
2024-03-04T19:09:19.8717535Z Receiving objects:   2% (36/1751)
2024-03-04T19:09:19.9289246Z Receiving objects:   3% (53/1751)
2024-03-04T19:09:20.0248849Z Receiving objects:   4% (71/1751)
2024-03-04T19:09:20.0251397Z Receiving objects:   5% (88/1751)
2024-03-04T19:09:20.0254410Z Receiving objects:   6% (106/1751)
2024-03-04T19:09:20.0258989Z Receiving objects:   7% (123/1751)
2024-03-04T19:09:20.0263085Z Receiving objects:   8% (141/1751)
2024-03-04T19:09:20.0266638Z Receiving objects:   9% (158/1751)
2024-03-04T19:09:20.0272943Z Receiving objects:  10% (176/1751)
2024-03-04T19:09:20.0294696Z Receiving objects:  11% (193/1751)
2024-03-04T19:09:20.0298729Z Receiving objects:  12% (211/1751)
2024-03-04T19:09:20.0309204Z Receiving objects:  13% (228/1751)
2024-03-04T19:09:20.0312731Z Receiving objects:  14% (246/1751)
2024-03-04T19:09:20.0315620Z Receiving objects:  15% (263/1751)
2024-03-04T19:09:20.0319133Z Receiving objects:  16% (281/1751)
2024-03-04T19:09:20.0325176Z Receiving objects:  17% (298/1751)
2024-03-04T19:09:20.0329278Z Receiving objects:  18% (316/1751)
2024-03-04T19:09:20.0333926Z Receiving objects:  19% (333/1751)
2024-03-04T19:09:20.0352621Z Receiving objects:  20% (351/1751)
2024-03-04T19:09:20.0355889Z Receiving objects:  21% (368/1751)
2024-03-04T19:09:20.0359417Z Receiving objects:  22% (386/1751)
2024-03-04T19:09:20.0362153Z Receiving objects:  23% (403/1751)
2024-03-04T19:09:20.0365180Z Receiving objects:  24% (421/1751)
2024-03-04T19:09:20.0369011Z Receiving objects:  25% (438/1751)
2024-03-04T19:09:20.0370291Z Receiving objects:  26% (456/1751)
2024-03-04T19:09:20.0372756Z Receiving objects:  27% (473/1751)
2024-03-04T19:09:20.0375243Z Receiving objects:  28% (491/1751)
2024-03-04T19:09:20.0377457Z Receiving objects:  29% (508/1751)
2024-03-04T19:09:20.0380170Z Receiving objects:  30% (526/1751)
2024-03-04T19:09:20.0383541Z Receiving objects:  31% (543/1751)
2024-03-04T19:09:20.0385762Z Receiving objects:  32% (561/1751)
2024-03-04T19:09:20.0388610Z Receiving objects:  33% (578/1751)
2024-03-04T19:09:20.0390330Z Receiving objects:  34% (596/1751)
2024-03-04T19:09:20.0392252Z Receiving objects:  35% (613/1751)
2024-03-04T19:09:20.0403422Z Receiving objects:  36% (631/1751)
2024-03-04T19:09:20.0407360Z Receiving objects:  37% (648/1751)
2024-03-04T19:09:20.0408880Z Receiving objects:  38% (666/1751)
2024-03-04T19:09:20.0411649Z Receiving objects:  39% (683/1751)
2024-03-04T19:09:20.0414158Z Receiving objects:  40% (701/1751)
2024-03-04T19:09:20.0416307Z Receiving objects:  41% (718/1751)
2024-03-04T19:09:20.0418697Z Receiving objects:  42% (736/1751)
2024-03-04T19:09:20.0421452Z Receiving objects:  43% (753/1751)
2024-03-04T19:09:20.0424888Z Receiving objects:  44% (771/1751)
2024-03-04T19:09:20.0427036Z Receiving objects:  45% (788/1751)
2024-03-04T19:09:20.0429224Z Receiving objects:  46% (806/1751)
2024-03-04T19:09:20.0431768Z Receiving objects:  47% (823/1751)
2024-03-04T19:09:20.0434393Z Receiving objects:  48% (841/1751)
2024-03-04T19:09:20.0436114Z Receiving objects:  49% (858/1751)
2024-03-04T19:09:20.0438046Z Receiving objects:  50% (876/1751)
2024-03-04T19:09:20.0438689Z Receiving objects:  51% (894/1751)
2024-03-04T19:09:20.0441829Z Receiving objects:  52% (911/1751)
2024-03-04T19:09:20.0446220Z Receiving objects:  53% (929/1751)
2024-03-04T19:09:20.0456253Z Receiving objects:  54% (946/1751)
2024-03-04T19:09:20.0462895Z Receiving objects:  55% (964/1751)
2024-03-04T19:09:20.0466794Z Receiving objects:  56% (981/1751)
2024-03-04T19:09:20.0468015Z Receiving objects:  57% (999/1751)
2024-03-04T19:09:20.0470085Z Receiving objects:  58% (1016/1751)
2024-03-04T19:09:20.0471767Z Receiving objects:  59% (1034/1751)
2024-03-04T19:09:20.0474725Z Receiving objects:  60% (1051/1751)
2024-03-04T19:09:20.0475714Z Receiving objects:  61% (1069/1751)
2024-03-04T19:09:20.0476837Z Receiving objects:  62% (1086/1751)
2024-03-04T19:09:20.0478731Z Receiving objects:  63% (1104/1751)
2024-03-04T19:09:20.0480638Z Receiving objects:  64% (1121/1751)
2024-03-04T19:09:20.0482769Z Receiving objects:  65% (1139/1751)
2024-03-04T19:09:20.0484906Z Receiving objects:  66% (1156/1751)
2024-03-04T19:09:20.0486684Z Receiving objects:  67% (1174/1751)
2024-03-04T19:09:20.0488557Z Receiving objects:  68% (1191/1751)
2024-03-04T19:09:20.0490813Z Receiving objects:  69% (1209/1751)
2024-03-04T19:09:20.0492753Z Receiving objects:  70% (1226/1751)
2024-03-04T19:09:20.0499144Z Receiving objects:  71% (1244/1751)
2024-03-04T19:09:20.0513155Z Receiving objects:  72% (1261/1751)
2024-03-04T19:09:20.0515469Z Receiving objects:  73% (1279/1751)
2024-03-04T19:09:20.0517987Z Receiving objects:  74% (1296/1751)
2024-03-04T19:09:20.0693169Z Receiving objects:  75% (1314/1751)
2024-03-04T19:09:20.0948898Z Receiving objects:  76% (1331/1751)
2024-03-04T19:09:20.1074991Z Receiving objects:  77% (1349/1751)
2024-03-04T19:09:20.1289142Z Receiving objects:  78% (1366/1751)
2024-03-04T19:09:20.1384070Z Receiving objects:  79% (1384/1751)
2024-03-04T19:09:20.1620421Z Receiving objects:  80% (1401/1751)
2024-03-04T19:09:20.1626465Z Receiving objects:  81% (1419/1751)
2024-03-04T19:09:20.1629514Z Receiving objects:  82% (1436/1751)
2024-03-04T19:09:20.1632217Z Receiving objects:  83% (1454/1751)
2024-03-04T19:09:20.1638363Z Receiving objects:  84% (1471/1751)
2024-03-04T19:09:20.1641722Z Receiving objects:  85% (1489/1751)
2024-03-04T19:09:20.1649358Z Receiving objects:  86% (1506/1751)
2024-03-04T19:09:20.1656105Z Receiving objects:  87% (1524/1751)
2024-03-04T19:09:20.1660828Z Receiving objects:  88% (1541/1751)
2024-03-04T19:09:20.1666839Z Receiving objects:  89% (1559/1751)
2024-03-04T19:09:20.1672874Z Receiving objects:  90% (1576/1751)
2024-03-04T19:09:20.1678845Z Receiving objects:  91% (1594/1751)
2024-03-04T19:09:20.1683902Z Receiving objects:  92% (1611/1751)
2024-03-04T19:09:20.1688840Z Receiving objects:  93% (1629/1751)
2024-03-04T19:09:20.1693641Z Receiving objects:  94% (1646/1751)
2024-03-04T19:09:20.1697490Z Receiving objects:  95% (1664/1751)
2024-03-04T19:09:20.1700267Z Receiving objects:  96% (1681/1751)
2024-03-04T19:09:20.1709291Z Receiving objects:  97% (1699/1751)
2024-03-04T19:09:20.1718108Z Receiving objects:  98% (1716/1751)
2024-03-04T19:09:20.1732778Z Receiving objects:  99% (1734/1751)
2024-03-04T19:09:20.1734018Z remote: Total 1751 (delta 280), reused 991 (delta 142), pack-reused 0        
2024-03-04T19:09:20.1741245Z Receiving objects: 100% (1751/1751)
2024-03-04T19:09:20.1742382Z Receiving objects: 100% (1751/1751), 6.60 MiB | 21.32 MiB/s, done.
2024-03-04T19:09:20.1748810Z Resolving deltas:   0% (0/280)
2024-03-04T19:09:20.1750954Z Resolving deltas:   1% (3/280)
2024-03-04T19:09:20.1754682Z Resolving deltas:   2% (6/280)
2024-03-04T19:09:20.1755323Z Resolving deltas:   3% (9/280)
2024-03-04T19:09:20.1756157Z Resolving deltas:   4% (12/280)
2024-03-04T19:09:20.1756825Z Resolving deltas:   5% (14/280)
2024-03-04T19:09:20.1757396Z Resolving deltas:   6% (17/280)
2024-03-04T19:09:20.1759411Z Resolving deltas:   7% (20/280)
2024-03-04T19:09:20.1762506Z Resolving deltas:   8% (23/280)
2024-03-04T19:09:20.1773007Z Resolving deltas:   9% (26/280)
2024-03-04T19:09:20.1775199Z Resolving deltas:  10% (28/280)
2024-03-04T19:09:20.1776314Z Resolving deltas:  11% (31/280)
2024-03-04T19:09:20.1778745Z Resolving deltas:  12% (34/280)
2024-03-04T19:09:20.1779457Z Resolving deltas:  13% (37/280)
2024-03-04T19:09:20.1781600Z Resolving deltas:  14% (40/280)
2024-03-04T19:09:20.1782790Z Resolving deltas:  15% (42/280)
2024-03-04T19:09:20.1784318Z Resolving deltas:  16% (45/280)
2024-03-04T19:09:20.1786050Z Resolving deltas:  17% (48/280)
2024-03-04T19:09:20.1789527Z Resolving deltas:  18% (51/280)
2024-03-04T19:09:20.1790369Z Resolving deltas:  19% (54/280)
2024-03-04T19:09:20.1801871Z Resolving deltas:  20% (56/280)
2024-03-04T19:09:20.1802900Z Resolving deltas:  21% (59/280)
2024-03-04T19:09:20.1803809Z Resolving deltas:  22% (62/280)
2024-03-04T19:09:20.1804768Z Resolving deltas:  23% (65/280)
2024-03-04T19:09:20.1805552Z Resolving deltas:  24% (68/280)
2024-03-04T19:09:20.1806339Z Resolving deltas:  25% (70/280)
2024-03-04T19:09:20.1807214Z Resolving deltas:  26% (73/280)
2024-03-04T19:09:20.1812638Z Resolving deltas:  27% (77/280)
2024-03-04T19:09:20.1813670Z Resolving deltas:  28% (79/280)
2024-03-04T19:09:20.1814385Z Resolving deltas:  29% (82/280)
2024-03-04T19:09:20.1815074Z Resolving deltas:  30% (84/280)
2024-03-04T19:09:20.1815881Z Resolving deltas:  31% (87/280)
2024-03-04T19:09:20.1816531Z Resolving deltas:  32% (90/280)
2024-03-04T19:09:20.1817145Z Resolving deltas:  33% (93/280)
2024-03-04T19:09:20.1818141Z Resolving deltas:  34% (96/280)
2024-03-04T19:09:20.1818811Z Resolving deltas:  35% (98/280)
2024-03-04T19:09:20.1819452Z Resolving deltas:  36% (101/280)
2024-03-04T19:09:20.1820233Z Resolving deltas:  37% (104/280)
2024-03-04T19:09:20.1820918Z Resolving deltas:  38% (107/280)
2024-03-04T19:09:20.1821521Z Resolving deltas:  39% (110/280)
2024-03-04T19:09:20.1822251Z Resolving deltas:  40% (112/280)
2024-03-04T19:09:20.1822881Z Resolving deltas:  41% (115/280)
2024-03-04T19:09:20.1823259Z Resolving deltas:  42% (118/280)
2024-03-04T19:09:20.1823742Z Resolving deltas:  43% (121/280)
2024-03-04T19:09:20.1824285Z Resolving deltas:  44% (124/280)
2024-03-04T19:09:20.1824935Z Resolving deltas:  45% (126/280)
2024-03-04T19:09:20.1825639Z Resolving deltas:  46% (129/280)
2024-03-04T19:09:20.1826562Z Resolving deltas:  47% (132/280)
2024-03-04T19:09:20.1827196Z Resolving deltas:  48% (135/280)
2024-03-04T19:09:20.1827881Z Resolving deltas:  49% (138/280)
2024-03-04T19:09:20.1828545Z Resolving deltas:  50% (140/280)
2024-03-04T19:09:20.1829223Z Resolving deltas:  51% (143/280)
2024-03-04T19:09:20.1829924Z Resolving deltas:  52% (146/280)
2024-03-04T19:09:20.1831319Z Resolving deltas:  53% (149/280)
2024-03-04T19:09:20.1831996Z Resolving deltas:  54% (152/280)
2024-03-04T19:09:20.1832913Z Resolving deltas:  55% (154/280)
2024-03-04T19:09:20.1833650Z Resolving deltas:  56% (158/280)
2024-03-04T19:09:20.1834332Z Resolving deltas:  57% (160/280)
2024-03-04T19:09:20.1835183Z Resolving deltas:  58% (163/280)
2024-03-04T19:09:20.1835825Z Resolving deltas:  59% (166/280)
2024-03-04T19:09:20.1836401Z Resolving deltas:  60% (168/280)
2024-03-04T19:09:20.1837130Z Resolving deltas:  61% (171/280)
2024-03-04T19:09:20.1837789Z Resolving deltas:  62% (174/280)
2024-03-04T19:09:20.1838459Z Resolving deltas:  63% (177/280)
2024-03-04T19:09:20.1839239Z Resolving deltas:  64% (180/280)
2024-03-04T19:09:20.1839892Z Resolving deltas:  65% (182/280)
2024-03-04T19:09:20.1840526Z Resolving deltas:  66% (185/280)
2024-03-04T19:09:20.1841313Z Resolving deltas:  67% (188/280)
2024-03-04T19:09:20.1841956Z Resolving deltas:  68% (191/280)
2024-03-04T19:09:20.1842572Z Resolving deltas:  69% (194/280)
2024-03-04T19:09:20.1843288Z Resolving deltas:  70% (196/280)
2024-03-04T19:09:20.1843900Z Resolving deltas:  71% (199/280)
2024-03-04T19:09:20.1844511Z Resolving deltas:  72% (202/280)
2024-03-04T19:09:20.1845231Z Resolving deltas:  73% (205/280)
2024-03-04T19:09:20.1845874Z Resolving deltas:  74% (208/280)
2024-03-04T19:09:20.1846509Z Resolving deltas:  75% (210/280)
2024-03-04T19:09:20.1847236Z Resolving deltas:  76% (213/280)
2024-03-04T19:09:20.1847890Z Resolving deltas:  77% (216/280)
2024-03-04T19:09:20.1848481Z Resolving deltas:  78% (219/280)
2024-03-04T19:09:20.1849189Z Resolving deltas:  79% (223/280)
2024-03-04T19:09:20.1849823Z Resolving deltas:  80% (224/280)
2024-03-04T19:09:20.1850450Z Resolving deltas:  81% (228/280)
2024-03-04T19:09:20.1851107Z Resolving deltas:  82% (230/280)
2024-03-04T19:09:20.1851737Z Resolving deltas:  83% (233/280)
2024-03-04T19:09:20.1852336Z Resolving deltas:  84% (237/280)
2024-03-04T19:09:20.1852983Z Resolving deltas:  85% (238/280)
2024-03-04T19:09:20.1853854Z Resolving deltas:  86% (241/280)
2024-03-04T19:09:20.1854536Z Resolving deltas:  87% (244/280)
2024-03-04T19:09:20.1855914Z Resolving deltas:  88% (247/280)
2024-03-04T19:09:20.1857884Z Resolving deltas:  89% (250/280)
2024-03-04T19:09:20.1858915Z Resolving deltas:  90% (253/280)
2024-03-04T19:09:20.1860774Z Resolving deltas:  91% (255/280)
2024-03-04T19:09:20.1862536Z Resolving deltas:  92% (258/280)
2024-03-04T19:09:20.1870229Z Resolving deltas:  93% (261/280)
2024-03-04T19:09:20.1872715Z Resolving deltas:  94% (264/280)
2024-03-04T19:09:20.1873329Z Resolving deltas:  95% (266/280)
2024-03-04T19:09:20.1879050Z Resolving deltas:  96% (269/280)
2024-03-04T19:09:20.1879726Z Resolving deltas:  97% (272/280)
2024-03-04T19:09:20.1880319Z Resolving deltas:  98% (275/280)
2024-03-04T19:09:20.1886663Z Resolving deltas:  99% (278/280)
2024-03-04T19:09:20.1887333Z Resolving deltas: 100% (280/280)
2024-03-04T19:09:20.1887814Z Resolving deltas: 100% (280/280), done.
2024-03-04T19:09:20.2036693Z From https://github.com/rubyforgood/human-essentials
2024-03-04T19:09:20.2037515Z  * [new ref]         e2573160777f3fae482dfb467e41d53920499748 -> pull/4154/merge
2024-03-04T19:09:20.2060855Z ##[endgroup]
2024-03-04T19:09:20.2062003Z ##[group]Determining the checkout info
2024-03-04T19:09:20.2063303Z ##[endgroup]
2024-03-04T19:09:20.2064455Z ##[group]Checking out the ref
2024-03-04T19:09:20.2068911Z [command]/usr/bin/git checkout --progress --force refs/remotes/pull/4154/merge
2024-03-04T19:09:20.3391276Z Note: switching to 'refs/remotes/pull/4154/merge'.
2024-03-04T19:09:20.3391942Z 
2024-03-04T19:09:20.3392448Z You are in 'detached HEAD' state. You can look around, make experimental
2024-03-04T19:09:20.3393624Z changes and commit them, and you can discard any commits you make in this
2024-03-04T19:09:20.3394402Z state without impacting any branches by switching back to a branch.
2024-03-04T19:09:20.3394822Z 
2024-03-04T19:09:20.3395154Z If you want to create a new branch to retain commits you create, you may
2024-03-04T19:09:20.3396322Z do so (now or later) by using -c with the switch command. Example:
2024-03-04T19:09:20.3396775Z 
2024-03-04T19:09:20.3396964Z   git switch -c <new-branch-name>
2024-03-04T19:09:20.3397259Z 
2024-03-04T19:09:20.3397403Z Or undo this operation with:
2024-03-04T19:09:20.3397726Z 
2024-03-04T19:09:20.3397885Z   git switch -
2024-03-04T19:09:20.3398060Z 
2024-03-04T19:09:20.3398382Z Turn off this advice by setting config variable advice.detachedHead to false
2024-03-04T19:09:20.3398877Z 
2024-03-04T19:09:20.3399381Z HEAD is now at e257316 Merge 36ec5eebfef05757b4963505c7503d7bef88a870 into 10f1c81f3ee35b37507fb0af6eb1563c79a17151
2024-03-04T19:09:20.3401668Z ##[endgroup]
2024-03-04T19:09:20.3447652Z [command]/usr/bin/git log -1 --format='%H'
2024-03-04T19:09:20.3480304Z 'e2573160777f3fae482dfb467e41d53920499748'
2024-03-04T19:09:20.3776113Z ##[group]Run ruby/setup-ruby@v1
2024-03-04T19:09:20.3776600Z with:
2024-03-04T19:09:20.3776925Z   bundler-cache: true
2024-03-04T19:09:20.3777295Z   ruby-version: default
2024-03-04T19:09:20.3777669Z ##[endgroup]
2024-03-04T19:09:20.5627475Z Using 3.2.2 as input from file .ruby-version
2024-03-04T19:09:20.5653168Z ##[group]Modifying PATH
2024-03-04T19:09:20.5654008Z Entries added to PATH to use selected Ruby:
2024-03-04T19:09:20.5657620Z   /opt/hostedtoolcache/Ruby/3.2.2/x64/bin
2024-03-04T19:09:20.5658999Z ##[endgroup]
2024-03-04T19:09:20.5677981Z ##[group]Downloading Ruby
2024-03-04T19:09:20.5680870Z https://github.com/ruby/ruby-builder/releases/download/toolcache/ruby-3.2.2-ubuntu-22.04.tar.gz
2024-03-04T19:09:20.9367433Z Took   0.37 seconds
2024-03-04T19:09:20.9369908Z ##[endgroup]
2024-03-04T19:09:20.9370769Z ##[group]Extracting  Ruby
2024-03-04T19:09:20.9402786Z [command]/usr/bin/tar -xz -C /opt/hostedtoolcache/Ruby/3.2.2 -f /home/runner/work/_temp/ce65e1b3-310f-41e3-8c9c-9f75e615ee52
2024-03-04T19:09:21.3140874Z Took   0.38 seconds
2024-03-04T19:09:21.3142338Z ##[endgroup]
2024-03-04T19:09:21.3143113Z ##[group]Print Ruby version
2024-03-04T19:09:21.3157190Z [command]/opt/hostedtoolcache/Ruby/3.2.2/x64/bin/ruby --version
2024-03-04T19:09:21.3364406Z ruby 3.2.2 (2023-03-30 revision e51014f9c0) [x86_64-linux]
2024-03-04T19:09:21.3383057Z Took   0.02 seconds
2024-03-04T19:09:21.3384465Z ##[endgroup]
2024-03-04T19:09:21.3385547Z ##[group]Installing Bundler
2024-03-04T19:09:21.3391517Z Using Bundler 2.5.6 from Gemfile.lock BUNDLED WITH 2.5.6
2024-03-04T19:09:21.3396099Z [command]/opt/hostedtoolcache/Ruby/3.2.2/x64/bin/gem install bundler -v 2.5.6
2024-03-04T19:09:21.8044521Z Successfully installed bundler-2.5.6
2024-03-04T19:09:21.8045286Z 1 gem installed
2024-03-04T19:09:21.8098889Z Took   0.47 seconds
2024-03-04T19:09:21.8100542Z ##[endgroup]
2024-03-04T19:09:21.8101104Z > bundle install
2024-03-04T19:09:21.8118448Z [command]/opt/hostedtoolcache/Ruby/3.2.2/x64/bin/bundle config --local path /home/runner/work/human-essentials/human-essentials/vendor/bundle
2024-03-04T19:09:21.9585747Z [command]/opt/hostedtoolcache/Ruby/3.2.2/x64/bin/bundle config --local deployment true
2024-03-04T19:09:22.1056965Z Cache key: setup-ruby-bundler-cache-v6-ubuntu-22.04-x64-ruby-3.2.2-wd-/home/runner/work/human-essentials/human-essentials-with--without--only--Gemfile.lock-4d33c700f7ba6b276ff29199ee0ad50f50eaee1ebc70333043a17640f6a66093
2024-03-04T19:09:23.0386481Z Cache Size: ~205 MB (215052876 B)
2024-03-04T19:09:23.0417670Z [command]/usr/bin/tar -xf /home/runner/work/_temp/74f6a682-59e9-4d07-84ba-4c06bbbbe785/cache.tzst -P -C /home/runner/work/human-essentials/human-essentials --use-compress-program unzstd
2024-03-04T19:09:23.2146933Z Received 215052876 of 215052876 (100.0%), 205.1 MBs/sec
2024-03-04T19:09:24.6814870Z Cache restored successfully
2024-03-04T19:09:24.7269695Z Found cache for key: setup-ruby-bundler-cache-v6-ubuntu-22.04-x64-ruby-3.2.2-wd-/home/runner/work/human-essentials/human-essentials-with--without--only--Gemfile.lock-4d33c700f7ba6b276ff29199ee0ad50f50eaee1ebc70333043a17640f6a66093
2024-03-04T19:09:24.7278694Z [command]/opt/hostedtoolcache/Ruby/3.2.2/x64/bin/bundle install --jobs 4
2024-03-04T19:09:25.1155142Z Bundle complete! 85 Gemfile dependencies, 246 gems now installed.
2024-03-04T19:09:25.1158532Z Bundled gems are installed into `./vendor/bundle`
2024-03-04T19:09:25.1207963Z Took   3.31 seconds
2024-03-04T19:09:25.1387779Z ##[group]Run sudo apt-get -yqq install libpq-dev
2024-03-04T19:09:25.1388552Z [36;1msudo apt-get -yqq install libpq-dev[0m
2024-03-04T19:09:25.1433209Z shell: /usr/bin/bash -e {0}
2024-03-04T19:09:25.1433632Z ##[endgroup]
2024-03-04T19:09:26.3359098Z ##[group]Run bundle exec rake db:create
2024-03-04T19:09:26.3359622Z [36;1mbundle exec rake db:create[0m
2024-03-04T19:09:26.3360193Z [36;1mbundle exec rake db:schema:load[0m
2024-03-04T19:09:26.3360678Z [36;1mbundle exec rails assets:precompile[0m
2024-03-04T19:09:26.3389794Z shell: /usr/bin/bash -e {0}
2024-03-04T19:09:26.3390325Z env:
2024-03-04T19:09:26.3390737Z   POSTGRES_HOST: localhost
2024-03-04T19:09:26.3391149Z   DATABASE_HOST: localhost
2024-03-04T19:09:26.3391540Z   PG_USERNAME: postgres
2024-03-04T19:09:26.3392004Z   PG_PASSWORD: password
2024-03-04T19:09:26.3392416Z   POSTGRES_HOST_AUTH_METHOD: trust
2024-03-04T19:09:26.3392790Z   POSTGRES_PORT: 5432
2024-03-04T19:09:26.3393229Z   RAILS_ENV: test
2024-03-04T19:09:26.3393558Z ##[endgroup]
2024-03-04T19:09:32.8774045Z We could not find your database: diaper_test. Which can be found in the database configuration file located at config/database.yml.
2024-03-04T19:09:32.8774961Z 
2024-03-04T19:09:32.8775420Z To resolve this issue:
2024-03-04T19:09:32.8775638Z 
2024-03-04T19:09:32.8776292Z - Did you create the database for this app, or delete it? You may need to create your database.
2024-03-04T19:09:32.8777335Z - Has the database name changed? Check your database.yml config has the correct database name.
2024-03-04T19:09:32.8777830Z 
2024-03-04T19:09:32.8778009Z To create your database, run:
2024-03-04T19:09:32.8778238Z 
2024-03-04T19:09:32.8778413Z         bin/rails db:create
2024-03-04T19:09:32.8779050Z . You likely need to run `rails g flipper:active_record` and/or `rails db:migrate`.
2024-03-04T19:09:33.0539508Z Created database 'diaper_test'
2024-03-04T19:09:33.3543391Z Coverage report generated for RSpec to /home/runner/work/human-essentials/human-essentials/coverage. 442 / 9999 LOC (4.42%) covered.
2024-03-04T19:09:39.8175617Z PG::UndefinedTable: ERROR:  relation "flipper_gates" does not exist
2024-03-04T19:09:39.8176620Z LINE 9:  WHERE a.attrelid = '"flipper_gates"'::regclass
2024-03-04T19:09:39.8177154Z                             ^
2024-03-04T19:09:39.8177812Z . You likely need to run `rails g flipper:active_record` and/or `rails db:migrate`.
2024-03-04T19:09:40.6824946Z Coverage report generated for RSpec to /home/runner/work/human-essentials/human-essentials/coverage. 442 / 9999 LOC (4.42%) covered.
2024-03-04T19:10:15.0278322Z W, [2024-03-04T11:10:15.027449 #2385]  WARN -- : Removed sourceMappingURL comment for missing asset 'adminlte.js.map' from /home/runner/work/human-essentials/human-essentials/app/javascript/adminlte.js
2024-03-04T19:10:15.0898098Z I, [2024-03-04T11:10:15.089417 #2385]  INFO -- : Writing /home/runner/work/human-essentials/human-essentials/public/assets/manifest-90aab26ade71e747f745b1227b433fd7d580a54f279ee2be6e1a67bb326bf03a.js
2024-03-04T19:10:15.0902452Z I, [2024-03-04T11:10:15.089587 #2385]  INFO -- : Writing /home/runner/work/human-essentials/human-essentials/public/assets/manifest-90aab26ade71e747f745b1227b433fd7d580a54f279ee2be6e1a67bb326bf03a.js.gz
2024-03-04T19:10:15.0905328Z I, [2024-03-04T11:10:15.089729 #2385]  INFO -- : Writing /home/runner/work/human-essentials/human-essentials/public/assets/filterrific/filterrific-spinner-415824b210964b6cdb1db0bd9508be8644b9fde094b392f73055b20d369885b6.gif
2024-03-04T19:10:15.0909773Z I, [2024-03-04T11:10:15.090148 #2385]  INFO -- : Writing /home/runner/work/human-essentials/human-essentials/public/assets/bootstrap.min-67c48d88a8e0be178058aacb338b084191ed6d65c8fef751c50248202cf1488a.js
2024-03-04T19:10:15.0913306Z I, [2024-03-04T11:10:15.090488 #2385]  INFO -- : Writing /home/runner/work/human-essentials/human-essentials/public/assets/bootstrap.min-67c48d88a8e0be178058aacb338b084191ed6d65c8fef751c50248202cf1488a.js.gz
2024-03-04T19:10:15.0917438Z I, [2024-03-04T11:10:15.090597 #2385]  INFO -- : Writing /home/runner/work/human-essentials/human-essentials/public/assets/DiaperBase-Logo-f18172876cab49a451ca9c3178b578ab2019e03f111a6b6f3ba0c1b40b3d7c0c.png
2024-03-04T19:10:15.0921640Z I, [2024-03-04T11:10:15.091442 #2385]  INFO -- : Writing /home/runner/work/human-essentials/human-essentials/public/assets/Just-Diaper-05bf6a1b70ccad149eb4eca7b5f9fcca1f9c37bab1f8e5edb6798d66c903ba53.svg
2024-03-04T19:10:15.0925275Z I, [2024-03-04T11:10:15.091562 #2385]  INFO -- : Writing /home/runner/work/human-essentials/human-essentials/public/assets/Just-Diaper-05bf6a1b70ccad149eb4eca7b5f9fcca1f9c37bab1f8e5edb6798d66c903ba53.svg.gz
2024-03-04T19:10:15.0928582Z I, [2024-03-04T11:10:15.091676 #2385]  INFO -- : Writing /home/runner/work/human-essentials/human-essentials/public/assets/barcode-932aed25f5c148b36882be3bfb6696ecdd362ba0a709ff0674a10477f2aad8f3.svg
2024-03-04T19:10:15.0931884Z I, [2024-03-04T11:10:15.091788 #2385]  INFO -- : Writing /home/runner/work/human-essentials/human-essentials/public/assets/barcode-932aed25f5c148b36882be3bfb6696ecdd362ba0a709ff0674a10477f2aad8f3.svg.gz
2024-03-04T19:10:15.0934992Z I, [2024-03-04T11:10:15.092194 #2385]  INFO -- : Writing /home/runner/work/human-essentials/human-essentials/public/assets/bars-db7a0aaf1cd735270b170cba53dca71c75473940ab48639c609a72964eb92f4d.svg
2024-03-04T19:10:15.0938139Z I, [2024-03-04T11:10:15.092816 #2385]  INFO -- : Writing /home/runner/work/human-essentials/human-essentials/public/assets/bars-db7a0aaf1cd735270b170cba53dca71c75473940ab48639c609a72964eb92f4d.svg.gz
2024-03-04T19:10:15.0941189Z I, [2024-03-04T11:10:15.093182 #2385]  INFO -- : Writing /home/runner/work/human-essentials/human-essentials/public/assets/blue@2x-709ca6c252f762af1e5efb0ef1e7444a712cb0ec010fee01749b67a595a7c0c6.png
2024-03-04T19:10:15.0945531Z I, [2024-03-04T11:10:15.093935 #2385]  INFO -- : Writing /home/runner/work/human-essentials/human-essentials/public/assets/boxed-bg-6c60c3f8655fa4062631bbe1434face4fe3d70392159e976ec09ca6ad9330e7d.jpg
2024-03-04T19:10:15.0950740Z I, [2024-03-04T11:10:15.094187 #2385]  INFO -- : Writing /home/runner/work/human-essentials/human-essentials/public/assets/boxed-bg-eb7b1fa0c09f5ef599fc5138e33168827f2ec4e1f796cf8a78570d8a73a58190.png
2024-03-04T19:10:15.0954455Z I, [2024-03-04T11:10:15.094409 #2385]  INFO -- : Writing /home/runner/work/human-essentials/human-essentials/public/assets/dashboard-image-3db42e909886dffccb680715feccab83cc867b4581b0009558e746364e2ec332.svg
2024-03-04T19:10:15.0957555Z I, [2024-03-04T11:10:15.095106 #2385]  INFO -- : Writing /home/runner/work/human-essentials/human-essentials/public/assets/dashboard-image-3db42e909886dffccb680715feccab83cc867b4581b0009558e746364e2ec332.svg.gz
2024-03-04T19:10:15.0961353Z I, [2024-03-04T11:10:15.095602 #2385]  INFO -- : Writing /home/runner/work/human-essentials/human-essentials/public/assets/forecasting-32dffccc42e6c09203d36acbc2243b4bc746dc2f1198c1ff43def4bb48e335b2.svg
2024-03-04T19:10:15.0964840Z I, [2024-03-04T11:10:15.096009 #2385]  INFO -- : Writing /home/runner/work/human-essentials/human-essentials/public/assets/forecasting-32dffccc42e6c09203d36acbc2243b4bc746dc2f1198c1ff43def4bb48e335b2.svg.gz
2024-03-04T19:10:15.0968325Z I, [2024-03-04T11:10:15.096219 #2385]  INFO -- : Writing /home/runner/work/human-essentials/human-essentials/public/assets/hero-image-0ba273def6de748beb2a64206e115d8e4a109ad51ef255512f4c6522e5b9225b.svg
2024-03-04T19:10:15.0971578Z I, [2024-03-04T11:10:15.096471 #2385]  INFO -- : Writing /home/runner/work/human-essentials/human-essentials/public/assets/hero-image-0ba273def6de748beb2a64206e115d8e4a109ad51ef255512f4c6522e5b9225b.svg.gz
2024-03-04T19:10:15.0974873Z I, [2024-03-04T11:10:15.096590 #2385]  INFO -- : Writing /home/runner/work/human-essentials/human-essentials/public/assets/inventory-image-3d91fc8087e13632114d9d129a680b992e02aae297b2bf180089cd55792249b2.svg
2024-03-04T19:10:15.0978586Z I, [2024-03-04T11:10:15.096704 #2385]  INFO -- : Writing /home/runner/work/human-essentials/human-essentials/public/assets/inventory-image-3d91fc8087e13632114d9d129a680b992e02aae297b2bf180089cd55792249b2.svg.gz
2024-03-04T19:10:15.0982111Z I, [2024-03-04T11:10:15.096810 #2385]  INFO -- : Writing /home/runner/work/human-essentials/human-essentials/public/assets/partner-management-c2cd4a940d1cf59f66928bc5097b4d4528b6de95abcc66421edf341c59311d40.svg
2024-03-04T19:10:15.0985650Z I, [2024-03-04T11:10:15.096931 #2385]  INFO -- : Writing /home/runner/work/human-essentials/human-essentials/public/assets/partner-management-c2cd4a940d1cf59f66928bc5097b4d4528b6de95abcc66421edf341c59311d40.svg.gz
2024-03-04T19:10:15.0989149Z I, [2024-03-04T11:10:15.097039 #2385]  INFO -- : Writing /home/runner/work/human-essentials/human-essentials/public/assets/quote-e4395f28913ad7b7785c522f0b6f2363a960720cf3bc26705438f6efb55edb7d.svg
2024-03-04T19:10:15.0992269Z I, [2024-03-04T11:10:15.097145 #2385]  INFO -- : Writing /home/runner/work/human-essentials/human-essentials/public/assets/quote-e4395f28913ad7b7785c522f0b6f2363a960720cf3bc26705438f6efb55edb7d.svg.gz
2024-03-04T19:10:15.0995600Z I, [2024-03-04T11:10:15.097254 #2385]  INFO -- : Writing /home/runner/work/human-essentials/human-essentials/public/assets/report-image-a9fc71739eca5457d288f1c234a0d84237ba8eef8bd20a9935bd45d84d03ae6b.svg
2024-03-04T19:10:15.0998874Z I, [2024-03-04T11:10:15.097366 #2385]  INFO -- : Writing /home/runner/work/human-essentials/human-essentials/public/assets/report-image-a9fc71739eca5457d288f1c234a0d84237ba8eef8bd20a9935bd45d84d03ae6b.svg.gz
2024-03-04T19:10:15.1002237Z I, [2024-03-04T11:10:15.097475 #2385]  INFO -- : Writing /home/runner/work/human-essentials/human-essentials/public/assets/test-only-background-c4843e992a593298a8c43815c8950b766061a96fd7d3e92838354914c41d7243.jpg
2024-03-04T19:10:15.1005816Z I, [2024-03-04T11:10:15.097722 #2385]  INFO -- : Writing /home/runner/work/human-essentials/human-essentials/public/assets/AdminLTE-9d75f9bf2ec81bc0a0de450227ed6268dad2cd66401439503c18d3241dfb241d.css
2024-03-04T19:10:15.1009343Z I, [2024-03-04T11:10:15.097802 #2385]  INFO -- : Writing /home/runner/work/human-essentials/human-essentials/public/assets/AdminLTE-9d75f9bf2ec81bc0a0de450227ed6268dad2cd66401439503c18d3241dfb241d.css.gz
2024-03-04T19:10:15.1013237Z I, [2024-03-04T11:10:15.097903 #2385]  INFO -- : Writing /home/runner/work/human-essentials/human-essentials/public/assets/_colors-04024382391bb910584145d8113cf35ef376b55d125bb4516cebeb14ce788597.css
2024-03-04T19:10:15.1016782Z I, [2024-03-04T11:10:15.097979 #2385]  INFO -- : Writing /home/runner/work/human-essentials/human-essentials/public/assets/_colors-04024382391bb910584145d8113cf35ef376b55d125bb4516cebeb14ce788597.css.gz
2024-03-04T19:10:15.1020038Z I, [2024-03-04T11:10:15.098081 #2385]  INFO -- : Writing /home/runner/work/human-essentials/human-essentials/public/assets/application-c21613708cb0f40361dc08d066cb68c559e4b3982f802956f4439959cad9af23.css
2024-03-04T19:10:15.1023492Z I, [2024-03-04T11:10:15.098154 #2385]  INFO -- : Writing /home/runner/work/human-essentials/human-essentials/public/assets/application-c21613708cb0f40361dc08d066cb68c559e4b3982f802956f4439959cad9af23.css.gz
2024-03-04T19:10:15.1027390Z I, [2024-03-04T11:10:15.098248 #2385]  INFO -- : Writing /home/runner/work/human-essentials/human-essentials/public/assets/test-only-background-c4843e992a593298a8c43815c8950b766061a96fd7d3e92838354914c41d7243.jpg
2024-03-04T19:10:15.1030912Z I, [2024-03-04T11:10:15.098393 #2385]  INFO -- : Writing /home/runner/work/human-essentials/human-essentials/public/assets/audits-83372b845d8a4887e7e4d2315cf3c85ea60ef94ca0ec4774dfbcd3cf569c616c.css
2024-03-04T19:10:15.1034213Z I, [2024-03-04T11:10:15.098475 #2385]  INFO -- : Writing /home/runner/work/human-essentials/human-essentials/public/assets/audits-83372b845d8a4887e7e4d2315cf3c85ea60ef94ca0ec4774dfbcd3cf569c616c.css.gz
2024-03-04T19:10:15.1037391Z I, [2024-03-04T11:10:15.098581 #2385]  INFO -- : Writing /home/runner/work/human-essentials/human-essentials/public/assets/barcode_reader-3799c29218802c1dbba4c700f3863ec24505a9e3e7b54d36282fff667d7c94ca.css
2024-03-04T19:10:15.1088737Z I, [2024-03-04T11:10:15.099103 #2385]  INFO -- : Writing /home/runner/work/human-essentials/human-essentials/public/assets/barcode_reader-3799c29218802c1dbba4c700f3863ec24505a9e3e7b54d36282fff667d7c94ca.css.gz
2024-03-04T19:10:15.1092341Z I, [2024-03-04T11:10:15.107014 #2385]  INFO -- : Writing /home/runner/work/human-essentials/human-essentials/public/assets/custom-4ac26623bf6f4d95aa1164e1ad4d6cbb2bb8dda4af8e4a2f1b4368bc92491085.css
2024-03-04T19:10:15.1095582Z I, [2024-03-04T11:10:15.107092 #2385]  INFO -- : Writing /home/runner/work/human-essentials/human-essentials/public/assets/custom-4ac26623bf6f4d95aa1164e1ad4d6cbb2bb8dda4af8e4a2f1b4368bc92491085.css.gz
2024-03-04T19:10:15.1098866Z I, [2024-03-04T11:10:15.107286 #2385]  INFO -- : Writing /home/runner/work/human-essentials/human-essentials/public/assets/expandable_table-cca1600cf25c44c6bea2733167509ffe9133f344e9defe984ad96bd427b29a19.css
2024-03-04T19:10:15.1105702Z I, [2024-03-04T11:10:15.107359 #2385]  INFO -- : Writing /home/runner/work/human-essentials/human-essentials/public/assets/expandable_table-cca1600cf25c44c6bea2733167509ffe9133f344e9defe984ad96bd427b29a19.css.gz
2024-03-04T19:10:15.1109551Z I, [2024-03-04T11:10:15.107454 #2385]  INFO -- : Writing /home/runner/work/human-essentials/human-essentials/public/assets/landing_page-4fe5dfcfea8b5bbd7722658652ff4ee86132a41b8aff92e9ef8b1216cb7259fa.css
2024-03-04T19:10:15.1113163Z I, [2024-03-04T11:10:15.107522 #2385]  INFO -- : Writing /home/runner/work/human-essentials/human-essentials/public/assets/landing_page-4fe5dfcfea8b5bbd7722658652ff4ee86132a41b8aff92e9ef8b1216cb7259fa.css.gz
2024-03-04T19:10:15.1116631Z I, [2024-03-04T11:10:15.107616 #2385]  INFO -- : Writing /home/runner/work/human-essentials/human-essentials/public/assets/modal-dialog-9d7ae8bb43b60ac4c7d9910700392b20618ae2db4d5db33453b157171d5e0f7d.css
2024-03-04T19:10:15.1120213Z I, [2024-03-04T11:10:15.107686 #2385]  INFO -- : Writing /home/runner/work/human-essentials/human-essentials/public/assets/modal-dialog-9d7ae8bb43b60ac4c7d9910700392b20618ae2db4d5db33453b157171d5e0f7d.css.gz
2024-03-04T19:10:15.1123739Z I, [2024-03-04T11:10:15.107777 #2385]  INFO -- : Writing /home/runner/work/human-essentials/human-essentials/public/assets/progress_stepper-7f8ef0dc05a9a00a300e56f6f3e4ccfdde4af8e392407ccc6601d60019067ccb.css
2024-03-04T19:10:15.1127282Z I, [2024-03-04T11:10:15.107846 #2385]  INFO -- : Writing /home/runner/work/human-essentials/human-essentials/public/assets/progress_stepper-7f8ef0dc05a9a00a300e56f6f3e4ccfdde4af8e392407ccc6601d60019067ccb.css.gz
2024-03-04T19:10:15.1130874Z I, [2024-03-04T11:10:15.107937 #2385]  INFO -- : Writing /home/runner/work/human-essentials/human-essentials/public/assets/transfers-c9ab43ff53dab5dc13681712afc9b6fb31d7865d5ac8c657220deff9f138fa8c.css
2024-03-04T19:10:15.1134259Z I, [2024-03-04T11:10:15.108004 #2385]  INFO -- : Writing /home/runner/work/human-essentials/human-essentials/public/assets/transfers-c9ab43ff53dab5dc13681712afc9b6fb31d7865d5ac8c657220deff9f138fa8c.css.gz
2024-03-04T19:10:15.1137660Z I, [2024-03-04T11:10:15.108095 #2385]  INFO -- : Writing /home/runner/work/human-essentials/human-essentials/public/assets/adminlte-886a0b559685ec92cd8dd4dbf957899292f9c0bd344c90c304d28973363a8eaf.js
2024-03-04T19:10:15.1141118Z I, [2024-03-04T11:10:15.108164 #2385]  INFO -- : Writing /home/runner/work/human-essentials/human-essentials/public/assets/adminlte-886a0b559685ec92cd8dd4dbf957899292f9c0bd344c90c304d28973363a8eaf.js.gz
2024-03-04T19:10:15.1146341Z I, [2024-03-04T11:10:15.110921 #2385]  INFO -- : Writing /home/runner/work/human-essentials/human-essentials/public/assets/application-f9d5a0970e6dc2d1d44ca8dfd6129e9fed2dccf1b460a6bba6eab9dd7aa61c92.js
2024-03-04T19:10:15.1150129Z I, [2024-03-04T11:10:15.111025 #2385]  INFO -- : Writing /home/runner/work/human-essentials/human-essentials/public/assets/application-f9d5a0970e6dc2d1d44ca8dfd6129e9fed2dccf1b460a6bba6eab9dd7aa61c92.js.gz
2024-03-04T19:10:15.1153976Z I, [2024-03-04T11:10:15.111134 #2385]  INFO -- : Writing /home/runner/work/human-essentials/human-essentials/public/assets/cocoon-js-vanilla-cc8e46e9b16a6217f3c14c60ca346454c9c01d8d41e5c073ae14f85fac052e96.js
2024-03-04T19:10:15.1157841Z I, [2024-03-04T11:10:15.111202 #2385]  INFO -- : Writing /home/runner/work/human-essentials/human-essentials/public/assets/cocoon-js-vanilla-cc8e46e9b16a6217f3c14c60ca346454c9c01d8d41e5c073ae14f85fac052e96.js.gz
2024-03-04T19:10:15.1161653Z I, [2024-03-04T11:10:15.111294 #2385]  INFO -- : Writing /home/runner/work/human-essentials/human-essentials/public/assets/controllers/application-368d98631bccbf2349e0d4f8269afb3fe9625118341966de054759d96ea86c7e.js
2024-03-04T19:10:15.1165375Z I, [2024-03-04T11:10:15.111361 #2385]  INFO -- : Writing /home/runner/work/human-essentials/human-essentials/public/assets/controllers/application-368d98631bccbf2349e0d4f8269afb3fe9625118341966de054759d96ea86c7e.js.gz
2024-03-04T19:10:15.1169336Z I, [2024-03-04T11:10:15.111528 #2385]  INFO -- : Writing /home/runner/work/human-essentials/human-essentials/public/assets/controllers/area_served_controller-c8c048ef9ee2d145ba8408cda63546aff8ce9170e9cafb34075ebb01b43c6c34.js
2024-03-04T19:10:15.1173314Z I, [2024-03-04T11:10:15.111593 #2385]  INFO -- : Writing /home/runner/work/human-essentials/human-essentials/public/assets/controllers/area_served_controller-c8c048ef9ee2d145ba8408cda63546aff8ce9170e9cafb34075ebb01b43c6c34.js.gz
2024-03-04T19:10:15.1177357Z I, [2024-03-04T11:10:15.111678 #2385]  INFO -- : Writing /home/runner/work/human-essentials/human-essentials/public/assets/controllers/checkbox_with_nested_element_controller-1645dd2a3a857d546354c90b0c415a9d1dd4de6974048fd41bfc1d6f45ccb3eb.js
2024-03-04T19:10:15.1181445Z I, [2024-03-04T11:10:15.111739 #2385]  INFO -- : Writing /home/runner/work/human-essentials/human-essentials/public/assets/controllers/checkbox_with_nested_element_controller-1645dd2a3a857d546354c90b0c415a9d1dd4de6974048fd41bfc1d6f45ccb3eb.js.gz
2024-03-04T19:10:15.1185494Z I, [2024-03-04T11:10:15.111823 #2385]  INFO -- : Writing /home/runner/work/human-essentials/human-essentials/public/assets/controllers/distribution_delivery_controller-89fc613f734c2b1538c1e9948abeb353ea73d22678fc08597d48fa36a70c5c51.js
2024-03-04T19:10:15.1190225Z I, [2024-03-04T11:10:15.111887 #2385]  INFO -- : Writing /home/runner/work/human-essentials/human-essentials/public/assets/controllers/distribution_delivery_controller-89fc613f734c2b1538c1e9948abeb353ea73d22678fc08597d48fa36a70c5c51.js.gz
2024-03-04T19:10:15.1194351Z I, [2024-03-04T11:10:15.111969 #2385]  INFO -- : Writing /home/runner/work/human-essentials/human-essentials/public/assets/controllers/double_select_controller-bb2e4a65f2c66cacc8ec4dd491c2233b0aac53187ebe1fbaaffedfbaf7db9099.js
2024-03-04T19:10:15.1198547Z I, [2024-03-04T11:10:15.112030 #2385]  INFO -- : Writing /home/runner/work/human-essentials/human-essentials/public/assets/controllers/double_select_controller-bb2e4a65f2c66cacc8ec4dd491c2233b0aac53187ebe1fbaaffedfbaf7db9099.js.gz
2024-03-04T19:10:15.1202462Z I, [2024-03-04T11:10:15.112112 #2385]  INFO -- : Writing /home/runner/work/human-essentials/human-essentials/public/assets/controllers/highchart_controller-7640167d6e3481659a5ead23f046e3c6852c08e30ce8aa6f09aa5cce0f7ea02d.js
2024-03-04T19:10:15.1206309Z I, [2024-03-04T11:10:15.112172 #2385]  INFO -- : Writing /home/runner/work/human-essentials/human-essentials/public/assets/controllers/highchart_controller-7640167d6e3481659a5ead23f046e3c6852c08e30ce8aa6f09aa5cce0f7ea02d.js.gz
2024-03-04T19:10:15.1210100Z I, [2024-03-04T11:10:15.112252 #2385]  INFO -- : Writing /home/runner/work/human-essentials/human-essentials/public/assets/controllers/index-2db729dddcc5b979110e98de4b6720f83f91a123172e87281d5a58410fc43806.js
2024-03-04T19:10:15.1213608Z I, [2024-03-04T11:10:15.112313 #2385]  INFO -- : Writing /home/runner/work/human-essentials/human-essentials/public/assets/controllers/index-2db729dddcc5b979110e98de4b6720f83f91a123172e87281d5a58410fc43806.js.gz
2024-03-04T19:10:15.1217606Z I, [2024-03-04T11:10:15.112395 #2385]  INFO -- : Writing /home/runner/work/human-essentials/human-essentials/public/assets/controllers/request_item_controller-4ab1cb48f0cc30bba40f5311b6588189ddf5daf19bdf36b462cdeab0a663399b.js
2024-03-04T19:10:15.1221757Z I, [2024-03-04T11:10:15.112459 #2385]  INFO -- : Writing /home/runner/work/human-essentials/human-essentials/public/assets/controllers/request_item_controller-4ab1cb48f0cc30bba40f5311b6588189ddf5daf19bdf36b462cdeab0a663399b.js.gz
2024-03-04T19:10:15.1225607Z I, [2024-03-04T11:10:15.112541 #2385]  INFO -- : Writing /home/runner/work/human-essentials/human-essentials/public/assets/controllers/select2_controller-13c15fa4f8996b06b43552325b12e3a14e158db06264b83cfff2e521a16fceeb.js
2024-03-04T19:10:15.1229742Z I, [2024-03-04T11:10:15.112601 #2385]  INFO -- : Writing /home/runner/work/human-essentials/human-essentials/public/assets/controllers/select2_controller-13c15fa4f8996b06b43552325b12e3a14e158db06264b83cfff2e521a16fceeb.js.gz
2024-03-04T19:10:15.1233562Z I, [2024-03-04T11:10:15.112683 #2385]  INFO -- : Writing /home/runner/work/human-essentials/human-essentials/public/assets/controllers/served_area_controller-37738489813fc06349f3fb1bc7abc5d5493318ce553f1bebbfa1f8fe06ebfb4a.js
2024-03-04T19:10:15.1237435Z I, [2024-03-04T11:10:15.112744 #2385]  INFO -- : Writing /home/runner/work/human-essentials/human-essentials/public/assets/controllers/served_area_controller-37738489813fc06349f3fb1bc7abc5d5493318ce553f1bebbfa1f8fe06ebfb4a.js.gz
2024-03-04T19:10:15.1241318Z I, [2024-03-04T11:10:15.112823 #2385]  INFO -- : Writing /home/runner/work/human-essentials/human-essentials/public/assets/controllers/turbo_controller-7ee3a9437b4fb003ac4ea4ca0f3425fd197ce4538a1eeb606e5e5447aa948b54.js
2024-03-04T19:10:15.1245114Z I, [2024-03-04T11:10:15.112877 #2385]  INFO -- : Writing /home/runner/work/human-essentials/human-essentials/public/assets/controllers/turbo_controller-7ee3a9437b4fb003ac4ea4ca0f3425fd197ce4538a1eeb606e5e5447aa948b54.js.gz
2024-03-04T19:10:15.1248686Z I, [2024-03-04T11:10:15.112956 #2385]  INFO -- : Writing /home/runner/work/human-essentials/human-essentials/public/assets/startup-bf111fcbf368bc988dfcb050d057ec73e21f190d7921e15689dd5ebf674e6d00.js
2024-03-04T19:10:15.1252188Z I, [2024-03-04T11:10:15.113023 #2385]  INFO -- : Writing /home/runner/work/human-essentials/human-essentials/public/assets/startup-bf111fcbf368bc988dfcb050d057ec73e21f190d7921e15689dd5ebf674e6d00.js.gz
2024-03-04T19:10:15.1255697Z I, [2024-03-04T11:10:15.113112 #2385]  INFO -- : Writing /home/runner/work/human-essentials/human-essentials/public/assets/utils/barcode_items-ee1050c4d1ade4569ef6cfc83d5f4792f67daabaca0ae24f75455737fea0a72b.js
2024-03-04T19:10:15.1259418Z I, [2024-03-04T11:10:15.113172 #2385]  INFO -- : Writing /home/runner/work/human-essentials/human-essentials/public/assets/utils/barcode_items-ee1050c4d1ade4569ef6cfc83d5f4792f67daabaca0ae24f75455737fea0a72b.js.gz
2024-03-04T19:10:15.1263075Z I, [2024-03-04T11:10:15.113253 #2385]  INFO -- : Writing /home/runner/work/human-essentials/human-essentials/public/assets/utils/barcode_scan-757b66b6921154f49e7cc4c5dc2f146f91f1648beffaa8ef106d94585a273ba9.js
2024-03-04T19:10:15.1266739Z I, [2024-03-04T11:10:15.113313 #2385]  INFO -- : Writing /home/runner/work/human-essentials/human-essentials/public/assets/utils/barcode_scan-757b66b6921154f49e7cc4c5dc2f146f91f1648beffaa8ef106d94585a273ba9.js.gz
2024-03-04T19:10:15.1270463Z I, [2024-03-04T11:10:15.113394 #2385]  INFO -- : Writing /home/runner/work/human-essentials/human-essentials/public/assets/utils/deadline_day_pickers-b0b264db9e3c8107c161cc4571e71cf901bcc511175271d218a553c4e1889065.js
2024-03-04T19:10:15.1274160Z I, [2024-03-04T11:10:15.113453 #2385]  INFO -- : Writing /home/runner/work/human-essentials/human-essentials/public/assets/utils/deadline_day_pickers-b0b264db9e3c8107c161cc4571e71cf901bcc511175271d218a553c4e1889065.js.gz
2024-03-04T19:10:15.1277897Z I, [2024-03-04T11:10:15.113536 #2385]  INFO -- : Writing /home/runner/work/human-essentials/human-essentials/public/assets/utils/distributions_and_transfers-1f9709e9a8df250acfe3e7a79f1501b2696b1f36d5adcf083a61a1b005cce3d2.js
2024-03-04T19:10:15.1282068Z I, [2024-03-04T11:10:15.113596 #2385]  INFO -- : Writing /home/runner/work/human-essentials/human-essentials/public/assets/utils/distributions_and_transfers-1f9709e9a8df250acfe3e7a79f1501b2696b1f36d5adcf083a61a1b005cce3d2.js.gz
2024-03-04T19:10:15.1285951Z I, [2024-03-04T11:10:15.113677 #2385]  INFO -- : Writing /home/runner/work/human-essentials/human-essentials/public/assets/utils/donations-1c3e9a15fc370afd2c3836ccf8dde6013c35412a8d83cf6c1e31bec95ef72b26.js
2024-03-04T19:10:15.1289615Z I, [2024-03-04T11:10:15.113738 #2385]  INFO -- : Writing /home/runner/work/human-essentials/human-essentials/public/assets/utils/donations-1c3e9a15fc370afd2c3836ccf8dde6013c35412a8d83cf6c1e31bec95ef72b26.js.gz
2024-03-04T19:10:15.1293151Z I, [2024-03-04T11:10:15.113819 #2385]  INFO -- : Writing /home/runner/work/human-essentials/human-essentials/public/assets/utils/purchases-5c814ba098feaa8a7b4abff24267c1da909f3e52e12c97660f8a0b8c1ff4aea1.js
2024-03-04T19:10:15.1296712Z I, [2024-03-04T11:10:15.113878 #2385]  INFO -- : Writing /home/runner/work/human-essentials/human-essentials/public/assets/utils/purchases-5c814ba098feaa8a7b4abff24267c1da909f3e52e12c97660f8a0b8c1ff4aea1.js.gz
2024-03-04T19:10:15.1300299Z I, [2024-03-04T11:10:15.113964 #2385]  INFO -- : Writing /home/runner/work/human-essentials/human-essentials/public/assets/filterrific-f3a290db250e05344fd62c216b903689f73eff5e270ef021e425551006092e08.js
2024-03-04T19:10:15.1303731Z I, [2024-03-04T11:10:15.114029 #2385]  INFO -- : Writing /home/runner/work/human-essentials/human-essentials/public/assets/filterrific-f3a290db250e05344fd62c216b903689f73eff5e270ef021e425551006092e08.js.gz
2024-03-04T19:10:15.1307509Z I, [2024-03-04T11:10:15.114118 #2385]  INFO -- : Writing /home/runner/work/human-essentials/human-essentials/public/assets/stimulusloading-1fc59770fb1654500044afd3f5f6d7d00800e5be36746d55b94a2963a7a228aa.js
2024-03-04T19:10:15.1311166Z I, [2024-03-04T11:10:15.114186 #2385]  INFO -- : Writing /home/runner/work/human-essentials/human-essentials/public/assets/stimulusloading-1fc59770fb1654500044afd3f5f6d7d00800e5be36746d55b94a2963a7a228aa.js.gz
2024-03-04T19:10:15.1314529Z I, [2024-03-04T11:10:15.114275 #2385]  INFO -- : Writing /home/runner/work/human-essentials/human-essentials/public/assets/turbo-4851a9a0b1d947e810dfd0448a72aef261d455183ebea681f4f28a73640a9ece.js
2024-03-04T19:10:15.1317835Z I, [2024-03-04T11:10:15.114341 #2385]  INFO -- : Writing /home/runner/work/human-essentials/human-essentials/public/assets/turbo-4851a9a0b1d947e810dfd0448a72aef261d455183ebea681f4f28a73640a9ece.js.gz
2024-03-04T19:10:15.1322084Z I, [2024-03-04T11:10:15.114432 #2385]  INFO -- : Writing /home/runner/work/human-essentials/human-essentials/public/assets/turbo.min-f309baafa3ae5ad6ccee3e7362118b87678d792db8e8ab466c4fa284dd3a4700.js
2024-03-04T19:10:15.1325704Z I, [2024-03-04T11:10:15.114493 #2385]  INFO -- : Writing /home/runner/work/human-essentials/human-essentials/public/assets/turbo.min-f309baafa3ae5ad6ccee3e7362118b87678d792db8e8ab466c4fa284dd3a4700.js.gz
2024-03-04T19:10:15.1329401Z I, [2024-03-04T11:10:15.114576 #2385]  INFO -- : Writing /home/runner/work/human-essentials/human-essentials/public/assets/turbo.min.js-8bc8f4a58d1c106d58dec8bef6c638ff12ff4d078f19d8ebd8c4277f4c9bc85a.map
2024-03-04T19:10:15.1333025Z I, [2024-03-04T11:10:15.114677 #2385]  INFO -- : Writing /home/runner/work/human-essentials/human-essentials/public/assets/turbo.min.js-8bc8f4a58d1c106d58dec8bef6c638ff12ff4d078f19d8ebd8c4277f4c9bc85a.map.gz
2024-03-04T19:10:15.1336794Z I, [2024-03-04T11:10:15.114815 #2385]  INFO -- : Writing /home/runner/work/human-essentials/human-essentials/public/assets/stimulus-loading-3576ce92b149ad5d6959438c6f291e2426c86df3b874c525b30faad51b0d96b3.js
2024-03-04T19:10:15.1340450Z I, [2024-03-04T11:10:15.114884 #2385]  INFO -- : Writing /home/runner/work/human-essentials/human-essentials/public/assets/stimulus-loading-3576ce92b149ad5d6959438c6f291e2426c86df3b874c525b30faad51b0d96b3.js.gz
2024-03-04T19:10:15.1344281Z I, [2024-03-04T11:10:15.115038 #2385]  INFO -- : Writing /home/runner/work/human-essentials/human-essentials/public/assets/popper-003a40d80fd205e1fa00da117d5bdc19720ba330706eaa17f9ba9513fa502304.js
2024-03-04T19:10:15.1348299Z I, [2024-03-04T11:10:15.115107 #2385]  INFO -- : Writing /home/runner/work/human-essentials/human-essentials/public/assets/popper-003a40d80fd205e1fa00da117d5bdc19720ba330706eaa17f9ba9513fa502304.js.gz
2024-03-04T19:10:15.1352734Z I, [2024-03-04T11:10:15.115198 #2385]  INFO -- : Writing /home/runner/work/human-essentials/human-essentials/public/assets/actiontext-28c61f5197c204db043317a8f8826a87ab31495b741f854d307ca36122deefce.js
2024-03-04T19:10:15.1356444Z I, [2024-03-04T11:10:15.115265 #2385]  INFO -- : Writing /home/runner/work/human-essentials/human-essentials/public/assets/actiontext-28c61f5197c204db043317a8f8826a87ab31495b741f854d307ca36122deefce.js.gz
2024-03-04T19:10:15.1359971Z I, [2024-03-04T11:10:15.115355 #2385]  INFO -- : Writing /home/runner/work/human-essentials/human-essentials/public/assets/trix-1563ff9c10f74e143b3ded40a8458497eaf2f87a648a5cbbfebdb7dec3447a5e.js
2024-03-04T19:10:15.1363446Z I, [2024-03-04T11:10:15.115424 #2385]  INFO -- : Writing /home/runner/work/human-essentials/human-essentials/public/assets/trix-1563ff9c10f74e143b3ded40a8458497eaf2f87a648a5cbbfebdb7dec3447a5e.js.gz
2024-03-04T19:10:15.1367013Z I, [2024-03-04T11:10:15.115516 #2385]  INFO -- : Writing /home/runner/work/human-essentials/human-essentials/public/assets/trix-b0398dade8e5ac249fe98f2e850f45adbcdfecd8a11c46b3eb67bdedb87b1b04.css
2024-03-04T19:10:15.1370501Z I, [2024-03-04T11:10:15.115585 #2385]  INFO -- : Writing /home/runner/work/human-essentials/human-essentials/public/assets/trix-b0398dade8e5ac249fe98f2e850f45adbcdfecd8a11c46b3eb67bdedb87b1b04.css.gz
2024-03-04T19:10:15.1374031Z I, [2024-03-04T11:10:15.115674 #2385]  INFO -- : Writing /home/runner/work/human-essentials/human-essentials/public/assets/stimulus-f75215805563870a61ee9dc5a207ce46d4675c7e667558a54344fd1e7baa697f.js
2024-03-04T19:10:15.1377710Z I, [2024-03-04T11:10:15.115738 #2385]  INFO -- : Writing /home/runner/work/human-essentials/human-essentials/public/assets/stimulus-f75215805563870a61ee9dc5a207ce46d4675c7e667558a54344fd1e7baa697f.js.gz
2024-03-04T19:10:15.1381369Z I, [2024-03-04T11:10:15.115828 #2385]  INFO -- : Writing /home/runner/work/human-essentials/human-essentials/public/assets/stimulus-autoloader-c584942b568ba74879da31c7c3d51366737bacaf6fbae659383c0a5653685693.js
2024-03-04T19:10:15.1385266Z I, [2024-03-04T11:10:15.115895 #2385]  INFO -- : Writing /home/runner/work/human-essentials/human-essentials/public/assets/stimulus-autoloader-c584942b568ba74879da31c7c3d51366737bacaf6fbae659383c0a5653685693.js.gz
2024-03-04T19:10:15.1389409Z I, [2024-03-04T11:10:15.115987 #2385]  INFO -- : Writing /home/runner/work/human-essentials/human-essentials/public/assets/stimulus-importmap-autoloader-db2076c783bf2dbee1226e2add52fef290b5d31b5bcd1edd999ac8a6dd31c44a.js
2024-03-04T19:10:15.1393523Z I, [2024-03-04T11:10:15.116057 #2385]  INFO -- : Writing /home/runner/work/human-essentials/human-essentials/public/assets/stimulus-importmap-autoloader-db2076c783bf2dbee1226e2add52fef290b5d31b5bcd1edd999ac8a6dd31c44a.js.gz
2024-03-04T19:10:15.1397558Z I, [2024-03-04T11:10:15.116136 #2385]  INFO -- : Writing /home/runner/work/human-essentials/human-essentials/public/assets/stimulus-loading-3576ce92b149ad5d6959438c6f291e2426c86df3b874c525b30faad51b0d96b3.js
2024-03-04T19:10:15.1401317Z I, [2024-03-04T11:10:15.116193 #2385]  INFO -- : Writing /home/runner/work/human-essentials/human-essentials/public/assets/stimulus-loading-3576ce92b149ad5d6959438c6f291e2426c86df3b874c525b30faad51b0d96b3.js.gz
2024-03-04T19:10:15.1404965Z I, [2024-03-04T11:10:15.116277 #2385]  INFO -- : Writing /home/runner/work/human-essentials/human-essentials/public/assets/stimulus.min-dd364f16ec9504dfb72672295637a1c8838773b01c0b441bd41008124c407894.js
2024-03-04T19:10:15.1408866Z I, [2024-03-04T11:10:15.116344 #2385]  INFO -- : Writing /home/runner/work/human-essentials/human-essentials/public/assets/stimulus.min-dd364f16ec9504dfb72672295637a1c8838773b01c0b441bd41008124c407894.js.gz
2024-03-04T19:10:15.1412529Z I, [2024-03-04T11:10:15.116426 #2385]  INFO -- : Writing /home/runner/work/human-essentials/human-essentials/public/assets/stimulus-autoloader-c584942b568ba74879da31c7c3d51366737bacaf6fbae659383c0a5653685693.js
2024-03-04T19:10:15.1416488Z I, [2024-03-04T11:10:15.116486 #2385]  INFO -- : Writing /home/runner/work/human-essentials/human-essentials/public/assets/stimulus-autoloader-c584942b568ba74879da31c7c3d51366737bacaf6fbae659383c0a5653685693.js.gz
2024-03-04T19:10:15.1422235Z I, [2024-03-04T11:10:15.116567 #2385]  INFO -- : Writing /home/runner/work/human-essentials/human-essentials/public/assets/stimulus-importmap-autoloader-db2076c783bf2dbee1226e2add52fef290b5d31b5bcd1edd999ac8a6dd31c44a.js
2024-03-04T19:10:15.1426965Z I, [2024-03-04T11:10:15.116626 #2385]  INFO -- : Writing /home/runner/work/human-essentials/human-essentials/public/assets/stimulus-importmap-autoloader-db2076c783bf2dbee1226e2add52fef290b5d31b5bcd1edd999ac8a6dd31c44a.js.gz
2024-03-04T19:10:15.1431015Z I, [2024-03-04T11:10:15.116713 #2385]  INFO -- : Writing /home/runner/work/human-essentials/human-essentials/public/assets/stimulus-loading-3576ce92b149ad5d6959438c6f291e2426c86df3b874c525b30faad51b0d96b3.js
2024-03-04T19:10:15.1434836Z I, [2024-03-04T11:10:15.116786 #2385]  INFO -- : Writing /home/runner/work/human-essentials/human-essentials/public/assets/stimulus-loading-3576ce92b149ad5d6959438c6f291e2426c86df3b874c525b30faad51b0d96b3.js.gz
2024-03-04T19:10:15.1438331Z I, [2024-03-04T11:10:15.116904 #2385]  INFO -- : Writing /home/runner/work/human-essentials/human-essentials/public/assets/stimulus.min.js-2cc63625fa177963b45da974806e7aee846cbf1d4930815733d0fdf3fb232325.map
2024-03-04T19:10:15.1441835Z I, [2024-03-04T11:10:15.116971 #2385]  INFO -- : Writing /home/runner/work/human-essentials/human-essentials/public/assets/stimulus.min.js-2cc63625fa177963b45da974806e7aee846cbf1d4930815733d0fdf3fb232325.map.gz
2024-03-04T19:10:15.1445212Z I, [2024-03-04T11:10:15.117064 #2385]  INFO -- : Writing /home/runner/work/human-essentials/human-essentials/public/assets/activestorage-3ab61e47dd4ee2d79db525ade1dca2ede0ea2b7371fe587e408ee37b7ade265d.js
2024-03-04T19:10:15.1448602Z I, [2024-03-04T11:10:15.117131 #2385]  INFO -- : Writing /home/runner/work/human-essentials/human-essentials/public/assets/activestorage-3ab61e47dd4ee2d79db525ade1dca2ede0ea2b7371fe587e408ee37b7ade265d.js.gz
2024-03-04T19:10:15.1452196Z I, [2024-03-04T11:10:15.117225 #2385]  INFO -- : Writing /home/runner/work/human-essentials/human-essentials/public/assets/activestorage.esm-01f58a45d77495cdfbdfcc872902a430426c4391634ec9c3da5f69fbf8418492.js
2024-03-04T19:10:15.1455609Z I, [2024-03-04T11:10:15.117292 #2385]  INFO -- : Writing /home/runner/work/human-essentials/human-essentials/public/assets/activestorage.esm-01f58a45d77495cdfbdfcc872902a430426c4391634ec9c3da5f69fbf8418492.js.gz
2024-03-04T19:10:15.1459320Z I, [2024-03-04T11:10:15.117384 #2385]  INFO -- : Writing /home/runner/work/human-essentials/human-essentials/public/assets/actioncable-5433453f9b6619a9de91aaab2d7fc7ff183e5260c0107cbc9a1aa0c838d9a74e.js
2024-03-04T19:10:15.1462607Z I, [2024-03-04T11:10:15.117449 #2385]  INFO -- : Writing /home/runner/work/human-essentials/human-essentials/public/assets/actioncable-5433453f9b6619a9de91aaab2d7fc7ff183e5260c0107cbc9a1aa0c838d9a74e.js.gz
2024-03-04T19:10:15.1465936Z I, [2024-03-04T11:10:15.117539 #2385]  INFO -- : Writing /home/runner/work/human-essentials/human-essentials/public/assets/actioncable.esm-e01089c3ec4fe7817fa9abcad06cab6bdc387f95f0ca6aab4bf7ba7537f70690.js
2024-03-04T19:10:15.1469579Z I, [2024-03-04T11:10:15.117603 #2385]  INFO -- : Writing /home/runner/work/human-essentials/human-essentials/public/assets/actioncable.esm-e01089c3ec4fe7817fa9abcad06cab6bdc387f95f0ca6aab4bf7ba7537f70690.js.gz
2024-03-04T19:10:15.6311572Z Coverage report generated for RSpec to /home/runner/work/human-essentials/human-essentials/coverage. 442 / 9999 LOC (4.42%) covered.
2024-03-04T19:10:15.7039517Z ##[group]Run RUBYOPT='-W:no-deprecated -W:no-experimental' bin/knapsack_pro_rspec
2024-03-04T19:10:15.7040485Z [36;1mRUBYOPT='-W:no-deprecated -W:no-experimental' bin/knapsack_pro_rspec[0m
2024-03-04T19:10:15.7069363Z shell: /usr/bin/bash -e {0}
2024-03-04T19:10:15.7069719Z env:
2024-03-04T19:10:15.7070158Z   POSTGRES_HOST: localhost
2024-03-04T19:10:15.7070576Z   DATABASE_HOST: localhost
2024-03-04T19:10:15.7070973Z   PG_USERNAME: postgres
2024-03-04T19:10:15.7071408Z   PG_PASSWORD: password
2024-03-04T19:10:15.7071765Z   POSTGRES_HOST_AUTH_METHOD: trust
2024-03-04T19:10:15.7072196Z   POSTGRES_PORT: 5432
2024-03-04T19:10:15.7072606Z   PGHOST: localhost
2024-03-04T19:10:15.7072943Z   PGUSER: postgres
2024-03-04T19:10:15.7073289Z   RAILS_ENV: test
2024-03-04T19:10:15.7073675Z   KNAPSACK_PRO_TEST_SUITE_TOKEN_RSPEC: 
2024-03-04T19:10:15.7074129Z   KNAPSACK_PRO_CI_NODE_TOTAL: 6
2024-03-04T19:10:15.7074545Z   KNAPSACK_PRO_CI_NODE_INDEX: 2
2024-03-04T19:10:15.7075157Z   KNAPSACK_PRO_RSPEC_SPLIT_BY_TEST_EXAMPLES: true
2024-03-04T19:10:15.7075602Z   KNAPSACK_PRO_LOG_LEVEL: info
2024-03-04T19:10:15.7076288Z   KNAPSACK_PRO_TEST_FILE_PATTERN: {spec/system/**{,/*/**}/*_spec.rb,spec/requests/**{,/*/**}/*_spec.rb}
2024-03-04T19:10:15.7076928Z ##[endgroup]
2024-03-04T19:10:21.3835083Z W, [2024-03-04T19:10:21.383165 #2473]  WARN -- : [knapsack_pro] GET https://api-disabled-for-fork.knapsackpro.com/v1/build_distributions/last
2024-03-04T19:10:21.3836920Z W, [2024-03-04T19:10:21.383231 #2473]  WARN -- : [knapsack_pro] Request failed due to:
2024-03-04T19:10:21.3838657Z W, [2024-03-04T19:10:21.383265 #2473]  WARN -- : [knapsack_pro] #<SocketError: Failed to open TCP connection to api-disabled-for-fork.knapsackpro.com:443 (getaddrinfo: Name or service not known)>
2024-03-04T19:10:21.3841889Z W, [2024-03-04T19:10:21.383302 #2473]  WARN -- : [knapsack_pro] Slow test files fallback behaviour started. We could not connect with Knapsack Pro API to fetch last CI build test files that are needed to determine slow test files. No test files will be split by test cases. It means all test files will be split by the whole test files as if split by test cases would be disabled https://knapsackpro.com/perma/ruby/split-by-test-examples
2024-03-04T19:10:24.0371925Z W, [2024-03-04T19:10:24.036853 #2473]  WARN -- : [knapsack_pro] POST https://api-disabled-for-fork.knapsackpro.com/v1/build_distributions/subset
2024-03-04T19:10:24.0373767Z W, [2024-03-04T19:10:24.036902 #2473]  WARN -- : [knapsack_pro] Request failed due to:
2024-03-04T19:10:24.0375522Z W, [2024-03-04T19:10:24.036922 #2473]  WARN -- : [knapsack_pro] #<SocketError: Failed to open TCP connection to api-disabled-for-fork.knapsackpro.com:443 (getaddrinfo: Name or service not known)>
2024-03-04T19:10:24.0378043Z W, [2024-03-04T19:10:24.036973 #2473]  WARN -- : [knapsack_pro] Fallback mode started. We could not connect with Knapsack Pro API. Your tests will be executed based on directory names. Read more about fallback mode at https://knapsackpro.com/perma/ruby/fallback-mode
2024-03-04T19:10:24.0430882Z /opt/hostedtoolcache/Ruby/3.2.2/x64/bin/ruby -I/home/runner/work/human-essentials/human-essentials/vendor/bundle/ruby/3.2.0/gems/rspec-core-3.12.2/lib:/home/runner/work/human-essentials/human-essentials/vendor/bundle/ruby/3.2.0/gems/rspec-support-3.12.1/lib /home/runner/work/human-essentials/human-essentials/vendor/bundle/ruby/3.2.0/gems/rspec-core-3.12.2/exe/rspec  --format documentation --format KnapsackPro::Formatters::TimeTracker --default-path spec "spec/requests/admin/account_requests_requests_spec.rb" "spec/requests/admin/questions_spec.rb" "spec/requests/broadcast_announcements_spec.rb" "spec/requests/events_requests_spec.rb" "spec/requests/partners/dashboard_requests_spec.rb" "spec/requests/partners/requests_spec.rb" "spec/requests/purchases_requests_spec.rb" "spec/requests/transfers_requests_spec.rb" "spec/system/adjustment_system_spec.rb" "spec/system/admin/users_system_spec.rb" "spec/system/distribution_system_spec.rb" "spec/system/layout_system_spec.rb" "spec/system/partner_system_spec.rb" "spec/system/partners/partner_distribution_system_spec.rb" "spec/system/question_system_spec.rb"
2024-03-04T19:10:32.4341255Z 
2024-03-04T19:10:32.4342106Z Randomized with seed 7872
2024-03-04T19:10:33.3929343Z 
2024-03-04T19:10:33.3930122Z Adjustment management
2024-03-04T19:10:35.0207938Z   can filter the #index by user
2024-03-04T19:10:35.5359965Z   should not display inactive storage locations in dropdown
2024-03-04T19:10:36.3873121Z   can filter the #index by storage location
2024-03-04T19:10:36.3874051Z   With a new adjustment
2024-03-04T19:10:36.9513305Z     should not display inactive storage locations in dropdown
2024-03-04T19:10:36.9514497Z     with a storage location that has inventory
2024-03-04T19:10:38.8318301Z       politely informs the user that they're adjusting way too hard
2024-03-04T19:10:40.1108577Z       can subtract an inventory adjustment at a storage location
2024-03-04T19:10:42.1644728Z       politely informs the user if they try to adjust down below zero, even if they use multiple adjustments to do so
2024-03-04T19:10:43.4447118Z       can add an inventory adjustment at a storage location
2024-03-04T19:10:44.8413196Z       Does not include inactive items in the line item fields
2024-03-04T19:10:44.8414116Z     with a storage location that is bare
2024-03-04T19:10:45.9671333Z       allows you to choose items that do not yet exist
2024-03-04T19:10:45.9672240Z   behaves like Date Range Picker
2024-03-04T19:10:45.9673148Z     when choosing 'All Time'
2024-03-04T19:10:46.9466373Z       shows all the records
2024-03-04T19:10:46.9467397Z     when choosing 'Last Month'
2024-03-04T19:10:47.9015348Z       shows only 2 of the records
2024-03-04T19:10:47.9016363Z     when choosing a date range that only includes the previous week
2024-03-04T19:10:48.8672547Z       shows only 1 record
2024-03-04T19:10:48.8673544Z 
2024-03-04T19:10:48.8673912Z Admin::AccountRequestsController
2024-03-04T19:10:48.8675284Z   while signed in as a super admin
2024-03-04T19:10:48.8676179Z     GET #index
2024-03-04T19:10:48.9162429Z       returns success
2024-03-04T19:10:48.9163168Z     POST #reject
2024-03-04T19:10:48.9442596Z       should redirect back on success
2024-03-04T19:10:48.9443381Z     GET #for_rejection
2024-03-04T19:10:48.9444198Z       with an invalid token
2024-03-04T19:10:48.9804671Z         should show a not found message
2024-03-04T19:10:48.9805232Z       with a valid token
2024-03-04T19:10:49.0199336Z         should show the request
2024-03-04T19:10:49.0201032Z 
2024-03-04T19:10:49.0201283Z Purchases
2024-03-04T19:10:49.0202507Z   While signed in as a user >
2024-03-04T19:10:49.0204042Z     GET #edit
2024-03-04T19:10:49.0952099Z       returns http success
2024-03-04T19:10:49.1463231Z       storage location is correct
2024-03-04T19:10:49.1464232Z       when an finalized audit has been performed on the purchased items
2024-03-04T19:10:49.2820049Z         shows a warning
2024-03-04T19:10:49.2821342Z       when non-finalized audit has been performed on the purchased items
2024-03-04T19:10:49.4234975Z         does not show a warning
2024-03-04T19:10:49.4236000Z       when no audit has been performed
2024-03-04T19:10:49.5231548Z         does not show a warning
2024-03-04T19:10:49.5232547Z     GET #show
2024-03-04T19:10:49.5619371Z       returns http success
2024-03-04T19:10:49.5620045Z     GET #new
2024-03-04T19:10:49.6049430Z       is expected to be successful
2024-03-04T19:10:49.6050303Z     PUT#update
2024-03-04T19:10:49.6408587Z       redirects to index after update
2024-03-04T19:10:49.7440368Z       updates storage quantity correctly
2024-03-04T19:10:49.7440933Z       when changing storage location
2024-03-04T19:10:49.8440914Z         updates storage quantity correctly
2024-03-04T19:10:49.9520230Z         rollsback updates if quantity would go below 0
2024-03-04T19:10:49.9521059Z       when removing a line item
2024-03-04T19:10:50.0488161Z         updates storage invetory item quantity correctly
2024-03-04T19:10:50.0489085Z     DELETE #destroy
2024-03-04T19:10:50.0693930Z       redirects to the dashboard
2024-03-04T19:10:50.0913003Z       does not delete a purchase
2024-03-04T19:10:50.0913664Z     GET #index
2024-03-04T19:10:50.0914296Z       csv
2024-03-04T19:10:50.1218444Z         is expected to be successful
2024-03-04T19:10:50.1219157Z       html
2024-03-04T19:10:50.1650507Z         is expected to be successful
2024-03-04T19:10:50.1651285Z     POST#create
2024-03-04T19:10:50.1651774Z       on failure
2024-03-04T19:10:50.2120105Z         renders GET#new with error
2024-03-04T19:10:50.2121100Z       on success
2024-03-04T19:10:50.2600473Z         accepts :amount_spent_in_cents with dollar signs, commas, and periods
2024-03-04T19:10:50.3003807Z         redirects to GET#edit
2024-03-04T19:10:50.3535989Z         storage location defaults to organizations storage location
2024-03-04T19:10:50.3537223Z   While signed in as an organizational admin
2024-03-04T19:10:50.3538312Z     DELETE #destroy
2024-03-04T19:10:50.3884248Z       displays the proper flash notice
2024-03-04T19:10:50.4210934Z       deletes a purchase
2024-03-04T19:10:50.4534951Z       redirects to the index
2024-03-04T19:10:50.5354307Z       decreases storage location inventory
2024-03-04T19:10:50.5354921Z 
2024-03-04T19:10:50.5355717Z Partner Distributions
2024-03-04T19:10:50.5356764Z   Distributions
2024-03-04T19:10:51.1457190Z     displays prior distributions
2024-03-04T19:10:51.7401089Z     displays upcoming distributions
2024-03-04T19:10:51.7402181Z 
2024-03-04T19:10:51.7404335Z Distributions
2024-03-04T19:10:52.4419047Z   errors if user does not fill storage_location
2024-03-04T19:10:54.2943784Z   allows completion of corrected distribution with depleted inventory item
2024-03-04T19:10:54.2944868Z   when filtering on the index page
2024-03-04T19:10:55.2271324Z     filters by partner
2024-03-04T19:10:56.4940765Z     filters by item category id
2024-03-04T19:10:57.0440822Z     should not display inactive storage locations in dropdown
2024-03-04T19:10:57.9677660Z     filters by state
2024-03-04T19:10:59.2140132Z     filters by item id
2024-03-04T19:10:59.2140851Z     behaves like Date Range Picker
2024-03-04T19:10:59.2141800Z       when choosing 'Last Month'
2024-03-04T19:11:00.2845757Z         shows only 2 of the records
2024-03-04T19:11:00.2846611Z       when choosing a date range that only includes the previous week
2024-03-04T19:11:01.3328223Z         shows only 1 record
2024-03-04T19:11:01.3331660Z       when choosing 'All Time'
2024-03-04T19:11:02.3903668Z         shows all the records
2024-03-04T19:11:02.3904742Z   When attempting to edit a distribution
2024-03-04T19:11:02.3905839Z     when logged as Admin
2024-03-04T19:11:03.0350378Z       can be accessed directly
2024-03-04T19:11:04.1493786Z       can click on Edit button and a warning appears
2024-03-04T19:11:04.1494518Z     after the distribution issued_at has passed or it has been marked complete
2024-03-04T19:11:04.8656290Z       does not contain a Edit button
2024-03-04T19:11:05.8457804Z       cannot be accessed directly
2024-03-04T19:11:05.8458572Z   via barcode entry
2024-03-04T19:11:06.6252504Z     allows users to add items via scanning them in by barcode
2024-03-04T19:11:08.0429853Z     a user can add items that do not yet have a barcode
2024-03-04T19:11:08.0430888Z   When creating a distribution and items have value
2024-03-04T19:11:08.8384367Z     the user sees total value on index page
2024-03-04T19:11:09.6344752Z     the user sees value in row on index page
2024-03-04T19:11:10.6642129Z     the user sees value per item on show page
2024-03-04T19:11:11.6894402Z     the user sees total value on show page
2024-03-04T19:11:11.6895488Z   When creating a distribution from a request
2024-03-04T19:11:12.8944487Z     sets the distribution id and fulfilled status on the request
2024-03-04T19:11:14.2419113Z     maintains the connection with the request even when there are initial errors
2024-03-04T19:11:14.2420194Z   With an existing distribution
2024-03-04T19:11:15.7531199Z     sends an email if reminders are enabled
2024-03-04T19:11:17.0506673Z     the user can make changes
2024-03-04T19:11:18.0340506Z     the user can reclaim it
2024-03-04T19:11:19.4227655Z     allows the user can change the issued_at date
2024-03-04T19:11:20.7256780Z     disallows the user from changing the quantity above the inventory quantity
2024-03-04T19:11:20.7257758Z     when one of the items has been 'deleted'
2024-03-04T19:11:21.6926770Z       the user can still reclaim it
2024-03-04T19:11:21.6927817Z     when delivery method is shipped and shipping cost is none negative
2024-03-04T19:11:22.9814226Z       should update distribution and display shipping_cost field
2024-03-04T19:11:22.9814900Z     when delivery method is not shipped
2024-03-04T19:11:25.9428592Z       should not display shipping_cost field
2024-03-04T19:11:25.9429667Z   When creating a new distribution manually
2024-03-04T19:11:26.5480427Z     should not display inactive storage locations in dropdown
2024-03-04T19:11:27.2733172Z     Displays a complete form after validation errors
2024-03-04T19:11:27.2734125Z     when there is a default storage location
2024-03-04T19:11:27.8271409Z       automatically selects the default storage location
2024-03-04T19:11:27.8272249Z     when the quantity is lower than the on hand minimum quantity
2024-03-04T19:11:28.9322266Z       should display an error
2024-03-04T19:11:28.9323226Z     when the delivery_method is shipped and shipping cost is none-negative
2024-03-04T19:11:29.8618324Z       Allows a distribution to be created
2024-03-04T19:11:29.8619510Z     when the quantity is lower than the on hand recommended quantity
2024-03-04T19:11:30.6913616Z       should display an alert
2024-03-04T19:11:30.6914489Z     when the delivery_method is not shipped
2024-03-04T19:11:33.5617114Z       Allows a distribution to be created and shipping cost field not visible
2024-03-04T19:11:33.5618553Z     when there is insufficient inventory to fulfill the Distribution
2024-03-04T19:11:34.4784416Z       gracefully handles the error
2024-03-04T19:11:34.4785493Z   When going to the Pick Ups & Deliveries page
2024-03-04T19:11:35.1683346Z     appears distribution in calendar with correct time & timezone
2024-03-04T19:11:35.1684404Z   When creating a distribution from a donation
2024-03-04T19:11:36.4108755Z     completes successfully
2024-03-04T19:11:36.4109327Z     when editing that distribution
2024-03-04T19:11:39.6276965Z       User creates duplicate line items
2024-03-04T19:11:41.8225793Z       User creates a distribution from a donation then tries to make the quantity too big
2024-03-04T19:11:44.0781299Z       User creates a distribution from a donation then edits it
2024-03-04T19:11:44.0782244Z   When showing a individual distribution
2024-03-04T19:11:44.6588066Z     Show partner name in title
2024-03-04T19:11:44.6588825Z 
2024-03-04T19:11:44.6589223Z Admin::Questions
2024-03-04T19:11:44.6590662Z   while signed in as a super admin
2024-03-04T19:11:44.6591999Z     DELETE #destroy
2024-03-04T19:11:44.6938351Z       lets the user delete questions
2024-03-04T19:11:44.6939152Z     POST #create
2024-03-04T19:11:44.7120120Z       lets the user create questions
2024-03-04T19:11:44.7121221Z     GET #edit
2024-03-04T19:11:44.7514652Z       lets the user load the edit question page
2024-03-04T19:11:44.7515165Z     PATCH #update
2024-03-04T19:11:44.7722078Z       lets the user update questions
2024-03-04T19:11:44.7722854Z     GET #index
2024-03-04T19:11:44.8002887Z       lets the user load the page
2024-03-04T19:11:44.8003667Z     GET #new
2024-03-04T19:11:44.8294480Z       lets the user load the new question page
2024-03-04T19:11:44.8295218Z 
2024-03-04T19:11:44.8295845Z Admin Users Management
2024-03-04T19:11:44.8296910Z   While signed in as an Administrative User (super admin)
2024-03-04T19:11:45.9116996Z     edits an existing user
2024-03-04T19:11:46.6692674Z     deletes an existing user
2024-03-04T19:11:47.7610134Z     creates an user
2024-03-04T19:11:48.8051461Z     filters users by name
2024-03-04T19:11:50.4685137Z     adds a role
2024-03-04T19:11:50.9671938Z     filters users by email
2024-03-04T19:11:50.9672678Z 
2024-03-04T19:11:50.9673320Z /partners/dashboard
2024-03-04T19:11:51.0731676Z   displays upcoming distributions
2024-03-04T19:11:51.0732657Z   with just partner role
2024-03-04T19:11:51.1228056Z     should not display the switch link
2024-03-04T19:11:51.1228745Z   BroadcastAnnouncement card
2024-03-04T19:11:51.1803637Z     displays announcements if there are valid ones
2024-03-04T19:11:51.2306617Z     doesn't display announcements from super admins
2024-03-04T19:11:51.2808423Z     doesn't display announcements if there are not valid ones
2024-03-04T19:11:51.2809292Z   GET #index
2024-03-04T19:11:51.3538726Z     displays requests that are pending
2024-03-04T19:11:51.4216085Z     does not display requests in other states
2024-03-04T19:11:51.4216645Z   with both roles
2024-03-04T19:11:51.4768203Z     should include the switch link
2024-03-04T19:11:51.4769025Z 
2024-03-04T19:11:51.4769292Z Transfers
2024-03-04T19:11:51.4770439Z   While not signed in
2024-03-04T19:11:51.4946588Z     redirects the user to the sign-in page for CRUD actions
2024-03-04T19:11:51.4947625Z   While signed in
2024-03-04T19:11:51.4948351Z     GET #new
2024-03-04T19:11:51.5341592Z       returns http success
2024-03-04T19:11:51.5342303Z     POST #create
2024-03-04T19:11:51.5715260Z       redirects to #index when successful
2024-03-04T19:11:51.6089848Z       renders to #new when failing
2024-03-04T19:11:51.6090651Z     Looking at a different organization
2024-03-04T19:11:51.7983815Z       redirects the user to the sign-in page for CRUD actions
2024-03-04T19:11:51.7984855Z     GET #index
2024-03-04T19:11:51.7985310Z       csv
2024-03-04T19:11:51.8155745Z         is expected to be successful
2024-03-04T19:11:51.8156589Z       html
2024-03-04T19:11:51.8471576Z         is expected to be successful
2024-03-04T19:11:51.8472174Z         when filtering by date
2024-03-04T19:11:51.8472886Z           when date parameters are supplied
2024-03-04T19:11:51.8981462Z             only returns the correct obejects
2024-03-04T19:11:51.8982250Z           when date parameters are not supplied
2024-03-04T19:11:51.9463921Z             returns all objects
2024-03-04T19:11:51.9466772Z     GET #show
2024-03-04T19:11:51.9865653Z       returns http success
2024-03-04T19:11:51.9866670Z     DELETE #destroy
2024-03-04T19:11:51.9867604Z       when the transfer destroy service was successful
2024-03-04T19:11:52.0070402Z         should set a notice flash with the success message and redirect to index
2024-03-04T19:11:52.0071445Z       when the transfer destroy service was not successful
2024-03-04T19:11:52.0264665Z         should set a error flash with the error message and redirect to index
2024-03-04T19:11:52.0265336Z 
2024-03-04T19:11:52.0265721Z BroadcastAnnouncements
2024-03-04T19:11:52.0267419Z   GET /new
2024-03-04T19:11:52.0565646Z     renders a successful response
2024-03-04T19:11:52.0566392Z   GET /index
2024-03-04T19:11:52.0882184Z     renders a successful response
2024-03-04T19:11:52.0882922Z   PATCH /update
2024-03-04T19:11:52.0883558Z     with valid parameters
2024-03-04T19:11:52.1071275Z       updates the requested announcement and redirects
2024-03-04T19:11:52.1071958Z     with invalid parameters
2024-03-04T19:11:52.1390282Z       does not render a successful response
2024-03-04T19:11:52.1391220Z   DELETE /destroy
2024-03-04T19:11:52.1555108Z     destroys the requested announcement then redirects
2024-03-04T19:11:52.1555872Z   POST /create
2024-03-04T19:11:52.1556599Z     with valid parameters
2024-03-04T19:11:52.1702727Z       creates a new BroadcastAnnouncement then redirects
2024-03-04T19:11:52.1703555Z     with invalid parameters
2024-03-04T19:11:52.1987098Z       does not create a new BroadcastAnnouncement
2024-03-04T19:11:52.2266700Z       does not render a successful response
2024-03-04T19:11:52.2267924Z   GET /edit
2024-03-04T19:11:52.2558392Z     render a successful response
2024-03-04T19:11:52.2558987Z 
2024-03-04T19:11:52.2559203Z Events
2024-03-04T19:11:52.2560408Z   When signed in
2024-03-04T19:11:52.2561439Z     GET #index
2024-03-04T19:11:52.7356618Z       should be successful
2024-03-04T19:11:52.7357137Z       with item filter
2024-03-04T19:11:53.2034955Z         should not include the other item
2024-03-04T19:11:53.2035784Z       with storage location filter
2024-03-04T19:11:53.6786541Z         should not include the other storage location
2024-03-04T19:11:53.6787405Z       with date filter
2024-03-04T19:11:54.1470939Z         should not include the old donation
2024-03-04T19:11:54.1471490Z       with eventable_id
2024-03-04T19:11:54.7629838Z         should only show events from that eventable
2024-03-04T19:11:54.7630702Z       with type filter
2024-03-04T19:11:55.2354626Z         should not include the adjustment
2024-03-04T19:11:55.2355468Z   When not signed in
2024-03-04T19:11:55.2532812Z     redirects the user to the sign-in page for CRUD actions
2024-03-04T19:11:55.2533773Z 
2024-03-04T19:11:55.2534068Z Question search
2024-03-04T19:11:55.2534763Z   while logged in
2024-03-04T19:11:55.9013851Z     filters by question title
2024-03-04T19:11:55.9014536Z 
2024-03-04T19:11:55.9016526Z /partners/requests
2024-03-04T19:11:55.9017247Z   GET #new
2024-03-04T19:11:55.9614818Z     should render without any issues
2024-03-04T19:11:55.9615666Z   GET #index
2024-03-04T19:11:56.0054694Z     should render without any issues
2024-03-04T19:11:56.0611276Z     should display total count of items in partner request
2024-03-04T19:11:56.0612184Z   GET #show
2024-03-04T19:11:56.1084075Z     should render without any issues
2024-03-04T19:11:56.1842732Z     should give a 404 error if forbidden
2024-03-04T19:11:56.2327555Z     should give a 404 error if not found
2024-03-04T19:11:56.2328539Z   POST #create
2024-03-04T19:11:56.2329119Z     when given invalid parameters
2024-03-04T19:11:56.2849085Z       should not redirect
2024-03-04T19:11:56.2849693Z     when given valid parameters
2024-03-04T19:11:56.3332753Z       should redirect to the show page
2024-03-04T19:11:56.3334201Z 
2024-03-04T19:11:56.3334767Z Partner management
2024-03-04T19:11:56.3336834Z   adding a new partner and inviting them
2024-03-04T19:11:56.3337763Z     when adding & inviting a partner successfully
2024-03-04T19:11:57.7465040Z       should have added the partner and invited them
2024-03-04T19:11:57.7465960Z     when adding a partner incorrectly
2024-03-04T19:11:58.7646508Z       should have not added a new partner and indicate the failure
2024-03-04T19:11:58.7647352Z   #edit
2024-03-04T19:11:59.8190827Z     User can uncheck send_reminders
2024-03-04T19:12:00.6113619Z     prevents a user from updating a partner with empty name
2024-03-04T19:12:01.4329744Z     User can update a partner
2024-03-04T19:12:01.4330516Z   #index
2024-03-04T19:12:02.0407637Z     shows invite button only for unapproved partners
2024-03-04T19:12:03.1455182Z     allows a user to invite a partner
2024-03-04T19:12:03.7185415Z     displays the partner agency names in alphabetical order
2024-03-04T19:12:03.7186374Z     when filtering
2024-03-04T19:12:04.5871269Z       allows the user to click on one of the statuses at the top to filter the results
2024-03-04T19:12:04.5872388Z     when exporting as CSV
2024-03-04T19:12:04.5873110Z       when filtering
2024-03-04T19:12:05.5957666Z         preserves the filter constraints in the CSV output
2024-03-04T19:12:05.5962725Z   requesting recertification of a partner
2024-03-04T19:12:05.5963854Z     GIVEN a user goes through the process of requesting recertification of partner
2024-03-04T19:12:06.3896466Z       should notify the user that its been successful and change the partner status
2024-03-04T19:12:06.3897515Z   #new
2024-03-04T19:12:07.1408937Z     disallows a user from creating a new partner with empty name
2024-03-04T19:12:08.1031570Z     User can add a new partner
2024-03-04T19:12:08.5795108Z     should not display inactive storage locations in dropdown
2024-03-04T19:12:08.5796071Z   #approve_partner
2024-03-04T19:12:08.5796914Z     when partner has :awaiting_review status
2024-03-04T19:12:09.4085942Z       is expected to have visible link or button "Approve Partner"
2024-03-04T19:12:09.4087544Z     when viewing a partner's users
2024-03-04T19:12:09.9785669Z       can show users of a partner
2024-03-04T19:12:09.9786781Z     when partner has :invited status
2024-03-04T19:12:10.8253030Z       is expected to have visible link or button "Approve Partner"
2024-03-04T19:12:10.8254018Z   one step inviting a partner
2024-03-04T19:12:10.8255057Z     when one step partner invite setting is off
2024-03-04T19:12:11.3197151Z       does not show invite and approve button
2024-03-04T19:12:11.3198407Z     when partner is uninvited and one step partner invite setting is on
2024-03-04T19:12:11.7886025Z Modal window with text `One step invite and approve Leslie Sue, the 109 to begin using the partner application?` has been opened, but you didn't wrap your code into (`accept_prompt` | `dismiss_prompt` | `accept_confirm` | `dismiss_confirm` | `accept_alert`), accepting by default
2024-03-04T19:12:12.1358674Z       shows Invite and Approve button and approves the partner when clicked
2024-03-04T19:12:12.1359692Z   approving a partner that is awaiting approval
2024-03-04T19:12:12.1360675Z     when the approval does not succeed
2024-03-04T19:12:13.2084052Z       should show an error message and not approve the partner
2024-03-04T19:12:13.2084985Z     when the approval succeeds
2024-03-04T19:12:14.2765798Z       should approve the partner
2024-03-04T19:12:14.2766841Z   partner group management
2024-03-04T19:12:14.2768163Z     editing a existing partner group
2024-03-04T19:12:17.7995356Z       should allow updating the partner name
2024-03-04T19:12:17.7996134Z     creating a new partner group
2024-03-04T19:12:19.1318755Z       should allow creating a new partner group with item categories
2024-03-04T19:12:19.1319546Z   #show
2024-03-04T19:12:19.1321032Z     when viewing an invited partner as a partner
2024-03-04T19:12:19.7153543Z       redirects user to partners page root page (dashboard) with error message
2024-03-04T19:12:19.7154432Z     when viewing a deactivated partner
2024-03-04T19:12:20.2242613Z       allows reactivation
2024-03-04T19:12:20.2243288Z     when exporting as CSV
2024-03-04T19:12:20.2243790Z       when filtering
2024-03-04T19:12:21.1378461Z         preserves the filter constraints in the CSV output
2024-03-04T19:12:21.1379426Z     when viewing an uninvited partner
2024-03-04T19:12:21.6375676Z       only has an edit option available
2024-03-04T19:12:21.6376492Z   changing partner group association
2024-03-04T19:12:21.6377516Z     when a partner is assigned to partner group
2024-03-04T19:12:21.6378573Z       that has requestable item categories
2024-03-04T19:12:22.7271307Z         should properly indicate the requestable items and adjust the partners requestable items
2024-03-04T19:12:22.7272536Z       that has no requestable item categories
2024-03-04T19:12:23.7805561Z         should properly indicate the requestable items and adjust the partners requestable items
2024-03-04T19:12:23.7806836Z     when the partner has no partner group
2024-03-04T19:12:24.2934856Z       it should say they can request every item
2024-03-04T19:12:24.2935487Z 
2024-03-04T19:12:24.2935818Z Layout
2024-03-04T19:12:24.2937157Z   Body CSS Data
2024-03-04T19:12:25.0795316Z     sets the ID to the controller and the class to the action
2024-03-04T19:12:25.1332356Z W, [2024-03-04T11:12:25.132949 #2523]  WARN -- : [knapsack_pro] POST https://api-disabled-for-fork.knapsackpro.com/v1/build_subsets
2024-03-04T19:12:25.1333791Z 
2024-03-04T19:12:25.1334041Z Deprecation Warnings:
2024-03-04T19:12:25.1334444Z 
2024-03-04T19:12:25.1337510Z Using `should` from rspec-expectations' old `:should` syntax without explicitly enabling the syntax is deprecated. Use the new `:expect` syntax or explicitly enable `:should` with `config.expect_with(:rspec) { |c| c.syntax = :should }` instead. Called from /home/runner/work/human-essentials/human-essentials/spec/system/partner_system_spec.rb:140:in `block (5 levels) in <top (required)>'.
2024-03-04T19:12:25.1340549Z 
2024-03-04T19:12:25.1341245Z 
2024-03-04T19:12:25.1341741Z If you need more of the backtrace for any of these deprecations to
2024-03-04T19:12:25.1343377Z identify where to make the necessary changes, you can configure
2024-03-04T19:12:25.1344531Z `config.raise_errors_for_deprecations!`, and it will turn the
2024-03-04T19:12:25.1345786Z deprecation warnings into errors, giving you the full backtrace.
2024-03-04T19:12:25.1347552Z W, [2024-03-04T11:12:25.133003 #2523]  WARN -- : [knapsack_pro] Request failed due to:
2024-03-04T19:12:25.1349964Z W, [2024-03-04T11:12:25.133021 #2523]  WARN -- : [knapsack_pro] #<SocketError: Failed to open TCP connection to api-disabled-for-fork.knapsackpro.com:443 (getaddrinfo: Name or service not known)>
2024-03-04T19:12:25.1352707Z W, [2024-03-04T11:12:25.133055 #2523]  WARN -- : [knapsack_pro] Time execution report was not saved on Knapsack Pro API server due to connection problem.
2024-03-04T19:12:25.1355466Z 
2024-03-04T19:12:25.1355942Z 1 deprecation warning total
2024-03-04T19:12:25.1356339Z 
2024-03-04T19:12:25.1357005Z Finished in 1 minute 52.7 seconds (files took 8.16 seconds to load)
2024-03-04T19:12:25.1358031Z 175 examples, 0 failures
2024-03-04T19:12:25.1363137Z 
2024-03-04T19:12:25.1363566Z Randomized with seed 7872
2024-03-04T19:12:25.1364012Z 
2024-03-04T19:12:25.4269538Z Coverage report generated for RSpec to /home/runner/work/human-essentials/human-essentials/coverage. 3946 / 6475 LOC (60.94%) covered.
2024-03-04T19:12:25.9273242Z Coverage report generated for RSpec to /home/runner/work/human-essentials/human-essentials/coverage. 38 / 10762 LOC (0.35%) covered.
2024-03-04T19:12:25.9616065Z Post job cleanup.
2024-03-04T19:12:26.0640894Z [command]/usr/bin/git version
2024-03-04T19:12:26.0687490Z git version 2.43.2
2024-03-04T19:12:26.0728623Z Temporarily overriding HOME='/home/runner/work/_temp/b8f0a30d-ecf2-4f0c-bf73-e2a4c86a9231' before making global git config changes
2024-03-04T19:12:26.0730071Z Adding repository directory to the temporary git global config as a safe directory
2024-03-04T19:12:26.0734549Z [command]/usr/bin/git config --global --add safe.directory /home/runner/work/human-essentials/human-essentials
2024-03-04T19:12:26.0776508Z [command]/usr/bin/git config --local --name-only --get-regexp core\.sshCommand
2024-03-04T19:12:26.0815459Z [command]/usr/bin/git submodule foreach --recursive sh -c "git config --local --name-only --get-regexp 'core\.sshCommand' && git config --local --unset-all 'core.sshCommand' || :"
2024-03-04T19:12:26.1058515Z [command]/usr/bin/git config --local --name-only --get-regexp http\.https\:\/\/github\.com\/\.extraheader
2024-03-04T19:12:26.1088149Z http.https://github.com/.extraheader
2024-03-04T19:12:26.1097432Z [command]/usr/bin/git config --local --unset-all http.https://github.com/.extraheader
2024-03-04T19:12:26.1137367Z [command]/usr/bin/git submodule foreach --recursive sh -c "git config --local --name-only --get-regexp 'http\.https\:\/\/github\.com\/\.extraheader' && git config --local --unset-all 'http.https://github.com/.extraheader' || :"
2024-03-04T19:12:26.1520268Z Print service container logs: a1a7eefbefef4741949ae875b0441b06_postgres123_2ecb54
2024-03-04T19:12:26.1525587Z ##[command]/usr/bin/docker logs --details b48b901e1ad051e29556a3bd3866173a51e340ca981dddd480a6f72f29ab4737
2024-03-04T19:12:26.1855052Z  The files belonging to this database system will be owned by user "postgres".
2024-03-04T19:12:26.1856190Z  This user must also own the server process.
2024-03-04T19:12:26.1858041Z  initdb: warning: enabling "trust" authentication for local connections
2024-03-04T19:12:26.1858826Z  
2024-03-04T19:12:26.1859478Z  You can change this by editing pg_hba.conf or using the option -A, or
2024-03-04T19:12:26.1860432Z  --auth-local and --auth-host, the next time you run initdb.
2024-03-04T19:12:26.1861990Z  2024-03-04 19:09:06.688 UTC [1] LOG:  starting PostgreSQL 12.3 (Debian 12.3-1.pgdg100+1) on x86_64-pc-linux-gnu, compiled by gcc (Debian 8.3.0-6) 8.3.0, 64-bit
2024-03-04T19:12:26.1863927Z  2024-03-04 19:09:06.688 UTC [1] LOG:  listening on IPv4 address "0.0.0.0", port 5432
2024-03-04T19:12:26.1865460Z  2024-03-04 19:09:06.689 UTC [1] LOG:  listening on IPv6 address "::", port 5432
2024-03-04T19:12:26.1866880Z  2024-03-04 19:09:06.689 UTC [1] LOG:  listening on Unix socket "/var/run/postgresql/.s.PGSQL.5432"
2024-03-04T19:12:26.1868200Z  2024-03-04 19:09:06.700 UTC [55] LOG:  database system was shut down at 2024-03-04 19:09:06 UTC
2024-03-04T19:12:26.1869405Z  2024-03-04 19:09:06.705 UTC [1] LOG:  database system is ready to accept connections
2024-03-04T19:12:26.1870206Z  2024-03-04 19:09:15.888 UTC [69] FATAL:  role "root" does not exist
2024-03-04T19:12:26.1870756Z  2024-03-04 19:09:26.009 UTC [77] FATAL:  role "root" does not exist
2024-03-04T19:12:26.1871353Z  2024-03-04 19:09:32.876 UTC [78] FATAL:  database "diaper_test" does not exist
2024-03-04T19:12:26.1871931Z  2024-03-04 19:09:36.095 UTC [88] FATAL:  role "root" does not exist
2024-03-04T19:12:26.1872587Z  2024-03-04 19:09:39.815 UTC [89] ERROR:  relation "flipper_gates" does not exist at character 491
2024-03-04T19:12:26.1873364Z  2024-03-04 19:09:39.815 UTC [89] STATEMENT:  SELECT a.attname, format_type(a.atttypid, a.atttypmod),
2024-03-04T19:12:26.1874082Z  	       pg_get_expr(d.adbin, d.adrelid), a.attnotnull, a.atttypid, a.atttypmod,
2024-03-04T19:12:26.1875191Z  	       c.collname, col_description(a.attrelid, a.attnum) AS comment,
2024-03-04T19:12:26.1875828Z  	       attgenerated as attgenerated
2024-03-04T19:12:26.1876170Z  	  FROM pg_attribute a
2024-03-04T19:12:26.1876604Z  	  LEFT JOIN pg_attrdef d ON a.attrelid = d.adrelid AND a.attnum = d.adnum
2024-03-04T19:12:26.1877147Z  	  LEFT JOIN pg_type t ON a.atttypid = t.oid
2024-03-04T19:12:26.1877714Z  	  LEFT JOIN pg_collation c ON a.attcollation = c.oid AND a.attcollation <> t.typcollation
2024-03-04T19:12:26.1878291Z  	 WHERE a.attrelid = '"flipper_gates"'::regclass
2024-03-04T19:12:26.1878696Z  	   AND a.attnum > 0 AND NOT a.attisdropped
2024-03-04T19:12:26.1879032Z  	 ORDER BY a.attnum
2024-03-04T19:12:26.1879271Z  	
2024-03-04T19:12:26.1879604Z  2024-03-04 19:09:46.180 UTC [99] FATAL:  role "root" does not exist
2024-03-04T19:12:26.1880154Z  2024-03-04 19:09:56.255 UTC [108] FATAL:  role "root" does not exist
2024-03-04T19:12:26.1880691Z  2024-03-04 19:10:06.332 UTC [117] FATAL:  role "root" does not exist
2024-03-04T19:12:26.1881222Z  2024-03-04 19:10:16.412 UTC [126] FATAL:  role "root" does not exist
2024-03-04T19:12:26.1881753Z  2024-03-04 19:10:26.495 UTC [134] FATAL:  role "root" does not exist
2024-03-04T19:12:26.1882275Z  2024-03-04 19:10:36.599 UTC [144] FATAL:  role "root" does not exist
2024-03-04T19:12:26.1882784Z  2024-03-04 19:10:46.690 UTC [152] FATAL:  role "root" does not exist
2024-03-04T19:12:26.1883291Z  2024-03-04 19:10:56.774 UTC [160] FATAL:  role "root" does not exist
2024-03-04T19:12:26.1883857Z  2024-03-04 19:11:06.885 UTC [168] FATAL:  role "root" does not exist
2024-03-04T19:12:26.1884383Z  2024-03-04 19:11:16.974 UTC [177] FATAL:  role "root" does not exist
2024-03-04T19:12:26.1885183Z  2024-03-04 19:11:27.065 UTC [185] FATAL:  role "root" does not exist
2024-03-04T19:12:26.1885744Z  2024-03-04 19:11:37.150 UTC [193] FATAL:  role "root" does not exist
2024-03-04T19:12:26.1886273Z  2024-03-04 19:11:47.236 UTC [202] FATAL:  role "root" does not exist
2024-03-04T19:12:26.1886798Z  2024-03-04 19:11:57.324 UTC [210] FATAL:  role "root" does not exist
2024-03-04T19:12:26.1887321Z  2024-03-04 19:12:07.432 UTC [218] FATAL:  role "root" does not exist
2024-03-04T19:12:26.1887841Z  2024-03-04 19:12:17.514 UTC [227] FATAL:  role "root" does not exist
2024-03-04T19:12:26.1888385Z  The database cluster will be initialized with locale "en_US.utf8".
2024-03-04T19:12:26.1888953Z  The default database encoding has accordingly been set to "UTF8".
2024-03-04T19:12:26.1889503Z  The default text search configuration will be set to "english".
2024-03-04T19:12:26.1889913Z  
2024-03-04T19:12:26.1890132Z  Data page checksums are disabled.
2024-03-04T19:12:26.1890423Z  
2024-03-04T19:12:26.1890776Z  fixing permissions on existing directory /var/lib/postgresql/data ... ok
2024-03-04T19:12:26.1891405Z  creating subdirectories ... ok
2024-03-04T19:12:26.1891812Z  selecting dynamic shared memory implementation ... posix
2024-03-04T19:12:26.1892257Z  selecting default max_connections ... 100
2024-03-04T19:12:26.1892634Z  selecting default shared_buffers ... 128MB
2024-03-04T19:12:26.1893004Z  selecting default time zone ... Etc/UTC
2024-03-04T19:12:26.1893353Z  creating configuration files ... ok
2024-03-04T19:12:26.1893678Z  running bootstrap script ... ok
2024-03-04T19:12:26.1894048Z  performing post-bootstrap initialization ... ok
2024-03-04T19:12:26.1894429Z  syncing data to disk ... ok
2024-03-04T19:12:26.1894696Z  
2024-03-04T19:12:26.1894881Z  
2024-03-04T19:12:26.1895157Z  Success. You can now start the database server using:
2024-03-04T19:12:26.1895529Z  
2024-03-04T19:12:26.1895795Z      pg_ctl -D /var/lib/postgresql/data -l logfile start
2024-03-04T19:12:26.1896163Z  
2024-03-04T19:12:26.1896967Z  waiting for server to start....2024-03-04 19:09:06.485 UTC [46] LOG:  starting PostgreSQL 12.3 (Debian 12.3-1.pgdg100+1) on x86_64-pc-linux-gnu, compiled by gcc (Debian 8.3.0-6) 8.3.0, 64-bit
2024-03-04T19:12:26.1898094Z  2024-03-04 19:09:06.486 UTC [46] LOG:  listening on Unix socket "/var/run/postgresql/.s.PGSQL.5432"
2024-03-04T19:12:26.1898838Z  2024-03-04 19:09:06.497 UTC [47] LOG:  database system was shut down at 2024-03-04 19:09:06 UTC
2024-03-04T19:12:26.1899532Z  2024-03-04 19:09:06.502 UTC [46] LOG:  database system is ready to accept connections
2024-03-04T19:12:26.1900005Z   done
2024-03-04T19:12:26.1900224Z  server started
2024-03-04T19:12:26.1900436Z  
2024-03-04T19:12:26.1900829Z  /usr/local/bin/docker-entrypoint.sh: ignoring /docker-entrypoint-initdb.d/*
2024-03-04T19:12:26.1901309Z  
2024-03-04T19:12:26.1901625Z  2024-03-04 19:09:06.578 UTC [46] LOG:  received fast shutdown request
2024-03-04T19:12:26.1902324Z  waiting for server to shut down....2024-03-04 19:09:06.578 UTC [46] LOG:  aborting any active transactions
2024-03-04T19:12:26.1903251Z  2024-03-04 19:09:06.579 UTC [46] LOG:  background worker "logical replication launcher" (PID 53) exited with exit code 1
2024-03-04T19:12:26.1903942Z  2024-03-04 19:09:06.579 UTC [48] LOG:  shutting down
2024-03-04T19:12:26.1904416Z  2024-03-04 19:09:06.587 UTC [46] LOG:  database system is shut down
2024-03-04T19:12:26.1904821Z   done
2024-03-04T19:12:26.1905022Z  server stopped
2024-03-04T19:12:26.1905237Z  
2024-03-04T19:12:26.1905518Z  PostgreSQL init process complete; ready for start up.
2024-03-04T19:12:26.1905888Z  
2024-03-04T19:12:26.1911849Z Stop and remove container: a1a7eefbefef4741949ae875b0441b06_postgres123_2ecb54
2024-03-04T19:12:26.1917122Z ##[command]/usr/bin/docker rm --force b48b901e1ad051e29556a3bd3866173a51e340ca981dddd480a6f72f29ab4737
2024-03-04T19:12:26.4202423Z b48b901e1ad051e29556a3bd3866173a51e340ca981dddd480a6f72f29ab4737
2024-03-04T19:12:26.4228606Z Remove container network: github_network_1117ce5892b0457bb30a2269eaa339e1
2024-03-04T19:12:26.4234152Z ##[command]/usr/bin/docker network rm github_network_1117ce5892b0457bb30a2269eaa339e1
2024-03-04T19:12:26.7008052Z github_network_1117ce5892b0457bb30a2269eaa339e1
2024-03-04T19:12:26.7184583Z Cleaning up orphan processes
