2024-03-11T21:44:28.3847167Z Requested labels: ubuntu-latest
2024-03-11T21:44:28.3847525Z Job defined at: rubyforgood/human-essentials/.github/workflows/brakeman.yml@refs/pull/4017/merge
2024-03-11T21:44:28.3847642Z Waiting for a runner to pick up this job...
2024-03-11T21:44:33.9721709Z Job is waiting for a hosted runner to come online.
2024-03-11T21:44:37.4186225Z Job is about to start running on the hosted runner: GitHub Actions 7 (hosted)
2024-03-11T21:44:39.4359503Z Current runner version: '2.314.1'
2024-03-11T21:44:39.4381817Z ##[group]Operating System
2024-03-11T21:44:39.4382415Z Ubuntu
2024-03-11T21:44:39.4382784Z 22.04.4
2024-03-11T21:44:39.4383193Z LTS
2024-03-11T21:44:39.4383489Z ##[endgroup]
2024-03-11T21:44:39.4383875Z ##[group]Runner Image
2024-03-11T21:44:39.4384361Z Image: ubuntu-22.04
2024-03-11T21:44:39.4384718Z Version: 20240304.1.0
2024-03-11T21:44:39.4385729Z Included Software: https://github.com/actions/runner-images/blob/ubuntu22/20240304.1/images/ubuntu/Ubuntu2204-Readme.md
2024-03-11T21:44:39.4387219Z Image Release: https://github.com/actions/runner-images/releases/tag/ubuntu22%2F20240304.1
2024-03-11T21:44:39.4388054Z ##[endgroup]
2024-03-11T21:44:39.4388462Z ##[group]Runner Image Provisioner
2024-03-11T21:44:39.4388996Z 2.0.359.1
2024-03-11T21:44:39.4389290Z ##[endgroup]
2024-03-11T21:44:39.4391365Z ##[group]GITHUB_TOKEN Permissions
2024-03-11T21:44:39.4393047Z Actions: read
2024-03-11T21:44:39.4393416Z Checks: read
2024-03-11T21:44:39.4394784Z Contents: read
2024-03-11T21:44:39.4395262Z Deployments: read
2024-03-11T21:44:39.4395722Z Discussions: read
2024-03-11T21:44:39.4396078Z Issues: read
2024-03-11T21:44:39.4396428Z Metadata: read
2024-03-11T21:44:39.4396869Z Packages: read
2024-03-11T21:44:39.4397221Z Pages: read
2024-03-11T21:44:39.4397598Z PullRequests: read
2024-03-11T21:44:39.4398077Z RepositoryProjects: read
2024-03-11T21:44:39.4398484Z SecurityEvents: read
2024-03-11T21:44:39.4398877Z Statuses: read
2024-03-11T21:44:39.4399417Z ##[endgroup]
2024-03-11T21:44:39.4402291Z Secret source: None
2024-03-11T21:44:39.4402837Z Prepare workflow directory
2024-03-11T21:44:39.5022719Z Prepare all required actions
2024-03-11T21:44:39.5178958Z Getting action download info
2024-03-11T21:44:39.6694634Z Download action repository 'actions/checkout@v2' (SHA:ee0669bd1cc54295c223e0bb666b733df41de1c5)
2024-03-11T21:44:39.8031047Z Download action repository 'ruby/setup-ruby@v1' (SHA:d4526a55538b775af234ba4af27118ed6f8f6677)
2024-03-11T21:44:40.1305008Z Complete job name: brakeman
2024-03-11T21:44:40.2176683Z ##[group]Run actions/checkout@v2
2024-03-11T21:44:40.2177276Z with:
2024-03-11T21:44:40.2177662Z   repository: rubyforgood/human-essentials
2024-03-11T21:44:40.2178532Z   token: ***
2024-03-11T21:44:40.2178948Z   ssh-strict: true
2024-03-11T21:44:40.2179439Z   persist-credentials: true
2024-03-11T21:44:40.2179866Z   clean: true
2024-03-11T21:44:40.2180245Z   fetch-depth: 1
2024-03-11T21:44:40.2180679Z   lfs: false
2024-03-11T21:44:40.2181004Z   submodules: false
2024-03-11T21:44:40.2181426Z   set-safe-directory: true
2024-03-11T21:44:40.2181930Z ##[endgroup]
2024-03-11T21:44:40.4317891Z Syncing repository: rubyforgood/human-essentials
2024-03-11T21:44:40.4320991Z ##[group]Getting Git version info
2024-03-11T21:44:40.4321905Z Working directory is '/home/runner/work/human-essentials/human-essentials'
2024-03-11T21:44:40.4323149Z [command]/usr/bin/git version
2024-03-11T21:44:40.4437230Z git version 2.43.2
2024-03-11T21:44:40.4472610Z ##[endgroup]
2024-03-11T21:44:40.4492118Z Temporarily overriding HOME='/home/runner/work/_temp/f800a32a-1a2d-4524-9c55-46c23f720278' before making global git config changes
2024-03-11T21:44:40.4493924Z Adding repository directory to the temporary git global config as a safe directory
2024-03-11T21:44:40.4498835Z [command]/usr/bin/git config --global --add safe.directory /home/runner/work/human-essentials/human-essentials
2024-03-11T21:44:40.4549934Z Deleting the contents of '/home/runner/work/human-essentials/human-essentials'
2024-03-11T21:44:40.4555694Z ##[group]Initializing the repository
2024-03-11T21:44:40.4560154Z [command]/usr/bin/git init /home/runner/work/human-essentials/human-essentials
2024-03-11T21:44:40.4692904Z hint: Using 'master' as the name for the initial branch. This default branch name
2024-03-11T21:44:40.4694950Z hint: is subject to change. To configure the initial branch name to use in all
2024-03-11T21:44:40.4697137Z hint: of your new repositories, which will suppress this warning, call:
2024-03-11T21:44:40.4698880Z hint: 
2024-03-11T21:44:40.4700544Z hint: 	git config --global init.defaultBranch <name>
2024-03-11T21:44:40.4701606Z hint: 
2024-03-11T21:44:40.4702922Z hint: Names commonly chosen instead of 'master' are 'main', 'trunk' and
2024-03-11T21:44:40.4704640Z hint: 'development'. The just-created branch can be renamed via this command:
2024-03-11T21:44:40.4705360Z hint: 
2024-03-11T21:44:40.4705874Z hint: 	git branch -m <name>
2024-03-11T21:44:40.4706804Z Initialized empty Git repository in /home/runner/work/human-essentials/human-essentials/.git/
2024-03-11T21:44:40.4713317Z [command]/usr/bin/git remote add origin https://github.com/rubyforgood/human-essentials
2024-03-11T21:44:40.4765417Z ##[endgroup]
2024-03-11T21:44:40.4766275Z ##[group]Disabling automatic garbage collection
2024-03-11T21:44:40.4770653Z [command]/usr/bin/git config --local gc.auto 0
2024-03-11T21:44:40.4821195Z ##[endgroup]
2024-03-11T21:44:40.4821985Z ##[group]Setting up auth
2024-03-11T21:44:40.4830943Z [command]/usr/bin/git config --local --name-only --get-regexp core\.sshCommand
2024-03-11T21:44:40.4875467Z [command]/usr/bin/git submodule foreach --recursive sh -c "git config --local --name-only --get-regexp 'core\.sshCommand' && git config --local --unset-all 'core.sshCommand' || :"
2024-03-11T21:44:40.5240946Z [command]/usr/bin/git config --local --name-only --get-regexp http\.https\:\/\/github\.com\/\.extraheader
2024-03-11T21:44:40.5285727Z [command]/usr/bin/git submodule foreach --recursive sh -c "git config --local --name-only --get-regexp 'http\.https\:\/\/github\.com\/\.extraheader' && git config --local --unset-all 'http.https://github.com/.extraheader' || :"
2024-03-11T21:44:40.5533702Z [command]/usr/bin/git config --local http.https://github.com/.extraheader AUTHORIZATION: basic ***
2024-03-11T21:44:40.5580449Z ##[endgroup]
2024-03-11T21:44:40.5581463Z ##[group]Fetching the repository
2024-03-11T21:44:40.5592978Z [command]/usr/bin/git -c protocol.version=2 fetch --no-tags --prune --progress --no-recurse-submodules --depth=1 origin +8be477f78280518eba18daf1bcb023ed9c01163e:refs/remotes/pull/4017/merge
2024-03-11T21:44:40.7530421Z remote: Enumerating objects: 1752, done.        
2024-03-11T21:44:40.7536238Z remote: Counting objects:   0% (1/1752)        
2024-03-11T21:44:40.7537620Z remote: Counting objects:   1% (18/1752)        
2024-03-11T21:44:40.7538802Z remote: Counting objects:   2% (36/1752)        
2024-03-11T21:44:40.7540004Z remote: Counting objects:   3% (53/1752)        
2024-03-11T21:44:40.7541005Z remote: Counting objects:   4% (71/1752)        
2024-03-11T21:44:40.7542042Z remote: Counting objects:   5% (88/1752)        
2024-03-11T21:44:40.7543151Z remote: Counting objects:   6% (106/1752)        
2024-03-11T21:44:40.7544329Z remote: Counting objects:   7% (123/1752)        
2024-03-11T21:44:40.7545273Z remote: Counting objects:   8% (141/1752)        
2024-03-11T21:44:40.7546437Z remote: Counting objects:   9% (158/1752)        
2024-03-11T21:44:40.7547478Z remote: Counting objects:  10% (176/1752)        
2024-03-11T21:44:40.7548451Z remote: Counting objects:  11% (193/1752)        
2024-03-11T21:44:40.7549593Z remote: Counting objects:  12% (211/1752)        
2024-03-11T21:44:40.7550659Z remote: Counting objects:  13% (228/1752)        
2024-03-11T21:44:40.7551612Z remote: Counting objects:  14% (246/1752)        
2024-03-11T21:44:40.7552692Z remote: Counting objects:  15% (263/1752)        
2024-03-11T21:44:40.7553987Z remote: Counting objects:  16% (281/1752)        
2024-03-11T21:44:40.7554957Z remote: Counting objects:  17% (298/1752)        
2024-03-11T21:44:40.7556174Z remote: Counting objects:  18% (316/1752)        
2024-03-11T21:44:40.7557184Z remote: Counting objects:  19% (333/1752)        
2024-03-11T21:44:40.7558128Z remote: Counting objects:  20% (351/1752)        
2024-03-11T21:44:40.7559298Z remote: Counting objects:  21% (368/1752)        
2024-03-11T21:44:40.7560277Z remote: Counting objects:  22% (386/1752)        
2024-03-11T21:44:40.7561179Z remote: Counting objects:  23% (403/1752)        
2024-03-11T21:44:40.7562661Z remote: Counting objects:  24% (421/1752)        
2024-03-11T21:44:40.7563666Z remote: Counting objects:  25% (438/1752)        
2024-03-11T21:44:40.7564590Z remote: Counting objects:  26% (456/1752)        
2024-03-11T21:44:40.7565689Z remote: Counting objects:  27% (474/1752)        
2024-03-11T21:44:40.7566712Z remote: Counting objects:  28% (491/1752)        
2024-03-11T21:44:40.7567774Z remote: Counting objects:  29% (509/1752)        
2024-03-11T21:44:40.7568823Z remote: Counting objects:  30% (526/1752)        
2024-03-11T21:44:40.7569772Z remote: Counting objects:  31% (544/1752)        
2024-03-11T21:44:40.7570765Z remote: Counting objects:  32% (561/1752)        
2024-03-11T21:44:40.7571739Z remote: Counting objects:  33% (579/1752)        
2024-03-11T21:44:40.7572669Z remote: Counting objects:  34% (596/1752)        
2024-03-11T21:44:40.7573637Z remote: Counting objects:  35% (614/1752)        
2024-03-11T21:44:40.7574613Z remote: Counting objects:  36% (631/1752)        
2024-03-11T21:44:40.7575579Z remote: Counting objects:  37% (649/1752)        
2024-03-11T21:44:40.7576529Z remote: Counting objects:  38% (666/1752)        
2024-03-11T21:44:40.7577557Z remote: Counting objects:  39% (684/1752)        
2024-03-11T21:44:40.7578458Z remote: Counting objects:  40% (701/1752)        
2024-03-11T21:44:40.7579392Z remote: Counting objects:  41% (719/1752)        
2024-03-11T21:44:40.7580431Z remote: Counting objects:  42% (736/1752)        
2024-03-11T21:44:40.7581325Z remote: Counting objects:  43% (754/1752)        
2024-03-11T21:44:40.7582322Z remote: Counting objects:  44% (771/1752)        
2024-03-11T21:44:40.7583363Z remote: Counting objects:  45% (789/1752)        
2024-03-11T21:44:40.7584261Z remote: Counting objects:  46% (806/1752)        
2024-03-11T21:44:40.7585252Z remote: Counting objects:  47% (824/1752)        
2024-03-11T21:44:40.7586280Z remote: Counting objects:  48% (841/1752)        
2024-03-11T21:44:40.7587173Z remote: Counting objects:  49% (859/1752)        
2024-03-11T21:44:40.7588332Z remote: Counting objects:  50% (876/1752)        
2024-03-11T21:44:40.7589478Z remote: Counting objects:  51% (894/1752)        
2024-03-11T21:44:40.7590346Z remote: Counting objects:  52% (912/1752)        
2024-03-11T21:44:40.7591285Z remote: Counting objects:  53% (929/1752)        
2024-03-11T21:44:40.7592339Z remote: Counting objects:  54% (947/1752)        
2024-03-11T21:44:40.7593283Z remote: Counting objects:  55% (964/1752)        
2024-03-11T21:44:40.7594379Z remote: Counting objects:  56% (982/1752)        
2024-03-11T21:44:40.7595471Z remote: Counting objects:  57% (999/1752)        
2024-03-11T21:44:40.7596354Z remote: Counting objects:  58% (1017/1752)        
2024-03-11T21:44:40.7597318Z remote: Counting objects:  59% (1034/1752)        
2024-03-11T21:44:40.7598393Z remote: Counting objects:  60% (1052/1752)        
2024-03-11T21:44:40.7599339Z remote: Counting objects:  61% (1069/1752)        
2024-03-11T21:44:40.7600265Z remote: Counting objects:  62% (1087/1752)        
2024-03-11T21:44:40.7601327Z remote: Counting objects:  63% (1104/1752)        
2024-03-11T21:44:40.7602285Z remote: Counting objects:  64% (1122/1752)        
2024-03-11T21:44:40.7603216Z remote: Counting objects:  65% (1139/1752)        
2024-03-11T21:44:40.7603795Z remote: Counting objects:  66% (1157/1752)        
2024-03-11T21:44:40.7604377Z remote: Counting objects:  67% (1174/1752)        
2024-03-11T21:44:40.7605043Z remote: Counting objects:  68% (1192/1752)        
2024-03-11T21:44:40.7605668Z remote: Counting objects:  69% (1209/1752)        
2024-03-11T21:44:40.7606653Z remote: Counting objects:  70% (1227/1752)        
2024-03-11T21:44:40.7607773Z remote: Counting objects:  71% (1244/1752)        
2024-03-11T21:44:40.7608682Z remote: Counting objects:  72% (1262/1752)        
2024-03-11T21:44:40.7609653Z remote: Counting objects:  73% (1279/1752)        
2024-03-11T21:44:40.7610458Z remote: Counting objects:  74% (1297/1752)        
2024-03-11T21:44:40.7611029Z remote: Counting objects:  75% (1314/1752)        
2024-03-11T21:44:40.7611777Z remote: Counting objects:  76% (1332/1752)        
2024-03-11T21:44:40.7612408Z remote: Counting objects:  77% (1350/1752)        
2024-03-11T21:44:40.7612978Z remote: Counting objects:  78% (1367/1752)        
2024-03-11T21:44:40.7613496Z remote: Counting objects:  79% (1385/1752)        
2024-03-11T21:44:40.7614108Z remote: Counting objects:  80% (1402/1752)        
2024-03-11T21:44:40.7614672Z remote: Counting objects:  81% (1420/1752)        
2024-03-11T21:44:40.7615182Z remote: Counting objects:  82% (1437/1752)        
2024-03-11T21:44:40.7615785Z remote: Counting objects:  83% (1455/1752)        
2024-03-11T21:44:40.7616344Z remote: Counting objects:  84% (1472/1752)        
2024-03-11T21:44:40.7616850Z remote: Counting objects:  85% (1490/1752)        
2024-03-11T21:44:40.7617452Z remote: Counting objects:  86% (1507/1752)        
2024-03-11T21:44:40.7618018Z remote: Counting objects:  87% (1525/1752)        
2024-03-11T21:44:40.7618532Z remote: Counting objects:  88% (1542/1752)        
2024-03-11T21:44:40.7619152Z remote: Counting objects:  89% (1560/1752)        
2024-03-11T21:44:40.7619708Z remote: Counting objects:  90% (1577/1752)        
2024-03-11T21:44:40.7620238Z remote: Counting objects:  91% (1595/1752)        
2024-03-11T21:44:40.7620981Z remote: Counting objects:  92% (1612/1752)        
2024-03-11T21:44:40.7621521Z remote: Counting objects:  93% (1630/1752)        
2024-03-11T21:44:40.7622050Z remote: Counting objects:  94% (1647/1752)        
2024-03-11T21:44:40.7622629Z remote: Counting objects:  95% (1665/1752)        
2024-03-11T21:44:40.7623161Z remote: Counting objects:  96% (1682/1752)        
2024-03-11T21:44:40.7623694Z remote: Counting objects:  97% (1700/1752)        
2024-03-11T21:44:40.7624290Z remote: Counting objects:  98% (1717/1752)        
2024-03-11T21:44:40.7624835Z remote: Counting objects:  99% (1735/1752)        
2024-03-11T21:44:40.7625365Z remote: Counting objects: 100% (1752/1752)        
2024-03-11T21:44:40.7626198Z remote: Counting objects: 100% (1752/1752), done.        
2024-03-11T21:44:40.7626839Z remote: Compressing objects:   0% (1/1574)        
2024-03-11T21:44:40.7627431Z remote: Compressing objects:   1% (16/1574)        
2024-03-11T21:44:40.7628032Z remote: Compressing objects:   2% (32/1574)        
2024-03-11T21:44:40.7628603Z remote: Compressing objects:   3% (48/1574)        
2024-03-11T21:44:40.7629178Z remote: Compressing objects:   4% (63/1574)        
2024-03-11T21:44:40.7629762Z remote: Compressing objects:   5% (79/1574)        
2024-03-11T21:44:40.7630328Z remote: Compressing objects:   6% (95/1574)        
2024-03-11T21:44:40.7630910Z remote: Compressing objects:   7% (111/1574)        
2024-03-11T21:44:40.7631585Z remote: Compressing objects:   8% (126/1574)        
2024-03-11T21:44:40.7684089Z remote: Compressing objects:   9% (142/1574)        
2024-03-11T21:44:40.7685255Z remote: Compressing objects:  10% (158/1574)        
2024-03-11T21:44:40.7686051Z remote: Compressing objects:  11% (174/1574)        
2024-03-11T21:44:40.7690129Z remote: Compressing objects:  12% (189/1574)        
2024-03-11T21:44:40.7724233Z remote: Compressing objects:  13% (205/1574)        
2024-03-11T21:44:40.7729845Z remote: Compressing objects:  14% (221/1574)        
2024-03-11T21:44:40.7740369Z remote: Compressing objects:  15% (237/1574)        
2024-03-11T21:44:40.7741021Z remote: Compressing objects:  16% (252/1574)        
2024-03-11T21:44:40.7741697Z remote: Compressing objects:  17% (268/1574)        
2024-03-11T21:44:40.7752215Z remote: Compressing objects:  18% (284/1574)        
2024-03-11T21:44:40.7773527Z remote: Compressing objects:  19% (300/1574)        
2024-03-11T21:44:40.7792292Z remote: Compressing objects:  20% (315/1574)        
2024-03-11T21:44:40.7837918Z remote: Compressing objects:  21% (331/1574)        
2024-03-11T21:44:40.7852190Z remote: Compressing objects:  22% (347/1574)        
2024-03-11T21:44:40.7860972Z remote: Compressing objects:  23% (363/1574)        
2024-03-11T21:44:40.7873941Z remote: Compressing objects:  24% (378/1574)        
2024-03-11T21:44:40.7878912Z remote: Compressing objects:  25% (394/1574)        
2024-03-11T21:44:40.7890610Z remote: Compressing objects:  26% (410/1574)        
2024-03-11T21:44:40.7902881Z remote: Compressing objects:  27% (425/1574)        
2024-03-11T21:44:40.7914027Z remote: Compressing objects:  28% (441/1574)        
2024-03-11T21:44:40.7922256Z remote: Compressing objects:  29% (457/1574)        
2024-03-11T21:44:40.7931438Z remote: Compressing objects:  30% (473/1574)        
2024-03-11T21:44:40.7953919Z remote: Compressing objects:  31% (488/1574)        
2024-03-11T21:44:40.7968911Z remote: Compressing objects:  32% (504/1574)        
2024-03-11T21:44:40.7976489Z remote: Compressing objects:  33% (520/1574)        
2024-03-11T21:44:40.7977176Z remote: Compressing objects:  34% (536/1574)        
2024-03-11T21:44:40.7984026Z remote: Compressing objects:  35% (551/1574)        
2024-03-11T21:44:40.7990480Z remote: Compressing objects:  36% (567/1574)        
2024-03-11T21:44:40.8002314Z remote: Compressing objects:  37% (583/1574)        
2024-03-11T21:44:40.8002936Z remote: Compressing objects:  38% (599/1574)        
2024-03-11T21:44:40.8003473Z remote: Compressing objects:  39% (614/1574)        
2024-03-11T21:44:40.8008231Z remote: Compressing objects:  40% (630/1574)        
2024-03-11T21:44:40.8012725Z remote: Compressing objects:  41% (646/1574)        
2024-03-11T21:44:40.8013299Z remote: Compressing objects:  42% (662/1574)        
2024-03-11T21:44:40.8013960Z remote: Compressing objects:  43% (677/1574)        
2024-03-11T21:44:40.8015983Z remote: Compressing objects:  44% (693/1574)        
2024-03-11T21:44:40.8020425Z remote: Compressing objects:  45% (709/1574)        
2024-03-11T21:44:40.8025840Z remote: Compressing objects:  46% (725/1574)        
2024-03-11T21:44:40.8028644Z remote: Compressing objects:  47% (740/1574)        
2024-03-11T21:44:40.8032951Z remote: Compressing objects:  48% (756/1574)        
2024-03-11T21:44:40.8034112Z remote: Compressing objects:  49% (772/1574)        
2024-03-11T21:44:40.8045311Z remote: Compressing objects:  50% (787/1574)        
2024-03-11T21:44:40.8048330Z remote: Compressing objects:  51% (803/1574)        
2024-03-11T21:44:40.8057118Z remote: Compressing objects:  52% (819/1574)        
2024-03-11T21:44:40.8057681Z remote: Compressing objects:  53% (835/1574)        
2024-03-11T21:44:40.8058171Z remote: Compressing objects:  54% (850/1574)        
2024-03-11T21:44:40.8061514Z remote: Compressing objects:  55% (866/1574)        
2024-03-11T21:44:40.8099859Z remote: Compressing objects:  56% (882/1574)        
2024-03-11T21:44:40.8128962Z remote: Compressing objects:  57% (898/1574)        
2024-03-11T21:44:40.8139526Z remote: Compressing objects:  58% (913/1574)        
2024-03-11T21:44:40.8147243Z remote: Compressing objects:  59% (929/1574)        
2024-03-11T21:44:40.8149949Z remote: Compressing objects:  60% (945/1574)        
2024-03-11T21:44:40.8153426Z remote: Compressing objects:  61% (961/1574)        
2024-03-11T21:44:40.8156683Z remote: Compressing objects:  62% (976/1574)        
2024-03-11T21:44:40.8167524Z remote: Compressing objects:  63% (992/1574)        
2024-03-11T21:44:40.8170362Z remote: Compressing objects:  64% (1008/1574)        
2024-03-11T21:44:40.8173013Z remote: Compressing objects:  65% (1024/1574)        
2024-03-11T21:44:40.8181907Z remote: Compressing objects:  66% (1039/1574)        
2024-03-11T21:44:40.8190761Z remote: Compressing objects:  67% (1055/1574)        
2024-03-11T21:44:40.8196208Z remote: Compressing objects:  68% (1071/1574)        
2024-03-11T21:44:40.8198651Z remote: Compressing objects:  69% (1087/1574)        
2024-03-11T21:44:40.8206972Z remote: Compressing objects:  70% (1102/1574)        
2024-03-11T21:44:40.8217475Z remote: Compressing objects:  71% (1118/1574)        
2024-03-11T21:44:40.8230257Z remote: Compressing objects:  72% (1134/1574)        
2024-03-11T21:44:40.8238934Z remote: Compressing objects:  73% (1150/1574)        
2024-03-11T21:44:40.8244558Z remote: Compressing objects:  74% (1165/1574)        
2024-03-11T21:44:40.8266717Z remote: Compressing objects:  75% (1181/1574)        
2024-03-11T21:44:40.8333108Z remote: Compressing objects:  76% (1197/1574)        
2024-03-11T21:44:40.8351469Z remote: Compressing objects:  77% (1212/1574)        
2024-03-11T21:44:40.8364562Z remote: Compressing objects:  78% (1228/1574)        
2024-03-11T21:44:40.8392536Z remote: Compressing objects:  79% (1244/1574)        
2024-03-11T21:44:40.8412722Z remote: Compressing objects:  80% (1260/1574)        
2024-03-11T21:44:40.8457839Z remote: Compressing objects:  81% (1275/1574)        
2024-03-11T21:44:40.8493046Z remote: Compressing objects:  82% (1291/1574)        
2024-03-11T21:44:40.8538680Z remote: Compressing objects:  83% (1307/1574)        
2024-03-11T21:44:40.8553005Z remote: Compressing objects:  84% (1323/1574)        
2024-03-11T21:44:40.8594045Z remote: Compressing objects:  85% (1338/1574)        
2024-03-11T21:44:40.8644173Z remote: Compressing objects:  86% (1354/1574)        
2024-03-11T21:44:40.8661330Z remote: Compressing objects:  87% (1370/1574)        
2024-03-11T21:44:40.8669238Z remote: Compressing objects:  88% (1386/1574)        
2024-03-11T21:44:40.8680697Z remote: Compressing objects:  89% (1401/1574)        
2024-03-11T21:44:40.8681725Z remote: Compressing objects:  90% (1417/1574)        
2024-03-11T21:44:40.8682389Z remote: Compressing objects:  91% (1433/1574)        
2024-03-11T21:44:40.8683021Z remote: Compressing objects:  92% (1449/1574)        
2024-03-11T21:44:40.8683574Z remote: Compressing objects:  93% (1464/1574)        
2024-03-11T21:44:40.8684280Z remote: Compressing objects:  94% (1480/1574)        
2024-03-11T21:44:40.8685812Z remote: Compressing objects:  95% (1496/1574)        
2024-03-11T21:44:40.8686627Z remote: Compressing objects:  96% (1512/1574)        
2024-03-11T21:44:40.8688106Z remote: Compressing objects:  97% (1527/1574)        
2024-03-11T21:44:40.8689798Z remote: Compressing objects:  98% (1543/1574)        
2024-03-11T21:44:40.8693949Z remote: Compressing objects:  99% (1559/1574)        
2024-03-11T21:44:40.8696116Z remote: Compressing objects: 100% (1574/1574)        
2024-03-11T21:44:40.8696847Z remote: Compressing objects: 100% (1574/1574), done.        
2024-03-11T21:44:40.8731410Z Receiving objects:   0% (1/1752)
2024-03-11T21:44:40.8743507Z Receiving objects:   1% (18/1752)
2024-03-11T21:44:40.8787256Z Receiving objects:   2% (36/1752)
2024-03-11T21:44:40.9252778Z Receiving objects:   3% (53/1752)
2024-03-11T21:44:41.0180459Z Receiving objects:   4% (71/1752)
2024-03-11T21:44:41.0183161Z Receiving objects:   5% (88/1752)
2024-03-11T21:44:41.0196619Z Receiving objects:   6% (106/1752)
2024-03-11T21:44:41.0201867Z Receiving objects:   7% (123/1752)
2024-03-11T21:44:41.0206005Z Receiving objects:   8% (141/1752)
2024-03-11T21:44:41.0214678Z Receiving objects:   9% (158/1752)
2024-03-11T21:44:41.0217653Z Receiving objects:  10% (176/1752)
2024-03-11T21:44:41.0220884Z Receiving objects:  11% (193/1752)
2024-03-11T21:44:41.0224211Z Receiving objects:  12% (211/1752)
2024-03-11T21:44:41.0234679Z Receiving objects:  13% (228/1752)
2024-03-11T21:44:41.0238146Z Receiving objects:  14% (246/1752)
2024-03-11T21:44:41.0241496Z Receiving objects:  15% (263/1752)
2024-03-11T21:44:41.0244887Z Receiving objects:  16% (281/1752)
2024-03-11T21:44:41.0251660Z Receiving objects:  17% (298/1752)
2024-03-11T21:44:41.0255932Z Receiving objects:  18% (316/1752)
2024-03-11T21:44:41.0271529Z Receiving objects:  19% (333/1752)
2024-03-11T21:44:41.0275121Z Receiving objects:  20% (351/1752)
2024-03-11T21:44:41.0278759Z Receiving objects:  21% (368/1752)
2024-03-11T21:44:41.0282450Z Receiving objects:  22% (386/1752)
2024-03-11T21:44:41.0285784Z Receiving objects:  23% (403/1752)
2024-03-11T21:44:41.0288671Z Receiving objects:  24% (421/1752)
2024-03-11T21:44:41.0292430Z Receiving objects:  25% (438/1752)
2024-03-11T21:44:41.0293982Z Receiving objects:  26% (456/1752)
2024-03-11T21:44:41.0297269Z Receiving objects:  27% (474/1752)
2024-03-11T21:44:41.0303522Z Receiving objects:  28% (491/1752)
2024-03-11T21:44:41.0305466Z Receiving objects:  29% (509/1752)
2024-03-11T21:44:41.0308697Z Receiving objects:  30% (526/1752)
2024-03-11T21:44:41.0312461Z Receiving objects:  31% (544/1752)
2024-03-11T21:44:41.0315222Z Receiving objects:  32% (561/1752)
2024-03-11T21:44:41.0317454Z Receiving objects:  33% (579/1752)
2024-03-11T21:44:41.0320219Z Receiving objects:  34% (596/1752)
2024-03-11T21:44:41.0321662Z Receiving objects:  35% (614/1752)
2024-03-11T21:44:41.0325988Z Receiving objects:  36% (631/1752)
2024-03-11T21:44:41.0329002Z Receiving objects:  37% (649/1752)
2024-03-11T21:44:41.0330208Z Receiving objects:  38% (666/1752)
2024-03-11T21:44:41.0335008Z Receiving objects:  39% (684/1752)
2024-03-11T21:44:41.0337568Z Receiving objects:  40% (701/1752)
2024-03-11T21:44:41.0339493Z Receiving objects:  41% (719/1752)
2024-03-11T21:44:41.0342298Z Receiving objects:  42% (736/1752)
2024-03-11T21:44:41.0345161Z Receiving objects:  43% (754/1752)
2024-03-11T21:44:41.0347377Z Receiving objects:  44% (771/1752)
2024-03-11T21:44:41.0350061Z Receiving objects:  45% (789/1752)
2024-03-11T21:44:41.0352149Z Receiving objects:  46% (806/1752)
2024-03-11T21:44:41.0357860Z Receiving objects:  47% (824/1752)
2024-03-11T21:44:41.0361424Z Receiving objects:  48% (841/1752)
2024-03-11T21:44:41.0363567Z Receiving objects:  49% (859/1752)
2024-03-11T21:44:41.0365174Z Receiving objects:  50% (876/1752)
2024-03-11T21:44:41.0365966Z Receiving objects:  51% (894/1752)
2024-03-11T21:44:41.0375473Z Receiving objects:  52% (912/1752)
2024-03-11T21:44:41.0380480Z Receiving objects:  53% (929/1752)
2024-03-11T21:44:41.0383625Z Receiving objects:  54% (947/1752)
2024-03-11T21:44:41.0390783Z Receiving objects:  55% (964/1752)
2024-03-11T21:44:41.0394387Z Receiving objects:  56% (982/1752)
2024-03-11T21:44:41.0396096Z Receiving objects:  57% (999/1752)
2024-03-11T21:44:41.0397730Z Receiving objects:  58% (1017/1752)
2024-03-11T21:44:41.0399672Z Receiving objects:  59% (1034/1752)
2024-03-11T21:44:41.0401242Z Receiving objects:  60% (1052/1752)
2024-03-11T21:44:41.0402464Z Receiving objects:  61% (1069/1752)
2024-03-11T21:44:41.0404016Z Receiving objects:  62% (1087/1752)
2024-03-11T21:44:41.0405723Z Receiving objects:  63% (1104/1752)
2024-03-11T21:44:41.0406704Z Receiving objects:  64% (1122/1752)
2024-03-11T21:44:41.0409185Z Receiving objects:  65% (1139/1752)
2024-03-11T21:44:41.0411913Z Receiving objects:  66% (1157/1752)
2024-03-11T21:44:41.0412929Z Receiving objects:  67% (1174/1752)
2024-03-11T21:44:41.0414715Z Receiving objects:  68% (1192/1752)
2024-03-11T21:44:41.0416899Z Receiving objects:  69% (1209/1752)
2024-03-11T21:44:41.0418117Z Receiving objects:  70% (1227/1752)
2024-03-11T21:44:41.0432251Z Receiving objects:  71% (1244/1752)
2024-03-11T21:44:41.0445578Z Receiving objects:  72% (1262/1752)
2024-03-11T21:44:41.0447850Z Receiving objects:  73% (1279/1752)
2024-03-11T21:44:41.0449478Z Receiving objects:  74% (1297/1752)
2024-03-11T21:44:41.0701238Z Receiving objects:  75% (1314/1752)
2024-03-11T21:44:41.0891224Z Receiving objects:  76% (1332/1752)
2024-03-11T21:44:41.1013545Z Receiving objects:  77% (1350/1752)
2024-03-11T21:44:41.1263169Z Receiving objects:  78% (1367/1752)
2024-03-11T21:44:41.1469830Z Receiving objects:  79% (1385/1752)
2024-03-11T21:44:41.1631388Z Receiving objects:  80% (1402/1752)
2024-03-11T21:44:41.1637718Z Receiving objects:  81% (1420/1752)
2024-03-11T21:44:41.1640499Z Receiving objects:  82% (1437/1752)
2024-03-11T21:44:41.1643966Z Receiving objects:  83% (1455/1752)
2024-03-11T21:44:41.1648513Z Receiving objects:  84% (1472/1752)
2024-03-11T21:44:41.1652467Z Receiving objects:  85% (1490/1752)
2024-03-11T21:44:41.1658878Z Receiving objects:  86% (1507/1752)
2024-03-11T21:44:41.1666113Z Receiving objects:  87% (1525/1752)
2024-03-11T21:44:41.1670629Z Receiving objects:  88% (1542/1752)
2024-03-11T21:44:41.1675690Z Receiving objects:  89% (1560/1752)
2024-03-11T21:44:41.1681991Z Receiving objects:  90% (1577/1752)
2024-03-11T21:44:41.1688743Z Receiving objects:  91% (1595/1752)
2024-03-11T21:44:41.1693520Z Receiving objects:  92% (1612/1752)
2024-03-11T21:44:41.1697955Z Receiving objects:  93% (1630/1752)
2024-03-11T21:44:41.1701993Z Receiving objects:  94% (1647/1752)
2024-03-11T21:44:41.1705450Z Receiving objects:  95% (1665/1752)
2024-03-11T21:44:41.1707998Z Receiving objects:  96% (1682/1752)
2024-03-11T21:44:41.1716785Z Receiving objects:  97% (1700/1752)
2024-03-11T21:44:41.1725010Z Receiving objects:  98% (1717/1752)
2024-03-11T21:44:41.1739796Z Receiving objects:  99% (1735/1752)
2024-03-11T21:44:41.1741479Z remote: Total 1752 (delta 278), reused 994 (delta 139), pack-reused 0        
2024-03-11T21:44:41.1749149Z Receiving objects: 100% (1752/1752)
2024-03-11T21:44:41.1750256Z Receiving objects: 100% (1752/1752), 6.60 MiB | 21.88 MiB/s, done.
2024-03-11T21:44:41.1761629Z Resolving deltas:   0% (0/278)
2024-03-11T21:44:41.1762243Z Resolving deltas:   1% (4/278)
2024-03-11T21:44:41.1762847Z Resolving deltas:   2% (6/278)
2024-03-11T21:44:41.1763576Z Resolving deltas:   3% (9/278)
2024-03-11T21:44:41.1764128Z Resolving deltas:   4% (12/278)
2024-03-11T21:44:41.1764748Z Resolving deltas:   5% (15/278)
2024-03-11T21:44:41.1765440Z Resolving deltas:   6% (17/278)
2024-03-11T21:44:41.1765995Z Resolving deltas:   7% (20/278)
2024-03-11T21:44:41.1766637Z Resolving deltas:   8% (23/278)
2024-03-11T21:44:41.1767340Z Resolving deltas:   9% (26/278)
2024-03-11T21:44:41.1767894Z Resolving deltas:  10% (28/278)
2024-03-11T21:44:41.1768517Z Resolving deltas:  11% (31/278)
2024-03-11T21:44:41.1769190Z Resolving deltas:  12% (34/278)
2024-03-11T21:44:41.1793830Z Resolving deltas:  13% (37/278)
2024-03-11T21:44:41.1794395Z Resolving deltas:  14% (39/278)
2024-03-11T21:44:41.1794959Z Resolving deltas:  15% (42/278)
2024-03-11T21:44:41.1795370Z Resolving deltas:  16% (45/278)
2024-03-11T21:44:41.1795722Z Resolving deltas:  17% (48/278)
2024-03-11T21:44:41.1796182Z Resolving deltas:  18% (51/278)
2024-03-11T21:44:41.1796571Z Resolving deltas:  19% (53/278)
2024-03-11T21:44:41.1797165Z Resolving deltas:  20% (56/278)
2024-03-11T21:44:41.1797649Z Resolving deltas:  21% (59/278)
2024-03-11T21:44:41.1798088Z Resolving deltas:  22% (62/278)
2024-03-11T21:44:41.1798775Z Resolving deltas:  23% (64/278)
2024-03-11T21:44:41.1799628Z Resolving deltas:  24% (67/278)
2024-03-11T21:44:41.1800332Z Resolving deltas:  25% (70/278)
2024-03-11T21:44:41.1801012Z Resolving deltas:  26% (73/278)
2024-03-11T21:44:41.1801914Z Resolving deltas:  27% (76/278)
2024-03-11T21:44:41.1802604Z Resolving deltas:  28% (78/278)
2024-03-11T21:44:41.1803302Z Resolving deltas:  29% (81/278)
2024-03-11T21:44:41.1804175Z Resolving deltas:  30% (84/278)
2024-03-11T21:44:41.1804909Z Resolving deltas:  31% (87/278)
2024-03-11T21:44:41.1805555Z Resolving deltas:  32% (89/278)
2024-03-11T21:44:41.1806400Z Resolving deltas:  33% (92/278)
2024-03-11T21:44:41.1807118Z Resolving deltas:  34% (95/278)
2024-03-11T21:44:41.1807785Z Resolving deltas:  35% (98/278)
2024-03-11T21:44:41.1808602Z Resolving deltas:  36% (101/278)
2024-03-11T21:44:41.1809297Z Resolving deltas:  37% (103/278)
2024-03-11T21:44:41.1809822Z Resolving deltas:  38% (106/278)
2024-03-11T21:44:41.1810506Z Resolving deltas:  39% (109/278)
2024-03-11T21:44:41.1811170Z Resolving deltas:  40% (112/278)
2024-03-11T21:44:41.1812116Z Resolving deltas:  41% (114/278)
2024-03-11T21:44:41.1814504Z Resolving deltas:  42% (117/278)
2024-03-11T21:44:41.1815339Z Resolving deltas:  43% (120/278)
2024-03-11T21:44:41.1816012Z Resolving deltas:  44% (123/278)
2024-03-11T21:44:41.1817008Z Resolving deltas:  45% (126/278)
2024-03-11T21:44:41.1817716Z Resolving deltas:  46% (128/278)
2024-03-11T21:44:41.1818402Z Resolving deltas:  47% (131/278)
2024-03-11T21:44:41.1819242Z Resolving deltas:  48% (135/278)
2024-03-11T21:44:41.1819912Z Resolving deltas:  49% (137/278)
2024-03-11T21:44:41.1820519Z Resolving deltas:  50% (140/278)
2024-03-11T21:44:41.1821376Z Resolving deltas:  51% (142/278)
2024-03-11T21:44:41.1822114Z Resolving deltas:  52% (146/278)
2024-03-11T21:44:41.1823138Z Resolving deltas:  53% (148/278)
2024-03-11T21:44:41.1824025Z Resolving deltas:  54% (151/278)
2024-03-11T21:44:41.1824748Z Resolving deltas:  55% (153/278)
2024-03-11T21:44:41.1825468Z Resolving deltas:  56% (156/278)
2024-03-11T21:44:41.1826339Z Resolving deltas:  57% (159/278)
2024-03-11T21:44:41.1827105Z Resolving deltas:  58% (162/278)
2024-03-11T21:44:41.1827883Z Resolving deltas:  59% (165/278)
2024-03-11T21:44:41.1828704Z Resolving deltas:  60% (167/278)
2024-03-11T21:44:41.1829454Z Resolving deltas:  61% (170/278)
2024-03-11T21:44:41.1830190Z Resolving deltas:  62% (173/278)
2024-03-11T21:44:41.1831021Z Resolving deltas:  63% (176/278)
2024-03-11T21:44:41.1831774Z Resolving deltas:  64% (178/278)
2024-03-11T21:44:41.1832647Z Resolving deltas:  65% (181/278)
2024-03-11T21:44:41.1833346Z Resolving deltas:  66% (184/278)
2024-03-11T21:44:41.1834253Z Resolving deltas:  67% (187/278)
2024-03-11T21:44:41.1834968Z Resolving deltas:  68% (190/278)
2024-03-11T21:44:41.1835644Z Resolving deltas:  69% (192/278)
2024-03-11T21:44:41.1836420Z Resolving deltas:  70% (195/278)
2024-03-11T21:44:41.1837284Z Resolving deltas:  71% (198/278)
2024-03-11T21:44:41.1837949Z Resolving deltas:  72% (201/278)
2024-03-11T21:44:41.1838357Z Resolving deltas:  73% (203/278)
2024-03-11T21:44:41.1838869Z Resolving deltas:  74% (206/278)
2024-03-11T21:44:41.1839251Z Resolving deltas:  75% (209/278)
2024-03-11T21:44:41.1839742Z Resolving deltas:  76% (212/278)
2024-03-11T21:44:41.1840542Z Resolving deltas:  77% (216/278)
2024-03-11T21:44:41.1841079Z Resolving deltas:  78% (218/278)
2024-03-11T21:44:41.1841766Z Resolving deltas:  79% (220/278)
2024-03-11T21:44:41.1842636Z Resolving deltas:  80% (223/278)
2024-03-11T21:44:41.1843294Z Resolving deltas:  81% (226/278)
2024-03-11T21:44:41.1844007Z Resolving deltas:  82% (228/278)
2024-03-11T21:44:41.1844809Z Resolving deltas:  83% (231/278)
2024-03-11T21:44:41.1845382Z Resolving deltas:  84% (234/278)
2024-03-11T21:44:41.1845995Z Resolving deltas:  85% (237/278)
2024-03-11T21:44:41.1846957Z Resolving deltas:  86% (240/278)
2024-03-11T21:44:41.1847544Z Resolving deltas:  87% (242/278)
2024-03-11T21:44:41.1849929Z Resolving deltas:  88% (245/278)
2024-03-11T21:44:41.1852041Z Resolving deltas:  89% (248/278)
2024-03-11T21:44:41.1854826Z Resolving deltas:  90% (251/278)
2024-03-11T21:44:41.1855529Z Resolving deltas:  91% (253/278)
2024-03-11T21:44:41.1858819Z Resolving deltas:  92% (256/278)
2024-03-11T21:44:41.1861131Z Resolving deltas:  93% (259/278)
2024-03-11T21:44:41.1865268Z Resolving deltas:  94% (262/278)
2024-03-11T21:44:41.1867513Z Resolving deltas:  95% (265/278)
2024-03-11T21:44:41.1868083Z Resolving deltas:  96% (267/278)
2024-03-11T21:44:41.1868763Z Resolving deltas:  97% (270/278)
2024-03-11T21:44:41.1871650Z Resolving deltas:  98% (273/278)
2024-03-11T21:44:41.1872280Z Resolving deltas:  99% (277/278)
2024-03-11T21:44:41.1872811Z Resolving deltas: 100% (278/278)
2024-03-11T21:44:41.1873321Z Resolving deltas: 100% (278/278), done.
2024-03-11T21:44:41.2068832Z From https://github.com/rubyforgood/human-essentials
2024-03-11T21:44:41.2069697Z  * [new ref]         8be477f78280518eba18daf1bcb023ed9c01163e -> pull/4017/merge
2024-03-11T21:44:41.2097312Z ##[endgroup]
2024-03-11T21:44:41.2098598Z ##[group]Determining the checkout info
2024-03-11T21:44:41.2100265Z ##[endgroup]
2024-03-11T21:44:41.2101434Z ##[group]Checking out the ref
2024-03-11T21:44:41.2106133Z [command]/usr/bin/git checkout --progress --force refs/remotes/pull/4017/merge
2024-03-11T21:44:41.3440819Z Note: switching to 'refs/remotes/pull/4017/merge'.
2024-03-11T21:44:41.3441396Z 
2024-03-11T21:44:41.3442229Z You are in 'detached HEAD' state. You can look around, make experimental
2024-03-11T21:44:41.3443436Z changes and commit them, and you can discard any commits you make in this
2024-03-11T21:44:41.3444626Z state without impacting any branches by switching back to a branch.
2024-03-11T21:44:41.3445266Z 
2024-03-11T21:44:41.3445815Z If you want to create a new branch to retain commits you create, you may
2024-03-11T21:44:41.3446928Z do so (now or later) by using -c with the switch command. Example:
2024-03-11T21:44:41.3447345Z 
2024-03-11T21:44:41.3455369Z   git switch -c <new-branch-name>
2024-03-11T21:44:41.3455779Z 
2024-03-11T21:44:41.3456256Z Or undo this operation with:
2024-03-11T21:44:41.3462747Z 
2024-03-11T21:44:41.3463068Z   git switch -
2024-03-11T21:44:41.3463584Z 
2024-03-11T21:44:41.3464095Z Turn off this advice by setting config variable advice.detachedHead to false
2024-03-11T21:44:41.3464914Z 
2024-03-11T21:44:41.3465722Z HEAD is now at 8be477f Merge a05e1d6a12d9fab0578b7556ae3c992ea228359c into 449d8506f768bf1894e05c17983a13da27472321
2024-03-11T21:44:41.3470050Z ##[endgroup]
2024-03-11T21:44:41.3505449Z [command]/usr/bin/git log -1 --format='%H'
2024-03-11T21:44:41.3538881Z '8be477f78280518eba18daf1bcb023ed9c01163e'
2024-03-11T21:44:41.3872486Z ##[group]Run ruby/setup-ruby@v1
2024-03-11T21:44:41.3872873Z with:
2024-03-11T21:44:41.3873297Z   bundler-cache: true
2024-03-11T21:44:41.3873649Z   ruby-version: default
2024-03-11T21:44:41.3874255Z ##[endgroup]
2024-03-11T21:44:41.5998495Z Using 3.2.2 as input from file .ruby-version
2024-03-11T21:44:41.6027691Z ##[group]Modifying PATH
2024-03-11T21:44:41.6028405Z Entries added to PATH to use selected Ruby:
2024-03-11T21:44:41.6029442Z   /opt/hostedtoolcache/Ruby/3.2.2/x64/bin
2024-03-11T21:44:41.6030701Z ##[endgroup]
2024-03-11T21:44:41.6052119Z ##[group]Downloading Ruby
2024-03-11T21:44:41.6055841Z https://github.com/ruby/ruby-builder/releases/download/toolcache/ruby-3.2.2-ubuntu-22.04.tar.gz
2024-03-11T21:44:42.0138287Z Took   0.41 seconds
2024-03-11T21:44:42.0139481Z ##[endgroup]
2024-03-11T21:44:42.0140769Z ##[group]Extracting  Ruby
2024-03-11T21:44:42.0178443Z [command]/usr/bin/tar -xz -C /opt/hostedtoolcache/Ruby/3.2.2 -f /home/runner/work/_temp/125eb426-f548-4bef-bae0-ca152e2eefa6
2024-03-11T21:44:42.4127487Z Took   0.40 seconds
2024-03-11T21:44:42.4129300Z ##[endgroup]
2024-03-11T21:44:42.4130156Z ##[group]Print Ruby version
2024-03-11T21:44:42.4142293Z [command]/opt/hostedtoolcache/Ruby/3.2.2/x64/bin/ruby --version
2024-03-11T21:44:42.4343399Z ruby 3.2.2 (2023-03-30 revision e51014f9c0) [x86_64-linux]
2024-03-11T21:44:42.4363212Z Took   0.02 seconds
2024-03-11T21:44:42.4364113Z ##[endgroup]
2024-03-11T21:44:42.4365004Z ##[group]Installing Bundler
2024-03-11T21:44:42.4371031Z Using Bundler 2.5.6 from Gemfile.lock BUNDLED WITH 2.5.6
2024-03-11T21:44:42.4375766Z [command]/opt/hostedtoolcache/Ruby/3.2.2/x64/bin/gem install bundler -v 2.5.6
2024-03-11T21:44:42.9197776Z Successfully installed bundler-2.5.6
2024-03-11T21:44:42.9198941Z 1 gem installed
2024-03-11T21:44:42.9250944Z Took   0.49 seconds
2024-03-11T21:44:42.9253895Z ##[endgroup]
2024-03-11T21:44:42.9254525Z > bundle install
2024-03-11T21:44:42.9270237Z [command]/opt/hostedtoolcache/Ruby/3.2.2/x64/bin/bundle config --local path /home/runner/work/human-essentials/human-essentials/vendor/bundle
2024-03-11T21:44:43.0733993Z [command]/opt/hostedtoolcache/Ruby/3.2.2/x64/bin/bundle config --local deployment true
2024-03-11T21:44:43.2207196Z Cache key: setup-ruby-bundler-cache-v6-ubuntu-22.04-x64-ruby-3.2.2-wd-/home/runner/work/human-essentials/human-essentials-with--without--only--Gemfile.lock-90af41cb540db2526d21e3c5cbbe531ed46bcf1ba5fdc3d9e3337dd916b92c56
2024-03-11T21:44:44.1620805Z Cache Size: ~205 MB (214817878 B)
2024-03-11T21:44:44.1729183Z [command]/usr/bin/tar -xf /home/runner/work/_temp/75ade84d-f18a-42f9-8779-2e0fe60af42d/cache.tzst -P -C /home/runner/work/human-essentials/human-essentials --use-compress-program unzstd
2024-03-11T21:44:44.3571627Z Received 214817878 of 214817878 (100.0%), 204.7 MBs/sec
2024-03-11T21:44:45.8716895Z Cache restored successfully
2024-03-11T21:44:45.9139472Z Found cache for key: setup-ruby-bundler-cache-v6-ubuntu-22.04-x64-ruby-3.2.2-wd-/home/runner/work/human-essentials/human-essentials-with--without--only--Gemfile.lock-90af41cb540db2526d21e3c5cbbe531ed46bcf1ba5fdc3d9e3337dd916b92c56
2024-03-11T21:44:45.9150071Z [command]/opt/hostedtoolcache/Ruby/3.2.2/x64/bin/bundle install --jobs 4
2024-03-11T21:44:46.3044768Z Bundle complete! 85 Gemfile dependencies, 246 gems now installed.
2024-03-11T21:44:46.3046354Z Bundled gems are installed into `./vendor/bundle`
2024-03-11T21:44:46.3092513Z Took   3.38 seconds
2024-03-11T21:44:46.3269088Z ##[group]Run bundle exec brakeman
2024-03-11T21:44:46.3269630Z [36;1mbundle exec brakeman[0m
2024-03-11T21:44:46.3335582Z shell: /usr/bin/bash -e {0}
2024-03-11T21:44:46.3336003Z ##[endgroup]
2024-03-11T21:44:46.6836668Z Loading scanner...
2024-03-11T21:44:47.1037102Z Processing application in /home/runner/work/human-essentials/human-essentials
2024-03-11T21:44:47.1038200Z Processing gems...                      
2024-03-11T21:44:47.1141451Z [Notice] Detected Rails 7 application
2024-03-11T21:44:47.1142363Z Processing configuration...             
2024-03-11T21:44:47.1262123Z [Notice] Escaping HTML by default
2024-03-11T21:44:47.1262930Z Parsing files...                        
2024-03-11T21:44:50.2613013Z Detecting file types...                 
2024-03-11T21:44:50.2998382Z Processing initializers...              
2024-03-11T21:44:50.3002211Z  0/24 files processed
2024-03-11T21:44:50.3005941Z  1/24 files processed
2024-03-11T21:44:50.3014286Z  2/24 files processed
2024-03-11T21:44:50.3037373Z  3/24 files processed
2024-03-11T21:44:50.3047820Z  4/24 files processed
2024-03-11T21:44:50.3052505Z  5/24 files processed
2024-03-11T21:44:50.3053631Z  6/24 files processed
2024-03-11T21:44:50.3056870Z  7/24 files processed
2024-03-11T21:44:50.3057419Z  8/24 files processed
2024-03-11T21:44:50.3060703Z  9/24 files processed
2024-03-11T21:44:50.3062254Z  10/24 files processed
2024-03-11T21:44:50.3062888Z  11/24 files processed
2024-03-11T21:44:50.3066280Z  12/24 files processed
2024-03-11T21:44:50.3071664Z  13/24 files processed
2024-03-11T21:44:50.3076308Z  14/24 files processed
2024-03-11T21:44:50.3082871Z  15/24 files processed
2024-03-11T21:44:50.3085674Z  16/24 files processed
2024-03-11T21:44:50.3086448Z  17/24 files processed
2024-03-11T21:44:50.3087644Z  18/24 files processed
2024-03-11T21:44:50.3099907Z  19/24 files processed
2024-03-11T21:44:50.3290124Z  20/24 files processed
2024-03-11T21:44:50.3292652Z  21/24 files processed
2024-03-11T21:44:50.3295736Z  22/24 files processed
2024-03-11T21:44:50.3297865Z  23/24 files processed
2024-03-11T21:44:50.3298259Z Processing libs...                      
2024-03-11T21:44:50.3302444Z  0/148 files processed
2024-03-11T21:44:50.3303060Z  1/148 files processed
2024-03-11T21:44:50.3306568Z  2/148 files processed
2024-03-11T21:44:50.3309609Z  3/148 files processed
2024-03-11T21:44:50.3312620Z  4/148 files processed
2024-03-11T21:44:50.3315802Z  5/148 files processed
2024-03-11T21:44:50.3318702Z  6/148 files processed
2024-03-11T21:44:50.3321512Z  7/148 files processed
2024-03-11T21:44:50.3361096Z  8/148 files processed
2024-03-11T21:44:50.3361891Z  9/148 files processed
2024-03-11T21:44:50.3362666Z  10/148 files processed
2024-03-11T21:44:50.3372712Z  11/148 files processed
2024-03-11T21:44:50.3386224Z  12/148 files processed
2024-03-11T21:44:50.3401609Z  13/148 files processed
2024-03-11T21:44:50.3402265Z  14/148 files processed
2024-03-11T21:44:50.3405728Z  15/148 files processed
2024-03-11T21:44:50.3445781Z  16/148 files processed
2024-03-11T21:44:50.3447622Z  17/148 files processed
2024-03-11T21:44:50.3458765Z  18/148 files processed
2024-03-11T21:44:50.3470895Z  19/148 files processed
2024-03-11T21:44:50.3474030Z  20/148 files processed
2024-03-11T21:44:50.3477004Z  21/148 files processed
2024-03-11T21:44:50.3486293Z  22/148 files processed
2024-03-11T21:44:50.3489526Z  23/148 files processed
2024-03-11T21:44:50.3492750Z  24/148 files processed
2024-03-11T21:44:50.3503679Z  25/148 files processed
2024-03-11T21:44:50.3527359Z  26/148 files processed
2024-03-11T21:44:50.3548291Z  27/148 files processed
2024-03-11T21:44:50.3549128Z  28/148 files processed
2024-03-11T21:44:50.3564681Z  29/148 files processed
2024-03-11T21:44:50.3602590Z  30/148 files processed
2024-03-11T21:44:50.3613434Z  31/148 files processed
2024-03-11T21:44:50.3616841Z  32/148 files processed
2024-03-11T21:44:50.3629855Z  33/148 files processed
2024-03-11T21:44:50.3633202Z  34/148 files processed
2024-03-11T21:44:50.3641907Z  35/148 files processed
2024-03-11T21:44:50.3646529Z  36/148 files processed
2024-03-11T21:44:50.3650569Z  37/148 files processed
2024-03-11T21:44:50.3655424Z  38/148 files processed
2024-03-11T21:44:50.3665448Z  39/148 files processed
2024-03-11T21:44:50.3667627Z  40/148 files processed
2024-03-11T21:44:50.3670706Z  41/148 files processed
2024-03-11T21:44:50.3674543Z  42/148 files processed
2024-03-11T21:44:50.3776191Z  43/148 files processed
2024-03-11T21:44:50.3780557Z  44/148 files processed
2024-03-11T21:44:50.3781231Z  45/148 files processed
2024-03-11T21:44:50.3784899Z  46/148 files processed
2024-03-11T21:44:50.3788623Z  47/148 files processed
2024-03-11T21:44:50.3792440Z  48/148 files processed
2024-03-11T21:44:50.3795663Z  49/148 files processed
2024-03-11T21:44:50.3800524Z  50/148 files processed
2024-03-11T21:44:50.3801017Z  51/148 files processed
2024-03-11T21:44:50.3807694Z  52/148 files processed
2024-03-11T21:44:50.3830405Z  53/148 files processed
2024-03-11T21:44:50.3832831Z  54/148 files processed
2024-03-11T21:44:50.3837282Z  55/148 files processed
2024-03-11T21:44:50.3842457Z  56/148 files processed
2024-03-11T21:44:50.3857618Z  57/148 files processed
2024-03-11T21:44:50.3876397Z  58/148 files processed
2024-03-11T21:44:50.3878913Z  59/148 files processed
2024-03-11T21:44:50.3986882Z  60/148 files processed
2024-03-11T21:44:50.4019244Z  61/148 files processed
2024-03-11T21:44:50.4023863Z  62/148 files processed
2024-03-11T21:44:50.4028681Z  63/148 files processed
2024-03-11T21:44:50.4032600Z  64/148 files processed
2024-03-11T21:44:50.4037693Z  65/148 files processed
2024-03-11T21:44:50.4041682Z  66/148 files processed
2024-03-11T21:44:50.4067457Z  67/148 files processed
2024-03-11T21:44:50.4089326Z  68/148 files processed
2024-03-11T21:44:50.4138843Z  69/148 files processed
2024-03-11T21:44:50.4141079Z  70/148 files processed
2024-03-11T21:44:50.4173785Z  71/148 files processed
2024-03-11T21:44:50.4181112Z  72/148 files processed
2024-03-11T21:44:50.4229028Z  73/148 files processed
2024-03-11T21:44:50.4259142Z  74/148 files processed
2024-03-11T21:44:50.4276558Z  75/148 files processed
2024-03-11T21:44:50.4286923Z  76/148 files processed
2024-03-11T21:44:50.4290145Z  77/148 files processed
2024-03-11T21:44:50.4329491Z  78/148 files processed
2024-03-11T21:44:50.4335080Z  79/148 files processed
2024-03-11T21:44:50.4350814Z  80/148 files processed
2024-03-11T21:44:50.4360878Z  81/148 files processed
2024-03-11T21:44:50.4363956Z  82/148 files processed
2024-03-11T21:44:50.4376667Z  83/148 files processed
2024-03-11T21:44:50.4403801Z  84/148 files processed
2024-03-11T21:44:50.4456821Z  85/148 files processed
2024-03-11T21:44:50.4491246Z  86/148 files processed
2024-03-11T21:44:50.4504598Z  87/148 files processed
2024-03-11T21:44:50.4539916Z  88/148 files processed
2024-03-11T21:44:50.4549531Z  89/148 files processed
2024-03-11T21:44:50.4588282Z  90/148 files processed
2024-03-11T21:44:50.4607460Z  91/148 files processed
2024-03-11T21:44:50.4642491Z  92/148 files processed
2024-03-11T21:44:50.4650982Z  93/148 files processed
2024-03-11T21:44:50.4668033Z  94/148 files processed
2024-03-11T21:44:50.4690610Z  95/148 files processed
2024-03-11T21:44:50.4716940Z  96/148 files processed
2024-03-11T21:44:50.4723623Z  97/148 files processed
2024-03-11T21:44:50.4734094Z  98/148 files processed
2024-03-11T21:44:50.4738092Z  99/148 files processed
2024-03-11T21:44:50.4746457Z  100/148 files processed
2024-03-11T21:44:50.4754993Z  101/148 files processed
2024-03-11T21:44:50.4768914Z  102/148 files processed
2024-03-11T21:44:50.4772879Z  103/148 files processed
2024-03-11T21:44:50.4782800Z  104/148 files processed
2024-03-11T21:44:50.4808408Z  105/148 files processed
2024-03-11T21:44:50.4843376Z  106/148 files processed
2024-03-11T21:44:50.4850930Z  107/148 files processed
2024-03-11T21:44:50.4899295Z  108/148 files processed
2024-03-11T21:44:50.4904214Z  109/148 files processed
2024-03-11T21:44:50.4907503Z  110/148 files processed
2024-03-11T21:44:50.4910559Z  111/148 files processed
2024-03-11T21:44:50.4912920Z  112/148 files processed
2024-03-11T21:44:50.4928646Z  113/148 files processed
2024-03-11T21:44:50.4941311Z  114/148 files processed
2024-03-11T21:44:50.5003952Z  115/148 files processed
2024-03-11T21:44:50.5026925Z  116/148 files processed
2024-03-11T21:44:50.5048021Z  117/148 files processed
2024-03-11T21:44:50.5068212Z  118/148 files processed
2024-03-11T21:44:50.5079126Z  119/148 files processed
2024-03-11T21:44:50.5102414Z  120/148 files processed
2024-03-11T21:44:50.5124365Z  121/148 files processed
2024-03-11T21:44:50.5138056Z  122/148 files processed
2024-03-11T21:44:50.5147392Z  123/148 files processed
2024-03-11T21:44:50.5178782Z  124/148 files processed
2024-03-11T21:44:50.5182631Z  125/148 files processed
2024-03-11T21:44:50.5188471Z  126/148 files processed
2024-03-11T21:44:50.5219034Z  127/148 files processed
2024-03-11T21:44:50.5228631Z  128/148 files processed
2024-03-11T21:44:50.5232260Z  129/148 files processed
2024-03-11T21:44:50.5242517Z  130/148 files processed
2024-03-11T21:44:50.5253705Z  131/148 files processed
2024-03-11T21:44:50.5255883Z  132/148 files processed
2024-03-11T21:44:50.5257484Z  133/148 files processed
2024-03-11T21:44:50.5258737Z  134/148 files processed
2024-03-11T21:44:50.5259295Z  135/148 files processed
2024-03-11T21:44:50.5265914Z  136/148 files processed
2024-03-11T21:44:50.5272865Z  137/148 files processed
2024-03-11T21:44:50.5276782Z  138/148 files processed
2024-03-11T21:44:50.5280610Z  139/148 files processed
2024-03-11T21:44:50.5281899Z  140/148 files processed
2024-03-11T21:44:50.5284369Z  141/148 files processed
2024-03-11T21:44:50.5302573Z  142/148 files processed
2024-03-11T21:44:50.5308317Z  143/148 files processed
2024-03-11T21:44:50.5312812Z  144/148 files processed
2024-03-11T21:44:50.5316755Z  145/148 files processed
2024-03-11T21:44:50.5318230Z  146/148 files processed
2024-03-11T21:44:50.5319115Z  147/148 files processed
2024-03-11T21:44:50.5319803Z Processing routes...                    
2024-03-11T21:44:50.5524953Z Processing templates...                 
2024-03-11T21:44:50.5533299Z  0/379 templates processed
2024-03-11T21:44:50.5535059Z  1/379 templates processed
2024-03-11T21:44:50.5536655Z  2/379 templates processed
2024-03-11T21:44:50.5537485Z  3/379 templates processed
2024-03-11T21:44:50.5539169Z  4/379 templates processed
2024-03-11T21:44:50.5544026Z  5/379 templates processed
2024-03-11T21:44:50.5545174Z  6/379 templates processed
2024-03-11T21:44:50.5556408Z  7/379 templates processed
2024-03-11T21:44:50.5557598Z  8/379 templates processed
2024-03-11T21:44:50.5563093Z  9/379 templates processed
2024-03-11T21:44:50.5574560Z  10/379 templates processed
2024-03-11T21:44:50.5581683Z  11/379 templates processed
2024-03-11T21:44:50.5589293Z  12/379 templates processed
2024-03-11T21:44:50.5594360Z  13/379 templates processed
2024-03-11T21:44:50.5597609Z  14/379 templates processed
2024-03-11T21:44:50.5600493Z  15/379 templates processed
2024-03-11T21:44:50.5624892Z  16/379 templates processed
2024-03-11T21:44:50.5630103Z  17/379 templates processed
2024-03-11T21:44:50.5635204Z  18/379 templates processed
2024-03-11T21:44:50.5641295Z  19/379 templates processed
2024-03-11T21:44:50.5644364Z  20/379 templates processed
2024-03-11T21:44:50.5652689Z  21/379 templates processed
2024-03-11T21:44:50.5655651Z  22/379 templates processed
2024-03-11T21:44:50.5659623Z  23/379 templates processed
2024-03-11T21:44:50.5662698Z  24/379 templates processed
2024-03-11T21:44:50.5664244Z  25/379 templates processed
2024-03-11T21:44:50.5669091Z  26/379 templates processed
2024-03-11T21:44:50.5674264Z  27/379 templates processed
2024-03-11T21:44:50.5676782Z  28/379 templates processed
2024-03-11T21:44:50.5681188Z  29/379 templates processed
2024-03-11T21:44:50.5687837Z  30/379 templates processed
2024-03-11T21:44:50.5692763Z  31/379 templates processed
2024-03-11T21:44:50.5697573Z  32/379 templates processed
2024-03-11T21:44:50.5702727Z  33/379 templates processed
2024-03-11T21:44:50.5706996Z  34/379 templates processed
2024-03-11T21:44:50.5710925Z  35/379 templates processed
2024-03-11T21:44:50.5724412Z  36/379 templates processed
2024-03-11T21:44:50.5730796Z  37/379 templates processed
2024-03-11T21:44:50.5735697Z  38/379 templates processed
2024-03-11T21:44:50.5753523Z  39/379 templates processed
2024-03-11T21:44:50.5758684Z  40/379 templates processed
2024-03-11T21:44:50.5760552Z  41/379 templates processed
2024-03-11T21:44:50.5772377Z  42/379 templates processed
2024-03-11T21:44:50.5774759Z  43/379 templates processed
2024-03-11T21:44:50.5782777Z  44/379 templates processed
2024-03-11T21:44:50.5795551Z  45/379 templates processed
2024-03-11T21:44:50.5823488Z  46/379 templates processed
2024-03-11T21:44:50.5837637Z  47/379 templates processed
2024-03-11T21:44:50.5848328Z  48/379 templates processed
2024-03-11T21:44:50.5904429Z  49/379 templates processed
2024-03-11T21:44:50.5918021Z  50/379 templates processed
2024-03-11T21:44:50.5955642Z  51/379 templates processed
2024-03-11T21:44:50.6011747Z  52/379 templates processed
2024-03-11T21:44:50.6184069Z  53/379 templates processed
2024-03-11T21:44:50.6191964Z  54/379 templates processed
2024-03-11T21:44:50.6203365Z  55/379 templates processed
2024-03-11T21:44:50.6205458Z  56/379 templates processed
2024-03-11T21:44:50.6210633Z  57/379 templates processed
2024-03-11T21:44:50.6219980Z  58/379 templates processed
2024-03-11T21:44:50.6223660Z  59/379 templates processed
2024-03-11T21:44:50.6232405Z  60/379 templates processed
2024-03-11T21:44:50.6239482Z  61/379 templates processed
2024-03-11T21:44:50.6255134Z  62/379 templates processed
2024-03-11T21:44:50.6257400Z  63/379 templates processed
2024-03-11T21:44:50.6261933Z  64/379 templates processed
2024-03-11T21:44:50.6269893Z  65/379 templates processed
2024-03-11T21:44:50.6275252Z  66/379 templates processed
2024-03-11T21:44:50.6276156Z  67/379 templates processed
2024-03-11T21:44:50.6281100Z  68/379 templates processed
2024-03-11T21:44:50.6291705Z  69/379 templates processed
2024-03-11T21:44:50.6295760Z  70/379 templates processed
2024-03-11T21:44:50.6300403Z  71/379 templates processed
2024-03-11T21:44:50.6302460Z  72/379 templates processed
2024-03-11T21:44:50.6309293Z  73/379 templates processed
2024-03-11T21:44:50.6315461Z  74/379 templates processed
2024-03-11T21:44:50.6321826Z  75/379 templates processed
2024-03-11T21:44:50.6327212Z  76/379 templates processed
2024-03-11T21:44:50.6331686Z  77/379 templates processed
2024-03-11T21:44:50.6335317Z  78/379 templates processed
2024-03-11T21:44:50.6339099Z  79/379 templates processed
2024-03-11T21:44:50.6345388Z  80/379 templates processed
2024-03-11T21:44:50.6361708Z  81/379 templates processed
2024-03-11T21:44:50.6368695Z  82/379 templates processed
2024-03-11T21:44:50.6372073Z  83/379 templates processed
2024-03-11T21:44:50.6375224Z  84/379 templates processed
2024-03-11T21:44:50.6380743Z  85/379 templates processed
2024-03-11T21:44:50.6384557Z  86/379 templates processed
2024-03-11T21:44:50.6416124Z  87/379 templates processed
2024-03-11T21:44:50.6420859Z  88/379 templates processed
2024-03-11T21:44:50.6424979Z  89/379 templates processed
2024-03-11T21:44:50.6429062Z  90/379 templates processed
2024-03-11T21:44:50.6437128Z  91/379 templates processed
2024-03-11T21:44:50.6441025Z  92/379 templates processed
2024-03-11T21:44:50.6443549Z  93/379 templates processed
2024-03-11T21:44:50.6456630Z  94/379 templates processed
2024-03-11T21:44:50.6459640Z  95/379 templates processed
2024-03-11T21:44:50.6469742Z  96/379 templates processed
2024-03-11T21:44:50.6475472Z  97/379 templates processed
2024-03-11T21:44:50.6495511Z  98/379 templates processed
2024-03-11T21:44:50.6513007Z  99/379 templates processed
2024-03-11T21:44:50.6518361Z  100/379 templates processed
2024-03-11T21:44:50.6525381Z  101/379 templates processed
2024-03-11T21:44:50.6526933Z  102/379 templates processed
2024-03-11T21:44:50.6531108Z  103/379 templates processed
2024-03-11T21:44:50.6544915Z  104/379 templates processed
2024-03-11T21:44:50.6551794Z  105/379 templates processed
2024-03-11T21:44:50.6556351Z  106/379 templates processed
2024-03-11T21:44:50.6563083Z  107/379 templates processed
2024-03-11T21:44:50.6567874Z  108/379 templates processed
2024-03-11T21:44:50.6575861Z  109/379 templates processed
2024-03-11T21:44:50.6581021Z  110/379 templates processed
2024-03-11T21:44:50.6587512Z  111/379 templates processed
2024-03-11T21:44:50.6598717Z  112/379 templates processed
2024-03-11T21:44:50.6601606Z  113/379 templates processed
2024-03-11T21:44:50.6608211Z  114/379 templates processed
2024-03-11T21:44:50.6609776Z  115/379 templates processed
2024-03-11T21:44:50.6616335Z  116/379 templates processed
2024-03-11T21:44:50.6631538Z  117/379 templates processed
2024-03-11T21:44:50.6638300Z  118/379 templates processed
2024-03-11T21:44:50.6640859Z  119/379 templates processed
2024-03-11T21:44:50.6651306Z  120/379 templates processed
2024-03-11T21:44:50.6652504Z  121/379 templates processed
2024-03-11T21:44:50.6653547Z  122/379 templates processed
2024-03-11T21:44:50.6654651Z  123/379 templates processed
2024-03-11T21:44:50.6655874Z  124/379 templates processed
2024-03-11T21:44:50.6657003Z  125/379 templates processed
2024-03-11T21:44:50.6659380Z  126/379 templates processed
2024-03-11T21:44:50.6673344Z  127/379 templates processed
2024-03-11T21:44:50.6681311Z  128/379 templates processed
2024-03-11T21:44:50.6690677Z  129/379 templates processed
2024-03-11T21:44:50.6693978Z  130/379 templates processed
2024-03-11T21:44:50.6698572Z  131/379 templates processed
2024-03-11T21:44:50.6701077Z  132/379 templates processed
2024-03-11T21:44:50.6704120Z  133/379 templates processed
2024-03-11T21:44:50.6707557Z  134/379 templates processed
2024-03-11T21:44:50.6710699Z  135/379 templates processed
2024-03-11T21:44:50.6714948Z  136/379 templates processed
2024-03-11T21:44:50.6719375Z  137/379 templates processed
2024-03-11T21:44:50.6723508Z  138/379 templates processed
2024-03-11T21:44:50.6731042Z  139/379 templates processed
2024-03-11T21:44:50.6747260Z  140/379 templates processed
2024-03-11T21:44:50.6753253Z  141/379 templates processed
2024-03-11T21:44:50.6756490Z  142/379 templates processed
2024-03-11T21:44:50.6764081Z  143/379 templates processed
2024-03-11T21:44:50.6769309Z  144/379 templates processed
2024-03-11T21:44:50.6774551Z  145/379 templates processed
2024-03-11T21:44:50.6777350Z  146/379 templates processed
2024-03-11T21:44:50.6794117Z  147/379 templates processed
2024-03-11T21:44:50.6796789Z  148/379 templates processed
2024-03-11T21:44:50.6798916Z  149/379 templates processed
2024-03-11T21:44:50.6803473Z  150/379 templates processed
2024-03-11T21:44:50.6814520Z  151/379 templates processed
2024-03-11T21:44:50.6818704Z  152/379 templates processed
2024-03-11T21:44:50.6830456Z  153/379 templates processed
2024-03-11T21:44:50.6832849Z  154/379 templates processed
2024-03-11T21:44:50.6835395Z  155/379 templates processed
2024-03-11T21:44:50.6837818Z  156/379 templates processed
2024-03-11T21:44:50.6840370Z  157/379 templates processed
2024-03-11T21:44:50.6846263Z  158/379 templates processed
2024-03-11T21:44:50.6852209Z  159/379 templates processed
2024-03-11T21:44:50.6855005Z  160/379 templates processed
2024-03-11T21:44:50.6863693Z  161/379 templates processed
2024-03-11T21:44:50.6872972Z  162/379 templates processed
2024-03-11T21:44:50.6886171Z  163/379 templates processed
2024-03-11T21:44:50.6892508Z  164/379 templates processed
2024-03-11T21:44:50.6897244Z  165/379 templates processed
2024-03-11T21:44:50.6903454Z  166/379 templates processed
2024-03-11T21:44:50.6907046Z  167/379 templates processed
2024-03-11T21:44:50.6933102Z  168/379 templates processed
2024-03-11T21:44:50.6952391Z  169/379 templates processed
2024-03-11T21:44:50.7003760Z  170/379 templates processed
2024-03-11T21:44:50.7005040Z  171/379 templates processed
2024-03-11T21:44:50.7021063Z  172/379 templates processed
2024-03-11T21:44:50.7031417Z  173/379 templates processed
2024-03-11T21:44:50.7033589Z  174/379 templates processed
2024-03-11T21:44:50.7037331Z  175/379 templates processed
2024-03-11T21:44:50.7038166Z  176/379 templates processed
2024-03-11T21:44:50.7040396Z  177/379 templates processed
2024-03-11T21:44:50.7042742Z  178/379 templates processed
2024-03-11T21:44:50.7044017Z  179/379 templates processed
2024-03-11T21:44:50.7049784Z  180/379 templates processed
2024-03-11T21:44:50.7072093Z  181/379 templates processed
2024-03-11T21:44:50.7080369Z  182/379 templates processed
2024-03-11T21:44:50.7088678Z  183/379 templates processed
2024-03-11T21:44:50.7093121Z  184/379 templates processed
2024-03-11T21:44:50.7097645Z  185/379 templates processed
2024-03-11T21:44:50.7100756Z  186/379 templates processed
2024-03-11T21:44:50.7106014Z  187/379 templates processed
2024-03-11T21:44:50.7108799Z  188/379 templates processed
2024-03-11T21:44:50.7113367Z  189/379 templates processed
2024-03-11T21:44:50.7118983Z  190/379 templates processed
2024-03-11T21:44:50.7125206Z  191/379 templates processed
2024-03-11T21:44:50.7127321Z  192/379 templates processed
2024-03-11T21:44:50.7133195Z  193/379 templates processed
2024-03-11T21:44:50.7135795Z  194/379 templates processed
2024-03-11T21:44:50.7159372Z  195/379 templates processed
2024-03-11T21:44:50.7162570Z  196/379 templates processed
2024-03-11T21:44:50.7188821Z  197/379 templates processed
2024-03-11T21:44:50.7191632Z  198/379 templates processed
2024-03-11T21:44:50.7196911Z  199/379 templates processed
2024-03-11T21:44:50.7204048Z  200/379 templates processed
2024-03-11T21:44:50.7209755Z  201/379 templates processed
2024-03-11T21:44:50.7212260Z  202/379 templates processed
2024-03-11T21:44:50.7215592Z  203/379 templates processed
2024-03-11T21:44:50.7227564Z  204/379 templates processed
2024-03-11T21:44:50.7234937Z  205/379 templates processed
2024-03-11T21:44:50.7251996Z  206/379 templates processed
2024-03-11T21:44:50.7257845Z  207/379 templates processed
2024-03-11T21:44:50.7266532Z  208/379 templates processed
2024-03-11T21:44:50.7274000Z  209/379 templates processed
2024-03-11T21:44:50.7277729Z  210/379 templates processed
2024-03-11T21:44:50.7284518Z  211/379 templates processed
2024-03-11T21:44:50.7289518Z  212/379 templates processed
2024-03-11T21:44:50.7293919Z  213/379 templates processed
2024-03-11T21:44:50.7300722Z  214/379 templates processed
2024-03-11T21:44:50.7316488Z  215/379 templates processed
2024-03-11T21:44:50.7323400Z  216/379 templates processed
2024-03-11T21:44:50.7327897Z  217/379 templates processed
2024-03-11T21:44:50.7335955Z  218/379 templates processed
2024-03-11T21:44:50.7338353Z  219/379 templates processed
2024-03-11T21:44:50.7342583Z  220/379 templates processed
2024-03-11T21:44:50.7370801Z  221/379 templates processed
2024-03-11T21:44:50.7377276Z  222/379 templates processed
2024-03-11T21:44:50.7380609Z  223/379 templates processed
2024-03-11T21:44:50.7385152Z  224/379 templates processed
2024-03-11T21:44:50.7391451Z  225/379 templates processed
2024-03-11T21:44:50.7398977Z  226/379 templates processed
2024-03-11T21:44:50.7402151Z  227/379 templates processed
2024-03-11T21:44:50.7406855Z  228/379 templates processed
2024-03-11T21:44:50.7430298Z  229/379 templates processed
2024-03-11T21:44:50.7436389Z  230/379 templates processed
2024-03-11T21:44:50.7441028Z  231/379 templates processed
2024-03-11T21:44:50.7450063Z  232/379 templates processed
2024-03-11T21:44:50.7452365Z  233/379 templates processed
2024-03-11T21:44:50.7456361Z  234/379 templates processed
2024-03-11T21:44:50.7475706Z  235/379 templates processed
2024-03-11T21:44:50.7482477Z  236/379 templates processed
2024-03-11T21:44:50.7492051Z  237/379 templates processed
2024-03-11T21:44:50.7494254Z  238/379 templates processed
2024-03-11T21:44:50.7497366Z  239/379 templates processed
2024-03-11T21:44:50.7502240Z  240/379 templates processed
2024-03-11T21:44:50.7504640Z  241/379 templates processed
2024-03-11T21:44:50.7509918Z  242/379 templates processed
2024-03-11T21:44:50.7514619Z  243/379 templates processed
2024-03-11T21:44:50.7523428Z  244/379 templates processed
2024-03-11T21:44:50.7527669Z  245/379 templates processed
2024-03-11T21:44:50.7538820Z  246/379 templates processed
2024-03-11T21:44:50.7541957Z  247/379 templates processed
2024-03-11T21:44:50.7551015Z  248/379 templates processed
2024-03-11T21:44:50.7565103Z  249/379 templates processed
2024-03-11T21:44:50.7568315Z  250/379 templates processed
2024-03-11T21:44:50.7573875Z  251/379 templates processed
2024-03-11T21:44:50.7579165Z  252/379 templates processed
2024-03-11T21:44:50.7583389Z  253/379 templates processed
2024-03-11T21:44:50.7586801Z  254/379 templates processed
2024-03-11T21:44:50.7594869Z  255/379 templates processed
2024-03-11T21:44:50.7598089Z  256/379 templates processed
2024-03-11T21:44:50.7607993Z  257/379 templates processed
2024-03-11T21:44:50.7611636Z  258/379 templates processed
2024-03-11T21:44:50.7622107Z  259/379 templates processed
2024-03-11T21:44:50.7624875Z  260/379 templates processed
2024-03-11T21:44:50.7633468Z  261/379 templates processed
2024-03-11T21:44:50.7657289Z  262/379 templates processed
2024-03-11T21:44:50.7660826Z  263/379 templates processed
2024-03-11T21:44:50.7665977Z  264/379 templates processed
2024-03-11T21:44:50.7670350Z  265/379 templates processed
2024-03-11T21:44:50.7673993Z  266/379 templates processed
2024-03-11T21:44:50.7676758Z  267/379 templates processed
2024-03-11T21:44:50.7682959Z  268/379 templates processed
2024-03-11T21:44:50.7685584Z  269/379 templates processed
2024-03-11T21:44:50.7696775Z  270/379 templates processed
2024-03-11T21:44:50.7699287Z  271/379 templates processed
2024-03-11T21:44:50.7702267Z  272/379 templates processed
2024-03-11T21:44:50.7704137Z  273/379 templates processed
2024-03-11T21:44:50.7708206Z  274/379 templates processed
2024-03-11T21:44:50.7714114Z  275/379 templates processed
2024-03-11T21:44:50.7719182Z  276/379 templates processed
2024-03-11T21:44:50.7720928Z  277/379 templates processed
2024-03-11T21:44:50.7725516Z  278/379 templates processed
2024-03-11T21:44:50.7735158Z  279/379 templates processed
2024-03-11T21:44:50.7742942Z  280/379 templates processed
2024-03-11T21:44:50.7778180Z  281/379 templates processed
2024-03-11T21:44:50.7783703Z  282/379 templates processed
2024-03-11T21:44:50.7789357Z  283/379 templates processed
2024-03-11T21:44:50.7796586Z  284/379 templates processed
2024-03-11T21:44:50.7806169Z  285/379 templates processed
2024-03-11T21:44:50.7809712Z  286/379 templates processed
2024-03-11T21:44:50.7813969Z  287/379 templates processed
2024-03-11T21:44:50.7816753Z  288/379 templates processed
2024-03-11T21:44:50.7822000Z  289/379 templates processed
2024-03-11T21:44:50.7828797Z  290/379 templates processed
2024-03-11T21:44:50.7832915Z  291/379 templates processed
2024-03-11T21:44:50.7835197Z  292/379 templates processed
2024-03-11T21:44:50.7843273Z  293/379 templates processed
2024-03-11T21:44:50.7848147Z  294/379 templates processed
2024-03-11T21:44:50.7851660Z  295/379 templates processed
2024-03-11T21:44:50.7854540Z  296/379 templates processed
2024-03-11T21:44:50.7859210Z  297/379 templates processed
2024-03-11T21:44:50.7874987Z  298/379 templates processed
2024-03-11T21:44:50.7915010Z  299/379 templates processed
2024-03-11T21:44:50.7917023Z  300/379 templates processed
2024-03-11T21:44:50.7995725Z  301/379 templates processed
2024-03-11T21:44:50.8313419Z  302/379 templates processed
2024-03-11T21:44:50.8321563Z  303/379 templates processed
2024-03-11T21:44:50.8332163Z  304/379 templates processed
2024-03-11T21:44:50.8334259Z  305/379 templates processed
2024-03-11T21:44:50.8338507Z  306/379 templates processed
2024-03-11T21:44:50.8347577Z  307/379 templates processed
2024-03-11T21:44:50.8357978Z  308/379 templates processed
2024-03-11T21:44:50.8365058Z  309/379 templates processed
2024-03-11T21:44:50.8372560Z  310/379 templates processed
2024-03-11T21:44:50.8377884Z  311/379 templates processed
2024-03-11T21:44:50.8381963Z  312/379 templates processed
2024-03-11T21:44:50.8388394Z  313/379 templates processed
2024-03-11T21:44:50.8393170Z  314/379 templates processed
2024-03-11T21:44:50.8398315Z  315/379 templates processed
2024-03-11T21:44:50.8405675Z  316/379 templates processed
2024-03-11T21:44:50.8407498Z  317/379 templates processed
2024-03-11T21:44:50.8414412Z  318/379 templates processed
2024-03-11T21:44:50.8424441Z  319/379 templates processed
2024-03-11T21:44:50.8438395Z  320/379 templates processed
2024-03-11T21:44:50.8442249Z  321/379 templates processed
2024-03-11T21:44:50.8445184Z  322/379 templates processed
2024-03-11T21:44:50.8452210Z  323/379 templates processed
2024-03-11T21:44:50.8454612Z  324/379 templates processed
2024-03-11T21:44:50.8459725Z  325/379 templates processed
2024-03-11T21:44:50.8464410Z  326/379 templates processed
2024-03-11T21:44:50.8466940Z  327/379 templates processed
2024-03-11T21:44:50.8468295Z  328/379 templates processed
2024-03-11T21:44:50.8468831Z  329/379 templates processed
2024-03-11T21:44:50.8472484Z  330/379 templates processed
2024-03-11T21:44:50.8476856Z  331/379 templates processed
2024-03-11T21:44:50.8485063Z  332/379 templates processed
2024-03-11T21:44:50.8485996Z  333/379 templates processed
2024-03-11T21:44:50.8492878Z  334/379 templates processed
2024-03-11T21:44:50.8496939Z  335/379 templates processed
2024-03-11T21:44:50.8500897Z  336/379 templates processed
2024-03-11T21:44:50.8503515Z  337/379 templates processed
2024-03-11T21:44:50.8510745Z  338/379 templates processed
2024-03-11T21:44:50.8525999Z  339/379 templates processed
2024-03-11T21:44:50.8534908Z  340/379 templates processed
2024-03-11T21:44:50.8538661Z  341/379 templates processed
2024-03-11T21:44:50.8553194Z  342/379 templates processed
2024-03-11T21:44:50.8558005Z  343/379 templates processed
2024-03-11T21:44:50.8566239Z  344/379 templates processed
2024-03-11T21:44:50.8585288Z  345/379 templates processed
2024-03-11T21:44:50.8595145Z  346/379 templates processed
2024-03-11T21:44:50.8597770Z  347/379 templates processed
2024-03-11T21:44:50.8601843Z  348/379 templates processed
2024-03-11T21:44:50.8614694Z  349/379 templates processed
2024-03-11T21:44:50.8619255Z  350/379 templates processed
2024-03-11T21:44:50.8624786Z  351/379 templates processed
2024-03-11T21:44:50.8630044Z  352/379 templates processed
2024-03-11T21:44:50.8635164Z  353/379 templates processed
2024-03-11T21:44:50.8640779Z  354/379 templates processed
2024-03-11T21:44:50.8642848Z  355/379 templates processed
2024-03-11T21:44:50.8645409Z  356/379 templates processed
2024-03-11T21:44:50.8652289Z  357/379 templates processed
2024-03-11T21:44:50.8653819Z  358/379 templates processed
2024-03-11T21:44:50.8657189Z  359/379 templates processed
2024-03-11T21:44:50.8659132Z  360/379 templates processed
2024-03-11T21:44:50.8667825Z  361/379 templates processed
2024-03-11T21:44:50.8673467Z  362/379 templates processed
2024-03-11T21:44:50.8677678Z  363/379 templates processed
2024-03-11T21:44:50.8690157Z  364/379 templates processed
2024-03-11T21:44:50.8691758Z  365/379 templates processed
2024-03-11T21:44:50.8696677Z  366/379 templates processed
2024-03-11T21:44:50.8700609Z  367/379 templates processed
2024-03-11T21:44:50.8706765Z  368/379 templates processed
2024-03-11T21:44:50.8710655Z  369/379 templates processed
2024-03-11T21:44:50.8719010Z  370/379 templates processed
2024-03-11T21:44:50.8722202Z  371/379 templates processed
2024-03-11T21:44:50.8726206Z  372/379 templates processed
2024-03-11T21:44:50.8728431Z  373/379 templates processed
2024-03-11T21:44:50.8732494Z  374/379 templates processed
2024-03-11T21:44:50.8739671Z  375/379 templates processed
2024-03-11T21:44:50.8743424Z  376/379 templates processed
2024-03-11T21:44:50.8745175Z  377/379 templates processed
2024-03-11T21:44:50.8752620Z  378/379 templates processed
2024-03-11T21:44:50.8753051Z Processing data flow in templates...    
2024-03-11T21:44:50.8763855Z  0/372 templates processed
2024-03-11T21:44:50.8766294Z  1/372 templates processed
2024-03-11T21:44:50.8767617Z  2/372 templates processed
2024-03-11T21:44:50.8768517Z  3/372 templates processed
2024-03-11T21:44:50.8770252Z  4/372 templates processed
2024-03-11T21:44:50.8774162Z  5/372 templates processed
2024-03-11T21:44:50.8775018Z  6/372 templates processed
2024-03-11T21:44:50.8789202Z  7/372 templates processed
2024-03-11T21:44:50.8790613Z  8/372 templates processed
2024-03-11T21:44:50.8796725Z  9/372 templates processed
2024-03-11T21:44:50.8812539Z  10/372 templates processed
2024-03-11T21:44:50.8850755Z  11/372 templates processed
2024-03-11T21:44:50.8856606Z  12/372 templates processed
2024-03-11T21:44:50.8863112Z  13/372 templates processed
2024-03-11T21:44:50.8866302Z  14/372 templates processed
2024-03-11T21:44:50.8882639Z  15/372 templates processed
2024-03-11T21:44:50.8888737Z  16/372 templates processed
2024-03-11T21:44:50.8893667Z  17/372 templates processed
2024-03-11T21:44:50.8898451Z  18/372 templates processed
2024-03-11T21:44:50.8903174Z  19/372 templates processed
2024-03-11T21:44:50.8914894Z  20/372 templates processed
2024-03-11T21:44:50.8940507Z  21/372 templates processed
2024-03-11T21:44:50.8943486Z  22/372 templates processed
2024-03-11T21:44:50.8947141Z  23/372 templates processed
2024-03-11T21:44:50.8962912Z  24/372 templates processed
2024-03-11T21:44:50.8964926Z  25/372 templates processed
2024-03-11T21:44:50.8968585Z  26/372 templates processed
2024-03-11T21:44:50.8981512Z  27/372 templates processed
2024-03-11T21:44:50.8989819Z  28/372 templates processed
2024-03-11T21:44:50.8994209Z  29/372 templates processed
2024-03-11T21:44:50.8998841Z  30/372 templates processed
2024-03-11T21:44:50.9004811Z  31/372 templates processed
2024-03-11T21:44:50.9010174Z  32/372 templates processed
2024-03-11T21:44:50.9025215Z  33/372 templates processed
2024-03-11T21:44:50.9029289Z  34/372 templates processed
2024-03-11T21:44:50.9032816Z  35/372 templates processed
2024-03-11T21:44:50.9044750Z  36/372 templates processed
2024-03-11T21:44:50.9049485Z  37/372 templates processed
2024-03-11T21:44:50.9054064Z  38/372 templates processed
2024-03-11T21:44:50.9085993Z  39/372 templates processed
2024-03-11T21:44:50.9097744Z  40/372 templates processed
2024-03-11T21:44:50.9116920Z  41/372 templates processed
2024-03-11T21:44:50.9198018Z  42/372 templates processed
2024-03-11T21:44:50.9204789Z  43/372 templates processed
2024-03-11T21:44:50.9208794Z  44/372 templates processed
2024-03-11T21:44:50.9212194Z  45/372 templates processed
2024-03-11T21:44:50.9214886Z  46/372 templates processed
2024-03-11T21:44:50.9222759Z  47/372 templates processed
2024-03-11T21:44:50.9228362Z  48/372 templates processed
2024-03-11T21:44:50.9231961Z  49/372 templates processed
2024-03-11T21:44:50.9235018Z  50/372 templates processed
2024-03-11T21:44:50.9240765Z  51/372 templates processed
2024-03-11T21:44:50.9244503Z  52/372 templates processed
2024-03-11T21:44:50.9262456Z  53/372 templates processed
2024-03-11T21:44:50.9271264Z  54/372 templates processed
2024-03-11T21:44:50.9276133Z  55/372 templates processed
2024-03-11T21:44:50.9282114Z  56/372 templates processed
2024-03-11T21:44:50.9296138Z  57/372 templates processed
2024-03-11T21:44:50.9303648Z  58/372 templates processed
2024-03-11T21:44:50.9307752Z  59/372 templates processed
2024-03-11T21:44:50.9322238Z  60/372 templates processed
2024-03-11T21:44:50.9324139Z  61/372 templates processed
2024-03-11T21:44:50.9327805Z  62/372 templates processed
2024-03-11T21:44:50.9334296Z  63/372 templates processed
2024-03-11T21:44:50.9338852Z  64/372 templates processed
2024-03-11T21:44:50.9339739Z  65/372 templates processed
2024-03-11T21:44:50.9353236Z  66/372 templates processed
2024-03-11T21:44:50.9369687Z  67/372 templates processed
2024-03-11T21:44:50.9373363Z  68/372 templates processed
2024-03-11T21:44:50.9377266Z  69/372 templates processed
2024-03-11T21:44:50.9379269Z  70/372 templates processed
2024-03-11T21:44:50.9383498Z  71/372 templates processed
2024-03-11T21:44:50.9389211Z  72/372 templates processed
2024-03-11T21:44:50.9403389Z  73/372 templates processed
2024-03-11T21:44:50.9407634Z  74/372 templates processed
2024-03-11T21:44:50.9411313Z  75/372 templates processed
2024-03-11T21:44:50.9414093Z  76/372 templates processed
2024-03-11T21:44:50.9416841Z  77/372 templates processed
2024-03-11T21:44:50.9420549Z  78/372 templates processed
2024-03-11T21:44:50.9452414Z  79/372 templates processed
2024-03-11T21:44:50.9466769Z  80/372 templates processed
2024-03-11T21:44:50.9470299Z  81/372 templates processed
2024-03-11T21:44:50.9472541Z  82/372 templates processed
2024-03-11T21:44:50.9475865Z  83/372 templates processed
2024-03-11T21:44:50.9478426Z  84/372 templates processed
2024-03-11T21:44:50.9590203Z  85/372 templates processed
2024-03-11T21:44:50.9596554Z  86/372 templates processed
2024-03-11T21:44:50.9610048Z  87/372 templates processed
2024-03-11T21:44:50.9614105Z  88/372 templates processed
2024-03-11T21:44:50.9616739Z  89/372 templates processed
2024-03-11T21:44:50.9619732Z  90/372 templates processed
2024-03-11T21:44:50.9621295Z  91/372 templates processed
2024-03-11T21:44:50.9633640Z  92/372 templates processed
2024-03-11T21:44:50.9636681Z  93/372 templates processed
2024-03-11T21:44:50.9649518Z  94/372 templates processed
2024-03-11T21:44:50.9654112Z  95/372 templates processed
2024-03-11T21:44:50.9682728Z  96/372 templates processed
2024-03-11T21:44:50.9730972Z  97/372 templates processed
2024-03-11T21:44:50.9735917Z  98/372 templates processed
2024-03-11T21:44:50.9756100Z  99/372 templates processed
2024-03-11T21:44:50.9757359Z  100/372 templates processed
2024-03-11T21:44:50.9760640Z  101/372 templates processed
2024-03-11T21:44:50.9781068Z  102/372 templates processed
2024-03-11T21:44:50.9785958Z  103/372 templates processed
2024-03-11T21:44:50.9789112Z  104/372 templates processed
2024-03-11T21:44:50.9794936Z  105/372 templates processed
2024-03-11T21:44:50.9807242Z  106/372 templates processed
2024-03-11T21:44:50.9840758Z  107/372 templates processed
2024-03-11T21:44:50.9845041Z  108/372 templates processed
2024-03-11T21:44:50.9849969Z  109/372 templates processed
2024-03-11T21:44:50.9862158Z  110/372 templates processed
2024-03-11T21:44:50.9864248Z  111/372 templates processed
2024-03-11T21:44:50.9868729Z  112/372 templates processed
2024-03-11T21:44:50.9870054Z  113/372 templates processed
2024-03-11T21:44:50.9898197Z  114/372 templates processed
2024-03-11T21:44:50.9922493Z  115/372 templates processed
2024-03-11T21:44:50.9928734Z  116/372 templates processed
2024-03-11T21:44:50.9930102Z  117/372 templates processed
2024-03-11T21:44:50.9955308Z  118/372 templates processed
2024-03-11T21:44:50.9956212Z  119/372 templates processed
2024-03-11T21:44:50.9957027Z  120/372 templates processed
2024-03-11T21:44:50.9957884Z  121/372 templates processed
2024-03-11T21:44:50.9958925Z  122/372 templates processed
2024-03-11T21:44:50.9959707Z  123/372 templates processed
2024-03-11T21:44:50.9960676Z  124/372 templates processed
2024-03-11T21:44:50.9996874Z  125/372 templates processed
2024-03-11T21:44:51.0004990Z  126/372 templates processed
2024-03-11T21:44:51.0049883Z  127/372 templates processed
2024-03-11T21:44:51.0052141Z  128/372 templates processed
2024-03-11T21:44:51.0059728Z  129/372 templates processed
2024-03-11T21:44:51.0071794Z  130/372 templates processed
2024-03-11T21:44:51.0079929Z  131/372 templates processed
2024-03-11T21:44:51.0086628Z  132/372 templates processed
2024-03-11T21:44:51.0090316Z  133/372 templates processed
2024-03-11T21:44:51.0101941Z  134/372 templates processed
2024-03-11T21:44:51.0105172Z  135/372 templates processed
2024-03-11T21:44:51.0111095Z  136/372 templates processed
2024-03-11T21:44:51.0128741Z  137/372 templates processed
2024-03-11T21:44:51.0134177Z  138/372 templates processed
2024-03-11T21:44:51.0152162Z  139/372 templates processed
2024-03-11T21:44:51.0158199Z  140/372 templates processed
2024-03-11T21:44:51.0164760Z  141/372 templates processed
2024-03-11T21:44:51.0170429Z  142/372 templates processed
2024-03-11T21:44:51.0187336Z  143/372 templates processed
2024-03-11T21:44:51.0206053Z  144/372 templates processed
2024-03-11T21:44:51.0227679Z  145/372 templates processed
2024-03-11T21:44:51.0228933Z  146/372 templates processed
2024-03-11T21:44:51.0260818Z  147/372 templates processed
2024-03-11T21:44:51.0299087Z  148/372 templates processed
2024-03-11T21:44:51.0302497Z  149/372 templates processed
2024-03-11T21:44:51.0314471Z  150/372 templates processed
2024-03-11T21:44:51.0316343Z  151/372 templates processed
2024-03-11T21:44:51.0317907Z  152/372 templates processed
2024-03-11T21:44:51.0319990Z  153/372 templates processed
2024-03-11T21:44:51.0322257Z  154/372 templates processed
2024-03-11T21:44:51.0325578Z  155/372 templates processed
2024-03-11T21:44:51.0329514Z  156/372 templates processed
2024-03-11T21:44:51.0332713Z  157/372 templates processed
2024-03-11T21:44:51.0339712Z  158/372 templates processed
2024-03-11T21:44:51.0349231Z  159/372 templates processed
2024-03-11T21:44:51.0362530Z  160/372 templates processed
2024-03-11T21:44:51.0367829Z  161/372 templates processed
2024-03-11T21:44:51.0383590Z  162/372 templates processed
2024-03-11T21:44:51.0387400Z  163/372 templates processed
2024-03-11T21:44:51.0390418Z  164/372 templates processed
2024-03-11T21:44:51.0408801Z  165/372 templates processed
2024-03-11T21:44:51.0427527Z  166/372 templates processed
2024-03-11T21:44:51.0487015Z  167/372 templates processed
2024-03-11T21:44:51.0487881Z  168/372 templates processed
2024-03-11T21:44:51.0671816Z  169/372 templates processed
2024-03-11T21:44:51.0681994Z  170/372 templates processed
2024-03-11T21:44:51.0690740Z  171/372 templates processed
2024-03-11T21:44:51.0692785Z  172/372 templates processed
2024-03-11T21:44:51.0693610Z  173/372 templates processed
2024-03-11T21:44:51.0695206Z  174/372 templates processed
2024-03-11T21:44:51.0703899Z  175/372 templates processed
2024-03-11T21:44:51.0704684Z  176/372 templates processed
2024-03-11T21:44:51.0708622Z  177/372 templates processed
2024-03-11T21:44:51.0740917Z  178/372 templates processed
2024-03-11T21:44:51.0747447Z  179/372 templates processed
2024-03-11T21:44:51.0754049Z  180/372 templates processed
2024-03-11T21:44:51.0759033Z  181/372 templates processed
2024-03-11T21:44:51.0762854Z  182/372 templates processed
2024-03-11T21:44:51.0765020Z  183/372 templates processed
2024-03-11T21:44:51.0776706Z  184/372 templates processed
2024-03-11T21:44:51.0778933Z  185/372 templates processed
2024-03-11T21:44:51.0782618Z  186/372 templates processed
2024-03-11T21:44:51.0792677Z  187/372 templates processed
2024-03-11T21:44:51.0796512Z  188/372 templates processed
2024-03-11T21:44:51.0802777Z  189/372 templates processed
2024-03-11T21:44:51.0807511Z  190/372 templates processed
2024-03-11T21:44:51.0809543Z  191/372 templates processed
2024-03-11T21:44:51.0825630Z  192/372 templates processed
2024-03-11T21:44:51.0827851Z  193/372 templates processed
2024-03-11T21:44:51.0856427Z  194/372 templates processed
2024-03-11T21:44:51.0859684Z  195/372 templates processed
2024-03-11T21:44:51.0864896Z  196/372 templates processed
2024-03-11T21:44:51.0878926Z  197/372 templates processed
2024-03-11T21:44:51.0882609Z  198/372 templates processed
2024-03-11T21:44:51.0884246Z  199/372 templates processed
2024-03-11T21:44:51.0886945Z  200/372 templates processed
2024-03-11T21:44:51.0909774Z  201/372 templates processed
2024-03-11T21:44:51.0915747Z  202/372 templates processed
2024-03-11T21:44:51.0938688Z  203/372 templates processed
2024-03-11T21:44:51.1024210Z  204/372 templates processed
2024-03-11T21:44:51.1031371Z  205/372 templates processed
2024-03-11T21:44:51.1041974Z  206/372 templates processed
2024-03-11T21:44:51.1044677Z  207/372 templates processed
2024-03-11T21:44:51.1050994Z  208/372 templates processed
2024-03-11T21:44:51.1067565Z  209/372 templates processed
2024-03-11T21:44:51.1071270Z  210/372 templates processed
2024-03-11T21:44:51.1076564Z  211/372 templates processed
2024-03-11T21:44:51.1089316Z  212/372 templates processed
2024-03-11T21:44:51.1094283Z  213/372 templates processed
2024-03-11T21:44:51.1123032Z  214/372 templates processed
2024-03-11T21:44:51.1135931Z  215/372 templates processed
2024-03-11T21:44:51.1140339Z  216/372 templates processed
2024-03-11T21:44:51.1151765Z  217/372 templates processed
2024-03-11T21:44:51.1155698Z  218/372 templates processed
2024-03-11T21:44:51.1158257Z  219/372 templates processed
2024-03-11T21:44:51.1162278Z  220/372 templates processed
2024-03-11T21:44:51.1204404Z  221/372 templates processed
2024-03-11T21:44:51.1208086Z  222/372 templates processed
2024-03-11T21:44:51.1210802Z  223/372 templates processed
2024-03-11T21:44:51.1239393Z  224/372 templates processed
2024-03-11T21:44:51.1257065Z  225/372 templates processed
2024-03-11T21:44:51.1262010Z  226/372 templates processed
2024-03-11T21:44:51.1587207Z  227/372 templates processed
2024-03-11T21:44:51.1663052Z  228/372 templates processed
2024-03-11T21:44:51.1697692Z  229/372 templates processed
2024-03-11T21:44:51.1720334Z  230/372 templates processed
2024-03-11T21:44:51.1726186Z  231/372 templates processed
2024-03-11T21:44:51.1741645Z  232/372 templates processed
2024-03-11T21:44:51.1743766Z  233/372 templates processed
2024-03-11T21:44:51.1752892Z  234/372 templates processed
2024-03-11T21:44:51.1781685Z  235/372 templates processed
2024-03-11T21:44:51.1786126Z  236/372 templates processed
2024-03-11T21:44:51.1807278Z  237/372 templates processed
2024-03-11T21:44:51.1810698Z  238/372 templates processed
2024-03-11T21:44:51.1853221Z  239/372 templates processed
2024-03-11T21:44:51.1856283Z  240/372 templates processed
2024-03-11T21:44:51.1865851Z  241/372 templates processed
2024-03-11T21:44:51.1882891Z  242/372 templates processed
2024-03-11T21:44:51.1893798Z  243/372 templates processed
2024-03-11T21:44:51.1898018Z  244/372 templates processed
2024-03-11T21:44:51.1903332Z  245/372 templates processed
2024-03-11T21:44:51.1907413Z  246/372 templates processed
2024-03-11T21:44:51.1912040Z  247/372 templates processed
2024-03-11T21:44:51.1917699Z  248/372 templates processed
2024-03-11T21:44:51.1920645Z  249/372 templates processed
2024-03-11T21:44:51.1934325Z  250/372 templates processed
2024-03-11T21:44:51.1937804Z  251/372 templates processed
2024-03-11T21:44:51.1974865Z  252/372 templates processed
2024-03-11T21:44:51.1976477Z  253/372 templates processed
2024-03-11T21:44:51.1983569Z  254/372 templates processed
2024-03-11T21:44:51.1991277Z  255/372 templates processed
2024-03-11T21:44:51.2000588Z  256/372 templates processed
2024-03-11T21:44:51.2003991Z  257/372 templates processed
2024-03-11T21:44:51.2006640Z  258/372 templates processed
2024-03-11T21:44:51.2009083Z  259/372 templates processed
2024-03-11T21:44:51.2011085Z  260/372 templates processed
2024-03-11T21:44:51.2014546Z  261/372 templates processed
2024-03-11T21:44:51.2016390Z  262/372 templates processed
2024-03-11T21:44:51.2025294Z  263/372 templates processed
2024-03-11T21:44:51.2026881Z  264/372 templates processed
2024-03-11T21:44:51.2028977Z  265/372 templates processed
2024-03-11T21:44:51.2030230Z  266/372 templates processed
2024-03-11T21:44:51.2032995Z  267/372 templates processed
2024-03-11T21:44:51.2037479Z  268/372 templates processed
2024-03-11T21:44:51.2041570Z  269/372 templates processed
2024-03-11T21:44:51.2042831Z  270/372 templates processed
2024-03-11T21:44:51.2053664Z  271/372 templates processed
2024-03-11T21:44:51.2072671Z  272/372 templates processed
2024-03-11T21:44:51.2081630Z  273/372 templates processed
2024-03-11T21:44:51.2240702Z  274/372 templates processed
2024-03-11T21:44:51.2249923Z  275/372 templates processed
2024-03-11T21:44:51.2253583Z  276/372 templates processed
2024-03-11T21:44:51.2263131Z  277/372 templates processed
2024-03-11T21:44:51.2272245Z  278/372 templates processed
2024-03-11T21:44:51.2291374Z  279/372 templates processed
2024-03-11T21:44:51.2294356Z  280/372 templates processed
2024-03-11T21:44:51.2296764Z  281/372 templates processed
2024-03-11T21:44:51.2301931Z  282/372 templates processed
2024-03-11T21:44:51.2315121Z  283/372 templates processed
2024-03-11T21:44:51.2319321Z  284/372 templates processed
2024-03-11T21:44:51.2325556Z  285/372 templates processed
2024-03-11T21:44:51.2330877Z  286/372 templates processed
2024-03-11T21:44:51.2335835Z  287/372 templates processed
2024-03-11T21:44:51.2348734Z  288/372 templates processed
2024-03-11T21:44:51.2350940Z  289/372 templates processed
2024-03-11T21:44:51.2354907Z  290/372 templates processed
2024-03-11T21:44:51.2365761Z  291/372 templates processed
2024-03-11T21:44:51.2368871Z  292/372 templates processed
2024-03-11T21:44:51.2376285Z  293/372 templates processed
2024-03-11T21:44:51.2385366Z  294/372 templates processed
2024-03-11T21:44:51.2422450Z  295/372 templates processed
2024-03-11T21:44:51.2429682Z  296/372 templates processed
2024-03-11T21:44:51.2438557Z  297/372 templates processed
2024-03-11T21:44:51.2440161Z  298/372 templates processed
2024-03-11T21:44:51.2443716Z  299/372 templates processed
2024-03-11T21:44:51.2467264Z  300/372 templates processed
2024-03-11T21:44:51.2485653Z  301/372 templates processed
2024-03-11T21:44:51.2490361Z  302/372 templates processed
2024-03-11T21:44:51.2501176Z  303/372 templates processed
2024-03-11T21:44:51.2503335Z  304/372 templates processed
2024-03-11T21:44:51.2506929Z  305/372 templates processed
2024-03-11T21:44:51.2512526Z  306/372 templates processed
2024-03-11T21:44:51.2516916Z  307/372 templates processed
2024-03-11T21:44:51.2518866Z  308/372 templates processed
2024-03-11T21:44:51.2531553Z  309/372 templates processed
2024-03-11T21:44:51.2533867Z  310/372 templates processed
2024-03-11T21:44:51.2537990Z  311/372 templates processed
2024-03-11T21:44:51.2569058Z  312/372 templates processed
2024-03-11T21:44:51.2579005Z  313/372 templates processed
2024-03-11T21:44:51.2582534Z  314/372 templates processed
2024-03-11T21:44:51.2585895Z  315/372 templates processed
2024-03-11T21:44:51.2589996Z  316/372 templates processed
2024-03-11T21:44:51.2593258Z  317/372 templates processed
2024-03-11T21:44:51.2600546Z  318/372 templates processed
2024-03-11T21:44:51.2602572Z  319/372 templates processed
2024-03-11T21:44:51.2604554Z  320/372 templates processed
2024-03-11T21:44:51.2605718Z  321/372 templates processed
2024-03-11T21:44:51.2606484Z  322/372 templates processed
2024-03-11T21:44:51.2611655Z  323/372 templates processed
2024-03-11T21:44:51.2615719Z  324/372 templates processed
2024-03-11T21:44:51.2624301Z  325/372 templates processed
2024-03-11T21:44:51.2625072Z  326/372 templates processed
2024-03-11T21:44:51.2642903Z  327/372 templates processed
2024-03-11T21:44:51.2647104Z  328/372 templates processed
2024-03-11T21:44:51.2649066Z  329/372 templates processed
2024-03-11T21:44:51.2653970Z  330/372 templates processed
2024-03-11T21:44:51.2662040Z  331/372 templates processed
2024-03-11T21:44:51.2681453Z  332/372 templates processed
2024-03-11T21:44:51.2705321Z  333/372 templates processed
2024-03-11T21:44:51.2710288Z  334/372 templates processed
2024-03-11T21:44:51.2739742Z  335/372 templates processed
2024-03-11T21:44:51.2743442Z  336/372 templates processed
2024-03-11T21:44:51.2760400Z  337/372 templates processed
2024-03-11T21:44:51.2768839Z  338/372 templates processed
2024-03-11T21:44:51.2775359Z  339/372 templates processed
2024-03-11T21:44:51.2777563Z  340/372 templates processed
2024-03-11T21:44:51.2780782Z  341/372 templates processed
2024-03-11T21:44:51.2793491Z  342/372 templates processed
2024-03-11T21:44:51.2798316Z  343/372 templates processed
2024-03-11T21:44:51.2813918Z  344/372 templates processed
2024-03-11T21:44:51.2818268Z  345/372 templates processed
2024-03-11T21:44:51.2822952Z  346/372 templates processed
2024-03-11T21:44:51.2826705Z  347/372 templates processed
2024-03-11T21:44:51.2829956Z  348/372 templates processed
2024-03-11T21:44:51.2832119Z  349/372 templates processed
2024-03-11T21:44:51.2840524Z  350/372 templates processed
2024-03-11T21:44:51.2841620Z  351/372 templates processed
2024-03-11T21:44:51.2843884Z  352/372 templates processed
2024-03-11T21:44:51.2845418Z  353/372 templates processed
2024-03-11T21:44:51.2853753Z  354/372 templates processed
2024-03-11T21:44:51.2861033Z  355/372 templates processed
2024-03-11T21:44:51.2865282Z  356/372 templates processed
2024-03-11T21:44:51.2876922Z  357/372 templates processed
2024-03-11T21:44:51.2880031Z  358/372 templates processed
2024-03-11T21:44:51.2885304Z  359/372 templates processed
2024-03-11T21:44:51.2888864Z  360/372 templates processed
2024-03-11T21:44:51.2894038Z  361/372 templates processed
2024-03-11T21:44:51.2898045Z  362/372 templates processed
2024-03-11T21:44:51.2907475Z  363/372 templates processed
2024-03-11T21:44:51.2927796Z  364/372 templates processed
2024-03-11T21:44:51.2930663Z  365/372 templates processed
2024-03-11T21:44:51.2933319Z  366/372 templates processed
2024-03-11T21:44:51.2936808Z  367/372 templates processed
2024-03-11T21:44:51.2951900Z  368/372 templates processed
2024-03-11T21:44:51.2956316Z  369/372 templates processed
2024-03-11T21:44:51.2962537Z  370/372 templates processed
2024-03-11T21:44:51.2969845Z  371/372 templates processed
2024-03-11T21:44:51.2970593Z Processing models...                    
2024-03-11T21:44:51.2996814Z  0/59 files processed
2024-03-11T21:44:51.3017947Z  1/59 files processed
2024-03-11T21:44:51.3021959Z  2/59 files processed
2024-03-11T21:44:51.3023260Z  3/59 files processed
2024-03-11T21:44:51.3047361Z  4/59 files processed
2024-03-11T21:44:51.3064682Z  5/59 files processed
2024-03-11T21:44:51.3069802Z  6/59 files processed
2024-03-11T21:44:51.3076030Z  7/59 files processed
2024-03-11T21:44:51.3079362Z  8/59 files processed
2024-03-11T21:44:51.3087066Z  9/59 files processed
2024-03-11T21:44:51.3090747Z  10/59 files processed
2024-03-11T21:44:51.3093792Z  11/59 files processed
2024-03-11T21:44:51.3115413Z  12/59 files processed
2024-03-11T21:44:51.3118976Z  13/59 files processed
2024-03-11T21:44:51.3167097Z  14/59 files processed
2024-03-11T21:44:51.3175713Z  15/59 files processed
2024-03-11T21:44:51.3180945Z  16/59 files processed
2024-03-11T21:44:51.3183468Z  17/59 files processed
2024-03-11T21:44:51.3228436Z  18/59 files processed
2024-03-11T21:44:51.3270670Z  19/59 files processed
2024-03-11T21:44:51.3277889Z  20/59 files processed
2024-03-11T21:44:51.3290744Z  21/59 files processed
2024-03-11T21:44:51.3317802Z  22/59 files processed
2024-03-11T21:44:51.3318573Z  23/59 files processed
2024-03-11T21:44:51.3329237Z  24/59 files processed
2024-03-11T21:44:51.3379020Z  25/59 files processed
2024-03-11T21:44:51.3381818Z  26/59 files processed
2024-03-11T21:44:51.3395148Z  27/59 files processed
2024-03-11T21:44:51.3395982Z  28/59 files processed
2024-03-11T21:44:51.3400541Z  29/59 files processed
2024-03-11T21:44:51.3408398Z  30/59 files processed
2024-03-11T21:44:51.3411014Z  31/59 files processed
2024-03-11T21:44:51.3498002Z  32/59 files processed
2024-03-11T21:44:51.3506569Z  33/59 files processed
2024-03-11T21:44:51.3555939Z  34/59 files processed
2024-03-11T21:44:51.3559720Z  35/59 files processed
2024-03-11T21:44:51.3561892Z  36/59 files processed
2024-03-11T21:44:51.3562938Z  37/59 files processed
2024-03-11T21:44:51.3578969Z  38/59 files processed
2024-03-11T21:44:51.3582315Z  39/59 files processed
2024-03-11T21:44:51.3598006Z  40/59 files processed
2024-03-11T21:44:51.3606900Z  41/59 files processed
2024-03-11T21:44:51.3609657Z  42/59 files processed
2024-03-11T21:44:51.3622022Z  43/59 files processed
2024-03-11T21:44:51.3624553Z  44/59 files processed
2024-03-11T21:44:51.3651652Z  45/59 files processed
2024-03-11T21:44:51.3660942Z  46/59 files processed
2024-03-11T21:44:51.3688265Z  47/59 files processed
2024-03-11T21:44:51.3695735Z  48/59 files processed
2024-03-11T21:44:51.3714499Z  49/59 files processed
2024-03-11T21:44:51.3731111Z  50/59 files processed
2024-03-11T21:44:51.3738485Z  51/59 files processed
2024-03-11T21:44:51.3827478Z  52/59 files processed
2024-03-11T21:44:51.3870245Z  53/59 files processed
2024-03-11T21:44:51.3899697Z  54/59 files processed
2024-03-11T21:44:51.3907534Z  55/59 files processed
2024-03-11T21:44:51.3911058Z  56/59 files processed
2024-03-11T21:44:51.3960337Z  57/59 files processed
2024-03-11T21:44:51.3970067Z  58/59 files processed
2024-03-11T21:44:51.3970644Z Processing controllers...               
2024-03-11T21:44:51.3977730Z  0/69 files processed
2024-03-11T21:44:51.3987309Z  1/69 files processed
2024-03-11T21:44:51.3991651Z  2/69 files processed
2024-03-11T21:44:51.3998804Z  3/69 files processed
2024-03-11T21:44:51.4005947Z  4/69 files processed
2024-03-11T21:44:51.4011987Z  5/69 files processed
2024-03-11T21:44:51.4023303Z  6/69 files processed
2024-03-11T21:44:51.4027289Z  7/69 files processed
2024-03-11T21:44:51.4032983Z  8/69 files processed
2024-03-11T21:44:51.4048699Z  9/69 files processed
2024-03-11T21:44:51.4053357Z  10/69 files processed
2024-03-11T21:44:51.4070403Z  11/69 files processed
2024-03-11T21:44:51.4072332Z  12/69 files processed
2024-03-11T21:44:51.4090327Z  13/69 files processed
2024-03-11T21:44:51.4105484Z  14/69 files processed
2024-03-11T21:44:51.4111083Z  15/69 files processed
2024-03-11T21:44:51.4129600Z  16/69 files processed
2024-03-11T21:44:51.4134494Z  17/69 files processed
2024-03-11T21:44:51.4136616Z  18/69 files processed
2024-03-11T21:44:51.4190630Z  19/69 files processed
2024-03-11T21:44:51.4200804Z  20/69 files processed
2024-03-11T21:44:51.4225700Z  21/69 files processed
2024-03-11T21:44:51.4227490Z  22/69 files processed
2024-03-11T21:44:51.4233232Z  23/69 files processed
2024-03-11T21:44:51.4235650Z  24/69 files processed
2024-03-11T21:44:51.4237576Z  25/69 files processed
2024-03-11T21:44:51.4238833Z  26/69 files processed
2024-03-11T21:44:51.4239947Z  27/69 files processed
2024-03-11T21:44:51.4241228Z  28/69 files processed
2024-03-11T21:44:51.4246428Z  29/69 files processed
2024-03-11T21:44:51.4267834Z  30/69 files processed
2024-03-11T21:44:51.4282053Z  31/69 files processed
2024-03-11T21:44:51.4289336Z  32/69 files processed
2024-03-11T21:44:51.4304356Z  33/69 files processed
2024-03-11T21:44:51.4310476Z  34/69 files processed
2024-03-11T21:44:51.4313244Z  35/69 files processed
2024-03-11T21:44:51.4319768Z  36/69 files processed
2024-03-11T21:44:51.4323334Z  37/69 files processed
2024-03-11T21:44:51.4335972Z  38/69 files processed
2024-03-11T21:44:51.4340029Z  39/69 files processed
2024-03-11T21:44:51.4343259Z  40/69 files processed
2024-03-11T21:44:51.4358972Z  41/69 files processed
2024-03-11T21:44:51.4364595Z  42/69 files processed
2024-03-11T21:44:51.4367060Z  43/69 files processed
2024-03-11T21:44:51.4372250Z  44/69 files processed
2024-03-11T21:44:51.4377550Z  45/69 files processed
2024-03-11T21:44:51.4380816Z  46/69 files processed
2024-03-11T21:44:51.4386865Z  47/69 files processed
2024-03-11T21:44:51.4392724Z  48/69 files processed
2024-03-11T21:44:51.4436601Z  49/69 files processed
2024-03-11T21:44:51.4444900Z  50/69 files processed
2024-03-11T21:44:51.4458206Z  51/69 files processed
2024-03-11T21:44:51.4464069Z  52/69 files processed
2024-03-11T21:44:51.4480504Z  53/69 files processed
2024-03-11T21:44:51.4486578Z  54/69 files processed
2024-03-11T21:44:51.4490805Z  55/69 files processed
2024-03-11T21:44:51.4497522Z  56/69 files processed
2024-03-11T21:44:51.4499547Z  57/69 files processed
2024-03-11T21:44:51.4523833Z  58/69 files processed
2024-03-11T21:44:51.4533459Z  59/69 files processed
2024-03-11T21:44:51.4534569Z  60/69 files processed
2024-03-11T21:44:51.4535346Z  61/69 files processed
2024-03-11T21:44:51.4538676Z  62/69 files processed
2024-03-11T21:44:51.4539817Z  63/69 files processed
2024-03-11T21:44:51.4540918Z  64/69 files processed
2024-03-11T21:44:51.4544976Z  65/69 files processed
2024-03-11T21:44:51.4545830Z  66/69 files processed
2024-03-11T21:44:51.4550860Z  67/69 files processed
2024-03-11T21:44:51.4559562Z  68/69 files processed
2024-03-11T21:44:51.4560297Z Processing data flow in controllers...  
2024-03-11T21:44:51.4669780Z  0/68 controllers processed
2024-03-11T21:44:51.5523231Z  1/68 controllers processed
2024-03-11T21:44:51.5890325Z  2/68 controllers processed
2024-03-11T21:44:51.6748417Z  3/68 controllers processed
2024-03-11T21:44:51.7443446Z  4/68 controllers processed
2024-03-11T21:44:51.7963468Z  5/68 controllers processed
2024-03-11T21:44:51.8712221Z  6/68 controllers processed
2024-03-11T21:44:51.9052968Z  7/68 controllers processed
2024-03-11T21:44:51.9690510Z  8/68 controllers processed
2024-03-11T21:44:52.0721776Z  9/68 controllers processed
2024-03-11T21:44:52.0925033Z  10/68 controllers processed
2024-03-11T21:44:52.1431220Z  11/68 controllers processed
2024-03-11T21:44:52.1435423Z  12/68 controllers processed
2024-03-11T21:44:52.2747020Z  13/68 controllers processed
2024-03-11T21:44:52.3327455Z  14/68 controllers processed
2024-03-11T21:44:52.3568116Z  15/68 controllers processed
2024-03-11T21:44:52.3956909Z  16/68 controllers processed
2024-03-11T21:44:52.4184896Z  17/68 controllers processed
2024-03-11T21:44:52.5608930Z  18/68 controllers processed
2024-03-11T21:44:52.6068403Z  19/68 controllers processed
2024-03-11T21:44:52.7851765Z  20/68 controllers processed
2024-03-11T21:44:52.7859898Z  21/68 controllers processed
2024-03-11T21:44:52.7875003Z  22/68 controllers processed
2024-03-11T21:44:52.7897029Z  23/68 controllers processed
2024-03-11T21:44:52.7901010Z  24/68 controllers processed
2024-03-11T21:44:52.8076190Z  25/68 controllers processed
2024-03-11T21:44:52.8249405Z  26/68 controllers processed
2024-03-11T21:44:52.8423089Z  27/68 controllers processed
2024-03-11T21:44:52.8964552Z  28/68 controllers processed
2024-03-11T21:44:53.0320909Z  29/68 controllers processed
2024-03-11T21:44:53.1377859Z  30/68 controllers processed
2024-03-11T21:44:53.1939315Z  31/68 controllers processed
2024-03-11T21:44:53.2440849Z  32/68 controllers processed
2024-03-11T21:44:53.2863080Z  33/68 controllers processed
2024-03-11T21:44:53.2868079Z  34/68 controllers processed
2024-03-11T21:44:53.3120034Z  35/68 controllers processed
2024-03-11T21:44:53.3130241Z  36/68 controllers processed
2024-03-11T21:44:53.3450928Z  37/68 controllers processed
2024-03-11T21:44:53.3596798Z  38/68 controllers processed
2024-03-11T21:44:53.3651384Z  39/68 controllers processed
2024-03-11T21:44:53.3920699Z  40/68 controllers processed
2024-03-11T21:44:53.4131713Z  41/68 controllers processed
2024-03-11T21:44:53.4155364Z  42/68 controllers processed
2024-03-11T21:44:53.4378736Z  43/68 controllers processed
2024-03-11T21:44:53.4677367Z  44/68 controllers processed
2024-03-11T21:44:53.4823988Z  45/68 controllers processed
2024-03-11T21:44:53.5452225Z  46/68 controllers processed
2024-03-11T21:44:53.5958143Z  47/68 controllers processed
2024-03-11T21:44:53.6919438Z  48/68 controllers processed
2024-03-11T21:44:53.7406576Z  49/68 controllers processed
2024-03-11T21:44:53.8085241Z  50/68 controllers processed
2024-03-11T21:44:53.8364912Z  51/68 controllers processed
2024-03-11T21:44:53.9306074Z  52/68 controllers processed
2024-03-11T21:44:53.9493053Z  53/68 controllers processed
2024-03-11T21:44:53.9672893Z  54/68 controllers processed
2024-03-11T21:44:53.9952399Z  55/68 controllers processed
2024-03-11T21:44:53.9972000Z  56/68 controllers processed
2024-03-11T21:44:54.0933816Z  57/68 controllers processed
2024-03-11T21:44:54.1578059Z  58/68 controllers processed
2024-03-11T21:44:54.1578821Z  59/68 controllers processed
2024-03-11T21:44:54.1579284Z  60/68 controllers processed
2024-03-11T21:44:54.1585501Z  61/68 controllers processed
2024-03-11T21:44:54.1597043Z  62/68 controllers processed
2024-03-11T21:44:54.1632865Z  63/68 controllers processed
2024-03-11T21:44:54.1693650Z  64/68 controllers processed
2024-03-11T21:44:54.1694351Z  65/68 controllers processed
2024-03-11T21:44:54.2032881Z  66/68 controllers processed
2024-03-11T21:44:54.2523415Z  67/68 controllers processed
2024-03-11T21:44:54.2524502Z Indexing call sites...                  
2024-03-11T21:44:54.6548559Z Running checks in parallel...
2024-03-11T21:44:54.6586314Z  - CheckBasicAuth
2024-03-11T21:44:54.6587192Z  - CheckBasicAuthTimingAttack
2024-03-11T21:44:54.6589405Z  - CheckCrossSiteScripting
2024-03-11T21:44:54.6600185Z  - CheckContentTag
2024-03-11T21:44:54.7110041Z  - CheckCookieSerialization
2024-03-11T21:44:54.7110755Z  - CheckCreateWith
2024-03-11T21:44:54.7111536Z  - CheckCSRFTokenForgeryCVE
2024-03-11T21:44:54.7122568Z  - CheckDefaultRoutes
2024-03-11T21:44:54.7124317Z  - CheckDeserialize
2024-03-11T21:44:54.7126652Z  - CheckDetailedExceptions
2024-03-11T21:44:54.7128112Z  - CheckDigestDoS
2024-03-11T21:44:54.7137040Z  - CheckDynamicFinders
2024-03-11T21:44:54.7138685Z  - CheckEOLRails
2024-03-11T21:44:54.7139648Z  - CheckEOLRuby
2024-03-11T21:44:54.7142332Z  - CheckEscapeFunction
2024-03-11T21:44:54.7145953Z  - CheckEvaluation
2024-03-11T21:44:54.7147793Z  - CheckExecute
2024-03-11T21:44:54.7149428Z  - CheckFileAccess
2024-03-11T21:44:54.7190168Z  - CheckFileDisclosure
2024-03-11T21:44:54.7195607Z  - CheckFilterSkipping
2024-03-11T21:44:54.7196691Z  - CheckForgerySetting
2024-03-11T21:44:54.7197428Z  - CheckHeaderDoS
2024-03-11T21:44:54.7198493Z  - CheckI18nXSS
2024-03-11T21:44:54.7199093Z  - CheckJRubyXML
2024-03-11T21:44:54.7201205Z  - CheckJSONEncoding
2024-03-11T21:44:54.7203179Z  - CheckJSONEntityEscape
2024-03-11T21:44:54.7203877Z  - CheckJSONParsing
2024-03-11T21:44:54.7204411Z  - CheckLinkTo
2024-03-11T21:44:54.7205062Z  - CheckLinkToHref
2024-03-11T21:44:54.7205677Z  - CheckMailTo
2024-03-11T21:44:54.7206281Z  - CheckMassAssignment
2024-03-11T21:44:54.7207049Z  - CheckMimeTypeDoS
2024-03-11T21:44:54.7207653Z  - CheckModelAttrAccessible
2024-03-11T21:44:54.7208390Z  - CheckModelAttributes
2024-03-11T21:44:54.7222087Z  - CheckModelSerialize
2024-03-11T21:44:54.7332932Z  - CheckNestedAttributes
2024-03-11T21:44:54.7333824Z  - CheckNestedAttributesBypass
2024-03-11T21:44:54.7334689Z  - CheckNumberToCurrency
2024-03-11T21:44:54.7335334Z  - CheckPageCachingCVE
2024-03-11T21:44:54.7336963Z  - CheckPathname
2024-03-11T21:44:54.7337861Z  - CheckPermitAttributes
2024-03-11T21:44:54.7338637Z  - CheckQuoteTableName
2024-03-11T21:44:54.7339410Z  - CheckRansack
2024-03-11T21:44:54.7340010Z  - CheckRedirect
2024-03-11T21:44:54.7340629Z  - CheckRegexDoS
2024-03-11T21:44:54.7341370Z  - CheckRender
2024-03-11T21:44:54.7342116Z  - CheckRenderDoS
2024-03-11T21:44:54.7342700Z  - CheckRenderInline
2024-03-11T21:44:54.7343471Z  - CheckResponseSplitting
2024-03-11T21:44:54.7344186Z  - CheckRouteDoS
2024-03-11T21:44:54.7344876Z  - CheckSafeBufferManipulation
2024-03-11T21:44:54.7345772Z  - CheckSanitizeConfigCve
2024-03-11T21:44:54.7346421Z  - CheckSanitizeMethods
2024-03-11T21:44:54.7347103Z  - CheckSelectTag
2024-03-11T21:44:54.7347905Z  - CheckSelectVulnerability
2024-03-11T21:44:54.7348603Z  - CheckSend
2024-03-11T21:44:54.7349328Z  - CheckSendFile
2024-03-11T21:44:54.7349960Z  - CheckSessionManipulation
2024-03-11T21:44:54.7350658Z  - CheckSessionSettings
2024-03-11T21:44:54.7351425Z  - CheckSimpleFormat
2024-03-11T21:44:54.7352006Z  - CheckSingleQuotes
2024-03-11T21:44:54.7352637Z  - CheckSkipBeforeFilter
2024-03-11T21:44:54.7353419Z  - CheckSprocketsPathTraversal
2024-03-11T21:44:54.7354304Z  - CheckSQL
2024-03-11T21:44:54.7354868Z  - CheckSQLCVEs
2024-03-11T21:44:54.7355526Z  - CheckSSLVerify
2024-03-11T21:44:54.7356106Z  - CheckStripTags
2024-03-11T21:44:54.7356794Z  - CheckSymbolDoSCVE
2024-03-11T21:44:54.7357571Z  - CheckTemplateInjection
2024-03-11T21:44:54.7358112Z  - CheckTranslateBug
2024-03-11T21:44:54.7358508Z  - CheckUnsafeReflection
2024-03-11T21:44:54.7358966Z  - CheckUnsafeReflectionMethods
2024-03-11T21:44:54.7453192Z  - CheckValidationRegex
2024-03-11T21:44:54.7453914Z  - CheckVerbConfusion
2024-03-11T21:44:54.7454674Z  - CheckWeakRSAKey
2024-03-11T21:44:54.7455273Z  - CheckWithoutProtection
2024-03-11T21:44:54.7828193Z  - CheckXMLDoS
2024-03-11T21:44:54.7828775Z  - CheckYAMLParsing
2024-03-11T21:44:54.8179581Z Checks finished, collecting results...
2024-03-11T21:44:54.8187985Z Filtering warnings...
2024-03-11T21:44:54.8188840Z [Notice] Using '/home/runner/work/human-essentials/human-essentials/config/brakeman.ignore' to filter warnings
2024-03-11T21:44:54.8193563Z Generating report...
2024-03-11T21:44:54.8837455Z 
2024-03-11T21:44:54.8837987Z == Brakeman Report ==
2024-03-11T21:44:54.8838477Z 
2024-03-11T21:44:54.8838973Z Application Path: /home/runner/work/human-essentials/human-essentials
2024-03-11T21:44:54.8839586Z Rails Version: 7.0.8
2024-03-11T21:44:54.8839952Z Brakeman Version: 6.1.2
2024-03-11T21:44:54.8840467Z Scan Date: 2024-03-11 21:44:47 +0000
2024-03-11T21:44:54.8840846Z Duration: 7.714654946 seconds
2024-03-11T21:44:54.8846403Z Checks Run: BasicAuth, BasicAuthTimingAttack, CSRFTokenForgeryCVE, ContentTag, CookieSerialization, CreateWith, CrossSiteScripting, DefaultRoutes, Deserialize, DetailedExceptions, DigestDoS, DynamicFinders, EOLRails, EOLRuby, EscapeFunction, Evaluation, Execute, FileAccess, FileDisclosure, FilterSkipping, ForgerySetting, HeaderDoS, I18nXSS, JRubyXML, JSONEncoding, JSONEntityEscape, JSONParsing, LinkTo, LinkToHref, MailTo, MassAssignment, MimeTypeDoS, ModelAttrAccessible, ModelAttributes, ModelSerialize, NestedAttributes, NestedAttributesBypass, NumberToCurrency, PageCachingCVE, Pathname, PermitAttributes, QuoteTableName, Ransack, Redirect, RegexDoS, Render, RenderDoS, RenderInline, ResponseSplitting, RouteDoS, SQL, SQLCVEs, SSLVerify, SafeBufferManipulation, SanitizeConfigCve, SanitizeMethods, SelectTag, SelectVulnerability, Send, SendFile, SessionManipulation, SessionSettings, SimpleFormat, SingleQuotes, SkipBeforeFilter, SprocketsPathTraversal, StripTags, SymbolDoSCVE, TemplateInjection, TranslateBug, UnsafeReflection, UnsafeReflectionMethods, ValidationRegex, VerbConfusion, WeakRSAKey, WithoutProtection, XMLDoS, YAMLParsing
2024-03-11T21:44:54.8852223Z 
2024-03-11T21:44:54.8852345Z == Overview ==
2024-03-11T21:44:54.8852579Z 
2024-03-11T21:44:54.8852784Z Controllers: 68
2024-03-11T21:44:54.8853104Z Models: 53
2024-03-11T21:44:54.8853369Z Templates: 372
2024-03-11T21:44:54.8853764Z Errors: 0
2024-03-11T21:44:54.8854071Z Security Warnings: 1
2024-03-11T21:44:54.8854437Z Ignored Warnings: 2
2024-03-11T21:44:54.8854620Z 
2024-03-11T21:44:54.8854831Z == Warning Types ==
2024-03-11T21:44:54.8855009Z 
2024-03-11T21:44:54.8855124Z SQL Injection: 1
2024-03-11T21:44:54.8855346Z 
2024-03-11T21:44:54.8855463Z == Warnings ==
2024-03-11T21:44:54.8855721Z 
2024-03-11T21:44:54.8855839Z Confidence: Medium
2024-03-11T21:44:54.8856181Z Category: SQL Injection
2024-03-11T21:44:54.8856522Z Check: SQL
2024-03-11T21:44:54.8856869Z Message: Possible SQL injection
2024-03-11T21:44:54.8874825Z Code: ActiveRecord::Base.connection.execute("        SELECT SUM(\"line_items\".\"quantity\" * \"kit_line_items\".\"quantity\")\n        FROM \"distributions\" \n        INNER JOIN \"line_items\" ON \"line_items\".\"itemizable_type\" = 'Distribution' AND \"line_items\".\"itemizable_id\" = \"distributions\".\"id\" \n        INNER JOIN \"items\" ON \"items\".\"id\" = \"line_items\".\"item_id\" \n        INNER JOIN \"kits\" ON \"kits\".\"id\" = \"items\".\"kit_id\" \n        INNER JOIN \"line_items\" \"kit_line_items\" ON \"kit_line_items\".\"itemizable_type\" = 'Kit' AND \"kit_line_items\".\"itemizable_id\" = \"kits\".\"id\"\n        INNER JOIN \"items\" \"kit_items\" ON \"kit_items\".\"id\" = \"kit_line_items\".\"item_id\"\n        INNER JOIN \"base_items\" ON \"base_items\".\"partner_key\" = \"kit_items\".\"partner_key\" \n        WHERE \"distributions\".\"organization_id\" = #{organization.id}\n          AND extract(year from issued_at) = #{year}\n          AND lower(base_items.category) LIKE '%diaper%'\n          AND NOT (lower(base_items.category) LIKE '%cloth%' OR lower(base_items.name) LIKE '%cloth%')\n", [organization.id, year])
2024-03-11T21:44:54.8879591Z File: app/services/reports/children_served_report_service.rb
2024-03-11T21:44:54.8880113Z Line: 51
2024-03-11T21:44:54.8880267Z 
2024-03-11T21:44:54.8991556Z ##[error]Process completed with exit code 3.
2024-03-11T21:44:54.9083865Z Post job cleanup.
2024-03-11T21:44:55.0095002Z [command]/usr/bin/git version
2024-03-11T21:44:55.0145818Z git version 2.43.2
2024-03-11T21:44:55.0185892Z Temporarily overriding HOME='/home/runner/work/_temp/a33d6112-b94c-4142-93d2-bd2a11389bc2' before making global git config changes
2024-03-11T21:44:55.0187601Z Adding repository directory to the temporary git global config as a safe directory
2024-03-11T21:44:55.0191738Z [command]/usr/bin/git config --global --add safe.directory /home/runner/work/human-essentials/human-essentials
2024-03-11T21:44:55.0232639Z [command]/usr/bin/git config --local --name-only --get-regexp core\.sshCommand
2024-03-11T21:44:55.0271427Z [command]/usr/bin/git submodule foreach --recursive sh -c "git config --local --name-only --get-regexp 'core\.sshCommand' && git config --local --unset-all 'core.sshCommand' || :"
2024-03-11T21:44:55.0513346Z [command]/usr/bin/git config --local --name-only --get-regexp http\.https\:\/\/github\.com\/\.extraheader
2024-03-11T21:44:55.0543328Z http.https://github.com/.extraheader
2024-03-11T21:44:55.0552982Z [command]/usr/bin/git config --local --unset-all http.https://github.com/.extraheader
2024-03-11T21:44:55.0591845Z [command]/usr/bin/git submodule foreach --recursive sh -c "git config --local --name-only --get-regexp 'http\.https\:\/\/github\.com\/\.extraheader' && git config --local --unset-all 'http.https://github.com/.extraheader' || :"
2024-03-11T21:44:55.1089289Z Cleaning up orphan processes
