2024-02-18T21:06:39.7692124Z Requested labels: ubuntu-latest
2024-02-18T21:06:39.7692477Z Job defined at: rubyforgood/human-essentials/.github/workflows/rspec-system-events.yml@refs/pull/4093/merge
2024-02-18T21:06:39.7692586Z Waiting for a runner to pick up this job...
2024-02-18T21:06:40.6129282Z Job is waiting for a hosted runner to come online.
2024-02-18T21:06:43.6887680Z Job is about to start running on the hosted runner: GitHub Actions 17 (hosted)
2024-02-18T21:06:46.2676793Z Current runner version: '2.313.0'
2024-02-18T21:06:46.2701244Z ##[group]Operating System
2024-02-18T21:06:46.2701939Z Ubuntu
2024-02-18T21:06:46.2702441Z 22.04.3
2024-02-18T21:06:46.2702736Z LTS
2024-02-18T21:06:46.2703091Z ##[endgroup]
2024-02-18T21:06:46.2703569Z ##[group]Runner Image
2024-02-18T21:06:46.2704004Z Image: ubuntu-22.04
2024-02-18T21:06:46.2704369Z Version: 20240212.1.0
2024-02-18T21:06:46.2705467Z Included Software: https://github.com/actions/runner-images/blob/ubuntu22/20240212.1/images/ubuntu/Ubuntu2204-Readme.md
2024-02-18T21:06:46.2706922Z Image Release: https://github.com/actions/runner-images/releases/tag/ubuntu22%2F20240212.1
2024-02-18T21:06:46.2707799Z ##[endgroup]
2024-02-18T21:06:46.2708233Z ##[group]Runner Image Provisioner
2024-02-18T21:06:46.2708750Z 2.0.341.1
2024-02-18T21:06:46.2709105Z ##[endgroup]
2024-02-18T21:06:46.2711308Z ##[group]GITHUB_TOKEN Permissions
2024-02-18T21:06:46.2712934Z Actions: write
2024-02-18T21:06:46.2713478Z Checks: write
2024-02-18T21:06:46.2713985Z Contents: write
2024-02-18T21:06:46.2714569Z Deployments: write
2024-02-18T21:06:46.2715008Z Discussions: write
2024-02-18T21:06:46.2715364Z Issues: write
2024-02-18T21:06:46.2715803Z Metadata: read
2024-02-18T21:06:46.2716234Z Packages: write
2024-02-18T21:06:46.2716682Z Pages: write
2024-02-18T21:06:46.2717027Z PullRequests: write
2024-02-18T21:06:46.2717468Z RepositoryProjects: write
2024-02-18T21:06:46.2717988Z SecurityEvents: write
2024-02-18T21:06:46.2718367Z Statuses: write
2024-02-18T21:06:46.2718765Z ##[endgroup]
2024-02-18T21:06:46.2721962Z Secret source: Actions
2024-02-18T21:06:46.2722589Z Prepare workflow directory
2024-02-18T21:06:46.3612339Z Prepare all required actions
2024-02-18T21:06:46.3771085Z Getting action download info
2024-02-18T21:06:46.6213028Z Download action repository 'actions/checkout@v2' (SHA:ee0669bd1cc54295c223e0bb666b733df41de1c5)
2024-02-18T21:06:46.7369596Z Download action repository 'ruby/setup-ruby@v1' (SHA:22fdc77bf4148f810455b226c90fb81b5cbc00a7)
2024-02-18T21:06:47.2739397Z Download action repository 'actions/upload-artifact@v2' (SHA:82c141cc518b40d92cc801eee768e7aafc9c2fa2)
2024-02-18T21:06:47.4140099Z Complete job name: rspec-system-events (6, 2)
2024-02-18T21:06:47.4795362Z ##[group]Checking docker version
2024-02-18T21:06:47.4809784Z ##[command]/usr/bin/docker version --format '{{.Server.APIVersion}}'
2024-02-18T21:06:47.5457805Z '1.43'
2024-02-18T21:06:47.5470095Z Docker daemon API version: '1.43'
2024-02-18T21:06:47.5471039Z ##[command]/usr/bin/docker version --format '{{.Client.APIVersion}}'
2024-02-18T21:06:47.5641975Z '1.43'
2024-02-18T21:06:47.5661379Z Docker client API version: '1.43'
2024-02-18T21:06:47.5667724Z ##[endgroup]
2024-02-18T21:06:47.5672436Z ##[group]Clean up resources from previous jobs
2024-02-18T21:06:47.5678507Z ##[command]/usr/bin/docker ps --all --quiet --no-trunc --filter "label=62504c"
2024-02-18T21:06:47.5813738Z ##[command]/usr/bin/docker network prune --force --filter "label=62504c"
2024-02-18T21:06:47.5942584Z ##[endgroup]
2024-02-18T21:06:47.5943228Z ##[group]Create local container network
2024-02-18T21:06:47.5953515Z ##[command]/usr/bin/docker network create --label 62504c github_network_c9ec05dafc334e44bfc093b9f022c98a
2024-02-18T21:06:47.6515668Z be813736cb73d078d3f61a7475bd678ab5aa4114b58234f7d3d315d14f7018f6
2024-02-18T21:06:47.6534185Z ##[endgroup]
2024-02-18T21:06:47.6610976Z ##[group]Starting db service container
2024-02-18T21:06:47.6628047Z ##[command]/usr/bin/docker pull postgres:12.3
2024-02-18T21:06:48.6669045Z 12.3: Pulling from library/postgres
2024-02-18T21:06:48.9322067Z bf5952930446: Pulling fs layer
2024-02-18T21:06:48.9322887Z 9577476abb00: Pulling fs layer
2024-02-18T21:06:48.9323549Z 2bd105512d5c: Pulling fs layer
2024-02-18T21:06:48.9324369Z b1cd21c26e81: Pulling fs layer
2024-02-18T21:06:48.9325246Z 34a7c86cf8fc: Pulling fs layer
2024-02-18T21:06:48.9325819Z 274e7b0c38d5: Pulling fs layer
2024-02-18T21:06:48.9326590Z 3e831b350d37: Pulling fs layer
2024-02-18T21:06:48.9327299Z 38fa0d496534: Pulling fs layer
2024-02-18T21:06:48.9328469Z 31a8349609a4: Pulling fs layer
2024-02-18T21:06:48.9329269Z 14e4c2a4b7b7: Pulling fs layer
2024-02-18T21:06:48.9329685Z 964acfa02beb: Pulling fs layer
2024-02-18T21:06:48.9330357Z 31b1f20dffc0: Pulling fs layer
2024-02-18T21:06:48.9330896Z 14771c2930e9: Pulling fs layer
2024-02-18T21:06:48.9331305Z b1cd21c26e81: Waiting
2024-02-18T21:06:48.9331644Z 2f30edd0ce8a: Pulling fs layer
2024-02-18T21:06:48.9332108Z 34a7c86cf8fc: Waiting
2024-02-18T21:06:48.9332497Z 274e7b0c38d5: Waiting
2024-02-18T21:06:48.9332833Z 3e831b350d37: Waiting
2024-02-18T21:06:48.9333223Z 964acfa02beb: Waiting
2024-02-18T21:06:48.9333553Z 38fa0d496534: Waiting
2024-02-18T21:06:48.9333898Z 31b1f20dffc0: Waiting
2024-02-18T21:06:48.9334269Z 2f30edd0ce8a: Waiting
2024-02-18T21:06:48.9334603Z 14e4c2a4b7b7: Waiting
2024-02-18T21:06:48.9334956Z 31a8349609a4: Waiting
2024-02-18T21:06:49.2018782Z 2bd105512d5c: Verifying Checksum
2024-02-18T21:06:49.2028477Z 2bd105512d5c: Download complete
2024-02-18T21:06:49.2196621Z 9577476abb00: Verifying Checksum
2024-02-18T21:06:49.2197341Z 9577476abb00: Download complete
2024-02-18T21:06:49.3329921Z bf5952930446: Verifying Checksum
2024-02-18T21:06:49.3331202Z bf5952930446: Download complete
2024-02-18T21:06:49.4696591Z b1cd21c26e81: Verifying Checksum
2024-02-18T21:06:49.4699555Z b1cd21c26e81: Download complete
2024-02-18T21:06:49.5298243Z 34a7c86cf8fc: Verifying Checksum
2024-02-18T21:06:49.5299341Z 34a7c86cf8fc: Download complete
2024-02-18T21:06:49.5836504Z 274e7b0c38d5: Verifying Checksum
2024-02-18T21:06:49.5837809Z 274e7b0c38d5: Download complete
2024-02-18T21:06:49.7157498Z 3e831b350d37: Verifying Checksum
2024-02-18T21:06:49.7158754Z 3e831b350d37: Download complete
2024-02-18T21:06:49.7977202Z 38fa0d496534: Download complete
2024-02-18T21:06:49.9548065Z 14e4c2a4b7b7: Verifying Checksum
2024-02-18T21:06:49.9549790Z 14e4c2a4b7b7: Download complete
2024-02-18T21:06:50.0612004Z 964acfa02beb: Verifying Checksum
2024-02-18T21:06:50.0612764Z 964acfa02beb: Download complete
2024-02-18T21:06:50.2231302Z 31b1f20dffc0: Verifying Checksum
2024-02-18T21:06:50.2232368Z 31b1f20dffc0: Download complete
2024-02-18T21:06:50.3027492Z 14771c2930e9: Download complete
2024-02-18T21:06:50.4583817Z 31a8349609a4: Verifying Checksum
2024-02-18T21:06:50.4584364Z 31a8349609a4: Download complete
2024-02-18T21:06:50.4680883Z 2f30edd0ce8a: Verifying Checksum
2024-02-18T21:06:50.4681664Z 2f30edd0ce8a: Download complete
2024-02-18T21:06:50.5551911Z bf5952930446: Pull complete
2024-02-18T21:06:50.8404792Z 9577476abb00: Pull complete
2024-02-18T21:06:50.8543629Z 2bd105512d5c: Pull complete
2024-02-18T21:06:50.8993800Z b1cd21c26e81: Pull complete
2024-02-18T21:06:51.2245369Z 34a7c86cf8fc: Pull complete
2024-02-18T21:06:51.2594476Z 274e7b0c38d5: Pull complete
2024-02-18T21:06:51.2666285Z 3e831b350d37: Pull complete
2024-02-18T21:06:51.2747912Z 38fa0d496534: Pull complete
2024-02-18T21:06:53.5312212Z 31a8349609a4: Pull complete
2024-02-18T21:06:53.5426823Z 14e4c2a4b7b7: Pull complete
2024-02-18T21:06:53.5513199Z 964acfa02beb: Pull complete
2024-02-18T21:06:53.5632141Z 31b1f20dffc0: Pull complete
2024-02-18T21:06:53.5718255Z 14771c2930e9: Pull complete
2024-02-18T21:06:53.5799341Z 2f30edd0ce8a: Pull complete
2024-02-18T21:06:53.5835166Z Digest: sha256:a06e6e6e519b7a329c419f8221edec66cfc45511e8b80e262c12103ba745cf19
2024-02-18T21:06:53.5846420Z Status: Downloaded newer image for postgres:12.3
2024-02-18T21:06:53.5856138Z docker.io/library/postgres:12.3
2024-02-18T21:06:53.5962836Z ##[command]/usr/bin/docker create --name 403cd29153df4735ab4130d0bbcbcf33_postgres123_310555 --label 62504c --network github_network_c9ec05dafc334e44bfc093b9f022c98a --network-alias db -p 5432:5432 --health-cmd pg_isready --health-interval 10s --health-timeout 5s --health-retries 5 -e "POSTGRES_PASSWORD=password" -e GITHUB_ACTIONS=true -e CI=true postgres:12.3
2024-02-18T21:06:53.6195772Z f4923f12cfa10179438ad561764f956356ba7b1b0b0924563bd5fc9b61137b53
2024-02-18T21:06:53.6220298Z ##[command]/usr/bin/docker start f4923f12cfa10179438ad561764f956356ba7b1b0b0924563bd5fc9b61137b53
2024-02-18T21:06:53.8819364Z f4923f12cfa10179438ad561764f956356ba7b1b0b0924563bd5fc9b61137b53
2024-02-18T21:06:53.8842429Z ##[command]/usr/bin/docker ps --all --filter id=f4923f12cfa10179438ad561764f956356ba7b1b0b0924563bd5fc9b61137b53 --filter status=running --no-trunc --format "{{.ID}} {{.Status}}"
2024-02-18T21:06:53.8959905Z f4923f12cfa10179438ad561764f956356ba7b1b0b0924563bd5fc9b61137b53 Up Less than a second (health: starting)
2024-02-18T21:06:53.8983754Z ##[command]/usr/bin/docker port f4923f12cfa10179438ad561764f956356ba7b1b0b0924563bd5fc9b61137b53
2024-02-18T21:06:53.9116817Z 5432/tcp -> 0.0.0.0:5432
2024-02-18T21:06:53.9117917Z 5432/tcp -> [::]:5432
2024-02-18T21:06:53.9196870Z ##[endgroup]
2024-02-18T21:06:53.9222346Z ##[group]Waiting for all services to be ready
2024-02-18T21:06:53.9258684Z ##[command]/usr/bin/docker inspect --format="{{if .Config.Healthcheck}}{{print .State.Health.Status}}{{end}}" f4923f12cfa10179438ad561764f956356ba7b1b0b0924563bd5fc9b61137b53
2024-02-18T21:06:53.9390327Z starting
2024-02-18T21:06:53.9412420Z db service is starting, waiting 2 seconds before checking again.
2024-02-18T21:06:55.9397334Z ##[command]/usr/bin/docker inspect --format="{{if .Config.Healthcheck}}{{print .State.Health.Status}}{{end}}" f4923f12cfa10179438ad561764f956356ba7b1b0b0924563bd5fc9b61137b53
2024-02-18T21:06:55.9522590Z starting
2024-02-18T21:06:55.9535441Z db service is starting, waiting 3 seconds before checking again.
2024-02-18T21:06:59.5777552Z ##[command]/usr/bin/docker inspect --format="{{if .Config.Healthcheck}}{{print .State.Health.Status}}{{end}}" f4923f12cfa10179438ad561764f956356ba7b1b0b0924563bd5fc9b61137b53
2024-02-18T21:06:59.5899384Z starting
2024-02-18T21:06:59.5911600Z db service is starting, waiting 8 seconds before checking again.
2024-02-18T21:07:07.7276777Z ##[command]/usr/bin/docker inspect --format="{{if .Config.Healthcheck}}{{print .State.Health.Status}}{{end}}" f4923f12cfa10179438ad561764f956356ba7b1b0b0924563bd5fc9b61137b53
2024-02-18T21:07:07.7405427Z healthy
2024-02-18T21:07:07.7421030Z db service is healthy.
2024-02-18T21:07:07.7421704Z ##[endgroup]
2024-02-18T21:07:07.7785476Z ##[group]Run actions/checkout@v2
2024-02-18T21:07:07.7785934Z with:
2024-02-18T21:07:07.7786371Z   repository: rubyforgood/human-essentials
2024-02-18T21:07:07.7787010Z   token: ***
2024-02-18T21:07:07.7787347Z   ssh-strict: true
2024-02-18T21:07:07.7787826Z   persist-credentials: true
2024-02-18T21:07:07.7788177Z   clean: true
2024-02-18T21:07:07.7788496Z   fetch-depth: 1
2024-02-18T21:07:07.7788912Z   lfs: false
2024-02-18T21:07:07.7789222Z   submodules: false
2024-02-18T21:07:07.7789556Z   set-safe-directory: true
2024-02-18T21:07:07.7790005Z ##[endgroup]
2024-02-18T21:07:07.9893117Z Syncing repository: rubyforgood/human-essentials
2024-02-18T21:07:07.9895025Z ##[group]Getting Git version info
2024-02-18T21:07:07.9895798Z Working directory is '/home/runner/work/human-essentials/human-essentials'
2024-02-18T21:07:07.9896814Z [command]/usr/bin/git version
2024-02-18T21:07:07.9908675Z git version 2.43.0
2024-02-18T21:07:07.9932249Z ##[endgroup]
2024-02-18T21:07:07.9946997Z Temporarily overriding HOME='/home/runner/work/_temp/6412d89a-a0ca-4edc-970a-74b01d20b917' before making global git config changes
2024-02-18T21:07:07.9948096Z Adding repository directory to the temporary git global config as a safe directory
2024-02-18T21:07:07.9951449Z [command]/usr/bin/git config --global --add safe.directory /home/runner/work/human-essentials/human-essentials
2024-02-18T21:07:07.9997198Z Deleting the contents of '/home/runner/work/human-essentials/human-essentials'
2024-02-18T21:07:08.0001951Z ##[group]Initializing the repository
2024-02-18T21:07:08.0005394Z [command]/usr/bin/git init /home/runner/work/human-essentials/human-essentials
2024-02-18T21:07:08.0071584Z hint: Using 'master' as the name for the initial branch. This default branch name
2024-02-18T21:07:08.0074639Z hint: is subject to change. To configure the initial branch name to use in all
2024-02-18T21:07:08.0076035Z hint: of your new repositories, which will suppress this warning, call:
2024-02-18T21:07:08.0077246Z hint: 
2024-02-18T21:07:08.0079027Z hint: 	git config --global init.defaultBranch <name>
2024-02-18T21:07:08.0079863Z hint: 
2024-02-18T21:07:08.0080748Z hint: Names commonly chosen instead of 'master' are 'main', 'trunk' and
2024-02-18T21:07:08.0082569Z hint: 'development'. The just-created branch can be renamed via this command:
2024-02-18T21:07:08.0083559Z hint: 
2024-02-18T21:07:08.0084304Z hint: 	git branch -m <name>
2024-02-18T21:07:08.0085555Z Initialized empty Git repository in /home/runner/work/human-essentials/human-essentials/.git/
2024-02-18T21:07:08.0093669Z [command]/usr/bin/git remote add origin https://github.com/rubyforgood/human-essentials
2024-02-18T21:07:08.0144267Z ##[endgroup]
2024-02-18T21:07:08.0145449Z ##[group]Disabling automatic garbage collection
2024-02-18T21:07:08.0146445Z [command]/usr/bin/git config --local gc.auto 0
2024-02-18T21:07:08.0181786Z ##[endgroup]
2024-02-18T21:07:08.0182995Z ##[group]Setting up auth
2024-02-18T21:07:08.0189080Z [command]/usr/bin/git config --local --name-only --get-regexp core\.sshCommand
2024-02-18T21:07:08.0229048Z [command]/usr/bin/git submodule foreach --recursive sh -c "git config --local --name-only --get-regexp 'core\.sshCommand' && git config --local --unset-all 'core.sshCommand' || :"
2024-02-18T21:07:08.0522574Z [command]/usr/bin/git config --local --name-only --get-regexp http\.https\:\/\/github\.com\/\.extraheader
2024-02-18T21:07:08.0561309Z [command]/usr/bin/git submodule foreach --recursive sh -c "git config --local --name-only --get-regexp 'http\.https\:\/\/github\.com\/\.extraheader' && git config --local --unset-all 'http.https://github.com/.extraheader' || :"
2024-02-18T21:07:08.0808600Z [command]/usr/bin/git config --local http.https://github.com/.extraheader AUTHORIZATION: basic ***
2024-02-18T21:07:08.0871707Z ##[endgroup]
2024-02-18T21:07:08.0872376Z ##[group]Fetching the repository
2024-02-18T21:07:08.0880423Z [command]/usr/bin/git -c protocol.version=2 fetch --no-tags --prune --progress --no-recurse-submodules --depth=1 origin +867785c853b3389461249ac7f2481c74d3990566:refs/remotes/pull/4093/merge
2024-02-18T21:07:08.4477394Z remote: Enumerating objects: 1745, done.        
2024-02-18T21:07:08.4478440Z remote: Counting objects:   0% (1/1745)        
2024-02-18T21:07:08.4479214Z remote: Counting objects:   1% (18/1745)        
2024-02-18T21:07:08.4481257Z remote: Counting objects:   2% (35/1745)        
2024-02-18T21:07:08.4482137Z remote: Counting objects:   3% (53/1745)        
2024-02-18T21:07:08.4483041Z remote: Counting objects:   4% (70/1745)        
2024-02-18T21:07:08.4483828Z remote: Counting objects:   5% (88/1745)        
2024-02-18T21:07:08.4484749Z remote: Counting objects:   6% (105/1745)        
2024-02-18T21:07:08.4486147Z remote: Counting objects:   7% (123/1745)        
2024-02-18T21:07:08.4487028Z remote: Counting objects:   8% (140/1745)        
2024-02-18T21:07:08.4487847Z remote: Counting objects:   9% (158/1745)        
2024-02-18T21:07:08.4488760Z remote: Counting objects:  10% (175/1745)        
2024-02-18T21:07:08.4489504Z remote: Counting objects:  11% (192/1745)        
2024-02-18T21:07:08.4490549Z remote: Counting objects:  12% (210/1745)        
2024-02-18T21:07:08.4491420Z remote: Counting objects:  13% (227/1745)        
2024-02-18T21:07:08.4492138Z remote: Counting objects:  14% (245/1745)        
2024-02-18T21:07:08.4492923Z remote: Counting objects:  15% (262/1745)        
2024-02-18T21:07:08.4493791Z remote: Counting objects:  16% (280/1745)        
2024-02-18T21:07:08.4494585Z remote: Counting objects:  17% (297/1745)        
2024-02-18T21:07:08.4495306Z remote: Counting objects:  18% (315/1745)        
2024-02-18T21:07:08.4496174Z remote: Counting objects:  19% (332/1745)        
2024-02-18T21:07:08.4496973Z remote: Counting objects:  20% (349/1745)        
2024-02-18T21:07:08.4497823Z remote: Counting objects:  21% (367/1745)        
2024-02-18T21:07:08.4498542Z remote: Counting objects:  22% (384/1745)        
2024-02-18T21:07:08.4499630Z remote: Counting objects:  23% (402/1745)        
2024-02-18T21:07:08.4500499Z remote: Counting objects:  24% (419/1745)        
2024-02-18T21:07:08.4501286Z remote: Counting objects:  25% (437/1745)        
2024-02-18T21:07:08.4502006Z remote: Counting objects:  26% (454/1745)        
2024-02-18T21:07:08.4502860Z remote: Counting objects:  27% (472/1745)        
2024-02-18T21:07:08.4503641Z remote: Counting objects:  28% (489/1745)        
2024-02-18T21:07:08.4504397Z remote: Counting objects:  29% (507/1745)        
2024-02-18T21:07:08.4505215Z remote: Counting objects:  30% (524/1745)        
2024-02-18T21:07:08.4506014Z remote: Counting objects:  31% (541/1745)        
2024-02-18T21:07:08.4506772Z remote: Counting objects:  32% (559/1745)        
2024-02-18T21:07:08.4507632Z remote: Counting objects:  33% (576/1745)        
2024-02-18T21:07:08.4508352Z remote: Counting objects:  34% (594/1745)        
2024-02-18T21:07:08.4509110Z remote: Counting objects:  35% (611/1745)        
2024-02-18T21:07:08.4510026Z remote: Counting objects:  36% (629/1745)        
2024-02-18T21:07:08.4510814Z remote: Counting objects:  37% (646/1745)        
2024-02-18T21:07:08.4511533Z remote: Counting objects:  38% (664/1745)        
2024-02-18T21:07:08.4512405Z remote: Counting objects:  39% (681/1745)        
2024-02-18T21:07:08.4513163Z remote: Counting objects:  40% (698/1745)        
2024-02-18T21:07:08.4513944Z remote: Counting objects:  41% (716/1745)        
2024-02-18T21:07:08.4514762Z remote: Counting objects:  42% (733/1745)        
2024-02-18T21:07:08.4515538Z remote: Counting objects:  43% (751/1745)        
2024-02-18T21:07:08.4516320Z remote: Counting objects:  44% (768/1745)        
2024-02-18T21:07:08.4517158Z remote: Counting objects:  45% (786/1745)        
2024-02-18T21:07:08.4517873Z remote: Counting objects:  46% (803/1745)        
2024-02-18T21:07:08.4518657Z remote: Counting objects:  47% (821/1745)        
2024-02-18T21:07:08.4519501Z remote: Counting objects:  48% (838/1745)        
2024-02-18T21:07:08.4520265Z remote: Counting objects:  49% (856/1745)        
2024-02-18T21:07:08.4521215Z remote: Counting objects:  50% (873/1745)        
2024-02-18T21:07:08.4522081Z remote: Counting objects:  51% (890/1745)        
2024-02-18T21:07:08.4522865Z remote: Counting objects:  52% (908/1745)        
2024-02-18T21:07:08.4523738Z remote: Counting objects:  53% (925/1745)        
2024-02-18T21:07:08.4524457Z remote: Counting objects:  54% (943/1745)        
2024-02-18T21:07:08.4525242Z remote: Counting objects:  55% (960/1745)        
2024-02-18T21:07:08.4526086Z remote: Counting objects:  56% (978/1745)        
2024-02-18T21:07:08.4526865Z remote: Counting objects:  57% (995/1745)        
2024-02-18T21:07:08.4527602Z remote: Counting objects:  58% (1013/1745)        
2024-02-18T21:07:08.4528501Z remote: Counting objects:  59% (1030/1745)        
2024-02-18T21:07:08.4529333Z remote: Counting objects:  60% (1047/1745)        
2024-02-18T21:07:08.4530312Z remote: Counting objects:  61% (1065/1745)        
2024-02-18T21:07:08.4531123Z remote: Counting objects:  62% (1082/1745)        
2024-02-18T21:07:08.4531970Z remote: Counting objects:  63% (1100/1745)        
2024-02-18T21:07:08.4532609Z remote: Counting objects:  64% (1117/1745)        
2024-02-18T21:07:08.4533208Z remote: Counting objects:  65% (1135/1745)        
2024-02-18T21:07:08.4533720Z remote: Counting objects:  66% (1152/1745)        
2024-02-18T21:07:08.4534179Z remote: Counting objects:  67% (1170/1745)        
2024-02-18T21:07:08.4534744Z remote: Counting objects:  68% (1187/1745)        
2024-02-18T21:07:08.4535228Z remote: Counting objects:  69% (1205/1745)        
2024-02-18T21:07:08.4535783Z remote: Counting objects:  70% (1222/1745)        
2024-02-18T21:07:08.4536252Z remote: Counting objects:  71% (1239/1745)        
2024-02-18T21:07:08.4536730Z remote: Counting objects:  72% (1257/1745)        
2024-02-18T21:07:08.4537278Z remote: Counting objects:  73% (1274/1745)        
2024-02-18T21:07:08.4537774Z remote: Counting objects:  74% (1292/1745)        
2024-02-18T21:07:08.4538824Z remote: Counting objects:  75% (1309/1745)        
2024-02-18T21:07:08.4539435Z remote: Counting objects:  76% (1327/1745)        
2024-02-18T21:07:08.4539936Z remote: Counting objects:  77% (1344/1745)        
2024-02-18T21:07:08.4540399Z remote: Counting objects:  78% (1362/1745)        
2024-02-18T21:07:08.4540977Z remote: Counting objects:  79% (1379/1745)        
2024-02-18T21:07:08.4541481Z remote: Counting objects:  80% (1396/1745)        
2024-02-18T21:07:08.4541984Z remote: Counting objects:  81% (1414/1745)        
2024-02-18T21:07:08.4542527Z remote: Counting objects:  82% (1431/1745)        
2024-02-18T21:07:08.4543022Z remote: Counting objects:  83% (1449/1745)        
2024-02-18T21:07:08.4543523Z remote: Counting objects:  84% (1466/1745)        
2024-02-18T21:07:08.4544066Z remote: Counting objects:  85% (1484/1745)        
2024-02-18T21:07:08.4544519Z remote: Counting objects:  86% (1501/1745)        
2024-02-18T21:07:08.4545035Z remote: Counting objects:  87% (1519/1745)        
2024-02-18T21:07:08.4545592Z remote: Counting objects:  88% (1536/1745)        
2024-02-18T21:07:08.4546077Z remote: Counting objects:  89% (1554/1745)        
2024-02-18T21:07:08.4546538Z remote: Counting objects:  90% (1571/1745)        
2024-02-18T21:07:08.4547084Z remote: Counting objects:  91% (1588/1745)        
2024-02-18T21:07:08.4547562Z remote: Counting objects:  92% (1606/1745)        
2024-02-18T21:07:08.4548054Z remote: Counting objects:  93% (1623/1745)        
2024-02-18T21:07:08.4548562Z remote: Counting objects:  94% (1641/1745)        
2024-02-18T21:07:08.4549057Z remote: Counting objects:  95% (1658/1745)        
2024-02-18T21:07:08.4549535Z remote: Counting objects:  96% (1676/1745)        
2024-02-18T21:07:08.4550081Z remote: Counting objects:  97% (1693/1745)        
2024-02-18T21:07:08.4550554Z remote: Counting objects:  98% (1711/1745)        
2024-02-18T21:07:08.4551039Z remote: Counting objects:  99% (1728/1745)        
2024-02-18T21:07:08.4551628Z remote: Counting objects: 100% (1745/1745)        
2024-02-18T21:07:08.4552329Z remote: Counting objects: 100% (1745/1745), done.        
2024-02-18T21:07:08.4552957Z remote: Compressing objects:   0% (1/1562)        
2024-02-18T21:07:08.4553574Z remote: Compressing objects:   1% (16/1562)        
2024-02-18T21:07:08.4554084Z remote: Compressing objects:   2% (32/1562)        
2024-02-18T21:07:08.4554652Z remote: Compressing objects:   3% (47/1562)        
2024-02-18T21:07:08.4555141Z remote: Compressing objects:   4% (63/1562)        
2024-02-18T21:07:08.4555647Z remote: Compressing objects:   5% (79/1562)        
2024-02-18T21:07:08.4556209Z remote: Compressing objects:   6% (94/1562)        
2024-02-18T21:07:08.4556750Z remote: Compressing objects:   7% (110/1562)        
2024-02-18T21:07:08.4557235Z remote: Compressing objects:   8% (125/1562)        
2024-02-18T21:07:08.4557830Z remote: Compressing objects:   9% (141/1562)        
2024-02-18T21:07:08.4558343Z remote: Compressing objects:  10% (157/1562)        
2024-02-18T21:07:08.4558852Z remote: Compressing objects:  11% (172/1562)        
2024-02-18T21:07:08.4559419Z remote: Compressing objects:  12% (188/1562)        
2024-02-18T21:07:08.4559927Z remote: Compressing objects:  13% (204/1562)        
2024-02-18T21:07:08.4560424Z remote: Compressing objects:  14% (219/1562)        
2024-02-18T21:07:08.4561063Z remote: Compressing objects:  15% (235/1562)        
2024-02-18T21:07:08.4561536Z remote: Compressing objects:  16% (250/1562)        
2024-02-18T21:07:08.4562035Z remote: Compressing objects:  17% (266/1562)        
2024-02-18T21:07:08.4562617Z remote: Compressing objects:  18% (282/1562)        
2024-02-18T21:07:08.4563129Z remote: Compressing objects:  19% (297/1562)        
2024-02-18T21:07:08.4563611Z remote: Compressing objects:  20% (313/1562)        
2024-02-18T21:07:08.4564179Z remote: Compressing objects:  21% (329/1562)        
2024-02-18T21:07:08.4564679Z remote: Compressing objects:  22% (344/1562)        
2024-02-18T21:07:08.4565188Z remote: Compressing objects:  23% (360/1562)        
2024-02-18T21:07:08.4565887Z remote: Compressing objects:  24% (375/1562)        
2024-02-18T21:07:08.4566417Z remote: Compressing objects:  25% (391/1562)        
2024-02-18T21:07:08.4566926Z remote: Compressing objects:  26% (407/1562)        
2024-02-18T21:07:08.4567498Z remote: Compressing objects:  27% (422/1562)        
2024-02-18T21:07:08.4567986Z remote: Compressing objects:  28% (438/1562)        
2024-02-18T21:07:08.4568482Z remote: Compressing objects:  29% (453/1562)        
2024-02-18T21:07:08.4569072Z remote: Compressing objects:  30% (469/1562)        
2024-02-18T21:07:08.4569586Z remote: Compressing objects:  31% (485/1562)        
2024-02-18T21:07:08.4570258Z remote: Compressing objects:  32% (500/1562)        
2024-02-18T21:07:08.4570909Z remote: Compressing objects:  33% (516/1562)        
2024-02-18T21:07:08.4571445Z remote: Compressing objects:  34% (532/1562)        
2024-02-18T21:07:08.4572034Z remote: Compressing objects:  35% (547/1562)        
2024-02-18T21:07:08.4572538Z remote: Compressing objects:  36% (563/1562)        
2024-02-18T21:07:08.4573049Z remote: Compressing objects:  37% (578/1562)        
2024-02-18T21:07:08.4573613Z remote: Compressing objects:  38% (594/1562)        
2024-02-18T21:07:08.4574132Z remote: Compressing objects:  39% (610/1562)        
2024-02-18T21:07:08.4574606Z remote: Compressing objects:  40% (625/1562)        
2024-02-18T21:07:08.4575206Z remote: Compressing objects:  41% (641/1562)        
2024-02-18T21:07:08.4575732Z remote: Compressing objects:  42% (657/1562)        
2024-02-18T21:07:08.4576256Z remote: Compressing objects:  43% (672/1562)        
2024-02-18T21:07:08.4576798Z remote: Compressing objects:  44% (688/1562)        
2024-02-18T21:07:08.4577312Z remote: Compressing objects:  45% (703/1562)        
2024-02-18T21:07:08.4577805Z remote: Compressing objects:  46% (719/1562)        
2024-02-18T21:07:08.4578362Z remote: Compressing objects:  47% (735/1562)        
2024-02-18T21:07:08.4578858Z remote: Compressing objects:  48% (750/1562)        
2024-02-18T21:07:08.4579504Z remote: Compressing objects:  49% (766/1562)        
2024-02-18T21:07:08.4580104Z remote: Compressing objects:  50% (781/1562)        
2024-02-18T21:07:08.4580563Z remote: Compressing objects:  51% (797/1562)        
2024-02-18T21:07:08.4581074Z remote: Compressing objects:  52% (813/1562)        
2024-02-18T21:07:08.4581644Z remote: Compressing objects:  53% (828/1562)        
2024-02-18T21:07:08.4582137Z remote: Compressing objects:  54% (844/1562)        
2024-02-18T21:07:08.4582612Z remote: Compressing objects:  55% (860/1562)        
2024-02-18T21:07:08.4583170Z remote: Compressing objects:  56% (875/1562)        
2024-02-18T21:07:08.4583660Z remote: Compressing objects:  57% (891/1562)        
2024-02-18T21:07:08.4584168Z remote: Compressing objects:  58% (906/1562)        
2024-02-18T21:07:08.4584689Z remote: Compressing objects:  59% (922/1562)        
2024-02-18T21:07:08.4585185Z remote: Compressing objects:  60% (938/1562)        
2024-02-18T21:07:08.4585706Z remote: Compressing objects:  61% (953/1562)        
2024-02-18T21:07:08.4586270Z remote: Compressing objects:  62% (969/1562)        
2024-02-18T21:07:08.4586747Z remote: Compressing objects:  63% (985/1562)        
2024-02-18T21:07:08.4587275Z remote: Compressing objects:  64% (1000/1562)        
2024-02-18T21:07:08.4587860Z remote: Compressing objects:  65% (1016/1562)        
2024-02-18T21:07:08.4588398Z remote: Compressing objects:  66% (1031/1562)        
2024-02-18T21:07:08.4588879Z remote: Compressing objects:  67% (1047/1562)        
2024-02-18T21:07:08.4589447Z remote: Compressing objects:  68% (1063/1562)        
2024-02-18T21:07:08.4589982Z remote: Compressing objects:  69% (1078/1562)        
2024-02-18T21:07:08.4590550Z remote: Compressing objects:  70% (1094/1562)        
2024-02-18T21:07:08.4591029Z remote: Compressing objects:  71% (1110/1562)        
2024-02-18T21:07:08.4591544Z remote: Compressing objects:  72% (1125/1562)        
2024-02-18T21:07:08.4592261Z remote: Compressing objects:  73% (1141/1562)        
2024-02-18T21:07:08.4592799Z remote: Compressing objects:  74% (1156/1562)        
2024-02-18T21:07:08.4593279Z remote: Compressing objects:  75% (1172/1562)        
2024-02-18T21:07:08.4593839Z remote: Compressing objects:  76% (1188/1562)        
2024-02-18T21:07:08.4594361Z remote: Compressing objects:  77% (1203/1562)        
2024-02-18T21:07:08.4594860Z remote: Compressing objects:  78% (1219/1562)        
2024-02-18T21:07:08.4595413Z remote: Compressing objects:  79% (1234/1562)        
2024-02-18T21:07:08.4595918Z remote: Compressing objects:  80% (1250/1562)        
2024-02-18T21:07:08.4596418Z remote: Compressing objects:  81% (1266/1562)        
2024-02-18T21:07:08.4596994Z remote: Compressing objects:  82% (1281/1562)        
2024-02-18T21:07:08.4597466Z remote: Compressing objects:  83% (1297/1562)        
2024-02-18T21:07:08.4597961Z remote: Compressing objects:  84% (1313/1562)        
2024-02-18T21:07:08.4598544Z remote: Compressing objects:  85% (1328/1562)        
2024-02-18T21:07:08.4599066Z remote: Compressing objects:  86% (1344/1562)        
2024-02-18T21:07:08.4599540Z remote: Compressing objects:  87% (1359/1562)        
2024-02-18T21:07:08.4600139Z remote: Compressing objects:  88% (1375/1562)        
2024-02-18T21:07:08.4600639Z remote: Compressing objects:  89% (1391/1562)        
2024-02-18T21:07:08.4601175Z remote: Compressing objects:  90% (1406/1562)        
2024-02-18T21:07:08.4601762Z remote: Compressing objects:  91% (1422/1562)        
2024-02-18T21:07:08.4602261Z remote: Compressing objects:  92% (1438/1562)        
2024-02-18T21:07:08.4602739Z remote: Compressing objects:  93% (1453/1562)        
2024-02-18T21:07:08.4603301Z remote: Compressing objects:  94% (1469/1562)        
2024-02-18T21:07:08.4603813Z remote: Compressing objects:  95% (1484/1562)        
2024-02-18T21:07:08.4604370Z remote: Compressing objects:  96% (1500/1562)        
2024-02-18T21:07:08.4604840Z remote: Compressing objects:  97% (1516/1562)        
2024-02-18T21:07:08.4605391Z remote: Compressing objects:  98% (1531/1562)        
2024-02-18T21:07:08.4606062Z remote: Compressing objects:  99% (1547/1562)        
2024-02-18T21:07:08.4606601Z remote: Compressing objects: 100% (1562/1562)        
2024-02-18T21:07:08.4607109Z remote: Compressing objects: 100% (1562/1562), done.        
2024-02-18T21:07:08.4689175Z Receiving objects:   0% (1/1745)
2024-02-18T21:07:08.4692217Z Receiving objects:   1% (18/1745)
2024-02-18T21:07:08.4863076Z Receiving objects:   2% (35/1745)
2024-02-18T21:07:08.5271139Z Receiving objects:   3% (53/1745)
2024-02-18T21:07:08.5968972Z Receiving objects:   4% (70/1745)
2024-02-18T21:07:08.5970686Z Receiving objects:   5% (88/1745)
2024-02-18T21:07:08.5974822Z Receiving objects:   6% (105/1745)
2024-02-18T21:07:08.5980435Z Receiving objects:   7% (123/1745)
2024-02-18T21:07:08.5984178Z Receiving objects:   8% (140/1745)
2024-02-18T21:07:08.5988359Z Receiving objects:   9% (158/1745)
2024-02-18T21:07:08.5992815Z Receiving objects:  10% (175/1745)
2024-02-18T21:07:08.5996360Z Receiving objects:  11% (192/1745)
2024-02-18T21:07:08.5999247Z Receiving objects:  12% (210/1745)
2024-02-18T21:07:08.6010561Z Receiving objects:  13% (227/1745)
2024-02-18T21:07:08.6017411Z Receiving objects:  14% (245/1745)
2024-02-18T21:07:08.6018149Z Receiving objects:  15% (262/1745)
2024-02-18T21:07:08.6022464Z Receiving objects:  16% (280/1745)
2024-02-18T21:07:08.6027037Z Receiving objects:  17% (297/1745)
2024-02-18T21:07:08.6031730Z Receiving objects:  18% (315/1745)
2024-02-18T21:07:08.6036895Z Receiving objects:  19% (332/1745)
2024-02-18T21:07:08.6041594Z Receiving objects:  20% (349/1745)
2024-02-18T21:07:08.6045542Z Receiving objects:  21% (367/1745)
2024-02-18T21:07:08.6049075Z Receiving objects:  22% (384/1745)
2024-02-18T21:07:08.6054020Z Receiving objects:  23% (402/1745)
2024-02-18T21:07:08.6060111Z Receiving objects:  24% (419/1745)
2024-02-18T21:07:08.6065228Z Receiving objects:  25% (437/1745)
2024-02-18T21:07:08.6066271Z Receiving objects:  26% (454/1745)
2024-02-18T21:07:08.6070216Z Receiving objects:  27% (472/1745)
2024-02-18T21:07:08.6072727Z Receiving objects:  28% (489/1745)
2024-02-18T21:07:08.6076241Z Receiving objects:  29% (507/1745)
2024-02-18T21:07:08.6079256Z Receiving objects:  30% (524/1745)
2024-02-18T21:07:08.6083973Z Receiving objects:  31% (541/1745)
2024-02-18T21:07:08.6086792Z Receiving objects:  32% (559/1745)
2024-02-18T21:07:08.6090425Z Receiving objects:  33% (576/1745)
2024-02-18T21:07:08.6092899Z Receiving objects:  34% (594/1745)
2024-02-18T21:07:08.6095368Z Receiving objects:  35% (611/1745)
2024-02-18T21:07:08.6099785Z Receiving objects:  36% (629/1745)
2024-02-18T21:07:08.6104276Z Receiving objects:  37% (646/1745)
2024-02-18T21:07:08.6106432Z Receiving objects:  38% (664/1745)
2024-02-18T21:07:08.6110068Z Receiving objects:  39% (681/1745)
2024-02-18T21:07:08.6114441Z Receiving objects:  40% (698/1745)
2024-02-18T21:07:08.6118388Z Receiving objects:  41% (716/1745)
2024-02-18T21:07:08.6122659Z Receiving objects:  42% (733/1745)
2024-02-18T21:07:08.6126257Z Receiving objects:  43% (751/1745)
2024-02-18T21:07:08.6129469Z Receiving objects:  44% (768/1745)
2024-02-18T21:07:08.6136216Z Receiving objects:  45% (786/1745)
2024-02-18T21:07:08.6137407Z Receiving objects:  46% (803/1745)
2024-02-18T21:07:08.6139223Z Receiving objects:  47% (821/1745)
2024-02-18T21:07:08.6143817Z Receiving objects:  48% (838/1745)
2024-02-18T21:07:08.6145607Z Receiving objects:  49% (856/1745)
2024-02-18T21:07:08.6147616Z Receiving objects:  50% (873/1745)
2024-02-18T21:07:08.6148437Z Receiving objects:  51% (890/1745)
2024-02-18T21:07:08.6151842Z Receiving objects:  52% (908/1745)
2024-02-18T21:07:08.6157220Z Receiving objects:  53% (925/1745)
2024-02-18T21:07:08.6161393Z Receiving objects:  54% (943/1745)
2024-02-18T21:07:08.6168440Z Receiving objects:  55% (960/1745)
2024-02-18T21:07:08.6172722Z Receiving objects:  56% (978/1745)
2024-02-18T21:07:08.6174632Z Receiving objects:  57% (995/1745)
2024-02-18T21:07:08.6176975Z Receiving objects:  58% (1013/1745)
2024-02-18T21:07:08.6178707Z Receiving objects:  59% (1030/1745)
2024-02-18T21:07:08.6181756Z Receiving objects:  60% (1047/1745)
2024-02-18T21:07:08.6183703Z Receiving objects:  61% (1065/1745)
2024-02-18T21:07:08.6185371Z Receiving objects:  62% (1082/1745)
2024-02-18T21:07:08.6187306Z Receiving objects:  63% (1100/1745)
2024-02-18T21:07:08.6189184Z Receiving objects:  64% (1117/1745)
2024-02-18T21:07:08.6190986Z Receiving objects:  65% (1135/1745)
2024-02-18T21:07:08.6193099Z Receiving objects:  66% (1152/1745)
2024-02-18T21:07:08.6195393Z Receiving objects:  67% (1170/1745)
2024-02-18T21:07:08.6197299Z Receiving objects:  68% (1187/1745)
2024-02-18T21:07:08.6199965Z Receiving objects:  69% (1205/1745)
2024-02-18T21:07:08.6201550Z Receiving objects:  70% (1222/1745)
2024-02-18T21:07:08.6208630Z Receiving objects:  71% (1239/1745)
2024-02-18T21:07:08.6221541Z Receiving objects:  72% (1257/1745)
2024-02-18T21:07:08.6224406Z Receiving objects:  73% (1274/1745)
2024-02-18T21:07:08.6226495Z Receiving objects:  74% (1292/1745)
2024-02-18T21:07:08.6323347Z Receiving objects:  75% (1309/1745)
2024-02-18T21:07:08.6821534Z Receiving objects:  76% (1327/1745)
2024-02-18T21:07:08.6917177Z Receiving objects:  77% (1344/1745)
2024-02-18T21:07:08.7641005Z Receiving objects:  78% (1362/1745)
2024-02-18T21:07:08.7687208Z Receiving objects:  79% (1379/1745)
2024-02-18T21:07:08.8508942Z Receiving objects:  80% (1396/1745)
2024-02-18T21:07:08.8514479Z Receiving objects:  81% (1414/1745)
2024-02-18T21:07:08.8516847Z Receiving objects:  82% (1431/1745)
2024-02-18T21:07:08.8519621Z Receiving objects:  83% (1449/1745)
2024-02-18T21:07:08.8525085Z Receiving objects:  84% (1466/1745)
2024-02-18T21:07:08.8528881Z Receiving objects:  85% (1484/1745)
2024-02-18T21:07:08.8535768Z Receiving objects:  86% (1501/1745)
2024-02-18T21:07:08.8543016Z Receiving objects:  87% (1519/1745)
2024-02-18T21:07:08.8548113Z Receiving objects:  88% (1536/1745)
2024-02-18T21:07:08.8552861Z Receiving objects:  89% (1554/1745)
2024-02-18T21:07:08.8559523Z Receiving objects:  90% (1571/1745)
2024-02-18T21:07:08.8565751Z Receiving objects:  91% (1588/1745)
2024-02-18T21:07:08.8570726Z Receiving objects:  92% (1606/1745)
2024-02-18T21:07:08.8575331Z Receiving objects:  93% (1623/1745)
2024-02-18T21:07:08.8579669Z Receiving objects:  94% (1641/1745)
2024-02-18T21:07:08.8583525Z Receiving objects:  95% (1658/1745)
2024-02-18T21:07:08.8586070Z Receiving objects:  96% (1676/1745)
2024-02-18T21:07:08.8595001Z Receiving objects:  97% (1693/1745)
2024-02-18T21:07:08.8603187Z Receiving objects:  98% (1711/1745)
2024-02-18T21:07:08.8618799Z Receiving objects:  99% (1728/1745)
2024-02-18T21:07:08.8621057Z remote: Total 1745 (delta 278), reused 989 (delta 144), pack-reused 0        
2024-02-18T21:07:08.8627756Z Receiving objects: 100% (1745/1745)
2024-02-18T21:07:08.8628605Z Receiving objects: 100% (1745/1745), 6.60 MiB | 16.72 MiB/s, done.
2024-02-18T21:07:08.8633649Z Resolving deltas:   0% (0/278)
2024-02-18T21:07:08.8634663Z Resolving deltas:   1% (3/278)
2024-02-18T21:07:08.8636348Z Resolving deltas:   2% (6/278)
2024-02-18T21:07:08.8638339Z Resolving deltas:   3% (9/278)
2024-02-18T21:07:08.8639731Z Resolving deltas:   4% (12/278)
2024-02-18T21:07:08.8642615Z Resolving deltas:   5% (14/278)
2024-02-18T21:07:08.8643255Z Resolving deltas:   6% (17/278)
2024-02-18T21:07:08.8643889Z Resolving deltas:   7% (20/278)
2024-02-18T21:07:08.8646685Z Resolving deltas:   8% (23/278)
2024-02-18T21:07:08.8647333Z Resolving deltas:   9% (26/278)
2024-02-18T21:07:08.8647895Z Resolving deltas:  10% (28/278)
2024-02-18T21:07:08.8658585Z Resolving deltas:  11% (31/278)
2024-02-18T21:07:08.8660212Z Resolving deltas:  12% (34/278)
2024-02-18T21:07:08.8661084Z Resolving deltas:  13% (37/278)
2024-02-18T21:07:08.8666015Z Resolving deltas:  14% (39/278)
2024-02-18T21:07:08.8666912Z Resolving deltas:  15% (42/278)
2024-02-18T21:07:08.8667738Z Resolving deltas:  16% (45/278)
2024-02-18T21:07:08.8668686Z Resolving deltas:  17% (48/278)
2024-02-18T21:07:08.8669364Z Resolving deltas:  18% (51/278)
2024-02-18T21:07:08.8670038Z Resolving deltas:  19% (53/278)
2024-02-18T21:07:08.8670977Z Resolving deltas:  20% (56/278)
2024-02-18T21:07:08.8671646Z Resolving deltas:  21% (59/278)
2024-02-18T21:07:08.8672258Z Resolving deltas:  22% (62/278)
2024-02-18T21:07:08.8673939Z Resolving deltas:  23% (64/278)
2024-02-18T21:07:08.8675030Z Resolving deltas:  24% (68/278)
2024-02-18T21:07:08.8677608Z Resolving deltas:  25% (70/278)
2024-02-18T21:07:08.8682915Z Resolving deltas:  26% (73/278)
2024-02-18T21:07:08.8683756Z Resolving deltas:  27% (76/278)
2024-02-18T21:07:08.8684682Z Resolving deltas:  28% (78/278)
2024-02-18T21:07:08.8685680Z Resolving deltas:  29% (81/278)
2024-02-18T21:07:08.8686431Z Resolving deltas:  30% (84/278)
2024-02-18T21:07:08.8687102Z Resolving deltas:  31% (87/278)
2024-02-18T21:07:08.8687984Z Resolving deltas:  32% (89/278)
2024-02-18T21:07:08.8688725Z Resolving deltas:  33% (92/278)
2024-02-18T21:07:08.8689588Z Resolving deltas:  34% (95/278)
2024-02-18T21:07:08.8690611Z Resolving deltas:  35% (98/278)
2024-02-18T21:07:08.8691610Z Resolving deltas:  36% (101/278)
2024-02-18T21:07:08.8692761Z Resolving deltas:  37% (103/278)
2024-02-18T21:07:08.8694192Z Resolving deltas:  38% (106/278)
2024-02-18T21:07:08.8696494Z Resolving deltas:  39% (109/278)
2024-02-18T21:07:08.8697619Z Resolving deltas:  40% (112/278)
2024-02-18T21:07:08.8698502Z Resolving deltas:  41% (114/278)
2024-02-18T21:07:08.8699382Z Resolving deltas:  42% (117/278)
2024-02-18T21:07:08.8700225Z Resolving deltas:  43% (120/278)
2024-02-18T21:07:08.8701572Z Resolving deltas:  44% (123/278)
2024-02-18T21:07:08.8702235Z Resolving deltas:  45% (126/278)
2024-02-18T21:07:08.8702971Z Resolving deltas:  46% (128/278)
2024-02-18T21:07:08.8703598Z Resolving deltas:  47% (131/278)
2024-02-18T21:07:08.8704217Z Resolving deltas:  48% (134/278)
2024-02-18T21:07:08.8704941Z Resolving deltas:  49% (137/278)
2024-02-18T21:07:08.8705746Z Resolving deltas:  50% (139/278)
2024-02-18T21:07:08.8706374Z Resolving deltas:  51% (142/278)
2024-02-18T21:07:08.8707578Z Resolving deltas:  52% (145/278)
2024-02-18T21:07:08.8709136Z Resolving deltas:  53% (148/278)
2024-02-18T21:07:08.8709920Z Resolving deltas:  54% (151/278)
2024-02-18T21:07:08.8711260Z Resolving deltas:  55% (153/278)
2024-02-18T21:07:08.8711902Z Resolving deltas:  56% (156/278)
2024-02-18T21:07:08.8712675Z Resolving deltas:  57% (159/278)
2024-02-18T21:07:08.8713249Z Resolving deltas:  58% (162/278)
2024-02-18T21:07:08.8713869Z Resolving deltas:  59% (165/278)
2024-02-18T21:07:08.8714610Z Resolving deltas:  60% (167/278)
2024-02-18T21:07:08.8715220Z Resolving deltas:  61% (170/278)
2024-02-18T21:07:08.8717218Z Resolving deltas:  62% (173/278)
2024-02-18T21:07:08.8718225Z Resolving deltas:  63% (176/278)
2024-02-18T21:07:08.8719992Z Resolving deltas:  64% (178/278)
2024-02-18T21:07:08.8720677Z Resolving deltas:  65% (181/278)
2024-02-18T21:07:08.8721476Z Resolving deltas:  66% (184/278)
2024-02-18T21:07:08.8722040Z Resolving deltas:  67% (187/278)
2024-02-18T21:07:08.8724122Z Resolving deltas:  68% (190/278)
2024-02-18T21:07:08.8725212Z Resolving deltas:  69% (192/278)
2024-02-18T21:07:08.8725885Z Resolving deltas:  70% (195/278)
2024-02-18T21:07:08.8726507Z Resolving deltas:  71% (198/278)
2024-02-18T21:07:08.8727263Z Resolving deltas:  72% (201/278)
2024-02-18T21:07:08.8727829Z Resolving deltas:  73% (203/278)
2024-02-18T21:07:08.8729205Z Resolving deltas:  74% (206/278)
2024-02-18T21:07:08.8730277Z Resolving deltas:  75% (209/278)
2024-02-18T21:07:08.8730991Z Resolving deltas:  76% (212/278)
2024-02-18T21:07:08.8731571Z Resolving deltas:  77% (215/278)
2024-02-18T21:07:08.8732303Z Resolving deltas:  78% (217/278)
2024-02-18T21:07:08.8732943Z Resolving deltas:  79% (220/278)
2024-02-18T21:07:08.8733676Z Resolving deltas:  80% (223/278)
2024-02-18T21:07:08.8734429Z Resolving deltas:  81% (226/278)
2024-02-18T21:07:08.8735084Z Resolving deltas:  82% (228/278)
2024-02-18T21:07:08.8735812Z Resolving deltas:  83% (231/278)
2024-02-18T21:07:08.8736449Z Resolving deltas:  84% (234/278)
2024-02-18T21:07:08.8742999Z Resolving deltas:  85% (237/278)
2024-02-18T21:07:08.8745429Z Resolving deltas:  86% (240/278)
2024-02-18T21:07:08.8746187Z Resolving deltas:  87% (243/278)
2024-02-18T21:07:08.8747834Z Resolving deltas:  88% (245/278)
2024-02-18T21:07:08.8748633Z Resolving deltas:  89% (248/278)
2024-02-18T21:07:08.8751455Z Resolving deltas:  90% (251/278)
2024-02-18T21:07:08.8752368Z Resolving deltas:  91% (253/278)
2024-02-18T21:07:08.8753192Z Resolving deltas:  92% (256/278)
2024-02-18T21:07:08.8754661Z Resolving deltas:  93% (259/278)
2024-02-18T21:07:08.8755834Z Resolving deltas:  94% (262/278)
2024-02-18T21:07:08.8757701Z Resolving deltas:  95% (265/278)
2024-02-18T21:07:08.8758980Z Resolving deltas:  96% (267/278)
2024-02-18T21:07:08.8760616Z Resolving deltas:  97% (270/278)
2024-02-18T21:07:08.8762931Z Resolving deltas:  98% (273/278)
2024-02-18T21:07:08.8763835Z Resolving deltas:  99% (276/278)
2024-02-18T21:07:08.8764890Z Resolving deltas: 100% (278/278)
2024-02-18T21:07:08.8765735Z Resolving deltas: 100% (278/278), done.
2024-02-18T21:07:08.8911480Z From https://github.com/rubyforgood/human-essentials
2024-02-18T21:07:08.8912544Z  * [new ref]         867785c853b3389461249ac7f2481c74d3990566 -> pull/4093/merge
2024-02-18T21:07:08.8938924Z ##[endgroup]
2024-02-18T21:07:08.8940086Z ##[group]Determining the checkout info
2024-02-18T21:07:08.8942269Z ##[endgroup]
2024-02-18T21:07:08.8943224Z ##[group]Checking out the ref
2024-02-18T21:07:08.8947933Z [command]/usr/bin/git checkout --progress --force refs/remotes/pull/4093/merge
2024-02-18T21:07:09.0283384Z Note: switching to 'refs/remotes/pull/4093/merge'.
2024-02-18T21:07:09.0284379Z 
2024-02-18T21:07:09.0285190Z You are in 'detached HEAD' state. You can look around, make experimental
2024-02-18T21:07:09.0286714Z changes and commit them, and you can discard any commits you make in this
2024-02-18T21:07:09.0288002Z state without impacting any branches by switching back to a branch.
2024-02-18T21:07:09.0288677Z 
2024-02-18T21:07:09.0289148Z If you want to create a new branch to retain commits you create, you may
2024-02-18T21:07:09.0291118Z do so (now or later) by using -c with the switch command. Example:
2024-02-18T21:07:09.0291977Z 
2024-02-18T21:07:09.0292308Z   git switch -c <new-branch-name>
2024-02-18T21:07:09.0292786Z 
2024-02-18T21:07:09.0293112Z Or undo this operation with:
2024-02-18T21:07:09.0293518Z 
2024-02-18T21:07:09.0293721Z   git switch -
2024-02-18T21:07:09.0294206Z 
2024-02-18T21:07:09.0294728Z Turn off this advice by setting config variable advice.detachedHead to false
2024-02-18T21:07:09.0295482Z 
2024-02-18T21:07:09.0296254Z HEAD is now at 867785c Merge 93a6348da705a85fd4f2f6bc23b6fbea38c3e27f into 4ba85b7982fa5e92c5fb79d29c2290054e6e16d8
2024-02-18T21:07:09.0298255Z ##[endgroup]
2024-02-18T21:07:09.0348586Z [command]/usr/bin/git log -1 --format='%H'
2024-02-18T21:07:09.0385705Z '867785c853b3389461249ac7f2481c74d3990566'
2024-02-18T21:07:09.0691462Z ##[group]Run ruby/setup-ruby@v1
2024-02-18T21:07:09.0691976Z with:
2024-02-18T21:07:09.0692412Z   bundler-cache: true
2024-02-18T21:07:09.0692785Z   ruby-version: default
2024-02-18T21:07:09.0693137Z ##[endgroup]
2024-02-18T21:07:09.2467547Z Using 3.2.2 as input from file .ruby-version
2024-02-18T21:07:09.2507696Z ##[group]Modifying PATH
2024-02-18T21:07:09.2508470Z Entries added to PATH to use selected Ruby:
2024-02-18T21:07:09.2509412Z   /opt/hostedtoolcache/Ruby/3.2.2/x64/bin
2024-02-18T21:07:09.2510212Z ##[endgroup]
2024-02-18T21:07:09.2535042Z ##[group]Downloading Ruby
2024-02-18T21:07:09.2538854Z https://github.com/ruby/ruby-builder/releases/download/toolcache/ruby-3.2.2-ubuntu-22.04.tar.gz
2024-02-18T21:07:09.8980454Z Took   0.64 seconds
2024-02-18T21:07:09.8982221Z ##[endgroup]
2024-02-18T21:07:09.8983563Z ##[group]Extracting  Ruby
2024-02-18T21:07:09.9012117Z [command]/usr/bin/tar -xz -C /opt/hostedtoolcache/Ruby/3.2.2 -f /home/runner/work/_temp/c9c38e44-7ab2-41e1-b8b3-5053c35edc8f
2024-02-18T21:07:10.2950672Z Took   0.40 seconds
2024-02-18T21:07:10.2952261Z ##[endgroup]
2024-02-18T21:07:10.2953371Z ##[group]Print Ruby version
2024-02-18T21:07:10.2964964Z [command]/opt/hostedtoolcache/Ruby/3.2.2/x64/bin/ruby --version
2024-02-18T21:07:10.3192584Z ruby 3.2.2 (2023-03-30 revision e51014f9c0) [x86_64-linux]
2024-02-18T21:07:10.3214154Z Took   0.03 seconds
2024-02-18T21:07:10.3215637Z ##[endgroup]
2024-02-18T21:07:10.3216522Z ##[group]Installing Bundler
2024-02-18T21:07:10.3221790Z Using Bundler 2.5.4 from Gemfile.lock BUNDLED WITH 2.5.4
2024-02-18T21:07:10.3226329Z [command]/opt/hostedtoolcache/Ruby/3.2.2/x64/bin/gem install bundler -v 2.5.4
2024-02-18T21:07:10.7135429Z Successfully installed bundler-2.5.4
2024-02-18T21:07:10.7136156Z 1 gem installed
2024-02-18T21:07:10.7194392Z Took   0.40 seconds
2024-02-18T21:07:10.7196021Z ##[endgroup]
2024-02-18T21:07:10.7196723Z > bundle install
2024-02-18T21:07:10.7214808Z [command]/opt/hostedtoolcache/Ruby/3.2.2/x64/bin/bundle config --local path /home/runner/work/human-essentials/human-essentials/vendor/bundle
2024-02-18T21:07:10.8698932Z [command]/opt/hostedtoolcache/Ruby/3.2.2/x64/bin/bundle config --local deployment true
2024-02-18T21:07:11.0172605Z Cache key: setup-ruby-bundler-cache-v6-ubuntu-22.04-x64-ruby-3.2.2-wd-/home/runner/work/human-essentials/human-essentials-with--without--only--Gemfile.lock-5e787c1735fd97488a1f016b3f68a7dc7590c1affae4b7811a8a2d170963f242
2024-02-18T21:07:12.5929949Z Received 0 of 214937237 (0.0%), 0.0 MBs/sec
2024-02-18T21:07:13.5930790Z Received 138412032 of 214937237 (64.4%), 66.0 MBs/sec
2024-02-18T21:07:14.0823263Z Cache Size: ~205 MB (214937237 B)
2024-02-18T21:07:14.0860743Z [command]/usr/bin/tar -xf /home/runner/work/_temp/3b285f29-4753-46cc-9db7-5f2fa83dc8c1/cache.tzst -P -C /home/runner/work/human-essentials/human-essentials --use-compress-program unzstd
2024-02-18T21:07:14.5929827Z Received 214937237 of 214937237 (100.0%), 68.3 MBs/sec
2024-02-18T21:07:15.8305758Z Cache restored successfully
2024-02-18T21:07:15.8735126Z Found cache for key: setup-ruby-bundler-cache-v6-ubuntu-22.04-x64-ruby-3.2.2-wd-/home/runner/work/human-essentials/human-essentials-with--without--only--Gemfile.lock-5e787c1735fd97488a1f016b3f68a7dc7590c1affae4b7811a8a2d170963f242
2024-02-18T21:07:15.8744346Z [command]/opt/hostedtoolcache/Ruby/3.2.2/x64/bin/bundle install --jobs 4
2024-02-18T21:07:16.2516800Z Bundle complete! 85 Gemfile dependencies, 245 gems now installed.
2024-02-18T21:07:16.2518480Z Bundled gems are installed into `./vendor/bundle`
2024-02-18T21:07:16.2566174Z Took   5.54 seconds
2024-02-18T21:07:16.2763768Z ##[group]Run sudo apt-get -yqq install libpq-dev
2024-02-18T21:07:16.2764530Z [36;1msudo apt-get -yqq install libpq-dev[0m
2024-02-18T21:07:16.2807740Z shell: /usr/bin/bash -e {0}
2024-02-18T21:07:16.2808164Z ##[endgroup]
2024-02-18T21:07:17.3830840Z ##[group]Run bundle exec rake db:create
2024-02-18T21:07:17.3831377Z [36;1mbundle exec rake db:create[0m
2024-02-18T21:07:17.3831959Z [36;1mbundle exec rake db:schema:load[0m
2024-02-18T21:07:17.3832445Z [36;1mbundle exec rails assets:precompile[0m
2024-02-18T21:07:17.3860388Z shell: /usr/bin/bash -e {0}
2024-02-18T21:07:17.3860814Z env:
2024-02-18T21:07:17.3861244Z   POSTGRES_HOST: localhost
2024-02-18T21:07:17.3861626Z   DATABASE_HOST: localhost
2024-02-18T21:07:17.3862013Z   PG_USERNAME: postgres
2024-02-18T21:07:17.3862409Z   PG_PASSWORD: password
2024-02-18T21:07:17.3862798Z   POSTGRES_HOST_AUTH_METHOD: trust
2024-02-18T21:07:17.3863202Z   POSTGRES_PORT: 5432
2024-02-18T21:07:17.3863608Z   RAILS_ENV: test
2024-02-18T21:07:17.3863954Z ##[endgroup]
2024-02-18T21:07:23.8326249Z We could not find your database: diaper_test. Which can be found in the database configuration file located at config/database.yml.
2024-02-18T21:07:23.8327632Z 
2024-02-18T21:07:23.8328008Z To resolve this issue:
2024-02-18T21:07:23.8328600Z 
2024-02-18T21:07:23.8329581Z - Did you create the database for this app, or delete it? You may need to create your database.
2024-02-18T21:07:23.8331749Z - Has the database name changed? Check your database.yml config has the correct database name.
2024-02-18T21:07:23.8332694Z 
2024-02-18T21:07:23.8332917Z To create your database, run:
2024-02-18T21:07:23.8333366Z 
2024-02-18T21:07:23.8333570Z         bin/rails db:create
2024-02-18T21:07:23.8334606Z . You likely need to run `rails g flipper:active_record` and/or `rails db:migrate`.
2024-02-18T21:07:24.0732981Z Created database 'diaper_test'
2024-02-18T21:07:24.4004523Z Coverage report generated for RSpec to /home/runner/work/human-essentials/human-essentials/coverage. 442 / 9937 LOC (4.45%) covered.
2024-02-18T21:07:30.8052181Z PG::UndefinedTable: ERROR:  relation "flipper_gates" does not exist
2024-02-18T21:07:30.8053750Z LINE 9:  WHERE a.attrelid = '"flipper_gates"'::regclass
2024-02-18T21:07:30.8054795Z                             ^
2024-02-18T21:07:30.8055812Z . You likely need to run `rails g flipper:active_record` and/or `rails db:migrate`.
2024-02-18T21:07:31.7033347Z Coverage report generated for RSpec to /home/runner/work/human-essentials/human-essentials/coverage. 442 / 9937 LOC (4.45%) covered.
2024-02-18T21:08:05.7023055Z W, [2024-02-18T13:08:05.701920 #2310]  WARN -- : Removed sourceMappingURL comment for missing asset 'adminlte.js.map' from /home/runner/work/human-essentials/human-essentials/app/javascript/adminlte.js
2024-02-18T21:08:05.7665180Z I, [2024-02-18T13:08:05.766121 #2310]  INFO -- : Writing /home/runner/work/human-essentials/human-essentials/public/assets/manifest-90aab26ade71e747f745b1227b433fd7d580a54f279ee2be6e1a67bb326bf03a.js
2024-02-18T21:08:05.7669287Z I, [2024-02-18T13:08:05.766291 #2310]  INFO -- : Writing /home/runner/work/human-essentials/human-essentials/public/assets/manifest-90aab26ade71e747f745b1227b433fd7d580a54f279ee2be6e1a67bb326bf03a.js.gz
2024-02-18T21:08:05.7672942Z I, [2024-02-18T13:08:05.766554 #2310]  INFO -- : Writing /home/runner/work/human-essentials/human-essentials/public/assets/filterrific/filterrific-spinner-415824b210964b6cdb1db0bd9508be8644b9fde094b392f73055b20d369885b6.gif
2024-02-18T21:08:05.7677406Z I, [2024-02-18T13:08:05.767486 #2310]  INFO -- : Writing /home/runner/work/human-essentials/human-essentials/public/assets/bootstrap.min-67c48d88a8e0be178058aacb338b084191ed6d65c8fef751c50248202cf1488a.js
2024-02-18T21:08:05.7681039Z I, [2024-02-18T13:08:05.767921 #2310]  INFO -- : Writing /home/runner/work/human-essentials/human-essentials/public/assets/bootstrap.min-67c48d88a8e0be178058aacb338b084191ed6d65c8fef751c50248202cf1488a.js.gz
2024-02-18T21:08:05.7684295Z I, [2024-02-18T13:08:05.768201 #2310]  INFO -- : Writing /home/runner/work/human-essentials/human-essentials/public/assets/DiaperBase-Logo-f18172876cab49a451ca9c3178b578ab2019e03f111a6b6f3ba0c1b40b3d7c0c.png
2024-02-18T21:08:05.7691389Z I, [2024-02-18T13:08:05.768849 #2310]  INFO -- : Writing /home/runner/work/human-essentials/human-essentials/public/assets/Just-Diaper-05bf6a1b70ccad149eb4eca7b5f9fcca1f9c37bab1f8e5edb6798d66c903ba53.svg
2024-02-18T21:08:05.7695539Z I, [2024-02-18T13:08:05.769307 #2310]  INFO -- : Writing /home/runner/work/human-essentials/human-essentials/public/assets/Just-Diaper-05bf6a1b70ccad149eb4eca7b5f9fcca1f9c37bab1f8e5edb6798d66c903ba53.svg.gz
2024-02-18T21:08:05.7699019Z I, [2024-02-18T13:08:05.769442 #2310]  INFO -- : Writing /home/runner/work/human-essentials/human-essentials/public/assets/barcode-932aed25f5c148b36882be3bfb6696ecdd362ba0a709ff0674a10477f2aad8f3.svg
2024-02-18T21:08:05.7701703Z I, [2024-02-18T13:08:05.769746 #2310]  INFO -- : Writing /home/runner/work/human-essentials/human-essentials/public/assets/barcode-932aed25f5c148b36882be3bfb6696ecdd362ba0a709ff0674a10477f2aad8f3.svg.gz
2024-02-18T21:08:05.7705337Z I, [2024-02-18T13:08:05.770196 #2310]  INFO -- : Writing /home/runner/work/human-essentials/human-essentials/public/assets/bars-db7a0aaf1cd735270b170cba53dca71c75473940ab48639c609a72964eb92f4d.svg
2024-02-18T21:08:05.7708545Z I, [2024-02-18T13:08:05.770312 #2310]  INFO -- : Writing /home/runner/work/human-essentials/human-essentials/public/assets/bars-db7a0aaf1cd735270b170cba53dca71c75473940ab48639c609a72964eb92f4d.svg.gz
2024-02-18T21:08:05.7710666Z I, [2024-02-18T13:08:05.770619 #2310]  INFO -- : Writing /home/runner/work/human-essentials/human-essentials/public/assets/blue@2x-709ca6c252f762af1e5efb0ef1e7444a712cb0ec010fee01749b67a595a7c0c6.png
2024-02-18T21:08:05.7719224Z I, [2024-02-18T13:08:05.771668 #2310]  INFO -- : Writing /home/runner/work/human-essentials/human-essentials/public/assets/boxed-bg-6c60c3f8655fa4062631bbe1434face4fe3d70392159e976ec09ca6ad9330e7d.jpg
2024-02-18T21:08:05.7728047Z I, [2024-02-18T13:08:05.772548 #2310]  INFO -- : Writing /home/runner/work/human-essentials/human-essentials/public/assets/boxed-bg-eb7b1fa0c09f5ef599fc5138e33168827f2ec4e1f796cf8a78570d8a73a58190.png
2024-02-18T21:08:05.7733517Z I, [2024-02-18T13:08:05.773110 #2310]  INFO -- : Writing /home/runner/work/human-essentials/human-essentials/public/assets/dashboard-image-3db42e909886dffccb680715feccab83cc867b4581b0009558e746364e2ec332.svg
2024-02-18T21:08:05.7738378Z I, [2024-02-18T13:08:05.773579 #2310]  INFO -- : Writing /home/runner/work/human-essentials/human-essentials/public/assets/dashboard-image-3db42e909886dffccb680715feccab83cc867b4581b0009558e746364e2ec332.svg.gz
2024-02-18T21:08:05.7741659Z I, [2024-02-18T13:08:05.773778 #2310]  INFO -- : Writing /home/runner/work/human-essentials/human-essentials/public/assets/forecasting-32dffccc42e6c09203d36acbc2243b4bc746dc2f1198c1ff43def4bb48e335b2.svg
2024-02-18T21:08:05.7744814Z I, [2024-02-18T13:08:05.774181 #2310]  INFO -- : Writing /home/runner/work/human-essentials/human-essentials/public/assets/forecasting-32dffccc42e6c09203d36acbc2243b4bc746dc2f1198c1ff43def4bb48e335b2.svg.gz
2024-02-18T21:08:05.7748604Z I, [2024-02-18T13:08:05.774374 #2310]  INFO -- : Writing /home/runner/work/human-essentials/human-essentials/public/assets/hero-image-0ba273def6de748beb2a64206e115d8e4a109ad51ef255512f4c6522e5b9225b.svg
2024-02-18T21:08:05.7751980Z I, [2024-02-18T13:08:05.774942 #2310]  INFO -- : Writing /home/runner/work/human-essentials/human-essentials/public/assets/hero-image-0ba273def6de748beb2a64206e115d8e4a109ad51ef255512f4c6522e5b9225b.svg.gz
2024-02-18T21:08:05.7755352Z I, [2024-02-18T13:08:05.775206 #2310]  INFO -- : Writing /home/runner/work/human-essentials/human-essentials/public/assets/inventory-image-3d91fc8087e13632114d9d129a680b992e02aae297b2bf180089cd55792249b2.svg
2024-02-18T21:08:05.7762228Z I, [2024-02-18T13:08:05.775823 #2310]  INFO -- : Writing /home/runner/work/human-essentials/human-essentials/public/assets/inventory-image-3d91fc8087e13632114d9d129a680b992e02aae297b2bf180089cd55792249b2.svg.gz
2024-02-18T21:08:05.7774063Z I, [2024-02-18T13:08:05.776410 #2310]  INFO -- : Writing /home/runner/work/human-essentials/human-essentials/public/assets/partner-management-c2cd4a940d1cf59f66928bc5097b4d4528b6de95abcc66421edf341c59311d40.svg
2024-02-18T21:08:05.7777837Z I, [2024-02-18T13:08:05.776646 #2310]  INFO -- : Writing /home/runner/work/human-essentials/human-essentials/public/assets/partner-management-c2cd4a940d1cf59f66928bc5097b4d4528b6de95abcc66421edf341c59311d40.svg.gz
2024-02-18T21:08:05.7781520Z I, [2024-02-18T13:08:05.776928 #2310]  INFO -- : Writing /home/runner/work/human-essentials/human-essentials/public/assets/quote-e4395f28913ad7b7785c522f0b6f2363a960720cf3bc26705438f6efb55edb7d.svg
2024-02-18T21:08:05.7838484Z I, [2024-02-18T13:08:05.783245 #2310]  INFO -- : Writing /home/runner/work/human-essentials/human-essentials/public/assets/quote-e4395f28913ad7b7785c522f0b6f2363a960720cf3bc26705438f6efb55edb7d.svg.gz
2024-02-18T21:08:05.7846135Z I, [2024-02-18T13:08:05.783390 #2310]  INFO -- : Writing /home/runner/work/human-essentials/human-essentials/public/assets/report-image-a9fc71739eca5457d288f1c234a0d84237ba8eef8bd20a9935bd45d84d03ae6b.svg
2024-02-18T21:08:05.7856089Z I, [2024-02-18T13:08:05.783534 #2310]  INFO -- : Writing /home/runner/work/human-essentials/human-essentials/public/assets/report-image-a9fc71739eca5457d288f1c234a0d84237ba8eef8bd20a9935bd45d84d03ae6b.svg.gz
2024-02-18T21:08:05.7859725Z I, [2024-02-18T13:08:05.783662 #2310]  INFO -- : Writing /home/runner/work/human-essentials/human-essentials/public/assets/test-only-background-c4843e992a593298a8c43815c8950b766061a96fd7d3e92838354914c41d7243.jpg
2024-02-18T21:08:05.7862987Z I, [2024-02-18T13:08:05.783834 #2310]  INFO -- : Writing /home/runner/work/human-essentials/human-essentials/public/assets/AdminLTE-9d75f9bf2ec81bc0a0de450227ed6268dad2cd66401439503c18d3241dfb241d.css
2024-02-18T21:08:05.7866281Z I, [2024-02-18T13:08:05.783935 #2310]  INFO -- : Writing /home/runner/work/human-essentials/human-essentials/public/assets/AdminLTE-9d75f9bf2ec81bc0a0de450227ed6268dad2cd66401439503c18d3241dfb241d.css.gz
2024-02-18T21:08:05.7869496Z I, [2024-02-18T13:08:05.784053 #2310]  INFO -- : Writing /home/runner/work/human-essentials/human-essentials/public/assets/_colors-04024382391bb910584145d8113cf35ef376b55d125bb4516cebeb14ce788597.css
2024-02-18T21:08:05.7872923Z I, [2024-02-18T13:08:05.784163 #2310]  INFO -- : Writing /home/runner/work/human-essentials/human-essentials/public/assets/_colors-04024382391bb910584145d8113cf35ef376b55d125bb4516cebeb14ce788597.css.gz
2024-02-18T21:08:05.7876580Z I, [2024-02-18T13:08:05.784291 #2310]  INFO -- : Writing /home/runner/work/human-essentials/human-essentials/public/assets/application-0da4ed653cd2be46690d3296e155ff2f65c183e52d7a8c3467d17640386866d5.css
2024-02-18T21:08:05.7880349Z I, [2024-02-18T13:08:05.784371 #2310]  INFO -- : Writing /home/runner/work/human-essentials/human-essentials/public/assets/application-0da4ed653cd2be46690d3296e155ff2f65c183e52d7a8c3467d17640386866d5.css.gz
2024-02-18T21:08:05.7884459Z I, [2024-02-18T13:08:05.784468 #2310]  INFO -- : Writing /home/runner/work/human-essentials/human-essentials/public/assets/test-only-background-c4843e992a593298a8c43815c8950b766061a96fd7d3e92838354914c41d7243.jpg
2024-02-18T21:08:05.7888105Z I, [2024-02-18T13:08:05.784619 #2310]  INFO -- : Writing /home/runner/work/human-essentials/human-essentials/public/assets/audits-83372b845d8a4887e7e4d2315cf3c85ea60ef94ca0ec4774dfbcd3cf569c616c.css
2024-02-18T21:08:05.7891758Z I, [2024-02-18T13:08:05.784709 #2310]  INFO -- : Writing /home/runner/work/human-essentials/human-essentials/public/assets/audits-83372b845d8a4887e7e4d2315cf3c85ea60ef94ca0ec4774dfbcd3cf569c616c.css.gz
2024-02-18T21:08:05.7895520Z I, [2024-02-18T13:08:05.784821 #2310]  INFO -- : Writing /home/runner/work/human-essentials/human-essentials/public/assets/barcode_reader-3799c29218802c1dbba4c700f3863ec24505a9e3e7b54d36282fff667d7c94ca.css
2024-02-18T21:08:05.7899152Z I, [2024-02-18T13:08:05.784903 #2310]  INFO -- : Writing /home/runner/work/human-essentials/human-essentials/public/assets/barcode_reader-3799c29218802c1dbba4c700f3863ec24505a9e3e7b54d36282fff667d7c94ca.css.gz
2024-02-18T21:08:05.7902860Z I, [2024-02-18T13:08:05.785092 #2310]  INFO -- : Writing /home/runner/work/human-essentials/human-essentials/public/assets/custom-78c7cbde633ff9cfb0425c2a5897128adfc8aca0f10628e0b59f704db7fe76df.css
2024-02-18T21:08:05.7906323Z I, [2024-02-18T13:08:05.785193 #2310]  INFO -- : Writing /home/runner/work/human-essentials/human-essentials/public/assets/custom-78c7cbde633ff9cfb0425c2a5897128adfc8aca0f10628e0b59f704db7fe76df.css.gz
2024-02-18T21:08:05.7910059Z I, [2024-02-18T13:08:05.785301 #2310]  INFO -- : Writing /home/runner/work/human-essentials/human-essentials/public/assets/test-only-background-c4843e992a593298a8c43815c8950b766061a96fd7d3e92838354914c41d7243.jpg
2024-02-18T21:08:05.7920943Z I, [2024-02-18T13:08:05.791479 #2310]  INFO -- : Writing /home/runner/work/human-essentials/human-essentials/public/assets/expandable_table-cca1600cf25c44c6bea2733167509ffe9133f344e9defe984ad96bd427b29a19.css
2024-02-18T21:08:05.7932081Z I, [2024-02-18T13:08:05.791591 #2310]  INFO -- : Writing /home/runner/work/human-essentials/human-essentials/public/assets/expandable_table-cca1600cf25c44c6bea2733167509ffe9133f344e9defe984ad96bd427b29a19.css.gz
2024-02-18T21:08:05.7942432Z I, [2024-02-18T13:08:05.791768 #2310]  INFO -- : Writing /home/runner/work/human-essentials/human-essentials/public/assets/landing_page-4fe5dfcfea8b5bbd7722658652ff4ee86132a41b8aff92e9ef8b1216cb7259fa.css
2024-02-18T21:08:05.7951962Z I, [2024-02-18T13:08:05.791916 #2310]  INFO -- : Writing /home/runner/work/human-essentials/human-essentials/public/assets/landing_page-4fe5dfcfea8b5bbd7722658652ff4ee86132a41b8aff92e9ef8b1216cb7259fa.css.gz
2024-02-18T21:08:05.7955344Z I, [2024-02-18T13:08:05.792113 #2310]  INFO -- : Writing /home/runner/work/human-essentials/human-essentials/public/assets/modal-dialog-9d7ae8bb43b60ac4c7d9910700392b20618ae2db4d5db33453b157171d5e0f7d.css
2024-02-18T21:08:05.7958642Z I, [2024-02-18T13:08:05.792246 #2310]  INFO -- : Writing /home/runner/work/human-essentials/human-essentials/public/assets/modal-dialog-9d7ae8bb43b60ac4c7d9910700392b20618ae2db4d5db33453b157171d5e0f7d.css.gz
2024-02-18T21:08:05.7961981Z I, [2024-02-18T13:08:05.792389 #2310]  INFO -- : Writing /home/runner/work/human-essentials/human-essentials/public/assets/progress_stepper-7f8ef0dc05a9a00a300e56f6f3e4ccfdde4af8e392407ccc6601d60019067ccb.css
2024-02-18T21:08:05.7965284Z I, [2024-02-18T13:08:05.792499 #2310]  INFO -- : Writing /home/runner/work/human-essentials/human-essentials/public/assets/progress_stepper-7f8ef0dc05a9a00a300e56f6f3e4ccfdde4af8e392407ccc6601d60019067ccb.css.gz
2024-02-18T21:08:05.7968524Z I, [2024-02-18T13:08:05.792693 #2310]  INFO -- : Writing /home/runner/work/human-essentials/human-essentials/public/assets/transfers-c9ab43ff53dab5dc13681712afc9b6fb31d7865d5ac8c657220deff9f138fa8c.css
2024-02-18T21:08:05.7972027Z I, [2024-02-18T13:08:05.792777 #2310]  INFO -- : Writing /home/runner/work/human-essentials/human-essentials/public/assets/transfers-c9ab43ff53dab5dc13681712afc9b6fb31d7865d5ac8c657220deff9f138fa8c.css.gz
2024-02-18T21:08:05.7975194Z I, [2024-02-18T13:08:05.792886 #2310]  INFO -- : Writing /home/runner/work/human-essentials/human-essentials/public/assets/adminlte-886a0b559685ec92cd8dd4dbf957899292f9c0bd344c90c304d28973363a8eaf.js
2024-02-18T21:08:05.7978355Z I, [2024-02-18T13:08:05.792972 #2310]  INFO -- : Writing /home/runner/work/human-essentials/human-essentials/public/assets/adminlte-886a0b559685ec92cd8dd4dbf957899292f9c0bd344c90c304d28973363a8eaf.js.gz
2024-02-18T21:08:05.7982097Z I, [2024-02-18T13:08:05.793111 #2310]  INFO -- : Writing /home/runner/work/human-essentials/human-essentials/public/assets/application-f9d5a0970e6dc2d1d44ca8dfd6129e9fed2dccf1b460a6bba6eab9dd7aa61c92.js
2024-02-18T21:08:05.7985916Z I, [2024-02-18T13:08:05.793196 #2310]  INFO -- : Writing /home/runner/work/human-essentials/human-essentials/public/assets/application-f9d5a0970e6dc2d1d44ca8dfd6129e9fed2dccf1b460a6bba6eab9dd7aa61c92.js.gz
2024-02-18T21:08:05.7989919Z I, [2024-02-18T13:08:05.793311 #2310]  INFO -- : Writing /home/runner/work/human-essentials/human-essentials/public/assets/cocoon-js-vanilla-cc8e46e9b16a6217f3c14c60ca346454c9c01d8d41e5c073ae14f85fac052e96.js
2024-02-18T21:08:05.7993469Z I, [2024-02-18T13:08:05.793394 #2310]  INFO -- : Writing /home/runner/work/human-essentials/human-essentials/public/assets/cocoon-js-vanilla-cc8e46e9b16a6217f3c14c60ca346454c9c01d8d41e5c073ae14f85fac052e96.js.gz
2024-02-18T21:08:05.7996970Z I, [2024-02-18T13:08:05.793510 #2310]  INFO -- : Writing /home/runner/work/human-essentials/human-essentials/public/assets/controllers/application-368d98631bccbf2349e0d4f8269afb3fe9625118341966de054759d96ea86c7e.js
2024-02-18T21:08:05.8000722Z I, [2024-02-18T13:08:05.793599 #2310]  INFO -- : Writing /home/runner/work/human-essentials/human-essentials/public/assets/controllers/application-368d98631bccbf2349e0d4f8269afb3fe9625118341966de054759d96ea86c7e.js.gz
2024-02-18T21:08:05.8004264Z I, [2024-02-18T13:08:05.793705 #2310]  INFO -- : Writing /home/runner/work/human-essentials/human-essentials/public/assets/controllers/area_served_controller-c8c048ef9ee2d145ba8408cda63546aff8ce9170e9cafb34075ebb01b43c6c34.js
2024-02-18T21:08:05.8008125Z I, [2024-02-18T13:08:05.793788 #2310]  INFO -- : Writing /home/runner/work/human-essentials/human-essentials/public/assets/controllers/area_served_controller-c8c048ef9ee2d145ba8408cda63546aff8ce9170e9cafb34075ebb01b43c6c34.js.gz
2024-02-18T21:08:05.8012318Z I, [2024-02-18T13:08:05.793894 #2310]  INFO -- : Writing /home/runner/work/human-essentials/human-essentials/public/assets/controllers/checkbox_with_nested_element_controller-1645dd2a3a857d546354c90b0c415a9d1dd4de6974048fd41bfc1d6f45ccb3eb.js
2024-02-18T21:08:05.8016268Z I, [2024-02-18T13:08:05.793977 #2310]  INFO -- : Writing /home/runner/work/human-essentials/human-essentials/public/assets/controllers/checkbox_with_nested_element_controller-1645dd2a3a857d546354c90b0c415a9d1dd4de6974048fd41bfc1d6f45ccb3eb.js.gz
2024-02-18T21:08:05.8020141Z I, [2024-02-18T13:08:05.794094 #2310]  INFO -- : Writing /home/runner/work/human-essentials/human-essentials/public/assets/controllers/distribution_delivery_controller-89fc613f734c2b1538c1e9948abeb353ea73d22678fc08597d48fa36a70c5c51.js
2024-02-18T21:08:05.8023920Z I, [2024-02-18T13:08:05.794186 #2310]  INFO -- : Writing /home/runner/work/human-essentials/human-essentials/public/assets/controllers/distribution_delivery_controller-89fc613f734c2b1538c1e9948abeb353ea73d22678fc08597d48fa36a70c5c51.js.gz
2024-02-18T21:08:05.8027722Z I, [2024-02-18T13:08:05.794292 #2310]  INFO -- : Writing /home/runner/work/human-essentials/human-essentials/public/assets/controllers/double_select_controller-bb2e4a65f2c66cacc8ec4dd491c2233b0aac53187ebe1fbaaffedfbaf7db9099.js
2024-02-18T21:08:05.8031514Z I, [2024-02-18T13:08:05.794377 #2310]  INFO -- : Writing /home/runner/work/human-essentials/human-essentials/public/assets/controllers/double_select_controller-bb2e4a65f2c66cacc8ec4dd491c2233b0aac53187ebe1fbaaffedfbaf7db9099.js.gz
2024-02-18T21:08:05.8035296Z I, [2024-02-18T13:08:05.794481 #2310]  INFO -- : Writing /home/runner/work/human-essentials/human-essentials/public/assets/controllers/highchart_controller-7640167d6e3481659a5ead23f046e3c6852c08e30ce8aa6f09aa5cce0f7ea02d.js
2024-02-18T21:08:05.8038961Z I, [2024-02-18T13:08:05.794568 #2310]  INFO -- : Writing /home/runner/work/human-essentials/human-essentials/public/assets/controllers/highchart_controller-7640167d6e3481659a5ead23f046e3c6852c08e30ce8aa6f09aa5cce0f7ea02d.js.gz
2024-02-18T21:08:05.8042676Z I, [2024-02-18T13:08:05.794680 #2310]  INFO -- : Writing /home/runner/work/human-essentials/human-essentials/public/assets/controllers/index-2db729dddcc5b979110e98de4b6720f83f91a123172e87281d5a58410fc43806.js
2024-02-18T21:08:05.8046166Z I, [2024-02-18T13:08:05.794775 #2310]  INFO -- : Writing /home/runner/work/human-essentials/human-essentials/public/assets/controllers/index-2db729dddcc5b979110e98de4b6720f83f91a123172e87281d5a58410fc43806.js.gz
2024-02-18T21:08:05.8049933Z I, [2024-02-18T13:08:05.794898 #2310]  INFO -- : Writing /home/runner/work/human-essentials/human-essentials/public/assets/controllers/request_item_controller-3d80a8cfc8c3931a9addd9502dd972f6b9b6df1b44435b3ec0371f2dd5aef579.js
2024-02-18T21:08:05.8093521Z I, [2024-02-18T13:08:05.795119 #2310]  INFO -- : Writing /home/runner/work/human-essentials/human-essentials/public/assets/controllers/request_item_controller-3d80a8cfc8c3931a9addd9502dd972f6b9b6df1b44435b3ec0371f2dd5aef579.js.gz
2024-02-18T21:08:05.8097246Z I, [2024-02-18T13:08:05.805191 #2310]  INFO -- : Writing /home/runner/work/human-essentials/human-essentials/public/assets/controllers/select2_controller-13c15fa4f8996b06b43552325b12e3a14e158db06264b83cfff2e521a16fceeb.js
2024-02-18T21:08:05.8100728Z I, [2024-02-18T13:08:05.805287 #2310]  INFO -- : Writing /home/runner/work/human-essentials/human-essentials/public/assets/controllers/select2_controller-13c15fa4f8996b06b43552325b12e3a14e158db06264b83cfff2e521a16fceeb.js.gz
2024-02-18T21:08:05.8104386Z I, [2024-02-18T13:08:05.805392 #2310]  INFO -- : Writing /home/runner/work/human-essentials/human-essentials/public/assets/controllers/served_area_controller-37738489813fc06349f3fb1bc7abc5d5493318ce553f1bebbfa1f8fe06ebfb4a.js
2024-02-18T21:08:05.8107905Z I, [2024-02-18T13:08:05.805476 #2310]  INFO -- : Writing /home/runner/work/human-essentials/human-essentials/public/assets/controllers/served_area_controller-37738489813fc06349f3fb1bc7abc5d5493318ce553f1bebbfa1f8fe06ebfb4a.js.gz
2024-02-18T21:08:05.8111571Z I, [2024-02-18T13:08:05.805577 #2310]  INFO -- : Writing /home/runner/work/human-essentials/human-essentials/public/assets/controllers/turbo_controller-fccb6961e984a4e30ac5da2e1cf185bbfb9d9e8677a0bf2e284ec349e7b0db17.js
2024-02-18T21:08:05.8115290Z I, [2024-02-18T13:08:05.805657 #2310]  INFO -- : Writing /home/runner/work/human-essentials/human-essentials/public/assets/controllers/turbo_controller-fccb6961e984a4e30ac5da2e1cf185bbfb9d9e8677a0bf2e284ec349e7b0db17.js.gz
2024-02-18T21:08:05.8118641Z I, [2024-02-18T13:08:05.805764 #2310]  INFO -- : Writing /home/runner/work/human-essentials/human-essentials/public/assets/startup-bf111fcbf368bc988dfcb050d057ec73e21f190d7921e15689dd5ebf674e6d00.js
2024-02-18T21:08:05.8121853Z I, [2024-02-18T13:08:05.805857 #2310]  INFO -- : Writing /home/runner/work/human-essentials/human-essentials/public/assets/startup-bf111fcbf368bc988dfcb050d057ec73e21f190d7921e15689dd5ebf674e6d00.js.gz
2024-02-18T21:08:05.8125287Z I, [2024-02-18T13:08:05.805965 #2310]  INFO -- : Writing /home/runner/work/human-essentials/human-essentials/public/assets/utils/barcode_items-ee1050c4d1ade4569ef6cfc83d5f4792f67daabaca0ae24f75455737fea0a72b.js
2024-02-18T21:08:05.8128757Z I, [2024-02-18T13:08:05.806049 #2310]  INFO -- : Writing /home/runner/work/human-essentials/human-essentials/public/assets/utils/barcode_items-ee1050c4d1ade4569ef6cfc83d5f4792f67daabaca0ae24f75455737fea0a72b.js.gz
2024-02-18T21:08:05.8132431Z I, [2024-02-18T13:08:05.806146 #2310]  INFO -- : Writing /home/runner/work/human-essentials/human-essentials/public/assets/utils/barcode_scan-757b66b6921154f49e7cc4c5dc2f146f91f1648beffaa8ef106d94585a273ba9.js
2024-02-18T21:08:05.8135840Z I, [2024-02-18T13:08:05.806227 #2310]  INFO -- : Writing /home/runner/work/human-essentials/human-essentials/public/assets/utils/barcode_scan-757b66b6921154f49e7cc4c5dc2f146f91f1648beffaa8ef106d94585a273ba9.js.gz
2024-02-18T21:08:05.8139146Z I, [2024-02-18T13:08:05.806324 #2310]  INFO -- : Writing /home/runner/work/human-essentials/human-essentials/public/assets/utils/deadline_day_pickers-b0b264db9e3c8107c161cc4571e71cf901bcc511175271d218a553c4e1889065.js
2024-02-18T21:08:05.8143154Z I, [2024-02-18T13:08:05.806409 #2310]  INFO -- : Writing /home/runner/work/human-essentials/human-essentials/public/assets/utils/deadline_day_pickers-b0b264db9e3c8107c161cc4571e71cf901bcc511175271d218a553c4e1889065.js.gz
2024-02-18T21:08:05.8146641Z I, [2024-02-18T13:08:05.806516 #2310]  INFO -- : Writing /home/runner/work/human-essentials/human-essentials/public/assets/utils/distributions_and_transfers-1f9709e9a8df250acfe3e7a79f1501b2696b1f36d5adcf083a61a1b005cce3d2.js
2024-02-18T21:08:05.8150465Z I, [2024-02-18T13:08:05.806608 #2310]  INFO -- : Writing /home/runner/work/human-essentials/human-essentials/public/assets/utils/distributions_and_transfers-1f9709e9a8df250acfe3e7a79f1501b2696b1f36d5adcf083a61a1b005cce3d2.js.gz
2024-02-18T21:08:05.8153958Z I, [2024-02-18T13:08:05.806711 #2310]  INFO -- : Writing /home/runner/work/human-essentials/human-essentials/public/assets/utils/donations-1c3e9a15fc370afd2c3836ccf8dde6013c35412a8d83cf6c1e31bec95ef72b26.js
2024-02-18T21:08:05.8157197Z I, [2024-02-18T13:08:05.806784 #2310]  INFO -- : Writing /home/runner/work/human-essentials/human-essentials/public/assets/utils/donations-1c3e9a15fc370afd2c3836ccf8dde6013c35412a8d83cf6c1e31bec95ef72b26.js.gz
2024-02-18T21:08:05.8160542Z I, [2024-02-18T13:08:05.806879 #2310]  INFO -- : Writing /home/runner/work/human-essentials/human-essentials/public/assets/utils/purchases-5c814ba098feaa8a7b4abff24267c1da909f3e52e12c97660f8a0b8c1ff4aea1.js
2024-02-18T21:08:05.8163931Z I, [2024-02-18T13:08:05.806961 #2310]  INFO -- : Writing /home/runner/work/human-essentials/human-essentials/public/assets/utils/purchases-5c814ba098feaa8a7b4abff24267c1da909f3e52e12c97660f8a0b8c1ff4aea1.js.gz
2024-02-18T21:08:05.8167302Z I, [2024-02-18T13:08:05.807075 #2310]  INFO -- : Writing /home/runner/work/human-essentials/human-essentials/public/assets/filterrific-f3a290db250e05344fd62c216b903689f73eff5e270ef021e425551006092e08.js
2024-02-18T21:08:05.8170892Z I, [2024-02-18T13:08:05.807185 #2310]  INFO -- : Writing /home/runner/work/human-essentials/human-essentials/public/assets/filterrific-f3a290db250e05344fd62c216b903689f73eff5e270ef021e425551006092e08.js.gz
2024-02-18T21:08:05.8174147Z I, [2024-02-18T13:08:05.807290 #2310]  INFO -- : Writing /home/runner/work/human-essentials/human-essentials/public/assets/stimulusloading-1fc59770fb1654500044afd3f5f6d7d00800e5be36746d55b94a2963a7a228aa.js
2024-02-18T21:08:05.8177503Z I, [2024-02-18T13:08:05.807376 #2310]  INFO -- : Writing /home/runner/work/human-essentials/human-essentials/public/assets/stimulusloading-1fc59770fb1654500044afd3f5f6d7d00800e5be36746d55b94a2963a7a228aa.js.gz
2024-02-18T21:08:05.8180688Z I, [2024-02-18T13:08:05.807483 #2310]  INFO -- : Writing /home/runner/work/human-essentials/human-essentials/public/assets/turbo-4851a9a0b1d947e810dfd0448a72aef261d455183ebea681f4f28a73640a9ece.js
2024-02-18T21:08:05.8183650Z I, [2024-02-18T13:08:05.807582 #2310]  INFO -- : Writing /home/runner/work/human-essentials/human-essentials/public/assets/turbo-4851a9a0b1d947e810dfd0448a72aef261d455183ebea681f4f28a73640a9ece.js.gz
2024-02-18T21:08:05.8186840Z I, [2024-02-18T13:08:05.807686 #2310]  INFO -- : Writing /home/runner/work/human-essentials/human-essentials/public/assets/turbo.min-f309baafa3ae5ad6ccee3e7362118b87678d792db8e8ab466c4fa284dd3a4700.js
2024-02-18T21:08:05.8189999Z I, [2024-02-18T13:08:05.807773 #2310]  INFO -- : Writing /home/runner/work/human-essentials/human-essentials/public/assets/turbo.min-f309baafa3ae5ad6ccee3e7362118b87678d792db8e8ab466c4fa284dd3a4700.js.gz
2024-02-18T21:08:05.8193124Z I, [2024-02-18T13:08:05.807886 #2310]  INFO -- : Writing /home/runner/work/human-essentials/human-essentials/public/assets/turbo.min.js-8bc8f4a58d1c106d58dec8bef6c638ff12ff4d078f19d8ebd8c4277f4c9bc85a.map
2024-02-18T21:08:05.8196577Z I, [2024-02-18T13:08:05.807979 #2310]  INFO -- : Writing /home/runner/work/human-essentials/human-essentials/public/assets/turbo.min.js-8bc8f4a58d1c106d58dec8bef6c638ff12ff4d078f19d8ebd8c4277f4c9bc85a.map.gz
2024-02-18T21:08:05.8200082Z I, [2024-02-18T13:08:05.808086 #2310]  INFO -- : Writing /home/runner/work/human-essentials/human-essentials/public/assets/stimulus-loading-3576ce92b149ad5d6959438c6f291e2426c86df3b874c525b30faad51b0d96b3.js
2024-02-18T21:08:05.8203340Z I, [2024-02-18T13:08:05.808182 #2310]  INFO -- : Writing /home/runner/work/human-essentials/human-essentials/public/assets/stimulus-loading-3576ce92b149ad5d6959438c6f291e2426c86df3b874c525b30faad51b0d96b3.js.gz
2024-02-18T21:08:05.8351179Z I, [2024-02-18T13:08:05.832263 #2310]  INFO -- : Writing /home/runner/work/human-essentials/human-essentials/public/assets/popper-003a40d80fd205e1fa00da117d5bdc19720ba330706eaa17f9ba9513fa502304.js
2024-02-18T21:08:05.8355183Z I, [2024-02-18T13:08:05.832415 #2310]  INFO -- : Writing /home/runner/work/human-essentials/human-essentials/public/assets/popper-003a40d80fd205e1fa00da117d5bdc19720ba330706eaa17f9ba9513fa502304.js.gz
2024-02-18T21:08:05.8358931Z I, [2024-02-18T13:08:05.832543 #2310]  INFO -- : Writing /home/runner/work/human-essentials/human-essentials/public/assets/actiontext-28c61f5197c204db043317a8f8826a87ab31495b741f854d307ca36122deefce.js
2024-02-18T21:08:05.8362672Z I, [2024-02-18T13:08:05.832621 #2310]  INFO -- : Writing /home/runner/work/human-essentials/human-essentials/public/assets/actiontext-28c61f5197c204db043317a8f8826a87ab31495b741f854d307ca36122deefce.js.gz
2024-02-18T21:08:05.8366147Z I, [2024-02-18T13:08:05.832731 #2310]  INFO -- : Writing /home/runner/work/human-essentials/human-essentials/public/assets/trix-1563ff9c10f74e143b3ded40a8458497eaf2f87a648a5cbbfebdb7dec3447a5e.js
2024-02-18T21:08:05.8369652Z I, [2024-02-18T13:08:05.832800 #2310]  INFO -- : Writing /home/runner/work/human-essentials/human-essentials/public/assets/trix-1563ff9c10f74e143b3ded40a8458497eaf2f87a648a5cbbfebdb7dec3447a5e.js.gz
2024-02-18T21:08:05.8373342Z I, [2024-02-18T13:08:05.832900 #2310]  INFO -- : Writing /home/runner/work/human-essentials/human-essentials/public/assets/trix-b0398dade8e5ac249fe98f2e850f45adbcdfecd8a11c46b3eb67bdedb87b1b04.css
2024-02-18T21:08:05.8376879Z I, [2024-02-18T13:08:05.832971 #2310]  INFO -- : Writing /home/runner/work/human-essentials/human-essentials/public/assets/trix-b0398dade8e5ac249fe98f2e850f45adbcdfecd8a11c46b3eb67bdedb87b1b04.css.gz
2024-02-18T21:08:05.8380517Z I, [2024-02-18T13:08:05.833104 #2310]  INFO -- : Writing /home/runner/work/human-essentials/human-essentials/public/assets/stimulus-f75215805563870a61ee9dc5a207ce46d4675c7e667558a54344fd1e7baa697f.js
2024-02-18T21:08:05.8384037Z I, [2024-02-18T13:08:05.833179 #2310]  INFO -- : Writing /home/runner/work/human-essentials/human-essentials/public/assets/stimulus-f75215805563870a61ee9dc5a207ce46d4675c7e667558a54344fd1e7baa697f.js.gz
2024-02-18T21:08:05.8388106Z I, [2024-02-18T13:08:05.833282 #2310]  INFO -- : Writing /home/runner/work/human-essentials/human-essentials/public/assets/stimulus-autoloader-c584942b568ba74879da31c7c3d51366737bacaf6fbae659383c0a5653685693.js
2024-02-18T21:08:05.8392179Z I, [2024-02-18T13:08:05.833440 #2310]  INFO -- : Writing /home/runner/work/human-essentials/human-essentials/public/assets/stimulus-autoloader-c584942b568ba74879da31c7c3d51366737bacaf6fbae659383c0a5653685693.js.gz
2024-02-18T21:08:05.8396316Z I, [2024-02-18T13:08:05.833548 #2310]  INFO -- : Writing /home/runner/work/human-essentials/human-essentials/public/assets/stimulus-importmap-autoloader-db2076c783bf2dbee1226e2add52fef290b5d31b5bcd1edd999ac8a6dd31c44a.js
2024-02-18T21:08:05.8400431Z I, [2024-02-18T13:08:05.833622 #2310]  INFO -- : Writing /home/runner/work/human-essentials/human-essentials/public/assets/stimulus-importmap-autoloader-db2076c783bf2dbee1226e2add52fef290b5d31b5bcd1edd999ac8a6dd31c44a.js.gz
2024-02-18T21:08:05.8404066Z I, [2024-02-18T13:08:05.833738 #2310]  INFO -- : Writing /home/runner/work/human-essentials/human-essentials/public/assets/stimulus-loading-3576ce92b149ad5d6959438c6f291e2426c86df3b874c525b30faad51b0d96b3.js.gz
2024-02-18T21:08:05.8407541Z I, [2024-02-18T13:08:05.833847 #2310]  INFO -- : Writing /home/runner/work/human-essentials/human-essentials/public/assets/stimulus.min-dd364f16ec9504dfb72672295637a1c8838773b01c0b441bd41008124c407894.js
2024-02-18T21:08:05.8411268Z I, [2024-02-18T13:08:05.833919 #2310]  INFO -- : Writing /home/runner/work/human-essentials/human-essentials/public/assets/stimulus.min-dd364f16ec9504dfb72672295637a1c8838773b01c0b441bd41008124c407894.js.gz
2024-02-18T21:08:05.8414659Z I, [2024-02-18T13:08:05.834011 #2310]  INFO -- : Writing /home/runner/work/human-essentials/human-essentials/public/assets/stimulus-autoloader-c584942b568ba74879da31c7c3d51366737bacaf6fbae659383c0a5653685693.js
2024-02-18T21:08:05.8418693Z I, [2024-02-18T13:08:05.834075 #2310]  INFO -- : Writing /home/runner/work/human-essentials/human-essentials/public/assets/stimulus-autoloader-c584942b568ba74879da31c7c3d51366737bacaf6fbae659383c0a5653685693.js.gz
2024-02-18T21:08:05.8422297Z I, [2024-02-18T13:08:05.834165 #2310]  INFO -- : Writing /home/runner/work/human-essentials/human-essentials/public/assets/stimulus-importmap-autoloader-db2076c783bf2dbee1226e2add52fef290b5d31b5bcd1edd999ac8a6dd31c44a.js
2024-02-18T21:08:05.8426233Z I, [2024-02-18T13:08:05.834233 #2310]  INFO -- : Writing /home/runner/work/human-essentials/human-essentials/public/assets/stimulus-importmap-autoloader-db2076c783bf2dbee1226e2add52fef290b5d31b5bcd1edd999ac8a6dd31c44a.js.gz
2024-02-18T21:08:05.8430006Z I, [2024-02-18T13:08:05.834349 #2310]  INFO -- : Writing /home/runner/work/human-essentials/human-essentials/public/assets/stimulus-loading-3576ce92b149ad5d6959438c6f291e2426c86df3b874c525b30faad51b0d96b3.js.gz
2024-02-18T21:08:05.8433779Z I, [2024-02-18T13:08:05.834566 #2310]  INFO -- : Writing /home/runner/work/human-essentials/human-essentials/public/assets/stimulus.min.js-2cc63625fa177963b45da974806e7aee846cbf1d4930815733d0fdf3fb232325.map
2024-02-18T21:08:05.8438474Z I, [2024-02-18T13:08:05.834647 #2310]  INFO -- : Writing /home/runner/work/human-essentials/human-essentials/public/assets/stimulus.min.js-2cc63625fa177963b45da974806e7aee846cbf1d4930815733d0fdf3fb232325.map.gz
2024-02-18T21:08:05.8442332Z I, [2024-02-18T13:08:05.834750 #2310]  INFO -- : Writing /home/runner/work/human-essentials/human-essentials/public/assets/activestorage-3ab61e47dd4ee2d79db525ade1dca2ede0ea2b7371fe587e408ee37b7ade265d.js
2024-02-18T21:08:05.8446143Z I, [2024-02-18T13:08:05.834892 #2310]  INFO -- : Writing /home/runner/work/human-essentials/human-essentials/public/assets/activestorage-3ab61e47dd4ee2d79db525ade1dca2ede0ea2b7371fe587e408ee37b7ade265d.js.gz
2024-02-18T21:08:05.8450759Z I, [2024-02-18T13:08:05.835000 #2310]  INFO -- : Writing /home/runner/work/human-essentials/human-essentials/public/assets/activestorage.esm-01f58a45d77495cdfbdfcc872902a430426c4391634ec9c3da5f69fbf8418492.js
2024-02-18T21:08:05.8454460Z I, [2024-02-18T13:08:05.835076 #2310]  INFO -- : Writing /home/runner/work/human-essentials/human-essentials/public/assets/activestorage.esm-01f58a45d77495cdfbdfcc872902a430426c4391634ec9c3da5f69fbf8418492.js.gz
2024-02-18T21:08:05.8458034Z I, [2024-02-18T13:08:05.835184 #2310]  INFO -- : Writing /home/runner/work/human-essentials/human-essentials/public/assets/actioncable-5433453f9b6619a9de91aaab2d7fc7ff183e5260c0107cbc9a1aa0c838d9a74e.js
2024-02-18T21:08:05.8461456Z I, [2024-02-18T13:08:05.835259 #2310]  INFO -- : Writing /home/runner/work/human-essentials/human-essentials/public/assets/actioncable-5433453f9b6619a9de91aaab2d7fc7ff183e5260c0107cbc9a1aa0c838d9a74e.js.gz
2024-02-18T21:08:05.8464684Z I, [2024-02-18T13:08:05.835364 #2310]  INFO -- : Writing /home/runner/work/human-essentials/human-essentials/public/assets/actioncable.esm-e01089c3ec4fe7817fa9abcad06cab6bdc387f95f0ca6aab4bf7ba7537f70690.js
2024-02-18T21:08:05.8468053Z I, [2024-02-18T13:08:05.835443 #2310]  INFO -- : Writing /home/runner/work/human-essentials/human-essentials/public/assets/actioncable.esm-e01089c3ec4fe7817fa9abcad06cab6bdc387f95f0ca6aab4bf7ba7537f70690.js.gz
2024-02-18T21:08:06.3215729Z Coverage report generated for RSpec to /home/runner/work/human-essentials/human-essentials/coverage. 442 / 9937 LOC (4.45%) covered.
2024-02-18T21:08:06.4113846Z ##[group]Run RUBYOPT='-W:no-deprecated -W:no-experimental' bin/knapsack_pro_rspec
2024-02-18T21:08:06.4114812Z [36;1mRUBYOPT='-W:no-deprecated -W:no-experimental' bin/knapsack_pro_rspec[0m
2024-02-18T21:08:06.4143605Z shell: /usr/bin/bash -e {0}
2024-02-18T21:08:06.4144010Z env:
2024-02-18T21:08:06.4144413Z   POSTGRES_HOST: localhost
2024-02-18T21:08:06.4144808Z   DATABASE_HOST: localhost
2024-02-18T21:08:06.4145211Z   PG_USERNAME: postgres
2024-02-18T21:08:06.4145645Z   PG_PASSWORD: password
2024-02-18T21:08:06.4146027Z   POSTGRES_HOST_AUTH_METHOD: trust
2024-02-18T21:08:06.4146422Z   POSTGRES_PORT: 5432
2024-02-18T21:08:06.4146842Z   PGHOST: localhost
2024-02-18T21:08:06.4147198Z   PGUSER: postgres
2024-02-18T21:08:06.4147593Z   RAILS_ENV: test
2024-02-18T21:08:06.4148186Z   KNAPSACK_PRO_TEST_SUITE_TOKEN_RSPEC: ***
2024-02-18T21:08:06.4148667Z   KNAPSACK_PRO_CI_NODE_TOTAL: 6
2024-02-18T21:08:06.4149144Z   KNAPSACK_PRO_CI_NODE_INDEX: 2
2024-02-18T21:08:06.4149688Z   KNAPSACK_PRO_RSPEC_SPLIT_BY_TEST_EXAMPLES: true
2024-02-18T21:08:06.4150203Z   KNAPSACK_PRO_LOG_LEVEL: info
2024-02-18T21:08:06.4150835Z   KNAPSACK_PRO_TEST_FILE_PATTERN: {spec/system/**{,/*/**}/*_spec.rb,spec/requests/**{,/*/**}/*_spec.rb}
2024-02-18T21:08:06.4151488Z   EVENTS_READ: true
2024-02-18T21:08:06.4151894Z ##[endgroup]
2024-02-18T21:08:12.6722814Z I, [2024-02-18T21:08:12.671784 #2409]  INFO -- : [knapsack_pro] Generating RSpec test examples JSON report for slow test files to prepare it to be split by test examples (by individual test cases). Thanks to that, a single slow test file can be split across parallel CI nodes. Analyzing 1 slow test files.
2024-02-18T21:08:21.6607508Z Coverage report generated for RSpec to /home/runner/work/human-essentials/human-essentials/coverage. 2535 / 6645 LOC (38.15%) covered.
2024-02-18T21:08:25.5920941Z /opt/hostedtoolcache/Ruby/3.2.2/x64/bin/ruby -I/home/runner/work/human-essentials/human-essentials/vendor/bundle/ruby/3.2.0/gems/rspec-core-3.12.2/lib:/home/runner/work/human-essentials/human-essentials/vendor/bundle/ruby/3.2.0/gems/rspec-support-3.12.1/lib /home/runner/work/human-essentials/human-essentials/vendor/bundle/ruby/3.2.0/gems/rspec-core-3.12.2/exe/rspec  --format documentation --format KnapsackPro::Formatters::TimeTracker --default-path spec "spec/system/donation_system_spec.rb" "spec/system/organization_system_spec.rb" "spec/system/partners/managing_requests_system_spec.rb" "spec/system/kit_system_spec.rb" "spec/system/admin/barcode_items_system_spec.rb" "spec/requests/product_drives_requests_spec.rb" "spec/system/dashboard_system_spec.rb[1:2:4:2:1:1]" "spec/system/dashboard_system_spec.rb[1:2:1:1]" "spec/requests/partners/profiles_requests_county_spec.rb" "spec/system/dashboard_system_spec.rb[1:2:6:9:1:1]" "spec/system/dashboard_system_spec.rb[1:2:6:8:1:1]" "spec/system/dashboard_system_spec.rb[1:2:5:5:1:2]" "spec/system/dashboard_system_spec.rb[1:2:3:3:1:1]" "spec/system/dashboard_system_spec.rb[1:2:4:8:1:1]" "spec/system/dashboard_system_spec.rb[1:2:5:6:1:1]" "spec/system/dashboard_system_spec.rb[1:2:5:5:1:1]" "spec/system/dashboard_system_spec.rb[1:2:7:2:1:1]" "spec/system/dashboard_system_spec.rb[1:2:5:3:1:2]" "spec/system/dashboard_system_spec.rb[1:2:5:7:1:1]" "spec/requests/users_requests_spec.rb" "spec/system/dashboard_system_spec.rb[1:2:5:10:3]" "spec/requests/partners/dashboard_requests_spec.rb" "spec/requests/admin/barcode_items_requests_spec.rb" "spec/requests/adjustments_requests_spec.rb" "spec/requests/item_categories_requests_spec.rb" "spec/requests/requests_requests_spec.rb" "spec/requests/users/omniauth_callbacks_requests_spec.rb"
2024-02-18T21:08:34.0401618Z Run options: include {:ids=>{"./spec/system/dashboard_system_spec.rb"=>["1:2:4:2:1:1", "1:2:1:1", "1:2:6:9:1:1", "1:2:6:8:1:1", "1:2:5:5:1:2", "1:2:3:3:1:1", "1:2:4:8:1:1", "1:2:5:6:1:1", "1:2:5:5:1:1", "1:2:7:2:1:1", "1:2:5:3:1:2", "1:2:5:7:1:1", "1:2:5:10:3"]}}
2024-02-18T21:08:34.0484299Z 
2024-02-18T21:08:34.0484898Z Randomized with seed 59071
2024-02-18T21:08:34.9759022Z 
2024-02-18T21:08:34.9760069Z Organization management
2024-02-18T21:08:34.9761130Z   while signed in as a normal user
2024-02-18T21:08:36.1503066Z     can see summary details about the organization as a user
2024-02-18T21:08:36.6071118Z     cannot see 'Make user' button for admins
2024-02-18T21:08:36.6071985Z   while signed in as an organization admin
2024-02-18T21:08:37.5500374Z     can add a new user to an organization
2024-02-18T21:08:38.4994675Z     can re-activate a user in the organization
2024-02-18T21:08:39.4568087Z     can deactivate a user in the organization
2024-02-18T21:08:39.9353183Z     can re-invite a user to an organization after 7 days
2024-02-18T21:08:40.4087500Z     can see 'Make user' button for admins
2024-02-18T21:08:40.4088307Z     Editing the organization
2024-02-18T21:08:41.2593419Z       can set a default storage location on the organization
2024-02-18T21:08:42.2104994Z       can disable if the org does NOT use single step invite and approve partner process
2024-02-18T21:08:43.0197909Z       can set the NDBN Member ID
2024-02-18T21:08:44.0969987Z       can enable if the org uses single step invite and approve partner process
2024-02-18T21:08:45.3237854Z       is prompted with placeholder text and a more helpful error message to ensure correct URL format as a user
2024-02-18T21:08:46.2989890Z       can select if the org repackages essentials
2024-02-18T21:08:47.1567144Z       can set a reminder and a deadline day
2024-02-18T21:08:48.1319601Z       can select if the org distributes essentials monthly
2024-02-18T21:08:49.0904990Z       can select if the org shows year-to-date values on the distribution printout
2024-02-18T21:08:50.6039386Z       can select and deselect Required Partner Fields
2024-02-18T21:08:50.6040164Z     Viewing the organization
2024-02-18T21:08:51.1731794Z       can view organization details
2024-02-18T21:08:51.1733644Z 
2024-02-18T21:08:51.1734397Z Users - Omniauth Callbacks
2024-02-18T21:08:51.1735848Z   GET #google_oauth2
2024-02-18T21:08:51.1736927Z     with a valid user
2024-02-18T21:08:51.2121630Z       redirects correctly
2024-02-18T21:08:51.2122364Z     without a valid user
2024-02-18T21:08:51.2202121Z       should redirect to new registration URL
2024-02-18T21:08:51.2203174Z 
2024-02-18T21:08:51.2203446Z /partners/dashboard
2024-02-18T21:08:51.3849380Z   displays upcoming distributions
2024-02-18T21:08:51.3850387Z   BroadcastAnnouncement card
2024-02-18T21:08:51.4476497Z     doesn't display announcements if there are not valid ones
2024-02-18T21:08:51.5064781Z     displays announcements if there are valid ones
2024-02-18T21:08:51.5620942Z     doesn't display announcements from super admins
2024-02-18T21:08:51.5621880Z   with both roles
2024-02-18T21:08:51.6289385Z     should include the switch link
2024-02-18T21:08:51.6290734Z   GET #index
2024-02-18T21:08:51.7206209Z     displays requests that are pending
2024-02-18T21:08:51.7911662Z     does not display requests in other states
2024-02-18T21:08:51.7912653Z   with just partner role
2024-02-18T21:08:51.8451327Z     should not display the switch link
2024-02-18T21:08:51.8454528Z 
2024-02-18T21:08:51.8454924Z Dashboard
2024-02-18T21:08:51.8456817Z   With an existing essentials bank
2024-02-18T21:08:51.8458546Z     Manufacturer Donations
2024-02-18T21:08:51.8461711Z       given 1 Manufacturer donating on 2023-12-31  (unless 'All Time'), 9 during 2024-01-01..2024-12-31, and 1 on 2025-01-01
2024-02-18T21:08:51.8463113Z         filtering to 'This Year'
2024-02-18T21:08:54.5935867Z           shows the correct total and 10 Top Manufacturer Donation link(s)
2024-02-18T21:08:54.5938074Z       given 1 Manufacturer donating on 1999-12-31  (unless 'All Time'), 1 during 2000-01-01..2024-02-18, and 1 on 2024-02-19
2024-02-18T21:08:54.5939649Z         filtering to 'All Time'
2024-02-18T21:08:56.0045554Z           shows the correct total and 2 Top Manufacturer Donation link(s)
2024-02-18T21:08:56.0047887Z     Signage
2024-02-18T21:08:58.9333868Z       shows their organization name unless they have a logo set
2024-02-18T21:08:58.9335579Z     Purchases
2024-02-18T21:08:58.9338709Z       given 1 Purchase on 2023-12-31  (unless 'All Time'), 3 during 2024-01-01..2024-12-31, and 1 on 2025-01-01
2024-02-18T21:08:58.9340043Z         filtering to 'This Year'
2024-02-18T21:09:00.4433648Z           shows correct 3 Recent Purchase link(s)
2024-02-18T21:09:00.4435151Z       given 1 Purchase on 2024-02-17  (unless 'All Time'), 0 during 2024-02-18..2024-02-18, and 1 on 2024-02-19
2024-02-18T21:09:00.4436221Z         filtering to 'Today'
2024-02-18T21:09:03.8473911Z           shows correct 0 Recent Purchase link(s)
2024-02-18T21:09:03.8475986Z     Product Drives
2024-02-18T21:09:03.8479458Z       given 1 Product Drive Donation on 2024-01-19 (unless 'All Time'), 4 during 2024-01-20..2024-02-18, and 1 on 2024-02-19
2024-02-18T21:09:03.8481051Z         filtering to 'Last 30 Days'
2024-02-18T21:09:05.4126728Z           shows the correct total money raised
2024-02-18T21:09:06.9478527Z           shows the correct total donations
2024-02-18T21:09:06.9480221Z       given 1 Product Drive Donation on 2024-01-31 (unless 'All Time'), 2 during 2024-02-01..2024-02-29, and 1 on 2024-03-01
2024-02-18T21:09:06.9481371Z         filtering to 'This Month'
2024-02-18T21:09:08.3691892Z           shows the correct total donations
2024-02-18T21:09:08.3693792Z       given 1 Product Drive Donation on 2023-12-31 (unless 'All Time'), 0 during 2024-01-01..2024-01-31, and 1 on 2024-02-01
2024-02-18T21:09:08.3695349Z         filtering to 'Last Month'
2024-02-18T21:09:09.7081216Z           shows the correct total donations
2024-02-18T21:09:09.7082346Z       Product drive behaviour with Mixed Donation types
2024-02-18T21:09:10.4048137Z         only shows product drive donations as product drive donations
2024-02-18T21:09:10.4050410Z       given 1 Product Drive Donation on 2024-02-16 (unless 'All Time'), 3 during 2024-02-17..2024-02-17, and 1 on 2024-02-18
2024-02-18T21:09:10.4051544Z         filtering to 'Yesterday'
2024-02-18T21:09:11.8622420Z           shows the correct total money raised
2024-02-18T21:09:11.8625495Z     Donations
2024-02-18T21:09:11.8629233Z       given 1 Donation on 2024-02-17 (only if a valid date), 3 during 2024-02-18..2024-02-18, and 1 on 2024-02-19
2024-02-18T21:09:11.8630123Z         filtering to 'Today'
2024-02-18T21:09:13.4243684Z           shows the correct total and 3 Recent Donation link(s)
2024-02-18T21:09:13.4247596Z     Distributions
2024-02-18T21:09:13.4252529Z       given 1 Distribution on 2024-02-17  (unless 'All Time'), 2 during 2024-02-18..2024-02-18, and 1 on 2024-02-19
2024-02-18T21:09:13.4253453Z         filtering to 'Today'
2024-02-18T21:09:14.8169994Z           shows the correct total and 2 Recent Distribution link(s)
2024-02-18T21:09:14.8172562Z 
2024-02-18T21:09:14.8173056Z Managing requests
2024-02-18T21:09:14.8174852Z   creating a individuals/family request
2024-02-18T21:09:14.8175992Z     GIVEN a partner user is permitted to make a request
2024-02-18T21:09:14.8177283Z       WHEN they create a request properly
2024-02-18T21:09:14.8178968Z         THEN a request records will be created and the partner will be notified via flash message on the dashboard
2024-02-18T21:09:16.9501101Z           AND the partner_user can view the details of the created individuals request in a seperate page
2024-02-18T21:09:16.9502152Z       WHEN they create a request inproperly
2024-02-18T21:09:17.8396860Z         should show an error message with the instructions
2024-02-18T21:09:17.8397771Z   creating a request
2024-02-18T21:09:17.8398976Z     GIVEN a partner user is permitted to make a request
2024-02-18T21:09:17.8400204Z       WHEN they create a request properly
2024-02-18T21:09:17.8401864Z         THEN a request records will be created and the partner will be notified via flash message on the dashboard
2024-02-18T21:09:20.0331143Z           AND the partner_user can view the details of the created request in a seperate page
2024-02-18T21:09:20.0332640Z       WHEN they create a request inproperly by not inputting anything
2024-02-18T21:09:20.9345778Z         should show an error message with the instructions
2024-02-18T21:09:20.9346469Z       WHEN they create a request with only a comment
2024-02-18T21:09:21.8823073Z         should be created without any issue
2024-02-18T21:09:21.8824693Z 
2024-02-18T21:09:21.8826633Z Requests
2024-02-18T21:09:21.8827119Z   When signed
2024-02-18T21:09:21.8830519Z     GET #index
2024-02-18T21:09:21.8831170Z       html
2024-02-18T21:09:21.9330854Z         is expected to be successful
2024-02-18T21:09:21.9332013Z       csv
2024-02-18T21:09:21.9562438Z         is expected to be successful
2024-02-18T21:09:21.9563334Z     POST #start
2024-02-18T21:09:21.9564217Z       When the request does not exist
2024-02-18T21:09:21.9823739Z         responds with not found
2024-02-18T21:09:21.9824392Z       When request exists
2024-02-18T21:09:22.0025327Z         changes the request status from pending to started
2024-02-18T21:09:22.0212300Z         redirects to new_distribution_path and flashes a notice
2024-02-18T21:09:22.0213694Z     GET #show
2024-02-18T21:09:22.0215989Z       When the request does not exist
2024-02-18T21:09:22.0463211Z         responds with not found
2024-02-18T21:09:22.0464137Z       When the request exists
2024-02-18T21:09:22.0850999Z         responds with success
2024-02-18T21:09:22.0851537Z   When not signed
2024-02-18T21:09:22.0945003Z     redirects the user to the sign-in page for CRUD actions
2024-02-18T21:09:22.0946784Z 
2024-02-18T21:09:22.0947017Z ItemCategories
2024-02-18T21:09:22.0951577Z   GET #new
2024-02-18T21:09:22.1306922Z     renders a successful response
2024-02-18T21:09:22.1307699Z   GET #edit
2024-02-18T21:09:22.1677735Z     renders a successful response
2024-02-18T21:09:22.1678528Z   POST #create
2024-02-18T21:09:22.1679119Z     with invalid parameters
2024-02-18T21:09:22.1980496Z       does not create a new ItemCategory
2024-02-18T21:09:22.1981053Z     with valid parameters
2024-02-18T21:09:22.2155320Z       creates a new ItemCategory then redirects
2024-02-18T21:09:22.2156143Z   PUT #update
2024-02-18T21:09:22.2156817Z     with invalid parameters
2024-02-18T21:09:22.2485318Z       does not render a successful response
2024-02-18T21:09:22.2486294Z     with valid parameters
2024-02-18T21:09:22.2675716Z       updates the ItemCategory and redirects
2024-02-18T21:09:22.2676564Z   GET #show
2024-02-18T21:09:22.2983577Z     renders a successful response
2024-02-18T21:09:22.2984231Z 
2024-02-18T21:09:22.2984755Z Admin::BarcodeItemsController
2024-02-18T21:09:22.2985556Z   while signed in as a super admin
2024-02-18T21:09:22.2987102Z     GET #new
2024-02-18T21:09:22.3384566Z       returns success
2024-02-18T21:09:22.3385905Z     POST #create
2024-02-18T21:09:22.3386657Z       with invalid params
2024-02-18T21:09:22.3758131Z         returns a successful response (to show form with errors)
2024-02-18T21:09:22.3759065Z       with valid params
2024-02-18T21:09:22.3972456Z         creates a barcode item
2024-02-18T21:09:22.4165148Z         redirects to admin_barcode_items_path
2024-02-18T21:09:22.4166126Z     DELETE #destroy
2024-02-18T21:09:22.6226014Z       allows deletion of barcode in another org
2024-02-18T21:09:22.6534027Z       allows deletion of a global barcode
2024-02-18T21:09:22.6534585Z     PATCH #update
2024-02-18T21:09:22.6535475Z       with valid params
2024-02-18T21:09:22.6741778Z         redirects to admin_barcode_items_path
2024-02-18T21:09:22.6944236Z         updates the barcode_item attributes accordingly
2024-02-18T21:09:22.6945397Z       with invalid params
2024-02-18T21:09:22.7327400Z         returns a successful response (to show form with errors)
2024-02-18T21:09:22.7328365Z     GET #index
2024-02-18T21:09:22.7684780Z       returns success
2024-02-18T21:09:22.7685601Z 
2024-02-18T21:09:22.7685966Z /partners/profiles
2024-02-18T21:09:22.7687464Z   basic
2024-02-18T21:09:22.7688378Z     GET #edit
2024-02-18T21:09:23.0486163Z       displays the partner area served entry if there are no partials specified for the organization
2024-02-18T21:09:23.0487628Z     on show
2024-02-18T21:09:23.2762647Z       displays the partner area served entry if there are no partials specified for the organization
2024-02-18T21:09:23.4928821Z       handles empty county list
2024-02-18T21:09:23.4929757Z   partial (area served) absence when only other partials specified
2024-02-18T21:09:23.4931088Z     on show
2024-02-18T21:09:23.7078820Z       does not display the client share if only other partials are specified
2024-02-18T21:09:23.7079761Z     on edit
2024-02-18T21:09:23.9315704Z       does not display the client share if only other partials are specified
2024-02-18T21:09:23.9317247Z   partial (area_served) presence when that partial specified
2024-02-18T21:09:23.9318160Z     on show
2024-02-18T21:09:24.1504779Z       displays the area served if specified
2024-02-18T21:09:24.3614119Z       handles empty county list
2024-02-18T21:09:24.3614692Z       full_county_list
2024-02-18T21:09:24.5979304Z         displays the counties
2024-02-18T21:09:24.5980100Z     on edit
2024-02-18T21:09:24.8372169Z       displays the area served if specified
2024-02-18T21:09:25.0848344Z       full_county_list
2024-02-18T21:09:25.0849183Z         has the right total
2024-02-18T21:09:25.3324413Z         displays the counties
2024-02-18T21:09:25.3325123Z 
2024-02-18T21:09:25.3325427Z Barcode Items Admin
2024-02-18T21:09:25.3326941Z   while signed in as a super admin
2024-02-18T21:09:25.3328364Z     user visits the show page
2024-02-18T21:09:25.7816020Z       shows the barcode item
2024-02-18T21:09:25.7816569Z     user visits the edit page
2024-02-18T21:09:26.5916690Z       updates the barcode item
2024-02-18T21:09:26.5917492Z     user visits the new page
2024-02-18T21:09:27.3622950Z       creates a new global barcode item
2024-02-18T21:09:27.3623792Z     user visits the index page
2024-02-18T21:09:28.3119512Z       creates a new global barcode item
2024-02-18T21:09:29.0511823Z       deletes a global barcode
2024-02-18T21:09:29.5156909Z       shows the barcode item
2024-02-18T21:09:29.5158221Z 
2024-02-18T21:09:29.5158599Z ProductDrives
2024-02-18T21:09:29.5159655Z   While signed in >
2024-02-18T21:09:29.5161081Z     GET #new
2024-02-18T21:09:29.7340887Z       returns http success
2024-02-18T21:09:29.7341925Z     POST#create
2024-02-18T21:09:29.9287313Z       returns redirect http status
2024-02-18T21:09:29.9288116Z     GET #index
2024-02-18T21:09:30.3307271Z       displays only product drives that belong to organization and that match drive name and date range
2024-02-18T21:09:30.5376173Z       returns http success
2024-02-18T21:09:30.5376659Z       csv
2024-02-18T21:09:30.7365114Z         is successful
2024-02-18T21:09:30.9408422Z         returns ONLY the product drives within a selected date range (inclusive)
2024-02-18T21:09:31.1807634Z         only counts items within the selected date range
2024-02-18T21:09:31.5572544Z         returns ONLY the associated product drives
2024-02-18T21:09:31.7775335Z         returns the quantity of all organization's items
2024-02-18T21:09:31.7776230Z     DELETE #destroy
2024-02-18T21:09:31.9713093Z       redirects to the index
2024-02-18T21:09:32.3657621Z     GET #show
2024-02-18T21:09:32.3658154Z       shows appropriate number on the UI
2024-02-18T21:09:32.6438515Z       returns http success
2024-02-18T21:09:32.6439248Z     GET #edit
2024-02-18T21:09:32.8570877Z       returns http success
2024-02-18T21:09:32.8571637Z     PUT#update
2024-02-18T21:09:33.0521458Z       returns redirect http status
2024-02-18T21:09:33.0522501Z   while not signed in
2024-02-18T21:09:33.2266856Z     is unsuccessful
2024-02-18T21:09:33.2267824Z 
2024-02-18T21:09:33.2268514Z Adjustments
2024-02-18T21:09:33.2269670Z   while signed in
2024-02-18T21:09:33.2271000Z     GET #index
2024-02-18T21:09:33.2272200Z       csv
2024-02-18T21:09:33.2602437Z         is expected to be successful
2024-02-18T21:09:33.2603460Z       html
2024-02-18T21:09:33.3035357Z         is successful
2024-02-18T21:09:33.3036204Z         when filtering by date
2024-02-18T21:09:33.3037206Z           when date parameters are not supplied
2024-02-18T21:09:33.3552245Z             returns all objects
2024-02-18T21:09:33.3553236Z           when date parameters are supplied
2024-02-18T21:09:33.4072427Z             only returns the correct objects
2024-02-18T21:09:33.4073201Z     GET #show
2024-02-18T21:09:33.4440842Z       is expected to be successful
2024-02-18T21:09:33.4441571Z     GET #new
2024-02-18T21:09:33.4864844Z       is successful
2024-02-18T21:09:33.4865648Z     POST #create
2024-02-18T21:09:33.4866207Z       with valid params
2024-02-18T21:09:33.5209551Z         creates a new Adjustment
2024-02-18T21:09:33.5492049Z         assigns a newly created adjustment as @adjustment
2024-02-18T21:09:33.5781999Z         redirects to the #show after created adjustment
2024-02-18T21:09:33.6053074Z         assigns a user id from the current user
2024-02-18T21:09:33.6054356Z       with invalid params
2024-02-18T21:09:33.6415763Z         re-renders the 'new' template
2024-02-18T21:09:33.6780594Z         assigns a newly created but unsaved adjustment as @adjustment
2024-02-18T21:09:33.6781670Z 
2024-02-18T21:09:33.6781910Z Users
2024-02-18T21:09:33.6783064Z   GET #index
2024-02-18T21:09:33.7084748Z     returns http success
2024-02-18T21:09:33.7085402Z   GET #new
2024-02-18T21:09:33.7371818Z     returns http success
2024-02-18T21:09:33.7372843Z   GET #switch_to_partner_role
2024-02-18T21:09:33.7373482Z     without a partner role
2024-02-18T21:09:33.9399630Z       should redirect to the root path with an error
2024-02-18T21:09:33.9400573Z     with a partner role
2024-02-18T21:09:33.9794252Z       should redirect to the partner path
2024-02-18T21:09:33.9795241Z   POST #send_partner_user_reset_password
2024-02-18T21:09:34.1924345Z     should return an error if organization does not own the partner
2024-02-18T21:09:34.3114619Z     should send a password
2024-02-18T21:09:34.3584531Z     should return an error if it cannot find the user
2024-02-18T21:09:34.4074217Z     should return send a password even if case-insensitive spelling of email
2024-02-18T21:09:34.4074893Z 
2024-02-18T21:09:34.4075058Z Kit management
2024-02-18T21:09:35.2947158Z   can create a new kit as a user with the proper quantity
2024-02-18T21:09:35.8545991Z   should not display inactive storage locations under allocations
2024-02-18T21:09:37.3621262Z   can allocate and deallocate quantity per storage location from kit index
2024-02-18T21:09:37.3622314Z   when there is no kit quantity
2024-02-18T21:09:38.5280861Z     will not change quantity amounts when deallocating
2024-02-18T21:09:38.5282361Z   when there is not enough quantity of the items contained in the kit on-hand
2024-02-18T21:09:39.6356439Z     will not change quantity amounts when allocating
2024-02-18T21:09:39.6357267Z 
2024-02-18T21:09:39.6357684Z Donations
2024-02-18T21:09:39.6359379Z   When signed in as a normal user
2024-02-18T21:09:39.6360369Z     When editing an existing donation
2024-02-18T21:09:41.5264841Z       Does not default a selection if item lookup fails
2024-02-18T21:09:43.0617517Z       Allows the user to edit a donation
2024-02-18T21:09:43.0618555Z     When visiting the index page
2024-02-18T21:09:43.7414511Z       Displays Total quantity on the index page
2024-02-18T21:09:44.6027657Z       doesn't die when an inactive item is in a donation
2024-02-18T21:09:45.4126036Z       should not display inactive storage locations in dropdown
2024-02-18T21:09:46.2570942Z       Allows User to click to the new donation form
2024-02-18T21:09:46.2571830Z     When viewing an existing donation
2024-02-18T21:09:46.8152872Z       does not allow deletion of a donation
2024-02-18T21:09:47.3648498Z       displays donation comment
2024-02-18T21:09:47.3649352Z       when there is no comment defined
2024-02-18T21:09:48.2149720Z         displays the None provided as the comment
2024-02-18T21:09:48.2150816Z     When filtering on the index page
2024-02-18T21:09:49.0816148Z       Filters by donation site
2024-02-18T21:09:49.8779268Z       Filters by storage location
2024-02-18T21:09:50.6949294Z       Filters by product drives
2024-02-18T21:09:51.5449076Z       Filter by product drive participant sticks around
2024-02-18T21:09:52.6383480Z       Filters by multiple attributes
2024-02-18T21:09:53.4640165Z       Filters by manufacturer
2024-02-18T21:09:54.2774080Z       Filters by the source
2024-02-18T21:09:55.1044977Z       Filters by product drive participant
2024-02-18T21:09:55.1045897Z       behaves like Date Range Picker
2024-02-18T21:09:55.1047080Z         when choosing 'All Time'
2024-02-18T21:09:56.0554984Z           shows all the records
2024-02-18T21:09:56.0556215Z         when choosing a date range that only includes the previous week
2024-02-18T21:09:56.9678645Z           shows only 1 record
2024-02-18T21:09:56.9679540Z         when choosing 'Last Month'
2024-02-18T21:09:57.8847074Z           shows only 2 of the records
2024-02-18T21:09:57.8847902Z     When creating a new donation
2024-02-18T21:09:58.3822257Z       should not display inactive storage locations in dropdown
2024-02-18T21:09:58.3822901Z       Via manual entry
2024-02-18T21:09:59.3032246Z         Allows User to create a donation for a Manufacturer source
2024-02-18T21:10:00.2020974Z         Allows User to create a donation with a Miscellaneous source
2024-02-18T21:10:01.0911793Z         Verifies unusually large donation quantities
2024-02-18T21:10:01.9659786Z         Allows User to create a donation for Purchased Supplies
2024-02-18T21:10:02.8425494Z         Allows donations to be created IN THE PAST
2024-02-18T21:10:03.5845748Z         Allows User to create a Product Drive from donation
2024-02-18T21:10:04.6286976Z         Accepts and combines multiple line items for the same item type
2024-02-18T21:10:05.4375413Z         Allows User to create a Product Drive Participant from donation
2024-02-18T21:10:06.4844671Z         Allows User to create a donation for a Donation Site source
2024-02-18T21:10:07.4420591Z         Strips extraneous data if the user adds both Donation Site and Product Drive Participant
2024-02-18T21:10:08.2435757Z         Does not include inactive items in the line item fields
2024-02-18T21:10:09.1193438Z         Displays nested errors
2024-02-18T21:10:10.0951534Z         Repopulates items dropdown even if initial submission doesn't validate
2024-02-18T21:10:11.0007637Z         Allows User to create a donation for a ProductDrive Participant source
2024-02-18T21:10:11.7261125Z         Allows User to create a Manufacturer from donation
2024-02-18T21:10:12.6214894Z         User can create a donation using dollars decimal amount for its money raised
2024-02-18T21:10:13.4013344Z         Ensures Barcode Entry fields have unique ids
2024-02-18T21:10:13.4014140Z       Via barcode entry
2024-02-18T21:10:14.3205065Z         Allows User to add items that do not yet have a barcode
2024-02-18T21:10:15.1108352Z         Allows User to add items by barcode
2024-02-18T21:10:16.0395929Z         Updates the line item when the same barcode is scanned twice
2024-02-18T21:10:16.0396568Z         When the barcode is a global barcode
2024-02-18T21:10:17.1129329Z           Adds the oldest item it can find for the global barcode
2024-02-18T21:10:17.1130580Z     When donation items have value
2024-02-18T21:10:17.8069287Z       Displays the individual value on the index page
2024-02-18T21:10:18.5051611Z       Displays the total value on the index page
2024-02-18T21:10:19.4393620Z       Displays the total value on the show page
2024-02-18T21:10:19.4394526Z   while signed in as an organization admin
2024-02-18T21:10:19.4395479Z     When viewing an existing donation
2024-02-18T21:10:20.2867581Z       allows deletion of a donation
2024-02-18T21:10:20.7354717Z 
2024-02-18T21:10:20.7355470Z Finished in 1 minute 46.69 seconds (files took 8.23 seconds to load)
2024-02-18T21:10:20.7356426Z 174 examples, 0 failures
2024-02-18T21:10:20.7357009Z 
2024-02-18T21:10:20.7357685Z Randomized with seed 59071
2024-02-18T21:10:20.7360039Z 
2024-02-18T21:10:21.2024583Z Coverage report generated for RSpec to /home/runner/work/human-essentials/human-essentials/coverage. 3800 / 6430 LOC (59.1%) covered.
2024-02-18T21:10:21.7191111Z Coverage report generated for RSpec to /home/runner/work/human-essentials/human-essentials/coverage. 38 / 10695 LOC (0.36%) covered.
2024-02-18T21:10:21.7573429Z Post job cleanup.
2024-02-18T21:10:21.8763934Z [command]/usr/bin/git version
2024-02-18T21:10:21.8812101Z git version 2.43.0
2024-02-18T21:10:21.8854835Z Temporarily overriding HOME='/home/runner/work/_temp/c62cb298-2a41-4868-b83f-cc2b99636376' before making global git config changes
2024-02-18T21:10:21.8856618Z Adding repository directory to the temporary git global config as a safe directory
2024-02-18T21:10:21.8861635Z [command]/usr/bin/git config --global --add safe.directory /home/runner/work/human-essentials/human-essentials
2024-02-18T21:10:21.8904331Z [command]/usr/bin/git config --local --name-only --get-regexp core\.sshCommand
2024-02-18T21:10:21.8945719Z [command]/usr/bin/git submodule foreach --recursive sh -c "git config --local --name-only --get-regexp 'core\.sshCommand' && git config --local --unset-all 'core.sshCommand' || :"
2024-02-18T21:10:21.9194353Z [command]/usr/bin/git config --local --name-only --get-regexp http\.https\:\/\/github\.com\/\.extraheader
2024-02-18T21:10:21.9225573Z http.https://github.com/.extraheader
2024-02-18T21:10:21.9235274Z [command]/usr/bin/git config --local --unset-all http.https://github.com/.extraheader
2024-02-18T21:10:21.9275975Z [command]/usr/bin/git submodule foreach --recursive sh -c "git config --local --name-only --get-regexp 'http\.https\:\/\/github\.com\/\.extraheader' && git config --local --unset-all 'http.https://github.com/.extraheader' || :"
2024-02-18T21:10:21.9692686Z Print service container logs: 403cd29153df4735ab4130d0bbcbcf33_postgres123_310555
2024-02-18T21:10:21.9697849Z ##[command]/usr/bin/docker logs --details f4923f12cfa10179438ad561764f956356ba7b1b0b0924563bd5fc9b61137b53
2024-02-18T21:10:21.9814906Z  The files belonging to this database system will be owned by user "postgres".
2024-02-18T21:10:21.9817452Z  initdb: warning: enabling "trust" authentication for local connections
2024-02-18T21:10:21.9818779Z  You can change this by editing pg_hba.conf or using the option -A, or
2024-02-18T21:10:21.9819755Z  --auth-local and --auth-host, the next time you run initdb.
2024-02-18T21:10:21.9821337Z  2024-02-18 21:06:54.763 UTC [1] LOG:  starting PostgreSQL 12.3 (Debian 12.3-1.pgdg100+1) on x86_64-pc-linux-gnu, compiled by gcc (Debian 8.3.0-6) 8.3.0, 64-bit
2024-02-18T21:10:21.9822995Z  2024-02-18 21:06:54.764 UTC [1] LOG:  listening on IPv4 address "0.0.0.0", port 5432
2024-02-18T21:10:21.9824154Z  2024-02-18 21:06:54.764 UTC [1] LOG:  listening on IPv6 address "::", port 5432
2024-02-18T21:10:21.9825045Z  This user must also own the server process.
2024-02-18T21:10:21.9825620Z  
2024-02-18T21:10:21.9826189Z  The database cluster will be initialized with locale "en_US.utf8".
2024-02-18T21:10:21.9827166Z  The default database encoding has accordingly been set to "UTF8".
2024-02-18T21:10:21.9828123Z  The default text search configuration will be set to "english".
2024-02-18T21:10:21.9829301Z  2024-02-18 21:06:54.764 UTC [1] LOG:  listening on Unix socket "/var/run/postgresql/.s.PGSQL.5432"
2024-02-18T21:10:21.9830613Z  2024-02-18 21:06:54.775 UTC [56] LOG:  database system was shut down at 2024-02-18 21:06:54 UTC
2024-02-18T21:10:21.9831823Z  2024-02-18 21:06:54.781 UTC [1] LOG:  database system is ready to accept connections
2024-02-18T21:10:21.9832864Z  2024-02-18 21:07:03.962 UTC [70] FATAL:  role "root" does not exist
2024-02-18T21:10:21.9833788Z  2024-02-18 21:07:14.049 UTC [77] FATAL:  role "root" does not exist
2024-02-18T21:10:21.9834794Z  2024-02-18 21:07:23.832 UTC [78] FATAL:  database "diaper_test" does not exist
2024-02-18T21:10:21.9835796Z  2024-02-18 21:07:24.130 UTC [87] FATAL:  role "root" does not exist
2024-02-18T21:10:21.9836907Z  2024-02-18 21:07:30.802 UTC [88] ERROR:  relation "flipper_gates" does not exist at character 491
2024-02-18T21:10:21.9838269Z  2024-02-18 21:07:30.802 UTC [88] STATEMENT:  SELECT a.attname, format_type(a.atttypid, a.atttypmod),
2024-02-18T21:10:21.9839495Z  	       pg_get_expr(d.adbin, d.adrelid), a.attnotnull, a.atttypid, a.atttypmod,
2024-02-18T21:10:21.9841529Z  	       c.collname, col_description(a.attrelid, a.attnum) AS comment,
2024-02-18T21:10:21.9842314Z  	       attgenerated as attgenerated
2024-02-18T21:10:21.9842867Z  	  FROM pg_attribute a
2024-02-18T21:10:21.9843472Z  	  LEFT JOIN pg_attrdef d ON a.attrelid = d.adrelid AND a.attnum = d.adnum
2024-02-18T21:10:21.9843996Z  	  LEFT JOIN pg_type t ON a.atttypid = t.oid
2024-02-18T21:10:21.9844617Z  	  LEFT JOIN pg_collation c ON a.attcollation = c.oid AND a.attcollation <> t.typcollation
2024-02-18T21:10:21.9845225Z  	 WHERE a.attrelid = '"flipper_gates"'::regclass
2024-02-18T21:10:21.9845641Z  	   AND a.attnum > 0 AND NOT a.attisdropped
2024-02-18T21:10:21.9846004Z  	 ORDER BY a.attnum
2024-02-18T21:10:21.9846251Z  	
2024-02-18T21:10:21.9846593Z  2024-02-18 21:07:34.225 UTC [98] FATAL:  role "root" does not exist
2024-02-18T21:10:21.9847162Z  2024-02-18 21:07:44.310 UTC [108] FATAL:  role "root" does not exist
2024-02-18T21:10:21.9847722Z  2024-02-18 21:07:54.412 UTC [116] FATAL:  role "root" does not exist
2024-02-18T21:10:21.9848279Z  2024-02-18 21:08:04.490 UTC [125] FATAL:  role "root" does not exist
2024-02-18T21:10:21.9848829Z  2024-02-18 21:08:14.567 UTC [133] FATAL:  role "root" does not exist
2024-02-18T21:10:21.9849381Z  2024-02-18 21:08:24.647 UTC [142] FATAL:  role "root" does not exist
2024-02-18T21:10:21.9849926Z  2024-02-18 21:08:34.739 UTC [153] FATAL:  role "root" does not exist
2024-02-18T21:10:21.9851652Z  2024-02-18 21:08:44.830 UTC [161] FATAL:  role "root" does not exist
2024-02-18T21:10:21.9852251Z  2024-02-18 21:08:54.915 UTC [170] FATAL:  role "root" does not exist
2024-02-18T21:10:21.9852822Z  2024-02-18 21:09:04.998 UTC [179] FATAL:  role "root" does not exist
2024-02-18T21:10:21.9853365Z  2024-02-18 21:09:15.109 UTC [187] FATAL:  role "root" does not exist
2024-02-18T21:10:21.9853912Z  2024-02-18 21:09:25.190 UTC [195] FATAL:  role "root" does not exist
2024-02-18T21:10:21.9854457Z  2024-02-18 21:09:35.276 UTC [204] FATAL:  role "root" does not exist
2024-02-18T21:10:21.9855008Z  2024-02-18 21:09:45.379 UTC [211] FATAL:  role "root" does not exist
2024-02-18T21:10:21.9855543Z  2024-02-18 21:09:55.481 UTC [219] FATAL:  role "root" does not exist
2024-02-18T21:10:21.9856080Z  2024-02-18 21:10:05.585 UTC [229] FATAL:  role "root" does not exist
2024-02-18T21:10:21.9856636Z  2024-02-18 21:10:15.659 UTC [237] FATAL:  role "root" does not exist
2024-02-18T21:10:21.9857088Z  
2024-02-18T21:10:21.9857320Z  Data page checksums are disabled.
2024-02-18T21:10:21.9857634Z  
2024-02-18T21:10:21.9858008Z  fixing permissions on existing directory /var/lib/postgresql/data ... ok
2024-02-18T21:10:21.9858544Z  creating subdirectories ... ok
2024-02-18T21:10:21.9858967Z  selecting dynamic shared memory implementation ... posix
2024-02-18T21:10:21.9859430Z  selecting default max_connections ... 100
2024-02-18T21:10:21.9859824Z  selecting default shared_buffers ... 128MB
2024-02-18T21:10:21.9860327Z  selecting default time zone ... Etc/UTC
2024-02-18T21:10:21.9860693Z  creating configuration files ... ok
2024-02-18T21:10:21.9861056Z  running bootstrap script ... ok
2024-02-18T21:10:21.9861464Z  performing post-bootstrap initialization ... ok
2024-02-18T21:10:21.9861858Z  syncing data to disk ... ok
2024-02-18T21:10:21.9862130Z  
2024-02-18T21:10:21.9862322Z  
2024-02-18T21:10:21.9862610Z  Success. You can now start the database server using:
2024-02-18T21:10:21.9863016Z  
2024-02-18T21:10:21.9863321Z      pg_ctl -D /var/lib/postgresql/data -l logfile start
2024-02-18T21:10:21.9863698Z  
2024-02-18T21:10:21.9864521Z  waiting for server to start....2024-02-18 21:06:54.561 UTC [47] LOG:  starting PostgreSQL 12.3 (Debian 12.3-1.pgdg100+1) on x86_64-pc-linux-gnu, compiled by gcc (Debian 8.3.0-6) 8.3.0, 64-bit
2024-02-18T21:10:21.9865678Z  2024-02-18 21:06:54.562 UTC [47] LOG:  listening on Unix socket "/var/run/postgresql/.s.PGSQL.5432"
2024-02-18T21:10:21.9866449Z  2024-02-18 21:06:54.573 UTC [48] LOG:  database system was shut down at 2024-02-18 21:06:54 UTC
2024-02-18T21:10:21.9867353Z  2024-02-18 21:06:54.578 UTC [47] LOG:  database system is ready to accept connections
2024-02-18T21:10:21.9867847Z   done
2024-02-18T21:10:21.9868060Z  server started
2024-02-18T21:10:21.9868291Z  
2024-02-18T21:10:21.9868694Z  /usr/local/bin/docker-entrypoint.sh: ignoring /docker-entrypoint-initdb.d/*
2024-02-18T21:10:21.9869182Z  
2024-02-18T21:10:21.9869520Z  2024-02-18 21:06:54.652 UTC [47] LOG:  received fast shutdown request
2024-02-18T21:10:21.9870287Z  waiting for server to shut down....2024-02-18 21:06:54.653 UTC [47] LOG:  aborting any active transactions
2024-02-18T21:10:21.9871201Z  2024-02-18 21:06:54.654 UTC [47] LOG:  background worker "logical replication launcher" (PID 54) exited with exit code 1
2024-02-18T21:10:21.9871901Z  2024-02-18 21:06:54.654 UTC [49] LOG:  shutting down
2024-02-18T21:10:21.9872395Z  2024-02-18 21:06:54.661 UTC [47] LOG:  database system is shut down
2024-02-18T21:10:21.9872838Z   done
2024-02-18T21:10:21.9873060Z  server stopped
2024-02-18T21:10:21.9873287Z  
2024-02-18T21:10:21.9873579Z  PostgreSQL init process complete; ready for start up.
2024-02-18T21:10:21.9873966Z  
2024-02-18T21:10:21.9880029Z Stop and remove container: 403cd29153df4735ab4130d0bbcbcf33_postgres123_310555
2024-02-18T21:10:21.9885167Z ##[command]/usr/bin/docker rm --force f4923f12cfa10179438ad561764f956356ba7b1b0b0924563bd5fc9b61137b53
2024-02-18T21:10:22.2218434Z f4923f12cfa10179438ad561764f956356ba7b1b0b0924563bd5fc9b61137b53
2024-02-18T21:10:22.2246906Z Remove container network: github_network_c9ec05dafc334e44bfc093b9f022c98a
2024-02-18T21:10:22.2252595Z ##[command]/usr/bin/docker network rm github_network_c9ec05dafc334e44bfc093b9f022c98a
2024-02-18T21:10:22.4709477Z github_network_c9ec05dafc334e44bfc093b9f022c98a
2024-02-18T21:10:22.4878383Z Cleaning up orphan processes
