2024-03-14T17:32:35.9127745Z Requested labels: ubuntu-latest
2024-03-14T17:32:35.9128053Z Job defined at: rubyforgood/human-essentials/.github/workflows/rspec-system.yml@refs/pull/4154/merge
2024-03-14T17:32:35.9128213Z Waiting for a runner to pick up this job...
2024-03-14T17:32:37.2886101Z Job is waiting for a hosted runner to come online.
2024-03-14T17:32:41.0321429Z Job is about to start running on the hosted runner: GitHub Actions 20 (hosted)
2024-03-14T17:32:43.5500772Z Current runner version: '2.314.1'
2024-03-14T17:32:43.5523355Z ##[group]Operating System
2024-03-14T17:32:43.5523976Z Ubuntu
2024-03-14T17:32:43.5524480Z 22.04.4
2024-03-14T17:32:43.5524768Z LTS
2024-03-14T17:32:43.5525094Z ##[endgroup]
2024-03-14T17:32:43.5525559Z ##[group]Runner Image
2024-03-14T17:32:43.5525949Z Image: ubuntu-22.04
2024-03-14T17:32:43.5526340Z Version: 20240310.1.0
2024-03-14T17:32:43.5527429Z Included Software: https://github.com/actions/runner-images/blob/ubuntu22/20240310.1/images/ubuntu/Ubuntu2204-Readme.md
2024-03-14T17:32:43.5528844Z Image Release: https://github.com/actions/runner-images/releases/tag/ubuntu22%2F20240310.1
2024-03-14T17:32:43.5529658Z ##[endgroup]
2024-03-14T17:32:43.5530138Z ##[group]Runner Image Provisioner
2024-03-14T17:32:43.5530612Z 2.0.359.1
2024-03-14T17:32:43.5530908Z ##[endgroup]
2024-03-14T17:32:43.5533040Z ##[group]GITHUB_TOKEN Permissions
2024-03-14T17:32:43.5534613Z Actions: read
2024-03-14T17:32:43.5535153Z Checks: read
2024-03-14T17:32:43.5535677Z Contents: read
2024-03-14T17:32:43.5536203Z Deployments: read
2024-03-14T17:32:43.5536596Z Discussions: read
2024-03-14T17:32:43.5536955Z Issues: read
2024-03-14T17:32:43.5537379Z Metadata: read
2024-03-14T17:32:43.5537756Z Packages: read
2024-03-14T17:32:43.5538107Z Pages: read
2024-03-14T17:32:43.5538544Z PullRequests: read
2024-03-14T17:32:43.5538945Z RepositoryProjects: read
2024-03-14T17:32:43.5539363Z SecurityEvents: read
2024-03-14T17:32:43.5539821Z Statuses: read
2024-03-14T17:32:43.5540195Z ##[endgroup]
2024-03-14T17:32:43.5543089Z Secret source: None
2024-03-14T17:32:43.5543748Z Prepare workflow directory
2024-03-14T17:32:43.6433339Z Prepare all required actions
2024-03-14T17:32:43.6592855Z Getting action download info
2024-03-14T17:32:43.8384938Z Download action repository 'actions/checkout@v2' (SHA:ee0669bd1cc54295c223e0bb666b733df41de1c5)
2024-03-14T17:32:43.9646464Z Download action repository 'ruby/setup-ruby@v1' (SHA:d4526a55538b775af234ba4af27118ed6f8f6677)
2024-03-14T17:32:44.1981206Z Download action repository 'actions/upload-artifact@v2' (SHA:82c141cc518b40d92cc801eee768e7aafc9c2fa2)
2024-03-14T17:32:44.3820213Z Complete job name: rspec-system (6, 4)
2024-03-14T17:32:44.4483318Z ##[group]Checking docker version
2024-03-14T17:32:44.4497639Z ##[command]/usr/bin/docker version --format '{{.Server.APIVersion}}'
2024-03-14T17:32:44.5027616Z '1.43'
2024-03-14T17:32:44.5043888Z Docker daemon API version: '1.43'
2024-03-14T17:32:44.5044628Z ##[command]/usr/bin/docker version --format '{{.Client.APIVersion}}'
2024-03-14T17:32:44.5219928Z '1.43'
2024-03-14T17:32:44.5232940Z Docker client API version: '1.43'
2024-03-14T17:32:44.5237816Z ##[endgroup]
2024-03-14T17:32:44.5241466Z ##[group]Clean up resources from previous jobs
2024-03-14T17:32:44.5246998Z ##[command]/usr/bin/docker ps --all --quiet --no-trunc --filter "label=bef884"
2024-03-14T17:32:44.5417179Z ##[command]/usr/bin/docker network prune --force --filter "label=bef884"
2024-03-14T17:32:44.5561428Z ##[endgroup]
2024-03-14T17:32:44.5561918Z ##[group]Create local container network
2024-03-14T17:32:44.5571989Z ##[command]/usr/bin/docker network create --label bef884 github_network_18be894a1af14d5c807377cd409ecc5f
2024-03-14T17:32:44.6223485Z 2f624465d4337a2863140e91213a89b80f84b303cf9f6280719d3b83169f7cb1
2024-03-14T17:32:44.6247551Z ##[endgroup]
2024-03-14T17:32:44.6326216Z ##[group]Starting db service container
2024-03-14T17:32:44.6381769Z ##[command]/usr/bin/docker pull postgres:12.3
2024-03-14T17:32:44.9224499Z 12.3: Pulling from library/postgres
2024-03-14T17:32:44.9863446Z bf5952930446: Pulling fs layer
2024-03-14T17:32:44.9864253Z 9577476abb00: Pulling fs layer
2024-03-14T17:32:44.9864864Z 2bd105512d5c: Pulling fs layer
2024-03-14T17:32:44.9865283Z b1cd21c26e81: Pulling fs layer
2024-03-14T17:32:44.9865699Z 34a7c86cf8fc: Pulling fs layer
2024-03-14T17:32:44.9866382Z 274e7b0c38d5: Pulling fs layer
2024-03-14T17:32:44.9866798Z 3e831b350d37: Pulling fs layer
2024-03-14T17:32:44.9867213Z 38fa0d496534: Pulling fs layer
2024-03-14T17:32:44.9867669Z 31a8349609a4: Pulling fs layer
2024-03-14T17:32:44.9868438Z 14e4c2a4b7b7: Pulling fs layer
2024-03-14T17:32:44.9868828Z 964acfa02beb: Pulling fs layer
2024-03-14T17:32:44.9869328Z 31b1f20dffc0: Pulling fs layer
2024-03-14T17:32:44.9869683Z 14771c2930e9: Pulling fs layer
2024-03-14T17:32:44.9870079Z 2f30edd0ce8a: Pulling fs layer
2024-03-14T17:32:44.9870590Z b1cd21c26e81: Waiting
2024-03-14T17:32:44.9870912Z 34a7c86cf8fc: Waiting
2024-03-14T17:32:44.9871247Z 31a8349609a4: Waiting
2024-03-14T17:32:44.9871657Z 14e4c2a4b7b7: Waiting
2024-03-14T17:32:44.9871964Z 274e7b0c38d5: Waiting
2024-03-14T17:32:44.9872312Z 3e831b350d37: Waiting
2024-03-14T17:32:44.9872722Z 38fa0d496534: Waiting
2024-03-14T17:32:44.9873039Z 964acfa02beb: Waiting
2024-03-14T17:32:44.9873371Z 31b1f20dffc0: Waiting
2024-03-14T17:32:44.9873782Z 14771c2930e9: Waiting
2024-03-14T17:32:44.9874082Z 2f30edd0ce8a: Waiting
2024-03-14T17:32:45.0764902Z 2bd105512d5c: Verifying Checksum
2024-03-14T17:32:45.0765674Z 2bd105512d5c: Download complete
2024-03-14T17:32:45.1557840Z 9577476abb00: Download complete
2024-03-14T17:32:45.1981682Z b1cd21c26e81: Verifying Checksum
2024-03-14T17:32:45.1982770Z b1cd21c26e81: Download complete
2024-03-14T17:32:45.3050167Z 274e7b0c38d5: Verifying Checksum
2024-03-14T17:32:45.3051065Z 274e7b0c38d5: Download complete
2024-03-14T17:32:45.3805946Z 34a7c86cf8fc: Verifying Checksum
2024-03-14T17:32:45.3806786Z 34a7c86cf8fc: Download complete
2024-03-14T17:32:45.3906185Z 3e831b350d37: Verifying Checksum
2024-03-14T17:32:45.3907283Z 3e831b350d37: Download complete
2024-03-14T17:32:45.4556110Z 38fa0d496534: Download complete
2024-03-14T17:32:45.5305047Z 14e4c2a4b7b7: Download complete
2024-03-14T17:32:45.5594467Z bf5952930446: Download complete
2024-03-14T17:32:45.6118298Z 964acfa02beb: Verifying Checksum
2024-03-14T17:32:45.6119120Z 964acfa02beb: Download complete
2024-03-14T17:32:45.7085978Z 14771c2930e9: Verifying Checksum
2024-03-14T17:32:45.7091325Z 14771c2930e9: Download complete
2024-03-14T17:32:45.7713519Z 31b1f20dffc0: Verifying Checksum
2024-03-14T17:32:45.7715011Z 31b1f20dffc0: Download complete
2024-03-14T17:32:45.7862541Z 2f30edd0ce8a: Verifying Checksum
2024-03-14T17:32:45.7863640Z 2f30edd0ce8a: Download complete
2024-03-14T17:32:46.0771231Z 31a8349609a4: Verifying Checksum
2024-03-14T17:32:46.0771913Z 31a8349609a4: Download complete
2024-03-14T17:32:46.7139560Z bf5952930446: Pull complete
2024-03-14T17:32:47.0388135Z 9577476abb00: Pull complete
2024-03-14T17:32:47.0558752Z 2bd105512d5c: Pull complete
2024-03-14T17:32:47.1058067Z b1cd21c26e81: Pull complete
2024-03-14T17:32:47.4590918Z 34a7c86cf8fc: Pull complete
2024-03-14T17:32:47.4990737Z 274e7b0c38d5: Pull complete
2024-03-14T17:32:47.5104669Z 3e831b350d37: Pull complete
2024-03-14T17:32:47.5278733Z 38fa0d496534: Pull complete
2024-03-14T17:32:49.8310352Z 31a8349609a4: Pull complete
2024-03-14T17:32:49.8414036Z 14e4c2a4b7b7: Pull complete
2024-03-14T17:32:49.8498091Z 964acfa02beb: Pull complete
2024-03-14T17:32:49.8590451Z 31b1f20dffc0: Pull complete
2024-03-14T17:32:49.8671861Z 14771c2930e9: Pull complete
2024-03-14T17:32:49.8764526Z 2f30edd0ce8a: Pull complete
2024-03-14T17:32:49.8818156Z Digest: sha256:a06e6e6e519b7a329c419f8221edec66cfc45511e8b80e262c12103ba745cf19
2024-03-14T17:32:49.8831139Z Status: Downloaded newer image for postgres:12.3
2024-03-14T17:32:49.8842004Z docker.io/library/postgres:12.3
2024-03-14T17:32:49.8944502Z ##[command]/usr/bin/docker create --name 66236129a88e41559bf26ea8335b22ab_postgres123_b91034 --label bef884 --network github_network_18be894a1af14d5c807377cd409ecc5f --network-alias db -p 5432:5432 --health-cmd pg_isready --health-interval 10s --health-timeout 5s --health-retries 5 -e "POSTGRES_PASSWORD=password" -e GITHUB_ACTIONS=true -e CI=true postgres:12.3
2024-03-14T17:32:49.9206971Z 8ff7629fd4a46f3d39e35b3b4cfbca56d49b39fb3c3fe05f9751befca6a76cdb
2024-03-14T17:32:49.9229283Z ##[command]/usr/bin/docker start 8ff7629fd4a46f3d39e35b3b4cfbca56d49b39fb3c3fe05f9751befca6a76cdb
2024-03-14T17:32:50.1757581Z 8ff7629fd4a46f3d39e35b3b4cfbca56d49b39fb3c3fe05f9751befca6a76cdb
2024-03-14T17:32:50.1776848Z ##[command]/usr/bin/docker ps --all --filter id=8ff7629fd4a46f3d39e35b3b4cfbca56d49b39fb3c3fe05f9751befca6a76cdb --filter status=running --no-trunc --format "{{.ID}} {{.Status}}"
2024-03-14T17:32:50.1924902Z 8ff7629fd4a46f3d39e35b3b4cfbca56d49b39fb3c3fe05f9751befca6a76cdb Up Less than a second (health: starting)
2024-03-14T17:32:50.1947934Z ##[command]/usr/bin/docker port 8ff7629fd4a46f3d39e35b3b4cfbca56d49b39fb3c3fe05f9751befca6a76cdb
2024-03-14T17:32:50.2078762Z 5432/tcp -> 0.0.0.0:5432
2024-03-14T17:32:50.2079454Z 5432/tcp -> [::]:5432
2024-03-14T17:32:50.2164910Z ##[endgroup]
2024-03-14T17:32:50.2192234Z ##[group]Waiting for all services to be ready
2024-03-14T17:32:50.2228029Z ##[command]/usr/bin/docker inspect --format="{{if .Config.Healthcheck}}{{print .State.Health.Status}}{{end}}" 8ff7629fd4a46f3d39e35b3b4cfbca56d49b39fb3c3fe05f9751befca6a76cdb
2024-03-14T17:32:50.2363055Z starting
2024-03-14T17:32:50.2383441Z db service is starting, waiting 2 seconds before checking again.
2024-03-14T17:32:52.2357934Z ##[command]/usr/bin/docker inspect --format="{{if .Config.Healthcheck}}{{print .State.Health.Status}}{{end}}" 8ff7629fd4a46f3d39e35b3b4cfbca56d49b39fb3c3fe05f9751befca6a76cdb
2024-03-14T17:32:52.2480963Z starting
2024-03-14T17:32:52.2496835Z db service is starting, waiting 3 seconds before checking again.
2024-03-14T17:32:56.0601803Z ##[command]/usr/bin/docker inspect --format="{{if .Config.Healthcheck}}{{print .State.Health.Status}}{{end}}" 8ff7629fd4a46f3d39e35b3b4cfbca56d49b39fb3c3fe05f9751befca6a76cdb
2024-03-14T17:32:56.0720433Z starting
2024-03-14T17:32:56.0734388Z db service is starting, waiting 7 seconds before checking again.
2024-03-14T17:33:03.7992153Z ##[command]/usr/bin/docker inspect --format="{{if .Config.Healthcheck}}{{print .State.Health.Status}}{{end}}" 8ff7629fd4a46f3d39e35b3b4cfbca56d49b39fb3c3fe05f9751befca6a76cdb
2024-03-14T17:33:03.8117484Z healthy
2024-03-14T17:33:03.8133335Z db service is healthy.
2024-03-14T17:33:03.8133839Z ##[endgroup]
2024-03-14T17:33:03.8506362Z ##[group]Run actions/checkout@v2
2024-03-14T17:33:03.8506868Z with:
2024-03-14T17:33:03.8507192Z   repository: rubyforgood/human-essentials
2024-03-14T17:33:03.8507969Z   token: ***
2024-03-14T17:33:03.8508312Z   ssh-strict: true
2024-03-14T17:33:03.8508626Z   persist-credentials: true
2024-03-14T17:33:03.8509087Z   clean: true
2024-03-14T17:33:03.8509401Z   fetch-depth: 1
2024-03-14T17:33:03.8509718Z   lfs: false
2024-03-14T17:33:03.8510105Z   submodules: false
2024-03-14T17:33:03.8510444Z   set-safe-directory: true
2024-03-14T17:33:03.8510767Z ##[endgroup]
2024-03-14T17:33:04.0892310Z Syncing repository: rubyforgood/human-essentials
2024-03-14T17:33:04.0894448Z ##[group]Getting Git version info
2024-03-14T17:33:04.0895322Z Working directory is '/home/runner/work/human-essentials/human-essentials'
2024-03-14T17:33:04.0896382Z [command]/usr/bin/git version
2024-03-14T17:33:04.0933039Z git version 2.43.2
2024-03-14T17:33:04.0957640Z ##[endgroup]
2024-03-14T17:33:04.0977290Z Temporarily overriding HOME='/home/runner/work/_temp/fc0e0898-7e78-48ae-8fac-121376861632' before making global git config changes
2024-03-14T17:33:04.0979305Z Adding repository directory to the temporary git global config as a safe directory
2024-03-14T17:33:04.0982634Z [command]/usr/bin/git config --global --add safe.directory /home/runner/work/human-essentials/human-essentials
2024-03-14T17:33:04.1028479Z Deleting the contents of '/home/runner/work/human-essentials/human-essentials'
2024-03-14T17:33:04.1033601Z ##[group]Initializing the repository
2024-03-14T17:33:04.1037699Z [command]/usr/bin/git init /home/runner/work/human-essentials/human-essentials
2024-03-14T17:33:04.1131962Z hint: Using 'master' as the name for the initial branch. This default branch name
2024-03-14T17:33:04.1133604Z hint: is subject to change. To configure the initial branch name to use in all
2024-03-14T17:33:04.1134955Z hint: of your new repositories, which will suppress this warning, call:
2024-03-14T17:33:04.1136622Z hint: 
2024-03-14T17:33:04.1137826Z hint: 	git config --global init.defaultBranch <name>
2024-03-14T17:33:04.1138587Z hint: 
2024-03-14T17:33:04.1139819Z hint: Names commonly chosen instead of 'master' are 'main', 'trunk' and
2024-03-14T17:33:04.1141150Z hint: 'development'. The just-created branch can be renamed via this command:
2024-03-14T17:33:04.1142057Z hint: 
2024-03-14T17:33:04.1197705Z hint: 	git branch -m <name>
2024-03-14T17:33:04.1198940Z Initialized empty Git repository in /home/runner/work/human-essentials/human-essentials/.git/
2024-03-14T17:33:04.1200654Z [command]/usr/bin/git remote add origin https://github.com/rubyforgood/human-essentials
2024-03-14T17:33:04.1233612Z ##[endgroup]
2024-03-14T17:33:04.1234385Z ##[group]Disabling automatic garbage collection
2024-03-14T17:33:04.1238281Z [command]/usr/bin/git config --local gc.auto 0
2024-03-14T17:33:04.1277464Z ##[endgroup]
2024-03-14T17:33:04.1278475Z ##[group]Setting up auth
2024-03-14T17:33:04.1285120Z [command]/usr/bin/git config --local --name-only --get-regexp core\.sshCommand
2024-03-14T17:33:04.1323654Z [command]/usr/bin/git submodule foreach --recursive sh -c "git config --local --name-only --get-regexp 'core\.sshCommand' && git config --local --unset-all 'core.sshCommand' || :"
2024-03-14T17:33:04.1679107Z [command]/usr/bin/git config --local --name-only --get-regexp http\.https\:\/\/github\.com\/\.extraheader
2024-03-14T17:33:04.1718143Z [command]/usr/bin/git submodule foreach --recursive sh -c "git config --local --name-only --get-regexp 'http\.https\:\/\/github\.com\/\.extraheader' && git config --local --unset-all 'http.https://github.com/.extraheader' || :"
2024-03-14T17:33:04.1962789Z [command]/usr/bin/git config --local http.https://github.com/.extraheader AUTHORIZATION: basic ***
2024-03-14T17:33:04.2009403Z ##[endgroup]
2024-03-14T17:33:04.2010648Z ##[group]Fetching the repository
2024-03-14T17:33:04.2019623Z [command]/usr/bin/git -c protocol.version=2 fetch --no-tags --prune --progress --no-recurse-submodules --depth=1 origin +84d8596f438da6a75792739954f454fdbe4aa879:refs/remotes/pull/4154/merge
2024-03-14T17:33:04.3752130Z remote: Enumerating objects: 1753, done.        
2024-03-14T17:33:04.3753822Z remote: Counting objects:   0% (1/1753)        
2024-03-14T17:33:04.3754947Z remote: Counting objects:   1% (18/1753)        
2024-03-14T17:33:04.3755916Z remote: Counting objects:   2% (36/1753)        
2024-03-14T17:33:04.3756929Z remote: Counting objects:   3% (53/1753)        
2024-03-14T17:33:04.3757893Z remote: Counting objects:   4% (71/1753)        
2024-03-14T17:33:04.3758806Z remote: Counting objects:   5% (88/1753)        
2024-03-14T17:33:04.3759685Z remote: Counting objects:   6% (106/1753)        
2024-03-14T17:33:04.3760598Z remote: Counting objects:   7% (123/1753)        
2024-03-14T17:33:04.3761725Z remote: Counting objects:   8% (141/1753)        
2024-03-14T17:33:04.3762565Z remote: Counting objects:   9% (158/1753)        
2024-03-14T17:33:04.3763340Z remote: Counting objects:  10% (176/1753)        
2024-03-14T17:33:04.3764364Z remote: Counting objects:  11% (193/1753)        
2024-03-14T17:33:04.3764906Z remote: Counting objects:  12% (211/1753)        
2024-03-14T17:33:04.3765516Z remote: Counting objects:  13% (228/1753)        
2024-03-14T17:33:04.3766274Z remote: Counting objects:  14% (246/1753)        
2024-03-14T17:33:04.3766740Z remote: Counting objects:  15% (263/1753)        
2024-03-14T17:33:04.3767483Z remote: Counting objects:  16% (281/1753)        
2024-03-14T17:33:04.3768375Z remote: Counting objects:  17% (299/1753)        
2024-03-14T17:33:04.3769163Z remote: Counting objects:  18% (316/1753)        
2024-03-14T17:33:04.3769875Z remote: Counting objects:  19% (334/1753)        
2024-03-14T17:33:04.3770758Z remote: Counting objects:  20% (351/1753)        
2024-03-14T17:33:04.3771529Z remote: Counting objects:  21% (369/1753)        
2024-03-14T17:33:04.3772415Z remote: Counting objects:  22% (386/1753)        
2024-03-14T17:33:04.3773167Z remote: Counting objects:  23% (404/1753)        
2024-03-14T17:33:04.3774320Z remote: Counting objects:  24% (421/1753)        
2024-03-14T17:33:04.3775172Z remote: Counting objects:  25% (439/1753)        
2024-03-14T17:33:04.3775901Z remote: Counting objects:  26% (456/1753)        
2024-03-14T17:33:04.3776656Z remote: Counting objects:  27% (474/1753)        
2024-03-14T17:33:04.3777524Z remote: Counting objects:  28% (491/1753)        
2024-03-14T17:33:04.3778214Z remote: Counting objects:  29% (509/1753)        
2024-03-14T17:33:04.3778983Z remote: Counting objects:  30% (526/1753)        
2024-03-14T17:33:04.3779781Z remote: Counting objects:  31% (544/1753)        
2024-03-14T17:33:04.3780537Z remote: Counting objects:  32% (561/1753)        
2024-03-14T17:33:04.3781211Z remote: Counting objects:  33% (579/1753)        
2024-03-14T17:33:04.3782000Z remote: Counting objects:  34% (597/1753)        
2024-03-14T17:33:04.3782772Z remote: Counting objects:  35% (614/1753)        
2024-03-14T17:33:04.3783433Z remote: Counting objects:  36% (632/1753)        
2024-03-14T17:33:04.3784315Z remote: Counting objects:  37% (649/1753)        
2024-03-14T17:33:04.3785066Z remote: Counting objects:  38% (667/1753)        
2024-03-14T17:33:04.3785764Z remote: Counting objects:  39% (684/1753)        
2024-03-14T17:33:04.3786856Z remote: Counting objects:  40% (702/1753)        
2024-03-14T17:33:04.3787682Z remote: Counting objects:  41% (719/1753)        
2024-03-14T17:33:04.3788402Z remote: Counting objects:  42% (737/1753)        
2024-03-14T17:33:04.3789280Z remote: Counting objects:  43% (754/1753)        
2024-03-14T17:33:04.3790113Z remote: Counting objects:  44% (772/1753)        
2024-03-14T17:33:04.3790936Z remote: Counting objects:  45% (789/1753)        
2024-03-14T17:33:04.3791817Z remote: Counting objects:  46% (807/1753)        
2024-03-14T17:33:04.3792651Z remote: Counting objects:  47% (824/1753)        
2024-03-14T17:33:04.3793378Z remote: Counting objects:  48% (842/1753)        
2024-03-14T17:33:04.3794273Z remote: Counting objects:  49% (859/1753)        
2024-03-14T17:33:04.3795358Z remote: Counting objects:  50% (877/1753)        
2024-03-14T17:33:04.3796200Z remote: Counting objects:  51% (895/1753)        
2024-03-14T17:33:04.3797047Z remote: Counting objects:  52% (912/1753)        
2024-03-14T17:33:04.3797864Z remote: Counting objects:  53% (930/1753)        
2024-03-14T17:33:04.3798640Z remote: Counting objects:  54% (947/1753)        
2024-03-14T17:33:04.3799498Z remote: Counting objects:  55% (965/1753)        
2024-03-14T17:33:04.3800274Z remote: Counting objects:  56% (982/1753)        
2024-03-14T17:33:04.3801123Z remote: Counting objects:  57% (1000/1753)        
2024-03-14T17:33:04.3802029Z remote: Counting objects:  58% (1017/1753)        
2024-03-14T17:33:04.3802822Z remote: Counting objects:  59% (1035/1753)        
2024-03-14T17:33:04.3803684Z remote: Counting objects:  60% (1052/1753)        
2024-03-14T17:33:04.3804552Z remote: Counting objects:  61% (1070/1753)        
2024-03-14T17:33:04.3805303Z remote: Counting objects:  62% (1087/1753)        
2024-03-14T17:33:04.3806169Z remote: Counting objects:  63% (1105/1753)        
2024-03-14T17:33:04.3807067Z remote: Counting objects:  64% (1122/1753)        
2024-03-14T17:33:04.3807816Z remote: Counting objects:  65% (1140/1753)        
2024-03-14T17:33:04.3808628Z remote: Counting objects:  66% (1157/1753)        
2024-03-14T17:33:04.3809519Z remote: Counting objects:  67% (1175/1753)        
2024-03-14T17:33:04.3810262Z remote: Counting objects:  68% (1193/1753)        
2024-03-14T17:33:04.3811098Z remote: Counting objects:  69% (1210/1753)        
2024-03-14T17:33:04.3812020Z remote: Counting objects:  70% (1228/1753)        
2024-03-14T17:33:04.3812824Z remote: Counting objects:  71% (1245/1753)        
2024-03-14T17:33:04.3813668Z remote: Counting objects:  72% (1263/1753)        
2024-03-14T17:33:04.3814657Z remote: Counting objects:  73% (1280/1753)        
2024-03-14T17:33:04.3815502Z remote: Counting objects:  74% (1298/1753)        
2024-03-14T17:33:04.3816296Z remote: Counting objects:  75% (1315/1753)        
2024-03-14T17:33:04.3817468Z remote: Counting objects:  76% (1333/1753)        
2024-03-14T17:33:04.3818328Z remote: Counting objects:  77% (1350/1753)        
2024-03-14T17:33:04.3819101Z remote: Counting objects:  78% (1368/1753)        
2024-03-14T17:33:04.3819997Z remote: Counting objects:  79% (1385/1753)        
2024-03-14T17:33:04.3820815Z remote: Counting objects:  80% (1403/1753)        
2024-03-14T17:33:04.3821559Z remote: Counting objects:  81% (1420/1753)        
2024-03-14T17:33:04.3822486Z remote: Counting objects:  82% (1438/1753)        
2024-03-14T17:33:04.3823281Z remote: Counting objects:  83% (1455/1753)        
2024-03-14T17:33:04.3824062Z remote: Counting objects:  84% (1473/1753)        
2024-03-14T17:33:04.3824950Z remote: Counting objects:  85% (1491/1753)        
2024-03-14T17:33:04.3825763Z remote: Counting objects:  86% (1508/1753)        
2024-03-14T17:33:04.3826689Z remote: Counting objects:  87% (1526/1753)        
2024-03-14T17:33:04.3827633Z remote: Counting objects:  88% (1543/1753)        
2024-03-14T17:33:04.3828425Z remote: Counting objects:  89% (1561/1753)        
2024-03-14T17:33:04.3829202Z remote: Counting objects:  90% (1578/1753)        
2024-03-14T17:33:04.3830103Z remote: Counting objects:  91% (1596/1753)        
2024-03-14T17:33:04.3830922Z remote: Counting objects:  92% (1613/1753)        
2024-03-14T17:33:04.3831662Z remote: Counting objects:  93% (1631/1753)        
2024-03-14T17:33:04.3832577Z remote: Counting objects:  94% (1648/1753)        
2024-03-14T17:33:04.3833376Z remote: Counting objects:  95% (1666/1753)        
2024-03-14T17:33:04.3834304Z remote: Counting objects:  96% (1683/1753)        
2024-03-14T17:33:04.3835047Z remote: Counting objects:  97% (1701/1753)        
2024-03-14T17:33:04.3835827Z remote: Counting objects:  98% (1718/1753)        
2024-03-14T17:33:04.3836757Z remote: Counting objects:  99% (1736/1753)        
2024-03-14T17:33:04.3837502Z remote: Counting objects: 100% (1753/1753)        
2024-03-14T17:33:04.3838614Z remote: Counting objects: 100% (1753/1753), done.        
2024-03-14T17:33:04.3839622Z remote: Compressing objects:   0% (1/1576)        
2024-03-14T17:33:04.3840399Z remote: Compressing objects:   1% (16/1576)        
2024-03-14T17:33:04.3841278Z remote: Compressing objects:   2% (32/1576)        
2024-03-14T17:33:04.3842213Z remote: Compressing objects:   3% (48/1576)        
2024-03-14T17:33:04.3842991Z remote: Compressing objects:   4% (64/1576)        
2024-03-14T17:33:04.3843863Z remote: Compressing objects:   5% (79/1576)        
2024-03-14T17:33:04.3844761Z remote: Compressing objects:   6% (95/1576)        
2024-03-14T17:33:04.3845575Z remote: Compressing objects:   7% (111/1576)        
2024-03-14T17:33:04.3846425Z remote: Compressing objects:   8% (127/1576)        
2024-03-14T17:33:04.3847363Z remote: Compressing objects:   9% (142/1576)        
2024-03-14T17:33:04.3848148Z remote: Compressing objects:  10% (158/1576)        
2024-03-14T17:33:04.3849029Z remote: Compressing objects:  11% (174/1576)        
2024-03-14T17:33:04.3849940Z remote: Compressing objects:  12% (190/1576)        
2024-03-14T17:33:04.3850819Z remote: Compressing objects:  13% (205/1576)        
2024-03-14T17:33:04.3851595Z remote: Compressing objects:  14% (221/1576)        
2024-03-14T17:33:04.3852590Z remote: Compressing objects:  15% (237/1576)        
2024-03-14T17:33:04.3853453Z remote: Compressing objects:  16% (253/1576)        
2024-03-14T17:33:04.3854268Z remote: Compressing objects:  17% (268/1576)        
2024-03-14T17:33:04.3855201Z remote: Compressing objects:  18% (284/1576)        
2024-03-14T17:33:04.3856112Z remote: Compressing objects:  19% (300/1576)        
2024-03-14T17:33:04.3856889Z remote: Compressing objects:  20% (316/1576)        
2024-03-14T17:33:04.3857884Z remote: Compressing objects:  21% (331/1576)        
2024-03-14T17:33:04.3858790Z remote: Compressing objects:  22% (347/1576)        
2024-03-14T17:33:04.3859729Z remote: Compressing objects:  23% (363/1576)        
2024-03-14T17:33:04.3860612Z remote: Compressing objects:  24% (379/1576)        
2024-03-14T17:33:04.3861721Z remote: Compressing objects:  25% (394/1576)        
2024-03-14T17:33:04.3862705Z remote: Compressing objects:  26% (410/1576)        
2024-03-14T17:33:04.3863530Z remote: Compressing objects:  27% (426/1576)        
2024-03-14T17:33:04.3864440Z remote: Compressing objects:  28% (442/1576)        
2024-03-14T17:33:04.3865535Z remote: Compressing objects:  29% (458/1576)        
2024-03-14T17:33:04.3866569Z remote: Compressing objects:  30% (473/1576)        
2024-03-14T17:33:04.3867497Z remote: Compressing objects:  31% (489/1576)        
2024-03-14T17:33:04.3868473Z remote: Compressing objects:  32% (505/1576)        
2024-03-14T17:33:04.3869284Z remote: Compressing objects:  33% (521/1576)        
2024-03-14T17:33:04.3870130Z remote: Compressing objects:  34% (536/1576)        
2024-03-14T17:33:04.3871068Z remote: Compressing objects:  35% (552/1576)        
2024-03-14T17:33:04.3871854Z remote: Compressing objects:  36% (568/1576)        
2024-03-14T17:33:04.3872750Z remote: Compressing objects:  37% (584/1576)        
2024-03-14T17:33:04.3873719Z remote: Compressing objects:  38% (599/1576)        
2024-03-14T17:33:04.3874595Z remote: Compressing objects:  39% (615/1576)        
2024-03-14T17:33:04.3875432Z remote: Compressing objects:  40% (631/1576)        
2024-03-14T17:33:04.3876449Z remote: Compressing objects:  41% (647/1576)        
2024-03-14T17:33:04.3877262Z remote: Compressing objects:  42% (662/1576)        
2024-03-14T17:33:04.3878104Z remote: Compressing objects:  43% (678/1576)        
2024-03-14T17:33:04.3879084Z remote: Compressing objects:  44% (694/1576)        
2024-03-14T17:33:04.3879580Z remote: Compressing objects:  45% (710/1576)        
2024-03-14T17:33:04.3880212Z remote: Compressing objects:  46% (725/1576)        
2024-03-14T17:33:04.3880982Z remote: Compressing objects:  47% (741/1576)        
2024-03-14T17:33:04.3881476Z remote: Compressing objects:  48% (757/1576)        
2024-03-14T17:33:04.3882424Z remote: Compressing objects:  49% (773/1576)        
2024-03-14T17:33:04.3883440Z remote: Compressing objects:  50% (788/1576)        
2024-03-14T17:33:04.3884314Z remote: Compressing objects:  51% (804/1576)        
2024-03-14T17:33:04.3885147Z remote: Compressing objects:  52% (820/1576)        
2024-03-14T17:33:04.3886153Z remote: Compressing objects:  53% (836/1576)        
2024-03-14T17:33:04.3887003Z remote: Compressing objects:  54% (852/1576)        
2024-03-14T17:33:04.3887984Z remote: Compressing objects:  55% (867/1576)        
2024-03-14T17:33:04.3888710Z remote: Compressing objects:  56% (883/1576)        
2024-03-14T17:33:04.3889767Z remote: Compressing objects:  57% (899/1576)        
2024-03-14T17:33:04.3890770Z remote: Compressing objects:  58% (915/1576)        
2024-03-14T17:33:04.3891662Z remote: Compressing objects:  59% (930/1576)        
2024-03-14T17:33:04.3892597Z remote: Compressing objects:  60% (946/1576)        
2024-03-14T17:33:04.3893554Z remote: Compressing objects:  61% (962/1576)        
2024-03-14T17:33:04.3894451Z remote: Compressing objects:  62% (978/1576)        
2024-03-14T17:33:04.3895465Z remote: Compressing objects:  63% (993/1576)        
2024-03-14T17:33:04.3896483Z remote: Compressing objects:  64% (1009/1576)        
2024-03-14T17:33:04.3897381Z remote: Compressing objects:  65% (1025/1576)        
2024-03-14T17:33:04.3898300Z remote: Compressing objects:  66% (1041/1576)        
2024-03-14T17:33:04.3899305Z remote: Compressing objects:  67% (1056/1576)        
2024-03-14T17:33:04.3900186Z remote: Compressing objects:  68% (1072/1576)        
2024-03-14T17:33:04.3901087Z remote: Compressing objects:  69% (1088/1576)        
2024-03-14T17:33:04.3902112Z remote: Compressing objects:  70% (1104/1576)        
2024-03-14T17:33:04.3902973Z remote: Compressing objects:  71% (1119/1576)        
2024-03-14T17:33:04.3903822Z remote: Compressing objects:  72% (1135/1576)        
2024-03-14T17:33:04.3904807Z remote: Compressing objects:  73% (1151/1576)        
2024-03-14T17:33:04.3905717Z remote: Compressing objects:  74% (1167/1576)        
2024-03-14T17:33:04.3907045Z remote: Compressing objects:  75% (1182/1576)        
2024-03-14T17:33:04.3908101Z remote: Compressing objects:  76% (1198/1576)        
2024-03-14T17:33:04.3908987Z remote: Compressing objects:  77% (1214/1576)        
2024-03-14T17:33:04.3909844Z remote: Compressing objects:  78% (1230/1576)        
2024-03-14T17:33:04.3910838Z remote: Compressing objects:  79% (1246/1576)        
2024-03-14T17:33:04.3911776Z remote: Compressing objects:  80% (1261/1576)        
2024-03-14T17:33:04.3912563Z remote: Compressing objects:  81% (1277/1576)        
2024-03-14T17:33:04.3913593Z remote: Compressing objects:  82% (1293/1576)        
2024-03-14T17:33:04.3914441Z remote: Compressing objects:  83% (1309/1576)        
2024-03-14T17:33:04.3915352Z remote: Compressing objects:  84% (1324/1576)        
2024-03-14T17:33:04.3916323Z remote: Compressing objects:  85% (1340/1576)        
2024-03-14T17:33:04.3917171Z remote: Compressing objects:  86% (1356/1576)        
2024-03-14T17:33:04.3918083Z remote: Compressing objects:  87% (1372/1576)        
2024-03-14T17:33:04.3919091Z remote: Compressing objects:  88% (1387/1576)        
2024-03-14T17:33:04.3919945Z remote: Compressing objects:  89% (1403/1576)        
2024-03-14T17:33:04.3920847Z remote: Compressing objects:  90% (1419/1576)        
2024-03-14T17:33:04.3921870Z remote: Compressing objects:  91% (1435/1576)        
2024-03-14T17:33:04.3922714Z remote: Compressing objects:  92% (1450/1576)        
2024-03-14T17:33:04.3923565Z remote: Compressing objects:  93% (1466/1576)        
2024-03-14T17:33:04.3924542Z remote: Compressing objects:  94% (1482/1576)        
2024-03-14T17:33:04.3925347Z remote: Compressing objects:  95% (1498/1576)        
2024-03-14T17:33:04.3926269Z remote: Compressing objects:  96% (1513/1576)        
2024-03-14T17:33:04.3927245Z remote: Compressing objects:  97% (1529/1576)        
2024-03-14T17:33:04.3928136Z remote: Compressing objects:  98% (1545/1576)        
2024-03-14T17:33:04.3929092Z remote: Compressing objects:  99% (1561/1576)        
2024-03-14T17:33:04.3929979Z remote: Compressing objects: 100% (1576/1576)        
2024-03-14T17:33:04.3930549Z remote: Compressing objects: 100% (1576/1576), done.        
2024-03-14T17:33:04.3931029Z Receiving objects:   0% (1/1753)
2024-03-14T17:33:04.3931729Z Receiving objects:   1% (18/1753)
2024-03-14T17:33:04.3932240Z Receiving objects:   2% (36/1753)
2024-03-14T17:33:04.4057511Z Receiving objects:   3% (53/1753)
2024-03-14T17:33:04.4459072Z Receiving objects:   4% (71/1753)
2024-03-14T17:33:04.4461611Z Receiving objects:   5% (88/1753)
2024-03-14T17:33:04.4465347Z Receiving objects:   6% (106/1753)
2024-03-14T17:33:04.4470306Z Receiving objects:   7% (123/1753)
2024-03-14T17:33:04.4474411Z Receiving objects:   8% (141/1753)
2024-03-14T17:33:04.4478422Z Receiving objects:   9% (158/1753)
2024-03-14T17:33:04.4482278Z Receiving objects:  10% (176/1753)
2024-03-14T17:33:04.4485385Z Receiving objects:  11% (193/1753)
2024-03-14T17:33:04.4488440Z Receiving objects:  12% (211/1753)
2024-03-14T17:33:04.4498252Z Receiving objects:  13% (228/1753)
2024-03-14T17:33:04.4501745Z Receiving objects:  14% (246/1753)
2024-03-14T17:33:04.4504563Z Receiving objects:  15% (263/1753)
2024-03-14T17:33:04.4509035Z Receiving objects:  16% (281/1753)
2024-03-14T17:33:04.4515045Z Receiving objects:  17% (299/1753)
2024-03-14T17:33:04.4519544Z Receiving objects:  18% (316/1753)
2024-03-14T17:33:04.4524477Z Receiving objects:  19% (334/1753)
2024-03-14T17:33:04.4528288Z Receiving objects:  20% (351/1753)
2024-03-14T17:33:04.4531352Z Receiving objects:  21% (369/1753)
2024-03-14T17:33:04.4534662Z Receiving objects:  22% (386/1753)
2024-03-14T17:33:04.4537541Z Receiving objects:  23% (404/1753)
2024-03-14T17:33:04.4540922Z Receiving objects:  24% (421/1753)
2024-03-14T17:33:04.4545138Z Receiving objects:  25% (439/1753)
2024-03-14T17:33:04.4546141Z Receiving objects:  26% (456/1753)
2024-03-14T17:33:04.4550347Z Receiving objects:  27% (474/1753)
2024-03-14T17:33:04.4552254Z Receiving objects:  28% (491/1753)
2024-03-14T17:33:04.4554246Z Receiving objects:  29% (509/1753)
2024-03-14T17:33:04.4557443Z Receiving objects:  30% (526/1753)
2024-03-14T17:33:04.4560485Z Receiving objects:  31% (544/1753)
2024-03-14T17:33:04.4562748Z Receiving objects:  32% (561/1753)
2024-03-14T17:33:04.4565413Z Receiving objects:  33% (579/1753)
2024-03-14T17:33:04.4567443Z Receiving objects:  34% (597/1753)
2024-03-14T17:33:04.4568978Z Receiving objects:  35% (614/1753)
2024-03-14T17:33:04.4573289Z Receiving objects:  36% (632/1753)
2024-03-14T17:33:04.4576373Z Receiving objects:  37% (649/1753)
2024-03-14T17:33:04.4578365Z Receiving objects:  38% (667/1753)
2024-03-14T17:33:04.4581122Z Receiving objects:  39% (684/1753)
2024-03-14T17:33:04.4584103Z Receiving objects:  40% (702/1753)
2024-03-14T17:33:04.4587163Z Receiving objects:  41% (719/1753)
2024-03-14T17:33:04.4589892Z Receiving objects:  42% (737/1753)
2024-03-14T17:33:04.4594343Z Receiving objects:  43% (754/1753)
2024-03-14T17:33:04.4597792Z Receiving objects:  44% (772/1753)
2024-03-14T17:33:04.4599976Z Receiving objects:  45% (789/1753)
2024-03-14T17:33:04.4603483Z Receiving objects:  46% (807/1753)
2024-03-14T17:33:04.4605772Z Receiving objects:  47% (824/1753)
2024-03-14T17:33:04.4609212Z Receiving objects:  48% (842/1753)
2024-03-14T17:33:04.4611697Z Receiving objects:  49% (859/1753)
2024-03-14T17:33:04.4614375Z Receiving objects:  50% (877/1753)
2024-03-14T17:33:04.4616146Z Receiving objects:  51% (895/1753)
2024-03-14T17:33:04.4619585Z Receiving objects:  52% (912/1753)
2024-03-14T17:33:04.4624730Z Receiving objects:  53% (930/1753)
2024-03-14T17:33:04.4630274Z Receiving objects:  54% (947/1753)
2024-03-14T17:33:04.4636618Z Receiving objects:  55% (965/1753)
2024-03-14T17:33:04.4640060Z Receiving objects:  56% (982/1753)
2024-03-14T17:33:04.4641938Z Receiving objects:  57% (1000/1753)
2024-03-14T17:33:04.4644073Z Receiving objects:  58% (1017/1753)
2024-03-14T17:33:04.4646125Z Receiving objects:  59% (1035/1753)
2024-03-14T17:33:04.4648445Z Receiving objects:  60% (1052/1753)
2024-03-14T17:33:04.4649660Z Receiving objects:  61% (1070/1753)
2024-03-14T17:33:04.4651894Z Receiving objects:  62% (1087/1753)
2024-03-14T17:33:04.4653225Z Receiving objects:  63% (1105/1753)
2024-03-14T17:33:04.4654685Z Receiving objects:  64% (1122/1753)
2024-03-14T17:33:04.4657380Z Receiving objects:  65% (1140/1753)
2024-03-14T17:33:04.4659419Z Receiving objects:  66% (1157/1753)
2024-03-14T17:33:04.4660828Z Receiving objects:  67% (1175/1753)
2024-03-14T17:33:04.4662953Z Receiving objects:  68% (1193/1753)
2024-03-14T17:33:04.4665527Z Receiving objects:  69% (1210/1753)
2024-03-14T17:33:04.4667766Z Receiving objects:  70% (1228/1753)
2024-03-14T17:33:04.4674870Z Receiving objects:  71% (1245/1753)
2024-03-14T17:33:04.4686465Z Receiving objects:  72% (1263/1753)
2024-03-14T17:33:04.4688695Z Receiving objects:  73% (1280/1753)
2024-03-14T17:33:04.4689992Z Receiving objects:  74% (1298/1753)
2024-03-14T17:33:04.4806987Z Receiving objects:  75% (1315/1753)
2024-03-14T17:33:04.4911429Z Receiving objects:  76% (1333/1753)
2024-03-14T17:33:04.4999849Z Receiving objects:  77% (1350/1753)
2024-03-14T17:33:04.5141485Z Receiving objects:  78% (1368/1753)
2024-03-14T17:33:04.5281535Z Receiving objects:  79% (1385/1753)
2024-03-14T17:33:04.5461487Z Receiving objects:  80% (1403/1753)
2024-03-14T17:33:04.5465341Z Receiving objects:  81% (1420/1753)
2024-03-14T17:33:04.5468716Z Receiving objects:  82% (1438/1753)
2024-03-14T17:33:04.5473132Z Receiving objects:  83% (1455/1753)
2024-03-14T17:33:04.5477735Z Receiving objects:  84% (1473/1753)
2024-03-14T17:33:04.5481934Z Receiving objects:  85% (1491/1753)
2024-03-14T17:33:04.5488967Z Receiving objects:  86% (1508/1753)
2024-03-14T17:33:04.5497458Z Receiving objects:  87% (1526/1753)
2024-03-14T17:33:04.5503512Z Receiving objects:  88% (1543/1753)
2024-03-14T17:33:04.5509519Z Receiving objects:  89% (1561/1753)
2024-03-14T17:33:04.5516990Z Receiving objects:  90% (1578/1753)
2024-03-14T17:33:04.5523448Z Receiving objects:  91% (1596/1753)
2024-03-14T17:33:04.5529304Z Receiving objects:  92% (1613/1753)
2024-03-14T17:33:04.5534063Z Receiving objects:  93% (1631/1753)
2024-03-14T17:33:04.5538798Z Receiving objects:  94% (1648/1753)
2024-03-14T17:33:04.5543103Z Receiving objects:  95% (1666/1753)
2024-03-14T17:33:04.5546741Z Receiving objects:  96% (1683/1753)
2024-03-14T17:33:04.5556885Z Receiving objects:  97% (1701/1753)
2024-03-14T17:33:04.5565493Z Receiving objects:  98% (1718/1753)
2024-03-14T17:33:04.5580671Z Receiving objects:  99% (1736/1753)
2024-03-14T17:33:04.5582088Z remote: Total 1753 (delta 280), reused 994 (delta 138), pack-reused 0        
2024-03-14T17:33:04.5594583Z Receiving objects: 100% (1753/1753)
2024-03-14T17:33:04.5595713Z Receiving objects: 100% (1753/1753), 6.60 MiB | 38.85 MiB/s, done.
2024-03-14T17:33:04.5601709Z Resolving deltas:   0% (0/280)
2024-03-14T17:33:04.5615155Z Resolving deltas:   1% (3/280)
2024-03-14T17:33:04.5616121Z Resolving deltas:   2% (6/280)
2024-03-14T17:33:04.5616904Z Resolving deltas:   3% (9/280)
2024-03-14T17:33:04.5617644Z Resolving deltas:   4% (12/280)
2024-03-14T17:33:04.5618554Z Resolving deltas:   5% (14/280)
2024-03-14T17:33:04.5619396Z Resolving deltas:   6% (17/280)
2024-03-14T17:33:04.5620292Z Resolving deltas:   7% (20/280)
2024-03-14T17:33:04.5623815Z Resolving deltas:   8% (23/280)
2024-03-14T17:33:04.5624512Z Resolving deltas:   9% (26/280)
2024-03-14T17:33:04.5625116Z Resolving deltas:  10% (28/280)
2024-03-14T17:33:04.5626299Z Resolving deltas:  11% (31/280)
2024-03-14T17:33:04.5627089Z Resolving deltas:  12% (34/280)
2024-03-14T17:33:04.5627764Z Resolving deltas:  13% (37/280)
2024-03-14T17:33:04.5628531Z Resolving deltas:  14% (40/280)
2024-03-14T17:33:04.5629183Z Resolving deltas:  15% (42/280)
2024-03-14T17:33:04.5629847Z Resolving deltas:  16% (45/280)
2024-03-14T17:33:04.5630642Z Resolving deltas:  17% (48/280)
2024-03-14T17:33:04.5631295Z Resolving deltas:  18% (51/280)
2024-03-14T17:33:04.5631936Z Resolving deltas:  19% (54/280)
2024-03-14T17:33:04.5633032Z Resolving deltas:  20% (56/280)
2024-03-14T17:33:04.5633724Z Resolving deltas:  21% (59/280)
2024-03-14T17:33:04.5634301Z Resolving deltas:  22% (62/280)
2024-03-14T17:33:04.5635012Z Resolving deltas:  23% (65/280)
2024-03-14T17:33:04.5635632Z Resolving deltas:  24% (68/280)
2024-03-14T17:33:04.5636184Z Resolving deltas:  25% (70/280)
2024-03-14T17:33:04.5644670Z Resolving deltas:  26% (73/280)
2024-03-14T17:33:04.5650744Z Resolving deltas:  27% (76/280)
2024-03-14T17:33:04.5655980Z Resolving deltas:  28% (79/280)
2024-03-14T17:33:04.5664644Z Resolving deltas:  29% (82/280)
2024-03-14T17:33:04.5665103Z Resolving deltas:  30% (84/280)
2024-03-14T17:33:04.5665512Z Resolving deltas:  31% (87/280)
2024-03-14T17:33:04.5666238Z Resolving deltas:  32% (90/280)
2024-03-14T17:33:04.5666680Z Resolving deltas:  33% (93/280)
2024-03-14T17:33:04.5667088Z Resolving deltas:  34% (96/280)
2024-03-14T17:33:04.5667520Z Resolving deltas:  35% (98/280)
2024-03-14T17:33:04.5667912Z Resolving deltas:  36% (101/280)
2024-03-14T17:33:04.5671608Z Resolving deltas:  37% (104/280)
2024-03-14T17:33:04.5673175Z Resolving deltas:  38% (107/280)
2024-03-14T17:33:04.5674785Z Resolving deltas:  39% (110/280)
2024-03-14T17:33:04.5675743Z Resolving deltas:  40% (112/280)
2024-03-14T17:33:04.5677626Z Resolving deltas:  41% (115/280)
2024-03-14T17:33:04.5678353Z Resolving deltas:  42% (118/280)
2024-03-14T17:33:04.5679217Z Resolving deltas:  43% (121/280)
2024-03-14T17:33:04.5684018Z Resolving deltas:  44% (124/280)
2024-03-14T17:33:04.5684788Z Resolving deltas:  45% (126/280)
2024-03-14T17:33:04.5685422Z Resolving deltas:  46% (129/280)
2024-03-14T17:33:04.5686151Z Resolving deltas:  47% (132/280)
2024-03-14T17:33:04.5686772Z Resolving deltas:  48% (135/280)
2024-03-14T17:33:04.5687382Z Resolving deltas:  49% (138/280)
2024-03-14T17:33:04.5688094Z Resolving deltas:  50% (140/280)
2024-03-14T17:33:04.5688656Z Resolving deltas:  51% (143/280)
2024-03-14T17:33:04.5689288Z Resolving deltas:  52% (146/280)
2024-03-14T17:33:04.5700388Z Resolving deltas:  53% (149/280)
2024-03-14T17:33:04.5701453Z Resolving deltas:  54% (152/280)
2024-03-14T17:33:04.5702382Z Resolving deltas:  55% (154/280)
2024-03-14T17:33:04.5703301Z Resolving deltas:  56% (157/280)
2024-03-14T17:33:04.5703905Z Resolving deltas:  57% (160/280)
2024-03-14T17:33:04.5704565Z Resolving deltas:  58% (163/280)
2024-03-14T17:33:04.5705374Z Resolving deltas:  59% (166/280)
2024-03-14T17:33:04.5706189Z Resolving deltas:  60% (168/280)
2024-03-14T17:33:04.5706922Z Resolving deltas:  61% (171/280)
2024-03-14T17:33:04.5707741Z Resolving deltas:  62% (174/280)
2024-03-14T17:33:04.5708393Z Resolving deltas:  63% (177/280)
2024-03-14T17:33:04.5709135Z Resolving deltas:  64% (180/280)
2024-03-14T17:33:04.5710019Z Resolving deltas:  65% (182/280)
2024-03-14T17:33:04.5710682Z Resolving deltas:  66% (185/280)
2024-03-14T17:33:04.5711404Z Resolving deltas:  67% (188/280)
2024-03-14T17:33:04.5712263Z Resolving deltas:  68% (191/280)
2024-03-14T17:33:04.5712909Z Resolving deltas:  69% (194/280)
2024-03-14T17:33:04.5713684Z Resolving deltas:  70% (196/280)
2024-03-14T17:33:04.5714549Z Resolving deltas:  71% (199/280)
2024-03-14T17:33:04.5715219Z Resolving deltas:  72% (202/280)
2024-03-14T17:33:04.5715960Z Resolving deltas:  73% (205/280)
2024-03-14T17:33:04.5716779Z Resolving deltas:  74% (208/280)
2024-03-14T17:33:04.5717405Z Resolving deltas:  75% (210/280)
2024-03-14T17:33:04.5718132Z Resolving deltas:  76% (213/280)
2024-03-14T17:33:04.5719001Z Resolving deltas:  77% (216/280)
2024-03-14T17:33:04.5719643Z Resolving deltas:  78% (219/280)
2024-03-14T17:33:04.5720301Z Resolving deltas:  79% (222/280)
2024-03-14T17:33:04.5721080Z Resolving deltas:  80% (224/280)
2024-03-14T17:33:04.5721707Z Resolving deltas:  81% (227/280)
2024-03-14T17:33:04.5722372Z Resolving deltas:  82% (230/280)
2024-03-14T17:33:04.5723200Z Resolving deltas:  83% (233/280)
2024-03-14T17:33:04.5723911Z Resolving deltas:  84% (236/280)
2024-03-14T17:33:04.5727571Z Resolving deltas:  85% (238/280)
2024-03-14T17:33:04.5730036Z Resolving deltas:  86% (241/280)
2024-03-14T17:33:04.5733544Z Resolving deltas:  87% (244/280)
2024-03-14T17:33:04.5749057Z Resolving deltas:  88% (247/280)
2024-03-14T17:33:04.5749695Z Resolving deltas:  89% (250/280)
2024-03-14T17:33:04.5750508Z Resolving deltas:  90% (252/280)
2024-03-14T17:33:04.5751154Z Resolving deltas:  91% (255/280)
2024-03-14T17:33:04.5751806Z Resolving deltas:  92% (258/280)
2024-03-14T17:33:04.5752574Z Resolving deltas:  93% (261/280)
2024-03-14T17:33:04.5753191Z Resolving deltas:  94% (264/280)
2024-03-14T17:33:04.5753776Z Resolving deltas:  95% (266/280)
2024-03-14T17:33:04.5754567Z Resolving deltas:  96% (269/280)
2024-03-14T17:33:04.5755874Z Resolving deltas:  97% (272/280)
2024-03-14T17:33:04.5765146Z Resolving deltas:  98% (275/280)
2024-03-14T17:33:04.5766020Z Resolving deltas:  99% (278/280)
2024-03-14T17:33:04.5766676Z Resolving deltas: 100% (280/280)
2024-03-14T17:33:04.5767306Z Resolving deltas: 100% (280/280), done.
2024-03-14T17:33:04.5980915Z From https://github.com/rubyforgood/human-essentials
2024-03-14T17:33:04.5982199Z  * [new ref]         84d8596f438da6a75792739954f454fdbe4aa879 -> pull/4154/merge
2024-03-14T17:33:04.6010469Z ##[endgroup]
2024-03-14T17:33:04.6011602Z ##[group]Determining the checkout info
2024-03-14T17:33:04.6012769Z ##[endgroup]
2024-03-14T17:33:04.6013818Z ##[group]Checking out the ref
2024-03-14T17:33:04.6017677Z [command]/usr/bin/git checkout --progress --force refs/remotes/pull/4154/merge
2024-03-14T17:33:04.7362271Z Note: switching to 'refs/remotes/pull/4154/merge'.
2024-03-14T17:33:04.7362684Z 
2024-03-14T17:33:04.7363310Z You are in 'detached HEAD' state. You can look around, make experimental
2024-03-14T17:33:04.7364150Z changes and commit them, and you can discard any commits you make in this
2024-03-14T17:33:04.7364941Z state without impacting any branches by switching back to a branch.
2024-03-14T17:33:04.7365397Z 
2024-03-14T17:33:04.7365771Z If you want to create a new branch to retain commits you create, you may
2024-03-14T17:33:04.7366621Z do so (now or later) by using -c with the switch command. Example:
2024-03-14T17:33:04.7367358Z 
2024-03-14T17:33:04.7367577Z   git switch -c <new-branch-name>
2024-03-14T17:33:04.7367848Z 
2024-03-14T17:33:04.7368115Z Or undo this operation with:
2024-03-14T17:33:04.7368365Z 
2024-03-14T17:33:04.7368497Z   git switch -
2024-03-14T17:33:04.7368739Z 
2024-03-14T17:33:04.7369075Z Turn off this advice by setting config variable advice.detachedHead to false
2024-03-14T17:33:04.7369536Z 
2024-03-14T17:33:04.7370119Z HEAD is now at 84d8596 Merge 4442fc5e4106474f3d4a368844ba5b492af425de into c62638bc598bfeecc4e15122e266274c70560e23
2024-03-14T17:33:04.7372939Z ##[endgroup]
2024-03-14T17:33:04.7422620Z [command]/usr/bin/git log -1 --format='%H'
2024-03-14T17:33:04.7456073Z '84d8596f438da6a75792739954f454fdbe4aa879'
2024-03-14T17:33:04.7765084Z ##[group]Run ruby/setup-ruby@v1
2024-03-14T17:33:04.7765728Z with:
2024-03-14T17:33:04.7766224Z   bundler-cache: true
2024-03-14T17:33:04.7766685Z   ruby-version: default
2024-03-14T17:33:04.7767065Z ##[endgroup]
2024-03-14T17:33:04.9738562Z Using 3.2.2 as input from file .ruby-version
2024-03-14T17:33:04.9768514Z ##[group]Modifying PATH
2024-03-14T17:33:04.9769348Z Entries added to PATH to use selected Ruby:
2024-03-14T17:33:04.9770368Z   /opt/hostedtoolcache/Ruby/3.2.2/x64/bin
2024-03-14T17:33:04.9771610Z ##[endgroup]
2024-03-14T17:33:04.9791058Z ##[group]Downloading Ruby
2024-03-14T17:33:04.9794339Z https://github.com/ruby/ruby-builder/releases/download/toolcache/ruby-3.2.2-ubuntu-22.04.tar.gz
2024-03-14T17:33:05.3039858Z Took   0.32 seconds
2024-03-14T17:33:05.3041650Z ##[endgroup]
2024-03-14T17:33:05.3043116Z ##[group]Extracting  Ruby
2024-03-14T17:33:05.3071906Z [command]/usr/bin/tar -xz -C /opt/hostedtoolcache/Ruby/3.2.2 -f /home/runner/work/_temp/ebcccaba-9cb6-44ad-862f-83464a5ab5d8
2024-03-14T17:33:05.7206725Z Took   0.42 seconds
2024-03-14T17:33:05.7207637Z ##[endgroup]
2024-03-14T17:33:05.7208670Z ##[group]Print Ruby version
2024-03-14T17:33:05.7221465Z [command]/opt/hostedtoolcache/Ruby/3.2.2/x64/bin/ruby --version
2024-03-14T17:33:05.7432883Z ruby 3.2.2 (2023-03-30 revision e51014f9c0) [x86_64-linux]
2024-03-14T17:33:05.7452840Z Took   0.02 seconds
2024-03-14T17:33:05.7453862Z ##[endgroup]
2024-03-14T17:33:05.7454952Z ##[group]Installing Bundler
2024-03-14T17:33:05.7460767Z Using Bundler 2.5.6 from Gemfile.lock BUNDLED WITH 2.5.6
2024-03-14T17:33:05.7466052Z [command]/opt/hostedtoolcache/Ruby/3.2.2/x64/bin/gem install bundler -v 2.5.6
2024-03-14T17:33:06.2337058Z Successfully installed bundler-2.5.6
2024-03-14T17:33:06.2337891Z 1 gem installed
2024-03-14T17:33:06.2390531Z Took   0.49 seconds
2024-03-14T17:33:06.2391463Z ##[endgroup]
2024-03-14T17:33:06.2392445Z > bundle install
2024-03-14T17:33:06.2411492Z [command]/opt/hostedtoolcache/Ruby/3.2.2/x64/bin/bundle config --local path /home/runner/work/human-essentials/human-essentials/vendor/bundle
2024-03-14T17:33:06.3877036Z [command]/opt/hostedtoolcache/Ruby/3.2.2/x64/bin/bundle config --local deployment true
2024-03-14T17:33:06.5379548Z Cache key: setup-ruby-bundler-cache-v6-ubuntu-22.04-x64-ruby-3.2.2-wd-/home/runner/work/human-essentials/human-essentials-with--without--only--Gemfile.lock-b4c20170001baa995d02bd640ff25c3d4a8623391d0b76bbec4827e3564ed091
2024-03-14T17:33:07.3215694Z Cache Size: ~205 MB (214928423 B)
2024-03-14T17:33:07.3247764Z [command]/usr/bin/tar -xf /home/runner/work/_temp/85f0c62e-7cd4-4713-a48c-06fac08045f3/cache.tzst -P -C /home/runner/work/human-essentials/human-essentials --use-compress-program unzstd
2024-03-14T17:33:07.6485459Z Received 214928423 of 214928423 (100.0%), 204.6 MBs/sec
2024-03-14T17:33:09.0147307Z Cache restored successfully
2024-03-14T17:33:09.0577265Z Found cache for key: setup-ruby-bundler-cache-v6-ubuntu-22.04-x64-ruby-3.2.2-wd-/home/runner/work/human-essentials/human-essentials-with--without--only--Gemfile.lock-b4c20170001baa995d02bd640ff25c3d4a8623391d0b76bbec4827e3564ed091
2024-03-14T17:33:09.0586389Z [command]/opt/hostedtoolcache/Ruby/3.2.2/x64/bin/bundle install --jobs 4
2024-03-14T17:33:09.4511475Z Bundle complete! 85 Gemfile dependencies, 246 gems now installed.
2024-03-14T17:33:09.4514321Z Bundled gems are installed into `./vendor/bundle`
2024-03-14T17:33:09.4562644Z Took   3.22 seconds
2024-03-14T17:33:09.4764733Z ##[group]Run sudo apt-get -yqq install libpq-dev
2024-03-14T17:33:09.4765540Z [36;1msudo apt-get -yqq install libpq-dev[0m
2024-03-14T17:33:09.4805662Z shell: /usr/bin/bash -e {0}
2024-03-14T17:33:09.4806089Z ##[endgroup]
2024-03-14T17:33:10.8015133Z ##[group]Run bundle exec rake db:create
2024-03-14T17:33:10.8015662Z [36;1mbundle exec rake db:create[0m
2024-03-14T17:33:10.8016127Z [36;1mbundle exec rake db:schema:load[0m
2024-03-14T17:33:10.8016691Z [36;1mbundle exec rails assets:precompile[0m
2024-03-14T17:33:10.8040794Z shell: /usr/bin/bash -e {0}
2024-03-14T17:33:10.8041182Z env:
2024-03-14T17:33:10.8041504Z   POSTGRES_HOST: localhost
2024-03-14T17:33:10.8041969Z   DATABASE_HOST: localhost
2024-03-14T17:33:10.8042353Z   PG_USERNAME: postgres
2024-03-14T17:33:10.8042800Z   PG_PASSWORD: password
2024-03-14T17:33:10.8043141Z   POSTGRES_HOST_AUTH_METHOD: trust
2024-03-14T17:33:10.8043558Z   POSTGRES_PORT: 5432
2024-03-14T17:33:10.8043965Z   RAILS_ENV: test
2024-03-14T17:33:10.8044309Z ##[endgroup]
2024-03-14T17:33:17.6949875Z We could not find your database: diaper_test. Which can be found in the database configuration file located at config/database.yml.
2024-03-14T17:33:17.6951733Z 
2024-03-14T17:33:17.6952214Z To resolve this issue:
2024-03-14T17:33:17.6952590Z 
2024-03-14T17:33:17.6953590Z - Did you create the database for this app, or delete it? You may need to create your database.
2024-03-14T17:33:17.6955353Z - Has the database name changed? Check your database.yml config has the correct database name.
2024-03-14T17:33:17.6956181Z 
2024-03-14T17:33:17.6956466Z To create your database, run:
2024-03-14T17:33:17.6956840Z 
2024-03-14T17:33:17.6957086Z         bin/rails db:create
2024-03-14T17:33:17.6958054Z . You likely need to run `rails g flipper:active_record` and/or `rails db:migrate`.
2024-03-14T17:33:17.8884883Z Created database 'diaper_test'
2024-03-14T17:33:18.1997593Z Coverage report generated for RSpec to /home/runner/work/human-essentials/human-essentials/coverage. 442 / 10036 LOC (4.4%) covered.
2024-03-14T17:33:24.8372425Z PG::UndefinedTable: ERROR:  relation "flipper_gates" does not exist
2024-03-14T17:33:24.8373511Z LINE 9:  WHERE a.attrelid = '"flipper_gates"'::regclass
2024-03-14T17:33:24.8374070Z                             ^
2024-03-14T17:33:24.8374762Z . You likely need to run `rails g flipper:active_record` and/or `rails db:migrate`.
2024-03-14T17:33:25.6987285Z Coverage report generated for RSpec to /home/runner/work/human-essentials/human-essentials/coverage. 442 / 10036 LOC (4.4%) covered.
2024-03-14T17:33:59.9362675Z W, [2024-03-14T10:33:59.935827 #2198]  WARN -- : Removed sourceMappingURL comment for missing asset 'adminlte.js.map' from /home/runner/work/human-essentials/human-essentials/app/javascript/adminlte.js
2024-03-14T17:34:00.0659539Z I, [2024-03-14T10:34:00.065564 #2198]  INFO -- : Writing /home/runner/work/human-essentials/human-essentials/public/assets/manifest-90aab26ade71e747f745b1227b433fd7d580a54f279ee2be6e1a67bb326bf03a.js
2024-03-14T17:34:00.0662929Z I, [2024-03-14T10:34:00.065747 #2198]  INFO -- : Writing /home/runner/work/human-essentials/human-essentials/public/assets/manifest-90aab26ade71e747f745b1227b433fd7d580a54f279ee2be6e1a67bb326bf03a.js.gz
2024-03-14T17:34:00.0665420Z I, [2024-03-14T10:34:00.065958 #2198]  INFO -- : Writing /home/runner/work/human-essentials/human-essentials/public/assets/filterrific/filterrific-spinner-415824b210964b6cdb1db0bd9508be8644b9fde094b392f73055b20d369885b6.gif
2024-03-14T17:34:00.0668796Z I, [2024-03-14T10:34:00.066303 #2198]  INFO -- : Writing /home/runner/work/human-essentials/human-essentials/public/assets/bootstrap.min-67c48d88a8e0be178058aacb338b084191ed6d65c8fef751c50248202cf1488a.js
2024-03-14T17:34:00.0671623Z I, [2024-03-14T10:34:00.066715 #2198]  INFO -- : Writing /home/runner/work/human-essentials/human-essentials/public/assets/bootstrap.min-67c48d88a8e0be178058aacb338b084191ed6d65c8fef751c50248202cf1488a.js.gz
2024-03-14T17:34:00.0674498Z I, [2024-03-14T10:34:00.066951 #2198]  INFO -- : Writing /home/runner/work/human-essentials/human-essentials/public/assets/DiaperBase-Logo-f18172876cab49a451ca9c3178b578ab2019e03f111a6b6f3ba0c1b40b3d7c0c.png
2024-03-14T17:34:00.0682446Z I, [2024-03-14T10:34:00.067948 #2198]  INFO -- : Writing /home/runner/work/human-essentials/human-essentials/public/assets/Just-Diaper-05bf6a1b70ccad149eb4eca7b5f9fcca1f9c37bab1f8e5edb6798d66c903ba53.svg
2024-03-14T17:34:00.0686475Z I, [2024-03-14T10:34:00.068081 #2198]  INFO -- : Writing /home/runner/work/human-essentials/human-essentials/public/assets/Just-Diaper-05bf6a1b70ccad149eb4eca7b5f9fcca1f9c37bab1f8e5edb6798d66c903ba53.svg.gz
2024-03-14T17:34:00.0690114Z I, [2024-03-14T10:34:00.068192 #2198]  INFO -- : Writing /home/runner/work/human-essentials/human-essentials/public/assets/barcode-932aed25f5c148b36882be3bfb6696ecdd362ba0a709ff0674a10477f2aad8f3.svg
2024-03-14T17:34:00.0694010Z I, [2024-03-14T10:34:00.069017 #2198]  INFO -- : Writing /home/runner/work/human-essentials/human-essentials/public/assets/barcode-932aed25f5c148b36882be3bfb6696ecdd362ba0a709ff0674a10477f2aad8f3.svg.gz
2024-03-14T17:34:00.0697674Z I, [2024-03-14T10:34:00.069137 #2198]  INFO -- : Writing /home/runner/work/human-essentials/human-essentials/public/assets/bars-db7a0aaf1cd735270b170cba53dca71c75473940ab48639c609a72964eb92f4d.svg
2024-03-14T17:34:00.0700852Z I, [2024-03-14T10:34:00.069243 #2198]  INFO -- : Writing /home/runner/work/human-essentials/human-essentials/public/assets/bars-db7a0aaf1cd735270b170cba53dca71c75473940ab48639c609a72964eb92f4d.svg.gz
2024-03-14T17:34:00.0704576Z I, [2024-03-14T10:34:00.069349 #2198]  INFO -- : Writing /home/runner/work/human-essentials/human-essentials/public/assets/blue@2x-709ca6c252f762af1e5efb0ef1e7444a712cb0ec010fee01749b67a595a7c0c6.png
2024-03-14T17:34:00.0708322Z I, [2024-03-14T10:34:00.069643 #2198]  INFO -- : Writing /home/runner/work/human-essentials/human-essentials/public/assets/boxed-bg-6c60c3f8655fa4062631bbe1434face4fe3d70392159e976ec09ca6ad9330e7d.jpg
2024-03-14T17:34:00.0711587Z I, [2024-03-14T10:34:00.070877 #2198]  INFO -- : Writing /home/runner/work/human-essentials/human-essentials/public/assets/boxed-bg-eb7b1fa0c09f5ef599fc5138e33168827f2ec4e1f796cf8a78570d8a73a58190.png
2024-03-14T17:34:00.0718468Z I, [2024-03-14T10:34:00.071419 #2198]  INFO -- : Writing /home/runner/work/human-essentials/human-essentials/public/assets/dashboard-image-3db42e909886dffccb680715feccab83cc867b4581b0009558e746364e2ec332.svg
2024-03-14T17:34:00.0722116Z I, [2024-03-14T10:34:00.071703 #2198]  INFO -- : Writing /home/runner/work/human-essentials/human-essentials/public/assets/dashboard-image-3db42e909886dffccb680715feccab83cc867b4581b0009558e746364e2ec332.svg.gz
2024-03-14T17:34:00.0725937Z I, [2024-03-14T10:34:00.071918 #2198]  INFO -- : Writing /home/runner/work/human-essentials/human-essentials/public/assets/forecasting-32dffccc42e6c09203d36acbc2243b4bc746dc2f1198c1ff43def4bb48e335b2.svg
2024-03-14T17:34:00.0729626Z I, [2024-03-14T10:34:00.072088 #2198]  INFO -- : Writing /home/runner/work/human-essentials/human-essentials/public/assets/forecasting-32dffccc42e6c09203d36acbc2243b4bc746dc2f1198c1ff43def4bb48e335b2.svg.gz
2024-03-14T17:34:00.0733390Z I, [2024-03-14T10:34:00.072364 #2198]  INFO -- : Writing /home/runner/work/human-essentials/human-essentials/public/assets/hero-image-0ba273def6de748beb2a64206e115d8e4a109ad51ef255512f4c6522e5b9225b.svg
2024-03-14T17:34:00.0737172Z I, [2024-03-14T10:34:00.072791 #2198]  INFO -- : Writing /home/runner/work/human-essentials/human-essentials/public/assets/hero-image-0ba273def6de748beb2a64206e115d8e4a109ad51ef255512f4c6522e5b9225b.svg.gz
2024-03-14T17:34:00.0743192Z I, [2024-03-14T10:34:00.074024 #2198]  INFO -- : Writing /home/runner/work/human-essentials/human-essentials/public/assets/inventory-image-3d91fc8087e13632114d9d129a680b992e02aae297b2bf180089cd55792249b2.svg
2024-03-14T17:34:00.0763142Z I, [2024-03-14T10:34:00.075259 #2198]  INFO -- : Writing /home/runner/work/human-essentials/human-essentials/public/assets/inventory-image-3d91fc8087e13632114d9d129a680b992e02aae297b2bf180089cd55792249b2.svg.gz
2024-03-14T17:34:00.0792735Z I, [2024-03-14T10:34:00.075396 #2198]  INFO -- : Writing /home/runner/work/human-essentials/human-essentials/public/assets/partner-management-c2cd4a940d1cf59f66928bc5097b4d4528b6de95abcc66421edf341c59311d40.svg
2024-03-14T17:34:00.0796526Z I, [2024-03-14T10:34:00.075528 #2198]  INFO -- : Writing /home/runner/work/human-essentials/human-essentials/public/assets/partner-management-c2cd4a940d1cf59f66928bc5097b4d4528b6de95abcc66421edf341c59311d40.svg.gz
2024-03-14T17:34:00.0799990Z I, [2024-03-14T10:34:00.075638 #2198]  INFO -- : Writing /home/runner/work/human-essentials/human-essentials/public/assets/quote-e4395f28913ad7b7785c522f0b6f2363a960720cf3bc26705438f6efb55edb7d.svg
2024-03-14T17:34:00.0803600Z I, [2024-03-14T10:34:00.075762 #2198]  INFO -- : Writing /home/runner/work/human-essentials/human-essentials/public/assets/quote-e4395f28913ad7b7785c522f0b6f2363a960720cf3bc26705438f6efb55edb7d.svg.gz
2024-03-14T17:34:00.0807522Z I, [2024-03-14T10:34:00.075883 #2198]  INFO -- : Writing /home/runner/work/human-essentials/human-essentials/public/assets/report-image-a9fc71739eca5457d288f1c234a0d84237ba8eef8bd20a9935bd45d84d03ae6b.svg
2024-03-14T17:34:00.0811284Z I, [2024-03-14T10:34:00.076002 #2198]  INFO -- : Writing /home/runner/work/human-essentials/human-essentials/public/assets/report-image-a9fc71739eca5457d288f1c234a0d84237ba8eef8bd20a9935bd45d84d03ae6b.svg.gz
2024-03-14T17:34:00.0815159Z I, [2024-03-14T10:34:00.076302 #2198]  INFO -- : Writing /home/runner/work/human-essentials/human-essentials/public/assets/test-only-background-c4843e992a593298a8c43815c8950b766061a96fd7d3e92838354914c41d7243.jpg
2024-03-14T17:34:00.0818894Z I, [2024-03-14T10:34:00.076474 #2198]  INFO -- : Writing /home/runner/work/human-essentials/human-essentials/public/assets/AdminLTE-9d75f9bf2ec81bc0a0de450227ed6268dad2cd66401439503c18d3241dfb241d.css
2024-03-14T17:34:00.0822515Z I, [2024-03-14T10:34:00.076562 #2198]  INFO -- : Writing /home/runner/work/human-essentials/human-essentials/public/assets/AdminLTE-9d75f9bf2ec81bc0a0de450227ed6268dad2cd66401439503c18d3241dfb241d.css.gz
2024-03-14T17:34:00.0826382Z I, [2024-03-14T10:34:00.076670 #2198]  INFO -- : Writing /home/runner/work/human-essentials/human-essentials/public/assets/_colors-04024382391bb910584145d8113cf35ef376b55d125bb4516cebeb14ce788597.css
2024-03-14T17:34:00.0858633Z I, [2024-03-14T10:34:00.076757 #2198]  INFO -- : Writing /home/runner/work/human-essentials/human-essentials/public/assets/_colors-04024382391bb910584145d8113cf35ef376b55d125bb4516cebeb14ce788597.css.gz
2024-03-14T17:34:00.0866080Z I, [2024-03-14T10:34:00.076863 #2198]  INFO -- : Writing /home/runner/work/human-essentials/human-essentials/public/assets/application-c21613708cb0f40361dc08d066cb68c559e4b3982f802956f4439959cad9af23.css
2024-03-14T17:34:00.0870007Z I, [2024-03-14T10:34:00.076946 #2198]  INFO -- : Writing /home/runner/work/human-essentials/human-essentials/public/assets/application-c21613708cb0f40361dc08d066cb68c559e4b3982f802956f4439959cad9af23.css.gz
2024-03-14T17:34:00.0873841Z I, [2024-03-14T10:34:00.077047 #2198]  INFO -- : Writing /home/runner/work/human-essentials/human-essentials/public/assets/test-only-background-c4843e992a593298a8c43815c8950b766061a96fd7d3e92838354914c41d7243.jpg
2024-03-14T17:34:00.0877602Z I, [2024-03-14T10:34:00.077205 #2198]  INFO -- : Writing /home/runner/work/human-essentials/human-essentials/public/assets/audits-83372b845d8a4887e7e4d2315cf3c85ea60ef94ca0ec4774dfbcd3cf569c616c.css
2024-03-14T17:34:00.0881093Z I, [2024-03-14T10:34:00.077290 #2198]  INFO -- : Writing /home/runner/work/human-essentials/human-essentials/public/assets/audits-83372b845d8a4887e7e4d2315cf3c85ea60ef94ca0ec4774dfbcd3cf569c616c.css.gz
2024-03-14T17:34:00.0884656Z I, [2024-03-14T10:34:00.077395 #2198]  INFO -- : Writing /home/runner/work/human-essentials/human-essentials/public/assets/barcode_reader-3799c29218802c1dbba4c700f3863ec24505a9e3e7b54d36282fff667d7c94ca.css
2024-03-14T17:34:00.0888588Z I, [2024-03-14T10:34:00.077480 #2198]  INFO -- : Writing /home/runner/work/human-essentials/human-essentials/public/assets/barcode_reader-3799c29218802c1dbba4c700f3863ec24505a9e3e7b54d36282fff667d7c94ca.css.gz
2024-03-14T17:34:00.0892453Z I, [2024-03-14T10:34:00.077588 #2198]  INFO -- : Writing /home/runner/work/human-essentials/human-essentials/public/assets/custom-4ac26623bf6f4d95aa1164e1ad4d6cbb2bb8dda4af8e4a2f1b4368bc92491085.css
2024-03-14T17:34:00.0896008Z I, [2024-03-14T10:34:00.077673 #2198]  INFO -- : Writing /home/runner/work/human-essentials/human-essentials/public/assets/custom-4ac26623bf6f4d95aa1164e1ad4d6cbb2bb8dda4af8e4a2f1b4368bc92491085.css.gz
2024-03-14T17:34:00.0899266Z I, [2024-03-14T10:34:00.077792 #2198]  INFO -- : Writing /home/runner/work/human-essentials/human-essentials/public/assets/test-only-background-c4843e992a593298a8c43815c8950b766061a96fd7d3e92838354914c41d7243.jpg
2024-03-14T17:34:00.0901528Z I, [2024-03-14T10:34:00.077953 #2198]  INFO -- : Writing /home/runner/work/human-essentials/human-essentials/public/assets/expandable_table-cca1600cf25c44c6bea2733167509ffe9133f344e9defe984ad96bd427b29a19.css
2024-03-14T17:34:00.0904797Z I, [2024-03-14T10:34:00.078042 #2198]  INFO -- : Writing /home/runner/work/human-essentials/human-essentials/public/assets/expandable_table-cca1600cf25c44c6bea2733167509ffe9133f344e9defe984ad96bd427b29a19.css.gz
2024-03-14T17:34:00.0909012Z I, [2024-03-14T10:34:00.078151 #2198]  INFO -- : Writing /home/runner/work/human-essentials/human-essentials/public/assets/landing_page-4fe5dfcfea8b5bbd7722658652ff4ee86132a41b8aff92e9ef8b1216cb7259fa.css
2024-03-14T17:34:00.0912613Z I, [2024-03-14T10:34:00.078237 #2198]  INFO -- : Writing /home/runner/work/human-essentials/human-essentials/public/assets/landing_page-4fe5dfcfea8b5bbd7722658652ff4ee86132a41b8aff92e9ef8b1216cb7259fa.css.gz
2024-03-14T17:34:00.0916360Z I, [2024-03-14T10:34:00.078346 #2198]  INFO -- : Writing /home/runner/work/human-essentials/human-essentials/public/assets/modal-dialog-9d7ae8bb43b60ac4c7d9910700392b20618ae2db4d5db33453b157171d5e0f7d.css
2024-03-14T17:34:00.0919738Z I, [2024-03-14T10:34:00.078431 #2198]  INFO -- : Writing /home/runner/work/human-essentials/human-essentials/public/assets/modal-dialog-9d7ae8bb43b60ac4c7d9910700392b20618ae2db4d5db33453b157171d5e0f7d.css.gz
2024-03-14T17:34:00.0923090Z I, [2024-03-14T10:34:00.078538 #2198]  INFO -- : Writing /home/runner/work/human-essentials/human-essentials/public/assets/progress_stepper-7f8ef0dc05a9a00a300e56f6f3e4ccfdde4af8e392407ccc6601d60019067ccb.css
2024-03-14T17:34:00.0926596Z I, [2024-03-14T10:34:00.078644 #2198]  INFO -- : Writing /home/runner/work/human-essentials/human-essentials/public/assets/progress_stepper-7f8ef0dc05a9a00a300e56f6f3e4ccfdde4af8e392407ccc6601d60019067ccb.css.gz
2024-03-14T17:34:00.0929888Z I, [2024-03-14T10:34:00.078755 #2198]  INFO -- : Writing /home/runner/work/human-essentials/human-essentials/public/assets/transfers-c9ab43ff53dab5dc13681712afc9b6fb31d7865d5ac8c657220deff9f138fa8c.css
2024-03-14T17:34:00.0933298Z I, [2024-03-14T10:34:00.078841 #2198]  INFO -- : Writing /home/runner/work/human-essentials/human-essentials/public/assets/transfers-c9ab43ff53dab5dc13681712afc9b6fb31d7865d5ac8c657220deff9f138fa8c.css.gz
2024-03-14T17:34:00.0936524Z I, [2024-03-14T10:34:00.078948 #2198]  INFO -- : Writing /home/runner/work/human-essentials/human-essentials/public/assets/adminlte-886a0b559685ec92cd8dd4dbf957899292f9c0bd344c90c304d28973363a8eaf.js
2024-03-14T17:34:00.0939737Z I, [2024-03-14T10:34:00.080259 #2198]  INFO -- : Writing /home/runner/work/human-essentials/human-essentials/public/assets/adminlte-886a0b559685ec92cd8dd4dbf957899292f9c0bd344c90c304d28973363a8eaf.js.gz
2024-03-14T17:34:00.0943099Z I, [2024-03-14T10:34:00.082737 #2198]  INFO -- : Writing /home/runner/work/human-essentials/human-essentials/public/assets/application-f9d5a0970e6dc2d1d44ca8dfd6129e9fed2dccf1b460a6bba6eab9dd7aa61c92.js
2024-03-14T17:34:00.0946967Z I, [2024-03-14T10:34:00.082838 #2198]  INFO -- : Writing /home/runner/work/human-essentials/human-essentials/public/assets/application-f9d5a0970e6dc2d1d44ca8dfd6129e9fed2dccf1b460a6bba6eab9dd7aa61c92.js.gz
2024-03-14T17:34:00.0950596Z I, [2024-03-14T10:34:00.082946 #2198]  INFO -- : Writing /home/runner/work/human-essentials/human-essentials/public/assets/cocoon-js-vanilla-cc8e46e9b16a6217f3c14c60ca346454c9c01d8d41e5c073ae14f85fac052e96.js
2024-03-14T17:34:00.0954122Z I, [2024-03-14T10:34:00.083025 #2198]  INFO -- : Writing /home/runner/work/human-essentials/human-essentials/public/assets/cocoon-js-vanilla-cc8e46e9b16a6217f3c14c60ca346454c9c01d8d41e5c073ae14f85fac052e96.js.gz
2024-03-14T17:34:00.0957597Z I, [2024-03-14T10:34:00.083285 #2198]  INFO -- : Writing /home/runner/work/human-essentials/human-essentials/public/assets/controllers/application-368d98631bccbf2349e0d4f8269afb3fe9625118341966de054759d96ea86c7e.js
2024-03-14T17:34:00.0961063Z I, [2024-03-14T10:34:00.083358 #2198]  INFO -- : Writing /home/runner/work/human-essentials/human-essentials/public/assets/controllers/application-368d98631bccbf2349e0d4f8269afb3fe9625118341966de054759d96ea86c7e.js.gz
2024-03-14T17:34:00.0964690Z I, [2024-03-14T10:34:00.083454 #2198]  INFO -- : Writing /home/runner/work/human-essentials/human-essentials/public/assets/controllers/area_served_controller-c8c048ef9ee2d145ba8408cda63546aff8ce9170e9cafb34075ebb01b43c6c34.js
2024-03-14T17:34:00.0968302Z I, [2024-03-14T10:34:00.083523 #2198]  INFO -- : Writing /home/runner/work/human-essentials/human-essentials/public/assets/controllers/area_served_controller-c8c048ef9ee2d145ba8408cda63546aff8ce9170e9cafb34075ebb01b43c6c34.js.gz
2024-03-14T17:34:00.0972136Z I, [2024-03-14T10:34:00.083616 #2198]  INFO -- : Writing /home/runner/work/human-essentials/human-essentials/public/assets/controllers/checkbox_with_nested_element_controller-1645dd2a3a857d546354c90b0c415a9d1dd4de6974048fd41bfc1d6f45ccb3eb.js
2024-03-14T17:34:00.0976017Z I, [2024-03-14T10:34:00.083682 #2198]  INFO -- : Writing /home/runner/work/human-essentials/human-essentials/public/assets/controllers/checkbox_with_nested_element_controller-1645dd2a3a857d546354c90b0c415a9d1dd4de6974048fd41bfc1d6f45ccb3eb.js.gz
2024-03-14T17:34:00.0980053Z I, [2024-03-14T10:34:00.083775 #2198]  INFO -- : Writing /home/runner/work/human-essentials/human-essentials/public/assets/controllers/distribution_delivery_controller-89fc613f734c2b1538c1e9948abeb353ea73d22678fc08597d48fa36a70c5c51.js
2024-03-14T17:34:00.0984421Z I, [2024-03-14T10:34:00.083846 #2198]  INFO -- : Writing /home/runner/work/human-essentials/human-essentials/public/assets/controllers/distribution_delivery_controller-89fc613f734c2b1538c1e9948abeb353ea73d22678fc08597d48fa36a70c5c51.js.gz
2024-03-14T17:34:00.0988652Z I, [2024-03-14T10:34:00.083949 #2198]  INFO -- : Writing /home/runner/work/human-essentials/human-essentials/public/assets/controllers/double_select_controller-bb2e4a65f2c66cacc8ec4dd491c2233b0aac53187ebe1fbaaffedfbaf7db9099.js
2024-03-14T17:34:00.0992394Z I, [2024-03-14T10:34:00.084018 #2198]  INFO -- : Writing /home/runner/work/human-essentials/human-essentials/public/assets/controllers/double_select_controller-bb2e4a65f2c66cacc8ec4dd491c2233b0aac53187ebe1fbaaffedfbaf7db9099.js.gz
2024-03-14T17:34:00.0996147Z I, [2024-03-14T10:34:00.084109 #2198]  INFO -- : Writing /home/runner/work/human-essentials/human-essentials/public/assets/controllers/highchart_controller-7640167d6e3481659a5ead23f046e3c6852c08e30ce8aa6f09aa5cce0f7ea02d.js
2024-03-14T17:34:00.0999724Z I, [2024-03-14T10:34:00.084177 #2198]  INFO -- : Writing /home/runner/work/human-essentials/human-essentials/public/assets/controllers/highchart_controller-7640167d6e3481659a5ead23f046e3c6852c08e30ce8aa6f09aa5cce0f7ea02d.js.gz
2024-03-14T17:34:00.1003068Z I, [2024-03-14T10:34:00.084264 #2198]  INFO -- : Writing /home/runner/work/human-essentials/human-essentials/public/assets/controllers/index-2db729dddcc5b979110e98de4b6720f83f91a123172e87281d5a58410fc43806.js
2024-03-14T17:34:00.1006731Z I, [2024-03-14T10:34:00.084333 #2198]  INFO -- : Writing /home/runner/work/human-essentials/human-essentials/public/assets/controllers/index-2db729dddcc5b979110e98de4b6720f83f91a123172e87281d5a58410fc43806.js.gz
2024-03-14T17:34:00.1010391Z I, [2024-03-14T10:34:00.084425 #2198]  INFO -- : Writing /home/runner/work/human-essentials/human-essentials/public/assets/controllers/request_item_controller-4ab1cb48f0cc30bba40f5311b6588189ddf5daf19bdf36b462cdeab0a663399b.js
2024-03-14T17:34:00.1014173Z I, [2024-03-14T10:34:00.084494 #2198]  INFO -- : Writing /home/runner/work/human-essentials/human-essentials/public/assets/controllers/request_item_controller-4ab1cb48f0cc30bba40f5311b6588189ddf5daf19bdf36b462cdeab0a663399b.js.gz
2024-03-14T17:34:00.1017685Z I, [2024-03-14T10:34:00.084585 #2198]  INFO -- : Writing /home/runner/work/human-essentials/human-essentials/public/assets/controllers/select2_controller-13c15fa4f8996b06b43552325b12e3a14e158db06264b83cfff2e521a16fceeb.js
2024-03-14T17:34:00.1021168Z I, [2024-03-14T10:34:00.084653 #2198]  INFO -- : Writing /home/runner/work/human-essentials/human-essentials/public/assets/controllers/select2_controller-13c15fa4f8996b06b43552325b12e3a14e158db06264b83cfff2e521a16fceeb.js.gz
2024-03-14T17:34:00.1025151Z I, [2024-03-14T10:34:00.084745 #2198]  INFO -- : Writing /home/runner/work/human-essentials/human-essentials/public/assets/controllers/served_area_controller-37738489813fc06349f3fb1bc7abc5d5493318ce553f1bebbfa1f8fe06ebfb4a.js
2024-03-14T17:34:00.1029375Z I, [2024-03-14T10:34:00.084814 #2198]  INFO -- : Writing /home/runner/work/human-essentials/human-essentials/public/assets/controllers/served_area_controller-37738489813fc06349f3fb1bc7abc5d5493318ce553f1bebbfa1f8fe06ebfb4a.js.gz
2024-03-14T17:34:00.1033510Z I, [2024-03-14T10:34:00.084905 #2198]  INFO -- : Writing /home/runner/work/human-essentials/human-essentials/public/assets/controllers/turbo_controller-7ee3a9437b4fb003ac4ea4ca0f3425fd197ce4538a1eeb606e5e5447aa948b54.js
2024-03-14T17:34:00.1037669Z I, [2024-03-14T10:34:00.084972 #2198]  INFO -- : Writing /home/runner/work/human-essentials/human-essentials/public/assets/controllers/turbo_controller-7ee3a9437b4fb003ac4ea4ca0f3425fd197ce4538a1eeb606e5e5447aa948b54.js.gz
2024-03-14T17:34:00.1041561Z I, [2024-03-14T10:34:00.085068 #2198]  INFO -- : Writing /home/runner/work/human-essentials/human-essentials/public/assets/startup-bf111fcbf368bc988dfcb050d057ec73e21f190d7921e15689dd5ebf674e6d00.js
2024-03-14T17:34:00.1045377Z I, [2024-03-14T10:34:00.085145 #2198]  INFO -- : Writing /home/runner/work/human-essentials/human-essentials/public/assets/startup-bf111fcbf368bc988dfcb050d057ec73e21f190d7921e15689dd5ebf674e6d00.js.gz
2024-03-14T17:34:00.1049140Z I, [2024-03-14T10:34:00.085239 #2198]  INFO -- : Writing /home/runner/work/human-essentials/human-essentials/public/assets/utils/barcode_items-ee1050c4d1ade4569ef6cfc83d5f4792f67daabaca0ae24f75455737fea0a72b.js
2024-03-14T17:34:00.1053002Z I, [2024-03-14T10:34:00.085303 #2198]  INFO -- : Writing /home/runner/work/human-essentials/human-essentials/public/assets/utils/barcode_items-ee1050c4d1ade4569ef6cfc83d5f4792f67daabaca0ae24f75455737fea0a72b.js.gz
2024-03-14T17:34:00.1056912Z I, [2024-03-14T10:34:00.085392 #2198]  INFO -- : Writing /home/runner/work/human-essentials/human-essentials/public/assets/utils/barcode_scan-757b66b6921154f49e7cc4c5dc2f146f91f1648beffaa8ef106d94585a273ba9.js
2024-03-14T17:34:00.1060710Z I, [2024-03-14T10:34:00.085459 #2198]  INFO -- : Writing /home/runner/work/human-essentials/human-essentials/public/assets/utils/barcode_scan-757b66b6921154f49e7cc4c5dc2f146f91f1648beffaa8ef106d94585a273ba9.js.gz
2024-03-14T17:34:00.1064521Z I, [2024-03-14T10:34:00.085549 #2198]  INFO -- : Writing /home/runner/work/human-essentials/human-essentials/public/assets/utils/deadline_day_pickers-b0b264db9e3c8107c161cc4571e71cf901bcc511175271d218a553c4e1889065.js
2024-03-14T17:34:00.1068738Z I, [2024-03-14T10:34:00.085617 #2198]  INFO -- : Writing /home/runner/work/human-essentials/human-essentials/public/assets/utils/deadline_day_pickers-b0b264db9e3c8107c161cc4571e71cf901bcc511175271d218a553c4e1889065.js.gz
2024-03-14T17:34:00.1072873Z I, [2024-03-14T10:34:00.085707 #2198]  INFO -- : Writing /home/runner/work/human-essentials/human-essentials/public/assets/utils/distributions_and_transfers-1f9709e9a8df250acfe3e7a79f1501b2696b1f36d5adcf083a61a1b005cce3d2.js
2024-03-14T17:34:00.1077075Z I, [2024-03-14T10:34:00.085776 #2198]  INFO -- : Writing /home/runner/work/human-essentials/human-essentials/public/assets/utils/distributions_and_transfers-1f9709e9a8df250acfe3e7a79f1501b2696b1f36d5adcf083a61a1b005cce3d2.js.gz
2024-03-14T17:34:00.1080891Z I, [2024-03-14T10:34:00.085866 #2198]  INFO -- : Writing /home/runner/work/human-essentials/human-essentials/public/assets/utils/donations-1c3e9a15fc370afd2c3836ccf8dde6013c35412a8d83cf6c1e31bec95ef72b26.js
2024-03-14T17:34:00.1084465Z I, [2024-03-14T10:34:00.085934 #2198]  INFO -- : Writing /home/runner/work/human-essentials/human-essentials/public/assets/utils/donations-1c3e9a15fc370afd2c3836ccf8dde6013c35412a8d83cf6c1e31bec95ef72b26.js.gz
2024-03-14T17:34:00.1088074Z I, [2024-03-14T10:34:00.086030 #2198]  INFO -- : Writing /home/runner/work/human-essentials/human-essentials/public/assets/utils/purchases-5c814ba098feaa8a7b4abff24267c1da909f3e52e12c97660f8a0b8c1ff4aea1.js
2024-03-14T17:34:00.1091648Z I, [2024-03-14T10:34:00.086097 #2198]  INFO -- : Writing /home/runner/work/human-essentials/human-essentials/public/assets/utils/purchases-5c814ba098feaa8a7b4abff24267c1da909f3e52e12c97660f8a0b8c1ff4aea1.js.gz
2024-03-14T17:34:00.1095158Z I, [2024-03-14T10:34:00.086193 #2198]  INFO -- : Writing /home/runner/work/human-essentials/human-essentials/public/assets/filterrific-f3a290db250e05344fd62c216b903689f73eff5e270ef021e425551006092e08.js
2024-03-14T17:34:00.1098392Z I, [2024-03-14T10:34:00.086268 #2198]  INFO -- : Writing /home/runner/work/human-essentials/human-essentials/public/assets/filterrific-f3a290db250e05344fd62c216b903689f73eff5e270ef021e425551006092e08.js.gz
2024-03-14T17:34:00.1101633Z I, [2024-03-14T10:34:00.086367 #2198]  INFO -- : Writing /home/runner/work/human-essentials/human-essentials/public/assets/stimulusloading-1fc59770fb1654500044afd3f5f6d7d00800e5be36746d55b94a2963a7a228aa.js
2024-03-14T17:34:00.1104979Z I, [2024-03-14T10:34:00.086442 #2198]  INFO -- : Writing /home/runner/work/human-essentials/human-essentials/public/assets/stimulusloading-1fc59770fb1654500044afd3f5f6d7d00800e5be36746d55b94a2963a7a228aa.js.gz
2024-03-14T17:34:00.1108486Z I, [2024-03-14T10:34:00.089482 #2198]  INFO -- : Writing /home/runner/work/human-essentials/human-essentials/public/assets/turbo-4851a9a0b1d947e810dfd0448a72aef261d455183ebea681f4f28a73640a9ece.js
2024-03-14T17:34:00.1111519Z I, [2024-03-14T10:34:00.089772 #2198]  INFO -- : Writing /home/runner/work/human-essentials/human-essentials/public/assets/turbo-4851a9a0b1d947e810dfd0448a72aef261d455183ebea681f4f28a73640a9ece.js.gz
2024-03-14T17:34:00.1114733Z I, [2024-03-14T10:34:00.089885 #2198]  INFO -- : Writing /home/runner/work/human-essentials/human-essentials/public/assets/turbo.min-f309baafa3ae5ad6ccee3e7362118b87678d792db8e8ab466c4fa284dd3a4700.js
2024-03-14T17:34:00.1117919Z I, [2024-03-14T10:34:00.089961 #2198]  INFO -- : Writing /home/runner/work/human-essentials/human-essentials/public/assets/turbo.min-f309baafa3ae5ad6ccee3e7362118b87678d792db8e8ab466c4fa284dd3a4700.js.gz
2024-03-14T17:34:00.1121091Z I, [2024-03-14T10:34:00.090200 #2198]  INFO -- : Writing /home/runner/work/human-essentials/human-essentials/public/assets/turbo.min.js-8bc8f4a58d1c106d58dec8bef6c638ff12ff4d078f19d8ebd8c4277f4c9bc85a.map
2024-03-14T17:34:00.1124615Z I, [2024-03-14T10:34:00.090277 #2198]  INFO -- : Writing /home/runner/work/human-essentials/human-essentials/public/assets/turbo.min.js-8bc8f4a58d1c106d58dec8bef6c638ff12ff4d078f19d8ebd8c4277f4c9bc85a.map.gz
2024-03-14T17:34:00.1128463Z I, [2024-03-14T10:34:00.090383 #2198]  INFO -- : Writing /home/runner/work/human-essentials/human-essentials/public/assets/stimulus-loading-3576ce92b149ad5d6959438c6f291e2426c86df3b874c525b30faad51b0d96b3.js
2024-03-14T17:34:00.1132348Z I, [2024-03-14T10:34:00.102818 #2198]  INFO -- : Writing /home/runner/work/human-essentials/human-essentials/public/assets/stimulus-loading-3576ce92b149ad5d6959438c6f291e2426c86df3b874c525b30faad51b0d96b3.js.gz
2024-03-14T17:34:00.1135821Z I, [2024-03-14T10:34:00.103062 #2198]  INFO -- : Writing /home/runner/work/human-essentials/human-essentials/public/assets/popper-003a40d80fd205e1fa00da117d5bdc19720ba330706eaa17f9ba9513fa502304.js
2024-03-14T17:34:00.1138998Z I, [2024-03-14T10:34:00.103173 #2198]  INFO -- : Writing /home/runner/work/human-essentials/human-essentials/public/assets/popper-003a40d80fd205e1fa00da117d5bdc19720ba330706eaa17f9ba9513fa502304.js.gz
2024-03-14T17:34:00.1142264Z I, [2024-03-14T10:34:00.103308 #2198]  INFO -- : Writing /home/runner/work/human-essentials/human-essentials/public/assets/actiontext-28c61f5197c204db043317a8f8826a87ab31495b741f854d307ca36122deefce.js
2024-03-14T17:34:00.1145538Z I, [2024-03-14T10:34:00.103410 #2198]  INFO -- : Writing /home/runner/work/human-essentials/human-essentials/public/assets/actiontext-28c61f5197c204db043317a8f8826a87ab31495b741f854d307ca36122deefce.js.gz
2024-03-14T17:34:00.1148951Z I, [2024-03-14T10:34:00.106618 #2198]  INFO -- : Writing /home/runner/work/human-essentials/human-essentials/public/assets/trix-1563ff9c10f74e143b3ded40a8458497eaf2f87a648a5cbbfebdb7dec3447a5e.js
2024-03-14T17:34:00.1152166Z I, [2024-03-14T10:34:00.106725 #2198]  INFO -- : Writing /home/runner/work/human-essentials/human-essentials/public/assets/trix-1563ff9c10f74e143b3ded40a8458497eaf2f87a648a5cbbfebdb7dec3447a5e.js.gz
2024-03-14T17:34:00.1155295Z I, [2024-03-14T10:34:00.106841 #2198]  INFO -- : Writing /home/runner/work/human-essentials/human-essentials/public/assets/trix-b0398dade8e5ac249fe98f2e850f45adbcdfecd8a11c46b3eb67bdedb87b1b04.css
2024-03-14T17:34:00.1158508Z I, [2024-03-14T10:34:00.106921 #2198]  INFO -- : Writing /home/runner/work/human-essentials/human-essentials/public/assets/trix-b0398dade8e5ac249fe98f2e850f45adbcdfecd8a11c46b3eb67bdedb87b1b04.css.gz
2024-03-14T17:34:00.1161811Z I, [2024-03-14T10:34:00.107024 #2198]  INFO -- : Writing /home/runner/work/human-essentials/human-essentials/public/assets/stimulus-f75215805563870a61ee9dc5a207ce46d4675c7e667558a54344fd1e7baa697f.js
2024-03-14T17:34:00.1165009Z I, [2024-03-14T10:34:00.107099 #2198]  INFO -- : Writing /home/runner/work/human-essentials/human-essentials/public/assets/stimulus-f75215805563870a61ee9dc5a207ce46d4675c7e667558a54344fd1e7baa697f.js.gz
2024-03-14T17:34:00.1168423Z I, [2024-03-14T10:34:00.107207 #2198]  INFO -- : Writing /home/runner/work/human-essentials/human-essentials/public/assets/stimulus-autoloader-c584942b568ba74879da31c7c3d51366737bacaf6fbae659383c0a5653685693.js
2024-03-14T17:34:00.1171886Z I, [2024-03-14T10:34:00.107287 #2198]  INFO -- : Writing /home/runner/work/human-essentials/human-essentials/public/assets/stimulus-autoloader-c584942b568ba74879da31c7c3d51366737bacaf6fbae659383c0a5653685693.js.gz
2024-03-14T17:34:00.1175789Z I, [2024-03-14T10:34:00.107394 #2198]  INFO -- : Writing /home/runner/work/human-essentials/human-essentials/public/assets/stimulus-importmap-autoloader-db2076c783bf2dbee1226e2add52fef290b5d31b5bcd1edd999ac8a6dd31c44a.js
2024-03-14T17:34:00.1179771Z I, [2024-03-14T10:34:00.107476 #2198]  INFO -- : Writing /home/runner/work/human-essentials/human-essentials/public/assets/stimulus-importmap-autoloader-db2076c783bf2dbee1226e2add52fef290b5d31b5bcd1edd999ac8a6dd31c44a.js.gz
2024-03-14T17:34:00.1183336Z I, [2024-03-14T10:34:00.107575 #2198]  INFO -- : Writing /home/runner/work/human-essentials/human-essentials/public/assets/stimulus-loading-3576ce92b149ad5d6959438c6f291e2426c86df3b874c525b30faad51b0d96b3.js
2024-03-14T17:34:00.1186907Z I, [2024-03-14T10:34:00.107647 #2198]  INFO -- : Writing /home/runner/work/human-essentials/human-essentials/public/assets/stimulus-loading-3576ce92b149ad5d6959438c6f291e2426c86df3b874c525b30faad51b0d96b3.js.gz
2024-03-14T17:34:00.1190372Z I, [2024-03-14T10:34:00.107748 #2198]  INFO -- : Writing /home/runner/work/human-essentials/human-essentials/public/assets/stimulus.min-dd364f16ec9504dfb72672295637a1c8838773b01c0b441bd41008124c407894.js
2024-03-14T17:34:00.1193888Z I, [2024-03-14T10:34:00.107829 #2198]  INFO -- : Writing /home/runner/work/human-essentials/human-essentials/public/assets/stimulus.min-dd364f16ec9504dfb72672295637a1c8838773b01c0b441bd41008124c407894.js.gz
2024-03-14T17:34:00.1197441Z I, [2024-03-14T10:34:00.107927 #2198]  INFO -- : Writing /home/runner/work/human-essentials/human-essentials/public/assets/stimulus-autoloader-c584942b568ba74879da31c7c3d51366737bacaf6fbae659383c0a5653685693.js
2024-03-14T17:34:00.1201128Z I, [2024-03-14T10:34:00.107998 #2198]  INFO -- : Writing /home/runner/work/human-essentials/human-essentials/public/assets/stimulus-autoloader-c584942b568ba74879da31c7c3d51366737bacaf6fbae659383c0a5653685693.js.gz
2024-03-14T17:34:00.1204687Z I, [2024-03-14T10:34:00.108092 #2198]  INFO -- : Writing /home/runner/work/human-essentials/human-essentials/public/assets/stimulus-importmap-autoloader-db2076c783bf2dbee1226e2add52fef290b5d31b5bcd1edd999ac8a6dd31c44a.js
2024-03-14T17:34:00.1208607Z I, [2024-03-14T10:34:00.108160 #2198]  INFO -- : Writing /home/runner/work/human-essentials/human-essentials/public/assets/stimulus-importmap-autoloader-db2076c783bf2dbee1226e2add52fef290b5d31b5bcd1edd999ac8a6dd31c44a.js.gz
2024-03-14T17:34:00.1212233Z I, [2024-03-14T10:34:00.108252 #2198]  INFO -- : Writing /home/runner/work/human-essentials/human-essentials/public/assets/stimulus-loading-3576ce92b149ad5d6959438c6f291e2426c86df3b874c525b30faad51b0d96b3.js
2024-03-14T17:34:00.1215612Z I, [2024-03-14T10:34:00.108322 #2198]  INFO -- : Writing /home/runner/work/human-essentials/human-essentials/public/assets/stimulus-loading-3576ce92b149ad5d6959438c6f291e2426c86df3b874c525b30faad51b0d96b3.js.gz
2024-03-14T17:34:00.1219087Z I, [2024-03-14T10:34:00.108429 #2198]  INFO -- : Writing /home/runner/work/human-essentials/human-essentials/public/assets/stimulus.min.js-2cc63625fa177963b45da974806e7aee846cbf1d4930815733d0fdf3fb232325.map
2024-03-14T17:34:00.1222543Z I, [2024-03-14T10:34:00.108510 #2198]  INFO -- : Writing /home/runner/work/human-essentials/human-essentials/public/assets/stimulus.min.js-2cc63625fa177963b45da974806e7aee846cbf1d4930815733d0fdf3fb232325.map.gz
2024-03-14T17:34:00.1225841Z I, [2024-03-14T10:34:00.108617 #2198]  INFO -- : Writing /home/runner/work/human-essentials/human-essentials/public/assets/activestorage-3ab61e47dd4ee2d79db525ade1dca2ede0ea2b7371fe587e408ee37b7ade265d.js
2024-03-14T17:34:00.1229628Z I, [2024-03-14T10:34:00.108697 #2198]  INFO -- : Writing /home/runner/work/human-essentials/human-essentials/public/assets/activestorage-3ab61e47dd4ee2d79db525ade1dca2ede0ea2b7371fe587e408ee37b7ade265d.js.gz
2024-03-14T17:34:00.1233240Z I, [2024-03-14T10:34:00.108899 #2198]  INFO -- : Writing /home/runner/work/human-essentials/human-essentials/public/assets/activestorage.esm-01f58a45d77495cdfbdfcc872902a430426c4391634ec9c3da5f69fbf8418492.js
2024-03-14T17:34:00.1236657Z I, [2024-03-14T10:34:00.108978 #2198]  INFO -- : Writing /home/runner/work/human-essentials/human-essentials/public/assets/activestorage.esm-01f58a45d77495cdfbdfcc872902a430426c4391634ec9c3da5f69fbf8418492.js.gz
2024-03-14T17:34:00.1239903Z I, [2024-03-14T10:34:00.109083 #2198]  INFO -- : Writing /home/runner/work/human-essentials/human-essentials/public/assets/actioncable-5433453f9b6619a9de91aaab2d7fc7ff183e5260c0107cbc9a1aa0c838d9a74e.js
2024-03-14T17:34:00.1243137Z I, [2024-03-14T10:34:00.109160 #2198]  INFO -- : Writing /home/runner/work/human-essentials/human-essentials/public/assets/actioncable-5433453f9b6619a9de91aaab2d7fc7ff183e5260c0107cbc9a1aa0c838d9a74e.js.gz
2024-03-14T17:34:00.1246666Z I, [2024-03-14T10:34:00.109266 #2198]  INFO -- : Writing /home/runner/work/human-essentials/human-essentials/public/assets/actioncable.esm-e01089c3ec4fe7817fa9abcad06cab6bdc387f95f0ca6aab4bf7ba7537f70690.js
2024-03-14T17:34:00.1250009Z I, [2024-03-14T10:34:00.109343 #2198]  INFO -- : Writing /home/runner/work/human-essentials/human-essentials/public/assets/actioncable.esm-e01089c3ec4fe7817fa9abcad06cab6bdc387f95f0ca6aab4bf7ba7537f70690.js.gz
2024-03-14T17:34:00.5201316Z Coverage report generated for RSpec to /home/runner/work/human-essentials/human-essentials/coverage. 442 / 10036 LOC (4.4%) covered.
2024-03-14T17:34:00.6011406Z ##[group]Run RUBYOPT='-W:no-deprecated -W:no-experimental' bin/knapsack_pro_rspec
2024-03-14T17:34:00.6012286Z [36;1mRUBYOPT='-W:no-deprecated -W:no-experimental' bin/knapsack_pro_rspec[0m
2024-03-14T17:34:00.6037219Z shell: /usr/bin/bash -e {0}
2024-03-14T17:34:00.6037606Z env:
2024-03-14T17:34:00.6038014Z   POSTGRES_HOST: localhost
2024-03-14T17:34:00.6038402Z   DATABASE_HOST: localhost
2024-03-14T17:34:00.6038772Z   PG_USERNAME: postgres
2024-03-14T17:34:00.6039229Z   PG_PASSWORD: password
2024-03-14T17:34:00.6039607Z   POSTGRES_HOST_AUTH_METHOD: trust
2024-03-14T17:34:00.6039994Z   POSTGRES_PORT: 5432
2024-03-14T17:34:00.6040421Z   PGHOST: localhost
2024-03-14T17:34:00.6040763Z   PGUSER: postgres
2024-03-14T17:34:00.6041199Z   RAILS_ENV: test
2024-03-14T17:34:00.6041594Z   KNAPSACK_PRO_TEST_SUITE_TOKEN_RSPEC: 
2024-03-14T17:34:00.6041995Z   KNAPSACK_PRO_CI_NODE_TOTAL: 6
2024-03-14T17:34:00.6042471Z   KNAPSACK_PRO_CI_NODE_INDEX: 4
2024-03-14T17:34:00.6043011Z   KNAPSACK_PRO_RSPEC_SPLIT_BY_TEST_EXAMPLES: true
2024-03-14T17:34:00.6043574Z   KNAPSACK_PRO_LOG_LEVEL: info
2024-03-14T17:34:00.6044168Z   KNAPSACK_PRO_TEST_FILE_PATTERN: {spec/system/**{,/*/**}/*_spec.rb,spec/requests/**{,/*/**}/*_spec.rb}
2024-03-14T17:34:00.6044818Z ##[endgroup]
2024-03-14T17:34:06.4824973Z W, [2024-03-14T17:34:06.482039 #2276]  WARN -- : [knapsack_pro] GET https://api-disabled-for-fork.knapsackpro.com/v1/build_distributions/last
2024-03-14T17:34:06.4827821Z W, [2024-03-14T17:34:06.482106 #2276]  WARN -- : [knapsack_pro] Request failed due to:
2024-03-14T17:34:06.4829395Z W, [2024-03-14T17:34:06.482124 #2276]  WARN -- : [knapsack_pro] #<SocketError: Failed to open TCP connection to api-disabled-for-fork.knapsackpro.com:443 (getaddrinfo: Name or service not known)>
2024-03-14T17:34:06.4832324Z W, [2024-03-14T17:34:06.482151 #2276]  WARN -- : [knapsack_pro] Slow test files fallback behaviour started. We could not connect with Knapsack Pro API to fetch last CI build test files that are needed to determine slow test files. No test files will be split by test cases. It means all test files will be split by the whole test files as if split by test cases would be disabled https://knapsackpro.com/perma/ruby/split-by-test-examples
2024-03-14T17:34:09.2004716Z W, [2024-03-14T17:34:09.200155 #2276]  WARN -- : [knapsack_pro] POST https://api-disabled-for-fork.knapsackpro.com/v1/build_distributions/subset
2024-03-14T17:34:09.2006709Z W, [2024-03-14T17:34:09.200195 #2276]  WARN -- : [knapsack_pro] Request failed due to:
2024-03-14T17:34:09.2009232Z W, [2024-03-14T17:34:09.200209 #2276]  WARN -- : [knapsack_pro] #<SocketError: Failed to open TCP connection to api-disabled-for-fork.knapsackpro.com:443 (getaddrinfo: Name or service not known)>
2024-03-14T17:34:09.2012145Z W, [2024-03-14T17:34:09.200244 #2276]  WARN -- : [knapsack_pro] Fallback mode started. We could not connect with Knapsack Pro API. Your tests will be executed based on directory names. Read more about fallback mode at https://knapsackpro.com/perma/ruby/fallback-mode
2024-03-14T17:34:09.2066282Z /opt/hostedtoolcache/Ruby/3.2.2/x64/bin/ruby -I/home/runner/work/human-essentials/human-essentials/vendor/bundle/ruby/3.2.0/gems/rspec-core-3.12.2/lib:/home/runner/work/human-essentials/human-essentials/vendor/bundle/ruby/3.2.0/gems/rspec-support-3.12.1/lib /home/runner/work/human-essentials/human-essentials/vendor/bundle/ruby/3.2.0/gems/rspec-core-3.12.2/exe/rspec  --format documentation --format KnapsackPro::Formatters::TimeTracker --default-path spec "spec/requests/admin/base_items_requests_spec.rb" "spec/requests/admin_requests_spec.rb" "spec/requests/distributions_by_county_spec.rb" "spec/requests/items_requests_spec.rb" "spec/requests/partners/family_requests_controller_spec.rb" "spec/requests/partners/user_requests_spec.rb" "spec/requests/reports/annual_reports_requests_spec.rb" "spec/requests/users/omniauth_callbacks_requests_spec.rb" "spec/system/admin/account_requests_system_spec.rb" "spec/system/annual_reports_system_spec.rb" "spec/system/distributions_by_county_system_spec.rb" "spec/system/log_in_system_spec.rb" "spec/system/partners/approval_process_spec.rb" "spec/system/partners/profile_served_area_system_spec.rb" "spec/system/request_system_spec.rb"
2024-03-14T17:34:17.7843077Z 
2024-03-14T17:34:17.7843658Z Randomized with seed 6903
2024-03-14T17:34:18.7430386Z 
2024-03-14T17:34:18.7431443Z Users - Omniauth Callbacks
2024-03-14T17:34:18.7432197Z   GET #google_oauth2
2024-03-14T17:34:18.7433513Z     without a valid user
2024-03-14T17:34:18.7699487Z       should redirect to new registration URL
2024-03-14T17:34:18.7700194Z     with a valid user
2024-03-14T17:34:18.7983661Z       redirects correctly
2024-03-14T17:34:18.7984210Z 
2024-03-14T17:34:18.7984433Z Distributions by County
2024-03-14T17:34:18.7986206Z   handles time ranges properly
2024-03-14T17:34:22.9719451Z     works for all time
2024-03-14T17:34:24.6822403Z     works for this year
2024-03-14T17:34:24.6823103Z 
2024-03-14T17:34:24.6823456Z Admin::BaseItems
2024-03-14T17:34:24.6824927Z   When logged in as an organization admin
2024-03-14T17:34:24.6826287Z     GET #edit
2024-03-14T17:34:24.6983740Z       returns http success
2024-03-14T17:34:24.6984755Z     GET #show
2024-03-14T17:34:24.7113702Z       returns http success
2024-03-14T17:34:24.7114394Z     GET #new
2024-03-14T17:34:24.7249882Z       returns http success
2024-03-14T17:34:24.7250610Z     GET #index
2024-03-14T17:34:24.7385606Z       returns http success
2024-03-14T17:34:24.7386837Z     PUT #update
2024-03-14T17:34:24.7531698Z       redirect
2024-03-14T17:34:24.7532336Z     DELETE #destroy
2024-03-14T17:34:24.7679951Z       redirects
2024-03-14T17:34:24.7680665Z     POST #create
2024-03-14T17:34:24.7842441Z       redirects
2024-03-14T17:34:24.7843347Z 
2024-03-14T17:34:24.7843767Z Authentication
2024-03-14T17:34:24.7845366Z   Showing the modal warning in staging
2024-03-14T17:34:24.7846990Z     when accessing /users/sign_in not in the staging environment
2024-03-14T17:34:25.2370130Z       should not render the modal
2024-03-14T17:34:25.2371122Z     when accessing /users/password/new in the staging environment
2024-03-14T17:34:25.6857107Z       should render the modal
2024-03-14T17:34:25.6858006Z     when accessing /users/password/new not in the staging environment
2024-03-14T17:34:26.1212049Z       should not render the modal
2024-03-14T17:34:26.1213007Z     when accessing /users/sign_in in the staging environment
2024-03-14T17:34:26.5559428Z       should render the modal
2024-03-14T17:34:26.5560240Z   Deactivated user
2024-03-14T17:34:27.2990499Z     should not allow the user to log in
2024-03-14T17:34:27.2991070Z   Success
2024-03-14T17:34:27.8660108Z     should show dashboard upon signin
2024-03-14T17:34:27.8660785Z 
2024-03-14T17:34:27.8661003Z Annual Reports
2024-03-14T17:34:27.8663670Z   while signed in as an organization admin
2024-03-14T17:34:28.4014934Z     exists
2024-03-14T17:34:29.4764426Z     has all the sub-reports we expect
2024-03-14T17:34:30.0002000Z     has the report from last year, if there is a purchase from last year
2024-03-14T17:34:30.0002593Z 
2024-03-14T17:34:30.0005616Z Account Requests Admin
2024-03-14T17:34:30.0006851Z   while signed in as a super admin
2024-03-14T17:34:30.0008035Z     user visits the for_rejection page
2024-03-14T17:34:31.0311792Z       should reject the account
2024-03-14T17:34:31.0312836Z     user rejects an account request
2024-03-14T17:34:31.9718090Z       should reject the account
2024-03-14T17:34:31.9718776Z     user visits the index page
2024-03-14T17:34:32.4985197Z       shows confirmed account requests within appropriate table
2024-03-14T17:34:33.0186396Z       shows unconfirmed account requests within appropriate table
2024-03-14T17:34:33.0187403Z 
2024-03-14T17:34:33.0187657Z Admin
2024-03-14T17:34:33.0189584Z   while signed in as a non-super-admin
2024-03-14T17:34:33.0421409Z     disallows dashboard access, redirecting to the normal dashboard
2024-03-14T17:34:33.0422264Z   while signed in as a super admin
2024-03-14T17:34:33.0835269Z     allows a user to load the dashboard
2024-03-14T17:34:33.0836437Z     with rendered views
2024-03-14T17:34:33.3505379Z       shows a logout button
2024-03-14T17:34:33.6237644Z       shows the recently added users email
2024-03-14T17:34:33.6238266Z 
2024-03-14T17:34:33.6238541Z /partners/users
2024-03-14T17:34:33.6239589Z   GET #edit
2024-03-14T17:34:33.6718253Z     successfully loads the page
2024-03-14T17:34:33.6718863Z   PATCH #update
2024-03-14T17:34:33.7094502Z     lets the name be updated
2024-03-14T17:34:33.7094987Z 
2024-03-14T17:34:33.7095270Z Items
2024-03-14T17:34:33.7096449Z   while signed in
2024-03-14T17:34:33.7097009Z     PUT #update
2024-03-14T17:34:33.7798872Z       should not be able to deactivate an item in a kit
2024-03-14T17:34:33.8057242Z       should be able to deactivate an item
2024-03-14T17:34:33.8479553Z       should not be able to deactivate an item in a storage location
2024-03-14T17:34:33.8480399Z     GET #index
2024-03-14T17:34:33.8481067Z       csv
2024-03-14T17:34:33.9019037Z         is expected to be successful
2024-03-14T17:34:33.9019845Z       html
2024-03-14T17:34:33.9770262Z         is expected to be successful
2024-03-14T17:34:33.9770909Z 
2024-03-14T17:34:33.9771142Z Partners profile served area behaviour
2024-03-14T17:34:33.9772604Z   changing the client share
2024-03-14T17:34:35.2726869Z     handles an invalid total client share properly
2024-03-14T17:34:36.5338086Z     handles a changed but correct total client share properly
2024-03-14T17:34:37.3941736Z     handles addition properly
2024-03-14T17:34:38.8334678Z     handles deletion properly
2024-03-14T17:34:38.8335325Z 
2024-03-14T17:34:38.8335669Z Approval process for partners
2024-03-14T17:34:38.8337281Z   request approval with invalid details
2024-03-14T17:34:40.1314726Z     should render an error message
2024-03-14T17:34:40.1315953Z   filling in organization details and requesting for approval
2024-03-14T17:34:40.1319973Z     GIVEN a partner user is new and wants to request approval
2024-03-14T17:34:57.1201339Z       should not allow them to make requests on the dashboard or the requests page
2024-03-14T17:34:57.1202262Z       AND they fill out the form and submit it
2024-03-14T17:34:57.1203118Z         THEN the organization approves them
2024-03-14T17:34:59.9343963Z           should show that they have been approved and able to make requests
2024-03-14T17:34:59.9345311Z 
2024-03-14T17:34:59.9345724Z Annual Reports
2024-03-14T17:34:59.9347344Z   While signed in
2024-03-14T17:34:59.9348728Z     POST /recalculate
2024-03-14T17:35:00.0147374Z       recalculates an existing report
2024-03-14T17:35:00.0916908Z       recalculates new reports
2024-03-14T17:35:00.0917853Z     GET /index
2024-03-14T17:35:00.1207877Z       returns http success
2024-03-14T17:35:00.1208558Z     GET /show
2024-03-14T17:35:00.1512739Z       retrieves and uses the existing report if it exists
2024-03-14T17:35:00.2402046Z       returns http success
2024-03-14T17:35:00.2658814Z       returns not found if the year params is not number
2024-03-14T17:35:00.3568004Z       retrieves and updated the existing report if it exists
2024-03-14T17:35:00.3568736Z 
2024-03-14T17:35:00.3568934Z Requests
2024-03-14T17:35:00.3570895Z   canceling a request as a bank user
2024-03-14T17:35:00.3571933Z     when a bank user cancels a request
2024-03-14T17:35:01.4900319Z       should set the request as canceled/discarded and contain the reason
2024-03-14T17:35:01.4901454Z   #show
2024-03-14T17:35:02.0127129Z     should show the request without a request sender if a partner user is not set
2024-03-14T17:35:02.5340364Z     should show the request with a request sender if a partner user is set
2024-03-14T17:35:03.1386708Z     should show the number of items on-hand
2024-03-14T17:35:03.1387548Z     change status request
2024-03-14T17:35:04.2168131Z       should change to started
2024-03-14T17:35:04.2169009Z       when save the distribution
2024-03-14T17:35:05.4090939Z         should change request to fulfilled
2024-03-14T17:35:05.4091818Z   #index
2024-03-14T17:35:06.0067969Z     lists requests
2024-03-14T17:35:06.6538863Z     can be exported in CSV
2024-03-14T17:35:06.6539470Z     behaves like Date Range Picker
2024-03-14T17:35:06.6540518Z       when choosing 'Last Month'
2024-03-14T17:35:07.7377009Z         shows only 2 of the records
2024-03-14T17:35:07.7378237Z       when choosing 'All Time'
2024-03-14T17:35:08.8132385Z         shows all the records
2024-03-14T17:35:08.8133096Z       when choosing a date range that only includes the previous week
2024-03-14T17:35:09.8481354Z         shows only 1 record
2024-03-14T17:35:09.8482354Z     when filtering on the index page
2024-03-14T17:35:09.8483638Z       when filtering by item
2024-03-14T17:35:10.7717055Z         constrains the list
2024-03-14T17:35:10.7718028Z       when exporting as CSV
2024-03-14T17:35:11.8674379Z         respects the applied filters
2024-03-14T17:35:11.8675382Z       with filters cleared
2024-03-14T17:35:12.7839952Z         displays all requests
2024-03-14T17:35:12.7840842Z       when filtering by status
2024-03-14T17:35:13.7016235Z         constrains the list
2024-03-14T17:35:13.7016971Z       when filtering by partner
2024-03-14T17:35:14.6071879Z         constrains the list
2024-03-14T17:35:14.6073456Z 
2024-03-14T17:35:14.6073789Z DistributionsByCounties
2024-03-14T17:35:14.6075137Z   While not signed in
2024-03-14T17:35:14.6156804Z     redirects for authentication
2024-03-14T17:35:14.6157566Z     While signed in as bank
2024-03-14T17:35:14.7092790Z       shows 'Unspecified 100%' if no served_areas
2024-03-14T17:35:14.7093667Z       basic behaviour with served areas
2024-03-14T17:35:14.9116389Z         handles multiple partners with overlapping service areas properly
2024-03-14T17:35:14.9117443Z 
2024-03-14T17:35:14.9117848Z Partners::FamilyRequestsController
2024-03-14T17:35:14.9118581Z   POST #create
2024-03-14T17:35:14.9868869Z     does not allow deactivated partners
2024-03-14T17:35:15.0392095Z     does not allow partners not verified
2024-03-14T17:35:15.1198497Z     submits the request
2024-03-14T17:35:15.1199256Z   GET #new
2024-03-14T17:35:15.1701243Z     does not allow deactivated partners
2024-03-14T17:35:15.2189872Z     does not allow partners not verified
2024-03-14T17:35:15.2625507Z W, [2024-03-14T10:35:15.262260 #2329]  WARN -- : [knapsack_pro] POST https://api-disabled-for-fork.knapsackpro.com/v1/build_subsets
2024-03-14T17:35:15.2628111Z W, [2024-03-14T10:35:15.262305 #2329]  WARN -- : [knapsack_pro] Request failed due to:
2024-03-14T17:35:15.2631044Z W, [2024-03-14T10:35:15.262322 #2329]  WARN -- : [knapsack_pro] #<SocketError: Failed to open TCP connection to api-disabled-for-fork.knapsackpro.com:443 (getaddrinfo: Name or service not known)>
2024-03-14T17:35:15.2634149Z W, [2024-03-14T10:35:15.262360 #2329]  WARN -- : [knapsack_pro] Time execution report was not saved on Knapsack Pro API server due to connection problem.
2024-03-14T17:35:15.2635524Z 
2024-03-14T17:35:15.2636036Z Finished in 57.48 seconds (files took 8.34 seconds to load)
2024-03-14T17:35:15.2637014Z 73 examples, 0 failures
2024-03-14T17:35:15.2637410Z 
2024-03-14T17:35:15.2637752Z Randomized with seed 6903
2024-03-14T17:35:15.2638173Z 
2024-03-14T17:35:15.5735902Z Coverage report generated for RSpec to /home/runner/work/human-essentials/human-essentials/coverage. 3615 / 6495 LOC (55.66%) covered.
2024-03-14T17:35:16.0759007Z Coverage report generated for RSpec to /home/runner/work/human-essentials/human-essentials/coverage. 38 / 10799 LOC (0.35%) covered.
2024-03-14T17:35:16.1101942Z Post job cleanup.
2024-03-14T17:35:16.2140906Z [command]/usr/bin/git version
2024-03-14T17:35:16.2195569Z git version 2.43.2
2024-03-14T17:35:16.2235931Z Temporarily overriding HOME='/home/runner/work/_temp/f746f45d-fef6-4a11-b9f6-0541e711134e' before making global git config changes
2024-03-14T17:35:16.2237588Z Adding repository directory to the temporary git global config as a safe directory
2024-03-14T17:35:16.2241752Z [command]/usr/bin/git config --global --add safe.directory /home/runner/work/human-essentials/human-essentials
2024-03-14T17:35:16.2283008Z [command]/usr/bin/git config --local --name-only --get-regexp core\.sshCommand
2024-03-14T17:35:16.2322232Z [command]/usr/bin/git submodule foreach --recursive sh -c "git config --local --name-only --get-regexp 'core\.sshCommand' && git config --local --unset-all 'core.sshCommand' || :"
2024-03-14T17:35:16.2562366Z [command]/usr/bin/git config --local --name-only --get-regexp http\.https\:\/\/github\.com\/\.extraheader
2024-03-14T17:35:16.2596053Z http.https://github.com/.extraheader
2024-03-14T17:35:16.2605491Z [command]/usr/bin/git config --local --unset-all http.https://github.com/.extraheader
2024-03-14T17:35:16.2644895Z [command]/usr/bin/git submodule foreach --recursive sh -c "git config --local --name-only --get-regexp 'http\.https\:\/\/github\.com\/\.extraheader' && git config --local --unset-all 'http.https://github.com/.extraheader' || :"
2024-03-14T17:35:16.3024098Z Print service container logs: 66236129a88e41559bf26ea8335b22ab_postgres123_b91034
2024-03-14T17:35:16.3029943Z ##[command]/usr/bin/docker logs --details 8ff7629fd4a46f3d39e35b3b4cfbca56d49b39fb3c3fe05f9751befca6a76cdb
2024-03-14T17:35:16.3158376Z  initdb: warning: enabling "trust" authentication for local connections
2024-03-14T17:35:16.3159728Z  The files belonging to this database system will be owned by user "postgres".
2024-03-14T17:35:16.3161228Z  You can change this by editing pg_hba.conf or using the option -A, or
2024-03-14T17:35:16.3162283Z  --auth-local and --auth-host, the next time you run initdb.
2024-03-14T17:35:16.3164104Z  2024-03-14 17:32:51.054 UTC [1] LOG:  starting PostgreSQL 12.3 (Debian 12.3-1.pgdg100+1) on x86_64-pc-linux-gnu, compiled by gcc (Debian 8.3.0-6) 8.3.0, 64-bit
2024-03-14T17:35:16.3165989Z  2024-03-14 17:32:51.054 UTC [1] LOG:  listening on IPv4 address "0.0.0.0", port 5432
2024-03-14T17:35:16.3167396Z  2024-03-14 17:32:51.054 UTC [1] LOG:  listening on IPv6 address "::", port 5432
2024-03-14T17:35:16.3168867Z  2024-03-14 17:32:51.057 UTC [1] LOG:  listening on Unix socket "/var/run/postgresql/.s.PGSQL.5432"
2024-03-14T17:35:16.3170306Z  2024-03-14 17:32:51.068 UTC [56] LOG:  database system was shut down at 2024-03-14 17:32:50 UTC
2024-03-14T17:35:16.3171825Z  2024-03-14 17:32:51.073 UTC [1] LOG:  database system is ready to accept connections
2024-03-14T17:35:16.3172999Z  2024-03-14 17:33:00.263 UTC [70] FATAL:  role "root" does not exist
2024-03-14T17:35:16.3173683Z  2024-03-14 17:33:10.339 UTC [78] FATAL:  role "root" does not exist
2024-03-14T17:35:16.3174479Z  2024-03-14 17:33:17.693 UTC [79] FATAL:  database "diaper_test" does not exist
2024-03-14T17:35:16.3175155Z  2024-03-14 17:33:20.439 UTC [88] FATAL:  role "root" does not exist
2024-03-14T17:35:16.3175968Z  2024-03-14 17:33:24.832 UTC [89] ERROR:  relation "flipper_gates" does not exist at character 491
2024-03-14T17:35:16.3176944Z  2024-03-14 17:33:24.832 UTC [89] STATEMENT:  SELECT a.attname, format_type(a.atttypid, a.atttypmod),
2024-03-14T17:35:16.3177756Z  	       pg_get_expr(d.adbin, d.adrelid), a.attnotnull, a.atttypid, a.atttypmod,
2024-03-14T17:35:16.3178539Z  	       c.collname, col_description(a.attrelid, a.attnum) AS comment,
2024-03-14T17:35:16.3179084Z  	       attgenerated as attgenerated
2024-03-14T17:35:16.3179473Z  	  FROM pg_attribute a
2024-03-14T17:35:16.3180063Z  	  LEFT JOIN pg_attrdef d ON a.attrelid = d.adrelid AND a.attnum = d.adnum
2024-03-14T17:35:16.3180663Z  	  LEFT JOIN pg_type t ON a.atttypid = t.oid
2024-03-14T17:35:16.3181316Z  	  LEFT JOIN pg_collation c ON a.attcollation = c.oid AND a.attcollation <> t.typcollation
2024-03-14T17:35:16.3182058Z  	 WHERE a.attrelid = '"flipper_gates"'::regclass
2024-03-14T17:35:16.3182550Z  	   AND a.attnum > 0 AND NOT a.attisdropped
2024-03-14T17:35:16.3183051Z  	 ORDER BY a.attnum
2024-03-14T17:35:16.3183447Z  	
2024-03-14T17:35:16.3183833Z  2024-03-14 17:33:30.524 UTC [99] FATAL:  role "root" does not exist
2024-03-14T17:35:16.3184891Z  2024-03-14 17:33:40.604 UTC [109] FATAL:  role "root" does not exist
2024-03-14T17:35:16.3185600Z  2024-03-14 17:33:50.682 UTC [117] FATAL:  role "root" does not exist
2024-03-14T17:35:16.3186504Z  2024-03-14 17:34:00.764 UTC [126] FATAL:  role "root" does not exist
2024-03-14T17:35:16.3187214Z  2024-03-14 17:34:10.844 UTC [134] FATAL:  role "root" does not exist
2024-03-14T17:35:16.3187846Z  2024-03-14 17:34:20.932 UTC [144] FATAL:  role "root" does not exist
2024-03-14T17:35:16.3188484Z  2024-03-14 17:34:31.027 UTC [154] FATAL:  role "root" does not exist
2024-03-14T17:35:16.3189176Z  2024-03-14 17:34:41.115 UTC [162] FATAL:  role "root" does not exist
2024-03-14T17:35:16.3189781Z  2024-03-14 17:34:51.208 UTC [170] FATAL:  role "root" does not exist
2024-03-14T17:35:16.3190445Z  2024-03-14 17:35:01.316 UTC [179] FATAL:  role "root" does not exist
2024-03-14T17:35:16.3191127Z  2024-03-14 17:35:11.412 UTC [186] FATAL:  role "root" does not exist
2024-03-14T17:35:16.3191944Z  This user must also own the server process.
2024-03-14T17:35:16.3192387Z  
2024-03-14T17:35:16.3192913Z  The database cluster will be initialized with locale "en_US.utf8".
2024-03-14T17:35:16.3193583Z  The default database encoding has accordingly been set to "UTF8".
2024-03-14T17:35:16.3194294Z  The default text search configuration will be set to "english".
2024-03-14T17:35:16.3194785Z  
2024-03-14T17:35:16.3195099Z  Data page checksums are disabled.
2024-03-14T17:35:16.3195563Z  
2024-03-14T17:35:16.3196073Z  fixing permissions on existing directory /var/lib/postgresql/data ... ok
2024-03-14T17:35:16.3196652Z  creating subdirectories ... ok
2024-03-14T17:35:16.3197212Z  selecting dynamic shared memory implementation ... posix
2024-03-14T17:35:16.3197743Z  selecting default max_connections ... 100
2024-03-14T17:35:16.3198179Z  selecting default shared_buffers ... 128MB
2024-03-14T17:35:16.3198723Z  selecting default time zone ... Etc/UTC
2024-03-14T17:35:16.3199173Z  creating configuration files ... ok
2024-03-14T17:35:16.3199623Z  running bootstrap script ... ok
2024-03-14T17:35:16.3200146Z  performing post-bootstrap initialization ... ok
2024-03-14T17:35:16.3200614Z  syncing data to disk ... ok
2024-03-14T17:35:16.3200954Z  
2024-03-14T17:35:16.3201343Z  
2024-03-14T17:35:16.3201718Z  Success. You can now start the database server using:
2024-03-14T17:35:16.3202265Z  
2024-03-14T17:35:16.3202634Z      pg_ctl -D /var/lib/postgresql/data -l logfile start
2024-03-14T17:35:16.3203102Z  
2024-03-14T17:35:16.3204061Z  waiting for server to start....2024-03-14 17:32:50.850 UTC [47] LOG:  starting PostgreSQL 12.3 (Debian 12.3-1.pgdg100+1) on x86_64-pc-linux-gnu, compiled by gcc (Debian 8.3.0-6) 8.3.0, 64-bit
2024-03-14T17:35:16.3205287Z  2024-03-14 17:32:50.851 UTC [47] LOG:  listening on Unix socket "/var/run/postgresql/.s.PGSQL.5432"
2024-03-14T17:35:16.3206112Z  2024-03-14 17:32:50.862 UTC [48] LOG:  database system was shut down at 2024-03-14 17:32:50 UTC
2024-03-14T17:35:16.3206987Z  2024-03-14 17:32:50.866 UTC [47] LOG:  database system is ready to accept connections
2024-03-14T17:35:16.3207582Z   done
2024-03-14T17:35:16.3207880Z  server started
2024-03-14T17:35:16.3208314Z  
2024-03-14T17:35:16.3208815Z  /usr/local/bin/docker-entrypoint.sh: ignoring /docker-entrypoint-initdb.d/*
2024-03-14T17:35:16.3209470Z  
2024-03-14T17:35:16.3209849Z  2024-03-14 17:32:50.942 UTC [47] LOG:  received fast shutdown request
2024-03-14T17:35:16.3210664Z  waiting for server to shut down....2024-03-14 17:32:50.943 UTC [47] LOG:  aborting any active transactions
2024-03-14T17:35:16.3211717Z  2024-03-14 17:32:50.945 UTC [47] LOG:  background worker "logical replication launcher" (PID 54) exited with exit code 1
2024-03-14T17:35:16.3212513Z  2024-03-14 17:32:50.945 UTC [49] LOG:  shutting down
2024-03-14T17:35:16.3213082Z  2024-03-14 17:32:50.952 UTC [47] LOG:  database system is shut down
2024-03-14T17:35:16.3213650Z   done
2024-03-14T17:35:16.3213963Z  server stopped
2024-03-14T17:35:16.3214457Z  
2024-03-14T17:35:16.3214942Z  PostgreSQL init process complete; ready for start up.
2024-03-14T17:35:16.3215415Z  
2024-03-14T17:35:16.3221419Z Stop and remove container: 66236129a88e41559bf26ea8335b22ab_postgres123_b91034
2024-03-14T17:35:16.3227755Z ##[command]/usr/bin/docker rm --force 8ff7629fd4a46f3d39e35b3b4cfbca56d49b39fb3c3fe05f9751befca6a76cdb
2024-03-14T17:35:16.5660820Z 8ff7629fd4a46f3d39e35b3b4cfbca56d49b39fb3c3fe05f9751befca6a76cdb
2024-03-14T17:35:16.5685748Z Remove container network: github_network_18be894a1af14d5c807377cd409ecc5f
2024-03-14T17:35:16.5691219Z ##[command]/usr/bin/docker network rm github_network_18be894a1af14d5c807377cd409ecc5f
2024-03-14T17:35:16.8403677Z github_network_18be894a1af14d5c807377cd409ecc5f
2024-03-14T17:35:16.8566186Z Cleaning up orphan processes
