2024-02-22T01:22:48.0189711Z Requested labels: ubuntu-latest
2024-02-22T01:22:48.0190006Z Job defined at: rubyforgood/human-essentials/.github/workflows/rspec-system-events.yml@refs/pull/4133/merge
2024-02-22T01:22:48.0190120Z Waiting for a runner to pick up this job...
2024-02-22T01:26:39.9123568Z Job is waiting for a hosted runner to come online.
2024-02-22T01:26:43.3062699Z Job is about to start running on the hosted runner: GitHub Actions 18 (hosted)
2024-02-22T01:26:45.2632988Z Current runner version: '2.313.0'
2024-02-22T01:26:45.2657963Z ##[group]Operating System
2024-02-22T01:26:45.2658569Z Ubuntu
2024-02-22T01:26:45.2659032Z 22.04.4
2024-02-22T01:26:45.2659376Z LTS
2024-02-22T01:26:45.2659668Z ##[endgroup]
2024-02-22T01:26:45.2660125Z ##[group]Runner Image
2024-02-22T01:26:45.2660561Z Image: ubuntu-22.04
2024-02-22T01:26:45.2660917Z Version: 20240218.1.0
2024-02-22T01:26:45.2662389Z Included Software: https://github.com/actions/runner-images/blob/ubuntu22/20240218.1/images/ubuntu/Ubuntu2204-Readme.md
2024-02-22T01:26:45.2663857Z Image Release: https://github.com/actions/runner-images/releases/tag/ubuntu22%2F20240218.1
2024-02-22T01:26:45.2664681Z ##[endgroup]
2024-02-22T01:26:45.2665182Z ##[group]Runner Image Provisioner
2024-02-22T01:26:45.2665662Z 2.0.341.1
2024-02-22T01:26:45.2665958Z ##[endgroup]
2024-02-22T01:26:45.2668090Z ##[group]GITHUB_TOKEN Permissions
2024-02-22T01:26:45.2669744Z Actions: read
2024-02-22T01:26:45.2670288Z Checks: read
2024-02-22T01:26:45.2670822Z Contents: read
2024-02-22T01:26:45.2671350Z Deployments: read
2024-02-22T01:26:45.2671749Z Discussions: read
2024-02-22T01:26:45.2672093Z Issues: read
2024-02-22T01:26:45.2672529Z Metadata: read
2024-02-22T01:26:45.2672924Z Packages: read
2024-02-22T01:26:45.2673275Z Pages: read
2024-02-22T01:26:45.2673694Z PullRequests: read
2024-02-22T01:26:45.2674098Z RepositoryProjects: read
2024-02-22T01:26:45.2674517Z SecurityEvents: read
2024-02-22T01:26:45.2674999Z Statuses: read
2024-02-22T01:26:45.2675360Z ##[endgroup]
2024-02-22T01:26:45.2678394Z Secret source: Dependabot
2024-02-22T01:26:45.2679111Z Prepare workflow directory
2024-02-22T01:26:45.3557386Z Prepare all required actions
2024-02-22T01:26:45.3713546Z Getting action download info
2024-02-22T01:26:45.5317816Z Download action repository 'actions/checkout@v2' (SHA:ee0669bd1cc54295c223e0bb666b733df41de1c5)
2024-02-22T01:26:45.6702165Z Download action repository 'ruby/setup-ruby@v1' (SHA:d4526a55538b775af234ba4af27118ed6f8f6677)
2024-02-22T01:26:45.8597987Z Download action repository 'actions/upload-artifact@v2' (SHA:82c141cc518b40d92cc801eee768e7aafc9c2fa2)
2024-02-22T01:26:46.0078317Z Complete job name: rspec-system-events (6, 2)
2024-02-22T01:26:46.0723791Z ##[group]Checking docker version
2024-02-22T01:26:46.0737875Z ##[command]/usr/bin/docker version --format '{{.Server.APIVersion}}'
2024-02-22T01:26:46.1615138Z '1.43'
2024-02-22T01:26:46.1630414Z Docker daemon API version: '1.43'
2024-02-22T01:26:46.1631319Z ##[command]/usr/bin/docker version --format '{{.Client.APIVersion}}'
2024-02-22T01:26:46.1801321Z '1.43'
2024-02-22T01:26:46.1823020Z Docker client API version: '1.43'
2024-02-22T01:26:46.1828340Z ##[endgroup]
2024-02-22T01:26:46.1831522Z ##[group]Clean up resources from previous jobs
2024-02-22T01:26:46.1838133Z ##[command]/usr/bin/docker ps --all --quiet --no-trunc --filter "label=b5e1f6"
2024-02-22T01:26:46.1979427Z ##[command]/usr/bin/docker network prune --force --filter "label=b5e1f6"
2024-02-22T01:26:46.2134087Z ##[endgroup]
2024-02-22T01:26:46.2135061Z ##[group]Create local container network
2024-02-22T01:26:46.2148605Z ##[command]/usr/bin/docker network create --label b5e1f6 github_network_073fcded8ffd4dc2947e83eac07da2e6
2024-02-22T01:26:46.2826600Z 24e6e0514b4e3c044cad88b3c411e96e90d3ebf3956cdb44acffadfb72f2ae8a
2024-02-22T01:26:46.2846728Z ##[endgroup]
2024-02-22T01:26:46.2963771Z ##[group]Starting db service container
2024-02-22T01:26:46.2987460Z ##[command]/usr/bin/docker pull postgres:12.3
2024-02-22T01:26:46.5193311Z 12.3: Pulling from library/postgres
2024-02-22T01:26:46.5850269Z bf5952930446: Pulling fs layer
2024-02-22T01:26:46.5851563Z 9577476abb00: Pulling fs layer
2024-02-22T01:26:46.5852261Z 2bd105512d5c: Pulling fs layer
2024-02-22T01:26:46.5852986Z b1cd21c26e81: Pulling fs layer
2024-02-22T01:26:46.5853488Z 34a7c86cf8fc: Pulling fs layer
2024-02-22T01:26:46.5854025Z 274e7b0c38d5: Pulling fs layer
2024-02-22T01:26:46.5854583Z 3e831b350d37: Pulling fs layer
2024-02-22T01:26:46.5855043Z 38fa0d496534: Pulling fs layer
2024-02-22T01:26:46.5855920Z 31a8349609a4: Pulling fs layer
2024-02-22T01:26:46.5856487Z 14e4c2a4b7b7: Pulling fs layer
2024-02-22T01:26:46.5856949Z 964acfa02beb: Pulling fs layer
2024-02-22T01:26:46.5857470Z 31b1f20dffc0: Pulling fs layer
2024-02-22T01:26:46.5858042Z 14771c2930e9: Pulling fs layer
2024-02-22T01:26:46.5858504Z 2f30edd0ce8a: Pulling fs layer
2024-02-22T01:26:46.5859008Z 3e831b350d37: Waiting
2024-02-22T01:26:46.5859514Z 964acfa02beb: Waiting
2024-02-22T01:26:46.5859912Z 38fa0d496534: Waiting
2024-02-22T01:26:46.5860315Z 14e4c2a4b7b7: Waiting
2024-02-22T01:26:46.5860785Z 31b1f20dffc0: Waiting
2024-02-22T01:26:46.5861165Z 31a8349609a4: Waiting
2024-02-22T01:26:46.5861871Z 2f30edd0ce8a: Waiting
2024-02-22T01:26:46.5862381Z b1cd21c26e81: Waiting
2024-02-22T01:26:46.5862782Z 34a7c86cf8fc: Waiting
2024-02-22T01:26:46.5863195Z 274e7b0c38d5: Waiting
2024-02-22T01:26:46.6506333Z 2bd105512d5c: Verifying Checksum
2024-02-22T01:26:46.6509046Z 2bd105512d5c: Download complete
2024-02-22T01:26:46.6731020Z 9577476abb00: Verifying Checksum
2024-02-22T01:26:46.6732342Z 9577476abb00: Download complete
2024-02-22T01:26:46.7265719Z b1cd21c26e81: Verifying Checksum
2024-02-22T01:26:46.7266685Z b1cd21c26e81: Download complete
2024-02-22T01:26:46.7806778Z 34a7c86cf8fc: Verifying Checksum
2024-02-22T01:26:46.7808431Z 34a7c86cf8fc: Download complete
2024-02-22T01:26:46.8019546Z 274e7b0c38d5: Download complete
2024-02-22T01:26:46.8333314Z bf5952930446: Verifying Checksum
2024-02-22T01:26:46.8336277Z bf5952930446: Download complete
2024-02-22T01:26:46.8538638Z 3e831b350d37: Download complete
2024-02-22T01:26:46.8676635Z 38fa0d496534: Verifying Checksum
2024-02-22T01:26:46.8677724Z 38fa0d496534: Download complete
2024-02-22T01:26:46.9016111Z 14e4c2a4b7b7: Verifying Checksum
2024-02-22T01:26:46.9017504Z 14e4c2a4b7b7: Download complete
2024-02-22T01:26:46.9087545Z 964acfa02beb: Verifying Checksum
2024-02-22T01:26:46.9089724Z 964acfa02beb: Download complete
2024-02-22T01:26:46.9715503Z 14771c2930e9: Verifying Checksum
2024-02-22T01:26:46.9719262Z 14771c2930e9: Download complete
2024-02-22T01:26:46.9789057Z 31b1f20dffc0: Verifying Checksum
2024-02-22T01:26:46.9790853Z 31b1f20dffc0: Download complete
2024-02-22T01:26:47.0220275Z 2f30edd0ce8a: Verifying Checksum
2024-02-22T01:26:47.4775404Z 31a8349609a4: Verifying Checksum
2024-02-22T01:26:47.4776361Z 31a8349609a4: Download complete
2024-02-22T01:26:48.0214270Z bf5952930446: Pull complete
2024-02-22T01:26:48.6566355Z 9577476abb00: Pull complete
2024-02-22T01:26:48.6828043Z 2bd105512d5c: Pull complete
2024-02-22T01:26:48.7569262Z b1cd21c26e81: Pull complete
2024-02-22T01:26:49.2214335Z 34a7c86cf8fc: Pull complete
2024-02-22T01:26:49.2809365Z 274e7b0c38d5: Pull complete
2024-02-22T01:26:49.2944711Z 3e831b350d37: Pull complete
2024-02-22T01:26:49.3064082Z 38fa0d496534: Pull complete
2024-02-22T01:26:51.3172756Z 31a8349609a4: Pull complete
2024-02-22T01:26:51.3519977Z 14e4c2a4b7b7: Pull complete
2024-02-22T01:26:51.6084362Z 964acfa02beb: Pull complete
2024-02-22T01:26:51.6175072Z 31b1f20dffc0: Pull complete
2024-02-22T01:26:51.6268538Z 14771c2930e9: Pull complete
2024-02-22T01:26:51.6360346Z 2f30edd0ce8a: Pull complete
2024-02-22T01:26:51.6410211Z Digest: sha256:a06e6e6e519b7a329c419f8221edec66cfc45511e8b80e262c12103ba745cf19
2024-02-22T01:26:51.6422869Z Status: Downloaded newer image for postgres:12.3
2024-02-22T01:26:51.6432278Z docker.io/library/postgres:12.3
2024-02-22T01:26:51.6532454Z ##[command]/usr/bin/docker create --name e8ca3c9497504518a944408e9d30756f_postgres123_e40a81 --label b5e1f6 --network github_network_073fcded8ffd4dc2947e83eac07da2e6 --network-alias db -p 5432:5432 --health-cmd pg_isready --health-interval 10s --health-timeout 5s --health-retries 5 -e "POSTGRES_PASSWORD=password" -e GITHUB_ACTIONS=true -e CI=true postgres:12.3
2024-02-22T01:26:51.6776189Z 46815909f23729bb6cfaeb25e04a05144b00c4e749c744c85685fb4f254b8e7d
2024-02-22T01:26:51.6797656Z ##[command]/usr/bin/docker start 46815909f23729bb6cfaeb25e04a05144b00c4e749c744c85685fb4f254b8e7d
2024-02-22T01:26:51.9194176Z 46815909f23729bb6cfaeb25e04a05144b00c4e749c744c85685fb4f254b8e7d
2024-02-22T01:26:51.9214965Z ##[command]/usr/bin/docker ps --all --filter id=46815909f23729bb6cfaeb25e04a05144b00c4e749c744c85685fb4f254b8e7d --filter status=running --no-trunc --format "{{.ID}} {{.Status}}"
2024-02-22T01:26:51.9347324Z 46815909f23729bb6cfaeb25e04a05144b00c4e749c744c85685fb4f254b8e7d Up Less than a second (health: starting)
2024-02-22T01:26:51.9369005Z ##[command]/usr/bin/docker port 46815909f23729bb6cfaeb25e04a05144b00c4e749c744c85685fb4f254b8e7d
2024-02-22T01:26:51.9494929Z 5432/tcp -> 0.0.0.0:5432
2024-02-22T01:26:51.9495550Z 5432/tcp -> [::]:5432
2024-02-22T01:26:51.9587644Z ##[endgroup]
2024-02-22T01:26:51.9613155Z ##[group]Waiting for all services to be ready
2024-02-22T01:26:51.9650677Z ##[command]/usr/bin/docker inspect --format="{{if .Config.Healthcheck}}{{print .State.Health.Status}}{{end}}" 46815909f23729bb6cfaeb25e04a05144b00c4e749c744c85685fb4f254b8e7d
2024-02-22T01:26:51.9785861Z starting
2024-02-22T01:26:51.9807788Z db service is starting, waiting 2 seconds before checking again.
2024-02-22T01:26:53.9765901Z ##[command]/usr/bin/docker inspect --format="{{if .Config.Healthcheck}}{{print .State.Health.Status}}{{end}}" 46815909f23729bb6cfaeb25e04a05144b00c4e749c744c85685fb4f254b8e7d
2024-02-22T01:26:53.9882509Z starting
2024-02-22T01:26:53.9895254Z db service is starting, waiting 3 seconds before checking again.
2024-02-22T01:26:57.7711355Z ##[command]/usr/bin/docker inspect --format="{{if .Config.Healthcheck}}{{print .State.Health.Status}}{{end}}" 46815909f23729bb6cfaeb25e04a05144b00c4e749c744c85685fb4f254b8e7d
2024-02-22T01:26:57.7824570Z starting
2024-02-22T01:26:57.7836640Z db service is starting, waiting 9 seconds before checking again.
2024-02-22T01:27:06.9227499Z ##[command]/usr/bin/docker inspect --format="{{if .Config.Healthcheck}}{{print .State.Health.Status}}{{end}}" 46815909f23729bb6cfaeb25e04a05144b00c4e749c744c85685fb4f254b8e7d
2024-02-22T01:27:06.9355059Z healthy
2024-02-22T01:27:06.9372688Z db service is healthy.
2024-02-22T01:27:06.9373338Z ##[endgroup]
2024-02-22T01:27:06.9728335Z ##[group]Run actions/checkout@v2
2024-02-22T01:27:06.9728755Z with:
2024-02-22T01:27:06.9729104Z   repository: rubyforgood/human-essentials
2024-02-22T01:27:06.9729857Z   token: ***
2024-02-22T01:27:06.9730196Z   ssh-strict: true
2024-02-22T01:27:06.9730511Z   persist-credentials: true
2024-02-22T01:27:06.9730974Z   clean: true
2024-02-22T01:27:06.9731283Z   fetch-depth: 1
2024-02-22T01:27:06.9731564Z   lfs: false
2024-02-22T01:27:06.9731945Z   submodules: false
2024-02-22T01:27:06.9732285Z   set-safe-directory: true
2024-02-22T01:27:06.9732608Z ##[endgroup]
2024-02-22T01:27:07.2300063Z Syncing repository: rubyforgood/human-essentials
2024-02-22T01:27:07.2302237Z ##[group]Getting Git version info
2024-02-22T01:27:07.2303021Z Working directory is '/home/runner/work/human-essentials/human-essentials'
2024-02-22T01:27:07.2304013Z [command]/usr/bin/git version
2024-02-22T01:27:07.2386917Z git version 2.43.2
2024-02-22T01:27:07.2409844Z ##[endgroup]
2024-02-22T01:27:07.2426493Z Temporarily overriding HOME='/home/runner/work/_temp/2831b7f8-230b-4639-9cfe-d9909bbd0b37' before making global git config changes
2024-02-22T01:27:07.2427701Z Adding repository directory to the temporary git global config as a safe directory
2024-02-22T01:27:07.2429375Z [command]/usr/bin/git config --global --add safe.directory /home/runner/work/human-essentials/human-essentials
2024-02-22T01:27:07.2475577Z Deleting the contents of '/home/runner/work/human-essentials/human-essentials'
2024-02-22T01:27:07.2480273Z ##[group]Initializing the repository
2024-02-22T01:27:07.2483635Z [command]/usr/bin/git init /home/runner/work/human-essentials/human-essentials
2024-02-22T01:27:07.2577539Z hint: Using 'master' as the name for the initial branch. This default branch name
2024-02-22T01:27:07.2579247Z hint: is subject to change. To configure the initial branch name to use in all
2024-02-22T01:27:07.2580651Z hint: of your new repositories, which will suppress this warning, call:
2024-02-22T01:27:07.2582153Z hint: 
2024-02-22T01:27:07.2582718Z hint: 	git config --global init.defaultBranch <name>
2024-02-22T01:27:07.2583207Z hint: 
2024-02-22T01:27:07.2583800Z hint: Names commonly chosen instead of 'master' are 'main', 'trunk' and
2024-02-22T01:27:07.2584841Z hint: 'development'. The just-created branch can be renamed via this command:
2024-02-22T01:27:07.2585419Z hint: 
2024-02-22T01:27:07.2585811Z hint: 	git branch -m <name>
2024-02-22T01:27:07.2588154Z Initialized empty Git repository in /home/runner/work/human-essentials/human-essentials/.git/
2024-02-22T01:27:07.2596362Z [command]/usr/bin/git remote add origin https://github.com/rubyforgood/human-essentials
2024-02-22T01:27:07.2642586Z ##[endgroup]
2024-02-22T01:27:07.2643357Z ##[group]Disabling automatic garbage collection
2024-02-22T01:27:07.2646330Z [command]/usr/bin/git config --local gc.auto 0
2024-02-22T01:27:07.2684833Z ##[endgroup]
2024-02-22T01:27:07.2685697Z ##[group]Setting up auth
2024-02-22T01:27:07.2692385Z [command]/usr/bin/git config --local --name-only --get-regexp core\.sshCommand
2024-02-22T01:27:07.2732339Z [command]/usr/bin/git submodule foreach --recursive sh -c "git config --local --name-only --get-regexp 'core\.sshCommand' && git config --local --unset-all 'core.sshCommand' || :"
2024-02-22T01:27:07.3090264Z [command]/usr/bin/git config --local --name-only --get-regexp http\.https\:\/\/github\.com\/\.extraheader
2024-02-22T01:27:07.3129499Z [command]/usr/bin/git submodule foreach --recursive sh -c "git config --local --name-only --get-regexp 'http\.https\:\/\/github\.com\/\.extraheader' && git config --local --unset-all 'http.https://github.com/.extraheader' || :"
2024-02-22T01:27:07.3378317Z [command]/usr/bin/git config --local http.https://github.com/.extraheader AUTHORIZATION: basic ***
2024-02-22T01:27:07.3426835Z ##[endgroup]
2024-02-22T01:27:07.3427892Z ##[group]Fetching the repository
2024-02-22T01:27:07.3435942Z [command]/usr/bin/git -c protocol.version=2 fetch --no-tags --prune --progress --no-recurse-submodules --depth=1 origin +0033500aef023326bb8751d099229c281707da10:refs/remotes/pull/4133/merge
2024-02-22T01:27:07.5060765Z remote: Enumerating objects: 1738, done.        
2024-02-22T01:27:07.5063024Z remote: Counting objects:   0% (1/1738)        
2024-02-22T01:27:07.5064049Z remote: Counting objects:   1% (18/1738)        
2024-02-22T01:27:07.5065073Z remote: Counting objects:   2% (35/1738)        
2024-02-22T01:27:07.5065990Z remote: Counting objects:   3% (53/1738)        
2024-02-22T01:27:07.5066662Z remote: Counting objects:   4% (70/1738)        
2024-02-22T01:27:07.5067231Z remote: Counting objects:   5% (87/1738)        
2024-02-22T01:27:07.5067873Z remote: Counting objects:   6% (105/1738)        
2024-02-22T01:27:07.5068627Z remote: Counting objects:   7% (122/1738)        
2024-02-22T01:27:07.5069272Z remote: Counting objects:   8% (140/1738)        
2024-02-22T01:27:07.5070182Z remote: Counting objects:   9% (157/1738)        
2024-02-22T01:27:07.5070888Z remote: Counting objects:  10% (174/1738)        
2024-02-22T01:27:07.5071501Z remote: Counting objects:  11% (192/1738)        
2024-02-22T01:27:07.5072064Z remote: Counting objects:  12% (209/1738)        
2024-02-22T01:27:07.5072503Z remote: Counting objects:  13% (226/1738)        
2024-02-22T01:27:07.5073004Z remote: Counting objects:  14% (244/1738)        
2024-02-22T01:27:07.5073538Z remote: Counting objects:  15% (261/1738)        
2024-02-22T01:27:07.5073973Z remote: Counting objects:  16% (279/1738)        
2024-02-22T01:27:07.5074462Z remote: Counting objects:  17% (296/1738)        
2024-02-22T01:27:07.5075361Z remote: Counting objects:  18% (313/1738)        
2024-02-22T01:27:07.5076030Z remote: Counting objects:  19% (331/1738)        
2024-02-22T01:27:07.5076716Z remote: Counting objects:  20% (348/1738)        
2024-02-22T01:27:07.5077202Z remote: Counting objects:  21% (365/1738)        
2024-02-22T01:27:07.5077685Z remote: Counting objects:  22% (383/1738)        
2024-02-22T01:27:07.5078174Z remote: Counting objects:  23% (400/1738)        
2024-02-22T01:27:07.5079041Z remote: Counting objects:  24% (418/1738)        
2024-02-22T01:27:07.5079758Z remote: Counting objects:  25% (435/1738)        
2024-02-22T01:27:07.5080454Z remote: Counting objects:  26% (452/1738)        
2024-02-22T01:27:07.5080934Z remote: Counting objects:  27% (470/1738)        
2024-02-22T01:27:07.5081415Z remote: Counting objects:  28% (487/1738)        
2024-02-22T01:27:07.5081902Z remote: Counting objects:  29% (505/1738)        
2024-02-22T01:27:07.5082540Z remote: Counting objects:  30% (522/1738)        
2024-02-22T01:27:07.5083210Z remote: Counting objects:  31% (539/1738)        
2024-02-22T01:27:07.5083918Z remote: Counting objects:  32% (557/1738)        
2024-02-22T01:27:07.5084407Z remote: Counting objects:  33% (574/1738)        
2024-02-22T01:27:07.5084866Z remote: Counting objects:  34% (591/1738)        
2024-02-22T01:27:07.5085370Z remote: Counting objects:  35% (609/1738)        
2024-02-22T01:27:07.5085848Z remote: Counting objects:  36% (626/1738)        
2024-02-22T01:27:07.5086326Z remote: Counting objects:  37% (644/1738)        
2024-02-22T01:27:07.5086854Z remote: Counting objects:  38% (661/1738)        
2024-02-22T01:27:07.5087295Z remote: Counting objects:  39% (678/1738)        
2024-02-22T01:27:07.5087755Z remote: Counting objects:  40% (696/1738)        
2024-02-22T01:27:07.5088309Z remote: Counting objects:  41% (713/1738)        
2024-02-22T01:27:07.5088732Z remote: Counting objects:  42% (730/1738)        
2024-02-22T01:27:07.5089189Z remote: Counting objects:  43% (748/1738)        
2024-02-22T01:27:07.5089725Z remote: Counting objects:  44% (765/1738)        
2024-02-22T01:27:07.5090149Z remote: Counting objects:  45% (783/1738)        
2024-02-22T01:27:07.5090604Z remote: Counting objects:  46% (800/1738)        
2024-02-22T01:27:07.5091477Z remote: Counting objects:  47% (817/1738)        
2024-02-22T01:27:07.5092112Z remote: Counting objects:  48% (835/1738)        
2024-02-22T01:27:07.5092579Z remote: Counting objects:  49% (852/1738)        
2024-02-22T01:27:07.5093362Z remote: Counting objects:  50% (869/1738)        
2024-02-22T01:27:07.5093818Z remote: Counting objects:  51% (887/1738)        
2024-02-22T01:27:07.5094303Z remote: Counting objects:  52% (904/1738)        
2024-02-22T01:27:07.5094849Z remote: Counting objects:  53% (922/1738)        
2024-02-22T01:27:07.5095277Z remote: Counting objects:  54% (939/1738)        
2024-02-22T01:27:07.5095763Z remote: Counting objects:  55% (956/1738)        
2024-02-22T01:27:07.5096283Z remote: Counting objects:  56% (974/1738)        
2024-02-22T01:27:07.5096710Z remote: Counting objects:  57% (991/1738)        
2024-02-22T01:27:07.5097196Z remote: Counting objects:  58% (1009/1738)        
2024-02-22T01:27:07.5097748Z remote: Counting objects:  59% (1026/1738)        
2024-02-22T01:27:07.5098234Z remote: Counting objects:  60% (1043/1738)        
2024-02-22T01:27:07.5098704Z remote: Counting objects:  61% (1061/1738)        
2024-02-22T01:27:07.5099249Z remote: Counting objects:  62% (1078/1738)        
2024-02-22T01:27:07.5099752Z remote: Counting objects:  63% (1095/1738)        
2024-02-22T01:27:07.5100256Z remote: Counting objects:  64% (1113/1738)        
2024-02-22T01:27:07.5100764Z remote: Counting objects:  65% (1130/1738)        
2024-02-22T01:27:07.5101269Z remote: Counting objects:  66% (1148/1738)        
2024-02-22T01:27:07.5101998Z remote: Counting objects:  67% (1165/1738)        
2024-02-22T01:27:07.5102526Z remote: Counting objects:  68% (1182/1738)        
2024-02-22T01:27:07.5103018Z remote: Counting objects:  69% (1200/1738)        
2024-02-22T01:27:07.5103506Z remote: Counting objects:  70% (1217/1738)        
2024-02-22T01:27:07.5104006Z remote: Counting objects:  71% (1234/1738)        
2024-02-22T01:27:07.5104503Z remote: Counting objects:  72% (1252/1738)        
2024-02-22T01:27:07.5104999Z remote: Counting objects:  73% (1269/1738)        
2024-02-22T01:27:07.5105896Z remote: Counting objects:  74% (1287/1738)        
2024-02-22T01:27:07.5106564Z remote: Counting objects:  75% (1304/1738)        
2024-02-22T01:27:07.5107279Z remote: Counting objects:  76% (1321/1738)        
2024-02-22T01:27:07.5107860Z remote: Counting objects:  77% (1339/1738)        
2024-02-22T01:27:07.5108383Z remote: Counting objects:  78% (1356/1738)        
2024-02-22T01:27:07.5109089Z remote: Counting objects:  79% (1374/1738)        
2024-02-22T01:27:07.5109812Z remote: Counting objects:  80% (1391/1738)        
2024-02-22T01:27:07.5110255Z remote: Counting objects:  81% (1408/1738)        
2024-02-22T01:27:07.5110726Z remote: Counting objects:  82% (1426/1738)        
2024-02-22T01:27:07.5111293Z remote: Counting objects:  83% (1443/1738)        
2024-02-22T01:27:07.5111739Z remote: Counting objects:  84% (1460/1738)        
2024-02-22T01:27:07.5112227Z remote: Counting objects:  85% (1478/1738)        
2024-02-22T01:27:07.5112777Z remote: Counting objects:  86% (1495/1738)        
2024-02-22T01:27:07.5113229Z remote: Counting objects:  87% (1513/1738)        
2024-02-22T01:27:07.5113726Z remote: Counting objects:  88% (1530/1738)        
2024-02-22T01:27:07.5114271Z remote: Counting objects:  89% (1547/1738)        
2024-02-22T01:27:07.5114708Z remote: Counting objects:  90% (1565/1738)        
2024-02-22T01:27:07.5115206Z remote: Counting objects:  91% (1582/1738)        
2024-02-22T01:27:07.5115733Z remote: Counting objects:  92% (1599/1738)        
2024-02-22T01:27:07.5116485Z remote: Counting objects:  93% (1617/1738)        
2024-02-22T01:27:07.5117015Z remote: Counting objects:  94% (1634/1738)        
2024-02-22T01:27:07.5117659Z remote: Counting objects:  95% (1652/1738)        
2024-02-22T01:27:07.5118150Z remote: Counting objects:  96% (1669/1738)        
2024-02-22T01:27:07.5118585Z remote: Counting objects:  97% (1686/1738)        
2024-02-22T01:27:07.5119111Z remote: Counting objects:  98% (1704/1738)        
2024-02-22T01:27:07.5119613Z remote: Counting objects:  99% (1721/1738)        
2024-02-22T01:27:07.5120055Z remote: Counting objects: 100% (1738/1738)        
2024-02-22T01:27:07.5120801Z remote: Counting objects: 100% (1738/1738), done.        
2024-02-22T01:27:07.5121358Z remote: Compressing objects:   0% (1/1552)        
2024-02-22T01:27:07.5121819Z remote: Compressing objects:   1% (16/1552)        
2024-02-22T01:27:07.5122387Z remote: Compressing objects:   2% (32/1552)        
2024-02-22T01:27:07.5122905Z remote: Compressing objects:   3% (47/1552)        
2024-02-22T01:27:07.5123368Z remote: Compressing objects:   4% (63/1552)        
2024-02-22T01:27:07.5123946Z remote: Compressing objects:   5% (78/1552)        
2024-02-22T01:27:07.5124441Z remote: Compressing objects:   6% (94/1552)        
2024-02-22T01:27:07.5124993Z remote: Compressing objects:   7% (109/1552)        
2024-02-22T01:27:07.5126500Z remote: Compressing objects:   8% (125/1552)        
2024-02-22T01:27:07.5212932Z remote: Compressing objects:   9% (140/1552)        
2024-02-22T01:27:07.5215104Z remote: Compressing objects:  10% (156/1552)        
2024-02-22T01:27:07.5215931Z remote: Compressing objects:  11% (171/1552)        
2024-02-22T01:27:07.5221686Z remote: Compressing objects:  12% (187/1552)        
2024-02-22T01:27:07.5260393Z remote: Compressing objects:  13% (202/1552)        
2024-02-22T01:27:07.5264057Z remote: Compressing objects:  14% (218/1552)        
2024-02-22T01:27:07.5268508Z remote: Compressing objects:  15% (233/1552)        
2024-02-22T01:27:07.5271083Z remote: Compressing objects:  16% (249/1552)        
2024-02-22T01:27:07.5275005Z remote: Compressing objects:  17% (264/1552)        
2024-02-22T01:27:07.5284566Z remote: Compressing objects:  18% (280/1552)        
2024-02-22T01:27:07.5303049Z remote: Compressing objects:  19% (295/1552)        
2024-02-22T01:27:07.5322489Z remote: Compressing objects:  20% (311/1552)        
2024-02-22T01:27:07.5370197Z remote: Compressing objects:  21% (326/1552)        
2024-02-22T01:27:07.5385833Z remote: Compressing objects:  22% (342/1552)        
2024-02-22T01:27:07.5405467Z remote: Compressing objects:  23% (357/1552)        
2024-02-22T01:27:07.5406480Z remote: Compressing objects:  24% (373/1552)        
2024-02-22T01:27:07.5416863Z remote: Compressing objects:  25% (388/1552)        
2024-02-22T01:27:07.5419014Z remote: Compressing objects:  26% (404/1552)        
2024-02-22T01:27:07.5439306Z remote: Compressing objects:  27% (420/1552)        
2024-02-22T01:27:07.5444474Z remote: Compressing objects:  28% (435/1552)        
2024-02-22T01:27:07.5454326Z remote: Compressing objects:  29% (451/1552)        
2024-02-22T01:27:07.5469963Z remote: Compressing objects:  30% (466/1552)        
2024-02-22T01:27:07.5486223Z remote: Compressing objects:  31% (482/1552)        
2024-02-22T01:27:07.5493446Z remote: Compressing objects:  32% (497/1552)        
2024-02-22T01:27:07.5503493Z remote: Compressing objects:  33% (513/1552)        
2024-02-22T01:27:07.5514052Z remote: Compressing objects:  34% (528/1552)        
2024-02-22T01:27:07.5519308Z remote: Compressing objects:  35% (544/1552)        
2024-02-22T01:27:07.5525660Z remote: Compressing objects:  36% (559/1552)        
2024-02-22T01:27:07.5527857Z remote: Compressing objects:  37% (575/1552)        
2024-02-22T01:27:07.5532351Z remote: Compressing objects:  38% (590/1552)        
2024-02-22T01:27:07.5534486Z remote: Compressing objects:  39% (606/1552)        
2024-02-22T01:27:07.5535483Z remote: Compressing objects:  40% (621/1552)        
2024-02-22T01:27:07.5538725Z remote: Compressing objects:  41% (637/1552)        
2024-02-22T01:27:07.5541585Z remote: Compressing objects:  42% (652/1552)        
2024-02-22T01:27:07.5543628Z remote: Compressing objects:  43% (668/1552)        
2024-02-22T01:27:07.5546805Z remote: Compressing objects:  44% (683/1552)        
2024-02-22T01:27:07.5552469Z remote: Compressing objects:  45% (699/1552)        
2024-02-22T01:27:07.5559435Z remote: Compressing objects:  46% (714/1552)        
2024-02-22T01:27:07.5563005Z remote: Compressing objects:  47% (730/1552)        
2024-02-22T01:27:07.5564240Z remote: Compressing objects:  48% (745/1552)        
2024-02-22T01:27:07.5566170Z remote: Compressing objects:  49% (761/1552)        
2024-02-22T01:27:07.5572580Z remote: Compressing objects:  50% (776/1552)        
2024-02-22T01:27:07.5576854Z remote: Compressing objects:  51% (792/1552)        
2024-02-22T01:27:07.5585119Z remote: Compressing objects:  52% (808/1552)        
2024-02-22T01:27:07.5589448Z remote: Compressing objects:  53% (823/1552)        
2024-02-22T01:27:07.5597008Z remote: Compressing objects:  54% (839/1552)        
2024-02-22T01:27:07.5601969Z remote: Compressing objects:  55% (854/1552)        
2024-02-22T01:27:07.5631893Z remote: Compressing objects:  56% (870/1552)        
2024-02-22T01:27:07.5663416Z remote: Compressing objects:  57% (885/1552)        
2024-02-22T01:27:07.5700416Z remote: Compressing objects:  58% (901/1552)        
2024-02-22T01:27:07.5701659Z remote: Compressing objects:  59% (916/1552)        
2024-02-22T01:27:07.5702827Z remote: Compressing objects:  60% (932/1552)        
2024-02-22T01:27:07.5703687Z remote: Compressing objects:  61% (947/1552)        
2024-02-22T01:27:07.5704675Z remote: Compressing objects:  62% (963/1552)        
2024-02-22T01:27:07.5705455Z remote: Compressing objects:  63% (978/1552)        
2024-02-22T01:27:07.5707416Z remote: Compressing objects:  64% (994/1552)        
2024-02-22T01:27:07.5710662Z remote: Compressing objects:  65% (1009/1552)        
2024-02-22T01:27:07.5716598Z remote: Compressing objects:  66% (1025/1552)        
2024-02-22T01:27:07.5725509Z remote: Compressing objects:  67% (1040/1552)        
2024-02-22T01:27:07.5733557Z remote: Compressing objects:  68% (1056/1552)        
2024-02-22T01:27:07.5739668Z remote: Compressing objects:  69% (1071/1552)        
2024-02-22T01:27:07.5751327Z remote: Compressing objects:  70% (1087/1552)        
2024-02-22T01:27:07.5753586Z remote: Compressing objects:  71% (1102/1552)        
2024-02-22T01:27:07.5765038Z remote: Compressing objects:  72% (1118/1552)        
2024-02-22T01:27:07.5777083Z remote: Compressing objects:  73% (1133/1552)        
2024-02-22T01:27:07.5782444Z remote: Compressing objects:  74% (1149/1552)        
2024-02-22T01:27:07.5791691Z remote: Compressing objects:  75% (1164/1552)        
2024-02-22T01:27:07.5862845Z remote: Compressing objects:  76% (1180/1552)        
2024-02-22T01:27:07.5880042Z remote: Compressing objects:  77% (1196/1552)        
2024-02-22T01:27:07.5897810Z remote: Compressing objects:  78% (1211/1552)        
2024-02-22T01:27:07.5915559Z remote: Compressing objects:  79% (1227/1552)        
2024-02-22T01:27:07.5945636Z remote: Compressing objects:  80% (1242/1552)        
2024-02-22T01:27:07.5987513Z remote: Compressing objects:  81% (1258/1552)        
2024-02-22T01:27:07.6024867Z remote: Compressing objects:  82% (1273/1552)        
2024-02-22T01:27:07.6051929Z remote: Compressing objects:  83% (1289/1552)        
2024-02-22T01:27:07.6071246Z remote: Compressing objects:  84% (1304/1552)        
2024-02-22T01:27:07.6109641Z remote: Compressing objects:  85% (1320/1552)        
2024-02-22T01:27:07.6156666Z remote: Compressing objects:  86% (1335/1552)        
2024-02-22T01:27:07.6170007Z remote: Compressing objects:  87% (1351/1552)        
2024-02-22T01:27:07.6180876Z remote: Compressing objects:  88% (1366/1552)        
2024-02-22T01:27:07.6182457Z remote: Compressing objects:  89% (1382/1552)        
2024-02-22T01:27:07.6189430Z remote: Compressing objects:  90% (1397/1552)        
2024-02-22T01:27:07.6190361Z remote: Compressing objects:  91% (1413/1552)        
2024-02-22T01:27:07.6191573Z remote: Compressing objects:  92% (1428/1552)        
2024-02-22T01:27:07.6192526Z remote: Compressing objects:  93% (1444/1552)        
2024-02-22T01:27:07.6193788Z remote: Compressing objects:  94% (1459/1552)        
2024-02-22T01:27:07.6194783Z remote: Compressing objects:  95% (1475/1552)        
2024-02-22T01:27:07.6195862Z remote: Compressing objects:  96% (1490/1552)        
2024-02-22T01:27:07.6196996Z remote: Compressing objects:  97% (1506/1552)        
2024-02-22T01:27:07.6197980Z remote: Compressing objects:  98% (1521/1552)        
2024-02-22T01:27:07.6199509Z remote: Compressing objects:  99% (1537/1552)        
2024-02-22T01:27:07.6200639Z remote: Compressing objects: 100% (1552/1552)        
2024-02-22T01:27:07.6201621Z remote: Compressing objects: 100% (1552/1552), done.        
2024-02-22T01:27:07.6249135Z Receiving objects:   0% (1/1738)
2024-02-22T01:27:07.6253145Z Receiving objects:   1% (18/1738)
2024-02-22T01:27:07.6270752Z Receiving objects:   2% (35/1738)
2024-02-22T01:27:07.6361815Z Receiving objects:   3% (53/1738)
2024-02-22T01:27:07.6892998Z Receiving objects:   4% (70/1738)
2024-02-22T01:27:07.6896152Z Receiving objects:   5% (87/1738)
2024-02-22T01:27:07.6899514Z Receiving objects:   6% (105/1738)
2024-02-22T01:27:07.6905136Z Receiving objects:   7% (122/1738)
2024-02-22T01:27:07.6909253Z Receiving objects:   8% (140/1738)
2024-02-22T01:27:07.6913211Z Receiving objects:   9% (157/1738)
2024-02-22T01:27:07.6916589Z Receiving objects:  10% (174/1738)
2024-02-22T01:27:07.6919354Z Receiving objects:  11% (192/1738)
2024-02-22T01:27:07.6922912Z Receiving objects:  12% (209/1738)
2024-02-22T01:27:07.6933627Z Receiving objects:  13% (226/1738)
2024-02-22T01:27:07.6937235Z Receiving objects:  14% (244/1738)
2024-02-22T01:27:07.6940023Z Receiving objects:  15% (261/1738)
2024-02-22T01:27:07.6944396Z Receiving objects:  16% (279/1738)
2024-02-22T01:27:07.6949541Z Receiving objects:  17% (296/1738)
2024-02-22T01:27:07.6954663Z Receiving objects:  18% (313/1738)
2024-02-22T01:27:07.6959098Z Receiving objects:  19% (331/1738)
2024-02-22T01:27:07.6962418Z Receiving objects:  20% (348/1738)
2024-02-22T01:27:07.6966739Z Receiving objects:  21% (365/1738)
2024-02-22T01:27:07.6969041Z Receiving objects:  22% (383/1738)
2024-02-22T01:27:07.6972550Z Receiving objects:  23% (400/1738)
2024-02-22T01:27:07.6975844Z Receiving objects:  24% (418/1738)
2024-02-22T01:27:07.6978875Z Receiving objects:  25% (435/1738)
2024-02-22T01:27:07.6980876Z Receiving objects:  26% (452/1738)
2024-02-22T01:27:07.6983924Z Receiving objects:  27% (470/1738)
2024-02-22T01:27:07.6985868Z Receiving objects:  28% (487/1738)
2024-02-22T01:27:07.6988663Z Receiving objects:  29% (505/1738)
2024-02-22T01:27:07.6991493Z Receiving objects:  30% (522/1738)
2024-02-22T01:27:07.6994873Z Receiving objects:  31% (539/1738)
2024-02-22T01:27:07.6996684Z Receiving objects:  32% (557/1738)
2024-02-22T01:27:07.6999699Z Receiving objects:  33% (574/1738)
2024-02-22T01:27:07.7001088Z Receiving objects:  34% (591/1738)
2024-02-22T01:27:07.7003545Z Receiving objects:  35% (609/1738)
2024-02-22T01:27:07.7007581Z Receiving objects:  36% (626/1738)
2024-02-22T01:27:07.7010086Z Receiving objects:  37% (644/1738)
2024-02-22T01:27:07.7011441Z Receiving objects:  38% (661/1738)
2024-02-22T01:27:07.7014737Z Receiving objects:  39% (678/1738)
2024-02-22T01:27:07.7017270Z Receiving objects:  40% (696/1738)
2024-02-22T01:27:07.7019084Z Receiving objects:  41% (713/1738)
2024-02-22T01:27:07.7022830Z Receiving objects:  42% (730/1738)
2024-02-22T01:27:07.7026499Z Receiving objects:  43% (748/1738)
2024-02-22T01:27:07.7031191Z Receiving objects:  44% (765/1738)
2024-02-22T01:27:07.7034285Z Receiving objects:  45% (783/1738)
2024-02-22T01:27:07.7037238Z Receiving objects:  46% (800/1738)
2024-02-22T01:27:07.7040849Z Receiving objects:  47% (817/1738)
2024-02-22T01:27:07.7044629Z Receiving objects:  48% (835/1738)
2024-02-22T01:27:07.7047842Z Receiving objects:  49% (852/1738)
2024-02-22T01:27:07.7051316Z Receiving objects:  50% (869/1738)
2024-02-22T01:27:07.7052173Z Receiving objects:  51% (887/1738)
2024-02-22T01:27:07.7054195Z Receiving objects:  52% (904/1738)
2024-02-22T01:27:07.7059361Z Receiving objects:  53% (922/1738)
2024-02-22T01:27:07.7064177Z Receiving objects:  54% (939/1738)
2024-02-22T01:27:07.7070391Z Receiving objects:  55% (956/1738)
2024-02-22T01:27:07.7074027Z Receiving objects:  56% (974/1738)
2024-02-22T01:27:07.7075752Z Receiving objects:  57% (991/1738)
2024-02-22T01:27:07.7077507Z Receiving objects:  58% (1009/1738)
2024-02-22T01:27:07.7079464Z Receiving objects:  59% (1026/1738)
2024-02-22T01:27:07.7081338Z Receiving objects:  60% (1043/1738)
2024-02-22T01:27:07.7082599Z Receiving objects:  61% (1061/1738)
2024-02-22T01:27:07.7084198Z Receiving objects:  62% (1078/1738)
2024-02-22T01:27:07.7085400Z Receiving objects:  63% (1095/1738)
2024-02-22T01:27:07.7086967Z Receiving objects:  64% (1113/1738)
2024-02-22T01:27:07.7089353Z Receiving objects:  65% (1130/1738)
2024-02-22T01:27:07.7090641Z Receiving objects:  66% (1148/1738)
2024-02-22T01:27:07.7093555Z Receiving objects:  67% (1165/1738)
2024-02-22T01:27:07.7095525Z Receiving objects:  68% (1182/1738)
2024-02-22T01:27:07.7097659Z Receiving objects:  69% (1200/1738)
2024-02-22T01:27:07.7099557Z Receiving objects:  70% (1217/1738)
2024-02-22T01:27:07.7106969Z Receiving objects:  71% (1234/1738)
2024-02-22T01:27:07.7118681Z Receiving objects:  72% (1252/1738)
2024-02-22T01:27:07.7121700Z Receiving objects:  73% (1269/1738)
2024-02-22T01:27:07.7124211Z Receiving objects:  74% (1287/1738)
2024-02-22T01:27:07.7220329Z Receiving objects:  75% (1304/1738)
2024-02-22T01:27:07.7354972Z Receiving objects:  76% (1321/1738)
2024-02-22T01:27:07.7441042Z Receiving objects:  77% (1339/1738)
2024-02-22T01:27:07.7587665Z Receiving objects:  78% (1356/1738)
2024-02-22T01:27:07.7657794Z Receiving objects:  79% (1374/1738)
2024-02-22T01:27:07.7906843Z Receiving objects:  80% (1391/1738)
2024-02-22T01:27:07.7912052Z Receiving objects:  81% (1408/1738)
2024-02-22T01:27:07.7914616Z Receiving objects:  82% (1426/1738)
2024-02-22T01:27:07.7917143Z Receiving objects:  83% (1443/1738)
2024-02-22T01:27:07.7921732Z Receiving objects:  84% (1460/1738)
2024-02-22T01:27:07.7926382Z Receiving objects:  85% (1478/1738)
2024-02-22T01:27:07.7932818Z Receiving objects:  86% (1495/1738)
2024-02-22T01:27:07.7940504Z Receiving objects:  87% (1513/1738)
2024-02-22T01:27:07.7945357Z Receiving objects:  88% (1530/1738)
2024-02-22T01:27:07.7951691Z Receiving objects:  89% (1547/1738)
2024-02-22T01:27:07.7957729Z Receiving objects:  90% (1565/1738)
2024-02-22T01:27:07.7964877Z Receiving objects:  91% (1582/1738)
2024-02-22T01:27:07.7970023Z Receiving objects:  92% (1599/1738)
2024-02-22T01:27:07.7975057Z Receiving objects:  93% (1617/1738)
2024-02-22T01:27:07.7980118Z Receiving objects:  94% (1634/1738)
2024-02-22T01:27:07.7984264Z Receiving objects:  95% (1652/1738)
2024-02-22T01:27:07.7986712Z Receiving objects:  96% (1669/1738)
2024-02-22T01:27:07.7996919Z Receiving objects:  97% (1686/1738)
2024-02-22T01:27:07.8006317Z Receiving objects:  98% (1704/1738)
2024-02-22T01:27:07.8023484Z Receiving objects:  99% (1721/1738)
2024-02-22T01:27:07.8025357Z remote: Total 1738 (delta 279), reused 950 (delta 147), pack-reused 0        
2024-02-22T01:27:07.8035276Z Receiving objects: 100% (1738/1738)
2024-02-22T01:27:07.8036619Z Receiving objects: 100% (1738/1738), 6.59 MiB | 36.68 MiB/s, done.
2024-02-22T01:27:07.8041349Z Resolving deltas:   0% (0/279)
2024-02-22T01:27:07.8042481Z Resolving deltas:   1% (3/279)
2024-02-22T01:27:07.8048005Z Resolving deltas:   2% (6/279)
2024-02-22T01:27:07.8052342Z Resolving deltas:   3% (9/279)
2024-02-22T01:27:07.8065279Z Resolving deltas:   4% (12/279)
2024-02-22T01:27:07.8068337Z Resolving deltas:   5% (14/279)
2024-02-22T01:27:07.8069480Z Resolving deltas:   6% (17/279)
2024-02-22T01:27:07.8071984Z Resolving deltas:   7% (20/279)
2024-02-22T01:27:07.8073224Z Resolving deltas:   8% (23/279)
2024-02-22T01:27:07.8075077Z Resolving deltas:   9% (26/279)
2024-02-22T01:27:07.8076114Z Resolving deltas:  10% (28/279)
2024-02-22T01:27:07.8078725Z Resolving deltas:  11% (31/279)
2024-02-22T01:27:07.8081205Z Resolving deltas:  12% (34/279)
2024-02-22T01:27:07.8082279Z Resolving deltas:  13% (37/279)
2024-02-22T01:27:07.8098797Z Resolving deltas:  14% (40/279)
2024-02-22T01:27:07.8103481Z Resolving deltas:  15% (42/279)
2024-02-22T01:27:07.8104173Z Resolving deltas:  16% (45/279)
2024-02-22T01:27:07.8110066Z Resolving deltas:  17% (48/279)
2024-02-22T01:27:07.8110709Z Resolving deltas:  18% (51/279)
2024-02-22T01:27:07.8111276Z Resolving deltas:  19% (54/279)
2024-02-22T01:27:07.8112314Z Resolving deltas:  20% (56/279)
2024-02-22T01:27:07.8112946Z Resolving deltas:  21% (59/279)
2024-02-22T01:27:07.8113557Z Resolving deltas:  22% (62/279)
2024-02-22T01:27:07.8114262Z Resolving deltas:  23% (65/279)
2024-02-22T01:27:07.8114870Z Resolving deltas:  24% (67/279)
2024-02-22T01:27:07.8115456Z Resolving deltas:  25% (70/279)
2024-02-22T01:27:07.8116191Z Resolving deltas:  26% (73/279)
2024-02-22T01:27:07.8116907Z Resolving deltas:  27% (76/279)
2024-02-22T01:27:07.8117592Z Resolving deltas:  28% (79/279)
2024-02-22T01:27:07.8118343Z Resolving deltas:  29% (81/279)
2024-02-22T01:27:07.8118955Z Resolving deltas:  30% (84/279)
2024-02-22T01:27:07.8119734Z Resolving deltas:  31% (87/279)
2024-02-22T01:27:07.8120452Z Resolving deltas:  32% (90/279)
2024-02-22T01:27:07.8121092Z Resolving deltas:  33% (93/279)
2024-02-22T01:27:07.8121764Z Resolving deltas:  34% (95/279)
2024-02-22T01:27:07.8122623Z Resolving deltas:  35% (98/279)
2024-02-22T01:27:07.8123285Z Resolving deltas:  36% (101/279)
2024-02-22T01:27:07.8123878Z Resolving deltas:  37% (104/279)
2024-02-22T01:27:07.8124616Z Resolving deltas:  38% (107/279)
2024-02-22T01:27:07.8125247Z Resolving deltas:  39% (109/279)
2024-02-22T01:27:07.8125809Z Resolving deltas:  40% (112/279)
2024-02-22T01:27:07.8126520Z Resolving deltas:  41% (115/279)
2024-02-22T01:27:07.8127151Z Resolving deltas:  42% (118/279)
2024-02-22T01:27:07.8127788Z Resolving deltas:  43% (120/279)
2024-02-22T01:27:07.8128480Z Resolving deltas:  44% (123/279)
2024-02-22T01:27:07.8129129Z Resolving deltas:  45% (126/279)
2024-02-22T01:27:07.8129861Z Resolving deltas:  46% (129/279)
2024-02-22T01:27:07.8130448Z Resolving deltas:  47% (132/279)
2024-02-22T01:27:07.8131050Z Resolving deltas:  48% (134/279)
2024-02-22T01:27:07.8131772Z Resolving deltas:  49% (137/279)
2024-02-22T01:27:07.8132463Z Resolving deltas:  50% (140/279)
2024-02-22T01:27:07.8133092Z Resolving deltas:  51% (143/279)
2024-02-22T01:27:07.8133810Z Resolving deltas:  52% (146/279)
2024-02-22T01:27:07.8134670Z Resolving deltas:  53% (148/279)
2024-02-22T01:27:07.8135283Z Resolving deltas:  54% (151/279)
2024-02-22T01:27:07.8136029Z Resolving deltas:  55% (154/279)
2024-02-22T01:27:07.8136592Z Resolving deltas:  56% (157/279)
2024-02-22T01:27:07.8137219Z Resolving deltas:  57% (160/279)
2024-02-22T01:27:07.8137984Z Resolving deltas:  58% (162/279)
2024-02-22T01:27:07.8138683Z Resolving deltas:  59% (165/279)
2024-02-22T01:27:07.8139385Z Resolving deltas:  60% (168/279)
2024-02-22T01:27:07.8140150Z Resolving deltas:  61% (171/279)
2024-02-22T01:27:07.8140732Z Resolving deltas:  62% (173/279)
2024-02-22T01:27:07.8141341Z Resolving deltas:  63% (176/279)
2024-02-22T01:27:07.8142308Z Resolving deltas:  64% (179/279)
2024-02-22T01:27:07.8142879Z Resolving deltas:  65% (182/279)
2024-02-22T01:27:07.8143480Z Resolving deltas:  66% (185/279)
2024-02-22T01:27:07.8145819Z Resolving deltas:  67% (187/279)
2024-02-22T01:27:07.8146611Z Resolving deltas:  68% (190/279)
2024-02-22T01:27:07.8147215Z Resolving deltas:  69% (193/279)
2024-02-22T01:27:07.8147869Z Resolving deltas:  70% (196/279)
2024-02-22T01:27:07.8148693Z Resolving deltas:  71% (199/279)
2024-02-22T01:27:07.8149276Z Resolving deltas:  72% (201/279)
2024-02-22T01:27:07.8150538Z Resolving deltas:  73% (204/279)
2024-02-22T01:27:07.8151305Z Resolving deltas:  74% (207/279)
2024-02-22T01:27:07.8151907Z Resolving deltas:  75% (210/279)
2024-02-22T01:27:07.8152518Z Resolving deltas:  76% (213/279)
2024-02-22T01:27:07.8153214Z Resolving deltas:  77% (215/279)
2024-02-22T01:27:07.8153797Z Resolving deltas:  78% (218/279)
2024-02-22T01:27:07.8158459Z Resolving deltas:  79% (221/279)
2024-02-22T01:27:07.8159386Z Resolving deltas:  80% (224/279)
2024-02-22T01:27:07.8160299Z Resolving deltas:  81% (226/279)
2024-02-22T01:27:07.8166400Z Resolving deltas:  82% (229/279)
2024-02-22T01:27:07.8167330Z Resolving deltas:  83% (232/279)
2024-02-22T01:27:07.8168024Z Resolving deltas:  84% (235/279)
2024-02-22T01:27:07.8168728Z Resolving deltas:  85% (238/279)
2024-02-22T01:27:07.8171314Z Resolving deltas:  86% (240/279)
2024-02-22T01:27:07.8173158Z Resolving deltas:  87% (243/279)
2024-02-22T01:27:07.8174859Z Resolving deltas:  88% (246/279)
2024-02-22T01:27:07.8177699Z Resolving deltas:  89% (249/279)
2024-02-22T01:27:07.8179704Z Resolving deltas:  90% (252/279)
2024-02-22T01:27:07.8182416Z Resolving deltas:  91% (254/279)
2024-02-22T01:27:07.8185031Z Resolving deltas:  92% (257/279)
2024-02-22T01:27:07.8189621Z Resolving deltas:  93% (260/279)
2024-02-22T01:27:07.8192401Z Resolving deltas:  94% (263/279)
2024-02-22T01:27:07.8194346Z Resolving deltas:  95% (266/279)
2024-02-22T01:27:07.8195274Z Resolving deltas:  96% (269/279)
2024-02-22T01:27:07.8196443Z Resolving deltas:  97% (271/279)
2024-02-22T01:27:07.8200949Z Resolving deltas:  98% (274/279)
2024-02-22T01:27:07.8201933Z Resolving deltas:  99% (277/279)
2024-02-22T01:27:07.8204328Z Resolving deltas: 100% (279/279)
2024-02-22T01:27:07.8205424Z Resolving deltas: 100% (279/279), done.
2024-02-22T01:27:07.8370221Z From https://github.com/rubyforgood/human-essentials
2024-02-22T01:27:07.8371505Z  * [new ref]         0033500aef023326bb8751d099229c281707da10 -> pull/4133/merge
2024-02-22T01:27:07.8396524Z ##[endgroup]
2024-02-22T01:27:07.8398315Z ##[group]Determining the checkout info
2024-02-22T01:27:07.8400684Z ##[endgroup]
2024-02-22T01:27:07.8401738Z ##[group]Checking out the ref
2024-02-22T01:27:07.8404972Z [command]/usr/bin/git checkout --progress --force refs/remotes/pull/4133/merge
2024-02-22T01:27:07.9750467Z Note: switching to 'refs/remotes/pull/4133/merge'.
2024-02-22T01:27:07.9751418Z 
2024-02-22T01:27:07.9751919Z You are in 'detached HEAD' state. You can look around, make experimental
2024-02-22T01:27:07.9752912Z changes and commit them, and you can discard any commits you make in this
2024-02-22T01:27:07.9753748Z state without impacting any branches by switching back to a branch.
2024-02-22T01:27:07.9754300Z 
2024-02-22T01:27:07.9754584Z If you want to create a new branch to retain commits you create, you may
2024-02-22T01:27:07.9755742Z do so (now or later) by using -c with the switch command. Example:
2024-02-22T01:27:07.9756131Z 
2024-02-22T01:27:07.9756419Z   git switch -c <new-branch-name>
2024-02-22T01:27:07.9756672Z 
2024-02-22T01:27:07.9756809Z Or undo this operation with:
2024-02-22T01:27:07.9757120Z 
2024-02-22T01:27:07.9757244Z   git switch -
2024-02-22T01:27:07.9757423Z 
2024-02-22T01:27:07.9757843Z Turn off this advice by setting config variable advice.detachedHead to false
2024-02-22T01:27:07.9758288Z 
2024-02-22T01:27:07.9758779Z HEAD is now at 0033500 Merge 42325d5debe620f9aae40f887acf0c7e45691a06 into b0e62957cb7dd2529d35fd8ffe9ed754067945cc
2024-02-22T01:27:07.9762792Z ##[endgroup]
2024-02-22T01:27:07.9811771Z [command]/usr/bin/git log -1 --format='%H'
2024-02-22T01:27:07.9847285Z '0033500aef023326bb8751d099229c281707da10'
2024-02-22T01:27:08.0153786Z ##[group]Run ruby/setup-ruby@v1
2024-02-22T01:27:08.0154246Z with:
2024-02-22T01:27:08.0154662Z   bundler-cache: true
2024-02-22T01:27:08.0155019Z   ruby-version: default
2024-02-22T01:27:08.0155344Z ##[endgroup]
2024-02-22T01:27:08.2078032Z Using 3.2.2 as input from file .ruby-version
2024-02-22T01:27:08.2106982Z ##[group]Modifying PATH
2024-02-22T01:27:08.2107487Z Entries added to PATH to use selected Ruby:
2024-02-22T01:27:08.2108161Z   /opt/hostedtoolcache/Ruby/3.2.2/x64/bin
2024-02-22T01:27:08.2108826Z ##[endgroup]
2024-02-22T01:27:08.2125797Z ##[group]Downloading Ruby
2024-02-22T01:27:08.2128601Z https://github.com/ruby/ruby-builder/releases/download/toolcache/ruby-3.2.2-ubuntu-22.04.tar.gz
2024-02-22T01:27:08.5043501Z Took   0.29 seconds
2024-02-22T01:27:08.5044512Z ##[endgroup]
2024-02-22T01:27:08.5045082Z ##[group]Extracting  Ruby
2024-02-22T01:27:08.5076785Z [command]/usr/bin/tar -xz -C /opt/hostedtoolcache/Ruby/3.2.2 -f /home/runner/work/_temp/c580a5f3-88f9-4a5c-b8a4-9dc4e2587a8f
2024-02-22T01:27:08.8864122Z Took   0.38 seconds
2024-02-22T01:27:08.8865398Z ##[endgroup]
2024-02-22T01:27:08.8866623Z ##[group]Print Ruby version
2024-02-22T01:27:08.8875321Z [command]/opt/hostedtoolcache/Ruby/3.2.2/x64/bin/ruby --version
2024-02-22T01:27:08.9101772Z ruby 3.2.2 (2023-03-30 revision e51014f9c0) [x86_64-linux]
2024-02-22T01:27:08.9120504Z Took   0.03 seconds
2024-02-22T01:27:08.9121552Z ##[endgroup]
2024-02-22T01:27:08.9123089Z ##[group]Installing Bundler
2024-02-22T01:27:08.9129084Z Using Bundler 2.5.4 from Gemfile.lock BUNDLED WITH 2.5.4
2024-02-22T01:27:08.9133561Z [command]/opt/hostedtoolcache/Ruby/3.2.2/x64/bin/gem install bundler -v 2.5.4
2024-02-22T01:27:09.3374586Z Successfully installed bundler-2.5.4
2024-02-22T01:27:09.3375134Z 1 gem installed
2024-02-22T01:27:09.3432685Z Took   0.43 seconds
2024-02-22T01:27:09.3433901Z ##[endgroup]
2024-02-22T01:27:09.3434475Z > bundle install
2024-02-22T01:27:09.3452014Z [command]/opt/hostedtoolcache/Ruby/3.2.2/x64/bin/bundle config --local path /home/runner/work/human-essentials/human-essentials/vendor/bundle
2024-02-22T01:27:09.4935949Z [command]/opt/hostedtoolcache/Ruby/3.2.2/x64/bin/bundle config --local deployment true
2024-02-22T01:27:09.6408875Z Cache key: setup-ruby-bundler-cache-v6-ubuntu-22.04-x64-ruby-3.2.2-wd-/home/runner/work/human-essentials/human-essentials-with--without--only--Gemfile.lock-0efb20c998977966eaec9053d05611f5b7c903abf65a51716d3c934a364ce52a
2024-02-22T01:27:10.6748447Z Cache Size: ~205 MB (214990994 B)
2024-02-22T01:27:10.6859903Z [command]/usr/bin/tar -xf /home/runner/work/_temp/29a8b1e8-b73f-423c-bb8a-f1ee7eaf6ca8/cache.tzst -P -C /home/runner/work/human-essentials/human-essentials --use-compress-program unzstd
2024-02-22T01:27:10.7200512Z Received 214990994 of 214990994 (100.0%), 205.0 MBs/sec
2024-02-22T01:27:12.5256248Z Cache restored successfully
2024-02-22T01:27:12.5715159Z Found cache for key: setup-ruby-bundler-cache-v6-ubuntu-22.04-x64-ruby-3.2.2-wd-/home/runner/work/human-essentials/human-essentials-with--without--only--Gemfile.lock-0efb20c998977966eaec9053d05611f5b7c903abf65a51716d3c934a364ce52a
2024-02-22T01:27:12.5723836Z [command]/opt/hostedtoolcache/Ruby/3.2.2/x64/bin/bundle install --jobs 4
2024-02-22T01:27:12.9675248Z Bundle complete! 85 Gemfile dependencies, 246 gems now installed.
2024-02-22T01:27:12.9676504Z Bundled gems are installed into `./vendor/bundle`
2024-02-22T01:27:12.9726992Z Took   3.63 seconds
2024-02-22T01:27:12.9926618Z ##[group]Run sudo apt-get -yqq install libpq-dev
2024-02-22T01:27:12.9927339Z [36;1msudo apt-get -yqq install libpq-dev[0m
2024-02-22T01:27:12.9971357Z shell: /usr/bin/bash -e {0}
2024-02-22T01:27:12.9971794Z ##[endgroup]
2024-02-22T01:27:14.2873384Z ##[group]Run bundle exec rake db:create
2024-02-22T01:27:14.2873866Z [36;1mbundle exec rake db:create[0m
2024-02-22T01:27:14.2874327Z [36;1mbundle exec rake db:schema:load[0m
2024-02-22T01:27:14.2874884Z [36;1mbundle exec rails assets:precompile[0m
2024-02-22T01:27:14.2903659Z shell: /usr/bin/bash -e {0}
2024-02-22T01:27:14.2904081Z env:
2024-02-22T01:27:14.2904372Z   POSTGRES_HOST: localhost
2024-02-22T01:27:14.2904832Z   DATABASE_HOST: localhost
2024-02-22T01:27:14.2905214Z   PG_USERNAME: postgres
2024-02-22T01:27:14.2905650Z   PG_PASSWORD: password
2024-02-22T01:27:14.2906028Z   POSTGRES_HOST_AUTH_METHOD: trust
2024-02-22T01:27:14.2906408Z   POSTGRES_PORT: 5432
2024-02-22T01:27:14.2906810Z   RAILS_ENV: test
2024-02-22T01:27:14.2907157Z ##[endgroup]
2024-02-22T01:27:21.0983659Z We could not find your database: diaper_test. Which can be found in the database configuration file located at config/database.yml.
2024-02-22T01:27:21.0984909Z 
2024-02-22T01:27:21.0985261Z To resolve this issue:
2024-02-22T01:27:21.0985832Z 
2024-02-22T01:27:21.0986864Z - Did you create the database for this app, or delete it? You may need to create your database.
2024-02-22T01:27:21.0987832Z - Has the database name changed? Check your database.yml config has the correct database name.
2024-02-22T01:27:21.0988368Z 
2024-02-22T01:27:21.0988522Z To create your database, run:
2024-02-22T01:27:21.0988879Z 
2024-02-22T01:27:21.0989010Z         bin/rails db:create
2024-02-22T01:27:21.0989572Z . You likely need to run `rails g flipper:active_record` and/or `rails db:migrate`.
2024-02-22T01:27:21.3486309Z Created database 'diaper_test'
2024-02-22T01:27:21.6470314Z Coverage report generated for RSpec to /home/runner/work/human-essentials/human-essentials/coverage. 329 / 10166 LOC (3.24%) covered.
2024-02-22T01:27:27.9382857Z PG::UndefinedTable: ERROR:  relation "flipper_gates" does not exist
2024-02-22T01:27:27.9384365Z LINE 9:  WHERE a.attrelid = '"flipper_gates"'::regclass
2024-02-22T01:27:27.9385380Z                             ^
2024-02-22T01:27:27.9386296Z . You likely need to run `rails g flipper:active_record` and/or `rails db:migrate`.
2024-02-22T01:27:28.9748422Z Coverage report generated for RSpec to /home/runner/work/human-essentials/human-essentials/coverage. 329 / 10166 LOC (3.24%) covered.
2024-02-22T01:28:02.6843129Z W, [2024-02-21T17:28:02.683964 #2233]  WARN -- : Removed sourceMappingURL comment for missing asset 'adminlte.js.map' from /home/runner/work/human-essentials/human-essentials/app/javascript/adminlte.js
2024-02-22T01:28:02.7465337Z I, [2024-02-21T17:28:02.746231 #2233]  INFO -- : Writing /home/runner/work/human-essentials/human-essentials/public/assets/manifest-90aab26ade71e747f745b1227b433fd7d580a54f279ee2be6e1a67bb326bf03a.js
2024-02-22T01:28:02.7469917Z I, [2024-02-21T17:28:02.746444 #2233]  INFO -- : Writing /home/runner/work/human-essentials/human-essentials/public/assets/manifest-90aab26ade71e747f745b1227b433fd7d580a54f279ee2be6e1a67bb326bf03a.js.gz
2024-02-22T01:28:02.7474580Z I, [2024-02-21T17:28:02.746723 #2233]  INFO -- : Writing /home/runner/work/human-essentials/human-essentials/public/assets/filterrific/filterrific-spinner-415824b210964b6cdb1db0bd9508be8644b9fde094b392f73055b20d369885b6.gif
2024-02-22T01:28:02.7478102Z I, [2024-02-21T17:28:02.746956 #2233]  INFO -- : Writing /home/runner/work/human-essentials/human-essentials/public/assets/bootstrap.min-67c48d88a8e0be178058aacb338b084191ed6d65c8fef751c50248202cf1488a.js
2024-02-22T01:28:02.7481689Z I, [2024-02-21T17:28:02.747053 #2233]  INFO -- : Writing /home/runner/work/human-essentials/human-essentials/public/assets/bootstrap.min-67c48d88a8e0be178058aacb338b084191ed6d65c8fef751c50248202cf1488a.js.gz
2024-02-22T01:28:02.7485541Z I, [2024-02-21T17:28:02.747642 #2233]  INFO -- : Writing /home/runner/work/human-essentials/human-essentials/public/assets/DiaperBase-Logo-f18172876cab49a451ca9c3178b578ab2019e03f111a6b6f3ba0c1b40b3d7c0c.png
2024-02-22T01:28:02.7493272Z I, [2024-02-21T17:28:02.749007 #2233]  INFO -- : Writing /home/runner/work/human-essentials/human-essentials/public/assets/Just-Diaper-05bf6a1b70ccad149eb4eca7b5f9fcca1f9c37bab1f8e5edb6798d66c903ba53.svg
2024-02-22T01:28:02.7496275Z I, [2024-02-21T17:28:02.749146 #2233]  INFO -- : Writing /home/runner/work/human-essentials/human-essentials/public/assets/Just-Diaper-05bf6a1b70ccad149eb4eca7b5f9fcca1f9c37bab1f8e5edb6798d66c903ba53.svg.gz
2024-02-22T01:28:02.7501816Z I, [2024-02-21T17:28:02.749903 #2233]  INFO -- : Writing /home/runner/work/human-essentials/human-essentials/public/assets/barcode-932aed25f5c148b36882be3bfb6696ecdd362ba0a709ff0674a10477f2aad8f3.svg
2024-02-22T01:28:02.7508541Z I, [2024-02-21T17:28:02.750598 #2233]  INFO -- : Writing /home/runner/work/human-essentials/human-essentials/public/assets/barcode-932aed25f5c148b36882be3bfb6696ecdd362ba0a709ff0674a10477f2aad8f3.svg.gz
2024-02-22T01:28:02.7512170Z I, [2024-02-21T17:28:02.750904 #2233]  INFO -- : Writing /home/runner/work/human-essentials/human-essentials/public/assets/bars-db7a0aaf1cd735270b170cba53dca71c75473940ab48639c609a72964eb92f4d.svg
2024-02-22T01:28:02.7515519Z I, [2024-02-21T17:28:02.751151 #2233]  INFO -- : Writing /home/runner/work/human-essentials/human-essentials/public/assets/bars-db7a0aaf1cd735270b170cba53dca71c75473940ab48639c609a72964eb92f4d.svg.gz
2024-02-22T01:28:02.7518683Z I, [2024-02-21T17:28:02.751496 #2233]  INFO -- : Writing /home/runner/work/human-essentials/human-essentials/public/assets/blue@2x-709ca6c252f762af1e5efb0ef1e7444a712cb0ec010fee01749b67a595a7c0c6.png
2024-02-22T01:28:02.7523705Z I, [2024-02-21T17:28:02.752145 #2233]  INFO -- : Writing /home/runner/work/human-essentials/human-essentials/public/assets/boxed-bg-6c60c3f8655fa4062631bbe1434face4fe3d70392159e976ec09ca6ad9330e7d.jpg
2024-02-22T01:28:02.7528359Z I, [2024-02-21T17:28:02.752620 #2233]  INFO -- : Writing /home/runner/work/human-essentials/human-essentials/public/assets/boxed-bg-eb7b1fa0c09f5ef599fc5138e33168827f2ec4e1f796cf8a78570d8a73a58190.png
2024-02-22T01:28:02.7535310Z I, [2024-02-21T17:28:02.753334 #2233]  INFO -- : Writing /home/runner/work/human-essentials/human-essentials/public/assets/dashboard-image-3db42e909886dffccb680715feccab83cc867b4581b0009558e746364e2ec332.svg
2024-02-22T01:28:02.7539639Z I, [2024-02-21T17:28:02.753758 #2233]  INFO -- : Writing /home/runner/work/human-essentials/human-essentials/public/assets/dashboard-image-3db42e909886dffccb680715feccab83cc867b4581b0009558e746364e2ec332.svg.gz
2024-02-22T01:28:02.7543450Z I, [2024-02-21T17:28:02.753940 #2233]  INFO -- : Writing /home/runner/work/human-essentials/human-essentials/public/assets/forecasting-32dffccc42e6c09203d36acbc2243b4bc746dc2f1198c1ff43def4bb48e335b2.svg
2024-02-22T01:28:02.7548282Z I, [2024-02-21T17:28:02.754355 #2233]  INFO -- : Writing /home/runner/work/human-essentials/human-essentials/public/assets/forecasting-32dffccc42e6c09203d36acbc2243b4bc746dc2f1198c1ff43def4bb48e335b2.svg.gz
2024-02-22T01:28:02.7552223Z I, [2024-02-21T17:28:02.754556 #2233]  INFO -- : Writing /home/runner/work/human-essentials/human-essentials/public/assets/hero-image-0ba273def6de748beb2a64206e115d8e4a109ad51ef255512f4c6522e5b9225b.svg
2024-02-22T01:28:02.7561632Z I, [2024-02-21T17:28:02.755750 #2233]  INFO -- : Writing /home/runner/work/human-essentials/human-essentials/public/assets/hero-image-0ba273def6de748beb2a64206e115d8e4a109ad51ef255512f4c6522e5b9225b.svg.gz
2024-02-22T01:28:02.7569636Z I, [2024-02-21T17:28:02.756197 #2233]  INFO -- : Writing /home/runner/work/human-essentials/human-essentials/public/assets/inventory-image-3d91fc8087e13632114d9d129a680b992e02aae297b2bf180089cd55792249b2.svg
2024-02-22T01:28:02.7573400Z I, [2024-02-21T17:28:02.756331 #2233]  INFO -- : Writing /home/runner/work/human-essentials/human-essentials/public/assets/inventory-image-3d91fc8087e13632114d9d129a680b992e02aae297b2bf180089cd55792249b2.svg.gz
2024-02-22T01:28:02.7577229Z I, [2024-02-21T17:28:02.756448 #2233]  INFO -- : Writing /home/runner/work/human-essentials/human-essentials/public/assets/partner-management-c2cd4a940d1cf59f66928bc5097b4d4528b6de95abcc66421edf341c59311d40.svg
2024-02-22T01:28:02.7580934Z I, [2024-02-21T17:28:02.756608 #2233]  INFO -- : Writing /home/runner/work/human-essentials/human-essentials/public/assets/partner-management-c2cd4a940d1cf59f66928bc5097b4d4528b6de95abcc66421edf341c59311d40.svg.gz
2024-02-22T01:28:02.7594496Z I, [2024-02-21T17:28:02.756728 #2233]  INFO -- : Writing /home/runner/work/human-essentials/human-essentials/public/assets/quote-e4395f28913ad7b7785c522f0b6f2363a960720cf3bc26705438f6efb55edb7d.svg
2024-02-22T01:28:02.7598246Z I, [2024-02-21T17:28:02.758291 #2233]  INFO -- : Writing /home/runner/work/human-essentials/human-essentials/public/assets/quote-e4395f28913ad7b7785c522f0b6f2363a960720cf3bc26705438f6efb55edb7d.svg.gz
2024-02-22T01:28:02.7601896Z I, [2024-02-21T17:28:02.758417 #2233]  INFO -- : Writing /home/runner/work/human-essentials/human-essentials/public/assets/report-image-a9fc71739eca5457d288f1c234a0d84237ba8eef8bd20a9935bd45d84d03ae6b.svg
2024-02-22T01:28:02.7605566Z I, [2024-02-21T17:28:02.758538 #2233]  INFO -- : Writing /home/runner/work/human-essentials/human-essentials/public/assets/report-image-a9fc71739eca5457d288f1c234a0d84237ba8eef8bd20a9935bd45d84d03ae6b.svg.gz
2024-02-22T01:28:02.7609475Z I, [2024-02-21T17:28:02.758645 #2233]  INFO -- : Writing /home/runner/work/human-essentials/human-essentials/public/assets/test-only-background-c4843e992a593298a8c43815c8950b766061a96fd7d3e92838354914c41d7243.jpg
2024-02-22T01:28:02.7613140Z I, [2024-02-21T17:28:02.758801 #2233]  INFO -- : Writing /home/runner/work/human-essentials/human-essentials/public/assets/AdminLTE-9d75f9bf2ec81bc0a0de450227ed6268dad2cd66401439503c18d3241dfb241d.css
2024-02-22T01:28:02.7616737Z I, [2024-02-21T17:28:02.758880 #2233]  INFO -- : Writing /home/runner/work/human-essentials/human-essentials/public/assets/AdminLTE-9d75f9bf2ec81bc0a0de450227ed6268dad2cd66401439503c18d3241dfb241d.css.gz
2024-02-22T01:28:02.7620409Z I, [2024-02-21T17:28:02.758983 #2233]  INFO -- : Writing /home/runner/work/human-essentials/human-essentials/public/assets/_colors-04024382391bb910584145d8113cf35ef376b55d125bb4516cebeb14ce788597.css
2024-02-22T01:28:02.7624019Z I, [2024-02-21T17:28:02.759057 #2233]  INFO -- : Writing /home/runner/work/human-essentials/human-essentials/public/assets/_colors-04024382391bb910584145d8113cf35ef376b55d125bb4516cebeb14ce788597.css.gz
2024-02-22T01:28:02.7627749Z I, [2024-02-21T17:28:02.759156 #2233]  INFO -- : Writing /home/runner/work/human-essentials/human-essentials/public/assets/application-0da4ed653cd2be46690d3296e155ff2f65c183e52d7a8c3467d17640386866d5.css
2024-02-22T01:28:02.7631389Z I, [2024-02-21T17:28:02.759378 #2233]  INFO -- : Writing /home/runner/work/human-essentials/human-essentials/public/assets/application-0da4ed653cd2be46690d3296e155ff2f65c183e52d7a8c3467d17640386866d5.css.gz
2024-02-22T01:28:02.7635054Z I, [2024-02-21T17:28:02.759482 #2233]  INFO -- : Writing /home/runner/work/human-essentials/human-essentials/public/assets/test-only-background-c4843e992a593298a8c43815c8950b766061a96fd7d3e92838354914c41d7243.jpg
2024-02-22T01:28:02.7638758Z I, [2024-02-21T17:28:02.759638 #2233]  INFO -- : Writing /home/runner/work/human-essentials/human-essentials/public/assets/audits-83372b845d8a4887e7e4d2315cf3c85ea60ef94ca0ec4774dfbcd3cf569c616c.css
2024-02-22T01:28:02.7642279Z I, [2024-02-21T17:28:02.759722 #2233]  INFO -- : Writing /home/runner/work/human-essentials/human-essentials/public/assets/audits-83372b845d8a4887e7e4d2315cf3c85ea60ef94ca0ec4774dfbcd3cf569c616c.css.gz
2024-02-22T01:28:02.7645973Z I, [2024-02-21T17:28:02.759829 #2233]  INFO -- : Writing /home/runner/work/human-essentials/human-essentials/public/assets/barcode_reader-3799c29218802c1dbba4c700f3863ec24505a9e3e7b54d36282fff667d7c94ca.css
2024-02-22T01:28:02.7649929Z I, [2024-02-21T17:28:02.759915 #2233]  INFO -- : Writing /home/runner/work/human-essentials/human-essentials/public/assets/barcode_reader-3799c29218802c1dbba4c700f3863ec24505a9e3e7b54d36282fff667d7c94ca.css.gz
2024-02-22T01:28:02.7653940Z I, [2024-02-21T17:28:02.760012 #2233]  INFO -- : Writing /home/runner/work/human-essentials/human-essentials/public/assets/custom-78c7cbde633ff9cfb0425c2a5897128adfc8aca0f10628e0b59f704db7fe76df.css
2024-02-22T01:28:02.7657496Z I, [2024-02-21T17:28:02.760094 #2233]  INFO -- : Writing /home/runner/work/human-essentials/human-essentials/public/assets/custom-78c7cbde633ff9cfb0425c2a5897128adfc8aca0f10628e0b59f704db7fe76df.css.gz
2024-02-22T01:28:02.7661193Z I, [2024-02-21T17:28:02.760192 #2233]  INFO -- : Writing /home/runner/work/human-essentials/human-essentials/public/assets/test-only-background-c4843e992a593298a8c43815c8950b766061a96fd7d3e92838354914c41d7243.jpg
2024-02-22T01:28:02.7665158Z I, [2024-02-21T17:28:02.760337 #2233]  INFO -- : Writing /home/runner/work/human-essentials/human-essentials/public/assets/expandable_table-cca1600cf25c44c6bea2733167509ffe9133f344e9defe984ad96bd427b29a19.css
2024-02-22T01:28:02.7668925Z I, [2024-02-21T17:28:02.760422 #2233]  INFO -- : Writing /home/runner/work/human-essentials/human-essentials/public/assets/expandable_table-cca1600cf25c44c6bea2733167509ffe9133f344e9defe984ad96bd427b29a19.css.gz
2024-02-22T01:28:02.7672627Z I, [2024-02-21T17:28:02.760518 #2233]  INFO -- : Writing /home/runner/work/human-essentials/human-essentials/public/assets/landing_page-4fe5dfcfea8b5bbd7722658652ff4ee86132a41b8aff92e9ef8b1216cb7259fa.css
2024-02-22T01:28:02.7676369Z I, [2024-02-21T17:28:02.760598 #2233]  INFO -- : Writing /home/runner/work/human-essentials/human-essentials/public/assets/landing_page-4fe5dfcfea8b5bbd7722658652ff4ee86132a41b8aff92e9ef8b1216cb7259fa.css.gz
2024-02-22T01:28:02.7680076Z I, [2024-02-21T17:28:02.760696 #2233]  INFO -- : Writing /home/runner/work/human-essentials/human-essentials/public/assets/modal-dialog-9d7ae8bb43b60ac4c7d9910700392b20618ae2db4d5db33453b157171d5e0f7d.css
2024-02-22T01:28:02.7683935Z I, [2024-02-21T17:28:02.760777 #2233]  INFO -- : Writing /home/runner/work/human-essentials/human-essentials/public/assets/modal-dialog-9d7ae8bb43b60ac4c7d9910700392b20618ae2db4d5db33453b157171d5e0f7d.css.gz
2024-02-22T01:28:02.7687670Z I, [2024-02-21T17:28:02.760880 #2233]  INFO -- : Writing /home/runner/work/human-essentials/human-essentials/public/assets/progress_stepper-7f8ef0dc05a9a00a300e56f6f3e4ccfdde4af8e392407ccc6601d60019067ccb.css
2024-02-22T01:28:02.7691419Z I, [2024-02-21T17:28:02.760958 #2233]  INFO -- : Writing /home/runner/work/human-essentials/human-essentials/public/assets/progress_stepper-7f8ef0dc05a9a00a300e56f6f3e4ccfdde4af8e392407ccc6601d60019067ccb.css.gz
2024-02-22T01:28:02.7695702Z I, [2024-02-21T17:28:02.761057 #2233]  INFO -- : Writing /home/runner/work/human-essentials/human-essentials/public/assets/transfers-c9ab43ff53dab5dc13681712afc9b6fb31d7865d5ac8c657220deff9f138fa8c.css
2024-02-22T01:28:02.7699356Z I, [2024-02-21T17:28:02.761130 #2233]  INFO -- : Writing /home/runner/work/human-essentials/human-essentials/public/assets/transfers-c9ab43ff53dab5dc13681712afc9b6fb31d7865d5ac8c657220deff9f138fa8c.css.gz
2024-02-22T01:28:02.7702211Z I, [2024-02-21T17:28:02.761228 #2233]  INFO -- : Writing /home/runner/work/human-essentials/human-essentials/public/assets/adminlte-886a0b559685ec92cd8dd4dbf957899292f9c0bd344c90c304d28973363a8eaf.js
2024-02-22T01:28:02.7704308Z I, [2024-02-21T17:28:02.761304 #2233]  INFO -- : Writing /home/runner/work/human-essentials/human-essentials/public/assets/adminlte-886a0b559685ec92cd8dd4dbf957899292f9c0bd344c90c304d28973363a8eaf.js.gz
2024-02-22T01:28:02.7706271Z I, [2024-02-21T17:28:02.761413 #2233]  INFO -- : Writing /home/runner/work/human-essentials/human-essentials/public/assets/application-f9d5a0970e6dc2d1d44ca8dfd6129e9fed2dccf1b460a6bba6eab9dd7aa61c92.js
2024-02-22T01:28:02.7708565Z I, [2024-02-21T17:28:02.761491 #2233]  INFO -- : Writing /home/runner/work/human-essentials/human-essentials/public/assets/application-f9d5a0970e6dc2d1d44ca8dfd6129e9fed2dccf1b460a6bba6eab9dd7aa61c92.js.gz
2024-02-22T01:28:02.7710751Z I, [2024-02-21T17:28:02.761592 #2233]  INFO -- : Writing /home/runner/work/human-essentials/human-essentials/public/assets/cocoon-js-vanilla-cc8e46e9b16a6217f3c14c60ca346454c9c01d8d41e5c073ae14f85fac052e96.js
2024-02-22T01:28:02.7712826Z I, [2024-02-21T17:28:02.761669 #2233]  INFO -- : Writing /home/runner/work/human-essentials/human-essentials/public/assets/cocoon-js-vanilla-cc8e46e9b16a6217f3c14c60ca346454c9c01d8d41e5c073ae14f85fac052e96.js.gz
2024-02-22T01:28:02.7715039Z I, [2024-02-21T17:28:02.761775 #2233]  INFO -- : Writing /home/runner/work/human-essentials/human-essentials/public/assets/controllers/application-368d98631bccbf2349e0d4f8269afb3fe9625118341966de054759d96ea86c7e.js
2024-02-22T01:28:02.7717181Z I, [2024-02-21T17:28:02.761844 #2233]  INFO -- : Writing /home/runner/work/human-essentials/human-essentials/public/assets/controllers/application-368d98631bccbf2349e0d4f8269afb3fe9625118341966de054759d96ea86c7e.js.gz
2024-02-22T01:28:02.7719324Z I, [2024-02-21T17:28:02.761940 #2233]  INFO -- : Writing /home/runner/work/human-essentials/human-essentials/public/assets/controllers/area_served_controller-c8c048ef9ee2d145ba8408cda63546aff8ce9170e9cafb34075ebb01b43c6c34.js
2024-02-22T01:28:02.7721583Z I, [2024-02-21T17:28:02.762005 #2233]  INFO -- : Writing /home/runner/work/human-essentials/human-essentials/public/assets/controllers/area_served_controller-c8c048ef9ee2d145ba8408cda63546aff8ce9170e9cafb34075ebb01b43c6c34.js.gz
2024-02-22T01:28:02.7723856Z I, [2024-02-21T17:28:02.762104 #2233]  INFO -- : Writing /home/runner/work/human-essentials/human-essentials/public/assets/controllers/checkbox_with_nested_element_controller-1645dd2a3a857d546354c90b0c415a9d1dd4de6974048fd41bfc1d6f45ccb3eb.js
2024-02-22T01:28:02.7726225Z I, [2024-02-21T17:28:02.762213 #2233]  INFO -- : Writing /home/runner/work/human-essentials/human-essentials/public/assets/controllers/checkbox_with_nested_element_controller-1645dd2a3a857d546354c90b0c415a9d1dd4de6974048fd41bfc1d6f45ccb3eb.js.gz
2024-02-22T01:28:02.7728532Z I, [2024-02-21T17:28:02.762312 #2233]  INFO -- : Writing /home/runner/work/human-essentials/human-essentials/public/assets/controllers/distribution_delivery_controller-89fc613f734c2b1538c1e9948abeb353ea73d22678fc08597d48fa36a70c5c51.js
2024-02-22T01:28:02.7730795Z I, [2024-02-21T17:28:02.762384 #2233]  INFO -- : Writing /home/runner/work/human-essentials/human-essentials/public/assets/controllers/distribution_delivery_controller-89fc613f734c2b1538c1e9948abeb353ea73d22678fc08597d48fa36a70c5c51.js.gz
2024-02-22T01:28:02.7733110Z I, [2024-02-21T17:28:02.762479 #2233]  INFO -- : Writing /home/runner/work/human-essentials/human-essentials/public/assets/controllers/double_select_controller-bb2e4a65f2c66cacc8ec4dd491c2233b0aac53187ebe1fbaaffedfbaf7db9099.js
2024-02-22T01:28:02.7735310Z I, [2024-02-21T17:28:02.762547 #2233]  INFO -- : Writing /home/runner/work/human-essentials/human-essentials/public/assets/controllers/double_select_controller-bb2e4a65f2c66cacc8ec4dd491c2233b0aac53187ebe1fbaaffedfbaf7db9099.js.gz
2024-02-22T01:28:02.7737508Z I, [2024-02-21T17:28:02.762647 #2233]  INFO -- : Writing /home/runner/work/human-essentials/human-essentials/public/assets/controllers/highchart_controller-7640167d6e3481659a5ead23f046e3c6852c08e30ce8aa6f09aa5cce0f7ea02d.js
2024-02-22T01:28:02.7739728Z I, [2024-02-21T17:28:02.762719 #2233]  INFO -- : Writing /home/runner/work/human-essentials/human-essentials/public/assets/controllers/highchart_controller-7640167d6e3481659a5ead23f046e3c6852c08e30ce8aa6f09aa5cce0f7ea02d.js.gz
2024-02-22T01:28:02.7742352Z I, [2024-02-21T17:28:02.762815 #2233]  INFO -- : Writing /home/runner/work/human-essentials/human-essentials/public/assets/controllers/index-2db729dddcc5b979110e98de4b6720f83f91a123172e87281d5a58410fc43806.js
2024-02-22T01:28:02.7746274Z I, [2024-02-21T17:28:02.762884 #2233]  INFO -- : Writing /home/runner/work/human-essentials/human-essentials/public/assets/controllers/index-2db729dddcc5b979110e98de4b6720f83f91a123172e87281d5a58410fc43806.js.gz
2024-02-22T01:28:02.7750557Z I, [2024-02-21T17:28:02.762981 #2233]  INFO -- : Writing /home/runner/work/human-essentials/human-essentials/public/assets/controllers/request_item_controller-3d80a8cfc8c3931a9addd9502dd972f6b9b6df1b44435b3ec0371f2dd5aef579.js
2024-02-22T01:28:02.7754593Z I, [2024-02-21T17:28:02.763056 #2233]  INFO -- : Writing /home/runner/work/human-essentials/human-essentials/public/assets/controllers/request_item_controller-3d80a8cfc8c3931a9addd9502dd972f6b9b6df1b44435b3ec0371f2dd5aef579.js.gz
2024-02-22T01:28:02.7758633Z I, [2024-02-21T17:28:02.763148 #2233]  INFO -- : Writing /home/runner/work/human-essentials/human-essentials/public/assets/controllers/select2_controller-13c15fa4f8996b06b43552325b12e3a14e158db06264b83cfff2e521a16fceeb.js
2024-02-22T01:28:02.7762488Z I, [2024-02-21T17:28:02.763220 #2233]  INFO -- : Writing /home/runner/work/human-essentials/human-essentials/public/assets/controllers/select2_controller-13c15fa4f8996b06b43552325b12e3a14e158db06264b83cfff2e521a16fceeb.js.gz
2024-02-22T01:28:02.7766484Z I, [2024-02-21T17:28:02.763446 #2233]  INFO -- : Writing /home/runner/work/human-essentials/human-essentials/public/assets/controllers/served_area_controller-37738489813fc06349f3fb1bc7abc5d5493318ce553f1bebbfa1f8fe06ebfb4a.js
2024-02-22T01:28:02.7770470Z I, [2024-02-21T17:28:02.763525 #2233]  INFO -- : Writing /home/runner/work/human-essentials/human-essentials/public/assets/controllers/served_area_controller-37738489813fc06349f3fb1bc7abc5d5493318ce553f1bebbfa1f8fe06ebfb4a.js.gz
2024-02-22T01:28:02.7772719Z I, [2024-02-21T17:28:02.763619 #2233]  INFO -- : Writing /home/runner/work/human-essentials/human-essentials/public/assets/controllers/turbo_controller-fccb6961e984a4e30ac5da2e1cf185bbfb9d9e8677a0bf2e284ec349e7b0db17.js
2024-02-22T01:28:02.7774938Z I, [2024-02-21T17:28:02.763689 #2233]  INFO -- : Writing /home/runner/work/human-essentials/human-essentials/public/assets/controllers/turbo_controller-fccb6961e984a4e30ac5da2e1cf185bbfb9d9e8677a0bf2e284ec349e7b0db17.js.gz
2024-02-22T01:28:02.7777048Z I, [2024-02-21T17:28:02.763794 #2233]  INFO -- : Writing /home/runner/work/human-essentials/human-essentials/public/assets/startup-bf111fcbf368bc988dfcb050d057ec73e21f190d7921e15689dd5ebf674e6d00.js
2024-02-22T01:28:02.7778986Z I, [2024-02-21T17:28:02.763870 #2233]  INFO -- : Writing /home/runner/work/human-essentials/human-essentials/public/assets/startup-bf111fcbf368bc988dfcb050d057ec73e21f190d7921e15689dd5ebf674e6d00.js.gz
2024-02-22T01:28:02.7781045Z I, [2024-02-21T17:28:02.763974 #2233]  INFO -- : Writing /home/runner/work/human-essentials/human-essentials/public/assets/utils/barcode_items-ee1050c4d1ade4569ef6cfc83d5f4792f67daabaca0ae24f75455737fea0a72b.js
2024-02-22T01:28:02.7784630Z I, [2024-02-21T17:28:02.764047 #2233]  INFO -- : Writing /home/runner/work/human-essentials/human-essentials/public/assets/utils/barcode_items-ee1050c4d1ade4569ef6cfc83d5f4792f67daabaca0ae24f75455737fea0a72b.js.gz
2024-02-22T01:28:02.7788435Z I, [2024-02-21T17:28:02.764145 #2233]  INFO -- : Writing /home/runner/work/human-essentials/human-essentials/public/assets/utils/barcode_scan-757b66b6921154f49e7cc4c5dc2f146f91f1648beffaa8ef106d94585a273ba9.js
2024-02-22T01:28:02.7792273Z I, [2024-02-21T17:28:02.764215 #2233]  INFO -- : Writing /home/runner/work/human-essentials/human-essentials/public/assets/utils/barcode_scan-757b66b6921154f49e7cc4c5dc2f146f91f1648beffaa8ef106d94585a273ba9.js.gz
2024-02-22T01:28:02.7796108Z I, [2024-02-21T17:28:02.764312 #2233]  INFO -- : Writing /home/runner/work/human-essentials/human-essentials/public/assets/utils/deadline_day_pickers-b0b264db9e3c8107c161cc4571e71cf901bcc511175271d218a553c4e1889065.js
2024-02-22T01:28:02.7800001Z I, [2024-02-21T17:28:02.764379 #2233]  INFO -- : Writing /home/runner/work/human-essentials/human-essentials/public/assets/utils/deadline_day_pickers-b0b264db9e3c8107c161cc4571e71cf901bcc511175271d218a553c4e1889065.js.gz
2024-02-22T01:28:02.7804318Z I, [2024-02-21T17:28:02.764476 #2233]  INFO -- : Writing /home/runner/work/human-essentials/human-essentials/public/assets/utils/distributions_and_transfers-1f9709e9a8df250acfe3e7a79f1501b2696b1f36d5adcf083a61a1b005cce3d2.js
2024-02-22T01:28:02.7808510Z I, [2024-02-21T17:28:02.764545 #2233]  INFO -- : Writing /home/runner/work/human-essentials/human-essentials/public/assets/utils/distributions_and_transfers-1f9709e9a8df250acfe3e7a79f1501b2696b1f36d5adcf083a61a1b005cce3d2.js.gz
2024-02-22T01:28:02.7812337Z I, [2024-02-21T17:28:02.764653 #2233]  INFO -- : Writing /home/runner/work/human-essentials/human-essentials/public/assets/utils/donations-1c3e9a15fc370afd2c3836ccf8dde6013c35412a8d83cf6c1e31bec95ef72b26.js
2024-02-22T01:28:02.7816146Z I, [2024-02-21T17:28:02.764727 #2233]  INFO -- : Writing /home/runner/work/human-essentials/human-essentials/public/assets/utils/donations-1c3e9a15fc370afd2c3836ccf8dde6013c35412a8d83cf6c1e31bec95ef72b26.js.gz
2024-02-22T01:28:02.7819880Z I, [2024-02-21T17:28:02.764820 #2233]  INFO -- : Writing /home/runner/work/human-essentials/human-essentials/public/assets/utils/purchases-5c814ba098feaa8a7b4abff24267c1da909f3e52e12c97660f8a0b8c1ff4aea1.js
2024-02-22T01:28:02.7823915Z I, [2024-02-21T17:28:02.764894 #2233]  INFO -- : Writing /home/runner/work/human-essentials/human-essentials/public/assets/utils/purchases-5c814ba098feaa8a7b4abff24267c1da909f3e52e12c97660f8a0b8c1ff4aea1.js.gz
2024-02-22T01:28:02.7827617Z I, [2024-02-21T17:28:02.764991 #2233]  INFO -- : Writing /home/runner/work/human-essentials/human-essentials/public/assets/filterrific-f3a290db250e05344fd62c216b903689f73eff5e270ef021e425551006092e08.js
2024-02-22T01:28:02.7829801Z I, [2024-02-21T17:28:02.765069 #2233]  INFO -- : Writing /home/runner/work/human-essentials/human-essentials/public/assets/filterrific-f3a290db250e05344fd62c216b903689f73eff5e270ef021e425551006092e08.js.gz
2024-02-22T01:28:02.7832029Z I, [2024-02-21T17:28:02.765165 #2233]  INFO -- : Writing /home/runner/work/human-essentials/human-essentials/public/assets/stimulusloading-1fc59770fb1654500044afd3f5f6d7d00800e5be36746d55b94a2963a7a228aa.js
2024-02-22T01:28:02.7835610Z I, [2024-02-21T17:28:02.765243 #2233]  INFO -- : Writing /home/runner/work/human-essentials/human-essentials/public/assets/stimulusloading-1fc59770fb1654500044afd3f5f6d7d00800e5be36746d55b94a2963a7a228aa.js.gz
2024-02-22T01:28:02.7837637Z I, [2024-02-21T17:28:02.765345 #2233]  INFO -- : Writing /home/runner/work/human-essentials/human-essentials/public/assets/turbo-895d7ec2b79542a04747b8f222c30ead9c3b01b20bcbe302d905278a1451c51e.js
2024-02-22T01:28:02.7839648Z I, [2024-02-21T17:28:02.765433 #2233]  INFO -- : Writing /home/runner/work/human-essentials/human-essentials/public/assets/turbo-895d7ec2b79542a04747b8f222c30ead9c3b01b20bcbe302d905278a1451c51e.js.gz
2024-02-22T01:28:02.7841577Z I, [2024-02-21T17:28:02.765535 #2233]  INFO -- : Writing /home/runner/work/human-essentials/human-essentials/public/assets/turbo.min-c6325b8b56619b34aa6e0f34dfed82b010fe049f81b320a4cd0e2d99d3245118.js
2024-02-22T01:28:02.7843516Z I, [2024-02-21T17:28:02.765615 #2233]  INFO -- : Writing /home/runner/work/human-essentials/human-essentials/public/assets/turbo.min-c6325b8b56619b34aa6e0f34dfed82b010fe049f81b320a4cd0e2d99d3245118.js.gz
2024-02-22T01:28:02.7845559Z I, [2024-02-21T17:28:02.765719 #2233]  INFO -- : Writing /home/runner/work/human-essentials/human-essentials/public/assets/turbo.min.js-ceaa5446ba4b2df2aac98a87b94c455b6d0132e23da1bcd00bb466d74a3607e3.map
2024-02-22T01:28:02.7847548Z I, [2024-02-21T17:28:02.765801 #2233]  INFO -- : Writing /home/runner/work/human-essentials/human-essentials/public/assets/turbo.min.js-ceaa5446ba4b2df2aac98a87b94c455b6d0132e23da1bcd00bb466d74a3607e3.map.gz
2024-02-22T01:28:02.7849635Z I, [2024-02-21T17:28:02.765902 #2233]  INFO -- : Writing /home/runner/work/human-essentials/human-essentials/public/assets/stimulus-loading-3576ce92b149ad5d6959438c6f291e2426c86df3b874c525b30faad51b0d96b3.js
2024-02-22T01:28:02.7851857Z I, [2024-02-21T17:28:02.765983 #2233]  INFO -- : Writing /home/runner/work/human-essentials/human-essentials/public/assets/stimulus-loading-3576ce92b149ad5d6959438c6f291e2426c86df3b874c525b30faad51b0d96b3.js.gz
2024-02-22T01:28:02.7853969Z I, [2024-02-21T17:28:02.766189 #2233]  INFO -- : Writing /home/runner/work/human-essentials/human-essentials/public/assets/popper-003a40d80fd205e1fa00da117d5bdc19720ba330706eaa17f9ba9513fa502304.js
2024-02-22T01:28:02.7855963Z I, [2024-02-21T17:28:02.766272 #2233]  INFO -- : Writing /home/runner/work/human-essentials/human-essentials/public/assets/popper-003a40d80fd205e1fa00da117d5bdc19720ba330706eaa17f9ba9513fa502304.js.gz
2024-02-22T01:28:02.7857844Z I, [2024-02-21T17:28:02.766377 #2233]  INFO -- : Writing /home/runner/work/human-essentials/human-essentials/public/assets/actiontext-28c61f5197c204db043317a8f8826a87ab31495b741f854d307ca36122deefce.js
2024-02-22T01:28:02.7859795Z I, [2024-02-21T17:28:02.766455 #2233]  INFO -- : Writing /home/runner/work/human-essentials/human-essentials/public/assets/actiontext-28c61f5197c204db043317a8f8826a87ab31495b741f854d307ca36122deefce.js.gz
2024-02-22T01:28:02.7862230Z I, [2024-02-21T17:28:02.766558 #2233]  INFO -- : Writing /home/runner/work/human-essentials/human-essentials/public/assets/trix-1563ff9c10f74e143b3ded40a8458497eaf2f87a648a5cbbfebdb7dec3447a5e.js
2024-02-22T01:28:02.7865659Z I, [2024-02-21T17:28:02.766639 #2233]  INFO -- : Writing /home/runner/work/human-essentials/human-essentials/public/assets/trix-1563ff9c10f74e143b3ded40a8458497eaf2f87a648a5cbbfebdb7dec3447a5e.js.gz
2024-02-22T01:28:02.7869067Z I, [2024-02-21T17:28:02.766742 #2233]  INFO -- : Writing /home/runner/work/human-essentials/human-essentials/public/assets/trix-b0398dade8e5ac249fe98f2e850f45adbcdfecd8a11c46b3eb67bdedb87b1b04.css
2024-02-22T01:28:02.7872367Z I, [2024-02-21T17:28:02.766820 #2233]  INFO -- : Writing /home/runner/work/human-essentials/human-essentials/public/assets/trix-b0398dade8e5ac249fe98f2e850f45adbcdfecd8a11c46b3eb67bdedb87b1b04.css.gz
2024-02-22T01:28:02.7875499Z I, [2024-02-21T17:28:02.766920 #2233]  INFO -- : Writing /home/runner/work/human-essentials/human-essentials/public/assets/stimulus-f75215805563870a61ee9dc5a207ce46d4675c7e667558a54344fd1e7baa697f.js
2024-02-22T01:28:02.7878699Z I, [2024-02-21T17:28:02.766996 #2233]  INFO -- : Writing /home/runner/work/human-essentials/human-essentials/public/assets/stimulus-f75215805563870a61ee9dc5a207ce46d4675c7e667558a54344fd1e7baa697f.js.gz
2024-02-22T01:28:02.7881955Z I, [2024-02-21T17:28:02.767100 #2233]  INFO -- : Writing /home/runner/work/human-essentials/human-essentials/public/assets/stimulus-autoloader-c584942b568ba74879da31c7c3d51366737bacaf6fbae659383c0a5653685693.js
2024-02-22T01:28:02.7885316Z I, [2024-02-21T17:28:02.767180 #2233]  INFO -- : Writing /home/runner/work/human-essentials/human-essentials/public/assets/stimulus-autoloader-c584942b568ba74879da31c7c3d51366737bacaf6fbae659383c0a5653685693.js.gz
2024-02-22T01:28:02.7888941Z I, [2024-02-21T17:28:02.767282 #2233]  INFO -- : Writing /home/runner/work/human-essentials/human-essentials/public/assets/stimulus-importmap-autoloader-db2076c783bf2dbee1226e2add52fef290b5d31b5bcd1edd999ac8a6dd31c44a.js
2024-02-22T01:28:02.7892663Z I, [2024-02-21T17:28:02.767461 #2233]  INFO -- : Writing /home/runner/work/human-essentials/human-essentials/public/assets/stimulus-importmap-autoloader-db2076c783bf2dbee1226e2add52fef290b5d31b5bcd1edd999ac8a6dd31c44a.js.gz
2024-02-22T01:28:02.7896106Z I, [2024-02-21T17:28:02.767565 #2233]  INFO -- : Writing /home/runner/work/human-essentials/human-essentials/public/assets/stimulus-loading-3576ce92b149ad5d6959438c6f291e2426c86df3b874c525b30faad51b0d96b3.js
2024-02-22T01:28:02.7899588Z I, [2024-02-21T17:28:02.767637 #2233]  INFO -- : Writing /home/runner/work/human-essentials/human-essentials/public/assets/stimulus-loading-3576ce92b149ad5d6959438c6f291e2426c86df3b874c525b30faad51b0d96b3.js.gz
2024-02-22T01:28:02.7903083Z I, [2024-02-21T17:28:02.767739 #2233]  INFO -- : Writing /home/runner/work/human-essentials/human-essentials/public/assets/stimulus.min-dd364f16ec9504dfb72672295637a1c8838773b01c0b441bd41008124c407894.js
2024-02-22T01:28:02.7906482Z I, [2024-02-21T17:28:02.767815 #2233]  INFO -- : Writing /home/runner/work/human-essentials/human-essentials/public/assets/stimulus.min-dd364f16ec9504dfb72672295637a1c8838773b01c0b441bd41008124c407894.js.gz
2024-02-22T01:28:02.7910058Z I, [2024-02-21T17:28:02.767913 #2233]  INFO -- : Writing /home/runner/work/human-essentials/human-essentials/public/assets/stimulus-autoloader-c584942b568ba74879da31c7c3d51366737bacaf6fbae659383c0a5653685693.js
2024-02-22T01:28:02.7913429Z I, [2024-02-21T17:28:02.767982 #2233]  INFO -- : Writing /home/runner/work/human-essentials/human-essentials/public/assets/stimulus-autoloader-c584942b568ba74879da31c7c3d51366737bacaf6fbae659383c0a5653685693.js.gz
2024-02-22T01:28:02.7917015Z I, [2024-02-21T17:28:02.768078 #2233]  INFO -- : Writing /home/runner/work/human-essentials/human-essentials/public/assets/stimulus-importmap-autoloader-db2076c783bf2dbee1226e2add52fef290b5d31b5bcd1edd999ac8a6dd31c44a.js
2024-02-22T01:28:02.7920650Z I, [2024-02-21T17:28:02.768149 #2233]  INFO -- : Writing /home/runner/work/human-essentials/human-essentials/public/assets/stimulus-importmap-autoloader-db2076c783bf2dbee1226e2add52fef290b5d31b5bcd1edd999ac8a6dd31c44a.js.gz
2024-02-22T01:28:02.7924122Z I, [2024-02-21T17:28:02.768250 #2233]  INFO -- : Writing /home/runner/work/human-essentials/human-essentials/public/assets/stimulus-loading-3576ce92b149ad5d6959438c6f291e2426c86df3b874c525b30faad51b0d96b3.js
2024-02-22T01:28:02.7927596Z I, [2024-02-21T17:28:02.768324 #2233]  INFO -- : Writing /home/runner/work/human-essentials/human-essentials/public/assets/stimulus-loading-3576ce92b149ad5d6959438c6f291e2426c86df3b874c525b30faad51b0d96b3.js.gz
2024-02-22T01:28:02.7930940Z I, [2024-02-21T17:28:02.768427 #2233]  INFO -- : Writing /home/runner/work/human-essentials/human-essentials/public/assets/stimulus.min.js-2cc63625fa177963b45da974806e7aee846cbf1d4930815733d0fdf3fb232325.map
2024-02-22T01:28:02.7934626Z I, [2024-02-21T17:28:02.768505 #2233]  INFO -- : Writing /home/runner/work/human-essentials/human-essentials/public/assets/stimulus.min.js-2cc63625fa177963b45da974806e7aee846cbf1d4930815733d0fdf3fb232325.map.gz
2024-02-22T01:28:02.7938534Z I, [2024-02-21T17:28:02.768608 #2233]  INFO -- : Writing /home/runner/work/human-essentials/human-essentials/public/assets/activestorage-3ab61e47dd4ee2d79db525ade1dca2ede0ea2b7371fe587e408ee37b7ade265d.js
2024-02-22T01:28:02.7942160Z I, [2024-02-21T17:28:02.768687 #2233]  INFO -- : Writing /home/runner/work/human-essentials/human-essentials/public/assets/activestorage-3ab61e47dd4ee2d79db525ade1dca2ede0ea2b7371fe587e408ee37b7ade265d.js.gz
2024-02-22T01:28:02.7945600Z I, [2024-02-21T17:28:02.768792 #2233]  INFO -- : Writing /home/runner/work/human-essentials/human-essentials/public/assets/activestorage.esm-01f58a45d77495cdfbdfcc872902a430426c4391634ec9c3da5f69fbf8418492.js
2024-02-22T01:28:02.7949134Z I, [2024-02-21T17:28:02.768868 #2233]  INFO -- : Writing /home/runner/work/human-essentials/human-essentials/public/assets/activestorage.esm-01f58a45d77495cdfbdfcc872902a430426c4391634ec9c3da5f69fbf8418492.js.gz
2024-02-22T01:28:02.7952490Z I, [2024-02-21T17:28:02.768969 #2233]  INFO -- : Writing /home/runner/work/human-essentials/human-essentials/public/assets/actioncable-5433453f9b6619a9de91aaab2d7fc7ff183e5260c0107cbc9a1aa0c838d9a74e.js
2024-02-22T01:28:02.7955848Z I, [2024-02-21T17:28:02.769047 #2233]  INFO -- : Writing /home/runner/work/human-essentials/human-essentials/public/assets/actioncable-5433453f9b6619a9de91aaab2d7fc7ff183e5260c0107cbc9a1aa0c838d9a74e.js.gz
2024-02-22T01:28:02.7959181Z I, [2024-02-21T17:28:02.769147 #2233]  INFO -- : Writing /home/runner/work/human-essentials/human-essentials/public/assets/actioncable.esm-e01089c3ec4fe7817fa9abcad06cab6bdc387f95f0ca6aab4bf7ba7537f70690.js
2024-02-22T01:28:02.7962608Z I, [2024-02-21T17:28:02.769224 #2233]  INFO -- : Writing /home/runner/work/human-essentials/human-essentials/public/assets/actioncable.esm-e01089c3ec4fe7817fa9abcad06cab6bdc387f95f0ca6aab4bf7ba7537f70690.js.gz
2024-02-22T01:28:03.2885735Z Coverage report generated for RSpec to /home/runner/work/human-essentials/human-essentials/coverage. 329 / 10166 LOC (3.24%) covered.
2024-02-22T01:28:03.3712227Z ##[group]Run RUBYOPT='-W:no-deprecated -W:no-experimental' bin/knapsack_pro_rspec
2024-02-22T01:28:03.3713087Z [36;1mRUBYOPT='-W:no-deprecated -W:no-experimental' bin/knapsack_pro_rspec[0m
2024-02-22T01:28:03.3740798Z shell: /usr/bin/bash -e {0}
2024-02-22T01:28:03.3741195Z env:
2024-02-22T01:28:03.3745067Z   POSTGRES_HOST: localhost
2024-02-22T01:28:03.3745481Z   DATABASE_HOST: localhost
2024-02-22T01:28:03.3745851Z   PG_USERNAME: postgres
2024-02-22T01:28:03.3746290Z   PG_PASSWORD: password
2024-02-22T01:28:03.3746675Z   POSTGRES_HOST_AUTH_METHOD: trust
2024-02-22T01:28:03.3747042Z   POSTGRES_PORT: 5432
2024-02-22T01:28:03.3747455Z   PGHOST: localhost
2024-02-22T01:28:03.3747822Z   PGUSER: postgres
2024-02-22T01:28:03.3748208Z   RAILS_ENV: test
2024-02-22T01:28:03.3748578Z   KNAPSACK_PRO_TEST_SUITE_TOKEN_RSPEC: 
2024-02-22T01:28:03.3748974Z   KNAPSACK_PRO_CI_NODE_TOTAL: 6
2024-02-22T01:28:03.3749430Z   KNAPSACK_PRO_CI_NODE_INDEX: 2
2024-02-22T01:28:03.3749984Z   KNAPSACK_PRO_RSPEC_SPLIT_BY_TEST_EXAMPLES: true
2024-02-22T01:28:03.3750496Z   KNAPSACK_PRO_LOG_LEVEL: info
2024-02-22T01:28:03.3751101Z   KNAPSACK_PRO_TEST_FILE_PATTERN: {spec/system/**{,/*/**}/*_spec.rb,spec/requests/**{,/*/**}/*_spec.rb}
2024-02-22T01:28:03.3751746Z   EVENTS_READ: true
2024-02-22T01:28:03.3752139Z ##[endgroup]
2024-02-22T01:28:09.0560737Z W, [2024-02-22T01:28:09.055691 #2330]  WARN -- : [knapsack_pro] GET https://api-disabled-for-fork.knapsackpro.com/v1/build_distributions/last
2024-02-22T01:28:09.0563399Z W, [2024-02-22T01:28:09.055754 #2330]  WARN -- : [knapsack_pro] Request failed due to:
2024-02-22T01:28:09.0569826Z W, [2024-02-22T01:28:09.055770 #2330]  WARN -- : [knapsack_pro] #<SocketError: Failed to open TCP connection to api-disabled-for-fork.knapsackpro.com:443 (getaddrinfo: Name or service not known)>
2024-02-22T01:28:09.0575416Z W, [2024-02-22T01:28:09.055795 #2330]  WARN -- : [knapsack_pro] Slow test files fallback behaviour started. We could not connect with Knapsack Pro API to fetch last CI build test files that are needed to determine slow test files. No test files will be split by test cases. It means all test files will be split by the whole test files as if split by test cases would be disabled https://knapsackpro.com/perma/ruby/split-by-test-examples
2024-02-22T01:28:11.6356046Z W, [2024-02-22T01:28:11.635172 #2330]  WARN -- : [knapsack_pro] POST https://api-disabled-for-fork.knapsackpro.com/v1/build_distributions/subset
2024-02-22T01:28:11.6357921Z W, [2024-02-22T01:28:11.635213 #2330]  WARN -- : [knapsack_pro] Request failed due to:
2024-02-22T01:28:11.6359815Z W, [2024-02-22T01:28:11.635227 #2330]  WARN -- : [knapsack_pro] #<SocketError: Failed to open TCP connection to api-disabled-for-fork.knapsackpro.com:443 (getaddrinfo: Name or service not known)>
2024-02-22T01:28:11.6363115Z W, [2024-02-22T01:28:11.635271 #2330]  WARN -- : [knapsack_pro] Fallback mode started. We could not connect with Knapsack Pro API. Your tests will be executed based on directory names. Read more about fallback mode at https://knapsackpro.com/perma/ruby/fallback-mode
2024-02-22T01:28:11.6419332Z /opt/hostedtoolcache/Ruby/3.2.2/x64/bin/ruby -I/home/runner/work/human-essentials/human-essentials/vendor/bundle/ruby/3.2.0/gems/rspec-core-3.12.2/lib:/home/runner/work/human-essentials/human-essentials/vendor/bundle/ruby/3.2.0/gems/rspec-support-3.12.1/lib /home/runner/work/human-essentials/human-essentials/vendor/bundle/ruby/3.2.0/gems/rspec-core-3.12.2/exe/rspec  --format documentation --format KnapsackPro::Formatters::TimeTracker --default-path spec "spec/requests/admin/account_requests_requests_spec.rb" "spec/requests/admin/questions_spec.rb" "spec/requests/broadcast_announcements_spec.rb" "spec/requests/item_categories_requests_spec.rb" "spec/requests/partners/distributions_spec.rb" "spec/requests/partners/user_requests_spec.rb" "spec/requests/reports/annual_reports_requests_spec.rb" "spec/requests/users/omniauth_callbacks_requests_spec.rb" "spec/system/admin/account_requests_system_spec.rb" "spec/system/annual_reports_system_spec.rb" "spec/system/distributions_by_county_system_spec.rb" "spec/system/log_in_system_spec.rb" "spec/system/partners/approval_process_spec.rb" "spec/system/partners/profile_served_area_system_spec.rb" "spec/system/request_system_spec.rb"
2024-02-22T01:28:19.9509737Z 
2024-02-22T01:28:19.9510589Z Randomized with seed 64361
2024-02-22T01:28:20.9710416Z 
2024-02-22T01:28:20.9711065Z /partners/users
2024-02-22T01:28:20.9712594Z   PATCH #update
2024-02-22T01:28:21.0437158Z     lets the name be updated
2024-02-22T01:28:21.0437903Z   GET #edit
2024-02-22T01:28:21.1061880Z     successfully loads the page
2024-02-22T01:28:21.1062616Z 
2024-02-22T01:28:21.1062837Z ItemCategories
2024-02-22T01:28:21.1065271Z   PUT #update
2024-02-22T01:28:21.1066105Z     with invalid parameters
2024-02-22T01:28:21.1639308Z       does not render a successful response
2024-02-22T01:28:21.1640366Z     with valid parameters
2024-02-22T01:28:21.1888923Z       updates the ItemCategory and redirects
2024-02-22T01:28:21.1889839Z   GET #edit
2024-02-22T01:28:21.2233555Z     renders a successful response
2024-02-22T01:28:21.2234552Z   GET #show
2024-02-22T01:28:21.2573539Z     renders a successful response
2024-02-22T01:28:21.2574481Z   GET #new
2024-02-22T01:28:21.2861755Z     renders a successful response
2024-02-22T01:28:21.2863168Z   POST #create
2024-02-22T01:28:21.2863856Z     with invalid parameters
2024-02-22T01:28:21.3224985Z       does not create a new ItemCategory
2024-02-22T01:28:21.3225616Z     with valid parameters
2024-02-22T01:28:21.3409395Z       creates a new ItemCategory then redirects
2024-02-22T01:28:21.3410841Z 
2024-02-22T01:28:21.3411258Z Requests
2024-02-22T01:28:21.3412710Z   #show
2024-02-22T01:28:31.6448318Z     should show the request with a request sender if a partner user is set
2024-02-22T01:28:32.1751478Z     should show the request without a request sender if a partner user is not set
2024-02-22T01:28:32.7433556Z     should show the number of items on-hand
2024-02-22T01:28:32.7434454Z     change status request
2024-02-22T01:28:34.5569106Z       should change to started
2024-02-22T01:28:34.5569815Z       when save the distribution
2024-02-22T01:28:35.8318849Z         should change request to fulfilled
2024-02-22T01:28:35.8319498Z   #index
2024-02-22T01:28:36.4453874Z     lists requests
2024-02-22T01:28:37.2916331Z     can be exported in CSV
2024-02-22T01:28:37.2917070Z     when filtering on the index page
2024-02-22T01:28:37.2917958Z       when filtering by partner
2024-02-22T01:28:38.2113683Z         constrains the list
2024-02-22T01:28:38.2114611Z       with filters cleared
2024-02-22T01:28:39.1340734Z         displays all requests
2024-02-22T01:28:39.1341847Z       when exporting as CSV
2024-02-22T01:28:40.1418340Z         respects the applied filters
2024-02-22T01:28:40.1419085Z       when filtering by status
2024-02-22T01:28:41.0785613Z         constrains the list
2024-02-22T01:28:41.0786522Z       when filtering by item
2024-02-22T01:28:42.0140225Z         constrains the list
2024-02-22T01:28:42.0141145Z     behaves like Date Range Picker
2024-02-22T01:28:42.0142296Z       when choosing 'Last Month'
2024-02-22T01:28:43.2187987Z         shows only 2 of the records
2024-02-22T01:28:43.2188822Z       when choosing a date range that only includes the previous week
2024-02-22T01:28:44.2806963Z         shows only 1 record
2024-02-22T01:28:44.2807951Z       when choosing 'All Time'
2024-02-22T01:28:45.3750952Z         shows all the records
2024-02-22T01:28:45.3751697Z   canceling a request as a bank user
2024-02-22T01:28:45.3752867Z     when a bank user cancels a request
2024-02-22T01:28:46.4819586Z       should set the request as canceled/discarded and contain the reason
2024-02-22T01:28:46.4820396Z 
2024-02-22T01:28:46.4821299Z BroadcastAnnouncements
2024-02-22T01:28:46.4823489Z   GET /index
2024-02-22T01:28:46.5241817Z     renders a successful response
2024-02-22T01:28:46.5242536Z   GET /edit
2024-02-22T01:28:46.5553511Z     render a successful response
2024-02-22T01:28:46.5554227Z   PATCH /update
2024-02-22T01:28:46.5555094Z     with invalid parameters
2024-02-22T01:28:46.5868691Z       does not render a successful response
2024-02-22T01:28:46.5869607Z     with valid parameters
2024-02-22T01:28:46.6049314Z       updates the requested announcement and redirects
2024-02-22T01:28:46.6050285Z   GET /new
2024-02-22T01:28:46.6322724Z     renders a successful response
2024-02-22T01:28:46.6323617Z   POST /create
2024-02-22T01:28:46.6324131Z     with valid parameters
2024-02-22T01:28:46.6488809Z       creates a new BroadcastAnnouncement then redirects
2024-02-22T01:28:46.6489769Z     with invalid parameters
2024-02-22T01:28:46.6782116Z       does not create a new BroadcastAnnouncement
2024-02-22T01:28:46.7069779Z       does not render a successful response
2024-02-22T01:28:46.7070885Z   DELETE /destroy
2024-02-22T01:28:46.7246503Z     destroys the requested announcement then redirects
2024-02-22T01:28:46.7247138Z 
2024-02-22T01:28:46.7247461Z Approval process for partners
2024-02-22T01:28:46.7249228Z   filling in organization details and requesting for approval
2024-02-22T01:28:46.7250293Z     GIVEN a partner user is new and wants to request approval
2024-02-22T01:29:03.6916279Z       should not allow them to make requests on the dashboard or the requests page
2024-02-22T01:29:03.6917057Z       AND they fill out the form and submit it
2024-02-22T01:29:03.6918030Z         THEN the organization approves them
2024-02-22T01:29:07.0506701Z           should show that they have been approved and able to make requests
2024-02-22T01:29:07.0508011Z   request approval with invalid details
2024-02-22T01:29:08.4155454Z     should render an error message
2024-02-22T01:29:08.4156077Z 
2024-02-22T01:29:08.4156774Z Authentication
2024-02-22T01:29:08.4157585Z   Success
2024-02-22T01:29:09.1340577Z     should show dashboard upon signin
2024-02-22T01:29:09.1341399Z   Showing the modal warning in staging
2024-02-22T01:29:09.1342822Z     when accessing /users/password/new in the staging environment
2024-02-22T01:29:09.5934391Z       should render the modal
2024-02-22T01:29:09.5935367Z     when accessing /users/password/new not in the staging environment
2024-02-22T01:29:10.0342189Z       should not render the modal
2024-02-22T01:29:10.0343157Z     when accessing /users/sign_in in the staging environment
2024-02-22T01:29:10.4851240Z       should render the modal
2024-02-22T01:29:10.4852230Z     when accessing /users/sign_in not in the staging environment
2024-02-22T01:29:10.8866661Z       should not render the modal
2024-02-22T01:29:10.8867463Z   Deactivated user
2024-02-22T01:29:11.6471622Z     should not allow the user to log in
2024-02-22T01:29:11.6492973Z 
2024-02-22T01:29:11.6493396Z Distributions by County
2024-02-22T01:29:11.6494197Z   handles time ranges properly
2024-02-22T01:29:13.4994833Z     works for all time
2024-02-22T01:29:15.3036408Z     works for this year
2024-02-22T01:29:15.3037320Z 
2024-02-22T01:29:15.3037697Z Annual Reports
2024-02-22T01:29:15.3038460Z   while signed in as an organization admin
2024-02-22T01:29:15.8581847Z     exists
2024-02-22T01:29:16.3969488Z     has the report from last year, if there is a purchase from last year
2024-02-22T01:29:17.4945543Z     has all the sub-reports we expect
2024-02-22T01:29:17.4946124Z 
2024-02-22T01:29:17.4946271Z Account Requests Admin
2024-02-22T01:29:17.4947794Z   while signed in as a super admin
2024-02-22T01:29:17.4948851Z     user rejects an account request
2024-02-22T01:29:18.4405125Z       should reject the account
2024-02-22T01:29:18.4405695Z     user visits the for_rejection page
2024-02-22T01:29:19.3822928Z       should reject the account
2024-02-22T01:29:19.3823637Z     user visits the index page
2024-02-22T01:29:19.9019261Z       shows unconfirmed account requests within appropriate table
2024-02-22T01:29:20.4265637Z       shows confirmed account requests within appropriate table
2024-02-22T01:29:20.4266345Z 
2024-02-22T01:29:20.4267884Z Annual Reports
2024-02-22T01:29:20.4268597Z   While signed in
2024-02-22T01:29:20.4269151Z     GET /index
2024-02-22T01:29:20.4580560Z       returns http success
2024-02-22T01:29:20.4581384Z     GET /show
2024-02-22T01:29:20.4920150Z       retrieves and uses the existing report if it exists
2024-02-22T01:29:20.5837748Z       returns http success
2024-02-22T01:29:20.6112979Z       returns not found if the year params is not number
2024-02-22T01:29:20.7030901Z       retrieves and updated the existing report if it exists
2024-02-22T01:29:20.7032240Z     POST /recalculate
2024-02-22T01:29:20.7818704Z       recalculates an existing report
2024-02-22T01:29:20.8572305Z       recalculates new reports
2024-02-22T01:29:20.8572899Z 
2024-02-22T01:29:20.8573417Z Users - Omniauth Callbacks
2024-02-22T01:29:20.8574618Z   GET #google_oauth2
2024-02-22T01:29:20.8575490Z     without a valid user
2024-02-22T01:29:20.8655302Z       should redirect to new registration URL
2024-02-22T01:29:20.8656096Z     with a valid user
2024-02-22T01:29:20.8881547Z       redirects correctly
2024-02-22T01:29:20.8882382Z 
2024-02-22T01:29:20.8882729Z Admin::Questions
2024-02-22T01:29:20.8884043Z   while signed in as a super admin
2024-02-22T01:29:20.8885304Z     GET #edit
2024-02-22T01:29:20.9442000Z       lets the user load the edit question page
2024-02-22T01:29:20.9442970Z     DELETE #destroy
2024-02-22T01:29:20.9768641Z       lets the user delete questions
2024-02-22T01:29:20.9769160Z     GET #index
2024-02-22T01:29:21.0098509Z       lets the user load the page
2024-02-22T01:29:21.0099303Z     GET #new
2024-02-22T01:29:21.0436174Z       lets the user load the new question page
2024-02-22T01:29:21.0437365Z     PATCH #update
2024-02-22T01:29:21.0671079Z       lets the user update questions
2024-02-22T01:29:21.0671895Z     POST #create
2024-02-22T01:29:21.0879954Z       lets the user create questions
2024-02-22T01:29:21.0880709Z 
2024-02-22T01:29:21.0881083Z Partners profile served area behaviour
2024-02-22T01:29:21.0882395Z   changing the client share
2024-02-22T01:29:22.5286431Z     handles an invalid total client share properly
2024-02-22T01:29:23.9932590Z     handles deletion properly
2024-02-22T01:29:24.8809207Z     handles addition properly
2024-02-22T01:29:26.1729231Z     handles a changed but correct total client share properly
2024-02-22T01:29:26.1729987Z 
2024-02-22T01:29:26.1730208Z /partners/distributions
2024-02-22T01:29:26.1731034Z   GET #index
2024-02-22T01:29:26.2212364Z     should render without any issues
2024-02-22T01:29:26.2213174Z   GET #print
2024-02-22T01:29:26.3507367Z     returns http success
2024-02-22T01:29:26.3508329Z     with non-UTF8 characters
2024-02-22T01:29:26.4815410Z       returns http success
2024-02-22T01:29:26.4816019Z 
2024-02-22T01:29:26.4816289Z Admin::AccountRequestsController
2024-02-22T01:29:26.4818757Z   while signed in as a super admin
2024-02-22T01:29:26.4819633Z     GET #for_rejection
2024-02-22T01:29:26.4820534Z       with a valid token
2024-02-22T01:29:26.5245220Z         should show the request
2024-02-22T01:29:26.5245708Z       with an invalid token
2024-02-22T01:29:26.5520274Z         should show a not found message
2024-02-22T01:29:26.5521262Z     POST #reject
2024-02-22T01:29:26.5756315Z       should redirect back on success
2024-02-22T01:29:26.5757183Z     GET #index
2024-02-22T01:29:26.6067827Z       returns success
2024-02-22T01:29:26.6483720Z W, [2024-02-21T17:29:26.648118 #2365]  WARN -- : [knapsack_pro] POST https://api-disabled-for-fork.knapsackpro.com/v1/build_subsets
2024-02-22T01:29:26.6485608Z W, [2024-02-21T17:29:26.648161 #2365]  WARN -- : [knapsack_pro] Request failed due to:
2024-02-22T01:29:26.6487906Z W, [2024-02-21T17:29:26.648175 #2365]  WARN -- : [knapsack_pro] #<SocketError: Failed to open TCP connection to api-disabled-for-fork.knapsackpro.com:443 (getaddrinfo: Name or service not known)>
2024-02-22T01:29:26.6491167Z W, [2024-02-21T17:29:26.648208 #2365]  WARN -- : [knapsack_pro] Time execution report was not saved on Knapsack Pro API server due to connection problem.
2024-02-22T01:29:26.6492400Z 
2024-02-22T01:29:26.6492910Z Finished in 1 minute 6.7 seconds (files took 8.08 seconds to load)
2024-02-22T01:29:26.6494316Z 78 examples, 0 failures
2024-02-22T01:29:26.6494700Z 
2024-02-22T01:29:26.6494930Z Randomized with seed 64361
2024-02-22T01:29:26.6495513Z 
2024-02-22T01:29:27.0923326Z Coverage report generated for RSpec to /home/runner/work/human-essentials/human-essentials/coverage. 3603 / 6403 LOC (56.27%) covered.
2024-02-22T01:29:27.5874819Z Coverage report generated for RSpec to /home/runner/work/human-essentials/human-essentials/coverage. 38 / 10651 LOC (0.36%) covered.
2024-02-22T01:29:27.6253517Z Post job cleanup.
2024-02-22T01:29:27.7314704Z [command]/usr/bin/git version
2024-02-22T01:29:27.7365112Z git version 2.43.2
2024-02-22T01:29:27.7412107Z Temporarily overriding HOME='/home/runner/work/_temp/ed726db2-faef-466a-9003-c7d6198963bf' before making global git config changes
2024-02-22T01:29:27.7414222Z Adding repository directory to the temporary git global config as a safe directory
2024-02-22T01:29:27.7419151Z [command]/usr/bin/git config --global --add safe.directory /home/runner/work/human-essentials/human-essentials
2024-02-22T01:29:27.7464116Z [command]/usr/bin/git config --local --name-only --get-regexp core\.sshCommand
2024-02-22T01:29:27.7507270Z [command]/usr/bin/git submodule foreach --recursive sh -c "git config --local --name-only --get-regexp 'core\.sshCommand' && git config --local --unset-all 'core.sshCommand' || :"
2024-02-22T01:29:27.7759773Z [command]/usr/bin/git config --local --name-only --get-regexp http\.https\:\/\/github\.com\/\.extraheader
2024-02-22T01:29:27.7796240Z http.https://github.com/.extraheader
2024-02-22T01:29:27.7806457Z [command]/usr/bin/git config --local --unset-all http.https://github.com/.extraheader
2024-02-22T01:29:27.7849591Z [command]/usr/bin/git submodule foreach --recursive sh -c "git config --local --name-only --get-regexp 'http\.https\:\/\/github\.com\/\.extraheader' && git config --local --unset-all 'http.https://github.com/.extraheader' || :"
2024-02-22T01:29:27.8273217Z Print service container logs: e8ca3c9497504518a944408e9d30756f_postgres123_e40a81
2024-02-22T01:29:27.8278659Z ##[command]/usr/bin/docker logs --details 46815909f23729bb6cfaeb25e04a05144b00c4e749c744c85685fb4f254b8e7d
2024-02-22T01:29:27.8398863Z  The files belonging to this database system will be owned by user "postgres".
2024-02-22T01:29:27.8401561Z  initdb: warning: enabling "trust" authentication for local connections
2024-02-22T01:29:27.8402897Z  You can change this by editing pg_hba.conf or using the option -A, or
2024-02-22T01:29:27.8404540Z  --auth-local and --auth-host, the next time you run initdb.
2024-02-22T01:29:27.8405779Z  2024-02-22 01:26:52.784 UTC [1] LOG:  starting PostgreSQL 12.3 (Debian 12.3-1.pgdg100+1) on x86_64-pc-linux-gnu, compiled by gcc (Debian 8.3.0-6) 8.3.0, 64-bit
2024-02-22T01:29:27.8406936Z  2024-02-22 01:26:52.784 UTC [1] LOG:  listening on IPv4 address "0.0.0.0", port 5432
2024-02-22T01:29:27.8409072Z  2024-02-22 01:26:52.784 UTC [1] LOG:  listening on IPv6 address "::", port 5432
2024-02-22T01:29:27.8410830Z  2024-02-22 01:26:52.785 UTC [1] LOG:  listening on Unix socket "/var/run/postgresql/.s.PGSQL.5432"
2024-02-22T01:29:27.8413050Z  2024-02-22 01:26:52.797 UTC [56] LOG:  database system was shut down at 2024-02-22 01:26:52 UTC
2024-02-22T01:29:27.8414418Z  2024-02-22 01:26:52.804 UTC [1] LOG:  database system is ready to accept connections
2024-02-22T01:29:27.8415762Z  2024-02-22 01:27:02.000 UTC [70] FATAL:  role "root" does not exist
2024-02-22T01:29:27.8416823Z  2024-02-22 01:27:12.081 UTC [79] FATAL:  role "root" does not exist
2024-02-22T01:29:27.8417941Z  2024-02-22 01:27:21.097 UTC [80] FATAL:  database "diaper_test" does not exist
2024-02-22T01:29:27.8419072Z  2024-02-22 01:27:22.163 UTC [89] FATAL:  role "root" does not exist
2024-02-22T01:29:27.8421165Z  2024-02-22 01:27:27.936 UTC [90] ERROR:  relation "flipper_gates" does not exist at character 491
2024-02-22T01:29:27.8422914Z  2024-02-22 01:27:27.936 UTC [90] STATEMENT:  SELECT a.attname, format_type(a.atttypid, a.atttypmod),
2024-02-22T01:29:27.8424700Z  	       pg_get_expr(d.adbin, d.adrelid), a.attnotnull, a.atttypid, a.atttypmod,
2024-02-22T01:29:27.8426631Z  	       c.collname, col_description(a.attrelid, a.attnum) AS comment,
2024-02-22T01:29:27.8427889Z  	       attgenerated as attgenerated
2024-02-22T01:29:27.8430093Z  	  FROM pg_attribute a
2024-02-22T01:29:27.8431195Z  	  LEFT JOIN pg_attrdef d ON a.attrelid = d.adrelid AND a.attnum = d.adnum
2024-02-22T01:29:27.8431952Z  	  LEFT JOIN pg_type t ON a.atttypid = t.oid
2024-02-22T01:29:27.8432648Z  	  LEFT JOIN pg_collation c ON a.attcollation = c.oid AND a.attcollation <> t.typcollation
2024-02-22T01:29:27.8433375Z  	 WHERE a.attrelid = '"flipper_gates"'::regclass
2024-02-22T01:29:27.8433954Z  	   AND a.attnum > 0 AND NOT a.attisdropped
2024-02-22T01:29:27.8434406Z  	 ORDER BY a.attnum
2024-02-22T01:29:27.8434719Z  	
2024-02-22T01:29:27.8435206Z  2024-02-22 01:27:32.258 UTC [100] FATAL:  role "root" does not exist
2024-02-22T01:29:27.8435853Z  2024-02-22 01:27:42.343 UTC [109] FATAL:  role "root" does not exist
2024-02-22T01:29:27.8436517Z  2024-02-22 01:27:52.423 UTC [117] FATAL:  role "root" does not exist
2024-02-22T01:29:27.8437221Z  2024-02-22 01:28:02.507 UTC [126] FATAL:  role "root" does not exist
2024-02-22T01:29:27.8437869Z  2024-02-22 01:28:12.604 UTC [134] FATAL:  role "root" does not exist
2024-02-22T01:29:27.8438555Z  2024-02-22 01:28:22.677 UTC [144] FATAL:  role "root" does not exist
2024-02-22T01:29:27.8439188Z  2024-02-22 01:28:32.768 UTC [153] FATAL:  role "root" does not exist
2024-02-22T01:29:27.8439793Z  2024-02-22 01:28:42.847 UTC [161] FATAL:  role "root" does not exist
2024-02-22T01:29:27.8440473Z  2024-02-22 01:28:52.933 UTC [169] FATAL:  role "root" does not exist
2024-02-22T01:29:27.8441105Z  2024-02-22 01:29:03.022 UTC [177] FATAL:  role "root" does not exist
2024-02-22T01:29:27.8441723Z  2024-02-22 01:29:13.118 UTC [185] FATAL:  role "root" does not exist
2024-02-22T01:29:27.8442676Z  2024-02-22 01:29:23.210 UTC [193] FATAL:  role "root" does not exist
2024-02-22T01:29:27.8443298Z  This user must also own the server process.
2024-02-22T01:29:27.8443743Z  
2024-02-22T01:29:27.8444275Z  The database cluster will be initialized with locale "en_US.utf8".
2024-02-22T01:29:27.8444909Z  The default database encoding has accordingly been set to "UTF8".
2024-02-22T01:29:27.8445558Z  The default text search configuration will be set to "english".
2024-02-22T01:29:27.8446145Z  
2024-02-22T01:29:27.8446459Z  Data page checksums are disabled.
2024-02-22T01:29:27.8446928Z  
2024-02-22T01:29:27.8447385Z  fixing permissions on existing directory /var/lib/postgresql/data ... ok
2024-02-22T01:29:27.8447961Z  creating subdirectories ... ok
2024-02-22T01:29:27.8448497Z  selecting dynamic shared memory implementation ... posix
2024-02-22T01:29:27.8449039Z  selecting default max_connections ... 100
2024-02-22T01:29:27.8449519Z  selecting default shared_buffers ... 128MB
2024-02-22T01:29:27.8450067Z  selecting default time zone ... Etc/UTC
2024-02-22T01:29:27.8450510Z  creating configuration files ... ok
2024-02-22T01:29:27.8450961Z  running bootstrap script ... ok
2024-02-22T01:29:27.8451481Z  performing post-bootstrap initialization ... ok
2024-02-22T01:29:27.8451918Z  syncing data to disk ... ok
2024-02-22T01:29:27.8452297Z  
2024-02-22T01:29:27.8452644Z  
2024-02-22T01:29:27.8453015Z  Success. You can now start the database server using:
2024-02-22T01:29:27.8453559Z  
2024-02-22T01:29:27.8453928Z      pg_ctl -D /var/lib/postgresql/data -l logfile start
2024-02-22T01:29:27.8454423Z  
2024-02-22T01:29:27.8455399Z  waiting for server to start....2024-02-22 01:26:52.579 UTC [47] LOG:  starting PostgreSQL 12.3 (Debian 12.3-1.pgdg100+1) on x86_64-pc-linux-gnu, compiled by gcc (Debian 8.3.0-6) 8.3.0, 64-bit
2024-02-22T01:29:27.8456595Z  2024-02-22 01:26:52.580 UTC [47] LOG:  listening on Unix socket "/var/run/postgresql/.s.PGSQL.5432"
2024-02-22T01:29:27.8457639Z  2024-02-22 01:26:52.591 UTC [48] LOG:  database system was shut down at 2024-02-22 01:26:52 UTC
2024-02-22T01:29:27.8458502Z  2024-02-22 01:26:52.595 UTC [47] LOG:  database system is ready to accept connections
2024-02-22T01:29:27.8459092Z   done
2024-02-22T01:29:27.8459391Z  server started
2024-02-22T01:29:27.8459770Z  
2024-02-22T01:29:27.8460269Z  /usr/local/bin/docker-entrypoint.sh: ignoring /docker-entrypoint-initdb.d/*
2024-02-22T01:29:27.8460914Z  
2024-02-22T01:29:27.8461328Z  2024-02-22 01:26:52.672 UTC [47] LOG:  received fast shutdown request
2024-02-22T01:29:27.8462502Z  waiting for server to shut down....2024-02-22 01:26:52.672 UTC [47] LOG:  aborting any active transactions
2024-02-22T01:29:27.8463606Z  2024-02-22 01:26:52.674 UTC [47] LOG:  background worker "logical replication launcher" (PID 54) exited with exit code 1
2024-02-22T01:29:27.8464420Z  2024-02-22 01:26:52.674 UTC [49] LOG:  shutting down
2024-02-22T01:29:27.8465016Z  2024-02-22 01:26:52.681 UTC [47] LOG:  database system is shut down
2024-02-22T01:29:27.8465608Z   done
2024-02-22T01:29:27.8465911Z  server stopped
2024-02-22T01:29:27.8466224Z  
2024-02-22T01:29:27.8466666Z  PostgreSQL init process complete; ready for start up.
2024-02-22T01:29:27.8467135Z  
2024-02-22T01:29:27.8474099Z Stop and remove container: e8ca3c9497504518a944408e9d30756f_postgres123_e40a81
2024-02-22T01:29:27.8480044Z ##[command]/usr/bin/docker rm --force 46815909f23729bb6cfaeb25e04a05144b00c4e749c744c85685fb4f254b8e7d
2024-02-22T01:29:28.0551858Z 46815909f23729bb6cfaeb25e04a05144b00c4e749c744c85685fb4f254b8e7d
2024-02-22T01:29:28.0577892Z Remove container network: github_network_073fcded8ffd4dc2947e83eac07da2e6
2024-02-22T01:29:28.0586691Z ##[command]/usr/bin/docker network rm github_network_073fcded8ffd4dc2947e83eac07da2e6
2024-02-22T01:29:28.3249482Z github_network_073fcded8ffd4dc2947e83eac07da2e6
2024-02-22T01:29:28.3417391Z Cleaning up orphan processes
