2024-03-02T16:36:35.0765851Z Requested labels: ubuntu-latest
2024-03-02T16:36:35.0766171Z Job defined at: rubyforgood/human-essentials/.github/workflows/rspec-events.yml@refs/pull/4150/merge
2024-03-02T16:36:35.0766273Z Waiting for a runner to pick up this job...
2024-03-02T16:37:51.6360832Z Job is waiting for a hosted runner to come online.
2024-03-02T16:37:55.0173939Z Job is about to start running on the hosted runner: GitHub Actions 10 (hosted)
2024-03-02T16:37:56.7915126Z Current runner version: '2.313.0'
2024-03-02T16:37:56.7938382Z ##[group]Operating System
2024-03-02T16:37:56.7938968Z Ubuntu
2024-03-02T16:37:56.7939433Z 22.04.4
2024-03-02T16:37:56.7939717Z LTS
2024-03-02T16:37:56.7940037Z ##[endgroup]
2024-03-02T16:37:56.7940500Z ##[group]Runner Image
2024-03-02T16:37:56.7940933Z Image: ubuntu-22.04
2024-03-02T16:37:56.7941288Z Version: 20240225.1.0
2024-03-02T16:37:56.7942362Z Included Software: https://github.com/actions/runner-images/blob/ubuntu22/20240225.1/images/ubuntu/Ubuntu2204-Readme.md
2024-03-02T16:37:56.7943810Z Image Release: https://github.com/actions/runner-images/releases/tag/ubuntu22%2F20240225.1
2024-03-02T16:37:56.7944626Z ##[endgroup]
2024-03-02T16:37:56.7945102Z ##[group]Runner Image Provisioner
2024-03-02T16:37:56.7945576Z 2.0.347.1
2024-03-02T16:37:56.7945870Z ##[endgroup]
2024-03-02T16:37:56.7948075Z ##[group]GITHUB_TOKEN Permissions
2024-03-02T16:37:56.7949667Z Actions: read
2024-03-02T16:37:56.7950088Z Checks: read
2024-03-02T16:37:56.7950727Z Contents: read
2024-03-02T16:37:56.7951273Z Deployments: read
2024-03-02T16:37:56.7951654Z Discussions: read
2024-03-02T16:37:56.7951997Z Issues: read
2024-03-02T16:37:56.7952407Z Metadata: read
2024-03-02T16:37:56.7952787Z Packages: read
2024-03-02T16:37:56.7953134Z Pages: read
2024-03-02T16:37:56.7953564Z PullRequests: read
2024-03-02T16:37:56.7953976Z RepositoryProjects: read
2024-03-02T16:37:56.7954396Z SecurityEvents: read
2024-03-02T16:37:56.7954854Z Statuses: read
2024-03-02T16:37:56.7955242Z ##[endgroup]
2024-03-02T16:37:56.7958110Z Secret source: None
2024-03-02T16:37:56.7958788Z Prepare workflow directory
2024-03-02T16:37:56.8824231Z Prepare all required actions
2024-03-02T16:37:56.8980888Z Getting action download info
2024-03-02T16:37:57.1302359Z Download action repository 'actions/checkout@v2' (SHA:ee0669bd1cc54295c223e0bb666b733df41de1c5)
2024-03-02T16:37:57.2638333Z Download action repository 'ruby/setup-ruby@v1' (SHA:d4526a55538b775af234ba4af27118ed6f8f6677)
2024-03-02T16:37:57.4469475Z Download action repository 'actions/upload-artifact@v2' (SHA:82c141cc518b40d92cc801eee768e7aafc9c2fa2)
2024-03-02T16:37:57.6164052Z Complete job name: rspec-events (2, 0)
2024-03-02T16:37:57.6831079Z ##[group]Checking docker version
2024-03-02T16:37:57.6845703Z ##[command]/usr/bin/docker version --format '{{.Server.APIVersion}}'
2024-03-02T16:37:57.7345697Z '1.43'
2024-03-02T16:37:57.7358523Z Docker daemon API version: '1.43'
2024-03-02T16:37:57.7359377Z ##[command]/usr/bin/docker version --format '{{.Client.APIVersion}}'
2024-03-02T16:37:57.7565355Z '1.43'
2024-03-02T16:37:57.7583650Z Docker client API version: '1.43'
2024-03-02T16:37:57.7588515Z ##[endgroup]
2024-03-02T16:37:57.7591740Z ##[group]Clean up resources from previous jobs
2024-03-02T16:37:57.7597439Z ##[command]/usr/bin/docker ps --all --quiet --no-trunc --filter "label=eab98d"
2024-03-02T16:37:57.7766840Z ##[command]/usr/bin/docker network prune --force --filter "label=eab98d"
2024-03-02T16:37:57.7926902Z ##[endgroup]
2024-03-02T16:37:57.7927437Z ##[group]Create local container network
2024-03-02T16:37:57.7938336Z ##[command]/usr/bin/docker network create --label eab98d github_network_e70c68684e2941c69402a16cabdeb0ac
2024-03-02T16:37:57.8774691Z 4b36ad59abb6dd454ab2c1e0c2c1641a60367412cb624b4a5f97b989eb2d42e5
2024-03-02T16:37:57.8791785Z ##[endgroup]
2024-03-02T16:37:57.8867621Z ##[group]Starting db service container
2024-03-02T16:37:57.8884371Z ##[command]/usr/bin/docker pull postgres:12.3
2024-03-02T16:37:58.1323304Z 12.3: Pulling from library/postgres
2024-03-02T16:37:58.1831049Z bf5952930446: Pulling fs layer
2024-03-02T16:37:58.1831906Z 9577476abb00: Pulling fs layer
2024-03-02T16:37:58.1832731Z 2bd105512d5c: Pulling fs layer
2024-03-02T16:37:58.1833442Z b1cd21c26e81: Pulling fs layer
2024-03-02T16:37:58.1834076Z 34a7c86cf8fc: Pulling fs layer
2024-03-02T16:37:58.1834558Z 274e7b0c38d5: Pulling fs layer
2024-03-02T16:37:58.1835005Z 3e831b350d37: Pulling fs layer
2024-03-02T16:37:58.1835437Z 38fa0d496534: Pulling fs layer
2024-03-02T16:37:58.1835862Z 31a8349609a4: Pulling fs layer
2024-03-02T16:37:58.1836625Z 14e4c2a4b7b7: Pulling fs layer
2024-03-02T16:37:58.1837027Z 964acfa02beb: Pulling fs layer
2024-03-02T16:37:58.1837508Z 31b1f20dffc0: Pulling fs layer
2024-03-02T16:37:58.1837898Z 14771c2930e9: Pulling fs layer
2024-03-02T16:37:58.1838289Z 2f30edd0ce8a: Pulling fs layer
2024-03-02T16:37:58.1838726Z 34a7c86cf8fc: Waiting
2024-03-02T16:37:58.1839077Z 274e7b0c38d5: Waiting
2024-03-02T16:37:58.1839438Z 3e831b350d37: Waiting
2024-03-02T16:37:58.1839805Z 38fa0d496534: Waiting
2024-03-02T16:37:58.1840135Z 31a8349609a4: Waiting
2024-03-02T16:37:58.1840435Z 14e4c2a4b7b7: Waiting
2024-03-02T16:37:58.1840858Z 964acfa02beb: Waiting
2024-03-02T16:37:58.1841198Z 31b1f20dffc0: Waiting
2024-03-02T16:37:58.1841508Z 14771c2930e9: Waiting
2024-03-02T16:37:58.1841909Z 2f30edd0ce8a: Waiting
2024-03-02T16:37:58.1842259Z b1cd21c26e81: Waiting
2024-03-02T16:37:58.2528766Z 2bd105512d5c: Verifying Checksum
2024-03-02T16:37:58.2530195Z 2bd105512d5c: Download complete
2024-03-02T16:37:58.3212197Z b1cd21c26e81: Download complete
2024-03-02T16:37:58.3674888Z 9577476abb00: Verifying Checksum
2024-03-02T16:37:58.3675736Z 9577476abb00: Download complete
2024-03-02T16:37:58.4215752Z 34a7c86cf8fc: Verifying Checksum
2024-03-02T16:37:58.4217015Z 34a7c86cf8fc: Download complete
2024-03-02T16:37:58.4387195Z 274e7b0c38d5: Download complete
2024-03-02T16:37:58.4833760Z 3e831b350d37: Verifying Checksum
2024-03-02T16:37:58.4834973Z 3e831b350d37: Download complete
2024-03-02T16:37:58.5313221Z 38fa0d496534: Verifying Checksum
2024-03-02T16:37:58.5315968Z 38fa0d496534: Download complete
2024-03-02T16:37:58.5747964Z bf5952930446: Verifying Checksum
2024-03-02T16:37:58.5748670Z bf5952930446: Download complete
2024-03-02T16:37:58.5920729Z 14e4c2a4b7b7: Download complete
2024-03-02T16:37:58.6649639Z 31b1f20dffc0: Verifying Checksum
2024-03-02T16:37:58.6650500Z 31b1f20dffc0: Download complete
2024-03-02T16:37:58.6911307Z 964acfa02beb: Verifying Checksum
2024-03-02T16:37:58.6912014Z 964acfa02beb: Download complete
2024-03-02T16:37:58.7298575Z 14771c2930e9: Verifying Checksum
2024-03-02T16:37:58.7299224Z 14771c2930e9: Download complete
2024-03-02T16:37:58.7532342Z 2f30edd0ce8a: Verifying Checksum
2024-03-02T16:37:58.7533055Z 2f30edd0ce8a: Download complete
2024-03-02T16:37:59.2139301Z 31a8349609a4: Verifying Checksum
2024-03-02T16:37:59.2140068Z 31a8349609a4: Download complete
2024-03-02T16:38:00.3639905Z bf5952930446: Pull complete
2024-03-02T16:38:01.5024163Z 9577476abb00: Pull complete
2024-03-02T16:38:01.5206328Z 2bd105512d5c: Pull complete
2024-03-02T16:38:01.6070896Z b1cd21c26e81: Pull complete
2024-03-02T16:38:02.1412076Z 34a7c86cf8fc: Pull complete
2024-03-02T16:38:02.2014027Z 274e7b0c38d5: Pull complete
2024-03-02T16:38:02.2105674Z 3e831b350d37: Pull complete
2024-03-02T16:38:02.2219857Z 38fa0d496534: Pull complete
2024-03-02T16:38:05.1502259Z 31a8349609a4: Pull complete
2024-03-02T16:38:05.1629595Z 14e4c2a4b7b7: Pull complete
2024-03-02T16:38:05.1733398Z 964acfa02beb: Pull complete
2024-03-02T16:38:05.1832030Z 31b1f20dffc0: Pull complete
2024-03-02T16:38:05.1926994Z 14771c2930e9: Pull complete
2024-03-02T16:38:05.2019953Z 2f30edd0ce8a: Pull complete
2024-03-02T16:38:05.2061372Z Digest: sha256:a06e6e6e519b7a329c419f8221edec66cfc45511e8b80e262c12103ba745cf19
2024-03-02T16:38:05.2077580Z Status: Downloaded newer image for postgres:12.3
2024-03-02T16:38:05.2086849Z docker.io/library/postgres:12.3
2024-03-02T16:38:05.2196312Z ##[command]/usr/bin/docker create --name 86e66c2d1331402c8f4229d7d79b279b_postgres123_eeb41b --label eab98d --network github_network_e70c68684e2941c69402a16cabdeb0ac --network-alias db -p 5432:5432 --health-cmd pg_isready --health-interval 10s --health-timeout 5s --health-retries 5 -e "POSTGRES_PASSWORD=password" -e GITHUB_ACTIONS=true -e CI=true postgres:12.3
2024-03-02T16:38:05.2481052Z d0f87748d849fd31c5ef2f2c8ac0b7623831b70e3647a046497e7195c09a8b1d
2024-03-02T16:38:05.2502520Z ##[command]/usr/bin/docker start d0f87748d849fd31c5ef2f2c8ac0b7623831b70e3647a046497e7195c09a8b1d
2024-03-02T16:38:05.5047984Z d0f87748d849fd31c5ef2f2c8ac0b7623831b70e3647a046497e7195c09a8b1d
2024-03-02T16:38:05.5065137Z ##[command]/usr/bin/docker ps --all --filter id=d0f87748d849fd31c5ef2f2c8ac0b7623831b70e3647a046497e7195c09a8b1d --filter status=running --no-trunc --format "{{.ID}} {{.Status}}"
2024-03-02T16:38:05.5204730Z d0f87748d849fd31c5ef2f2c8ac0b7623831b70e3647a046497e7195c09a8b1d Up Less than a second (health: starting)
2024-03-02T16:38:05.5224624Z ##[command]/usr/bin/docker port d0f87748d849fd31c5ef2f2c8ac0b7623831b70e3647a046497e7195c09a8b1d
2024-03-02T16:38:05.5358371Z 5432/tcp -> 0.0.0.0:5432
2024-03-02T16:38:05.5362743Z 5432/tcp -> [::]:5432
2024-03-02T16:38:05.5434878Z ##[endgroup]
2024-03-02T16:38:05.5461113Z ##[group]Waiting for all services to be ready
2024-03-02T16:38:05.5498145Z ##[command]/usr/bin/docker inspect --format="{{if .Config.Healthcheck}}{{print .State.Health.Status}}{{end}}" d0f87748d849fd31c5ef2f2c8ac0b7623831b70e3647a046497e7195c09a8b1d
2024-03-02T16:38:05.5645281Z starting
2024-03-02T16:38:05.5668324Z db service is starting, waiting 2 seconds before checking again.
2024-03-02T16:38:07.5670539Z ##[command]/usr/bin/docker inspect --format="{{if .Config.Healthcheck}}{{print .State.Health.Status}}{{end}}" d0f87748d849fd31c5ef2f2c8ac0b7623831b70e3647a046497e7195c09a8b1d
2024-03-02T16:38:07.5797050Z starting
2024-03-02T16:38:07.5809410Z db service is starting, waiting 3 seconds before checking again.
2024-03-02T16:38:11.4817094Z ##[command]/usr/bin/docker inspect --format="{{if .Config.Healthcheck}}{{print .State.Health.Status}}{{end}}" d0f87748d849fd31c5ef2f2c8ac0b7623831b70e3647a046497e7195c09a8b1d
2024-03-02T16:38:11.4932665Z starting
2024-03-02T16:38:11.4944917Z db service is starting, waiting 6 seconds before checking again.
2024-03-02T16:38:18.4050296Z ##[command]/usr/bin/docker inspect --format="{{if .Config.Healthcheck}}{{print .State.Health.Status}}{{end}}" d0f87748d849fd31c5ef2f2c8ac0b7623831b70e3647a046497e7195c09a8b1d
2024-03-02T16:38:18.4169315Z healthy
2024-03-02T16:38:18.4187944Z db service is healthy.
2024-03-02T16:38:18.4188535Z ##[endgroup]
2024-03-02T16:38:18.4553511Z ##[group]Run actions/checkout@v2
2024-03-02T16:38:18.4553967Z with:
2024-03-02T16:38:18.4554434Z   repository: rubyforgood/human-essentials
2024-03-02T16:38:18.4555049Z   token: ***
2024-03-02T16:38:18.4555369Z   ssh-strict: true
2024-03-02T16:38:18.4555798Z   persist-credentials: true
2024-03-02T16:38:18.4556178Z   clean: true
2024-03-02T16:38:18.4556473Z   fetch-depth: 1
2024-03-02T16:38:18.4556876Z   lfs: false
2024-03-02T16:38:18.4557208Z   submodules: false
2024-03-02T16:38:18.4557513Z   set-safe-directory: true
2024-03-02T16:38:18.4558010Z ##[endgroup]
2024-03-02T16:38:18.6519469Z Syncing repository: rubyforgood/human-essentials
2024-03-02T16:38:18.6521284Z ##[group]Getting Git version info
2024-03-02T16:38:18.6521999Z Working directory is '/home/runner/work/human-essentials/human-essentials'
2024-03-02T16:38:18.6522876Z [command]/usr/bin/git version
2024-03-02T16:38:18.6568400Z git version 2.43.2
2024-03-02T16:38:18.6592084Z ##[endgroup]
2024-03-02T16:38:18.6611379Z Temporarily overriding HOME='/home/runner/work/_temp/150b9554-210f-4b26-83be-56393ebe6b04' before making global git config changes
2024-03-02T16:38:18.6613222Z Adding repository directory to the temporary git global config as a safe directory
2024-03-02T16:38:18.6616649Z [command]/usr/bin/git config --global --add safe.directory /home/runner/work/human-essentials/human-essentials
2024-03-02T16:38:18.6663881Z Deleting the contents of '/home/runner/work/human-essentials/human-essentials'
2024-03-02T16:38:18.6668815Z ##[group]Initializing the repository
2024-03-02T16:38:18.6672768Z [command]/usr/bin/git init /home/runner/work/human-essentials/human-essentials
2024-03-02T16:38:18.6742871Z hint: Using 'master' as the name for the initial branch. This default branch name
2024-03-02T16:38:18.6744412Z hint: is subject to change. To configure the initial branch name to use in all
2024-03-02T16:38:18.6745718Z hint: of your new repositories, which will suppress this warning, call:
2024-03-02T16:38:18.6748817Z hint: 
2024-03-02T16:38:18.6751144Z hint: 	git config --global init.defaultBranch <name>
2024-03-02T16:38:18.6752144Z hint: 
2024-03-02T16:38:18.6753159Z hint: Names commonly chosen instead of 'master' are 'main', 'trunk' and
2024-03-02T16:38:18.6754717Z hint: 'development'. The just-created branch can be renamed via this command:
2024-03-02T16:38:18.6755859Z hint: 
2024-03-02T16:38:18.6756383Z hint: 	git branch -m <name>
2024-03-02T16:38:18.6757502Z Initialized empty Git repository in /home/runner/work/human-essentials/human-essentials/.git/
2024-03-02T16:38:18.6764449Z [command]/usr/bin/git remote add origin https://github.com/rubyforgood/human-essentials
2024-03-02T16:38:18.6807046Z ##[endgroup]
2024-03-02T16:38:18.6807945Z ##[group]Disabling automatic garbage collection
2024-03-02T16:38:18.6810739Z [command]/usr/bin/git config --local gc.auto 0
2024-03-02T16:38:18.6848618Z ##[endgroup]
2024-03-02T16:38:18.6854781Z ##[group]Setting up auth
2024-03-02T16:38:18.6855446Z [command]/usr/bin/git config --local --name-only --get-regexp core\.sshCommand
2024-03-02T16:38:18.6894724Z [command]/usr/bin/git submodule foreach --recursive sh -c "git config --local --name-only --get-regexp 'core\.sshCommand' && git config --local --unset-all 'core.sshCommand' || :"
2024-03-02T16:38:18.7181290Z [command]/usr/bin/git config --local --name-only --get-regexp http\.https\:\/\/github\.com\/\.extraheader
2024-03-02T16:38:18.7219440Z [command]/usr/bin/git submodule foreach --recursive sh -c "git config --local --name-only --get-regexp 'http\.https\:\/\/github\.com\/\.extraheader' && git config --local --unset-all 'http.https://github.com/.extraheader' || :"
2024-03-02T16:38:18.7458816Z [command]/usr/bin/git config --local http.https://github.com/.extraheader AUTHORIZATION: basic ***
2024-03-02T16:38:18.7509615Z ##[endgroup]
2024-03-02T16:38:18.7510505Z ##[group]Fetching the repository
2024-03-02T16:38:18.7517783Z [command]/usr/bin/git -c protocol.version=2 fetch --no-tags --prune --progress --no-recurse-submodules --depth=1 origin +4b2af289bac71ccdfa12aa98053edab76dc234f7:refs/remotes/pull/4150/merge
2024-03-02T16:38:18.9051305Z remote: Enumerating objects: 1741, done.        
2024-03-02T16:38:18.9052747Z remote: Counting objects:   0% (1/1741)        
2024-03-02T16:38:18.9053761Z remote: Counting objects:   1% (18/1741)        
2024-03-02T16:38:18.9054602Z remote: Counting objects:   2% (35/1741)        
2024-03-02T16:38:18.9055483Z remote: Counting objects:   3% (53/1741)        
2024-03-02T16:38:18.9057716Z remote: Counting objects:   4% (70/1741)        
2024-03-02T16:38:18.9058473Z remote: Counting objects:   5% (88/1741)        
2024-03-02T16:38:18.9059021Z remote: Counting objects:   6% (105/1741)        
2024-03-02T16:38:18.9059665Z remote: Counting objects:   7% (122/1741)        
2024-03-02T16:38:18.9060204Z remote: Counting objects:   8% (140/1741)        
2024-03-02T16:38:18.9060962Z remote: Counting objects:   9% (157/1741)        
2024-03-02T16:38:18.9062155Z remote: Counting objects:  10% (175/1741)        
2024-03-02T16:38:18.9063110Z remote: Counting objects:  11% (192/1741)        
2024-03-02T16:38:18.9064129Z remote: Counting objects:  12% (209/1741)        
2024-03-02T16:38:18.9065045Z remote: Counting objects:  13% (227/1741)        
2024-03-02T16:38:18.9065823Z remote: Counting objects:  14% (244/1741)        
2024-03-02T16:38:18.9066432Z remote: Counting objects:  15% (262/1741)        
2024-03-02T16:38:18.9067177Z remote: Counting objects:  16% (279/1741)        
2024-03-02T16:38:18.9068068Z remote: Counting objects:  17% (296/1741)        
2024-03-02T16:38:18.9069024Z remote: Counting objects:  18% (314/1741)        
2024-03-02T16:38:18.9069928Z remote: Counting objects:  19% (331/1741)        
2024-03-02T16:38:18.9070757Z remote: Counting objects:  20% (349/1741)        
2024-03-02T16:38:18.9071860Z remote: Counting objects:  21% (366/1741)        
2024-03-02T16:38:18.9072588Z remote: Counting objects:  22% (384/1741)        
2024-03-02T16:38:18.9073508Z remote: Counting objects:  23% (401/1741)        
2024-03-02T16:38:18.9074882Z remote: Counting objects:  24% (418/1741)        
2024-03-02T16:38:18.9075761Z remote: Counting objects:  25% (436/1741)        
2024-03-02T16:38:18.9076691Z remote: Counting objects:  26% (453/1741)        
2024-03-02T16:38:18.9077491Z remote: Counting objects:  27% (471/1741)        
2024-03-02T16:38:18.9078319Z remote: Counting objects:  28% (488/1741)        
2024-03-02T16:38:18.9079369Z remote: Counting objects:  29% (505/1741)        
2024-03-02T16:38:18.9080225Z remote: Counting objects:  30% (523/1741)        
2024-03-02T16:38:18.9081135Z remote: Counting objects:  31% (540/1741)        
2024-03-02T16:38:18.9081882Z remote: Counting objects:  32% (558/1741)        
2024-03-02T16:38:18.9082679Z remote: Counting objects:  33% (575/1741)        
2024-03-02T16:38:18.9083600Z remote: Counting objects:  34% (592/1741)        
2024-03-02T16:38:18.9084439Z remote: Counting objects:  35% (610/1741)        
2024-03-02T16:38:18.9085613Z remote: Counting objects:  36% (627/1741)        
2024-03-02T16:38:18.9086615Z remote: Counting objects:  37% (645/1741)        
2024-03-02T16:38:18.9087497Z remote: Counting objects:  38% (662/1741)        
2024-03-02T16:38:18.9088262Z remote: Counting objects:  39% (679/1741)        
2024-03-02T16:38:18.9089139Z remote: Counting objects:  40% (697/1741)        
2024-03-02T16:38:18.9089912Z remote: Counting objects:  41% (714/1741)        
2024-03-02T16:38:18.9090657Z remote: Counting objects:  42% (732/1741)        
2024-03-02T16:38:18.9091505Z remote: Counting objects:  43% (749/1741)        
2024-03-02T16:38:18.9092295Z remote: Counting objects:  44% (767/1741)        
2024-03-02T16:38:18.9093014Z remote: Counting objects:  45% (784/1741)        
2024-03-02T16:38:18.9093856Z remote: Counting objects:  46% (801/1741)        
2024-03-02T16:38:18.9094654Z remote: Counting objects:  47% (819/1741)        
2024-03-02T16:38:18.9095431Z remote: Counting objects:  48% (836/1741)        
2024-03-02T16:38:18.9096324Z remote: Counting objects:  49% (854/1741)        
2024-03-02T16:38:18.9097370Z remote: Counting objects:  50% (871/1741)        
2024-03-02T16:38:18.9098095Z remote: Counting objects:  51% (888/1741)        
2024-03-02T16:38:18.9098944Z remote: Counting objects:  52% (906/1741)        
2024-03-02T16:38:18.9099739Z remote: Counting objects:  53% (923/1741)        
2024-03-02T16:38:18.9100501Z remote: Counting objects:  54% (941/1741)        
2024-03-02T16:38:18.9101342Z remote: Counting objects:  55% (958/1741)        
2024-03-02T16:38:18.9102181Z remote: Counting objects:  56% (975/1741)        
2024-03-02T16:38:18.9102951Z remote: Counting objects:  57% (993/1741)        
2024-03-02T16:38:18.9103814Z remote: Counting objects:  58% (1010/1741)        
2024-03-02T16:38:18.9104622Z remote: Counting objects:  59% (1028/1741)        
2024-03-02T16:38:18.9105446Z remote: Counting objects:  60% (1045/1741)        
2024-03-02T16:38:18.9106313Z remote: Counting objects:  61% (1063/1741)        
2024-03-02T16:38:18.9107111Z remote: Counting objects:  62% (1080/1741)        
2024-03-02T16:38:18.9107916Z remote: Counting objects:  63% (1097/1741)        
2024-03-02T16:38:18.9108762Z remote: Counting objects:  64% (1115/1741)        
2024-03-02T16:38:18.9109557Z remote: Counting objects:  65% (1132/1741)        
2024-03-02T16:38:18.9110359Z remote: Counting objects:  66% (1150/1741)        
2024-03-02T16:38:18.9111174Z remote: Counting objects:  67% (1167/1741)        
2024-03-02T16:38:18.9111962Z remote: Counting objects:  68% (1184/1741)        
2024-03-02T16:38:18.9112807Z remote: Counting objects:  69% (1202/1741)        
2024-03-02T16:38:18.9113681Z remote: Counting objects:  70% (1219/1741)        
2024-03-02T16:38:18.9114468Z remote: Counting objects:  71% (1237/1741)        
2024-03-02T16:38:18.9115831Z remote: Counting objects:  72% (1254/1741)        
2024-03-02T16:38:18.9116759Z remote: Counting objects:  73% (1271/1741)        
2024-03-02T16:38:18.9117540Z remote: Counting objects:  74% (1289/1741)        
2024-03-02T16:38:18.9119176Z remote: Counting objects:  75% (1306/1741)        
2024-03-02T16:38:18.9120221Z remote: Counting objects:  76% (1324/1741)        
2024-03-02T16:38:18.9120995Z remote: Counting objects:  77% (1341/1741)        
2024-03-02T16:38:18.9124260Z remote: Counting objects:  78% (1358/1741)        
2024-03-02T16:38:18.9125392Z remote: Counting objects:  79% (1376/1741)        
2024-03-02T16:38:18.9131102Z remote: Counting objects:  80% (1393/1741)        
2024-03-02T16:38:18.9132119Z remote: Counting objects:  81% (1411/1741)        
2024-03-02T16:38:18.9133049Z remote: Counting objects:  82% (1428/1741)        
2024-03-02T16:38:18.9133953Z remote: Counting objects:  83% (1446/1741)        
2024-03-02T16:38:18.9134680Z remote: Counting objects:  84% (1463/1741)        
2024-03-02T16:38:18.9135152Z remote: Counting objects:  85% (1480/1741)        
2024-03-02T16:38:18.9135714Z remote: Counting objects:  86% (1498/1741)        
2024-03-02T16:38:18.9136447Z remote: Counting objects:  87% (1515/1741)        
2024-03-02T16:38:18.9136960Z remote: Counting objects:  88% (1533/1741)        
2024-03-02T16:38:18.9137536Z remote: Counting objects:  89% (1550/1741)        
2024-03-02T16:38:18.9138043Z remote: Counting objects:  90% (1567/1741)        
2024-03-02T16:38:18.9138485Z remote: Counting objects:  91% (1585/1741)        
2024-03-02T16:38:18.9139035Z remote: Counting objects:  92% (1602/1741)        
2024-03-02T16:38:18.9139535Z remote: Counting objects:  93% (1620/1741)        
2024-03-02T16:38:18.9139975Z remote: Counting objects:  94% (1637/1741)        
2024-03-02T16:38:18.9140502Z remote: Counting objects:  95% (1654/1741)        
2024-03-02T16:38:18.9141005Z remote: Counting objects:  96% (1672/1741)        
2024-03-02T16:38:18.9141457Z remote: Counting objects:  97% (1689/1741)        
2024-03-02T16:38:18.9141998Z remote: Counting objects:  98% (1707/1741)        
2024-03-02T16:38:18.9142502Z remote: Counting objects:  99% (1724/1741)        
2024-03-02T16:38:18.9142949Z remote: Counting objects: 100% (1741/1741)        
2024-03-02T16:38:18.9143735Z remote: Counting objects: 100% (1741/1741), done.        
2024-03-02T16:38:18.9144299Z remote: Compressing objects:   0% (1/1555)        
2024-03-02T16:38:18.9144811Z remote: Compressing objects:   1% (16/1555)        
2024-03-02T16:38:18.9145372Z remote: Compressing objects:   2% (32/1555)        
2024-03-02T16:38:18.9145871Z remote: Compressing objects:   3% (47/1555)        
2024-03-02T16:38:18.9146378Z remote: Compressing objects:   4% (63/1555)        
2024-03-02T16:38:18.9147178Z remote: Compressing objects:   5% (78/1555)        
2024-03-02T16:38:18.9147801Z remote: Compressing objects:   6% (94/1555)        
2024-03-02T16:38:18.9148328Z remote: Compressing objects:   7% (109/1555)        
2024-03-02T16:38:18.9148878Z remote: Compressing objects:   8% (125/1555)        
2024-03-02T16:38:18.9198322Z remote: Compressing objects:   9% (140/1555)        
2024-03-02T16:38:18.9200822Z remote: Compressing objects:  10% (156/1555)        
2024-03-02T16:38:18.9201822Z remote: Compressing objects:  11% (172/1555)        
2024-03-02T16:38:18.9206237Z remote: Compressing objects:  12% (187/1555)        
2024-03-02T16:38:18.9240619Z remote: Compressing objects:  13% (203/1555)        
2024-03-02T16:38:18.9245491Z remote: Compressing objects:  14% (218/1555)        
2024-03-02T16:38:18.9249242Z remote: Compressing objects:  15% (234/1555)        
2024-03-02T16:38:18.9252071Z remote: Compressing objects:  16% (249/1555)        
2024-03-02T16:38:18.9256106Z remote: Compressing objects:  17% (265/1555)        
2024-03-02T16:38:18.9265293Z remote: Compressing objects:  18% (280/1555)        
2024-03-02T16:38:18.9289305Z remote: Compressing objects:  19% (296/1555)        
2024-03-02T16:38:18.9301814Z remote: Compressing objects:  20% (311/1555)        
2024-03-02T16:38:18.9347029Z remote: Compressing objects:  21% (327/1555)        
2024-03-02T16:38:18.9357273Z remote: Compressing objects:  22% (343/1555)        
2024-03-02T16:38:18.9364821Z remote: Compressing objects:  23% (358/1555)        
2024-03-02T16:38:18.9375922Z remote: Compressing objects:  24% (374/1555)        
2024-03-02T16:38:18.9383754Z remote: Compressing objects:  25% (389/1555)        
2024-03-02T16:38:18.9390117Z remote: Compressing objects:  26% (405/1555)        
2024-03-02T16:38:18.9404761Z remote: Compressing objects:  27% (420/1555)        
2024-03-02T16:38:18.9412926Z remote: Compressing objects:  28% (436/1555)        
2024-03-02T16:38:18.9422921Z remote: Compressing objects:  29% (451/1555)        
2024-03-02T16:38:18.9431620Z remote: Compressing objects:  30% (467/1555)        
2024-03-02T16:38:18.9452916Z remote: Compressing objects:  31% (483/1555)        
2024-03-02T16:38:18.9458971Z remote: Compressing objects:  32% (498/1555)        
2024-03-02T16:38:18.9463982Z remote: Compressing objects:  33% (514/1555)        
2024-03-02T16:38:18.9478095Z remote: Compressing objects:  34% (529/1555)        
2024-03-02T16:38:18.9478879Z remote: Compressing objects:  35% (545/1555)        
2024-03-02T16:38:18.9487046Z remote: Compressing objects:  36% (560/1555)        
2024-03-02T16:38:18.9490679Z remote: Compressing objects:  37% (576/1555)        
2024-03-02T16:38:18.9494046Z remote: Compressing objects:  38% (591/1555)        
2024-03-02T16:38:18.9495349Z remote: Compressing objects:  39% (607/1555)        
2024-03-02T16:38:18.9497625Z remote: Compressing objects:  40% (622/1555)        
2024-03-02T16:38:18.9501208Z remote: Compressing objects:  41% (638/1555)        
2024-03-02T16:38:18.9504206Z remote: Compressing objects:  42% (654/1555)        
2024-03-02T16:38:18.9506967Z remote: Compressing objects:  43% (669/1555)        
2024-03-02T16:38:18.9508605Z remote: Compressing objects:  44% (685/1555)        
2024-03-02T16:38:18.9515553Z remote: Compressing objects:  45% (700/1555)        
2024-03-02T16:38:18.9520183Z remote: Compressing objects:  46% (716/1555)        
2024-03-02T16:38:18.9521746Z remote: Compressing objects:  47% (731/1555)        
2024-03-02T16:38:18.9524779Z remote: Compressing objects:  48% (747/1555)        
2024-03-02T16:38:18.9528282Z remote: Compressing objects:  49% (762/1555)        
2024-03-02T16:38:18.9534028Z remote: Compressing objects:  50% (778/1555)        
2024-03-02T16:38:18.9536851Z remote: Compressing objects:  51% (794/1555)        
2024-03-02T16:38:18.9538020Z remote: Compressing objects:  52% (809/1555)        
2024-03-02T16:38:18.9540958Z remote: Compressing objects:  53% (825/1555)        
2024-03-02T16:38:18.9551073Z remote: Compressing objects:  54% (840/1555)        
2024-03-02T16:38:18.9554849Z remote: Compressing objects:  55% (856/1555)        
2024-03-02T16:38:18.9592759Z remote: Compressing objects:  56% (871/1555)        
2024-03-02T16:38:18.9618977Z remote: Compressing objects:  57% (887/1555)        
2024-03-02T16:38:18.9633297Z remote: Compressing objects:  58% (902/1555)        
2024-03-02T16:38:18.9635702Z remote: Compressing objects:  59% (918/1555)        
2024-03-02T16:38:18.9640034Z remote: Compressing objects:  60% (933/1555)        
2024-03-02T16:38:18.9642950Z remote: Compressing objects:  61% (949/1555)        
2024-03-02T16:38:18.9648493Z remote: Compressing objects:  62% (965/1555)        
2024-03-02T16:38:18.9659807Z remote: Compressing objects:  63% (980/1555)        
2024-03-02T16:38:18.9662500Z remote: Compressing objects:  64% (996/1555)        
2024-03-02T16:38:18.9666140Z remote: Compressing objects:  65% (1011/1555)        
2024-03-02T16:38:18.9672995Z remote: Compressing objects:  66% (1027/1555)        
2024-03-02T16:38:18.9681968Z remote: Compressing objects:  67% (1042/1555)        
2024-03-02T16:38:18.9686434Z remote: Compressing objects:  68% (1058/1555)        
2024-03-02T16:38:18.9691768Z remote: Compressing objects:  69% (1073/1555)        
2024-03-02T16:38:18.9692926Z remote: Compressing objects:  70% (1089/1555)        
2024-03-02T16:38:18.9706510Z remote: Compressing objects:  71% (1105/1555)        
2024-03-02T16:38:18.9722919Z remote: Compressing objects:  72% (1120/1555)        
2024-03-02T16:38:18.9728790Z remote: Compressing objects:  73% (1136/1555)        
2024-03-02T16:38:18.9733177Z remote: Compressing objects:  74% (1151/1555)        
2024-03-02T16:38:18.9742142Z remote: Compressing objects:  75% (1167/1555)        
2024-03-02T16:38:18.9805175Z remote: Compressing objects:  76% (1182/1555)        
2024-03-02T16:38:18.9825374Z remote: Compressing objects:  77% (1198/1555)        
2024-03-02T16:38:18.9837711Z remote: Compressing objects:  78% (1213/1555)        
2024-03-02T16:38:18.9858039Z remote: Compressing objects:  79% (1229/1555)        
2024-03-02T16:38:18.9879777Z remote: Compressing objects:  80% (1244/1555)        
2024-03-02T16:38:18.9925124Z remote: Compressing objects:  81% (1260/1555)        
2024-03-02T16:38:18.9953647Z remote: Compressing objects:  82% (1276/1555)        
2024-03-02T16:38:18.9982508Z remote: Compressing objects:  83% (1291/1555)        
2024-03-02T16:38:18.9996699Z remote: Compressing objects:  84% (1307/1555)        
2024-03-02T16:38:19.0040715Z remote: Compressing objects:  85% (1322/1555)        
2024-03-02T16:38:19.0079518Z remote: Compressing objects:  86% (1338/1555)        
2024-03-02T16:38:19.0098767Z remote: Compressing objects:  87% (1353/1555)        
2024-03-02T16:38:19.0105764Z remote: Compressing objects:  88% (1369/1555)        
2024-03-02T16:38:19.0110455Z remote: Compressing objects:  89% (1384/1555)        
2024-03-02T16:38:19.0116698Z remote: Compressing objects:  90% (1400/1555)        
2024-03-02T16:38:19.0117811Z remote: Compressing objects:  91% (1416/1555)        
2024-03-02T16:38:19.0118542Z remote: Compressing objects:  92% (1431/1555)        
2024-03-02T16:38:19.0119399Z remote: Compressing objects:  93% (1447/1555)        
2024-03-02T16:38:19.0120299Z remote: Compressing objects:  94% (1462/1555)        
2024-03-02T16:38:19.0121868Z remote: Compressing objects:  95% (1478/1555)        
2024-03-02T16:38:19.0122716Z remote: Compressing objects:  96% (1493/1555)        
2024-03-02T16:38:19.0123689Z remote: Compressing objects:  97% (1509/1555)        
2024-03-02T16:38:19.0124381Z remote: Compressing objects:  98% (1524/1555)        
2024-03-02T16:38:19.0126367Z remote: Compressing objects:  99% (1540/1555)        
2024-03-02T16:38:19.0127374Z remote: Compressing objects: 100% (1555/1555)        
2024-03-02T16:38:19.0127985Z remote: Compressing objects: 100% (1555/1555), done.        
2024-03-02T16:38:19.0162606Z Receiving objects:   0% (1/1741)
2024-03-02T16:38:19.0166382Z Receiving objects:   1% (18/1741)
2024-03-02T16:38:19.0179335Z Receiving objects:   2% (35/1741)
2024-03-02T16:38:19.0345706Z Receiving objects:   3% (53/1741)
2024-03-02T16:38:19.0837566Z Receiving objects:   4% (70/1741)
2024-03-02T16:38:19.0840418Z Receiving objects:   5% (88/1741)
2024-03-02T16:38:19.0843948Z Receiving objects:   6% (105/1741)
2024-03-02T16:38:19.0850077Z Receiving objects:   7% (122/1741)
2024-03-02T16:38:19.0854226Z Receiving objects:   8% (140/1741)
2024-03-02T16:38:19.0858442Z Receiving objects:   9% (157/1741)
2024-03-02T16:38:19.0861496Z Receiving objects:  10% (175/1741)
2024-03-02T16:38:19.0864755Z Receiving objects:  11% (192/1741)
2024-03-02T16:38:19.0867887Z Receiving objects:  12% (209/1741)
2024-03-02T16:38:19.0878213Z Receiving objects:  13% (227/1741)
2024-03-02T16:38:19.0881594Z Receiving objects:  14% (244/1741)
2024-03-02T16:38:19.0884742Z Receiving objects:  15% (262/1741)
2024-03-02T16:38:19.0889179Z Receiving objects:  16% (279/1741)
2024-03-02T16:38:19.0894371Z Receiving objects:  17% (296/1741)
2024-03-02T16:38:19.0899015Z Receiving objects:  18% (314/1741)
2024-03-02T16:38:19.0904102Z Receiving objects:  19% (331/1741)
2024-03-02T16:38:19.0908252Z Receiving objects:  20% (349/1741)
2024-03-02T16:38:19.0912394Z Receiving objects:  21% (366/1741)
2024-03-02T16:38:19.0915457Z Receiving objects:  22% (384/1741)
2024-03-02T16:38:19.0918878Z Receiving objects:  23% (401/1741)
2024-03-02T16:38:19.0922603Z Receiving objects:  24% (418/1741)
2024-03-02T16:38:19.0926748Z Receiving objects:  25% (436/1741)
2024-03-02T16:38:19.0928476Z Receiving objects:  26% (453/1741)
2024-03-02T16:38:19.0930568Z Receiving objects:  27% (471/1741)
2024-03-02T16:38:19.0933583Z Receiving objects:  28% (488/1741)
2024-03-02T16:38:19.0936355Z Receiving objects:  29% (505/1741)
2024-03-02T16:38:19.0938150Z Receiving objects:  30% (523/1741)
2024-03-02T16:38:19.0942924Z Receiving objects:  31% (540/1741)
2024-03-02T16:38:19.0945268Z Receiving objects:  32% (558/1741)
2024-03-02T16:38:19.0947657Z Receiving objects:  33% (575/1741)
2024-03-02T16:38:19.0950691Z Receiving objects:  34% (592/1741)
2024-03-02T16:38:19.0952278Z Receiving objects:  35% (610/1741)
2024-03-02T16:38:19.0956636Z Receiving objects:  36% (627/1741)
2024-03-02T16:38:19.0959749Z Receiving objects:  37% (645/1741)
2024-03-02T16:38:19.0961085Z Receiving objects:  38% (662/1741)
2024-03-02T16:38:19.0963726Z Receiving objects:  39% (679/1741)
2024-03-02T16:38:19.0966769Z Receiving objects:  40% (697/1741)
2024-03-02T16:38:19.0969679Z Receiving objects:  41% (714/1741)
2024-03-02T16:38:19.0971416Z Receiving objects:  42% (732/1741)
2024-03-02T16:38:19.0974704Z Receiving objects:  43% (749/1741)
2024-03-02T16:38:19.0977993Z Receiving objects:  44% (767/1741)
2024-03-02T16:38:19.0979712Z Receiving objects:  45% (784/1741)
2024-03-02T16:38:19.0982789Z Receiving objects:  46% (801/1741)
2024-03-02T16:38:19.0984790Z Receiving objects:  47% (819/1741)
2024-03-02T16:38:19.0988185Z Receiving objects:  48% (836/1741)
2024-03-02T16:38:19.0991771Z Receiving objects:  49% (854/1741)
2024-03-02T16:38:19.0993901Z Receiving objects:  50% (871/1741)
2024-03-02T16:38:19.0995573Z Receiving objects:  51% (888/1741)
2024-03-02T16:38:19.0998370Z Receiving objects:  52% (906/1741)
2024-03-02T16:38:19.1003571Z Receiving objects:  53% (923/1741)
2024-03-02T16:38:19.1007770Z Receiving objects:  54% (941/1741)
2024-03-02T16:38:19.1014113Z Receiving objects:  55% (958/1741)
2024-03-02T16:38:19.1018467Z Receiving objects:  56% (975/1741)
2024-03-02T16:38:19.1019909Z Receiving objects:  57% (993/1741)
2024-03-02T16:38:19.1022749Z Receiving objects:  58% (1010/1741)
2024-03-02T16:38:19.1024721Z Receiving objects:  59% (1028/1741)
2024-03-02T16:38:19.1027596Z Receiving objects:  60% (1045/1741)
2024-03-02T16:38:19.1029252Z Receiving objects:  61% (1063/1741)
2024-03-02T16:38:19.1030984Z Receiving objects:  62% (1080/1741)
2024-03-02T16:38:19.1033430Z Receiving objects:  63% (1097/1741)
2024-03-02T16:38:19.1034519Z Receiving objects:  64% (1115/1741)
2024-03-02T16:38:19.1037395Z Receiving objects:  65% (1132/1741)
2024-03-02T16:38:19.1039045Z Receiving objects:  66% (1150/1741)
2024-03-02T16:38:19.1040481Z Receiving objects:  67% (1167/1741)
2024-03-02T16:38:19.1042218Z Receiving objects:  68% (1184/1741)
2024-03-02T16:38:19.1045518Z Receiving objects:  69% (1202/1741)
2024-03-02T16:38:19.1046817Z Receiving objects:  70% (1219/1741)
2024-03-02T16:38:19.1054151Z Receiving objects:  71% (1237/1741)
2024-03-02T16:38:19.1066735Z Receiving objects:  72% (1254/1741)
2024-03-02T16:38:19.1069538Z Receiving objects:  73% (1271/1741)
2024-03-02T16:38:19.1071626Z Receiving objects:  74% (1289/1741)
2024-03-02T16:38:19.1209643Z Receiving objects:  75% (1306/1741)
2024-03-02T16:38:19.1342375Z Receiving objects:  76% (1324/1741)
2024-03-02T16:38:19.1443103Z Receiving objects:  77% (1341/1741)
2024-03-02T16:38:19.1635179Z Receiving objects:  78% (1358/1741)
2024-03-02T16:38:19.1819076Z Receiving objects:  79% (1376/1741)
2024-03-02T16:38:19.2024351Z Receiving objects:  80% (1393/1741)
2024-03-02T16:38:19.2029791Z Receiving objects:  81% (1411/1741)
2024-03-02T16:38:19.2032747Z Receiving objects:  82% (1428/1741)
2024-03-02T16:38:19.2035379Z Receiving objects:  83% (1446/1741)
2024-03-02T16:38:19.2041309Z Receiving objects:  84% (1463/1741)
2024-03-02T16:38:19.2045379Z Receiving objects:  85% (1480/1741)
2024-03-02T16:38:19.2052354Z Receiving objects:  86% (1498/1741)
2024-03-02T16:38:19.2059974Z Receiving objects:  87% (1515/1741)
2024-03-02T16:38:19.2064062Z Receiving objects:  88% (1533/1741)
2024-03-02T16:38:19.2070186Z Receiving objects:  89% (1550/1741)
2024-03-02T16:38:19.2076223Z Receiving objects:  90% (1567/1741)
2024-03-02T16:38:19.2082386Z Receiving objects:  91% (1585/1741)
2024-03-02T16:38:19.2087869Z Receiving objects:  92% (1602/1741)
2024-03-02T16:38:19.2092786Z Receiving objects:  93% (1620/1741)
2024-03-02T16:38:19.2097343Z Receiving objects:  94% (1637/1741)
2024-03-02T16:38:19.2101154Z Receiving objects:  95% (1654/1741)
2024-03-02T16:38:19.2104227Z Receiving objects:  96% (1672/1741)
2024-03-02T16:38:19.2113049Z Receiving objects:  97% (1689/1741)
2024-03-02T16:38:19.2121332Z Receiving objects:  98% (1707/1741)
2024-03-02T16:38:19.2136943Z Receiving objects:  99% (1724/1741)
2024-03-02T16:38:19.2138374Z remote: Total 1741 (delta 280), reused 965 (delta 147), pack-reused 0        
2024-03-02T16:38:19.2146720Z Receiving objects: 100% (1741/1741)
2024-03-02T16:38:19.2147934Z Receiving objects: 100% (1741/1741), 6.59 MiB | 33.26 MiB/s, done.
2024-03-02T16:38:19.2152197Z Resolving deltas:   0% (0/280)
2024-03-02T16:38:19.2165258Z Resolving deltas:   1% (3/280)
2024-03-02T16:38:19.2166102Z Resolving deltas:   2% (6/280)
2024-03-02T16:38:19.2166729Z Resolving deltas:   3% (9/280)
2024-03-02T16:38:19.2167413Z Resolving deltas:   4% (12/280)
2024-03-02T16:38:19.2168187Z Resolving deltas:   5% (14/280)
2024-03-02T16:38:19.2168818Z Resolving deltas:   6% (17/280)
2024-03-02T16:38:19.2169515Z Resolving deltas:   7% (20/280)
2024-03-02T16:38:19.2170284Z Resolving deltas:   8% (23/280)
2024-03-02T16:38:19.2170936Z Resolving deltas:   9% (26/280)
2024-03-02T16:38:19.2171674Z Resolving deltas:  10% (28/280)
2024-03-02T16:38:19.2172572Z Resolving deltas:  11% (31/280)
2024-03-02T16:38:19.2190627Z Resolving deltas:  12% (34/280)
2024-03-02T16:38:19.2193940Z Resolving deltas:  13% (37/280)
2024-03-02T16:38:19.2194644Z Resolving deltas:  14% (40/280)
2024-03-02T16:38:19.2195285Z Resolving deltas:  15% (42/280)
2024-03-02T16:38:19.2197746Z Resolving deltas:  16% (45/280)
2024-03-02T16:38:19.2200919Z Resolving deltas:  17% (48/280)
2024-03-02T16:38:19.2203288Z Resolving deltas:  18% (51/280)
2024-03-02T16:38:19.2205255Z Resolving deltas:  19% (54/280)
2024-03-02T16:38:19.2207699Z Resolving deltas:  20% (56/280)
2024-03-02T16:38:19.2213608Z Resolving deltas:  21% (59/280)
2024-03-02T16:38:19.2214674Z Resolving deltas:  22% (62/280)
2024-03-02T16:38:19.2215692Z Resolving deltas:  23% (65/280)
2024-03-02T16:38:19.2216649Z Resolving deltas:  24% (68/280)
2024-03-02T16:38:19.2217480Z Resolving deltas:  25% (70/280)
2024-03-02T16:38:19.2218157Z Resolving deltas:  26% (73/280)
2024-03-02T16:38:19.2218783Z Resolving deltas:  27% (76/280)
2024-03-02T16:38:19.2219522Z Resolving deltas:  28% (79/280)
2024-03-02T16:38:19.2220175Z Resolving deltas:  29% (82/280)
2024-03-02T16:38:19.2220776Z Resolving deltas:  30% (84/280)
2024-03-02T16:38:19.2221509Z Resolving deltas:  31% (87/280)
2024-03-02T16:38:19.2222243Z Resolving deltas:  32% (90/280)
2024-03-02T16:38:19.2222820Z Resolving deltas:  33% (93/280)
2024-03-02T16:38:19.2223558Z Resolving deltas:  34% (96/280)
2024-03-02T16:38:19.2224191Z Resolving deltas:  35% (98/280)
2024-03-02T16:38:19.2224782Z Resolving deltas:  36% (101/280)
2024-03-02T16:38:19.2225545Z Resolving deltas:  37% (104/280)
2024-03-02T16:38:19.2226189Z Resolving deltas:  38% (107/280)
2024-03-02T16:38:19.2226788Z Resolving deltas:  39% (110/280)
2024-03-02T16:38:19.2227524Z Resolving deltas:  40% (112/280)
2024-03-02T16:38:19.2228194Z Resolving deltas:  41% (115/280)
2024-03-02T16:38:19.2228776Z Resolving deltas:  42% (118/280)
2024-03-02T16:38:19.2229519Z Resolving deltas:  43% (121/280)
2024-03-02T16:38:19.2230261Z Resolving deltas:  44% (124/280)
2024-03-02T16:38:19.2230859Z Resolving deltas:  45% (126/280)
2024-03-02T16:38:19.2231704Z Resolving deltas:  46% (129/280)
2024-03-02T16:38:19.2232438Z Resolving deltas:  47% (132/280)
2024-03-02T16:38:19.2233045Z Resolving deltas:  48% (135/280)
2024-03-02T16:38:19.2233937Z Resolving deltas:  49% (138/280)
2024-03-02T16:38:19.2234590Z Resolving deltas:  50% (140/280)
2024-03-02T16:38:19.2235248Z Resolving deltas:  51% (143/280)
2024-03-02T16:38:19.2236080Z Resolving deltas:  52% (146/280)
2024-03-02T16:38:19.2236994Z Resolving deltas:  53% (149/280)
2024-03-02T16:38:19.2237659Z Resolving deltas:  54% (152/280)
2024-03-02T16:38:19.2238489Z Resolving deltas:  55% (154/280)
2024-03-02T16:38:19.2239136Z Resolving deltas:  56% (157/280)
2024-03-02T16:38:19.2239805Z Resolving deltas:  57% (160/280)
2024-03-02T16:38:19.2240689Z Resolving deltas:  58% (163/280)
2024-03-02T16:38:19.2241398Z Resolving deltas:  59% (166/280)
2024-03-02T16:38:19.2242031Z Resolving deltas:  60% (168/280)
2024-03-02T16:38:19.2242913Z Resolving deltas:  61% (171/280)
2024-03-02T16:38:19.2243601Z Resolving deltas:  62% (174/280)
2024-03-02T16:38:19.2244296Z Resolving deltas:  63% (177/280)
2024-03-02T16:38:19.2245322Z Resolving deltas:  64% (180/280)
2024-03-02T16:38:19.2245997Z Resolving deltas:  65% (182/280)
2024-03-02T16:38:19.2246852Z Resolving deltas:  66% (185/280)
2024-03-02T16:38:19.2248098Z Resolving deltas:  67% (188/280)
2024-03-02T16:38:19.2249390Z Resolving deltas:  68% (192/280)
2024-03-02T16:38:19.2250168Z Resolving deltas:  69% (194/280)
2024-03-02T16:38:19.2250957Z Resolving deltas:  70% (196/280)
2024-03-02T16:38:19.2253276Z Resolving deltas:  71% (199/280)
2024-03-02T16:38:19.2254236Z Resolving deltas:  72% (202/280)
2024-03-02T16:38:19.2257392Z Resolving deltas:  73% (205/280)
2024-03-02T16:38:19.2258183Z Resolving deltas:  74% (208/280)
2024-03-02T16:38:19.2258829Z Resolving deltas:  75% (210/280)
2024-03-02T16:38:19.2259699Z Resolving deltas:  76% (213/280)
2024-03-02T16:38:19.2260457Z Resolving deltas:  77% (216/280)
2024-03-02T16:38:19.2261069Z Resolving deltas:  78% (219/280)
2024-03-02T16:38:19.2261826Z Resolving deltas:  79% (222/280)
2024-03-02T16:38:19.2264716Z Resolving deltas:  80% (224/280)
2024-03-02T16:38:19.2265498Z Resolving deltas:  81% (227/280)
2024-03-02T16:38:19.2266599Z Resolving deltas:  82% (230/280)
2024-03-02T16:38:19.2271111Z Resolving deltas:  83% (233/280)
2024-03-02T16:38:19.2271921Z Resolving deltas:  84% (236/280)
2024-03-02T16:38:19.2272568Z Resolving deltas:  85% (238/280)
2024-03-02T16:38:19.2273472Z Resolving deltas:  86% (241/280)
2024-03-02T16:38:19.2274302Z Resolving deltas:  87% (244/280)
2024-03-02T16:38:19.2276396Z Resolving deltas:  88% (247/280)
2024-03-02T16:38:19.2277348Z Resolving deltas:  89% (250/280)
2024-03-02T16:38:19.2278631Z Resolving deltas:  90% (252/280)
2024-03-02T16:38:19.2279572Z Resolving deltas:  91% (255/280)
2024-03-02T16:38:19.2281514Z Resolving deltas:  92% (258/280)
2024-03-02T16:38:19.2282389Z Resolving deltas:  93% (261/280)
2024-03-02T16:38:19.2283429Z Resolving deltas:  94% (264/280)
2024-03-02T16:38:19.2284246Z Resolving deltas:  95% (266/280)
2024-03-02T16:38:19.2286395Z Resolving deltas:  96% (269/280)
2024-03-02T16:38:19.2288988Z Resolving deltas:  97% (272/280)
2024-03-02T16:38:19.2290122Z Resolving deltas:  98% (275/280)
2024-03-02T16:38:19.2313028Z Resolving deltas:  99% (278/280)
2024-03-02T16:38:19.2313725Z Resolving deltas: 100% (280/280)
2024-03-02T16:38:19.2314362Z Resolving deltas: 100% (280/280), done.
2024-03-02T16:38:19.2472699Z From https://github.com/rubyforgood/human-essentials
2024-03-02T16:38:19.2474247Z  * [new ref]         4b2af289bac71ccdfa12aa98053edab76dc234f7 -> pull/4150/merge
2024-03-02T16:38:19.2506946Z ##[endgroup]
2024-03-02T16:38:19.2507757Z ##[group]Determining the checkout info
2024-03-02T16:38:19.2509887Z ##[endgroup]
2024-03-02T16:38:19.2510755Z ##[group]Checking out the ref
2024-03-02T16:38:19.2515843Z [command]/usr/bin/git checkout --progress --force refs/remotes/pull/4150/merge
2024-03-02T16:38:19.3845150Z Note: switching to 'refs/remotes/pull/4150/merge'.
2024-03-02T16:38:19.3845713Z 
2024-03-02T16:38:19.3846224Z You are in 'detached HEAD' state. You can look around, make experimental
2024-03-02T16:38:19.3847371Z changes and commit them, and you can discard any commits you make in this
2024-03-02T16:38:19.3848239Z state without impacting any branches by switching back to a branch.
2024-03-02T16:38:19.3848781Z 
2024-03-02T16:38:19.3849297Z If you want to create a new branch to retain commits you create, you may
2024-03-02T16:38:19.3851646Z do so (now or later) by using -c with the switch command. Example:
2024-03-02T16:38:19.3852481Z 
2024-03-02T16:38:19.3852953Z   git switch -c <new-branch-name>
2024-03-02T16:38:19.3853468Z 
2024-03-02T16:38:19.3853796Z Or undo this operation with:
2024-03-02T16:38:19.3854478Z 
2024-03-02T16:38:19.3854725Z   git switch -
2024-03-02T16:38:19.3855015Z 
2024-03-02T16:38:19.3855603Z Turn off this advice by setting config variable advice.detachedHead to false
2024-03-02T16:38:19.3856316Z 
2024-03-02T16:38:19.3857184Z HEAD is now at 4b2af28 Merge a5e73e6f97799d8b4c5d8c0ee8e26d6bbf2549ca into 30bed4096808c616d01e27fa58fc40d07faa11eb
2024-03-02T16:38:19.3859339Z ##[endgroup]
2024-03-02T16:38:19.3906377Z [command]/usr/bin/git log -1 --format='%H'
2024-03-02T16:38:19.3940611Z '4b2af289bac71ccdfa12aa98053edab76dc234f7'
2024-03-02T16:38:19.4241918Z ##[group]Run ruby/setup-ruby@v1
2024-03-02T16:38:19.4242307Z with:
2024-03-02T16:38:19.4242619Z   bundler-cache: true
2024-03-02T16:38:19.4243068Z   ruby-version: default
2024-03-02T16:38:19.4243373Z ##[endgroup]
2024-03-02T16:38:19.6106739Z Using 3.2.2 as input from file .ruby-version
2024-03-02T16:38:19.6139002Z ##[group]Modifying PATH
2024-03-02T16:38:19.6139732Z Entries added to PATH to use selected Ruby:
2024-03-02T16:38:19.6140611Z   /opt/hostedtoolcache/Ruby/3.2.2/x64/bin
2024-03-02T16:38:19.6141959Z ##[endgroup]
2024-03-02T16:38:19.6158916Z ##[group]Downloading Ruby
2024-03-02T16:38:19.6162330Z https://github.com/ruby/ruby-builder/releases/download/toolcache/ruby-3.2.2-ubuntu-22.04.tar.gz
2024-03-02T16:38:19.9568336Z Took   0.34 seconds
2024-03-02T16:38:19.9570742Z ##[endgroup]
2024-03-02T16:38:19.9571557Z ##[group]Extracting  Ruby
2024-03-02T16:38:19.9596940Z [command]/usr/bin/tar -xz -C /opt/hostedtoolcache/Ruby/3.2.2 -f /home/runner/work/_temp/575ae3dd-3460-48e3-8de2-40eb2c429461
2024-03-02T16:38:20.3639610Z Took   0.41 seconds
2024-03-02T16:38:20.3640659Z ##[endgroup]
2024-03-02T16:38:20.3641551Z ##[group]Print Ruby version
2024-03-02T16:38:20.3654369Z [command]/opt/hostedtoolcache/Ruby/3.2.2/x64/bin/ruby --version
2024-03-02T16:38:20.3858454Z ruby 3.2.2 (2023-03-30 revision e51014f9c0) [x86_64-linux]
2024-03-02T16:38:20.3878821Z Took   0.02 seconds
2024-03-02T16:38:20.3879880Z ##[endgroup]
2024-03-02T16:38:20.3880837Z ##[group]Installing Bundler
2024-03-02T16:38:20.3886913Z Using Bundler 2.5.4 from Gemfile.lock BUNDLED WITH 2.5.4
2024-03-02T16:38:20.3891754Z [command]/opt/hostedtoolcache/Ruby/3.2.2/x64/bin/gem install bundler -v 2.5.4
2024-03-02T16:38:21.0616850Z Successfully installed bundler-2.5.4
2024-03-02T16:38:21.0617495Z 1 gem installed
2024-03-02T16:38:21.0670046Z Took   0.68 seconds
2024-03-02T16:38:21.0670791Z ##[endgroup]
2024-03-02T16:38:21.0672045Z > bundle install
2024-03-02T16:38:21.0691365Z [command]/opt/hostedtoolcache/Ruby/3.2.2/x64/bin/bundle config --local path /home/runner/work/human-essentials/human-essentials/vendor/bundle
2024-03-02T16:38:21.2163885Z [command]/opt/hostedtoolcache/Ruby/3.2.2/x64/bin/bundle config --local deployment true
2024-03-02T16:38:21.3634801Z Cache key: setup-ruby-bundler-cache-v6-ubuntu-22.04-x64-ruby-3.2.2-wd-/home/runner/work/human-essentials/human-essentials-with--without--only--Gemfile.lock-39ae7e18d3992f620a5bdbd3de4b2af3682e809187e3b75b2d630b2a6c035aea
2024-03-02T16:38:22.2142887Z Cache Size: ~205 MB (214852537 B)
2024-03-02T16:38:22.2243114Z [command]/usr/bin/tar -xf /home/runner/work/_temp/cc7233e6-1372-4ee6-9eac-9ca3efa7eb26/cache.tzst -P -C /home/runner/work/human-essentials/human-essentials --use-compress-program unzstd
2024-03-02T16:38:22.4666928Z Received 214852537 of 214852537 (100.0%), 204.7 MBs/sec
2024-03-02T16:38:24.0010534Z Cache restored successfully
2024-03-02T16:38:24.0438633Z Found cache for key: setup-ruby-bundler-cache-v6-ubuntu-22.04-x64-ruby-3.2.2-wd-/home/runner/work/human-essentials/human-essentials-with--without--only--Gemfile.lock-39ae7e18d3992f620a5bdbd3de4b2af3682e809187e3b75b2d630b2a6c035aea
2024-03-02T16:38:24.0453324Z [command]/opt/hostedtoolcache/Ruby/3.2.2/x64/bin/bundle install --jobs 4
2024-03-02T16:38:24.4336092Z Bundle complete! 85 Gemfile dependencies, 246 gems now installed.
2024-03-02T16:38:24.4338158Z Bundled gems are installed into `./vendor/bundle`
2024-03-02T16:38:24.4384933Z Took   3.37 seconds
2024-03-02T16:38:24.4572776Z ##[group]Run sudo apt-get -yqq install libpq-dev
2024-03-02T16:38:24.4573426Z [36;1msudo apt-get -yqq install libpq-dev[0m
2024-03-02T16:38:24.4620665Z shell: /usr/bin/bash -e {0}
2024-03-02T16:38:24.4621092Z ##[endgroup]
2024-03-02T16:38:25.6465578Z ##[group]Run bundle exec rake db:create
2024-03-02T16:38:25.6466451Z [36;1mbundle exec rake db:create[0m
2024-03-02T16:38:25.6467186Z [36;1mbundle exec rake db:schema:load[0m
2024-03-02T16:38:25.6508989Z shell: /usr/bin/bash -e {0}
2024-03-02T16:38:25.6509801Z env:
2024-03-02T16:38:25.6510361Z   POSTGRES_HOST: localhost
2024-03-02T16:38:25.6510998Z   DATABASE_HOST: localhost
2024-03-02T16:38:25.6511770Z   PG_USERNAME: postgres
2024-03-02T16:38:25.6512402Z   PG_PASSWORD: password
2024-03-02T16:38:25.6513079Z   POSTGRES_HOST_AUTH_METHOD: trust
2024-03-02T16:38:25.6513876Z   POSTGRES_PORT: 5432
2024-03-02T16:38:25.6514399Z   RAILS_ENV: test
2024-03-02T16:38:25.6514990Z ##[endgroup]
2024-03-02T16:38:32.0910297Z We could not find your database: diaper_test. Which can be found in the database configuration file located at config/database.yml.
2024-03-02T16:38:32.0911510Z 
2024-03-02T16:38:32.0911761Z To resolve this issue:
2024-03-02T16:38:32.0912097Z 
2024-03-02T16:38:32.0914376Z - Did you create the database for this app, or delete it? You may need to create your database.
2024-03-02T16:38:32.0916566Z - Has the database name changed? Check your database.yml config has the correct database name.
2024-03-02T16:38:32.0921426Z 
2024-03-02T16:38:32.0921721Z To create your database, run:
2024-03-02T16:38:32.0922124Z 
2024-03-02T16:38:32.0922334Z         bin/rails db:create
2024-03-02T16:38:32.0923417Z . You likely need to run `rails g flipper:active_record` and/or `rails db:migrate`.
2024-03-02T16:38:32.3264230Z Created database 'diaper_test'
2024-03-02T16:38:32.6240901Z Coverage report generated for RSpec to /home/runner/work/human-essentials/human-essentials/coverage. 329 / 10194 LOC (3.23%) covered.
2024-03-02T16:38:38.8812400Z PG::UndefinedTable: ERROR:  relation "flipper_gates" does not exist
2024-03-02T16:38:38.8813616Z LINE 9:  WHERE a.attrelid = '"flipper_gates"'::regclass
2024-03-02T16:38:38.8814427Z                             ^
2024-03-02T16:38:38.8815181Z . You likely need to run `rails g flipper:active_record` and/or `rails db:migrate`.
2024-03-02T16:38:39.8115209Z Coverage report generated for RSpec to /home/runner/work/human-essentials/human-essentials/coverage. 329 / 10194 LOC (3.23%) covered.
2024-03-02T16:38:39.8437565Z ##[group]Run RUBYOPT='-W:no-deprecated -W:no-experimental' bin/knapsack_pro_rspec
2024-03-02T16:38:39.8438414Z [36;1mRUBYOPT='-W:no-deprecated -W:no-experimental' bin/knapsack_pro_rspec[0m
2024-03-02T16:38:39.8466722Z shell: /usr/bin/bash -e {0}
2024-03-02T16:38:39.8467201Z env:
2024-03-02T16:38:39.8467533Z   POSTGRES_HOST: localhost
2024-03-02T16:38:39.8467917Z   DATABASE_HOST: localhost
2024-03-02T16:38:39.8468363Z   PG_USERNAME: postgres
2024-03-02T16:38:39.8468726Z   PG_PASSWORD: password
2024-03-02T16:38:39.8469055Z   POSTGRES_HOST_AUTH_METHOD: trust
2024-03-02T16:38:39.8469589Z   POSTGRES_PORT: 5432
2024-03-02T16:38:39.8469940Z   PGHOST: localhost
2024-03-02T16:38:39.8470338Z   PGUSER: postgres
2024-03-02T16:38:39.8470641Z   RAILS_ENV: test
2024-03-02T16:38:39.8470988Z   KNAPSACK_PRO_TEST_SUITE_TOKEN_RSPEC: 
2024-03-02T16:38:39.8471476Z   KNAPSACK_PRO_CI_NODE_TOTAL: 2
2024-03-02T16:38:39.8471878Z   KNAPSACK_PRO_CI_NODE_INDEX: 0
2024-03-02T16:38:39.8472360Z   KNAPSACK_PRO_RSPEC_SPLIT_BY_TEST_EXAMPLES: true
2024-03-02T16:38:39.8472895Z   KNAPSACK_PRO_LOG_LEVEL: info
2024-03-02T16:38:39.8473531Z   KNAPSACK_PRO_TEST_FILE_EXCLUDE_PATTERN: {spec/system/**{,/*/**}/*_spec.rb,spec/requests/**{,/*/**}/*_spec.rb}
2024-03-02T16:38:39.8474258Z   EVENTS_READ: true
2024-03-02T16:38:39.8474792Z ##[endgroup]
2024-03-02T16:38:45.5916175Z W, [2024-03-02T16:38:45.591222 #2257]  WARN -- : [knapsack_pro] GET https://api-disabled-for-fork.knapsackpro.com/v1/build_distributions/last
2024-03-02T16:38:45.5918688Z W, [2024-03-02T16:38:45.591280 #2257]  WARN -- : [knapsack_pro] Request failed due to:
2024-03-02T16:38:45.5921902Z W, [2024-03-02T16:38:45.591298 #2257]  WARN -- : [knapsack_pro] #<SocketError: Failed to open TCP connection to api-disabled-for-fork.knapsackpro.com:443 (getaddrinfo: Name or service not known)>
2024-03-02T16:38:45.5928444Z W, [2024-03-02T16:38:45.591333 #2257]  WARN -- : [knapsack_pro] Slow test files fallback behaviour started. We could not connect with Knapsack Pro API to fetch last CI build test files that are needed to determine slow test files. No test files will be split by test cases. It means all test files will be split by the whole test files as if split by test cases would be disabled https://knapsackpro.com/perma/ruby/split-by-test-examples
2024-03-02T16:38:48.0977594Z W, [2024-03-02T16:38:48.097409 #2257]  WARN -- : [knapsack_pro] POST https://api-disabled-for-fork.knapsackpro.com/v1/build_distributions/subset
2024-03-02T16:38:48.0979146Z W, [2024-03-02T16:38:48.097451 #2257]  WARN -- : [knapsack_pro] Request failed due to:
2024-03-02T16:38:48.0981007Z W, [2024-03-02T16:38:48.097464 #2257]  WARN -- : [knapsack_pro] #<SocketError: Failed to open TCP connection to api-disabled-for-fork.knapsackpro.com:443 (getaddrinfo: Name or service not known)>
2024-03-02T16:38:48.0984189Z W, [2024-03-02T16:38:48.097499 #2257]  WARN -- : [knapsack_pro] Fallback mode started. We could not connect with Knapsack Pro API. Your tests will be executed based on directory names. Read more about fallback mode at https://knapsackpro.com/perma/ruby/fallback-mode
2024-03-02T16:38:48.1052634Z /opt/hostedtoolcache/Ruby/3.2.2/x64/bin/ruby -I/home/runner/work/human-essentials/human-essentials/vendor/bundle/ruby/3.2.0/gems/rspec-core-3.12.2/lib:/home/runner/work/human-essentials/human-essentials/vendor/bundle/ruby/3.2.0/gems/rspec-support-3.12.1/lib /home/runner/work/human-essentials/human-essentials/vendor/bundle/ruby/3.2.0/gems/rspec-core-3.12.2/exe/rspec  --format documentation --format KnapsackPro::Formatters::TimeTracker --default-path spec "spec/models/account_request_spec.rb" "spec/models/audit_spec.rb" "spec/models/base_item_spec.rb" "spec/models/concerns/deadlinable_spec.rb" "spec/models/distribution_spec.rb" "spec/models/donation_spec.rb" "spec/models/inventory_item_spec.rb" "spec/models/item_spec.rb" "spec/models/kit_spec.rb" "spec/models/manufacturer_spec.rb" "spec/models/organization_spec.rb" "spec/models/partner_group_spec.rb" "spec/models/partners/authorized_family_member_spec.rb" "spec/models/partners/child_spec.rb" "spec/models/partners/item_request_spec.rb" "spec/models/partners/served_area_spec.rb" "spec/models/product_drive_spec.rb" "spec/models/question_spec.rb" "spec/models/request_spec.rb" "spec/models/storage_location_spec.rb" "spec/models/user_spec.rb" "spec/models/vendor_spec.rb" "spec/controllers/admins_controller_spec.rb" "spec/controllers/distributions_controller_spec.rb" "spec/controllers/donations_controller_spec.rb" "spec/controllers/items_controller_spec.rb" "spec/events/event_differ_spec.rb" "spec/helpers/application_helper_spec.rb" "spec/helpers/product_drive_helper_spec.rb" "spec/jobs/historical_data_cache_job_spec.rb" "spec/jobs/partner_mailer_job_spec.rb" "spec/lib/dispersed_past_dates_generator_spec.rb" "spec/mailers/custom_devise_mailer_spec.rb" "spec/mailers/organization_mailer_spec.rb" "spec/mailers/reminder_deadline_mailer_spec.rb" "spec/mailers/requests_confirmation_mailer_spec.rb" "spec/pdfs/distribution_pdf_spec.rb" "spec/queries/items_in_total_query_spec.rb" "spec/queries/items_out_total_query_spec.rb" "spec/services/add_role_service_spec.rb" "spec/services/allocate_kit_inventory_service_spec.rb" "spec/services/deadline_service_spec.rb" "spec/services/distribution_content_change_service_spec.rb" "spec/services/distribution_destroy_service_spec.rb" "spec/services/distribution_reminder_spec.rb" "spec/services/distributions_by_county_report_service_spec.rb" "spec/services/donation_destroy_service_spec.rb" "spec/services/exports/export_distributions_csv_service_spec.rb" "spec/services/exports/export_purchases_csv_service_spec.rb" "spec/services/exports/export_request_service_spec.rb" "spec/services/inventory_check_service_spec.rb" "spec/services/itemizable_update_service_spec.rb" "spec/services/organization_update_service_spec.rb" "spec/services/partner_create_service_spec.rb" "spec/services/partner_invite_service_spec.rb" "spec/services/partner_request_recertification_service_spec.rb" "spec/services/partners/fetch_partners_to_remind_now_service_spec.rb" "spec/services/partners/request_create_service_spec.rb" "spec/services/profile_update_service_spec.rb" "spec/services/reports/acquisition_report_service_spec.rb" "spec/services/reports/children_served_report_service_spec.rb" "spec/services/reports/partner_info_report_service_spec.rb" "spec/services/reports/summary_report_service_spec.rb" "spec/services/request_destroy_service_spec.rb" "spec/services/service_object_errors_mixin_spec.rb" "spec/services/text_interpolator_service_spec.rb" "spec/services/user_invite_service_spec.rb"
2024-03-02T16:38:56.7847671Z 
2024-03-02T16:38:56.7848482Z Randomized with seed 63754
2024-03-02T16:38:57.6395279Z 
2024-03-02T16:38:57.6396001Z DeadlineService
2024-03-02T16:38:57.6396761Z   #next_deadline
2024-03-02T16:38:57.6397841Z     do from the partner group
2024-03-02T16:38:57.6398811Z       when the deadline is today
2024-03-02T16:38:57.6650243Z         returns a date in the next month
2024-03-02T16:38:57.6651005Z       when the deadline is after today
2024-03-02T16:38:57.6706561Z         returns a date within the current month
2024-03-02T16:38:57.6707424Z       when the deadline is before today
2024-03-02T16:38:57.6760048Z         returns a date in the next month
2024-03-02T16:38:57.6760865Z     from the organization
2024-03-02T16:38:57.6761651Z       when the deadline is today
2024-03-02T16:38:57.6814389Z         returns a date in the next month
2024-03-02T16:38:57.6815016Z       when the deadline is before today
2024-03-02T16:38:57.6867771Z         returns a date in the next month
2024-03-02T16:38:57.6868770Z       when the deadline is after today
2024-03-02T16:38:57.6921409Z         returns a date within the current month
2024-03-02T16:38:57.6922393Z 
2024-03-02T16:38:57.6922836Z Partners::ItemRequest
2024-03-02T16:38:57.6923865Z   associations
2024-03-02T16:38:57.7025963Z     is expected to belong to request class_name => ::Request required: true
2024-03-02T16:38:57.7074970Z     is expected to have many child_item_requests dependent => destroy
2024-03-02T16:38:57.7109795Z     is expected to have many children through child_item_requests
2024-03-02T16:38:57.7110756Z   versioning
2024-03-02T16:38:57.7144617Z     is expected to be versioned
2024-03-02T16:38:57.7145324Z   validations
2024-03-02T16:38:57.7206599Z     is expected to validate that :quantity looks like an integer greater than or equal to 1
2024-03-02T16:38:57.7266105Z     is expected to validate that :name cannot be empty/falsy
2024-03-02T16:38:57.7324871Z     is expected to validate that :quantity cannot be empty/falsy
2024-03-02T16:38:57.7381054Z     is expected to validate that :partner_key cannot be empty/falsy
2024-03-02T16:38:57.7381819Z 
2024-03-02T16:38:57.7382122Z Exports::ExportPurchasesCSVService
2024-03-02T16:38:57.7382867Z   #generate_csv_data
2024-03-02T16:38:57.8854739Z     should match the expected content for the csv
2024-03-02T16:38:57.8855473Z 
2024-03-02T16:38:57.8855770Z PartnerMailerJob
2024-03-02T16:38:57.8856510Z   conditionally sending the emails
2024-03-02T16:38:58.2246771Z     sends mail for future distributions immediately
2024-03-02T16:38:58.4213595Z     does not send mail for past distributions
2024-03-02T16:38:58.4214775Z     when the distribution is for a deactivated partner
2024-03-02T16:38:58.6173652Z       does not send the email
2024-03-02T16:38:58.6174484Z 
2024-03-02T16:38:58.6175103Z RequestDestroyService
2024-03-02T16:38:58.6175760Z   #call
2024-03-02T16:38:58.6393735Z     should return an instance of itself
2024-03-02T16:38:58.6394678Z     when the request_id matches no request
2024-03-02T16:38:58.6432970Z       should not be successful and have errors indicating request id is invalid
2024-03-02T16:38:58.6434604Z     when the request is already discarded
2024-03-02T16:38:58.6533382Z       should not be successful and have errors
2024-03-02T16:38:58.6534020Z     when there are no validation errors
2024-03-02T16:38:58.6665480Z       should update the discarded_at column on the request
2024-03-02T16:38:58.6795481Z       should update the status column on the request
2024-03-02T16:38:58.6921001Z       should send a email notification to the partner
2024-03-02T16:38:58.6922520Z     when the request's partner is deactivated
2024-03-02T16:38:58.7179503Z       should have errors
2024-03-02T16:38:58.7179908Z 
2024-03-02T16:38:58.7180632Z HistoricalDataCacheJob
2024-03-02T16:38:58.9003026Z   caches the historical data
2024-03-02T16:38:59.0727552Z   queues the job
2024-03-02T16:38:59.0728003Z 
2024-03-02T16:38:59.0728514Z DistributionPdf
2024-03-02T16:38:59.1408762Z   #request_data
2024-03-02T16:38:59.1993830Z   #non_request_data
2024-03-02T16:38:59.1994562Z 
2024-03-02T16:38:59.1994842Z ProductDriveHelper
2024-03-02T16:38:59.1996210Z   #is_virtual
2024-03-02T16:38:59.1997378Z     when a product drive was not provided
2024-03-02T16:38:59.2083309Z       with blank argument
2024-03-02T16:38:59.2138270Z       without argument
2024-03-02T16:38:59.2139148Z     when the product drive was held virtually
2024-03-02T16:38:59.2255606Z       is expected to eq "Yes"
2024-03-02T16:38:59.2256616Z     when the product drive wasn't held virtually
2024-03-02T16:38:59.2306023Z       is expected to eq "No"
2024-03-02T16:38:59.2307127Z 
2024-03-02T16:38:59.2307483Z InventoryCheckService
2024-03-02T16:38:59.2308650Z   call
2024-03-02T16:38:59.2309550Z     alert
2024-03-02T16:38:59.3195654Z       should set the alert
2024-03-02T16:38:59.3196610Z     error
2024-03-02T16:38:59.3912465Z       should set the error
2024-03-02T16:38:59.3913372Z 
2024-03-02T16:38:59.3913769Z TextInterpolatorService
2024-03-02T16:38:59.3914654Z   #call
2024-03-02T16:38:59.3950331Z     returns interpolated text
2024-03-02T16:38:59.3951224Z     when interpolations are empty
2024-03-02T16:38:59.3985292Z       returns text
2024-03-02T16:38:59.3985862Z     when text is empty
2024-03-02T16:38:59.4019571Z       returns empty string
2024-03-02T16:38:59.4020338Z     when interpolations are not present
2024-03-02T16:38:59.4054364Z       returns text
2024-03-02T16:38:59.4055139Z     when text is nil
2024-03-02T16:38:59.4089308Z       returns nil
2024-03-02T16:38:59.4090238Z     when interpolations are nil
2024-03-02T16:38:59.4123827Z       returns text
2024-03-02T16:38:59.4125240Z 
2024-03-02T16:38:59.4125525Z AllocateKitInventoryService
2024-03-02T16:38:59.4126703Z   #allocate
2024-03-02T16:38:59.4127881Z     when more than one kit is requested
2024-03-02T16:38:59.4128848Z       but one of the items is out of stock
2024-03-02T16:38:59.7056874Z         returns error and does not change kit or item quantity
2024-03-02T16:38:59.7058052Z     when inventory items are available
2024-03-02T16:38:59.9854023Z       allocates items, increases the quantity of the Kit Item and inventory in, and decreases inventory out
2024-03-02T16:38:59.9854982Z       When kit is allocated more then once
2024-03-02T16:39:00.2903578Z         increases the already existed inventory in and decreases the already existed inventory out
2024-03-02T16:39:00.2904899Z       when there are more then one line items
2024-03-02T16:39:00.2905700Z         when there kit is allocated once
2024-03-02T16:39:00.5673665Z           inventory out for that kit contains both line_items with their respective quantity
2024-03-02T16:39:00.5675133Z         when same kit is allocated multiple times
2024-03-02T16:39:00.8831212Z           inventory out for that kit contains both line_items with their respective quantity
2024-03-02T16:39:00.8832558Z   #error
2024-03-02T16:39:00.8833294Z     when the Store location organization doesn't match
2024-03-02T16:39:01.0926576Z       returns error
2024-03-02T16:39:01.0927023Z 
2024-03-02T16:39:01.0927362Z Partners::AuthorizedFamilyMember
2024-03-02T16:39:01.0928391Z   versioning
2024-03-02T16:39:01.1025027Z     is expected to be versioned
2024-03-02T16:39:01.1025739Z   associations
2024-03-02T16:39:01.1072962Z     is expected to belong to family required: true
2024-03-02T16:39:01.1109625Z     is expected to have many child_item_requests dependent => nullify
2024-03-02T16:39:01.1110607Z   #display_name
2024-03-02T16:39:01.1485424Z     should return the family member's first and last name
2024-03-02T16:39:01.1486354Z 
2024-03-02T16:39:01.1486599Z AccountRequest
2024-03-02T16:39:01.1687980Z   #confirm!
2024-03-02T16:39:01.1805075Z   #reject!
2024-03-02T16:39:01.1806109Z   associations
2024-03-02T16:39:01.1866151Z     is expected to belong to ndbn_member class_name => NDBNMember optional: true
2024-03-02T16:39:01.1960845Z     is expected to have one organization class_name => Organization
2024-03-02T16:39:01.1961936Z   versioning
2024-03-02T16:39:01.1997309Z     is expected to be versioned
2024-03-02T16:39:01.1997809Z   validations
2024-03-02T16:39:01.2135140Z     is expected to validate that :request_details cannot be empty/falsy
2024-03-02T16:39:01.2241723Z     is expected to allow :email to be "leonarda.botsford@okuneva.example"
2024-03-02T16:39:01.2418903Z     is expected to validate that :email cannot be empty/falsy
2024-03-02T16:39:01.2555014Z     is expected to validate that the length of :request_details is at least 50
2024-03-02T16:39:01.2702914Z     is expected to validate that :email is case-sensitively unique
2024-03-02T16:39:01.2817108Z     is expected not to allow :email to be "not_email"
2024-03-02T16:39:01.2966708Z     is expected to validate that :name cannot be empty/falsy
2024-03-02T16:39:01.2968262Z     when the email provided is already used by an existing organization
2024-03-02T16:39:01.4867104Z       should not allow the email
2024-03-02T16:39:01.4868037Z     when the email provided is already used by an existing user
2024-03-02T16:39:01.5074888Z       should not allow the email
2024-03-02T16:39:01.5075701Z   #identity_token
2024-03-02T16:39:01.5169586Z     should return a JWT token that contains the id of the account_request_id
2024-03-02T16:39:01.5170731Z     when the account_request is not persisted
2024-03-02T16:39:01.5265420Z       should raise an error
2024-03-02T16:39:01.5266060Z   #processed?
2024-03-02T16:39:01.5267036Z     when the account request has no associated organization
2024-03-02T16:39:01.5352404Z       should return false
2024-03-02T16:39:01.5353233Z     when the account request has a associated organization
2024-03-02T16:39:01.7158595Z       should return true
2024-03-02T16:39:01.7159627Z   .get_by_identity_token
2024-03-02T16:39:01.7160548Z     when the identity_token corresponds to an existing AccountRequest
2024-03-02T16:39:01.7259515Z       should return the corresponding AccountRequest
2024-03-02T16:39:01.7260312Z     when the identity_token provided does not match any AccountRequest
2024-03-02T16:39:01.7294287Z       should return nil
2024-03-02T16:39:01.7295102Z 
2024-03-02T16:39:01.7295334Z AddRoleService
2024-03-02T16:39:01.7296184Z   #call
2024-03-02T16:39:01.7297424Z     when the role does not yet exist
2024-03-02T16:39:01.9224544Z       should add the role
2024-03-02T16:39:02.1330227Z       works with a partner
2024-03-02T16:39:02.3225589Z       works with super admin
2024-03-02T16:39:02.5159825Z       should add the user role when asked to add admin
2024-03-02T16:39:02.5161039Z     when the role already exists
2024-03-02T16:39:02.7101129Z       should raise an error
2024-03-02T16:39:02.9049540Z       should raise an error for super admin
2024-03-02T16:39:02.9050239Z 
2024-03-02T16:39:02.9050488Z PartnerInviteService
2024-03-02T16:39:02.9366646Z   should update the status of the partner to invited
2024-03-02T16:39:02.9668854Z   should create invite
2024-03-02T16:39:02.9669563Z   with force: true
2024-03-02T16:39:02.9972972Z     should send the force setting forward
2024-03-02T16:39:02.9973573Z 
2024-03-02T16:39:02.9973887Z DistributionsController
2024-03-02T16:39:02.9974720Z   While signed in
2024-03-02T16:39:02.9975625Z     POST #create
2024-03-02T16:39:02.9976888Z       multiple line_items that have inventory quantity below minimum quantity
2024-03-02T16:39:03.0976207Z         redirects with a flash notice and a flash error
2024-03-02T16:39:03.0977664Z       multiple line_items that have inventory quantity below recommended quantity
2024-03-02T16:39:03.1810845Z         redirects with a flash notice and a flash alert
2024-03-02T16:39:03.1812015Z       when distribution causes inventory quantity to be below minimum quantity
2024-03-02T16:39:03.2517665Z         redirects with a flash notice and a flash error
2024-03-02T16:39:03.2518734Z       when line item quantity is not positive
2024-03-02T16:39:03.3066667Z         flashes an error
2024-03-02T16:39:03.3067425Z     PUT #update
2024-03-02T16:39:03.3068427Z       when distribution causes inventory quantity to be below minimum quantity
2024-03-02T16:39:03.4198820Z         redirects with a flash notice and a flash error
2024-03-02T16:39:03.4199766Z       when distribution causes inventory quantity to be below recommended quantity
2024-03-02T16:39:03.5305363Z         redirects with a flash notice and a flash error
2024-03-02T16:39:03.5306253Z       when distribution has items updated for minimum quantity
2024-03-02T16:39:03.6630452Z         redirects with a flash notice and send send_notification
2024-03-02T16:39:03.6631258Z 
2024-03-02T16:39:03.6631546Z ApplicationHelper
2024-03-02T16:39:03.6633810Z   step_container_helper
2024-03-02T16:39:03.6634909Z     active_index is equal to index
2024-03-02T16:39:03.6683272Z       returns active
2024-03-02T16:39:03.6684116Z     active_index is greater than index
2024-03-02T16:39:03.6726963Z       returns done
2024-03-02T16:39:03.6727804Z     active_index is less than index
2024-03-02T16:39:03.6770067Z       returns empty string
2024-03-02T16:39:03.6770785Z   default_title_content
2024-03-02T16:39:03.6772112Z     Organization does not exist
2024-03-02T16:39:03.6816314Z       returns a default name
2024-03-02T16:39:03.6817163Z     Organization exists
2024-03-02T16:39:03.8519773Z       returns the organization's name
2024-03-02T16:39:03.8520703Z   confirm_delete_msg
2024-03-02T16:39:03.8567923Z     subs in string
2024-03-02T16:39:03.8568355Z   active_class
2024-03-02T16:39:03.8610552Z     Returns the controller name
2024-03-02T16:39:03.8611115Z   flash_class
2024-03-02T16:39:03.8664408Z     returns appropriate class for success
2024-03-02T16:39:03.8704970Z     returns appropriate class for alert
2024-03-02T16:39:03.8744775Z     returns appropriate class for error
2024-03-02T16:39:03.8784863Z     returns appropriate class for notice
2024-03-02T16:39:03.8785661Z   can_administrate?
2024-03-02T16:39:03.8786803Z     User is org admin and not part of org
2024-03-02T16:39:04.0811666Z       cannot administrate
2024-03-02T16:39:04.0812193Z     User is part of org but not org admin
2024-03-02T16:39:04.0973994Z       cannot administrate
2024-03-02T16:39:04.0974712Z     User is org admin and part of org
2024-03-02T16:39:04.1184411Z       can administrate
2024-03-02T16:39:04.1185749Z 
2024-03-02T16:39:04.1185990Z InventoryItem
2024-03-02T16:39:04.1223488Z   initializes the quantity to 0 if it was not specified
2024-03-02T16:39:04.1224095Z   versioning
2024-03-02T16:39:04.1257439Z     is expected to be versioned
2024-03-02T16:39:04.1258088Z   Filtering >
2024-03-02T16:39:04.1258812Z     ->by_partner_key
2024-03-02T16:39:04.1393780Z       shows the Base Items by partner_key
2024-03-02T16:39:04.1394570Z   Validations >
2024-03-02T16:39:04.1441434Z     requires an item
2024-03-02T16:39:04.1493466Z     requires an inventory association
2024-03-02T16:39:04.1494099Z     quantity >
2024-03-02T16:39:04.1552045Z       is required
2024-03-02T16:39:04.1610194Z       is numerical
2024-03-02T16:39:04.1667220Z       is less than the max integer
2024-03-02T16:39:04.1804929Z       is gte 0
2024-03-02T16:39:04.1805995Z 
2024-03-02T16:39:04.1806548Z Partners::FetchPartnersToRemindNowService
2024-03-02T16:39:04.1807284Z   .fetch
2024-03-02T16:39:04.1808248Z     when there is a partner
2024-03-02T16:39:04.1809786Z       that does NOT have a organization with a global reminder & deadline
2024-03-02T16:39:04.1810996Z         and is a part of a partner group that does have them defined
2024-03-02T16:39:04.1811987Z           that is not for today
2024-03-02T16:39:04.2182585Z             should NOT include that partner
2024-03-02T16:39:04.2183398Z           that is for today
2024-03-02T16:39:04.2517718Z             should include that partner
2024-03-02T16:39:04.2518555Z             but the partner is deactivated
2024-03-02T16:39:04.2915666Z               should NOT include that partner
2024-03-02T16:39:04.2918267Z       that has an organization with a global reminder & deadline
2024-03-02T16:39:04.2919453Z         that is not for today
2024-03-02T16:39:04.3226289Z           should NOT include that partner
2024-03-02T16:39:04.3227187Z         AND a partner group that does have them defined
2024-03-02T16:39:04.3611554Z           should remind based on the partner group instead of the organization level reminder
2024-03-02T16:39:04.3612771Z           but the partner is deactivated
2024-03-02T16:39:04.4022249Z             should NOT include that partner
2024-03-02T16:39:04.4023243Z         that is for today
2024-03-02T16:39:04.4333467Z           should include that partner
2024-03-02T16:39:04.4334303Z           but the partner is deactivated
2024-03-02T16:39:04.4668102Z             should NOT include that partner
2024-03-02T16:39:04.4669105Z           and has send_reminder=false
2024-03-02T16:39:04.4987204Z             should NOT include that partner
2024-03-02T16:39:04.4988786Z 
2024-03-02T16:39:04.4989110Z UserInviteService
2024-03-02T16:39:04.4990394Z   with existing user
2024-03-02T16:39:04.5077302Z     should raise an error when reinviting an existing user with the same role
2024-03-02T16:39:04.6980791Z     should add roles to existing user
2024-03-02T16:39:04.6981502Z     with force: true
2024-03-02T16:39:04.7937313Z       should reinvite the user
2024-03-02T16:39:04.7938022Z   with a new user
2024-03-02T16:39:04.9878717Z     should create the user with roles
2024-03-02T16:39:04.9880429Z 
2024-03-02T16:39:04.9881011Z Partners::RequestCreateService
2024-03-02T16:39:04.9881896Z   #call
2024-03-02T16:39:04.9882818Z     when the arguments are incorrect
2024-03-02T16:39:04.9883981Z       because no item_requests_attributes and comments were defined
2024-03-02T16:39:05.0152450Z         should return the Request object with an error
2024-03-02T16:39:05.0154005Z       because a unrecogonized item_id was provided
2024-03-02T16:39:05.0459399Z         should return the Request object with an error
2024-03-02T16:39:05.0460409Z     when the arguments are correct
2024-03-02T16:39:05.0837171Z       should create a Request record
2024-03-02T16:39:05.1189591Z       should have no errors
2024-03-02T16:39:05.1546641Z       should notify the Partner via email
2024-03-02T16:39:05.1547738Z       but a unexpected error occured during the save
2024-03-02T16:39:05.1548614Z         for the Request record
2024-03-02T16:39:05.1885522Z           should NOT create a Request record
2024-03-02T16:39:05.2219169Z           should have an error with the raised error
2024-03-02T16:39:05.2549346Z           should NOT notify the Partner via email
2024-03-02T16:39:05.2550253Z 
2024-03-02T16:39:05.2550623Z PartnerGroup
2024-03-02T16:39:05.2552001Z   associations
2024-03-02T16:39:05.2615610Z     is expected to have and belong to many item_categories
2024-03-02T16:39:05.2649636Z     is expected to have many partners
2024-03-02T16:39:05.2697166Z     is expected to belong to organization required: true
2024-03-02T16:39:05.2698257Z   DB constraints
2024-03-02T16:39:05.2698857Z     deadline_day <= 28
2024-03-02T16:39:05.2769473Z       raises error if unmet
2024-03-02T16:39:05.2770856Z     reminder_day <= 28
2024-03-02T16:39:05.2839460Z       raises error if unmet
2024-03-02T16:39:05.2840377Z     send_reminders IS NOT NULL
2024-03-02T16:39:05.2908351Z       raises error if unmet
2024-03-02T16:39:05.2909001Z   Validations >
2024-03-02T16:39:05.2998414Z     requires a unique name within an organization
2024-03-02T16:39:05.3038681Z     must belong to an organization
2024-03-02T16:39:05.3270622Z     does not require a unique name between organizations
2024-03-02T16:39:05.3271773Z     deadline_day && reminder_day must be defined if send_reminders=true
2024-03-02T16:39:05.3318578Z       should not be valid
2024-03-02T16:39:05.3319658Z   versioning
2024-03-02T16:39:05.3353606Z     is expected to be versioned
2024-03-02T16:39:05.3354266Z 
2024-03-02T16:39:05.3354615Z Exports::ExportRequestService
2024-03-02T16:39:05.3355684Z   .generate_csv_data
2024-03-02T16:39:05.5444252Z     includes rows for each request with correct columns of item quantity
2024-03-02T16:39:05.7437566Z     includes headers as the first row with ordered item names alphabetically with deleted item included at the end
2024-03-02T16:39:05.7438687Z 
2024-03-02T16:39:05.7438969Z Partners::ServedArea
2024-03-02T16:39:05.7669784Z   must only allow integer client shares
2024-03-02T16:39:05.7916643Z   must only allow valid client share values
2024-03-02T16:39:05.7964266Z   is expected to belong to partner_profile required: true
2024-03-02T16:39:05.8003806Z   is expected to belong to county required: true
2024-03-02T16:39:05.8005087Z   versioning
2024-03-02T16:39:05.8044957Z     is expected to be versioned
2024-03-02T16:39:05.8045718Z 
2024-03-02T16:39:05.8046132Z DistributionDestroyService
2024-03-02T16:39:05.8047099Z   #call
2024-03-02T16:39:05.8048248Z     when the distribution_id does match a Distribution
2024-03-02T16:39:05.8049396Z       and the destroy! operation fails
2024-03-02T16:39:06.0240927Z         should not delete the Distribution
2024-03-02T16:39:06.2276179Z         should not be successful and have the error message
2024-03-02T16:39:06.2276951Z       and the increase inventory operations fails
2024-03-02T16:39:06.4350107Z         should not delete the Distribution
2024-03-02T16:39:06.6365522Z         should not be successful and have the error message
2024-03-02T16:39:06.6366524Z       and the operations succeed
2024-03-02T16:39:06.8453982Z         should increase the inventory of the storage location
2024-03-02T16:39:07.0594634Z         should be successful
2024-03-02T16:39:07.2656997Z         should destroy the Distribution
2024-03-02T16:39:07.2660416Z     when the distribution_id matches no Distribution
2024-03-02T16:39:07.2700321Z       to not be a success
2024-03-02T16:39:07.2701048Z 
2024-03-02T16:39:07.2701695Z Reports::SummaryReportService
2024-03-02T16:39:07.2702305Z   #report
2024-03-02T16:39:07.4520897Z     should report zero values
2024-03-02T16:39:07.8932947Z     should report negative values
2024-03-02T16:39:08.3365422Z     should report positive values
2024-03-02T16:39:08.3366402Z 
2024-03-02T16:39:08.3366752Z ServiceObjectErrorsMixin
2024-03-02T16:39:08.3367425Z   self.included
2024-03-02T16:39:08.3422776Z     should add class methods to the class that include ServiceObjectErrorsMixin
2024-03-02T16:39:08.3423806Z 
2024-03-02T16:39:08.3424018Z Request
2024-03-02T16:39:08.3424797Z   item data
2024-03-02T16:39:08.3510808Z     coerces item quantity and id to always be an integer before saving
2024-03-02T16:39:08.3511799Z   versioning
2024-03-02T16:39:08.3547679Z     is expected to be versioned
2024-03-02T16:39:08.3548560Z   total_items
2024-03-02T16:39:08.3644446Z     adds the quantity of all items in the request
2024-03-02T16:39:08.3645502Z   Enums >
2024-03-02T16:39:08.3646195Z     #status
2024-03-02T16:39:08.3846809Z       scopes
2024-03-02T16:39:08.3847319Z 
2024-03-02T16:39:08.3847569Z EventDiffer
2024-03-02T16:39:08.5903375Z   should return a full diff
2024-03-02T16:39:08.5903888Z 
2024-03-02T16:39:08.5904188Z OrganizationUpdateService
2024-03-02T16:39:08.5905277Z   #update_partner_flags
2024-03-02T16:39:08.5913921Z     when request flags have changed
2024-03-02T16:39:08.8159812Z       should update partners when disabling quantity-based request flags
2024-03-02T16:39:09.0343590Z       should NOT update partners' request flags when enabling request flags on the organization
2024-03-02T16:39:09.2608316Z       should update partners when disabling child and individual request flags
2024-03-02T16:39:09.2609195Z     when request flags haven't changed
2024-03-02T16:39:09.6200189Z       should not update partners
2024-03-02T16:39:09.6201268Z   #update
2024-03-02T16:39:09.6201817Z     when object is invalid
2024-03-02T16:39:09.8263259Z       should not update and return false
2024-03-02T16:39:09.8264187Z     when organization has partners
2024-03-02T16:39:09.8265328Z       when all of a single partner's request flags will be disabled
2024-03-02T16:39:10.0421598Z         should add an error message to the organization
2024-03-02T16:39:10.2661163Z         should NOT change request flags in organization or its partners
2024-03-02T16:39:10.2663016Z       when all of a single partner's request flags WILL NOT be disabled
2024-03-02T16:39:10.4917420Z         should allow the disabling of request flags in organization and its partners
2024-03-02T16:39:10.4918618Z     when object is valid
2024-03-02T16:39:10.6730971Z       should update and return true
2024-03-02T16:39:10.6731536Z 
2024-03-02T16:39:10.6731973Z Exports::ExportDistributionsCSVService
2024-03-02T16:39:10.6733004Z   #generate_csv_data
2024-03-02T16:39:10.8516159Z     should match the expected content for the csv
2024-03-02T16:39:10.8516977Z     when a new item is added
2024-03-02T16:39:11.0275613Z       should add it to the end of the row
2024-03-02T16:39:11.2134366Z       should show up with a 0 quantity if there are none of this item in any distribution
2024-03-02T16:39:11.2136162Z     when there are no distributions but the report is requested
2024-03-02T16:39:11.3840971Z       returns a csv with only headers and no rows
2024-03-02T16:39:11.3841639Z 
2024-03-02T16:39:11.3842114Z ProfileUpdateService
2024-03-02T16:39:11.3842831Z   #update
2024-03-02T16:39:11.4084918Z     updates the profile with the filtered and prepared params
2024-03-02T16:39:11.4085918Z 
2024-03-02T16:39:11.4086389Z PartnerRequestRecertificationService
2024-03-02T16:39:11.4087188Z   #call
2024-03-02T16:39:11.4088148Z     when the arguments are incorrect
2024-03-02T16:39:11.4089329Z       because the partner has already been requested to recertify
2024-03-02T16:39:11.4370851Z         should return the PartnerRequestRecertificationService object with an error
2024-03-02T16:39:11.4371907Z     when the partner is deactivated
2024-03-02T16:39:11.4648442Z       does not send an email
2024-03-02T16:39:11.4649320Z     when the arguments are correct
2024-03-02T16:39:11.4956777Z       should change the partner status to approved
2024-03-02T16:39:11.5250995Z       should queue sending the notice to the partner
2024-03-02T16:39:11.5562341Z       should have no errors
2024-03-02T16:39:11.5563084Z       but a unexpected error occurred during the save
2024-03-02T16:39:11.5564932Z         for partner approval
2024-03-02T16:39:11.5824545Z           should not change the partner status to recertification_required
2024-03-02T16:39:11.6072658Z           should NOT queue sending the notice to the partner
2024-03-02T16:39:11.6319676Z           should have an error with the raised error
2024-03-02T16:39:11.6321044Z 
2024-03-02T16:39:11.6321458Z DistributionContentChangeService
2024-03-02T16:39:11.6322663Z   #any_change?
2024-03-02T16:39:11.6324165Z     when there are no changes in the line items
2024-03-02T16:39:11.6361042Z       returns true
2024-03-02T16:39:11.6361878Z     when there are line items removed
2024-03-02T16:39:11.6395203Z       returns true
2024-03-02T16:39:11.6397780Z     when there are line items removed and updated
2024-03-02T16:39:11.6431538Z       returns true
2024-03-02T16:39:11.6432195Z     when there are line items updated
2024-03-02T16:39:11.6467065Z       returns true
2024-03-02T16:39:11.6468128Z   #changes
2024-03-02T16:39:11.6468732Z     when there are line items removed and updated
2024-03-02T16:39:11.6503712Z       returns true
2024-03-02T16:39:11.6504508Z 
2024-03-02T16:39:11.6505141Z Manufacturer
2024-03-02T16:39:11.6506242Z   versioning
2024-03-02T16:39:11.6586852Z     is expected to be versioned
2024-03-02T16:39:11.6587608Z   Private Methods
2024-03-02T16:39:11.6588167Z     #exists_in_org?
2024-03-02T16:39:11.8359496Z       returns true if manufacturer exists in an organization
2024-03-02T16:39:11.8360334Z   Validations
2024-03-02T16:39:11.8449911Z     must have a unique name within organization
2024-03-02T16:39:12.0239417Z     must belong to an organization
2024-03-02T16:39:12.0240552Z   Methods
2024-03-02T16:39:12.0241058Z     volume
2024-03-02T16:39:12.1734977Z       ignores the amount of product from other manufacturers
2024-03-02T16:39:12.3109570Z       retrieves the amount of product that has been donated by manufacturer from multiple donations
2024-03-02T16:39:12.3757724Z       retrieves the amount of product that has been donated by manufacturer
2024-03-02T16:39:12.3758613Z 
2024-03-02T16:39:12.3758828Z User
2024-03-02T16:39:12.3821484Z   has a valid factory
2024-03-02T16:39:12.3822202Z   Validations >
2024-03-02T16:39:12.3905565Z     requires a name
2024-03-02T16:39:12.4087784Z     requires an email that is formatted correctly
2024-03-02T16:39:12.4088788Z   omniauth
2024-03-02T16:39:12.4221573Z     retrieves the user from an omniauth context
2024-03-02T16:39:12.4222328Z   versioning
2024-03-02T16:39:12.4257529Z     is expected to be versioned
2024-03-02T16:39:12.4258263Z   Methods >
2024-03-02T16:39:12.4706097Z     #kind
2024-03-02T16:39:12.4784231Z     #reinvitable?
2024-03-02T16:39:12.4832481Z     discarded?
2024-03-02T16:39:12.4909394Z     #invitation_status
2024-03-02T16:39:12.4910358Z   Scopes >
2024-03-02T16:39:12.4911308Z     ->alphabetized
2024-03-02T16:39:12.5288385Z       retrieves users in the correct order
2024-03-02T16:39:12.5289260Z   Scopes >
2024-03-02T16:39:12.5289938Z     ->alphabetized
2024-03-02T16:39:12.5566286Z       retrieves users in the correct order
2024-03-02T16:39:12.5571563Z 
2024-03-02T16:39:12.5571841Z Donation
2024-03-02T16:39:12.5573629Z   Scopes >
2024-03-02T16:39:12.5574414Z     during >
2024-03-02T16:39:12.5762002Z       returns all donations created between two dates
2024-03-02T16:39:12.5763072Z     by_source >
2024-03-02T16:39:12.5763998Z       when source is a symbol
2024-03-02T16:39:12.5765217Z         when source is invalid
2024-03-02T16:39:12.6015438Z           does not throw errors, returns no results
2024-03-02T16:39:12.6016469Z         when source is valid
2024-03-02T16:39:12.6187997Z           allows a symbol as an argument, referencing the SOURCES hash
2024-03-02T16:39:12.6189261Z       when source is not a symbol
2024-03-02T16:39:12.6190180Z         when source is invalid
2024-03-02T16:39:12.6360013Z           does not throw errors, returns no results
2024-03-02T16:39:12.6361073Z         when source comes from the SOURCES hash
2024-03-02T16:39:12.6530885Z           returns all donations with the provided source
2024-03-02T16:39:12.6531759Z   versioning
2024-03-02T16:39:12.6565295Z     is expected to be versioned
2024-03-02T16:39:12.6566052Z   Callbacks >
2024-03-02T16:39:12.6727319Z     automatically combines duplicate line_item records when they're created
2024-03-02T16:39:12.6855760Z     inititalizes the issued_at field to default to midnight if it wasn't explicitly set
2024-03-02T16:39:12.6857021Z   Associations >
2024-03-02T16:39:12.6857600Z     items >
2024-03-02T16:39:12.7015610Z       has_many
2024-03-02T16:39:12.7016175Z   Validations >
2024-03-02T16:39:12.7084263Z     requires a source from the list of available sources
2024-03-02T16:39:12.7232281Z     is invalid when the line items are invalid
2024-03-02T16:39:12.7362643Z     requires a manufacturer if the source is 'Manufacturer'
2024-03-02T16:39:12.7483505Z     requires a product drive participant if the source is 'Product Drive'
2024-03-02T16:39:12.7599199Z     requires a donation_site if the source is 'Donation Site'
2024-03-02T16:39:12.7643602Z     must belong to an organization
2024-03-02T16:39:12.7687218Z     requires an inventory (storage location)
2024-03-02T16:39:12.7739040Z     ensures that the issued at is no earlier than 2000
2024-03-02T16:39:12.7739927Z   Methods >
2024-03-02T16:39:12.7740416Z     source_view
2024-03-02T16:39:12.7741067Z       from a drive
2024-03-02T16:39:12.7741680Z         participant known
2024-03-02T16:39:12.7742457Z           contact name present
2024-03-02T16:39:12.7873678Z             returns participant display name
2024-03-02T16:39:12.7874459Z           no contact name
2024-03-02T16:39:12.8002570Z             returns drive display name
2024-03-02T16:39:12.8003460Z         unknown participant
2024-03-02T16:39:12.8108162Z           returns drive display name
2024-03-02T16:39:12.8108912Z       details
2024-03-02T16:39:12.8109742Z         donation site
2024-03-02T16:39:12.8265932Z           returns donation_site name
2024-03-02T16:39:12.8266856Z         manufacturer
2024-03-02T16:39:12.8372336Z           returns manufacturer name
2024-03-02T16:39:12.8374482Z         misc
2024-03-02T16:39:12.8455028Z           returns a truncated comment
2024-03-02T16:39:12.8455728Z         product drive
2024-03-02T16:39:12.8557444Z           returns product_drive name
2024-03-02T16:39:12.8558373Z       not from a drive
2024-03-02T16:39:12.8668301Z         returns source
2024-03-02T16:39:12.8668985Z     money_raised
2024-03-02T16:39:12.9307811Z       tracks the money raised in a donation
2024-03-02T16:39:12.9308559Z     remove
2024-03-02T16:39:12.9957426Z       removes the item from the donation
2024-03-02T16:39:13.0638749Z       fails gracefully if the item doesn't exist
2024-03-02T16:39:13.1243538Z       works with either an id or an object
2024-03-02T16:39:13.1245019Z   SOURCES
2024-03-02T16:39:13.1285021Z     the hash values are immutable
2024-03-02T16:39:13.1317332Z     the hash is immutable
2024-03-02T16:39:13.1352223Z     is a hash that is referenceable by key to avoid 'magic strings'
2024-03-02T16:39:13.1353225Z   behaves like itemizable
2024-03-02T16:39:13.1353859Z     .line_items
2024-03-02T16:39:13.1354533Z       sorted
2024-03-02T16:39:13.1852791Z         displays the items, sorted by name
2024-03-02T16:39:13.1853719Z       quantities_by_name
2024-03-02T16:39:13.2186079Z         returns a hash of items with id, name, and quantity
2024-03-02T16:39:13.2520447Z         leaves out zero-quantitied items if requested
2024-03-02T16:39:13.2521293Z       combine!
2024-03-02T16:39:13.2968971Z         incrementally combines line_items on donations that have already been created
2024-03-02T16:39:13.3355048Z         combines multiple line_items with the same item_id into a single record
2024-03-02T16:39:13.3356416Z       total
2024-03-02T16:39:13.3698272Z         has an item total
2024-03-02T16:39:13.3698959Z     .to_a
2024-03-02T16:39:13.3699769Z       with Flipper flag :deprecate_to_a enabled
2024-03-02T16:39:13.4037036Z         raises an error
2024-03-02T16:39:13.4037869Z       with Flipper flag :deprecate_to_a disabled
2024-03-02T16:39:13.4366294Z         calls line_item_values
2024-03-02T16:39:13.4367799Z 
2024-03-02T16:39:13.4368042Z Audit
2024-03-02T16:39:13.4369431Z   Scopes >
2024-03-02T16:39:13.4866545Z     `at_location` can filter out audits to a specific location
2024-03-02T16:39:13.4867278Z   Validations >
2024-03-02T16:39:13.4960217Z     must belong to an organization admin of its organization
2024-03-02T16:39:13.5482325Z     can have line items that has quantity as zero
2024-03-02T16:39:13.5996394Z     can not have line items that has quantity as negative integer
2024-03-02T16:39:13.6540998Z     can have line items that has quantity as a positive integer
2024-03-02T16:39:13.6820968Z     must belong to an organization
2024-03-02T16:39:13.7339642Z     can not have line items that has quantity as a string that cannot be reduced to an integer
2024-03-02T16:39:13.7845891Z     cannot have duplicate line items
2024-03-02T16:39:13.7846794Z   versioning
2024-03-02T16:39:13.7880530Z     is expected to be versioned
2024-03-02T16:39:13.7881310Z   behaves like itemizable
2024-03-02T16:39:13.7882047Z     .line_items
2024-03-02T16:39:13.7882648Z       total
2024-03-02T16:39:13.8732288Z         has an item total
2024-03-02T16:39:13.8733026Z       combine!
2024-03-02T16:39:13.9119331Z         incrementally combines line_items on donations that have already been created
2024-03-02T16:39:13.9659381Z         combines multiple line_items with the same item_id into a single record
2024-03-02T16:39:13.9660394Z       sorted
2024-03-02T16:39:14.0786297Z         displays the items, sorted by name
2024-03-02T16:39:14.0787300Z       quantities_by_name
2024-03-02T16:39:14.1584945Z         returns a hash of items with id, name, and quantity
2024-03-02T16:39:14.2396937Z         leaves out zero-quantitied items if requested
2024-03-02T16:39:14.2397821Z     .to_a
2024-03-02T16:39:14.2398393Z       with Flipper flag :deprecate_to_a disabled
2024-03-02T16:39:14.2893914Z         calls line_item_values
2024-03-02T16:39:14.2894745Z       with Flipper flag :deprecate_to_a enabled
2024-03-02T16:39:14.3373811Z         raises an error
2024-03-02T16:39:14.3374738Z   Methods >
2024-03-02T16:39:14.5761116Z     `self.storage_locations_audited_for` returns only storage_locations that are used for one org
2024-03-02T16:39:14.9106413Z     `self.finalized_since?` returns true iff some finalized audit occurred after itemizable created_at that shares item for location(s)
2024-03-02T16:39:14.9107421Z 
2024-03-02T16:39:14.9107550Z Kit
2024-03-02T16:39:15.1103369Z   deactivate and reactivate
2024-03-02T16:39:15.1104547Z   #can_deactivate?
2024-03-02T16:39:15.1105173Z     with inventory items
2024-03-02T16:39:15.3351059Z       should return false
2024-03-02T16:39:15.3351676Z     without inventory items
2024-03-02T16:39:15.5328666Z       should return true
2024-03-02T16:39:15.5329702Z   Validations >
2024-03-02T16:39:15.7353037Z     requires a unique name
2024-03-02T16:39:15.7521063Z     requires a name
2024-03-02T16:39:15.7684150Z     must belong to an organization
2024-03-02T16:39:15.7847998Z     is valid as built
2024-03-02T16:39:15.8018010Z     can't have negative value
2024-03-02T16:39:15.8183918Z     requires at least one item
2024-03-02T16:39:15.8184770Z   Filtering >
2024-03-02T16:39:16.3808383Z     ->alphabetized retrieves items in alphabetical order
2024-03-02T16:39:16.3844170Z     can filter
2024-03-02T16:39:16.3845155Z     ->by_partner_key
2024-03-02T16:39:16.6204067Z       shows the kits for a particular item
2024-03-02T16:39:16.6205306Z   versioning
2024-03-02T16:39:16.6241211Z     is expected to be versioned
2024-03-02T16:39:16.6242069Z   Value >
2024-03-02T16:39:16.6393756Z     converts dollars to cents
2024-03-02T16:39:16.6543914Z     converts cents to dollars
2024-03-02T16:39:16.6544685Z     .value_per_itemizable
2024-03-02T16:39:16.6976079Z       calculates values from associated items
2024-03-02T16:39:16.6976689Z 
2024-03-02T16:39:16.6977138Z Partners::Child
2024-03-02T16:39:16.6978147Z   associations
2024-03-02T16:39:16.7104571Z     is expected to belong to family required: true
2024-03-02T16:39:16.7144066Z     is expected to have many child_item_requests dependent => destroy
2024-03-02T16:39:16.7145162Z   versioning
2024-03-02T16:39:16.7181422Z     is expected to be versioned
2024-03-02T16:39:16.7182229Z   #display_name
2024-03-02T16:39:16.7479283Z     should return a child's first and last name
2024-03-02T16:39:16.7480309Z 
2024-03-02T16:39:16.7480636Z Organization
2024-03-02T16:39:16.7486340Z   default storage location
2024-03-02T16:39:16.7527802Z     associates the default storage location with a storage location
2024-03-02T16:39:16.7561964Z     returns nil when not set
2024-03-02T16:39:16.7562647Z   after_create
2024-03-02T16:39:16.7759713Z     should update the state of the account request
2024-03-02T16:39:16.7760619Z   total_inventory
2024-03-02T16:39:16.9512183Z     returns 0 if there is nothing
2024-03-02T16:39:17.1898515Z     returns a sum total of all inventory at all storage locations
2024-03-02T16:39:17.1900169Z   #short_name
2024-03-02T16:39:17.1974182Z     can only contain valid characters
2024-03-02T16:39:17.1974963Z   valid_items
2024-03-02T16:39:17.3732929Z     returns an array of item partner keys
2024-03-02T16:39:17.5511872Z     only shows active valid items
2024-03-02T16:39:17.5512946Z     with invisible items
2024-03-02T16:39:17.5797480Z       only shows active and visible items
2024-03-02T16:39:17.5798229Z   address
2024-03-02T16:39:17.5838202Z     does not add any separators after street when city, state, and zip are missing
2024-03-02T16:39:17.5873054Z     returns an empty string when the org has no address components
2024-03-02T16:39:17.5905915Z     correctly formats an address string with commas and spaces
2024-03-02T16:39:17.5942137Z     does not add any separators before the city when street is missing
2024-03-02T16:39:17.5975825Z     does not add a trailing space when the zip code is missing
2024-03-02T16:39:17.5977626Z   #ordered_requests
2024-03-02T16:39:17.7878736Z     puts active requests before fulfilled requests
2024-03-02T16:39:17.7879599Z     ordering of requests with matching status
2024-03-02T16:39:17.9783475Z       puts the most recently updated request before older requests
2024-03-02T16:39:17.9784380Z   geocode
2024-03-02T16:39:18.1561166Z     adds coordinates to the database
2024-03-02T16:39:18.1561996Z   deadline_day
2024-03-02T16:39:18.1671050Z     can only contain numbers 1-28
2024-03-02T16:39:18.1671945Z   from_email
2024-03-02T16:39:18.3584762Z     returns admin email when it's empty space
2024-03-02T16:39:18.5330503Z     returns email when present
2024-03-02T16:39:18.7234332Z     returns admin email when not present
2024-03-02T16:39:18.9177403Z     returns admin email when it's empty
2024-03-02T16:39:18.9178564Z   is_active
2024-03-02T16:39:19.2815571Z     returns active organizations
2024-03-02T16:39:19.2816670Z   reminder_day
2024-03-02T16:39:19.2932749Z     can only contain numbers 1-28
2024-03-02T16:39:19.2933514Z   versioning
2024-03-02T16:39:19.2967282Z     is expected to be versioned
2024-03-02T16:39:19.2968088Z   earliest reporting year
2024-03-02T16:39:19.5367049Z     is the year of the earliest of donation, purchase, or distribution if they are earlier
2024-03-02T16:39:19.7180233Z     is the organization created year if no associated data
2024-03-02T16:39:19.7181110Z   validations
2024-03-02T16:39:19.8948438Z     validates that short names are unique
2024-03-02T16:39:19.9033874Z     validates that attachments are png or jpgs
2024-03-02T16:39:19.9136657Z     validates that at least one distribution type is enabled
2024-03-02T16:39:19.9200948Z     validates that attachment file size is not higher than 1 MB
2024-03-02T16:39:19.9201966Z   #assign_attributes_from_account_request
2024-03-02T16:39:19.9290230Z     should assign the proper attributes to the organization
2024-03-02T16:39:19.9291277Z   #seed_items
2024-03-02T16:39:20.1114828Z     allows a single base item to be seeded
2024-03-02T16:39:20.3039935Z     allows a collection of items to be seeded
2024-03-02T16:39:20.3040782Z     when given an item that already exists
2024-03-02T16:39:20.4913406Z       gracefully skips the item
2024-03-02T16:39:20.4914483Z     when given an item name that already exists, but with an 'other' partner key
2024-03-02T16:39:20.6772376Z       updates the old item to use the new base item as its base
2024-03-02T16:39:20.6773291Z   Associations >
2024-03-02T16:39:20.6822403Z     is expected to belong to ndbn_member class_name => NDBNMember optional: true
2024-03-02T16:39:20.6857063Z     is expected to have many users through roles
2024-03-02T16:39:20.6903117Z     is expected to have many item_categories
2024-03-02T16:39:20.6903931Z     users
2024-03-02T16:39:20.6904780Z       when a organizaton has a user that has two roles
2024-03-02T16:39:20.8817201Z         should returns users without duplications
2024-03-02T16:39:20.8818252Z     items
2024-03-02T16:39:20.8818782Z       .during
2024-03-02T16:39:22.8532441Z         return ranking of all items
2024-03-02T16:39:22.8533071Z       .other
2024-03-02T16:39:24.8213425Z         returns all items for this organization designated 'other'
2024-03-02T16:39:24.8214387Z       .during.top
2024-03-02T16:39:26.7986900Z         return just 3 elements
2024-03-02T16:39:28.7771283Z         return 3 most used items
2024-03-02T16:39:28.7772012Z       .during.bottom
2024-03-02T16:39:30.9284966Z         return just 3 elements
2024-03-02T16:39:32.9067584Z         return 3 least used items
2024-03-02T16:39:32.9068360Z     distributions
2024-03-02T16:39:32.9068913Z       upcoming
2024-03-02T16:39:32.9818656Z         retrieves the distributions scheduled for this week that have not yet happened
2024-03-02T16:39:32.9819409Z     barcode_items
2024-03-02T16:39:33.1801003Z       returns only this organization's barcodes, no globals
2024-03-02T16:39:33.1802128Z       .all
2024-03-02T16:39:33.3656210Z         includes global barcode items also
2024-03-02T16:39:33.3656933Z   .seed_items
2024-03-02T16:39:33.3657458Z     when no organization is provided
2024-03-02T16:39:33.9991004Z       updates all organizations
2024-03-02T16:39:33.9991630Z     when provided with an organization to seed
2024-03-02T16:39:34.3250276Z       loads the base items into Item records
2024-03-02T16:39:34.3257959Z 
2024-03-02T16:39:34.3258472Z Item
2024-03-02T16:39:34.3260218Z   Methods >
2024-03-02T16:39:34.3261182Z     barcoded_items >
2024-03-02T16:39:34.3658318Z       returns a collection of items that have barcodes associated with them
2024-03-02T16:39:34.3659428Z     other?
2024-03-02T16:39:34.3805484Z       is true for items that are partner_key 'other'
2024-03-02T16:39:34.3810118Z     destroy
2024-03-02T16:39:34.5978601Z       deactivates the kit if it exists
2024-03-02T16:39:34.6154034Z       actually destroys an item that doesn't have history
2024-03-02T16:39:34.6384769Z       only hides an item that has history
2024-03-02T16:39:34.6385701Z     has_history?
2024-03-02T16:39:34.7100870Z       identifies items that have been used previously
2024-03-02T16:39:34.7101930Z     storage_locations_containing
2024-03-02T16:39:34.7456691Z       retrieves all storage locations that contain an item
2024-03-02T16:39:34.7459737Z     barcodes_for
2024-03-02T16:39:34.7656554Z       retrieves all BarcodeItems associated with an item
2024-03-02T16:39:34.7657385Z     #reactivate!
2024-03-02T16:39:34.7658139Z       given an array of item ids
2024-03-02T16:39:34.7873659Z         sets the active trait to true for all of them
2024-03-02T16:39:34.7874426Z       given a single item id
2024-03-02T16:39:34.8009808Z         sets the active trait to true for that item
2024-03-02T16:39:34.8010617Z   after update
2024-03-02T16:39:34.8011158Z     when item has the kit
2024-03-02T16:39:35.0050157Z       updates kit name
2024-03-02T16:39:35.0051114Z     when item does not have kit
2024-03-02T16:39:35.0180960Z       does not raise any errors
2024-03-02T16:39:35.0181892Z   versioning
2024-03-02T16:39:35.0218202Z     is expected to be versioned
2024-03-02T16:39:35.0218895Z   Assocations >
2024-03-02T16:39:35.0265884Z     is expected to belong to item_category optional: true
2024-03-02T16:39:35.0266803Z   Filtering >
2024-03-02T16:39:35.0301866Z     can filter
2024-03-02T16:39:35.0581033Z     ->active shows items that are still active
2024-03-02T16:39:35.0766480Z     ->alphabetized retrieves items in alphabetical order
2024-03-02T16:39:35.0973013Z     ->by_size returns all items with the same size, per their BaseItem parent
2024-03-02T16:39:35.0974127Z     ->by_partner_key
2024-03-02T16:39:35.1124751Z       filters by partner key
2024-03-02T16:39:35.1362609Z     ->cloth_diapers
2024-03-02T16:39:35.1453559Z       returns records associated with disposable diapers
2024-03-02T16:39:35.1454228Z     ->by_base_item
2024-03-02T16:39:35.3387271Z       can be chained to organization to constrain it to just 1 org's items
2024-03-02T16:39:35.3556908Z       shows the items for a particular base_item
2024-03-02T16:39:35.3557680Z     ->disposable
2024-03-02T16:39:35.3893449Z       returns records associated with disposable diapers
2024-03-02T16:39:35.3894554Z   default_quantity
2024-03-02T16:39:35.3993946Z     should return the value of distribution_quantity if it is set
2024-03-02T16:39:35.4082620Z     should return 50 if column is not set
2024-03-02T16:39:35.4174904Z     should return the value of on_hand_minimum_quantity if it is set
2024-03-02T16:39:35.4260211Z     should return 0 if on_hand_minimum_quantity is not set
2024-03-02T16:39:35.4260981Z   Validations >
2024-03-02T16:39:35.4381540Z     requires that items quantity are not a negative number
2024-03-02T16:39:35.4520936Z     requires a unique name
2024-03-02T16:39:35.4576520Z     must belong to an organization
2024-03-02T16:39:35.4624736Z     requires a Base Item base
2024-03-02T16:39:35.4625345Z   distribution_quantity and package size
2024-03-02T16:39:35.4751993Z     have nil values if an empty string is passed
2024-03-02T16:39:35.4752560Z 
2024-03-02T16:39:35.4752745Z OrganizationMailer
2024-03-02T16:39:35.4753779Z   #partner_approval_request
2024-03-02T16:39:35.5026551Z     includes a link to the relevant partner
2024-03-02T16:39:35.5259435Z     should be sent to the partner main email with the correct subject line
2024-03-02T16:39:35.5498852Z     renders the body with correct text with partner information
2024-03-02T16:39:35.5499488Z 
2024-03-02T16:39:35.5499747Z DistributionByCountyReportService
2024-03-02T16:39:35.5500552Z   get_breakdown
2024-03-02T16:39:35.7356643Z     handles multiple partners with overlapping service areas properly
2024-03-02T16:39:35.8075115Z     will have 100% unspecified shows if no served_areas
2024-03-02T16:39:35.8931351Z     divides the item numbers and values according to the partner profile
2024-03-02T16:39:35.8932057Z 
2024-03-02T16:39:35.8932301Z BaseItem
2024-03-02T16:39:35.8933891Z   Associations >
2024-03-02T16:39:35.9060730Z     keeps count of its associated items
2024-03-02T16:39:35.9061270Z   versioning
2024-03-02T16:39:35.9096653Z     is expected to be versioned
2024-03-02T16:39:35.9097187Z   Validations >
2024-03-02T16:39:35.9142945Z     is invalid without a name
2024-03-02T16:39:35.9187269Z     is invalid without a partner key
2024-03-02T16:39:35.9255218Z     is invalid without a unique name
2024-03-02T16:39:35.9324420Z     is invalid without a uniqueness key
2024-03-02T16:39:35.9325261Z   Filtering >
2024-03-02T16:39:35.9326272Z     ->by_partner_key
2024-03-02T16:39:35.9377934Z       shows the Base Items by partner_key
2024-03-02T16:39:35.9378636Z     ->without_kit
2024-03-02T16:39:35.9430094Z       should not include the Kit BaseItem
2024-03-02T16:39:35.9430832Z 
2024-03-02T16:39:35.9431179Z ItemizableUpdateService
2024-03-02T16:39:35.9432340Z   increases
2024-03-02T16:39:36.0950294Z     should update quantity in same storage location
2024-03-02T16:39:36.2481634Z     should update quantity in different locations
2024-03-02T16:39:36.2482345Z   decreases
2024-03-02T16:39:36.3978733Z     should update quantity in different locations
2024-03-02T16:39:36.5393972Z     should update quantity in same storage location
2024-03-02T16:39:36.5394660Z 
2024-03-02T16:39:36.5394852Z Question
2024-03-02T16:39:36.5396952Z   scope for_partners
2024-03-02T16:39:36.5739237Z     should filter out questions that aren't meant for partners
2024-03-02T16:39:36.5739970Z   versioning
2024-03-02T16:39:36.5777073Z     is expected to be versioned
2024-03-02T16:39:36.5777631Z   validations
2024-03-02T16:39:36.5840298Z     is expected to validate that :title cannot be empty/falsy
2024-03-02T16:39:36.5896867Z     is expected to validate that :answer cannot be empty/falsy
2024-03-02T16:39:36.5998660Z     question for_banks and for_partners attributes can't both be false
2024-03-02T16:39:36.5999347Z   punctuate
2024-03-02T16:39:36.6039165Z     should punctuate each string in a given array
2024-03-02T16:39:36.6039816Z   scope for_banks
2024-03-02T16:39:36.6270111Z     should filter out questions that aren't meant for banks
2024-03-02T16:39:36.6270858Z   remove_redundant_error
2024-03-02T16:39:36.6382654Z     should return an array with only one error message related to the checkboxes.
2024-03-02T16:39:36.6383685Z 
2024-03-02T16:39:36.6383859Z ProductDrive
2024-03-02T16:39:36.7943244Z   calculates in-kind value
2024-03-02T16:39:37.0340772Z   calculates donation quantity by date
2024-03-02T16:39:37.2717738Z   calculates and returns all donated organization item quantities by name and date
2024-03-02T16:39:37.7964461Z   calculates and returns all donated organization item quantities by category and date
2024-03-02T16:39:37.9428687Z   calculates donation quantity
2024-03-02T16:39:37.9429435Z   donation_source_view
2024-03-02T16:39:38.0993889Z     returns formatted text
2024-03-02T16:39:38.0994476Z   distinct_items
2024-03-02T16:39:38.4563632Z     counts the distinct items correctly by given date
2024-03-02T16:39:38.8120704Z     counts the distinct items correctly in overlapping donations
2024-03-02T16:39:39.1542016Z     counts the items correctly for 1 donation with multiple items
2024-03-02T16:39:39.5188626Z     counts the distinct items correctly by given category
2024-03-02T16:39:39.8793173Z     doesn't double_count the items if there are two donations for the same item
2024-03-02T16:39:39.8794074Z   versioning
2024-03-02T16:39:40.0212744Z     is expected to be versioned
2024-03-02T16:39:40.0215095Z   associations
2024-03-02T16:39:40.1115821Z     has_many donations
2024-03-02T16:39:40.2000868Z     has_many product_drive_participants through donations
2024-03-02T16:39:40.2001609Z   validations
2024-03-02T16:39:40.3443705Z     is expected not to be valid
2024-03-02T16:39:40.4831770Z     is expected not to be valid
2024-03-02T16:39:40.6298895Z     is expected not to be valid
2024-03-02T16:39:40.6299495Z   .search_date_range
2024-03-02T16:39:40.7752001Z     is expected to eq {:end_date=>"2019-12-19", :start_date=>"2019-12-17"}
2024-03-02T16:39:40.7752514Z   scopes
2024-03-02T16:39:40.7753239Z     .by_item_category_id
2024-03-02T16:39:41.1081574Z       returns the product_drive with name some_name
2024-03-02T16:39:41.4426232Z       does not return other_name
2024-03-02T16:39:41.4426861Z     .within_date_range
2024-03-02T16:39:41.5946760Z       does not include product drive 2
2024-03-02T16:39:41.7402596Z       returns the product drive 1
2024-03-02T16:39:41.7403195Z     .by_name
2024-03-02T16:39:41.8827081Z       returns the product_drive with name some_name
2024-03-02T16:39:42.0405751Z       does not return other_name
2024-03-02T16:39:42.0406415Z 
2024-03-02T16:39:42.0406624Z DonationDestroyService
2024-03-02T16:39:42.0407776Z   #call
2024-03-02T16:39:42.0409673Z     when the donation succesfully gets destroyed
2024-03-02T16:39:42.0686127Z       to be a success
2024-03-02T16:39:42.0686897Z     when storage_location fails to decrease the inventory of the donation
2024-03-02T16:39:42.0741028Z       to not be a success
2024-03-02T16:39:42.0741997Z     when the donation destroy fails
2024-03-02T16:39:42.0789867Z       to not be a success
2024-03-02T16:39:42.0790628Z     when the donation_id matches no Donation owned by the organization
2024-03-02T16:39:42.0831107Z       to not be a success
2024-03-02T16:39:42.0831753Z     when the organization_id matches no Organization
2024-03-02T16:39:42.0869862Z       to not be a success
2024-03-02T16:39:42.0871615Z 
2024-03-02T16:39:42.0872035Z ItemsController
2024-03-02T16:39:42.0872840Z   While not signed in
2024-03-02T16:39:42.0964197Z     redirects the user to the sign-in page for CRUD actions
2024-03-02T16:39:42.0964978Z   While signed in
2024-03-02T16:39:42.0966476Z     GET #show
2024-03-02T16:39:42.1171096Z       returns http success
2024-03-02T16:39:42.1171608Z     GET #new
2024-03-02T16:39:42.1278813Z       returns http success
2024-03-02T16:39:42.1279347Z     PATCH #remove_category
2024-03-02T16:39:42.3279941Z       should redirect to the previous category page
2024-03-02T16:39:42.5193423Z       should remove an item's category
2024-03-02T16:39:42.5194238Z     GET #index
2024-03-02T16:39:42.5372898Z       returns http success
2024-03-02T16:39:42.5373428Z     POST #create
2024-03-02T16:39:42.5374167Z       with valid params
2024-03-02T16:39:42.5552251Z         should accept params with dollar signs, periods, and commas
2024-03-02T16:39:42.5728621Z         should redirect to the item page
2024-03-02T16:39:42.5911164Z         should create an item
2024-03-02T16:39:42.5911726Z       with invalid params
2024-03-02T16:39:42.6050868Z         should show an error
2024-03-02T16:39:42.6051406Z     PATCH #restore
2024-03-02T16:39:42.6052594Z       with another organizations item
2024-03-02T16:39:42.7938975Z         does nothing
2024-03-02T16:39:42.7939504Z       with an active item
2024-03-02T16:39:42.8151791Z         does nothing
2024-03-02T16:39:42.8152563Z       with a soft-deleted item
2024-03-02T16:39:42.8359917Z         re-activates the item
2024-03-02T16:39:42.8360517Z     Looking at a different organization
2024-03-02T16:39:43.0097085Z       redirects the user to the sign-in page for CRUD actions
2024-03-02T16:39:43.0097879Z     PUT #update
2024-03-02T16:39:43.0098277Z       invisible
2024-03-02T16:39:43.0294631Z         should update visible_to_partners to false
2024-03-02T16:39:43.0295319Z       visible
2024-03-02T16:39:43.0481094Z         should update visible_to_partners to true
2024-03-02T16:39:43.0481706Z     GET #edit
2024-03-02T16:39:43.0634289Z       returns http success
2024-03-02T16:39:43.0634885Z     DELETE #destroy
2024-03-02T16:39:43.0857140Z       redirects to #index
2024-03-02T16:39:43.0857877Z 
2024-03-02T16:39:43.0858085Z ItemsOutTotalQuery
2024-03-02T16:39:43.0859027Z   items_out_total_query
2024-03-02T16:39:43.2119134Z     returns a sum total of all out-flows
2024-03-02T16:39:43.2119542Z 
2024-03-02T16:39:43.2119666Z DistributionReminder
2024-03-02T16:39:43.2120457Z   conditionally sending the emails
2024-03-02T16:39:43.2429196Z     sends mail for future distributions where the partner wants reminders
2024-03-02T16:39:43.2715651Z     does not send mail for future distributions if the partner wants no reminders
2024-03-02T16:39:43.2997744Z     sends mail for future distributions
2024-03-02T16:39:43.3270093Z     does not send mail for past distributions
2024-03-02T16:39:43.3271830Z     when the partner is deactivated
2024-03-02T16:39:43.3559482Z       does not send mail
2024-03-02T16:39:43.3560141Z     when the distribution_id does not match any Distribution
2024-03-02T16:39:43.3606467Z       does not send mail for non existent distributions
2024-03-02T16:39:43.3607090Z 
2024-03-02T16:39:43.3607275Z Deadlinable
2024-03-02T16:39:43.3608096Z   validations
2024-03-02T16:39:43.3687906Z     is expected to validate that :deadline_day looks like an integer greater than or equal to 1 and less than or equal to 28 as long as it is not nil
2024-03-02T16:39:43.3733763Z     validates that reminder day is not the same as deadline day
2024-03-02T16:39:43.3808781Z     is expected to validate that :reminder_day looks like an integer greater than or equal to 1 and less than or equal to 28 as long as it is not nil
2024-03-02T16:39:43.3810091Z 
2024-03-02T16:39:43.3810283Z Reports::PartnerInfoReportService
2024-03-02T16:39:43.3810690Z   #report
2024-03-02T16:39:43.5557334Z     should report zero values
2024-03-02T16:39:43.8120655Z     should report normal values (FAILED - 1)
2024-03-02T16:39:43.8121172Z 
2024-03-02T16:39:43.8121338Z DonationsController
2024-03-02T16:39:43.8123398Z   calculating total money raised for all donations
2024-03-02T16:39:43.8265496Z     correctly calculates the total
2024-03-02T16:39:43.8304092Z     returns zero for an empty array of donations
2024-03-02T16:39:43.8304794Z   While signed in as a normal user >
2024-03-02T16:39:43.8306000Z     GET #index
2024-03-02T16:39:43.8465995Z       returns http success
2024-03-02T16:39:43.8466509Z     GET #edit
2024-03-02T16:39:43.8658644Z       returns http success
2024-03-02T16:39:43.8659162Z     GET #new
2024-03-02T16:39:43.8781012Z       returns http success
2024-03-02T16:39:43.8781535Z     POST#create
2024-03-02T16:39:43.8954001Z       renders GET#new with error on failure
2024-03-02T16:39:43.9343981Z       redirects to GET#edit on success
2024-03-02T16:39:43.9344431Z     PUT#update
2024-03-02T16:39:43.9668270Z       redirects to index after update
2024-03-02T16:39:44.0836429Z       updates storage quantity correctly
2024-03-02T16:39:44.0837104Z       when changing storage location
2024-03-02T16:39:44.0880660Z         rolls back updates if quantity would go below 0
2024-03-02T16:39:44.2017690Z         updates storage quantity correctly
2024-03-02T16:39:44.2018366Z       when removing a line item
2024-03-02T16:39:44.3060279Z         updates storage invetory item quantity correctly
2024-03-02T16:39:44.3060789Z     GET #show
2024-03-02T16:39:44.3220759Z       returns http success
2024-03-02T16:39:44.3221162Z     DELETE #destroy
2024-03-02T16:39:44.3371600Z       redirects to the dashboard path
2024-03-02T16:39:44.3372359Z   While signed in as an organization admin >
2024-03-02T16:39:44.3373070Z     DELETE #destroy
2024-03-02T16:39:44.3676044Z       redirects to the index
2024-03-02T16:39:44.3676664Z   calculating total value of multiple donations
2024-03-02T16:39:44.3713255Z     returns zero for an empty array of donations
2024-03-02T16:39:44.5131034Z     works correctly for multiple line items per donation
2024-03-02T16:39:44.5131626Z 
2024-03-02T16:39:44.5131811Z PartnerCreateService
2024-03-02T16:39:44.5132683Z   #call
2024-03-02T16:39:44.6948917Z     should return an instance of itself
2024-03-02T16:39:44.6949590Z     when the arguments are valid
2024-03-02T16:39:44.8832336Z       should create the associated partner profile data
2024-03-02T16:39:45.0693181Z       should create a new partner record with the organization provided
2024-03-02T16:39:45.0694193Z       but there was an unexpected issue with saving the
2024-03-02T16:39:45.0694889Z         Partner record
2024-03-02T16:39:45.2558069Z           should not create the partner record for the organization
2024-03-02T16:39:45.4445716Z           should not create the associated partner records
2024-03-02T16:39:45.4446391Z         Partners::Profile record
2024-03-02T16:39:45.6207369Z           should not create the partner record for the organization
2024-03-02T16:39:45.8074160Z           should not create the associated partner records
2024-03-02T16:39:45.8074990Z     when the arguments are incorrect
2024-03-02T16:39:45.8075674Z       beacuse the partner_attrs are invalid
2024-03-02T16:39:45.9882170Z         should contain errors related to invalid partner attributes
2024-03-02T16:39:45.9882985Z 
2024-03-02T16:39:45.9883150Z ItemsInTotalQuery
2024-03-02T16:39:45.9884338Z   items_in_total_query
2024-03-02T16:39:46.2255766Z     does not count transfers going in the negative direction
2024-03-02T16:39:46.5284802Z     does not count donations, purchases, adjustments to other storage locations
2024-03-02T16:39:46.6921087Z     returns a sum total of all in-flows
2024-03-02T16:39:46.9070741Z     does not count negative adjustments towards in-flow
2024-03-02T16:39:47.2729615Z     counts shared items together
2024-03-02T16:39:47.2731773Z 
2024-03-02T16:39:47.2732040Z Reports::AcquisitionReportService
2024-03-02T16:39:47.2732907Z   acquisition report
2024-03-02T16:39:48.2036613Z     should return the proper results on #report
2024-03-02T16:39:48.2037183Z 
2024-03-02T16:39:48.2037400Z CustomDeviseMailer
2024-03-02T16:39:48.2039492Z   #invitation_instructions
2024-03-02T16:39:48.2042183Z     when user is invited
2024-03-02T16:39:48.2239947Z       invites to user
2024-03-02T16:39:48.2426759Z       has invite expiration message
2024-03-02T16:39:48.2427369Z     when partner is invited
2024-03-02T16:39:48.2858403Z       invites to primary user
2024-03-02T16:39:48.2859006Z     when other partner users invited
2024-03-02T16:39:48.3284770Z       invites to partner user
2024-03-02T16:39:48.3286394Z 
2024-03-02T16:39:48.3286679Z StorageLocation
2024-03-02T16:39:48.3288072Z   Methods >
2024-03-02T16:39:48.3289836Z     geocode
2024-03-02T16:39:48.3422454Z       adds coordinates to the database
2024-03-02T16:39:48.3423085Z     csv_export_attributes
2024-03-02T16:39:48.4160768Z       returns an array of storage location attributes, followed by inventory item quantities that are sorted by alphabetized item names
2024-03-02T16:39:48.4162065Z     import_inventory
2024-03-02T16:39:48.7897938Z       imports storage locations from a csv file
2024-03-02T16:39:48.7898700Z     increase_inventory
2024-03-02T16:39:48.7899250Z       when increasing with an inactive item
2024-03-02T16:39:48.9664792Z         re-activates the item as part of the creation process
2024-03-02T16:39:49.1921874Z       With existing inventory
2024-03-02T16:39:49.1922644Z         increases inventory quantities from an itemizable object
2024-03-02T16:39:49.1923508Z       when providing a new item that does not yet exist
2024-03-02T16:39:49.3179394Z         creates those new inventory items in the storage location
2024-03-02T16:39:49.3180130Z     import_csv
2024-03-02T16:39:49.3299525Z       imports storage locations from a csv file
2024-03-02T16:39:49.3300190Z     decrease_inventory
2024-03-02T16:39:49.4349951Z       decreases inventory quantities from an itemizable object
2024-03-02T16:39:49.4350868Z       when there is insufficient inventory available
2024-03-02T16:39:49.4434098Z         gives informative errors
2024-03-02T16:39:49.4513074Z         does not change inventory quantities if there is an error
2024-03-02T16:39:49.4513928Z     inventory_total_value_in_dollars
2024-03-02T16:39:49.4982733Z       returns total value of all items in this storage location
2024-03-02T16:39:49.5097459Z       returns 0 when there are no items in this storage location
2024-03-02T16:39:49.5479327Z       returns a value including cents if the total isn't an even dollar amount
2024-03-02T16:39:49.5480199Z     size
2024-03-02T16:39:49.5953195Z       returns total quantity of all items in this storage location
2024-03-02T16:39:49.5954010Z     StorageLocation.items_inventoried
2024-03-02T16:39:49.6787211Z       returns a collection of items that are stored within inventories
2024-03-02T16:39:49.6788160Z     item_total
2024-03-02T16:39:49.7191902Z       retrieves the total for a single item
2024-03-02T16:39:49.7192560Z   Validations >
2024-03-02T16:39:49.7265172Z     is expected to validate that :name cannot be empty/falsy
2024-03-02T16:39:49.7331708Z     is expected to validate that :address cannot be empty/falsy
2024-03-02T16:39:49.7393068Z     is expected to validate that :organization cannot be empty/falsy
2024-03-02T16:39:49.7394005Z   Callbacks >
2024-03-02T16:39:49.7394464Z     before_destroy
2024-03-02T16:39:49.7793794Z       does not delete storage locations with inventory items on it
2024-03-02T16:39:49.8430941Z       deletes storage locations with no inventory items on it
2024-03-02T16:39:49.8431677Z   Filtering >
2024-03-02T16:39:49.9119782Z     ->containing yields only inventories that have that item
2024-03-02T16:39:49.9207414Z     ->active_locations yields only storage locations that haven't been discarded
2024-03-02T16:39:49.9208000Z   versioning
2024-03-02T16:39:49.9241508Z     is expected to be versioned
2024-03-02T16:39:49.9242264Z 
2024-03-02T16:39:49.9242515Z Vendor
2024-03-02T16:39:49.9243798Z   versioning
2024-03-02T16:39:49.9279518Z     is expected to be versioned
2024-03-02T16:39:49.9280115Z   behaves like provideable
2024-03-02T16:39:49.9280780Z     Validations
2024-03-02T16:39:49.9340734Z       is invalid unless it has either a contact name or a business name
2024-03-02T16:39:49.9377554Z       is invalid without an organization
2024-03-02T16:39:49.9378160Z     geocode
2024-03-02T16:39:49.9432897Z       adds coordinates to the database
2024-03-02T16:39:49.9433478Z     import_csv
2024-03-02T16:39:50.1221372Z       imports from a csv file
2024-03-02T16:39:50.1221760Z   Methods
2024-03-02T16:39:50.1222322Z     volume
2024-03-02T16:39:50.1908937Z       retrieves the amount of product that has been bought from this vendor
2024-03-02T16:39:50.1909646Z 
2024-03-02T16:39:50.1909848Z ReminderDeadlineMailer
2024-03-02T16:39:50.1910607Z   notify deadline
2024-03-02T16:39:50.2199304Z     renders the sender email
2024-03-02T16:39:50.2468376Z     renders the subject
2024-03-02T16:39:50.2736230Z     renders the body
2024-03-02T16:39:50.2995167Z     renders the receiver email
2024-03-02T16:39:50.2996051Z 
2024-03-02T16:39:50.2996264Z DispersedPastDatesGenerator
2024-03-02T16:39:50.2997370Z   #next
2024-03-02T16:39:50.3048011Z     returns equally dispersed dates between all time ranges
2024-03-02T16:39:50.3048737Z   constants
2024-03-02T16:39:50.3081780Z     has 4 day ranges for generation of past dates
2024-03-02T16:39:50.3082294Z 
2024-03-02T16:39:50.3082545Z Reports::ChildrenServedReportService
2024-03-02T16:39:50.3083397Z   #report
2024-03-02T16:39:50.4885136Z     should report zero values
2024-03-02T16:39:50.9916287Z     should report normal values
2024-03-02T16:39:51.4844907Z     should work with no distribution_quantity
2024-03-02T16:39:51.4845437Z 
2024-03-02T16:39:51.4845632Z RequestsConfirmationMailer
2024-03-02T16:39:51.5139647Z   pairs the right quantities with the right item names
2024-03-02T16:39:51.5306547Z   handles duplicates
2024-03-02T16:39:51.5307040Z   #confirmation_email
2024-03-02T16:39:51.5434735Z     renders the headers
2024-03-02T16:39:51.5603263Z     renders the body
2024-03-02T16:39:51.5605768Z 
2024-03-02T16:39:51.5606037Z Distribution
2024-03-02T16:39:51.5607482Z   versioning
2024-03-02T16:39:51.5644048Z     is expected to be versioned
2024-03-02T16:39:51.5644835Z   CSV export >
2024-03-02T16:39:51.5645613Z     for_csv_export >
2024-03-02T16:39:51.9102454Z       filters only to the given organization
2024-03-02T16:39:52.2574375Z       filters only to the given filter
2024-03-02T16:39:52.5893523Z       filters only to the given issue time range
2024-03-02T16:39:52.5894075Z     csv_export_attributes
2024-03-02T16:39:52.9948381Z       returns the set of attributes which define a row in case of distribution export
2024-03-02T16:39:52.9949209Z   Methods >
2024-03-02T16:39:52.9949720Z     #future?
2024-03-02T16:39:52.9950681Z       when issued_at has passed
2024-03-02T16:39:53.0216421Z         returns false
2024-03-02T16:39:53.0216939Z       when issued_at has not passed
2024-03-02T16:39:53.0486020Z         returns true
2024-03-02T16:39:53.0486503Z     #distributed_at
2024-03-02T16:39:53.0988387Z       displays explicit issued_at date
2024-03-02T16:39:53.1315866Z       shows the hour and minutes if it has been provided
2024-03-02T16:39:53.1318561Z     #copy_from_request
2024-03-02T16:39:53.1554900Z       copy over relevant request information into the distrubution
2024-03-02T16:39:53.1555773Z     #copy_line_items
2024-03-02T16:39:53.1976294Z       replicates line_items from a donation into a distribution
2024-03-02T16:39:53.1977068Z     #combine_duplicates
2024-03-02T16:39:53.2372146Z       condenses duplicate line_items if the item_ids match
2024-03-02T16:39:53.2372859Z   Callbacks >
2024-03-02T16:39:53.2855129Z     initializes the issued_at field to default to midnight if it wasn't explicitly set
2024-03-02T16:39:53.2856394Z     #before_save
2024-03-02T16:39:53.2856818Z       #reset_shipping_cost
2024-03-02T16:39:53.2857354Z         when delivery_method is other then shipped
2024-03-02T16:39:53.3120324Z           distribution will be created successfully and the shipping_cost will be zero
2024-03-02T16:39:53.3126580Z   Scopes >
2024-03-02T16:39:53.3127941Z     by_partner >
2024-03-02T16:39:53.3606985Z       only returns distributions with given partner id
2024-03-02T16:39:53.3607689Z     this_week >
2024-03-02T16:39:53.3608252Z       When it's Tuesday (mid-week)
2024-03-02T16:39:53.4300969Z         includes distributions as early as Monday and as late as upcoming Sunday
2024-03-02T16:39:53.4302051Z       When it's Sunday (end of the week)
2024-03-02T16:39:53.4796449Z         doesn't include distributions past Sunday
2024-03-02T16:39:53.4797091Z     by_location >
2024-03-02T16:39:53.5306499Z       only returns distributions with given location id
2024-03-02T16:39:53.5307726Z     during >
2024-03-02T16:39:53.6043374Z       returns all distributions created between two dates
2024-03-02T16:39:53.6044076Z     by_item_id >
2024-03-02T16:39:53.7388829Z       only returns distributions with given item id
2024-03-02T16:39:53.7389610Z   Validations >
2024-03-02T16:39:53.7807631Z     ensures the associated line_items are valid
2024-03-02T16:39:53.7967394Z     ensures the associated line_items are invalid with a nil quantity
2024-03-02T16:39:53.8003338Z     ensures that any included items are found in the associated storage location
2024-03-02T16:39:53.8055298Z     must belong to an organization
2024-03-02T16:39:53.8111751Z     ensures that the issued at is no earlier than 2000
2024-03-02T16:39:53.8159713Z     requires a storage location
2024-03-02T16:39:53.8309557Z     ensures the associated line_items are invalid with a zero quantity
2024-03-02T16:39:53.8358669Z     requires a partner
2024-03-02T16:39:53.8359258Z     when delivery method is other then shipped
2024-03-02T16:39:53.8615861Z       allows to save distribution
2024-03-02T16:39:53.8616454Z     when delivery method is shipped
2024-03-02T16:39:53.8617059Z       shipping cost is none negative
2024-03-02T16:39:53.8871130Z         allows to save distribution
2024-03-02T16:39:53.8871794Z       shipping cost is negative
2024-03-02T16:39:53.8928940Z         will not allow to save distribution
2024-03-02T16:39:53.8929729Z   behaves like itemizable
2024-03-02T16:39:53.8930732Z     .line_items
2024-03-02T16:39:53.8932110Z       combine!
2024-03-02T16:39:53.9369181Z         combines multiple line_items with the same item_id into a single record
2024-03-02T16:39:53.9905865Z         incrementally combines line_items on donations that have already been created
2024-03-02T16:39:53.9906538Z       quantities_by_name
2024-03-02T16:39:54.0820427Z         leaves out zero-quantitied items if requested
2024-03-02T16:39:54.1839188Z         returns a hash of items with id, name, and quantity
2024-03-02T16:39:54.1839928Z       total
2024-03-02T16:39:54.2767729Z         has an item total
2024-03-02T16:39:54.2768306Z       sorted
2024-03-02T16:39:54.3963980Z         displays the items, sorted by name
2024-03-02T16:39:54.3964865Z     .to_a
2024-03-02T16:39:54.3965738Z       with Flipper flag :deprecate_to_a disabled
2024-03-02T16:39:54.4310398Z         calls line_item_values
2024-03-02T16:39:54.4311061Z       with Flipper flag :deprecate_to_a enabled
2024-03-02T16:39:54.4642692Z         raises an error
2024-03-02T16:39:54.5555142Z W, [2024-03-02T08:39:54.555251 #2307]  WARN -- : [knapsack_pro] POST https://api-disabled-for-fork.knapsackpro.com/v1/build_subsets
2024-03-02T16:39:54.5556438Z W, [2024-03-02T08:39:54.555300 #2307]  WARN -- : [knapsack_pro] Request failed due to:
2024-03-02T16:39:54.5558106Z W, [2024-03-02T08:39:54.555330 #2307]  WARN -- : [knapsack_pro] #<SocketError: Failed to open TCP connection to api-disabled-for-fork.knapsackpro.com:443 (getaddrinfo: Name or service not known)>
2024-03-02T16:39:54.5560294Z W, [2024-03-02T08:39:54.555366 #2307]  WARN -- : [knapsack_pro] Time execution report was not saved on Knapsack Pro API server due to connection problem.
2024-03-02T16:39:54.5644046Z 
2024-03-02T16:39:54.5644274Z Failures:
2024-03-02T16:39:54.5644805Z 
2024-03-02T16:39:54.5645397Z   1) Reports::PartnerInfoReportService#report should report normal values
2024-03-02T16:39:54.5646131Z      Failure/Error:
2024-03-02T16:39:54.5646498Z        expect(report.report).to eq({
2024-03-02T16:39:54.5647094Z                                      entries: { "Agency Type: Career technical training" => 2,
2024-03-02T16:39:54.5647795Z                                                 "Agency Type: Education program" => 1,
2024-03-02T16:39:54.5648420Z                                                 "Number of Partner Agencies" => 3,
2024-03-02T16:39:54.5649244Z                                                 "Zip Codes Served" => "90210-1234, 12345, 09876-3564" },
2024-03-02T16:39:54.5649917Z                                      name: "Partner Agencies and Service Area"
2024-03-02T16:39:54.5650457Z                                    })
2024-03-02T16:39:54.5650746Z 
2024-03-02T16:39:54.5652073Z        expected: {:entries=>{"Agency Type: Career technical training"=>2, "Agency Type: Education program"=>1, "Number...3, "Zip Codes Served"=>"90210-1234, 12345, 09876-3564"}, :name=>"Partner Agencies and Service Area"}
2024-03-02T16:39:54.5654525Z             got: {:entries=>{"Agency Type: Career technical training"=>2, "Agency Type: Education program"=>1, "Number...3, "Zip Codes Served"=>"12345, 09876-3564, 90210-1234"}, :name=>"Partner Agencies and Service Area"}
2024-03-02T16:39:54.5655722Z 
2024-03-02T16:39:54.5655918Z        (compared using ==)
2024-03-02T16:39:54.5656236Z 
2024-03-02T16:39:54.5656336Z        Diff:
2024-03-02T16:39:54.5656628Z        @@ -1 +1 @@
2024-03-02T16:39:54.5657746Z        -:entries => {"Agency Type: Career technical training"=>2, "Agency Type: Education program"=>1, "Number of Partner Agencies"=>3, "Zip Codes Served"=>"90210-1234, 12345, 09876-3564"},
2024-03-02T16:39:54.5659626Z        +:entries => {"Agency Type: Career technical training"=>2, "Agency Type: Education program"=>1, "Number of Partner Agencies"=>3, "Zip Codes Served"=>"12345, 09876-3564, 90210-1234"},
2024-03-02T16:39:54.5661043Z      # ./spec/services/reports/partner_info_report_service_spec.rb:27:in `block (3 levels) in <top (required)>'
2024-03-02T16:39:54.5663189Z 
2024-03-02T16:39:54.5663544Z Finished in 57.77 seconds (files took 8.45 seconds to load)
2024-03-02T16:39:54.5664223Z 575 examples, 1 failure
2024-03-02T16:39:54.5664401Z 
2024-03-02T16:39:54.5664489Z Failed examples:
2024-03-02T16:39:54.5664640Z 
2024-03-02T16:39:54.5665192Z rspec ./spec/services/reports/partner_info_report_service_spec.rb:19 # Reports::PartnerInfoReportService#report should report normal values
2024-03-02T16:39:54.5665843Z 
2024-03-02T16:39:54.5665947Z Randomized with seed 63754
2024-03-02T16:39:54.5666126Z 
2024-03-02T16:39:55.0620856Z Stopped processing SimpleCov as a previous error not related to SimpleCov has been detected
2024-03-02T16:39:55.0622750Z Coverage report generated for RSpec to /home/runner/work/human-essentials/human-essentials/coverage. 3982 / 6427 LOC (61.96%) covered.
2024-03-02T16:39:55.1160352Z /opt/hostedtoolcache/Ruby/3.2.2/x64/bin/ruby -I/home/runner/work/human-essentials/human-essentials/vendor/bundle/ruby/3.2.0/gems/rspec-core-3.12.2/lib:/home/runner/work/human-essentials/human-essentials/vendor/bundle/ruby/3.2.0/gems/rspec-support-3.12.1/lib /home/runner/work/human-essentials/human-essentials/vendor/bundle/ruby/3.2.0/gems/rspec-core-3.12.2/exe/rspec  --format documentation --format KnapsackPro::Formatters::TimeTracker --default-path spec "spec/models/account_request_spec.rb" "spec/models/audit_spec.rb" "spec/models/base_item_spec.rb" "spec/models/concerns/deadlinable_spec.rb" "spec/models/distribution_spec.rb" "spec/models/donation_spec.rb" "spec/models/inventory_item_spec.rb" "spec/models/item_spec.rb" "spec/models/kit_spec.rb" "spec/models/manufacturer_spec.rb" "spec/models/organization_spec.rb" "spec/models/partner_group_spec.rb" "spec/models/partners/authorized_family_member_spec.rb" "spec/models/partners/child_spec.rb" "spec/models/partners/item_request_spec.rb" "spec/models/partners/served_area_spec.rb" "spec/models/product_drive_spec.rb" "spec/models/question_spec.rb" "spec/models/request_spec.rb" "spec/models/storage_location_spec.rb" "spec/models/user_spec.rb" "spec/models/vendor_spec.rb" "spec/controllers/admins_controller_spec.rb" "spec/controllers/distributions_controller_spec.rb" "spec/controllers/donations_controller_spec.rb" "spec/controllers/items_controller_spec.rb" "spec/events/event_differ_spec.rb" "spec/helpers/application_helper_spec.rb" "spec/helpers/product_drive_helper_spec.rb" "spec/jobs/historical_data_cache_job_spec.rb" "spec/jobs/partner_mailer_job_spec.rb" "spec/lib/dispersed_past_dates_generator_spec.rb" "spec/mailers/custom_devise_mailer_spec.rb" "spec/mailers/organization_mailer_spec.rb" "spec/mailers/reminder_deadline_mailer_spec.rb" "spec/mailers/requests_confirmation_mailer_spec.rb" "spec/pdfs/distribution_pdf_spec.rb" "spec/queries/items_in_total_query_spec.rb" "spec/queries/items_out_total_query_spec.rb" "spec/services/add_role_service_spec.rb" "spec/services/allocate_kit_inventory_service_spec.rb" "spec/services/deadline_service_spec.rb" "spec/services/distribution_content_change_service_spec.rb" "spec/services/distribution_destroy_service_spec.rb" "spec/services/distribution_reminder_spec.rb" "spec/services/distributions_by_county_report_service_spec.rb" "spec/services/donation_destroy_service_spec.rb" "spec/services/exports/export_distributions_csv_service_spec.rb" "spec/services/exports/export_purchases_csv_service_spec.rb" "spec/services/exports/export_request_service_spec.rb" "spec/services/inventory_check_service_spec.rb" "spec/services/itemizable_update_service_spec.rb" "spec/services/organization_update_service_spec.rb" "spec/services/partner_create_service_spec.rb" "spec/services/partner_invite_service_spec.rb" "spec/services/partner_request_recertification_service_spec.rb" "spec/services/partners/fetch_partners_to_remind_now_service_spec.rb" "spec/services/partners/request_create_service_spec.rb" "spec/services/profile_update_service_spec.rb" "spec/services/reports/acquisition_report_service_spec.rb" "spec/services/reports/children_served_report_service_spec.rb" "spec/services/reports/partner_info_report_service_spec.rb" "spec/services/reports/summary_report_service_spec.rb" "spec/services/request_destroy_service_spec.rb" "spec/services/service_object_errors_mixin_spec.rb" "spec/services/text_interpolator_service_spec.rb" "spec/services/user_invite_service_spec.rb" failed
2024-03-02T16:39:55.5022002Z Stopped processing SimpleCov as a previous error not related to SimpleCov has been detected
2024-03-02T16:39:55.5024083Z Coverage report generated for RSpec to /home/runner/work/human-essentials/human-essentials/coverage. 38 / 10679 LOC (0.36%) covered.
2024-03-02T16:39:55.5304577Z ##[error]Process completed with exit code 1.
2024-03-02T16:39:55.5369414Z ##[group]Run actions/upload-artifact@v2
2024-03-02T16:39:55.5369782Z with:
2024-03-02T16:39:55.5370006Z   name: failed-browser-tests
2024-03-02T16:39:55.5370306Z   path: tmp/screenshots
2024-03-02T16:39:55.5370584Z   if-no-files-found: warn
2024-03-02T16:39:55.5370849Z ##[endgroup]
2024-03-02T16:39:55.5901092Z ##[warning]No files were found with the provided path: tmp/screenshots. No artifacts will be uploaded.
2024-03-02T16:39:55.5968046Z Post job cleanup.
2024-03-02T16:39:55.6963953Z [command]/usr/bin/git version
2024-03-02T16:39:55.7013632Z git version 2.43.2
2024-03-02T16:39:55.7056790Z Temporarily overriding HOME='/home/runner/work/_temp/e7d3a7c5-e957-405d-870c-462f8704c2a7' before making global git config changes
2024-03-02T16:39:55.7058554Z Adding repository directory to the temporary git global config as a safe directory
2024-03-02T16:39:55.7063486Z [command]/usr/bin/git config --global --add safe.directory /home/runner/work/human-essentials/human-essentials
2024-03-02T16:39:55.7108766Z [command]/usr/bin/git config --local --name-only --get-regexp core\.sshCommand
2024-03-02T16:39:55.7147996Z [command]/usr/bin/git submodule foreach --recursive sh -c "git config --local --name-only --get-regexp 'core\.sshCommand' && git config --local --unset-all 'core.sshCommand' || :"
2024-03-02T16:39:55.7390809Z [command]/usr/bin/git config --local --name-only --get-regexp http\.https\:\/\/github\.com\/\.extraheader
2024-03-02T16:39:55.7421485Z http.https://github.com/.extraheader
2024-03-02T16:39:55.7430994Z [command]/usr/bin/git config --local --unset-all http.https://github.com/.extraheader
2024-03-02T16:39:55.7472120Z [command]/usr/bin/git submodule foreach --recursive sh -c "git config --local --name-only --get-regexp 'http\.https\:\/\/github\.com\/\.extraheader' && git config --local --unset-all 'http.https://github.com/.extraheader' || :"
2024-03-02T16:39:55.7865147Z Print service container logs: 86e66c2d1331402c8f4229d7d79b279b_postgres123_eeb41b
2024-03-02T16:39:55.7870115Z ##[command]/usr/bin/docker logs --details d0f87748d849fd31c5ef2f2c8ac0b7623831b70e3647a046497e7195c09a8b1d
2024-03-02T16:39:55.7994342Z  The files belonging to this database system will be owned by user "postgres".
2024-03-02T16:39:55.7996133Z  initdb: warning: enabling "trust" authentication for local connections
2024-03-02T16:39:55.7997080Z  You can change this by editing pg_hba.conf or using the option -A, or
2024-03-02T16:39:55.7997659Z  --auth-local and --auth-host, the next time you run initdb.
2024-03-02T16:39:55.7998560Z  2024-03-02 16:38:06.374 UTC [1] LOG:  starting PostgreSQL 12.3 (Debian 12.3-1.pgdg100+1) on x86_64-pc-linux-gnu, compiled by gcc (Debian 8.3.0-6) 8.3.0, 64-bit
2024-03-02T16:39:55.7999492Z  2024-03-02 16:38:06.374 UTC [1] LOG:  listening on IPv4 address "0.0.0.0", port 5432
2024-03-02T16:39:55.8000148Z  2024-03-02 16:38:06.374 UTC [1] LOG:  listening on IPv6 address "::", port 5432
2024-03-02T16:39:55.8000831Z  2024-03-02 16:38:06.375 UTC [1] LOG:  listening on Unix socket "/var/run/postgresql/.s.PGSQL.5432"
2024-03-02T16:39:55.8001571Z  2024-03-02 16:38:06.386 UTC [56] LOG:  database system was shut down at 2024-03-02 16:38:06 UTC
2024-03-02T16:39:55.8002246Z  2024-03-02 16:38:06.390 UTC [1] LOG:  database system is ready to accept connections
2024-03-02T16:39:55.8002831Z  2024-03-02 16:38:15.578 UTC [70] FATAL:  role "root" does not exist
2024-03-02T16:39:55.8003363Z  2024-03-02 16:38:25.683 UTC [79] FATAL:  role "root" does not exist
2024-03-02T16:39:55.8003919Z  2024-03-02 16:38:32.090 UTC [80] FATAL:  database "diaper_test" does not exist
2024-03-02T16:39:55.8004481Z  2024-03-02 16:38:35.779 UTC [89] FATAL:  role "root" does not exist
2024-03-02T16:39:55.8005883Z  2024-03-02 16:38:38.879 UTC [90] ERROR:  relation "flipper_gates" does not exist at character 491
2024-03-02T16:39:55.8007189Z  2024-03-02 16:38:38.879 UTC [90] STATEMENT:  SELECT a.attname, format_type(a.atttypid, a.atttypmod),
2024-03-02T16:39:55.8007902Z  	       pg_get_expr(d.adbin, d.adrelid), a.attnotnull, a.atttypid, a.atttypmod,
2024-03-02T16:39:55.8008502Z  	       c.collname, col_description(a.attrelid, a.attnum) AS comment,
2024-03-02T16:39:55.8008946Z  	       attgenerated as attgenerated
2024-03-02T16:39:55.8009261Z  	  FROM pg_attribute a
2024-03-02T16:39:55.8009678Z  	  LEFT JOIN pg_attrdef d ON a.attrelid = d.adrelid AND a.attnum = d.adnum
2024-03-02T16:39:55.8010182Z  	  LEFT JOIN pg_type t ON a.atttypid = t.oid
2024-03-02T16:39:55.8010731Z  	  LEFT JOIN pg_collation c ON a.attcollation = c.oid AND a.attcollation <> t.typcollation
2024-03-02T16:39:55.8011297Z  	 WHERE a.attrelid = '"flipper_gates"'::regclass
2024-03-02T16:39:55.8011694Z  	   AND a.attnum > 0 AND NOT a.attisdropped
2024-03-02T16:39:55.8012032Z  	 ORDER BY a.attnum
2024-03-02T16:39:55.8012262Z  	
2024-03-02T16:39:55.8012585Z  2024-03-02 16:38:45.859 UTC [100] FATAL:  role "root" does not exist
2024-03-02T16:39:55.8013126Z  2024-03-02 16:38:55.941 UTC [109] FATAL:  role "root" does not exist
2024-03-02T16:39:55.8013919Z  2024-03-02 16:39:05.275 UTC [110] ERROR:  new row for relation "partner_groups" violates check constraint "deadline_day_of_month_check"
2024-03-02T16:39:55.8014974Z  2024-03-02 16:39:05.275 UTC [110] DETAIL:  Failing row contains (6, 1, Group 12, 2024-03-02 16:39:05.274091, 2024-03-02 16:39:05.274091, f, 14, 29).
2024-03-02T16:39:55.8015988Z  2024-03-02 16:39:05.275 UTC [110] STATEMENT:  UPDATE "partner_groups" SET "deadline_day" = $1 WHERE "partner_groups"."id" = $2
2024-03-02T16:39:55.8016991Z  2024-03-02 16:39:05.282 UTC [110] ERROR:  new row for relation "partner_groups" violates check constraint "reminder_day_of_month_check"
2024-03-02T16:39:55.8018031Z  2024-03-02 16:39:05.282 UTC [110] DETAIL:  Failing row contains (7, 1, Group 13, 2024-03-02 16:39:05.281366, 2024-03-02 16:39:05.281366, f, 29, 28).
2024-03-02T16:39:55.8019304Z  2024-03-02 16:39:05.282 UTC [110] STATEMENT:  UPDATE "partner_groups" SET "reminder_day" = $1 WHERE "partner_groups"."id" = $2
2024-03-02T16:39:55.8020216Z  2024-03-02 16:39:05.289 UTC [110] ERROR:  null value in column "send_reminders" violates not-null constraint
2024-03-02T16:39:55.8021173Z  2024-03-02 16:39:05.289 UTC [110] DETAIL:  Failing row contains (8, 1, Group 14, 2024-03-02 16:39:05.288344, 2024-03-02 16:39:05.288344, null, 14, 28).
2024-03-02T16:39:55.8022189Z  2024-03-02 16:39:05.289 UTC [110] STATEMENT:  UPDATE "partner_groups" SET "send_reminders" = $1 WHERE "partner_groups"."id" = $2
2024-03-02T16:39:55.8023080Z  2024-03-02 16:39:06.028 UTC [118] FATAL:  role "root" does not exist
2024-03-02T16:39:55.8023612Z  2024-03-02 16:39:16.112 UTC [128] FATAL:  role "root" does not exist
2024-03-02T16:39:55.8024144Z  2024-03-02 16:39:26.209 UTC [136] FATAL:  role "root" does not exist
2024-03-02T16:39:55.8024665Z  2024-03-02 16:39:36.290 UTC [144] FATAL:  role "root" does not exist
2024-03-02T16:39:55.8025189Z  2024-03-02 16:39:46.384 UTC [153] FATAL:  role "root" does not exist
2024-03-02T16:39:55.8025651Z  This user must also own the server process.
2024-03-02T16:39:55.8025981Z  
2024-03-02T16:39:55.8026308Z  The database cluster will be initialized with locale "en_US.utf8".
2024-03-02T16:39:55.8026872Z  The default database encoding has accordingly been set to "UTF8".
2024-03-02T16:39:55.8027421Z  The default text search configuration will be set to "english".
2024-03-02T16:39:55.8027831Z  
2024-03-02T16:39:55.8028049Z  Data page checksums are disabled.
2024-03-02T16:39:55.8028343Z  
2024-03-02T16:39:55.8028692Z  fixing permissions on existing directory /var/lib/postgresql/data ... ok
2024-03-02T16:39:55.8029169Z  creating subdirectories ... ok
2024-03-02T16:39:55.8029551Z  selecting dynamic shared memory implementation ... posix
2024-03-02T16:39:55.8029979Z  selecting default max_connections ... 100
2024-03-02T16:39:55.8030352Z  selecting default shared_buffers ... 128MB
2024-03-02T16:39:55.8030719Z  selecting default time zone ... Etc/UTC
2024-03-02T16:39:55.8031069Z  creating configuration files ... ok
2024-03-02T16:39:55.8031397Z  running bootstrap script ... ok
2024-03-02T16:39:55.8031759Z  performing post-bootstrap initialization ... ok
2024-03-02T16:39:55.8032126Z  syncing data to disk ... ok
2024-03-02T16:39:55.8032393Z  
2024-03-02T16:39:55.8032581Z  
2024-03-02T16:39:55.8032859Z  Success. You can now start the database server using:
2024-03-02T16:39:55.8033229Z  
2024-03-02T16:39:55.8033502Z      pg_ctl -D /var/lib/postgresql/data -l logfile start
2024-03-02T16:39:55.8033858Z  
2024-03-02T16:39:55.8034658Z  waiting for server to start....2024-03-02 16:38:06.170 UTC [47] LOG:  starting PostgreSQL 12.3 (Debian 12.3-1.pgdg100+1) on x86_64-pc-linux-gnu, compiled by gcc (Debian 8.3.0-6) 8.3.0, 64-bit
2024-03-02T16:39:55.8035778Z  2024-03-02 16:38:06.171 UTC [47] LOG:  listening on Unix socket "/var/run/postgresql/.s.PGSQL.5432"
2024-03-02T16:39:55.8036514Z  2024-03-02 16:38:06.183 UTC [48] LOG:  database system was shut down at 2024-03-02 16:38:06 UTC
2024-03-02T16:39:55.8037198Z  2024-03-02 16:38:06.188 UTC [47] LOG:  database system is ready to accept connections
2024-03-02T16:39:55.8037671Z   done
2024-03-02T16:39:55.8037875Z  server started
2024-03-02T16:39:55.8038094Z  
2024-03-02T16:39:55.8038481Z  /usr/local/bin/docker-entrypoint.sh: ignoring /docker-entrypoint-initdb.d/*
2024-03-02T16:39:55.8038958Z  
2024-03-02T16:39:55.8039273Z  2024-03-02 16:38:06.263 UTC [47] LOG:  received fast shutdown request
2024-03-02T16:39:55.8039977Z  waiting for server to shut down....2024-03-02 16:38:06.264 UTC [47] LOG:  aborting any active transactions
2024-03-02T16:39:55.8040865Z  2024-03-02 16:38:06.265 UTC [47] LOG:  background worker "logical replication launcher" (PID 54) exited with exit code 1
2024-03-02T16:39:55.8041530Z  2024-03-02 16:38:06.266 UTC [49] LOG:  shutting down
2024-03-02T16:39:55.8042002Z  2024-03-02 16:38:06.274 UTC [47] LOG:  database system is shut down
2024-03-02T16:39:55.8042406Z   done
2024-03-02T16:39:55.8042608Z  server stopped
2024-03-02T16:39:55.8042952Z  
2024-03-02T16:39:55.8043235Z  PostgreSQL init process complete; ready for start up.
2024-03-02T16:39:55.8043608Z  
2024-03-02T16:39:55.8049658Z Stop and remove container: 86e66c2d1331402c8f4229d7d79b279b_postgres123_eeb41b
2024-03-02T16:39:55.8055145Z ##[command]/usr/bin/docker rm --force d0f87748d849fd31c5ef2f2c8ac0b7623831b70e3647a046497e7195c09a8b1d
2024-03-02T16:39:56.0063458Z d0f87748d849fd31c5ef2f2c8ac0b7623831b70e3647a046497e7195c09a8b1d
2024-03-02T16:39:56.0090137Z Remove container network: github_network_e70c68684e2941c69402a16cabdeb0ac
2024-03-02T16:39:56.0095091Z ##[command]/usr/bin/docker network rm github_network_e70c68684e2941c69402a16cabdeb0ac
2024-03-02T16:39:56.2864975Z github_network_e70c68684e2941c69402a16cabdeb0ac
2024-03-02T16:39:56.3032385Z Cleaning up orphan processes
