2024-03-12T06:38:07.1602375Z Requested labels: ubuntu-latest
2024-03-12T06:38:07.1602711Z Job defined at: rubyforgood/human-essentials/.github/workflows/rspec-system.yml@refs/pull/4182/merge
2024-03-12T06:38:07.1602849Z Waiting for a runner to pick up this job...
2024-03-12T06:38:07.8708402Z Job is waiting for a hosted runner to come online.
2024-03-12T06:38:11.8272863Z Job is about to start running on the hosted runner: GitHub Actions 12 (hosted)
2024-03-12T06:38:13.8162076Z Current runner version: '2.314.1'
2024-03-12T06:38:13.8184652Z ##[group]Operating System
2024-03-12T06:38:13.8185420Z Ubuntu
2024-03-12T06:38:13.8185791Z 22.04.4
2024-03-12T06:38:13.8186106Z LTS
2024-03-12T06:38:13.8186523Z ##[endgroup]
2024-03-12T06:38:13.8186915Z ##[group]Runner Image
2024-03-12T06:38:13.8187309Z Image: ubuntu-22.04
2024-03-12T06:38:13.8187778Z Version: 20240304.1.0
2024-03-12T06:38:13.8188793Z Included Software: https://github.com/actions/runner-images/blob/ubuntu22/20240304.1/images/ubuntu/Ubuntu2204-Readme.md
2024-03-12T06:38:13.8190220Z Image Release: https://github.com/actions/runner-images/releases/tag/ubuntu22%2F20240304.1
2024-03-12T06:38:13.8191114Z ##[endgroup]
2024-03-12T06:38:13.8191529Z ##[group]Runner Image Provisioner
2024-03-12T06:38:13.8192014Z 2.0.359.1
2024-03-12T06:38:13.8192386Z ##[endgroup]
2024-03-12T06:38:13.8194493Z ##[group]GITHUB_TOKEN Permissions
2024-03-12T06:38:13.8196176Z Actions: read
2024-03-12T06:38:13.8196621Z Checks: read
2024-03-12T06:38:13.8197231Z Contents: read
2024-03-12T06:38:13.8197715Z Deployments: read
2024-03-12T06:38:13.8198086Z Discussions: read
2024-03-12T06:38:13.8198538Z Issues: read
2024-03-12T06:38:13.8198900Z Metadata: read
2024-03-12T06:38:13.8199276Z Packages: read
2024-03-12T06:38:13.8199692Z Pages: read
2024-03-12T06:38:13.8200088Z PullRequests: read
2024-03-12T06:38:13.8200507Z RepositoryProjects: read
2024-03-12T06:38:13.8201242Z SecurityEvents: read
2024-03-12T06:38:13.8201655Z Statuses: read
2024-03-12T06:38:13.8202026Z ##[endgroup]
2024-03-12T06:38:13.8205095Z Secret source: None
2024-03-12T06:38:13.8205656Z Prepare workflow directory
2024-03-12T06:38:13.9088855Z Prepare all required actions
2024-03-12T06:38:13.9247758Z Getting action download info
2024-03-12T06:38:14.0824955Z Download action repository 'actions/checkout@v2' (SHA:ee0669bd1cc54295c223e0bb666b733df41de1c5)
2024-03-12T06:38:14.1967486Z Download action repository 'ruby/setup-ruby@v1' (SHA:d4526a55538b775af234ba4af27118ed6f8f6677)
2024-03-12T06:38:14.3939428Z Download action repository 'actions/upload-artifact@v2' (SHA:82c141cc518b40d92cc801eee768e7aafc9c2fa2)
2024-03-12T06:38:14.5841212Z Complete job name: rspec-system (6, 1)
2024-03-12T06:38:14.6515856Z ##[group]Checking docker version
2024-03-12T06:38:14.6530623Z ##[command]/usr/bin/docker version --format '{{.Server.APIVersion}}'
2024-03-12T06:38:14.7278071Z '1.43'
2024-03-12T06:38:14.7291321Z Docker daemon API version: '1.43'
2024-03-12T06:38:14.7292207Z ##[command]/usr/bin/docker version --format '{{.Client.APIVersion}}'
2024-03-12T06:38:14.7462931Z '1.43'
2024-03-12T06:38:14.7475149Z Docker client API version: '1.43'
2024-03-12T06:38:14.7480469Z ##[endgroup]
2024-03-12T06:38:14.7484676Z ##[group]Clean up resources from previous jobs
2024-03-12T06:38:14.7490995Z ##[command]/usr/bin/docker ps --all --quiet --no-trunc --filter "label=4e1cef"
2024-03-12T06:38:14.7648406Z ##[command]/usr/bin/docker network prune --force --filter "label=4e1cef"
2024-03-12T06:38:14.7815450Z ##[endgroup]
2024-03-12T06:38:14.7816180Z ##[group]Create local container network
2024-03-12T06:38:14.7830023Z ##[command]/usr/bin/docker network create --label 4e1cef github_network_927ce030b2314a40a3b941a9001416a0
2024-03-12T06:38:14.8491380Z e5eddb73f44117096175722f780a7580893db558a6edb54f6787aa1bdb071335
2024-03-12T06:38:14.8511544Z ##[endgroup]
2024-03-12T06:38:14.8625449Z ##[group]Starting db service container
2024-03-12T06:38:14.8700718Z ##[command]/usr/bin/docker pull postgres:12.3
2024-03-12T06:38:15.1928202Z 12.3: Pulling from library/postgres
2024-03-12T06:38:15.2518492Z bf5952930446: Pulling fs layer
2024-03-12T06:38:15.2519527Z 9577476abb00: Pulling fs layer
2024-03-12T06:38:15.2520497Z 2bd105512d5c: Pulling fs layer
2024-03-12T06:38:15.2521447Z b1cd21c26e81: Pulling fs layer
2024-03-12T06:38:15.2522003Z 34a7c86cf8fc: Pulling fs layer
2024-03-12T06:38:15.2522523Z 274e7b0c38d5: Pulling fs layer
2024-03-12T06:38:15.2522964Z 3e831b350d37: Pulling fs layer
2024-03-12T06:38:15.2523370Z 38fa0d496534: Pulling fs layer
2024-03-12T06:38:15.2523845Z 31a8349609a4: Pulling fs layer
2024-03-12T06:38:15.2524614Z 14e4c2a4b7b7: Pulling fs layer
2024-03-12T06:38:15.2525019Z 964acfa02beb: Pulling fs layer
2024-03-12T06:38:15.2525532Z 31b1f20dffc0: Pulling fs layer
2024-03-12T06:38:15.2525897Z 14771c2930e9: Pulling fs layer
2024-03-12T06:38:15.2526314Z 2f30edd0ce8a: Pulling fs layer
2024-03-12T06:38:15.2526813Z b1cd21c26e81: Waiting
2024-03-12T06:38:15.2527139Z 34a7c86cf8fc: Waiting
2024-03-12T06:38:15.2527497Z 274e7b0c38d5: Waiting
2024-03-12T06:38:15.2527923Z 3e831b350d37: Waiting
2024-03-12T06:38:15.2528232Z 38fa0d496534: Waiting
2024-03-12T06:38:15.2528575Z 31a8349609a4: Waiting
2024-03-12T06:38:15.2528988Z 14e4c2a4b7b7: Waiting
2024-03-12T06:38:15.2529292Z 14771c2930e9: Waiting
2024-03-12T06:38:15.2529641Z 964acfa02beb: Waiting
2024-03-12T06:38:15.2530050Z 2f30edd0ce8a: Waiting
2024-03-12T06:38:15.3040602Z 2bd105512d5c: Verifying Checksum
2024-03-12T06:38:15.3042195Z 2bd105512d5c: Download complete
2024-03-12T06:38:15.3243574Z 9577476abb00: Verifying Checksum
2024-03-12T06:38:15.3244628Z 9577476abb00: Download complete
2024-03-12T06:38:15.3705793Z b1cd21c26e81: Verifying Checksum
2024-03-12T06:38:15.3706830Z b1cd21c26e81: Download complete
2024-03-12T06:38:15.4240240Z 274e7b0c38d5: Download complete
2024-03-12T06:38:15.4320568Z 34a7c86cf8fc: Verifying Checksum
2024-03-12T06:38:15.4323805Z 34a7c86cf8fc: Download complete
2024-03-12T06:38:15.4732158Z 3e831b350d37: Verifying Checksum
2024-03-12T06:38:15.4733490Z 3e831b350d37: Download complete
2024-03-12T06:38:15.4789959Z 38fa0d496534: Verifying Checksum
2024-03-12T06:38:15.4790828Z 38fa0d496534: Download complete
2024-03-12T06:38:15.5346548Z 14e4c2a4b7b7: Download complete
2024-03-12T06:38:15.5798389Z 964acfa02beb: Verifying Checksum
2024-03-12T06:38:15.6221770Z 964acfa02beb: Download complete
2024-03-12T06:38:15.6222795Z bf5952930446: Verifying Checksum
2024-03-12T06:38:15.6223522Z bf5952930446: Download complete
2024-03-12T06:38:15.6282754Z 31b1f20dffc0: Verifying Checksum
2024-03-12T06:38:15.6283681Z 31b1f20dffc0: Download complete
2024-03-12T06:38:15.6746069Z 14771c2930e9: Verifying Checksum
2024-03-12T06:38:15.6746847Z 14771c2930e9: Download complete
2024-03-12T06:38:15.6801766Z 2f30edd0ce8a: Verifying Checksum
2024-03-12T06:38:15.6802617Z 2f30edd0ce8a: Download complete
2024-03-12T06:38:16.0109686Z 31a8349609a4: Verifying Checksum
2024-03-12T06:38:16.0110413Z 31a8349609a4: Download complete
2024-03-12T06:38:16.7743777Z bf5952930446: Pull complete
2024-03-12T06:38:17.0838600Z 9577476abb00: Pull complete
2024-03-12T06:38:17.0983284Z 2bd105512d5c: Pull complete
2024-03-12T06:38:17.1444973Z b1cd21c26e81: Pull complete
2024-03-12T06:38:17.5050779Z 34a7c86cf8fc: Pull complete
2024-03-12T06:38:17.5458949Z 274e7b0c38d5: Pull complete
2024-03-12T06:38:17.5567133Z 3e831b350d37: Pull complete
2024-03-12T06:38:17.5657163Z 38fa0d496534: Pull complete
2024-03-12T06:38:20.5482191Z 31a8349609a4: Pull complete
2024-03-12T06:38:20.5623887Z 14e4c2a4b7b7: Pull complete
2024-03-12T06:38:20.5728610Z 964acfa02beb: Pull complete
2024-03-12T06:38:20.5827272Z 31b1f20dffc0: Pull complete
2024-03-12T06:38:20.5922907Z 14771c2930e9: Pull complete
2024-03-12T06:38:20.6018613Z 2f30edd0ce8a: Pull complete
2024-03-12T06:38:20.6061021Z Digest: sha256:a06e6e6e519b7a329c419f8221edec66cfc45511e8b80e262c12103ba745cf19
2024-03-12T06:38:20.6072913Z Status: Downloaded newer image for postgres:12.3
2024-03-12T06:38:20.6082751Z docker.io/library/postgres:12.3
2024-03-12T06:38:20.6184808Z ##[command]/usr/bin/docker create --name 2f140cfd268b4aba9c5d5d50897be0e8_postgres123_5b6f61 --label 4e1cef --network github_network_927ce030b2314a40a3b941a9001416a0 --network-alias db -p 5432:5432 --health-cmd pg_isready --health-interval 10s --health-timeout 5s --health-retries 5 -e "POSTGRES_PASSWORD=password" -e GITHUB_ACTIONS=true -e CI=true postgres:12.3
2024-03-12T06:38:20.6635247Z 8f6f5632cd18a2ddff53f597a479ed551cde67ad1b19fd0053d46e63fb89ed91
2024-03-12T06:38:20.6658743Z ##[command]/usr/bin/docker start 8f6f5632cd18a2ddff53f597a479ed551cde67ad1b19fd0053d46e63fb89ed91
2024-03-12T06:38:21.0443008Z 8f6f5632cd18a2ddff53f597a479ed551cde67ad1b19fd0053d46e63fb89ed91
2024-03-12T06:38:21.0462460Z ##[command]/usr/bin/docker ps --all --filter id=8f6f5632cd18a2ddff53f597a479ed551cde67ad1b19fd0053d46e63fb89ed91 --filter status=running --no-trunc --format "{{.ID}} {{.Status}}"
2024-03-12T06:38:21.0593016Z 8f6f5632cd18a2ddff53f597a479ed551cde67ad1b19fd0053d46e63fb89ed91 Up Less than a second (health: starting)
2024-03-12T06:38:21.0613052Z ##[command]/usr/bin/docker port 8f6f5632cd18a2ddff53f597a479ed551cde67ad1b19fd0053d46e63fb89ed91
2024-03-12T06:38:21.0750110Z 5432/tcp -> 0.0.0.0:5432
2024-03-12T06:38:21.0750765Z 5432/tcp -> [::]:5432
2024-03-12T06:38:21.0834474Z ##[endgroup]
2024-03-12T06:38:21.0868920Z ##[group]Waiting for all services to be ready
2024-03-12T06:38:21.0905208Z ##[command]/usr/bin/docker inspect --format="{{if .Config.Healthcheck}}{{print .State.Health.Status}}{{end}}" 8f6f5632cd18a2ddff53f597a479ed551cde67ad1b19fd0053d46e63fb89ed91
2024-03-12T06:38:21.1042299Z starting
2024-03-12T06:38:21.1075606Z db service is starting, waiting 2 seconds before checking again.
2024-03-12T06:38:23.1048009Z ##[command]/usr/bin/docker inspect --format="{{if .Config.Healthcheck}}{{print .State.Health.Status}}{{end}}" 8f6f5632cd18a2ddff53f597a479ed551cde67ad1b19fd0053d46e63fb89ed91
2024-03-12T06:38:23.1179507Z starting
2024-03-12T06:38:23.1194879Z db service is starting, waiting 3 seconds before checking again.
2024-03-12T06:38:26.8850812Z ##[command]/usr/bin/docker inspect --format="{{if .Config.Healthcheck}}{{print .State.Health.Status}}{{end}}" 8f6f5632cd18a2ddff53f597a479ed551cde67ad1b19fd0053d46e63fb89ed91
2024-03-12T06:38:26.8970048Z starting
2024-03-12T06:38:26.8982096Z db service is starting, waiting 7 seconds before checking again.
2024-03-12T06:38:34.3872922Z ##[command]/usr/bin/docker inspect --format="{{if .Config.Healthcheck}}{{print .State.Health.Status}}{{end}}" 8f6f5632cd18a2ddff53f597a479ed551cde67ad1b19fd0053d46e63fb89ed91
2024-03-12T06:38:34.4005249Z healthy
2024-03-12T06:38:34.4023758Z db service is healthy.
2024-03-12T06:38:34.4024329Z ##[endgroup]
2024-03-12T06:38:34.4398408Z ##[group]Run actions/checkout@v2
2024-03-12T06:38:34.4398852Z with:
2024-03-12T06:38:34.4399385Z   repository: rubyforgood/human-essentials
2024-03-12T06:38:34.4400034Z   token: ***
2024-03-12T06:38:34.4400361Z   ssh-strict: true
2024-03-12T06:38:34.4401048Z   persist-credentials: true
2024-03-12T06:38:34.4401588Z   clean: true
2024-03-12T06:38:34.4401889Z   fetch-depth: 1
2024-03-12T06:38:34.4402481Z   lfs: false
2024-03-12T06:38:34.4402892Z   submodules: false
2024-03-12T06:38:34.4403205Z   set-safe-directory: true
2024-03-12T06:38:34.4403668Z ##[endgroup]
2024-03-12T06:38:34.6189493Z Syncing repository: rubyforgood/human-essentials
2024-03-12T06:38:34.6191687Z ##[group]Getting Git version info
2024-03-12T06:38:34.6192454Z Working directory is '/home/runner/work/human-essentials/human-essentials'
2024-03-12T06:38:34.6193626Z [command]/usr/bin/git version
2024-03-12T06:38:34.6210749Z git version 2.43.2
2024-03-12T06:38:34.6234639Z ##[endgroup]
2024-03-12T06:38:34.6249914Z Temporarily overriding HOME='/home/runner/work/_temp/2ac3b847-50d9-4758-a835-829f575c4f28' before making global git config changes
2024-03-12T06:38:34.6251076Z Adding repository directory to the temporary git global config as a safe directory
2024-03-12T06:38:34.6256342Z [command]/usr/bin/git config --global --add safe.directory /home/runner/work/human-essentials/human-essentials
2024-03-12T06:38:34.6301104Z Deleting the contents of '/home/runner/work/human-essentials/human-essentials'
2024-03-12T06:38:34.6306131Z ##[group]Initializing the repository
2024-03-12T06:38:34.6310326Z [command]/usr/bin/git init /home/runner/work/human-essentials/human-essentials
2024-03-12T06:38:34.6375948Z hint: Using 'master' as the name for the initial branch. This default branch name
2024-03-12T06:38:34.6377381Z hint: is subject to change. To configure the initial branch name to use in all
2024-03-12T06:38:34.6378797Z hint: of your new repositories, which will suppress this warning, call:
2024-03-12T06:38:34.6380574Z hint: 
2024-03-12T06:38:34.6381510Z hint: 	git config --global init.defaultBranch <name>
2024-03-12T06:38:34.6382328Z hint: 
2024-03-12T06:38:34.6383204Z hint: Names commonly chosen instead of 'master' are 'main', 'trunk' and
2024-03-12T06:38:34.6384612Z hint: 'development'. The just-created branch can be renamed via this command:
2024-03-12T06:38:34.6385995Z hint: 
2024-03-12T06:38:34.6386619Z hint: 	git branch -m <name>
2024-03-12T06:38:34.6388259Z Initialized empty Git repository in /home/runner/work/human-essentials/human-essentials/.git/
2024-03-12T06:38:34.6395578Z [command]/usr/bin/git remote add origin https://github.com/rubyforgood/human-essentials
2024-03-12T06:38:34.6435850Z ##[endgroup]
2024-03-12T06:38:34.6436616Z ##[group]Disabling automatic garbage collection
2024-03-12T06:38:34.6439445Z [command]/usr/bin/git config --local gc.auto 0
2024-03-12T06:38:34.6475872Z ##[endgroup]
2024-03-12T06:38:34.6476759Z ##[group]Setting up auth
2024-03-12T06:38:34.6483213Z [command]/usr/bin/git config --local --name-only --get-regexp core\.sshCommand
2024-03-12T06:38:34.6520223Z [command]/usr/bin/git submodule foreach --recursive sh -c "git config --local --name-only --get-regexp 'core\.sshCommand' && git config --local --unset-all 'core.sshCommand' || :"
2024-03-12T06:38:34.6818572Z [command]/usr/bin/git config --local --name-only --get-regexp http\.https\:\/\/github\.com\/\.extraheader
2024-03-12T06:38:34.6856571Z [command]/usr/bin/git submodule foreach --recursive sh -c "git config --local --name-only --get-regexp 'http\.https\:\/\/github\.com\/\.extraheader' && git config --local --unset-all 'http.https://github.com/.extraheader' || :"
2024-03-12T06:38:34.7095880Z [command]/usr/bin/git config --local http.https://github.com/.extraheader AUTHORIZATION: basic ***
2024-03-12T06:38:34.7140006Z ##[endgroup]
2024-03-12T06:38:34.7140826Z ##[group]Fetching the repository
2024-03-12T06:38:34.7149382Z [command]/usr/bin/git -c protocol.version=2 fetch --no-tags --prune --progress --no-recurse-submodules --depth=1 origin +dae7a3e74d871e5e42a51d6e602137e8bf6765a1:refs/remotes/pull/4182/merge
2024-03-12T06:38:34.8715548Z remote: Enumerating objects: 1751, done.        
2024-03-12T06:38:34.8716739Z remote: Counting objects:   0% (1/1751)        
2024-03-12T06:38:34.8717749Z remote: Counting objects:   1% (18/1751)        
2024-03-12T06:38:34.8718887Z remote: Counting objects:   2% (36/1751)        
2024-03-12T06:38:34.8720085Z remote: Counting objects:   3% (53/1751)        
2024-03-12T06:38:34.8721281Z remote: Counting objects:   4% (71/1751)        
2024-03-12T06:38:34.8722224Z remote: Counting objects:   5% (88/1751)        
2024-03-12T06:38:34.8723265Z remote: Counting objects:   6% (106/1751)        
2024-03-12T06:38:34.8724246Z remote: Counting objects:   7% (123/1751)        
2024-03-12T06:38:34.8725250Z remote: Counting objects:   8% (141/1751)        
2024-03-12T06:38:34.8726139Z remote: Counting objects:   9% (158/1751)        
2024-03-12T06:38:34.8726950Z remote: Counting objects:  10% (176/1751)        
2024-03-12T06:38:34.8727975Z remote: Counting objects:  11% (193/1751)        
2024-03-12T06:38:34.8728750Z remote: Counting objects:  12% (211/1751)        
2024-03-12T06:38:34.8729635Z remote: Counting objects:  13% (228/1751)        
2024-03-12T06:38:34.8730565Z remote: Counting objects:  14% (246/1751)        
2024-03-12T06:38:34.8731493Z remote: Counting objects:  15% (263/1751)        
2024-03-12T06:38:34.8733662Z remote: Counting objects:  16% (281/1751)        
2024-03-12T06:38:34.8734875Z remote: Counting objects:  17% (298/1751)        
2024-03-12T06:38:34.8735690Z remote: Counting objects:  18% (316/1751)        
2024-03-12T06:38:34.8736751Z remote: Counting objects:  19% (333/1751)        
2024-03-12T06:38:34.8737672Z remote: Counting objects:  20% (351/1751)        
2024-03-12T06:38:34.8738535Z remote: Counting objects:  21% (368/1751)        
2024-03-12T06:38:34.8739693Z remote: Counting objects:  22% (386/1751)        
2024-03-12T06:38:34.8740851Z remote: Counting objects:  23% (403/1751)        
2024-03-12T06:38:34.8742449Z remote: Counting objects:  24% (421/1751)        
2024-03-12T06:38:34.8743364Z remote: Counting objects:  25% (438/1751)        
2024-03-12T06:38:34.8744275Z remote: Counting objects:  26% (456/1751)        
2024-03-12T06:38:34.8745505Z remote: Counting objects:  27% (473/1751)        
2024-03-12T06:38:34.8746409Z remote: Counting objects:  28% (491/1751)        
2024-03-12T06:38:34.8747527Z remote: Counting objects:  29% (508/1751)        
2024-03-12T06:38:34.8748561Z remote: Counting objects:  30% (526/1751)        
2024-03-12T06:38:34.8749444Z remote: Counting objects:  31% (543/1751)        
2024-03-12T06:38:34.8750350Z remote: Counting objects:  32% (561/1751)        
2024-03-12T06:38:34.8751371Z remote: Counting objects:  33% (578/1751)        
2024-03-12T06:38:34.8752242Z remote: Counting objects:  34% (596/1751)        
2024-03-12T06:38:34.8753133Z remote: Counting objects:  35% (613/1751)        
2024-03-12T06:38:34.8754090Z remote: Counting objects:  36% (631/1751)        
2024-03-12T06:38:34.8754937Z remote: Counting objects:  37% (648/1751)        
2024-03-12T06:38:34.8755720Z remote: Counting objects:  38% (666/1751)        
2024-03-12T06:38:34.8756496Z remote: Counting objects:  39% (683/1751)        
2024-03-12T06:38:34.8756999Z remote: Counting objects:  40% (701/1751)        
2024-03-12T06:38:34.8757707Z remote: Counting objects:  41% (718/1751)        
2024-03-12T06:38:34.8758784Z remote: Counting objects:  42% (736/1751)        
2024-03-12T06:38:34.8759386Z remote: Counting objects:  43% (753/1751)        
2024-03-12T06:38:34.8759832Z remote: Counting objects:  44% (771/1751)        
2024-03-12T06:38:34.8760430Z remote: Counting objects:  45% (788/1751)        
2024-03-12T06:38:34.8761142Z remote: Counting objects:  46% (806/1751)        
2024-03-12T06:38:34.8761621Z remote: Counting objects:  47% (823/1751)        
2024-03-12T06:38:34.8762235Z remote: Counting objects:  48% (841/1751)        
2024-03-12T06:38:34.8762740Z remote: Counting objects:  49% (858/1751)        
2024-03-12T06:38:34.8763417Z remote: Counting objects:  50% (876/1751)        
2024-03-12T06:38:34.8764010Z remote: Counting objects:  51% (894/1751)        
2024-03-12T06:38:34.8764493Z remote: Counting objects:  52% (911/1751)        
2024-03-12T06:38:34.8764952Z remote: Counting objects:  53% (929/1751)        
2024-03-12T06:38:34.8765510Z remote: Counting objects:  54% (946/1751)        
2024-03-12T06:38:34.8766263Z remote: Counting objects:  55% (964/1751)        
2024-03-12T06:38:34.8767143Z remote: Counting objects:  56% (981/1751)        
2024-03-12T06:38:34.8767910Z remote: Counting objects:  57% (999/1751)        
2024-03-12T06:38:34.8768440Z remote: Counting objects:  58% (1016/1751)        
2024-03-12T06:38:34.8769018Z remote: Counting objects:  59% (1034/1751)        
2024-03-12T06:38:34.8769487Z remote: Counting objects:  60% (1051/1751)        
2024-03-12T06:38:34.8769992Z remote: Counting objects:  61% (1069/1751)        
2024-03-12T06:38:34.8770564Z remote: Counting objects:  62% (1086/1751)        
2024-03-12T06:38:34.8771094Z remote: Counting objects:  63% (1104/1751)        
2024-03-12T06:38:34.8771557Z remote: Counting objects:  64% (1121/1751)        
2024-03-12T06:38:34.8772118Z remote: Counting objects:  65% (1139/1751)        
2024-03-12T06:38:34.8772605Z remote: Counting objects:  66% (1156/1751)        
2024-03-12T06:38:34.8773063Z remote: Counting objects:  67% (1174/1751)        
2024-03-12T06:38:34.8773600Z remote: Counting objects:  68% (1191/1751)        
2024-03-12T06:38:34.8774282Z remote: Counting objects:  69% (1209/1751)        
2024-03-12T06:38:34.8775144Z remote: Counting objects:  70% (1226/1751)        
2024-03-12T06:38:34.8775959Z remote: Counting objects:  71% (1244/1751)        
2024-03-12T06:38:34.8776473Z remote: Counting objects:  72% (1261/1751)        
2024-03-12T06:38:34.8776919Z remote: Counting objects:  73% (1279/1751)        
2024-03-12T06:38:34.8777464Z remote: Counting objects:  74% (1296/1751)        
2024-03-12T06:38:34.8778234Z remote: Counting objects:  75% (1314/1751)        
2024-03-12T06:38:34.8778703Z remote: Counting objects:  76% (1331/1751)        
2024-03-12T06:38:34.8779275Z remote: Counting objects:  77% (1349/1751)        
2024-03-12T06:38:34.8779780Z remote: Counting objects:  78% (1366/1751)        
2024-03-12T06:38:34.8780227Z remote: Counting objects:  79% (1384/1751)        
2024-03-12T06:38:34.8780801Z remote: Counting objects:  80% (1401/1751)        
2024-03-12T06:38:34.8781281Z remote: Counting objects:  81% (1419/1751)        
2024-03-12T06:38:34.8781757Z remote: Counting objects:  82% (1436/1751)        
2024-03-12T06:38:34.8782278Z remote: Counting objects:  83% (1454/1751)        
2024-03-12T06:38:34.8782754Z remote: Counting objects:  84% (1471/1751)        
2024-03-12T06:38:34.8783225Z remote: Counting objects:  85% (1489/1751)        
2024-03-12T06:38:34.8783758Z remote: Counting objects:  86% (1506/1751)        
2024-03-12T06:38:34.8784234Z remote: Counting objects:  87% (1524/1751)        
2024-03-12T06:38:34.8784722Z remote: Counting objects:  88% (1541/1751)        
2024-03-12T06:38:34.8785706Z remote: Counting objects:  89% (1559/1751)        
2024-03-12T06:38:34.8786606Z remote: Counting objects:  90% (1576/1751)        
2024-03-12T06:38:34.8787139Z remote: Counting objects:  91% (1594/1751)        
2024-03-12T06:38:34.8787695Z remote: Counting objects:  92% (1611/1751)        
2024-03-12T06:38:34.8788188Z remote: Counting objects:  93% (1629/1751)        
2024-03-12T06:38:34.8788686Z remote: Counting objects:  94% (1646/1751)        
2024-03-12T06:38:34.8789239Z remote: Counting objects:  95% (1664/1751)        
2024-03-12T06:38:34.8789685Z remote: Counting objects:  96% (1681/1751)        
2024-03-12T06:38:34.8790180Z remote: Counting objects:  97% (1699/1751)        
2024-03-12T06:38:34.8790730Z remote: Counting objects:  98% (1716/1751)        
2024-03-12T06:38:34.8791179Z remote: Counting objects:  99% (1734/1751)        
2024-03-12T06:38:34.8791672Z remote: Counting objects: 100% (1751/1751)        
2024-03-12T06:38:34.8792400Z remote: Counting objects: 100% (1751/1751), done.        
2024-03-12T06:38:34.8792940Z remote: Compressing objects:   0% (1/1568)        
2024-03-12T06:38:34.8793449Z remote: Compressing objects:   1% (16/1568)        
2024-03-12T06:38:34.8794031Z remote: Compressing objects:   2% (32/1568)        
2024-03-12T06:38:34.8794517Z remote: Compressing objects:   3% (48/1568)        
2024-03-12T06:38:34.8795016Z remote: Compressing objects:   4% (63/1568)        
2024-03-12T06:38:34.8795572Z remote: Compressing objects:   5% (79/1568)        
2024-03-12T06:38:34.8796053Z remote: Compressing objects:   6% (95/1568)        
2024-03-12T06:38:34.8796566Z remote: Compressing objects:   7% (110/1568)        
2024-03-12T06:38:34.8797144Z remote: Compressing objects:   8% (126/1568)        
2024-03-12T06:38:34.8867140Z remote: Compressing objects:   9% (142/1568)        
2024-03-12T06:38:34.8870124Z remote: Compressing objects:  10% (157/1568)        
2024-03-12T06:38:34.8871025Z remote: Compressing objects:  11% (173/1568)        
2024-03-12T06:38:34.8877285Z remote: Compressing objects:  12% (189/1568)        
2024-03-12T06:38:34.8915155Z remote: Compressing objects:  13% (204/1568)        
2024-03-12T06:38:34.8916823Z remote: Compressing objects:  14% (220/1568)        
2024-03-12T06:38:34.8923490Z remote: Compressing objects:  15% (236/1568)        
2024-03-12T06:38:34.8924734Z remote: Compressing objects:  16% (251/1568)        
2024-03-12T06:38:34.8932746Z remote: Compressing objects:  17% (267/1568)        
2024-03-12T06:38:34.8939816Z remote: Compressing objects:  18% (283/1568)        
2024-03-12T06:38:34.8957580Z remote: Compressing objects:  19% (298/1568)        
2024-03-12T06:38:34.8977009Z remote: Compressing objects:  20% (314/1568)        
2024-03-12T06:38:34.9022512Z remote: Compressing objects:  21% (330/1568)        
2024-03-12T06:38:34.9039861Z remote: Compressing objects:  22% (345/1568)        
2024-03-12T06:38:34.9050614Z remote: Compressing objects:  23% (361/1568)        
2024-03-12T06:38:34.9064706Z remote: Compressing objects:  24% (377/1568)        
2024-03-12T06:38:34.9082988Z remote: Compressing objects:  25% (392/1568)        
2024-03-12T06:38:34.9083936Z remote: Compressing objects:  26% (408/1568)        
2024-03-12T06:38:34.9094360Z remote: Compressing objects:  27% (424/1568)        
2024-03-12T06:38:34.9105178Z remote: Compressing objects:  28% (440/1568)        
2024-03-12T06:38:34.9111722Z remote: Compressing objects:  29% (455/1568)        
2024-03-12T06:38:34.9122199Z remote: Compressing objects:  30% (471/1568)        
2024-03-12T06:38:34.9143132Z remote: Compressing objects:  31% (487/1568)        
2024-03-12T06:38:34.9152464Z remote: Compressing objects:  32% (502/1568)        
2024-03-12T06:38:34.9157009Z remote: Compressing objects:  33% (518/1568)        
2024-03-12T06:38:34.9166928Z remote: Compressing objects:  34% (534/1568)        
2024-03-12T06:38:34.9172038Z remote: Compressing objects:  35% (549/1568)        
2024-03-12T06:38:34.9180847Z remote: Compressing objects:  36% (565/1568)        
2024-03-12T06:38:34.9186779Z remote: Compressing objects:  37% (581/1568)        
2024-03-12T06:38:34.9188177Z remote: Compressing objects:  38% (596/1568)        
2024-03-12T06:38:34.9190666Z remote: Compressing objects:  39% (612/1568)        
2024-03-12T06:38:34.9192929Z remote: Compressing objects:  40% (628/1568)        
2024-03-12T06:38:34.9196274Z remote: Compressing objects:  41% (643/1568)        
2024-03-12T06:38:34.9198455Z remote: Compressing objects:  42% (659/1568)        
2024-03-12T06:38:34.9201728Z remote: Compressing objects:  43% (675/1568)        
2024-03-12T06:38:34.9209275Z remote: Compressing objects:  44% (690/1568)        
2024-03-12T06:38:34.9211343Z remote: Compressing objects:  45% (706/1568)        
2024-03-12T06:38:34.9216556Z remote: Compressing objects:  46% (722/1568)        
2024-03-12T06:38:34.9219515Z remote: Compressing objects:  47% (737/1568)        
2024-03-12T06:38:34.9220957Z remote: Compressing objects:  48% (753/1568)        
2024-03-12T06:38:34.9225293Z remote: Compressing objects:  49% (769/1568)        
2024-03-12T06:38:34.9231568Z remote: Compressing objects:  50% (784/1568)        
2024-03-12T06:38:34.9233179Z remote: Compressing objects:  51% (800/1568)        
2024-03-12T06:38:34.9235382Z remote: Compressing objects:  52% (816/1568)        
2024-03-12T06:38:34.9238332Z remote: Compressing objects:  53% (832/1568)        
2024-03-12T06:38:34.9244419Z remote: Compressing objects:  54% (847/1568)        
2024-03-12T06:38:34.9251822Z remote: Compressing objects:  55% (863/1568)        
2024-03-12T06:38:34.9291661Z remote: Compressing objects:  56% (879/1568)        
2024-03-12T06:38:34.9320671Z remote: Compressing objects:  57% (894/1568)        
2024-03-12T06:38:34.9333377Z remote: Compressing objects:  58% (910/1568)        
2024-03-12T06:38:34.9339324Z remote: Compressing objects:  59% (926/1568)        
2024-03-12T06:38:34.9343299Z remote: Compressing objects:  60% (941/1568)        
2024-03-12T06:38:34.9345379Z remote: Compressing objects:  61% (957/1568)        
2024-03-12T06:38:34.9351004Z remote: Compressing objects:  62% (973/1568)        
2024-03-12T06:38:34.9363047Z remote: Compressing objects:  63% (988/1568)        
2024-03-12T06:38:34.9365974Z remote: Compressing objects:  64% (1004/1568)        
2024-03-12T06:38:34.9369004Z remote: Compressing objects:  65% (1020/1568)        
2024-03-12T06:38:34.9375784Z remote: Compressing objects:  66% (1035/1568)        
2024-03-12T06:38:34.9389796Z remote: Compressing objects:  67% (1051/1568)        
2024-03-12T06:38:34.9390540Z remote: Compressing objects:  68% (1067/1568)        
2024-03-12T06:38:34.9397456Z remote: Compressing objects:  69% (1082/1568)        
2024-03-12T06:38:34.9398068Z remote: Compressing objects:  70% (1098/1568)        
2024-03-12T06:38:34.9409972Z remote: Compressing objects:  71% (1114/1568)        
2024-03-12T06:38:34.9420625Z remote: Compressing objects:  72% (1129/1568)        
2024-03-12T06:38:34.9437671Z remote: Compressing objects:  73% (1145/1568)        
2024-03-12T06:38:34.9438901Z remote: Compressing objects:  74% (1161/1568)        
2024-03-12T06:38:34.9452981Z remote: Compressing objects:  75% (1176/1568)        
2024-03-12T06:38:34.9520338Z remote: Compressing objects:  76% (1192/1568)        
2024-03-12T06:38:34.9543601Z remote: Compressing objects:  77% (1208/1568)        
2024-03-12T06:38:34.9555157Z remote: Compressing objects:  78% (1224/1568)        
2024-03-12T06:38:34.9584049Z remote: Compressing objects:  79% (1239/1568)        
2024-03-12T06:38:34.9608390Z remote: Compressing objects:  80% (1255/1568)        
2024-03-12T06:38:34.9645767Z remote: Compressing objects:  81% (1271/1568)        
2024-03-12T06:38:34.9681870Z remote: Compressing objects:  82% (1286/1568)        
2024-03-12T06:38:34.9728011Z remote: Compressing objects:  83% (1302/1568)        
2024-03-12T06:38:34.9744847Z remote: Compressing objects:  84% (1318/1568)        
2024-03-12T06:38:34.9786621Z remote: Compressing objects:  85% (1333/1568)        
2024-03-12T06:38:34.9831766Z remote: Compressing objects:  86% (1349/1568)        
2024-03-12T06:38:34.9853204Z remote: Compressing objects:  87% (1365/1568)        
2024-03-12T06:38:34.9858567Z remote: Compressing objects:  88% (1380/1568)        
2024-03-12T06:38:34.9864382Z remote: Compressing objects:  89% (1396/1568)        
2024-03-12T06:38:34.9867446Z remote: Compressing objects:  90% (1412/1568)        
2024-03-12T06:38:34.9869004Z remote: Compressing objects:  91% (1427/1568)        
2024-03-12T06:38:34.9870282Z remote: Compressing objects:  92% (1443/1568)        
2024-03-12T06:38:34.9873111Z remote: Compressing objects:  93% (1459/1568)        
2024-03-12T06:38:34.9874228Z remote: Compressing objects:  94% (1474/1568)        
2024-03-12T06:38:34.9875801Z remote: Compressing objects:  95% (1490/1568)        
2024-03-12T06:38:34.9878109Z remote: Compressing objects:  96% (1506/1568)        
2024-03-12T06:38:34.9878845Z remote: Compressing objects:  97% (1521/1568)        
2024-03-12T06:38:34.9880214Z remote: Compressing objects:  98% (1537/1568)        
2024-03-12T06:38:34.9883933Z remote: Compressing objects:  99% (1553/1568)        
2024-03-12T06:38:34.9884684Z remote: Compressing objects: 100% (1568/1568)        
2024-03-12T06:38:34.9885244Z remote: Compressing objects: 100% (1568/1568), done.        
2024-03-12T06:38:34.9925190Z Receiving objects:   0% (1/1751)
2024-03-12T06:38:34.9928648Z Receiving objects:   1% (18/1751)
2024-03-12T06:38:34.9940118Z Receiving objects:   2% (36/1751)
2024-03-12T06:38:35.0038045Z Receiving objects:   3% (53/1751)
2024-03-12T06:38:35.0491517Z Receiving objects:   4% (71/1751)
2024-03-12T06:38:35.0492717Z Receiving objects:   5% (88/1751)
2024-03-12T06:38:35.0497848Z Receiving objects:   6% (106/1751)
2024-03-12T06:38:35.0502762Z Receiving objects:   7% (123/1751)
2024-03-12T06:38:35.0507616Z Receiving objects:   8% (141/1751)
2024-03-12T06:38:35.0511629Z Receiving objects:   9% (158/1751)
2024-03-12T06:38:35.0515276Z Receiving objects:  10% (176/1751)
2024-03-12T06:38:35.0517721Z Receiving objects:  11% (193/1751)
2024-03-12T06:38:35.0521366Z Receiving objects:  12% (211/1751)
2024-03-12T06:38:35.0532017Z Receiving objects:  13% (228/1751)
2024-03-12T06:38:35.0536016Z Receiving objects:  14% (246/1751)
2024-03-12T06:38:35.0539496Z Receiving objects:  15% (263/1751)
2024-03-12T06:38:35.0542922Z Receiving objects:  16% (281/1751)
2024-03-12T06:38:35.0549547Z Receiving objects:  17% (298/1751)
2024-03-12T06:38:35.0554163Z Receiving objects:  18% (316/1751)
2024-03-12T06:38:35.0558971Z Receiving objects:  19% (333/1751)
2024-03-12T06:38:35.0563582Z Receiving objects:  20% (351/1751)
2024-03-12T06:38:35.0566970Z Receiving objects:  21% (368/1751)
2024-03-12T06:38:35.0570389Z Receiving objects:  22% (386/1751)
2024-03-12T06:38:35.0573531Z Receiving objects:  23% (403/1751)
2024-03-12T06:38:35.0576783Z Receiving objects:  24% (421/1751)
2024-03-12T06:38:35.0580128Z Receiving objects:  25% (438/1751)
2024-03-12T06:38:35.0582459Z Receiving objects:  26% (456/1751)
2024-03-12T06:38:35.0585825Z Receiving objects:  27% (473/1751)
2024-03-12T06:38:35.0587192Z Receiving objects:  28% (491/1751)
2024-03-12T06:38:35.0589535Z Receiving objects:  29% (508/1751)
2024-03-12T06:38:35.0594430Z Receiving objects:  30% (526/1751)
2024-03-12T06:38:35.0596298Z Receiving objects:  31% (543/1751)
2024-03-12T06:38:35.0598849Z Receiving objects:  32% (561/1751)
2024-03-12T06:38:35.0601242Z Receiving objects:  33% (578/1751)
2024-03-12T06:38:35.0603277Z Receiving objects:  34% (596/1751)
2024-03-12T06:38:35.0605392Z Receiving objects:  35% (613/1751)
2024-03-12T06:38:35.0609868Z Receiving objects:  36% (631/1751)
2024-03-12T06:38:35.0612823Z Receiving objects:  37% (648/1751)
2024-03-12T06:38:35.0614071Z Receiving objects:  38% (666/1751)
2024-03-12T06:38:35.0617073Z Receiving objects:  39% (683/1751)
2024-03-12T06:38:35.0620063Z Receiving objects:  40% (701/1751)
2024-03-12T06:38:35.0623109Z Receiving objects:  41% (718/1751)
2024-03-12T06:38:35.0625113Z Receiving objects:  42% (736/1751)
2024-03-12T06:38:35.0628510Z Receiving objects:  43% (753/1751)
2024-03-12T06:38:35.0632131Z Receiving objects:  44% (771/1751)
2024-03-12T06:38:35.0634437Z Receiving objects:  45% (788/1751)
2024-03-12T06:38:35.0637175Z Receiving objects:  46% (806/1751)
2024-03-12T06:38:35.0639411Z Receiving objects:  47% (823/1751)
2024-03-12T06:38:35.0642805Z Receiving objects:  48% (841/1751)
2024-03-12T06:38:35.0645524Z Receiving objects:  49% (858/1751)
2024-03-12T06:38:35.0647377Z Receiving objects:  50% (876/1751)
2024-03-12T06:38:35.0648788Z Receiving objects:  51% (894/1751)
2024-03-12T06:38:35.0652426Z Receiving objects:  52% (911/1751)
2024-03-12T06:38:35.0657841Z Receiving objects:  53% (929/1751)
2024-03-12T06:38:35.0661845Z Receiving objects:  54% (946/1751)
2024-03-12T06:38:35.0669147Z Receiving objects:  55% (964/1751)
2024-03-12T06:38:35.0672773Z Receiving objects:  56% (981/1751)
2024-03-12T06:38:35.0674429Z Receiving objects:  57% (999/1751)
2024-03-12T06:38:35.0676589Z Receiving objects:  58% (1016/1751)
2024-03-12T06:38:35.0678470Z Receiving objects:  59% (1034/1751)
2024-03-12T06:38:35.0680497Z Receiving objects:  60% (1051/1751)
2024-03-12T06:38:35.0682604Z Receiving objects:  61% (1069/1751)
2024-03-12T06:38:35.0684333Z Receiving objects:  62% (1086/1751)
2024-03-12T06:38:35.0686133Z Receiving objects:  63% (1104/1751)
2024-03-12T06:38:35.0688042Z Receiving objects:  64% (1121/1751)
2024-03-12T06:38:35.0690307Z Receiving objects:  65% (1139/1751)
2024-03-12T06:38:35.0693437Z Receiving objects:  66% (1156/1751)
2024-03-12T06:38:35.0694200Z Receiving objects:  67% (1174/1751)
2024-03-12T06:38:35.0697313Z Receiving objects:  68% (1191/1751)
2024-03-12T06:38:35.0700011Z Receiving objects:  69% (1209/1751)
2024-03-12T06:38:35.0701856Z Receiving objects:  70% (1226/1751)
2024-03-12T06:38:35.0708560Z Receiving objects:  71% (1244/1751)
2024-03-12T06:38:35.0720399Z Receiving objects:  72% (1261/1751)
2024-03-12T06:38:35.0723770Z Receiving objects:  73% (1279/1751)
2024-03-12T06:38:35.0728648Z Receiving objects:  74% (1296/1751)
2024-03-12T06:38:35.0856820Z Receiving objects:  75% (1314/1751)
2024-03-12T06:38:35.0976709Z Receiving objects:  76% (1331/1751)
2024-03-12T06:38:35.1070282Z Receiving objects:  77% (1349/1751)
2024-03-12T06:38:35.1205560Z Receiving objects:  78% (1366/1751)
2024-03-12T06:38:35.1341878Z Receiving objects:  79% (1384/1751)
2024-03-12T06:38:35.1528166Z Receiving objects:  80% (1401/1751)
2024-03-12T06:38:35.1532965Z Receiving objects:  81% (1419/1751)
2024-03-12T06:38:35.1535834Z Receiving objects:  82% (1436/1751)
2024-03-12T06:38:35.1539473Z Receiving objects:  83% (1454/1751)
2024-03-12T06:38:35.1543983Z Receiving objects:  84% (1471/1751)
2024-03-12T06:38:35.1548660Z Receiving objects:  85% (1489/1751)
2024-03-12T06:38:35.1555086Z Receiving objects:  86% (1506/1751)
2024-03-12T06:38:35.1563794Z Receiving objects:  87% (1524/1751)
2024-03-12T06:38:35.1568601Z Receiving objects:  88% (1541/1751)
2024-03-12T06:38:35.1574318Z Receiving objects:  89% (1559/1751)
2024-03-12T06:38:35.1581119Z Receiving objects:  90% (1576/1751)
2024-03-12T06:38:35.1588271Z Receiving objects:  91% (1594/1751)
2024-03-12T06:38:35.1594266Z Receiving objects:  92% (1611/1751)
2024-03-12T06:38:35.1599361Z Receiving objects:  93% (1629/1751)
2024-03-12T06:38:35.1604761Z Receiving objects:  94% (1646/1751)
2024-03-12T06:38:35.1609021Z Receiving objects:  95% (1664/1751)
2024-03-12T06:38:35.1612445Z Receiving objects:  96% (1681/1751)
2024-03-12T06:38:35.1621567Z Receiving objects:  97% (1699/1751)
2024-03-12T06:38:35.1631240Z Receiving objects:  98% (1716/1751)
2024-03-12T06:38:35.1648470Z Receiving objects:  99% (1734/1751)
2024-03-12T06:38:35.1650022Z remote: Total 1751 (delta 280), reused 1008 (delta 143), pack-reused 0        
2024-03-12T06:38:35.1666253Z Receiving objects: 100% (1751/1751)
2024-03-12T06:38:35.1667251Z Receiving objects: 100% (1751/1751), 6.60 MiB | 37.98 MiB/s, done.
2024-03-12T06:38:35.1668379Z Resolving deltas:   0% (0/280)
2024-03-12T06:38:35.1669028Z Resolving deltas:   1% (3/280)
2024-03-12T06:38:35.1674271Z Resolving deltas:   2% (6/280)
2024-03-12T06:38:35.1687611Z Resolving deltas:   3% (9/280)
2024-03-12T06:38:35.1691596Z Resolving deltas:   4% (12/280)
2024-03-12T06:38:35.1695786Z Resolving deltas:   5% (14/280)
2024-03-12T06:38:35.1699227Z Resolving deltas:   6% (17/280)
2024-03-12T06:38:35.1703001Z Resolving deltas:   7% (20/280)
2024-03-12T06:38:35.1712241Z Resolving deltas:   8% (23/280)
2024-03-12T06:38:35.1716457Z Resolving deltas:   9% (26/280)
2024-03-12T06:38:35.1719905Z Resolving deltas:  10% (28/280)
2024-03-12T06:38:35.1722679Z Resolving deltas:  11% (31/280)
2024-03-12T06:38:35.1723589Z Resolving deltas:  12% (34/280)
2024-03-12T06:38:35.1726808Z Resolving deltas:  13% (37/280)
2024-03-12T06:38:35.1727700Z Resolving deltas:  14% (40/280)
2024-03-12T06:38:35.1730872Z Resolving deltas:  15% (42/280)
2024-03-12T06:38:35.1731841Z Resolving deltas:  16% (45/280)
2024-03-12T06:38:35.1732896Z Resolving deltas:  17% (48/280)
2024-03-12T06:38:35.1733630Z Resolving deltas:  18% (51/280)
2024-03-12T06:38:35.1734558Z Resolving deltas:  19% (54/280)
2024-03-12T06:38:35.1735940Z Resolving deltas:  20% (56/280)
2024-03-12T06:38:35.1739744Z Resolving deltas:  21% (59/280)
2024-03-12T06:38:35.1740869Z Resolving deltas:  22% (62/280)
2024-03-12T06:38:35.1741769Z Resolving deltas:  23% (65/280)
2024-03-12T06:38:35.1742486Z Resolving deltas:  24% (68/280)
2024-03-12T06:38:35.1743120Z Resolving deltas:  25% (70/280)
2024-03-12T06:38:35.1743700Z Resolving deltas:  26% (73/280)
2024-03-12T06:38:35.1744501Z Resolving deltas:  27% (76/280)
2024-03-12T06:38:35.1745161Z Resolving deltas:  28% (79/280)
2024-03-12T06:38:35.1745806Z Resolving deltas:  29% (82/280)
2024-03-12T06:38:35.1746483Z Resolving deltas:  30% (84/280)
2024-03-12T06:38:35.1747125Z Resolving deltas:  31% (87/280)
2024-03-12T06:38:35.1747776Z Resolving deltas:  32% (90/280)
2024-03-12T06:38:35.1748494Z Resolving deltas:  33% (93/280)
2024-03-12T06:38:35.1749135Z Resolving deltas:  34% (96/280)
2024-03-12T06:38:35.1749786Z Resolving deltas:  35% (98/280)
2024-03-12T06:38:35.1750485Z Resolving deltas:  36% (101/280)
2024-03-12T06:38:35.1751130Z Resolving deltas:  37% (104/280)
2024-03-12T06:38:35.1751790Z Resolving deltas:  38% (107/280)
2024-03-12T06:38:35.1752613Z Resolving deltas:  39% (110/280)
2024-03-12T06:38:35.1753274Z Resolving deltas:  40% (112/280)
2024-03-12T06:38:35.1753889Z Resolving deltas:  41% (115/280)
2024-03-12T06:38:35.1754564Z Resolving deltas:  42% (118/280)
2024-03-12T06:38:35.1755227Z Resolving deltas:  43% (121/280)
2024-03-12T06:38:35.1755859Z Resolving deltas:  44% (124/280)
2024-03-12T06:38:35.1756568Z Resolving deltas:  45% (126/280)
2024-03-12T06:38:35.1757259Z Resolving deltas:  46% (129/280)
2024-03-12T06:38:35.1757890Z Resolving deltas:  47% (132/280)
2024-03-12T06:38:35.1758579Z Resolving deltas:  48% (135/280)
2024-03-12T06:38:35.1759247Z Resolving deltas:  49% (138/280)
2024-03-12T06:38:35.1759883Z Resolving deltas:  50% (140/280)
2024-03-12T06:38:35.1760562Z Resolving deltas:  51% (143/280)
2024-03-12T06:38:35.1761848Z Resolving deltas:  52% (146/280)
2024-03-12T06:38:35.1762533Z Resolving deltas:  53% (149/280)
2024-03-12T06:38:35.1763282Z Resolving deltas:  54% (152/280)
2024-03-12T06:38:35.1763936Z Resolving deltas:  55% (154/280)
2024-03-12T06:38:35.1764585Z Resolving deltas:  56% (157/280)
2024-03-12T06:38:35.1765300Z Resolving deltas:  57% (160/280)
2024-03-12T06:38:35.1765949Z Resolving deltas:  58% (163/280)
2024-03-12T06:38:35.1766588Z Resolving deltas:  59% (166/280)
2024-03-12T06:38:35.1767256Z Resolving deltas:  60% (168/280)
2024-03-12T06:38:35.1767890Z Resolving deltas:  61% (171/280)
2024-03-12T06:38:35.1768524Z Resolving deltas:  62% (174/280)
2024-03-12T06:38:35.1769194Z Resolving deltas:  63% (177/280)
2024-03-12T06:38:35.1769824Z Resolving deltas:  64% (180/280)
2024-03-12T06:38:35.1770486Z Resolving deltas:  65% (182/280)
2024-03-12T06:38:35.1771133Z Resolving deltas:  66% (185/280)
2024-03-12T06:38:35.1771732Z Resolving deltas:  67% (188/280)
2024-03-12T06:38:35.1772363Z Resolving deltas:  68% (191/280)
2024-03-12T06:38:35.1773004Z Resolving deltas:  69% (194/280)
2024-03-12T06:38:35.1773611Z Resolving deltas:  70% (196/280)
2024-03-12T06:38:35.1774239Z Resolving deltas:  71% (199/280)
2024-03-12T06:38:35.1774870Z Resolving deltas:  72% (202/280)
2024-03-12T06:38:35.1775472Z Resolving deltas:  73% (205/280)
2024-03-12T06:38:35.1776086Z Resolving deltas:  74% (208/280)
2024-03-12T06:38:35.1776722Z Resolving deltas:  75% (210/280)
2024-03-12T06:38:35.1777360Z Resolving deltas:  76% (213/280)
2024-03-12T06:38:35.1777992Z Resolving deltas:  77% (216/280)
2024-03-12T06:38:35.1778635Z Resolving deltas:  78% (219/280)
2024-03-12T06:38:35.1779253Z Resolving deltas:  79% (222/280)
2024-03-12T06:38:35.1779870Z Resolving deltas:  80% (224/280)
2024-03-12T06:38:35.1780520Z Resolving deltas:  81% (227/280)
2024-03-12T06:38:35.1781136Z Resolving deltas:  82% (230/280)
2024-03-12T06:38:35.1781737Z Resolving deltas:  83% (233/280)
2024-03-12T06:38:35.1782415Z Resolving deltas:  84% (236/280)
2024-03-12T06:38:35.1794559Z Resolving deltas:  85% (238/280)
2024-03-12T06:38:35.1796902Z Resolving deltas:  86% (241/280)
2024-03-12T06:38:35.1798956Z Resolving deltas:  87% (244/280)
2024-03-12T06:38:35.1800733Z Resolving deltas:  88% (247/280)
2024-03-12T06:38:35.1801652Z Resolving deltas:  89% (250/280)
2024-03-12T06:38:35.1802497Z Resolving deltas:  90% (252/280)
2024-03-12T06:38:35.1805518Z Resolving deltas:  91% (255/280)
2024-03-12T06:38:35.1808400Z Resolving deltas:  92% (258/280)
2024-03-12T06:38:35.1811178Z Resolving deltas:  93% (261/280)
2024-03-12T06:38:35.1811886Z Resolving deltas:  94% (264/280)
2024-03-12T06:38:35.1813702Z Resolving deltas:  95% (266/280)
2024-03-12T06:38:35.1815615Z Resolving deltas:  96% (269/280)
2024-03-12T06:38:35.1817209Z Resolving deltas:  97% (272/280)
2024-03-12T06:38:35.1826080Z Resolving deltas:  98% (275/280)
2024-03-12T06:38:35.1826696Z Resolving deltas:  99% (279/280)
2024-03-12T06:38:35.1827259Z Resolving deltas: 100% (280/280)
2024-03-12T06:38:35.1827669Z Resolving deltas: 100% (280/280), done.
2024-03-12T06:38:35.1967889Z From https://github.com/rubyforgood/human-essentials
2024-03-12T06:38:35.1969137Z  * [new ref]         dae7a3e74d871e5e42a51d6e602137e8bf6765a1 -> pull/4182/merge
2024-03-12T06:38:35.1999201Z ##[endgroup]
2024-03-12T06:38:35.2000339Z ##[group]Determining the checkout info
2024-03-12T06:38:35.2001902Z ##[endgroup]
2024-03-12T06:38:35.2004031Z ##[group]Checking out the ref
2024-03-12T06:38:35.2005438Z [command]/usr/bin/git checkout --progress --force refs/remotes/pull/4182/merge
2024-03-12T06:38:35.3352320Z Note: switching to 'refs/remotes/pull/4182/merge'.
2024-03-12T06:38:35.3353018Z 
2024-03-12T06:38:35.3353961Z You are in 'detached HEAD' state. You can look around, make experimental
2024-03-12T06:38:35.3355303Z changes and commit them, and you can discard any commits you make in this
2024-03-12T06:38:35.3356674Z state without impacting any branches by switching back to a branch.
2024-03-12T06:38:35.3357390Z 
2024-03-12T06:38:35.3358060Z If you want to create a new branch to retain commits you create, you may
2024-03-12T06:38:35.3359792Z do so (now or later) by using -c with the switch command. Example:
2024-03-12T06:38:35.3360518Z 
2024-03-12T06:38:35.3361066Z   git switch -c <new-branch-name>
2024-03-12T06:38:35.3361573Z 
2024-03-12T06:38:35.3361933Z Or undo this operation with:
2024-03-12T06:38:35.3362365Z 
2024-03-12T06:38:35.3362610Z   git switch -
2024-03-12T06:38:35.3362904Z 
2024-03-12T06:38:35.3363441Z Turn off this advice by setting config variable advice.detachedHead to false
2024-03-12T06:38:35.3364256Z 
2024-03-12T06:38:35.3365229Z HEAD is now at dae7a3e Merge ea46e737d39ea2515ae78b58d50c9a551b00bd03 into 449d8506f768bf1894e05c17983a13da27472321
2024-03-12T06:38:35.3367155Z ##[endgroup]
2024-03-12T06:38:35.3414671Z [command]/usr/bin/git log -1 --format='%H'
2024-03-12T06:38:35.3451609Z 'dae7a3e74d871e5e42a51d6e602137e8bf6765a1'
2024-03-12T06:38:35.3757270Z ##[group]Run ruby/setup-ruby@v1
2024-03-12T06:38:35.3757708Z with:
2024-03-12T06:38:35.3757984Z   bundler-cache: true
2024-03-12T06:38:35.3758450Z   ruby-version: default
2024-03-12T06:38:35.3758812Z ##[endgroup]
2024-03-12T06:38:35.5553699Z Using 3.2.2 as input from file .ruby-version
2024-03-12T06:38:35.5581013Z ##[group]Modifying PATH
2024-03-12T06:38:35.5581984Z Entries added to PATH to use selected Ruby:
2024-03-12T06:38:35.5582861Z   /opt/hostedtoolcache/Ruby/3.2.2/x64/bin
2024-03-12T06:38:35.5584211Z ##[endgroup]
2024-03-12T06:38:35.5605893Z ##[group]Downloading Ruby
2024-03-12T06:38:35.5608420Z https://github.com/ruby/ruby-builder/releases/download/toolcache/ruby-3.2.2-ubuntu-22.04.tar.gz
2024-03-12T06:38:35.9213839Z Took   0.36 seconds
2024-03-12T06:38:35.9214873Z ##[endgroup]
2024-03-12T06:38:35.9217136Z ##[group]Extracting  Ruby
2024-03-12T06:38:35.9246192Z [command]/usr/bin/tar -xz -C /opt/hostedtoolcache/Ruby/3.2.2 -f /home/runner/work/_temp/fd2d9959-eb39-4236-b241-ae4e21f5679d
2024-03-12T06:38:36.3318512Z Took   0.41 seconds
2024-03-12T06:38:36.3319607Z ##[endgroup]
2024-03-12T06:38:36.3320561Z ##[group]Print Ruby version
2024-03-12T06:38:36.3333835Z [command]/opt/hostedtoolcache/Ruby/3.2.2/x64/bin/ruby --version
2024-03-12T06:38:36.3549500Z ruby 3.2.2 (2023-03-30 revision e51014f9c0) [x86_64-linux]
2024-03-12T06:38:36.3567453Z Took   0.02 seconds
2024-03-12T06:38:36.3568208Z ##[endgroup]
2024-03-12T06:38:36.3569071Z ##[group]Installing Bundler
2024-03-12T06:38:36.3575804Z Using Bundler 2.5.6 from Gemfile.lock BUNDLED WITH 2.5.6
2024-03-12T06:38:36.3580887Z [command]/opt/hostedtoolcache/Ruby/3.2.2/x64/bin/gem install bundler -v 2.5.6
2024-03-12T06:38:36.8058276Z Successfully installed bundler-2.5.6
2024-03-12T06:38:36.8058870Z 1 gem installed
2024-03-12T06:38:36.8111317Z Took   0.45 seconds
2024-03-12T06:38:36.8112229Z ##[endgroup]
2024-03-12T06:38:36.8112827Z > bundle install
2024-03-12T06:38:36.8131790Z [command]/opt/hostedtoolcache/Ruby/3.2.2/x64/bin/bundle config --local path /home/runner/work/human-essentials/human-essentials/vendor/bundle
2024-03-12T06:38:36.9647925Z [command]/opt/hostedtoolcache/Ruby/3.2.2/x64/bin/bundle config --local deployment true
2024-03-12T06:38:37.1183701Z Cache key: setup-ruby-bundler-cache-v6-ubuntu-22.04-x64-ruby-3.2.2-wd-/home/runner/work/human-essentials/human-essentials-with--without--only--Gemfile.lock-90af41cb540db2526d21e3c5cbbe531ed46bcf1ba5fdc3d9e3337dd916b92c56
2024-03-12T06:38:37.9753824Z Cache Size: ~205 MB (214817878 B)
2024-03-12T06:38:37.9864697Z [command]/usr/bin/tar -xf /home/runner/work/_temp/dcbd6657-91dc-4433-a64f-fabccb13f558/cache.tzst -P -C /home/runner/work/human-essentials/human-essentials --use-compress-program unzstd
2024-03-12T06:38:38.2083327Z Received 214817878 of 214817878 (100.0%), 204.7 MBs/sec
2024-03-12T06:38:39.6125742Z Cache restored successfully
2024-03-12T06:38:39.6546199Z Found cache for key: setup-ruby-bundler-cache-v6-ubuntu-22.04-x64-ruby-3.2.2-wd-/home/runner/work/human-essentials/human-essentials-with--without--only--Gemfile.lock-90af41cb540db2526d21e3c5cbbe531ed46bcf1ba5fdc3d9e3337dd916b92c56
2024-03-12T06:38:39.6555237Z [command]/opt/hostedtoolcache/Ruby/3.2.2/x64/bin/bundle install --jobs 4
2024-03-12T06:38:40.0517889Z Bundle complete! 85 Gemfile dependencies, 246 gems now installed.
2024-03-12T06:38:40.0519651Z Bundled gems are installed into `./vendor/bundle`
2024-03-12T06:38:40.0566952Z Took   3.25 seconds
2024-03-12T06:38:40.0743787Z ##[group]Run sudo apt-get -yqq install libpq-dev
2024-03-12T06:38:40.0744646Z [36;1msudo apt-get -yqq install libpq-dev[0m
2024-03-12T06:38:40.0811531Z shell: /usr/bin/bash -e {0}
2024-03-12T06:38:40.0811956Z ##[endgroup]
2024-03-12T06:38:47.8422525Z ##[group]Run bundle exec rake db:create
2024-03-12T06:38:47.8423061Z [36;1mbundle exec rake db:create[0m
2024-03-12T06:38:47.8423475Z [36;1mbundle exec rake db:schema:load[0m
2024-03-12T06:38:47.8424048Z [36;1mbundle exec rails assets:precompile[0m
2024-03-12T06:38:47.8473980Z shell: /usr/bin/bash -e {0}
2024-03-12T06:38:47.8474401Z env:
2024-03-12T06:38:47.8474721Z   POSTGRES_HOST: localhost
2024-03-12T06:38:47.8475246Z   DATABASE_HOST: localhost
2024-03-12T06:38:47.8475662Z   PG_USERNAME: postgres
2024-03-12T06:38:47.8476070Z   PG_PASSWORD: password
2024-03-12T06:38:47.8476538Z   POSTGRES_HOST_AUTH_METHOD: trust
2024-03-12T06:38:47.8476952Z   POSTGRES_PORT: 5432
2024-03-12T06:38:47.8477265Z   RAILS_ENV: test
2024-03-12T06:38:47.8477680Z ##[endgroup]
2024-03-12T06:38:54.7337855Z We could not find your database: diaper_test. Which can be found in the database configuration file located at config/database.yml.
2024-03-12T06:38:54.7339489Z 
2024-03-12T06:38:54.7340134Z To resolve this issue:
2024-03-12T06:38:54.7340485Z 
2024-03-12T06:38:54.7341479Z - Did you create the database for this app, or delete it? You may need to create your database.
2024-03-12T06:38:54.7343065Z - Has the database name changed? Check your database.yml config has the correct database name.
2024-03-12T06:38:54.7344021Z 
2024-03-12T06:38:54.7344245Z To create your database, run:
2024-03-12T06:38:54.7344616Z 
2024-03-12T06:38:54.7344851Z         bin/rails db:create
2024-03-12T06:38:54.7345843Z . You likely need to run `rails g flipper:active_record` and/or `rails db:migrate`.
2024-03-12T06:38:54.9022273Z Created database 'diaper_test'
2024-03-12T06:38:55.2144427Z Coverage report generated for RSpec to /home/runner/work/human-essentials/human-essentials/coverage. 440 / 10017 LOC (4.39%) covered.
2024-03-12T06:39:01.8424869Z PG::UndefinedTable: ERROR:  relation "flipper_gates" does not exist
2024-03-12T06:39:01.8425883Z LINE 9:  WHERE a.attrelid = '"flipper_gates"'::regclass
2024-03-12T06:39:01.8426432Z                             ^
2024-03-12T06:39:01.8427148Z . You likely need to run `rails g flipper:active_record` and/or `rails db:migrate`.
2024-03-12T06:39:02.6790332Z Coverage report generated for RSpec to /home/runner/work/human-essentials/human-essentials/coverage. 440 / 10017 LOC (4.39%) covered.
2024-03-12T06:39:37.1771494Z W, [2024-03-11T23:39:37.176744 #2332]  WARN -- : Removed sourceMappingURL comment for missing asset 'adminlte.js.map' from /home/runner/work/human-essentials/human-essentials/app/javascript/adminlte.js
2024-03-12T06:39:37.2415334Z I, [2024-03-11T23:39:37.241138 #2332]  INFO -- : Writing /home/runner/work/human-essentials/human-essentials/public/assets/manifest-90aab26ade71e747f745b1227b433fd7d580a54f279ee2be6e1a67bb326bf03a.js
2024-03-12T06:39:37.2418547Z I, [2024-03-11T23:39:37.241339 #2332]  INFO -- : Writing /home/runner/work/human-essentials/human-essentials/public/assets/manifest-90aab26ade71e747f745b1227b433fd7d580a54f279ee2be6e1a67bb326bf03a.js.gz
2024-03-12T06:39:37.2421924Z I, [2024-03-11T23:39:37.241560 #2332]  INFO -- : Writing /home/runner/work/human-essentials/human-essentials/public/assets/filterrific/filterrific-spinner-415824b210964b6cdb1db0bd9508be8644b9fde094b392f73055b20d369885b6.gif
2024-03-12T06:39:37.2426329Z I, [2024-03-11T23:39:37.241950 #2332]  INFO -- : Writing /home/runner/work/human-essentials/human-essentials/public/assets/bootstrap.min-67c48d88a8e0be178058aacb338b084191ed6d65c8fef751c50248202cf1488a.js
2024-03-12T06:39:37.2429982Z I, [2024-03-11T23:39:37.242099 #2332]  INFO -- : Writing /home/runner/work/human-essentials/human-essentials/public/assets/bootstrap.min-67c48d88a8e0be178058aacb338b084191ed6d65c8fef751c50248202cf1488a.js.gz
2024-03-12T06:39:37.2433658Z I, [2024-03-11T23:39:37.242393 #2332]  INFO -- : Writing /home/runner/work/human-essentials/human-essentials/public/assets/DiaperBase-Logo-f18172876cab49a451ca9c3178b578ab2019e03f111a6b6f3ba0c1b40b3d7c0c.png
2024-03-12T06:39:37.2437252Z I, [2024-03-11T23:39:37.242845 #2332]  INFO -- : Writing /home/runner/work/human-essentials/human-essentials/public/assets/Just-Diaper-05bf6a1b70ccad149eb4eca7b5f9fcca1f9c37bab1f8e5edb6798d66c903ba53.svg
2024-03-12T06:39:37.2440207Z I, [2024-03-11T23:39:37.243041 #2332]  INFO -- : Writing /home/runner/work/human-essentials/human-essentials/public/assets/Just-Diaper-05bf6a1b70ccad149eb4eca7b5f9fcca1f9c37bab1f8e5edb6798d66c903ba53.svg.gz
2024-03-12T06:39:37.2444101Z I, [2024-03-11T23:39:37.243355 #2332]  INFO -- : Writing /home/runner/work/human-essentials/human-essentials/public/assets/barcode-932aed25f5c148b36882be3bfb6696ecdd362ba0a709ff0674a10477f2aad8f3.svg
2024-03-12T06:39:37.2447663Z I, [2024-03-11T23:39:37.243704 #2332]  INFO -- : Writing /home/runner/work/human-essentials/human-essentials/public/assets/barcode-932aed25f5c148b36882be3bfb6696ecdd362ba0a709ff0674a10477f2aad8f3.svg.gz
2024-03-12T06:39:37.2451091Z I, [2024-03-11T23:39:37.244174 #2332]  INFO -- : Writing /home/runner/work/human-essentials/human-essentials/public/assets/bars-db7a0aaf1cd735270b170cba53dca71c75473940ab48639c609a72964eb92f4d.svg
2024-03-12T06:39:37.2454379Z I, [2024-03-11T23:39:37.244573 #2332]  INFO -- : Writing /home/runner/work/human-essentials/human-essentials/public/assets/bars-db7a0aaf1cd735270b170cba53dca71c75473940ab48639c609a72964eb92f4d.svg.gz
2024-03-12T06:39:37.2457907Z I, [2024-03-11T23:39:37.245070 #2332]  INFO -- : Writing /home/runner/work/human-essentials/human-essentials/public/assets/blue@2x-709ca6c252f762af1e5efb0ef1e7444a712cb0ec010fee01749b67a595a7c0c6.png
2024-03-12T06:39:37.2461477Z I, [2024-03-11T23:39:37.245229 #2332]  INFO -- : Writing /home/runner/work/human-essentials/human-essentials/public/assets/boxed-bg-6c60c3f8655fa4062631bbe1434face4fe3d70392159e976ec09ca6ad9330e7d.jpg
2024-03-12T06:39:37.2465059Z I, [2024-03-11T23:39:37.245390 #2332]  INFO -- : Writing /home/runner/work/human-essentials/human-essentials/public/assets/boxed-bg-eb7b1fa0c09f5ef599fc5138e33168827f2ec4e1f796cf8a78570d8a73a58190.png
2024-03-12T06:39:37.2467355Z I, [2024-03-11T23:39:37.245724 #2332]  INFO -- : Writing /home/runner/work/human-essentials/human-essentials/public/assets/dashboard-image-3db42e909886dffccb680715feccab83cc867b4581b0009558e746364e2ec332.svg
2024-03-12T06:39:37.2474957Z I, [2024-03-11T23:39:37.247107 #2332]  INFO -- : Writing /home/runner/work/human-essentials/human-essentials/public/assets/dashboard-image-3db42e909886dffccb680715feccab83cc867b4581b0009558e746364e2ec332.svg.gz
2024-03-12T06:39:37.2478350Z I, [2024-03-11T23:39:37.247515 #2332]  INFO -- : Writing /home/runner/work/human-essentials/human-essentials/public/assets/forecasting-32dffccc42e6c09203d36acbc2243b4bc746dc2f1198c1ff43def4bb48e335b2.svg
2024-03-12T06:39:37.2487636Z I, [2024-03-11T23:39:37.248431 #2332]  INFO -- : Writing /home/runner/work/human-essentials/human-essentials/public/assets/forecasting-32dffccc42e6c09203d36acbc2243b4bc746dc2f1198c1ff43def4bb48e335b2.svg.gz
2024-03-12T06:39:37.2491097Z I, [2024-03-11T23:39:37.248709 #2332]  INFO -- : Writing /home/runner/work/human-essentials/human-essentials/public/assets/hero-image-0ba273def6de748beb2a64206e115d8e4a109ad51ef255512f4c6522e5b9225b.svg
2024-03-12T06:39:37.2499949Z I, [2024-03-11T23:39:37.249159 #2332]  INFO -- : Writing /home/runner/work/human-essentials/human-essentials/public/assets/hero-image-0ba273def6de748beb2a64206e115d8e4a109ad51ef255512f4c6522e5b9225b.svg.gz
2024-03-12T06:39:37.2502849Z I, [2024-03-11T23:39:37.249272 #2332]  INFO -- : Writing /home/runner/work/human-essentials/human-essentials/public/assets/inventory-image-3d91fc8087e13632114d9d129a680b992e02aae297b2bf180089cd55792249b2.svg
2024-03-12T06:39:37.2505272Z I, [2024-03-11T23:39:37.249482 #2332]  INFO -- : Writing /home/runner/work/human-essentials/human-essentials/public/assets/inventory-image-3d91fc8087e13632114d9d129a680b992e02aae297b2bf180089cd55792249b2.svg.gz
2024-03-12T06:39:37.2507526Z I, [2024-03-11T23:39:37.249658 #2332]  INFO -- : Writing /home/runner/work/human-essentials/human-essentials/public/assets/partner-management-c2cd4a940d1cf59f66928bc5097b4d4528b6de95abcc66421edf341c59311d40.svg
2024-03-12T06:39:37.2509659Z I, [2024-03-11T23:39:37.249835 #2332]  INFO -- : Writing /home/runner/work/human-essentials/human-essentials/public/assets/partner-management-c2cd4a940d1cf59f66928bc5097b4d4528b6de95abcc66421edf341c59311d40.svg.gz
2024-03-12T06:39:37.2516124Z I, [2024-03-11T23:39:37.251245 #2332]  INFO -- : Writing /home/runner/work/human-essentials/human-essentials/public/assets/quote-e4395f28913ad7b7785c522f0b6f2363a960720cf3bc26705438f6efb55edb7d.svg
2024-03-12T06:39:37.2528517Z I, [2024-03-11T23:39:37.252012 #2332]  INFO -- : Writing /home/runner/work/human-essentials/human-essentials/public/assets/quote-e4395f28913ad7b7785c522f0b6f2363a960720cf3bc26705438f6efb55edb7d.svg.gz
2024-03-12T06:39:37.2532085Z I, [2024-03-11T23:39:37.252237 #2332]  INFO -- : Writing /home/runner/work/human-essentials/human-essentials/public/assets/report-image-a9fc71739eca5457d288f1c234a0d84237ba8eef8bd20a9935bd45d84d03ae6b.svg
2024-03-12T06:39:37.2535312Z I, [2024-03-11T23:39:37.252549 #2332]  INFO -- : Writing /home/runner/work/human-essentials/human-essentials/public/assets/report-image-a9fc71739eca5457d288f1c234a0d84237ba8eef8bd20a9935bd45d84d03ae6b.svg.gz
2024-03-12T06:39:37.2538990Z I, [2024-03-11T23:39:37.252783 #2332]  INFO -- : Writing /home/runner/work/human-essentials/human-essentials/public/assets/test-only-background-c4843e992a593298a8c43815c8950b766061a96fd7d3e92838354914c41d7243.jpg
2024-03-12T06:39:37.2541131Z I, [2024-03-11T23:39:37.253465 #2332]  INFO -- : Writing /home/runner/work/human-essentials/human-essentials/public/assets/AdminLTE-9d75f9bf2ec81bc0a0de450227ed6268dad2cd66401439503c18d3241dfb241d.css
2024-03-12T06:39:37.2543242Z I, [2024-03-11T23:39:37.253737 #2332]  INFO -- : Writing /home/runner/work/human-essentials/human-essentials/public/assets/AdminLTE-9d75f9bf2ec81bc0a0de450227ed6268dad2cd66401439503c18d3241dfb241d.css.gz
2024-03-12T06:39:37.2565185Z I, [2024-03-11T23:39:37.254557 #2332]  INFO -- : Writing /home/runner/work/human-essentials/human-essentials/public/assets/_colors-04024382391bb910584145d8113cf35ef376b55d125bb4516cebeb14ce788597.css
2024-03-12T06:39:37.2568925Z I, [2024-03-11T23:39:37.254694 #2332]  INFO -- : Writing /home/runner/work/human-essentials/human-essentials/public/assets/_colors-04024382391bb910584145d8113cf35ef376b55d125bb4516cebeb14ce788597.css.gz
2024-03-12T06:39:37.2572556Z I, [2024-03-11T23:39:37.254794 #2332]  INFO -- : Writing /home/runner/work/human-essentials/human-essentials/public/assets/application-c21613708cb0f40361dc08d066cb68c559e4b3982f802956f4439959cad9af23.css
2024-03-12T06:39:37.2576420Z I, [2024-03-11T23:39:37.254864 #2332]  INFO -- : Writing /home/runner/work/human-essentials/human-essentials/public/assets/application-c21613708cb0f40361dc08d066cb68c559e4b3982f802956f4439959cad9af23.css.gz
2024-03-12T06:39:37.2580192Z I, [2024-03-11T23:39:37.254953 #2332]  INFO -- : Writing /home/runner/work/human-essentials/human-essentials/public/assets/test-only-background-c4843e992a593298a8c43815c8950b766061a96fd7d3e92838354914c41d7243.jpg
2024-03-12T06:39:37.2583872Z I, [2024-03-11T23:39:37.255093 #2332]  INFO -- : Writing /home/runner/work/human-essentials/human-essentials/public/assets/audits-83372b845d8a4887e7e4d2315cf3c85ea60ef94ca0ec4774dfbcd3cf569c616c.css
2024-03-12T06:39:37.2587526Z I, [2024-03-11T23:39:37.255167 #2332]  INFO -- : Writing /home/runner/work/human-essentials/human-essentials/public/assets/audits-83372b845d8a4887e7e4d2315cf3c85ea60ef94ca0ec4774dfbcd3cf569c616c.css.gz
2024-03-12T06:39:37.2591174Z I, [2024-03-11T23:39:37.255261 #2332]  INFO -- : Writing /home/runner/work/human-essentials/human-essentials/public/assets/barcode_reader-3799c29218802c1dbba4c700f3863ec24505a9e3e7b54d36282fff667d7c94ca.css
2024-03-12T06:39:37.2594879Z I, [2024-03-11T23:39:37.255330 #2332]  INFO -- : Writing /home/runner/work/human-essentials/human-essentials/public/assets/barcode_reader-3799c29218802c1dbba4c700f3863ec24505a9e3e7b54d36282fff667d7c94ca.css.gz
2024-03-12T06:39:37.2598381Z I, [2024-03-11T23:39:37.255419 #2332]  INFO -- : Writing /home/runner/work/human-essentials/human-essentials/public/assets/custom-4ac26623bf6f4d95aa1164e1ad4d6cbb2bb8dda4af8e4a2f1b4368bc92491085.css
2024-03-12T06:39:37.2601958Z I, [2024-03-11T23:39:37.255487 #2332]  INFO -- : Writing /home/runner/work/human-essentials/human-essentials/public/assets/custom-4ac26623bf6f4d95aa1164e1ad4d6cbb2bb8dda4af8e4a2f1b4368bc92491085.css.gz
2024-03-12T06:39:37.2605297Z I, [2024-03-11T23:39:37.255573 #2332]  INFO -- : Writing /home/runner/work/human-essentials/human-essentials/public/assets/test-only-background-c4843e992a593298a8c43815c8950b766061a96fd7d3e92838354914c41d7243.jpg
2024-03-12T06:39:37.2608764Z I, [2024-03-11T23:39:37.255797 #2332]  INFO -- : Writing /home/runner/work/human-essentials/human-essentials/public/assets/expandable_table-cca1600cf25c44c6bea2733167509ffe9133f344e9defe984ad96bd427b29a19.css
2024-03-12T06:39:37.2612081Z I, [2024-03-11T23:39:37.255867 #2332]  INFO -- : Writing /home/runner/work/human-essentials/human-essentials/public/assets/expandable_table-cca1600cf25c44c6bea2733167509ffe9133f344e9defe984ad96bd427b29a19.css.gz
2024-03-12T06:39:37.2615414Z I, [2024-03-11T23:39:37.255957 #2332]  INFO -- : Writing /home/runner/work/human-essentials/human-essentials/public/assets/landing_page-4fe5dfcfea8b5bbd7722658652ff4ee86132a41b8aff92e9ef8b1216cb7259fa.css
2024-03-12T06:39:37.2618636Z I, [2024-03-11T23:39:37.256028 #2332]  INFO -- : Writing /home/runner/work/human-essentials/human-essentials/public/assets/landing_page-4fe5dfcfea8b5bbd7722658652ff4ee86132a41b8aff92e9ef8b1216cb7259fa.css.gz
2024-03-12T06:39:37.2621883Z I, [2024-03-11T23:39:37.256172 #2332]  INFO -- : Writing /home/runner/work/human-essentials/human-essentials/public/assets/modal-dialog-9d7ae8bb43b60ac4c7d9910700392b20618ae2db4d5db33453b157171d5e0f7d.css
2024-03-12T06:39:37.2625212Z I, [2024-03-11T23:39:37.256244 #2332]  INFO -- : Writing /home/runner/work/human-essentials/human-essentials/public/assets/modal-dialog-9d7ae8bb43b60ac4c7d9910700392b20618ae2db4d5db33453b157171d5e0f7d.css.gz
2024-03-12T06:39:37.2628514Z I, [2024-03-11T23:39:37.256502 #2332]  INFO -- : Writing /home/runner/work/human-essentials/human-essentials/public/assets/progress_stepper-7f8ef0dc05a9a00a300e56f6f3e4ccfdde4af8e392407ccc6601d60019067ccb.css
2024-03-12T06:39:37.2632103Z I, [2024-03-11T23:39:37.256693 #2332]  INFO -- : Writing /home/runner/work/human-essentials/human-essentials/public/assets/progress_stepper-7f8ef0dc05a9a00a300e56f6f3e4ccfdde4af8e392407ccc6601d60019067ccb.css.gz
2024-03-12T06:39:37.2636008Z I, [2024-03-11T23:39:37.256925 #2332]  INFO -- : Writing /home/runner/work/human-essentials/human-essentials/public/assets/transfers-c9ab43ff53dab5dc13681712afc9b6fb31d7865d5ac8c657220deff9f138fa8c.css
2024-03-12T06:39:37.2639675Z I, [2024-03-11T23:39:37.257110 #2332]  INFO -- : Writing /home/runner/work/human-essentials/human-essentials/public/assets/transfers-c9ab43ff53dab5dc13681712afc9b6fb31d7865d5ac8c657220deff9f138fa8c.css.gz
2024-03-12T06:39:37.2643530Z I, [2024-03-11T23:39:37.257319 #2332]  INFO -- : Writing /home/runner/work/human-essentials/human-essentials/public/assets/adminlte-886a0b559685ec92cd8dd4dbf957899292f9c0bd344c90c304d28973363a8eaf.js
2024-03-12T06:39:37.2647534Z I, [2024-03-11T23:39:37.257506 #2332]  INFO -- : Writing /home/runner/work/human-essentials/human-essentials/public/assets/adminlte-886a0b559685ec92cd8dd4dbf957899292f9c0bd344c90c304d28973363a8eaf.js.gz
2024-03-12T06:39:37.2651123Z I, [2024-03-11T23:39:37.257719 #2332]  INFO -- : Writing /home/runner/work/human-essentials/human-essentials/public/assets/application-f9d5a0970e6dc2d1d44ca8dfd6129e9fed2dccf1b460a6bba6eab9dd7aa61c92.js
2024-03-12T06:39:37.2655098Z I, [2024-03-11T23:39:37.257903 #2332]  INFO -- : Writing /home/runner/work/human-essentials/human-essentials/public/assets/application-f9d5a0970e6dc2d1d44ca8dfd6129e9fed2dccf1b460a6bba6eab9dd7aa61c92.js.gz
2024-03-12T06:39:37.2659034Z I, [2024-03-11T23:39:37.258115 #2332]  INFO -- : Writing /home/runner/work/human-essentials/human-essentials/public/assets/cocoon-js-vanilla-cc8e46e9b16a6217f3c14c60ca346454c9c01d8d41e5c073ae14f85fac052e96.js
2024-03-12T06:39:37.2662831Z I, [2024-03-11T23:39:37.258297 #2332]  INFO -- : Writing /home/runner/work/human-essentials/human-essentials/public/assets/cocoon-js-vanilla-cc8e46e9b16a6217f3c14c60ca346454c9c01d8d41e5c073ae14f85fac052e96.js.gz
2024-03-12T06:39:37.2666820Z I, [2024-03-11T23:39:37.258507 #2332]  INFO -- : Writing /home/runner/work/human-essentials/human-essentials/public/assets/controllers/application-368d98631bccbf2349e0d4f8269afb3fe9625118341966de054759d96ea86c7e.js
2024-03-12T06:39:37.2685800Z I, [2024-03-11T23:39:37.267379 #2332]  INFO -- : Writing /home/runner/work/human-essentials/human-essentials/public/assets/controllers/application-368d98631bccbf2349e0d4f8269afb3fe9625118341966de054759d96ea86c7e.js.gz
2024-03-12T06:39:37.2690526Z I, [2024-03-11T23:39:37.267554 #2332]  INFO -- : Writing /home/runner/work/human-essentials/human-essentials/public/assets/controllers/area_served_controller-c8c048ef9ee2d145ba8408cda63546aff8ce9170e9cafb34075ebb01b43c6c34.js
2024-03-12T06:39:37.2695276Z I, [2024-03-11T23:39:37.267622 #2332]  INFO -- : Writing /home/runner/work/human-essentials/human-essentials/public/assets/controllers/area_served_controller-c8c048ef9ee2d145ba8408cda63546aff8ce9170e9cafb34075ebb01b43c6c34.js.gz
2024-03-12T06:39:37.2700111Z I, [2024-03-11T23:39:37.267715 #2332]  INFO -- : Writing /home/runner/work/human-essentials/human-essentials/public/assets/controllers/checkbox_with_nested_element_controller-1645dd2a3a857d546354c90b0c415a9d1dd4de6974048fd41bfc1d6f45ccb3eb.js
2024-03-12T06:39:37.2705346Z I, [2024-03-11T23:39:37.267777 #2332]  INFO -- : Writing /home/runner/work/human-essentials/human-essentials/public/assets/controllers/checkbox_with_nested_element_controller-1645dd2a3a857d546354c90b0c415a9d1dd4de6974048fd41bfc1d6f45ccb3eb.js.gz
2024-03-12T06:39:37.2710205Z I, [2024-03-11T23:39:37.267866 #2332]  INFO -- : Writing /home/runner/work/human-essentials/human-essentials/public/assets/controllers/distribution_delivery_controller-89fc613f734c2b1538c1e9948abeb353ea73d22678fc08597d48fa36a70c5c51.js
2024-03-12T06:39:37.2715294Z I, [2024-03-11T23:39:37.267928 #2332]  INFO -- : Writing /home/runner/work/human-essentials/human-essentials/public/assets/controllers/distribution_delivery_controller-89fc613f734c2b1538c1e9948abeb353ea73d22678fc08597d48fa36a70c5c51.js.gz
2024-03-12T06:39:37.2719986Z I, [2024-03-11T23:39:37.268011 #2332]  INFO -- : Writing /home/runner/work/human-essentials/human-essentials/public/assets/controllers/double_select_controller-bb2e4a65f2c66cacc8ec4dd491c2233b0aac53187ebe1fbaaffedfbaf7db9099.js
2024-03-12T06:39:37.2725104Z I, [2024-03-11T23:39:37.268072 #2332]  INFO -- : Writing /home/runner/work/human-essentials/human-essentials/public/assets/controllers/double_select_controller-bb2e4a65f2c66cacc8ec4dd491c2233b0aac53187ebe1fbaaffedfbaf7db9099.js.gz
2024-03-12T06:39:37.2729660Z I, [2024-03-11T23:39:37.268194 #2332]  INFO -- : Writing /home/runner/work/human-essentials/human-essentials/public/assets/controllers/form_input_controller-819e60f823e07d8e341eac22e8a9270dc17b38010bec499e644e7e2807174b4f.js
2024-03-12T06:39:37.2734151Z I, [2024-03-11T23:39:37.268268 #2332]  INFO -- : Writing /home/runner/work/human-essentials/human-essentials/public/assets/controllers/form_input_controller-819e60f823e07d8e341eac22e8a9270dc17b38010bec499e644e7e2807174b4f.js.gz
2024-03-12T06:39:37.2739155Z I, [2024-03-11T23:39:37.268363 #2332]  INFO -- : Writing /home/runner/work/human-essentials/human-essentials/public/assets/controllers/highchart_controller-7640167d6e3481659a5ead23f046e3c6852c08e30ce8aa6f09aa5cce0f7ea02d.js
2024-03-12T06:39:37.2744028Z I, [2024-03-11T23:39:37.268443 #2332]  INFO -- : Writing /home/runner/work/human-essentials/human-essentials/public/assets/controllers/highchart_controller-7640167d6e3481659a5ead23f046e3c6852c08e30ce8aa6f09aa5cce0f7ea02d.js.gz
2024-03-12T06:39:37.2748672Z I, [2024-03-11T23:39:37.268543 #2332]  INFO -- : Writing /home/runner/work/human-essentials/human-essentials/public/assets/controllers/index-2db729dddcc5b979110e98de4b6720f83f91a123172e87281d5a58410fc43806.js
2024-03-12T06:39:37.2754756Z I, [2024-03-11T23:39:37.268620 #2332]  INFO -- : Writing /home/runner/work/human-essentials/human-essentials/public/assets/controllers/index-2db729dddcc5b979110e98de4b6720f83f91a123172e87281d5a58410fc43806.js.gz
2024-03-12T06:39:37.2758513Z I, [2024-03-11T23:39:37.268718 #2332]  INFO -- : Writing /home/runner/work/human-essentials/human-essentials/public/assets/controllers/select2_controller-13c15fa4f8996b06b43552325b12e3a14e158db06264b83cfff2e521a16fceeb.js
2024-03-12T06:39:37.2762774Z I, [2024-03-11T23:39:37.268796 #2332]  INFO -- : Writing /home/runner/work/human-essentials/human-essentials/public/assets/controllers/select2_controller-13c15fa4f8996b06b43552325b12e3a14e158db06264b83cfff2e521a16fceeb.js.gz
2024-03-12T06:39:37.2766763Z I, [2024-03-11T23:39:37.268896 #2332]  INFO -- : Writing /home/runner/work/human-essentials/human-essentials/public/assets/controllers/served_area_controller-37738489813fc06349f3fb1bc7abc5d5493318ce553f1bebbfa1f8fe06ebfb4a.js
2024-03-12T06:39:37.2770737Z I, [2024-03-11T23:39:37.269069 #2332]  INFO -- : Writing /home/runner/work/human-essentials/human-essentials/public/assets/controllers/served_area_controller-37738489813fc06349f3fb1bc7abc5d5493318ce553f1bebbfa1f8fe06ebfb4a.js.gz
2024-03-12T06:39:37.2774753Z I, [2024-03-11T23:39:37.269177 #2332]  INFO -- : Writing /home/runner/work/human-essentials/human-essentials/public/assets/controllers/turbo_controller-7ee3a9437b4fb003ac4ea4ca0f3425fd197ce4538a1eeb606e5e5447aa948b54.js
2024-03-12T06:39:37.2778646Z I, [2024-03-11T23:39:37.269255 #2332]  INFO -- : Writing /home/runner/work/human-essentials/human-essentials/public/assets/controllers/turbo_controller-7ee3a9437b4fb003ac4ea4ca0f3425fd197ce4538a1eeb606e5e5447aa948b54.js.gz
2024-03-12T06:39:37.2782412Z I, [2024-03-11T23:39:37.269356 #2332]  INFO -- : Writing /home/runner/work/human-essentials/human-essentials/public/assets/startup-bf111fcbf368bc988dfcb050d057ec73e21f190d7921e15689dd5ebf674e6d00.js
2024-03-12T06:39:37.2785958Z I, [2024-03-11T23:39:37.269443 #2332]  INFO -- : Writing /home/runner/work/human-essentials/human-essentials/public/assets/startup-bf111fcbf368bc988dfcb050d057ec73e21f190d7921e15689dd5ebf674e6d00.js.gz
2024-03-12T06:39:37.2789471Z I, [2024-03-11T23:39:37.269548 #2332]  INFO -- : Writing /home/runner/work/human-essentials/human-essentials/public/assets/utils/barcode_items-ee1050c4d1ade4569ef6cfc83d5f4792f67daabaca0ae24f75455737fea0a72b.js
2024-03-12T06:39:37.2793283Z I, [2024-03-11T23:39:37.269628 #2332]  INFO -- : Writing /home/runner/work/human-essentials/human-essentials/public/assets/utils/barcode_items-ee1050c4d1ade4569ef6cfc83d5f4792f67daabaca0ae24f75455737fea0a72b.js.gz
2024-03-12T06:39:37.2796891Z I, [2024-03-11T23:39:37.269727 #2332]  INFO -- : Writing /home/runner/work/human-essentials/human-essentials/public/assets/utils/barcode_scan-757b66b6921154f49e7cc4c5dc2f146f91f1648beffaa8ef106d94585a273ba9.js
2024-03-12T06:39:37.2800569Z I, [2024-03-11T23:39:37.269806 #2332]  INFO -- : Writing /home/runner/work/human-essentials/human-essentials/public/assets/utils/barcode_scan-757b66b6921154f49e7cc4c5dc2f146f91f1648beffaa8ef106d94585a273ba9.js.gz
2024-03-12T06:39:37.2804611Z I, [2024-03-11T23:39:37.269909 #2332]  INFO -- : Writing /home/runner/work/human-essentials/human-essentials/public/assets/utils/deadline_day_pickers-b0b264db9e3c8107c161cc4571e71cf901bcc511175271d218a553c4e1889065.js
2024-03-12T06:39:37.2808402Z I, [2024-03-11T23:39:37.269998 #2332]  INFO -- : Writing /home/runner/work/human-essentials/human-essentials/public/assets/utils/deadline_day_pickers-b0b264db9e3c8107c161cc4571e71cf901bcc511175271d218a553c4e1889065.js.gz
2024-03-12T06:39:37.2812591Z I, [2024-03-11T23:39:37.270103 #2332]  INFO -- : Writing /home/runner/work/human-essentials/human-essentials/public/assets/utils/distributions_and_transfers-2785b49ef8e3c4d789b784c88bb5a028082aa63d1413d4b098ec655d2ef1d0c8.js
2024-03-12T06:39:37.2816883Z I, [2024-03-11T23:39:37.270184 #2332]  INFO -- : Writing /home/runner/work/human-essentials/human-essentials/public/assets/utils/distributions_and_transfers-2785b49ef8e3c4d789b784c88bb5a028082aa63d1413d4b098ec655d2ef1d0c8.js.gz
2024-03-12T06:39:37.2820660Z I, [2024-03-11T23:39:37.270284 #2332]  INFO -- : Writing /home/runner/work/human-essentials/human-essentials/public/assets/utils/donations-52bb2dc0f7ab270edc77a56de1cceb789028a2ec75670a95abf143e388c223e7.js
2024-03-12T06:39:37.2824423Z I, [2024-03-11T23:39:37.270367 #2332]  INFO -- : Writing /home/runner/work/human-essentials/human-essentials/public/assets/utils/donations-52bb2dc0f7ab270edc77a56de1cceb789028a2ec75670a95abf143e388c223e7.js.gz
2024-03-12T06:39:37.2828089Z I, [2024-03-11T23:39:37.270464 #2332]  INFO -- : Writing /home/runner/work/human-essentials/human-essentials/public/assets/utils/purchases-5c814ba098feaa8a7b4abff24267c1da909f3e52e12c97660f8a0b8c1ff4aea1.js
2024-03-12T06:39:37.2831776Z I, [2024-03-11T23:39:37.270541 #2332]  INFO -- : Writing /home/runner/work/human-essentials/human-essentials/public/assets/utils/purchases-5c814ba098feaa8a7b4abff24267c1da909f3e52e12c97660f8a0b8c1ff4aea1.js.gz
2024-03-12T06:39:37.2835411Z I, [2024-03-11T23:39:37.270644 #2332]  INFO -- : Writing /home/runner/work/human-essentials/human-essentials/public/assets/filterrific-f3a290db250e05344fd62c216b903689f73eff5e270ef021e425551006092e08.js
2024-03-12T06:39:37.2838811Z I, [2024-03-11T23:39:37.270727 #2332]  INFO -- : Writing /home/runner/work/human-essentials/human-essentials/public/assets/filterrific-f3a290db250e05344fd62c216b903689f73eff5e270ef021e425551006092e08.js.gz
2024-03-12T06:39:37.2842336Z I, [2024-03-11T23:39:37.270834 #2332]  INFO -- : Writing /home/runner/work/human-essentials/human-essentials/public/assets/stimulusloading-1fc59770fb1654500044afd3f5f6d7d00800e5be36746d55b94a2963a7a228aa.js
2024-03-12T06:39:37.2845915Z I, [2024-03-11T23:39:37.270920 #2332]  INFO -- : Writing /home/runner/work/human-essentials/human-essentials/public/assets/stimulusloading-1fc59770fb1654500044afd3f5f6d7d00800e5be36746d55b94a2963a7a228aa.js.gz
2024-03-12T06:39:37.2849170Z I, [2024-03-11T23:39:37.271028 #2332]  INFO -- : Writing /home/runner/work/human-essentials/human-essentials/public/assets/turbo-4851a9a0b1d947e810dfd0448a72aef261d455183ebea681f4f28a73640a9ece.js
2024-03-12T06:39:37.2852626Z I, [2024-03-11T23:39:37.271112 #2332]  INFO -- : Writing /home/runner/work/human-essentials/human-essentials/public/assets/turbo-4851a9a0b1d947e810dfd0448a72aef261d455183ebea681f4f28a73640a9ece.js.gz
2024-03-12T06:39:37.2856218Z I, [2024-03-11T23:39:37.271215 #2332]  INFO -- : Writing /home/runner/work/human-essentials/human-essentials/public/assets/turbo.min-f309baafa3ae5ad6ccee3e7362118b87678d792db8e8ab466c4fa284dd3a4700.js
2024-03-12T06:39:37.2859930Z I, [2024-03-11T23:39:37.271303 #2332]  INFO -- : Writing /home/runner/work/human-essentials/human-essentials/public/assets/turbo.min-f309baafa3ae5ad6ccee3e7362118b87678d792db8e8ab466c4fa284dd3a4700.js.gz
2024-03-12T06:39:37.2863780Z I, [2024-03-11T23:39:37.271412 #2332]  INFO -- : Writing /home/runner/work/human-essentials/human-essentials/public/assets/turbo.min.js-8bc8f4a58d1c106d58dec8bef6c638ff12ff4d078f19d8ebd8c4277f4c9bc85a.map
2024-03-12T06:39:37.2867470Z I, [2024-03-11T23:39:37.271498 #2332]  INFO -- : Writing /home/runner/work/human-essentials/human-essentials/public/assets/turbo.min.js-8bc8f4a58d1c106d58dec8bef6c638ff12ff4d078f19d8ebd8c4277f4c9bc85a.map.gz
2024-03-12T06:39:37.2871168Z I, [2024-03-11T23:39:37.271605 #2332]  INFO -- : Writing /home/runner/work/human-essentials/human-essentials/public/assets/stimulus-loading-3576ce92b149ad5d6959438c6f291e2426c86df3b874c525b30faad51b0d96b3.js
2024-03-12T06:39:37.2875282Z I, [2024-03-11T23:39:37.271691 #2332]  INFO -- : Writing /home/runner/work/human-essentials/human-essentials/public/assets/stimulus-loading-3576ce92b149ad5d6959438c6f291e2426c86df3b874c525b30faad51b0d96b3.js.gz
2024-03-12T06:39:37.2879495Z I, [2024-03-11T23:39:37.271873 #2332]  INFO -- : Writing /home/runner/work/human-essentials/human-essentials/public/assets/popper-003a40d80fd205e1fa00da117d5bdc19720ba330706eaa17f9ba9513fa502304.js
2024-03-12T06:39:37.2884022Z I, [2024-03-11T23:39:37.271956 #2332]  INFO -- : Writing /home/runner/work/human-essentials/human-essentials/public/assets/popper-003a40d80fd205e1fa00da117d5bdc19720ba330706eaa17f9ba9513fa502304.js.gz
2024-03-12T06:39:37.2887821Z I, [2024-03-11T23:39:37.272061 #2332]  INFO -- : Writing /home/runner/work/human-essentials/human-essentials/public/assets/actiontext-28c61f5197c204db043317a8f8826a87ab31495b741f854d307ca36122deefce.js
2024-03-12T06:39:37.2891394Z I, [2024-03-11T23:39:37.272166 #2332]  INFO -- : Writing /home/runner/work/human-essentials/human-essentials/public/assets/actiontext-28c61f5197c204db043317a8f8826a87ab31495b741f854d307ca36122deefce.js.gz
2024-03-12T06:39:37.2894997Z I, [2024-03-11T23:39:37.272275 #2332]  INFO -- : Writing /home/runner/work/human-essentials/human-essentials/public/assets/trix-1563ff9c10f74e143b3ded40a8458497eaf2f87a648a5cbbfebdb7dec3447a5e.js
2024-03-12T06:39:37.2898446Z I, [2024-03-11T23:39:37.272361 #2332]  INFO -- : Writing /home/runner/work/human-essentials/human-essentials/public/assets/trix-1563ff9c10f74e143b3ded40a8458497eaf2f87a648a5cbbfebdb7dec3447a5e.js.gz
2024-03-12T06:39:37.2901592Z I, [2024-03-11T23:39:37.272465 #2332]  INFO -- : Writing /home/runner/work/human-essentials/human-essentials/public/assets/trix-b0398dade8e5ac249fe98f2e850f45adbcdfecd8a11c46b3eb67bdedb87b1b04.css
2024-03-12T06:39:37.2904902Z I, [2024-03-11T23:39:37.272550 #2332]  INFO -- : Writing /home/runner/work/human-essentials/human-essentials/public/assets/trix-b0398dade8e5ac249fe98f2e850f45adbcdfecd8a11c46b3eb67bdedb87b1b04.css.gz
2024-03-12T06:39:37.2908068Z I, [2024-03-11T23:39:37.272652 #2332]  INFO -- : Writing /home/runner/work/human-essentials/human-essentials/public/assets/stimulus-f75215805563870a61ee9dc5a207ce46d4675c7e667558a54344fd1e7baa697f.js
2024-03-12T06:39:37.2911220Z I, [2024-03-11T23:39:37.272736 #2332]  INFO -- : Writing /home/runner/work/human-essentials/human-essentials/public/assets/stimulus-f75215805563870a61ee9dc5a207ce46d4675c7e667558a54344fd1e7baa697f.js.gz
2024-03-12T06:39:37.2914603Z I, [2024-03-11T23:39:37.272847 #2332]  INFO -- : Writing /home/runner/work/human-essentials/human-essentials/public/assets/stimulus-autoloader-c584942b568ba74879da31c7c3d51366737bacaf6fbae659383c0a5653685693.js
2024-03-12T06:39:37.2918039Z I, [2024-03-11T23:39:37.272932 #2332]  INFO -- : Writing /home/runner/work/human-essentials/human-essentials/public/assets/stimulus-autoloader-c584942b568ba74879da31c7c3d51366737bacaf6fbae659383c0a5653685693.js.gz
2024-03-12T06:39:37.2921893Z I, [2024-03-11T23:39:37.273039 #2332]  INFO -- : Writing /home/runner/work/human-essentials/human-essentials/public/assets/stimulus-importmap-autoloader-db2076c783bf2dbee1226e2add52fef290b5d31b5bcd1edd999ac8a6dd31c44a.js
2024-03-12T06:39:37.2925772Z I, [2024-03-11T23:39:37.273124 #2332]  INFO -- : Writing /home/runner/work/human-essentials/human-essentials/public/assets/stimulus-importmap-autoloader-db2076c783bf2dbee1226e2add52fef290b5d31b5bcd1edd999ac8a6dd31c44a.js.gz
2024-03-12T06:39:37.2929580Z I, [2024-03-11T23:39:37.273223 #2332]  INFO -- : Writing /home/runner/work/human-essentials/human-essentials/public/assets/stimulus-loading-3576ce92b149ad5d6959438c6f291e2426c86df3b874c525b30faad51b0d96b3.js
2024-03-12T06:39:37.2932966Z I, [2024-03-11T23:39:37.273301 #2332]  INFO -- : Writing /home/runner/work/human-essentials/human-essentials/public/assets/stimulus-loading-3576ce92b149ad5d6959438c6f291e2426c86df3b874c525b30faad51b0d96b3.js.gz
2024-03-12T06:39:37.2936653Z I, [2024-03-11T23:39:37.273406 #2332]  INFO -- : Writing /home/runner/work/human-essentials/human-essentials/public/assets/stimulus.min-dd364f16ec9504dfb72672295637a1c8838773b01c0b441bd41008124c407894.js
2024-03-12T06:39:37.2939833Z I, [2024-03-11T23:39:37.273488 #2332]  INFO -- : Writing /home/runner/work/human-essentials/human-essentials/public/assets/stimulus.min-dd364f16ec9504dfb72672295637a1c8838773b01c0b441bd41008124c407894.js.gz
2024-03-12T06:39:37.2943491Z I, [2024-03-11T23:39:37.273630 #2332]  INFO -- : Writing /home/runner/work/human-essentials/human-essentials/public/assets/stimulus-autoloader-c584942b568ba74879da31c7c3d51366737bacaf6fbae659383c0a5653685693.js
2024-03-12T06:39:37.2947051Z I, [2024-03-11T23:39:37.273707 #2332]  INFO -- : Writing /home/runner/work/human-essentials/human-essentials/public/assets/stimulus-autoloader-c584942b568ba74879da31c7c3d51366737bacaf6fbae659383c0a5653685693.js.gz
2024-03-12T06:39:37.2950732Z I, [2024-03-11T23:39:37.273806 #2332]  INFO -- : Writing /home/runner/work/human-essentials/human-essentials/public/assets/stimulus-importmap-autoloader-db2076c783bf2dbee1226e2add52fef290b5d31b5bcd1edd999ac8a6dd31c44a.js
2024-03-12T06:39:37.2954629Z I, [2024-03-11T23:39:37.273885 #2332]  INFO -- : Writing /home/runner/work/human-essentials/human-essentials/public/assets/stimulus-importmap-autoloader-db2076c783bf2dbee1226e2add52fef290b5d31b5bcd1edd999ac8a6dd31c44a.js.gz
2024-03-12T06:39:37.2958188Z I, [2024-03-11T23:39:37.273981 #2332]  INFO -- : Writing /home/runner/work/human-essentials/human-essentials/public/assets/stimulus-loading-3576ce92b149ad5d6959438c6f291e2426c86df3b874c525b30faad51b0d96b3.js
2024-03-12T06:39:37.2961859Z I, [2024-03-11T23:39:37.274057 #2332]  INFO -- : Writing /home/runner/work/human-essentials/human-essentials/public/assets/stimulus-loading-3576ce92b149ad5d6959438c6f291e2426c86df3b874c525b30faad51b0d96b3.js.gz
2024-03-12T06:39:37.2965391Z I, [2024-03-11T23:39:37.274166 #2332]  INFO -- : Writing /home/runner/work/human-essentials/human-essentials/public/assets/stimulus.min.js-2cc63625fa177963b45da974806e7aee846cbf1d4930815733d0fdf3fb232325.map
2024-03-12T06:39:37.2968703Z I, [2024-03-11T23:39:37.274252 #2332]  INFO -- : Writing /home/runner/work/human-essentials/human-essentials/public/assets/stimulus.min.js-2cc63625fa177963b45da974806e7aee846cbf1d4930815733d0fdf3fb232325.map.gz
2024-03-12T06:39:37.2972161Z I, [2024-03-11T23:39:37.274353 #2332]  INFO -- : Writing /home/runner/work/human-essentials/human-essentials/public/assets/activestorage-3ab61e47dd4ee2d79db525ade1dca2ede0ea2b7371fe587e408ee37b7ade265d.js
2024-03-12T06:39:37.2975658Z I, [2024-03-11T23:39:37.274437 #2332]  INFO -- : Writing /home/runner/work/human-essentials/human-essentials/public/assets/activestorage-3ab61e47dd4ee2d79db525ade1dca2ede0ea2b7371fe587e408ee37b7ade265d.js.gz
2024-03-12T06:39:37.2978975Z I, [2024-03-11T23:39:37.274540 #2332]  INFO -- : Writing /home/runner/work/human-essentials/human-essentials/public/assets/activestorage.esm-01f58a45d77495cdfbdfcc872902a430426c4391634ec9c3da5f69fbf8418492.js
2024-03-12T06:39:37.2982487Z I, [2024-03-11T23:39:37.274623 #2332]  INFO -- : Writing /home/runner/work/human-essentials/human-essentials/public/assets/activestorage.esm-01f58a45d77495cdfbdfcc872902a430426c4391634ec9c3da5f69fbf8418492.js.gz
2024-03-12T06:39:37.2986160Z I, [2024-03-11T23:39:37.274725 #2332]  INFO -- : Writing /home/runner/work/human-essentials/human-essentials/public/assets/actioncable-5433453f9b6619a9de91aaab2d7fc7ff183e5260c0107cbc9a1aa0c838d9a74e.js
2024-03-12T06:39:37.2989322Z I, [2024-03-11T23:39:37.274805 #2332]  INFO -- : Writing /home/runner/work/human-essentials/human-essentials/public/assets/actioncable-5433453f9b6619a9de91aaab2d7fc7ff183e5260c0107cbc9a1aa0c838d9a74e.js.gz
2024-03-12T06:39:37.2992679Z I, [2024-03-11T23:39:37.274907 #2332]  INFO -- : Writing /home/runner/work/human-essentials/human-essentials/public/assets/actioncable.esm-e01089c3ec4fe7817fa9abcad06cab6bdc387f95f0ca6aab4bf7ba7537f70690.js
2024-03-12T06:39:37.2996125Z I, [2024-03-11T23:39:37.274991 #2332]  INFO -- : Writing /home/runner/work/human-essentials/human-essentials/public/assets/actioncable.esm-e01089c3ec4fe7817fa9abcad06cab6bdc387f95f0ca6aab4bf7ba7537f70690.js.gz
2024-03-12T06:39:37.7985267Z Coverage report generated for RSpec to /home/runner/work/human-essentials/human-essentials/coverage. 440 / 10017 LOC (4.39%) covered.
2024-03-12T06:39:37.8718325Z ##[group]Run RUBYOPT='-W:no-deprecated -W:no-experimental' bin/knapsack_pro_rspec
2024-03-12T06:39:37.8719202Z [36;1mRUBYOPT='-W:no-deprecated -W:no-experimental' bin/knapsack_pro_rspec[0m
2024-03-12T06:39:37.8769901Z shell: /usr/bin/bash -e {0}
2024-03-12T06:39:37.8770319Z env:
2024-03-12T06:39:37.8770732Z   POSTGRES_HOST: localhost
2024-03-12T06:39:37.8771141Z   DATABASE_HOST: localhost
2024-03-12T06:39:37.8771518Z   PG_USERNAME: postgres
2024-03-12T06:39:37.8771930Z   PG_PASSWORD: password
2024-03-12T06:39:37.8772331Z   POSTGRES_HOST_AUTH_METHOD: trust
2024-03-12T06:39:37.8772736Z   POSTGRES_PORT: 5432
2024-03-12T06:39:37.8773177Z   PGHOST: localhost
2024-03-12T06:39:37.8773496Z   PGUSER: postgres
2024-03-12T06:39:37.8773833Z   RAILS_ENV: test
2024-03-12T06:39:37.8774276Z   KNAPSACK_PRO_TEST_SUITE_TOKEN_RSPEC: 
2024-03-12T06:39:37.8774709Z   KNAPSACK_PRO_CI_NODE_TOTAL: 6
2024-03-12T06:39:37.8775100Z   KNAPSACK_PRO_CI_NODE_INDEX: 1
2024-03-12T06:39:37.8775691Z   KNAPSACK_PRO_RSPEC_SPLIT_BY_TEST_EXAMPLES: true
2024-03-12T06:39:37.8776161Z   KNAPSACK_PRO_LOG_LEVEL: info
2024-03-12T06:39:37.8776860Z   KNAPSACK_PRO_TEST_FILE_PATTERN: {spec/system/**{,/*/**}/*_spec.rb,spec/requests/**{,/*/**}/*_spec.rb}
2024-03-12T06:39:37.8777496Z ##[endgroup]
2024-03-12T06:39:43.9866347Z W, [2024-03-12T06:39:43.986249 #2417]  WARN -- : [knapsack_pro] GET https://api-disabled-for-fork.knapsackpro.com/v1/build_distributions/last
2024-03-12T06:39:43.9868469Z W, [2024-03-12T06:39:43.986319 #2417]  WARN -- : [knapsack_pro] Request failed due to:
2024-03-12T06:39:43.9870853Z W, [2024-03-12T06:39:43.986338 #2417]  WARN -- : [knapsack_pro] #<SocketError: Failed to open TCP connection to api-disabled-for-fork.knapsackpro.com:443 (getaddrinfo: Name or service not known)>
2024-03-12T06:39:43.9874611Z W, [2024-03-12T06:39:43.986365 #2417]  WARN -- : [knapsack_pro] Slow test files fallback behaviour started. We could not connect with Knapsack Pro API to fetch last CI build test files that are needed to determine slow test files. No test files will be split by test cases. It means all test files will be split by the whole test files as if split by test cases would be disabled https://knapsackpro.com/perma/ruby/split-by-test-examples
2024-03-12T06:39:46.2197216Z W, [2024-03-12T06:39:46.219341 #2417]  WARN -- : [knapsack_pro] POST https://api-disabled-for-fork.knapsackpro.com/v1/build_distributions/subset
2024-03-12T06:39:46.2200120Z W, [2024-03-12T06:39:46.219403 #2417]  WARN -- : [knapsack_pro] Request failed due to:
2024-03-12T06:39:46.2204458Z W, [2024-03-12T06:39:46.219420 #2417]  WARN -- : [knapsack_pro] #<SocketError: Failed to open TCP connection to api-disabled-for-fork.knapsackpro.com:443 (getaddrinfo: Name or service not known)>
2024-03-12T06:39:46.2210229Z W, [2024-03-12T06:39:46.219481 #2417]  WARN -- : [knapsack_pro] Fallback mode started. We could not connect with Knapsack Pro API. Your tests will be executed based on directory names. Read more about fallback mode at https://knapsackpro.com/perma/ruby/fallback-mode
2024-03-12T06:39:46.2266331Z /opt/hostedtoolcache/Ruby/3.2.2/x64/bin/ruby -I/home/runner/work/human-essentials/human-essentials/vendor/bundle/ruby/3.2.0/gems/rspec-core-3.12.2/lib:/home/runner/work/human-essentials/human-essentials/vendor/bundle/ruby/3.2.0/gems/rspec-support-3.12.1/lib /home/runner/work/human-essentials/human-essentials/vendor/bundle/ruby/3.2.0/gems/rspec-core-3.12.2/exe/rspec  --format documentation --format KnapsackPro::Formatters::TimeTracker --default-path spec "spec/requests/adjustments_requests_spec.rb" "spec/requests/admin/partners_requests_spec.rb" "spec/requests/barcode_items_requests_spec.rb" "spec/requests/donations_requests_spec.rb" "spec/requests/partners/children_requests_spec.rb" "spec/requests/partners/profiles_requests_county_spec.rb" "spec/requests/product_drives_requests_spec.rb" "spec/requests/static_requests_spec.rb" "spec/system/account_request_system_spec.rb" "spec/system/admin/dashboard_system_spec.rb" "spec/system/barcode_item_system_spec.rb" "spec/system/item_system_spec.rb" "spec/system/navigation_system_spec.rb" "spec/system/partners/helps_system_spec.rb" "spec/system/profile_served_area_system_spec.rb" "spec/system/transfer_system_spec.rb"
2024-03-12T06:39:54.7777986Z 
2024-03-12T06:39:54.7778869Z Randomized with seed 56714
2024-03-12T06:39:55.7464706Z 
2024-03-12T06:39:55.7465430Z Donations
2024-03-12T06:39:55.7466430Z   while signed in
2024-03-12T06:39:55.7467852Z     GET #index
2024-03-12T06:39:55.7468966Z       csv
2024-03-12T06:39:55.8250920Z         is expected to be successful
2024-03-12T06:39:55.8251797Z       html
2024-03-12T06:39:55.8889248Z         is expected to be successful
2024-03-12T06:39:55.9335408Z         should have the columns source and details
2024-03-12T06:39:55.9336650Z         when given a donation site
2024-03-12T06:39:55.9868431Z           should display Donation Site and the name of the site
2024-03-12T06:39:55.9869286Z         when given a misc donation
2024-03-12T06:39:56.0342543Z           should display Misc Donation and a truncated comment
2024-03-12T06:39:56.0343210Z         when given a manufacturer
2024-03-12T06:39:56.0871031Z           should display Manufacturer and the manufacturer name
2024-03-12T06:39:56.0871966Z         when given a product drive
2024-03-12T06:39:56.1426408Z           should display Product Drive and the name of the drive
2024-03-12T06:39:56.1427859Z     GET #edit
2024-03-12T06:39:56.1429396Z       when an finalized audit has been performed on the donated items
2024-03-12T06:39:56.3211206Z         shows a warning
2024-03-12T06:39:56.3212561Z     when an non-finalized audit has been performed on the donated items
2024-03-12T06:39:56.4504612Z       does not shows a warning
2024-03-12T06:39:56.4505679Z     when no audit has been performed
2024-03-12T06:39:56.5582367Z       doesn't show a warning
2024-03-12T06:39:56.5582954Z 
2024-03-12T06:39:56.5583268Z Navigation
2024-03-12T06:39:56.5584660Z   sidebar on home
2024-03-12T06:39:56.5585444Z     with organization user
2024-03-12T06:40:05.3686941Z       shows navigation options
2024-03-12T06:40:05.3687590Z       with collapsed sidebar
2024-03-12T06:40:06.2389134Z         hides text
2024-03-12T06:40:06.2389883Z   sidebar on admin
2024-03-12T06:40:06.2390936Z     with superadmin user
2024-03-12T06:40:06.7923430Z       shows navigation options
2024-03-12T06:40:06.7924060Z       with collapsed sidebar
2024-03-12T06:40:07.5088820Z         hides text
2024-03-12T06:40:07.5089991Z 
2024-03-12T06:40:07.5090413Z Help
2024-03-12T06:40:07.5091960Z   for partner users
2024-03-12T06:40:08.0948091Z     displays the help page
2024-03-12T06:40:08.0949011Z 
2024-03-12T06:40:08.0949379Z Adjustments
2024-03-12T06:40:08.0950409Z   while signed in
2024-03-12T06:40:08.0951453Z     GET #new
2024-03-12T06:40:08.1424282Z       is successful
2024-03-12T06:40:08.1425048Z     POST #create
2024-03-12T06:40:08.1425730Z       with invalid params
2024-03-12T06:40:08.1849290Z         assigns a newly created but unsaved adjustment as @adjustment
2024-03-12T06:40:08.2188351Z         re-renders the 'new' template
2024-03-12T06:40:08.2189016Z       with valid params
2024-03-12T06:40:08.2511571Z         assigns a user id from the current user
2024-03-12T06:40:08.2809709Z         redirects to the #show after created adjustment
2024-03-12T06:40:08.3124753Z         creates a new Adjustment
2024-03-12T06:40:08.3560598Z         assigns a newly created adjustment as @adjustment
2024-03-12T06:40:08.3561863Z     GET #show
2024-03-12T06:40:08.3955854Z       is expected to be successful
2024-03-12T06:40:08.3956591Z     GET #index
2024-03-12T06:40:08.3957256Z       csv
2024-03-12T06:40:08.4221212Z         is expected to be successful
2024-03-12T06:40:08.4222392Z       html
2024-03-12T06:40:08.4672717Z         is successful
2024-03-12T06:40:08.4673635Z         when filtering by date
2024-03-12T06:40:08.4674332Z           when date parameters are supplied
2024-03-12T06:40:08.5214178Z             only returns the correct objects
2024-03-12T06:40:08.5214980Z           when date parameters are not supplied
2024-03-12T06:40:08.5769014Z             returns all objects
2024-03-12T06:40:08.5770480Z 
2024-03-12T06:40:08.5771133Z Item management
2024-03-12T06:40:09.3896114Z   can filter the #index by base item as a user
2024-03-12T06:40:10.2963292Z   can create a new item with dollars decimal amount for value field
2024-03-12T06:40:11.2806255Z   can create a new item as a user
2024-03-12T06:40:12.5372748Z   can make the item invisible to partners
2024-03-12T06:40:13.3275336Z   can update an existing item with empty attributes as a user
2024-03-12T06:40:14.0767595Z   can create a new item with empty attributes as a user
2024-03-12T06:40:14.9314322Z   can update an existing item as a user
2024-03-12T06:40:14.9315195Z   Item Category Management
2024-03-12T06:40:14.9316300Z     creating a new item category and associating to a new item
2024-03-12T06:40:14.9317303Z       and associating to a existing item
2024-03-12T06:40:17.2597039Z         should associate the item with the category
2024-03-12T06:40:17.2598060Z       and associating to a new item
2024-03-12T06:40:19.2323837Z         should create the new item with the correct category
2024-03-12T06:40:19.2326291Z   Item Table Tabs >
2024-03-12T06:40:20.0611530Z     should display items in separate tabs
2024-03-12T06:40:22.9012451Z     should display an Item Inventory table
2024-03-12T06:40:22.9013405Z   destroying items
2024-03-12T06:40:22.9014079Z     when an item does not have history
2024-03-12T06:40:23.8914523Z       can be fully deleted by the user
2024-03-12T06:40:23.8915458Z     when an item has history
2024-03-12T06:40:24.8661029Z       can be soft-deleted (deactivated) by the user
2024-03-12T06:40:24.8662023Z   restoring items
2024-03-12T06:40:26.2635582Z     allows a user to restore the item
2024-03-12T06:40:26.2636309Z 
2024-03-12T06:40:26.2636596Z ProductDrives
2024-03-12T06:40:26.2638330Z   while not signed in
2024-03-12T06:40:26.4489124Z     is unsuccessful
2024-03-12T06:40:26.4490058Z   While signed in >
2024-03-12T06:40:26.4490858Z     DELETE #destroy
2024-03-12T06:40:26.6489398Z       redirects to the index
2024-03-12T06:40:26.6490336Z     GET #edit
2024-03-12T06:40:26.8662095Z       returns http success
2024-03-12T06:40:26.8663102Z     GET #show
2024-03-12T06:40:27.1430340Z       shows appropriate number on the UI
2024-03-12T06:40:27.5162645Z       returns http success
2024-03-12T06:40:27.5163386Z     GET #new
2024-03-12T06:40:27.7297960Z       returns http success
2024-03-12T06:40:27.7298769Z     POST#create
2024-03-12T06:40:27.9300404Z       returns redirect http status
2024-03-12T06:40:27.9301015Z     PUT#update
2024-03-12T06:40:28.1323080Z       returns redirect http status
2024-03-12T06:40:28.1324134Z     GET #index
2024-03-12T06:40:28.5267108Z       displays only product drives that belong to organization and that match drive name and date range
2024-03-12T06:40:28.7325387Z       returns http success
2024-03-12T06:40:28.7326119Z       csv
2024-03-12T06:40:28.9444210Z         returns ONLY the product drives within a selected date range (inclusive)
2024-03-12T06:40:29.3219482Z         returns ONLY the associated product drives
2024-03-12T06:40:29.5200562Z         is successful
2024-03-12T06:40:29.7463024Z         returns the quantity of all organization's items
2024-03-12T06:40:29.9711032Z         only counts items within the selected date range
2024-03-12T06:40:29.9711811Z 
2024-03-12T06:40:29.9711985Z Dashboard
2024-03-12T06:40:29.9713131Z   When the super admin user also has an organization assigned
2024-03-12T06:40:30.4510757Z     displays a link to return to their organization
2024-03-12T06:40:30.4511613Z   When the super admin user does not have an organization assigned
2024-03-12T06:40:30.9338584Z     DOES NOT have a link to the organization
2024-03-12T06:40:30.9339495Z 
2024-03-12T06:40:30.9340098Z Partners profile served area behaviour when accessed as bank
2024-03-12T06:40:30.9341311Z   changing the client share
2024-03-12T06:40:32.1752469Z     handles a changed but correct total client share properly
2024-03-12T06:40:33.2703954Z     handles an invalid total client share properly
2024-03-12T06:40:34.1711864Z DEPRECATION WARNING: Rails 7.0 has deprecated Enumerable.sum in favor of Ruby's native implementation available since 2.4. Sum of non-numeric elements requires an initial argument. (called from client_share_total at /home/runner/work/human-essentials/human-essentials/app/models/partners/profile.rb:117)
2024-03-12T06:40:34.5669205Z     handles deletion properly
2024-03-12T06:40:35.3525041Z     handles addition properly
2024-03-12T06:40:35.3525732Z 
2024-03-12T06:40:35.3525975Z Static
2024-03-12T06:40:35.3528093Z   Not signed in
2024-03-12T06:40:35.3529154Z     GET #index
2024-03-12T06:40:35.3629462Z       returns http success
2024-03-12T06:40:35.3687152Z       renders the static index
2024-03-12T06:40:35.3688154Z     GET #page/privacypolicy
2024-03-12T06:40:35.3741263Z       renders the contact page
2024-03-12T06:40:35.3742066Z   Super user without org signed in
2024-03-12T06:40:35.3742891Z     GET #index
2024-03-12T06:40:35.3849287Z       redirects to admin dashboard
2024-03-12T06:40:35.3850146Z   Non super user without org signed in
2024-03-12T06:40:35.3851043Z     GET #index
2024-03-12T06:40:35.4050788Z       redirects to a public/403.html page
2024-03-12T06:40:35.4051593Z   Signed in
2024-03-12T06:40:35.4052471Z     GET #index
2024-03-12T06:40:35.4156608Z       redirects to organization dashboard
2024-03-12T06:40:35.4157582Z 
2024-03-12T06:40:35.4158111Z Transfer management
2024-03-12T06:40:36.2697876Z   Does not include inactive items in the line item fields
2024-03-12T06:40:37.8174090Z   shows a error when deleting a transfer that causes an insufficient inventory counts
2024-03-12T06:40:38.3044315Z   should not include inactive storage locations in dropdowns when creating a new transfer
2024-03-12T06:40:39.8951734Z   can delete a transfer to undo the inventory count changes
2024-03-12T06:40:41.1522313Z   can transfer an inventory from a storage location to another as a user
2024-03-12T06:40:41.1523871Z   when there's insufficient inventory at the origin to cover the move
2024-03-12T06:40:42.3620338Z     User can transfer an inventory from a storage location to another
2024-03-12T06:40:42.3621335Z   when viewing the index page
2024-03-12T06:40:43.6485073Z     can filter the #index by storage location both from and to as a user
2024-03-12T06:40:43.6486494Z     behaves like Date Range Picker
2024-03-12T06:40:43.6487507Z       when choosing a date range that only includes the previous week
2024-03-12T06:40:44.6092034Z         shows only 1 record
2024-03-12T06:40:44.6093315Z       when choosing 'Last Month'
2024-03-12T06:40:45.5681325Z         shows only 2 of the records
2024-03-12T06:40:45.5682793Z       when choosing 'All Time'
2024-03-12T06:40:46.6004264Z         shows all the records
2024-03-12T06:40:46.6005716Z 
2024-03-12T06:40:46.6006086Z /partners/profiles
2024-03-12T06:40:46.6011065Z   partial (area served) absence when only other partials specified
2024-03-12T06:40:46.6012191Z     on show
2024-03-12T06:40:46.8232099Z       does not display the client share if only other partials are specified
2024-03-12T06:40:46.8233261Z     on edit
2024-03-12T06:40:47.0514670Z       does not display the client share if only other partials are specified
2024-03-12T06:40:47.0516167Z   basic
2024-03-12T06:40:47.0516775Z     GET #edit
2024-03-12T06:40:47.3140188Z       displays the partner area served entry if there are no partials specified for the organization
2024-03-12T06:40:47.3141314Z     on show
2024-03-12T06:40:47.5436678Z       displays the partner area served entry if there are no partials specified for the organization
2024-03-12T06:40:47.7614945Z       handles empty county list
2024-03-12T06:40:47.7616048Z   partial (area_served) presence when that partial specified
2024-03-12T06:40:47.7617590Z     on edit
2024-03-12T06:40:47.9763802Z       displays the area served if specified
2024-03-12T06:40:47.9764690Z       full_county_list
2024-03-12T06:40:48.2214346Z         has the right total
2024-03-12T06:40:48.4678714Z         displays the counties
2024-03-12T06:40:48.4679803Z     on show
2024-03-12T06:40:48.6860529Z       displays the area served if specified
2024-03-12T06:40:48.9085388Z       handles empty county list
2024-03-12T06:40:48.9086164Z       full_county_list
2024-03-12T06:40:49.1420759Z         displays the counties
2024-03-12T06:40:49.1421448Z 
2024-03-12T06:40:49.1421727Z BarcodeItems
2024-03-12T06:40:49.1423221Z   While signed in
2024-03-12T06:40:49.1424734Z     GET #find
2024-03-12T06:40:49.1425627Z       via ajax
2024-03-12T06:40:49.3525644Z         can find a barcode that is scoped to just this organization
2024-03-12T06:40:49.5561087Z         can find a barcode that's universally available
2024-03-12T06:40:49.5562265Z         when it's missing
2024-03-12T06:40:49.7702136Z           returns a 404
2024-03-12T06:40:49.7703126Z     GET #index
2024-03-12T06:40:49.7704310Z       html
2024-03-12T06:40:49.8158429Z         is expected to be successful
2024-03-12T06:40:49.8159279Z       csv
2024-03-12T06:40:49.8411842Z         is expected to be successful
2024-03-12T06:40:49.8412754Z     Looking at a different organization
2024-03-12T06:40:50.0220648Z       redirects the user to the sign-in page for CRUD actions
2024-03-12T06:40:50.0221864Z     GET #new
2024-03-12T06:40:50.0570844Z       returns http success
2024-03-12T06:40:50.0571602Z     GET #show
2024-03-12T06:40:50.0572454Z       with a global barcode item
2024-03-12T06:40:50.0898247Z         returns a 404
2024-03-12T06:40:50.0898976Z       with a normal barcode item
2024-03-12T06:40:50.1293418Z         returns http success
2024-03-12T06:40:50.1294265Z     DELETE #destroy
2024-03-12T06:40:50.1515266Z       disallows a non-superadmin to delete a global barcode
2024-03-12T06:40:50.1825207Z       redirects to the index
2024-03-12T06:40:50.3749870Z       disallows a user to delete someone else's barcode
2024-03-12T06:40:50.3750823Z     GET #edit
2024-03-12T06:40:50.3751422Z       with a normal barcode item
2024-03-12T06:40:50.4175019Z         returns http success
2024-03-12T06:40:50.4175722Z       with a global barcode item
2024-03-12T06:40:50.4501816Z         returns a 404
2024-03-12T06:40:50.4502477Z 
2024-03-12T06:40:50.4502996Z /partners/children
2024-03-12T06:40:50.4504160Z   GET #index
2024-03-12T06:40:50.5324531Z     should export CSV
2024-03-12T06:40:50.5955350Z     should render without any issues
2024-03-12T06:40:50.5956020Z 
2024-03-12T06:40:50.5956286Z Account request flow
2024-03-12T06:40:50.5957107Z   when in staging
2024-03-12T06:40:51.0455909Z     should prompt prospective users to request an account on the live app
2024-03-12T06:40:51.0456780Z   when not in staging
2024-03-12T06:40:53.8339979Z     should allow prospective users to request an account via a form. And that request form data gets used to create an organization
2024-03-12T06:40:53.8341310Z     with a partner agency
2024-03-12T06:40:54.4347154Z       reveals text that directs current partner to human essentials sign in page
2024-03-12T06:40:54.4348162Z     renders the #new template with the form and errors visible
2024-03-12T06:40:55.3252024Z       shows create bank form info and errors when required fields are missing
2024-03-12T06:40:55.3252729Z 
2024-03-12T06:40:55.3253033Z Barcode management
2024-03-12T06:40:56.0768483Z   prevents a user from adding a new barcode with empty attributes
2024-03-12T06:40:56.0769520Z   With organization-specific barcodes
2024-03-12T06:40:57.1566589Z     can have a user add a new barcode
2024-03-12T06:40:57.1567258Z     when editing an existing barcode
2024-03-12T06:40:57.9398366Z       fails to save the changes if the attributes are empty
2024-03-12T06:40:58.7211151Z       saves the changes if they are valid
2024-03-12T06:40:58.7212142Z   While viewing the barcode items index page
2024-03-12T06:40:59.2031199Z     should only show the barcodes created within the organization
2024-03-12T06:40:59.9893958Z     can have a user filter the #index by item type
2024-03-12T06:41:00.7692412Z     can have a user filter the #index by barcode value
2024-03-12T06:41:01.3293363Z     should have the filter presented to user list items in alphabetical order
2024-03-12T06:41:02.1895146Z     can have a user filter the #index by base item type
2024-03-12T06:41:02.1895995Z 
2024-03-12T06:41:02.1896266Z Admin::Partners
2024-03-12T06:41:02.1897490Z   When logged in as a super admin
2024-03-12T06:41:02.1898900Z     GET #show
2024-03-12T06:41:02.2433303Z       returns http success
2024-03-12T06:41:02.2434307Z     PUT #update
2024-03-12T06:41:02.2434895Z       unsuccessful save due to empty params
2024-03-12T06:41:02.3044283Z         renders #edit template with error message
2024-03-12T06:41:02.3045024Z       successful save
2024-03-12T06:41:02.3436332Z         updates partner
2024-03-12T06:41:02.3804418Z         redirects
2024-03-12T06:41:02.3805125Z     GET #edit
2024-03-12T06:41:02.4324992Z       returns http success
2024-03-12T06:41:02.4325573Z     GET #index
2024-03-12T06:41:02.4712182Z       returns http success
2024-03-12T06:41:02.4956972Z W, [2024-03-11T23:41:02.495366 #2477]  WARN -- : [knapsack_pro] POST https://api-disabled-for-fork.knapsackpro.com/v1/build_subsets
2024-03-12T06:41:02.4958885Z W, [2024-03-11T23:41:02.495421 #2477]  WARN -- : [knapsack_pro] Request failed due to:
2024-03-12T06:41:02.4961639Z W, [2024-03-11T23:41:02.495437 #2477]  WARN -- : [knapsack_pro] #<SocketError: Failed to open TCP connection to api-disabled-for-fork.knapsackpro.com:443 (getaddrinfo: Name or service not known)>
2024-03-12T06:41:02.4964371Z W, [2024-03-11T23:41:02.495464 #2477]  WARN -- : [knapsack_pro] Time execution report was not saved on Knapsack Pro API server due to connection problem.
2024-03-12T06:41:02.4965646Z 
2024-03-12T06:41:02.4966114Z Finished in 1 minute 7.72 seconds (files took 8.32 seconds to load)
2024-03-12T06:41:02.4967118Z 124 examples, 0 failures
2024-03-12T06:41:02.4967768Z 
2024-03-12T06:41:02.4968063Z Randomized with seed 56714
2024-03-12T06:41:02.4968452Z 
2024-03-12T06:41:02.8058015Z Coverage report generated for RSpec to /home/runner/work/human-essentials/human-essentials/coverage. 3544 / 6478 LOC (54.71%) covered.
2024-03-12T06:41:03.3342047Z Coverage report generated for RSpec to /home/runner/work/human-essentials/human-essentials/coverage. 38 / 10785 LOC (0.35%) covered.
2024-03-12T06:41:03.3695909Z Post job cleanup.
2024-03-12T06:41:03.4746862Z [command]/usr/bin/git version
2024-03-12T06:41:03.4800318Z git version 2.43.2
2024-03-12T06:41:03.4843611Z Temporarily overriding HOME='/home/runner/work/_temp/f036edd6-55b1-4b4b-a6ed-e1897614faf5' before making global git config changes
2024-03-12T06:41:03.4845551Z Adding repository directory to the temporary git global config as a safe directory
2024-03-12T06:41:03.4850372Z [command]/usr/bin/git config --global --add safe.directory /home/runner/work/human-essentials/human-essentials
2024-03-12T06:41:03.4892925Z [command]/usr/bin/git config --local --name-only --get-regexp core\.sshCommand
2024-03-12T06:41:03.4933727Z [command]/usr/bin/git submodule foreach --recursive sh -c "git config --local --name-only --get-regexp 'core\.sshCommand' && git config --local --unset-all 'core.sshCommand' || :"
2024-03-12T06:41:03.5179141Z [command]/usr/bin/git config --local --name-only --get-regexp http\.https\:\/\/github\.com\/\.extraheader
2024-03-12T06:41:03.5215905Z http.https://github.com/.extraheader
2024-03-12T06:41:03.5226066Z [command]/usr/bin/git config --local --unset-all http.https://github.com/.extraheader
2024-03-12T06:41:03.5266116Z [command]/usr/bin/git submodule foreach --recursive sh -c "git config --local --name-only --get-regexp 'http\.https\:\/\/github\.com\/\.extraheader' && git config --local --unset-all 'http.https://github.com/.extraheader' || :"
2024-03-12T06:41:03.5662610Z Print service container logs: 2f140cfd268b4aba9c5d5d50897be0e8_postgres123_5b6f61
2024-03-12T06:41:03.5668098Z ##[command]/usr/bin/docker logs --details 8f6f5632cd18a2ddff53f597a479ed551cde67ad1b19fd0053d46e63fb89ed91
2024-03-12T06:41:03.5803131Z  The files belonging to this database system will be owned by user "postgres".
2024-03-12T06:41:03.5805164Z  This user must also own the server process.
2024-03-12T06:41:03.5806069Z  
2024-03-12T06:41:03.5806826Z  The database cluster will be initialized with locale "en_US.utf8".
2024-03-12T06:41:03.5808164Z  The default database encoding has accordingly been set to "UTF8".
2024-03-12T06:41:03.5809247Z  The default text search configuration will be set to "english".
2024-03-12T06:41:03.5810063Z  
2024-03-12T06:41:03.5811591Z  Data page checksums are disabled.
2024-03-12T06:41:03.5812262Z  
2024-03-12T06:41:03.5813163Z  fixing permissions on existing directory /var/lib/postgresql/data ... ok
2024-03-12T06:41:03.5814286Z  creating subdirectories ... ok
2024-03-12T06:41:03.5815031Z  selecting dynamic shared memory implementation ... posix
2024-03-12T06:41:03.5818361Z  initdb: warning: enabling "trust" authentication for local connections
2024-03-12T06:41:03.5819565Z  You can change this by editing pg_hba.conf or using the option -A, or
2024-03-12T06:41:03.5820830Z  --auth-local and --auth-host, the next time you run initdb.
2024-03-12T06:41:03.5822498Z  2024-03-12 06:38:21.919 UTC [1] LOG:  starting PostgreSQL 12.3 (Debian 12.3-1.pgdg100+1) on x86_64-pc-linux-gnu, compiled by gcc (Debian 8.3.0-6) 8.3.0, 64-bit
2024-03-12T06:41:03.5824628Z  2024-03-12 06:38:21.919 UTC [1] LOG:  listening on IPv4 address "0.0.0.0", port 5432
2024-03-12T06:41:03.5825906Z  2024-03-12 06:38:21.919 UTC [1] LOG:  listening on IPv6 address "::", port 5432
2024-03-12T06:41:03.5827273Z  2024-03-12 06:38:21.920 UTC [1] LOG:  listening on Unix socket "/var/run/postgresql/.s.PGSQL.5432"
2024-03-12T06:41:03.5828873Z  2024-03-12 06:38:21.931 UTC [55] LOG:  database system was shut down at 2024-03-12 06:38:21 UTC
2024-03-12T06:41:03.5830280Z  2024-03-12 06:38:21.935 UTC [1] LOG:  database system is ready to accept connections
2024-03-12T06:41:03.5831530Z  2024-03-12 06:38:31.123 UTC [69] FATAL:  role "root" does not exist
2024-03-12T06:41:03.5832566Z  2024-03-12 06:38:41.212 UTC [77] FATAL:  role "root" does not exist
2024-03-12T06:41:03.5833752Z  2024-03-12 06:38:51.302 UTC [86] FATAL:  role "root" does not exist
2024-03-12T06:41:03.5834793Z  2024-03-12 06:38:54.733 UTC [87] FATAL:  database "diaper_test" does not exist
2024-03-12T06:41:03.5835483Z  2024-03-12 06:39:01.412 UTC [96] FATAL:  role "root" does not exist
2024-03-12T06:41:03.5836823Z  2024-03-12 06:39:01.837 UTC [97] ERROR:  relation "flipper_gates" does not exist at character 491
2024-03-12T06:41:03.5838117Z  2024-03-12 06:39:01.837 UTC [97] STATEMENT:  SELECT a.attname, format_type(a.atttypid, a.atttypmod),
2024-03-12T06:41:03.5839649Z  	       pg_get_expr(d.adbin, d.adrelid), a.attnotnull, a.atttypid, a.atttypmod,
2024-03-12T06:41:03.5840966Z  	       c.collname, col_description(a.attrelid, a.attnum) AS comment,
2024-03-12T06:41:03.5841846Z  	       attgenerated as attgenerated
2024-03-12T06:41:03.5842245Z  	  FROM pg_attribute a
2024-03-12T06:41:03.5842786Z  	  LEFT JOIN pg_attrdef d ON a.attrelid = d.adrelid AND a.attnum = d.adnum
2024-03-12T06:41:03.5843447Z  	  LEFT JOIN pg_type t ON a.atttypid = t.oid
2024-03-12T06:41:03.5844145Z  	  LEFT JOIN pg_collation c ON a.attcollation = c.oid AND a.attcollation <> t.typcollation
2024-03-12T06:41:03.5844832Z  	 WHERE a.attrelid = '"flipper_gates"'::regclass
2024-03-12T06:41:03.5845404Z  	   AND a.attnum > 0 AND NOT a.attisdropped
2024-03-12T06:41:03.5845859Z  	 ORDER BY a.attnum
2024-03-12T06:41:03.5846253Z  	
2024-03-12T06:41:03.5846644Z  2024-03-12 06:39:11.530 UTC [108] FATAL:  role "root" does not exist
2024-03-12T06:41:03.5847305Z  2024-03-12 06:39:21.621 UTC [116] FATAL:  role "root" does not exist
2024-03-12T06:41:03.5848325Z  2024-03-12 06:39:31.701 UTC [125] FATAL:  role "root" does not exist
2024-03-12T06:41:03.5849028Z  2024-03-12 06:39:41.795 UTC [134] FATAL:  role "root" does not exist
2024-03-12T06:41:03.5849861Z  2024-03-12 06:39:51.877 UTC [142] FATAL:  role "root" does not exist
2024-03-12T06:41:03.5850557Z  selecting default max_connections ... 100
2024-03-12T06:41:03.5851031Z  selecting default shared_buffers ... 128MB
2024-03-12T06:41:03.5851463Z  selecting default time zone ... Etc/UTC
2024-03-12T06:41:03.5851990Z  creating configuration files ... ok
2024-03-12T06:41:03.5852426Z  running bootstrap script ... ok
2024-03-12T06:41:03.5852879Z  performing post-bootstrap initialization ... ok
2024-03-12T06:41:03.5853447Z  syncing data to disk ... ok
2024-03-12T06:41:03.5853816Z  
2024-03-12T06:41:03.5854170Z  
2024-03-12T06:41:03.5854513Z  Success. You can now start the database server using:
2024-03-12T06:41:03.5854980Z  
2024-03-12T06:41:03.5855521Z  2024-03-12 06:40:01.964 UTC [152] FATAL:  role "root" does not exist
2024-03-12T06:41:03.5856172Z  2024-03-12 06:40:12.061 UTC [161] FATAL:  role "root" does not exist
2024-03-12T06:41:03.5856796Z  2024-03-12 06:40:22.157 UTC [169] FATAL:  role "root" does not exist
2024-03-12T06:41:03.5857503Z  2024-03-12 06:40:32.249 UTC [178] FATAL:  role "root" does not exist
2024-03-12T06:41:03.5858124Z  2024-03-12 06:40:42.346 UTC [187] FATAL:  role "root" does not exist
2024-03-12T06:41:03.5858751Z  2024-03-12 06:40:52.441 UTC [195] FATAL:  role "root" does not exist
2024-03-12T06:41:03.5859491Z  2024-03-12 06:41:02.527 UTC [204] FATAL:  role "root" does not exist
2024-03-12T06:41:03.5860052Z      pg_ctl -D /var/lib/postgresql/data -l logfile start
2024-03-12T06:41:03.5860538Z  
2024-03-12T06:41:03.5861497Z  waiting for server to start....2024-03-12 06:38:21.715 UTC [46] LOG:  starting PostgreSQL 12.3 (Debian 12.3-1.pgdg100+1) on x86_64-pc-linux-gnu, compiled by gcc (Debian 8.3.0-6) 8.3.0, 64-bit
2024-03-12T06:41:03.5862740Z  2024-03-12 06:38:21.716 UTC [46] LOG:  listening on Unix socket "/var/run/postgresql/.s.PGSQL.5432"
2024-03-12T06:41:03.5863691Z  2024-03-12 06:38:21.727 UTC [47] LOG:  database system was shut down at 2024-03-12 06:38:21 UTC
2024-03-12T06:41:03.5864486Z  2024-03-12 06:38:21.732 UTC [46] LOG:  database system is ready to accept connections
2024-03-12T06:41:03.5865073Z   done
2024-03-12T06:41:03.5865433Z  server started
2024-03-12T06:41:03.5865716Z  
2024-03-12T06:41:03.5866216Z  /usr/local/bin/docker-entrypoint.sh: ignoring /docker-entrypoint-initdb.d/*
2024-03-12T06:41:03.5866856Z  
2024-03-12T06:41:03.5867427Z  waiting for server to shut down....2024-03-12 06:38:21.808 UTC [46] LOG:  received fast shutdown request
2024-03-12T06:41:03.5868216Z  2024-03-12 06:38:21.808 UTC [46] LOG:  aborting any active transactions
2024-03-12T06:41:03.5869126Z  2024-03-12 06:38:21.810 UTC [46] LOG:  background worker "logical replication launcher" (PID 53) exited with exit code 1
2024-03-12T06:41:03.5869907Z  2024-03-12 06:38:21.810 UTC [48] LOG:  shutting down
2024-03-12T06:41:03.5870583Z  2024-03-12 06:38:21.817 UTC [46] LOG:  database system is shut down
2024-03-12T06:41:03.5871053Z   done
2024-03-12T06:41:03.5871375Z  server stopped
2024-03-12T06:41:03.5871747Z  
2024-03-12T06:41:03.5872139Z  PostgreSQL init process complete; ready for start up.
2024-03-12T06:41:03.5872601Z  
2024-03-12T06:41:03.5879786Z Stop and remove container: 2f140cfd268b4aba9c5d5d50897be0e8_postgres123_5b6f61
2024-03-12T06:41:03.5886229Z ##[command]/usr/bin/docker rm --force 8f6f5632cd18a2ddff53f597a479ed551cde67ad1b19fd0053d46e63fb89ed91
2024-03-12T06:41:03.8431849Z 8f6f5632cd18a2ddff53f597a479ed551cde67ad1b19fd0053d46e63fb89ed91
2024-03-12T06:41:03.8456218Z Remove container network: github_network_927ce030b2314a40a3b941a9001416a0
2024-03-12T06:41:03.8461772Z ##[command]/usr/bin/docker network rm github_network_927ce030b2314a40a3b941a9001416a0
2024-03-12T06:41:04.1098743Z github_network_927ce030b2314a40a3b941a9001416a0
2024-03-12T06:41:04.1261240Z Cleaning up orphan processes
