2024-03-04T14:34:07.7918192Z Requested labels: ubuntu-latest
2024-03-04T14:34:07.7918608Z Job defined at: rubyforgood/human-essentials/.github/workflows/rspec-system-events.yml@refs/heads/main
2024-03-04T14:34:07.7918772Z Waiting for a runner to pick up this job...
2024-03-04T14:36:19.3285008Z Job is waiting for a hosted runner to come online.
2024-03-04T14:36:21.8754117Z Job is about to start running on the hosted runner: GitHub Actions 17 (hosted)
2024-03-04T14:36:24.1001653Z Current runner version: '2.313.0'
2024-03-04T14:36:24.1028815Z ##[group]Operating System
2024-03-04T14:36:24.1029611Z Ubuntu
2024-03-04T14:36:24.1030118Z 22.04.4
2024-03-04T14:36:24.1030440Z LTS
2024-03-04T14:36:24.1030897Z ##[endgroup]
2024-03-04T14:36:24.1031301Z ##[group]Runner Image
2024-03-04T14:36:24.1031767Z Image: ubuntu-22.04
2024-03-04T14:36:24.1032241Z Version: 20240225.1.0
2024-03-04T14:36:24.1033336Z Included Software: https://github.com/actions/runner-images/blob/ubuntu22/20240225.1/images/ubuntu/Ubuntu2204-Readme.md
2024-03-04T14:36:24.1034924Z Image Release: https://github.com/actions/runner-images/releases/tag/ubuntu22%2F20240225.1
2024-03-04T14:36:24.1035916Z ##[endgroup]
2024-03-04T14:36:24.1036313Z ##[group]Runner Image Provisioner
2024-03-04T14:36:24.1036838Z 2.0.347.1
2024-03-04T14:36:24.1037285Z ##[endgroup]
2024-03-04T14:36:24.1039636Z ##[group]GITHUB_TOKEN Permissions
2024-03-04T14:36:24.1041471Z Actions: write
2024-03-04T14:36:24.1041947Z Checks: write
2024-03-04T14:36:24.1042495Z Contents: write
2024-03-04T14:36:24.1043078Z Deployments: write
2024-03-04T14:36:24.1043509Z Discussions: write
2024-03-04T14:36:24.1043982Z Issues: write
2024-03-04T14:36:24.1044378Z Metadata: read
2024-03-04T14:36:24.1044776Z Packages: write
2024-03-04T14:36:24.1045203Z Pages: write
2024-03-04T14:36:24.1045609Z PullRequests: write
2024-03-04T14:36:24.1046056Z RepositoryProjects: write
2024-03-04T14:36:24.1046633Z SecurityEvents: write
2024-03-04T14:36:24.1047035Z Statuses: write
2024-03-04T14:36:24.1047450Z ##[endgroup]
2024-03-04T14:36:24.1051179Z Secret source: Actions
2024-03-04T14:36:24.1051811Z Prepare workflow directory
2024-03-04T14:36:24.1934325Z Prepare all required actions
2024-03-04T14:36:24.2096059Z Getting action download info
2024-03-04T14:36:24.3943527Z Download action repository 'actions/checkout@v2' (SHA:ee0669bd1cc54295c223e0bb666b733df41de1c5)
2024-03-04T14:36:24.5399631Z Download action repository 'ruby/setup-ruby@v1' (SHA:d4526a55538b775af234ba4af27118ed6f8f6677)
2024-03-04T14:36:24.7796663Z Download action repository 'actions/upload-artifact@v2' (SHA:82c141cc518b40d92cc801eee768e7aafc9c2fa2)
2024-03-04T14:36:24.9662288Z Complete job name: rspec-system-events (6, 1)
2024-03-04T14:36:25.0341867Z ##[group]Checking docker version
2024-03-04T14:36:25.0356430Z ##[command]/usr/bin/docker version --format '{{.Server.APIVersion}}'
2024-03-04T14:36:25.1366083Z '1.43'
2024-03-04T14:36:25.1386792Z Docker daemon API version: '1.43'
2024-03-04T14:36:25.1388242Z ##[command]/usr/bin/docker version --format '{{.Client.APIVersion}}'
2024-03-04T14:36:25.1584329Z '1.43'
2024-03-04T14:36:25.1596545Z Docker client API version: '1.43'
2024-03-04T14:36:25.1602241Z ##[endgroup]
2024-03-04T14:36:25.1605437Z ##[group]Clean up resources from previous jobs
2024-03-04T14:36:25.1612259Z ##[command]/usr/bin/docker ps --all --quiet --no-trunc --filter "label=62504c"
2024-03-04T14:36:25.1771791Z ##[command]/usr/bin/docker network prune --force --filter "label=62504c"
2024-03-04T14:36:25.1912627Z ##[endgroup]
2024-03-04T14:36:25.1913164Z ##[group]Create local container network
2024-03-04T14:36:25.1924315Z ##[command]/usr/bin/docker network create --label 62504c github_network_b73bb8c3e86741a5abcd6a481b643898
2024-03-04T14:36:25.2599032Z 4d56af419cf7a0940e8ed71a00e55638aa6f5029601ce5aecf9733e6bee9611e
2024-03-04T14:36:25.2616898Z ##[endgroup]
2024-03-04T14:36:25.2695824Z ##[group]Starting db service container
2024-03-04T14:36:25.2714161Z ##[command]/usr/bin/docker pull postgres:12.3
2024-03-04T14:36:25.5516643Z 12.3: Pulling from library/postgres
2024-03-04T14:36:25.6198200Z bf5952930446: Pulling fs layer
2024-03-04T14:36:25.6199293Z 9577476abb00: Pulling fs layer
2024-03-04T14:36:25.6199880Z 2bd105512d5c: Pulling fs layer
2024-03-04T14:36:25.6200267Z b1cd21c26e81: Pulling fs layer
2024-03-04T14:36:25.6200777Z 34a7c86cf8fc: Pulling fs layer
2024-03-04T14:36:25.6201175Z 274e7b0c38d5: Pulling fs layer
2024-03-04T14:36:25.6201543Z 3e831b350d37: Pulling fs layer
2024-03-04T14:36:25.6201968Z 38fa0d496534: Pulling fs layer
2024-03-04T14:36:25.6202693Z 31a8349609a4: Pulling fs layer
2024-03-04T14:36:25.6203067Z 14e4c2a4b7b7: Pulling fs layer
2024-03-04T14:36:25.6203556Z 964acfa02beb: Pulling fs layer
2024-03-04T14:36:25.6203906Z 31b1f20dffc0: Pulling fs layer
2024-03-04T14:36:25.6204279Z 14771c2930e9: Pulling fs layer
2024-03-04T14:36:25.6204750Z 2f30edd0ce8a: Pulling fs layer
2024-03-04T14:36:25.6205114Z b1cd21c26e81: Waiting
2024-03-04T14:36:25.6205456Z 34a7c86cf8fc: Waiting
2024-03-04T14:36:25.6205897Z 274e7b0c38d5: Waiting
2024-03-04T14:36:25.6206258Z 38fa0d496534: Waiting
2024-03-04T14:36:25.6206552Z 31a8349609a4: Waiting
2024-03-04T14:36:25.6206979Z 14e4c2a4b7b7: Waiting
2024-03-04T14:36:25.6207306Z 964acfa02beb: Waiting
2024-03-04T14:36:25.6207662Z 3e831b350d37: Waiting
2024-03-04T14:36:25.6208033Z 31b1f20dffc0: Waiting
2024-03-04T14:36:25.7037529Z 2bd105512d5c: Verifying Checksum
2024-03-04T14:36:25.7040497Z 2bd105512d5c: Download complete
2024-03-04T14:36:25.7602875Z 9577476abb00: Download complete
2024-03-04T14:36:25.8605009Z b1cd21c26e81: Verifying Checksum
2024-03-04T14:36:25.8612193Z b1cd21c26e81: Download complete
2024-03-04T14:36:25.8779898Z bf5952930446: Download complete
2024-03-04T14:36:25.9243978Z 34a7c86cf8fc: Verifying Checksum
2024-03-04T14:36:25.9244883Z 34a7c86cf8fc: Download complete
2024-03-04T14:36:25.9637980Z 274e7b0c38d5: Download complete
2024-03-04T14:36:25.9719087Z 3e831b350d37: Verifying Checksum
2024-03-04T14:36:25.9719838Z 3e831b350d37: Download complete
2024-03-04T14:36:26.0409504Z 38fa0d496534: Verifying Checksum
2024-03-04T14:36:26.0410191Z 38fa0d496534: Download complete
2024-03-04T14:36:26.0472524Z 14e4c2a4b7b7: Download complete
2024-03-04T14:36:26.1203303Z 964acfa02beb: Verifying Checksum
2024-03-04T14:36:26.1208462Z 964acfa02beb: Download complete
2024-03-04T14:36:26.1252266Z 31b1f20dffc0: Verifying Checksum
2024-03-04T14:36:26.1257278Z 31b1f20dffc0: Download complete
2024-03-04T14:36:26.2092905Z 2f30edd0ce8a: Verifying Checksum
2024-03-04T14:36:26.2093887Z 2f30edd0ce8a: Download complete
2024-03-04T14:36:26.2348938Z 14771c2930e9: Download complete
2024-03-04T14:36:26.9537109Z 31a8349609a4: Verifying Checksum
2024-03-04T14:36:26.9537764Z 31a8349609a4: Download complete
2024-03-04T14:36:27.1533626Z bf5952930446: Pull complete
2024-03-04T14:36:27.4613090Z 9577476abb00: Pull complete
2024-03-04T14:36:27.4859743Z 2bd105512d5c: Pull complete
2024-03-04T14:36:27.5346660Z b1cd21c26e81: Pull complete
2024-03-04T14:36:27.8512663Z 34a7c86cf8fc: Pull complete
2024-03-04T14:36:27.9048881Z 274e7b0c38d5: Pull complete
2024-03-04T14:36:27.9225637Z 3e831b350d37: Pull complete
2024-03-04T14:36:27.9378536Z 38fa0d496534: Pull complete
2024-03-04T14:36:30.2420650Z 31a8349609a4: Pull complete
2024-03-04T14:36:30.2560994Z 14e4c2a4b7b7: Pull complete
2024-03-04T14:36:30.2682099Z 964acfa02beb: Pull complete
2024-03-04T14:36:30.2853050Z 31b1f20dffc0: Pull complete
2024-03-04T14:36:30.2965790Z 14771c2930e9: Pull complete
2024-03-04T14:36:30.3045802Z 2f30edd0ce8a: Pull complete
2024-03-04T14:36:30.3088853Z Digest: sha256:a06e6e6e519b7a329c419f8221edec66cfc45511e8b80e262c12103ba745cf19
2024-03-04T14:36:30.3103472Z Status: Downloaded newer image for postgres:12.3
2024-03-04T14:36:30.3113929Z docker.io/library/postgres:12.3
2024-03-04T14:36:30.3216108Z ##[command]/usr/bin/docker create --name c2f149446f8c46b5810639c6b685f1be_postgres123_820c0d --label 62504c --network github_network_b73bb8c3e86741a5abcd6a481b643898 --network-alias db -p 5432:5432 --health-cmd pg_isready --health-interval 10s --health-timeout 5s --health-retries 5 -e "POSTGRES_PASSWORD=password" -e GITHUB_ACTIONS=true -e CI=true postgres:12.3
2024-03-04T14:36:30.3477282Z 844e7b245f9811215584ed87e50c28458428aecff0168065407faf5229dd9313
2024-03-04T14:36:30.3504259Z ##[command]/usr/bin/docker start 844e7b245f9811215584ed87e50c28458428aecff0168065407faf5229dd9313
2024-03-04T14:36:30.6374516Z 844e7b245f9811215584ed87e50c28458428aecff0168065407faf5229dd9313
2024-03-04T14:36:30.6396606Z ##[command]/usr/bin/docker ps --all --filter id=844e7b245f9811215584ed87e50c28458428aecff0168065407faf5229dd9313 --filter status=running --no-trunc --format "{{.ID}} {{.Status}}"
2024-03-04T14:36:30.6514412Z 844e7b245f9811215584ed87e50c28458428aecff0168065407faf5229dd9313 Up Less than a second (health: starting)
2024-03-04T14:36:30.6537934Z ##[command]/usr/bin/docker port 844e7b245f9811215584ed87e50c28458428aecff0168065407faf5229dd9313
2024-03-04T14:36:30.6662274Z 5432/tcp -> 0.0.0.0:5432
2024-03-04T14:36:30.6665821Z 5432/tcp -> [::]:5432
2024-03-04T14:36:30.6738282Z ##[endgroup]
2024-03-04T14:36:30.6763739Z ##[group]Waiting for all services to be ready
2024-03-04T14:36:30.6801305Z ##[command]/usr/bin/docker inspect --format="{{if .Config.Healthcheck}}{{print .State.Health.Status}}{{end}}" 844e7b245f9811215584ed87e50c28458428aecff0168065407faf5229dd9313
2024-03-04T14:36:30.6956669Z starting
2024-03-04T14:36:30.6981039Z db service is starting, waiting 2 seconds before checking again.
2024-03-04T14:36:32.7008063Z ##[command]/usr/bin/docker inspect --format="{{if .Config.Healthcheck}}{{print .State.Health.Status}}{{end}}" 844e7b245f9811215584ed87e50c28458428aecff0168065407faf5229dd9313
2024-03-04T14:36:32.7146577Z starting
2024-03-04T14:36:32.7158579Z db service is starting, waiting 3 seconds before checking again.
2024-03-04T14:36:36.3481671Z ##[command]/usr/bin/docker inspect --format="{{if .Config.Healthcheck}}{{print .State.Health.Status}}{{end}}" 844e7b245f9811215584ed87e50c28458428aecff0168065407faf5229dd9313
2024-03-04T14:36:36.3623243Z starting
2024-03-04T14:36:36.3637410Z db service is starting, waiting 7 seconds before checking again.
2024-03-04T14:36:43.8698342Z ##[command]/usr/bin/docker inspect --format="{{if .Config.Healthcheck}}{{print .State.Health.Status}}{{end}}" 844e7b245f9811215584ed87e50c28458428aecff0168065407faf5229dd9313
2024-03-04T14:36:43.8826797Z healthy
2024-03-04T14:36:43.8844860Z db service is healthy.
2024-03-04T14:36:43.8845421Z ##[endgroup]
2024-03-04T14:36:43.9208725Z ##[group]Run actions/checkout@v2
2024-03-04T14:36:43.9209215Z with:
2024-03-04T14:36:43.9209536Z   repository: rubyforgood/human-essentials
2024-03-04T14:36:43.9210261Z   token: ***
2024-03-04T14:36:43.9210943Z   ssh-strict: true
2024-03-04T14:36:43.9211309Z   persist-credentials: true
2024-03-04T14:36:43.9211788Z   clean: true
2024-03-04T14:36:43.9212107Z   fetch-depth: 1
2024-03-04T14:36:43.9212431Z   lfs: false
2024-03-04T14:36:43.9212857Z   submodules: false
2024-03-04T14:36:43.9213165Z   set-safe-directory: true
2024-03-04T14:36:43.9213533Z ##[endgroup]
2024-03-04T14:36:44.1529733Z Syncing repository: rubyforgood/human-essentials
2024-03-04T14:36:44.1531942Z ##[group]Getting Git version info
2024-03-04T14:36:44.1532701Z Working directory is '/home/runner/work/human-essentials/human-essentials'
2024-03-04T14:36:44.1533731Z [command]/usr/bin/git version
2024-03-04T14:36:44.1583091Z git version 2.43.2
2024-03-04T14:36:44.1606006Z ##[endgroup]
2024-03-04T14:36:44.1620614Z Temporarily overriding HOME='/home/runner/work/_temp/3f230b91-c62a-43c5-9369-bda999de1732' before making global git config changes
2024-03-04T14:36:44.1621842Z Adding repository directory to the temporary git global config as a safe directory
2024-03-04T14:36:44.1625221Z [command]/usr/bin/git config --global --add safe.directory /home/runner/work/human-essentials/human-essentials
2024-03-04T14:36:44.1669031Z Deleting the contents of '/home/runner/work/human-essentials/human-essentials'
2024-03-04T14:36:44.1673161Z ##[group]Initializing the repository
2024-03-04T14:36:44.1676755Z [command]/usr/bin/git init /home/runner/work/human-essentials/human-essentials
2024-03-04T14:36:44.1756146Z hint: Using 'master' as the name for the initial branch. This default branch name
2024-03-04T14:36:44.1757486Z hint: is subject to change. To configure the initial branch name to use in all
2024-03-04T14:36:44.1758943Z hint: of your new repositories, which will suppress this warning, call:
2024-03-04T14:36:44.1759893Z hint: 
2024-03-04T14:36:44.1760689Z hint: 	git config --global init.defaultBranch <name>
2024-03-04T14:36:44.1761687Z hint: 
2024-03-04T14:36:44.1762684Z hint: Names commonly chosen instead of 'master' are 'main', 'trunk' and
2024-03-04T14:36:44.1764457Z hint: 'development'. The just-created branch can be renamed via this command:
2024-03-04T14:36:44.1765607Z hint: 
2024-03-04T14:36:44.1766230Z hint: 	git branch -m <name>
2024-03-04T14:36:44.1770653Z Initialized empty Git repository in /home/runner/work/human-essentials/human-essentials/.git/
2024-03-04T14:36:44.1779543Z [command]/usr/bin/git remote add origin https://github.com/rubyforgood/human-essentials
2024-03-04T14:36:44.1822978Z ##[endgroup]
2024-03-04T14:36:44.1824137Z ##[group]Disabling automatic garbage collection
2024-03-04T14:36:44.1826721Z [command]/usr/bin/git config --local gc.auto 0
2024-03-04T14:36:44.1864988Z ##[endgroup]
2024-03-04T14:36:44.1865878Z ##[group]Setting up auth
2024-03-04T14:36:44.1871179Z [command]/usr/bin/git config --local --name-only --get-regexp core\.sshCommand
2024-03-04T14:36:44.1909292Z [command]/usr/bin/git submodule foreach --recursive sh -c "git config --local --name-only --get-regexp 'core\.sshCommand' && git config --local --unset-all 'core.sshCommand' || :"
2024-03-04T14:36:44.2254593Z [command]/usr/bin/git config --local --name-only --get-regexp http\.https\:\/\/github\.com\/\.extraheader
2024-03-04T14:36:44.2291772Z [command]/usr/bin/git submodule foreach --recursive sh -c "git config --local --name-only --get-regexp 'http\.https\:\/\/github\.com\/\.extraheader' && git config --local --unset-all 'http.https://github.com/.extraheader' || :"
2024-03-04T14:36:44.2529478Z [command]/usr/bin/git config --local http.https://github.com/.extraheader AUTHORIZATION: basic ***
2024-03-04T14:36:44.2576749Z ##[endgroup]
2024-03-04T14:36:44.2577439Z ##[group]Fetching the repository
2024-03-04T14:36:44.2585202Z [command]/usr/bin/git -c protocol.version=2 fetch --no-tags --prune --progress --no-recurse-submodules --depth=1 origin +83814f1f9157966fe0dff46e3a26cca351996ab0:refs/remotes/origin/main
2024-03-04T14:36:44.4640047Z remote: Enumerating objects: 1750, done.        
2024-03-04T14:36:44.4642941Z remote: Counting objects:   0% (1/1750)        
2024-03-04T14:36:44.4644062Z remote: Counting objects:   1% (18/1750)        
2024-03-04T14:36:44.4644690Z remote: Counting objects:   2% (35/1750)        
2024-03-04T14:36:44.4645231Z remote: Counting objects:   3% (53/1750)        
2024-03-04T14:36:44.4645973Z remote: Counting objects:   4% (70/1750)        
2024-03-04T14:36:44.4646835Z remote: Counting objects:   5% (88/1750)        
2024-03-04T14:36:44.4647579Z remote: Counting objects:   6% (105/1750)        
2024-03-04T14:36:44.4648255Z remote: Counting objects:   7% (123/1750)        
2024-03-04T14:36:44.4648759Z remote: Counting objects:   8% (140/1750)        
2024-03-04T14:36:44.4649568Z remote: Counting objects:   9% (158/1750)        
2024-03-04T14:36:44.4650601Z remote: Counting objects:  10% (175/1750)        
2024-03-04T14:36:44.4651180Z remote: Counting objects:  11% (193/1750)        
2024-03-04T14:36:44.4651970Z remote: Counting objects:  12% (210/1750)        
2024-03-04T14:36:44.4652853Z remote: Counting objects:  13% (228/1750)        
2024-03-04T14:36:44.4653626Z remote: Counting objects:  14% (245/1750)        
2024-03-04T14:36:44.4654464Z remote: Counting objects:  15% (263/1750)        
2024-03-04T14:36:44.4654938Z remote: Counting objects:  16% (280/1750)        
2024-03-04T14:36:44.4655585Z remote: Counting objects:  17% (298/1750)        
2024-03-04T14:36:44.4656434Z remote: Counting objects:  18% (315/1750)        
2024-03-04T14:36:44.4657095Z remote: Counting objects:  19% (333/1750)        
2024-03-04T14:36:44.4657562Z remote: Counting objects:  20% (350/1750)        
2024-03-04T14:36:44.4658381Z remote: Counting objects:  21% (368/1750)        
2024-03-04T14:36:44.4659107Z remote: Counting objects:  22% (385/1750)        
2024-03-04T14:36:44.4659720Z remote: Counting objects:  23% (403/1750)        
2024-03-04T14:36:44.4660749Z remote: Counting objects:  24% (420/1750)        
2024-03-04T14:36:44.4661539Z remote: Counting objects:  25% (438/1750)        
2024-03-04T14:36:44.4662410Z remote: Counting objects:  26% (455/1750)        
2024-03-04T14:36:44.4663025Z remote: Counting objects:  27% (473/1750)        
2024-03-04T14:36:44.4663501Z remote: Counting objects:  28% (490/1750)        
2024-03-04T14:36:44.4664063Z remote: Counting objects:  29% (508/1750)        
2024-03-04T14:36:44.4664510Z remote: Counting objects:  30% (525/1750)        
2024-03-04T14:36:44.4665002Z remote: Counting objects:  31% (543/1750)        
2024-03-04T14:36:44.4665748Z remote: Counting objects:  32% (560/1750)        
2024-03-04T14:36:44.4666472Z remote: Counting objects:  33% (578/1750)        
2024-03-04T14:36:44.4667132Z remote: Counting objects:  34% (595/1750)        
2024-03-04T14:36:44.4667706Z remote: Counting objects:  35% (613/1750)        
2024-03-04T14:36:44.4668180Z remote: Counting objects:  36% (630/1750)        
2024-03-04T14:36:44.4668669Z remote: Counting objects:  37% (648/1750)        
2024-03-04T14:36:44.4669180Z remote: Counting objects:  38% (665/1750)        
2024-03-04T14:36:44.4669659Z remote: Counting objects:  39% (683/1750)        
2024-03-04T14:36:44.4670138Z remote: Counting objects:  40% (700/1750)        
2024-03-04T14:36:44.4670691Z remote: Counting objects:  41% (718/1750)        
2024-03-04T14:36:44.4671137Z remote: Counting objects:  42% (735/1750)        
2024-03-04T14:36:44.4671609Z remote: Counting objects:  43% (753/1750)        
2024-03-04T14:36:44.4672155Z remote: Counting objects:  44% (770/1750)        
2024-03-04T14:36:44.4672629Z remote: Counting objects:  45% (788/1750)        
2024-03-04T14:36:44.4673052Z remote: Counting objects:  46% (805/1750)        
2024-03-04T14:36:44.4673598Z remote: Counting objects:  47% (823/1750)        
2024-03-04T14:36:44.4674074Z remote: Counting objects:  48% (840/1750)        
2024-03-04T14:36:44.4674531Z remote: Counting objects:  49% (858/1750)        
2024-03-04T14:36:44.4675274Z remote: Counting objects:  50% (875/1750)        
2024-03-04T14:36:44.4675752Z remote: Counting objects:  51% (893/1750)        
2024-03-04T14:36:44.4676228Z remote: Counting objects:  52% (910/1750)        
2024-03-04T14:36:44.4676797Z remote: Counting objects:  53% (928/1750)        
2024-03-04T14:36:44.4677222Z remote: Counting objects:  54% (945/1750)        
2024-03-04T14:36:44.4677689Z remote: Counting objects:  55% (963/1750)        
2024-03-04T14:36:44.4678254Z remote: Counting objects:  56% (980/1750)        
2024-03-04T14:36:44.4678717Z remote: Counting objects:  57% (998/1750)        
2024-03-04T14:36:44.4679169Z remote: Counting objects:  58% (1015/1750)        
2024-03-04T14:36:44.4679753Z remote: Counting objects:  59% (1033/1750)        
2024-03-04T14:36:44.4680246Z remote: Counting objects:  60% (1050/1750)        
2024-03-04T14:36:44.4680827Z remote: Counting objects:  61% (1068/1750)        
2024-03-04T14:36:44.4681283Z remote: Counting objects:  62% (1085/1750)        
2024-03-04T14:36:44.4681770Z remote: Counting objects:  63% (1103/1750)        
2024-03-04T14:36:44.4682453Z remote: Counting objects:  64% (1120/1750)        
2024-03-04T14:36:44.4682954Z remote: Counting objects:  65% (1138/1750)        
2024-03-04T14:36:44.4683464Z remote: Counting objects:  66% (1155/1750)        
2024-03-04T14:36:44.4683990Z remote: Counting objects:  67% (1173/1750)        
2024-03-04T14:36:44.4684466Z remote: Counting objects:  68% (1190/1750)        
2024-03-04T14:36:44.4684959Z remote: Counting objects:  69% (1208/1750)        
2024-03-04T14:36:44.4685509Z remote: Counting objects:  70% (1225/1750)        
2024-03-04T14:36:44.4685966Z remote: Counting objects:  71% (1243/1750)        
2024-03-04T14:36:44.4686457Z remote: Counting objects:  72% (1260/1750)        
2024-03-04T14:36:44.4687011Z remote: Counting objects:  73% (1278/1750)        
2024-03-04T14:36:44.4687501Z remote: Counting objects:  74% (1295/1750)        
2024-03-04T14:36:44.4687950Z remote: Counting objects:  75% (1313/1750)        
2024-03-04T14:36:44.4688510Z remote: Counting objects:  76% (1330/1750)        
2024-03-04T14:36:44.4689012Z remote: Counting objects:  77% (1348/1750)        
2024-03-04T14:36:44.4689961Z remote: Counting objects:  78% (1365/1750)        
2024-03-04T14:36:44.4690915Z remote: Counting objects:  79% (1383/1750)        
2024-03-04T14:36:44.4691612Z remote: Counting objects:  80% (1400/1750)        
2024-03-04T14:36:44.4692252Z remote: Counting objects:  81% (1418/1750)        
2024-03-04T14:36:44.4692711Z remote: Counting objects:  82% (1435/1750)        
2024-03-04T14:36:44.4693212Z remote: Counting objects:  83% (1453/1750)        
2024-03-04T14:36:44.4693783Z remote: Counting objects:  84% (1470/1750)        
2024-03-04T14:36:44.4694279Z remote: Counting objects:  85% (1488/1750)        
2024-03-04T14:36:44.4694781Z remote: Counting objects:  86% (1505/1750)        
2024-03-04T14:36:44.4695371Z remote: Counting objects:  87% (1523/1750)        
2024-03-04T14:36:44.4695870Z remote: Counting objects:  88% (1540/1750)        
2024-03-04T14:36:44.4696379Z remote: Counting objects:  89% (1558/1750)        
2024-03-04T14:36:44.4697203Z remote: Counting objects:  90% (1575/1750)        
2024-03-04T14:36:44.4697982Z remote: Counting objects:  91% (1593/1750)        
2024-03-04T14:36:44.4698547Z remote: Counting objects:  92% (1610/1750)        
2024-03-04T14:36:44.4699155Z remote: Counting objects:  93% (1628/1750)        
2024-03-04T14:36:44.4699633Z remote: Counting objects:  94% (1645/1750)        
2024-03-04T14:36:44.4700075Z remote: Counting objects:  95% (1663/1750)        
2024-03-04T14:36:44.4700675Z remote: Counting objects:  96% (1680/1750)        
2024-03-04T14:36:44.4701149Z remote: Counting objects:  97% (1698/1750)        
2024-03-04T14:36:44.4701638Z remote: Counting objects:  98% (1715/1750)        
2024-03-04T14:36:44.4702185Z remote: Counting objects:  99% (1733/1750)        
2024-03-04T14:36:44.4702654Z remote: Counting objects: 100% (1750/1750)        
2024-03-04T14:36:44.4703355Z remote: Counting objects: 100% (1750/1750), done.        
2024-03-04T14:36:44.4704379Z remote: Compressing objects:   0% (1/1566)        
2024-03-04T14:36:44.4705124Z remote: Compressing objects:   1% (16/1566)        
2024-03-04T14:36:44.4705648Z remote: Compressing objects:   2% (32/1566)        
2024-03-04T14:36:44.4706271Z remote: Compressing objects:   3% (47/1566)        
2024-03-04T14:36:44.4706782Z remote: Compressing objects:   4% (63/1566)        
2024-03-04T14:36:44.4707248Z remote: Compressing objects:   5% (79/1566)        
2024-03-04T14:36:44.4707829Z remote: Compressing objects:   6% (94/1566)        
2024-03-04T14:36:44.4713011Z remote: Compressing objects:   7% (110/1566)        
2024-03-04T14:36:44.4727076Z remote: Compressing objects:   8% (126/1566)        
2024-03-04T14:36:44.4799278Z remote: Compressing objects:   9% (141/1566)        
2024-03-04T14:36:44.4800863Z remote: Compressing objects:  10% (157/1566)        
2024-03-04T14:36:44.4801738Z remote: Compressing objects:  11% (173/1566)        
2024-03-04T14:36:44.4804000Z remote: Compressing objects:  12% (188/1566)        
2024-03-04T14:36:44.4843377Z remote: Compressing objects:  13% (204/1566)        
2024-03-04T14:36:44.4845988Z remote: Compressing objects:  14% (220/1566)        
2024-03-04T14:36:44.4852794Z remote: Compressing objects:  15% (235/1566)        
2024-03-04T14:36:44.4854501Z remote: Compressing objects:  16% (251/1566)        
2024-03-04T14:36:44.4859731Z remote: Compressing objects:  17% (267/1566)        
2024-03-04T14:36:44.4870301Z remote: Compressing objects:  18% (282/1566)        
2024-03-04T14:36:44.4885830Z remote: Compressing objects:  19% (298/1566)        
2024-03-04T14:36:44.4906202Z remote: Compressing objects:  20% (314/1566)        
2024-03-04T14:36:44.4959513Z remote: Compressing objects:  21% (329/1566)        
2024-03-04T14:36:44.4984890Z remote: Compressing objects:  22% (345/1566)        
2024-03-04T14:36:44.4989244Z remote: Compressing objects:  23% (361/1566)        
2024-03-04T14:36:44.4993422Z remote: Compressing objects:  24% (376/1566)        
2024-03-04T14:36:44.5001715Z remote: Compressing objects:  25% (392/1566)        
2024-03-04T14:36:44.5009023Z remote: Compressing objects:  26% (408/1566)        
2024-03-04T14:36:44.5028779Z remote: Compressing objects:  27% (423/1566)        
2024-03-04T14:36:44.5032384Z remote: Compressing objects:  28% (439/1566)        
2024-03-04T14:36:44.5042015Z remote: Compressing objects:  29% (455/1566)        
2024-03-04T14:36:44.5058108Z remote: Compressing objects:  30% (470/1566)        
2024-03-04T14:36:44.5088714Z remote: Compressing objects:  31% (486/1566)        
2024-03-04T14:36:44.5101604Z remote: Compressing objects:  32% (502/1566)        
2024-03-04T14:36:44.5111992Z remote: Compressing objects:  33% (517/1566)        
2024-03-04T14:36:44.5120808Z remote: Compressing objects:  34% (533/1566)        
2024-03-04T14:36:44.5121541Z remote: Compressing objects:  35% (549/1566)        
2024-03-04T14:36:44.5125961Z remote: Compressing objects:  36% (564/1566)        
2024-03-04T14:36:44.5132947Z remote: Compressing objects:  37% (580/1566)        
2024-03-04T14:36:44.5133702Z remote: Compressing objects:  38% (596/1566)        
2024-03-04T14:36:44.5134736Z remote: Compressing objects:  39% (611/1566)        
2024-03-04T14:36:44.5135586Z remote: Compressing objects:  40% (627/1566)        
2024-03-04T14:36:44.5136330Z remote: Compressing objects:  41% (643/1566)        
2024-03-04T14:36:44.5138194Z remote: Compressing objects:  42% (658/1566)        
2024-03-04T14:36:44.5144500Z remote: Compressing objects:  43% (674/1566)        
2024-03-04T14:36:44.5149836Z remote: Compressing objects:  44% (690/1566)        
2024-03-04T14:36:44.5150663Z remote: Compressing objects:  45% (705/1566)        
2024-03-04T14:36:44.5156530Z remote: Compressing objects:  46% (721/1566)        
2024-03-04T14:36:44.5160353Z remote: Compressing objects:  47% (737/1566)        
2024-03-04T14:36:44.5165758Z remote: Compressing objects:  48% (752/1566)        
2024-03-04T14:36:44.5166681Z remote: Compressing objects:  49% (768/1566)        
2024-03-04T14:36:44.5169415Z remote: Compressing objects:  50% (783/1566)        
2024-03-04T14:36:44.5172029Z remote: Compressing objects:  51% (799/1566)        
2024-03-04T14:36:44.5173893Z remote: Compressing objects:  52% (815/1566)        
2024-03-04T14:36:44.5178086Z remote: Compressing objects:  53% (830/1566)        
2024-03-04T14:36:44.5192680Z remote: Compressing objects:  54% (846/1566)        
2024-03-04T14:36:44.5202860Z remote: Compressing objects:  55% (862/1566)        
2024-03-04T14:36:44.5232083Z remote: Compressing objects:  56% (877/1566)        
2024-03-04T14:36:44.5262249Z remote: Compressing objects:  57% (893/1566)        
2024-03-04T14:36:44.5276640Z remote: Compressing objects:  58% (909/1566)        
2024-03-04T14:36:44.5283149Z remote: Compressing objects:  59% (924/1566)        
2024-03-04T14:36:44.5291888Z remote: Compressing objects:  60% (940/1566)        
2024-03-04T14:36:44.5292513Z remote: Compressing objects:  61% (956/1566)        
2024-03-04T14:36:44.5297460Z remote: Compressing objects:  62% (971/1566)        
2024-03-04T14:36:44.5304386Z remote: Compressing objects:  63% (987/1566)        
2024-03-04T14:36:44.5307484Z remote: Compressing objects:  64% (1003/1566)        
2024-03-04T14:36:44.5310474Z remote: Compressing objects:  65% (1018/1566)        
2024-03-04T14:36:44.5316451Z remote: Compressing objects:  66% (1034/1566)        
2024-03-04T14:36:44.5322818Z remote: Compressing objects:  67% (1050/1566)        
2024-03-04T14:36:44.5332519Z remote: Compressing objects:  68% (1065/1566)        
2024-03-04T14:36:44.5341313Z remote: Compressing objects:  69% (1081/1566)        
2024-03-04T14:36:44.5345893Z remote: Compressing objects:  70% (1097/1566)        
2024-03-04T14:36:44.5351164Z remote: Compressing objects:  71% (1112/1566)        
2024-03-04T14:36:44.5355942Z remote: Compressing objects:  72% (1128/1566)        
2024-03-04T14:36:44.5365730Z remote: Compressing objects:  73% (1144/1566)        
2024-03-04T14:36:44.5370324Z remote: Compressing objects:  74% (1159/1566)        
2024-03-04T14:36:44.5388149Z remote: Compressing objects:  75% (1175/1566)        
2024-03-04T14:36:44.5452111Z remote: Compressing objects:  76% (1191/1566)        
2024-03-04T14:36:44.5471911Z remote: Compressing objects:  77% (1206/1566)        
2024-03-04T14:36:44.5488124Z remote: Compressing objects:  78% (1222/1566)        
2024-03-04T14:36:44.5504857Z remote: Compressing objects:  79% (1238/1566)        
2024-03-04T14:36:44.5529391Z remote: Compressing objects:  80% (1253/1566)        
2024-03-04T14:36:44.5582117Z remote: Compressing objects:  81% (1269/1566)        
2024-03-04T14:36:44.5614126Z remote: Compressing objects:  82% (1285/1566)        
2024-03-04T14:36:44.5641392Z remote: Compressing objects:  83% (1300/1566)        
2024-03-04T14:36:44.5656183Z remote: Compressing objects:  84% (1316/1566)        
2024-03-04T14:36:44.5703688Z remote: Compressing objects:  85% (1332/1566)        
2024-03-04T14:36:44.5748381Z remote: Compressing objects:  86% (1347/1566)        
2024-03-04T14:36:44.5764608Z remote: Compressing objects:  87% (1363/1566)        
2024-03-04T14:36:44.5771376Z remote: Compressing objects:  88% (1379/1566)        
2024-03-04T14:36:44.5774547Z remote: Compressing objects:  89% (1394/1566)        
2024-03-04T14:36:44.5776135Z remote: Compressing objects:  90% (1410/1566)        
2024-03-04T14:36:44.5777128Z remote: Compressing objects:  91% (1426/1566)        
2024-03-04T14:36:44.5781957Z remote: Compressing objects:  92% (1441/1566)        
2024-03-04T14:36:44.5784551Z remote: Compressing objects:  93% (1457/1566)        
2024-03-04T14:36:44.5786194Z remote: Compressing objects:  94% (1473/1566)        
2024-03-04T14:36:44.5787878Z remote: Compressing objects:  95% (1488/1566)        
2024-03-04T14:36:44.5790210Z remote: Compressing objects:  96% (1504/1566)        
2024-03-04T14:36:44.5791895Z remote: Compressing objects:  97% (1520/1566)        
2024-03-04T14:36:44.5792982Z remote: Compressing objects:  98% (1535/1566)        
2024-03-04T14:36:44.5794308Z remote: Compressing objects:  99% (1551/1566)        
2024-03-04T14:36:44.5795294Z remote: Compressing objects: 100% (1566/1566)        
2024-03-04T14:36:44.5796800Z remote: Compressing objects: 100% (1566/1566), done.        
2024-03-04T14:36:44.5837971Z Receiving objects:   0% (1/1750)
2024-03-04T14:36:44.5849551Z Receiving objects:   1% (18/1750)
2024-03-04T14:36:44.5902645Z Receiving objects:   2% (35/1750)
2024-03-04T14:36:44.6435781Z Receiving objects:   3% (53/1750)
2024-03-04T14:36:44.7422642Z Receiving objects:   4% (70/1750)
2024-03-04T14:36:44.7425108Z Receiving objects:   5% (88/1750)
2024-03-04T14:36:44.7429226Z Receiving objects:   6% (105/1750)
2024-03-04T14:36:44.7433975Z Receiving objects:   7% (123/1750)
2024-03-04T14:36:44.7438496Z Receiving objects:   8% (140/1750)
2024-03-04T14:36:44.7442130Z Receiving objects:   9% (158/1750)
2024-03-04T14:36:44.7445494Z Receiving objects:  10% (175/1750)
2024-03-04T14:36:44.7448982Z Receiving objects:  11% (193/1750)
2024-03-04T14:36:44.7452243Z Receiving objects:  12% (210/1750)
2024-03-04T14:36:44.7462169Z Receiving objects:  13% (228/1750)
2024-03-04T14:36:44.7465943Z Receiving objects:  14% (245/1750)
2024-03-04T14:36:44.7468683Z Receiving objects:  15% (263/1750)
2024-03-04T14:36:44.7472667Z Receiving objects:  16% (280/1750)
2024-03-04T14:36:44.7478209Z Receiving objects:  17% (298/1750)
2024-03-04T14:36:44.7483195Z Receiving objects:  18% (315/1750)
2024-03-04T14:36:44.7487835Z Receiving objects:  19% (333/1750)
2024-03-04T14:36:44.7491897Z Receiving objects:  20% (350/1750)
2024-03-04T14:36:44.7495318Z Receiving objects:  21% (368/1750)
2024-03-04T14:36:44.7498730Z Receiving objects:  22% (385/1750)
2024-03-04T14:36:44.7503266Z Receiving objects:  23% (403/1750)
2024-03-04T14:36:44.7505902Z Receiving objects:  24% (420/1750)
2024-03-04T14:36:44.7510054Z Receiving objects:  25% (438/1750)
2024-03-04T14:36:44.7511320Z Receiving objects:  26% (455/1750)
2024-03-04T14:36:44.7513860Z Receiving objects:  27% (473/1750)
2024-03-04T14:36:44.7518202Z Receiving objects:  28% (490/1750)
2024-03-04T14:36:44.7519218Z Receiving objects:  29% (508/1750)
2024-03-04T14:36:44.7522478Z Receiving objects:  30% (525/1750)
2024-03-04T14:36:44.7526616Z Receiving objects:  31% (543/1750)
2024-03-04T14:36:44.7529124Z Receiving objects:  32% (560/1750)
2024-03-04T14:36:44.7531572Z Receiving objects:  33% (578/1750)
2024-03-04T14:36:44.7534793Z Receiving objects:  34% (595/1750)
2024-03-04T14:36:44.7535480Z Receiving objects:  35% (613/1750)
2024-03-04T14:36:44.7538831Z Receiving objects:  36% (630/1750)
2024-03-04T14:36:44.7543817Z Receiving objects:  37% (648/1750)
2024-03-04T14:36:44.7544566Z Receiving objects:  38% (665/1750)
2024-03-04T14:36:44.7547445Z Receiving objects:  39% (683/1750)
2024-03-04T14:36:44.7549672Z Receiving objects:  40% (700/1750)
2024-03-04T14:36:44.7552417Z Receiving objects:  41% (718/1750)
2024-03-04T14:36:44.7554648Z Receiving objects:  42% (735/1750)
2024-03-04T14:36:44.7557977Z Receiving objects:  43% (753/1750)
2024-03-04T14:36:44.7560594Z Receiving objects:  44% (770/1750)
2024-03-04T14:36:44.7563187Z Receiving objects:  45% (788/1750)
2024-03-04T14:36:44.7566314Z Receiving objects:  46% (805/1750)
2024-03-04T14:36:44.7572493Z Receiving objects:  47% (823/1750)
2024-03-04T14:36:44.7573340Z Receiving objects:  48% (840/1750)
2024-03-04T14:36:44.7575525Z Receiving objects:  49% (858/1750)
2024-03-04T14:36:44.7577792Z Receiving objects:  50% (875/1750)
2024-03-04T14:36:44.7582193Z Receiving objects:  51% (893/1750)
2024-03-04T14:36:44.7582648Z Receiving objects:  52% (910/1750)
2024-03-04T14:36:44.7587298Z Receiving objects:  53% (928/1750)
2024-03-04T14:36:44.7591217Z Receiving objects:  54% (945/1750)
2024-03-04T14:36:44.7597742Z Receiving objects:  55% (963/1750)
2024-03-04T14:36:44.7601796Z Receiving objects:  56% (980/1750)
2024-03-04T14:36:44.7603145Z Receiving objects:  57% (998/1750)
2024-03-04T14:36:44.7605090Z Receiving objects:  58% (1015/1750)
2024-03-04T14:36:44.7606864Z Receiving objects:  59% (1033/1750)
2024-03-04T14:36:44.7610984Z Receiving objects:  60% (1050/1750)
2024-03-04T14:36:44.7611828Z Receiving objects:  61% (1068/1750)
2024-03-04T14:36:44.7612613Z Receiving objects:  62% (1085/1750)
2024-03-04T14:36:44.7614686Z Receiving objects:  63% (1103/1750)
2024-03-04T14:36:44.7616510Z Receiving objects:  64% (1120/1750)
2024-03-04T14:36:44.7618875Z Receiving objects:  65% (1138/1750)
2024-03-04T14:36:44.7620988Z Receiving objects:  66% (1155/1750)
2024-03-04T14:36:44.7625836Z Receiving objects:  67% (1173/1750)
2024-03-04T14:36:44.7626739Z Receiving objects:  68% (1190/1750)
2024-03-04T14:36:44.7627410Z Receiving objects:  69% (1208/1750)
2024-03-04T14:36:44.7629172Z Receiving objects:  70% (1225/1750)
2024-03-04T14:36:44.7636426Z Receiving objects:  71% (1243/1750)
2024-03-04T14:36:44.7648269Z Receiving objects:  72% (1260/1750)
2024-03-04T14:36:44.7650577Z Receiving objects:  73% (1278/1750)
2024-03-04T14:36:44.7652891Z Receiving objects:  74% (1295/1750)
2024-03-04T14:36:44.7822704Z Receiving objects:  75% (1313/1750)
2024-03-04T14:36:44.8071229Z Receiving objects:  76% (1330/1750)
2024-03-04T14:36:44.8211186Z Receiving objects:  77% (1348/1750)
2024-03-04T14:36:44.8447860Z Receiving objects:  78% (1365/1750)
2024-03-04T14:36:44.8540116Z Receiving objects:  79% (1383/1750)
2024-03-04T14:36:44.8811744Z Receiving objects:  80% (1400/1750)
2024-03-04T14:36:44.8817439Z Receiving objects:  81% (1418/1750)
2024-03-04T14:36:44.8820630Z Receiving objects:  82% (1435/1750)
2024-03-04T14:36:44.8822939Z Receiving objects:  83% (1453/1750)
2024-03-04T14:36:44.8828690Z Receiving objects:  84% (1470/1750)
2024-03-04T14:36:44.8832905Z Receiving objects:  85% (1488/1750)
2024-03-04T14:36:44.8839575Z Receiving objects:  86% (1505/1750)
2024-03-04T14:36:44.8847014Z Receiving objects:  87% (1523/1750)
2024-03-04T14:36:44.8852112Z Receiving objects:  88% (1540/1750)
2024-03-04T14:36:44.8858129Z Receiving objects:  89% (1558/1750)
2024-03-04T14:36:44.8864643Z Receiving objects:  90% (1575/1750)
2024-03-04T14:36:44.8871443Z Receiving objects:  91% (1593/1750)
2024-03-04T14:36:44.8876525Z Receiving objects:  92% (1610/1750)
2024-03-04T14:36:44.8881060Z Receiving objects:  93% (1628/1750)
2024-03-04T14:36:44.8885824Z Receiving objects:  94% (1645/1750)
2024-03-04T14:36:44.8889313Z Receiving objects:  95% (1663/1750)
2024-03-04T14:36:44.8892368Z Receiving objects:  96% (1680/1750)
2024-03-04T14:36:44.8900755Z Receiving objects:  97% (1698/1750)
2024-03-04T14:36:44.8909038Z Receiving objects:  98% (1715/1750)
2024-03-04T14:36:44.8923847Z Receiving objects:  99% (1733/1750)
2024-03-04T14:36:44.8925552Z remote: Total 1750 (delta 279), reused 983 (delta 145), pack-reused 0        
2024-03-04T14:36:44.8933278Z Receiving objects: 100% (1750/1750)
2024-03-04T14:36:44.8934620Z Receiving objects: 100% (1750/1750), 6.60 MiB | 21.25 MiB/s, done.
2024-03-04T14:36:44.8939847Z Resolving deltas:   0% (0/279)
2024-03-04T14:36:44.8940539Z Resolving deltas:   1% (3/279)
2024-03-04T14:36:44.8942758Z Resolving deltas:   2% (6/279)
2024-03-04T14:36:44.8944634Z Resolving deltas:   3% (9/279)
2024-03-04T14:36:44.8948075Z Resolving deltas:   4% (12/279)
2024-03-04T14:36:44.8948993Z Resolving deltas:   5% (14/279)
2024-03-04T14:36:44.8951128Z Resolving deltas:   6% (17/279)
2024-03-04T14:36:44.8951830Z Resolving deltas:   7% (20/279)
2024-03-04T14:36:44.8952650Z Resolving deltas:   8% (23/279)
2024-03-04T14:36:44.8953502Z Resolving deltas:   9% (26/279)
2024-03-04T14:36:44.8954151Z Resolving deltas:  10% (28/279)
2024-03-04T14:36:44.8963840Z Resolving deltas:  11% (31/279)
2024-03-04T14:36:44.8965511Z Resolving deltas:  12% (34/279)
2024-03-04T14:36:44.8966388Z Resolving deltas:  13% (37/279)
2024-03-04T14:36:44.8972449Z Resolving deltas:  14% (40/279)
2024-03-04T14:36:44.8973573Z Resolving deltas:  15% (42/279)
2024-03-04T14:36:44.8974399Z Resolving deltas:  16% (45/279)
2024-03-04T14:36:44.8975574Z Resolving deltas:  17% (48/279)
2024-03-04T14:36:44.8976414Z Resolving deltas:  18% (51/279)
2024-03-04T14:36:44.8977126Z Resolving deltas:  19% (54/279)
2024-03-04T14:36:44.8980304Z Resolving deltas:  20% (56/279)
2024-03-04T14:36:44.8981175Z Resolving deltas:  21% (59/279)
2024-03-04T14:36:44.8981900Z Resolving deltas:  22% (62/279)
2024-03-04T14:36:44.8984000Z Resolving deltas:  23% (65/279)
2024-03-04T14:36:44.8984906Z Resolving deltas:  24% (67/279)
2024-03-04T14:36:44.8985521Z Resolving deltas:  25% (70/279)
2024-03-04T14:36:44.8986303Z Resolving deltas:  26% (73/279)
2024-03-04T14:36:44.8986932Z Resolving deltas:  27% (76/279)
2024-03-04T14:36:44.8987656Z Resolving deltas:  28% (79/279)
2024-03-04T14:36:44.8988221Z Resolving deltas:  29% (81/279)
2024-03-04T14:36:44.8988840Z Resolving deltas:  30% (84/279)
2024-03-04T14:36:44.8989564Z Resolving deltas:  31% (87/279)
2024-03-04T14:36:44.8990201Z Resolving deltas:  32% (90/279)
2024-03-04T14:36:44.8990781Z Resolving deltas:  33% (93/279)
2024-03-04T14:36:44.8992081Z Resolving deltas:  34% (95/279)
2024-03-04T14:36:44.8993163Z Resolving deltas:  35% (98/279)
2024-03-04T14:36:44.8994666Z Resolving deltas:  36% (101/279)
2024-03-04T14:36:44.8996415Z Resolving deltas:  37% (104/279)
2024-03-04T14:36:44.8997682Z Resolving deltas:  38% (107/279)
2024-03-04T14:36:44.8998864Z Resolving deltas:  39% (109/279)
2024-03-04T14:36:44.9001380Z Resolving deltas:  40% (112/279)
2024-03-04T14:36:44.9003218Z Resolving deltas:  41% (115/279)
2024-03-04T14:36:44.9004651Z Resolving deltas:  42% (118/279)
2024-03-04T14:36:44.9008889Z Resolving deltas:  43% (120/279)
2024-03-04T14:36:44.9010709Z Resolving deltas:  44% (123/279)
2024-03-04T14:36:44.9011572Z Resolving deltas:  45% (126/279)
2024-03-04T14:36:44.9012183Z Resolving deltas:  46% (129/279)
2024-03-04T14:36:44.9012817Z Resolving deltas:  47% (132/279)
2024-03-04T14:36:44.9013616Z Resolving deltas:  48% (135/279)
2024-03-04T14:36:44.9014196Z Resolving deltas:  49% (137/279)
2024-03-04T14:36:44.9014818Z Resolving deltas:  50% (140/279)
2024-03-04T14:36:44.9015602Z Resolving deltas:  51% (143/279)
2024-03-04T14:36:44.9016222Z Resolving deltas:  52% (146/279)
2024-03-04T14:36:44.9016827Z Resolving deltas:  53% (148/279)
2024-03-04T14:36:44.9017558Z Resolving deltas:  54% (151/279)
2024-03-04T14:36:44.9018179Z Resolving deltas:  55% (154/279)
2024-03-04T14:36:44.9020024Z Resolving deltas:  56% (157/279)
2024-03-04T14:36:44.9020861Z Resolving deltas:  57% (160/279)
2024-03-04T14:36:44.9021546Z Resolving deltas:  58% (162/279)
2024-03-04T14:36:44.9022138Z Resolving deltas:  59% (165/279)
2024-03-04T14:36:44.9026070Z Resolving deltas:  60% (168/279)
2024-03-04T14:36:44.9026967Z Resolving deltas:  61% (171/279)
2024-03-04T14:36:44.9027805Z Resolving deltas:  62% (173/279)
2024-03-04T14:36:44.9028887Z Resolving deltas:  63% (176/279)
2024-03-04T14:36:44.9029649Z Resolving deltas:  64% (179/279)
2024-03-04T14:36:44.9030607Z Resolving deltas:  65% (182/279)
2024-03-04T14:36:44.9031479Z Resolving deltas:  66% (185/279)
2024-03-04T14:36:44.9032312Z Resolving deltas:  67% (187/279)
2024-03-04T14:36:44.9033906Z Resolving deltas:  68% (190/279)
2024-03-04T14:36:44.9034766Z Resolving deltas:  69% (193/279)
2024-03-04T14:36:44.9035660Z Resolving deltas:  70% (196/279)
2024-03-04T14:36:44.9036503Z Resolving deltas:  71% (199/279)
2024-03-04T14:36:44.9037138Z Resolving deltas:  72% (201/279)
2024-03-04T14:36:44.9037724Z Resolving deltas:  73% (204/279)
2024-03-04T14:36:44.9038476Z Resolving deltas:  74% (207/279)
2024-03-04T14:36:44.9039087Z Resolving deltas:  75% (210/279)
2024-03-04T14:36:44.9039709Z Resolving deltas:  76% (213/279)
2024-03-04T14:36:44.9040479Z Resolving deltas:  77% (215/279)
2024-03-04T14:36:44.9041101Z Resolving deltas:  78% (218/279)
2024-03-04T14:36:44.9041728Z Resolving deltas:  79% (221/279)
2024-03-04T14:36:44.9042450Z Resolving deltas:  80% (224/279)
2024-03-04T14:36:44.9043016Z Resolving deltas:  81% (226/279)
2024-03-04T14:36:44.9043642Z Resolving deltas:  82% (229/279)
2024-03-04T14:36:44.9044362Z Resolving deltas:  83% (232/279)
2024-03-04T14:36:44.9044927Z Resolving deltas:  84% (235/279)
2024-03-04T14:36:44.9045562Z Resolving deltas:  85% (238/279)
2024-03-04T14:36:44.9046575Z Resolving deltas:  86% (240/279)
2024-03-04T14:36:44.9065902Z Resolving deltas:  87% (243/279)
2024-03-04T14:36:44.9066742Z Resolving deltas:  88% (246/279)
2024-03-04T14:36:44.9067543Z Resolving deltas:  89% (249/279)
2024-03-04T14:36:44.9068249Z Resolving deltas:  90% (252/279)
2024-03-04T14:36:44.9069042Z Resolving deltas:  91% (254/279)
2024-03-04T14:36:44.9069718Z Resolving deltas:  92% (257/279)
2024-03-04T14:36:44.9070466Z Resolving deltas:  93% (260/279)
2024-03-04T14:36:44.9071017Z Resolving deltas:  94% (263/279)
2024-03-04T14:36:44.9071445Z Resolving deltas:  95% (266/279)
2024-03-04T14:36:44.9071945Z Resolving deltas:  96% (268/279)
2024-03-04T14:36:44.9072870Z Resolving deltas:  97% (271/279)
2024-03-04T14:36:44.9073380Z Resolving deltas:  98% (274/279)
2024-03-04T14:36:44.9073792Z Resolving deltas:  99% (277/279)
2024-03-04T14:36:44.9074247Z Resolving deltas: 100% (279/279)
2024-03-04T14:36:44.9074679Z Resolving deltas: 100% (279/279), done.
2024-03-04T14:36:44.9216678Z From https://github.com/rubyforgood/human-essentials
2024-03-04T14:36:44.9217765Z  * [new ref]         83814f1f9157966fe0dff46e3a26cca351996ab0 -> origin/main
2024-03-04T14:36:44.9244706Z ##[endgroup]
2024-03-04T14:36:44.9246394Z ##[group]Determining the checkout info
2024-03-04T14:36:44.9247914Z ##[endgroup]
2024-03-04T14:36:44.9249293Z ##[group]Checking out the ref
2024-03-04T14:36:44.9254240Z [command]/usr/bin/git checkout --progress --force -B main refs/remotes/origin/main
2024-03-04T14:36:45.0579481Z Switched to a new branch 'main'
2024-03-04T14:36:45.0580419Z branch 'main' set up to track 'origin/main'.
2024-03-04T14:36:45.0589681Z ##[endgroup]
2024-03-04T14:36:45.0636099Z [command]/usr/bin/git log -1 --format='%H'
2024-03-04T14:36:45.0669434Z '83814f1f9157966fe0dff46e3a26cca351996ab0'
2024-03-04T14:36:45.0964223Z ##[group]Run ruby/setup-ruby@v1
2024-03-04T14:36:45.0964667Z with:
2024-03-04T14:36:45.0965086Z   bundler-cache: true
2024-03-04T14:36:45.0965451Z   ruby-version: default
2024-03-04T14:36:45.0965805Z ##[endgroup]
2024-03-04T14:36:45.2835365Z Using 3.2.2 as input from file .ruby-version
2024-03-04T14:36:45.2861519Z ##[group]Modifying PATH
2024-03-04T14:36:45.2862078Z Entries added to PATH to use selected Ruby:
2024-03-04T14:36:45.2862890Z   /opt/hostedtoolcache/Ruby/3.2.2/x64/bin
2024-03-04T14:36:45.2863695Z ##[endgroup]
2024-03-04T14:36:45.2883593Z ##[group]Downloading Ruby
2024-03-04T14:36:45.2887045Z https://github.com/ruby/ruby-builder/releases/download/toolcache/ruby-3.2.2-ubuntu-22.04.tar.gz
2024-03-04T14:36:45.6324553Z Took   0.34 seconds
2024-03-04T14:36:45.6325558Z ##[endgroup]
2024-03-04T14:36:45.6326539Z ##[group]Extracting  Ruby
2024-03-04T14:36:45.6356597Z [command]/usr/bin/tar -xz -C /opt/hostedtoolcache/Ruby/3.2.2 -f /home/runner/work/_temp/376ae6f7-da2a-4604-95f9-e06b338a5fa0
2024-03-04T14:36:46.0091822Z Took   0.38 seconds
2024-03-04T14:36:46.0093051Z ##[endgroup]
2024-03-04T14:36:46.0093973Z ##[group]Print Ruby version
2024-03-04T14:36:46.0107023Z [command]/opt/hostedtoolcache/Ruby/3.2.2/x64/bin/ruby --version
2024-03-04T14:36:46.0309515Z ruby 3.2.2 (2023-03-30 revision e51014f9c0) [x86_64-linux]
2024-03-04T14:36:46.0329522Z Took   0.02 seconds
2024-03-04T14:36:46.0330769Z ##[endgroup]
2024-03-04T14:36:46.0332750Z ##[group]Installing Bundler
2024-03-04T14:36:46.0337121Z Using Bundler 2.5.6 from Gemfile.lock BUNDLED WITH 2.5.6
2024-03-04T14:36:46.0342100Z [command]/opt/hostedtoolcache/Ruby/3.2.2/x64/bin/gem install bundler -v 2.5.6
2024-03-04T14:36:46.7478195Z Successfully installed bundler-2.5.6
2024-03-04T14:36:46.7478711Z 1 gem installed
2024-03-04T14:36:46.7532346Z Took   0.72 seconds
2024-03-04T14:36:46.7533174Z ##[endgroup]
2024-03-04T14:36:46.7534131Z > bundle install
2024-03-04T14:36:46.7552882Z [command]/opt/hostedtoolcache/Ruby/3.2.2/x64/bin/bundle config --local path /home/runner/work/human-essentials/human-essentials/vendor/bundle
2024-03-04T14:36:46.9037409Z [command]/opt/hostedtoolcache/Ruby/3.2.2/x64/bin/bundle config --local deployment true
2024-03-04T14:36:47.0515022Z Cache key: setup-ruby-bundler-cache-v6-ubuntu-22.04-x64-ruby-3.2.2-wd-/home/runner/work/human-essentials/human-essentials-with--without--only--Gemfile.lock-60844b4a3086aa32f846e3f58e234a69708731f07e2b2bcd85fd7071e55588f8
2024-03-04T14:36:48.1709464Z Cache Size: ~205 MB (215078224 B)
2024-03-04T14:36:48.1710356Z Received 215078224 of 215078224 (100.0%), 205.1 MBs/sec
2024-03-04T14:36:48.1782546Z [command]/usr/bin/tar -xf /home/runner/work/_temp/b1697a96-ac61-4082-8714-07bd9c284ba1/cache.tzst -P -C /home/runner/work/human-essentials/human-essentials --use-compress-program unzstd
2024-03-04T14:36:49.9268325Z Cache restored successfully
2024-03-04T14:36:49.9691119Z Found cache for key: setup-ruby-bundler-cache-v6-ubuntu-22.04-x64-ruby-3.2.2-wd-/home/runner/work/human-essentials/human-essentials-with--without--only--Gemfile.lock-60844b4a3086aa32f846e3f58e234a69708731f07e2b2bcd85fd7071e55588f8
2024-03-04T14:36:49.9701768Z [command]/opt/hostedtoolcache/Ruby/3.2.2/x64/bin/bundle install --jobs 4
2024-03-04T14:36:50.3585502Z Bundle complete! 85 Gemfile dependencies, 246 gems now installed.
2024-03-04T14:36:50.3586638Z Bundled gems are installed into `./vendor/bundle`
2024-03-04T14:36:50.3631418Z Took   3.61 seconds
2024-03-04T14:36:50.3806113Z ##[group]Run sudo apt-get -yqq install libpq-dev
2024-03-04T14:36:50.3806933Z [36;1msudo apt-get -yqq install libpq-dev[0m
2024-03-04T14:36:50.3851920Z shell: /usr/bin/bash -e {0}
2024-03-04T14:36:50.3852565Z ##[endgroup]
2024-03-04T14:37:03.2638511Z ##[group]Run bundle exec rake db:create
2024-03-04T14:37:03.2639187Z [36;1mbundle exec rake db:create[0m
2024-03-04T14:37:03.2639643Z [36;1mbundle exec rake db:schema:load[0m
2024-03-04T14:37:03.2640208Z [36;1mbundle exec rails assets:precompile[0m
2024-03-04T14:37:03.2668345Z shell: /usr/bin/bash -e {0}
2024-03-04T14:37:03.2668741Z env:
2024-03-04T14:37:03.2669068Z   POSTGRES_HOST: localhost
2024-03-04T14:37:03.2669572Z   DATABASE_HOST: localhost
2024-03-04T14:37:03.2669948Z   PG_USERNAME: postgres
2024-03-04T14:37:03.2670316Z   PG_PASSWORD: password
2024-03-04T14:37:03.2670796Z   POSTGRES_HOST_AUTH_METHOD: trust
2024-03-04T14:37:03.2671208Z   POSTGRES_PORT: 5432
2024-03-04T14:37:03.2671523Z   RAILS_ENV: test
2024-03-04T14:37:03.2672189Z ##[endgroup]
2024-03-04T14:37:09.8482096Z We could not find your database: diaper_test. Which can be found in the database configuration file located at config/database.yml.
2024-03-04T14:37:09.8483029Z 
2024-03-04T14:37:09.8483296Z To resolve this issue:
2024-03-04T14:37:09.8483534Z 
2024-03-04T14:37:09.8484185Z - Did you create the database for this app, or delete it? You may need to create your database.
2024-03-04T14:37:09.8485230Z - Has the database name changed? Check your database.yml config has the correct database name.
2024-03-04T14:37:09.8485716Z 
2024-03-04T14:37:09.8485908Z To create your database, run:
2024-03-04T14:37:09.8486135Z 
2024-03-04T14:37:09.8486363Z         bin/rails db:create
2024-03-04T14:37:09.8486897Z . You likely need to run `rails g flipper:active_record` and/or `rails db:migrate`.
2024-03-04T14:37:10.0128927Z Created database 'diaper_test'
2024-03-04T14:37:10.3203843Z Coverage report generated for RSpec to /home/runner/work/human-essentials/human-essentials/coverage. 442 / 9987 LOC (4.43%) covered.
2024-03-04T14:37:16.8465590Z PG::UndefinedTable: ERROR:  relation "flipper_gates" does not exist
2024-03-04T14:37:16.8467028Z LINE 9:  WHERE a.attrelid = '"flipper_gates"'::regclass
2024-03-04T14:37:16.8468007Z                             ^
2024-03-04T14:37:16.8468934Z . You likely need to run `rails g flipper:active_record` and/or `rails db:migrate`.
2024-03-04T14:37:17.7767625Z Coverage report generated for RSpec to /home/runner/work/human-essentials/human-essentials/coverage. 442 / 9987 LOC (4.43%) covered.
2024-03-04T14:37:51.6550185Z W, [2024-03-04T06:37:51.654615 #2272]  WARN -- : Removed sourceMappingURL comment for missing asset 'adminlte.js.map' from /home/runner/work/human-essentials/human-essentials/app/javascript/adminlte.js
2024-03-04T14:37:51.7174643Z I, [2024-03-04T06:37:51.717111 #2272]  INFO -- : Writing /home/runner/work/human-essentials/human-essentials/public/assets/manifest-90aab26ade71e747f745b1227b433fd7d580a54f279ee2be6e1a67bb326bf03a.js
2024-03-04T14:37:51.7178851Z I, [2024-03-04T06:37:51.717315 #2272]  INFO -- : Writing /home/runner/work/human-essentials/human-essentials/public/assets/manifest-90aab26ade71e747f745b1227b433fd7d580a54f279ee2be6e1a67bb326bf03a.js.gz
2024-03-04T14:37:51.7182841Z I, [2024-03-04T06:37:51.717490 #2272]  INFO -- : Writing /home/runner/work/human-essentials/human-essentials/public/assets/filterrific/filterrific-spinner-415824b210964b6cdb1db0bd9508be8644b9fde094b392f73055b20d369885b6.gif
2024-03-04T14:37:51.7186198Z I, [2024-03-04T06:37:51.717780 #2272]  INFO -- : Writing /home/runner/work/human-essentials/human-essentials/public/assets/bootstrap.min-67c48d88a8e0be178058aacb338b084191ed6d65c8fef751c50248202cf1488a.js
2024-03-04T14:37:51.7189757Z I, [2024-03-04T06:37:51.717881 #2272]  INFO -- : Writing /home/runner/work/human-essentials/human-essentials/public/assets/bootstrap.min-67c48d88a8e0be178058aacb338b084191ed6d65c8fef751c50248202cf1488a.js.gz
2024-03-04T14:37:51.7192406Z I, [2024-03-04T06:37:51.717991 #2272]  INFO -- : Writing /home/runner/work/human-essentials/human-essentials/public/assets/DiaperBase-Logo-f18172876cab49a451ca9c3178b578ab2019e03f111a6b6f3ba0c1b40b3d7c0c.png
2024-03-04T14:37:51.7196337Z I, [2024-03-04T06:37:51.718212 #2272]  INFO -- : Writing /home/runner/work/human-essentials/human-essentials/public/assets/Just-Diaper-05bf6a1b70ccad149eb4eca7b5f9fcca1f9c37bab1f8e5edb6798d66c903ba53.svg
2024-03-04T14:37:51.7200224Z I, [2024-03-04T06:37:51.718801 #2272]  INFO -- : Writing /home/runner/work/human-essentials/human-essentials/public/assets/Just-Diaper-05bf6a1b70ccad149eb4eca7b5f9fcca1f9c37bab1f8e5edb6798d66c903ba53.svg.gz
2024-03-04T14:37:51.7203984Z I, [2024-03-04T06:37:51.719029 #2272]  INFO -- : Writing /home/runner/work/human-essentials/human-essentials/public/assets/barcode-932aed25f5c148b36882be3bfb6696ecdd362ba0a709ff0674a10477f2aad8f3.svg
2024-03-04T14:37:51.7207722Z I, [2024-03-04T06:37:51.719285 #2272]  INFO -- : Writing /home/runner/work/human-essentials/human-essentials/public/assets/barcode-932aed25f5c148b36882be3bfb6696ecdd362ba0a709ff0674a10477f2aad8f3.svg.gz
2024-03-04T14:37:51.7211517Z I, [2024-03-04T06:37:51.720303 #2272]  INFO -- : Writing /home/runner/work/human-essentials/human-essentials/public/assets/bars-db7a0aaf1cd735270b170cba53dca71c75473940ab48639c609a72964eb92f4d.svg
2024-03-04T14:37:51.7216619Z I, [2024-03-04T06:37:51.721142 #2272]  INFO -- : Writing /home/runner/work/human-essentials/human-essentials/public/assets/bars-db7a0aaf1cd735270b170cba53dca71c75473940ab48639c609a72964eb92f4d.svg.gz
2024-03-04T14:37:51.7220535Z I, [2024-03-04T06:37:51.721274 #2272]  INFO -- : Writing /home/runner/work/human-essentials/human-essentials/public/assets/blue@2x-709ca6c252f762af1e5efb0ef1e7444a712cb0ec010fee01749b67a595a7c0c6.png
2024-03-04T14:37:51.7222515Z I, [2024-03-04T06:37:51.721440 #2272]  INFO -- : Writing /home/runner/work/human-essentials/human-essentials/public/assets/boxed-bg-6c60c3f8655fa4062631bbe1434face4fe3d70392159e976ec09ca6ad9330e7d.jpg
2024-03-04T14:37:51.7224559Z I, [2024-03-04T06:37:51.721754 #2272]  INFO -- : Writing /home/runner/work/human-essentials/human-essentials/public/assets/boxed-bg-eb7b1fa0c09f5ef599fc5138e33168827f2ec4e1f796cf8a78570d8a73a58190.png
2024-03-04T14:37:51.7230683Z I, [2024-03-04T06:37:51.722754 #2272]  INFO -- : Writing /home/runner/work/human-essentials/human-essentials/public/assets/dashboard-image-3db42e909886dffccb680715feccab83cc867b4581b0009558e746364e2ec332.svg
2024-03-04T14:37:51.7235511Z I, [2024-03-04T06:37:51.723319 #2272]  INFO -- : Writing /home/runner/work/human-essentials/human-essentials/public/assets/dashboard-image-3db42e909886dffccb680715feccab83cc867b4581b0009558e746364e2ec332.svg.gz
2024-03-04T14:37:51.7239371Z I, [2024-03-04T06:37:51.723504 #2272]  INFO -- : Writing /home/runner/work/human-essentials/human-essentials/public/assets/forecasting-32dffccc42e6c09203d36acbc2243b4bc746dc2f1198c1ff43def4bb48e335b2.svg
2024-03-04T14:37:51.7242934Z I, [2024-03-04T06:37:51.723648 #2272]  INFO -- : Writing /home/runner/work/human-essentials/human-essentials/public/assets/forecasting-32dffccc42e6c09203d36acbc2243b4bc746dc2f1198c1ff43def4bb48e335b2.svg.gz
2024-03-04T14:37:51.7246566Z I, [2024-03-04T06:37:51.723762 #2272]  INFO -- : Writing /home/runner/work/human-essentials/human-essentials/public/assets/hero-image-0ba273def6de748beb2a64206e115d8e4a109ad51ef255512f4c6522e5b9225b.svg
2024-03-04T14:37:51.7250200Z I, [2024-03-04T06:37:51.724505 #2272]  INFO -- : Writing /home/runner/work/human-essentials/human-essentials/public/assets/hero-image-0ba273def6de748beb2a64206e115d8e4a109ad51ef255512f4c6522e5b9225b.svg.gz
2024-03-04T14:37:51.7258584Z I, [2024-03-04T06:37:51.725445 #2272]  INFO -- : Writing /home/runner/work/human-essentials/human-essentials/public/assets/inventory-image-3d91fc8087e13632114d9d129a680b992e02aae297b2bf180089cd55792249b2.svg
2024-03-04T14:37:51.7282112Z I, [2024-03-04T06:37:51.727616 #2272]  INFO -- : Writing /home/runner/work/human-essentials/human-essentials/public/assets/inventory-image-3d91fc8087e13632114d9d129a680b992e02aae297b2bf180089cd55792249b2.svg.gz
2024-03-04T14:37:51.7308194Z I, [2024-03-04T06:37:51.729076 #2272]  INFO -- : Writing /home/runner/work/human-essentials/human-essentials/public/assets/partner-management-c2cd4a940d1cf59f66928bc5097b4d4528b6de95abcc66421edf341c59311d40.svg
2024-03-04T14:37:51.7313878Z I, [2024-03-04T06:37:51.729320 #2272]  INFO -- : Writing /home/runner/work/human-essentials/human-essentials/public/assets/partner-management-c2cd4a940d1cf59f66928bc5097b4d4528b6de95abcc66421edf341c59311d40.svg.gz
2024-03-04T14:37:51.7317620Z I, [2024-03-04T06:37:51.729428 #2272]  INFO -- : Writing /home/runner/work/human-essentials/human-essentials/public/assets/quote-e4395f28913ad7b7785c522f0b6f2363a960720cf3bc26705438f6efb55edb7d.svg
2024-03-04T14:37:51.7320966Z I, [2024-03-04T06:37:51.729553 #2272]  INFO -- : Writing /home/runner/work/human-essentials/human-essentials/public/assets/quote-e4395f28913ad7b7785c522f0b6f2363a960720cf3bc26705438f6efb55edb7d.svg.gz
2024-03-04T14:37:51.7324510Z I, [2024-03-04T06:37:51.729653 #2272]  INFO -- : Writing /home/runner/work/human-essentials/human-essentials/public/assets/report-image-a9fc71739eca5457d288f1c234a0d84237ba8eef8bd20a9935bd45d84d03ae6b.svg
2024-03-04T14:37:51.7328353Z I, [2024-03-04T06:37:51.729841 #2272]  INFO -- : Writing /home/runner/work/human-essentials/human-essentials/public/assets/report-image-a9fc71739eca5457d288f1c234a0d84237ba8eef8bd20a9935bd45d84d03ae6b.svg.gz
2024-03-04T14:37:51.7381344Z I, [2024-03-04T06:37:51.730020 #2272]  INFO -- : Writing /home/runner/work/human-essentials/human-essentials/public/assets/test-only-background-c4843e992a593298a8c43815c8950b766061a96fd7d3e92838354914c41d7243.jpg
2024-03-04T14:37:51.7384867Z I, [2024-03-04T06:37:51.730304 #2272]  INFO -- : Writing /home/runner/work/human-essentials/human-essentials/public/assets/AdminLTE-9d75f9bf2ec81bc0a0de450227ed6268dad2cd66401439503c18d3241dfb241d.css
2024-03-04T14:37:51.7388003Z I, [2024-03-04T06:37:51.730387 #2272]  INFO -- : Writing /home/runner/work/human-essentials/human-essentials/public/assets/AdminLTE-9d75f9bf2ec81bc0a0de450227ed6268dad2cd66401439503c18d3241dfb241d.css.gz
2024-03-04T14:37:51.7391096Z I, [2024-03-04T06:37:51.730523 #2272]  INFO -- : Writing /home/runner/work/human-essentials/human-essentials/public/assets/_colors-04024382391bb910584145d8113cf35ef376b55d125bb4516cebeb14ce788597.css
2024-03-04T14:37:51.7397181Z I, [2024-03-04T06:37:51.739144 #2272]  INFO -- : Writing /home/runner/work/human-essentials/human-essentials/public/assets/_colors-04024382391bb910584145d8113cf35ef376b55d125bb4516cebeb14ce788597.css.gz
2024-03-04T14:37:51.7400773Z I, [2024-03-04T06:37:51.739328 #2272]  INFO -- : Writing /home/runner/work/human-essentials/human-essentials/public/assets/application-c21613708cb0f40361dc08d066cb68c559e4b3982f802956f4439959cad9af23.css
2024-03-04T14:37:51.7404496Z I, [2024-03-04T06:37:51.739418 #2272]  INFO -- : Writing /home/runner/work/human-essentials/human-essentials/public/assets/application-c21613708cb0f40361dc08d066cb68c559e4b3982f802956f4439959cad9af23.css.gz
2024-03-04T14:37:51.7407745Z I, [2024-03-04T06:37:51.739634 #2272]  INFO -- : Writing /home/runner/work/human-essentials/human-essentials/public/assets/audits-83372b845d8a4887e7e4d2315cf3c85ea60ef94ca0ec4774dfbcd3cf569c616c.css
2024-03-04T14:37:51.7411118Z I, [2024-03-04T06:37:51.739801 #2272]  INFO -- : Writing /home/runner/work/human-essentials/human-essentials/public/assets/audits-83372b845d8a4887e7e4d2315cf3c85ea60ef94ca0ec4774dfbcd3cf569c616c.css.gz
2024-03-04T14:37:51.7415618Z I, [2024-03-04T06:37:51.739905 #2272]  INFO -- : Writing /home/runner/work/human-essentials/human-essentials/public/assets/barcode_reader-3799c29218802c1dbba4c700f3863ec24505a9e3e7b54d36282fff667d7c94ca.css
2024-03-04T14:37:51.7418894Z I, [2024-03-04T06:37:51.739993 #2272]  INFO -- : Writing /home/runner/work/human-essentials/human-essentials/public/assets/barcode_reader-3799c29218802c1dbba4c700f3863ec24505a9e3e7b54d36282fff667d7c94ca.css.gz
2024-03-04T14:37:51.7423427Z I, [2024-03-04T06:37:51.741136 #2272]  INFO -- : Writing /home/runner/work/human-essentials/human-essentials/public/assets/custom-4ac26623bf6f4d95aa1164e1ad4d6cbb2bb8dda4af8e4a2f1b4368bc92491085.css
2024-03-04T14:37:51.7426879Z I, [2024-03-04T06:37:51.741290 #2272]  INFO -- : Writing /home/runner/work/human-essentials/human-essentials/public/assets/custom-4ac26623bf6f4d95aa1164e1ad4d6cbb2bb8dda4af8e4a2f1b4368bc92491085.css.gz
2024-03-04T14:37:51.7430185Z I, [2024-03-04T06:37:51.741496 #2272]  INFO -- : Writing /home/runner/work/human-essentials/human-essentials/public/assets/expandable_table-cca1600cf25c44c6bea2733167509ffe9133f344e9defe984ad96bd427b29a19.css
2024-03-04T14:37:51.7433568Z I, [2024-03-04T06:37:51.741586 #2272]  INFO -- : Writing /home/runner/work/human-essentials/human-essentials/public/assets/expandable_table-cca1600cf25c44c6bea2733167509ffe9133f344e9defe984ad96bd427b29a19.css.gz
2024-03-04T14:37:51.7436846Z I, [2024-03-04T06:37:51.741698 #2272]  INFO -- : Writing /home/runner/work/human-essentials/human-essentials/public/assets/landing_page-4fe5dfcfea8b5bbd7722658652ff4ee86132a41b8aff92e9ef8b1216cb7259fa.css
2024-03-04T14:37:51.7440426Z I, [2024-03-04T06:37:51.741788 #2272]  INFO -- : Writing /home/runner/work/human-essentials/human-essentials/public/assets/landing_page-4fe5dfcfea8b5bbd7722658652ff4ee86132a41b8aff92e9ef8b1216cb7259fa.css.gz
2024-03-04T14:37:51.7443637Z I, [2024-03-04T06:37:51.741900 #2272]  INFO -- : Writing /home/runner/work/human-essentials/human-essentials/public/assets/modal-dialog-9d7ae8bb43b60ac4c7d9910700392b20618ae2db4d5db33453b157171d5e0f7d.css
2024-03-04T14:37:51.7446922Z I, [2024-03-04T06:37:51.741984 #2272]  INFO -- : Writing /home/runner/work/human-essentials/human-essentials/public/assets/modal-dialog-9d7ae8bb43b60ac4c7d9910700392b20618ae2db4d5db33453b157171d5e0f7d.css.gz
2024-03-04T14:37:51.7450685Z I, [2024-03-04T06:37:51.742091 #2272]  INFO -- : Writing /home/runner/work/human-essentials/human-essentials/public/assets/progress_stepper-7f8ef0dc05a9a00a300e56f6f3e4ccfdde4af8e392407ccc6601d60019067ccb.css
2024-03-04T14:37:51.7453992Z I, [2024-03-04T06:37:51.742232 #2272]  INFO -- : Writing /home/runner/work/human-essentials/human-essentials/public/assets/progress_stepper-7f8ef0dc05a9a00a300e56f6f3e4ccfdde4af8e392407ccc6601d60019067ccb.css.gz
2024-03-04T14:37:51.7457410Z I, [2024-03-04T06:37:51.742346 #2272]  INFO -- : Writing /home/runner/work/human-essentials/human-essentials/public/assets/transfers-c9ab43ff53dab5dc13681712afc9b6fb31d7865d5ac8c657220deff9f138fa8c.css
2024-03-04T14:37:51.7460637Z I, [2024-03-04T06:37:51.742428 #2272]  INFO -- : Writing /home/runner/work/human-essentials/human-essentials/public/assets/transfers-c9ab43ff53dab5dc13681712afc9b6fb31d7865d5ac8c657220deff9f138fa8c.css.gz
2024-03-04T14:37:51.7464081Z I, [2024-03-04T06:37:51.742534 #2272]  INFO -- : Writing /home/runner/work/human-essentials/human-essentials/public/assets/adminlte-886a0b559685ec92cd8dd4dbf957899292f9c0bd344c90c304d28973363a8eaf.js
2024-03-04T14:37:51.7467221Z I, [2024-03-04T06:37:51.742630 #2272]  INFO -- : Writing /home/runner/work/human-essentials/human-essentials/public/assets/adminlte-886a0b559685ec92cd8dd4dbf957899292f9c0bd344c90c304d28973363a8eaf.js.gz
2024-03-04T14:37:51.7470463Z I, [2024-03-04T06:37:51.742740 #2272]  INFO -- : Writing /home/runner/work/human-essentials/human-essentials/public/assets/application-f9d5a0970e6dc2d1d44ca8dfd6129e9fed2dccf1b460a6bba6eab9dd7aa61c92.js
2024-03-04T14:37:51.7473769Z I, [2024-03-04T06:37:51.742824 #2272]  INFO -- : Writing /home/runner/work/human-essentials/human-essentials/public/assets/application-f9d5a0970e6dc2d1d44ca8dfd6129e9fed2dccf1b460a6bba6eab9dd7aa61c92.js.gz
2024-03-04T14:37:51.7477154Z I, [2024-03-04T06:37:51.742935 #2272]  INFO -- : Writing /home/runner/work/human-essentials/human-essentials/public/assets/cocoon-js-vanilla-cc8e46e9b16a6217f3c14c60ca346454c9c01d8d41e5c073ae14f85fac052e96.js
2024-03-04T14:37:51.7480503Z I, [2024-03-04T06:37:51.743030 #2272]  INFO -- : Writing /home/runner/work/human-essentials/human-essentials/public/assets/cocoon-js-vanilla-cc8e46e9b16a6217f3c14c60ca346454c9c01d8d41e5c073ae14f85fac052e96.js.gz
2024-03-04T14:37:51.7484234Z I, [2024-03-04T06:37:51.743134 #2272]  INFO -- : Writing /home/runner/work/human-essentials/human-essentials/public/assets/controllers/application-368d98631bccbf2349e0d4f8269afb3fe9625118341966de054759d96ea86c7e.js
2024-03-04T14:37:51.7487731Z I, [2024-03-04T06:37:51.743206 #2272]  INFO -- : Writing /home/runner/work/human-essentials/human-essentials/public/assets/controllers/application-368d98631bccbf2349e0d4f8269afb3fe9625118341966de054759d96ea86c7e.js.gz
2024-03-04T14:37:51.7491563Z I, [2024-03-04T06:37:51.743306 #2272]  INFO -- : Writing /home/runner/work/human-essentials/human-essentials/public/assets/controllers/area_served_controller-c8c048ef9ee2d145ba8408cda63546aff8ce9170e9cafb34075ebb01b43c6c34.js
2024-03-04T14:37:51.7496983Z I, [2024-03-04T06:37:51.743392 #2272]  INFO -- : Writing /home/runner/work/human-essentials/human-essentials/public/assets/controllers/area_served_controller-c8c048ef9ee2d145ba8408cda63546aff8ce9170e9cafb34075ebb01b43c6c34.js.gz
2024-03-04T14:37:51.7501365Z I, [2024-03-04T06:37:51.743487 #2272]  INFO -- : Writing /home/runner/work/human-essentials/human-essentials/public/assets/controllers/checkbox_with_nested_element_controller-1645dd2a3a857d546354c90b0c415a9d1dd4de6974048fd41bfc1d6f45ccb3eb.js
2024-03-04T14:37:51.7505688Z I, [2024-03-04T06:37:51.743562 #2272]  INFO -- : Writing /home/runner/work/human-essentials/human-essentials/public/assets/controllers/checkbox_with_nested_element_controller-1645dd2a3a857d546354c90b0c415a9d1dd4de6974048fd41bfc1d6f45ccb3eb.js.gz
2024-03-04T14:37:51.7509747Z I, [2024-03-04T06:37:51.743662 #2272]  INFO -- : Writing /home/runner/work/human-essentials/human-essentials/public/assets/controllers/distribution_delivery_controller-89fc613f734c2b1538c1e9948abeb353ea73d22678fc08597d48fa36a70c5c51.js
2024-03-04T14:37:51.7513861Z I, [2024-03-04T06:37:51.743739 #2272]  INFO -- : Writing /home/runner/work/human-essentials/human-essentials/public/assets/controllers/distribution_delivery_controller-89fc613f734c2b1538c1e9948abeb353ea73d22678fc08597d48fa36a70c5c51.js.gz
2024-03-04T14:37:51.7518188Z I, [2024-03-04T06:37:51.743838 #2272]  INFO -- : Writing /home/runner/work/human-essentials/human-essentials/public/assets/controllers/double_select_controller-bb2e4a65f2c66cacc8ec4dd491c2233b0aac53187ebe1fbaaffedfbaf7db9099.js
2024-03-04T14:37:51.7522343Z I, [2024-03-04T06:37:51.743913 #2272]  INFO -- : Writing /home/runner/work/human-essentials/human-essentials/public/assets/controllers/double_select_controller-bb2e4a65f2c66cacc8ec4dd491c2233b0aac53187ebe1fbaaffedfbaf7db9099.js.gz
2024-03-04T14:37:51.7526426Z I, [2024-03-04T06:37:51.744056 #2272]  INFO -- : Writing /home/runner/work/human-essentials/human-essentials/public/assets/controllers/highchart_controller-7640167d6e3481659a5ead23f046e3c6852c08e30ce8aa6f09aa5cce0f7ea02d.js
2024-03-04T14:37:51.7530675Z I, [2024-03-04T06:37:51.744133 #2272]  INFO -- : Writing /home/runner/work/human-essentials/human-essentials/public/assets/controllers/highchart_controller-7640167d6e3481659a5ead23f046e3c6852c08e30ce8aa6f09aa5cce0f7ea02d.js.gz
2024-03-04T14:37:51.7534234Z I, [2024-03-04T06:37:51.744231 #2272]  INFO -- : Writing /home/runner/work/human-essentials/human-essentials/public/assets/controllers/index-2db729dddcc5b979110e98de4b6720f83f91a123172e87281d5a58410fc43806.js
2024-03-04T14:37:51.7537732Z I, [2024-03-04T06:37:51.744308 #2272]  INFO -- : Writing /home/runner/work/human-essentials/human-essentials/public/assets/controllers/index-2db729dddcc5b979110e98de4b6720f83f91a123172e87281d5a58410fc43806.js.gz
2024-03-04T14:37:51.7541257Z I, [2024-03-04T06:37:51.744502 #2272]  INFO -- : Writing /home/runner/work/human-essentials/human-essentials/public/assets/controllers/request_item_controller-4ab1cb48f0cc30bba40f5311b6588189ddf5daf19bdf36b462cdeab0a663399b.js
2024-03-04T14:37:51.7544966Z I, [2024-03-04T06:37:51.749185 #2272]  INFO -- : Writing /home/runner/work/human-essentials/human-essentials/public/assets/controllers/request_item_controller-4ab1cb48f0cc30bba40f5311b6588189ddf5daf19bdf36b462cdeab0a663399b.js.gz
2024-03-04T14:37:51.7548887Z I, [2024-03-04T06:37:51.749430 #2272]  INFO -- : Writing /home/runner/work/human-essentials/human-essentials/public/assets/controllers/select2_controller-13c15fa4f8996b06b43552325b12e3a14e158db06264b83cfff2e521a16fceeb.js
2024-03-04T14:37:51.7552465Z I, [2024-03-04T06:37:51.749534 #2272]  INFO -- : Writing /home/runner/work/human-essentials/human-essentials/public/assets/controllers/select2_controller-13c15fa4f8996b06b43552325b12e3a14e158db06264b83cfff2e521a16fceeb.js.gz
2024-03-04T14:37:51.7556123Z I, [2024-03-04T06:37:51.749671 #2272]  INFO -- : Writing /home/runner/work/human-essentials/human-essentials/public/assets/controllers/served_area_controller-37738489813fc06349f3fb1bc7abc5d5493318ce553f1bebbfa1f8fe06ebfb4a.js
2024-03-04T14:37:51.7559865Z I, [2024-03-04T06:37:51.749852 #2272]  INFO -- : Writing /home/runner/work/human-essentials/human-essentials/public/assets/controllers/served_area_controller-37738489813fc06349f3fb1bc7abc5d5493318ce553f1bebbfa1f8fe06ebfb4a.js.gz
2024-03-04T14:37:51.7563736Z I, [2024-03-04T06:37:51.750007 #2272]  INFO -- : Writing /home/runner/work/human-essentials/human-essentials/public/assets/controllers/turbo_controller-7ee3a9437b4fb003ac4ea4ca0f3425fd197ce4538a1eeb606e5e5447aa948b54.js
2024-03-04T14:37:51.7567488Z I, [2024-03-04T06:37:51.750208 #2272]  INFO -- : Writing /home/runner/work/human-essentials/human-essentials/public/assets/controllers/turbo_controller-7ee3a9437b4fb003ac4ea4ca0f3425fd197ce4538a1eeb606e5e5447aa948b54.js.gz
2024-03-04T14:37:51.7571284Z I, [2024-03-04T06:37:51.750349 #2272]  INFO -- : Writing /home/runner/work/human-essentials/human-essentials/public/assets/startup-bf111fcbf368bc988dfcb050d057ec73e21f190d7921e15689dd5ebf674e6d00.js
2024-03-04T14:37:51.7574733Z I, [2024-03-04T06:37:51.750535 #2272]  INFO -- : Writing /home/runner/work/human-essentials/human-essentials/public/assets/startup-bf111fcbf368bc988dfcb050d057ec73e21f190d7921e15689dd5ebf674e6d00.js.gz
2024-03-04T14:37:51.7578229Z I, [2024-03-04T06:37:51.750680 #2272]  INFO -- : Writing /home/runner/work/human-essentials/human-essentials/public/assets/utils/barcode_items-ee1050c4d1ade4569ef6cfc83d5f4792f67daabaca0ae24f75455737fea0a72b.js
2024-03-04T14:37:51.7581656Z I, [2024-03-04T06:37:51.750863 #2272]  INFO -- : Writing /home/runner/work/human-essentials/human-essentials/public/assets/utils/barcode_items-ee1050c4d1ade4569ef6cfc83d5f4792f67daabaca0ae24f75455737fea0a72b.js.gz
2024-03-04T14:37:51.7585006Z I, [2024-03-04T06:37:51.750988 #2272]  INFO -- : Writing /home/runner/work/human-essentials/human-essentials/public/assets/utils/barcode_scan-757b66b6921154f49e7cc4c5dc2f146f91f1648beffaa8ef106d94585a273ba9.js
2024-03-04T14:37:51.7588458Z I, [2024-03-04T06:37:51.751073 #2272]  INFO -- : Writing /home/runner/work/human-essentials/human-essentials/public/assets/utils/barcode_scan-757b66b6921154f49e7cc4c5dc2f146f91f1648beffaa8ef106d94585a273ba9.js.gz
2024-03-04T14:37:51.7591891Z I, [2024-03-04T06:37:51.752227 #2272]  INFO -- : Writing /home/runner/work/human-essentials/human-essentials/public/assets/utils/deadline_day_pickers-b0b264db9e3c8107c161cc4571e71cf901bcc511175271d218a553c4e1889065.js
2024-03-04T14:37:51.7600118Z I, [2024-03-04T06:37:51.759475 #2272]  INFO -- : Writing /home/runner/work/human-essentials/human-essentials/public/assets/utils/deadline_day_pickers-b0b264db9e3c8107c161cc4571e71cf901bcc511175271d218a553c4e1889065.js.gz
2024-03-04T14:37:51.7606008Z I, [2024-03-04T06:37:51.759633 #2272]  INFO -- : Writing /home/runner/work/human-essentials/human-essentials/public/assets/utils/distributions_and_transfers-1f9709e9a8df250acfe3e7a79f1501b2696b1f36d5adcf083a61a1b005cce3d2.js
2024-03-04T14:37:51.7610113Z I, [2024-03-04T06:37:51.759738 #2272]  INFO -- : Writing /home/runner/work/human-essentials/human-essentials/public/assets/utils/distributions_and_transfers-1f9709e9a8df250acfe3e7a79f1501b2696b1f36d5adcf083a61a1b005cce3d2.js.gz
2024-03-04T14:37:51.7614368Z I, [2024-03-04T06:37:51.759851 #2272]  INFO -- : Writing /home/runner/work/human-essentials/human-essentials/public/assets/utils/donations-1c3e9a15fc370afd2c3836ccf8dde6013c35412a8d83cf6c1e31bec95ef72b26.js
2024-03-04T14:37:51.7618464Z I, [2024-03-04T06:37:51.759928 #2272]  INFO -- : Writing /home/runner/work/human-essentials/human-essentials/public/assets/utils/donations-1c3e9a15fc370afd2c3836ccf8dde6013c35412a8d83cf6c1e31bec95ef72b26.js.gz
2024-03-04T14:37:51.7622615Z I, [2024-03-04T06:37:51.760025 #2272]  INFO -- : Writing /home/runner/work/human-essentials/human-essentials/public/assets/utils/purchases-5c814ba098feaa8a7b4abff24267c1da909f3e52e12c97660f8a0b8c1ff4aea1.js
2024-03-04T14:37:51.7626356Z I, [2024-03-04T06:37:51.760096 #2272]  INFO -- : Writing /home/runner/work/human-essentials/human-essentials/public/assets/utils/purchases-5c814ba098feaa8a7b4abff24267c1da909f3e52e12c97660f8a0b8c1ff4aea1.js.gz
2024-03-04T14:37:51.7631991Z I, [2024-03-04T06:37:51.760198 #2272]  INFO -- : Writing /home/runner/work/human-essentials/human-essentials/public/assets/filterrific-f3a290db250e05344fd62c216b903689f73eff5e270ef021e425551006092e08.js
2024-03-04T14:37:51.7639660Z I, [2024-03-04T06:37:51.760304 #2272]  INFO -- : Writing /home/runner/work/human-essentials/human-essentials/public/assets/filterrific-f3a290db250e05344fd62c216b903689f73eff5e270ef021e425551006092e08.js.gz
2024-03-04T14:37:51.7643099Z I, [2024-03-04T06:37:51.760423 #2272]  INFO -- : Writing /home/runner/work/human-essentials/human-essentials/public/assets/stimulusloading-1fc59770fb1654500044afd3f5f6d7d00800e5be36746d55b94a2963a7a228aa.js
2024-03-04T14:37:51.7646448Z I, [2024-03-04T06:37:51.760506 #2272]  INFO -- : Writing /home/runner/work/human-essentials/human-essentials/public/assets/stimulusloading-1fc59770fb1654500044afd3f5f6d7d00800e5be36746d55b94a2963a7a228aa.js.gz
2024-03-04T14:37:51.7649718Z I, [2024-03-04T06:37:51.760614 #2272]  INFO -- : Writing /home/runner/work/human-essentials/human-essentials/public/assets/turbo-4851a9a0b1d947e810dfd0448a72aef261d455183ebea681f4f28a73640a9ece.js
2024-03-04T14:37:51.7653227Z I, [2024-03-04T06:37:51.760692 #2272]  INFO -- : Writing /home/runner/work/human-essentials/human-essentials/public/assets/turbo-4851a9a0b1d947e810dfd0448a72aef261d455183ebea681f4f28a73640a9ece.js.gz
2024-03-04T14:37:51.7656476Z I, [2024-03-04T06:37:51.760794 #2272]  INFO -- : Writing /home/runner/work/human-essentials/human-essentials/public/assets/turbo.min-f309baafa3ae5ad6ccee3e7362118b87678d792db8e8ab466c4fa284dd3a4700.js
2024-03-04T14:37:51.7659565Z I, [2024-03-04T06:37:51.760870 #2272]  INFO -- : Writing /home/runner/work/human-essentials/human-essentials/public/assets/turbo.min-f309baafa3ae5ad6ccee3e7362118b87678d792db8e8ab466c4fa284dd3a4700.js.gz
2024-03-04T14:37:51.7662736Z I, [2024-03-04T06:37:51.760973 #2272]  INFO -- : Writing /home/runner/work/human-essentials/human-essentials/public/assets/turbo.min.js-8bc8f4a58d1c106d58dec8bef6c638ff12ff4d078f19d8ebd8c4277f4c9bc85a.map
2024-03-04T14:37:51.7666171Z I, [2024-03-04T06:37:51.761073 #2272]  INFO -- : Writing /home/runner/work/human-essentials/human-essentials/public/assets/turbo.min.js-8bc8f4a58d1c106d58dec8bef6c638ff12ff4d078f19d8ebd8c4277f4c9bc85a.map.gz
2024-03-04T14:37:51.7669421Z I, [2024-03-04T06:37:51.761180 #2272]  INFO -- : Writing /home/runner/work/human-essentials/human-essentials/public/assets/stimulus-loading-3576ce92b149ad5d6959438c6f291e2426c86df3b874c525b30faad51b0d96b3.js
2024-03-04T14:37:51.7672847Z I, [2024-03-04T06:37:51.761259 #2272]  INFO -- : Writing /home/runner/work/human-essentials/human-essentials/public/assets/stimulus-loading-3576ce92b149ad5d6959438c6f291e2426c86df3b874c525b30faad51b0d96b3.js.gz
2024-03-04T14:37:51.7676082Z I, [2024-03-04T06:37:51.761430 #2272]  INFO -- : Writing /home/runner/work/human-essentials/human-essentials/public/assets/popper-003a40d80fd205e1fa00da117d5bdc19720ba330706eaa17f9ba9513fa502304.js
2024-03-04T14:37:51.7679292Z I, [2024-03-04T06:37:51.761506 #2272]  INFO -- : Writing /home/runner/work/human-essentials/human-essentials/public/assets/popper-003a40d80fd205e1fa00da117d5bdc19720ba330706eaa17f9ba9513fa502304.js.gz
2024-03-04T14:37:51.7682607Z I, [2024-03-04T06:37:51.761603 #2272]  INFO -- : Writing /home/runner/work/human-essentials/human-essentials/public/assets/actiontext-28c61f5197c204db043317a8f8826a87ab31495b741f854d307ca36122deefce.js
2024-03-04T14:37:51.7685871Z I, [2024-03-04T06:37:51.761674 #2272]  INFO -- : Writing /home/runner/work/human-essentials/human-essentials/public/assets/actiontext-28c61f5197c204db043317a8f8826a87ab31495b741f854d307ca36122deefce.js.gz
2024-03-04T14:37:51.7690116Z I, [2024-03-04T06:37:51.761769 #2272]  INFO -- : Writing /home/runner/work/human-essentials/human-essentials/public/assets/trix-1563ff9c10f74e143b3ded40a8458497eaf2f87a648a5cbbfebdb7dec3447a5e.js
2024-03-04T14:37:51.7693498Z I, [2024-03-04T06:37:51.761849 #2272]  INFO -- : Writing /home/runner/work/human-essentials/human-essentials/public/assets/trix-1563ff9c10f74e143b3ded40a8458497eaf2f87a648a5cbbfebdb7dec3447a5e.js.gz
2024-03-04T14:37:51.7696566Z I, [2024-03-04T06:37:51.761949 #2272]  INFO -- : Writing /home/runner/work/human-essentials/human-essentials/public/assets/trix-b0398dade8e5ac249fe98f2e850f45adbcdfecd8a11c46b3eb67bdedb87b1b04.css
2024-03-04T14:37:51.7700130Z I, [2024-03-04T06:37:51.762025 #2272]  INFO -- : Writing /home/runner/work/human-essentials/human-essentials/public/assets/trix-b0398dade8e5ac249fe98f2e850f45adbcdfecd8a11c46b3eb67bdedb87b1b04.css.gz
2024-03-04T14:37:51.7703241Z I, [2024-03-04T06:37:51.762126 #2272]  INFO -- : Writing /home/runner/work/human-essentials/human-essentials/public/assets/stimulus-f75215805563870a61ee9dc5a207ce46d4675c7e667558a54344fd1e7baa697f.js
2024-03-04T14:37:51.7706281Z I, [2024-03-04T06:37:51.762202 #2272]  INFO -- : Writing /home/runner/work/human-essentials/human-essentials/public/assets/stimulus-f75215805563870a61ee9dc5a207ce46d4675c7e667558a54344fd1e7baa697f.js.gz
2024-03-04T14:37:51.7709699Z I, [2024-03-04T06:37:51.762307 #2272]  INFO -- : Writing /home/runner/work/human-essentials/human-essentials/public/assets/stimulus-autoloader-c584942b568ba74879da31c7c3d51366737bacaf6fbae659383c0a5653685693.js
2024-03-04T14:37:51.7713031Z I, [2024-03-04T06:37:51.762383 #2272]  INFO -- : Writing /home/runner/work/human-essentials/human-essentials/public/assets/stimulus-autoloader-c584942b568ba74879da31c7c3d51366737bacaf6fbae659383c0a5653685693.js.gz
2024-03-04T14:37:51.7716498Z I, [2024-03-04T06:37:51.762485 #2272]  INFO -- : Writing /home/runner/work/human-essentials/human-essentials/public/assets/stimulus-importmap-autoloader-db2076c783bf2dbee1226e2add52fef290b5d31b5bcd1edd999ac8a6dd31c44a.js
2024-03-04T14:37:51.7720271Z I, [2024-03-04T06:37:51.762562 #2272]  INFO -- : Writing /home/runner/work/human-essentials/human-essentials/public/assets/stimulus-importmap-autoloader-db2076c783bf2dbee1226e2add52fef290b5d31b5bcd1edd999ac8a6dd31c44a.js.gz
2024-03-04T14:37:51.7723643Z I, [2024-03-04T06:37:51.762655 #2272]  INFO -- : Writing /home/runner/work/human-essentials/human-essentials/public/assets/stimulus-loading-3576ce92b149ad5d6959438c6f291e2426c86df3b874c525b30faad51b0d96b3.js
2024-03-04T14:37:51.7727028Z I, [2024-03-04T06:37:51.762724 #2272]  INFO -- : Writing /home/runner/work/human-essentials/human-essentials/public/assets/stimulus-loading-3576ce92b149ad5d6959438c6f291e2426c86df3b874c525b30faad51b0d96b3.js.gz
2024-03-04T14:37:51.7730263Z I, [2024-03-04T06:37:51.762820 #2272]  INFO -- : Writing /home/runner/work/human-essentials/human-essentials/public/assets/stimulus.min-dd364f16ec9504dfb72672295637a1c8838773b01c0b441bd41008124c407894.js
2024-03-04T14:37:51.7733615Z I, [2024-03-04T06:37:51.762929 #2272]  INFO -- : Writing /home/runner/work/human-essentials/human-essentials/public/assets/stimulus.min-dd364f16ec9504dfb72672295637a1c8838773b01c0b441bd41008124c407894.js.gz
2024-03-04T14:37:51.7737015Z I, [2024-03-04T06:37:51.763040 #2272]  INFO -- : Writing /home/runner/work/human-essentials/human-essentials/public/assets/stimulus-autoloader-c584942b568ba74879da31c7c3d51366737bacaf6fbae659383c0a5653685693.js
2024-03-04T14:37:51.7740298Z I, [2024-03-04T06:37:51.763114 #2272]  INFO -- : Writing /home/runner/work/human-essentials/human-essentials/public/assets/stimulus-autoloader-c584942b568ba74879da31c7c3d51366737bacaf6fbae659383c0a5653685693.js.gz
2024-03-04T14:37:51.7743922Z I, [2024-03-04T06:37:51.763210 #2272]  INFO -- : Writing /home/runner/work/human-essentials/human-essentials/public/assets/stimulus-importmap-autoloader-db2076c783bf2dbee1226e2add52fef290b5d31b5bcd1edd999ac8a6dd31c44a.js
2024-03-04T14:37:51.7747873Z I, [2024-03-04T06:37:51.763281 #2272]  INFO -- : Writing /home/runner/work/human-essentials/human-essentials/public/assets/stimulus-importmap-autoloader-db2076c783bf2dbee1226e2add52fef290b5d31b5bcd1edd999ac8a6dd31c44a.js.gz
2024-03-04T14:37:51.7751493Z I, [2024-03-04T06:37:51.763374 #2272]  INFO -- : Writing /home/runner/work/human-essentials/human-essentials/public/assets/stimulus-loading-3576ce92b149ad5d6959438c6f291e2426c86df3b874c525b30faad51b0d96b3.js
2024-03-04T14:37:51.7754922Z I, [2024-03-04T06:37:51.763445 #2272]  INFO -- : Writing /home/runner/work/human-essentials/human-essentials/public/assets/stimulus-loading-3576ce92b149ad5d6959438c6f291e2426c86df3b874c525b30faad51b0d96b3.js.gz
2024-03-04T14:37:51.7758437Z I, [2024-03-04T06:37:51.763542 #2272]  INFO -- : Writing /home/runner/work/human-essentials/human-essentials/public/assets/stimulus.min.js-2cc63625fa177963b45da974806e7aee846cbf1d4930815733d0fdf3fb232325.map
2024-03-04T14:37:51.7761791Z I, [2024-03-04T06:37:51.763609 #2272]  INFO -- : Writing /home/runner/work/human-essentials/human-essentials/public/assets/stimulus.min.js-2cc63625fa177963b45da974806e7aee846cbf1d4930815733d0fdf3fb232325.map.gz
2024-03-04T14:37:51.7765216Z I, [2024-03-04T06:37:51.763700 #2272]  INFO -- : Writing /home/runner/work/human-essentials/human-essentials/public/assets/activestorage-3ab61e47dd4ee2d79db525ade1dca2ede0ea2b7371fe587e408ee37b7ade265d.js
2024-03-04T14:37:51.7768545Z I, [2024-03-04T06:37:51.763769 #2272]  INFO -- : Writing /home/runner/work/human-essentials/human-essentials/public/assets/activestorage-3ab61e47dd4ee2d79db525ade1dca2ede0ea2b7371fe587e408ee37b7ade265d.js.gz
2024-03-04T14:37:51.7772089Z I, [2024-03-04T06:37:51.763856 #2272]  INFO -- : Writing /home/runner/work/human-essentials/human-essentials/public/assets/activestorage.esm-01f58a45d77495cdfbdfcc872902a430426c4391634ec9c3da5f69fbf8418492.js
2024-03-04T14:37:51.7775606Z I, [2024-03-04T06:37:51.763922 #2272]  INFO -- : Writing /home/runner/work/human-essentials/human-essentials/public/assets/activestorage.esm-01f58a45d77495cdfbdfcc872902a430426c4391634ec9c3da5f69fbf8418492.js.gz
2024-03-04T14:37:51.7778925Z I, [2024-03-04T06:37:51.764012 #2272]  INFO -- : Writing /home/runner/work/human-essentials/human-essentials/public/assets/actioncable-5433453f9b6619a9de91aaab2d7fc7ff183e5260c0107cbc9a1aa0c838d9a74e.js
2024-03-04T14:37:51.7782510Z I, [2024-03-04T06:37:51.764078 #2272]  INFO -- : Writing /home/runner/work/human-essentials/human-essentials/public/assets/actioncable-5433453f9b6619a9de91aaab2d7fc7ff183e5260c0107cbc9a1aa0c838d9a74e.js.gz
2024-03-04T14:37:51.7785941Z I, [2024-03-04T06:37:51.764168 #2272]  INFO -- : Writing /home/runner/work/human-essentials/human-essentials/public/assets/actioncable.esm-e01089c3ec4fe7817fa9abcad06cab6bdc387f95f0ca6aab4bf7ba7537f70690.js
2024-03-04T14:37:51.7789293Z I, [2024-03-04T06:37:51.764235 #2272]  INFO -- : Writing /home/runner/work/human-essentials/human-essentials/public/assets/actioncable.esm-e01089c3ec4fe7817fa9abcad06cab6bdc387f95f0ca6aab4bf7ba7537f70690.js.gz
2024-03-04T14:37:52.2486280Z Coverage report generated for RSpec to /home/runner/work/human-essentials/human-essentials/coverage. 442 / 9987 LOC (4.43%) covered.
2024-03-04T14:37:52.3123202Z ##[group]Run RUBYOPT='-W:no-deprecated -W:no-experimental' bin/knapsack_pro_rspec
2024-03-04T14:37:52.3124372Z [36;1mRUBYOPT='-W:no-deprecated -W:no-experimental' bin/knapsack_pro_rspec[0m
2024-03-04T14:37:52.3153952Z shell: /usr/bin/bash -e {0}
2024-03-04T14:37:52.3154370Z env:
2024-03-04T14:37:52.3154657Z   POSTGRES_HOST: localhost
2024-03-04T14:37:52.3155135Z   DATABASE_HOST: localhost
2024-03-04T14:37:52.3155528Z   PG_USERNAME: postgres
2024-03-04T14:37:52.3155890Z   PG_PASSWORD: password
2024-03-04T14:37:52.3156346Z   POSTGRES_HOST_AUTH_METHOD: trust
2024-03-04T14:37:52.3156754Z   POSTGRES_PORT: 5432
2024-03-04T14:37:52.3157169Z   PGHOST: localhost
2024-03-04T14:37:52.3157494Z   PGUSER: postgres
2024-03-04T14:37:52.3157834Z   RAILS_ENV: test
2024-03-04T14:37:52.3158415Z   KNAPSACK_PRO_TEST_SUITE_TOKEN_RSPEC: ***
2024-03-04T14:37:52.3158888Z   KNAPSACK_PRO_CI_NODE_TOTAL: 6
2024-03-04T14:37:52.3159281Z   KNAPSACK_PRO_CI_NODE_INDEX: 1
2024-03-04T14:37:52.3159895Z   KNAPSACK_PRO_RSPEC_SPLIT_BY_TEST_EXAMPLES: true
2024-03-04T14:37:52.3160326Z   KNAPSACK_PRO_LOG_LEVEL: info
2024-03-04T14:37:52.3161022Z   KNAPSACK_PRO_TEST_FILE_PATTERN: {spec/system/**{,/*/**}/*_spec.rb,spec/requests/**{,/*/**}/*_spec.rb}
2024-03-04T14:37:52.3161656Z   EVENTS_READ: true
2024-03-04T14:37:52.3161988Z ##[endgroup]
2024-03-04T14:37:58.3671418Z I, [2024-03-04T14:37:58.366672 #2370]  INFO -- : [knapsack_pro] Generating RSpec test examples JSON report for slow test files to prepare it to be split by test examples (by individual test cases). Thanks to that, a single slow test file can be split across parallel CI nodes. Analyzing 1 slow test files.
2024-03-04T14:38:07.4709416Z Coverage report generated for RSpec to /home/runner/work/human-essentials/human-essentials/coverage. 2537 / 6679 LOC (37.98%) covered.
2024-03-04T14:38:10.8222201Z /opt/hostedtoolcache/Ruby/3.2.2/x64/bin/ruby -I/home/runner/work/human-essentials/human-essentials/vendor/bundle/ruby/3.2.0/gems/rspec-core-3.12.2/lib:/home/runner/work/human-essentials/human-essentials/vendor/bundle/ruby/3.2.0/gems/rspec-support-3.12.1/lib /home/runner/work/human-essentials/human-essentials/vendor/bundle/ruby/3.2.0/gems/rspec-core-3.12.2/exe/rspec  --format documentation --format KnapsackPro::Formatters::TimeTracker --default-path spec "spec/system/storage_location_system_spec.rb" "spec/requests/partners/dashboard_requests_spec.rb" "spec/system/admin/users_system_spec.rb" "spec/requests/donation_sites_requests_spec.rb" "spec/requests/purchases_requests_spec.rb" "spec/requests/account_requests_spec.rb" "spec/requests/requests_requests_spec.rb" "spec/system/dashboard_system_spec.rb[1:2:6:5:1:1]" "spec/system/dashboard_system_spec.rb[1:2:6:3:1:1]" "spec/system/dashboard_system_spec.rb[1:2:6:9:1:1]" "spec/system/dashboard_system_spec.rb[1:2:4:1]" "spec/system/dashboard_system_spec.rb[1:2:4:9:1:1]" "spec/system/dashboard_system_spec.rb[1:2:5:10:1]" "spec/system/dashboard_system_spec.rb[1:2:5:8:1:2]" "spec/system/dashboard_system_spec.rb[1:2:5:5:1:2]" "spec/system/dashboard_system_spec.rb[1:2:5:5:1:3]" "spec/system/dashboard_system_spec.rb[1:2:3:7:1:1]" "spec/system/dashboard_system_spec.rb[1:2:3:5:1:1]" "spec/system/dashboard_system_spec.rb[1:2:3:8:1:1]" "spec/system/dashboard_system_spec.rb[1:2:7:6:1:1]" "spec/system/admin/dashboard_system_spec.rb" "spec/requests/admin/account_requests_requests_spec.rb" "spec/system/donation_system_spec.rb" "spec/requests/partners_requests_spec.rb" "spec/system/vendor_system_spec.rb" "spec/requests/admin/barcode_items_requests_spec.rb"
2024-03-04T14:38:19.3313334Z Run options: include {:ids=>{"./spec/system/dashboard_system_spec.rb"=>["1:2:6:5:1:1", "1:2:6:3:1:1", "1:2:6:9:1:1", "1:2:4:1", "1:2:4:9:1:1", "1:2:5:10:1", "1:2:5:8:1:2", "1:2:5:5:1:2", "1:2:5:5:1:3", "1:2:3:7:1:1", "1:2:3:5:1:1", "1:2:3:8:1:1", "1:2:7:6:1:1"]}}
2024-03-04T14:38:19.3466974Z 
2024-03-04T14:38:19.3467727Z Randomized with seed 12776
2024-03-04T14:38:20.3177765Z 
2024-03-04T14:38:20.3180422Z Vendor
2024-03-04T14:38:20.3181520Z   when editing an existing vendor
2024-03-04T14:38:37.6894972Z     does not update a vendor with empty attributes
2024-03-04T14:38:38.6526999Z     can update the contact info for a vendor as a user
2024-03-04T14:38:38.6527930Z   When vendor have purchases associated with them already
2024-03-04T14:38:39.3031890Z     can have a single vendor show semi-detailed stats about purchases
2024-03-04T14:38:39.9038544Z     can have existing vendors show in the #index with some summary stats
2024-03-04T14:38:39.9039841Z   when creating a new vendor
2024-03-04T14:38:40.6816569Z     can create a new vendor instance as a user
2024-03-04T14:38:41.4086090Z     cannot add a new vendor instance with empty attributes
2024-03-04T14:38:41.4086755Z   When a user views the index page
2024-03-04T14:38:41.9012207Z     should have the vendor names in alphabetical order
2024-03-04T14:38:41.9013136Z 
2024-03-04T14:38:41.9013530Z Purchases
2024-03-04T14:38:41.9014976Z   While signed in as an organizational admin
2024-03-04T14:38:41.9015529Z     DELETE #destroy
2024-03-04T14:38:42.0125264Z       decreases storage location inventory
2024-03-04T14:38:42.0532758Z       deletes a purchase
2024-03-04T14:38:42.0904371Z       displays the proper flash notice
2024-03-04T14:38:42.1370686Z       redirects to the index
2024-03-04T14:38:42.1371641Z   While signed in as a user >
2024-03-04T14:38:42.1373585Z     GET #index
2024-03-04T14:38:42.1374610Z       csv
2024-03-04T14:38:42.1740054Z         is expected to be successful
2024-03-04T14:38:42.1741099Z       html
2024-03-04T14:38:42.2243576Z         is expected to be successful
2024-03-04T14:38:42.2244233Z     GET #new
2024-03-04T14:38:42.2796134Z       is expected to be successful
2024-03-04T14:38:42.2796759Z     GET #edit
2024-03-04T14:38:42.3372062Z       returns http success
2024-03-04T14:38:42.3942527Z       storage location is correct
2024-03-04T14:38:42.3943544Z       when non-finalized audit has been performed on the purchased items
2024-03-04T14:38:42.5361757Z         does not show a warning
2024-03-04T14:38:42.5362630Z       when no audit has been performed
2024-03-04T14:38:42.6447088Z         does not show a warning
2024-03-04T14:38:42.6447836Z       when an finalized audit has been performed on the purchased items
2024-03-04T14:38:42.7839361Z         shows a warning
2024-03-04T14:38:42.7839989Z     PUT#update
2024-03-04T14:38:42.9044413Z       updates storage quantity correctly
2024-03-04T14:38:42.9451125Z       redirects to index after update
2024-03-04T14:38:42.9451958Z       when changing storage location
2024-03-04T14:38:42.9494589Z         rollsback updates if quantity would go below 0
2024-03-04T14:38:43.0634655Z         updates storage quantity correctly
2024-03-04T14:38:43.0635545Z       when removing a line item
2024-03-04T14:38:43.2251957Z         updates storage invetory item quantity correctly
2024-03-04T14:38:43.2252834Z     GET #show
2024-03-04T14:38:43.2907141Z       returns http success
2024-03-04T14:38:43.2908154Z     DELETE #destroy
2024-03-04T14:38:43.3214661Z       does not delete a purchase
2024-03-04T14:38:43.3497917Z       redirects to the dashboard
2024-03-04T14:38:43.3498717Z     POST#create
2024-03-04T14:38:43.3499183Z       on success
2024-03-04T14:38:43.4786824Z         redirects to GET#edit
2024-03-04T14:38:43.5404432Z         storage location defaults to organizations storage location
2024-03-04T14:38:43.5894290Z         accepts :amount_spent_in_cents with dollar signs, commas, and periods
2024-03-04T14:38:43.5895297Z       on failure
2024-03-04T14:38:43.6422524Z         renders GET#new with error
2024-03-04T14:38:43.6426964Z 
2024-03-04T14:38:43.6427231Z Dashboard
2024-03-04T14:38:43.6428979Z   With an existing essentials bank
2024-03-04T14:38:43.6430556Z     Donations
2024-03-04T14:38:43.6433392Z       given 1 Donation on 2024-02-26 (only if a valid date), 4 during 2024-02-27..2024-03-04, and 1 on 2024-03-05
2024-03-04T14:38:43.6436867Z         filtering to 'Last 7 Days'
2024-03-04T14:38:45.5672048Z           shows the correct total and 3 Recent Donation link(s)
2024-03-04T14:38:45.5674268Z       given 1 Donation on 2024-01-31 (only if a valid date), 4 during 2024-02-01..2024-02-29, and 1 on 2024-03-01
2024-03-04T14:38:45.5675555Z         filtering to 'Last Month'
2024-03-04T14:38:47.0886938Z           shows the correct total and 3 Recent Donation link(s)
2024-03-04T14:38:47.0889000Z       given 1 Donation on 2024-02-29 (only if a valid date), 2 during 2024-03-01..2024-03-31, and 1 on 2024-04-01
2024-03-04T14:38:47.0890052Z         filtering to 'This Month'
2024-03-04T14:38:48.5139579Z           shows the correct total and 2 Recent Donation link(s)
2024-03-04T14:38:48.5140780Z     Distributions
2024-03-04T14:38:48.5145472Z       given 1 Distribution on 2024-02-29  (unless 'All Time'), 3 during 2024-03-01..2024-03-31, and 1 on 2024-04-01
2024-03-04T14:38:48.5146626Z         filtering to 'This Month'
2024-03-04T14:38:49.9474684Z           shows the correct total and 3 Recent Distribution link(s)
2024-03-04T14:38:49.9476046Z     Purchases
2024-03-04T14:38:50.9450926Z       has a link to create a new purchase
2024-03-04T14:38:50.9453093Z       given 1 Purchase on 2022-03-03  (unless 'All Time'), 0 during 2022-03-04..2023-11-12, and 1 on 2023-11-13
2024-03-04T14:38:50.9454399Z         filtering to '' (March 4, 2022 - November 12, 2023)
2024-03-04T14:38:54.3078575Z           shows correct 0 Recent Purchase link(s)
2024-03-04T14:38:54.3081757Z     Product Drives
2024-03-04T14:38:54.3085041Z       given 1 Product Drive Donation on 2023-12-31 (unless 'All Time'), 0 during 2024-01-01..2024-12-31, and 1 on 2025-01-01
2024-03-04T14:38:54.3086803Z         filtering to 'This Year'
2024-03-04T14:38:55.6430394Z           shows the correct total money raised
2024-03-04T14:38:55.6432170Z       Product drive behaviour with Mixed Donation types
2024-03-04T14:38:56.3602781Z         only counts product drive donations for product drive
2024-03-04T14:38:56.3604678Z       given 1 Product Drive Donation on 2024-02-03 (unless 'All Time'), 0 during 2024-02-04..2024-03-04, and 1 on 2024-03-05
2024-03-04T14:38:56.3606249Z         filtering to 'Last 30 Days'
2024-03-04T14:38:59.7082145Z           shows 0 Recent Donation link(s)
2024-03-04T14:39:01.0451081Z           shows the correct total money raised
2024-03-04T14:39:01.0452779Z     Manufacturer Donations
2024-03-04T14:39:01.0455958Z       given 1 Manufacturer donating on 2024-02-03  (unless 'All Time'), 3 during 2024-02-04..2024-03-04, and 1 on 2024-03-05
2024-03-04T14:39:01.0456886Z         filtering to 'Last 30 Days'
2024-03-04T14:39:02.6777107Z           shows the correct total and 5 Top Manufacturer Donation link(s)
2024-03-04T14:39:02.6778617Z       given 1 Manufacturer donating on 2024-03-02  (unless 'All Time'), 4 during 2024-03-03..2024-03-03, and 1 on 2024-03-04
2024-03-04T14:39:02.6779592Z         filtering to 'Yesterday'
2024-03-04T14:39:04.4183409Z           shows the correct total and 6 Top Manufacturer Donation link(s)
2024-03-04T14:39:04.4185333Z       given 1 Manufacturer donating on 1999-12-31  (unless 'All Time'), 7 during 2000-01-01..2024-03-04, and 1 on 2024-03-05
2024-03-04T14:39:04.4186152Z         filtering to 'All Time'
2024-03-04T14:39:06.5209002Z           shows the correct total and 8 Top Manufacturer Donation link(s)
2024-03-04T14:39:06.5212423Z 
2024-03-04T14:39:06.5212751Z Admin::AccountRequestsController
2024-03-04T14:39:06.5213822Z   while signed in as a super admin
2024-03-04T14:39:06.5215113Z     POST #reject
2024-03-04T14:39:06.5574779Z       should redirect back on success
2024-03-04T14:39:06.5575888Z     GET #for_rejection
2024-03-04T14:39:06.5576633Z       with an invalid token
2024-03-04T14:39:06.5887710Z         should show a not found message
2024-03-04T14:39:06.5888781Z       with a valid token
2024-03-04T14:39:06.6434587Z         should show the request
2024-03-04T14:39:06.6435477Z     GET #index
2024-03-04T14:39:06.6792297Z       returns success
2024-03-04T14:39:06.6792881Z 
2024-03-04T14:39:06.6793148Z Dashboard
2024-03-04T14:39:06.6795199Z   When the super admin user also has an organization assigned
2024-03-04T14:39:07.1637995Z     displays a link to return to their organization
2024-03-04T14:39:07.1639341Z   When the super admin user does not have an organization assigned
2024-03-04T14:39:07.6456024Z     DOES NOT have a link to the organization
2024-03-04T14:39:07.6458187Z 
2024-03-04T14:39:07.6458751Z Partners
2024-03-04T14:39:07.6461115Z   POST #import_csv
2024-03-04T14:39:07.6462050Z     with a csv file
2024-03-04T14:39:07.6891430Z       redirects to :index
2024-03-04T14:39:07.7229787Z       presents a flash notice message
2024-03-04T14:39:07.7282181Z       invokes .import_csv
2024-03-04T14:39:07.7283178Z     without a csv file
2024-03-04T14:39:07.7401511Z       presents a flash error message
2024-03-04T14:39:07.7519471Z       redirects to :index
2024-03-04T14:39:07.7520521Z     csv file with wrong headers
2024-03-04T14:39:07.7672706Z       redirects to :index
2024-03-04T14:39:07.7806315Z       presents a flash error message
2024-03-04T14:39:07.7807238Z   POST #invite_and_approve
2024-03-04T14:39:07.7808145Z     when invitation failed
2024-03-04T14:39:07.8166884Z       should redirect to the partners index page with a notice flash message
2024-03-04T14:39:07.8167777Z     when invitation succeeded and approval succeed
2024-03-04T14:39:07.8490628Z       sends invitation email and approve partner in single step
2024-03-04T14:39:07.8491557Z     when approval fails
2024-03-04T14:39:07.9849607Z       should redirect to the partners index page with a notice flash message
2024-03-04T14:39:07.9851602Z   POST #invite
2024-03-04T14:39:08.0175167Z     sends the invite
2024-03-04T14:39:08.0175946Z   GET #approve_application
2024-03-04T14:39:08.0176878Z     when the approval was successful
2024-03-04T14:39:08.0495202Z       should redirect to the partners index page with a success flash message
2024-03-04T14:39:08.0496243Z     when the approval failed
2024-03-04T14:39:08.0808232Z       should redirect to the partners index page with a failure flash message
2024-03-04T14:39:08.0809487Z   GET #index
2024-03-04T14:39:08.0810063Z     csv
2024-03-04T14:39:08.1188027Z       is expected to be successful
2024-03-04T14:39:08.1188893Z     html
2024-03-04T14:39:08.1764316Z       is expected to be successful
2024-03-04T14:39:08.1765123Z   GET #show
2024-03-04T14:39:08.1765951Z     html
2024-03-04T14:39:08.2913647Z       is expected to be successful
2024-03-04T14:39:08.2914329Z       when the partner is uninvited
2024-03-04T14:39:08.3732402Z         does not show the delete button
2024-03-04T14:39:08.5373363Z         does not include impact metrics
2024-03-04T14:39:08.5374522Z         when the partner has no users
2024-03-04T14:39:08.7059166Z           shows the delete button
2024-03-04T14:39:08.7063171Z       when the partner is invited
2024-03-04T14:39:08.7889642Z         includes impact metrics
2024-03-04T14:39:08.7890753Z     csv
2024-03-04T14:39:08.8464087Z       is expected to be successful
2024-03-04T14:39:08.8464870Z   POST #create
2024-03-04T14:39:08.8465508Z     successful save
2024-03-04T14:39:08.8676302Z       creates a new partner
2024-03-04T14:39:08.8869814Z       redirects to #index
2024-03-04T14:39:08.8870616Z     unsuccessful save due to empty params
2024-03-04T14:39:08.9288975Z       renders :new
2024-03-04T14:39:08.9289685Z   POST #invite_partner_user
2024-03-04T14:39:08.9290917Z     when the invite successfully
2024-03-04T14:39:08.9608985Z       send the invite
2024-03-04T14:39:08.9609686Z     when there is an error in invite
2024-03-04T14:39:08.9926844Z       redirect to partner url with error message
2024-03-04T14:39:08.9927722Z   GET #edit
2024-03-04T14:39:09.0440086Z     returns http success
2024-03-04T14:39:09.0440847Z   DELETE #destroy
2024-03-04T14:39:09.0877260Z     redirects to #index
2024-03-04T14:39:09.0878135Z   PUT #deactivate
2024-03-04T14:39:09.0878889Z     when the partner successfully deactivates
2024-03-04T14:39:09.1213504Z       changes the partner status to deactivated and redirects with flash
2024-03-04T14:39:09.1214192Z   POST #update
2024-03-04T14:39:09.1214713Z     unsuccessful save due to empty params
2024-03-04T14:39:09.1762165Z       renders :edit
2024-03-04T14:39:09.1762976Z     successful save
2024-03-04T14:39:09.2109677Z       update partner
2024-03-04T14:39:09.2445149Z       redirects to #show
2024-03-04T14:39:09.2445830Z   PUT #reactivate
2024-03-04T14:39:09.2447153Z     when trying to reactivate a partner who is not deactivated
2024-03-04T14:39:09.2740501Z       fails to change the partner status to reactivated and redirects with flash error message
2024-03-04T14:39:09.2741783Z     when the partner successfully reactivates
2024-03-04T14:39:09.3078527Z       changes the partner status to approved and redirects with flash
2024-03-04T14:39:09.3079598Z   POST #recertify_partner
2024-03-04T14:39:09.3080544Z     when the request for recertification from the partner was NOT successful
2024-03-04T14:39:09.3397854Z       should return back to the partners page with a success flash
2024-03-04T14:39:09.3399053Z     when the request for recertification from the partner was successful
2024-03-04T14:39:09.3694167Z       should return back to the partners page with a success flash
2024-03-04T14:39:09.3695171Z   GET #new
2024-03-04T14:39:09.4023534Z     returns http success
2024-03-04T14:39:09.4024470Z   POST #create
2024-03-04T14:39:09.4025267Z     when given invalid partner attributes in the params
2024-03-04T14:39:09.4416492Z       should not create a new Partner record
2024-03-04T14:39:09.4814000Z       should not create a new Partners::Profile record
2024-03-04T14:39:09.5187392Z       should display the error message
2024-03-04T14:39:09.5188366Z     when given valid partner attributes in the params
2024-03-04T14:39:09.5413157Z       redirect to the partners index page
2024-03-04T14:39:09.5627817Z       should create a new Partner record
2024-03-04T14:39:09.5826380Z       should create a new Partners::Profile record
2024-03-04T14:39:09.5827586Z 
2024-03-04T14:39:09.5827902Z Donations
2024-03-04T14:39:09.5829560Z   When signed in as a normal user
2024-03-04T14:39:09.5830602Z     When visiting the index page
2024-03-04T14:39:10.3156575Z       should not display inactive storage locations in dropdown
2024-03-04T14:39:10.8317913Z       Displays Total quantity on the index page
2024-03-04T14:39:11.6501973Z       Allows User to click to the new donation form
2024-03-04T14:39:12.4665743Z       doesn't die when an inactive item is in a donation
2024-03-04T14:39:12.4666687Z     When filtering on the index page
2024-03-04T14:39:13.3086358Z       Filters by product drives
2024-03-04T14:39:14.1565382Z       Filter by product drive participant sticks around
2024-03-04T14:39:14.9924800Z       Filters by storage location
2024-03-04T14:39:15.8056558Z       Filters by donation site
2024-03-04T14:39:16.6118675Z       Filters by the source
2024-03-04T14:39:17.4218706Z       Filters by manufacturer
2024-03-04T14:39:18.5112944Z       Filters by multiple attributes
2024-03-04T14:39:19.3475486Z       Filters by product drive participant
2024-03-04T14:39:19.3476106Z       behaves like Date Range Picker
2024-03-04T14:39:19.3477057Z         when choosing a date range that only includes the previous week
2024-03-04T14:39:20.3274207Z           shows only 1 record
2024-03-04T14:39:20.3275106Z         when choosing 'All Time'
2024-03-04T14:39:21.3305474Z           shows all the records
2024-03-04T14:39:21.3306499Z         when choosing 'Last Month'
2024-03-04T14:39:22.4445717Z           shows only 2 of the records
2024-03-04T14:39:22.4446609Z     When editing an existing donation
2024-03-04T14:39:24.0386761Z       Allows the user to edit a donation
2024-03-04T14:39:25.9584077Z       Does not default a selection if item lookup fails
2024-03-04T14:39:25.9585052Z     When donation items have value
2024-03-04T14:39:26.6902158Z       Displays the total value on the index page
2024-03-04T14:39:27.6507453Z       Displays the total value on the show page
2024-03-04T14:39:28.3761079Z       Displays the individual value on the index page
2024-03-04T14:39:28.3761971Z     When creating a new donation
2024-03-04T14:39:28.9717362Z       should not display inactive storage locations in dropdown
2024-03-04T14:39:28.9718285Z       Via barcode entry
2024-03-04T14:39:29.8448598Z         Allows User to add items by barcode
2024-03-04T14:39:30.7963710Z         Allows User to add items that do not yet have a barcode
2024-03-04T14:39:31.7201540Z         Updates the line item when the same barcode is scanned twice
2024-03-04T14:39:31.7202392Z         When the barcode is a global barcode
2024-03-04T14:39:32.8041663Z           Adds the oldest item it can find for the global barcode
2024-03-04T14:39:32.8042568Z       Via manual entry
2024-03-04T14:39:33.5509166Z         Allows User to create a Product Drive from donation
2024-03-04T14:39:34.4920729Z         Allows User to create a donation for a ProductDrive Participant source
2024-03-04T14:39:35.3799695Z         Allows User to create a donation for a Donation Site source
2024-03-04T14:39:36.2693561Z         Displays nested errors
2024-03-04T14:39:37.1549170Z         Allows User to create a donation with a Miscellaneous source
2024-03-04T14:39:38.0255775Z         User can create a donation using dollars decimal amount for its money raised
2024-03-04T14:39:39.0185952Z         Repopulates items dropdown even if initial submission doesn't validate
2024-03-04T14:39:39.9728946Z         Allows donations to be created IN THE PAST
2024-03-04T14:39:40.9017185Z         Allows User to create a donation for a Manufacturer source
2024-03-04T14:39:41.7261640Z         Does not include inactive items in the line item fields
2024-03-04T14:39:42.4487019Z         Allows User to create a Manufacturer from donation
2024-03-04T14:39:43.1977557Z         Allows User to create a Product Drive Participant from donation
2024-03-04T14:39:44.1762445Z         Strips extraneous data if the user adds both Donation Site and Product Drive Participant
2024-03-04T14:39:45.0635675Z         Verifies unusually large donation quantities
2024-03-04T14:39:45.9526374Z         Allows User to create a donation for Purchased Supplies
2024-03-04T14:39:47.0389538Z         Accepts and combines multiple line items for the same item type
2024-03-04T14:39:47.8462438Z         Ensures Barcode Entry fields have unique ids
2024-03-04T14:39:47.8463349Z     When viewing an existing donation
2024-03-04T14:39:48.3711991Z       displays donation comment
2024-03-04T14:39:48.8720609Z       does not allow deletion of a donation
2024-03-04T14:39:48.8721862Z       when there is no comment defined
2024-03-04T14:39:49.7072472Z         displays the None provided as the comment
2024-03-04T14:39:49.7082391Z   while signed in as an organization admin
2024-03-04T14:39:49.7083540Z     When viewing an existing donation
2024-03-04T14:39:50.6666709Z       allows deletion of a donation
2024-03-04T14:39:50.6670381Z 
2024-03-04T14:39:50.6670817Z Requests
2024-03-04T14:39:50.6671911Z   When not signed
2024-03-04T14:39:50.6848085Z     redirects the user to the sign-in page for CRUD actions
2024-03-04T14:39:50.6848979Z   When signed
2024-03-04T14:39:50.6849714Z     POST #start
2024-03-04T14:39:50.6850308Z       When request exists
2024-03-04T14:39:50.7096788Z         changes the request status from pending to started
2024-03-04T14:39:50.7302977Z         redirects to new_distribution_path and flashes a notice
2024-03-04T14:39:50.7303654Z       When the request does not exist
2024-03-04T14:39:50.7571189Z         responds with not found
2024-03-04T14:39:50.7572134Z     GET #show
2024-03-04T14:39:50.7573007Z       When the request does not exist
2024-03-04T14:39:50.7828447Z         responds with not found
2024-03-04T14:39:50.7829624Z       When the request exists
2024-03-04T14:39:50.8231965Z         responds with success
2024-03-04T14:39:50.8232869Z     GET #index
2024-03-04T14:39:50.8233798Z       html
2024-03-04T14:39:50.8681076Z         is expected to be successful
2024-03-04T14:39:50.8681839Z       csv
2024-03-04T14:39:50.8918300Z         is expected to be successful
2024-03-04T14:39:50.8919666Z 
2024-03-04T14:39:50.8920156Z /account_requests
2024-03-04T14:39:50.8922157Z   POST #create
2024-03-04T14:39:50.8922911Z     with invalid parameters
2024-03-04T14:39:50.9149687Z       renders a successful response (i.e. to display the 'new' template)
2024-03-04T14:39:50.9325432Z       does not create a new AccountRequest
2024-03-04T14:39:50.9326245Z     with valid parameters
2024-03-04T14:39:50.9474169Z       creates a new AccountRequest
2024-03-04T14:39:50.9594409Z       delivers the confirmation email via default queue
2024-03-04T14:39:50.9718554Z       redirects to the created account_request confirmation
2024-03-04T14:39:50.9719602Z   GET #new
2024-03-04T14:39:50.9841459Z     renders a successful response
2024-03-04T14:39:50.9842310Z   GET #confirmation
2024-03-04T14:39:50.9844049Z     when given a invalid token
2024-03-04T14:39:50.9899362Z       should render a error that says that is code provided is invalid
2024-03-04T14:39:50.9900210Z     when given a valid token
2024-03-04T14:39:51.0041287Z       should render the confirmation template
2024-03-04T14:39:51.0042276Z     when given a token that has already been confirmed
2024-03-04T14:39:51.1904506Z       should render a error that says that is code provided is invalid
2024-03-04T14:39:51.1905490Z   GET #received
2024-03-04T14:39:51.1906328Z     when given a invalid token
2024-03-04T14:39:51.1966789Z       should render a error that says that is code provided is invalid
2024-03-04T14:39:51.1967792Z     when given a valid token
2024-03-04T14:39:51.2096561Z       should render the received template
2024-03-04T14:39:51.2097689Z   GET #confirm
2024-03-04T14:39:51.2098542Z     when given a valid token
2024-03-04T14:39:51.2262218Z       should the update confirmed_at on the account_request, queue confirmation email and render confirm template
2024-03-04T14:39:51.2263540Z     when given a invalid token
2024-03-04T14:39:51.2315633Z       should render a error that says that is code provided is invalid
2024-03-04T14:39:51.2316766Z     when given a token that has already been confirmed
2024-03-04T14:39:51.4116404Z       should render a error that says that is code provided is invalid
2024-03-04T14:39:51.4117625Z 
2024-03-04T14:39:51.4117925Z DonationSites
2024-03-04T14:39:51.4118642Z   while signed in
2024-03-04T14:39:51.4121279Z     GET #index
2024-03-04T14:39:51.4121926Z       csv
2024-03-04T14:39:51.4287321Z         is expected to be successful
2024-03-04T14:39:51.4288212Z       html
2024-03-04T14:39:51.4603453Z         is expected to be successful
2024-03-04T14:39:51.4604153Z 
2024-03-04T14:39:51.4604539Z /partners/dashboard
2024-03-04T14:39:51.5759500Z   displays upcoming distributions
2024-03-04T14:39:51.5760460Z   GET #index
2024-03-04T14:39:51.6488204Z     does not display requests in other states
2024-03-04T14:39:51.7231846Z     displays requests that are pending
2024-03-04T14:39:51.7232663Z   BroadcastAnnouncement card
2024-03-04T14:39:51.7827175Z     doesn't display announcements from super admins
2024-03-04T14:39:51.8369796Z     displays announcements if there are valid ones
2024-03-04T14:39:51.8913720Z     doesn't display announcements if there are not valid ones
2024-03-04T14:39:51.8914428Z   with both roles
2024-03-04T14:39:51.9483755Z     should include the switch link
2024-03-04T14:39:51.9484460Z   with just partner role
2024-03-04T14:39:51.9984460Z     should not display the switch link
2024-03-04T14:39:51.9985370Z 
2024-03-04T14:39:51.9985609Z Storage Locations
2024-03-04T14:39:51.9986934Z   when viewing the index
2024-03-04T14:39:53.2448525Z     User can filter the #index by those that contain certain items
2024-03-04T14:39:53.8581737Z     Filter list presented to user is in alphabetical order by item name
2024-03-04T14:39:54.6719778Z     Stops a user from deactivating storage locations with inventory
2024-03-04T14:39:55.8024818Z     shows totals that are the sum totals of all inputs
2024-03-04T14:39:57.2252835Z     Allows user to deactivate and reactivate storage locations
2024-03-04T14:39:58.1523464Z     Allows user to filter discarded storage locations
2024-03-04T14:39:58.1524424Z   when creating a new storage location
2024-03-04T14:39:59.7826061Z     User creates a new storage location with optional fields
2024-03-04T14:40:00.5325428Z     User creates a new storage location with empty attributes
2024-03-04T14:40:01.3281684Z     User creates a new storage location
2024-03-04T14:40:01.3282302Z   when viewing an existing storage location
2024-03-04T14:40:01.9844971Z     Items in (adjustments)
2024-03-04T14:40:02.7197617Z     Items out (distributions)
2024-03-04T14:40:02.7198410Z   when editing an existing storage location
2024-03-04T14:40:03.4981870Z     User updates an existing storage location with empty name
2024-03-04T14:40:04.2999611Z     User updates an existing storage location
2024-03-04T14:40:04.3000346Z 
2024-03-04T14:40:04.3000894Z Admin Users Management
2024-03-04T14:40:04.3001990Z   While signed in as an Administrative User (super admin)
2024-03-04T14:40:05.4659228Z     adds a role
2024-03-04T14:40:06.4826561Z     creates an user
2024-03-04T14:40:07.5254836Z     filters users by name
2024-03-04T14:40:08.0126807Z     filters users by email
2024-03-04T14:40:08.7488595Z     deletes an existing user
2024-03-04T14:40:09.8234165Z     edits an existing user
2024-03-04T14:40:09.8235126Z 
2024-03-04T14:40:09.8235455Z Admin::BarcodeItemsController
2024-03-04T14:40:09.8236661Z   while signed in as a super admin
2024-03-04T14:40:09.8238431Z     GET #index
2024-03-04T14:40:09.8647763Z       returns success
2024-03-04T14:40:09.8648562Z     POST #create
2024-03-04T14:40:09.8648985Z       with invalid params
2024-03-04T14:40:09.9069480Z         returns a successful response (to show form with errors)
2024-03-04T14:40:09.9070310Z       with valid params
2024-03-04T14:40:09.9310282Z         creates a barcode item
2024-03-04T14:40:09.9528778Z         redirects to admin_barcode_items_path
2024-03-04T14:40:09.9529564Z     GET #new
2024-03-04T14:40:09.9877868Z       returns success
2024-03-04T14:40:10.0225024Z     DELETE #destroy
2024-03-04T14:40:10.0225537Z       allows deletion of a global barcode
2024-03-04T14:40:10.2255556Z       allows deletion of barcode in another org
2024-03-04T14:40:10.2256586Z     PATCH #update
2024-03-04T14:40:10.2257461Z       with invalid params
2024-03-04T14:40:10.2658821Z         returns a successful response (to show form with errors)
2024-03-04T14:40:10.2660026Z       with valid params
2024-03-04T14:40:10.2871902Z         updates the barcode_item attributes accordingly
2024-03-04T14:40:10.3067786Z         redirects to admin_barcode_items_path
2024-03-04T14:40:10.5979815Z 
2024-03-04T14:40:10.5980608Z Finished in 1 minute 51.25 seconds (files took 8.29 seconds to load)
2024-03-04T14:40:10.5981619Z 200 examples, 0 failures
2024-03-04T14:40:10.5982039Z 
2024-03-04T14:40:10.6040129Z Randomized with seed 12776
2024-03-04T14:40:10.6043259Z 
2024-03-04T14:40:11.0824202Z Coverage report generated for RSpec to /home/runner/work/human-essentials/human-essentials/coverage. 3781 / 6464 LOC (58.49%) covered.
2024-03-04T14:40:11.5826194Z Coverage report generated for RSpec to /home/runner/work/human-essentials/human-essentials/coverage. 38 / 10745 LOC (0.35%) covered.
2024-03-04T14:40:11.6164826Z Post job cleanup.
2024-03-04T14:40:11.7221871Z [command]/usr/bin/git version
2024-03-04T14:40:11.7277481Z git version 2.43.2
2024-03-04T14:40:11.7320230Z Temporarily overriding HOME='/home/runner/work/_temp/8e801489-54dd-4552-a845-3de51449b209' before making global git config changes
2024-03-04T14:40:11.7321920Z Adding repository directory to the temporary git global config as a safe directory
2024-03-04T14:40:11.7326417Z [command]/usr/bin/git config --global --add safe.directory /home/runner/work/human-essentials/human-essentials
2024-03-04T14:40:11.7370670Z [command]/usr/bin/git config --local --name-only --get-regexp core\.sshCommand
2024-03-04T14:40:11.7410962Z [command]/usr/bin/git submodule foreach --recursive sh -c "git config --local --name-only --get-regexp 'core\.sshCommand' && git config --local --unset-all 'core.sshCommand' || :"
2024-03-04T14:40:11.7656176Z [command]/usr/bin/git config --local --name-only --get-regexp http\.https\:\/\/github\.com\/\.extraheader
2024-03-04T14:40:11.7687663Z http.https://github.com/.extraheader
2024-03-04T14:40:11.7698862Z [command]/usr/bin/git config --local --unset-all http.https://github.com/.extraheader
2024-03-04T14:40:11.7738765Z [command]/usr/bin/git submodule foreach --recursive sh -c "git config --local --name-only --get-regexp 'http\.https\:\/\/github\.com\/\.extraheader' && git config --local --unset-all 'http.https://github.com/.extraheader' || :"
2024-03-04T14:40:11.8116787Z Print service container logs: c2f149446f8c46b5810639c6b685f1be_postgres123_820c0d
2024-03-04T14:40:11.8122259Z ##[command]/usr/bin/docker logs --details 844e7b245f9811215584ed87e50c28458428aecff0168065407faf5229dd9313
2024-03-04T14:40:11.8241392Z  The files belonging to this database system will be owned by user "postgres".
2024-03-04T14:40:11.8243929Z  initdb: warning: enabling "trust" authentication for local connections
2024-03-04T14:40:11.8244984Z  You can change this by editing pg_hba.conf or using the option -A, or
2024-03-04T14:40:11.8245942Z  --auth-local and --auth-host, the next time you run initdb.
2024-03-04T14:40:11.8247170Z  2024-03-04 14:36:31.510 UTC [1] LOG:  starting PostgreSQL 12.3 (Debian 12.3-1.pgdg100+1) on x86_64-pc-linux-gnu, compiled by gcc (Debian 8.3.0-6) 8.3.0, 64-bit
2024-03-04T14:40:11.8248155Z  2024-03-04 14:36:31.510 UTC [1] LOG:  listening on IPv4 address "0.0.0.0", port 5432
2024-03-04T14:40:11.8248835Z  2024-03-04 14:36:31.510 UTC [1] LOG:  listening on IPv6 address "::", port 5432
2024-03-04T14:40:11.8249868Z  2024-03-04 14:36:31.511 UTC [1] LOG:  listening on Unix socket "/var/run/postgresql/.s.PGSQL.5432"
2024-03-04T14:40:11.8250839Z  2024-03-04 14:36:31.523 UTC [55] LOG:  database system was shut down at 2024-03-04 14:36:31 UTC
2024-03-04T14:40:11.8251559Z  2024-03-04 14:36:31.527 UTC [1] LOG:  database system is ready to accept connections
2024-03-04T14:40:11.8252164Z  2024-03-04 14:36:40.710 UTC [69] FATAL:  role "root" does not exist
2024-03-04T14:40:11.8252643Z  This user must also own the server process.
2024-03-04T14:40:11.8253149Z  2024-03-04 14:36:50.814 UTC [77] FATAL:  role "root" does not exist
2024-03-04T14:40:11.8253678Z  2024-03-04 14:37:00.901 UTC [85] FATAL:  role "root" does not exist
2024-03-04T14:40:11.8254251Z  2024-03-04 14:37:09.845 UTC [86] FATAL:  database "diaper_test" does not exist
2024-03-04T14:40:11.8254826Z  2024-03-04 14:37:10.990 UTC [95] FATAL:  role "root" does not exist
2024-03-04T14:40:11.8255471Z  2024-03-04 14:37:16.843 UTC [96] ERROR:  relation "flipper_gates" does not exist at character 491
2024-03-04T14:40:11.8256403Z  2024-03-04 14:37:16.843 UTC [96] STATEMENT:  SELECT a.attname, format_type(a.atttypid, a.atttypmod),
2024-03-04T14:40:11.8257620Z  	       pg_get_expr(d.adbin, d.adrelid), a.attnotnull, a.atttypid, a.atttypmod,
2024-03-04T14:40:11.8258612Z  	       c.collname, col_description(a.attrelid, a.attnum) AS comment,
2024-03-04T14:40:11.8259363Z  	       attgenerated as attgenerated
2024-03-04T14:40:11.8259904Z  	  FROM pg_attribute a
2024-03-04T14:40:11.8260522Z  	  LEFT JOIN pg_attrdef d ON a.attrelid = d.adrelid AND a.attnum = d.adnum
2024-03-04T14:40:11.8261034Z  	  LEFT JOIN pg_type t ON a.atttypid = t.oid
2024-03-04T14:40:11.8261594Z  	  LEFT JOIN pg_collation c ON a.attcollation = c.oid AND a.attcollation <> t.typcollation
2024-03-04T14:40:11.8262173Z  	 WHERE a.attrelid = '"flipper_gates"'::regclass
2024-03-04T14:40:11.8262575Z  	   AND a.attnum > 0 AND NOT a.attisdropped
2024-03-04T14:40:11.8262933Z  	 ORDER BY a.attnum
2024-03-04T14:40:11.8263179Z  	
2024-03-04T14:40:11.8263506Z  2024-03-04 14:37:21.074 UTC [107] FATAL:  role "root" does not exist
2024-03-04T14:40:11.8264059Z  2024-03-04 14:37:31.175 UTC [116] FATAL:  role "root" does not exist
2024-03-04T14:40:11.8264587Z  2024-03-04 14:37:41.257 UTC [124] FATAL:  role "root" does not exist
2024-03-04T14:40:11.8265120Z  2024-03-04 14:37:51.338 UTC [133] FATAL:  role "root" does not exist
2024-03-04T14:40:11.8265647Z  2024-03-04 14:38:01.422 UTC [141] FATAL:  role "root" does not exist
2024-03-04T14:40:11.8266180Z  2024-03-04 14:38:11.512 UTC [150] FATAL:  role "root" does not exist
2024-03-04T14:40:11.8266705Z  2024-03-04 14:38:21.590 UTC [161] FATAL:  role "root" does not exist
2024-03-04T14:40:11.8267226Z  2024-03-04 14:38:31.666 UTC [169] FATAL:  role "root" does not exist
2024-03-04T14:40:11.8267745Z  2024-03-04 14:38:41.766 UTC [177] FATAL:  role "root" does not exist
2024-03-04T14:40:11.8268520Z  2024-03-04 14:38:51.844 UTC [186] FATAL:  role "root" does not exist
2024-03-04T14:40:11.8269059Z  2024-03-04 14:39:01.941 UTC [194] FATAL:  role "root" does not exist
2024-03-04T14:40:11.8269579Z  2024-03-04 14:39:12.035 UTC [203] FATAL:  role "root" does not exist
2024-03-04T14:40:11.8270096Z  2024-03-04 14:39:22.130 UTC [212] FATAL:  role "root" does not exist
2024-03-04T14:40:11.8270615Z  2024-03-04 14:39:32.216 UTC [220] FATAL:  role "root" does not exist
2024-03-04T14:40:11.8271133Z  2024-03-04 14:39:42.310 UTC [228] FATAL:  role "root" does not exist
2024-03-04T14:40:11.8271650Z  2024-03-04 14:39:52.405 UTC [237] FATAL:  role "root" does not exist
2024-03-04T14:40:11.8272165Z  2024-03-04 14:40:02.494 UTC [245] FATAL:  role "root" does not exist
2024-03-04T14:40:11.8272558Z  
2024-03-04T14:40:11.8272898Z  The database cluster will be initialized with locale "en_US.utf8".
2024-03-04T14:40:11.8273477Z  The default database encoding has accordingly been set to "UTF8".
2024-03-04T14:40:11.8274036Z  The default text search configuration will be set to "english".
2024-03-04T14:40:11.8274600Z  
2024-03-04T14:40:11.8274829Z  Data page checksums are disabled.
2024-03-04T14:40:11.8275130Z  
2024-03-04T14:40:11.8275490Z  fixing permissions on existing directory /var/lib/postgresql/data ... ok
2024-03-04T14:40:11.8275970Z  creating subdirectories ... ok
2024-03-04T14:40:11.8276364Z  selecting dynamic shared memory implementation ... posix
2024-03-04T14:40:11.8276805Z  selecting default max_connections ... 100
2024-03-04T14:40:11.8277262Z  selecting default shared_buffers ... 128MB
2024-03-04T14:40:11.8277655Z  selecting default time zone ... Etc/UTC
2024-03-04T14:40:11.8278014Z  creating configuration files ... ok
2024-03-04T14:40:11.8278348Z  running bootstrap script ... ok
2024-03-04T14:40:11.8278710Z  performing post-bootstrap initialization ... ok
2024-03-04T14:40:11.8279087Z  syncing data to disk ... ok
2024-03-04T14:40:11.8279359Z  
2024-03-04T14:40:11.8279545Z  
2024-03-04T14:40:11.8279825Z  Success. You can now start the database server using:
2024-03-04T14:40:11.8280208Z  
2024-03-04T14:40:11.8280482Z      pg_ctl -D /var/lib/postgresql/data -l logfile start
2024-03-04T14:40:11.8280847Z  
2024-03-04T14:40:11.8281646Z  waiting for server to start....2024-03-04 14:36:31.306 UTC [46] LOG:  starting PostgreSQL 12.3 (Debian 12.3-1.pgdg100+1) on x86_64-pc-linux-gnu, compiled by gcc (Debian 8.3.0-6) 8.3.0, 64-bit
2024-03-04T14:40:11.8282771Z  2024-03-04 14:36:31.307 UTC [46] LOG:  listening on Unix socket "/var/run/postgresql/.s.PGSQL.5432"
2024-03-04T14:40:11.8283518Z  2024-03-04 14:36:31.320 UTC [47] LOG:  database system was shut down at 2024-03-04 14:36:31 UTC
2024-03-04T14:40:11.8284213Z  2024-03-04 14:36:31.324 UTC [46] LOG:  database system is ready to accept connections
2024-03-04T14:40:11.8284694Z   done
2024-03-04T14:40:11.8284895Z  server started
2024-03-04T14:40:11.8285116Z  
2024-03-04T14:40:11.8285509Z  /usr/local/bin/docker-entrypoint.sh: ignoring /docker-entrypoint-initdb.d/*
2024-03-04T14:40:11.8286023Z  
2024-03-04T14:40:11.8286346Z  2024-03-04 14:36:31.399 UTC [46] LOG:  received fast shutdown request
2024-03-04T14:40:11.8287057Z  waiting for server to shut down....2024-03-04 14:36:31.399 UTC [46] LOG:  aborting any active transactions
2024-03-04T14:40:11.8287947Z  2024-03-04 14:36:31.401 UTC [46] LOG:  background worker "logical replication launcher" (PID 53) exited with exit code 1
2024-03-04T14:40:11.8288628Z  2024-03-04 14:36:31.401 UTC [48] LOG:  shutting down
2024-03-04T14:40:11.8289102Z  2024-03-04 14:36:31.412 UTC [46] LOG:  database system is shut down
2024-03-04T14:40:11.8289513Z   done
2024-03-04T14:40:11.8289723Z  server stopped
2024-03-04T14:40:11.8289945Z  
2024-03-04T14:40:11.8290227Z  PostgreSQL init process complete; ready for start up.
2024-03-04T14:40:11.8291732Z  
2024-03-04T14:40:11.8298147Z Stop and remove container: c2f149446f8c46b5810639c6b685f1be_postgres123_820c0d
2024-03-04T14:40:11.8303705Z ##[command]/usr/bin/docker rm --force 844e7b245f9811215584ed87e50c28458428aecff0168065407faf5229dd9313
2024-03-04T14:40:12.0344815Z 844e7b245f9811215584ed87e50c28458428aecff0168065407faf5229dd9313
2024-03-04T14:40:12.0369091Z Remove container network: github_network_b73bb8c3e86741a5abcd6a481b643898
2024-03-04T14:40:12.0374522Z ##[command]/usr/bin/docker network rm github_network_b73bb8c3e86741a5abcd6a481b643898
2024-03-04T14:40:12.2772774Z github_network_b73bb8c3e86741a5abcd6a481b643898
2024-03-04T14:40:12.2941379Z Cleaning up orphan processes
