2024-02-29T22:20:35.1884743Z Requested labels: ubuntu-latest
2024-02-29T22:20:35.1885077Z Job defined at: rubyforgood/human-essentials/.github/workflows/rspec-system-events.yml@refs/pull/4147/merge
2024-02-29T22:20:35.1885191Z Waiting for a runner to pick up this job...
2024-02-29T22:20:35.7281278Z Job is waiting for a hosted runner to come online.
2024-02-29T22:20:38.6036797Z Job is about to start running on the hosted runner: GitHub Actions 14 (hosted)
2024-02-29T22:20:40.7103650Z Current runner version: '2.313.0'
2024-02-29T22:20:40.7125834Z ##[group]Operating System
2024-02-29T22:20:40.7126645Z Ubuntu
2024-02-29T22:20:40.7127046Z 22.04.4
2024-02-29T22:20:40.7127371Z LTS
2024-02-29T22:20:40.7127848Z ##[endgroup]
2024-02-29T22:20:40.7128283Z ##[group]Runner Image
2024-02-29T22:20:40.7128718Z Image: ubuntu-22.04
2024-02-29T22:20:40.7129208Z Version: 20240225.1.0
2024-02-29T22:20:40.7130251Z Included Software: https://github.com/actions/runner-images/blob/ubuntu22/20240225.1/images/ubuntu/Ubuntu2204-Readme.md
2024-02-29T22:20:40.7131871Z Image Release: https://github.com/actions/runner-images/releases/tag/ubuntu22%2F20240225.1
2024-02-29T22:20:40.7132810Z ##[endgroup]
2024-02-29T22:20:40.7133256Z ##[group]Runner Image Provisioner
2024-02-29T22:20:40.7133775Z 2.0.347.1
2024-02-29T22:20:40.7134186Z ##[endgroup]
2024-02-29T22:20:40.7136293Z ##[group]GITHUB_TOKEN Permissions
2024-02-29T22:20:40.7138048Z Actions: read
2024-02-29T22:20:40.7138505Z Checks: read
2024-02-29T22:20:40.7139265Z Contents: read
2024-02-29T22:20:40.7139942Z Deployments: read
2024-02-29T22:20:40.7140340Z Discussions: read
2024-02-29T22:20:40.7140829Z Issues: read
2024-02-29T22:20:40.7141232Z Metadata: read
2024-02-29T22:20:40.7141657Z Packages: read
2024-02-29T22:20:40.7142118Z Pages: read
2024-02-29T22:20:40.7142514Z PullRequests: read
2024-02-29T22:20:40.7142983Z RepositoryProjects: read
2024-02-29T22:20:40.7143512Z SecurityEvents: read
2024-02-29T22:20:40.7143945Z Statuses: read
2024-02-29T22:20:40.7144323Z ##[endgroup]
2024-02-29T22:20:40.7147313Z Secret source: None
2024-02-29T22:20:40.7147886Z Prepare workflow directory
2024-02-29T22:20:40.8005323Z Prepare all required actions
2024-02-29T22:20:40.8160587Z Getting action download info
2024-02-29T22:20:41.0109733Z Download action repository 'actions/checkout@v2' (SHA:ee0669bd1cc54295c223e0bb666b733df41de1c5)
2024-02-29T22:20:41.1183810Z Download action repository 'ruby/setup-ruby@v1' (SHA:d4526a55538b775af234ba4af27118ed6f8f6677)
2024-02-29T22:20:41.4849166Z Download action repository 'actions/upload-artifact@v2' (SHA:82c141cc518b40d92cc801eee768e7aafc9c2fa2)
2024-02-29T22:20:41.6308080Z Complete job name: rspec-system-events (6, 4)
2024-02-29T22:20:41.6953686Z ##[group]Checking docker version
2024-02-29T22:20:41.6967705Z ##[command]/usr/bin/docker version --format '{{.Server.APIVersion}}'
2024-02-29T22:20:41.7400088Z '1.43'
2024-02-29T22:20:41.7411767Z Docker daemon API version: '1.43'
2024-02-29T22:20:41.7412538Z ##[command]/usr/bin/docker version --format '{{.Client.APIVersion}}'
2024-02-29T22:20:41.7577656Z '1.43'
2024-02-29T22:20:41.7590001Z Docker client API version: '1.43'
2024-02-29T22:20:41.7595953Z ##[endgroup]
2024-02-29T22:20:41.7600984Z ##[group]Clean up resources from previous jobs
2024-02-29T22:20:41.7606668Z ##[command]/usr/bin/docker ps --all --quiet --no-trunc --filter "label=a944f7"
2024-02-29T22:20:41.7736387Z ##[command]/usr/bin/docker network prune --force --filter "label=a944f7"
2024-02-29T22:20:41.7860280Z ##[endgroup]
2024-02-29T22:20:41.7860746Z ##[group]Create local container network
2024-02-29T22:20:41.7870825Z ##[command]/usr/bin/docker network create --label a944f7 github_network_16ded0e961c24108812b85a55f6509b1
2024-02-29T22:20:41.8680814Z 0ef027cfa1a5b7963620f98a7c916d0d606963543572dbe71c433183b158e4c9
2024-02-29T22:20:41.8696854Z ##[endgroup]
2024-02-29T22:20:41.8774025Z ##[group]Starting db service container
2024-02-29T22:20:41.8791302Z ##[command]/usr/bin/docker pull postgres:12.3
2024-02-29T22:20:42.5446475Z 12.3: Pulling from library/postgres
2024-02-29T22:20:42.6786205Z bf5952930446: Pulling fs layer
2024-02-29T22:20:42.6787175Z 9577476abb00: Pulling fs layer
2024-02-29T22:20:42.6787969Z 2bd105512d5c: Pulling fs layer
2024-02-29T22:20:42.6788629Z b1cd21c26e81: Pulling fs layer
2024-02-29T22:20:42.6789465Z 34a7c86cf8fc: Pulling fs layer
2024-02-29T22:20:42.6790182Z 274e7b0c38d5: Pulling fs layer
2024-02-29T22:20:42.6790846Z 3e831b350d37: Pulling fs layer
2024-02-29T22:20:42.6791685Z 38fa0d496534: Pulling fs layer
2024-02-29T22:20:42.6792898Z 31a8349609a4: Pulling fs layer
2024-02-29T22:20:42.6793537Z 14e4c2a4b7b7: Pulling fs layer
2024-02-29T22:20:42.6794400Z 964acfa02beb: Pulling fs layer
2024-02-29T22:20:42.6795184Z 31b1f20dffc0: Pulling fs layer
2024-02-29T22:20:42.6795917Z 14771c2930e9: Pulling fs layer
2024-02-29T22:20:42.6796797Z 2f30edd0ce8a: Pulling fs layer
2024-02-29T22:20:42.6797537Z 34a7c86cf8fc: Waiting
2024-02-29T22:20:42.6798122Z 274e7b0c38d5: Waiting
2024-02-29T22:20:42.6798931Z 3e831b350d37: Waiting
2024-02-29T22:20:42.6799525Z 38fa0d496534: Waiting
2024-02-29T22:20:42.6800084Z 31a8349609a4: Waiting
2024-02-29T22:20:42.6800908Z 14e4c2a4b7b7: Waiting
2024-02-29T22:20:42.6801458Z 964acfa02beb: Waiting
2024-02-29T22:20:42.6802043Z 31b1f20dffc0: Waiting
2024-02-29T22:20:42.6802806Z 14771c2930e9: Waiting
2024-02-29T22:20:42.6803427Z 2f30edd0ce8a: Waiting
2024-02-29T22:20:42.6804211Z b1cd21c26e81: Waiting
2024-02-29T22:20:42.8370546Z 9577476abb00: Verifying Checksum
2024-02-29T22:20:42.8371254Z 9577476abb00: Download complete
2024-02-29T22:20:42.8520617Z 2bd105512d5c: Verifying Checksum
2024-02-29T22:20:42.8521458Z 2bd105512d5c: Download complete
2024-02-29T22:20:42.9761076Z b1cd21c26e81: Verifying Checksum
2024-02-29T22:20:42.9761843Z b1cd21c26e81: Download complete
2024-02-29T22:20:43.0429720Z bf5952930446: Verifying Checksum
2024-02-29T22:20:43.0430709Z bf5952930446: Download complete
2024-02-29T22:20:43.0671926Z 34a7c86cf8fc: Verifying Checksum
2024-02-29T22:20:43.0672897Z 34a7c86cf8fc: Download complete
2024-02-29T22:20:43.1180550Z 274e7b0c38d5: Download complete
2024-02-29T22:20:43.1839209Z 38fa0d496534: Verifying Checksum
2024-02-29T22:20:43.1839928Z 38fa0d496534: Download complete
2024-02-29T22:20:43.1946881Z 3e831b350d37: Verifying Checksum
2024-02-29T22:20:43.1947754Z 3e831b350d37: Download complete
2024-02-29T22:20:43.3257025Z 14e4c2a4b7b7: Download complete
2024-02-29T22:20:43.3260929Z 964acfa02beb: Verifying Checksum
2024-02-29T22:20:43.3261891Z 964acfa02beb: Download complete
2024-02-29T22:20:43.4657958Z 31b1f20dffc0: Verifying Checksum
2024-02-29T22:20:43.4661275Z 31b1f20dffc0: Download complete
2024-02-29T22:20:43.4741044Z 14771c2930e9: Download complete
2024-02-29T22:20:43.5928515Z 2f30edd0ce8a: Verifying Checksum
2024-02-29T22:20:43.5929641Z 2f30edd0ce8a: Download complete
2024-02-29T22:20:43.8165025Z 31a8349609a4: Verifying Checksum
2024-02-29T22:20:43.8165867Z 31a8349609a4: Download complete
2024-02-29T22:20:44.2796181Z bf5952930446: Pull complete
2024-02-29T22:20:44.4130916Z 9577476abb00: Pull complete
2024-02-29T22:20:44.5769578Z 2bd105512d5c: Pull complete
2024-02-29T22:20:44.6213309Z b1cd21c26e81: Pull complete
2024-02-29T22:20:44.9451263Z 34a7c86cf8fc: Pull complete
2024-02-29T22:20:44.9832798Z 274e7b0c38d5: Pull complete
2024-02-29T22:20:44.9916151Z 3e831b350d37: Pull complete
2024-02-29T22:20:44.9994178Z 38fa0d496534: Pull complete
2024-02-29T22:20:47.2771372Z 31a8349609a4: Pull complete
2024-02-29T22:20:47.2886658Z 14e4c2a4b7b7: Pull complete
2024-02-29T22:20:47.2972495Z 964acfa02beb: Pull complete
2024-02-29T22:20:47.3058344Z 31b1f20dffc0: Pull complete
2024-02-29T22:20:47.3136206Z 14771c2930e9: Pull complete
2024-02-29T22:20:47.3202320Z 2f30edd0ce8a: Pull complete
2024-02-29T22:20:47.3237905Z Digest: sha256:a06e6e6e519b7a329c419f8221edec66cfc45511e8b80e262c12103ba745cf19
2024-02-29T22:20:47.3247892Z Status: Downloaded newer image for postgres:12.3
2024-02-29T22:20:47.3256545Z docker.io/library/postgres:12.3
2024-02-29T22:20:47.3356736Z ##[command]/usr/bin/docker create --name b3606764a63e49c29fab4b09c7af5e32_postgres123_54fe3a --label a944f7 --network github_network_16ded0e961c24108812b85a55f6509b1 --network-alias db -p 5432:5432 --health-cmd pg_isready --health-interval 10s --health-timeout 5s --health-retries 5 -e "POSTGRES_PASSWORD=password" -e GITHUB_ACTIONS=true -e CI=true postgres:12.3
2024-02-29T22:20:47.3585223Z f7be94be55d1a2b1f373acafa7e98b8278ded8bbaf5848928fb99de862d9b050
2024-02-29T22:20:47.3606584Z ##[command]/usr/bin/docker start f7be94be55d1a2b1f373acafa7e98b8278ded8bbaf5848928fb99de862d9b050
2024-02-29T22:20:47.5940224Z f7be94be55d1a2b1f373acafa7e98b8278ded8bbaf5848928fb99de862d9b050
2024-02-29T22:20:47.5960688Z ##[command]/usr/bin/docker ps --all --filter id=f7be94be55d1a2b1f373acafa7e98b8278ded8bbaf5848928fb99de862d9b050 --filter status=running --no-trunc --format "{{.ID}} {{.Status}}"
2024-02-29T22:20:47.6083377Z f7be94be55d1a2b1f373acafa7e98b8278ded8bbaf5848928fb99de862d9b050 Up Less than a second (health: starting)
2024-02-29T22:20:47.6103083Z ##[command]/usr/bin/docker port f7be94be55d1a2b1f373acafa7e98b8278ded8bbaf5848928fb99de862d9b050
2024-02-29T22:20:47.6231104Z 5432/tcp -> 0.0.0.0:5432
2024-02-29T22:20:47.6232008Z 5432/tcp -> [::]:5432
2024-02-29T22:20:47.6308531Z ##[endgroup]
2024-02-29T22:20:47.6333556Z ##[group]Waiting for all services to be ready
2024-02-29T22:20:47.6370031Z ##[command]/usr/bin/docker inspect --format="{{if .Config.Healthcheck}}{{print .State.Health.Status}}{{end}}" f7be94be55d1a2b1f373acafa7e98b8278ded8bbaf5848928fb99de862d9b050
2024-02-29T22:20:47.6501626Z starting
2024-02-29T22:20:47.6522416Z db service is starting, waiting 2 seconds before checking again.
2024-02-29T22:20:49.6516910Z ##[command]/usr/bin/docker inspect --format="{{if .Config.Healthcheck}}{{print .State.Health.Status}}{{end}}" f7be94be55d1a2b1f373acafa7e98b8278ded8bbaf5848928fb99de862d9b050
2024-02-29T22:20:49.6630887Z starting
2024-02-29T22:20:49.6642085Z db service is starting, waiting 3 seconds before checking again.
2024-02-29T22:20:53.5670548Z ##[command]/usr/bin/docker inspect --format="{{if .Config.Healthcheck}}{{print .State.Health.Status}}{{end}}" f7be94be55d1a2b1f373acafa7e98b8278ded8bbaf5848928fb99de862d9b050
2024-02-29T22:20:53.5784998Z starting
2024-02-29T22:20:53.5798005Z db service is starting, waiting 8 seconds before checking again.
2024-02-29T22:21:02.4031132Z ##[command]/usr/bin/docker inspect --format="{{if .Config.Healthcheck}}{{print .State.Health.Status}}{{end}}" f7be94be55d1a2b1f373acafa7e98b8278ded8bbaf5848928fb99de862d9b050
2024-02-29T22:21:02.4151053Z healthy
2024-02-29T22:21:02.4166090Z db service is healthy.
2024-02-29T22:21:02.4166764Z ##[endgroup]
2024-02-29T22:21:02.4531899Z ##[group]Run actions/checkout@v2
2024-02-29T22:21:02.4532350Z with:
2024-02-29T22:21:02.4532711Z   repository: rubyforgood/human-essentials
2024-02-29T22:21:02.4533394Z   token: ***
2024-02-29T22:21:02.4533720Z   ssh-strict: true
2024-02-29T22:21:02.4534076Z   persist-credentials: true
2024-02-29T22:21:02.4534521Z   clean: true
2024-02-29T22:21:02.4534828Z   fetch-depth: 1
2024-02-29T22:21:02.4535155Z   lfs: false
2024-02-29T22:21:02.4535543Z   submodules: false
2024-02-29T22:21:02.4535856Z   set-safe-directory: true
2024-02-29T22:21:02.4536224Z ##[endgroup]
2024-02-29T22:21:02.6263951Z Syncing repository: rubyforgood/human-essentials
2024-02-29T22:21:02.6266656Z ##[group]Getting Git version info
2024-02-29T22:21:02.6267879Z Working directory is '/home/runner/work/human-essentials/human-essentials'
2024-02-29T22:21:02.6269473Z [command]/usr/bin/git version
2024-02-29T22:21:02.6270350Z git version 2.43.2
2024-02-29T22:21:02.6281646Z ##[endgroup]
2024-02-29T22:21:02.6300801Z Temporarily overriding HOME='/home/runner/work/_temp/636eb6fe-8568-4f9c-8a09-bd324a775e7e' before making global git config changes
2024-02-29T22:21:02.6302862Z Adding repository directory to the temporary git global config as a safe directory
2024-02-29T22:21:02.6306158Z [command]/usr/bin/git config --global --add safe.directory /home/runner/work/human-essentials/human-essentials
2024-02-29T22:21:02.6350248Z Deleting the contents of '/home/runner/work/human-essentials/human-essentials'
2024-02-29T22:21:02.6355565Z ##[group]Initializing the repository
2024-02-29T22:21:02.6360457Z [command]/usr/bin/git init /home/runner/work/human-essentials/human-essentials
2024-02-29T22:21:02.6422000Z hint: Using 'master' as the name for the initial branch. This default branch name
2024-02-29T22:21:02.6422948Z hint: is subject to change. To configure the initial branch name to use in all
2024-02-29T22:21:02.6423710Z hint: of your new repositories, which will suppress this warning, call:
2024-02-29T22:21:02.6424778Z hint: 
2024-02-29T22:21:02.6425266Z hint: 	git config --global init.defaultBranch <name>
2024-02-29T22:21:02.6425897Z hint: 
2024-02-29T22:21:02.6426530Z hint: Names commonly chosen instead of 'master' are 'main', 'trunk' and
2024-02-29T22:21:02.6427495Z hint: 'development'. The just-created branch can be renamed via this command:
2024-02-29T22:21:02.6428459Z hint: 
2024-02-29T22:21:02.6429249Z hint: 	git branch -m <name>
2024-02-29T22:21:02.6430646Z Initialized empty Git repository in /home/runner/work/human-essentials/human-essentials/.git/
2024-02-29T22:21:02.6437997Z [command]/usr/bin/git remote add origin https://github.com/rubyforgood/human-essentials
2024-02-29T22:21:02.6479310Z ##[endgroup]
2024-02-29T22:21:02.6480400Z ##[group]Disabling automatic garbage collection
2024-02-29T22:21:02.6483857Z [command]/usr/bin/git config --local gc.auto 0
2024-02-29T22:21:02.6521184Z ##[endgroup]
2024-02-29T22:21:02.6522363Z ##[group]Setting up auth
2024-02-29T22:21:02.6528305Z [command]/usr/bin/git config --local --name-only --get-regexp core\.sshCommand
2024-02-29T22:21:02.6566919Z [command]/usr/bin/git submodule foreach --recursive sh -c "git config --local --name-only --get-regexp 'core\.sshCommand' && git config --local --unset-all 'core.sshCommand' || :"
2024-02-29T22:21:02.6849471Z [command]/usr/bin/git config --local --name-only --get-regexp http\.https\:\/\/github\.com\/\.extraheader
2024-02-29T22:21:02.6887008Z [command]/usr/bin/git submodule foreach --recursive sh -c "git config --local --name-only --get-regexp 'http\.https\:\/\/github\.com\/\.extraheader' && git config --local --unset-all 'http.https://github.com/.extraheader' || :"
2024-02-29T22:21:02.7124371Z [command]/usr/bin/git config --local http.https://github.com/.extraheader AUTHORIZATION: basic ***
2024-02-29T22:21:02.7171801Z ##[endgroup]
2024-02-29T22:21:02.7173132Z ##[group]Fetching the repository
2024-02-29T22:21:02.7182752Z [command]/usr/bin/git -c protocol.version=2 fetch --no-tags --prune --progress --no-recurse-submodules --depth=1 origin +7e727cad6838f53a969e7527ca583625789673e2:refs/remotes/pull/4147/merge
2024-02-29T22:21:02.9669668Z remote: Enumerating objects: 1742, done.        
2024-02-29T22:21:02.9670594Z remote: Counting objects:   0% (1/1742)        
2024-02-29T22:21:02.9674010Z remote: Counting objects:   1% (18/1742)        
2024-02-29T22:21:02.9674919Z remote: Counting objects:   2% (35/1742)        
2024-02-29T22:21:02.9675419Z remote: Counting objects:   3% (53/1742)        
2024-02-29T22:21:02.9675920Z remote: Counting objects:   4% (70/1742)        
2024-02-29T22:21:02.9676479Z remote: Counting objects:   5% (88/1742)        
2024-02-29T22:21:02.9676924Z remote: Counting objects:   6% (105/1742)        
2024-02-29T22:21:02.9680320Z remote: Counting objects:   7% (122/1742)        
2024-02-29T22:21:02.9681040Z remote: Counting objects:   8% (140/1742)        
2024-02-29T22:21:02.9681520Z remote: Counting objects:   9% (157/1742)        
2024-02-29T22:21:02.9682013Z remote: Counting objects:  10% (175/1742)        
2024-02-29T22:21:02.9682940Z remote: Counting objects:  11% (192/1742)        
2024-02-29T22:21:02.9684151Z remote: Counting objects:  12% (210/1742)        
2024-02-29T22:21:02.9685040Z remote: Counting objects:  13% (227/1742)        
2024-02-29T22:21:02.9685963Z remote: Counting objects:  14% (244/1742)        
2024-02-29T22:21:02.9686441Z remote: Counting objects:  15% (262/1742)        
2024-02-29T22:21:02.9686870Z remote: Counting objects:  16% (279/1742)        
2024-02-29T22:21:02.9687874Z remote: Counting objects:  17% (297/1742)        
2024-02-29T22:21:02.9688763Z remote: Counting objects:  18% (314/1742)        
2024-02-29T22:21:02.9689498Z remote: Counting objects:  19% (331/1742)        
2024-02-29T22:21:02.9690286Z remote: Counting objects:  20% (349/1742)        
2024-02-29T22:21:02.9690766Z remote: Counting objects:  21% (366/1742)        
2024-02-29T22:21:02.9691307Z remote: Counting objects:  22% (384/1742)        
2024-02-29T22:21:02.9691761Z remote: Counting objects:  23% (401/1742)        
2024-02-29T22:21:02.9692480Z remote: Counting objects:  24% (419/1742)        
2024-02-29T22:21:02.9693039Z remote: Counting objects:  25% (436/1742)        
2024-02-29T22:21:02.9693475Z remote: Counting objects:  26% (453/1742)        
2024-02-29T22:21:02.9693949Z remote: Counting objects:  27% (471/1742)        
2024-02-29T22:21:02.9694498Z remote: Counting objects:  28% (488/1742)        
2024-02-29T22:21:02.9694928Z remote: Counting objects:  29% (506/1742)        
2024-02-29T22:21:02.9695402Z remote: Counting objects:  30% (523/1742)        
2024-02-29T22:21:02.9695944Z remote: Counting objects:  31% (541/1742)        
2024-02-29T22:21:02.9696376Z remote: Counting objects:  32% (558/1742)        
2024-02-29T22:21:02.9696845Z remote: Counting objects:  33% (575/1742)        
2024-02-29T22:21:02.9697388Z remote: Counting objects:  34% (593/1742)        
2024-02-29T22:21:02.9697823Z remote: Counting objects:  35% (610/1742)        
2024-02-29T22:21:02.9698307Z remote: Counting objects:  36% (628/1742)        
2024-02-29T22:21:02.9699041Z remote: Counting objects:  37% (645/1742)        
2024-02-29T22:21:02.9699534Z remote: Counting objects:  38% (662/1742)        
2024-02-29T22:21:02.9700028Z remote: Counting objects:  39% (680/1742)        
2024-02-29T22:21:02.9700611Z remote: Counting objects:  40% (697/1742)        
2024-02-29T22:21:02.9701043Z remote: Counting objects:  41% (715/1742)        
2024-02-29T22:21:02.9701519Z remote: Counting objects:  42% (732/1742)        
2024-02-29T22:21:02.9702056Z remote: Counting objects:  43% (750/1742)        
2024-02-29T22:21:02.9702522Z remote: Counting objects:  44% (767/1742)        
2024-02-29T22:21:02.9702966Z remote: Counting objects:  45% (784/1742)        
2024-02-29T22:21:02.9703498Z remote: Counting objects:  46% (802/1742)        
2024-02-29T22:21:02.9703987Z remote: Counting objects:  47% (819/1742)        
2024-02-29T22:21:02.9704412Z remote: Counting objects:  48% (837/1742)        
2024-02-29T22:21:02.9704935Z remote: Counting objects:  49% (854/1742)        
2024-02-29T22:21:02.9705597Z remote: Counting objects:  50% (871/1742)        
2024-02-29T22:21:02.9706056Z remote: Counting objects:  51% (889/1742)        
2024-02-29T22:21:02.9706598Z remote: Counting objects:  52% (906/1742)        
2024-02-29T22:21:02.9707078Z remote: Counting objects:  53% (924/1742)        
2024-02-29T22:21:02.9707503Z remote: Counting objects:  54% (941/1742)        
2024-02-29T22:21:02.9708030Z remote: Counting objects:  55% (959/1742)        
2024-02-29T22:21:02.9708511Z remote: Counting objects:  56% (976/1742)        
2024-02-29T22:21:02.9708969Z remote: Counting objects:  57% (993/1742)        
2024-02-29T22:21:02.9709491Z remote: Counting objects:  58% (1011/1742)        
2024-02-29T22:21:02.9709997Z remote: Counting objects:  59% (1028/1742)        
2024-02-29T22:21:02.9710497Z remote: Counting objects:  60% (1046/1742)        
2024-02-29T22:21:02.9711035Z remote: Counting objects:  61% (1063/1742)        
2024-02-29T22:21:02.9711531Z remote: Counting objects:  62% (1081/1742)        
2024-02-29T22:21:02.9712019Z remote: Counting objects:  63% (1098/1742)        
2024-02-29T22:21:02.9712600Z remote: Counting objects:  64% (1115/1742)        
2024-02-29T22:21:02.9713053Z remote: Counting objects:  65% (1133/1742)        
2024-02-29T22:21:02.9713530Z remote: Counting objects:  66% (1150/1742)        
2024-02-29T22:21:02.9714093Z remote: Counting objects:  67% (1168/1742)        
2024-02-29T22:21:02.9714538Z remote: Counting objects:  68% (1185/1742)        
2024-02-29T22:21:02.9715035Z remote: Counting objects:  69% (1202/1742)        
2024-02-29T22:21:02.9715606Z remote: Counting objects:  70% (1220/1742)        
2024-02-29T22:21:02.9860771Z remote: Counting objects:  71% (1237/1742)        
2024-02-29T22:21:02.9862113Z remote: Counting objects:  72% (1255/1742)        
2024-02-29T22:21:02.9863385Z remote: Counting objects:  73% (1272/1742)        
2024-02-29T22:21:02.9864289Z remote: Counting objects:  74% (1290/1742)        
2024-02-29T22:21:02.9865436Z remote: Counting objects:  75% (1307/1742)        
2024-02-29T22:21:02.9866119Z remote: Counting objects:  76% (1324/1742)        
2024-02-29T22:21:02.9866784Z remote: Counting objects:  77% (1342/1742)        
2024-02-29T22:21:02.9867802Z remote: Counting objects:  78% (1359/1742)        
2024-02-29T22:21:02.9868958Z remote: Counting objects:  79% (1377/1742)        
2024-02-29T22:21:02.9869599Z remote: Counting objects:  80% (1394/1742)        
2024-02-29T22:21:02.9870180Z remote: Counting objects:  81% (1412/1742)        
2024-02-29T22:21:02.9870673Z remote: Counting objects:  82% (1429/1742)        
2024-02-29T22:21:02.9871177Z remote: Counting objects:  83% (1446/1742)        
2024-02-29T22:21:02.9871697Z remote: Counting objects:  84% (1464/1742)        
2024-02-29T22:21:02.9872190Z remote: Counting objects:  85% (1481/1742)        
2024-02-29T22:21:02.9872690Z remote: Counting objects:  86% (1499/1742)        
2024-02-29T22:21:02.9873702Z remote: Counting objects:  87% (1516/1742)        
2024-02-29T22:21:02.9874264Z remote: Counting objects:  88% (1533/1742)        
2024-02-29T22:21:02.9874778Z remote: Counting objects:  89% (1551/1742)        
2024-02-29T22:21:02.9875365Z remote: Counting objects:  90% (1568/1742)        
2024-02-29T22:21:02.9875840Z remote: Counting objects:  91% (1586/1742)        
2024-02-29T22:21:02.9876369Z remote: Counting objects:  92% (1603/1742)        
2024-02-29T22:21:02.9876928Z remote: Counting objects:  93% (1621/1742)        
2024-02-29T22:21:02.9877386Z remote: Counting objects:  94% (1638/1742)        
2024-02-29T22:21:02.9877889Z remote: Counting objects:  95% (1655/1742)        
2024-02-29T22:21:02.9878440Z remote: Counting objects:  96% (1673/1742)        
2024-02-29T22:21:02.9878905Z remote: Counting objects:  97% (1690/1742)        
2024-02-29T22:21:02.9879390Z remote: Counting objects:  98% (1708/1742)        
2024-02-29T22:21:02.9879932Z remote: Counting objects:  99% (1725/1742)        
2024-02-29T22:21:02.9880714Z remote: Counting objects: 100% (1742/1742)        
2024-02-29T22:21:02.9881654Z remote: Counting objects: 100% (1742/1742), done.        
2024-02-29T22:21:02.9882342Z remote: Compressing objects:   0% (1/1556)        
2024-02-29T22:21:02.9882828Z remote: Compressing objects:   1% (16/1556)        
2024-02-29T22:21:02.9883353Z remote: Compressing objects:   2% (32/1556)        
2024-02-29T22:21:02.9883946Z remote: Compressing objects:   3% (47/1556)        
2024-02-29T22:21:02.9884452Z remote: Compressing objects:   4% (63/1556)        
2024-02-29T22:21:02.9885288Z remote: Compressing objects:   5% (78/1556)        
2024-02-29T22:21:02.9886065Z remote: Compressing objects:   6% (94/1556)        
2024-02-29T22:21:02.9886578Z remote: Compressing objects:   7% (109/1556)        
2024-02-29T22:21:02.9887060Z remote: Compressing objects:   8% (125/1556)        
2024-02-29T22:21:02.9887656Z remote: Compressing objects:   9% (141/1556)        
2024-02-29T22:21:02.9888164Z remote: Compressing objects:  10% (156/1556)        
2024-02-29T22:21:02.9888641Z remote: Compressing objects:  11% (172/1556)        
2024-02-29T22:21:02.9889231Z remote: Compressing objects:  12% (187/1556)        
2024-02-29T22:21:02.9890118Z remote: Compressing objects:  13% (203/1556)        
2024-02-29T22:21:02.9890685Z remote: Compressing objects:  14% (218/1556)        
2024-02-29T22:21:02.9891329Z remote: Compressing objects:  15% (234/1556)        
2024-02-29T22:21:02.9891832Z remote: Compressing objects:  16% (249/1556)        
2024-02-29T22:21:02.9892313Z remote: Compressing objects:  17% (265/1556)        
2024-02-29T22:21:02.9893786Z remote: Compressing objects:  18% (281/1556)        
2024-02-29T22:21:02.9913682Z remote: Compressing objects:  19% (296/1556)        
2024-02-29T22:21:02.9934190Z remote: Compressing objects:  20% (312/1556)        
2024-02-29T22:21:02.9986793Z remote: Compressing objects:  21% (327/1556)        
2024-02-29T22:21:03.0001677Z remote: Compressing objects:  22% (343/1556)        
2024-02-29T22:21:03.0006041Z remote: Compressing objects:  23% (358/1556)        
2024-02-29T22:21:03.0014883Z remote: Compressing objects:  24% (374/1556)        
2024-02-29T22:21:03.0020288Z remote: Compressing objects:  25% (389/1556)        
2024-02-29T22:21:03.0032941Z remote: Compressing objects:  26% (405/1556)        
2024-02-29T22:21:03.0042488Z remote: Compressing objects:  27% (421/1556)        
2024-02-29T22:21:03.0054351Z remote: Compressing objects:  28% (436/1556)        
2024-02-29T22:21:03.0056881Z remote: Compressing objects:  29% (452/1556)        
2024-02-29T22:21:03.0066633Z remote: Compressing objects:  30% (467/1556)        
2024-02-29T22:21:03.0086462Z remote: Compressing objects:  31% (483/1556)        
2024-02-29T22:21:03.0096531Z remote: Compressing objects:  32% (498/1556)        
2024-02-29T22:21:03.0105496Z remote: Compressing objects:  33% (514/1556)        
2024-02-29T22:21:03.0120903Z remote: Compressing objects:  34% (530/1556)        
2024-02-29T22:21:03.0121424Z remote: Compressing objects:  35% (545/1556)        
2024-02-29T22:21:03.0135368Z remote: Compressing objects:  36% (561/1556)        
2024-02-29T22:21:03.0135927Z remote: Compressing objects:  37% (576/1556)        
2024-02-29T22:21:03.0136432Z remote: Compressing objects:  38% (592/1556)        
2024-02-29T22:21:03.0137055Z remote: Compressing objects:  39% (607/1556)        
2024-02-29T22:21:03.0137572Z remote: Compressing objects:  40% (623/1556)        
2024-02-29T22:21:03.0143396Z remote: Compressing objects:  41% (638/1556)        
2024-02-29T22:21:03.0143913Z remote: Compressing objects:  42% (654/1556)        
2024-02-29T22:21:03.0144424Z remote: Compressing objects:  43% (670/1556)        
2024-02-29T22:21:03.0152051Z remote: Compressing objects:  44% (685/1556)        
2024-02-29T22:21:03.0160039Z remote: Compressing objects:  45% (701/1556)        
2024-02-29T22:21:03.0160782Z remote: Compressing objects:  46% (716/1556)        
2024-02-29T22:21:03.0161745Z remote: Compressing objects:  47% (732/1556)        
2024-02-29T22:21:03.0162258Z remote: Compressing objects:  48% (747/1556)        
2024-02-29T22:21:03.0165769Z remote: Compressing objects:  49% (763/1556)        
2024-02-29T22:21:03.0170501Z remote: Compressing objects:  50% (778/1556)        
2024-02-29T22:21:03.0174060Z remote: Compressing objects:  51% (794/1556)        
2024-02-29T22:21:03.0177557Z remote: Compressing objects:  52% (810/1556)        
2024-02-29T22:21:03.0185597Z remote: Compressing objects:  53% (825/1556)        
2024-02-29T22:21:03.0189489Z remote: Compressing objects:  54% (841/1556)        
2024-02-29T22:21:03.0197103Z remote: Compressing objects:  55% (856/1556)        
2024-02-29T22:21:03.0235076Z remote: Compressing objects:  56% (872/1556)        
2024-02-29T22:21:03.0263427Z remote: Compressing objects:  57% (887/1556)        
2024-02-29T22:21:03.0274880Z remote: Compressing objects:  58% (903/1556)        
2024-02-29T22:21:03.0279786Z remote: Compressing objects:  59% (919/1556)        
2024-02-29T22:21:03.0283553Z remote: Compressing objects:  60% (934/1556)        
2024-02-29T22:21:03.0285858Z remote: Compressing objects:  61% (950/1556)        
2024-02-29T22:21:03.0290925Z remote: Compressing objects:  62% (965/1556)        
2024-02-29T22:21:03.0303177Z remote: Compressing objects:  63% (981/1556)        
2024-02-29T22:21:03.0306792Z remote: Compressing objects:  64% (996/1556)        
2024-02-29T22:21:03.0311199Z remote: Compressing objects:  65% (1012/1556)        
2024-02-29T22:21:03.0316450Z remote: Compressing objects:  66% (1027/1556)        
2024-02-29T22:21:03.0327412Z remote: Compressing objects:  67% (1043/1556)        
2024-02-29T22:21:03.0335420Z remote: Compressing objects:  68% (1059/1556)        
2024-02-29T22:21:03.0340340Z remote: Compressing objects:  69% (1074/1556)        
2024-02-29T22:21:03.0343910Z remote: Compressing objects:  70% (1090/1556)        
2024-02-29T22:21:03.0357599Z remote: Compressing objects:  71% (1105/1556)        
2024-02-29T22:21:03.0376360Z remote: Compressing objects:  72% (1121/1556)        
2024-02-29T22:21:03.0394424Z remote: Compressing objects:  73% (1136/1556)        
2024-02-29T22:21:03.0395204Z remote: Compressing objects:  74% (1152/1556)        
2024-02-29T22:21:03.0401975Z remote: Compressing objects:  75% (1167/1556)        
2024-02-29T22:21:03.0459507Z remote: Compressing objects:  76% (1183/1556)        
2024-02-29T22:21:03.0479116Z remote: Compressing objects:  77% (1199/1556)        
2024-02-29T22:21:03.0490936Z remote: Compressing objects:  78% (1214/1556)        
2024-02-29T22:21:03.0522796Z remote: Compressing objects:  79% (1230/1556)        
2024-02-29T22:21:03.0529608Z remote: Compressing objects:  80% (1245/1556)        
2024-02-29T22:21:03.0575012Z remote: Compressing objects:  81% (1261/1556)        
2024-02-29T22:21:03.0621039Z remote: Compressing objects:  82% (1276/1556)        
2024-02-29T22:21:03.0637616Z remote: Compressing objects:  83% (1292/1556)        
2024-02-29T22:21:03.0647417Z remote: Compressing objects:  84% (1308/1556)        
2024-02-29T22:21:03.0687701Z remote: Compressing objects:  85% (1323/1556)        
2024-02-29T22:21:03.0725754Z remote: Compressing objects:  86% (1339/1556)        
2024-02-29T22:21:03.0745925Z remote: Compressing objects:  87% (1354/1556)        
2024-02-29T22:21:03.0752727Z remote: Compressing objects:  88% (1370/1556)        
2024-02-29T22:21:03.0765803Z remote: Compressing objects:  89% (1385/1556)        
2024-02-29T22:21:03.0766823Z remote: Compressing objects:  90% (1401/1556)        
2024-02-29T22:21:03.0767920Z remote: Compressing objects:  91% (1416/1556)        
2024-02-29T22:21:03.0768782Z remote: Compressing objects:  92% (1432/1556)        
2024-02-29T22:21:03.0769722Z remote: Compressing objects:  93% (1448/1556)        
2024-02-29T22:21:03.0770790Z remote: Compressing objects:  94% (1463/1556)        
2024-02-29T22:21:03.0771751Z remote: Compressing objects:  95% (1479/1556)        
2024-02-29T22:21:03.0772759Z remote: Compressing objects:  96% (1494/1556)        
2024-02-29T22:21:03.0773798Z remote: Compressing objects:  97% (1510/1556)        
2024-02-29T22:21:03.0774554Z remote: Compressing objects:  98% (1525/1556)        
2024-02-29T22:21:03.0775303Z remote: Compressing objects:  99% (1541/1556)        
2024-02-29T22:21:03.0775957Z remote: Compressing objects: 100% (1556/1556)        
2024-02-29T22:21:03.0776487Z remote: Compressing objects: 100% (1556/1556), done.        
2024-02-29T22:21:03.0809156Z Receiving objects:   0% (1/1742)
2024-02-29T22:21:03.0812369Z Receiving objects:   1% (18/1742)
2024-02-29T22:21:03.0880271Z Receiving objects:   2% (35/1742)
2024-02-29T22:21:03.1760633Z Receiving objects:   3% (53/1742)
2024-02-29T22:21:03.4064827Z Receiving objects:   4% (70/1742)
2024-02-29T22:21:03.4067621Z Receiving objects:   5% (88/1742)
2024-02-29T22:21:03.4070882Z Receiving objects:   6% (105/1742)
2024-02-29T22:21:03.4075723Z Receiving objects:   7% (122/1742)
2024-02-29T22:21:03.4079838Z Receiving objects:   8% (140/1742)
2024-02-29T22:21:03.4083570Z Receiving objects:   9% (157/1742)
2024-02-29T22:21:03.4127588Z Receiving objects:  10% (175/1742)
2024-02-29T22:21:03.4130358Z Receiving objects:  11% (192/1742)
2024-02-29T22:21:03.4133112Z Receiving objects:  12% (210/1742)
2024-02-29T22:21:03.4245463Z Receiving objects:  13% (227/1742)
2024-02-29T22:21:03.4249307Z Receiving objects:  14% (244/1742)
2024-02-29T22:21:03.4251637Z Receiving objects:  15% (262/1742)
2024-02-29T22:21:03.4255509Z Receiving objects:  16% (279/1742)
2024-02-29T22:21:03.4260541Z Receiving objects:  17% (297/1742)
2024-02-29T22:21:03.4264827Z Receiving objects:  18% (314/1742)
2024-02-29T22:21:03.4268847Z Receiving objects:  19% (331/1742)
2024-02-29T22:21:03.4272733Z Receiving objects:  20% (349/1742)
2024-02-29T22:21:03.4317586Z Receiving objects:  21% (366/1742)
2024-02-29T22:21:03.4321525Z Receiving objects:  22% (384/1742)
2024-02-29T22:21:03.4399283Z Receiving objects:  23% (401/1742)
2024-02-29T22:21:03.4401830Z Receiving objects:  24% (419/1742)
2024-02-29T22:21:03.4432391Z Receiving objects:  25% (436/1742)
2024-02-29T22:21:03.4434609Z Receiving objects:  26% (453/1742)
2024-02-29T22:21:03.4436789Z Receiving objects:  27% (471/1742)
2024-02-29T22:21:03.4440033Z Receiving objects:  28% (488/1742)
2024-02-29T22:21:03.4442075Z Receiving objects:  29% (506/1742)
2024-02-29T22:21:03.4444202Z Receiving objects:  30% (523/1742)
2024-02-29T22:21:03.4447566Z Receiving objects:  31% (541/1742)
2024-02-29T22:21:03.4449441Z Receiving objects:  32% (558/1742)
2024-02-29T22:21:03.4451540Z Receiving objects:  33% (575/1742)
2024-02-29T22:21:03.4453173Z Receiving objects:  34% (593/1742)
2024-02-29T22:21:03.4454817Z Receiving objects:  35% (610/1742)
2024-02-29T22:21:03.4458697Z Receiving objects:  36% (628/1742)
2024-02-29T22:21:03.4508456Z Receiving objects:  37% (645/1742)
2024-02-29T22:21:03.4509610Z Receiving objects:  38% (662/1742)
2024-02-29T22:21:03.4512635Z Receiving objects:  39% (680/1742)
2024-02-29T22:21:03.4585497Z Receiving objects:  40% (697/1742)
2024-02-29T22:21:03.4589296Z Receiving objects:  41% (715/1742)
2024-02-29T22:21:03.4592279Z Receiving objects:  42% (732/1742)
2024-02-29T22:21:03.4595472Z Receiving objects:  43% (750/1742)
2024-02-29T22:21:03.4627334Z Receiving objects:  44% (767/1742)
2024-02-29T22:21:03.4628664Z Receiving objects:  45% (784/1742)
2024-02-29T22:21:03.4631159Z Receiving objects:  46% (802/1742)
2024-02-29T22:21:03.4633909Z Receiving objects:  47% (819/1742)
2024-02-29T22:21:03.4636286Z Receiving objects:  48% (837/1742)
2024-02-29T22:21:03.4637993Z Receiving objects:  49% (854/1742)
2024-02-29T22:21:03.4640390Z Receiving objects:  50% (871/1742)
2024-02-29T22:21:03.4641736Z Receiving objects:  51% (889/1742)
2024-02-29T22:21:03.4644275Z Receiving objects:  52% (906/1742)
2024-02-29T22:21:03.4649551Z Receiving objects:  53% (924/1742)
2024-02-29T22:21:03.4655085Z Receiving objects:  54% (941/1742)
2024-02-29T22:21:03.4778785Z Receiving objects:  55% (959/1742)
2024-02-29T22:21:03.4784432Z Receiving objects:  56% (976/1742)
2024-02-29T22:21:03.4786050Z Receiving objects:  57% (993/1742)
2024-02-29T22:21:03.4815606Z Receiving objects:  58% (1011/1742)
2024-02-29T22:21:03.4819472Z Receiving objects:  59% (1028/1742)
2024-02-29T22:21:03.4822156Z Receiving objects:  60% (1046/1742)
2024-02-29T22:21:03.4822896Z Receiving objects:  61% (1063/1742)
2024-02-29T22:21:03.4823624Z Receiving objects:  62% (1081/1742)
2024-02-29T22:21:03.4825550Z Receiving objects:  63% (1098/1742)
2024-02-29T22:21:03.4827145Z Receiving objects:  64% (1115/1742)
2024-02-29T22:21:03.4828657Z Receiving objects:  65% (1133/1742)
2024-02-29T22:21:03.4830362Z Receiving objects:  66% (1150/1742)
2024-02-29T22:21:03.4831709Z Receiving objects:  67% (1168/1742)
2024-02-29T22:21:03.4833212Z Receiving objects:  68% (1185/1742)
2024-02-29T22:21:03.4834724Z Receiving objects:  69% (1202/1742)
2024-02-29T22:21:03.4836127Z Receiving objects:  70% (1220/1742)
2024-02-29T22:21:03.4842816Z Receiving objects:  71% (1237/1742)
2024-02-29T22:21:03.4966793Z Receiving objects:  72% (1255/1742)
2024-02-29T22:21:03.4974211Z Receiving objects:  73% (1272/1742)
2024-02-29T22:21:03.5010308Z Receiving objects:  74% (1290/1742)
2024-02-29T22:21:03.5965664Z Receiving objects:  75% (1307/1742)
2024-02-29T22:21:03.6923246Z Receiving objects:  76% (1324/1742), 2.65 MiB | 5.25 MiB/s
2024-02-29T22:21:03.7509820Z Receiving objects:  77% (1342/1742), 2.65 MiB | 5.25 MiB/s
2024-02-29T22:21:03.8986047Z Receiving objects:  78% (1359/1742), 2.65 MiB | 5.25 MiB/s
2024-02-29T22:21:03.9993222Z Receiving objects:  79% (1377/1742), 2.65 MiB | 5.25 MiB/s
2024-02-29T22:21:04.0950732Z Receiving objects:  80% (1394/1742), 2.65 MiB | 5.25 MiB/s
2024-02-29T22:21:04.1154505Z Receiving objects:  80% (1403/1742), 6.00 MiB | 5.92 MiB/s
2024-02-29T22:21:04.1160159Z Receiving objects:  81% (1412/1742), 6.00 MiB | 5.92 MiB/s
2024-02-29T22:21:04.1162728Z Receiving objects:  82% (1429/1742), 6.00 MiB | 5.92 MiB/s
2024-02-29T22:21:04.1165476Z Receiving objects:  83% (1446/1742), 6.00 MiB | 5.92 MiB/s
2024-02-29T22:21:04.1169213Z Receiving objects:  84% (1464/1742), 6.00 MiB | 5.92 MiB/s
2024-02-29T22:21:04.1172932Z Receiving objects:  85% (1481/1742), 6.00 MiB | 5.92 MiB/s
2024-02-29T22:21:04.1178355Z Receiving objects:  86% (1499/1742), 6.00 MiB | 5.92 MiB/s
2024-02-29T22:21:04.1341611Z Receiving objects:  87% (1516/1742), 6.00 MiB | 5.92 MiB/s
2024-02-29T22:21:04.1346853Z Receiving objects:  88% (1533/1742), 6.00 MiB | 5.92 MiB/s
2024-02-29T22:21:04.1351507Z Receiving objects:  89% (1551/1742), 6.00 MiB | 5.92 MiB/s
2024-02-29T22:21:04.1357252Z Receiving objects:  90% (1568/1742), 6.00 MiB | 5.92 MiB/s
2024-02-29T22:21:04.1362791Z Receiving objects:  91% (1586/1742), 6.00 MiB | 5.92 MiB/s
2024-02-29T22:21:04.1367379Z Receiving objects:  92% (1603/1742), 6.00 MiB | 5.92 MiB/s
2024-02-29T22:21:04.1371440Z Receiving objects:  93% (1621/1742), 6.00 MiB | 5.92 MiB/s
2024-02-29T22:21:04.1375355Z Receiving objects:  94% (1638/1742), 6.00 MiB | 5.92 MiB/s
2024-02-29T22:21:04.1379127Z Receiving objects:  95% (1655/1742), 6.00 MiB | 5.92 MiB/s
2024-02-29T22:21:04.1381314Z Receiving objects:  96% (1673/1742), 6.00 MiB | 5.92 MiB/s
2024-02-29T22:21:04.1531510Z Receiving objects:  97% (1690/1742), 6.00 MiB | 5.92 MiB/s
2024-02-29T22:21:04.1539991Z Receiving objects:  98% (1708/1742), 6.00 MiB | 5.92 MiB/s
2024-02-29T22:21:04.1720555Z Receiving objects:  99% (1725/1742), 6.00 MiB | 5.92 MiB/s
2024-02-29T22:21:04.1722459Z remote: Total 1742 (delta 281), reused 960 (delta 147), pack-reused 0        
2024-02-29T22:21:04.1724969Z Receiving objects: 100% (1742/1742), 6.00 MiB | 5.92 MiB/s
2024-02-29T22:21:04.1726231Z Receiving objects: 100% (1742/1742), 6.59 MiB | 6.04 MiB/s, done.
2024-02-29T22:21:04.1731015Z Resolving deltas:   0% (0/281)
2024-02-29T22:21:04.1731664Z Resolving deltas:   1% (3/281)
2024-02-29T22:21:04.1734130Z Resolving deltas:   2% (6/281)
2024-02-29T22:21:04.1735072Z Resolving deltas:   3% (9/281)
2024-02-29T22:21:04.1736812Z Resolving deltas:   4% (12/281)
2024-02-29T22:21:04.1737735Z Resolving deltas:   5% (15/281)
2024-02-29T22:21:04.1738721Z Resolving deltas:   6% (17/281)
2024-02-29T22:21:04.1739683Z Resolving deltas:   7% (20/281)
2024-02-29T22:21:04.1741607Z Resolving deltas:   8% (23/281)
2024-02-29T22:21:04.1754218Z Resolving deltas:   9% (26/281)
2024-02-29T22:21:04.1755000Z Resolving deltas:  10% (29/281)
2024-02-29T22:21:04.1755829Z Resolving deltas:  11% (31/281)
2024-02-29T22:21:04.1756536Z Resolving deltas:  12% (34/281)
2024-02-29T22:21:04.1757265Z Resolving deltas:  13% (37/281)
2024-02-29T22:21:04.1760607Z Resolving deltas:  14% (40/281)
2024-02-29T22:21:04.1761291Z Resolving deltas:  15% (43/281)
2024-02-29T22:21:04.1761888Z Resolving deltas:  16% (45/281)
2024-02-29T22:21:04.1763903Z Resolving deltas:  17% (48/281)
2024-02-29T22:21:04.1764506Z Resolving deltas:  18% (51/281)
2024-02-29T22:21:04.1765348Z Resolving deltas:  19% (54/281)
2024-02-29T22:21:04.1766097Z Resolving deltas:  20% (57/281)
2024-02-29T22:21:04.1766780Z Resolving deltas:  21% (61/281)
2024-02-29T22:21:04.1767753Z Resolving deltas:  22% (62/281)
2024-02-29T22:21:04.1768503Z Resolving deltas:  23% (65/281)
2024-02-29T22:21:04.1769167Z Resolving deltas:  24% (68/281)
2024-02-29T22:21:04.1782417Z Resolving deltas:  25% (71/281)
2024-02-29T22:21:04.1783138Z Resolving deltas:  26% (74/281)
2024-02-29T22:21:04.1783803Z Resolving deltas:  27% (76/281)
2024-02-29T22:21:04.1785915Z Resolving deltas:  28% (79/281)
2024-02-29T22:21:04.1786772Z Resolving deltas:  29% (82/281)
2024-02-29T22:21:04.1792049Z Resolving deltas:  30% (85/281)
2024-02-29T22:21:04.1792746Z Resolving deltas:  31% (88/281)
2024-02-29T22:21:04.1793389Z Resolving deltas:  32% (90/281)
2024-02-29T22:21:04.1794204Z Resolving deltas:  33% (93/281)
2024-02-29T22:21:04.1797012Z Resolving deltas:  34% (96/281)
2024-02-29T22:21:04.1800978Z Resolving deltas:  35% (99/281)
2024-02-29T22:21:04.1804873Z Resolving deltas:  36% (102/281)
2024-02-29T22:21:04.1808665Z Resolving deltas:  37% (104/281)
2024-02-29T22:21:04.1812413Z Resolving deltas:  38% (107/281)
2024-02-29T22:21:04.1813146Z Resolving deltas:  39% (110/281)
2024-02-29T22:21:04.1813803Z Resolving deltas:  40% (113/281)
2024-02-29T22:21:04.1814498Z Resolving deltas:  41% (116/281)
2024-02-29T22:21:04.1815418Z Resolving deltas:  42% (119/281)
2024-02-29T22:21:04.1816054Z Resolving deltas:  43% (121/281)
2024-02-29T22:21:04.1816721Z Resolving deltas:  44% (124/281)
2024-02-29T22:21:04.1817362Z Resolving deltas:  45% (127/281)
2024-02-29T22:21:04.1817975Z Resolving deltas:  46% (130/281)
2024-02-29T22:21:04.1818661Z Resolving deltas:  47% (133/281)
2024-02-29T22:21:04.1819658Z Resolving deltas:  48% (135/281)
2024-02-29T22:21:04.1820278Z Resolving deltas:  49% (138/281)
2024-02-29T22:21:04.1820983Z Resolving deltas:  50% (141/281)
2024-02-29T22:21:04.1821602Z Resolving deltas:  51% (144/281)
2024-02-29T22:21:04.1822217Z Resolving deltas:  52% (147/281)
2024-02-29T22:21:04.1822890Z Resolving deltas:  53% (149/281)
2024-02-29T22:21:04.1823503Z Resolving deltas:  54% (152/281)
2024-02-29T22:21:04.1824114Z Resolving deltas:  55% (155/281)
2024-02-29T22:21:04.1824783Z Resolving deltas:  56% (158/281)
2024-02-29T22:21:04.1825399Z Resolving deltas:  57% (161/281)
2024-02-29T22:21:04.1826075Z Resolving deltas:  58% (163/281)
2024-02-29T22:21:04.1826771Z Resolving deltas:  59% (166/281)
2024-02-29T22:21:04.1827419Z Resolving deltas:  60% (169/281)
2024-02-29T22:21:04.1828077Z Resolving deltas:  61% (172/281)
2024-02-29T22:21:04.1828804Z Resolving deltas:  62% (175/281)
2024-02-29T22:21:04.1829537Z Resolving deltas:  63% (178/281)
2024-02-29T22:21:04.1830301Z Resolving deltas:  64% (180/281)
2024-02-29T22:21:04.1831052Z Resolving deltas:  65% (183/281)
2024-02-29T22:21:04.1831681Z Resolving deltas:  66% (186/281)
2024-02-29T22:21:04.1832166Z Resolving deltas:  67% (189/281)
2024-02-29T22:21:04.1832596Z Resolving deltas:  68% (192/281)
2024-02-29T22:21:04.1832978Z Resolving deltas:  69% (195/281)
2024-02-29T22:21:04.1833378Z Resolving deltas:  70% (197/281)
2024-02-29T22:21:04.1833805Z Resolving deltas:  71% (200/281)
2024-02-29T22:21:04.1834189Z Resolving deltas:  72% (203/281)
2024-02-29T22:21:04.1834596Z Resolving deltas:  73% (207/281)
2024-02-29T22:21:04.1835015Z Resolving deltas:  74% (208/281)
2024-02-29T22:21:04.1835463Z Resolving deltas:  75% (211/281)
2024-02-29T22:21:04.1836422Z Resolving deltas:  76% (214/281)
2024-02-29T22:21:04.1837224Z Resolving deltas:  77% (217/281)
2024-02-29T22:21:04.1837942Z Resolving deltas:  78% (220/281)
2024-02-29T22:21:04.1838596Z Resolving deltas:  79% (222/281)
2024-02-29T22:21:04.1839348Z Resolving deltas:  80% (225/281)
2024-02-29T22:21:04.1839993Z Resolving deltas:  81% (228/281)
2024-02-29T22:21:04.1840687Z Resolving deltas:  82% (231/281)
2024-02-29T22:21:04.1841424Z Resolving deltas:  83% (234/281)
2024-02-29T22:21:04.1842073Z Resolving deltas:  84% (237/281)
2024-02-29T22:21:04.1842711Z Resolving deltas:  85% (239/281)
2024-02-29T22:21:04.1843505Z Resolving deltas:  86% (242/281)
2024-02-29T22:21:04.1844186Z Resolving deltas:  87% (245/281)
2024-02-29T22:21:04.1844845Z Resolving deltas:  88% (248/281)
2024-02-29T22:21:04.1845669Z Resolving deltas:  89% (251/281)
2024-02-29T22:21:04.1846321Z Resolving deltas:  90% (253/281)
2024-02-29T22:21:04.1846988Z Resolving deltas:  91% (256/281)
2024-02-29T22:21:04.1847762Z Resolving deltas:  92% (259/281)
2024-02-29T22:21:04.1848469Z Resolving deltas:  93% (262/281)
2024-02-29T22:21:04.1849089Z Resolving deltas:  94% (265/281)
2024-02-29T22:21:04.1849893Z Resolving deltas:  95% (268/281)
2024-02-29T22:21:04.1850598Z Resolving deltas:  96% (270/281)
2024-02-29T22:21:04.1851315Z Resolving deltas:  97% (273/281)
2024-02-29T22:21:04.1852158Z Resolving deltas:  98% (276/281)
2024-02-29T22:21:04.1855490Z Resolving deltas:  99% (279/281)
2024-02-29T22:21:04.1856953Z Resolving deltas: 100% (281/281)
2024-02-29T22:21:04.1857683Z Resolving deltas: 100% (281/281), done.
2024-02-29T22:21:04.1991890Z From https://github.com/rubyforgood/human-essentials
2024-02-29T22:21:04.1993109Z  * [new ref]         7e727cad6838f53a969e7527ca583625789673e2 -> pull/4147/merge
2024-02-29T22:21:04.2017288Z ##[endgroup]
2024-02-29T22:21:04.2018020Z ##[group]Determining the checkout info
2024-02-29T22:21:04.2019904Z ##[endgroup]
2024-02-29T22:21:04.2021012Z ##[group]Checking out the ref
2024-02-29T22:21:04.2026383Z [command]/usr/bin/git checkout --progress --force refs/remotes/pull/4147/merge
2024-02-29T22:21:04.3332963Z Note: switching to 'refs/remotes/pull/4147/merge'.
2024-02-29T22:21:04.3333545Z 
2024-02-29T22:21:04.3334225Z You are in 'detached HEAD' state. You can look around, make experimental
2024-02-29T22:21:04.3335581Z changes and commit them, and you can discard any commits you make in this
2024-02-29T22:21:04.3336792Z state without impacting any branches by switching back to a branch.
2024-02-29T22:21:04.3337491Z 
2024-02-29T22:21:04.3337942Z If you want to create a new branch to retain commits you create, you may
2024-02-29T22:21:04.3339544Z do so (now or later) by using -c with the switch command. Example:
2024-02-29T22:21:04.3340188Z 
2024-02-29T22:21:04.3340477Z   git switch -c <new-branch-name>
2024-02-29T22:21:04.3340777Z 
2024-02-29T22:21:04.3340919Z Or undo this operation with:
2024-02-29T22:21:04.3341254Z 
2024-02-29T22:21:04.3341454Z   git switch -
2024-02-29T22:21:04.3341629Z 
2024-02-29T22:21:04.3341948Z Turn off this advice by setting config variable advice.detachedHead to false
2024-02-29T22:21:04.3342414Z 
2024-02-29T22:21:04.3342859Z HEAD is now at 7e727ca Merge 2157438c8214b49be47f304175a9b0ad33bbe1aa into 37f4a62c4b431f505b00aa157578aa7a6e57ad60
2024-02-29T22:21:04.3344947Z ##[endgroup]
2024-02-29T22:21:04.3391142Z [command]/usr/bin/git log -1 --format='%H'
2024-02-29T22:21:04.3424400Z '7e727cad6838f53a969e7527ca583625789673e2'
2024-02-29T22:21:04.3722209Z ##[group]Run ruby/setup-ruby@v1
2024-02-29T22:21:04.3722668Z with:
2024-02-29T22:21:04.3722973Z   bundler-cache: true
2024-02-29T22:21:04.3723317Z   ruby-version: default
2024-02-29T22:21:04.3723737Z ##[endgroup]
2024-02-29T22:21:04.5395408Z Using 3.2.2 as input from file .ruby-version
2024-02-29T22:21:04.5420213Z ##[group]Modifying PATH
2024-02-29T22:21:04.5421230Z Entries added to PATH to use selected Ruby:
2024-02-29T22:21:04.5422145Z   /opt/hostedtoolcache/Ruby/3.2.2/x64/bin
2024-02-29T22:21:04.5423201Z ##[endgroup]
2024-02-29T22:21:04.5439446Z ##[group]Downloading Ruby
2024-02-29T22:21:04.5442313Z https://github.com/ruby/ruby-builder/releases/download/toolcache/ruby-3.2.2-ubuntu-22.04.tar.gz
2024-02-29T22:21:04.9465400Z Took   0.40 seconds
2024-02-29T22:21:04.9468357Z ##[endgroup]
2024-02-29T22:21:04.9469373Z ##[group]Extracting  Ruby
2024-02-29T22:21:04.9499320Z [command]/usr/bin/tar -xz -C /opt/hostedtoolcache/Ruby/3.2.2 -f /home/runner/work/_temp/573cc7d4-331e-417f-a533-58a26ea216a7
2024-02-29T22:21:05.3387945Z Took   0.39 seconds
2024-02-29T22:21:05.3389195Z ##[endgroup]
2024-02-29T22:21:05.3390234Z ##[group]Print Ruby version
2024-02-29T22:21:05.3400068Z [command]/opt/hostedtoolcache/Ruby/3.2.2/x64/bin/ruby --version
2024-02-29T22:21:05.3601227Z ruby 3.2.2 (2023-03-30 revision e51014f9c0) [x86_64-linux]
2024-02-29T22:21:05.3619323Z Took   0.02 seconds
2024-02-29T22:21:05.3620283Z ##[endgroup]
2024-02-29T22:21:05.3622246Z ##[group]Installing Bundler
2024-02-29T22:21:05.3626783Z Using Bundler 2.5.6 from Gemfile.lock BUNDLED WITH 2.5.6
2024-02-29T22:21:05.3631168Z [command]/opt/hostedtoolcache/Ruby/3.2.2/x64/bin/gem install bundler -v 2.5.6
2024-02-29T22:21:05.7776575Z Successfully installed bundler-2.5.6
2024-02-29T22:21:05.7777508Z 1 gem installed
2024-02-29T22:21:05.7829137Z Took   0.42 seconds
2024-02-29T22:21:05.7831986Z ##[endgroup]
2024-02-29T22:21:05.7832704Z > bundle install
2024-02-29T22:21:05.7848482Z [command]/opt/hostedtoolcache/Ruby/3.2.2/x64/bin/bundle config --local path /home/runner/work/human-essentials/human-essentials/vendor/bundle
2024-02-29T22:21:05.9289830Z [command]/opt/hostedtoolcache/Ruby/3.2.2/x64/bin/bundle config --local deployment true
2024-02-29T22:21:06.0758345Z Cache key: setup-ruby-bundler-cache-v6-ubuntu-22.04-x64-ruby-3.2.2-wd-/home/runner/work/human-essentials/human-essentials-with--without--only--Gemfile.lock-a4cccc1b5d76b02b399745e0b5cc180e73d4fa634f25db9d42c2ab993ef1b510
2024-02-29T22:21:07.3345440Z Received 142606336 of 214955286 (66.3%), 135.9 MBs/sec
2024-02-29T22:21:07.6947009Z Cache Size: ~205 MB (214955286 B)
2024-02-29T22:21:07.6980895Z [command]/usr/bin/tar -xf /home/runner/work/_temp/b5b9c6ef-642d-4796-93bf-b65806a3fd44/cache.tzst -P -C /home/runner/work/human-essentials/human-essentials --use-compress-program unzstd
2024-02-29T22:21:08.3356768Z Received 214955286 of 214955286 (100.0%), 102.4 MBs/sec
2024-02-29T22:21:09.4183182Z Cache restored successfully
2024-02-29T22:21:09.4606647Z Found cache for key: setup-ruby-bundler-cache-v6-ubuntu-22.04-x64-ruby-3.2.2-wd-/home/runner/work/human-essentials/human-essentials-with--without--only--Gemfile.lock-a4cccc1b5d76b02b399745e0b5cc180e73d4fa634f25db9d42c2ab993ef1b510
2024-02-29T22:21:09.4617095Z [command]/opt/hostedtoolcache/Ruby/3.2.2/x64/bin/bundle install --jobs 4
2024-02-29T22:21:09.8445119Z Bundle complete! 85 Gemfile dependencies, 246 gems now installed.
2024-02-29T22:21:09.8454293Z Bundled gems are installed into `./vendor/bundle`
2024-02-29T22:21:09.8492762Z Took   4.07 seconds
2024-02-29T22:21:09.8684443Z ##[group]Run sudo apt-get -yqq install libpq-dev
2024-02-29T22:21:09.8685101Z [36;1msudo apt-get -yqq install libpq-dev[0m
2024-02-29T22:21:09.8729217Z shell: /usr/bin/bash -e {0}
2024-02-29T22:21:09.8729777Z ##[endgroup]
2024-02-29T22:21:10.9706849Z ##[group]Run bundle exec rake db:create
2024-02-29T22:21:10.9707381Z [36;1mbundle exec rake db:create[0m
2024-02-29T22:21:10.9707956Z [36;1mbundle exec rake db:schema:load[0m
2024-02-29T22:21:10.9708445Z [36;1mbundle exec rails assets:precompile[0m
2024-02-29T22:21:10.9736292Z shell: /usr/bin/bash -e {0}
2024-02-29T22:21:10.9736673Z env:
2024-02-29T22:21:10.9737097Z   POSTGRES_HOST: localhost
2024-02-29T22:21:10.9737501Z   DATABASE_HOST: localhost
2024-02-29T22:21:10.9737939Z   PG_USERNAME: postgres
2024-02-29T22:21:10.9738305Z   PG_PASSWORD: password
2024-02-29T22:21:10.9738702Z   POSTGRES_HOST_AUTH_METHOD: trust
2024-02-29T22:21:10.9739465Z   POSTGRES_PORT: 5432
2024-02-29T22:21:10.9739829Z   RAILS_ENV: test
2024-02-29T22:21:10.9740191Z ##[endgroup]
2024-02-29T22:21:17.3809971Z We could not find your database: diaper_test. Which can be found in the database configuration file located at config/database.yml.
2024-02-29T22:21:17.3810726Z 
2024-02-29T22:21:17.3811020Z To resolve this issue:
2024-02-29T22:21:17.3811256Z 
2024-02-29T22:21:17.3811900Z - Did you create the database for this app, or delete it? You may need to create your database.
2024-02-29T22:21:17.3812953Z - Has the database name changed? Check your database.yml config has the correct database name.
2024-02-29T22:21:17.3813470Z 
2024-02-29T22:21:17.3813645Z To create your database, run:
2024-02-29T22:21:17.3813875Z 
2024-02-29T22:21:17.3814098Z         bin/rails db:create
2024-02-29T22:21:17.3814657Z . You likely need to run `rails g flipper:active_record` and/or `rails db:migrate`.
2024-02-29T22:21:17.6163929Z Created database 'diaper_test'
2024-02-29T22:21:17.9210452Z Coverage report generated for RSpec to /home/runner/work/human-essentials/human-essentials/coverage. 329 / 10196 LOC (3.23%) covered.
2024-02-29T22:21:24.0187277Z PG::UndefinedTable: ERROR:  relation "flipper_gates" does not exist
2024-02-29T22:21:24.0188318Z LINE 9:  WHERE a.attrelid = '"flipper_gates"'::regclass
2024-02-29T22:21:24.0190389Z                             ^
2024-02-29T22:21:24.0191552Z . You likely need to run `rails g flipper:active_record` and/or `rails db:migrate`.
2024-02-29T22:21:24.8863936Z Coverage report generated for RSpec to /home/runner/work/human-essentials/human-essentials/coverage. 329 / 10196 LOC (3.23%) covered.
2024-02-29T22:21:58.5089878Z W, [2024-02-29T14:21:58.508578 #2295]  WARN -- : Removed sourceMappingURL comment for missing asset 'adminlte.js.map' from /home/runner/work/human-essentials/human-essentials/app/javascript/adminlte.js
2024-02-29T22:21:58.5712036Z I, [2024-02-29T14:21:58.570886 #2295]  INFO -- : Writing /home/runner/work/human-essentials/human-essentials/public/assets/manifest-90aab26ade71e747f745b1227b433fd7d580a54f279ee2be6e1a67bb326bf03a.js
2024-02-29T22:21:58.5715279Z I, [2024-02-29T14:21:58.571079 #2295]  INFO -- : Writing /home/runner/work/human-essentials/human-essentials/public/assets/manifest-90aab26ade71e747f745b1227b433fd7d580a54f279ee2be6e1a67bb326bf03a.js.gz
2024-02-29T22:21:58.5719339Z I, [2024-02-29T14:21:58.571371 #2295]  INFO -- : Writing /home/runner/work/human-essentials/human-essentials/public/assets/filterrific/filterrific-spinner-415824b210964b6cdb1db0bd9508be8644b9fde094b392f73055b20d369885b6.gif
2024-02-29T22:21:58.5723127Z I, [2024-02-29T14:21:58.571734 #2295]  INFO -- : Writing /home/runner/work/human-essentials/human-essentials/public/assets/bootstrap.min-67c48d88a8e0be178058aacb338b084191ed6d65c8fef751c50248202cf1488a.js
2024-02-29T22:21:58.5725920Z I, [2024-02-29T14:21:58.572178 #2295]  INFO -- : Writing /home/runner/work/human-essentials/human-essentials/public/assets/bootstrap.min-67c48d88a8e0be178058aacb338b084191ed6d65c8fef751c50248202cf1488a.js.gz
2024-02-29T22:21:58.5729572Z I, [2024-02-29T14:21:58.572442 #2295]  INFO -- : Writing /home/runner/work/human-essentials/human-essentials/public/assets/DiaperBase-Logo-f18172876cab49a451ca9c3178b578ab2019e03f111a6b6f3ba0c1b40b3d7c0c.png
2024-02-29T22:21:58.5733511Z I, [2024-02-29T14:21:58.572703 #2295]  INFO -- : Writing /home/runner/work/human-essentials/human-essentials/public/assets/Just-Diaper-05bf6a1b70ccad149eb4eca7b5f9fcca1f9c37bab1f8e5edb6798d66c903ba53.svg
2024-02-29T22:21:58.5738262Z I, [2024-02-29T14:21:58.573374 #2295]  INFO -- : Writing /home/runner/work/human-essentials/human-essentials/public/assets/Just-Diaper-05bf6a1b70ccad149eb4eca7b5f9fcca1f9c37bab1f8e5edb6798d66c903ba53.svg.gz
2024-02-29T22:21:58.5742107Z I, [2024-02-29T14:21:58.573622 #2295]  INFO -- : Writing /home/runner/work/human-essentials/human-essentials/public/assets/barcode-932aed25f5c148b36882be3bfb6696ecdd362ba0a709ff0674a10477f2aad8f3.svg
2024-02-29T22:21:58.5745456Z I, [2024-02-29T14:21:58.573782 #2295]  INFO -- : Writing /home/runner/work/human-essentials/human-essentials/public/assets/barcode-932aed25f5c148b36882be3bfb6696ecdd362ba0a709ff0674a10477f2aad8f3.svg.gz
2024-02-29T22:21:58.5749687Z I, [2024-02-29T14:21:58.574244 #2295]  INFO -- : Writing /home/runner/work/human-essentials/human-essentials/public/assets/bars-db7a0aaf1cd735270b170cba53dca71c75473940ab48639c609a72964eb92f4d.svg
2024-02-29T22:21:58.5752731Z I, [2024-02-29T14:21:58.574414 #2295]  INFO -- : Writing /home/runner/work/human-essentials/human-essentials/public/assets/bars-db7a0aaf1cd735270b170cba53dca71c75473940ab48639c609a72964eb92f4d.svg.gz
2024-02-29T22:21:58.5755804Z I, [2024-02-29T14:21:58.574537 #2295]  INFO -- : Writing /home/runner/work/human-essentials/human-essentials/public/assets/blue@2x-709ca6c252f762af1e5efb0ef1e7444a712cb0ec010fee01749b67a595a7c0c6.png
2024-02-29T22:21:58.5765802Z I, [2024-02-29T14:21:58.576258 #2295]  INFO -- : Writing /home/runner/work/human-essentials/human-essentials/public/assets/boxed-bg-6c60c3f8655fa4062631bbe1434face4fe3d70392159e976ec09ca6ad9330e7d.jpg
2024-02-29T22:21:58.5768696Z I, [2024-02-29T14:21:58.576613 #2295]  INFO -- : Writing /home/runner/work/human-essentials/human-essentials/public/assets/boxed-bg-eb7b1fa0c09f5ef599fc5138e33168827f2ec4e1f796cf8a78570d8a73a58190.png
2024-02-29T22:21:58.5775770Z I, [2024-02-29T14:21:58.577206 #2295]  INFO -- : Writing /home/runner/work/human-essentials/human-essentials/public/assets/dashboard-image-3db42e909886dffccb680715feccab83cc867b4581b0009558e746364e2ec332.svg
2024-02-29T22:21:58.5779377Z I, [2024-02-29T14:21:58.577441 #2295]  INFO -- : Writing /home/runner/work/human-essentials/human-essentials/public/assets/dashboard-image-3db42e909886dffccb680715feccab83cc867b4581b0009558e746364e2ec332.svg.gz
2024-02-29T22:21:58.5783145Z I, [2024-02-29T14:21:58.577747 #2295]  INFO -- : Writing /home/runner/work/human-essentials/human-essentials/public/assets/forecasting-32dffccc42e6c09203d36acbc2243b4bc746dc2f1198c1ff43def4bb48e335b2.svg
2024-02-29T22:21:58.5787065Z I, [2024-02-29T14:21:58.578044 #2295]  INFO -- : Writing /home/runner/work/human-essentials/human-essentials/public/assets/forecasting-32dffccc42e6c09203d36acbc2243b4bc746dc2f1198c1ff43def4bb48e335b2.svg.gz
2024-02-29T22:21:58.5790087Z I, [2024-02-29T14:21:58.578339 #2295]  INFO -- : Writing /home/runner/work/human-essentials/human-essentials/public/assets/hero-image-0ba273def6de748beb2a64206e115d8e4a109ad51ef255512f4c6522e5b9225b.svg
2024-02-29T22:21:58.5793901Z I, [2024-02-29T14:21:58.579007 #2295]  INFO -- : Writing /home/runner/work/human-essentials/human-essentials/public/assets/hero-image-0ba273def6de748beb2a64206e115d8e4a109ad51ef255512f4c6522e5b9225b.svg.gz
2024-02-29T22:21:58.5797345Z I, [2024-02-29T14:21:58.579151 #2295]  INFO -- : Writing /home/runner/work/human-essentials/human-essentials/public/assets/inventory-image-3d91fc8087e13632114d9d129a680b992e02aae297b2bf180089cd55792249b2.svg
2024-02-29T22:21:58.5848941Z I, [2024-02-29T14:21:58.581955 #2295]  INFO -- : Writing /home/runner/work/human-essentials/human-essentials/public/assets/inventory-image-3d91fc8087e13632114d9d129a680b992e02aae297b2bf180089cd55792249b2.svg.gz
2024-02-29T22:21:58.5853248Z I, [2024-02-29T14:21:58.582085 #2295]  INFO -- : Writing /home/runner/work/human-essentials/human-essentials/public/assets/partner-management-c2cd4a940d1cf59f66928bc5097b4d4528b6de95abcc66421edf341c59311d40.svg
2024-02-29T22:21:58.5857181Z I, [2024-02-29T14:21:58.582203 #2295]  INFO -- : Writing /home/runner/work/human-essentials/human-essentials/public/assets/partner-management-c2cd4a940d1cf59f66928bc5097b4d4528b6de95abcc66421edf341c59311d40.svg.gz
2024-02-29T22:21:58.5861212Z I, [2024-02-29T14:21:58.582302 #2295]  INFO -- : Writing /home/runner/work/human-essentials/human-essentials/public/assets/quote-e4395f28913ad7b7785c522f0b6f2363a960720cf3bc26705438f6efb55edb7d.svg
2024-02-29T22:21:58.5871875Z I, [2024-02-29T14:21:58.582404 #2295]  INFO -- : Writing /home/runner/work/human-essentials/human-essentials/public/assets/quote-e4395f28913ad7b7785c522f0b6f2363a960720cf3bc26705438f6efb55edb7d.svg.gz
2024-02-29T22:21:58.5937227Z I, [2024-02-29T14:21:58.582498 #2295]  INFO -- : Writing /home/runner/work/human-essentials/human-essentials/public/assets/report-image-a9fc71739eca5457d288f1c234a0d84237ba8eef8bd20a9935bd45d84d03ae6b.svg
2024-02-29T22:21:58.5983163Z I, [2024-02-29T14:21:58.582597 #2295]  INFO -- : Writing /home/runner/work/human-essentials/human-essentials/public/assets/report-image-a9fc71739eca5457d288f1c234a0d84237ba8eef8bd20a9935bd45d84d03ae6b.svg.gz
2024-02-29T22:21:58.5987039Z I, [2024-02-29T14:21:58.582691 #2295]  INFO -- : Writing /home/runner/work/human-essentials/human-essentials/public/assets/test-only-background-c4843e992a593298a8c43815c8950b766061a96fd7d3e92838354914c41d7243.jpg
2024-02-29T22:21:58.5990803Z I, [2024-02-29T14:21:58.582827 #2295]  INFO -- : Writing /home/runner/work/human-essentials/human-essentials/public/assets/AdminLTE-9d75f9bf2ec81bc0a0de450227ed6268dad2cd66401439503c18d3241dfb241d.css
2024-02-29T22:21:58.5994639Z I, [2024-02-29T14:21:58.582895 #2295]  INFO -- : Writing /home/runner/work/human-essentials/human-essentials/public/assets/AdminLTE-9d75f9bf2ec81bc0a0de450227ed6268dad2cd66401439503c18d3241dfb241d.css.gz
2024-02-29T22:21:58.5998278Z I, [2024-02-29T14:21:58.582985 #2295]  INFO -- : Writing /home/runner/work/human-essentials/human-essentials/public/assets/_colors-04024382391bb910584145d8113cf35ef376b55d125bb4516cebeb14ce788597.css
2024-02-29T22:21:58.6001771Z I, [2024-02-29T14:21:58.583050 #2295]  INFO -- : Writing /home/runner/work/human-essentials/human-essentials/public/assets/_colors-04024382391bb910584145d8113cf35ef376b55d125bb4516cebeb14ce788597.css.gz
2024-02-29T22:21:58.6005164Z I, [2024-02-29T14:21:58.583138 #2295]  INFO -- : Writing /home/runner/work/human-essentials/human-essentials/public/assets/application-0da4ed653cd2be46690d3296e155ff2f65c183e52d7a8c3467d17640386866d5.css
2024-02-29T22:21:58.6008463Z I, [2024-02-29T14:21:58.583204 #2295]  INFO -- : Writing /home/runner/work/human-essentials/human-essentials/public/assets/application-0da4ed653cd2be46690d3296e155ff2f65c183e52d7a8c3467d17640386866d5.css.gz
2024-02-29T22:21:58.6012157Z I, [2024-02-29T14:21:58.583288 #2295]  INFO -- : Writing /home/runner/work/human-essentials/human-essentials/public/assets/test-only-background-c4843e992a593298a8c43815c8950b766061a96fd7d3e92838354914c41d7243.jpg
2024-02-29T22:21:58.6015352Z I, [2024-02-29T14:21:58.583420 #2295]  INFO -- : Writing /home/runner/work/human-essentials/human-essentials/public/assets/audits-83372b845d8a4887e7e4d2315cf3c85ea60ef94ca0ec4774dfbcd3cf569c616c.css
2024-02-29T22:21:58.6018486Z I, [2024-02-29T14:21:58.583488 #2295]  INFO -- : Writing /home/runner/work/human-essentials/human-essentials/public/assets/audits-83372b845d8a4887e7e4d2315cf3c85ea60ef94ca0ec4774dfbcd3cf569c616c.css.gz
2024-02-29T22:21:58.6022038Z I, [2024-02-29T14:21:58.583575 #2295]  INFO -- : Writing /home/runner/work/human-essentials/human-essentials/public/assets/barcode_reader-3799c29218802c1dbba4c700f3863ec24505a9e3e7b54d36282fff667d7c94ca.css
2024-02-29T22:21:58.6025319Z I, [2024-02-29T14:21:58.583644 #2295]  INFO -- : Writing /home/runner/work/human-essentials/human-essentials/public/assets/barcode_reader-3799c29218802c1dbba4c700f3863ec24505a9e3e7b54d36282fff667d7c94ca.css.gz
2024-02-29T22:21:58.6028825Z I, [2024-02-29T14:21:58.583731 #2295]  INFO -- : Writing /home/runner/work/human-essentials/human-essentials/public/assets/custom-78c7cbde633ff9cfb0425c2a5897128adfc8aca0f10628e0b59f704db7fe76df.css
2024-02-29T22:21:58.6032057Z I, [2024-02-29T14:21:58.583796 #2295]  INFO -- : Writing /home/runner/work/human-essentials/human-essentials/public/assets/custom-78c7cbde633ff9cfb0425c2a5897128adfc8aca0f10628e0b59f704db7fe76df.css.gz
2024-02-29T22:21:58.6035403Z I, [2024-02-29T14:21:58.583882 #2295]  INFO -- : Writing /home/runner/work/human-essentials/human-essentials/public/assets/test-only-background-c4843e992a593298a8c43815c8950b766061a96fd7d3e92838354914c41d7243.jpg
2024-02-29T22:21:58.6038797Z I, [2024-02-29T14:21:58.584012 #2295]  INFO -- : Writing /home/runner/work/human-essentials/human-essentials/public/assets/expandable_table-cca1600cf25c44c6bea2733167509ffe9133f344e9defe984ad96bd427b29a19.css
2024-02-29T22:21:58.6042083Z I, [2024-02-29T14:21:58.584079 #2295]  INFO -- : Writing /home/runner/work/human-essentials/human-essentials/public/assets/expandable_table-cca1600cf25c44c6bea2733167509ffe9133f344e9defe984ad96bd427b29a19.css.gz
2024-02-29T22:21:58.6045324Z I, [2024-02-29T14:21:58.584166 #2295]  INFO -- : Writing /home/runner/work/human-essentials/human-essentials/public/assets/landing_page-4fe5dfcfea8b5bbd7722658652ff4ee86132a41b8aff92e9ef8b1216cb7259fa.css
2024-02-29T22:21:58.6048624Z I, [2024-02-29T14:21:58.584232 #2295]  INFO -- : Writing /home/runner/work/human-essentials/human-essentials/public/assets/landing_page-4fe5dfcfea8b5bbd7722658652ff4ee86132a41b8aff92e9ef8b1216cb7259fa.css.gz
2024-02-29T22:21:58.6051827Z I, [2024-02-29T14:21:58.584322 #2295]  INFO -- : Writing /home/runner/work/human-essentials/human-essentials/public/assets/modal-dialog-9d7ae8bb43b60ac4c7d9910700392b20618ae2db4d5db33453b157171d5e0f7d.css
2024-02-29T22:21:58.6055003Z I, [2024-02-29T14:21:58.584387 #2295]  INFO -- : Writing /home/runner/work/human-essentials/human-essentials/public/assets/modal-dialog-9d7ae8bb43b60ac4c7d9910700392b20618ae2db4d5db33453b157171d5e0f7d.css.gz
2024-02-29T22:21:58.6058371Z I, [2024-02-29T14:21:58.584472 #2295]  INFO -- : Writing /home/runner/work/human-essentials/human-essentials/public/assets/progress_stepper-7f8ef0dc05a9a00a300e56f6f3e4ccfdde4af8e392407ccc6601d60019067ccb.css
2024-02-29T22:21:58.6061898Z I, [2024-02-29T14:21:58.584537 #2295]  INFO -- : Writing /home/runner/work/human-essentials/human-essentials/public/assets/progress_stepper-7f8ef0dc05a9a00a300e56f6f3e4ccfdde4af8e392407ccc6601d60019067ccb.css.gz
2024-02-29T22:21:58.6065352Z I, [2024-02-29T14:21:58.584623 #2295]  INFO -- : Writing /home/runner/work/human-essentials/human-essentials/public/assets/transfers-c9ab43ff53dab5dc13681712afc9b6fb31d7865d5ac8c657220deff9f138fa8c.css
2024-02-29T22:21:58.6069042Z I, [2024-02-29T14:21:58.584698 #2295]  INFO -- : Writing /home/runner/work/human-essentials/human-essentials/public/assets/transfers-c9ab43ff53dab5dc13681712afc9b6fb31d7865d5ac8c657220deff9f138fa8c.css.gz
2024-02-29T22:21:58.6073005Z I, [2024-02-29T14:21:58.584797 #2295]  INFO -- : Writing /home/runner/work/human-essentials/human-essentials/public/assets/adminlte-886a0b559685ec92cd8dd4dbf957899292f9c0bd344c90c304d28973363a8eaf.js
2024-02-29T22:21:58.6076839Z I, [2024-02-29T14:21:58.584862 #2295]  INFO -- : Writing /home/runner/work/human-essentials/human-essentials/public/assets/adminlte-886a0b559685ec92cd8dd4dbf957899292f9c0bd344c90c304d28973363a8eaf.js.gz
2024-02-29T22:21:58.6080551Z I, [2024-02-29T14:21:58.584959 #2295]  INFO -- : Writing /home/runner/work/human-essentials/human-essentials/public/assets/application-f9d5a0970e6dc2d1d44ca8dfd6129e9fed2dccf1b460a6bba6eab9dd7aa61c92.js
2024-02-29T22:21:58.6084386Z I, [2024-02-29T14:21:58.585024 #2295]  INFO -- : Writing /home/runner/work/human-essentials/human-essentials/public/assets/application-f9d5a0970e6dc2d1d44ca8dfd6129e9fed2dccf1b460a6bba6eab9dd7aa61c92.js.gz
2024-02-29T22:21:58.6088619Z I, [2024-02-29T14:21:58.585116 #2295]  INFO -- : Writing /home/runner/work/human-essentials/human-essentials/public/assets/cocoon-js-vanilla-cc8e46e9b16a6217f3c14c60ca346454c9c01d8d41e5c073ae14f85fac052e96.js
2024-02-29T22:21:58.6092517Z I, [2024-02-29T14:21:58.585350 #2295]  INFO -- : Writing /home/runner/work/human-essentials/human-essentials/public/assets/cocoon-js-vanilla-cc8e46e9b16a6217f3c14c60ca346454c9c01d8d41e5c073ae14f85fac052e96.js.gz
2024-02-29T22:21:58.6096495Z I, [2024-02-29T14:21:58.585449 #2295]  INFO -- : Writing /home/runner/work/human-essentials/human-essentials/public/assets/controllers/application-368d98631bccbf2349e0d4f8269afb3fe9625118341966de054759d96ea86c7e.js
2024-02-29T22:21:58.6100703Z I, [2024-02-29T14:21:58.585512 #2295]  INFO -- : Writing /home/runner/work/human-essentials/human-essentials/public/assets/controllers/application-368d98631bccbf2349e0d4f8269afb3fe9625118341966de054759d96ea86c7e.js.gz
2024-02-29T22:21:58.6103248Z I, [2024-02-29T14:21:58.585599 #2295]  INFO -- : Writing /home/runner/work/human-essentials/human-essentials/public/assets/controllers/area_served_controller-c8c048ef9ee2d145ba8408cda63546aff8ce9170e9cafb34075ebb01b43c6c34.js
2024-02-29T22:21:58.6105734Z I, [2024-02-29T14:21:58.585658 #2295]  INFO -- : Writing /home/runner/work/human-essentials/human-essentials/public/assets/controllers/area_served_controller-c8c048ef9ee2d145ba8408cda63546aff8ce9170e9cafb34075ebb01b43c6c34.js.gz
2024-02-29T22:21:58.6108813Z I, [2024-02-29T14:21:58.585743 #2295]  INFO -- : Writing /home/runner/work/human-essentials/human-essentials/public/assets/controllers/checkbox_with_nested_element_controller-1645dd2a3a857d546354c90b0c415a9d1dd4de6974048fd41bfc1d6f45ccb3eb.js
2024-02-29T22:21:58.6112486Z I, [2024-02-29T14:21:58.585804 #2295]  INFO -- : Writing /home/runner/work/human-essentials/human-essentials/public/assets/controllers/checkbox_with_nested_element_controller-1645dd2a3a857d546354c90b0c415a9d1dd4de6974048fd41bfc1d6f45ccb3eb.js.gz
2024-02-29T22:21:58.6115994Z I, [2024-02-29T14:21:58.585883 #2295]  INFO -- : Writing /home/runner/work/human-essentials/human-essentials/public/assets/controllers/distribution_delivery_controller-89fc613f734c2b1538c1e9948abeb353ea73d22678fc08597d48fa36a70c5c51.js
2024-02-29T22:21:58.6119335Z I, [2024-02-29T14:21:58.587046 #2295]  INFO -- : Writing /home/runner/work/human-essentials/human-essentials/public/assets/controllers/distribution_delivery_controller-89fc613f734c2b1538c1e9948abeb353ea73d22678fc08597d48fa36a70c5c51.js.gz
2024-02-29T22:21:58.6123472Z I, [2024-02-29T14:21:58.587150 #2295]  INFO -- : Writing /home/runner/work/human-essentials/human-essentials/public/assets/controllers/double_select_controller-bb2e4a65f2c66cacc8ec4dd491c2233b0aac53187ebe1fbaaffedfbaf7db9099.js
2024-02-29T22:21:58.6127803Z I, [2024-02-29T14:21:58.587217 #2295]  INFO -- : Writing /home/runner/work/human-essentials/human-essentials/public/assets/controllers/double_select_controller-bb2e4a65f2c66cacc8ec4dd491c2233b0aac53187ebe1fbaaffedfbaf7db9099.js.gz
2024-02-29T22:21:58.6131956Z I, [2024-02-29T14:21:58.587300 #2295]  INFO -- : Writing /home/runner/work/human-essentials/human-essentials/public/assets/controllers/highchart_controller-7640167d6e3481659a5ead23f046e3c6852c08e30ce8aa6f09aa5cce0f7ea02d.js
2024-02-29T22:21:58.6135693Z I, [2024-02-29T14:21:58.587359 #2295]  INFO -- : Writing /home/runner/work/human-essentials/human-essentials/public/assets/controllers/highchart_controller-7640167d6e3481659a5ead23f046e3c6852c08e30ce8aa6f09aa5cce0f7ea02d.js.gz
2024-02-29T22:21:58.6139381Z I, [2024-02-29T14:21:58.587454 #2295]  INFO -- : Writing /home/runner/work/human-essentials/human-essentials/public/assets/controllers/index-2db729dddcc5b979110e98de4b6720f83f91a123172e87281d5a58410fc43806.js
2024-02-29T22:21:58.6142704Z I, [2024-02-29T14:21:58.587523 #2295]  INFO -- : Writing /home/runner/work/human-essentials/human-essentials/public/assets/controllers/index-2db729dddcc5b979110e98de4b6720f83f91a123172e87281d5a58410fc43806.js.gz
2024-02-29T22:21:58.6146480Z I, [2024-02-29T14:21:58.587627 #2295]  INFO -- : Writing /home/runner/work/human-essentials/human-essentials/public/assets/controllers/request_item_controller-4ab1cb48f0cc30bba40f5311b6588189ddf5daf19bdf36b462cdeab0a663399b.js
2024-02-29T22:21:58.6150164Z I, [2024-02-29T14:21:58.587701 #2295]  INFO -- : Writing /home/runner/work/human-essentials/human-essentials/public/assets/controllers/request_item_controller-4ab1cb48f0cc30bba40f5311b6588189ddf5daf19bdf36b462cdeab0a663399b.js.gz
2024-02-29T22:21:58.6153721Z I, [2024-02-29T14:21:58.587797 #2295]  INFO -- : Writing /home/runner/work/human-essentials/human-essentials/public/assets/controllers/select2_controller-13c15fa4f8996b06b43552325b12e3a14e158db06264b83cfff2e521a16fceeb.js
2024-02-29T22:21:58.6157334Z I, [2024-02-29T14:21:58.587871 #2295]  INFO -- : Writing /home/runner/work/human-essentials/human-essentials/public/assets/controllers/select2_controller-13c15fa4f8996b06b43552325b12e3a14e158db06264b83cfff2e521a16fceeb.js.gz
2024-02-29T22:21:58.6160814Z I, [2024-02-29T14:21:58.587967 #2295]  INFO -- : Writing /home/runner/work/human-essentials/human-essentials/public/assets/controllers/served_area_controller-37738489813fc06349f3fb1bc7abc5d5493318ce553f1bebbfa1f8fe06ebfb4a.js
2024-02-29T22:21:58.6164458Z I, [2024-02-29T14:21:58.588035 #2295]  INFO -- : Writing /home/runner/work/human-essentials/human-essentials/public/assets/controllers/served_area_controller-37738489813fc06349f3fb1bc7abc5d5493318ce553f1bebbfa1f8fe06ebfb4a.js.gz
2024-02-29T22:21:58.6167272Z I, [2024-02-29T14:21:58.588127 #2295]  INFO -- : Writing /home/runner/work/human-essentials/human-essentials/public/assets/controllers/turbo_controller-7ee3a9437b4fb003ac4ea4ca0f3425fd197ce4538a1eeb606e5e5447aa948b54.js
2024-02-29T22:21:58.6169447Z I, [2024-02-29T14:21:58.588194 #2295]  INFO -- : Writing /home/runner/work/human-essentials/human-essentials/public/assets/controllers/turbo_controller-7ee3a9437b4fb003ac4ea4ca0f3425fd197ce4538a1eeb606e5e5447aa948b54.js.gz
2024-02-29T22:21:58.6171603Z I, [2024-02-29T14:21:58.588292 #2295]  INFO -- : Writing /home/runner/work/human-essentials/human-essentials/public/assets/startup-bf111fcbf368bc988dfcb050d057ec73e21f190d7921e15689dd5ebf674e6d00.js
2024-02-29T22:21:58.6173552Z I, [2024-02-29T14:21:58.588366 #2295]  INFO -- : Writing /home/runner/work/human-essentials/human-essentials/public/assets/startup-bf111fcbf368bc988dfcb050d057ec73e21f190d7921e15689dd5ebf674e6d00.js.gz
2024-02-29T22:21:58.6175564Z I, [2024-02-29T14:21:58.588466 #2295]  INFO -- : Writing /home/runner/work/human-essentials/human-essentials/public/assets/utils/barcode_items-ee1050c4d1ade4569ef6cfc83d5f4792f67daabaca0ae24f75455737fea0a72b.js
2024-02-29T22:21:58.6178150Z I, [2024-02-29T14:21:58.588535 #2295]  INFO -- : Writing /home/runner/work/human-essentials/human-essentials/public/assets/utils/barcode_items-ee1050c4d1ade4569ef6cfc83d5f4792f67daabaca0ae24f75455737fea0a72b.js.gz
2024-02-29T22:21:58.6181937Z I, [2024-02-29T14:21:58.588627 #2295]  INFO -- : Writing /home/runner/work/human-essentials/human-essentials/public/assets/utils/barcode_scan-757b66b6921154f49e7cc4c5dc2f146f91f1648beffaa8ef106d94585a273ba9.js
2024-02-29T22:21:58.6185539Z I, [2024-02-29T14:21:58.588693 #2295]  INFO -- : Writing /home/runner/work/human-essentials/human-essentials/public/assets/utils/barcode_scan-757b66b6921154f49e7cc4c5dc2f146f91f1648beffaa8ef106d94585a273ba9.js.gz
2024-02-29T22:21:58.6189079Z I, [2024-02-29T14:21:58.588786 #2295]  INFO -- : Writing /home/runner/work/human-essentials/human-essentials/public/assets/utils/deadline_day_pickers-b0b264db9e3c8107c161cc4571e71cf901bcc511175271d218a553c4e1889065.js
2024-02-29T22:21:58.6192562Z I, [2024-02-29T14:21:58.588854 #2295]  INFO -- : Writing /home/runner/work/human-essentials/human-essentials/public/assets/utils/deadline_day_pickers-b0b264db9e3c8107c161cc4571e71cf901bcc511175271d218a553c4e1889065.js.gz
2024-02-29T22:21:58.6196209Z I, [2024-02-29T14:21:58.588947 #2295]  INFO -- : Writing /home/runner/work/human-essentials/human-essentials/public/assets/utils/distributions_and_transfers-1f9709e9a8df250acfe3e7a79f1501b2696b1f36d5adcf083a61a1b005cce3d2.js
2024-02-29T22:21:58.6200092Z I, [2024-02-29T14:21:58.589015 #2295]  INFO -- : Writing /home/runner/work/human-essentials/human-essentials/public/assets/utils/distributions_and_transfers-1f9709e9a8df250acfe3e7a79f1501b2696b1f36d5adcf083a61a1b005cce3d2.js.gz
2024-02-29T22:21:58.6203661Z I, [2024-02-29T14:21:58.589107 #2295]  INFO -- : Writing /home/runner/work/human-essentials/human-essentials/public/assets/utils/donations-1c3e9a15fc370afd2c3836ccf8dde6013c35412a8d83cf6c1e31bec95ef72b26.js
2024-02-29T22:21:58.6207089Z I, [2024-02-29T14:21:58.589177 #2295]  INFO -- : Writing /home/runner/work/human-essentials/human-essentials/public/assets/utils/donations-1c3e9a15fc370afd2c3836ccf8dde6013c35412a8d83cf6c1e31bec95ef72b26.js.gz
2024-02-29T22:21:58.6210505Z I, [2024-02-29T14:21:58.589270 #2295]  INFO -- : Writing /home/runner/work/human-essentials/human-essentials/public/assets/utils/purchases-5c814ba098feaa8a7b4abff24267c1da909f3e52e12c97660f8a0b8c1ff4aea1.js
2024-02-29T22:21:58.6213907Z I, [2024-02-29T14:21:58.589338 #2295]  INFO -- : Writing /home/runner/work/human-essentials/human-essentials/public/assets/utils/purchases-5c814ba098feaa8a7b4abff24267c1da909f3e52e12c97660f8a0b8c1ff4aea1.js.gz
2024-02-29T22:21:58.6217333Z I, [2024-02-29T14:21:58.589436 #2295]  INFO -- : Writing /home/runner/work/human-essentials/human-essentials/public/assets/filterrific-f3a290db250e05344fd62c216b903689f73eff5e270ef021e425551006092e08.js
2024-02-29T22:21:58.6220793Z I, [2024-02-29T14:21:58.589513 #2295]  INFO -- : Writing /home/runner/work/human-essentials/human-essentials/public/assets/filterrific-f3a290db250e05344fd62c216b903689f73eff5e270ef021e425551006092e08.js.gz
2024-02-29T22:21:58.6224177Z I, [2024-02-29T14:21:58.589739 #2295]  INFO -- : Writing /home/runner/work/human-essentials/human-essentials/public/assets/stimulusloading-1fc59770fb1654500044afd3f5f6d7d00800e5be36746d55b94a2963a7a228aa.js
2024-02-29T22:21:58.6227845Z I, [2024-02-29T14:21:58.589817 #2295]  INFO -- : Writing /home/runner/work/human-essentials/human-essentials/public/assets/stimulusloading-1fc59770fb1654500044afd3f5f6d7d00800e5be36746d55b94a2963a7a228aa.js.gz
2024-02-29T22:21:58.6231128Z I, [2024-02-29T14:21:58.589948 #2295]  INFO -- : Writing /home/runner/work/human-essentials/human-essentials/public/assets/turbo-4851a9a0b1d947e810dfd0448a72aef261d455183ebea681f4f28a73640a9ece.js
2024-02-29T22:21:58.6234308Z I, [2024-02-29T14:21:58.590029 #2295]  INFO -- : Writing /home/runner/work/human-essentials/human-essentials/public/assets/turbo-4851a9a0b1d947e810dfd0448a72aef261d455183ebea681f4f28a73640a9ece.js.gz
2024-02-29T22:21:58.6237438Z I, [2024-02-29T14:21:58.590129 #2295]  INFO -- : Writing /home/runner/work/human-essentials/human-essentials/public/assets/turbo.min-f309baafa3ae5ad6ccee3e7362118b87678d792db8e8ab466c4fa284dd3a4700.js
2024-02-29T22:21:58.6240708Z I, [2024-02-29T14:21:58.590204 #2295]  INFO -- : Writing /home/runner/work/human-essentials/human-essentials/public/assets/turbo.min-f309baafa3ae5ad6ccee3e7362118b87678d792db8e8ab466c4fa284dd3a4700.js.gz
2024-02-29T22:21:58.6244336Z I, [2024-02-29T14:21:58.590314 #2295]  INFO -- : Writing /home/runner/work/human-essentials/human-essentials/public/assets/turbo.min.js-8bc8f4a58d1c106d58dec8bef6c638ff12ff4d078f19d8ebd8c4277f4c9bc85a.map
2024-02-29T22:21:58.6247606Z I, [2024-02-29T14:21:58.590392 #2295]  INFO -- : Writing /home/runner/work/human-essentials/human-essentials/public/assets/turbo.min.js-8bc8f4a58d1c106d58dec8bef6c638ff12ff4d078f19d8ebd8c4277f4c9bc85a.map.gz
2024-02-29T22:21:58.6251010Z I, [2024-02-29T14:21:58.590493 #2295]  INFO -- : Writing /home/runner/work/human-essentials/human-essentials/public/assets/stimulus-loading-3576ce92b149ad5d6959438c6f291e2426c86df3b874c525b30faad51b0d96b3.js
2024-02-29T22:21:58.6254467Z I, [2024-02-29T14:21:58.590567 #2295]  INFO -- : Writing /home/runner/work/human-essentials/human-essentials/public/assets/stimulus-loading-3576ce92b149ad5d6959438c6f291e2426c86df3b874c525b30faad51b0d96b3.js.gz
2024-02-29T22:21:58.6257928Z I, [2024-02-29T14:21:58.590738 #2295]  INFO -- : Writing /home/runner/work/human-essentials/human-essentials/public/assets/popper-003a40d80fd205e1fa00da117d5bdc19720ba330706eaa17f9ba9513fa502304.js
2024-02-29T22:21:58.6261426Z I, [2024-02-29T14:21:58.590816 #2295]  INFO -- : Writing /home/runner/work/human-essentials/human-essentials/public/assets/popper-003a40d80fd205e1fa00da117d5bdc19720ba330706eaa17f9ba9513fa502304.js.gz
2024-02-29T22:21:58.6265224Z I, [2024-02-29T14:21:58.590920 #2295]  INFO -- : Writing /home/runner/work/human-essentials/human-essentials/public/assets/actiontext-28c61f5197c204db043317a8f8826a87ab31495b741f854d307ca36122deefce.js
2024-02-29T22:21:58.6268967Z I, [2024-02-29T14:21:58.590995 #2295]  INFO -- : Writing /home/runner/work/human-essentials/human-essentials/public/assets/actiontext-28c61f5197c204db043317a8f8826a87ab31495b741f854d307ca36122deefce.js.gz
2024-02-29T22:21:58.6272672Z I, [2024-02-29T14:21:58.591093 #2295]  INFO -- : Writing /home/runner/work/human-essentials/human-essentials/public/assets/trix-1563ff9c10f74e143b3ded40a8458497eaf2f87a648a5cbbfebdb7dec3447a5e.js
2024-02-29T22:21:58.6276027Z I, [2024-02-29T14:21:58.591167 #2295]  INFO -- : Writing /home/runner/work/human-essentials/human-essentials/public/assets/trix-1563ff9c10f74e143b3ded40a8458497eaf2f87a648a5cbbfebdb7dec3447a5e.js.gz
2024-02-29T22:21:58.6279157Z I, [2024-02-29T14:21:58.591267 #2295]  INFO -- : Writing /home/runner/work/human-essentials/human-essentials/public/assets/trix-b0398dade8e5ac249fe98f2e850f45adbcdfecd8a11c46b3eb67bdedb87b1b04.css
2024-02-29T22:21:58.6282358Z I, [2024-02-29T14:21:58.591342 #2295]  INFO -- : Writing /home/runner/work/human-essentials/human-essentials/public/assets/trix-b0398dade8e5ac249fe98f2e850f45adbcdfecd8a11c46b3eb67bdedb87b1b04.css.gz
2024-02-29T22:21:58.6285464Z I, [2024-02-29T14:21:58.591441 #2295]  INFO -- : Writing /home/runner/work/human-essentials/human-essentials/public/assets/stimulus-f75215805563870a61ee9dc5a207ce46d4675c7e667558a54344fd1e7baa697f.js
2024-02-29T22:21:58.6288479Z I, [2024-02-29T14:21:58.591514 #2295]  INFO -- : Writing /home/runner/work/human-essentials/human-essentials/public/assets/stimulus-f75215805563870a61ee9dc5a207ce46d4675c7e667558a54344fd1e7baa697f.js.gz
2024-02-29T22:21:58.6291856Z I, [2024-02-29T14:21:58.591615 #2295]  INFO -- : Writing /home/runner/work/human-essentials/human-essentials/public/assets/stimulus-autoloader-c584942b568ba74879da31c7c3d51366737bacaf6fbae659383c0a5653685693.js
2024-02-29T22:21:58.6295211Z I, [2024-02-29T14:21:58.591689 #2295]  INFO -- : Writing /home/runner/work/human-essentials/human-essentials/public/assets/stimulus-autoloader-c584942b568ba74879da31c7c3d51366737bacaf6fbae659383c0a5653685693.js.gz
2024-02-29T22:21:58.6298715Z I, [2024-02-29T14:21:58.591793 #2295]  INFO -- : Writing /home/runner/work/human-essentials/human-essentials/public/assets/stimulus-importmap-autoloader-db2076c783bf2dbee1226e2add52fef290b5d31b5bcd1edd999ac8a6dd31c44a.js
2024-02-29T22:21:58.6303196Z I, [2024-02-29T14:21:58.591869 #2295]  INFO -- : Writing /home/runner/work/human-essentials/human-essentials/public/assets/stimulus-importmap-autoloader-db2076c783bf2dbee1226e2add52fef290b5d31b5bcd1edd999ac8a6dd31c44a.js.gz
2024-02-29T22:21:58.6306665Z I, [2024-02-29T14:21:58.591962 #2295]  INFO -- : Writing /home/runner/work/human-essentials/human-essentials/public/assets/stimulus-loading-3576ce92b149ad5d6959438c6f291e2426c86df3b874c525b30faad51b0d96b3.js
2024-02-29T22:21:58.6310014Z I, [2024-02-29T14:21:58.592030 #2295]  INFO -- : Writing /home/runner/work/human-essentials/human-essentials/public/assets/stimulus-loading-3576ce92b149ad5d6959438c6f291e2426c86df3b874c525b30faad51b0d96b3.js.gz
2024-02-29T22:21:58.6313256Z I, [2024-02-29T14:21:58.592132 #2295]  INFO -- : Writing /home/runner/work/human-essentials/human-essentials/public/assets/stimulus.min-dd364f16ec9504dfb72672295637a1c8838773b01c0b441bd41008124c407894.js
2024-02-29T22:21:58.6316389Z I, [2024-02-29T14:21:58.592209 #2295]  INFO -- : Writing /home/runner/work/human-essentials/human-essentials/public/assets/stimulus.min-dd364f16ec9504dfb72672295637a1c8838773b01c0b441bd41008124c407894.js.gz
2024-02-29T22:21:58.6319934Z I, [2024-02-29T14:21:58.592304 #2295]  INFO -- : Writing /home/runner/work/human-essentials/human-essentials/public/assets/stimulus-autoloader-c584942b568ba74879da31c7c3d51366737bacaf6fbae659383c0a5653685693.js
2024-02-29T22:21:58.6323383Z I, [2024-02-29T14:21:58.592373 #2295]  INFO -- : Writing /home/runner/work/human-essentials/human-essentials/public/assets/stimulus-autoloader-c584942b568ba74879da31c7c3d51366737bacaf6fbae659383c0a5653685693.js.gz
2024-02-29T22:21:58.6327051Z I, [2024-02-29T14:21:58.592467 #2295]  INFO -- : Writing /home/runner/work/human-essentials/human-essentials/public/assets/stimulus-importmap-autoloader-db2076c783bf2dbee1226e2add52fef290b5d31b5bcd1edd999ac8a6dd31c44a.js
2024-02-29T22:21:58.6331414Z I, [2024-02-29T14:21:58.592536 #2295]  INFO -- : Writing /home/runner/work/human-essentials/human-essentials/public/assets/stimulus-importmap-autoloader-db2076c783bf2dbee1226e2add52fef290b5d31b5bcd1edd999ac8a6dd31c44a.js.gz
2024-02-29T22:21:58.6335412Z I, [2024-02-29T14:21:58.592630 #2295]  INFO -- : Writing /home/runner/work/human-essentials/human-essentials/public/assets/stimulus-loading-3576ce92b149ad5d6959438c6f291e2426c86df3b874c525b30faad51b0d96b3.js
2024-02-29T22:21:58.6339571Z I, [2024-02-29T14:21:58.592698 #2295]  INFO -- : Writing /home/runner/work/human-essentials/human-essentials/public/assets/stimulus-loading-3576ce92b149ad5d6959438c6f291e2426c86df3b874c525b30faad51b0d96b3.js.gz
2024-02-29T22:21:58.6343607Z I, [2024-02-29T14:21:58.592802 #2295]  INFO -- : Writing /home/runner/work/human-essentials/human-essentials/public/assets/stimulus.min.js-2cc63625fa177963b45da974806e7aee846cbf1d4930815733d0fdf3fb232325.map
2024-02-29T22:21:58.6347414Z I, [2024-02-29T14:21:58.592876 #2295]  INFO -- : Writing /home/runner/work/human-essentials/human-essentials/public/assets/stimulus.min.js-2cc63625fa177963b45da974806e7aee846cbf1d4930815733d0fdf3fb232325.map.gz
2024-02-29T22:21:58.6351432Z I, [2024-02-29T14:21:58.592978 #2295]  INFO -- : Writing /home/runner/work/human-essentials/human-essentials/public/assets/activestorage-3ab61e47dd4ee2d79db525ade1dca2ede0ea2b7371fe587e408ee37b7ade265d.js
2024-02-29T22:21:58.6355137Z I, [2024-02-29T14:21:58.593052 #2295]  INFO -- : Writing /home/runner/work/human-essentials/human-essentials/public/assets/activestorage-3ab61e47dd4ee2d79db525ade1dca2ede0ea2b7371fe587e408ee37b7ade265d.js.gz
2024-02-29T22:21:58.6358518Z I, [2024-02-29T14:21:58.593157 #2295]  INFO -- : Writing /home/runner/work/human-essentials/human-essentials/public/assets/activestorage.esm-01f58a45d77495cdfbdfcc872902a430426c4391634ec9c3da5f69fbf8418492.js
2024-02-29T22:21:58.6362081Z I, [2024-02-29T14:21:58.593233 #2295]  INFO -- : Writing /home/runner/work/human-essentials/human-essentials/public/assets/activestorage.esm-01f58a45d77495cdfbdfcc872902a430426c4391634ec9c3da5f69fbf8418492.js.gz
2024-02-29T22:21:58.6365805Z I, [2024-02-29T14:21:58.593332 #2295]  INFO -- : Writing /home/runner/work/human-essentials/human-essentials/public/assets/actioncable-5433453f9b6619a9de91aaab2d7fc7ff183e5260c0107cbc9a1aa0c838d9a74e.js
2024-02-29T22:21:58.6369032Z I, [2024-02-29T14:21:58.593489 #2295]  INFO -- : Writing /home/runner/work/human-essentials/human-essentials/public/assets/actioncable-5433453f9b6619a9de91aaab2d7fc7ff183e5260c0107cbc9a1aa0c838d9a74e.js.gz
2024-02-29T22:21:58.6372539Z I, [2024-02-29T14:21:58.593601 #2295]  INFO -- : Writing /home/runner/work/human-essentials/human-essentials/public/assets/actioncable.esm-e01089c3ec4fe7817fa9abcad06cab6bdc387f95f0ca6aab4bf7ba7537f70690.js
2024-02-29T22:21:58.6376233Z I, [2024-02-29T14:21:58.593683 #2295]  INFO -- : Writing /home/runner/work/human-essentials/human-essentials/public/assets/actioncable.esm-e01089c3ec4fe7817fa9abcad06cab6bdc387f95f0ca6aab4bf7ba7537f70690.js.gz
2024-02-29T22:21:59.1196013Z Coverage report generated for RSpec to /home/runner/work/human-essentials/human-essentials/coverage. 329 / 10196 LOC (3.23%) covered.
2024-02-29T22:21:59.1934223Z ##[group]Run RUBYOPT='-W:no-deprecated -W:no-experimental' bin/knapsack_pro_rspec
2024-02-29T22:21:59.1935185Z [36;1mRUBYOPT='-W:no-deprecated -W:no-experimental' bin/knapsack_pro_rspec[0m
2024-02-29T22:21:59.1963575Z shell: /usr/bin/bash -e {0}
2024-02-29T22:21:59.1964084Z env:
2024-02-29T22:21:59.1964372Z   POSTGRES_HOST: localhost
2024-02-29T22:21:59.1964761Z   DATABASE_HOST: localhost
2024-02-29T22:21:59.1965220Z   PG_USERNAME: postgres
2024-02-29T22:21:59.1965597Z   PG_PASSWORD: password
2024-02-29T22:21:59.1966059Z   POSTGRES_HOST_AUTH_METHOD: trust
2024-02-29T22:21:59.1966435Z   POSTGRES_PORT: 5432
2024-02-29T22:21:59.1966791Z   PGHOST: localhost
2024-02-29T22:21:59.1967221Z   PGUSER: postgres
2024-02-29T22:21:59.1967557Z   RAILS_ENV: test
2024-02-29T22:21:59.1967937Z   KNAPSACK_PRO_TEST_SUITE_TOKEN_RSPEC: 
2024-02-29T22:21:59.1968405Z   KNAPSACK_PRO_CI_NODE_TOTAL: 6
2024-02-29T22:21:59.1968820Z   KNAPSACK_PRO_CI_NODE_INDEX: 4
2024-02-29T22:21:59.1969426Z   KNAPSACK_PRO_RSPEC_SPLIT_BY_TEST_EXAMPLES: true
2024-02-29T22:21:59.1969873Z   KNAPSACK_PRO_LOG_LEVEL: info
2024-02-29T22:21:59.1970521Z   KNAPSACK_PRO_TEST_FILE_PATTERN: {spec/system/**{,/*/**}/*_spec.rb,spec/requests/**{,/*/**}/*_spec.rb}
2024-02-29T22:21:59.1971219Z   EVENTS_READ: true
2024-02-29T22:21:59.1971556Z ##[endgroup]
2024-02-29T22:22:04.7871497Z W, [2024-02-29T22:22:04.786843 #2392]  WARN -- : [knapsack_pro] GET https://api-disabled-for-fork.knapsackpro.com/v1/build_distributions/last
2024-02-29T22:22:04.7873009Z W, [2024-02-29T22:22:04.786895 #2392]  WARN -- : [knapsack_pro] Request failed due to:
2024-02-29T22:22:04.7874564Z W, [2024-02-29T22:22:04.786918 #2392]  WARN -- : [knapsack_pro] #<SocketError: Failed to open TCP connection to api-disabled-for-fork.knapsackpro.com:443 (getaddrinfo: Name or service not known)>
2024-02-29T22:22:04.7877572Z W, [2024-02-29T22:22:04.786949 #2392]  WARN -- : [knapsack_pro] Slow test files fallback behaviour started. We could not connect with Knapsack Pro API to fetch last CI build test files that are needed to determine slow test files. No test files will be split by test cases. It means all test files will be split by the whole test files as if split by test cases would be disabled https://knapsackpro.com/perma/ruby/split-by-test-examples
2024-02-29T22:22:07.7036026Z W, [2024-02-29T22:22:07.703308 #2392]  WARN -- : [knapsack_pro] POST https://api-disabled-for-fork.knapsackpro.com/v1/build_distributions/subset
2024-02-29T22:22:07.7037958Z W, [2024-02-29T22:22:07.703349 #2392]  WARN -- : [knapsack_pro] Request failed due to:
2024-02-29T22:22:07.7039501Z W, [2024-02-29T22:22:07.703363 #2392]  WARN -- : [knapsack_pro] #<SocketError: Failed to open TCP connection to api-disabled-for-fork.knapsackpro.com:443 (getaddrinfo: Name or service not known)>
2024-02-29T22:22:07.7041680Z W, [2024-02-29T22:22:07.703400 #2392]  WARN -- : [knapsack_pro] Fallback mode started. We could not connect with Knapsack Pro API. Your tests will be executed based on directory names. Read more about fallback mode at https://knapsackpro.com/perma/ruby/fallback-mode
2024-02-29T22:22:07.7093821Z /opt/hostedtoolcache/Ruby/3.2.2/x64/bin/ruby -I/home/runner/work/human-essentials/human-essentials/vendor/bundle/ruby/3.2.0/gems/rspec-core-3.12.2/lib:/home/runner/work/human-essentials/human-essentials/vendor/bundle/ruby/3.2.0/gems/rspec-support-3.12.1/lib /home/runner/work/human-essentials/human-essentials/vendor/bundle/ruby/3.2.0/gems/rspec-core-3.12.2/exe/rspec  --format documentation --format KnapsackPro::Formatters::TimeTracker --default-path spec "spec/requests/admin/base_items_requests_spec.rb" "spec/requests/admin_requests_spec.rb" "spec/requests/distributions_by_county_spec.rb" "spec/requests/kit_requests_spec.rb" "spec/requests/partners/family_requests_spec.rb" "spec/requests/partners_requests_spec.rb" "spec/requests/requests_requests_spec.rb" "spec/requests/users_requests_spec.rb" "spec/system/admin/barcode_items_system_spec.rb" "spec/system/audit_system_spec.rb" "spec/system/donation_site_system_spec.rb" "spec/system/manage_system_spec.rb" "spec/system/partners/coworker_invitations_system_spec.rb" "spec/system/product_drive_participant_system_spec.rb" "spec/system/sign_in_system_spec.rb"
2024-02-29T22:22:15.9104380Z 
2024-02-29T22:22:15.9105567Z Randomized with seed 2665
2024-02-29T22:22:16.8028935Z 
2024-02-29T22:22:16.8030137Z User sign-in handling
2024-02-29T22:22:16.8031032Z   when a partner user logs in
2024-02-29T22:22:19.1565553Z     redirects to the partner page
2024-02-29T22:22:19.1567057Z   when users are valid and don't belong to an organization
2024-02-29T22:22:19.9486394Z     redirects to 403
2024-02-29T22:22:19.9487299Z   when users are invalid
2024-02-29T22:22:20.6740653Z     shows invalid credentials alert
2024-02-29T22:22:20.6741399Z   when users are valid and belong to an organization
2024-02-29T22:22:21.6586355Z     redirects to user's dashboard
2024-02-29T22:22:21.6587743Z 
2024-02-29T22:22:21.6587928Z Users
2024-02-29T22:22:21.6589561Z   POST #send_partner_user_reset_password
2024-02-29T22:22:21.8771690Z     should return an error if organization does not own the partner
2024-02-29T22:22:21.9935688Z     should return send a password even if case-insensitive spelling of email
2024-02-29T22:22:22.0386644Z     should send a password
2024-02-29T22:22:22.0799915Z     should return an error if it cannot find the user
2024-02-29T22:22:22.0800723Z   GET #switch_to_partner_role
2024-02-29T22:22:22.0801491Z     with a partner role
2024-02-29T22:22:22.1155196Z       should redirect to the partner path
2024-02-29T22:22:22.1155928Z     without a partner role
2024-02-29T22:22:22.3026769Z       should redirect to the root path with an error
2024-02-29T22:22:22.3027627Z   GET #index
2024-02-29T22:22:22.3339754Z     returns http success
2024-02-29T22:22:22.3340480Z   GET #new
2024-02-29T22:22:22.3617716Z     returns http success
2024-02-29T22:22:22.3618472Z 
2024-02-29T22:22:22.3618697Z Participant
2024-02-29T22:22:22.3620907Z   when editing an existing product drive participant
2024-02-29T22:22:23.1162213Z     does not allow a user to update a product drive participant with empty attributes
2024-02-29T22:22:23.8963109Z     allows a user to update the contact info for a product drive participant
2024-02-29T22:22:23.8963849Z   When a user views the index page
2024-02-29T22:22:24.3746560Z     alphabetizes the product drive participant names
2024-02-29T22:22:24.3747597Z     When the s have donations associated with them already
2024-02-29T22:22:25.2354250Z       allows single  Participants to show semi-detailed stats about donations from that product drive
2024-02-29T22:22:26.0618405Z       shows existing  Participants in the #index with some summary stats
2024-02-29T22:22:26.0619416Z   when creating new product drive participants
2024-02-29T22:22:26.8185733Z     allows a user to create a new product drive instance
2024-02-29T22:22:27.5546540Z     does not allow a user to add a new product drive instance with empty attributes
2024-02-29T22:22:27.5547898Z 
2024-02-29T22:22:27.5548083Z Barcode Items Admin
2024-02-29T22:22:27.5548737Z   while signed in as a super admin
2024-02-29T22:22:27.5550198Z     user visits the edit page
2024-02-29T22:22:28.3542248Z       updates the barcode item
2024-02-29T22:22:28.3543057Z     user visits the index page
2024-02-29T22:22:29.2775606Z       creates a new global barcode item
2024-02-29T22:22:30.0325330Z       deletes a global barcode
2024-02-29T22:22:30.5413833Z       shows the barcode item
2024-02-29T22:22:30.5416184Z     user visits the new page
2024-02-29T22:22:31.3479118Z       creates a new global barcode item
2024-02-29T22:22:31.3479679Z     user visits the show page
2024-02-29T22:22:31.8082990Z       shows the barcode item
2024-02-29T22:22:31.8083845Z 
2024-02-29T22:22:31.8084139Z Admin
2024-02-29T22:22:31.8086240Z   while signed in as a non-super-admin
2024-02-29T22:22:31.8312681Z     disallows dashboard access, redirecting to the normal dashboard
2024-02-29T22:22:31.8313590Z   while signed in as a super admin
2024-02-29T22:22:31.8729232Z     allows a user to load the dashboard
2024-02-29T22:22:31.8730698Z     with rendered views
2024-02-29T22:22:32.1233072Z       shows a logout button
2024-02-29T22:22:32.3801403Z       shows the recently added users email
2024-02-29T22:22:32.3801852Z 
2024-02-29T22:22:32.3802117Z Donation Site
2024-02-29T22:22:32.3804157Z   When a user views the index page
2024-02-29T22:22:32.8636397Z     should show donation sites in alphabetical order
2024-02-29T22:22:33.5094134Z     allows the user to quick-create a new donation site
2024-02-29T22:22:33.5095088Z   When creating a new donation site
2024-02-29T22:22:34.2675480Z     creates a new donation site as a user
2024-02-29T22:22:34.9777385Z     does not allow creating a new donation site with empty attributes
2024-02-29T22:22:34.9778632Z   with an existing donation site
2024-02-29T22:22:35.7019465Z     does not allow updating to an existing donation site with empty attributes
2024-02-29T22:22:36.4688283Z     updates an existing donation site
2024-02-29T22:22:36.4689081Z 
2024-02-29T22:22:36.4689446Z Requests
2024-02-29T22:22:36.4691169Z   When not signed
2024-02-29T22:22:36.4861349Z     redirects the user to the sign-in page for CRUD actions
2024-02-29T22:22:36.4862211Z   When signed
2024-02-29T22:22:36.4862888Z     GET #show
2024-02-29T22:22:36.4863544Z       When the request exists
2024-02-29T22:22:36.5272331Z         responds with success
2024-02-29T22:22:36.5273305Z       When the request does not exist
2024-02-29T22:22:36.5518953Z         responds with not found
2024-02-29T22:22:36.5519828Z     GET #index
2024-02-29T22:22:36.5520569Z       csv
2024-02-29T22:22:36.5752948Z         is expected to be successful
2024-02-29T22:22:36.5753816Z       html
2024-02-29T22:22:36.6159781Z         is expected to be successful
2024-02-29T22:22:36.6160510Z     POST #start
2024-02-29T22:22:36.6163769Z       When request exists
2024-02-29T22:22:36.6351475Z         changes the request status from pending to started
2024-02-29T22:22:36.6524724Z         redirects to new_distribution_path and flashes a notice
2024-02-29T22:22:36.6525506Z       When the request does not exist
2024-02-29T22:22:36.6758699Z         responds with not found
2024-02-29T22:22:36.6759873Z 
2024-02-29T22:22:36.6760313Z Organization Administration
2024-02-29T22:22:36.6761587Z   while signed in as a normal user
2024-02-29T22:22:37.1179194Z     cannot see an edit link as a user
2024-02-29T22:22:37.1179990Z   while signed in as an organization admin
2024-02-29T22:22:38.2306921Z     can edit the properties for an organization as an admin
2024-02-29T22:22:38.7202337Z     can bail back to their own site as a user
2024-02-29T22:22:38.7203097Z     When looking at a single organization
2024-02-29T22:22:39.4925085Z       can view details about an organization, including the users as an admin
2024-02-29T22:22:39.4928511Z 
2024-02-29T22:22:39.4928883Z Admin::BaseItems
2024-02-29T22:22:39.4930428Z   When logged in as an organization admin
2024-02-29T22:22:39.4932566Z     GET #new
2024-02-29T22:22:39.5082555Z       returns http success
2024-02-29T22:22:39.5083215Z     DELETE #destroy
2024-02-29T22:22:39.5204515Z       redirects
2024-02-29T22:22:39.5205294Z     GET #show
2024-02-29T22:22:39.5322240Z       returns http success
2024-02-29T22:22:39.5322972Z     POST #create
2024-02-29T22:22:39.5455132Z       redirects
2024-02-29T22:22:39.5455723Z     GET #index
2024-02-29T22:22:39.5566752Z       returns http success
2024-02-29T22:22:39.5569436Z     GET #edit
2024-02-29T22:22:39.5679005Z       returns http success
2024-02-29T22:22:39.5679608Z     PUT #update
2024-02-29T22:22:39.5793750Z       redirect
2024-02-29T22:22:39.5794625Z 
2024-02-29T22:22:39.5794981Z Coworking invitations
2024-02-29T22:22:39.5796186Z   inviting a new user as a partner user
2024-02-29T22:22:39.5797347Z     GIVEN a partner user complete the process to invite a coworker
2024-02-29T22:22:41.4176296Z       should create a new partner user for the partner account
2024-02-29T22:22:41.4176948Z 
2024-02-29T22:22:41.4177217Z DistributionsByCounties
2024-02-29T22:22:41.4178311Z   While not signed in
2024-02-29T22:22:41.4256276Z     redirects for authentication
2024-02-29T22:22:41.4256848Z     While signed in as bank
2024-02-29T22:22:41.5296601Z       shows 'Unspecified 100%' if no served_areas
2024-02-29T22:22:41.5297609Z       basic behaviour with served areas
2024-02-29T22:22:41.7491455Z         handles multiple partners with overlapping service areas properly
2024-02-29T22:22:41.7492945Z 
2024-02-29T22:22:41.7493202Z Partners
2024-02-29T22:22:41.7496076Z   GET #new
2024-02-29T22:22:41.7873423Z     returns http success
2024-02-29T22:22:41.7874179Z   POST #import_csv
2024-02-29T22:22:41.7874856Z     with a csv file
2024-02-29T22:22:41.8213715Z       presents a flash notice message
2024-02-29T22:22:41.8541094Z       redirects to :index
2024-02-29T22:22:41.8592796Z       invokes .import_csv
2024-02-29T22:22:41.8593668Z     csv file with wrong headers
2024-02-29T22:22:41.8716261Z       presents a flash error message
2024-02-29T22:22:41.8832698Z       redirects to :index
2024-02-29T22:22:41.8833466Z     without a csv file
2024-02-29T22:22:41.8944431Z       presents a flash error message
2024-02-29T22:22:41.9054815Z       redirects to :index
2024-02-29T22:22:41.9055621Z   POST #update
2024-02-29T22:22:41.9056449Z     unsuccessful save due to empty params
2024-02-29T22:22:41.9601197Z       renders :edit
2024-02-29T22:22:41.9602003Z     successful save
2024-02-29T22:22:41.9929588Z       redirects to #show
2024-02-29T22:22:42.0244973Z       update partner
2024-02-29T22:22:42.0245737Z   POST #create
2024-02-29T22:22:42.0246539Z     unsuccessful save due to empty params
2024-02-29T22:22:42.0617375Z       renders :new
2024-02-29T22:22:42.0618297Z     successful save
2024-02-29T22:22:42.0810547Z       redirects to #index
2024-02-29T22:22:42.0990472Z       creates a new partner
2024-02-29T22:22:42.0991029Z   GET #index
2024-02-29T22:22:42.0991801Z     csv
2024-02-29T22:22:42.1319028Z       is expected to be successful
2024-02-29T22:22:42.1319724Z     html
2024-02-29T22:22:42.1831460Z       is expected to be successful
2024-02-29T22:22:42.1832189Z   POST #invite
2024-02-29T22:22:42.2136487Z     sends the invite
2024-02-29T22:22:42.2137282Z   POST #create
2024-02-29T22:22:42.2137942Z     when given valid partner attributes in the params
2024-02-29T22:22:42.2343010Z       should create a new Partner record
2024-02-29T22:22:42.2536398Z       redirect to the partners index page
2024-02-29T22:22:42.2739668Z       should create a new Partners::Profile record
2024-02-29T22:22:42.2740808Z     when given invalid partner attributes in the params
2024-02-29T22:22:42.3113025Z       should not create a new Partner record
2024-02-29T22:22:42.3574090Z       should display the error message
2024-02-29T22:22:42.4024988Z       should not create a new Partners::Profile record
2024-02-29T22:22:42.4025865Z   GET #show
2024-02-29T22:22:42.4026292Z     html
2024-02-29T22:22:42.5080069Z       is expected to be successful
2024-02-29T22:22:42.5080960Z       when the partner is invited
2024-02-29T22:22:42.5871508Z         includes impact metrics
2024-02-29T22:22:42.5872535Z       when the partner is uninvited
2024-02-29T22:22:42.6638823Z         does not show the delete button
2024-02-29T22:22:42.7366730Z         does not include impact metrics
2024-02-29T22:22:42.7367578Z         when the partner has no users
2024-02-29T22:22:42.8198317Z           shows the delete button
2024-02-29T22:22:42.8199133Z     csv
2024-02-29T22:22:42.8759203Z       is expected to be successful
2024-02-29T22:22:42.8760232Z   PUT #deactivate
2024-02-29T22:22:42.8760976Z     when the partner successfully deactivates
2024-02-29T22:22:42.9089505Z       changes the partner status to deactivated and redirects with flash
2024-02-29T22:22:42.9090403Z   GET #approve_application
2024-02-29T22:22:42.9091005Z     when the approval was successful
2024-02-29T22:22:42.9384541Z       should redirect to the partners index page with a success flash message
2024-02-29T22:22:42.9385819Z     when the approval failed
2024-02-29T22:22:42.9697907Z       should redirect to the partners index page with a failure flash message
2024-02-29T22:22:42.9699368Z   GET #edit
2024-02-29T22:22:43.0177773Z     returns http success
2024-02-29T22:22:43.0178331Z   POST #recertify_partner
2024-02-29T22:22:43.0179728Z     when the request for recertification from the partner was successful
2024-02-29T22:22:43.0472996Z       should return back to the partners page with a success flash
2024-02-29T22:22:43.0474294Z     when the request for recertification from the partner was NOT successful
2024-02-29T22:22:43.0762021Z       should return back to the partners page with a success flash
2024-02-29T22:22:43.0762962Z   PUT #reactivate
2024-02-29T22:22:43.0763705Z     when trying to reactivate a partner who is not deactivated
2024-02-29T22:22:43.1048924Z       fails to change the partner status to reactivated and redirects with flash error message
2024-02-29T22:22:43.1050218Z     when the partner successfully reactivates
2024-02-29T22:22:43.1368068Z       changes the partner status to approved and redirects with flash
2024-02-29T22:22:43.1368875Z   DELETE #destroy
2024-02-29T22:22:43.1777336Z     redirects to #index
2024-02-29T22:22:43.1778073Z   POST #invite_partner_user
2024-02-29T22:22:43.1778741Z     when the invite successfully
2024-02-29T22:22:43.2062808Z       send the invite
2024-02-29T22:22:43.2063560Z     when there is an error in invite
2024-02-29T22:22:43.2345650Z       redirect to partner url with error message
2024-02-29T22:22:43.2346688Z   POST #invite_and_approve
2024-02-29T22:22:43.2347477Z     when approval fails
2024-02-29T22:22:43.2861565Z       should redirect to the partners index page with a notice flash message
2024-02-29T22:22:43.2862551Z     when invitation failed
2024-02-29T22:22:43.3149082Z       should redirect to the partners index page with a notice flash message
2024-02-29T22:22:43.3150527Z     when invitation succeeded and approval succeed
2024-02-29T22:22:43.3508271Z       sends invitation email and approve partner in single step
2024-02-29T22:22:43.3508992Z 
2024-02-29T22:22:43.3509271Z Audit management
2024-02-29T22:22:43.3510641Z   while signed in as an organization admin
2024-02-29T22:22:43.3511874Z     with an existing audit
2024-02-29T22:22:44.1813231Z       should be able to delete the audit that is in progress
2024-02-29T22:22:45.0256988Z       should be able to resume the audit that is in progress
2024-02-29T22:22:45.8813415Z       should be able to confirm the audit from the #edit page
2024-02-29T22:22:45.8814155Z     when viewing the audits index
2024-02-29T22:22:47.0024099Z       should be able to confirm the audit from the #new page
2024-02-29T22:22:48.0851472Z       should be able to save progress of an audit
2024-02-29T22:22:48.9003577Z       should be able to filter the #index by storage location
2024-02-29T22:22:48.9004457Z     when starting a new audit
2024-02-29T22:22:49.6440170Z       does not display quantities in line-item drop down selector
2024-02-29T22:22:50.5630486Z       *Does* include inactive items in the line item fields
2024-02-29T22:22:50.5631961Z     with a confirmed audit
2024-02-29T22:22:51.3767204Z       User can delete the audit that is confirmed
2024-02-29T22:22:52.2251293Z       is able to finalize the audit
2024-02-29T22:22:52.7449234Z       should be able to edit the audit that is confirmed
2024-02-29T22:22:52.7449993Z       Finalizing an audit
2024-02-29T22:22:53.5926960Z         creates an adjustment with the differential
2024-02-29T22:22:54.4107082Z         should not be able to delete the audit that is finalized
2024-02-29T22:22:55.4331275Z         is immutable
2024-02-29T22:22:55.4331854Z         with a storage location containing multiple items
2024-02-29T22:22:56.2900937Z           creates an adjustment with the differential of only the audited item
2024-02-29T22:22:56.2901884Z   while signed in as a normal user
2024-02-29T22:22:56.8617462Z     should not be able to visit the audits #index page
2024-02-29T22:22:57.4415544Z     should not be able to visit the audits #show page
2024-02-29T22:22:58.0142082Z     should not be able to visit the audits #edit page
2024-02-29T22:22:58.5980951Z     should not be able to visit the audits #new page
2024-02-29T22:22:58.5981662Z 
2024-02-29T22:22:58.5981846Z /kits
2024-02-29T22:22:58.5984082Z   while signed in
2024-02-29T22:22:58.6663799Z     PUT #reactivate
2024-02-29T22:22:58.7146763Z     PUT #deactivate
2024-02-29T22:22:58.7147489Z     GET #index
2024-02-29T22:22:58.7920659Z       should include deactivate
2024-02-29T22:22:58.7923140Z       when it cannot be deactivated
2024-02-29T22:22:58.8972797Z         should disable the button
2024-02-29T22:22:58.8973669Z       when it is already deactivated
2024-02-29T22:22:58.9772361Z         should show reactivate button
2024-02-29T22:22:58.9773462Z       when show inactive is checked
2024-02-29T22:22:59.0520816Z         should show the inactive kit
2024-02-29T22:22:59.0521507Z 
2024-02-29T22:22:59.0521817Z /partners/family
2024-02-29T22:22:59.0522890Z   GET #index
2024-02-29T22:22:59.1093649Z     should render without any issues and present all families
2024-02-29T22:22:59.1504380Z     should export CSV
2024-02-29T22:22:59.2005659Z     should render without any issues and display unarchived families by default
2024-02-29T22:22:59.2368947Z W, [2024-02-29T14:22:59.236580 #2425]  WARN -- : [knapsack_pro] POST https://api-disabled-for-fork.knapsackpro.com/v1/build_subsets
2024-02-29T22:22:59.2371425Z W, [2024-02-29T14:22:59.236621 #2425]  WARN -- : [knapsack_pro] Request failed due to:
2024-02-29T22:22:59.2374601Z W, [2024-02-29T14:22:59.236645 #2425]  WARN -- : [knapsack_pro] #<SocketError: Failed to open TCP connection to api-disabled-for-fork.knapsackpro.com:443 (getaddrinfo: Name or service not known)>
2024-02-29T22:22:59.2378273Z W, [2024-02-29T14:22:59.236688 #2425]  WARN -- : [knapsack_pro] Time execution report was not saved on Knapsack Pro API server due to connection problem.
2024-02-29T22:22:59.2379915Z 
2024-02-29T22:22:59.2380401Z Finished in 43.33 seconds (files took 7.97 seconds to load)
2024-02-29T22:22:59.2381407Z 129 examples, 0 failures
2024-02-29T22:22:59.2381813Z 
2024-02-29T22:22:59.2382060Z Randomized with seed 2665
2024-02-29T22:22:59.2382497Z 
2024-02-29T22:22:59.5522364Z Coverage report generated for RSpec to /home/runner/work/human-essentials/human-essentials/coverage. 3539 / 6429 LOC (55.05%) covered.
2024-02-29T22:23:00.0377930Z Coverage report generated for RSpec to /home/runner/work/human-essentials/human-essentials/coverage. 38 / 10681 LOC (0.36%) covered.
2024-02-29T22:23:00.0722420Z Post job cleanup.
2024-02-29T22:23:00.1713139Z [command]/usr/bin/git version
2024-02-29T22:23:00.1761563Z git version 2.43.2
2024-02-29T22:23:00.1802475Z Temporarily overriding HOME='/home/runner/work/_temp/455ee820-d455-4e54-b925-f7e1f44da5d3' before making global git config changes
2024-02-29T22:23:00.1803886Z Adding repository directory to the temporary git global config as a safe directory
2024-02-29T22:23:00.1808427Z [command]/usr/bin/git config --global --add safe.directory /home/runner/work/human-essentials/human-essentials
2024-02-29T22:23:00.1848212Z [command]/usr/bin/git config --local --name-only --get-regexp core\.sshCommand
2024-02-29T22:23:00.1886440Z [command]/usr/bin/git submodule foreach --recursive sh -c "git config --local --name-only --get-regexp 'core\.sshCommand' && git config --local --unset-all 'core.sshCommand' || :"
2024-02-29T22:23:00.2125774Z [command]/usr/bin/git config --local --name-only --get-regexp http\.https\:\/\/github\.com\/\.extraheader
2024-02-29T22:23:00.2154868Z http.https://github.com/.extraheader
2024-02-29T22:23:00.2163980Z [command]/usr/bin/git config --local --unset-all http.https://github.com/.extraheader
2024-02-29T22:23:00.2201651Z [command]/usr/bin/git submodule foreach --recursive sh -c "git config --local --name-only --get-regexp 'http\.https\:\/\/github\.com\/\.extraheader' && git config --local --unset-all 'http.https://github.com/.extraheader' || :"
2024-02-29T22:23:00.2578436Z Print service container logs: b3606764a63e49c29fab4b09c7af5e32_postgres123_54fe3a
2024-02-29T22:23:00.2584096Z ##[command]/usr/bin/docker logs --details f7be94be55d1a2b1f373acafa7e98b8278ded8bbaf5848928fb99de862d9b050
2024-02-29T22:23:00.2697709Z  The files belonging to this database system will be owned by user "postgres".
2024-02-29T22:23:00.2700269Z  initdb: warning: enabling "trust" authentication for local connections
2024-02-29T22:23:00.2701491Z  You can change this by editing pg_hba.conf or using the option -A, or
2024-02-29T22:23:00.2704559Z  --auth-local and --auth-host, the next time you run initdb.
2024-02-29T22:23:00.2706300Z  2024-02-29 22:20:48.473 UTC [1] LOG:  starting PostgreSQL 12.3 (Debian 12.3-1.pgdg100+1) on x86_64-pc-linux-gnu, compiled by gcc (Debian 8.3.0-6) 8.3.0, 64-bit
2024-02-29T22:23:00.2708221Z  2024-02-29 22:20:48.473 UTC [1] LOG:  listening on IPv4 address "0.0.0.0", port 5432
2024-02-29T22:23:00.2709664Z  2024-02-29 22:20:48.473 UTC [1] LOG:  listening on IPv6 address "::", port 5432
2024-02-29T22:23:00.2711025Z  2024-02-29 22:20:48.474 UTC [1] LOG:  listening on Unix socket "/var/run/postgresql/.s.PGSQL.5432"
2024-02-29T22:23:00.2712861Z  2024-02-29 22:20:48.484 UTC [56] LOG:  database system was shut down at 2024-02-29 22:20:48 UTC
2024-02-29T22:23:00.2714330Z  2024-02-29 22:20:48.489 UTC [1] LOG:  database system is ready to accept connections
2024-02-29T22:23:00.2715577Z  2024-02-29 22:20:57.668 UTC [70] FATAL:  role "root" does not exist
2024-02-29T22:23:00.2716701Z  2024-02-29 22:21:07.746 UTC [78] FATAL:  role "root" does not exist
2024-02-29T22:23:00.2717958Z  2024-02-29 22:21:17.380 UTC [79] FATAL:  database "diaper_test" does not exist
2024-02-29T22:23:00.2719102Z  2024-02-29 22:21:17.829 UTC [88] FATAL:  role "root" does not exist
2024-02-29T22:23:00.2720509Z  2024-02-29 22:21:24.016 UTC [89] ERROR:  relation "flipper_gates" does not exist at character 491
2024-02-29T22:23:00.2722079Z  2024-02-29 22:21:24.016 UTC [89] STATEMENT:  SELECT a.attname, format_type(a.atttypid, a.atttypmod),
2024-02-29T22:23:00.2723188Z  	       pg_get_expr(d.adbin, d.adrelid), a.attnotnull, a.atttypid, a.atttypmod,
2024-02-29T22:23:00.2723914Z  	       c.collname, col_description(a.attrelid, a.attnum) AS comment,
2024-02-29T22:23:00.2724461Z  	       attgenerated as attgenerated
2024-02-29T22:23:00.2724976Z  	  FROM pg_attribute a
2024-02-29T22:23:00.2725538Z  	  LEFT JOIN pg_attrdef d ON a.attrelid = d.adrelid AND a.attnum = d.adnum
2024-02-29T22:23:00.2726179Z  	  LEFT JOIN pg_type t ON a.atttypid = t.oid
2024-02-29T22:23:00.2726907Z  	  LEFT JOIN pg_collation c ON a.attcollation = c.oid AND a.attcollation <> t.typcollation
2024-02-29T22:23:00.2727587Z  	 WHERE a.attrelid = '"flipper_gates"'::regclass
2024-02-29T22:23:00.2728063Z  	   AND a.attnum > 0 AND NOT a.attisdropped
2024-02-29T22:23:00.2728580Z  	 ORDER BY a.attnum
2024-02-29T22:23:00.2728936Z  	
2024-02-29T22:23:00.2729435Z  2024-02-29 22:21:27.913 UTC [99] FATAL:  role "root" does not exist
2024-02-29T22:23:00.2730089Z  2024-02-29 22:21:38.016 UTC [108] FATAL:  role "root" does not exist
2024-02-29T22:23:00.2730739Z  2024-02-29 22:21:48.094 UTC [116] FATAL:  role "root" does not exist
2024-02-29T22:23:00.2731687Z  2024-02-29 22:21:58.185 UTC [125] FATAL:  role "root" does not exist
2024-02-29T22:23:00.2732389Z  2024-02-29 22:22:08.268 UTC [133] FATAL:  role "root" does not exist
2024-02-29T22:23:00.2732984Z  2024-02-29 22:22:18.344 UTC [143] FATAL:  role "root" does not exist
2024-02-29T22:23:00.2733665Z  2024-02-29 22:22:28.433 UTC [152] FATAL:  role "root" does not exist
2024-02-29T22:23:00.2734310Z  2024-02-29 22:22:38.532 UTC [160] FATAL:  role "root" does not exist
2024-02-29T22:23:00.2734936Z  2024-02-29 22:22:48.616 UTC [168] FATAL:  role "root" does not exist
2024-02-29T22:23:00.2735650Z  2024-02-29 22:22:58.699 UTC [178] FATAL:  role "root" does not exist
2024-02-29T22:23:00.2736211Z  This user must also own the server process.
2024-02-29T22:23:00.2736709Z  
2024-02-29T22:23:00.2737369Z  The database cluster will be initialized with locale "en_US.utf8".
2024-02-29T22:23:00.2738020Z  The default database encoding has accordingly been set to "UTF8".
2024-02-29T22:23:00.2738778Z  The default text search configuration will be set to "english".
2024-02-29T22:23:00.2739667Z  
2024-02-29T22:23:00.2739991Z  Data page checksums are disabled.
2024-02-29T22:23:00.2740496Z  
2024-02-29T22:23:00.2740957Z  fixing permissions on existing directory /var/lib/postgresql/data ... ok
2024-02-29T22:23:00.2741556Z  creating subdirectories ... ok
2024-02-29T22:23:00.2742079Z  selecting dynamic shared memory implementation ... posix
2024-02-29T22:23:00.2742612Z  selecting default max_connections ... 100
2024-02-29T22:23:00.2743102Z  selecting default shared_buffers ... 128MB
2024-02-29T22:23:00.2743673Z  selecting default time zone ... Etc/UTC
2024-02-29T22:23:00.2744125Z  creating configuration files ... ok
2024-02-29T22:23:00.2744675Z  running bootstrap script ... ok
2024-02-29T22:23:00.2745146Z  performing post-bootstrap initialization ... ok
2024-02-29T22:23:00.2745588Z  syncing data to disk ... ok
2024-02-29T22:23:00.2746031Z  
2024-02-29T22:23:00.2746324Z  
2024-02-29T22:23:00.2746721Z  Success. You can now start the database server using:
2024-02-29T22:23:00.2747264Z  
2024-02-29T22:23:00.2747647Z      pg_ctl -D /var/lib/postgresql/data -l logfile start
2024-02-29T22:23:00.2748090Z  
2024-02-29T22:23:00.2749065Z  waiting for server to start....2024-02-29 22:20:48.271 UTC [47] LOG:  starting PostgreSQL 12.3 (Debian 12.3-1.pgdg100+1) on x86_64-pc-linux-gnu, compiled by gcc (Debian 8.3.0-6) 8.3.0, 64-bit
2024-02-29T22:23:00.2750320Z  2024-02-29 22:20:48.272 UTC [47] LOG:  listening on Unix socket "/var/run/postgresql/.s.PGSQL.5432"
2024-02-29T22:23:00.2751172Z  2024-02-29 22:20:48.282 UTC [48] LOG:  database system was shut down at 2024-02-29 22:20:48 UTC
2024-02-29T22:23:00.2752076Z  2024-02-29 22:20:48.286 UTC [47] LOG:  database system is ready to accept connections
2024-02-29T22:23:00.2752672Z   done
2024-02-29T22:23:00.2753041Z  server started
2024-02-29T22:23:00.2753382Z  
2024-02-29T22:23:00.2753879Z  /usr/local/bin/docker-entrypoint.sh: ignoring /docker-entrypoint-initdb.d/*
2024-02-29T22:23:00.2754501Z  
2024-02-29T22:23:00.2754943Z  2024-02-29 22:20:48.364 UTC [47] LOG:  received fast shutdown request
2024-02-29T22:23:00.2755762Z  waiting for server to shut down....2024-02-29 22:20:48.364 UTC [47] LOG:  aborting any active transactions
2024-02-29T22:23:00.2756839Z  2024-02-29 22:20:48.365 UTC [47] LOG:  background worker "logical replication launcher" (PID 54) exited with exit code 1
2024-02-29T22:23:00.2757644Z  2024-02-29 22:20:48.366 UTC [49] LOG:  shutting down
2024-02-29T22:23:00.2758266Z  2024-02-29 22:20:48.372 UTC [47] LOG:  database system is shut down
2024-02-29T22:23:00.2758857Z   done
2024-02-29T22:23:00.2759164Z  server stopped
2024-02-29T22:23:00.2759448Z  
2024-02-29T22:23:00.2759905Z  PostgreSQL init process complete; ready for start up.
2024-02-29T22:23:00.2760373Z  
2024-02-29T22:23:00.2766225Z Stop and remove container: b3606764a63e49c29fab4b09c7af5e32_postgres123_54fe3a
2024-02-29T22:23:00.2771758Z ##[command]/usr/bin/docker rm --force f7be94be55d1a2b1f373acafa7e98b8278ded8bbaf5848928fb99de862d9b050
2024-02-29T22:23:00.4717751Z f7be94be55d1a2b1f373acafa7e98b8278ded8bbaf5848928fb99de862d9b050
2024-02-29T22:23:00.4741896Z Remove container network: github_network_16ded0e961c24108812b85a55f6509b1
2024-02-29T22:23:00.4747239Z ##[command]/usr/bin/docker network rm github_network_16ded0e961c24108812b85a55f6509b1
2024-02-29T22:23:00.7476383Z github_network_16ded0e961c24108812b85a55f6509b1
2024-02-29T22:23:00.7632835Z Cleaning up orphan processes
