2024-03-12T06:22:15.3109266Z Requested labels: ubuntu-latest
2024-03-12T06:22:15.3109566Z Job defined at: rubyforgood/human-essentials/.github/workflows/rspec-system.yml@refs/pull/4182/merge
2024-03-12T06:22:15.3109695Z Waiting for a runner to pick up this job...
2024-03-12T06:22:15.8440408Z Job is waiting for a hosted runner to come online.
2024-03-12T06:22:19.0317952Z Job is about to start running on the hosted runner: GitHub Actions 17 (hosted)
2024-03-12T06:22:21.5881809Z Current runner version: '2.314.1'
2024-03-12T06:22:21.5904559Z ##[group]Operating System
2024-03-12T06:22:21.5905192Z Ubuntu
2024-03-12T06:22:21.5905497Z 22.04.4
2024-03-12T06:22:21.5905929Z LTS
2024-03-12T06:22:21.5906268Z ##[endgroup]
2024-03-12T06:22:21.5906604Z ##[group]Runner Image
2024-03-12T06:22:21.5907141Z Image: ubuntu-22.04
2024-03-12T06:22:21.5907539Z Version: 20240304.1.0
2024-03-12T06:22:21.5908507Z Included Software: https://github.com/actions/runner-images/blob/ubuntu22/20240304.1/images/ubuntu/Ubuntu2204-Readme.md
2024-03-12T06:22:21.5909995Z Image Release: https://github.com/actions/runner-images/releases/tag/ubuntu22%2F20240304.1
2024-03-12T06:22:21.5910854Z ##[endgroup]
2024-03-12T06:22:21.5911221Z ##[group]Runner Image Provisioner
2024-03-12T06:22:21.5911766Z 2.0.359.1
2024-03-12T06:22:21.5912109Z ##[endgroup]
2024-03-12T06:22:21.5914169Z ##[group]GITHUB_TOKEN Permissions
2024-03-12T06:22:21.5915805Z Actions: read
2024-03-12T06:22:21.5916242Z Checks: read
2024-03-12T06:22:21.5916872Z Contents: read
2024-03-12T06:22:21.5917348Z Deployments: read
2024-03-12T06:22:21.5917802Z Discussions: read
2024-03-12T06:22:21.5918200Z Issues: read
2024-03-12T06:22:21.5918560Z Metadata: read
2024-03-12T06:22:21.5918967Z Packages: read
2024-03-12T06:22:21.5919363Z Pages: read
2024-03-12T06:22:21.5919730Z PullRequests: read
2024-03-12T06:22:21.5920175Z RepositoryProjects: read
2024-03-12T06:22:21.5920643Z SecurityEvents: read
2024-03-12T06:22:21.5921029Z Statuses: read
2024-03-12T06:22:21.5921461Z ##[endgroup]
2024-03-12T06:22:21.5924390Z Secret source: None
2024-03-12T06:22:21.5924931Z Prepare workflow directory
2024-03-12T06:22:21.6790419Z Prepare all required actions
2024-03-12T06:22:21.6946010Z Getting action download info
2024-03-12T06:22:21.8788722Z Download action repository 'actions/checkout@v2' (SHA:ee0669bd1cc54295c223e0bb666b733df41de1c5)
2024-03-12T06:22:22.0171121Z Download action repository 'ruby/setup-ruby@v1' (SHA:d4526a55538b775af234ba4af27118ed6f8f6677)
2024-03-12T06:22:22.2427798Z Download action repository 'actions/upload-artifact@v2' (SHA:82c141cc518b40d92cc801eee768e7aafc9c2fa2)
2024-03-12T06:22:22.4039600Z Complete job name: rspec-system (6, 3)
2024-03-12T06:22:22.4694295Z ##[group]Checking docker version
2024-03-12T06:22:22.4709000Z ##[command]/usr/bin/docker version --format '{{.Server.APIVersion}}'
2024-03-12T06:22:22.5578509Z '1.43'
2024-03-12T06:22:22.5595441Z Docker daemon API version: '1.43'
2024-03-12T06:22:22.5596188Z ##[command]/usr/bin/docker version --format '{{.Client.APIVersion}}'
2024-03-12T06:22:22.5795961Z '1.43'
2024-03-12T06:22:22.5808800Z Docker client API version: '1.43'
2024-03-12T06:22:22.5815201Z ##[endgroup]
2024-03-12T06:22:22.5819937Z ##[group]Clean up resources from previous jobs
2024-03-12T06:22:22.5825816Z ##[command]/usr/bin/docker ps --all --quiet --no-trunc --filter "label=62504c"
2024-03-12T06:22:22.5996427Z ##[command]/usr/bin/docker network prune --force --filter "label=62504c"
2024-03-12T06:22:22.6164029Z ##[endgroup]
2024-03-12T06:22:22.6164562Z ##[group]Create local container network
2024-03-12T06:22:22.6174975Z ##[command]/usr/bin/docker network create --label 62504c github_network_9908654d05f9489d9b82e3b3cd66e341
2024-03-12T06:22:22.6815501Z f1f4961e61ae59ec7e758f9c6dde29cd947353701c2aa2cc51a1ffc0da8b2223
2024-03-12T06:22:22.6832061Z ##[endgroup]
2024-03-12T06:22:22.6909134Z ##[group]Starting db service container
2024-03-12T06:22:22.6958125Z ##[command]/usr/bin/docker pull postgres:12.3
2024-03-12T06:22:22.9757336Z 12.3: Pulling from library/postgres
2024-03-12T06:22:23.0552586Z bf5952930446: Pulling fs layer
2024-03-12T06:22:23.0553446Z 9577476abb00: Pulling fs layer
2024-03-12T06:22:23.0554222Z 2bd105512d5c: Pulling fs layer
2024-03-12T06:22:23.0554825Z b1cd21c26e81: Pulling fs layer
2024-03-12T06:22:23.0555265Z 34a7c86cf8fc: Pulling fs layer
2024-03-12T06:22:23.0555739Z 274e7b0c38d5: Pulling fs layer
2024-03-12T06:22:23.0556285Z 3e831b350d37: Pulling fs layer
2024-03-12T06:22:23.0556702Z 38fa0d496534: Pulling fs layer
2024-03-12T06:22:23.0557164Z 31a8349609a4: Pulling fs layer
2024-03-12T06:22:23.0558016Z 14e4c2a4b7b7: Pulling fs layer
2024-03-12T06:22:23.0558452Z 964acfa02beb: Pulling fs layer
2024-03-12T06:22:23.0558932Z 31b1f20dffc0: Pulling fs layer
2024-03-12T06:22:23.0559462Z 14771c2930e9: Pulling fs layer
2024-03-12T06:22:23.0559921Z 2f30edd0ce8a: Pulling fs layer
2024-03-12T06:22:23.0560364Z 34a7c86cf8fc: Waiting
2024-03-12T06:22:23.0560827Z 274e7b0c38d5: Waiting
2024-03-12T06:22:23.0561190Z 3e831b350d37: Waiting
2024-03-12T06:22:23.0561560Z 38fa0d496534: Waiting
2024-03-12T06:22:23.0562013Z 31a8349609a4: Waiting
2024-03-12T06:22:23.0562350Z 14e4c2a4b7b7: Waiting
2024-03-12T06:22:23.0562721Z 964acfa02beb: Waiting
2024-03-12T06:22:23.0563177Z 31b1f20dffc0: Waiting
2024-03-12T06:22:23.0563512Z 14771c2930e9: Waiting
2024-03-12T06:22:23.0563889Z 2f30edd0ce8a: Waiting
2024-03-12T06:22:23.0564323Z b1cd21c26e81: Waiting
2024-03-12T06:22:23.1434540Z 2bd105512d5c: Verifying Checksum
2024-03-12T06:22:23.1435081Z 2bd105512d5c: Download complete
2024-03-12T06:22:23.1780682Z 9577476abb00: Download complete
2024-03-12T06:22:23.2651577Z b1cd21c26e81: Download complete
2024-03-12T06:22:23.3146884Z 34a7c86cf8fc: Verifying Checksum
2024-03-12T06:22:23.3147998Z 34a7c86cf8fc: Download complete
2024-03-12T06:22:23.3558222Z 274e7b0c38d5: Download complete
2024-03-12T06:22:23.3950173Z 3e831b350d37: Download complete
2024-03-12T06:22:23.4309298Z 38fa0d496534: Verifying Checksum
2024-03-12T06:22:23.4310247Z 38fa0d496534: Download complete
2024-03-12T06:22:23.4427448Z bf5952930446: Verifying Checksum
2024-03-12T06:22:23.4430529Z bf5952930446: Download complete
2024-03-12T06:22:23.5035202Z 14e4c2a4b7b7: Download complete
2024-03-12T06:22:23.5297449Z 964acfa02beb: Verifying Checksum
2024-03-12T06:22:23.5298853Z 964acfa02beb: Download complete
2024-03-12T06:22:23.5837978Z 31b1f20dffc0: Verifying Checksum
2024-03-12T06:22:23.5838664Z 31b1f20dffc0: Download complete
2024-03-12T06:22:23.6042613Z 14771c2930e9: Verifying Checksum
2024-03-12T06:22:23.6044117Z 14771c2930e9: Download complete
2024-03-12T06:22:23.6647403Z 2f30edd0ce8a: Verifying Checksum
2024-03-12T06:22:23.6650542Z 2f30edd0ce8a: Download complete
2024-03-12T06:22:23.9900902Z 31a8349609a4: Verifying Checksum
2024-03-12T06:22:24.6135917Z bf5952930446: Pull complete
2024-03-12T06:22:24.9166750Z 9577476abb00: Pull complete
2024-03-12T06:22:24.9363059Z 2bd105512d5c: Pull complete
2024-03-12T06:22:24.9862880Z b1cd21c26e81: Pull complete
2024-03-12T06:22:25.2886153Z 34a7c86cf8fc: Pull complete
2024-03-12T06:22:25.3486649Z 274e7b0c38d5: Pull complete
2024-03-12T06:22:25.3572918Z 3e831b350d37: Pull complete
2024-03-12T06:22:25.3666840Z 38fa0d496534: Pull complete
2024-03-12T06:22:27.6137793Z 31a8349609a4: Pull complete
2024-03-12T06:22:27.6256672Z 14e4c2a4b7b7: Pull complete
2024-03-12T06:22:27.6380413Z 964acfa02beb: Pull complete
2024-03-12T06:22:27.6524186Z 31b1f20dffc0: Pull complete
2024-03-12T06:22:27.6614325Z 14771c2930e9: Pull complete
2024-03-12T06:22:27.6736396Z 2f30edd0ce8a: Pull complete
2024-03-12T06:22:27.6781275Z Digest: sha256:a06e6e6e519b7a329c419f8221edec66cfc45511e8b80e262c12103ba745cf19
2024-03-12T06:22:27.6795262Z Status: Downloaded newer image for postgres:12.3
2024-03-12T06:22:27.6805299Z docker.io/library/postgres:12.3
2024-03-12T06:22:27.6910224Z ##[command]/usr/bin/docker create --name 1550bf90c9d547e4b01659013c0affd0_postgres123_cf030e --label 62504c --network github_network_9908654d05f9489d9b82e3b3cd66e341 --network-alias db -p 5432:5432 --health-cmd pg_isready --health-interval 10s --health-timeout 5s --health-retries 5 -e "POSTGRES_PASSWORD=password" -e GITHUB_ACTIONS=true -e CI=true postgres:12.3
2024-03-12T06:22:27.7212683Z a46ebc056903ec29a03a1197bd0250b7c609176ed5ae385081a06ca4c3430481
2024-03-12T06:22:27.7233453Z ##[command]/usr/bin/docker start a46ebc056903ec29a03a1197bd0250b7c609176ed5ae385081a06ca4c3430481
2024-03-12T06:22:27.9993433Z a46ebc056903ec29a03a1197bd0250b7c609176ed5ae385081a06ca4c3430481
2024-03-12T06:22:28.0011734Z ##[command]/usr/bin/docker ps --all --filter id=a46ebc056903ec29a03a1197bd0250b7c609176ed5ae385081a06ca4c3430481 --filter status=running --no-trunc --format "{{.ID}} {{.Status}}"
2024-03-12T06:22:28.0134402Z a46ebc056903ec29a03a1197bd0250b7c609176ed5ae385081a06ca4c3430481 Up Less than a second (health: starting)
2024-03-12T06:22:28.0155424Z ##[command]/usr/bin/docker port a46ebc056903ec29a03a1197bd0250b7c609176ed5ae385081a06ca4c3430481
2024-03-12T06:22:28.0297383Z 5432/tcp -> 0.0.0.0:5432
2024-03-12T06:22:28.0298106Z 5432/tcp -> [::]:5432
2024-03-12T06:22:28.0375026Z ##[endgroup]
2024-03-12T06:22:28.0402444Z ##[group]Waiting for all services to be ready
2024-03-12T06:22:28.0438383Z ##[command]/usr/bin/docker inspect --format="{{if .Config.Healthcheck}}{{print .State.Health.Status}}{{end}}" a46ebc056903ec29a03a1197bd0250b7c609176ed5ae385081a06ca4c3430481
2024-03-12T06:22:28.0584210Z starting
2024-03-12T06:22:28.0608001Z db service is starting, waiting 2 seconds before checking again.
2024-03-12T06:22:30.0559900Z ##[command]/usr/bin/docker inspect --format="{{if .Config.Healthcheck}}{{print .State.Health.Status}}{{end}}" a46ebc056903ec29a03a1197bd0250b7c609176ed5ae385081a06ca4c3430481
2024-03-12T06:22:30.0686681Z starting
2024-03-12T06:22:30.0701744Z db service is starting, waiting 4 seconds before checking again.
2024-03-12T06:22:34.3033320Z ##[command]/usr/bin/docker inspect --format="{{if .Config.Healthcheck}}{{print .State.Health.Status}}{{end}}" a46ebc056903ec29a03a1197bd0250b7c609176ed5ae385081a06ca4c3430481
2024-03-12T06:22:34.3163015Z starting
2024-03-12T06:22:34.3175071Z db service is starting, waiting 8 seconds before checking again.
2024-03-12T06:22:42.6808315Z ##[command]/usr/bin/docker inspect --format="{{if .Config.Healthcheck}}{{print .State.Health.Status}}{{end}}" a46ebc056903ec29a03a1197bd0250b7c609176ed5ae385081a06ca4c3430481
2024-03-12T06:22:42.6926072Z healthy
2024-03-12T06:22:42.6942437Z db service is healthy.
2024-03-12T06:22:42.6942912Z ##[endgroup]
2024-03-12T06:22:42.7309524Z ##[group]Run actions/checkout@v2
2024-03-12T06:22:42.7309953Z with:
2024-03-12T06:22:42.7310475Z   repository: rubyforgood/human-essentials
2024-03-12T06:22:42.7311103Z   token: ***
2024-03-12T06:22:42.7311423Z   ssh-strict: true
2024-03-12T06:22:42.7311895Z   persist-credentials: true
2024-03-12T06:22:42.7312288Z   clean: true
2024-03-12T06:22:42.7312577Z   fetch-depth: 1
2024-03-12T06:22:42.7313005Z   lfs: false
2024-03-12T06:22:42.7313326Z   submodules: false
2024-03-12T06:22:42.7313647Z   set-safe-directory: true
2024-03-12T06:22:42.7314110Z ##[endgroup]
2024-03-12T06:22:42.9215162Z Syncing repository: rubyforgood/human-essentials
2024-03-12T06:22:42.9217012Z ##[group]Getting Git version info
2024-03-12T06:22:42.9217810Z Working directory is '/home/runner/work/human-essentials/human-essentials'
2024-03-12T06:22:42.9218729Z [command]/usr/bin/git version
2024-03-12T06:22:42.9266770Z git version 2.43.2
2024-03-12T06:22:42.9291363Z ##[endgroup]
2024-03-12T06:22:42.9310412Z Temporarily overriding HOME='/home/runner/work/_temp/40580595-3463-4645-83d5-2f592ee22fb4' before making global git config changes
2024-03-12T06:22:42.9312514Z Adding repository directory to the temporary git global config as a safe directory
2024-03-12T06:22:42.9316177Z [command]/usr/bin/git config --global --add safe.directory /home/runner/work/human-essentials/human-essentials
2024-03-12T06:22:42.9359711Z Deleting the contents of '/home/runner/work/human-essentials/human-essentials'
2024-03-12T06:22:42.9364597Z ##[group]Initializing the repository
2024-03-12T06:22:42.9368724Z [command]/usr/bin/git init /home/runner/work/human-essentials/human-essentials
2024-03-12T06:22:42.9484025Z hint: Using 'master' as the name for the initial branch. This default branch name
2024-03-12T06:22:42.9485704Z hint: is subject to change. To configure the initial branch name to use in all
2024-03-12T06:22:42.9487170Z hint: of your new repositories, which will suppress this warning, call:
2024-03-12T06:22:42.9488299Z hint: 
2024-03-12T06:22:42.9489108Z hint: 	git config --global init.defaultBranch <name>
2024-03-12T06:22:42.9489979Z hint: 
2024-03-12T06:22:42.9491453Z hint: Names commonly chosen instead of 'master' are 'main', 'trunk' and
2024-03-12T06:22:42.9492504Z hint: 'development'. The just-created branch can be renamed via this command:
2024-03-12T06:22:42.9493359Z hint: 
2024-03-12T06:22:42.9493848Z hint: 	git branch -m <name>
2024-03-12T06:22:42.9497186Z Initialized empty Git repository in /home/runner/work/human-essentials/human-essentials/.git/
2024-03-12T06:22:42.9505330Z [command]/usr/bin/git remote add origin https://github.com/rubyforgood/human-essentials
2024-03-12T06:22:42.9548640Z ##[endgroup]
2024-03-12T06:22:42.9549340Z ##[group]Disabling automatic garbage collection
2024-03-12T06:22:42.9552189Z [command]/usr/bin/git config --local gc.auto 0
2024-03-12T06:22:42.9588437Z ##[endgroup]
2024-03-12T06:22:42.9589454Z ##[group]Setting up auth
2024-03-12T06:22:42.9594699Z [command]/usr/bin/git config --local --name-only --get-regexp core\.sshCommand
2024-03-12T06:22:42.9631869Z [command]/usr/bin/git submodule foreach --recursive sh -c "git config --local --name-only --get-regexp 'core\.sshCommand' && git config --local --unset-all 'core.sshCommand' || :"
2024-03-12T06:22:42.9988189Z [command]/usr/bin/git config --local --name-only --get-regexp http\.https\:\/\/github\.com\/\.extraheader
2024-03-12T06:22:43.0026478Z [command]/usr/bin/git submodule foreach --recursive sh -c "git config --local --name-only --get-regexp 'http\.https\:\/\/github\.com\/\.extraheader' && git config --local --unset-all 'http.https://github.com/.extraheader' || :"
2024-03-12T06:22:43.0270037Z [command]/usr/bin/git config --local http.https://github.com/.extraheader AUTHORIZATION: basic ***
2024-03-12T06:22:43.0317089Z ##[endgroup]
2024-03-12T06:22:43.0317880Z ##[group]Fetching the repository
2024-03-12T06:22:43.0326367Z [command]/usr/bin/git -c protocol.version=2 fetch --no-tags --prune --progress --no-recurse-submodules --depth=1 origin +3d999011c67596a7bc979e76b9e589714df0ceb2:refs/remotes/pull/4182/merge
2024-03-12T06:22:43.2030133Z remote: Enumerating objects: 1751, done.        
2024-03-12T06:22:43.2031960Z remote: Counting objects:   0% (1/1751)        
2024-03-12T06:22:43.2033660Z remote: Counting objects:   1% (18/1751)        
2024-03-12T06:22:43.2035125Z remote: Counting objects:   2% (36/1751)        
2024-03-12T06:22:43.2036670Z remote: Counting objects:   3% (53/1751)        
2024-03-12T06:22:43.2037933Z remote: Counting objects:   4% (71/1751)        
2024-03-12T06:22:43.2039038Z remote: Counting objects:   5% (88/1751)        
2024-03-12T06:22:43.2039916Z remote: Counting objects:   6% (106/1751)        
2024-03-12T06:22:43.2041003Z remote: Counting objects:   7% (123/1751)        
2024-03-12T06:22:43.2041998Z remote: Counting objects:   8% (141/1751)        
2024-03-12T06:22:43.2042803Z remote: Counting objects:   9% (158/1751)        
2024-03-12T06:22:43.2043810Z remote: Counting objects:  10% (176/1751)        
2024-03-12T06:22:43.2044726Z remote: Counting objects:  11% (193/1751)        
2024-03-12T06:22:43.2045578Z remote: Counting objects:  12% (211/1751)        
2024-03-12T06:22:43.2046536Z remote: Counting objects:  13% (228/1751)        
2024-03-12T06:22:43.2047343Z remote: Counting objects:  14% (246/1751)        
2024-03-12T06:22:43.2048240Z remote: Counting objects:  15% (263/1751)        
2024-03-12T06:22:43.2048987Z remote: Counting objects:  16% (281/1751)        
2024-03-12T06:22:43.2050938Z remote: Counting objects:  17% (298/1751)        
2024-03-12T06:22:43.2051865Z remote: Counting objects:  18% (316/1751)        
2024-03-12T06:22:43.2052791Z remote: Counting objects:  19% (333/1751)        
2024-03-12T06:22:43.2053798Z remote: Counting objects:  20% (351/1751)        
2024-03-12T06:22:43.2055843Z remote: Counting objects:  21% (368/1751)        
2024-03-12T06:22:43.2056449Z remote: Counting objects:  22% (386/1751)        
2024-03-12T06:22:43.2057532Z remote: Counting objects:  23% (403/1751)        
2024-03-12T06:22:43.2058340Z remote: Counting objects:  24% (421/1751)        
2024-03-12T06:22:43.2059350Z remote: Counting objects:  25% (438/1751)        
2024-03-12T06:22:43.2061659Z remote: Counting objects:  26% (456/1751)        
2024-03-12T06:22:43.2062498Z remote: Counting objects:  27% (473/1751)        
2024-03-12T06:22:43.2063293Z remote: Counting objects:  28% (491/1751)        
2024-03-12T06:22:43.2063788Z remote: Counting objects:  29% (508/1751)        
2024-03-12T06:22:43.2064248Z remote: Counting objects:  30% (526/1751)        
2024-03-12T06:22:43.2064835Z remote: Counting objects:  31% (543/1751)        
2024-03-12T06:22:43.2065336Z remote: Counting objects:  32% (561/1751)        
2024-03-12T06:22:43.2065777Z remote: Counting objects:  33% (578/1751)        
2024-03-12T06:22:43.2066317Z remote: Counting objects:  34% (596/1751)        
2024-03-12T06:22:43.2066830Z remote: Counting objects:  35% (613/1751)        
2024-03-12T06:22:43.2067279Z remote: Counting objects:  36% (631/1751)        
2024-03-12T06:22:43.2067834Z remote: Counting objects:  37% (648/1751)        
2024-03-12T06:22:43.2068333Z remote: Counting objects:  38% (666/1751)        
2024-03-12T06:22:43.2068815Z remote: Counting objects:  39% (683/1751)        
2024-03-12T06:22:43.2069317Z remote: Counting objects:  40% (701/1751)        
2024-03-12T06:22:43.2069833Z remote: Counting objects:  41% (718/1751)        
2024-03-12T06:22:43.2070318Z remote: Counting objects:  42% (736/1751)        
2024-03-12T06:22:43.2070830Z remote: Counting objects:  43% (753/1751)        
2024-03-12T06:22:43.2071326Z remote: Counting objects:  44% (771/1751)        
2024-03-12T06:22:43.2071798Z remote: Counting objects:  45% (788/1751)        
2024-03-12T06:22:43.2072298Z remote: Counting objects:  46% (806/1751)        
2024-03-12T06:22:43.2072793Z remote: Counting objects:  47% (823/1751)        
2024-03-12T06:22:43.2073270Z remote: Counting objects:  48% (841/1751)        
2024-03-12T06:22:43.2073796Z remote: Counting objects:  49% (858/1751)        
2024-03-12T06:22:43.2074490Z remote: Counting objects:  50% (876/1751)        
2024-03-12T06:22:43.2074998Z remote: Counting objects:  51% (894/1751)        
2024-03-12T06:22:43.2075549Z remote: Counting objects:  52% (911/1751)        
2024-03-12T06:22:43.2076028Z remote: Counting objects:  53% (929/1751)        
2024-03-12T06:22:43.2076529Z remote: Counting objects:  54% (946/1751)        
2024-03-12T06:22:43.2077028Z remote: Counting objects:  55% (964/1751)        
2024-03-12T06:22:43.2077500Z remote: Counting objects:  56% (981/1751)        
2024-03-12T06:22:43.2077986Z remote: Counting objects:  57% (999/1751)        
2024-03-12T06:22:43.2078535Z remote: Counting objects:  58% (1016/1751)        
2024-03-12T06:22:43.2079020Z remote: Counting objects:  59% (1034/1751)        
2024-03-12T06:22:43.2079537Z remote: Counting objects:  60% (1051/1751)        
2024-03-12T06:22:43.2080096Z remote: Counting objects:  61% (1069/1751)        
2024-03-12T06:22:43.2080591Z remote: Counting objects:  62% (1086/1751)        
2024-03-12T06:22:43.2081074Z remote: Counting objects:  63% (1104/1751)        
2024-03-12T06:22:43.2081632Z remote: Counting objects:  64% (1121/1751)        
2024-03-12T06:22:43.2082147Z remote: Counting objects:  65% (1139/1751)        
2024-03-12T06:22:43.2082607Z remote: Counting objects:  66% (1156/1751)        
2024-03-12T06:22:43.2083477Z remote: Counting objects:  67% (1174/1751)        
2024-03-12T06:22:43.2084027Z remote: Counting objects:  68% (1191/1751)        
2024-03-12T06:22:43.2084486Z remote: Counting objects:  69% (1209/1751)        
2024-03-12T06:22:43.2085054Z remote: Counting objects:  70% (1226/1751)        
2024-03-12T06:22:43.2085561Z remote: Counting objects:  71% (1244/1751)        
2024-03-12T06:22:43.2086017Z remote: Counting objects:  72% (1261/1751)        
2024-03-12T06:22:43.2086563Z remote: Counting objects:  73% (1279/1751)        
2024-03-12T06:22:43.2087200Z remote: Counting objects:  74% (1296/1751)        
2024-03-12T06:22:43.2087890Z remote: Counting objects:  75% (1314/1751)        
2024-03-12T06:22:43.2088472Z remote: Counting objects:  76% (1331/1751)        
2024-03-12T06:22:43.2088978Z remote: Counting objects:  77% (1349/1751)        
2024-03-12T06:22:43.2089605Z remote: Counting objects:  78% (1366/1751)        
2024-03-12T06:22:43.2090192Z remote: Counting objects:  79% (1384/1751)        
2024-03-12T06:22:43.2090996Z remote: Counting objects:  80% (1401/1751)        
2024-03-12T06:22:43.2091569Z remote: Counting objects:  81% (1419/1751)        
2024-03-12T06:22:43.2092047Z remote: Counting objects:  82% (1436/1751)        
2024-03-12T06:22:43.2092529Z remote: Counting objects:  83% (1454/1751)        
2024-03-12T06:22:43.2093075Z remote: Counting objects:  84% (1471/1751)        
2024-03-12T06:22:43.2093542Z remote: Counting objects:  85% (1489/1751)        
2024-03-12T06:22:43.2094019Z remote: Counting objects:  86% (1506/1751)        
2024-03-12T06:22:43.2094587Z remote: Counting objects:  87% (1524/1751)        
2024-03-12T06:22:43.2095046Z remote: Counting objects:  88% (1541/1751)        
2024-03-12T06:22:43.2095537Z remote: Counting objects:  89% (1559/1751)        
2024-03-12T06:22:43.2096127Z remote: Counting objects:  90% (1576/1751)        
2024-03-12T06:22:43.2096577Z remote: Counting objects:  91% (1594/1751)        
2024-03-12T06:22:43.2097063Z remote: Counting objects:  92% (1611/1751)        
2024-03-12T06:22:43.2097617Z remote: Counting objects:  93% (1629/1751)        
2024-03-12T06:22:43.2098063Z remote: Counting objects:  94% (1646/1751)        
2024-03-12T06:22:43.2098543Z remote: Counting objects:  95% (1664/1751)        
2024-03-12T06:22:43.2099099Z remote: Counting objects:  96% (1681/1751)        
2024-03-12T06:22:43.2099807Z remote: Counting objects:  97% (1699/1751)        
2024-03-12T06:22:43.2100309Z remote: Counting objects:  98% (1716/1751)        
2024-03-12T06:22:43.2100889Z remote: Counting objects:  99% (1734/1751)        
2024-03-12T06:22:43.2101376Z remote: Counting objects: 100% (1751/1751)        
2024-03-12T06:22:43.2102058Z remote: Counting objects: 100% (1751/1751), done.        
2024-03-12T06:22:43.2102674Z remote: Compressing objects:   0% (1/1566)        
2024-03-12T06:22:43.2103191Z remote: Compressing objects:   1% (16/1566)        
2024-03-12T06:22:43.2103685Z remote: Compressing objects:   2% (32/1566)        
2024-03-12T06:22:43.2104253Z remote: Compressing objects:   3% (47/1566)        
2024-03-12T06:22:43.2104762Z remote: Compressing objects:   4% (63/1566)        
2024-03-12T06:22:43.2105241Z remote: Compressing objects:   5% (79/1566)        
2024-03-12T06:22:43.2105805Z remote: Compressing objects:   6% (94/1566)        
2024-03-12T06:22:43.2106334Z remote: Compressing objects:   7% (110/1566)        
2024-03-12T06:22:43.2106816Z remote: Compressing objects:   8% (126/1566)        
2024-03-12T06:22:43.2107588Z remote: Compressing objects:   9% (141/1566)        
2024-03-12T06:22:43.2108133Z remote: Compressing objects:  10% (157/1566)        
2024-03-12T06:22:43.2108605Z remote: Compressing objects:  11% (173/1566)        
2024-03-12T06:22:43.2109186Z remote: Compressing objects:  12% (188/1566)        
2024-03-12T06:22:43.2109709Z remote: Compressing objects:  13% (204/1566)        
2024-03-12T06:22:43.2110183Z remote: Compressing objects:  14% (220/1566)        
2024-03-12T06:22:43.2110770Z remote: Compressing objects:  15% (235/1566)        
2024-03-12T06:22:43.2111290Z remote: Compressing objects:  16% (251/1566)        
2024-03-12T06:22:43.2111754Z remote: Compressing objects:  17% (267/1566)        
2024-03-12T06:22:43.2112457Z remote: Compressing objects:  18% (282/1566)        
2024-03-12T06:22:43.2112979Z remote: Compressing objects:  19% (298/1566)        
2024-03-12T06:22:43.2113476Z remote: Compressing objects:  20% (314/1566)        
2024-03-12T06:22:43.2114148Z remote: Compressing objects:  21% (329/1566)        
2024-03-12T06:22:43.2114698Z remote: Compressing objects:  22% (345/1566)        
2024-03-12T06:22:43.2115201Z remote: Compressing objects:  23% (361/1566)        
2024-03-12T06:22:43.2115764Z remote: Compressing objects:  24% (376/1566)        
2024-03-12T06:22:43.2116264Z remote: Compressing objects:  25% (392/1566)        
2024-03-12T06:22:43.2116933Z remote: Compressing objects:  26% (408/1566)        
2024-03-12T06:22:43.2117574Z remote: Compressing objects:  27% (423/1566)        
2024-03-12T06:22:43.2118073Z remote: Compressing objects:  28% (439/1566)        
2024-03-12T06:22:43.2118614Z remote: Compressing objects:  29% (455/1566)        
2024-03-12T06:22:43.2119418Z remote: Compressing objects:  30% (470/1566)        
2024-03-12T06:22:43.2120051Z remote: Compressing objects:  31% (486/1566)        
2024-03-12T06:22:43.2120581Z remote: Compressing objects:  32% (502/1566)        
2024-03-12T06:22:43.2121164Z remote: Compressing objects:  33% (517/1566)        
2024-03-12T06:22:43.2121683Z remote: Compressing objects:  34% (533/1566)        
2024-03-12T06:22:43.2122209Z remote: Compressing objects:  35% (549/1566)        
2024-03-12T06:22:43.2122756Z remote: Compressing objects:  36% (564/1566)        
2024-03-12T06:22:43.2123469Z remote: Compressing objects:  37% (580/1566)        
2024-03-12T06:22:43.2123999Z remote: Compressing objects:  38% (596/1566)        
2024-03-12T06:22:43.2124613Z remote: Compressing objects:  39% (611/1566)        
2024-03-12T06:22:43.2125095Z remote: Compressing objects:  40% (627/1566)        
2024-03-12T06:22:43.2125626Z remote: Compressing objects:  41% (643/1566)        
2024-03-12T06:22:43.2126198Z remote: Compressing objects:  42% (658/1566)        
2024-03-12T06:22:43.2126669Z remote: Compressing objects:  43% (674/1566)        
2024-03-12T06:22:43.2127183Z remote: Compressing objects:  44% (690/1566)        
2024-03-12T06:22:43.2127752Z remote: Compressing objects:  45% (705/1566)        
2024-03-12T06:22:43.2128235Z remote: Compressing objects:  46% (721/1566)        
2024-03-12T06:22:43.2128737Z remote: Compressing objects:  47% (737/1566)        
2024-03-12T06:22:43.2129297Z remote: Compressing objects:  48% (752/1566)        
2024-03-12T06:22:43.2129924Z remote: Compressing objects:  49% (768/1566)        
2024-03-12T06:22:43.2130433Z remote: Compressing objects:  50% (783/1566)        
2024-03-12T06:22:43.2131029Z remote: Compressing objects:  51% (799/1566)        
2024-03-12T06:22:43.2131494Z remote: Compressing objects:  52% (815/1566)        
2024-03-12T06:22:43.2131994Z remote: Compressing objects:  53% (830/1566)        
2024-03-12T06:22:43.2132576Z remote: Compressing objects:  54% (846/1566)        
2024-03-12T06:22:43.2133039Z remote: Compressing objects:  55% (862/1566)        
2024-03-12T06:22:43.2133561Z remote: Compressing objects:  56% (877/1566)        
2024-03-12T06:22:43.2134144Z remote: Compressing objects:  57% (893/1566)        
2024-03-12T06:22:43.2134648Z remote: Compressing objects:  58% (909/1566)        
2024-03-12T06:22:43.2135118Z remote: Compressing objects:  59% (924/1566)        
2024-03-12T06:22:43.2135698Z remote: Compressing objects:  60% (940/1566)        
2024-03-12T06:22:43.2136200Z remote: Compressing objects:  61% (956/1566)        
2024-03-12T06:22:43.2136669Z remote: Compressing objects:  62% (971/1566)        
2024-03-12T06:22:43.2137250Z remote: Compressing objects:  63% (987/1566)        
2024-03-12T06:22:43.2138132Z remote: Compressing objects:  64% (1003/1566)        
2024-03-12T06:22:43.2138787Z remote: Compressing objects:  65% (1018/1566)        
2024-03-12T06:22:43.2139654Z remote: Compressing objects:  66% (1034/1566)        
2024-03-12T06:22:43.2140193Z remote: Compressing objects:  67% (1050/1566)        
2024-03-12T06:22:43.2140903Z remote: Compressing objects:  68% (1065/1566)        
2024-03-12T06:22:43.2141797Z remote: Compressing objects:  69% (1081/1566)        
2024-03-12T06:22:43.2142331Z remote: Compressing objects:  70% (1097/1566)        
2024-03-12T06:22:43.2142837Z remote: Compressing objects:  71% (1112/1566)        
2024-03-12T06:22:43.2143419Z remote: Compressing objects:  72% (1128/1566)        
2024-03-12T06:22:43.2143933Z remote: Compressing objects:  73% (1144/1566)        
2024-03-12T06:22:43.2144431Z remote: Compressing objects:  74% (1159/1566)        
2024-03-12T06:22:43.2145014Z remote: Compressing objects:  75% (1175/1566)        
2024-03-12T06:22:43.2145726Z remote: Compressing objects:  76% (1191/1566)        
2024-03-12T06:22:43.2146503Z remote: Compressing objects:  77% (1206/1566)        
2024-03-12T06:22:43.2147280Z remote: Compressing objects:  78% (1222/1566)        
2024-03-12T06:22:43.2147817Z remote: Compressing objects:  79% (1238/1566)        
2024-03-12T06:22:43.2148333Z remote: Compressing objects:  80% (1253/1566)        
2024-03-12T06:22:43.2148910Z remote: Compressing objects:  81% (1269/1566)        
2024-03-12T06:22:43.2149804Z remote: Compressing objects:  82% (1285/1566)        
2024-03-12T06:22:43.2150501Z remote: Compressing objects:  83% (1300/1566)        
2024-03-12T06:22:43.2151090Z remote: Compressing objects:  84% (1316/1566)        
2024-03-12T06:22:43.2151665Z remote: Compressing objects:  85% (1332/1566)        
2024-03-12T06:22:43.2152141Z remote: Compressing objects:  86% (1347/1566)        
2024-03-12T06:22:43.2152726Z remote: Compressing objects:  87% (1363/1566)        
2024-03-12T06:22:43.2153234Z remote: Compressing objects:  88% (1379/1566)        
2024-03-12T06:22:43.2153704Z remote: Compressing objects:  89% (1394/1566)        
2024-03-12T06:22:43.2154289Z remote: Compressing objects:  90% (1410/1566)        
2024-03-12T06:22:43.2154805Z remote: Compressing objects:  91% (1426/1566)        
2024-03-12T06:22:43.2155271Z remote: Compressing objects:  92% (1441/1566)        
2024-03-12T06:22:43.2155902Z remote: Compressing objects:  93% (1457/1566)        
2024-03-12T06:22:43.2156403Z remote: Compressing objects:  94% (1473/1566)        
2024-03-12T06:22:43.2156866Z remote: Compressing objects:  95% (1488/1566)        
2024-03-12T06:22:43.2157451Z remote: Compressing objects:  96% (1504/1566)        
2024-03-12T06:22:43.2157956Z remote: Compressing objects:  97% (1520/1566)        
2024-03-12T06:22:43.2158418Z remote: Compressing objects:  98% (1535/1566)        
2024-03-12T06:22:43.2159169Z remote: Compressing objects:  99% (1551/1566)        
2024-03-12T06:22:43.2159685Z remote: Compressing objects: 100% (1566/1566)        
2024-03-12T06:22:43.2160314Z remote: Compressing objects: 100% (1566/1566), done.        
2024-03-12T06:22:43.2160827Z Receiving objects:   0% (1/1751)
2024-03-12T06:22:43.2161226Z Receiving objects:   1% (18/1751)
2024-03-12T06:22:43.2161702Z Receiving objects:   2% (36/1751)
2024-03-12T06:22:43.2285229Z Receiving objects:   3% (53/1751)
2024-03-12T06:22:43.2749323Z Receiving objects:   4% (71/1751)
2024-03-12T06:22:43.2750201Z Receiving objects:   5% (88/1751)
2024-03-12T06:22:43.2754537Z Receiving objects:   6% (106/1751)
2024-03-12T06:22:43.2759924Z Receiving objects:   7% (123/1751)
2024-03-12T06:22:43.2764028Z Receiving objects:   8% (141/1751)
2024-03-12T06:22:43.2768388Z Receiving objects:   9% (158/1751)
2024-03-12T06:22:43.2771457Z Receiving objects:  10% (176/1751)
2024-03-12T06:22:43.2774396Z Receiving objects:  11% (193/1751)
2024-03-12T06:22:43.2778810Z Receiving objects:  12% (211/1751)
2024-03-12T06:22:43.2790462Z Receiving objects:  13% (228/1751)
2024-03-12T06:22:43.2809247Z Receiving objects:  14% (246/1751)
2024-03-12T06:22:43.2810307Z Receiving objects:  15% (263/1751)
2024-03-12T06:22:43.2810872Z Receiving objects:  16% (281/1751)
2024-03-12T06:22:43.2811319Z Receiving objects:  17% (298/1751)
2024-03-12T06:22:43.2816758Z Receiving objects:  18% (316/1751)
2024-03-12T06:22:43.2822422Z Receiving objects:  19% (333/1751)
2024-03-12T06:22:43.2826020Z Receiving objects:  20% (351/1751)
2024-03-12T06:22:43.2829833Z Receiving objects:  21% (368/1751)
2024-03-12T06:22:43.2832768Z Receiving objects:  22% (386/1751)
2024-03-12T06:22:43.2836847Z Receiving objects:  23% (403/1751)
2024-03-12T06:22:43.2840133Z Receiving objects:  24% (421/1751)
2024-03-12T06:22:43.2843207Z Receiving objects:  25% (438/1751)
2024-03-12T06:22:43.2844217Z Receiving objects:  26% (456/1751)
2024-03-12T06:22:43.2847696Z Receiving objects:  27% (473/1751)
2024-03-12T06:22:43.2849504Z Receiving objects:  28% (491/1751)
2024-03-12T06:22:43.2851116Z Receiving objects:  29% (508/1751)
2024-03-12T06:22:43.2854871Z Receiving objects:  30% (526/1751)
2024-03-12T06:22:43.2857410Z Receiving objects:  31% (543/1751)
2024-03-12T06:22:43.2859082Z Receiving objects:  32% (561/1751)
2024-03-12T06:22:43.2862260Z Receiving objects:  33% (578/1751)
2024-03-12T06:22:43.2863954Z Receiving objects:  34% (596/1751)
2024-03-12T06:22:43.2865538Z Receiving objects:  35% (613/1751)
2024-03-12T06:22:43.2870045Z Receiving objects:  36% (631/1751)
2024-03-12T06:22:43.2873310Z Receiving objects:  37% (648/1751)
2024-03-12T06:22:43.2874455Z Receiving objects:  38% (666/1751)
2024-03-12T06:22:43.2878243Z Receiving objects:  39% (683/1751)
2024-03-12T06:22:43.2880786Z Receiving objects:  40% (701/1751)
2024-03-12T06:22:43.2884237Z Receiving objects:  41% (718/1751)
2024-03-12T06:22:43.2886309Z Receiving objects:  42% (736/1751)
2024-03-12T06:22:43.2889360Z Receiving objects:  43% (753/1751)
2024-03-12T06:22:43.2893511Z Receiving objects:  44% (771/1751)
2024-03-12T06:22:43.2895783Z Receiving objects:  45% (788/1751)
2024-03-12T06:22:43.2898437Z Receiving objects:  46% (806/1751)
2024-03-12T06:22:43.2901628Z Receiving objects:  47% (823/1751)
2024-03-12T06:22:43.2905122Z Receiving objects:  48% (841/1751)
2024-03-12T06:22:43.2906356Z Receiving objects:  49% (858/1751)
2024-03-12T06:22:43.2908882Z Receiving objects:  50% (876/1751)
2024-03-12T06:22:43.2909618Z Receiving objects:  51% (894/1751)
2024-03-12T06:22:43.2914614Z Receiving objects:  52% (911/1751)
2024-03-12T06:22:43.2919002Z Receiving objects:  53% (929/1751)
2024-03-12T06:22:43.2922624Z Receiving objects:  54% (946/1751)
2024-03-12T06:22:43.2929439Z Receiving objects:  55% (964/1751)
2024-03-12T06:22:43.2933403Z Receiving objects:  56% (981/1751)
2024-03-12T06:22:43.2934746Z Receiving objects:  57% (999/1751)
2024-03-12T06:22:43.2936347Z Receiving objects:  58% (1016/1751)
2024-03-12T06:22:43.2939599Z Receiving objects:  59% (1034/1751)
2024-03-12T06:22:43.2941694Z Receiving objects:  60% (1051/1751)
2024-03-12T06:22:43.2942428Z Receiving objects:  61% (1069/1751)
2024-03-12T06:22:43.2944233Z Receiving objects:  62% (1086/1751)
2024-03-12T06:22:43.2945510Z Receiving objects:  63% (1104/1751)
2024-03-12T06:22:43.2948853Z Receiving objects:  64% (1121/1751)
2024-03-12T06:22:43.2950834Z Receiving objects:  65% (1139/1751)
2024-03-12T06:22:43.2953040Z Receiving objects:  66% (1156/1751)
2024-03-12T06:22:43.2954084Z Receiving objects:  67% (1174/1751)
2024-03-12T06:22:43.2956173Z Receiving objects:  68% (1191/1751)
2024-03-12T06:22:43.2958663Z Receiving objects:  69% (1209/1751)
2024-03-12T06:22:43.2959823Z Receiving objects:  70% (1226/1751)
2024-03-12T06:22:43.2967146Z Receiving objects:  71% (1244/1751)
2024-03-12T06:22:43.2978618Z Receiving objects:  72% (1261/1751)
2024-03-12T06:22:43.2981560Z Receiving objects:  73% (1279/1751)
2024-03-12T06:22:43.2986272Z Receiving objects:  74% (1296/1751)
2024-03-12T06:22:43.3115149Z Receiving objects:  75% (1314/1751)
2024-03-12T06:22:43.3242179Z Receiving objects:  76% (1331/1751)
2024-03-12T06:22:43.3334665Z Receiving objects:  77% (1349/1751)
2024-03-12T06:22:43.3491152Z Receiving objects:  78% (1366/1751)
2024-03-12T06:22:43.3622216Z Receiving objects:  79% (1384/1751)
2024-03-12T06:22:43.3792901Z Receiving objects:  80% (1401/1751)
2024-03-12T06:22:43.3797385Z Receiving objects:  81% (1419/1751)
2024-03-12T06:22:43.3800232Z Receiving objects:  82% (1436/1751)
2024-03-12T06:22:43.3803246Z Receiving objects:  83% (1454/1751)
2024-03-12T06:22:43.3807831Z Receiving objects:  84% (1471/1751)
2024-03-12T06:22:43.3811900Z Receiving objects:  85% (1489/1751)
2024-03-12T06:22:43.3818018Z Receiving objects:  86% (1506/1751)
2024-03-12T06:22:43.3825756Z Receiving objects:  87% (1524/1751)
2024-03-12T06:22:43.3830688Z Receiving objects:  88% (1541/1751)
2024-03-12T06:22:43.3835214Z Receiving objects:  89% (1559/1751)
2024-03-12T06:22:43.3841431Z Receiving objects:  90% (1576/1751)
2024-03-12T06:22:43.3847581Z Receiving objects:  91% (1594/1751)
2024-03-12T06:22:43.3852401Z Receiving objects:  92% (1611/1751)
2024-03-12T06:22:43.3857044Z Receiving objects:  93% (1629/1751)
2024-03-12T06:22:43.3861942Z Receiving objects:  94% (1646/1751)
2024-03-12T06:22:43.3865662Z Receiving objects:  95% (1664/1751)
2024-03-12T06:22:43.3868391Z Receiving objects:  96% (1681/1751)
2024-03-12T06:22:43.3877301Z Receiving objects:  97% (1699/1751)
2024-03-12T06:22:43.3885454Z Receiving objects:  98% (1716/1751)
2024-03-12T06:22:43.3900466Z Receiving objects:  99% (1734/1751)
2024-03-12T06:22:43.3901927Z remote: Total 1751 (delta 278), reused 1015 (delta 145), pack-reused 0        
2024-03-12T06:22:43.3909955Z Receiving objects: 100% (1751/1751)
2024-03-12T06:22:43.3910929Z Receiving objects: 100% (1751/1751), 6.60 MiB | 36.75 MiB/s, done.
2024-03-12T06:22:43.3917959Z Resolving deltas:   0% (0/278)
2024-03-12T06:22:43.3919532Z Resolving deltas:   1% (3/278)
2024-03-12T06:22:43.3921219Z Resolving deltas:   2% (6/278)
2024-03-12T06:22:43.3923468Z Resolving deltas:   3% (9/278)
2024-03-12T06:22:43.3924135Z Resolving deltas:   4% (12/278)
2024-03-12T06:22:43.3924939Z Resolving deltas:   5% (14/278)
2024-03-12T06:22:43.3925623Z Resolving deltas:   6% (18/278)
2024-03-12T06:22:43.3926267Z Resolving deltas:   7% (20/278)
2024-03-12T06:22:43.3927206Z Resolving deltas:   8% (23/278)
2024-03-12T06:22:43.3927855Z Resolving deltas:   9% (26/278)
2024-03-12T06:22:43.3929080Z Resolving deltas:  10% (28/278)
2024-03-12T06:22:43.3930363Z Resolving deltas:  11% (31/278)
2024-03-12T06:22:43.3942671Z Resolving deltas:  12% (34/278)
2024-03-12T06:22:43.3943459Z Resolving deltas:  13% (37/278)
2024-03-12T06:22:43.3945410Z Resolving deltas:  14% (39/278)
2024-03-12T06:22:43.3946762Z Resolving deltas:  15% (42/278)
2024-03-12T06:22:43.3948608Z Resolving deltas:  16% (45/278)
2024-03-12T06:22:43.3950070Z Resolving deltas:  17% (48/278)
2024-03-12T06:22:43.3951851Z Resolving deltas:  18% (51/278)
2024-03-12T06:22:43.3953154Z Resolving deltas:  19% (53/278)
2024-03-12T06:22:43.3954835Z Resolving deltas:  20% (56/278)
2024-03-12T06:22:43.3956815Z Resolving deltas:  21% (59/278)
2024-03-12T06:22:43.3957479Z Resolving deltas:  22% (62/278)
2024-03-12T06:22:43.3958234Z Resolving deltas:  23% (64/278)
2024-03-12T06:22:43.3958983Z Resolving deltas:  24% (67/278)
2024-03-12T06:22:43.3959602Z Resolving deltas:  25% (70/278)
2024-03-12T06:22:43.3960314Z Resolving deltas:  26% (73/278)
2024-03-12T06:22:43.3960727Z Resolving deltas:  27% (76/278)
2024-03-12T06:22:43.3961098Z Resolving deltas:  28% (78/278)
2024-03-12T06:22:43.3961579Z Resolving deltas:  29% (81/278)
2024-03-12T06:22:43.3962186Z Resolving deltas:  30% (84/278)
2024-03-12T06:22:43.3962785Z Resolving deltas:  31% (87/278)
2024-03-12T06:22:43.3963526Z Resolving deltas:  32% (89/278)
2024-03-12T06:22:43.3964207Z Resolving deltas:  33% (92/278)
2024-03-12T06:22:43.3964803Z Resolving deltas:  34% (95/278)
2024-03-12T06:22:43.3965552Z Resolving deltas:  35% (98/278)
2024-03-12T06:22:43.3966206Z Resolving deltas:  36% (101/278)
2024-03-12T06:22:43.3966806Z Resolving deltas:  37% (103/278)
2024-03-12T06:22:43.3967582Z Resolving deltas:  38% (106/278)
2024-03-12T06:22:43.3968298Z Resolving deltas:  39% (109/278)
2024-03-12T06:22:43.3971019Z Resolving deltas:  40% (112/278)
2024-03-12T06:22:43.3972121Z Resolving deltas:  41% (114/278)
2024-03-12T06:22:43.3972726Z Resolving deltas:  42% (117/278)
2024-03-12T06:22:43.3973605Z Resolving deltas:  43% (120/278)
2024-03-12T06:22:43.3975240Z Resolving deltas:  44% (123/278)
2024-03-12T06:22:43.3976257Z Resolving deltas:  45% (126/278)
2024-03-12T06:22:43.3977534Z Resolving deltas:  46% (128/278)
2024-03-12T06:22:43.3980385Z Resolving deltas:  47% (131/278)
2024-03-12T06:22:43.3981329Z Resolving deltas:  48% (134/278)
2024-03-12T06:22:43.3982185Z Resolving deltas:  49% (137/278)
2024-03-12T06:22:43.3983199Z Resolving deltas:  50% (139/278)
2024-03-12T06:22:43.3983873Z Resolving deltas:  51% (143/278)
2024-03-12T06:22:43.3984721Z Resolving deltas:  52% (145/278)
2024-03-12T06:22:43.3985466Z Resolving deltas:  53% (148/278)
2024-03-12T06:22:43.3986228Z Resolving deltas:  54% (151/278)
2024-03-12T06:22:43.3987088Z Resolving deltas:  55% (153/278)
2024-03-12T06:22:43.3988047Z Resolving deltas:  56% (156/278)
2024-03-12T06:22:43.3988756Z Resolving deltas:  57% (159/278)
2024-03-12T06:22:43.3989557Z Resolving deltas:  58% (162/278)
2024-03-12T06:22:43.3990212Z Resolving deltas:  59% (165/278)
2024-03-12T06:22:43.3990913Z Resolving deltas:  60% (167/278)
2024-03-12T06:22:43.3991715Z Resolving deltas:  61% (170/278)
2024-03-12T06:22:43.3992337Z Resolving deltas:  62% (173/278)
2024-03-12T06:22:43.3992963Z Resolving deltas:  63% (177/278)
2024-03-12T06:22:43.3993721Z Resolving deltas:  64% (178/278)
2024-03-12T06:22:43.3994350Z Resolving deltas:  65% (181/278)
2024-03-12T06:22:43.3995057Z Resolving deltas:  66% (184/278)
2024-03-12T06:22:43.3995792Z Resolving deltas:  67% (187/278)
2024-03-12T06:22:43.3996445Z Resolving deltas:  68% (190/278)
2024-03-12T06:22:43.3997105Z Resolving deltas:  69% (192/278)
2024-03-12T06:22:43.3997942Z Resolving deltas:  70% (195/278)
2024-03-12T06:22:43.3998557Z Resolving deltas:  71% (198/278)
2024-03-12T06:22:43.3999252Z Resolving deltas:  72% (201/278)
2024-03-12T06:22:43.4000172Z Resolving deltas:  73% (203/278)
2024-03-12T06:22:43.4000889Z Resolving deltas:  74% (207/278)
2024-03-12T06:22:43.4001558Z Resolving deltas:  75% (209/278)
2024-03-12T06:22:43.4002389Z Resolving deltas:  76% (212/278)
2024-03-12T06:22:43.4003108Z Resolving deltas:  77% (215/278)
2024-03-12T06:22:43.4003697Z Resolving deltas:  78% (217/278)
2024-03-12T06:22:43.4004566Z Resolving deltas:  79% (220/278)
2024-03-12T06:22:43.4005254Z Resolving deltas:  80% (223/278)
2024-03-12T06:22:43.4008889Z Resolving deltas:  81% (226/278)
2024-03-12T06:22:43.4009747Z Resolving deltas:  82% (228/278)
2024-03-12T06:22:43.4010428Z Resolving deltas:  83% (231/278)
2024-03-12T06:22:43.4012433Z Resolving deltas:  84% (234/278)
2024-03-12T06:22:43.4013181Z Resolving deltas:  85% (237/278)
2024-03-12T06:22:43.4019448Z Resolving deltas:  86% (240/278)
2024-03-12T06:22:43.4022197Z Resolving deltas:  87% (242/278)
2024-03-12T06:22:43.4022998Z Resolving deltas:  88% (245/278)
2024-03-12T06:22:43.4024256Z Resolving deltas:  89% (248/278)
2024-03-12T06:22:43.4027397Z Resolving deltas:  90% (251/278)
2024-03-12T06:22:43.4028510Z Resolving deltas:  91% (253/278)
2024-03-12T06:22:43.4034755Z Resolving deltas:  92% (256/278)
2024-03-12T06:22:43.4035627Z Resolving deltas:  93% (259/278)
2024-03-12T06:22:43.4036438Z Resolving deltas:  94% (262/278)
2024-03-12T06:22:43.4037312Z Resolving deltas:  95% (265/278)
2024-03-12T06:22:43.4038194Z Resolving deltas:  96% (267/278)
2024-03-12T06:22:43.4039144Z Resolving deltas:  97% (270/278)
2024-03-12T06:22:43.4042846Z Resolving deltas:  98% (273/278)
2024-03-12T06:22:43.4044255Z Resolving deltas:  99% (276/278)
2024-03-12T06:22:43.4045759Z Resolving deltas: 100% (278/278)
2024-03-12T06:22:43.4046466Z Resolving deltas: 100% (278/278), done.
2024-03-12T06:22:43.4204345Z From https://github.com/rubyforgood/human-essentials
2024-03-12T06:22:43.4205598Z  * [new ref]         3d999011c67596a7bc979e76b9e589714df0ceb2 -> pull/4182/merge
2024-03-12T06:22:43.4234478Z ##[endgroup]
2024-03-12T06:22:43.4235678Z ##[group]Determining the checkout info
2024-03-12T06:22:43.4236908Z ##[endgroup]
2024-03-12T06:22:43.4237954Z ##[group]Checking out the ref
2024-03-12T06:22:43.4242170Z [command]/usr/bin/git checkout --progress --force refs/remotes/pull/4182/merge
2024-03-12T06:22:43.5572293Z Note: switching to 'refs/remotes/pull/4182/merge'.
2024-03-12T06:22:43.5572790Z 
2024-03-12T06:22:43.5573294Z You are in 'detached HEAD' state. You can look around, make experimental
2024-03-12T06:22:43.5574257Z changes and commit them, and you can discard any commits you make in this
2024-03-12T06:22:43.5575248Z state without impacting any branches by switching back to a branch.
2024-03-12T06:22:43.5575784Z 
2024-03-12T06:22:43.5576182Z If you want to create a new branch to retain commits you create, you may
2024-03-12T06:22:43.5577085Z do so (now or later) by using -c with the switch command. Example:
2024-03-12T06:22:43.5577601Z 
2024-03-12T06:22:43.5577930Z   git switch -c <new-branch-name>
2024-03-12T06:22:43.5578555Z 
2024-03-12T06:22:43.5578778Z Or undo this operation with:
2024-03-12T06:22:43.5579073Z 
2024-03-12T06:22:43.5579569Z   git switch -
2024-03-12T06:22:43.5579888Z 
2024-03-12T06:22:43.5580393Z Turn off this advice by setting config variable advice.detachedHead to false
2024-03-12T06:22:43.5580982Z 
2024-03-12T06:22:43.5581981Z HEAD is now at 3d99901 Merge 0192ace31ce1ccf4e739a4a3febd7781af6ef039 into 449d8506f768bf1894e05c17983a13da27472321
2024-03-12T06:22:43.5583336Z ##[endgroup]
2024-03-12T06:22:43.5628636Z [command]/usr/bin/git log -1 --format='%H'
2024-03-12T06:22:43.5662222Z '3d999011c67596a7bc979e76b9e589714df0ceb2'
2024-03-12T06:22:43.5961248Z ##[group]Run ruby/setup-ruby@v1
2024-03-12T06:22:43.5961649Z with:
2024-03-12T06:22:43.5962078Z   bundler-cache: true
2024-03-12T06:22:43.5962462Z   ruby-version: default
2024-03-12T06:22:43.5962777Z ##[endgroup]
2024-03-12T06:22:43.8641920Z Using 3.2.2 as input from file .ruby-version
2024-03-12T06:22:43.8673306Z ##[group]Modifying PATH
2024-03-12T06:22:43.8674113Z Entries added to PATH to use selected Ruby:
2024-03-12T06:22:43.8674934Z   /opt/hostedtoolcache/Ruby/3.2.2/x64/bin
2024-03-12T06:22:43.8676281Z ##[endgroup]
2024-03-12T06:22:43.8696376Z ##[group]Downloading Ruby
2024-03-12T06:22:43.8699837Z https://github.com/ruby/ruby-builder/releases/download/toolcache/ruby-3.2.2-ubuntu-22.04.tar.gz
2024-03-12T06:22:44.2791866Z Took   0.41 seconds
2024-03-12T06:22:44.2793900Z ##[endgroup]
2024-03-12T06:22:44.2794923Z ##[group]Extracting  Ruby
2024-03-12T06:22:44.2823098Z [command]/usr/bin/tar -xz -C /opt/hostedtoolcache/Ruby/3.2.2 -f /home/runner/work/_temp/c039018a-4295-4b81-8001-798fec626bea
2024-03-12T06:22:44.6778149Z Took   0.40 seconds
2024-03-12T06:22:44.6779822Z ##[endgroup]
2024-03-12T06:22:44.6780895Z ##[group]Print Ruby version
2024-03-12T06:22:44.6792794Z [command]/opt/hostedtoolcache/Ruby/3.2.2/x64/bin/ruby --version
2024-03-12T06:22:44.7008410Z ruby 3.2.2 (2023-03-30 revision e51014f9c0) [x86_64-linux]
2024-03-12T06:22:44.7028575Z Took   0.02 seconds
2024-03-12T06:22:44.7029826Z ##[endgroup]
2024-03-12T06:22:44.7030931Z ##[group]Installing Bundler
2024-03-12T06:22:44.7037195Z Using Bundler 2.5.6 from Gemfile.lock BUNDLED WITH 2.5.6
2024-03-12T06:22:44.7042158Z [command]/opt/hostedtoolcache/Ruby/3.2.2/x64/bin/gem install bundler -v 2.5.6
2024-03-12T06:22:45.2176438Z Successfully installed bundler-2.5.6
2024-03-12T06:22:45.2177239Z 1 gem installed
2024-03-12T06:22:45.2229747Z Took   0.52 seconds
2024-03-12T06:22:45.2231833Z ##[endgroup]
2024-03-12T06:22:45.2232322Z > bundle install
2024-03-12T06:22:45.2249616Z [command]/opt/hostedtoolcache/Ruby/3.2.2/x64/bin/bundle config --local path /home/runner/work/human-essentials/human-essentials/vendor/bundle
2024-03-12T06:22:45.3731220Z [command]/opt/hostedtoolcache/Ruby/3.2.2/x64/bin/bundle config --local deployment true
2024-03-12T06:22:45.5198631Z Cache key: setup-ruby-bundler-cache-v6-ubuntu-22.04-x64-ruby-3.2.2-wd-/home/runner/work/human-essentials/human-essentials-with--without--only--Gemfile.lock-90af41cb540db2526d21e3c5cbbe531ed46bcf1ba5fdc3d9e3337dd916b92c56
2024-03-12T06:22:46.3679970Z Cache Size: ~205 MB (214817878 B)
2024-03-12T06:22:46.3712406Z [command]/usr/bin/tar -xf /home/runner/work/_temp/0a8b7499-8ac5-4434-9d38-f1c86744efdd/cache.tzst -P -C /home/runner/work/human-essentials/human-essentials --use-compress-program unzstd
2024-03-12T06:22:46.6525751Z Received 214817878 of 214817878 (100.0%), 204.7 MBs/sec
2024-03-12T06:22:48.0013692Z Cache restored successfully
2024-03-12T06:22:48.0435746Z Found cache for key: setup-ruby-bundler-cache-v6-ubuntu-22.04-x64-ruby-3.2.2-wd-/home/runner/work/human-essentials/human-essentials-with--without--only--Gemfile.lock-90af41cb540db2526d21e3c5cbbe531ed46bcf1ba5fdc3d9e3337dd916b92c56
2024-03-12T06:22:48.0453330Z [command]/opt/hostedtoolcache/Ruby/3.2.2/x64/bin/bundle install --jobs 4
2024-03-12T06:22:48.4943213Z Bundle complete! 85 Gemfile dependencies, 246 gems now installed.
2024-03-12T06:22:48.4944811Z Bundled gems are installed into `./vendor/bundle`
2024-03-12T06:22:48.4992209Z Took   3.28 seconds
2024-03-12T06:22:48.5184619Z ##[group]Run sudo apt-get -yqq install libpq-dev
2024-03-12T06:22:48.5185307Z [36;1msudo apt-get -yqq install libpq-dev[0m
2024-03-12T06:22:48.5250981Z shell: /usr/bin/bash -e {0}
2024-03-12T06:22:48.5251551Z ##[endgroup]
2024-03-12T06:22:49.7348069Z ##[group]Run bundle exec rake db:create
2024-03-12T06:22:49.7348556Z [36;1mbundle exec rake db:create[0m
2024-03-12T06:22:49.7349042Z [36;1mbundle exec rake db:schema:load[0m
2024-03-12T06:22:49.7349620Z [36;1mbundle exec rails assets:precompile[0m
2024-03-12T06:22:49.7400016Z shell: /usr/bin/bash -e {0}
2024-03-12T06:22:49.7400446Z env:
2024-03-12T06:22:49.7400862Z   POSTGRES_HOST: localhost
2024-03-12T06:22:49.7401220Z   DATABASE_HOST: localhost
2024-03-12T06:22:49.7401637Z   PG_USERNAME: postgres
2024-03-12T06:22:49.7402081Z   PG_PASSWORD: password
2024-03-12T06:22:49.7402474Z   POSTGRES_HOST_AUTH_METHOD: trust
2024-03-12T06:22:49.7402886Z   POSTGRES_PORT: 5432
2024-03-12T06:22:49.7403304Z   RAILS_ENV: test
2024-03-12T06:22:49.7403651Z ##[endgroup]
2024-03-12T06:22:56.3229821Z We could not find your database: diaper_test. Which can be found in the database configuration file located at config/database.yml.
2024-03-12T06:22:56.3231262Z 
2024-03-12T06:22:56.3231654Z To resolve this issue:
2024-03-12T06:22:56.3232030Z 
2024-03-12T06:22:56.3233002Z - Did you create the database for this app, or delete it? You may need to create your database.
2024-03-12T06:22:56.3234671Z - Has the database name changed? Check your database.yml config has the correct database name.
2024-03-12T06:22:56.3235563Z 
2024-03-12T06:22:56.3235783Z To create your database, run:
2024-03-12T06:22:56.3236229Z 
2024-03-12T06:22:56.3236428Z         bin/rails db:create
2024-03-12T06:22:56.3237427Z . You likely need to run `rails g flipper:active_record` and/or `rails db:migrate`.
2024-03-12T06:22:56.4865244Z Created database 'diaper_test'
2024-03-12T06:22:56.7869713Z Coverage report generated for RSpec to /home/runner/work/human-essentials/human-essentials/coverage. 440 / 10017 LOC (4.39%) covered.
2024-03-12T06:23:03.1820269Z PG::UndefinedTable: ERROR:  relation "flipper_gates" does not exist
2024-03-12T06:23:03.1821798Z LINE 9:  WHERE a.attrelid = '"flipper_gates"'::regclass
2024-03-12T06:23:03.1822561Z                             ^
2024-03-12T06:23:03.1823586Z . You likely need to run `rails g flipper:active_record` and/or `rails db:migrate`.
2024-03-12T06:23:04.0148654Z Coverage report generated for RSpec to /home/runner/work/human-essentials/human-essentials/coverage. 440 / 10017 LOC (4.39%) covered.
2024-03-12T06:23:37.8889351Z W, [2024-03-11T23:23:37.888478 #2294]  WARN -- : Removed sourceMappingURL comment for missing asset 'adminlte.js.map' from /home/runner/work/human-essentials/human-essentials/app/javascript/adminlte.js
2024-03-12T06:23:37.9507156Z I, [2024-03-11T23:23:37.950329 #2294]  INFO -- : Writing /home/runner/work/human-essentials/human-essentials/public/assets/manifest-90aab26ade71e747f745b1227b433fd7d580a54f279ee2be6e1a67bb326bf03a.js
2024-03-12T06:23:37.9511632Z I, [2024-03-11T23:23:37.950496 #2294]  INFO -- : Writing /home/runner/work/human-essentials/human-essentials/public/assets/manifest-90aab26ade71e747f745b1227b433fd7d580a54f279ee2be6e1a67bb326bf03a.js.gz
2024-03-12T06:23:37.9515916Z I, [2024-03-11T23:23:37.950827 #2294]  INFO -- : Writing /home/runner/work/human-essentials/human-essentials/public/assets/filterrific/filterrific-spinner-415824b210964b6cdb1db0bd9508be8644b9fde094b392f73055b20d369885b6.gif
2024-03-12T06:23:37.9520048Z I, [2024-03-11T23:23:37.951257 #2294]  INFO -- : Writing /home/runner/work/human-essentials/human-essentials/public/assets/bootstrap.min-67c48d88a8e0be178058aacb338b084191ed6d65c8fef751c50248202cf1488a.js
2024-03-12T06:23:37.9522931Z I, [2024-03-11T23:23:37.951658 #2294]  INFO -- : Writing /home/runner/work/human-essentials/human-essentials/public/assets/bootstrap.min-67c48d88a8e0be178058aacb338b084191ed6d65c8fef751c50248202cf1488a.js.gz
2024-03-12T06:23:37.9526267Z I, [2024-03-11T23:23:37.951929 #2294]  INFO -- : Writing /home/runner/work/human-essentials/human-essentials/public/assets/DiaperBase-Logo-f18172876cab49a451ca9c3178b578ab2019e03f111a6b6f3ba0c1b40b3d7c0c.png
2024-03-12T06:23:37.9530691Z I, [2024-03-11T23:23:37.952697 #2294]  INFO -- : Writing /home/runner/work/human-essentials/human-essentials/public/assets/Just-Diaper-05bf6a1b70ccad149eb4eca7b5f9fcca1f9c37bab1f8e5edb6798d66c903ba53.svg
2024-03-12T06:23:37.9534716Z I, [2024-03-11T23:23:37.952999 #2294]  INFO -- : Writing /home/runner/work/human-essentials/human-essentials/public/assets/Just-Diaper-05bf6a1b70ccad149eb4eca7b5f9fcca1f9c37bab1f8e5edb6798d66c903ba53.svg.gz
2024-03-12T06:23:37.9538575Z I, [2024-03-11T23:23:37.953132 #2294]  INFO -- : Writing /home/runner/work/human-essentials/human-essentials/public/assets/barcode-932aed25f5c148b36882be3bfb6696ecdd362ba0a709ff0674a10477f2aad8f3.svg
2024-03-12T06:23:37.9541774Z I, [2024-03-11T23:23:37.953269 #2294]  INFO -- : Writing /home/runner/work/human-essentials/human-essentials/public/assets/barcode-932aed25f5c148b36882be3bfb6696ecdd362ba0a709ff0674a10477f2aad8f3.svg.gz
2024-03-12T06:23:37.9543889Z I, [2024-03-11T23:23:37.953382 #2294]  INFO -- : Writing /home/runner/work/human-essentials/human-essentials/public/assets/bars-db7a0aaf1cd735270b170cba53dca71c75473940ab48639c609a72964eb92f4d.svg
2024-03-12T06:23:37.9545796Z I, [2024-03-11T23:23:37.953484 #2294]  INFO -- : Writing /home/runner/work/human-essentials/human-essentials/public/assets/bars-db7a0aaf1cd735270b170cba53dca71c75473940ab48639c609a72964eb92f4d.svg.gz
2024-03-12T06:23:37.9547717Z I, [2024-03-11T23:23:37.953696 #2294]  INFO -- : Writing /home/runner/work/human-essentials/human-essentials/public/assets/blue@2x-709ca6c252f762af1e5efb0ef1e7444a712cb0ec010fee01749b67a595a7c0c6.png
2024-03-12T06:23:37.9555645Z I, [2024-03-11T23:23:37.955311 #2294]  INFO -- : Writing /home/runner/work/human-essentials/human-essentials/public/assets/boxed-bg-6c60c3f8655fa4062631bbe1434face4fe3d70392159e976ec09ca6ad9330e7d.jpg
2024-03-12T06:23:37.9559669Z I, [2024-03-11T23:23:37.955510 #2294]  INFO -- : Writing /home/runner/work/human-essentials/human-essentials/public/assets/boxed-bg-eb7b1fa0c09f5ef599fc5138e33168827f2ec4e1f796cf8a78570d8a73a58190.png
2024-03-12T06:23:37.9563564Z I, [2024-03-11T23:23:37.955679 #2294]  INFO -- : Writing /home/runner/work/human-essentials/human-essentials/public/assets/dashboard-image-3db42e909886dffccb680715feccab83cc867b4581b0009558e746364e2ec332.svg
2024-03-12T06:23:37.9567485Z I, [2024-03-11T23:23:37.955796 #2294]  INFO -- : Writing /home/runner/work/human-essentials/human-essentials/public/assets/dashboard-image-3db42e909886dffccb680715feccab83cc867b4581b0009558e746364e2ec332.svg.gz
2024-03-12T06:23:37.9571273Z I, [2024-03-11T23:23:37.956004 #2294]  INFO -- : Writing /home/runner/work/human-essentials/human-essentials/public/assets/forecasting-32dffccc42e6c09203d36acbc2243b4bc746dc2f1198c1ff43def4bb48e335b2.svg
2024-03-12T06:23:37.9580176Z I, [2024-03-11T23:23:37.957703 #2294]  INFO -- : Writing /home/runner/work/human-essentials/human-essentials/public/assets/forecasting-32dffccc42e6c09203d36acbc2243b4bc746dc2f1198c1ff43def4bb48e335b2.svg.gz
2024-03-12T06:23:37.9583786Z I, [2024-03-11T23:23:37.958067 #2294]  INFO -- : Writing /home/runner/work/human-essentials/human-essentials/public/assets/hero-image-0ba273def6de748beb2a64206e115d8e4a109ad51ef255512f4c6522e5b9225b.svg
2024-03-12T06:23:37.9587108Z I, [2024-03-11T23:23:37.958498 #2294]  INFO -- : Writing /home/runner/work/human-essentials/human-essentials/public/assets/hero-image-0ba273def6de748beb2a64206e115d8e4a109ad51ef255512f4c6522e5b9225b.svg.gz
2024-03-12T06:23:37.9599988Z I, [2024-03-11T23:23:37.959759 #2294]  INFO -- : Writing /home/runner/work/human-essentials/human-essentials/public/assets/inventory-image-3d91fc8087e13632114d9d129a680b992e02aae297b2bf180089cd55792249b2.svg
2024-03-12T06:23:37.9603400Z I, [2024-03-11T23:23:37.959899 #2294]  INFO -- : Writing /home/runner/work/human-essentials/human-essentials/public/assets/inventory-image-3d91fc8087e13632114d9d129a680b992e02aae297b2bf180089cd55792249b2.svg.gz
2024-03-12T06:23:37.9607520Z I, [2024-03-11T23:23:37.960045 #2294]  INFO -- : Writing /home/runner/work/human-essentials/human-essentials/public/assets/partner-management-c2cd4a940d1cf59f66928bc5097b4d4528b6de95abcc66421edf341c59311d40.svg
2024-03-12T06:23:37.9611068Z I, [2024-03-11T23:23:37.960196 #2294]  INFO -- : Writing /home/runner/work/human-essentials/human-essentials/public/assets/partner-management-c2cd4a940d1cf59f66928bc5097b4d4528b6de95abcc66421edf341c59311d40.svg.gz
2024-03-12T06:23:37.9614386Z I, [2024-03-11T23:23:37.960316 #2294]  INFO -- : Writing /home/runner/work/human-essentials/human-essentials/public/assets/quote-e4395f28913ad7b7785c522f0b6f2363a960720cf3bc26705438f6efb55edb7d.svg
2024-03-12T06:23:37.9617566Z I, [2024-03-11T23:23:37.960432 #2294]  INFO -- : Writing /home/runner/work/human-essentials/human-essentials/public/assets/quote-e4395f28913ad7b7785c522f0b6f2363a960720cf3bc26705438f6efb55edb7d.svg.gz
2024-03-12T06:23:37.9621117Z I, [2024-03-11T23:23:37.960547 #2294]  INFO -- : Writing /home/runner/work/human-essentials/human-essentials/public/assets/report-image-a9fc71739eca5457d288f1c234a0d84237ba8eef8bd20a9935bd45d84d03ae6b.svg
2024-03-12T06:23:37.9664597Z I, [2024-03-11T23:23:37.962777 #2294]  INFO -- : Writing /home/runner/work/human-essentials/human-essentials/public/assets/report-image-a9fc71739eca5457d288f1c234a0d84237ba8eef8bd20a9935bd45d84d03ae6b.svg.gz
2024-03-12T06:23:37.9670935Z I, [2024-03-11T23:23:37.962988 #2294]  INFO -- : Writing /home/runner/work/human-essentials/human-essentials/public/assets/test-only-background-c4843e992a593298a8c43815c8950b766061a96fd7d3e92838354914c41d7243.jpg
2024-03-12T06:23:37.9676733Z I, [2024-03-11T23:23:37.963131 #2294]  INFO -- : Writing /home/runner/work/human-essentials/human-essentials/public/assets/AdminLTE-9d75f9bf2ec81bc0a0de450227ed6268dad2cd66401439503c18d3241dfb241d.css
2024-03-12T06:23:37.9682019Z I, [2024-03-11T23:23:37.963200 #2294]  INFO -- : Writing /home/runner/work/human-essentials/human-essentials/public/assets/AdminLTE-9d75f9bf2ec81bc0a0de450227ed6268dad2cd66401439503c18d3241dfb241d.css.gz
2024-03-12T06:23:37.9688083Z I, [2024-03-11T23:23:37.963292 #2294]  INFO -- : Writing /home/runner/work/human-essentials/human-essentials/public/assets/_colors-04024382391bb910584145d8113cf35ef376b55d125bb4516cebeb14ce788597.css
2024-03-12T06:23:37.9756188Z I, [2024-03-11T23:23:37.963359 #2294]  INFO -- : Writing /home/runner/work/human-essentials/human-essentials/public/assets/_colors-04024382391bb910584145d8113cf35ef376b55d125bb4516cebeb14ce788597.css.gz
2024-03-12T06:23:37.9759915Z I, [2024-03-11T23:23:37.963447 #2294]  INFO -- : Writing /home/runner/work/human-essentials/human-essentials/public/assets/application-c21613708cb0f40361dc08d066cb68c559e4b3982f802956f4439959cad9af23.css
2024-03-12T06:23:37.9763518Z I, [2024-03-11T23:23:37.963514 #2294]  INFO -- : Writing /home/runner/work/human-essentials/human-essentials/public/assets/application-c21613708cb0f40361dc08d066cb68c559e4b3982f802956f4439959cad9af23.css.gz
2024-03-12T06:23:37.9767287Z I, [2024-03-11T23:23:37.963598 #2294]  INFO -- : Writing /home/runner/work/human-essentials/human-essentials/public/assets/test-only-background-c4843e992a593298a8c43815c8950b766061a96fd7d3e92838354914c41d7243.jpg
2024-03-12T06:23:37.9770909Z I, [2024-03-11T23:23:37.963730 #2294]  INFO -- : Writing /home/runner/work/human-essentials/human-essentials/public/assets/audits-83372b845d8a4887e7e4d2315cf3c85ea60ef94ca0ec4774dfbcd3cf569c616c.css
2024-03-12T06:23:37.9774648Z I, [2024-03-11T23:23:37.963799 #2294]  INFO -- : Writing /home/runner/work/human-essentials/human-essentials/public/assets/audits-83372b845d8a4887e7e4d2315cf3c85ea60ef94ca0ec4774dfbcd3cf569c616c.css.gz
2024-03-12T06:23:37.9797447Z I, [2024-03-11T23:23:37.963888 #2294]  INFO -- : Writing /home/runner/work/human-essentials/human-essentials/public/assets/barcode_reader-3799c29218802c1dbba4c700f3863ec24505a9e3e7b54d36282fff667d7c94ca.css
2024-03-12T06:23:37.9801749Z I, [2024-03-11T23:23:37.963954 #2294]  INFO -- : Writing /home/runner/work/human-essentials/human-essentials/public/assets/barcode_reader-3799c29218802c1dbba4c700f3863ec24505a9e3e7b54d36282fff667d7c94ca.css.gz
2024-03-12T06:23:37.9805760Z I, [2024-03-11T23:23:37.964041 #2294]  INFO -- : Writing /home/runner/work/human-essentials/human-essentials/public/assets/custom-4ac26623bf6f4d95aa1164e1ad4d6cbb2bb8dda4af8e4a2f1b4368bc92491085.css
2024-03-12T06:23:37.9809486Z I, [2024-03-11T23:23:37.964107 #2294]  INFO -- : Writing /home/runner/work/human-essentials/human-essentials/public/assets/custom-4ac26623bf6f4d95aa1164e1ad4d6cbb2bb8dda4af8e4a2f1b4368bc92491085.css.gz
2024-03-12T06:23:37.9813447Z I, [2024-03-11T23:23:37.964189 #2294]  INFO -- : Writing /home/runner/work/human-essentials/human-essentials/public/assets/test-only-background-c4843e992a593298a8c43815c8950b766061a96fd7d3e92838354914c41d7243.jpg
2024-03-12T06:23:37.9817337Z I, [2024-03-11T23:23:37.964321 #2294]  INFO -- : Writing /home/runner/work/human-essentials/human-essentials/public/assets/expandable_table-cca1600cf25c44c6bea2733167509ffe9133f344e9defe984ad96bd427b29a19.css
2024-03-12T06:23:37.9821148Z I, [2024-03-11T23:23:37.964386 #2294]  INFO -- : Writing /home/runner/work/human-essentials/human-essentials/public/assets/expandable_table-cca1600cf25c44c6bea2733167509ffe9133f344e9defe984ad96bd427b29a19.css.gz
2024-03-12T06:23:37.9823415Z I, [2024-03-11T23:23:37.964475 #2294]  INFO -- : Writing /home/runner/work/human-essentials/human-essentials/public/assets/landing_page-4fe5dfcfea8b5bbd7722658652ff4ee86132a41b8aff92e9ef8b1216cb7259fa.css
2024-03-12T06:23:37.9825426Z I, [2024-03-11T23:23:37.964541 #2294]  INFO -- : Writing /home/runner/work/human-essentials/human-essentials/public/assets/landing_page-4fe5dfcfea8b5bbd7722658652ff4ee86132a41b8aff92e9ef8b1216cb7259fa.css.gz
2024-03-12T06:23:37.9827502Z I, [2024-03-11T23:23:37.964631 #2294]  INFO -- : Writing /home/runner/work/human-essentials/human-essentials/public/assets/modal-dialog-9d7ae8bb43b60ac4c7d9910700392b20618ae2db4d5db33453b157171d5e0f7d.css
2024-03-12T06:23:37.9829547Z I, [2024-03-11T23:23:37.964698 #2294]  INFO -- : Writing /home/runner/work/human-essentials/human-essentials/public/assets/modal-dialog-9d7ae8bb43b60ac4c7d9910700392b20618ae2db4d5db33453b157171d5e0f7d.css.gz
2024-03-12T06:23:37.9831542Z I, [2024-03-11T23:23:37.964786 #2294]  INFO -- : Writing /home/runner/work/human-essentials/human-essentials/public/assets/progress_stepper-7f8ef0dc05a9a00a300e56f6f3e4ccfdde4af8e392407ccc6601d60019067ccb.css
2024-03-12T06:23:37.9833647Z I, [2024-03-11T23:23:37.964851 #2294]  INFO -- : Writing /home/runner/work/human-essentials/human-essentials/public/assets/progress_stepper-7f8ef0dc05a9a00a300e56f6f3e4ccfdde4af8e392407ccc6601d60019067ccb.css.gz
2024-03-12T06:23:37.9835698Z I, [2024-03-11T23:23:37.964937 #2294]  INFO -- : Writing /home/runner/work/human-essentials/human-essentials/public/assets/transfers-c9ab43ff53dab5dc13681712afc9b6fb31d7865d5ac8c657220deff9f138fa8c.css
2024-03-12T06:23:37.9837712Z I, [2024-03-11T23:23:37.965000 #2294]  INFO -- : Writing /home/runner/work/human-essentials/human-essentials/public/assets/transfers-c9ab43ff53dab5dc13681712afc9b6fb31d7865d5ac8c657220deff9f138fa8c.css.gz
2024-03-12T06:23:37.9839767Z I, [2024-03-11T23:23:37.965086 #2294]  INFO -- : Writing /home/runner/work/human-essentials/human-essentials/public/assets/adminlte-886a0b559685ec92cd8dd4dbf957899292f9c0bd344c90c304d28973363a8eaf.js
2024-03-12T06:23:37.9841703Z I, [2024-03-11T23:23:37.965150 #2294]  INFO -- : Writing /home/runner/work/human-essentials/human-essentials/public/assets/adminlte-886a0b559685ec92cd8dd4dbf957899292f9c0bd344c90c304d28973363a8eaf.js.gz
2024-03-12T06:23:37.9843677Z I, [2024-03-11T23:23:37.965237 #2294]  INFO -- : Writing /home/runner/work/human-essentials/human-essentials/public/assets/application-f9d5a0970e6dc2d1d44ca8dfd6129e9fed2dccf1b460a6bba6eab9dd7aa61c92.js
2024-03-12T06:23:37.9845763Z I, [2024-03-11T23:23:37.965300 #2294]  INFO -- : Writing /home/runner/work/human-essentials/human-essentials/public/assets/application-f9d5a0970e6dc2d1d44ca8dfd6129e9fed2dccf1b460a6bba6eab9dd7aa61c92.js.gz
2024-03-12T06:23:37.9848180Z I, [2024-03-11T23:23:37.965388 #2294]  INFO -- : Writing /home/runner/work/human-essentials/human-essentials/public/assets/cocoon-js-vanilla-cc8e46e9b16a6217f3c14c60ca346454c9c01d8d41e5c073ae14f85fac052e96.js
2024-03-12T06:23:37.9850372Z I, [2024-03-11T23:23:37.965453 #2294]  INFO -- : Writing /home/runner/work/human-essentials/human-essentials/public/assets/cocoon-js-vanilla-cc8e46e9b16a6217f3c14c60ca346454c9c01d8d41e5c073ae14f85fac052e96.js.gz
2024-03-12T06:23:37.9852496Z I, [2024-03-11T23:23:37.965544 #2294]  INFO -- : Writing /home/runner/work/human-essentials/human-essentials/public/assets/controllers/application-368d98631bccbf2349e0d4f8269afb3fe9625118341966de054759d96ea86c7e.js
2024-03-12T06:23:37.9854631Z I, [2024-03-11T23:23:37.965604 #2294]  INFO -- : Writing /home/runner/work/human-essentials/human-essentials/public/assets/controllers/application-368d98631bccbf2349e0d4f8269afb3fe9625118341966de054759d96ea86c7e.js.gz
2024-03-12T06:23:37.9856940Z I, [2024-03-11T23:23:37.965692 #2294]  INFO -- : Writing /home/runner/work/human-essentials/human-essentials/public/assets/controllers/area_served_controller-c8c048ef9ee2d145ba8408cda63546aff8ce9170e9cafb34075ebb01b43c6c34.js
2024-03-12T06:23:37.9859489Z I, [2024-03-11T23:23:37.965752 #2294]  INFO -- : Writing /home/runner/work/human-essentials/human-essentials/public/assets/controllers/area_served_controller-c8c048ef9ee2d145ba8408cda63546aff8ce9170e9cafb34075ebb01b43c6c34.js.gz
2024-03-12T06:23:37.9863689Z I, [2024-03-11T23:23:37.965835 #2294]  INFO -- : Writing /home/runner/work/human-essentials/human-essentials/public/assets/controllers/checkbox_with_nested_element_controller-1645dd2a3a857d546354c90b0c415a9d1dd4de6974048fd41bfc1d6f45ccb3eb.js
2024-03-12T06:23:37.9867861Z I, [2024-03-11T23:23:37.965893 #2294]  INFO -- : Writing /home/runner/work/human-essentials/human-essentials/public/assets/controllers/checkbox_with_nested_element_controller-1645dd2a3a857d546354c90b0c415a9d1dd4de6974048fd41bfc1d6f45ccb3eb.js.gz
2024-03-12T06:23:37.9871726Z I, [2024-03-11T23:23:37.966195 #2294]  INFO -- : Writing /home/runner/work/human-essentials/human-essentials/public/assets/controllers/distribution_delivery_controller-89fc613f734c2b1538c1e9948abeb353ea73d22678fc08597d48fa36a70c5c51.js
2024-03-12T06:23:37.9875471Z I, [2024-03-11T23:23:37.966274 #2294]  INFO -- : Writing /home/runner/work/human-essentials/human-essentials/public/assets/controllers/distribution_delivery_controller-89fc613f734c2b1538c1e9948abeb353ea73d22678fc08597d48fa36a70c5c51.js.gz
2024-03-12T06:23:37.9879657Z I, [2024-03-11T23:23:37.966362 #2294]  INFO -- : Writing /home/runner/work/human-essentials/human-essentials/public/assets/controllers/double_select_controller-bb2e4a65f2c66cacc8ec4dd491c2233b0aac53187ebe1fbaaffedfbaf7db9099.js
2024-03-12T06:23:37.9883781Z I, [2024-03-11T23:23:37.966421 #2294]  INFO -- : Writing /home/runner/work/human-essentials/human-essentials/public/assets/controllers/double_select_controller-bb2e4a65f2c66cacc8ec4dd491c2233b0aac53187ebe1fbaaffedfbaf7db9099.js.gz
2024-03-12T06:23:37.9887738Z I, [2024-03-11T23:23:37.966503 #2294]  INFO -- : Writing /home/runner/work/human-essentials/human-essentials/public/assets/controllers/form_input_controller-819e60f823e07d8e341eac22e8a9270dc17b38010bec499e644e7e2807174b4f.js
2024-03-12T06:23:37.9891347Z I, [2024-03-11T23:23:37.966634 #2294]  INFO -- : Writing /home/runner/work/human-essentials/human-essentials/public/assets/controllers/form_input_controller-819e60f823e07d8e341eac22e8a9270dc17b38010bec499e644e7e2807174b4f.js.gz
2024-03-12T06:23:37.9894834Z I, [2024-03-11T23:23:37.966718 #2294]  INFO -- : Writing /home/runner/work/human-essentials/human-essentials/public/assets/controllers/highchart_controller-7640167d6e3481659a5ead23f046e3c6852c08e30ce8aa6f09aa5cce0f7ea02d.js
2024-03-12T06:23:37.9898614Z I, [2024-03-11T23:23:37.966774 #2294]  INFO -- : Writing /home/runner/work/human-essentials/human-essentials/public/assets/controllers/highchart_controller-7640167d6e3481659a5ead23f046e3c6852c08e30ce8aa6f09aa5cce0f7ea02d.js.gz
2024-03-12T06:23:37.9902888Z I, [2024-03-11T23:23:37.966855 #2294]  INFO -- : Writing /home/runner/work/human-essentials/human-essentials/public/assets/controllers/index-2db729dddcc5b979110e98de4b6720f83f91a123172e87281d5a58410fc43806.js
2024-03-12T06:23:37.9906394Z I, [2024-03-11T23:23:37.966913 #2294]  INFO -- : Writing /home/runner/work/human-essentials/human-essentials/public/assets/controllers/index-2db729dddcc5b979110e98de4b6720f83f91a123172e87281d5a58410fc43806.js.gz
2024-03-12T06:23:37.9909953Z I, [2024-03-11T23:23:37.966993 #2294]  INFO -- : Writing /home/runner/work/human-essentials/human-essentials/public/assets/controllers/select2_controller-13c15fa4f8996b06b43552325b12e3a14e158db06264b83cfff2e521a16fceeb.js
2024-03-12T06:23:37.9913501Z I, [2024-03-11T23:23:37.967051 #2294]  INFO -- : Writing /home/runner/work/human-essentials/human-essentials/public/assets/controllers/select2_controller-13c15fa4f8996b06b43552325b12e3a14e158db06264b83cfff2e521a16fceeb.js.gz
2024-03-12T06:23:37.9917319Z I, [2024-03-11T23:23:37.967131 #2294]  INFO -- : Writing /home/runner/work/human-essentials/human-essentials/public/assets/controllers/served_area_controller-37738489813fc06349f3fb1bc7abc5d5493318ce553f1bebbfa1f8fe06ebfb4a.js
2024-03-12T06:23:37.9921473Z I, [2024-03-11T23:23:37.967188 #2294]  INFO -- : Writing /home/runner/work/human-essentials/human-essentials/public/assets/controllers/served_area_controller-37738489813fc06349f3fb1bc7abc5d5493318ce553f1bebbfa1f8fe06ebfb4a.js.gz
2024-03-12T06:23:37.9925580Z I, [2024-03-11T23:23:37.967268 #2294]  INFO -- : Writing /home/runner/work/human-essentials/human-essentials/public/assets/controllers/turbo_controller-7ee3a9437b4fb003ac4ea4ca0f3425fd197ce4538a1eeb606e5e5447aa948b54.js
2024-03-12T06:23:37.9929358Z I, [2024-03-11T23:23:37.967326 #2294]  INFO -- : Writing /home/runner/work/human-essentials/human-essentials/public/assets/controllers/turbo_controller-7ee3a9437b4fb003ac4ea4ca0f3425fd197ce4538a1eeb606e5e5447aa948b54.js.gz
2024-03-12T06:23:37.9932793Z I, [2024-03-11T23:23:37.967412 #2294]  INFO -- : Writing /home/runner/work/human-essentials/human-essentials/public/assets/startup-bf111fcbf368bc988dfcb050d057ec73e21f190d7921e15689dd5ebf674e6d00.js
2024-03-12T06:23:37.9936010Z I, [2024-03-11T23:23:37.967477 #2294]  INFO -- : Writing /home/runner/work/human-essentials/human-essentials/public/assets/startup-bf111fcbf368bc988dfcb050d057ec73e21f190d7921e15689dd5ebf674e6d00.js.gz
2024-03-12T06:23:37.9939648Z I, [2024-03-11T23:23:37.967562 #2294]  INFO -- : Writing /home/runner/work/human-essentials/human-essentials/public/assets/utils/barcode_items-ee1050c4d1ade4569ef6cfc83d5f4792f67daabaca0ae24f75455737fea0a72b.js
2024-03-12T06:23:37.9943075Z I, [2024-03-11T23:23:37.967622 #2294]  INFO -- : Writing /home/runner/work/human-essentials/human-essentials/public/assets/utils/barcode_items-ee1050c4d1ade4569ef6cfc83d5f4792f67daabaca0ae24f75455737fea0a72b.js.gz
2024-03-12T06:23:37.9946570Z I, [2024-03-11T23:23:37.967704 #2294]  INFO -- : Writing /home/runner/work/human-essentials/human-essentials/public/assets/utils/barcode_scan-757b66b6921154f49e7cc4c5dc2f146f91f1648beffaa8ef106d94585a273ba9.js
2024-03-12T06:23:37.9949910Z I, [2024-03-11T23:23:37.967761 #2294]  INFO -- : Writing /home/runner/work/human-essentials/human-essentials/public/assets/utils/barcode_scan-757b66b6921154f49e7cc4c5dc2f146f91f1648beffaa8ef106d94585a273ba9.js.gz
2024-03-12T06:23:37.9953391Z I, [2024-03-11T23:23:37.967839 #2294]  INFO -- : Writing /home/runner/work/human-essentials/human-essentials/public/assets/utils/deadline_day_pickers-b0b264db9e3c8107c161cc4571e71cf901bcc511175271d218a553c4e1889065.js
2024-03-12T06:23:37.9957295Z I, [2024-03-11T23:23:37.967896 #2294]  INFO -- : Writing /home/runner/work/human-essentials/human-essentials/public/assets/utils/deadline_day_pickers-b0b264db9e3c8107c161cc4571e71cf901bcc511175271d218a553c4e1889065.js.gz
2024-03-12T06:23:37.9961059Z I, [2024-03-11T23:23:37.967976 #2294]  INFO -- : Writing /home/runner/work/human-essentials/human-essentials/public/assets/utils/distributions_and_transfers-2785b49ef8e3c4d789b784c88bb5a028082aa63d1413d4b098ec655d2ef1d0c8.js
2024-03-12T06:23:37.9965443Z I, [2024-03-11T23:23:37.968032 #2294]  INFO -- : Writing /home/runner/work/human-essentials/human-essentials/public/assets/utils/distributions_and_transfers-2785b49ef8e3c4d789b784c88bb5a028082aa63d1413d4b098ec655d2ef1d0c8.js.gz
2024-03-12T06:23:37.9969308Z I, [2024-03-11T23:23:37.968110 #2294]  INFO -- : Writing /home/runner/work/human-essentials/human-essentials/public/assets/utils/donations-52bb2dc0f7ab270edc77a56de1cceb789028a2ec75670a95abf143e388c223e7.js
2024-03-12T06:23:37.9972433Z I, [2024-03-11T23:23:37.968166 #2294]  INFO -- : Writing /home/runner/work/human-essentials/human-essentials/public/assets/utils/donations-52bb2dc0f7ab270edc77a56de1cceb789028a2ec75670a95abf143e388c223e7.js.gz
2024-03-12T06:23:37.9974612Z I, [2024-03-11T23:23:37.968244 #2294]  INFO -- : Writing /home/runner/work/human-essentials/human-essentials/public/assets/utils/purchases-5c814ba098feaa8a7b4abff24267c1da909f3e52e12c97660f8a0b8c1ff4aea1.js
2024-03-12T06:23:37.9977369Z I, [2024-03-11T23:23:37.968312 #2294]  INFO -- : Writing /home/runner/work/human-essentials/human-essentials/public/assets/utils/purchases-5c814ba098feaa8a7b4abff24267c1da909f3e52e12c97660f8a0b8c1ff4aea1.js.gz
2024-03-12T06:23:37.9981238Z I, [2024-03-11T23:23:37.968396 #2294]  INFO -- : Writing /home/runner/work/human-essentials/human-essentials/public/assets/filterrific-f3a290db250e05344fd62c216b903689f73eff5e270ef021e425551006092e08.js
2024-03-12T06:23:37.9984878Z I, [2024-03-11T23:23:37.968459 #2294]  INFO -- : Writing /home/runner/work/human-essentials/human-essentials/public/assets/filterrific-f3a290db250e05344fd62c216b903689f73eff5e270ef021e425551006092e08.js.gz
2024-03-12T06:23:37.9988272Z I, [2024-03-11T23:23:37.968547 #2294]  INFO -- : Writing /home/runner/work/human-essentials/human-essentials/public/assets/stimulusloading-1fc59770fb1654500044afd3f5f6d7d00800e5be36746d55b94a2963a7a228aa.js
2024-03-12T06:23:37.9991643Z I, [2024-03-11T23:23:37.968614 #2294]  INFO -- : Writing /home/runner/work/human-essentials/human-essentials/public/assets/stimulusloading-1fc59770fb1654500044afd3f5f6d7d00800e5be36746d55b94a2963a7a228aa.js.gz
2024-03-12T06:23:37.9994930Z I, [2024-03-11T23:23:37.968699 #2294]  INFO -- : Writing /home/runner/work/human-essentials/human-essentials/public/assets/turbo-4851a9a0b1d947e810dfd0448a72aef261d455183ebea681f4f28a73640a9ece.js
2024-03-12T06:23:37.9998131Z I, [2024-03-11T23:23:37.968763 #2294]  INFO -- : Writing /home/runner/work/human-essentials/human-essentials/public/assets/turbo-4851a9a0b1d947e810dfd0448a72aef261d455183ebea681f4f28a73640a9ece.js.gz
2024-03-12T06:23:38.0001407Z I, [2024-03-11T23:23:37.968849 #2294]  INFO -- : Writing /home/runner/work/human-essentials/human-essentials/public/assets/turbo.min-f309baafa3ae5ad6ccee3e7362118b87678d792db8e8ab466c4fa284dd3a4700.js
2024-03-12T06:23:38.0004699Z I, [2024-03-11T23:23:37.968913 #2294]  INFO -- : Writing /home/runner/work/human-essentials/human-essentials/public/assets/turbo.min-f309baafa3ae5ad6ccee3e7362118b87678d792db8e8ab466c4fa284dd3a4700.js.gz
2024-03-12T06:23:38.0008078Z I, [2024-03-11T23:23:37.969002 #2294]  INFO -- : Writing /home/runner/work/human-essentials/human-essentials/public/assets/turbo.min.js-8bc8f4a58d1c106d58dec8bef6c638ff12ff4d078f19d8ebd8c4277f4c9bc85a.map
2024-03-12T06:23:38.0011454Z I, [2024-03-11T23:23:37.969068 #2294]  INFO -- : Writing /home/runner/work/human-essentials/human-essentials/public/assets/turbo.min.js-8bc8f4a58d1c106d58dec8bef6c638ff12ff4d078f19d8ebd8c4277f4c9bc85a.map.gz
2024-03-12T06:23:38.0014800Z I, [2024-03-11T23:23:37.969159 #2294]  INFO -- : Writing /home/runner/work/human-essentials/human-essentials/public/assets/stimulus-loading-3576ce92b149ad5d6959438c6f291e2426c86df3b874c525b30faad51b0d96b3.js
2024-03-12T06:23:38.0018265Z I, [2024-03-11T23:23:37.969221 #2294]  INFO -- : Writing /home/runner/work/human-essentials/human-essentials/public/assets/stimulus-loading-3576ce92b149ad5d6959438c6f291e2426c86df3b874c525b30faad51b0d96b3.js.gz
2024-03-12T06:23:38.0022318Z I, [2024-03-11T23:23:37.969372 #2294]  INFO -- : Writing /home/runner/work/human-essentials/human-essentials/public/assets/popper-003a40d80fd205e1fa00da117d5bdc19720ba330706eaa17f9ba9513fa502304.js
2024-03-12T06:23:38.0025465Z I, [2024-03-11T23:23:37.969439 #2294]  INFO -- : Writing /home/runner/work/human-essentials/human-essentials/public/assets/popper-003a40d80fd205e1fa00da117d5bdc19720ba330706eaa17f9ba9513fa502304.js.gz
2024-03-12T06:23:38.0028819Z I, [2024-03-11T23:23:37.969525 #2294]  INFO -- : Writing /home/runner/work/human-essentials/human-essentials/public/assets/actiontext-28c61f5197c204db043317a8f8826a87ab31495b741f854d307ca36122deefce.js
2024-03-12T06:23:38.0032120Z I, [2024-03-11T23:23:37.969588 #2294]  INFO -- : Writing /home/runner/work/human-essentials/human-essentials/public/assets/actiontext-28c61f5197c204db043317a8f8826a87ab31495b741f854d307ca36122deefce.js.gz
2024-03-12T06:23:38.0035352Z I, [2024-03-11T23:23:37.969674 #2294]  INFO -- : Writing /home/runner/work/human-essentials/human-essentials/public/assets/trix-1563ff9c10f74e143b3ded40a8458497eaf2f87a648a5cbbfebdb7dec3447a5e.js
2024-03-12T06:23:38.0038646Z I, [2024-03-11T23:23:37.969781 #2294]  INFO -- : Writing /home/runner/work/human-essentials/human-essentials/public/assets/trix-1563ff9c10f74e143b3ded40a8458497eaf2f87a648a5cbbfebdb7dec3447a5e.js.gz
2024-03-12T06:23:38.0041881Z I, [2024-03-11T23:23:37.977351 #2294]  INFO -- : Writing /home/runner/work/human-essentials/human-essentials/public/assets/trix-b0398dade8e5ac249fe98f2e850f45adbcdfecd8a11c46b3eb67bdedb87b1b04.css
2024-03-12T06:23:38.0044968Z I, [2024-03-11T23:23:37.977452 #2294]  INFO -- : Writing /home/runner/work/human-essentials/human-essentials/public/assets/trix-b0398dade8e5ac249fe98f2e850f45adbcdfecd8a11c46b3eb67bdedb87b1b04.css.gz
2024-03-12T06:23:38.0048138Z I, [2024-03-11T23:23:37.977586 #2294]  INFO -- : Writing /home/runner/work/human-essentials/human-essentials/public/assets/stimulus-f75215805563870a61ee9dc5a207ce46d4675c7e667558a54344fd1e7baa697f.js
2024-03-12T06:23:38.0051405Z I, [2024-03-11T23:23:37.977678 #2294]  INFO -- : Writing /home/runner/work/human-essentials/human-essentials/public/assets/stimulus-f75215805563870a61ee9dc5a207ce46d4675c7e667558a54344fd1e7baa697f.js.gz
2024-03-12T06:23:38.0054693Z I, [2024-03-11T23:23:37.978080 #2294]  INFO -- : Writing /home/runner/work/human-essentials/human-essentials/public/assets/stimulus-autoloader-c584942b568ba74879da31c7c3d51366737bacaf6fbae659383c0a5653685693.js
2024-03-12T06:23:38.0058287Z I, [2024-03-11T23:23:37.978678 #2294]  INFO -- : Writing /home/runner/work/human-essentials/human-essentials/public/assets/stimulus-autoloader-c584942b568ba74879da31c7c3d51366737bacaf6fbae659383c0a5653685693.js.gz
2024-03-12T06:23:38.0062082Z I, [2024-03-11T23:23:37.979300 #2294]  INFO -- : Writing /home/runner/work/human-essentials/human-essentials/public/assets/stimulus-importmap-autoloader-db2076c783bf2dbee1226e2add52fef290b5d31b5bcd1edd999ac8a6dd31c44a.js
2024-03-12T06:23:38.0066035Z I, [2024-03-11T23:23:37.987688 #2294]  INFO -- : Writing /home/runner/work/human-essentials/human-essentials/public/assets/stimulus-importmap-autoloader-db2076c783bf2dbee1226e2add52fef290b5d31b5bcd1edd999ac8a6dd31c44a.js.gz
2024-03-12T06:23:38.0069675Z I, [2024-03-11T23:23:37.988269 #2294]  INFO -- : Writing /home/runner/work/human-essentials/human-essentials/public/assets/stimulus-loading-3576ce92b149ad5d6959438c6f291e2426c86df3b874c525b30faad51b0d96b3.js.gz
2024-03-12T06:23:38.0073058Z I, [2024-03-11T23:23:37.988401 #2294]  INFO -- : Writing /home/runner/work/human-essentials/human-essentials/public/assets/stimulus.min-dd364f16ec9504dfb72672295637a1c8838773b01c0b441bd41008124c407894.js
2024-03-12T06:23:38.0076320Z I, [2024-03-11T23:23:37.988625 #2294]  INFO -- : Writing /home/runner/work/human-essentials/human-essentials/public/assets/stimulus.min-dd364f16ec9504dfb72672295637a1c8838773b01c0b441bd41008124c407894.js.gz
2024-03-12T06:23:38.0079899Z I, [2024-03-11T23:23:37.988730 #2294]  INFO -- : Writing /home/runner/work/human-essentials/human-essentials/public/assets/stimulus-autoloader-c584942b568ba74879da31c7c3d51366737bacaf6fbae659383c0a5653685693.js
2024-03-12T06:23:38.0083489Z I, [2024-03-11T23:23:37.989148 #2294]  INFO -- : Writing /home/runner/work/human-essentials/human-essentials/public/assets/stimulus-autoloader-c584942b568ba74879da31c7c3d51366737bacaf6fbae659383c0a5653685693.js.gz
2024-03-12T06:23:38.0087281Z I, [2024-03-11T23:23:37.989256 #2294]  INFO -- : Writing /home/runner/work/human-essentials/human-essentials/public/assets/stimulus-importmap-autoloader-db2076c783bf2dbee1226e2add52fef290b5d31b5bcd1edd999ac8a6dd31c44a.js
2024-03-12T06:23:38.0090964Z I, [2024-03-11T23:23:37.989735 #2294]  INFO -- : Writing /home/runner/work/human-essentials/human-essentials/public/assets/stimulus-importmap-autoloader-db2076c783bf2dbee1226e2add52fef290b5d31b5bcd1edd999ac8a6dd31c44a.js.gz
2024-03-12T06:23:38.0094566Z I, [2024-03-11T23:23:37.989857 #2294]  INFO -- : Writing /home/runner/work/human-essentials/human-essentials/public/assets/stimulus-loading-3576ce92b149ad5d6959438c6f291e2426c86df3b874c525b30faad51b0d96b3.js.gz
2024-03-12T06:23:38.0097980Z I, [2024-03-11T23:23:37.990347 #2294]  INFO -- : Writing /home/runner/work/human-essentials/human-essentials/public/assets/stimulus.min.js-2cc63625fa177963b45da974806e7aee846cbf1d4930815733d0fdf3fb232325.map
2024-03-12T06:23:38.0101451Z I, [2024-03-11T23:23:37.990431 #2294]  INFO -- : Writing /home/runner/work/human-essentials/human-essentials/public/assets/stimulus.min.js-2cc63625fa177963b45da974806e7aee846cbf1d4930815733d0fdf3fb232325.map.gz
2024-03-12T06:23:38.0104809Z I, [2024-03-11T23:23:37.990942 #2294]  INFO -- : Writing /home/runner/work/human-essentials/human-essentials/public/assets/activestorage-3ab61e47dd4ee2d79db525ade1dca2ede0ea2b7371fe587e408ee37b7ade265d.js
2024-03-12T06:23:38.0108196Z I, [2024-03-11T23:23:37.991030 #2294]  INFO -- : Writing /home/runner/work/human-essentials/human-essentials/public/assets/activestorage-3ab61e47dd4ee2d79db525ade1dca2ede0ea2b7371fe587e408ee37b7ade265d.js.gz
2024-03-12T06:23:38.0111539Z I, [2024-03-11T23:23:37.991506 #2294]  INFO -- : Writing /home/runner/work/human-essentials/human-essentials/public/assets/activestorage.esm-01f58a45d77495cdfbdfcc872902a430426c4391634ec9c3da5f69fbf8418492.js
2024-03-12T06:23:38.0115057Z I, [2024-03-11T23:23:37.991600 #2294]  INFO -- : Writing /home/runner/work/human-essentials/human-essentials/public/assets/activestorage.esm-01f58a45d77495cdfbdfcc872902a430426c4391634ec9c3da5f69fbf8418492.js.gz
2024-03-12T06:23:38.0118359Z I, [2024-03-11T23:23:37.992027 #2294]  INFO -- : Writing /home/runner/work/human-essentials/human-essentials/public/assets/actioncable-5433453f9b6619a9de91aaab2d7fc7ff183e5260c0107cbc9a1aa0c838d9a74e.js
2024-03-12T06:23:38.0121542Z I, [2024-03-11T23:23:37.997247 #2294]  INFO -- : Writing /home/runner/work/human-essentials/human-essentials/public/assets/actioncable-5433453f9b6619a9de91aaab2d7fc7ff183e5260c0107cbc9a1aa0c838d9a74e.js.gz
2024-03-12T06:23:38.0125032Z I, [2024-03-11T23:23:37.997379 #2294]  INFO -- : Writing /home/runner/work/human-essentials/human-essentials/public/assets/actioncable.esm-e01089c3ec4fe7817fa9abcad06cab6bdc387f95f0ca6aab4bf7ba7537f70690.js
2024-03-12T06:23:38.0128313Z I, [2024-03-11T23:23:37.997465 #2294]  INFO -- : Writing /home/runner/work/human-essentials/human-essentials/public/assets/actioncable.esm-e01089c3ec4fe7817fa9abcad06cab6bdc387f95f0ca6aab4bf7ba7537f70690.js.gz
2024-03-12T06:23:38.4808994Z Coverage report generated for RSpec to /home/runner/work/human-essentials/human-essentials/coverage. 440 / 10017 LOC (4.39%) covered.
2024-03-12T06:23:38.5591777Z ##[group]Run RUBYOPT='-W:no-deprecated -W:no-experimental' bin/knapsack_pro_rspec
2024-03-12T06:23:38.5592639Z [36;1mRUBYOPT='-W:no-deprecated -W:no-experimental' bin/knapsack_pro_rspec[0m
2024-03-12T06:23:38.5642800Z shell: /usr/bin/bash -e {0}
2024-03-12T06:23:38.5643281Z env:
2024-03-12T06:23:38.5643827Z   POSTGRES_HOST: localhost
2024-03-12T06:23:38.5644240Z   DATABASE_HOST: localhost
2024-03-12T06:23:38.5644660Z   PG_USERNAME: postgres
2024-03-12T06:23:38.5645037Z   PG_PASSWORD: password
2024-03-12T06:23:38.5645434Z   POSTGRES_HOST_AUTH_METHOD: trust
2024-03-12T06:23:38.5645912Z   POSTGRES_PORT: 5432
2024-03-12T06:23:38.5646264Z   PGHOST: localhost
2024-03-12T06:23:38.5646584Z   PGUSER: postgres
2024-03-12T06:23:38.5646993Z   RAILS_ENV: test
2024-03-12T06:23:38.5647358Z   KNAPSACK_PRO_TEST_SUITE_TOKEN_RSPEC: 
2024-03-12T06:23:38.5647818Z   KNAPSACK_PRO_CI_NODE_TOTAL: 6
2024-03-12T06:23:38.5648293Z   KNAPSACK_PRO_CI_NODE_INDEX: 3
2024-03-12T06:23:38.5648820Z   KNAPSACK_PRO_RSPEC_SPLIT_BY_TEST_EXAMPLES: true
2024-03-12T06:23:38.5649334Z   KNAPSACK_PRO_LOG_LEVEL: info
2024-03-12T06:23:38.5649973Z   KNAPSACK_PRO_TEST_FILE_PATTERN: {spec/system/**{,/*/**}/*_spec.rb,spec/requests/**{,/*/**}/*_spec.rb}
2024-03-12T06:23:38.5650608Z ##[endgroup]
2024-03-12T06:23:44.2121010Z W, [2024-03-12T06:23:44.211729 #2398]  WARN -- : [knapsack_pro] GET https://api-disabled-for-fork.knapsackpro.com/v1/build_distributions/last
2024-03-12T06:23:44.2123383Z W, [2024-03-12T06:23:44.211776 #2398]  WARN -- : [knapsack_pro] Request failed due to:
2024-03-12T06:23:44.2126540Z W, [2024-03-12T06:23:44.211791 #2398]  WARN -- : [knapsack_pro] #<SocketError: Failed to open TCP connection to api-disabled-for-fork.knapsackpro.com:443 (getaddrinfo: Name or service not known)>
2024-03-12T06:23:44.2132641Z W, [2024-03-12T06:23:44.211815 #2398]  WARN -- : [knapsack_pro] Slow test files fallback behaviour started. We could not connect with Knapsack Pro API to fetch last CI build test files that are needed to determine slow test files. No test files will be split by test cases. It means all test files will be split by the whole test files as if split by test cases would be disabled https://knapsackpro.com/perma/ruby/split-by-test-examples
2024-03-12T06:23:46.7949546Z W, [2024-03-12T06:23:46.794611 #2398]  WARN -- : [knapsack_pro] POST https://api-disabled-for-fork.knapsackpro.com/v1/build_distributions/subset
2024-03-12T06:23:46.7951084Z W, [2024-03-12T06:23:46.794655 #2398]  WARN -- : [knapsack_pro] Request failed due to:
2024-03-12T06:23:46.7952767Z W, [2024-03-12T06:23:46.794671 #2398]  WARN -- : [knapsack_pro] #<SocketError: Failed to open TCP connection to api-disabled-for-fork.knapsackpro.com:443 (getaddrinfo: Name or service not known)>
2024-03-12T06:23:46.7955314Z W, [2024-03-12T06:23:46.794707 #2398]  WARN -- : [knapsack_pro] Fallback mode started. We could not connect with Knapsack Pro API. Your tests will be executed based on directory names. Read more about fallback mode at https://knapsackpro.com/perma/ruby/fallback-mode
2024-03-12T06:23:46.8009134Z /opt/hostedtoolcache/Ruby/3.2.2/x64/bin/ruby -I/home/runner/work/human-essentials/human-essentials/vendor/bundle/ruby/3.2.0/gems/rspec-core-3.12.2/lib:/home/runner/work/human-essentials/human-essentials/vendor/bundle/ruby/3.2.0/gems/rspec-support-3.12.1/lib /home/runner/work/human-essentials/human-essentials/vendor/bundle/ruby/3.2.0/gems/rspec-core-3.12.2/exe/rspec  --format documentation --format KnapsackPro::Formatters::TimeTracker --default-path spec "spec/requests/admin/barcode_items_requests_spec.rb" "spec/requests/admin/users_requests_spec.rb" "spec/requests/dashboard_requests_spec.rb" "spec/requests/item_categories_requests_spec.rb" "spec/requests/partners/distributions_spec.rb" "spec/requests/partners/requests_spec.rb" "spec/requests/purchases_requests_spec.rb" "spec/requests/transfers_requests_spec.rb" "spec/system/adjustment_system_spec.rb" "spec/system/admin/users_system_spec.rb" "spec/system/distribution_system_spec.rb" "spec/system/layout_system_spec.rb" "spec/system/partner_system_spec.rb" "spec/system/partners/partner_distribution_system_spec.rb" "spec/system/question_system_spec.rb"
2024-03-12T06:23:55.1255940Z 
2024-03-12T06:23:55.1256657Z Randomized with seed 24716
2024-03-12T06:23:56.0726193Z 
2024-03-12T06:23:56.0726746Z Transfers
2024-03-12T06:23:56.0728023Z   While signed in
2024-03-12T06:23:56.0729587Z     GET #index
2024-03-12T06:23:56.0730743Z       csv
2024-03-12T06:23:56.1054715Z         is expected to be successful
2024-03-12T06:23:56.1055494Z       html
2024-03-12T06:23:56.1505535Z         is expected to be successful
2024-03-12T06:23:56.1506080Z         when filtering by date
2024-03-12T06:23:56.1506830Z           when date parameters are not supplied
2024-03-12T06:23:56.2133626Z             returns all objects
2024-03-12T06:23:56.2134305Z           when date parameters are supplied
2024-03-12T06:23:56.2603034Z             only returns the correct obejects
2024-03-12T06:23:56.2604086Z     GET #new
2024-03-12T06:23:56.3071011Z       returns http success
2024-03-12T06:23:56.3071506Z     Looking at a different organization
2024-03-12T06:23:56.4827246Z       redirects the user to the sign-in page for CRUD actions
2024-03-12T06:23:56.4827910Z     GET #show
2024-03-12T06:23:56.5205286Z       returns http success
2024-03-12T06:23:56.5206222Z     POST #create
2024-03-12T06:23:56.5926648Z       redirects to #index when successful
2024-03-12T06:23:56.6342320Z       renders to #new when failing
2024-03-12T06:23:56.6343182Z     DELETE #destroy
2024-03-12T06:23:56.6344164Z       when the transfer destroy service was not successful
2024-03-12T06:23:56.6596238Z         should set a error flash with the error message and redirect to index
2024-03-12T06:23:56.6597330Z       when the transfer destroy service was successful
2024-03-12T06:23:56.6775050Z         should set a notice flash with the success message and redirect to index
2024-03-12T06:23:56.6776120Z   While not signed in
2024-03-12T06:23:56.6878153Z     redirects the user to the sign-in page for CRUD actions
2024-03-12T06:23:56.6879550Z 
2024-03-12T06:23:56.6880054Z Partner management
2024-03-12T06:23:56.6882618Z   partner group management
2024-03-12T06:23:56.6883463Z     creating a new partner group
2024-03-12T06:23:58.8143825Z       should allow creating a new partner group with item categories
2024-03-12T06:23:58.8144865Z     editing a existing partner group
2024-03-12T06:24:02.3031087Z       should allow updating the partner name
2024-03-12T06:24:02.3032088Z   #show
2024-03-12T06:24:02.3033055Z     when exporting as CSV
2024-03-12T06:24:02.3033797Z       when filtering
2024-03-12T06:24:03.1703844Z         preserves the filter constraints in the CSV output
2024-03-12T06:24:03.1704936Z     when viewing an invited partner as a partner
2024-03-12T06:24:03.8312115Z       redirects user to partners page root page (dashboard) with error message
2024-03-12T06:24:03.8313280Z     when viewing an uninvited partner
2024-03-12T06:24:04.3472802Z       only has an edit option available
2024-03-12T06:24:04.3473730Z     when viewing a deactivated partner
2024-03-12T06:24:04.8534365Z       allows reactivation
2024-03-12T06:24:04.8536626Z   adding a new partner and inviting them
2024-03-12T06:24:04.8537802Z     when adding & inviting a partner successfully
2024-03-12T06:24:06.2956013Z       should have added the partner and invited them
2024-03-12T06:24:06.2956762Z     when adding a partner incorrectly
2024-03-12T06:24:07.3028566Z       should have not added a new partner and indicate the failure
2024-03-12T06:24:07.3029519Z   #new
2024-03-12T06:24:08.0332998Z     disallows a user from creating a new partner with empty name
2024-03-12T06:24:08.4917655Z     should not display inactive storage locations in dropdown
2024-03-12T06:24:09.4316500Z     User can add a new partner
2024-03-12T06:24:09.4317349Z   #edit
2024-03-12T06:24:10.3847386Z     User can uncheck send_reminders
2024-03-12T06:24:11.1977837Z     User can update a partner
2024-03-12T06:24:11.9801939Z     prevents a user from updating a partner with empty name
2024-03-12T06:24:11.9803417Z   changing partner group association
2024-03-12T06:24:11.9804245Z     when a partner is assigned to partner group
2024-03-12T06:24:11.9805175Z       that has no requestable item categories
2024-03-12T06:24:13.0147432Z         should properly indicate the requestable items and adjust the partners requestable items
2024-03-12T06:24:13.0148612Z       that has requestable item categories
2024-03-12T06:24:14.0971734Z         should properly indicate the requestable items and adjust the partners requestable items
2024-03-12T06:24:14.0973011Z     when the partner has no partner group
2024-03-12T06:24:14.6031834Z       it should say they can request every item
2024-03-12T06:24:14.6032768Z   approving a partner that is awaiting approval
2024-03-12T06:24:14.6034269Z     when the approval does not succeed
2024-03-12T06:24:15.6547700Z       should show an error message and not approve the partner
2024-03-12T06:24:15.6548355Z     when the approval succeeds
2024-03-12T06:24:16.7062920Z       should approve the partner
2024-03-12T06:24:16.7063647Z   #approve_partner
2024-03-12T06:24:16.7064952Z     when partner has :awaiting_review status
2024-03-12T06:24:17.5358618Z       is expected to have visible link or button "Approve Partner"
2024-03-12T06:24:17.5359840Z     when viewing a partner's users
2024-03-12T06:24:18.0765335Z       can show users of a partner
2024-03-12T06:24:18.0767641Z     when partner has :invited status
2024-03-12T06:24:18.9145002Z       is expected to have visible link or button "Approve Partner"
2024-03-12T06:24:18.9146011Z   one step inviting a partner
2024-03-12T06:24:18.9146973Z     when partner is uninvited and one step partner invite setting is on
2024-03-12T06:24:19.4045509Z Modal window with text `One step invite and approve Leslie Sue, the 7 to begin using the partner application?` has been opened, but you didn't wrap your code into (`accept_prompt` | `dismiss_prompt` | `accept_confirm` | `dismiss_confirm` | `accept_alert`), accepting by default
2024-03-12T06:24:19.7451758Z       shows Invite and Approve button and approves the partner when clicked
2024-03-12T06:24:19.7452508Z     when one step partner invite setting is off
2024-03-12T06:24:20.2288241Z       does not show invite and approve button
2024-03-12T06:24:20.2289314Z   requesting recertification of a partner
2024-03-12T06:24:20.2290451Z     GIVEN a user goes through the process of requesting recertification of partner
2024-03-12T06:24:21.0167414Z       should notify the user that its been successful and change the partner status
2024-03-12T06:24:21.0168533Z   #index
2024-03-12T06:24:21.6156322Z     shows invite button only for unapproved partners
2024-03-12T06:24:22.6982778Z     allows a user to invite a partner
2024-03-12T06:24:23.2682007Z     displays the partner agency names in alphabetical order
2024-03-12T06:24:23.2682993Z     when filtering
2024-03-12T06:24:24.1223569Z       allows the user to click on one of the statuses at the top to filter the results
2024-03-12T06:24:24.1224742Z     when exporting as CSV
2024-03-12T06:24:24.1225506Z       when filtering
2024-03-12T06:24:25.0049552Z         preserves the filter constraints in the CSV output
2024-03-12T06:24:25.0051506Z 
2024-03-12T06:24:25.0052147Z Distributions
2024-03-12T06:24:25.7556732Z   errors if user does not fill storage_location
2024-03-12T06:24:27.7708762Z   allows completion of corrected distribution with depleted inventory item
2024-03-12T06:24:27.7709931Z   When attempting to edit a distribution
2024-03-12T06:24:27.7710902Z     after the distribution issued_at has passed or it has been marked complete
2024-03-12T06:24:28.7742921Z       cannot be accessed directly
2024-03-12T06:24:29.4774959Z       does not contain a Edit button
2024-03-12T06:24:29.4775773Z     when logged as Admin
2024-03-12T06:24:30.1253624Z       can be accessed directly
2024-03-12T06:24:31.0995034Z       can click on Edit button and a warning appears
2024-03-12T06:24:31.0995962Z   When showing a individual distribution
2024-03-12T06:24:31.6795613Z     Show partner name in title
2024-03-12T06:24:31.6796766Z   When creating a new distribution manually
2024-03-12T06:24:32.3895486Z     Displays a complete form after validation errors
2024-03-12T06:24:32.9677024Z     should not display inactive storage locations in dropdown
2024-03-12T06:24:32.9677997Z     when there is a default storage location
2024-03-12T06:24:33.5025961Z       automatically selects the default storage location
2024-03-12T06:24:33.5027048Z     when the quantity is lower than the on hand minimum quantity
2024-03-12T06:24:34.6310730Z       should display an error
2024-03-12T06:24:34.6311759Z     when there is insufficient inventory to fulfill the Distribution
2024-03-12T06:24:35.5572157Z       gracefully handles the error
2024-03-12T06:24:35.5573392Z     when the delivery_method is shipped and shipping cost is none-negative
2024-03-12T06:24:36.5054726Z       Allows a distribution to be created
2024-03-12T06:24:36.5055867Z     when the quantity is lower than the on hand recommended quantity
2024-03-12T06:24:37.4558524Z       should display an alert
2024-03-12T06:24:37.4559373Z     when the delivery_method is not shipped
2024-03-12T06:24:40.3411870Z       Allows a distribution to be created and shipping cost field not visible
2024-03-12T06:24:40.3412947Z   When creating a distribution and items have value
2024-03-12T06:24:41.1241061Z     the user sees total value on index page
2024-03-12T06:24:42.1346060Z     the user sees total value on show page
2024-03-12T06:24:42.9317113Z     the user sees value in row on index page
2024-03-12T06:24:43.9581849Z     the user sees value per item on show page
2024-03-12T06:24:43.9582583Z   via barcode entry
2024-03-12T06:24:44.8540077Z     allows users to add items via scanning them in by barcode (FAILED - 1)
2024-03-12T06:24:44.8542496Z   [0;33mHTML screenshot: /home/runner/work/human-essentials/human-essentials/tmp/screenshots/screenshot_allows-users-to-add-items-via-scanning-them-in-by-barcode_2024-03-11-23-24-44.721.html[0m
2024-03-12T06:24:44.8545869Z   [0;33mImage screenshot: /home/runner/work/human-essentials/human-essentials/tmp/screenshots/screenshot_allows-users-to-add-items-via-scanning-them-in-by-barcode_2024-03-11-23-24-44.721.png[0m
2024-03-12T06:24:46.4034861Z     a user can add items that do not yet have a barcode (FAILED - 2)
2024-03-12T06:24:46.4037235Z   [0;33mHTML screenshot: /home/runner/work/human-essentials/human-essentials/tmp/screenshots/screenshot_a-user-can-add-items-that-do-not-yet-have-a-barcode_2024-03-11-23-24-46.269.html[0m
2024-03-12T06:24:46.4040617Z   [0;33mImage screenshot: /home/runner/work/human-essentials/human-essentials/tmp/screenshots/screenshot_a-user-can-add-items-that-do-not-yet-have-a-barcode_2024-03-11-23-24-46.269.png[0m
2024-03-12T06:24:46.4042841Z   When going to the Pick Ups & Deliveries page
2024-03-12T06:24:47.0736028Z     appears distribution in calendar with correct time & timezone
2024-03-12T06:24:47.0737057Z   When creating a distribution from a donation
2024-03-12T06:24:48.3849060Z     completes successfully
2024-03-12T06:24:48.3849814Z     when editing that distribution
2024-03-12T06:24:50.5989155Z       User creates a distribution from a donation then tries to make the quantity too big
2024-03-12T06:24:52.9858350Z       User creates a distribution from a donation then edits it
2024-03-12T06:24:56.0055581Z       User creates duplicate line items
2024-03-12T06:24:56.0056310Z   when filtering on the index page
2024-03-12T06:24:56.9121128Z     filters by partner
2024-03-12T06:24:58.1546455Z     filters by item id
2024-03-12T06:24:59.0786441Z     filters by state
2024-03-12T06:25:00.3377155Z     filters by item category id
2024-03-12T06:25:00.8948328Z     should not display inactive storage locations in dropdown
2024-03-12T06:25:00.8949591Z     behaves like Date Range Picker
2024-03-12T06:25:00.8950554Z       when choosing 'Last Month'
2024-03-12T06:25:01.9565155Z         shows only 2 of the records
2024-03-12T06:25:01.9566380Z       when choosing a date range that only includes the previous week
2024-03-12T06:25:03.0055449Z         shows only 1 record
2024-03-12T06:25:03.0056305Z       when choosing 'All Time'
2024-03-12T06:25:04.0610393Z         shows all the records
2024-03-12T06:25:04.0611528Z   With an existing distribution
2024-03-12T06:25:05.3129658Z     the user can make changes
2024-03-12T06:25:06.8005353Z     sends an email if reminders are enabled
2024-03-12T06:25:08.0832224Z     disallows the user from changing the quantity above the inventory quantity
2024-03-12T06:25:09.3144397Z     allows the user can change the issued_at date
2024-03-12T06:25:10.3102485Z     the user can reclaim it
2024-03-12T06:25:10.3103666Z     when delivery method is shipped and shipping cost is none negative
2024-03-12T06:25:11.5724155Z       should update distribution and display shipping_cost field
2024-03-12T06:25:11.5725718Z     when one of the items has been 'deleted'
2024-03-12T06:25:12.5442136Z       the user can still reclaim it
2024-03-12T06:25:12.5443045Z     when delivery method is not shipped
2024-03-12T06:25:15.4668586Z       should not display shipping_cost field
2024-03-12T06:25:15.4669622Z   When creating a distribution from a request
2024-03-12T06:25:16.6543584Z     sets the distribution id and fulfilled status on the request
2024-03-12T06:25:18.0038060Z     maintains the connection with the request even when there are initial errors
2024-03-12T06:25:18.0038908Z 
2024-03-12T06:25:18.0039196Z Dashboard
2024-03-12T06:25:18.0040006Z   While not signed in
2024-03-12T06:25:18.1808923Z     redirects for authentication
2024-03-12T06:25:18.1809604Z   While signed in
2024-03-12T06:25:18.1810861Z     BroadcastAnnouncement card
2024-03-12T06:25:18.2662345Z       doesn't display announcements if they are not from super admins
2024-03-12T06:25:18.3280488Z       displays announcements if there are valid ones
2024-03-12T06:25:18.3281629Z     GET #show
2024-03-12T06:25:18.3863095Z       returns http success
2024-03-12T06:25:18.3863565Z       with both roles
2024-03-12T06:25:18.4674063Z         should include the switch link
2024-03-12T06:25:18.4674630Z       for another org
2024-03-12T06:25:18.6939019Z         still displays the user's org
2024-03-12T06:25:18.6939857Z 
2024-03-12T06:25:18.6940078Z Question search
2024-03-12T06:25:18.6941181Z   while logged in
2024-03-12T06:25:19.3400708Z     filters by question title
2024-03-12T06:25:19.3401234Z 
2024-03-12T06:25:19.3401499Z /partners/distributions
2024-03-12T06:25:19.3403002Z   GET #index
2024-03-12T06:25:19.3849198Z     should render without any issues
2024-03-12T06:25:19.3850210Z   GET #print
2024-03-12T06:25:19.5358791Z     returns http success
2024-03-12T06:25:19.5359816Z     with non-UTF8 characters
2024-03-12T06:25:19.6509938Z       returns http success
2024-03-12T06:25:19.6510651Z 
2024-03-12T06:25:19.6511053Z Adjustment management
2024-03-12T06:25:20.4800703Z   can filter the #index by user
2024-03-12T06:25:20.9749254Z   should not display inactive storage locations in dropdown
2024-03-12T06:25:21.7986901Z   can filter the #index by storage location
2024-03-12T06:25:21.7987618Z   With a new adjustment
2024-03-12T06:25:22.2982935Z     should not display inactive storage locations in dropdown
2024-03-12T06:25:22.2983739Z     with a storage location that is bare
2024-03-12T06:25:23.4293851Z       allows you to choose items that do not yet exist
2024-03-12T06:25:23.4294495Z     with a storage location that has inventory
2024-03-12T06:25:24.5722306Z       can add an inventory adjustment at a storage location
2024-03-12T06:25:25.7841006Z       can subtract an inventory adjustment at a storage location
2024-03-12T06:25:27.1892504Z       Does not include inactive items in the line item fields
2024-03-12T06:25:28.8785527Z       politely informs the user that they're adjusting way too hard
2024-03-12T06:25:30.7931444Z       politely informs the user if they try to adjust down below zero, even if they use multiple adjustments to do so
2024-03-12T06:25:30.7932987Z   behaves like Date Range Picker
2024-03-12T06:25:30.7933838Z     when choosing a date range that only includes the previous week
2024-03-12T06:25:31.9246699Z       shows only 1 record
2024-03-12T06:25:31.9247587Z     when choosing 'All Time'
2024-03-12T06:25:32.9725583Z       shows all the records
2024-03-12T06:25:32.9727030Z     when choosing 'Last Month'
2024-03-12T06:25:33.9935285Z       shows only 2 of the records
2024-03-12T06:25:33.9936338Z 
2024-03-12T06:25:33.9937274Z Admin::BarcodeItemsController
2024-03-12T06:25:33.9938005Z   while signed in as a super admin
2024-03-12T06:25:33.9940185Z     POST #create
2024-03-12T06:25:33.9941712Z       with valid params
2024-03-12T06:25:34.0181872Z         redirects to admin_barcode_items_path
2024-03-12T06:25:34.0398043Z         creates a barcode item
2024-03-12T06:25:34.0398712Z       with invalid params
2024-03-12T06:25:34.0814306Z         returns a successful response (to show form with errors)
2024-03-12T06:25:34.0815291Z     GET #index
2024-03-12T06:25:34.1168804Z       returns success
2024-03-12T06:25:34.1169611Z     PATCH #update
2024-03-12T06:25:34.1170285Z       with valid params
2024-03-12T06:25:34.1379719Z         updates the barcode_item attributes accordingly
2024-03-12T06:25:34.1572926Z         redirects to admin_barcode_items_path
2024-03-12T06:25:34.1573760Z       with invalid params
2024-03-12T06:25:34.1953135Z         returns a successful response (to show form with errors)
2024-03-12T06:25:34.1954083Z     GET #new
2024-03-12T06:25:34.2255668Z       returns success
2024-03-12T06:25:34.2256526Z     DELETE #destroy
2024-03-12T06:25:34.4359805Z       allows deletion of barcode in another org
2024-03-12T06:25:34.4644488Z       allows deletion of a global barcode
2024-03-12T06:25:34.4645361Z 
2024-03-12T06:25:34.4645927Z Admin Users Management
2024-03-12T06:25:34.4647360Z   While signed in as an Administrative User (super admin)
2024-03-12T06:25:35.6476283Z     edits an existing user
2024-03-12T06:25:36.1446801Z     filters users by email
2024-03-12T06:25:37.2037395Z     creates an user
2024-03-12T06:25:38.2598191Z     filters users by name
2024-03-12T06:25:38.9913632Z     deletes an existing user
2024-03-12T06:25:40.1597676Z     adds a role
2024-03-12T06:25:40.1598543Z 
2024-03-12T06:25:40.1598850Z ItemCategories
2024-03-12T06:25:40.1600581Z   GET #show
2024-03-12T06:25:40.1947369Z     renders a successful response
2024-03-12T06:25:40.1948118Z   POST #create
2024-03-12T06:25:40.1949066Z     with invalid parameters
2024-03-12T06:25:40.2240200Z       does not create a new ItemCategory
2024-03-12T06:25:40.2241010Z     with valid parameters
2024-03-12T06:25:40.2397812Z       creates a new ItemCategory then redirects
2024-03-12T06:25:40.2398614Z   GET #new
2024-03-12T06:25:40.2635589Z     renders a successful response
2024-03-12T06:25:40.2636461Z   PUT #update
2024-03-12T06:25:40.2636975Z     with valid parameters
2024-03-12T06:25:40.2812931Z       updates the ItemCategory and redirects
2024-03-12T06:25:40.2813763Z     with invalid parameters
2024-03-12T06:25:40.3120841Z       does not render a successful response
2024-03-12T06:25:40.3121984Z   GET #edit
2024-03-12T06:25:40.3403290Z     renders a successful response
2024-03-12T06:25:40.3404166Z 
2024-03-12T06:25:40.3404500Z Purchases
2024-03-12T06:25:40.3405810Z   While signed in as a user >
2024-03-12T06:25:40.3406954Z     GET #edit
2024-03-12T06:25:40.4177920Z       storage location is correct
2024-03-12T06:25:40.4678244Z       returns http success
2024-03-12T06:25:40.4679358Z       when non-finalized audit has been performed on the purchased items
2024-03-12T06:25:40.5989792Z         does not show a warning
2024-03-12T06:25:40.5990743Z       when an finalized audit has been performed on the purchased items
2024-03-12T06:25:40.7256720Z         shows a warning
2024-03-12T06:25:40.7257681Z       when no audit has been performed
2024-03-12T06:25:40.8260389Z         does not show a warning
2024-03-12T06:25:40.8261475Z     DELETE #destroy
2024-03-12T06:25:40.8472676Z       redirects to the dashboard
2024-03-12T06:25:40.8680411Z       does not delete a purchase
2024-03-12T06:25:40.8681273Z     GET #index
2024-03-12T06:25:40.8681875Z       html
2024-03-12T06:25:40.9112140Z         is expected to be successful
2024-03-12T06:25:40.9112993Z       csv
2024-03-12T06:25:40.9386120Z         is expected to be successful
2024-03-12T06:25:40.9386853Z     GET #show
2024-03-12T06:25:40.9740383Z       returns http success
2024-03-12T06:25:40.9741198Z     POST#create
2024-03-12T06:25:40.9741879Z       on failure
2024-03-12T06:25:41.0201987Z         renders GET#new with error
2024-03-12T06:25:41.0204041Z       on success
2024-03-12T06:25:41.0607990Z         accepts :amount_spent_in_cents with dollar signs, commas, and periods
2024-03-12T06:25:41.1168282Z         storage location defaults to organizations storage location
2024-03-12T06:25:41.1602612Z         redirects to GET#edit
2024-03-12T06:25:41.1603350Z     GET #new
2024-03-12T06:25:41.1979969Z       is expected to be successful
2024-03-12T06:25:41.1980869Z     PUT#update
2024-03-12T06:25:41.3002197Z       updates storage quantity correctly
2024-03-12T06:25:41.3348300Z       redirects to index after update
2024-03-12T06:25:41.3349494Z       when changing storage location
2024-03-12T06:25:41.4391923Z         rollsback updates if quantity would go below 0
2024-03-12T06:25:41.5486110Z         updates storage quantity correctly
2024-03-12T06:25:41.5487263Z       when removing a line item
2024-03-12T06:25:41.6491152Z         updates storage invetory item quantity correctly
2024-03-12T06:25:41.6492463Z   While signed in as an organizational admin
2024-03-12T06:25:41.6493184Z     DELETE #destroy
2024-03-12T06:25:41.6864897Z       deletes a purchase
2024-03-12T06:25:41.7168957Z       redirects to the index
2024-03-12T06:25:41.7968434Z       decreases storage location inventory
2024-03-12T06:25:41.8279707Z       displays the proper flash notice
2024-03-12T06:25:41.8280815Z 
2024-03-12T06:25:41.8281124Z Admin::UsersController
2024-03-12T06:25:41.8282663Z   When logged in as a super admin
2024-03-12T06:25:41.8284229Z     GET #new
2024-03-12T06:25:42.2292927Z       renders new template
2024-03-12T06:25:42.6255997Z       preloads organizations
2024-03-12T06:25:42.6256753Z     GET #edit
2024-03-12T06:25:43.0249486Z       renders edit template and shows roles
2024-03-12T06:25:43.0250744Z     #remove_role
2024-03-12T06:25:43.0251404Z       with errors
2024-03-12T06:25:43.4200779Z         should redirect back with error
2024-03-12T06:25:43.4201561Z       with no errors
2024-03-12T06:25:43.7980457Z         should call the service and redirect back
2024-03-12T06:25:43.7981365Z     POST #create
2024-03-12T06:25:44.1859858Z       preloads organizations
2024-03-12T06:25:44.5689302Z       returns http success
2024-03-12T06:25:44.5690079Z     #add_role
2024-03-12T06:25:44.5690922Z       with errors
2024-03-12T06:25:44.9521912Z         should redirect back with error
2024-03-12T06:25:44.9523017Z       with no errors
2024-03-12T06:25:45.3377556Z         should call the service and redirect back
2024-03-12T06:25:45.3378974Z     PATCH #update
2024-03-12T06:25:45.3379951Z       with errors
2024-03-12T06:25:45.7108483Z         redirects back with no role found flash message
2024-03-12T06:25:46.0906143Z         redirects back with no organization_id flash message
2024-03-12T06:25:46.0907119Z       with no errors
2024-03-12T06:25:46.4774782Z         renders index template with a successful update flash message
2024-03-12T06:25:46.4776127Z   When logged in as a non-admin user
2024-03-12T06:25:46.4776866Z     GET #new
2024-03-12T06:25:46.6563442Z       redirects
2024-03-12T06:25:46.6563970Z     POST #create
2024-03-12T06:25:46.8357107Z       redirects
2024-03-12T06:25:46.8359046Z   When logged in as an organization_admin
2024-03-12T06:25:46.8359959Z     POST #create
2024-03-12T06:25:47.0128549Z       redirects
2024-03-12T06:25:47.0129146Z     GET #new
2024-03-12T06:25:47.1912795Z       redirects
2024-03-12T06:25:47.1913247Z 
2024-03-12T06:25:47.1913527Z Partner Distributions
2024-03-12T06:25:47.1915159Z   Distributions
2024-03-12T06:25:47.7874308Z     displays upcoming distributions
2024-03-12T06:25:48.3761579Z     displays prior distributions
2024-03-12T06:25:48.3762610Z 
2024-03-12T06:25:48.3763368Z /partners/requests
2024-03-12T06:25:48.3765481Z   GET #index
2024-03-12T06:25:48.4220177Z     should render without any issues
2024-03-12T06:25:48.4775362Z     should display total count of items in partner request
2024-03-12T06:25:48.4776313Z   GET #show
2024-03-12T06:25:48.5227091Z     should render without any issues
2024-03-12T06:25:48.5869516Z     should give a 404 error if forbidden
2024-03-12T06:25:48.6383869Z     should give a 404 error if not found
2024-03-12T06:25:48.6384535Z   GET #new
2024-03-12T06:25:48.6927864Z     should render without any issues
2024-03-12T06:25:48.6928709Z     when first reaching the new page
2024-03-12T06:25:48.7376852Z       has the correct input fields
2024-03-12T06:25:48.7377798Z   POST #create
2024-03-12T06:25:48.7378880Z     when given invalid parameters
2024-03-12T06:25:48.7932191Z       should not redirect
2024-03-12T06:25:48.7933147Z     when a has an empty row
2024-03-12T06:25:48.8366849Z       is valid
2024-03-12T06:25:48.8367690Z     after invalid submission
2024-03-12T06:25:48.8877146Z       has the correct input fields
2024-03-12T06:25:48.8878011Z     when given valid parameters
2024-03-12T06:25:48.9359937Z       should redirect to the show page
2024-03-12T06:25:48.9360831Z     when a request empty
2024-03-12T06:25:48.9891750Z       is invalid
2024-03-12T06:25:48.9892663Z     when a request has only a comment
2024-03-12T06:25:49.0333864Z       is valid
2024-03-12T06:25:49.0334429Z 
2024-03-12T06:25:49.0334731Z Layout
2024-03-12T06:25:49.0336425Z   Body CSS Data
2024-03-12T06:25:49.8038896Z     sets the ID to the controller and the class to the action
2024-03-12T06:25:49.8284094Z W, [2024-03-11T23:25:49.828133 #2432]  WARN -- : [knapsack_pro] POST https://api-disabled-for-fork.knapsackpro.com/v1/build_subsets
2024-03-12T06:25:49.8286476Z W, [2024-03-11T23:25:49.828179 #2432]  WARN -- : [knapsack_pro] Request failed due to:
2024-03-12T06:25:49.8291053Z W, [2024-03-11T23:25:49.828195 #2432]  WARN -- : [knapsack_pro] #<SocketError: Failed to open TCP connection to api-disabled-for-fork.knapsackpro.com:443 (getaddrinfo: Name or service not known)>
2024-03-12T06:25:49.8294030Z W, [2024-03-11T23:25:49.828215 #2432]  WARN -- : [knapsack_pro] Time execution report was not saved on Knapsack Pro API server due to connection problem.
2024-03-12T06:25:49.8999674Z 
2024-03-12T06:25:49.9000365Z Deprecation Warnings:
2024-03-12T06:25:49.9000768Z 
2024-03-12T06:25:49.9000792Z 
2024-03-12T06:25:49.9003728Z Using `should` from rspec-expectations' old `:should` syntax without explicitly enabling the syntax is deprecated. Use the new `:expect` syntax or explicitly enable `:should` with `config.expect_with(:rspec) { |c| c.syntax = :should }` instead. Called from /home/runner/work/human-essentials/human-essentials/spec/system/partner_system_spec.rb:140:in `block (5 levels) in <top (required)>'.
2024-03-12T06:25:49.9006462Z 
2024-03-12T06:25:49.9006517Z 
2024-03-12T06:25:49.9006991Z If you need more of the backtrace for any of these deprecations to
2024-03-12T06:25:49.9008207Z identify where to make the necessary changes, you can configure
2024-03-12T06:25:49.9009255Z `config.raise_errors_for_deprecations!`, and it will turn the
2024-03-12T06:25:49.9010296Z deprecation warnings into errors, giving you the full backtrace.
2024-03-12T06:25:49.9011282Z Failures:
2024-03-12T06:25:49.9011620Z 
2024-03-12T06:25:49.9012247Z   1) Distributions via barcode entry allows users to add items via scanning them in by barcode
2024-03-12T06:25:49.9013797Z      Failure/Error: @__Condition__.wait @__Lock__, timeout
2024-03-12T06:25:49.9014408Z 
2024-03-12T06:25:49.9017639Z      Ferrum::JavaScriptError:
2024-03-12T06:25:49.9018932Z        TypeError: Cannot read properties of null (reading 'click')
2024-03-12T06:25:49.9021472Z            at Object.fill_fields_with_barcode_results (http://127.0.0.1:40529/assets/utils/barcode_items-ee1050c4d1ade4569ef6cfc83d5f4792f67daabaca0ae24f75455737fea0a72b.js:87:47)
2024-03-12T06:25:49.9023863Z            at fire (https://ga.jspm.io/npm:jquery@3.6.1/dist/jquery.js:74:6449)
2024-03-12T06:25:49.9025394Z            at Object.fireWith [as resolveWith] (https://ga.jspm.io/npm:jquery@3.6.1/dist/jquery.js:74:7255)
2024-03-12T06:25:49.9026743Z            at done (https://ga.jspm.io/npm:jquery@3.6.1/dist/jquery.js:74:65284)
2024-03-12T06:25:49.9028188Z            at XMLHttpRequest.<anonymous> (https://ga.jspm.io/npm:jquery@3.6.1/dist/jquery.js:74:67955)
2024-03-12T06:25:49.9029531Z 
2024-03-12T06:25:49.9031485Z      [Screenshot Image]: /home/runner/work/human-essentials/human-essentials/tmp/screenshots/failures_r_spec_example_groups_distributions_via_barcode_entry_allows_users_to_add_items_via_scanning_them_in_by_barcode_379.png
2024-03-12T06:25:49.9033413Z 
2024-03-12T06:25:49.9033421Z 
2024-03-12T06:25:49.9035234Z      # /home/runner/work/human-essentials/human-essentials/vendor/bundle/ruby/3.2.0/gems/concurrent-ruby-1.2.3/lib/concurrent-ruby/concurrent/synchronization/mutex_lockable_object.rb:53:in `sleep'
2024-03-12T06:25:49.9038853Z      # /home/runner/work/human-essentials/human-essentials/vendor/bundle/ruby/3.2.0/gems/concurrent-ruby-1.2.3/lib/concurrent-ruby/concurrent/synchronization/mutex_lockable_object.rb:53:in `wait'
2024-03-12T06:25:49.9042642Z      # /home/runner/work/human-essentials/human-essentials/vendor/bundle/ruby/3.2.0/gems/concurrent-ruby-1.2.3/lib/concurrent-ruby/concurrent/synchronization/mutex_lockable_object.rb:53:in `ns_wait'
2024-03-12T06:25:49.9046536Z      # /home/runner/work/human-essentials/human-essentials/vendor/bundle/ruby/3.2.0/gems/concurrent-ruby-1.2.3/lib/concurrent-ruby/concurrent/synchronization/abstract_lockable_object.rb:44:in `block in ns_wait_until'
2024-03-12T06:25:49.9050512Z      # /home/runner/work/human-essentials/human-essentials/vendor/bundle/ruby/3.2.0/gems/concurrent-ruby-1.2.3/lib/concurrent-ruby/concurrent/synchronization/abstract_lockable_object.rb:40:in `loop'
2024-03-12T06:25:49.9054271Z      # /home/runner/work/human-essentials/human-essentials/vendor/bundle/ruby/3.2.0/gems/concurrent-ruby-1.2.3/lib/concurrent-ruby/concurrent/synchronization/abstract_lockable_object.rb:40:in `ns_wait_until'
2024-03-12T06:25:49.9057524Z      # /home/runner/work/human-essentials/human-essentials/vendor/bundle/ruby/3.2.0/gems/concurrent-ruby-1.2.3/lib/concurrent-ruby/concurrent/atomic/event.rb:87:in `block in wait'
2024-03-12T06:25:49.9061476Z      # /home/runner/work/human-essentials/human-essentials/vendor/bundle/ruby/3.2.0/gems/concurrent-ruby-1.2.3/lib/concurrent-ruby/concurrent/synchronization/mutex_lockable_object.rb:48:in `block in synchronize'
2024-03-12T06:25:49.9066476Z      # /home/runner/work/human-essentials/human-essentials/vendor/bundle/ruby/3.2.0/gems/concurrent-ruby-1.2.3/lib/concurrent-ruby/concurrent/synchronization/mutex_lockable_object.rb:48:in `synchronize'
2024-03-12T06:25:49.9070024Z      # /home/runner/work/human-essentials/human-essentials/vendor/bundle/ruby/3.2.0/gems/concurrent-ruby-1.2.3/lib/concurrent-ruby/concurrent/synchronization/mutex_lockable_object.rb:48:in `synchronize'
2024-03-12T06:25:49.9073235Z      # /home/runner/work/human-essentials/human-essentials/vendor/bundle/ruby/3.2.0/gems/concurrent-ruby-1.2.3/lib/concurrent-ruby/concurrent/atomic/event.rb:84:in `wait'
2024-03-12T06:25:49.9076311Z      # /home/runner/work/human-essentials/human-essentials/vendor/bundle/ruby/3.2.0/gems/concurrent-ruby-1.2.3/lib/concurrent-ruby/concurrent/concern/obligation.rb:75:in `wait'
2024-03-12T06:25:49.9079341Z      # /home/runner/work/human-essentials/human-essentials/vendor/bundle/ruby/3.2.0/gems/concurrent-ruby-1.2.3/lib/concurrent-ruby/concurrent/concern/obligation.rb:99:in `value!'
2024-03-12T06:25:49.9082114Z      # /home/runner/work/human-essentials/human-essentials/vendor/bundle/ruby/3.2.0/gems/ferrum-0.14/lib/ferrum/browser/client.rb:42:in `command'
2024-03-12T06:25:49.9084611Z      # /home/runner/work/human-essentials/human-essentials/vendor/bundle/ruby/3.2.0/gems/ferrum-0.14/lib/ferrum/page.rb:269:in `command'
2024-03-12T06:25:49.9087273Z      # /home/runner/work/human-essentials/human-essentials/vendor/bundle/ruby/3.2.0/gems/ferrum-0.14/lib/ferrum/frame/runtime.rb:109:in `block in call'
2024-03-12T06:25:49.9089840Z      # /home/runner/work/human-essentials/human-essentials/vendor/bundle/ruby/3.2.0/gems/ferrum-0.14/lib/ferrum/utils/attempt.rb:10:in `with_retry'
2024-03-12T06:25:49.9092446Z      # /home/runner/work/human-essentials/human-essentials/vendor/bundle/ruby/3.2.0/gems/ferrum-0.14/lib/ferrum/frame/runtime.rb:105:in `call'
2024-03-12T06:25:49.9095142Z      # /home/runner/work/human-essentials/human-essentials/vendor/bundle/ruby/3.2.0/gems/ferrum-0.14/lib/ferrum/frame/runtime.rb:97:in `evaluate_on'
2024-03-12T06:25:49.9097165Z      # /opt/hostedtoolcache/Ruby/3.2.2/x64/lib/ruby/3.2.0/forwardable.rb:240:in `evaluate_on'
2024-03-12T06:25:49.9098603Z      # /opt/hostedtoolcache/Ruby/3.2.2/x64/lib/ruby/3.2.0/forwardable.rb:240:in `evaluate_on'
2024-03-12T06:25:49.9100942Z      # /home/runner/work/human-essentials/human-essentials/vendor/bundle/ruby/3.2.0/gems/cuprite-0.15/lib/capybara/cuprite/browser.rb:179:in `disabled?'
2024-03-12T06:25:49.9103677Z      # /home/runner/work/human-essentials/human-essentials/vendor/bundle/ruby/3.2.0/gems/cuprite-0.15/lib/capybara/cuprite/node.rb:21:in `command'
2024-03-12T06:25:49.9106088Z      # /home/runner/work/human-essentials/human-essentials/vendor/bundle/ruby/3.2.0/gems/cuprite-0.15/lib/capybara/cuprite/node.rb:143:in `disabled?'
2024-03-12T06:25:49.9108323Z      # /home/runner/work/human-essentials/human-essentials/vendor/bundle/ruby/3.2.0/gems/capybara-3.40.0/lib/capybara/node/element.rb:347:in `block in disabled?'
2024-03-12T06:25:49.9111275Z      # /home/runner/work/human-essentials/human-essentials/vendor/bundle/ruby/3.2.0/gems/capybara-3.40.0/lib/capybara/node/base.rb:77:in `synchronize'
2024-03-12T06:25:49.9114101Z      # /home/runner/work/human-essentials/human-essentials/vendor/bundle/ruby/3.2.0/gems/capybara-3.40.0/lib/capybara/node/element.rb:347:in `disabled?'
2024-03-12T06:25:49.9117160Z      # /home/runner/work/human-essentials/human-essentials/vendor/bundle/ruby/3.2.0/gems/capybara-3.40.0/lib/capybara/selector.rb:431:in `block (2 levels) in <top (required)>'
2024-03-12T06:25:49.9120496Z      # /home/runner/work/human-essentials/human-essentials/vendor/bundle/ruby/3.2.0/gems/capybara-3.40.0/lib/capybara/selector/filters/node_filter.rb:14:in `block in initialize'
2024-03-12T06:25:49.9123694Z      # /home/runner/work/human-essentials/human-essentials/vendor/bundle/ruby/3.2.0/gems/capybara-3.40.0/lib/capybara/selector/filters/base.rb:59:in `instance_exec'
2024-03-12T06:25:49.9126812Z      # /home/runner/work/human-essentials/human-essentials/vendor/bundle/ruby/3.2.0/gems/capybara-3.40.0/lib/capybara/selector/filters/base.rb:59:in `apply'
2024-03-12T06:25:49.9129836Z      # /home/runner/work/human-essentials/human-essentials/vendor/bundle/ruby/3.2.0/gems/capybara-3.40.0/lib/capybara/selector/filters/node_filter.rb:24:in `matches?'
2024-03-12T06:25:49.9133106Z      # /home/runner/work/human-essentials/human-essentials/vendor/bundle/ruby/3.2.0/gems/capybara-3.40.0/lib/capybara/queries/selector_query.rb:296:in `block (2 levels) in matches_node_filters?'
2024-03-12T06:25:49.9136323Z      # /home/runner/work/human-essentials/human-essentials/vendor/bundle/ruby/3.2.0/gems/capybara-3.40.0/lib/capybara/queries/selector_query.rb:284:in `each'
2024-03-12T06:25:49.9139141Z      # /home/runner/work/human-essentials/human-essentials/vendor/bundle/ruby/3.2.0/gems/capybara-3.40.0/lib/capybara/queries/selector_query.rb:284:in `all?'
2024-03-12T06:25:49.9142565Z      # /home/runner/work/human-essentials/human-essentials/vendor/bundle/ruby/3.2.0/gems/capybara-3.40.0/lib/capybara/queries/selector_query.rb:284:in `block in matches_node_filters?'
2024-03-12T06:25:49.9145830Z      # /home/runner/work/human-essentials/human-essentials/vendor/bundle/ruby/3.2.0/gems/capybara-3.40.0/lib/capybara/selector/selector.rb:89:in `with_filter_errors'
2024-03-12T06:25:49.9149241Z      # /home/runner/work/human-essentials/human-essentials/vendor/bundle/ruby/3.2.0/gems/capybara-3.40.0/lib/capybara/queries/selector_query.rb:283:in `matches_node_filters?'
2024-03-12T06:25:49.9152469Z      # /home/runner/work/human-essentials/human-essentials/vendor/bundle/ruby/3.2.0/gems/capybara-3.40.0/lib/capybara/queries/selector_query.rb:124:in `matches_filters?'
2024-03-12T06:25:49.9155422Z      # /home/runner/work/human-essentials/human-essentials/vendor/bundle/ruby/3.2.0/gems/capybara-3.40.0/lib/capybara/result.rb:32:in `block in initialize'
2024-03-12T06:25:49.9158100Z      # /home/runner/work/human-essentials/human-essentials/vendor/bundle/ruby/3.2.0/gems/rspec-core-3.12.2/exe/rspec:in `each'
2024-03-12T06:25:49.9160107Z      # /home/runner/work/human-essentials/human-essentials/vendor/bundle/ruby/3.2.0/gems/rspec-core-3.12.2/exe/rspec:in `each'
2024-03-12T06:25:49.9162301Z      # /home/runner/work/human-essentials/human-essentials/vendor/bundle/ruby/3.2.0/gems/rspec-core-3.12.2/exe/rspec:in `each'
2024-03-12T06:25:49.9164444Z      # /home/runner/work/human-essentials/human-essentials/vendor/bundle/ruby/3.2.0/gems/rspec-core-3.12.2/exe/rspec:in `each'
2024-03-12T06:25:49.9165838Z      # 
2024-03-12T06:25:49.9166582Z      #   Showing full backtrace because every line was filtered out.
2024-03-12T06:25:49.9167782Z      #   See docs for RSpec::Configuration#backtrace_exclusion_patterns and
2024-03-12T06:25:49.9169038Z      #   RSpec::Configuration#backtrace_inclusion_patterns for more information.
2024-03-12T06:25:49.9169768Z 
2024-03-12T06:25:49.9170313Z   2) Distributions via barcode entry a user can add items that do not yet have a barcode
2024-03-12T06:25:49.9171714Z      Failure/Error: expect(page).to have_text("Adult Briefs (Large/X-Large)")
2024-03-12T06:25:49.9172559Z 
2024-03-12T06:25:49.9172795Z      Ferrum::JavaScriptError:
2024-03-12T06:25:49.9173692Z        TypeError: Cannot read properties of null (reading 'click')
2024-03-12T06:25:49.9175677Z            at Object.fill_fields_with_barcode_results (http://127.0.0.1:40529/assets/utils/barcode_items-ee1050c4d1ade4569ef6cfc83d5f4792f67daabaca0ae24f75455737fea0a72b.js:87:47)
2024-03-12T06:25:49.9177580Z            at fire (https://ga.jspm.io/npm:jquery@3.6.1/dist/jquery.js:74:6449)
2024-03-12T06:25:49.9178801Z            at Object.fireWith [as resolveWith] (https://ga.jspm.io/npm:jquery@3.6.1/dist/jquery.js:74:7255)
2024-03-12T06:25:49.9180284Z            at done (https://ga.jspm.io/npm:jquery@3.6.1/dist/jquery.js:74:65284)
2024-03-12T06:25:49.9181634Z            at XMLHttpRequest.<anonymous> (https://ga.jspm.io/npm:jquery@3.6.1/dist/jquery.js:74:67955)
2024-03-12T06:25:49.9182398Z 
2024-03-12T06:25:49.9184034Z      [Screenshot Image]: /home/runner/work/human-essentials/human-essentials/tmp/screenshots/failures_r_spec_example_groups_distributions_via_barcode_entry_a_user_can_add_items_that_do_not_yet_have_a_barcode_219.png
2024-03-12T06:25:49.9185681Z 
2024-03-12T06:25:49.9185687Z 
2024-03-12T06:25:49.9186406Z      # ./spec/system/distribution_system_spec.rb:523:in `block (3 levels) in <top (required)>'
2024-03-12T06:25:49.9187148Z 
2024-03-12T06:25:49.9187412Z 1 deprecation warning total
2024-03-12T06:25:49.9187789Z 
2024-03-12T06:25:49.9188263Z Finished in 1 minute 54.7 seconds (files took 8.09 seconds to load)
2024-03-12T06:25:49.9189157Z 188 examples, 2 failures
2024-03-12T06:25:49.9189572Z 
2024-03-12T06:25:49.9189772Z Failed examples:
2024-03-12T06:25:49.9190150Z 
2024-03-12T06:25:49.9191203Z rspec ./spec/system/distribution_system_spec.rb:502 # Distributions via barcode entry allows users to add items via scanning them in by barcode
2024-03-12T06:25:49.9193654Z rspec ./spec/system/distribution_system_spec.rb:510 # Distributions via barcode entry a user can add items that do not yet have a barcode
2024-03-12T06:25:49.9194871Z 
2024-03-12T06:25:49.9195141Z Randomized with seed 24716
2024-03-12T06:25:49.9195541Z 
2024-03-12T06:25:50.3988203Z Stopped processing SimpleCov as a previous error not related to SimpleCov has been detected
2024-03-12T06:25:50.3990750Z Coverage report generated for RSpec to /home/runner/work/human-essentials/human-essentials/coverage. 3996 / 6478 LOC (61.69%) covered.
2024-03-12T06:25:50.5202758Z /opt/hostedtoolcache/Ruby/3.2.2/x64/bin/ruby -I/home/runner/work/human-essentials/human-essentials/vendor/bundle/ruby/3.2.0/gems/rspec-core-3.12.2/lib:/home/runner/work/human-essentials/human-essentials/vendor/bundle/ruby/3.2.0/gems/rspec-support-3.12.1/lib /home/runner/work/human-essentials/human-essentials/vendor/bundle/ruby/3.2.0/gems/rspec-core-3.12.2/exe/rspec  --format documentation --format KnapsackPro::Formatters::TimeTracker --default-path spec "spec/requests/admin/barcode_items_requests_spec.rb" "spec/requests/admin/users_requests_spec.rb" "spec/requests/dashboard_requests_spec.rb" "spec/requests/item_categories_requests_spec.rb" "spec/requests/partners/distributions_spec.rb" "spec/requests/partners/requests_spec.rb" "spec/requests/purchases_requests_spec.rb" "spec/requests/transfers_requests_spec.rb" "spec/system/adjustment_system_spec.rb" "spec/system/admin/users_system_spec.rb" "spec/system/distribution_system_spec.rb" "spec/system/layout_system_spec.rb" "spec/system/partner_system_spec.rb" "spec/system/partners/partner_distribution_system_spec.rb" "spec/system/question_system_spec.rb" failed
2024-03-12T06:25:50.9084348Z Stopped processing SimpleCov as a previous error not related to SimpleCov has been detected
2024-03-12T06:25:50.9086489Z Coverage report generated for RSpec to /home/runner/work/human-essentials/human-essentials/coverage. 38 / 10785 LOC (0.35%) covered.
2024-03-12T06:25:50.9352506Z ##[error]Process completed with exit code 1.
2024-03-12T06:25:50.9620862Z ##[group]Run actions/upload-artifact@v2
2024-03-12T06:25:50.9621233Z with:
2024-03-12T06:25:50.9621472Z   name: failed-browser-tests
2024-03-12T06:25:50.9621799Z   path: tmp/screenshots
tmp/capybara

2024-03-12T06:25:50.9622142Z   if-no-files-found: warn
2024-03-12T06:25:50.9622410Z ##[endgroup]
2024-03-12T06:25:51.0172417Z Multiple search paths detected. Calculating the least common ancestor of all paths
2024-03-12T06:25:51.0175627Z The least common ancestor is /home/runner/work/human-essentials/human-essentials/tmp. This will be the root directory of the artifact
2024-03-12T06:25:51.0177116Z With the provided path, there will be 5 files uploaded
2024-03-12T06:25:51.0178248Z Starting artifact upload
2024-03-12T06:25:51.0180542Z For more detailed logs during the artifact upload process, enable step-debugging: https://docs.github.com/actions/monitoring-and-troubleshooting-workflows/enabling-debug-logging#enabling-step-debug-logging
2024-03-12T06:25:51.0182524Z Artifact name is valid!
2024-03-12T06:25:51.0773343Z Container for artifact "failed-browser-tests" successfully created. Starting upload of file(s)
2024-03-12T06:25:51.3623511Z Total size of all the files uploaded is 216471 bytes
2024-03-12T06:25:51.3624544Z File upload process has finished. Finalizing the artifact upload
2024-03-12T06:25:51.4085723Z Artifact has been finalized. All files have been successfully uploaded!
2024-03-12T06:25:51.4086712Z 
2024-03-12T06:25:51.4087417Z The raw size of all the files that were specified for upload is 358136 bytes
2024-03-12T06:25:51.4090180Z The size of all the files that were uploaded is 216471 bytes. This takes into account any gzip compression used to reduce the upload size, time and storage
2024-03-12T06:25:51.4091964Z 
2024-03-12T06:25:51.4094251Z Note: The size of downloaded zips can differ significantly from the reported size. For more information see: https://github.com/actions/upload-artifact#zipped-artifact-downloads 
2024-03-12T06:25:51.4096623Z 
2024-03-12T06:25:51.4097317Z Artifact failed-browser-tests has been successfully uploaded!
2024-03-12T06:25:51.4195036Z Post job cleanup.
2024-03-12T06:25:51.5241636Z [command]/usr/bin/git version
2024-03-12T06:25:51.5304858Z git version 2.43.2
2024-03-12T06:25:51.5359158Z Temporarily overriding HOME='/home/runner/work/_temp/46bd3204-eb9d-4402-88ff-72d9fc55804b' before making global git config changes
2024-03-12T06:25:51.5360988Z Adding repository directory to the temporary git global config as a safe directory
2024-03-12T06:25:51.5365472Z [command]/usr/bin/git config --global --add safe.directory /home/runner/work/human-essentials/human-essentials
2024-03-12T06:25:51.5420325Z [command]/usr/bin/git config --local --name-only --get-regexp core\.sshCommand
2024-03-12T06:25:51.5471112Z [command]/usr/bin/git submodule foreach --recursive sh -c "git config --local --name-only --get-regexp 'core\.sshCommand' && git config --local --unset-all 'core.sshCommand' || :"
2024-03-12T06:25:51.5749126Z [command]/usr/bin/git config --local --name-only --get-regexp http\.https\:\/\/github\.com\/\.extraheader
2024-03-12T06:25:51.5779947Z http.https://github.com/.extraheader
2024-03-12T06:25:51.5789870Z [command]/usr/bin/git config --local --unset-all http.https://github.com/.extraheader
2024-03-12T06:25:51.5831340Z [command]/usr/bin/git submodule foreach --recursive sh -c "git config --local --name-only --get-regexp 'http\.https\:\/\/github\.com\/\.extraheader' && git config --local --unset-all 'http.https://github.com/.extraheader' || :"
2024-03-12T06:25:51.6218038Z Print service container logs: 1550bf90c9d547e4b01659013c0affd0_postgres123_cf030e
2024-03-12T06:25:51.6223417Z ##[command]/usr/bin/docker logs --details a46ebc056903ec29a03a1197bd0250b7c609176ed5ae385081a06ca4c3430481
2024-03-12T06:25:51.6351244Z  The files belonging to this database system will be owned by user "postgres".
2024-03-12T06:25:51.6352931Z  This user must also own the server process.
2024-03-12T06:25:51.6353824Z  
2024-03-12T06:25:51.6355341Z  initdb: warning: enabling "trust" authentication for local connections
2024-03-12T06:25:51.6356373Z  You can change this by editing pg_hba.conf or using the option -A, or
2024-03-12T06:25:51.6356978Z  --auth-local and --auth-host, the next time you run initdb.
2024-03-12T06:25:51.6357976Z  2024-03-12 06:22:28.865 UTC [1] LOG:  starting PostgreSQL 12.3 (Debian 12.3-1.pgdg100+1) on x86_64-pc-linux-gnu, compiled by gcc (Debian 8.3.0-6) 8.3.0, 64-bit
2024-03-12T06:25:51.6359168Z  2024-03-12 06:22:28.865 UTC [1] LOG:  listening on IPv4 address "0.0.0.0", port 5432
2024-03-12T06:25:51.6359923Z  2024-03-12 06:22:28.865 UTC [1] LOG:  listening on IPv6 address "::", port 5432
2024-03-12T06:25:51.6360669Z  2024-03-12 06:22:28.866 UTC [1] LOG:  listening on Unix socket "/var/run/postgresql/.s.PGSQL.5432"
2024-03-12T06:25:51.6361462Z  2024-03-12 06:22:28.877 UTC [56] LOG:  database system was shut down at 2024-03-12 06:22:28 UTC
2024-03-12T06:25:51.6362213Z  2024-03-12 06:22:28.882 UTC [1] LOG:  database system is ready to accept connections
2024-03-12T06:25:51.6362841Z  2024-03-12 06:22:38.075 UTC [70] FATAL:  role "root" does not exist
2024-03-12T06:25:51.6363404Z  2024-03-12 06:22:48.174 UTC [79] FATAL:  role "root" does not exist
2024-03-12T06:25:51.6364024Z  2024-03-12 06:22:56.317 UTC [80] FATAL:  database "diaper_test" does not exist
2024-03-12T06:25:51.6364686Z  2024-03-12 06:22:58.255 UTC [89] FATAL:  role "root" does not exist
2024-03-12T06:25:51.6365372Z  2024-03-12 06:23:03.176 UTC [90] ERROR:  relation "flipper_gates" does not exist at character 491
2024-03-12T06:25:51.6366183Z  2024-03-12 06:23:03.176 UTC [90] STATEMENT:  SELECT a.attname, format_type(a.atttypid, a.atttypmod),
2024-03-12T06:25:51.6366958Z  	       pg_get_expr(d.adbin, d.adrelid), a.attnotnull, a.atttypid, a.atttypmod,
2024-03-12T06:25:51.6367583Z  	       c.collname, col_description(a.attrelid, a.attnum) AS comment,
2024-03-12T06:25:51.6368039Z  	       attgenerated as attgenerated
2024-03-12T06:25:51.6368372Z  	  FROM pg_attribute a
2024-03-12T06:25:51.6369223Z  	  LEFT JOIN pg_attrdef d ON a.attrelid = d.adrelid AND a.attnum = d.adnum
2024-03-12T06:25:51.6370747Z  	  LEFT JOIN pg_type t ON a.atttypid = t.oid
2024-03-12T06:25:51.6371576Z  	  LEFT JOIN pg_collation c ON a.attcollation = c.oid AND a.attcollation <> t.typcollation
2024-03-12T06:25:51.6372192Z  	 WHERE a.attrelid = '"flipper_gates"'::regclass
2024-03-12T06:25:51.6372639Z  	   AND a.attnum > 0 AND NOT a.attisdropped
2024-03-12T06:25:51.6372991Z  	 ORDER BY a.attnum
2024-03-12T06:25:51.6373237Z  	
2024-03-12T06:25:51.6373576Z  2024-03-12 06:23:08.336 UTC [101] FATAL:  role "root" does not exist
2024-03-12T06:25:51.6374129Z  2024-03-12 06:23:18.435 UTC [110] FATAL:  role "root" does not exist
2024-03-12T06:25:51.6374672Z  2024-03-12 06:23:28.532 UTC [118] FATAL:  role "root" does not exist
2024-03-12T06:25:51.6375210Z  2024-03-12 06:23:38.618 UTC [128] FATAL:  role "root" does not exist
2024-03-12T06:25:51.6376044Z  2024-03-12 06:23:48.691 UTC [137] FATAL:  role "root" does not exist
2024-03-12T06:25:51.6376587Z  2024-03-12 06:23:58.794 UTC [147] FATAL:  role "root" does not exist
2024-03-12T06:25:51.6377125Z  2024-03-12 06:24:08.883 UTC [156] FATAL:  role "root" does not exist
2024-03-12T06:25:51.6377656Z  2024-03-12 06:24:18.973 UTC [165] FATAL:  role "root" does not exist
2024-03-12T06:25:51.6378185Z  2024-03-12 06:24:29.062 UTC [173] FATAL:  role "root" does not exist
2024-03-12T06:25:51.6378713Z  2024-03-12 06:24:39.150 UTC [182] FATAL:  role "root" does not exist
2024-03-12T06:25:51.6379675Z  2024-03-12 06:24:49.240 UTC [190] FATAL:  role "root" does not exist
2024-03-12T06:25:51.6380266Z  2024-03-12 06:24:59.333 UTC [198] FATAL:  role "root" does not exist
2024-03-12T06:25:51.6380808Z  2024-03-12 06:25:09.429 UTC [207] FATAL:  role "root" does not exist
2024-03-12T06:25:51.6381344Z  2024-03-12 06:25:19.518 UTC [215] FATAL:  role "root" does not exist
2024-03-12T06:25:51.6381884Z  2024-03-12 06:25:29.601 UTC [223] FATAL:  role "root" does not exist
2024-03-12T06:25:51.6382411Z  2024-03-12 06:25:39.687 UTC [233] FATAL:  role "root" does not exist
2024-03-12T06:25:51.6382936Z  2024-03-12 06:25:49.777 UTC [241] FATAL:  role "root" does not exist
2024-03-12T06:25:51.6383494Z  The database cluster will be initialized with locale "en_US.utf8".
2024-03-12T06:25:51.6384079Z  The default database encoding has accordingly been set to "UTF8".
2024-03-12T06:25:51.6384649Z  The default text search configuration will be set to "english".
2024-03-12T06:25:51.6385072Z  
2024-03-12T06:25:51.6385307Z  Data page checksums are disabled.
2024-03-12T06:25:51.6385615Z  
2024-03-12T06:25:51.6385981Z  fixing permissions on existing directory /var/lib/postgresql/data ... ok
2024-03-12T06:25:51.6386473Z  creating subdirectories ... ok
2024-03-12T06:25:51.6386865Z  selecting dynamic shared memory implementation ... posix
2024-03-12T06:25:51.6387309Z  selecting default max_connections ... 100
2024-03-12T06:25:51.6387697Z  selecting default shared_buffers ... 128MB
2024-03-12T06:25:51.6388073Z  selecting default time zone ... Etc/UTC
2024-03-12T06:25:51.6388429Z  creating configuration files ... ok
2024-03-12T06:25:51.6388771Z  running bootstrap script ... ok
2024-03-12T06:25:51.6389134Z  performing post-bootstrap initialization ... ok
2024-03-12T06:25:51.6389513Z  syncing data to disk ... ok
2024-03-12T06:25:51.6389778Z  
2024-03-12T06:25:51.6389964Z  
2024-03-12T06:25:51.6390246Z  Success. You can now start the database server using:
2024-03-12T06:25:51.6390628Z  
2024-03-12T06:25:51.6390912Z      pg_ctl -D /var/lib/postgresql/data -l logfile start
2024-03-12T06:25:51.6391283Z  
2024-03-12T06:25:51.6392094Z  waiting for server to start....2024-03-12 06:22:28.662 UTC [47] LOG:  starting PostgreSQL 12.3 (Debian 12.3-1.pgdg100+1) on x86_64-pc-linux-gnu, compiled by gcc (Debian 8.3.0-6) 8.3.0, 64-bit
2024-03-12T06:25:51.6393251Z  2024-03-12 06:22:28.663 UTC [47] LOG:  listening on Unix socket "/var/run/postgresql/.s.PGSQL.5432"
2024-03-12T06:25:51.6394020Z  2024-03-12 06:22:28.674 UTC [48] LOG:  database system was shut down at 2024-03-12 06:22:28 UTC
2024-03-12T06:25:51.6394735Z  2024-03-12 06:22:28.679 UTC [47] LOG:  database system is ready to accept connections
2024-03-12T06:25:51.6395222Z   done
2024-03-12T06:25:51.6395431Z  server started
2024-03-12T06:25:51.6395657Z  
2024-03-12T06:25:51.6396051Z  /usr/local/bin/docker-entrypoint.sh: ignoring /docker-entrypoint-initdb.d/*
2024-03-12T06:25:51.6396545Z  
2024-03-12T06:25:51.6396870Z  2024-03-12 06:22:28.754 UTC [47] LOG:  received fast shutdown request
2024-03-12T06:25:51.6397599Z  waiting for server to shut down....2024-03-12 06:22:28.755 UTC [47] LOG:  aborting any active transactions
2024-03-12T06:25:51.6398516Z  2024-03-12 06:22:28.756 UTC [47] LOG:  background worker "logical replication launcher" (PID 54) exited with exit code 1
2024-03-12T06:25:51.6399210Z  2024-03-12 06:22:28.756 UTC [49] LOG:  shutting down
2024-03-12T06:25:51.6399852Z  2024-03-12 06:22:28.763 UTC [47] LOG:  database system is shut down
2024-03-12T06:25:51.6400270Z   done
2024-03-12T06:25:51.6400480Z  server stopped
2024-03-12T06:25:51.6400697Z  
2024-03-12T06:25:51.6400987Z  PostgreSQL init process complete; ready for start up.
2024-03-12T06:25:51.6401367Z  
2024-03-12T06:25:51.6406938Z Stop and remove container: 1550bf90c9d547e4b01659013c0affd0_postgres123_cf030e
2024-03-12T06:25:51.6412472Z ##[command]/usr/bin/docker rm --force a46ebc056903ec29a03a1197bd0250b7c609176ed5ae385081a06ca4c3430481
2024-03-12T06:25:51.8764794Z a46ebc056903ec29a03a1197bd0250b7c609176ed5ae385081a06ca4c3430481
2024-03-12T06:25:51.8790267Z Remove container network: github_network_9908654d05f9489d9b82e3b3cd66e341
2024-03-12T06:25:51.8795487Z ##[command]/usr/bin/docker network rm github_network_9908654d05f9489d9b82e3b3cd66e341
2024-03-12T06:25:52.1277766Z github_network_9908654d05f9489d9b82e3b3cd66e341
2024-03-12T06:25:52.1444215Z Cleaning up orphan processes
