2024-03-01T20:46:14.5921597Z Requested labels: ubuntu-latest
2024-03-01T20:46:14.5921930Z Job defined at: rubyforgood/human-essentials/.github/workflows/brakeman.yml@refs/pull/3982/merge
2024-03-01T20:46:14.5922059Z Waiting for a runner to pick up this job...
2024-03-01T20:46:15.6398886Z Job is waiting for a hosted runner to come online.
2024-03-01T20:46:19.1900100Z Job is about to start running on the hosted runner: GitHub Actions 10 (hosted)
2024-03-01T20:46:20.9348725Z Current runner version: '2.313.0'
2024-03-01T20:46:20.9381085Z ##[group]Operating System
2024-03-01T20:46:20.9382332Z Ubuntu
2024-03-01T20:46:20.9382939Z 22.04.4
2024-03-01T20:46:20.9383449Z LTS
2024-03-01T20:46:20.9384113Z ##[endgroup]
2024-03-01T20:46:20.9384817Z ##[group]Runner Image
2024-03-01T20:46:20.9385524Z Image: ubuntu-22.04
2024-03-01T20:46:20.9386356Z Version: 20240225.1.0
2024-03-01T20:46:20.9388103Z Included Software: https://github.com/actions/runner-images/blob/ubuntu22/20240225.1/images/ubuntu/Ubuntu2204-Readme.md
2024-03-01T20:46:20.9390773Z Image Release: https://github.com/actions/runner-images/releases/tag/ubuntu22%2F20240225.1
2024-03-01T20:46:20.9392624Z ##[endgroup]
2024-03-01T20:46:20.9393464Z ##[group]Runner Image Provisioner
2024-03-01T20:46:20.9394289Z 2.0.347.1
2024-03-01T20:46:20.9395074Z ##[endgroup]
2024-03-01T20:46:20.9399375Z ##[group]GITHUB_TOKEN Permissions
2024-03-01T20:46:20.9401831Z Actions: write
2024-03-01T20:46:20.9402740Z Checks: write
2024-03-01T20:46:20.9403643Z Contents: write
2024-03-01T20:46:20.9404707Z Deployments: write
2024-03-01T20:46:20.9405443Z Discussions: write
2024-03-01T20:46:20.9406325Z Issues: write
2024-03-01T20:46:20.9407079Z Metadata: read
2024-03-01T20:46:20.9407831Z Packages: write
2024-03-01T20:46:20.9408751Z Pages: write
2024-03-01T20:46:20.9409453Z PullRequests: write
2024-03-01T20:46:20.9410242Z RepositoryProjects: write
2024-03-01T20:46:20.9411145Z SecurityEvents: write
2024-03-01T20:46:20.9411855Z Statuses: write
2024-03-01T20:46:20.9412470Z ##[endgroup]
2024-03-01T20:46:20.9416842Z Secret source: Actions
2024-03-01T20:46:20.9417841Z Prepare workflow directory
2024-03-01T20:46:21.0045043Z Prepare all required actions
2024-03-01T20:46:21.0200004Z Getting action download info
2024-03-01T20:46:21.2619842Z Download action repository 'actions/checkout@v2' (SHA:ee0669bd1cc54295c223e0bb666b733df41de1c5)
2024-03-01T20:46:21.3695549Z Download action repository 'ruby/setup-ruby@v1' (SHA:d4526a55538b775af234ba4af27118ed6f8f6677)
2024-03-01T20:46:21.8552574Z Complete job name: brakeman
2024-03-01T20:46:21.9446159Z ##[group]Run actions/checkout@v2
2024-03-01T20:46:21.9446756Z with:
2024-03-01T20:46:21.9447201Z   repository: rubyforgood/human-essentials
2024-03-01T20:46:21.9448120Z   token: ***
2024-03-01T20:46:21.9448513Z   ssh-strict: true
2024-03-01T20:46:21.9448966Z   persist-credentials: true
2024-03-01T20:46:21.9449564Z   clean: true
2024-03-01T20:46:21.9449928Z   fetch-depth: 1
2024-03-01T20:46:21.9450352Z   lfs: false
2024-03-01T20:46:21.9450834Z   submodules: false
2024-03-01T20:46:21.9451236Z   set-safe-directory: true
2024-03-01T20:46:21.9451721Z ##[endgroup]
2024-03-01T20:46:22.1206760Z Syncing repository: rubyforgood/human-essentials
2024-03-01T20:46:22.1209039Z ##[group]Getting Git version info
2024-03-01T20:46:22.1210332Z Working directory is '/home/runner/work/human-essentials/human-essentials'
2024-03-01T20:46:22.1211715Z [command]/usr/bin/git version
2024-03-01T20:46:22.1217133Z git version 2.43.2
2024-03-01T20:46:22.1240512Z ##[endgroup]
2024-03-01T20:46:22.1259415Z Temporarily overriding HOME='/home/runner/work/_temp/e8cd3295-3c5d-4e46-84e1-58c151d603fd' before making global git config changes
2024-03-01T20:46:22.1262323Z Adding repository directory to the temporary git global config as a safe directory
2024-03-01T20:46:22.1264947Z [command]/usr/bin/git config --global --add safe.directory /home/runner/work/human-essentials/human-essentials
2024-03-01T20:46:22.1304030Z Deleting the contents of '/home/runner/work/human-essentials/human-essentials'
2024-03-01T20:46:22.1308411Z ##[group]Initializing the repository
2024-03-01T20:46:22.1311810Z [command]/usr/bin/git init /home/runner/work/human-essentials/human-essentials
2024-03-01T20:46:22.1377529Z hint: Using 'master' as the name for the initial branch. This default branch name
2024-03-01T20:46:22.1379614Z hint: is subject to change. To configure the initial branch name to use in all
2024-03-01T20:46:22.1381691Z hint: of your new repositories, which will suppress this warning, call:
2024-03-01T20:46:22.1383476Z hint: 
2024-03-01T20:46:22.1384479Z hint: 	git config --global init.defaultBranch <name>
2024-03-01T20:46:22.1385727Z hint: 
2024-03-01T20:46:22.1386860Z hint: Names commonly chosen instead of 'master' are 'main', 'trunk' and
2024-03-01T20:46:22.1388456Z hint: 'development'. The just-created branch can be renamed via this command:
2024-03-01T20:46:22.1389379Z hint: 
2024-03-01T20:46:22.1389815Z hint: 	git branch -m <name>
2024-03-01T20:46:22.1390777Z Initialized empty Git repository in /home/runner/work/human-essentials/human-essentials/.git/
2024-03-01T20:46:22.1395369Z [command]/usr/bin/git remote add origin https://github.com/rubyforgood/human-essentials
2024-03-01T20:46:22.1436167Z ##[endgroup]
2024-03-01T20:46:22.1437152Z ##[group]Disabling automatic garbage collection
2024-03-01T20:46:22.1439733Z [command]/usr/bin/git config --local gc.auto 0
2024-03-01T20:46:22.1476124Z ##[endgroup]
2024-03-01T20:46:22.1477049Z ##[group]Setting up auth
2024-03-01T20:46:22.1484269Z [command]/usr/bin/git config --local --name-only --get-regexp core\.sshCommand
2024-03-01T20:46:22.1522583Z [command]/usr/bin/git submodule foreach --recursive sh -c "git config --local --name-only --get-regexp 'core\.sshCommand' && git config --local --unset-all 'core.sshCommand' || :"
2024-03-01T20:46:22.1814282Z [command]/usr/bin/git config --local --name-only --get-regexp http\.https\:\/\/github\.com\/\.extraheader
2024-03-01T20:46:22.1851937Z [command]/usr/bin/git submodule foreach --recursive sh -c "git config --local --name-only --get-regexp 'http\.https\:\/\/github\.com\/\.extraheader' && git config --local --unset-all 'http.https://github.com/.extraheader' || :"
2024-03-01T20:46:22.2087419Z [command]/usr/bin/git config --local http.https://github.com/.extraheader AUTHORIZATION: basic ***
2024-03-01T20:46:22.2131523Z ##[endgroup]
2024-03-01T20:46:22.2132949Z ##[group]Fetching the repository
2024-03-01T20:46:22.2142128Z [command]/usr/bin/git -c protocol.version=2 fetch --no-tags --prune --progress --no-recurse-submodules --depth=1 origin +c13dcd8a843e2f36d797880b4c9e48c55ed23db5:refs/remotes/pull/3982/merge
2024-03-01T20:46:22.4512065Z remote: Enumerating objects: 1743, done.        
2024-03-01T20:46:22.4513212Z remote: Counting objects:   0% (1/1743)        
2024-03-01T20:46:22.4514128Z remote: Counting objects:   1% (18/1743)        
2024-03-01T20:46:22.4515135Z remote: Counting objects:   2% (35/1743)        
2024-03-01T20:46:22.4516100Z remote: Counting objects:   3% (53/1743)        
2024-03-01T20:46:22.4516776Z remote: Counting objects:   4% (70/1743)        
2024-03-01T20:46:22.4517616Z remote: Counting objects:   5% (88/1743)        
2024-03-01T20:46:22.4518367Z remote: Counting objects:   6% (105/1743)        
2024-03-01T20:46:22.4519031Z remote: Counting objects:   7% (123/1743)        
2024-03-01T20:46:22.4519833Z remote: Counting objects:   8% (140/1743)        
2024-03-01T20:46:22.4520577Z remote: Counting objects:   9% (157/1743)        
2024-03-01T20:46:22.4521280Z remote: Counting objects:  10% (175/1743)        
2024-03-01T20:46:22.4521915Z remote: Counting objects:  11% (192/1743)        
2024-03-01T20:46:22.4522448Z remote: Counting objects:  12% (210/1743)        
2024-03-01T20:46:22.4522980Z remote: Counting objects:  13% (227/1743)        
2024-03-01T20:46:22.4524956Z remote: Counting objects:  14% (245/1743)        
2024-03-01T20:46:22.4525486Z remote: Counting objects:  15% (262/1743)        
2024-03-01T20:46:22.4525929Z remote: Counting objects:  16% (279/1743)        
2024-03-01T20:46:22.4526485Z remote: Counting objects:  17% (297/1743)        
2024-03-01T20:46:22.4526969Z remote: Counting objects:  18% (314/1743)        
2024-03-01T20:46:22.4527442Z remote: Counting objects:  19% (332/1743)        
2024-03-01T20:46:22.4527956Z remote: Counting objects:  20% (349/1743)        
2024-03-01T20:46:22.4528434Z remote: Counting objects:  21% (367/1743)        
2024-03-01T20:46:22.4528903Z remote: Counting objects:  22% (384/1743)        
2024-03-01T20:46:22.4529415Z remote: Counting objects:  23% (401/1743)        
2024-03-01T20:46:22.4530188Z remote: Counting objects:  24% (419/1743)        
2024-03-01T20:46:22.4530731Z remote: Counting objects:  25% (436/1743)        
2024-03-01T20:46:22.4531252Z remote: Counting objects:  26% (454/1743)        
2024-03-01T20:46:22.4531733Z remote: Counting objects:  27% (471/1743)        
2024-03-01T20:46:22.4532227Z remote: Counting objects:  28% (489/1743)        
2024-03-01T20:46:22.4532722Z remote: Counting objects:  29% (506/1743)        
2024-03-01T20:46:22.4533192Z remote: Counting objects:  30% (523/1743)        
2024-03-01T20:46:22.4533676Z remote: Counting objects:  31% (541/1743)        
2024-03-01T20:46:22.4534182Z remote: Counting objects:  32% (558/1743)        
2024-03-01T20:46:22.4534651Z remote: Counting objects:  33% (576/1743)        
2024-03-01T20:46:22.4535138Z remote: Counting objects:  34% (593/1743)        
2024-03-01T20:46:22.4535667Z remote: Counting objects:  35% (611/1743)        
2024-03-01T20:46:22.4536102Z remote: Counting objects:  36% (628/1743)        
2024-03-01T20:46:22.4536620Z remote: Counting objects:  37% (645/1743)        
2024-03-01T20:46:22.4537152Z remote: Counting objects:  38% (663/1743)        
2024-03-01T20:46:22.4537596Z remote: Counting objects:  39% (680/1743)        
2024-03-01T20:46:22.4538062Z remote: Counting objects:  40% (698/1743)        
2024-03-01T20:46:22.4538592Z remote: Counting objects:  41% (715/1743)        
2024-03-01T20:46:22.4539036Z remote: Counting objects:  42% (733/1743)        
2024-03-01T20:46:22.4539502Z remote: Counting objects:  43% (750/1743)        
2024-03-01T20:46:22.4540025Z remote: Counting objects:  44% (767/1743)        
2024-03-01T20:46:22.4652416Z remote: Counting objects:  45% (785/1743)        
2024-03-01T20:46:22.4653445Z remote: Counting objects:  46% (802/1743)        
2024-03-01T20:46:22.4654721Z remote: Counting objects:  47% (820/1743)        
2024-03-01T20:46:22.4655333Z remote: Counting objects:  48% (837/1743)        
2024-03-01T20:46:22.4655962Z remote: Counting objects:  49% (855/1743)        
2024-03-01T20:46:22.4656760Z remote: Counting objects:  50% (872/1743)        
2024-03-01T20:46:22.4657344Z remote: Counting objects:  51% (889/1743)        
2024-03-01T20:46:22.4657950Z remote: Counting objects:  52% (907/1743)        
2024-03-01T20:46:22.4658488Z remote: Counting objects:  53% (924/1743)        
2024-03-01T20:46:22.4659036Z remote: Counting objects:  54% (942/1743)        
2024-03-01T20:46:22.4659593Z remote: Counting objects:  55% (959/1743)        
2024-03-01T20:46:22.4660125Z remote: Counting objects:  56% (977/1743)        
2024-03-01T20:46:22.4660677Z remote: Counting objects:  57% (994/1743)        
2024-03-01T20:46:22.4661280Z remote: Counting objects:  58% (1011/1743)        
2024-03-01T20:46:22.4661834Z remote: Counting objects:  59% (1029/1743)        
2024-03-01T20:46:22.4662396Z remote: Counting objects:  60% (1046/1743)        
2024-03-01T20:46:22.4663016Z remote: Counting objects:  61% (1064/1743)        
2024-03-01T20:46:22.4663540Z remote: Counting objects:  62% (1081/1743)        
2024-03-01T20:46:22.4664111Z remote: Counting objects:  63% (1099/1743)        
2024-03-01T20:46:22.4664808Z remote: Counting objects:  64% (1116/1743)        
2024-03-01T20:46:22.4665366Z remote: Counting objects:  65% (1133/1743)        
2024-03-01T20:46:22.4665837Z remote: Counting objects:  66% (1151/1743)        
2024-03-01T20:46:22.4666396Z remote: Counting objects:  67% (1168/1743)        
2024-03-01T20:46:22.4666897Z remote: Counting objects:  68% (1186/1743)        
2024-03-01T20:46:22.4667355Z remote: Counting objects:  69% (1203/1743)        
2024-03-01T20:46:22.4667931Z remote: Counting objects:  70% (1221/1743)        
2024-03-01T20:46:22.4668428Z remote: Counting objects:  71% (1238/1743)        
2024-03-01T20:46:22.4668879Z remote: Counting objects:  72% (1255/1743)        
2024-03-01T20:46:22.4669428Z remote: Counting objects:  73% (1273/1743)        
2024-03-01T20:46:22.4669927Z remote: Counting objects:  74% (1290/1743)        
2024-03-01T20:46:22.4670376Z remote: Counting objects:  75% (1308/1743)        
2024-03-01T20:46:22.4671158Z remote: Counting objects:  76% (1325/1743)        
2024-03-01T20:46:22.4671660Z remote: Counting objects:  77% (1343/1743)        
2024-03-01T20:46:22.4672116Z remote: Counting objects:  78% (1360/1743)        
2024-03-01T20:46:22.4672693Z remote: Counting objects:  79% (1377/1743)        
2024-03-01T20:46:22.4673595Z remote: Counting objects:  80% (1395/1743)        
2024-03-01T20:46:22.4674732Z remote: Counting objects:  81% (1412/1743)        
2024-03-01T20:46:22.4675899Z remote: Counting objects:  82% (1430/1743)        
2024-03-01T20:46:22.4676914Z remote: Counting objects:  83% (1447/1743)        
2024-03-01T20:46:22.4677827Z remote: Counting objects:  84% (1465/1743)        
2024-03-01T20:46:22.4678358Z remote: Counting objects:  85% (1482/1743)        
2024-03-01T20:46:22.4678860Z remote: Counting objects:  86% (1499/1743)        
2024-03-01T20:46:22.4679443Z remote: Counting objects:  87% (1517/1743)        
2024-03-01T20:46:22.4679926Z remote: Counting objects:  88% (1534/1743)        
2024-03-01T20:46:22.4680435Z remote: Counting objects:  89% (1552/1743)        
2024-03-01T20:46:22.4681013Z remote: Counting objects:  90% (1569/1743)        
2024-03-01T20:46:22.4681467Z remote: Counting objects:  91% (1587/1743)        
2024-03-01T20:46:22.4681948Z remote: Counting objects:  92% (1604/1743)        
2024-03-01T20:46:22.4682539Z remote: Counting objects:  93% (1621/1743)        
2024-03-01T20:46:22.4682987Z remote: Counting objects:  94% (1639/1743)        
2024-03-01T20:46:22.4683468Z remote: Counting objects:  95% (1656/1743)        
2024-03-01T20:46:22.4684040Z remote: Counting objects:  96% (1674/1743)        
2024-03-01T20:46:22.4684485Z remote: Counting objects:  97% (1691/1743)        
2024-03-01T20:46:22.4684961Z remote: Counting objects:  98% (1709/1743)        
2024-03-01T20:46:22.4685521Z remote: Counting objects:  99% (1726/1743)        
2024-03-01T20:46:22.4685963Z remote: Counting objects: 100% (1743/1743)        
2024-03-01T20:46:22.4687142Z remote: Counting objects: 100% (1743/1743), done.        
2024-03-01T20:46:22.4688374Z remote: Compressing objects:   0% (1/1558)        
2024-03-01T20:46:22.4688980Z remote: Compressing objects:   1% (16/1558)        
2024-03-01T20:46:22.4689503Z remote: Compressing objects:   2% (32/1558)        
2024-03-01T20:46:22.4690092Z remote: Compressing objects:   3% (47/1558)        
2024-03-01T20:46:22.4690603Z remote: Compressing objects:   4% (63/1558)        
2024-03-01T20:46:22.4691091Z remote: Compressing objects:   5% (78/1558)        
2024-03-01T20:46:22.4691653Z remote: Compressing objects:   6% (94/1558)        
2024-03-01T20:46:22.4692180Z remote: Compressing objects:   7% (110/1558)        
2024-03-01T20:46:22.4692659Z remote: Compressing objects:   8% (125/1558)        
2024-03-01T20:46:22.4693246Z remote: Compressing objects:   9% (141/1558)        
2024-03-01T20:46:22.4693774Z remote: Compressing objects:  10% (156/1558)        
2024-03-01T20:46:22.4694242Z remote: Compressing objects:  11% (172/1558)        
2024-03-01T20:46:22.4694829Z remote: Compressing objects:  12% (187/1558)        
2024-03-01T20:46:22.4723962Z remote: Compressing objects:  13% (203/1558)        
2024-03-01T20:46:22.4724944Z remote: Compressing objects:  14% (219/1558)        
2024-03-01T20:46:22.4733184Z remote: Compressing objects:  15% (234/1558)        
2024-03-01T20:46:22.4740246Z remote: Compressing objects:  16% (250/1558)        
2024-03-01T20:46:22.4749664Z remote: Compressing objects:  17% (265/1558)        
2024-03-01T20:46:22.4760328Z remote: Compressing objects:  18% (281/1558)        
2024-03-01T20:46:22.4773702Z remote: Compressing objects:  19% (297/1558)        
2024-03-01T20:46:22.4791802Z remote: Compressing objects:  20% (312/1558)        
2024-03-01T20:46:22.4834721Z remote: Compressing objects:  21% (328/1558)        
2024-03-01T20:46:22.4854701Z remote: Compressing objects:  22% (343/1558)        
2024-03-01T20:46:22.4863651Z remote: Compressing objects:  23% (359/1558)        
2024-03-01T20:46:22.4876472Z remote: Compressing objects:  24% (374/1558)        
2024-03-01T20:46:22.4880980Z remote: Compressing objects:  25% (390/1558)        
2024-03-01T20:46:22.4888633Z remote: Compressing objects:  26% (406/1558)        
2024-03-01T20:46:22.4903090Z remote: Compressing objects:  27% (421/1558)        
2024-03-01T20:46:22.4912031Z remote: Compressing objects:  28% (437/1558)        
2024-03-01T20:46:22.4925033Z remote: Compressing objects:  29% (452/1558)        
2024-03-01T20:46:22.4934430Z remote: Compressing objects:  30% (468/1558)        
2024-03-01T20:46:22.4958881Z remote: Compressing objects:  31% (483/1558)        
2024-03-01T20:46:22.4965347Z remote: Compressing objects:  32% (499/1558)        
2024-03-01T20:46:22.4973048Z remote: Compressing objects:  33% (515/1558)        
2024-03-01T20:46:22.4987857Z remote: Compressing objects:  34% (530/1558)        
2024-03-01T20:46:22.4992168Z remote: Compressing objects:  35% (546/1558)        
2024-03-01T20:46:22.4998112Z remote: Compressing objects:  36% (561/1558)        
2024-03-01T20:46:22.5011440Z remote: Compressing objects:  37% (577/1558)        
2024-03-01T20:46:22.5024059Z remote: Compressing objects:  38% (593/1558)        
2024-03-01T20:46:22.5024961Z remote: Compressing objects:  39% (608/1558)        
2024-03-01T20:46:22.5025946Z remote: Compressing objects:  40% (624/1558)        
2024-03-01T20:46:22.5026803Z remote: Compressing objects:  41% (639/1558)        
2024-03-01T20:46:22.5027445Z remote: Compressing objects:  42% (655/1558)        
2024-03-01T20:46:22.5031067Z remote: Compressing objects:  43% (670/1558)        
2024-03-01T20:46:22.5036368Z remote: Compressing objects:  44% (686/1558)        
2024-03-01T20:46:22.5038093Z remote: Compressing objects:  45% (702/1558)        
2024-03-01T20:46:22.5042407Z remote: Compressing objects:  46% (717/1558)        
2024-03-01T20:46:22.5045252Z remote: Compressing objects:  47% (733/1558)        
2024-03-01T20:46:22.5047818Z remote: Compressing objects:  48% (748/1558)        
2024-03-01T20:46:22.5051108Z remote: Compressing objects:  49% (764/1558)        
2024-03-01T20:46:22.5056594Z remote: Compressing objects:  50% (779/1558)        
2024-03-01T20:46:22.5057879Z remote: Compressing objects:  51% (795/1558)        
2024-03-01T20:46:22.5064916Z remote: Compressing objects:  52% (811/1558)        
2024-03-01T20:46:22.5066948Z remote: Compressing objects:  53% (826/1558)        
2024-03-01T20:46:22.5073323Z remote: Compressing objects:  54% (842/1558)        
2024-03-01T20:46:22.5085028Z remote: Compressing objects:  55% (857/1558)        
2024-03-01T20:46:22.5121871Z remote: Compressing objects:  56% (873/1558)        
2024-03-01T20:46:22.5158177Z remote: Compressing objects:  57% (889/1558)        
2024-03-01T20:46:22.5176613Z remote: Compressing objects:  58% (904/1558)        
2024-03-01T20:46:22.5183927Z remote: Compressing objects:  59% (920/1558)        
2024-03-01T20:46:22.5189366Z remote: Compressing objects:  60% (935/1558)        
2024-03-01T20:46:22.5193796Z remote: Compressing objects:  61% (951/1558)        
2024-03-01T20:46:22.5197300Z remote: Compressing objects:  62% (966/1558)        
2024-03-01T20:46:22.5204924Z remote: Compressing objects:  63% (982/1558)        
2024-03-01T20:46:22.5209272Z remote: Compressing objects:  64% (998/1558)        
2024-03-01T20:46:22.5211919Z remote: Compressing objects:  65% (1013/1558)        
2024-03-01T20:46:22.5219375Z remote: Compressing objects:  66% (1029/1558)        
2024-03-01T20:46:22.5227108Z remote: Compressing objects:  67% (1044/1558)        
2024-03-01T20:46:22.5233079Z remote: Compressing objects:  68% (1060/1558)        
2024-03-01T20:46:22.5237188Z remote: Compressing objects:  69% (1076/1558)        
2024-03-01T20:46:22.5240454Z remote: Compressing objects:  70% (1091/1558)        
2024-03-01T20:46:22.5257762Z remote: Compressing objects:  71% (1107/1558)        
2024-03-01T20:46:22.5268976Z remote: Compressing objects:  72% (1122/1558)        
2024-03-01T20:46:22.5281304Z remote: Compressing objects:  73% (1138/1558)        
2024-03-01T20:46:22.5286060Z remote: Compressing objects:  74% (1153/1558)        
2024-03-01T20:46:22.5304570Z remote: Compressing objects:  75% (1169/1558)        
2024-03-01T20:46:22.5375889Z remote: Compressing objects:  76% (1185/1558)        
2024-03-01T20:46:22.5394227Z remote: Compressing objects:  77% (1200/1558)        
2024-03-01T20:46:22.5408090Z remote: Compressing objects:  78% (1216/1558)        
2024-03-01T20:46:22.5429174Z remote: Compressing objects:  79% (1231/1558)        
2024-03-01T20:46:22.5466344Z remote: Compressing objects:  80% (1247/1558)        
2024-03-01T20:46:22.5515520Z remote: Compressing objects:  81% (1262/1558)        
2024-03-01T20:46:22.5542036Z remote: Compressing objects:  82% (1278/1558)        
2024-03-01T20:46:22.5576509Z remote: Compressing objects:  83% (1294/1558)        
2024-03-01T20:46:22.5591285Z remote: Compressing objects:  84% (1309/1558)        
2024-03-01T20:46:22.5637869Z remote: Compressing objects:  85% (1325/1558)        
2024-03-01T20:46:22.5681036Z remote: Compressing objects:  86% (1340/1558)        
2024-03-01T20:46:22.5708473Z remote: Compressing objects:  87% (1356/1558)        
2024-03-01T20:46:22.5715817Z remote: Compressing objects:  88% (1372/1558)        
2024-03-01T20:46:22.5717851Z remote: Compressing objects:  89% (1387/1558)        
2024-03-01T20:46:22.5719054Z remote: Compressing objects:  90% (1403/1558)        
2024-03-01T20:46:22.5720122Z remote: Compressing objects:  91% (1418/1558)        
2024-03-01T20:46:22.5721237Z remote: Compressing objects:  92% (1434/1558)        
2024-03-01T20:46:22.5722251Z remote: Compressing objects:  93% (1449/1558)        
2024-03-01T20:46:22.5723367Z remote: Compressing objects:  94% (1465/1558)        
2024-03-01T20:46:22.5726217Z remote: Compressing objects:  95% (1481/1558)        
2024-03-01T20:46:22.5734049Z remote: Compressing objects:  96% (1496/1558)        
2024-03-01T20:46:22.5740376Z remote: Compressing objects:  97% (1512/1558)        
2024-03-01T20:46:22.5741182Z remote: Compressing objects:  98% (1527/1558)        
2024-03-01T20:46:22.5741988Z remote: Compressing objects:  99% (1543/1558)        
2024-03-01T20:46:22.5742666Z remote: Compressing objects: 100% (1558/1558)        
2024-03-01T20:46:22.5743238Z remote: Compressing objects: 100% (1558/1558), done.        
2024-03-01T20:46:22.5773428Z Receiving objects:   0% (1/1743)
2024-03-01T20:46:22.5776314Z Receiving objects:   1% (18/1743)
2024-03-01T20:46:22.5899208Z Receiving objects:   2% (35/1743)
2024-03-01T20:46:22.6781119Z Receiving objects:   3% (53/1743)
2024-03-01T20:46:22.8792654Z Receiving objects:   4% (70/1743)
2024-03-01T20:46:22.8851353Z Receiving objects:   5% (88/1743)
2024-03-01T20:46:22.8855829Z Receiving objects:   6% (105/1743)
2024-03-01T20:46:22.8860496Z Receiving objects:   7% (123/1743)
2024-03-01T20:46:22.8864558Z Receiving objects:   8% (140/1743)
2024-03-01T20:46:22.8868622Z Receiving objects:   9% (157/1743)
2024-03-01T20:46:22.8871711Z Receiving objects:  10% (175/1743)
2024-03-01T20:46:22.8896080Z Receiving objects:  11% (192/1743)
2024-03-01T20:46:22.8900292Z Receiving objects:  12% (210/1743)
2024-03-01T20:46:22.8910860Z Receiving objects:  13% (227/1743)
2024-03-01T20:46:22.8926359Z Receiving objects:  14% (245/1743)
2024-03-01T20:46:22.8929067Z Receiving objects:  15% (262/1743)
2024-03-01T20:46:22.8933151Z Receiving objects:  16% (279/1743)
2024-03-01T20:46:22.8938362Z Receiving objects:  17% (297/1743)
2024-03-01T20:46:22.9008957Z Receiving objects:  18% (314/1743)
2024-03-01T20:46:22.9014749Z Receiving objects:  19% (332/1743)
2024-03-01T20:46:22.9019933Z Receiving objects:  20% (349/1743)
2024-03-01T20:46:22.9024352Z Receiving objects:  21% (367/1743)
2024-03-01T20:46:22.9027997Z Receiving objects:  22% (384/1743)
2024-03-01T20:46:22.9032876Z Receiving objects:  23% (401/1743)
2024-03-01T20:46:22.9047318Z Receiving objects:  24% (419/1743)
2024-03-01T20:46:22.9052609Z Receiving objects:  25% (436/1743)
2024-03-01T20:46:22.9054883Z Receiving objects:  26% (454/1743)
2024-03-01T20:46:22.9057335Z Receiving objects:  27% (471/1743)
2024-03-01T20:46:22.9059895Z Receiving objects:  28% (489/1743)
2024-03-01T20:46:22.9078143Z Receiving objects:  29% (506/1743)
2024-03-01T20:46:22.9079512Z Receiving objects:  30% (523/1743)
2024-03-01T20:46:22.9083670Z Receiving objects:  31% (541/1743)
2024-03-01T20:46:22.9085088Z Receiving objects:  32% (558/1743)
2024-03-01T20:46:22.9087225Z Receiving objects:  33% (576/1743)
2024-03-01T20:46:22.9089228Z Receiving objects:  34% (593/1743)
2024-03-01T20:46:22.9153875Z Receiving objects:  35% (611/1743)
2024-03-01T20:46:22.9160864Z Receiving objects:  36% (628/1743)
2024-03-01T20:46:22.9166434Z Receiving objects:  37% (645/1743)
2024-03-01T20:46:22.9167196Z Receiving objects:  38% (663/1743)
2024-03-01T20:46:22.9193794Z Receiving objects:  39% (680/1743)
2024-03-01T20:46:22.9214498Z Receiving objects:  40% (698/1743)
2024-03-01T20:46:22.9215277Z Receiving objects:  41% (715/1743)
2024-03-01T20:46:22.9216166Z Receiving objects:  42% (733/1743)
2024-03-01T20:46:22.9216994Z Receiving objects:  43% (750/1743)
2024-03-01T20:46:22.9217876Z Receiving objects:  44% (767/1743)
2024-03-01T20:46:22.9218514Z Receiving objects:  45% (785/1743)
2024-03-01T20:46:22.9219187Z Receiving objects:  46% (802/1743)
2024-03-01T20:46:22.9219939Z Receiving objects:  47% (820/1743)
2024-03-01T20:46:22.9220536Z Receiving objects:  48% (837/1743)
2024-03-01T20:46:22.9221292Z Receiving objects:  49% (855/1743)
2024-03-01T20:46:22.9229493Z Receiving objects:  50% (872/1743)
2024-03-01T20:46:22.9230240Z Receiving objects:  51% (889/1743)
2024-03-01T20:46:22.9235174Z Receiving objects:  52% (907/1743)
2024-03-01T20:46:22.9242234Z Receiving objects:  53% (924/1743)
2024-03-01T20:46:22.9247275Z Receiving objects:  54% (942/1743)
2024-03-01T20:46:22.9317525Z Receiving objects:  55% (959/1743)
2024-03-01T20:46:22.9319469Z Receiving objects:  56% (977/1743)
2024-03-01T20:46:22.9321702Z Receiving objects:  57% (994/1743)
2024-03-01T20:46:22.9324193Z Receiving objects:  58% (1011/1743)
2024-03-01T20:46:22.9326372Z Receiving objects:  59% (1029/1743)
2024-03-01T20:46:22.9329952Z Receiving objects:  60% (1046/1743)
2024-03-01T20:46:22.9331478Z Receiving objects:  61% (1064/1743)
2024-03-01T20:46:22.9333822Z Receiving objects:  62% (1081/1743)
2024-03-01T20:46:22.9335539Z Receiving objects:  63% (1099/1743)
2024-03-01T20:46:22.9336697Z Receiving objects:  64% (1116/1743)
2024-03-01T20:46:22.9339254Z Receiving objects:  65% (1133/1743)
2024-03-01T20:46:22.9343236Z Receiving objects:  66% (1151/1743)
2024-03-01T20:46:22.9344273Z Receiving objects:  67% (1168/1743)
2024-03-01T20:46:22.9345312Z Receiving objects:  68% (1186/1743)
2024-03-01T20:46:22.9352595Z Receiving objects:  69% (1203/1743)
2024-03-01T20:46:22.9354606Z Receiving objects:  70% (1221/1743)
2024-03-01T20:46:22.9364669Z Receiving objects:  71% (1238/1743)
2024-03-01T20:46:22.9392394Z Receiving objects:  72% (1255/1743)
2024-03-01T20:46:22.9396051Z Receiving objects:  73% (1273/1743)
2024-03-01T20:46:22.9397999Z Receiving objects:  74% (1290/1743)
2024-03-01T20:46:22.9921825Z Receiving objects:  75% (1308/1743)
2024-03-01T20:46:23.0444214Z Receiving objects:  76% (1325/1743)
2024-03-01T20:46:23.0754161Z Receiving objects:  77% (1343/1743)
2024-03-01T20:46:23.1352397Z Receiving objects:  78% (1360/1743)
2024-03-01T20:46:23.1681645Z Receiving objects:  79% (1377/1743), 3.75 MiB | 7.43 MiB/s
2024-03-01T20:46:23.2119664Z Receiving objects:  80% (1395/1743), 3.75 MiB | 7.43 MiB/s
2024-03-01T20:46:23.2124548Z Receiving objects:  81% (1412/1743), 3.75 MiB | 7.43 MiB/s
2024-03-01T20:46:23.2126720Z Receiving objects:  82% (1430/1743), 3.75 MiB | 7.43 MiB/s
2024-03-01T20:46:23.2129145Z Receiving objects:  83% (1447/1743), 3.75 MiB | 7.43 MiB/s
2024-03-01T20:46:23.2188759Z Receiving objects:  84% (1465/1743), 3.75 MiB | 7.43 MiB/s
2024-03-01T20:46:23.2191941Z Receiving objects:  85% (1482/1743), 3.75 MiB | 7.43 MiB/s
2024-03-01T20:46:23.2201693Z Receiving objects:  86% (1499/1743), 3.75 MiB | 7.43 MiB/s
2024-03-01T20:46:23.2208406Z Receiving objects:  87% (1517/1743), 3.75 MiB | 7.43 MiB/s
2024-03-01T20:46:23.2212910Z Receiving objects:  88% (1534/1743), 3.75 MiB | 7.43 MiB/s
2024-03-01T20:46:23.2218406Z Receiving objects:  89% (1552/1743), 3.75 MiB | 7.43 MiB/s
2024-03-01T20:46:23.2224501Z Receiving objects:  90% (1569/1743), 3.75 MiB | 7.43 MiB/s
2024-03-01T20:46:23.2230719Z Receiving objects:  91% (1587/1743), 3.75 MiB | 7.43 MiB/s
2024-03-01T20:46:23.2235185Z Receiving objects:  92% (1604/1743), 3.75 MiB | 7.43 MiB/s
2024-03-01T20:46:23.2239877Z Receiving objects:  93% (1621/1743), 3.75 MiB | 7.43 MiB/s
2024-03-01T20:46:23.2243799Z Receiving objects:  94% (1639/1743), 3.75 MiB | 7.43 MiB/s
2024-03-01T20:46:23.2247396Z Receiving objects:  95% (1656/1743), 3.75 MiB | 7.43 MiB/s
2024-03-01T20:46:23.2254442Z Receiving objects:  96% (1674/1743), 3.75 MiB | 7.43 MiB/s
2024-03-01T20:46:23.2264195Z Receiving objects:  97% (1691/1743), 3.75 MiB | 7.43 MiB/s
2024-03-01T20:46:23.2272572Z Receiving objects:  98% (1709/1743), 3.75 MiB | 7.43 MiB/s
2024-03-01T20:46:23.2337086Z Receiving objects:  99% (1726/1743), 3.75 MiB | 7.43 MiB/s
2024-03-01T20:46:23.2338433Z remote: Total 1743 (delta 278), reused 965 (delta 146), pack-reused 0        
2024-03-01T20:46:23.2341120Z Receiving objects: 100% (1743/1743), 3.75 MiB | 7.43 MiB/s
2024-03-01T20:46:23.2342150Z Receiving objects: 100% (1743/1743), 6.60 MiB | 10.04 MiB/s, done.
2024-03-01T20:46:23.2346162Z Resolving deltas:   0% (0/278)
2024-03-01T20:46:23.2347252Z Resolving deltas:   1% (3/278)
2024-03-01T20:46:23.2352246Z Resolving deltas:   2% (6/278)
2024-03-01T20:46:23.2353921Z Resolving deltas:   3% (9/278)
2024-03-01T20:46:23.2355926Z Resolving deltas:   4% (12/278)
2024-03-01T20:46:23.2357344Z Resolving deltas:   5% (14/278)
2024-03-01T20:46:23.2358202Z Resolving deltas:   6% (17/278)
2024-03-01T20:46:23.2359906Z Resolving deltas:   7% (20/278)
2024-03-01T20:46:23.2373762Z Resolving deltas:   8% (23/278)
2024-03-01T20:46:23.2374738Z Resolving deltas:   9% (26/278)
2024-03-01T20:46:23.2378029Z Resolving deltas:  10% (28/278)
2024-03-01T20:46:23.2378944Z Resolving deltas:  11% (31/278)
2024-03-01T20:46:23.2380186Z Resolving deltas:  12% (34/278)
2024-03-01T20:46:23.2381322Z Resolving deltas:  13% (37/278)
2024-03-01T20:46:23.2387368Z Resolving deltas:  14% (39/278)
2024-03-01T20:46:23.2388364Z Resolving deltas:  15% (42/278)
2024-03-01T20:46:23.2389211Z Resolving deltas:  16% (45/278)
2024-03-01T20:46:23.2389907Z Resolving deltas:  17% (48/278)
2024-03-01T20:46:23.2390611Z Resolving deltas:  18% (51/278)
2024-03-01T20:46:23.2391501Z Resolving deltas:  19% (53/278)
2024-03-01T20:46:23.2392147Z Resolving deltas:  20% (56/278)
2024-03-01T20:46:23.2392911Z Resolving deltas:  21% (59/278)
2024-03-01T20:46:23.2393804Z Resolving deltas:  22% (62/278)
2024-03-01T20:46:23.2394504Z Resolving deltas:  23% (64/278)
2024-03-01T20:46:23.2395100Z Resolving deltas:  24% (67/278)
2024-03-01T20:46:23.2396227Z Resolving deltas:  25% (70/278)
2024-03-01T20:46:23.2396854Z Resolving deltas:  26% (73/278)
2024-03-01T20:46:23.2397541Z Resolving deltas:  27% (76/278)
2024-03-01T20:46:23.2398396Z Resolving deltas:  28% (78/278)
2024-03-01T20:46:23.2398988Z Resolving deltas:  29% (81/278)
2024-03-01T20:46:23.2399664Z Resolving deltas:  30% (84/278)
2024-03-01T20:46:23.2400403Z Resolving deltas:  31% (87/278)
2024-03-01T20:46:23.2401002Z Resolving deltas:  32% (89/278)
2024-03-01T20:46:23.2401631Z Resolving deltas:  33% (92/278)
2024-03-01T20:46:23.2402363Z Resolving deltas:  34% (95/278)
2024-03-01T20:46:23.2402816Z Resolving deltas:  35% (98/278)
2024-03-01T20:46:23.2403455Z Resolving deltas:  36% (101/278)
2024-03-01T20:46:23.2404216Z Resolving deltas:  37% (103/278)
2024-03-01T20:46:23.2404654Z Resolving deltas:  38% (106/278)
2024-03-01T20:46:23.2405017Z Resolving deltas:  39% (109/278)
2024-03-01T20:46:23.2405509Z Resolving deltas:  40% (112/278)
2024-03-01T20:46:23.2405918Z Resolving deltas:  41% (114/278)
2024-03-01T20:46:23.2411048Z Resolving deltas:  42% (117/278)
2024-03-01T20:46:23.2411880Z Resolving deltas:  43% (120/278)
2024-03-01T20:46:23.2412542Z Resolving deltas:  44% (123/278)
2024-03-01T20:46:23.2413436Z Resolving deltas:  45% (126/278)
2024-03-01T20:46:23.2414204Z Resolving deltas:  46% (128/278)
2024-03-01T20:46:23.2414860Z Resolving deltas:  47% (131/278)
2024-03-01T20:46:23.2416245Z Resolving deltas:  48% (134/278)
2024-03-01T20:46:23.2417174Z Resolving deltas:  49% (137/278)
2024-03-01T20:46:23.2418546Z Resolving deltas:  50% (139/278)
2024-03-01T20:46:23.2420063Z Resolving deltas:  51% (142/278)
2024-03-01T20:46:23.2421452Z Resolving deltas:  52% (145/278)
2024-03-01T20:46:23.2422759Z Resolving deltas:  53% (148/278)
2024-03-01T20:46:23.2424685Z Resolving deltas:  54% (151/278)
2024-03-01T20:46:23.2425526Z Resolving deltas:  55% (154/278)
2024-03-01T20:46:23.2426274Z Resolving deltas:  56% (156/278)
2024-03-01T20:46:23.2426907Z Resolving deltas:  57% (159/278)
2024-03-01T20:46:23.2427900Z Resolving deltas:  58% (162/278)
2024-03-01T20:46:23.2428642Z Resolving deltas:  59% (165/278)
2024-03-01T20:46:23.2430393Z Resolving deltas:  60% (167/278)
2024-03-01T20:46:23.2431061Z Resolving deltas:  61% (170/278)
2024-03-01T20:46:23.2431817Z Resolving deltas:  62% (173/278)
2024-03-01T20:46:23.2432576Z Resolving deltas:  63% (176/278)
2024-03-01T20:46:23.2433274Z Resolving deltas:  64% (178/278)
2024-03-01T20:46:23.2433869Z Resolving deltas:  65% (181/278)
2024-03-01T20:46:23.2434585Z Resolving deltas:  66% (184/278)
2024-03-01T20:46:23.2435419Z Resolving deltas:  67% (187/278)
2024-03-01T20:46:23.2436022Z Resolving deltas:  68% (190/278)
2024-03-01T20:46:23.2436791Z Resolving deltas:  69% (192/278)
2024-03-01T20:46:23.2437460Z Resolving deltas:  70% (195/278)
2024-03-01T20:46:23.2438049Z Resolving deltas:  71% (198/278)
2024-03-01T20:46:23.2438777Z Resolving deltas:  72% (201/278)
2024-03-01T20:46:23.2439452Z Resolving deltas:  73% (203/278)
2024-03-01T20:46:23.2440945Z Resolving deltas:  74% (206/278)
2024-03-01T20:46:23.2442388Z Resolving deltas:  75% (209/278)
2024-03-01T20:46:23.2443607Z Resolving deltas:  76% (212/278)
2024-03-01T20:46:23.2444670Z Resolving deltas:  77% (215/278)
2024-03-01T20:46:23.2446310Z Resolving deltas:  78% (217/278)
2024-03-01T20:46:23.2447703Z Resolving deltas:  79% (220/278)
2024-03-01T20:46:23.2451188Z Resolving deltas:  80% (223/278)
2024-03-01T20:46:23.2452446Z Resolving deltas:  81% (226/278)
2024-03-01T20:46:23.2453152Z Resolving deltas:  82% (228/278)
2024-03-01T20:46:23.2457527Z Resolving deltas:  83% (231/278)
2024-03-01T20:46:23.2460930Z Resolving deltas:  84% (234/278)
2024-03-01T20:46:23.2473113Z Resolving deltas:  85% (237/278)
2024-03-01T20:46:23.2474254Z Resolving deltas:  86% (240/278)
2024-03-01T20:46:23.2475074Z Resolving deltas:  87% (242/278)
2024-03-01T20:46:23.2475942Z Resolving deltas:  88% (245/278)
2024-03-01T20:46:23.2476690Z Resolving deltas:  89% (248/278)
2024-03-01T20:46:23.2477352Z Resolving deltas:  90% (251/278)
2024-03-01T20:46:23.2478014Z Resolving deltas:  91% (253/278)
2024-03-01T20:46:23.2478842Z Resolving deltas:  92% (256/278)
2024-03-01T20:46:23.2479545Z Resolving deltas:  93% (259/278)
2024-03-01T20:46:23.2482104Z Resolving deltas:  94% (262/278)
2024-03-01T20:46:23.2483389Z Resolving deltas:  95% (265/278)
2024-03-01T20:46:23.2484819Z Resolving deltas:  96% (267/278)
2024-03-01T20:46:23.2486386Z Resolving deltas:  97% (271/278)
2024-03-01T20:46:23.2487884Z Resolving deltas:  98% (273/278)
2024-03-01T20:46:23.2489469Z Resolving deltas:  99% (276/278)
2024-03-01T20:46:23.2492713Z Resolving deltas: 100% (278/278)
2024-03-01T20:46:23.2493507Z Resolving deltas: 100% (278/278), done.
2024-03-01T20:46:23.2930602Z From https://github.com/rubyforgood/human-essentials
2024-03-01T20:46:23.2931818Z  * [new ref]         c13dcd8a843e2f36d797880b4c9e48c55ed23db5 -> pull/3982/merge
2024-03-01T20:46:23.2955906Z ##[endgroup]
2024-03-01T20:46:23.2956564Z ##[group]Determining the checkout info
2024-03-01T20:46:23.2958073Z ##[endgroup]
2024-03-01T20:46:23.2958952Z ##[group]Checking out the ref
2024-03-01T20:46:23.2962770Z [command]/usr/bin/git checkout --progress --force refs/remotes/pull/3982/merge
2024-03-01T20:46:23.4547503Z Note: switching to 'refs/remotes/pull/3982/merge'.
2024-03-01T20:46:23.4548370Z 
2024-03-01T20:46:23.4548999Z You are in 'detached HEAD' state. You can look around, make experimental
2024-03-01T20:46:23.4550360Z changes and commit them, and you can discard any commits you make in this
2024-03-01T20:46:23.4551504Z state without impacting any branches by switching back to a branch.
2024-03-01T20:46:23.4552178Z 
2024-03-01T20:46:23.4552797Z If you want to create a new branch to retain commits you create, you may
2024-03-01T20:46:23.4553931Z do so (now or later) by using -c with the switch command. Example:
2024-03-01T20:46:23.4554365Z 
2024-03-01T20:46:23.4554560Z   git switch -c <new-branch-name>
2024-03-01T20:46:23.4554811Z 
2024-03-01T20:46:23.4555091Z Or undo this operation with:
2024-03-01T20:46:23.4555605Z 
2024-03-01T20:46:23.4555740Z   git switch -
2024-03-01T20:46:23.4555965Z 
2024-03-01T20:46:23.4556274Z Turn off this advice by setting config variable advice.detachedHead to false
2024-03-01T20:46:23.4556750Z 
2024-03-01T20:46:23.4557433Z HEAD is now at c13dcd8 Merge 2876f49d228e24dff66d40302e4c4bfda9ace410 into 30bed4096808c616d01e27fa58fc40d07faa11eb
2024-03-01T20:46:23.4559084Z ##[endgroup]
2024-03-01T20:46:23.4604796Z [command]/usr/bin/git log -1 --format='%H'
2024-03-01T20:46:23.4638021Z 'c13dcd8a843e2f36d797880b4c9e48c55ed23db5'
2024-03-01T20:46:23.4967184Z ##[group]Run ruby/setup-ruby@v1
2024-03-01T20:46:23.4967634Z with:
2024-03-01T20:46:23.4967927Z   bundler-cache: true
2024-03-01T20:46:23.4968380Z   ruby-version: default
2024-03-01T20:46:23.4968697Z ##[endgroup]
2024-03-01T20:46:23.6767312Z Using 3.2.2 as input from file .ruby-version
2024-03-01T20:46:23.6793576Z ##[group]Modifying PATH
2024-03-01T20:46:23.6794372Z Entries added to PATH to use selected Ruby:
2024-03-01T20:46:23.6795482Z   /opt/hostedtoolcache/Ruby/3.2.2/x64/bin
2024-03-01T20:46:23.6796916Z ##[endgroup]
2024-03-01T20:46:23.6813609Z ##[group]Downloading Ruby
2024-03-01T20:46:23.6816539Z https://github.com/ruby/ruby-builder/releases/download/toolcache/ruby-3.2.2-ubuntu-22.04.tar.gz
2024-03-01T20:46:24.1125106Z Took   0.43 seconds
2024-03-01T20:46:24.1127585Z ##[endgroup]
2024-03-01T20:46:24.1128668Z ##[group]Extracting  Ruby
2024-03-01T20:46:24.1157506Z [command]/usr/bin/tar -xz -C /opt/hostedtoolcache/Ruby/3.2.2 -f /home/runner/work/_temp/cd4eccbb-027a-44da-a93a-3a5b39549867
2024-03-01T20:46:24.5087797Z Took   0.40 seconds
2024-03-01T20:46:24.5088962Z ##[endgroup]
2024-03-01T20:46:24.5089909Z ##[group]Print Ruby version
2024-03-01T20:46:24.5105008Z [command]/opt/hostedtoolcache/Ruby/3.2.2/x64/bin/ruby --version
2024-03-01T20:46:24.5342520Z ruby 3.2.2 (2023-03-30 revision e51014f9c0) [x86_64-linux]
2024-03-01T20:46:24.5364153Z Took   0.03 seconds
2024-03-01T20:46:24.5365191Z ##[endgroup]
2024-03-01T20:46:24.5366111Z ##[group]Installing Bundler
2024-03-01T20:46:24.5373096Z Using Bundler 2.5.4 from Gemfile.lock BUNDLED WITH 2.5.4
2024-03-01T20:46:24.5378652Z [command]/opt/hostedtoolcache/Ruby/3.2.2/x64/bin/gem install bundler -v 2.5.4
2024-03-01T20:46:24.9883186Z Successfully installed bundler-2.5.4
2024-03-01T20:46:24.9884226Z 1 gem installed
2024-03-01T20:46:24.9934399Z Took   0.46 seconds
2024-03-01T20:46:24.9936861Z ##[endgroup]
2024-03-01T20:46:24.9937257Z > bundle install
2024-03-01T20:46:24.9952061Z [command]/opt/hostedtoolcache/Ruby/3.2.2/x64/bin/bundle config --local path /home/runner/work/human-essentials/human-essentials/vendor/bundle
2024-03-01T20:46:25.1405317Z [command]/opt/hostedtoolcache/Ruby/3.2.2/x64/bin/bundle config --local deployment true
2024-03-01T20:46:25.2949391Z Cache key: setup-ruby-bundler-cache-v6-ubuntu-22.04-x64-ruby-3.2.2-wd-/home/runner/work/human-essentials/human-essentials-with--without--only--Gemfile.lock-39ae7e18d3992f620a5bdbd3de4b2af3682e809187e3b75b2d630b2a6c035aea
2024-03-01T20:46:26.5267918Z Received 142606336 of 214852537 (66.4%), 135.3 MBs/sec
2024-03-01T20:46:26.7935996Z Cache Size: ~205 MB (214852537 B)
2024-03-01T20:46:26.8044828Z [command]/usr/bin/tar -xf /home/runner/work/_temp/31c729e5-d35b-4684-967b-a72e0539bb6e/cache.tzst -P -C /home/runner/work/human-essentials/human-essentials --use-compress-program unzstd
2024-03-01T20:46:27.5282609Z Received 214852537 of 214852537 (100.0%), 102.1 MBs/sec
2024-03-01T20:46:28.5032599Z Cache restored successfully
2024-03-01T20:46:28.5585517Z Found cache for key: setup-ruby-bundler-cache-v6-ubuntu-22.04-x64-ruby-3.2.2-wd-/home/runner/work/human-essentials/human-essentials-with--without--only--Gemfile.lock-39ae7e18d3992f620a5bdbd3de4b2af3682e809187e3b75b2d630b2a6c035aea
2024-03-01T20:46:28.5596314Z [command]/opt/hostedtoolcache/Ruby/3.2.2/x64/bin/bundle install --jobs 4
2024-03-01T20:46:28.9354464Z Bundle complete! 85 Gemfile dependencies, 246 gems now installed.
2024-03-01T20:46:28.9357756Z Bundled gems are installed into `./vendor/bundle`
2024-03-01T20:46:28.9402050Z Took   3.95 seconds
2024-03-01T20:46:28.9628550Z ##[group]Run bundle exec brakeman
2024-03-01T20:46:28.9629286Z [36;1mbundle exec brakeman[0m
2024-03-01T20:46:28.9686672Z shell: /usr/bin/bash -e {0}
2024-03-01T20:46:28.9687415Z ##[endgroup]
2024-03-01T20:46:29.3145122Z Loading scanner...
2024-03-01T20:46:29.7317063Z Processing application in /home/runner/work/human-essentials/human-essentials
2024-03-01T20:46:29.7323415Z Processing gems...                      
2024-03-01T20:46:29.7757273Z [Notice] Detected Rails 7 application
2024-03-01T20:46:29.7758465Z Processing configuration...             
2024-03-01T20:46:29.7899275Z [Notice] Escaping HTML by default
2024-03-01T20:46:29.7904471Z Parsing files...                        
2024-03-01T20:46:32.8918336Z Detecting file types...                 
2024-03-01T20:46:32.9318618Z Processing initializers...              
2024-03-01T20:46:32.9323113Z  0/23 files processed
2024-03-01T20:46:32.9327566Z  1/23 files processed
2024-03-01T20:46:32.9337442Z  2/23 files processed
2024-03-01T20:46:32.9343903Z  3/23 files processed
2024-03-01T20:46:32.9356102Z  4/23 files processed
2024-03-01T20:46:32.9357260Z  5/23 files processed
2024-03-01T20:46:32.9361373Z  6/23 files processed
2024-03-01T20:46:32.9362038Z  7/23 files processed
2024-03-01T20:46:32.9365901Z  8/23 files processed
2024-03-01T20:46:32.9368042Z  9/23 files processed
2024-03-01T20:46:32.9368808Z  10/23 files processed
2024-03-01T20:46:32.9372904Z  11/23 files processed
2024-03-01T20:46:32.9377188Z  12/23 files processed
2024-03-01T20:46:32.9383358Z  13/23 files processed
2024-03-01T20:46:32.9390628Z  14/23 files processed
2024-03-01T20:46:32.9394046Z  15/23 files processed
2024-03-01T20:46:32.9394932Z  16/23 files processed
2024-03-01T20:46:32.9396984Z  17/23 files processed
2024-03-01T20:46:32.9409230Z  18/23 files processed
2024-03-01T20:46:32.9596414Z  19/23 files processed
2024-03-01T20:46:32.9599761Z  20/23 files processed
2024-03-01T20:46:32.9603347Z  21/23 files processed
2024-03-01T20:46:32.9604913Z  22/23 files processed
2024-03-01T20:46:32.9605573Z Processing libs...                      
2024-03-01T20:46:32.9608971Z  0/147 files processed
2024-03-01T20:46:32.9611222Z  1/147 files processed
2024-03-01T20:46:32.9615472Z  2/147 files processed
2024-03-01T20:46:32.9619282Z  3/147 files processed
2024-03-01T20:46:32.9622736Z  4/147 files processed
2024-03-01T20:46:32.9626221Z  5/147 files processed
2024-03-01T20:46:32.9629859Z  6/147 files processed
2024-03-01T20:46:32.9633132Z  7/147 files processed
2024-03-01T20:46:32.9673083Z  8/147 files processed
2024-03-01T20:46:32.9673910Z  9/147 files processed
2024-03-01T20:46:32.9674910Z  10/147 files processed
2024-03-01T20:46:32.9685657Z  11/147 files processed
2024-03-01T20:46:32.9701704Z  12/147 files processed
2024-03-01T20:46:32.9714673Z  13/147 files processed
2024-03-01T20:46:32.9715732Z  14/147 files processed
2024-03-01T20:46:32.9719771Z  15/147 files processed
2024-03-01T20:46:32.9755848Z  16/147 files processed
2024-03-01T20:46:32.9758300Z  17/147 files processed
2024-03-01T20:46:32.9768313Z  18/147 files processed
2024-03-01T20:46:32.9779270Z  19/147 files processed
2024-03-01T20:46:32.9782650Z  20/147 files processed
2024-03-01T20:46:32.9786150Z  21/147 files processed
2024-03-01T20:46:32.9796991Z  22/147 files processed
2024-03-01T20:46:32.9800801Z  23/147 files processed
2024-03-01T20:46:32.9804667Z  24/147 files processed
2024-03-01T20:46:32.9814918Z  25/147 files processed
2024-03-01T20:46:32.9837035Z  26/147 files processed
2024-03-01T20:46:32.9874748Z  27/147 files processed
2024-03-01T20:46:32.9876002Z  28/147 files processed
2024-03-01T20:46:32.9891719Z  29/147 files processed
2024-03-01T20:46:32.9910910Z  30/147 files processed
2024-03-01T20:46:32.9924375Z  31/147 files processed
2024-03-01T20:46:32.9927969Z  32/147 files processed
2024-03-01T20:46:32.9941702Z  33/147 files processed
2024-03-01T20:46:32.9945606Z  34/147 files processed
2024-03-01T20:46:32.9952607Z  35/147 files processed
2024-03-01T20:46:32.9958127Z  36/147 files processed
2024-03-01T20:46:32.9964582Z  37/147 files processed
2024-03-01T20:46:32.9970124Z  38/147 files processed
2024-03-01T20:46:32.9978681Z  39/147 files processed
2024-03-01T20:46:32.9981297Z  40/147 files processed
2024-03-01T20:46:32.9985262Z  41/147 files processed
2024-03-01T20:46:32.9990854Z  42/147 files processed
2024-03-01T20:46:33.0089909Z  43/147 files processed
2024-03-01T20:46:33.0095022Z  44/147 files processed
2024-03-01T20:46:33.0095690Z  45/147 files processed
2024-03-01T20:46:33.0101494Z  46/147 files processed
2024-03-01T20:46:33.0106008Z  47/147 files processed
2024-03-01T20:46:33.0109297Z  48/147 files processed
2024-03-01T20:46:33.0112963Z  49/147 files processed
2024-03-01T20:46:33.0118875Z  50/147 files processed
2024-03-01T20:46:33.0119521Z  51/147 files processed
2024-03-01T20:46:33.0126800Z  52/147 files processed
2024-03-01T20:46:33.0150684Z  53/147 files processed
2024-03-01T20:46:33.0154299Z  54/147 files processed
2024-03-01T20:46:33.0158597Z  55/147 files processed
2024-03-01T20:46:33.0164405Z  56/147 files processed
2024-03-01T20:46:33.0179804Z  57/147 files processed
2024-03-01T20:46:33.0199348Z  58/147 files processed
2024-03-01T20:46:33.0202393Z  59/147 files processed
2024-03-01T20:46:33.0316847Z  60/147 files processed
2024-03-01T20:46:33.0322144Z  61/147 files processed
2024-03-01T20:46:33.0327543Z  62/147 files processed
2024-03-01T20:46:33.0332099Z  63/147 files processed
2024-03-01T20:46:33.0337558Z  64/147 files processed
2024-03-01T20:46:33.0342012Z  65/147 files processed
2024-03-01T20:46:33.0367895Z  66/147 files processed
2024-03-01T20:46:33.0389737Z  67/147 files processed
2024-03-01T20:46:33.0441821Z  68/147 files processed
2024-03-01T20:46:33.0444724Z  69/147 files processed
2024-03-01T20:46:33.0476115Z  70/147 files processed
2024-03-01T20:46:33.0484287Z  71/147 files processed
2024-03-01T20:46:33.0531086Z  72/147 files processed
2024-03-01T20:46:33.0561606Z  73/147 files processed
2024-03-01T20:46:33.0579125Z  74/147 files processed
2024-03-01T20:46:33.0589067Z  75/147 files processed
2024-03-01T20:46:33.0592245Z  76/147 files processed
2024-03-01T20:46:33.0631869Z  77/147 files processed
2024-03-01T20:46:33.0639134Z  78/147 files processed
2024-03-01T20:46:33.0654685Z  79/147 files processed
2024-03-01T20:46:33.0664921Z  80/147 files processed
2024-03-01T20:46:33.0667888Z  81/147 files processed
2024-03-01T20:46:33.0681732Z  82/147 files processed
2024-03-01T20:46:33.0709384Z  83/147 files processed
2024-03-01T20:46:33.0762321Z  84/147 files processed
2024-03-01T20:46:33.0797021Z  85/147 files processed
2024-03-01T20:46:33.0809490Z  86/147 files processed
2024-03-01T20:46:33.0846747Z  87/147 files processed
2024-03-01T20:46:33.0856965Z  88/147 files processed
2024-03-01T20:46:33.0896140Z  89/147 files processed
2024-03-01T20:46:33.0916013Z  90/147 files processed
2024-03-01T20:46:33.0951328Z  91/147 files processed
2024-03-01T20:46:33.0960919Z  92/147 files processed
2024-03-01T20:46:33.0978018Z  93/147 files processed
2024-03-01T20:46:33.1001099Z  94/147 files processed
2024-03-01T20:46:33.1018781Z  95/147 files processed
2024-03-01T20:46:33.1025892Z  96/147 files processed
2024-03-01T20:46:33.1036511Z  97/147 files processed
2024-03-01T20:46:33.1040919Z  98/147 files processed
2024-03-01T20:46:33.1049823Z  99/147 files processed
2024-03-01T20:46:33.1058667Z  100/147 files processed
2024-03-01T20:46:33.1073251Z  101/147 files processed
2024-03-01T20:46:33.1078181Z  102/147 files processed
2024-03-01T20:46:33.1088728Z  103/147 files processed
2024-03-01T20:46:33.1112149Z  104/147 files processed
2024-03-01T20:46:33.1127046Z  105/147 files processed
2024-03-01T20:46:33.1150188Z  106/147 files processed
2024-03-01T20:46:33.1196637Z  107/147 files processed
2024-03-01T20:46:33.1203875Z  108/147 files processed
2024-03-01T20:46:33.1207406Z  109/147 files processed
2024-03-01T20:46:33.1210515Z  110/147 files processed
2024-03-01T20:46:33.1213514Z  111/147 files processed
2024-03-01T20:46:33.1228959Z  112/147 files processed
2024-03-01T20:46:33.1241484Z  113/147 files processed
2024-03-01T20:46:33.1299625Z  114/147 files processed
2024-03-01T20:46:33.1323465Z  115/147 files processed
2024-03-01T20:46:33.1335158Z  116/147 files processed
2024-03-01T20:46:33.1355976Z  117/147 files processed
2024-03-01T20:46:33.1367044Z  118/147 files processed
2024-03-01T20:46:33.1390536Z  119/147 files processed
2024-03-01T20:46:33.1409932Z  120/147 files processed
2024-03-01T20:46:33.1424932Z  121/147 files processed
2024-03-01T20:46:33.1438465Z  122/147 files processed
2024-03-01T20:46:33.1455357Z  123/147 files processed
2024-03-01T20:46:33.1459462Z  124/147 files processed
2024-03-01T20:46:33.1466052Z  125/147 files processed
2024-03-01T20:46:33.1506626Z  126/147 files processed
2024-03-01T20:46:33.1518307Z  127/147 files processed
2024-03-01T20:46:33.1523038Z  128/147 files processed
2024-03-01T20:46:33.1531824Z  129/147 files processed
2024-03-01T20:46:33.1545127Z  130/147 files processed
2024-03-01T20:46:33.1548008Z  131/147 files processed
2024-03-01T20:46:33.1548629Z  132/147 files processed
2024-03-01T20:46:33.1549895Z  133/147 files processed
2024-03-01T20:46:33.1550695Z  134/147 files processed
2024-03-01T20:46:33.1559681Z  135/147 files processed
2024-03-01T20:46:33.1566347Z  136/147 files processed
2024-03-01T20:46:33.1570565Z  137/147 files processed
2024-03-01T20:46:33.1575667Z  138/147 files processed
2024-03-01T20:46:33.1577386Z  139/147 files processed
2024-03-01T20:46:33.1579615Z  140/147 files processed
2024-03-01T20:46:33.1598677Z  141/147 files processed
2024-03-01T20:46:33.1606386Z  142/147 files processed
2024-03-01T20:46:33.1611347Z  143/147 files processed
2024-03-01T20:46:33.1614585Z  144/147 files processed
2024-03-01T20:46:33.1616792Z  145/147 files processed
2024-03-01T20:46:33.1617800Z  146/147 files processed
2024-03-01T20:46:33.1618444Z Processing routes...                    
2024-03-01T20:46:33.1822325Z Processing templates...                 
2024-03-01T20:46:33.1831197Z  0/376 templates processed
2024-03-01T20:46:33.1833369Z  1/376 templates processed
2024-03-01T20:46:33.1834987Z  2/376 templates processed
2024-03-01T20:46:33.1836707Z  3/376 templates processed
2024-03-01T20:46:33.1839138Z  4/376 templates processed
2024-03-01T20:46:33.1844406Z  5/376 templates processed
2024-03-01T20:46:33.1845346Z  6/376 templates processed
2024-03-01T20:46:33.1856260Z  7/376 templates processed
2024-03-01T20:46:33.1857670Z  8/376 templates processed
2024-03-01T20:46:33.1863742Z  9/376 templates processed
2024-03-01T20:46:33.1875614Z  10/376 templates processed
2024-03-01T20:46:33.1883169Z  11/376 templates processed
2024-03-01T20:46:33.1892371Z  12/376 templates processed
2024-03-01T20:46:33.1897486Z  13/376 templates processed
2024-03-01T20:46:33.1901015Z  14/376 templates processed
2024-03-01T20:46:33.1904571Z  15/376 templates processed
2024-03-01T20:46:33.1911511Z  16/376 templates processed
2024-03-01T20:46:33.1933114Z  17/376 templates processed
2024-03-01T20:46:33.1938746Z  18/376 templates processed
2024-03-01T20:46:33.1945444Z  19/376 templates processed
2024-03-01T20:46:33.1949096Z  20/376 templates processed
2024-03-01T20:46:33.1956726Z  21/376 templates processed
2024-03-01T20:46:33.1960226Z  22/376 templates processed
2024-03-01T20:46:33.1966180Z  23/376 templates processed
2024-03-01T20:46:33.1970147Z  24/376 templates processed
2024-03-01T20:46:33.1972265Z  25/376 templates processed
2024-03-01T20:46:33.1976201Z  26/376 templates processed
2024-03-01T20:46:33.1983643Z  27/376 templates processed
2024-03-01T20:46:33.1986654Z  28/376 templates processed
2024-03-01T20:46:33.1991617Z  29/376 templates processed
2024-03-01T20:46:33.1999231Z  30/376 templates processed
2024-03-01T20:46:33.2004638Z  31/376 templates processed
2024-03-01T20:46:33.2010407Z  32/376 templates processed
2024-03-01T20:46:33.2016229Z  33/376 templates processed
2024-03-01T20:46:33.2020974Z  34/376 templates processed
2024-03-01T20:46:33.2025588Z  35/376 templates processed
2024-03-01T20:46:33.2039421Z  36/376 templates processed
2024-03-01T20:46:33.2045277Z  37/376 templates processed
2024-03-01T20:46:33.2052275Z  38/376 templates processed
2024-03-01T20:46:33.2070124Z  39/376 templates processed
2024-03-01T20:46:33.2076529Z  40/376 templates processed
2024-03-01T20:46:33.2079031Z  41/376 templates processed
2024-03-01T20:46:33.2090674Z  42/376 templates processed
2024-03-01T20:46:33.2093727Z  43/376 templates processed
2024-03-01T20:46:33.2103702Z  44/376 templates processed
2024-03-01T20:46:33.2108037Z  45/376 templates processed
2024-03-01T20:46:33.2112798Z  46/376 templates processed
2024-03-01T20:46:33.2116775Z  47/376 templates processed
2024-03-01T20:46:33.2126413Z  48/376 templates processed
2024-03-01T20:46:33.2134357Z  49/376 templates processed
2024-03-01T20:46:33.2137758Z  50/376 templates processed
2024-03-01T20:46:33.2142146Z  51/376 templates processed
2024-03-01T20:46:33.2148823Z  52/376 templates processed
2024-03-01T20:46:33.2153084Z  53/376 templates processed
2024-03-01T20:46:33.2173789Z  54/376 templates processed
2024-03-01T20:46:33.2180166Z  55/376 templates processed
2024-03-01T20:46:33.2182561Z  56/376 templates processed
2024-03-01T20:46:33.2189567Z  57/376 templates processed
2024-03-01T20:46:33.2196084Z  58/376 templates processed
2024-03-01T20:46:33.2200032Z  59/376 templates processed
2024-03-01T20:46:33.2211046Z  60/376 templates processed
2024-03-01T20:46:33.2215027Z  61/376 templates processed
2024-03-01T20:46:33.2229158Z  62/376 templates processed
2024-03-01T20:46:33.2231646Z  63/376 templates processed
2024-03-01T20:46:33.2237488Z  64/376 templates processed
2024-03-01T20:46:33.2243084Z  65/376 templates processed
2024-03-01T20:46:33.2248557Z  66/376 templates processed
2024-03-01T20:46:33.2250986Z  67/376 templates processed
2024-03-01T20:46:33.2255684Z  68/376 templates processed
2024-03-01T20:46:33.2264344Z  69/376 templates processed
2024-03-01T20:46:33.2269215Z  70/376 templates processed
2024-03-01T20:46:33.2273921Z  71/376 templates processed
2024-03-01T20:46:33.2276314Z  72/376 templates processed
2024-03-01T20:46:33.2281605Z  73/376 templates processed
2024-03-01T20:46:33.2293777Z  74/376 templates processed
2024-03-01T20:46:33.2294420Z  75/376 templates processed
2024-03-01T20:46:33.2297175Z  76/376 templates processed
2024-03-01T20:46:33.2302053Z  77/376 templates processed
2024-03-01T20:46:33.2305179Z  78/376 templates processed
2024-03-01T20:46:33.2308431Z  79/376 templates processed
2024-03-01T20:46:33.2312427Z  80/376 templates processed
2024-03-01T20:46:33.2326562Z  81/376 templates processed
2024-03-01T20:46:33.2330104Z  82/376 templates processed
2024-03-01T20:46:33.2333802Z  83/376 templates processed
2024-03-01T20:46:33.2336389Z  84/376 templates processed
2024-03-01T20:46:33.2339501Z  85/376 templates processed
2024-03-01T20:46:33.2342632Z  86/376 templates processed
2024-03-01T20:46:33.2457093Z  87/376 templates processed
2024-03-01T20:46:33.2470373Z  88/376 templates processed
2024-03-01T20:46:33.2500086Z  89/376 templates processed
2024-03-01T20:46:33.2516235Z  90/376 templates processed
2024-03-01T20:46:33.2754834Z  91/376 templates processed
2024-03-01T20:46:33.2758720Z  92/376 templates processed
2024-03-01T20:46:33.2760992Z  93/376 templates processed
2024-03-01T20:46:33.2780218Z  94/376 templates processed
2024-03-01T20:46:33.2782865Z  95/376 templates processed
2024-03-01T20:46:33.2797185Z  96/376 templates processed
2024-03-01T20:46:33.2802263Z  97/376 templates processed
2024-03-01T20:46:33.2811327Z  98/376 templates processed
2024-03-01T20:46:33.2829972Z  99/376 templates processed
2024-03-01T20:46:33.2834777Z  100/376 templates processed
2024-03-01T20:46:33.2842776Z  101/376 templates processed
2024-03-01T20:46:33.2844346Z  102/376 templates processed
2024-03-01T20:46:33.2848046Z  103/376 templates processed
2024-03-01T20:46:33.2862156Z  104/376 templates processed
2024-03-01T20:46:33.2868608Z  105/376 templates processed
2024-03-01T20:46:33.2872655Z  106/376 templates processed
2024-03-01T20:46:33.2879861Z  107/376 templates processed
2024-03-01T20:46:33.2884145Z  108/376 templates processed
2024-03-01T20:46:33.2891822Z  109/376 templates processed
2024-03-01T20:46:33.2898324Z  110/376 templates processed
2024-03-01T20:46:33.2904473Z  111/376 templates processed
2024-03-01T20:46:33.2917793Z  112/376 templates processed
2024-03-01T20:46:33.2920597Z  113/376 templates processed
2024-03-01T20:46:33.2925850Z  114/376 templates processed
2024-03-01T20:46:33.2927438Z  115/376 templates processed
2024-03-01T20:46:33.2935814Z  116/376 templates processed
2024-03-01T20:46:33.2952357Z  117/376 templates processed
2024-03-01T20:46:33.2958743Z  118/376 templates processed
2024-03-01T20:46:33.2960327Z  119/376 templates processed
2024-03-01T20:46:33.2971432Z  120/376 templates processed
2024-03-01T20:46:33.2972448Z  121/376 templates processed
2024-03-01T20:46:33.2973550Z  122/376 templates processed
2024-03-01T20:46:33.2974603Z  123/376 templates processed
2024-03-01T20:46:33.2975955Z  124/376 templates processed
2024-03-01T20:46:33.2976922Z  125/376 templates processed
2024-03-01T20:46:33.2978033Z  126/376 templates processed
2024-03-01T20:46:33.2980974Z  127/376 templates processed
2024-03-01T20:46:33.2986154Z  128/376 templates processed
2024-03-01T20:46:33.2988197Z  129/376 templates processed
2024-03-01T20:46:33.2990972Z  130/376 templates processed
2024-03-01T20:46:33.2994660Z  131/376 templates processed
2024-03-01T20:46:33.2997784Z  132/376 templates processed
2024-03-01T20:46:33.3001528Z  133/376 templates processed
2024-03-01T20:46:33.3006693Z  134/376 templates processed
2024-03-01T20:46:33.3014549Z  135/376 templates processed
2024-03-01T20:46:33.3021730Z  136/376 templates processed
2024-03-01T20:46:33.3034652Z  137/376 templates processed
2024-03-01T20:46:33.3040640Z  138/376 templates processed
2024-03-01T20:46:33.3043217Z  139/376 templates processed
2024-03-01T20:46:33.3050386Z  140/376 templates processed
2024-03-01T20:46:33.3070227Z  141/376 templates processed
2024-03-01T20:46:33.3075039Z  142/376 templates processed
2024-03-01T20:46:33.3077719Z  143/376 templates processed
2024-03-01T20:46:33.3081137Z  144/376 templates processed
2024-03-01T20:46:33.3083517Z  145/376 templates processed
2024-03-01T20:46:33.3086905Z  146/376 templates processed
2024-03-01T20:46:33.3091093Z  147/376 templates processed
2024-03-01T20:46:33.3099990Z  148/376 templates processed
2024-03-01T20:46:33.3105243Z  149/376 templates processed
2024-03-01T20:46:33.3114814Z  150/376 templates processed
2024-03-01T20:46:33.3119162Z  151/376 templates processed
2024-03-01T20:46:33.3120941Z  152/376 templates processed
2024-03-01T20:46:33.3123187Z  153/376 templates processed
2024-03-01T20:46:33.3125314Z  154/376 templates processed
2024-03-01T20:46:33.3128698Z  155/376 templates processed
2024-03-01T20:46:33.3135319Z  156/376 templates processed
2024-03-01T20:46:33.3137518Z  157/376 templates processed
2024-03-01T20:46:33.3144577Z  158/376 templates processed
2024-03-01T20:46:33.3154409Z  159/376 templates processed
2024-03-01T20:46:33.3166931Z  160/376 templates processed
2024-03-01T20:46:33.3173091Z  161/376 templates processed
2024-03-01T20:46:33.3177397Z  162/376 templates processed
2024-03-01T20:46:33.3183036Z  163/376 templates processed
2024-03-01T20:46:33.3186468Z  164/376 templates processed
2024-03-01T20:46:33.3211609Z  165/376 templates processed
2024-03-01T20:46:33.3230401Z  166/376 templates processed
2024-03-01T20:46:33.3278339Z  167/376 templates processed
2024-03-01T20:46:33.3282782Z  168/376 templates processed
2024-03-01T20:46:33.3294680Z  169/376 templates processed
2024-03-01T20:46:33.3304777Z  170/376 templates processed
2024-03-01T20:46:33.3306654Z  171/376 templates processed
2024-03-01T20:46:33.3309829Z  172/376 templates processed
2024-03-01T20:46:33.3310873Z  173/376 templates processed
2024-03-01T20:46:33.3312839Z  174/376 templates processed
2024-03-01T20:46:33.3315704Z  175/376 templates processed
2024-03-01T20:46:33.3316602Z  176/376 templates processed
2024-03-01T20:46:33.3321754Z  177/376 templates processed
2024-03-01T20:46:33.3343636Z  178/376 templates processed
2024-03-01T20:46:33.3350547Z  179/376 templates processed
2024-03-01T20:46:33.3359076Z  180/376 templates processed
2024-03-01T20:46:33.3363348Z  181/376 templates processed
2024-03-01T20:46:33.3367182Z  182/376 templates processed
2024-03-01T20:46:33.3371621Z  183/376 templates processed
2024-03-01T20:46:33.3374924Z  184/376 templates processed
2024-03-01T20:46:33.3377250Z  185/376 templates processed
2024-03-01T20:46:33.3381392Z  186/376 templates processed
2024-03-01T20:46:33.3386286Z  187/376 templates processed
2024-03-01T20:46:33.3391963Z  188/376 templates processed
2024-03-01T20:46:33.3393822Z  189/376 templates processed
2024-03-01T20:46:33.3399655Z  190/376 templates processed
2024-03-01T20:46:33.3401782Z  191/376 templates processed
2024-03-01T20:46:33.3424841Z  192/376 templates processed
2024-03-01T20:46:33.3427531Z  193/376 templates processed
2024-03-01T20:46:33.3453874Z  194/376 templates processed
2024-03-01T20:46:33.3456429Z  195/376 templates processed
2024-03-01T20:46:33.3461064Z  196/376 templates processed
2024-03-01T20:46:33.3466090Z  197/376 templates processed
2024-03-01T20:46:33.3470030Z  198/376 templates processed
2024-03-01T20:46:33.3472235Z  199/376 templates processed
2024-03-01T20:46:33.3475184Z  200/376 templates processed
2024-03-01T20:46:33.3486791Z  201/376 templates processed
2024-03-01T20:46:33.3494467Z  202/376 templates processed
2024-03-01T20:46:33.3511092Z  203/376 templates processed
2024-03-01T20:46:33.3515913Z  204/376 templates processed
2024-03-01T20:46:33.3525091Z  205/376 templates processed
2024-03-01T20:46:33.3531905Z  206/376 templates processed
2024-03-01T20:46:33.3535235Z  207/376 templates processed
2024-03-01T20:46:33.3540877Z  208/376 templates processed
2024-03-01T20:46:33.3545426Z  209/376 templates processed
2024-03-01T20:46:33.3549703Z  210/376 templates processed
2024-03-01T20:46:33.3555994Z  211/376 templates processed
2024-03-01T20:46:33.3570878Z  212/376 templates processed
2024-03-01T20:46:33.3577252Z  213/376 templates processed
2024-03-01T20:46:33.3581370Z  214/376 templates processed
2024-03-01T20:46:33.3588774Z  215/376 templates processed
2024-03-01T20:46:33.3590813Z  216/376 templates processed
2024-03-01T20:46:33.3594537Z  217/376 templates processed
2024-03-01T20:46:33.3621427Z  218/376 templates processed
2024-03-01T20:46:33.3627578Z  219/376 templates processed
2024-03-01T20:46:33.3630555Z  220/376 templates processed
2024-03-01T20:46:33.3634591Z  221/376 templates processed
2024-03-01T20:46:33.3640614Z  222/376 templates processed
2024-03-01T20:46:33.3647340Z  223/376 templates processed
2024-03-01T20:46:33.3650009Z  224/376 templates processed
2024-03-01T20:46:33.3654261Z  225/376 templates processed
2024-03-01T20:46:33.3677615Z  226/376 templates processed
2024-03-01T20:46:33.3683004Z  227/376 templates processed
2024-03-01T20:46:33.3687163Z  228/376 templates processed
2024-03-01T20:46:33.3698413Z  229/376 templates processed
2024-03-01T20:46:33.3700622Z  230/376 templates processed
2024-03-01T20:46:33.3704835Z  231/376 templates processed
2024-03-01T20:46:33.3723783Z  232/376 templates processed
2024-03-01T20:46:33.3731241Z  233/376 templates processed
2024-03-01T20:46:33.3741137Z  234/376 templates processed
2024-03-01T20:46:33.3743411Z  235/376 templates processed
2024-03-01T20:46:33.3746586Z  236/376 templates processed
2024-03-01T20:46:33.3750995Z  237/376 templates processed
2024-03-01T20:46:33.3753479Z  238/376 templates processed
2024-03-01T20:46:33.3760097Z  239/376 templates processed
2024-03-01T20:46:33.3764291Z  240/376 templates processed
2024-03-01T20:46:33.3772223Z  241/376 templates processed
2024-03-01T20:46:33.3777491Z  242/376 templates processed
2024-03-01T20:46:33.3787844Z  243/376 templates processed
2024-03-01T20:46:33.3791053Z  244/376 templates processed
2024-03-01T20:46:33.3801811Z  245/376 templates processed
2024-03-01T20:46:33.3815930Z  246/376 templates processed
2024-03-01T20:46:33.3819601Z  247/376 templates processed
2024-03-01T20:46:33.3824545Z  248/376 templates processed
2024-03-01T20:46:33.3830498Z  249/376 templates processed
2024-03-01T20:46:33.3834783Z  250/376 templates processed
2024-03-01T20:46:33.3838836Z  251/376 templates processed
2024-03-01T20:46:33.3846683Z  252/376 templates processed
2024-03-01T20:46:33.3850072Z  253/376 templates processed
2024-03-01T20:46:33.3859937Z  254/376 templates processed
2024-03-01T20:46:33.3863700Z  255/376 templates processed
2024-03-01T20:46:33.3874165Z  256/376 templates processed
2024-03-01T20:46:33.3877141Z  257/376 templates processed
2024-03-01T20:46:33.3885905Z  258/376 templates processed
2024-03-01T20:46:33.3910470Z  259/376 templates processed
2024-03-01T20:46:33.3913311Z  260/376 templates processed
2024-03-01T20:46:33.3916867Z  261/376 templates processed
2024-03-01T20:46:33.3922324Z  262/376 templates processed
2024-03-01T20:46:33.3925364Z  263/376 templates processed
2024-03-01T20:46:33.3927800Z  264/376 templates processed
2024-03-01T20:46:33.3932251Z  265/376 templates processed
2024-03-01T20:46:33.3936094Z  266/376 templates processed
2024-03-01T20:46:33.3945278Z  267/376 templates processed
2024-03-01T20:46:33.3947408Z  268/376 templates processed
2024-03-01T20:46:33.3952032Z  269/376 templates processed
2024-03-01T20:46:33.3953658Z  270/376 templates processed
2024-03-01T20:46:33.3957703Z  271/376 templates processed
2024-03-01T20:46:33.3961605Z  272/376 templates processed
2024-03-01T20:46:33.3967845Z  273/376 templates processed
2024-03-01T20:46:33.3969513Z  274/376 templates processed
2024-03-01T20:46:33.3974433Z  275/376 templates processed
2024-03-01T20:46:33.3983262Z  276/376 templates processed
2024-03-01T20:46:33.3991925Z  277/376 templates processed
2024-03-01T20:46:33.4027399Z  278/376 templates processed
2024-03-01T20:46:33.4032817Z  279/376 templates processed
2024-03-01T20:46:33.4038217Z  280/376 templates processed
2024-03-01T20:46:33.4046054Z  281/376 templates processed
2024-03-01T20:46:33.4054749Z  282/376 templates processed
2024-03-01T20:46:33.4058473Z  283/376 templates processed
2024-03-01T20:46:33.4063671Z  284/376 templates processed
2024-03-01T20:46:33.4066484Z  285/376 templates processed
2024-03-01T20:46:33.4071210Z  286/376 templates processed
2024-03-01T20:46:33.4079358Z  287/376 templates processed
2024-03-01T20:46:33.4083675Z  288/376 templates processed
2024-03-01T20:46:33.4085778Z  289/376 templates processed
2024-03-01T20:46:33.4093201Z  290/376 templates processed
2024-03-01T20:46:33.4098755Z  291/376 templates processed
2024-03-01T20:46:33.4102425Z  292/376 templates processed
2024-03-01T20:46:33.4105280Z  293/376 templates processed
2024-03-01T20:46:33.4109747Z  294/376 templates processed
2024-03-01T20:46:33.4122879Z  295/376 templates processed
2024-03-01T20:46:33.4127020Z  296/376 templates processed
2024-03-01T20:46:33.4131826Z  297/376 templates processed
2024-03-01T20:46:33.4143800Z  298/376 templates processed
2024-03-01T20:46:33.4201794Z  299/376 templates processed
2024-03-01T20:46:33.4211718Z  300/376 templates processed
2024-03-01T20:46:33.4221713Z  301/376 templates processed
2024-03-01T20:46:33.4224274Z  302/376 templates processed
2024-03-01T20:46:33.4229075Z  303/376 templates processed
2024-03-01T20:46:33.4235906Z  304/376 templates processed
2024-03-01T20:46:33.4247929Z  305/376 templates processed
2024-03-01T20:46:33.4254512Z  306/376 templates processed
2024-03-01T20:46:33.4262436Z  307/376 templates processed
2024-03-01T20:46:33.4265810Z  308/376 templates processed
2024-03-01T20:46:33.4271294Z  309/376 templates processed
2024-03-01T20:46:33.4278790Z  310/376 templates processed
2024-03-01T20:46:33.4284040Z  311/376 templates processed
2024-03-01T20:46:33.4287520Z  312/376 templates processed
2024-03-01T20:46:33.4295360Z  313/376 templates processed
2024-03-01T20:46:33.4297717Z  314/376 templates processed
2024-03-01T20:46:33.4303693Z  315/376 templates processed
2024-03-01T20:46:33.4317710Z  316/376 templates processed
2024-03-01T20:46:33.4330351Z  317/376 templates processed
2024-03-01T20:46:33.4334497Z  318/376 templates processed
2024-03-01T20:46:33.4338234Z  319/376 templates processed
2024-03-01T20:46:33.4343024Z  320/376 templates processed
2024-03-01T20:46:33.4345666Z  321/376 templates processed
2024-03-01T20:46:33.4351899Z  322/376 templates processed
2024-03-01T20:46:33.4354097Z  323/376 templates processed
2024-03-01T20:46:33.4356786Z  324/376 templates processed
2024-03-01T20:46:33.4358351Z  325/376 templates processed
2024-03-01T20:46:33.4359394Z  326/376 templates processed
2024-03-01T20:46:33.4363436Z  327/376 templates processed
2024-03-01T20:46:33.4368109Z  328/376 templates processed
2024-03-01T20:46:33.4375584Z  329/376 templates processed
2024-03-01T20:46:33.4376750Z  330/376 templates processed
2024-03-01T20:46:33.4383537Z  331/376 templates processed
2024-03-01T20:46:33.4387821Z  332/376 templates processed
2024-03-01T20:46:33.4390147Z  333/376 templates processed
2024-03-01T20:46:33.4393308Z  334/376 templates processed
2024-03-01T20:46:33.4400914Z  335/376 templates processed
2024-03-01T20:46:33.4405355Z  336/376 templates processed
2024-03-01T20:46:33.4416868Z  337/376 templates processed
2024-03-01T20:46:33.4420512Z  338/376 templates processed
2024-03-01T20:46:33.4434845Z  339/376 templates processed
2024-03-01T20:46:33.4439726Z  340/376 templates processed
2024-03-01T20:46:33.4447777Z  341/376 templates processed
2024-03-01T20:46:33.4469026Z  342/376 templates processed
2024-03-01T20:46:33.4479167Z  343/376 templates processed
2024-03-01T20:46:33.4481753Z  344/376 templates processed
2024-03-01T20:46:33.4485835Z  345/376 templates processed
2024-03-01T20:46:33.4498909Z  346/376 templates processed
2024-03-01T20:46:33.4503372Z  347/376 templates processed
2024-03-01T20:46:33.4509240Z  348/376 templates processed
2024-03-01T20:46:33.4514451Z  349/376 templates processed
2024-03-01T20:46:33.4521004Z  350/376 templates processed
2024-03-01T20:46:33.4526575Z  351/376 templates processed
2024-03-01T20:46:33.4528580Z  352/376 templates processed
2024-03-01T20:46:33.4531200Z  353/376 templates processed
2024-03-01T20:46:33.4538331Z  354/376 templates processed
2024-03-01T20:46:33.4539850Z  355/376 templates processed
2024-03-01T20:46:33.4543196Z  356/376 templates processed
2024-03-01T20:46:33.4545379Z  357/376 templates processed
2024-03-01T20:46:33.4554019Z  358/376 templates processed
2024-03-01T20:46:33.4560126Z  359/376 templates processed
2024-03-01T20:46:33.4564274Z  360/376 templates processed
2024-03-01T20:46:33.4576819Z  361/376 templates processed
2024-03-01T20:46:33.4578402Z  362/376 templates processed
2024-03-01T20:46:33.4583580Z  363/376 templates processed
2024-03-01T20:46:33.4588454Z  364/376 templates processed
2024-03-01T20:46:33.4593938Z  365/376 templates processed
2024-03-01T20:46:33.4598287Z  366/376 templates processed
2024-03-01T20:46:33.4606437Z  367/376 templates processed
2024-03-01T20:46:33.4609695Z  368/376 templates processed
2024-03-01T20:46:33.4613677Z  369/376 templates processed
2024-03-01T20:46:33.4615990Z  370/376 templates processed
2024-03-01T20:46:33.4621065Z  371/376 templates processed
2024-03-01T20:46:33.4627607Z  372/376 templates processed
2024-03-01T20:46:33.4631326Z  373/376 templates processed
2024-03-01T20:46:33.4633735Z  374/376 templates processed
2024-03-01T20:46:33.4641058Z  375/376 templates processed
2024-03-01T20:46:33.4641761Z Processing data flow in templates...    
2024-03-01T20:46:33.4648622Z  0/369 templates processed
2024-03-01T20:46:33.4650360Z  1/369 templates processed
2024-03-01T20:46:33.4651569Z  2/369 templates processed
2024-03-01T20:46:33.4652580Z  3/369 templates processed
2024-03-01T20:46:33.4654408Z  4/369 templates processed
2024-03-01T20:46:33.4658439Z  5/369 templates processed
2024-03-01T20:46:33.4659163Z  6/369 templates processed
2024-03-01T20:46:33.4673586Z  7/369 templates processed
2024-03-01T20:46:33.4675154Z  8/369 templates processed
2024-03-01T20:46:33.4680995Z  9/369 templates processed
2024-03-01T20:46:33.4697244Z  10/369 templates processed
2024-03-01T20:46:33.4735298Z  11/369 templates processed
2024-03-01T20:46:33.4741159Z  12/369 templates processed
2024-03-01T20:46:33.4748180Z  13/369 templates processed
2024-03-01T20:46:33.4764582Z  14/369 templates processed
2024-03-01T20:46:33.4884564Z  15/369 templates processed
2024-03-01T20:46:33.4920223Z  16/369 templates processed
2024-03-01T20:46:33.4955880Z  17/369 templates processed
2024-03-01T20:46:33.4988652Z  18/369 templates processed
2024-03-01T20:46:33.5006915Z  19/369 templates processed
2024-03-01T20:46:33.5113077Z  20/369 templates processed
2024-03-01T20:46:33.5203994Z  21/369 templates processed
2024-03-01T20:46:33.5207168Z  22/369 templates processed
2024-03-01T20:46:33.5210911Z  23/369 templates processed
2024-03-01T20:46:33.5213561Z  24/369 templates processed
2024-03-01T20:46:33.5215499Z  25/369 templates processed
2024-03-01T20:46:33.5219200Z  26/369 templates processed
2024-03-01T20:46:33.5233339Z  27/369 templates processed
2024-03-01T20:46:33.5242004Z  28/369 templates processed
2024-03-01T20:46:33.5249810Z  29/369 templates processed
2024-03-01T20:46:33.5254588Z  30/369 templates processed
2024-03-01T20:46:33.5259062Z  31/369 templates processed
2024-03-01T20:46:33.5264261Z  32/369 templates processed
2024-03-01T20:46:33.5282280Z  33/369 templates processed
2024-03-01T20:46:33.5286331Z  34/369 templates processed
2024-03-01T20:46:33.5289986Z  35/369 templates processed
2024-03-01T20:46:33.5303352Z  36/369 templates processed
2024-03-01T20:46:33.5307908Z  37/369 templates processed
2024-03-01T20:46:33.5312328Z  38/369 templates processed
2024-03-01T20:46:33.5349160Z  39/369 templates processed
2024-03-01T20:46:33.5363236Z  40/369 templates processed
2024-03-01T20:46:33.5384326Z  41/369 templates processed
2024-03-01T20:46:33.5475749Z  42/369 templates processed
2024-03-01T20:46:33.5482712Z  43/369 templates processed
2024-03-01T20:46:33.5485943Z  44/369 templates processed
2024-03-01T20:46:33.5489534Z  45/369 templates processed
2024-03-01T20:46:33.5492417Z  46/369 templates processed
2024-03-01T20:46:33.5502113Z  47/369 templates processed
2024-03-01T20:46:33.5508216Z  48/369 templates processed
2024-03-01T20:46:33.5511280Z  49/369 templates processed
2024-03-01T20:46:33.5514357Z  50/369 templates processed
2024-03-01T20:46:33.5520504Z  51/369 templates processed
2024-03-01T20:46:33.5524667Z  52/369 templates processed
2024-03-01T20:46:33.5546323Z  53/369 templates processed
2024-03-01T20:46:33.5554394Z  54/369 templates processed
2024-03-01T20:46:33.5559597Z  55/369 templates processed
2024-03-01T20:46:33.5567530Z  56/369 templates processed
2024-03-01T20:46:33.5581383Z  57/369 templates processed
2024-03-01T20:46:33.5590551Z  58/369 templates processed
2024-03-01T20:46:33.5594058Z  59/369 templates processed
2024-03-01T20:46:33.5609668Z  60/369 templates processed
2024-03-01T20:46:33.5611622Z  61/369 templates processed
2024-03-01T20:46:33.5615395Z  62/369 templates processed
2024-03-01T20:46:33.5621194Z  63/369 templates processed
2024-03-01T20:46:33.5625856Z  64/369 templates processed
2024-03-01T20:46:33.5627104Z  65/369 templates processed
2024-03-01T20:46:33.5642917Z  66/369 templates processed
2024-03-01T20:46:33.5662978Z  67/369 templates processed
2024-03-01T20:46:33.5667085Z  68/369 templates processed
2024-03-01T20:46:33.5671290Z  69/369 templates processed
2024-03-01T20:46:33.5673723Z  70/369 templates processed
2024-03-01T20:46:33.5678763Z  71/369 templates processed
2024-03-01T20:46:33.5684821Z  72/369 templates processed
2024-03-01T20:46:33.5699811Z  73/369 templates processed
2024-03-01T20:46:33.5704545Z  74/369 templates processed
2024-03-01T20:46:33.5708755Z  75/369 templates processed
2024-03-01T20:46:33.5711918Z  76/369 templates processed
2024-03-01T20:46:33.5714969Z  77/369 templates processed
2024-03-01T20:46:33.5719637Z  78/369 templates processed
2024-03-01T20:46:33.5762764Z  79/369 templates processed
2024-03-01T20:46:33.5766677Z  80/369 templates processed
2024-03-01T20:46:33.5770437Z  81/369 templates processed
2024-03-01T20:46:33.5773236Z  82/369 templates processed
2024-03-01T20:46:33.5778573Z  83/369 templates processed
2024-03-01T20:46:33.5781667Z  84/369 templates processed
2024-03-01T20:46:33.5896175Z  85/369 templates processed
2024-03-01T20:46:33.5902592Z  86/369 templates processed
2024-03-01T20:46:33.5917310Z  87/369 templates processed
2024-03-01T20:46:33.5922134Z  88/369 templates processed
2024-03-01T20:46:33.5924979Z  89/369 templates processed
2024-03-01T20:46:33.5928475Z  90/369 templates processed
2024-03-01T20:46:33.5930420Z  91/369 templates processed
2024-03-01T20:46:33.5943417Z  92/369 templates processed
2024-03-01T20:46:33.5946132Z  93/369 templates processed
2024-03-01T20:46:33.5959481Z  94/369 templates processed
2024-03-01T20:46:33.5964209Z  95/369 templates processed
2024-03-01T20:46:33.5992117Z  96/369 templates processed
2024-03-01T20:46:33.6040961Z  97/369 templates processed
2024-03-01T20:46:33.6047105Z  98/369 templates processed
2024-03-01T20:46:33.6067182Z  99/369 templates processed
2024-03-01T20:46:33.6069164Z  100/369 templates processed
2024-03-01T20:46:33.6073023Z  101/369 templates processed
2024-03-01T20:46:33.6093113Z  102/369 templates processed
2024-03-01T20:46:33.6100139Z  103/369 templates processed
2024-03-01T20:46:33.6103926Z  104/369 templates processed
2024-03-01T20:46:33.6109206Z  105/369 templates processed
2024-03-01T20:46:33.6123767Z  106/369 templates processed
2024-03-01T20:46:33.6158209Z  107/369 templates processed
2024-03-01T20:46:33.6162070Z  108/369 templates processed
2024-03-01T20:46:33.6167717Z  109/369 templates processed
2024-03-01T20:46:33.6181709Z  110/369 templates processed
2024-03-01T20:46:33.6184314Z  111/369 templates processed
2024-03-01T20:46:33.6189330Z  112/369 templates processed
2024-03-01T20:46:33.6191145Z  113/369 templates processed
2024-03-01T20:46:33.6220512Z  114/369 templates processed
2024-03-01T20:46:33.6245619Z  115/369 templates processed
2024-03-01T20:46:33.6252442Z  116/369 templates processed
2024-03-01T20:46:33.6254252Z  117/369 templates processed
2024-03-01T20:46:33.6277840Z  118/369 templates processed
2024-03-01T20:46:33.6278683Z  119/369 templates processed
2024-03-01T20:46:33.6279980Z  120/369 templates processed
2024-03-01T20:46:33.6281201Z  121/369 templates processed
2024-03-01T20:46:33.6282257Z  122/369 templates processed
2024-03-01T20:46:33.6283448Z  123/369 templates processed
2024-03-01T20:46:33.6284742Z  124/369 templates processed
2024-03-01T20:46:33.6287668Z  125/369 templates processed
2024-03-01T20:46:33.6297004Z  126/369 templates processed
2024-03-01T20:46:33.6310089Z  127/369 templates processed
2024-03-01T20:46:33.6319573Z  128/369 templates processed
2024-03-01T20:46:33.6327074Z  129/369 templates processed
2024-03-01T20:46:33.6333395Z  130/369 templates processed
2024-03-01T20:46:33.6344246Z  131/369 templates processed
2024-03-01T20:46:33.6348151Z  132/369 templates processed
2024-03-01T20:46:33.6356507Z  133/369 templates processed
2024-03-01T20:46:33.6375344Z  134/369 templates processed
2024-03-01T20:46:33.6380650Z  135/369 templates processed
2024-03-01T20:46:33.6399293Z  136/369 templates processed
2024-03-01T20:46:33.6405941Z  137/369 templates processed
2024-03-01T20:46:33.6414177Z  138/369 templates processed
2024-03-01T20:46:33.6420542Z  139/369 templates processed
2024-03-01T20:46:33.6438066Z  140/369 templates processed
2024-03-01T20:46:33.6457113Z  141/369 templates processed
2024-03-01T20:46:33.6478960Z  142/369 templates processed
2024-03-01T20:46:33.6480354Z  143/369 templates processed
2024-03-01T20:46:33.6511978Z  144/369 templates processed
2024-03-01T20:46:33.6549621Z  145/369 templates processed
2024-03-01T20:46:33.6553711Z  146/369 templates processed
2024-03-01T20:46:33.6566270Z  147/369 templates processed
2024-03-01T20:46:33.6568808Z  148/369 templates processed
2024-03-01T20:46:33.6571040Z  149/369 templates processed
2024-03-01T20:46:33.6573549Z  150/369 templates processed
2024-03-01T20:46:33.6576168Z  151/369 templates processed
2024-03-01T20:46:33.6580186Z  152/369 templates processed
2024-03-01T20:46:33.6584677Z  153/369 templates processed
2024-03-01T20:46:33.6587292Z  154/369 templates processed
2024-03-01T20:46:33.6596678Z  155/369 templates processed
2024-03-01T20:46:33.6606603Z  156/369 templates processed
2024-03-01T20:46:33.6619863Z  157/369 templates processed
2024-03-01T20:46:33.6627198Z  158/369 templates processed
2024-03-01T20:46:33.6645318Z  159/369 templates processed
2024-03-01T20:46:33.6649853Z  160/369 templates processed
2024-03-01T20:46:33.6653246Z  161/369 templates processed
2024-03-01T20:46:33.6672710Z  162/369 templates processed
2024-03-01T20:46:33.6693190Z  163/369 templates processed
2024-03-01T20:46:33.6734487Z  164/369 templates processed
2024-03-01T20:46:33.6735526Z  165/369 templates processed
2024-03-01T20:46:33.6918339Z  166/369 templates processed
2024-03-01T20:46:33.6928399Z  167/369 templates processed
2024-03-01T20:46:33.6937732Z  168/369 templates processed
2024-03-01T20:46:33.6940490Z  169/369 templates processed
2024-03-01T20:46:33.6941538Z  170/369 templates processed
2024-03-01T20:46:33.6943730Z  171/369 templates processed
2024-03-01T20:46:33.6951534Z  172/369 templates processed
2024-03-01T20:46:33.6952464Z  173/369 templates processed
2024-03-01T20:46:33.6957465Z  174/369 templates processed
2024-03-01T20:46:33.6989678Z  175/369 templates processed
2024-03-01T20:46:33.6997281Z  176/369 templates processed
2024-03-01T20:46:33.7004344Z  177/369 templates processed
2024-03-01T20:46:33.7009600Z  178/369 templates processed
2024-03-01T20:46:33.7014157Z  179/369 templates processed
2024-03-01T20:46:33.7016854Z  180/369 templates processed
2024-03-01T20:46:33.7028689Z  181/369 templates processed
2024-03-01T20:46:33.7031474Z  182/369 templates processed
2024-03-01T20:46:33.7035982Z  183/369 templates processed
2024-03-01T20:46:33.7047088Z  184/369 templates processed
2024-03-01T20:46:33.7051319Z  185/369 templates processed
2024-03-01T20:46:33.7058848Z  186/369 templates processed
2024-03-01T20:46:33.7064070Z  187/369 templates processed
2024-03-01T20:46:33.7067002Z  188/369 templates processed
2024-03-01T20:46:33.7084541Z  189/369 templates processed
2024-03-01T20:46:33.7087306Z  190/369 templates processed
2024-03-01T20:46:33.7117796Z  191/369 templates processed
2024-03-01T20:46:33.7121371Z  192/369 templates processed
2024-03-01T20:46:33.7127249Z  193/369 templates processed
2024-03-01T20:46:33.7142780Z  194/369 templates processed
2024-03-01T20:46:33.7147993Z  195/369 templates processed
2024-03-01T20:46:33.7150300Z  196/369 templates processed
2024-03-01T20:46:33.7153657Z  197/369 templates processed
2024-03-01T20:46:33.7166029Z  198/369 templates processed
2024-03-01T20:46:33.7172181Z  199/369 templates processed
2024-03-01T20:46:33.7194694Z  200/369 templates processed
2024-03-01T20:46:33.7261351Z  201/369 templates processed
2024-03-01T20:46:33.7269677Z  202/369 templates processed
2024-03-01T20:46:33.7280247Z  203/369 templates processed
2024-03-01T20:46:33.7283636Z  204/369 templates processed
2024-03-01T20:46:33.7290887Z  205/369 templates processed
2024-03-01T20:46:33.7317094Z  206/369 templates processed
2024-03-01T20:46:33.7323090Z  207/369 templates processed
2024-03-01T20:46:33.7329311Z  208/369 templates processed
2024-03-01T20:46:33.7343955Z  209/369 templates processed
2024-03-01T20:46:33.7349317Z  210/369 templates processed
2024-03-01T20:46:33.7380766Z  211/369 templates processed
2024-03-01T20:46:33.7394369Z  212/369 templates processed
2024-03-01T20:46:33.7398503Z  213/369 templates processed
2024-03-01T20:46:33.7410264Z  214/369 templates processed
2024-03-01T20:46:33.7414962Z  215/369 templates processed
2024-03-01T20:46:33.7417682Z  216/369 templates processed
2024-03-01T20:46:33.7421879Z  217/369 templates processed
2024-03-01T20:46:33.7466478Z  218/369 templates processed
2024-03-01T20:46:33.7470607Z  219/369 templates processed
2024-03-01T20:46:33.7473527Z  220/369 templates processed
2024-03-01T20:46:33.7502436Z  221/369 templates processed
2024-03-01T20:46:33.7520635Z  222/369 templates processed
2024-03-01T20:46:33.7525059Z  223/369 templates processed
2024-03-01T20:46:33.7575058Z  224/369 templates processed
2024-03-01T20:46:33.7587184Z  225/369 templates processed
2024-03-01T20:46:33.7590622Z  226/369 templates processed
2024-03-01T20:46:33.7605582Z  227/369 templates processed
2024-03-01T20:46:33.7611366Z  228/369 templates processed
2024-03-01T20:46:33.7625208Z  229/369 templates processed
2024-03-01T20:46:33.7627492Z  230/369 templates processed
2024-03-01T20:46:33.7635148Z  231/369 templates processed
2024-03-01T20:46:33.7660229Z  232/369 templates processed
2024-03-01T20:46:33.7664501Z  233/369 templates processed
2024-03-01T20:46:33.7683106Z  234/369 templates processed
2024-03-01T20:46:33.7687862Z  235/369 templates processed
2024-03-01T20:46:33.7726466Z  236/369 templates processed
2024-03-01T20:46:33.7729687Z  237/369 templates processed
2024-03-01T20:46:33.7739731Z  238/369 templates processed
2024-03-01T20:46:33.7754596Z  239/369 templates processed
2024-03-01T20:46:33.7763993Z  240/369 templates processed
2024-03-01T20:46:33.7768645Z  241/369 templates processed
2024-03-01T20:46:33.7774154Z  242/369 templates processed
2024-03-01T20:46:33.7778579Z  243/369 templates processed
2024-03-01T20:46:33.7782100Z  244/369 templates processed
2024-03-01T20:46:33.7787490Z  245/369 templates processed
2024-03-01T20:46:33.7790598Z  246/369 templates processed
2024-03-01T20:46:33.7803091Z  247/369 templates processed
2024-03-01T20:46:33.7806761Z  248/369 templates processed
2024-03-01T20:46:33.7852634Z  249/369 templates processed
2024-03-01T20:46:33.7854574Z  250/369 templates processed
2024-03-01T20:46:33.7863682Z  251/369 templates processed
2024-03-01T20:46:33.7871575Z  252/369 templates processed
2024-03-01T20:46:33.7878954Z  253/369 templates processed
2024-03-01T20:46:33.7884469Z  254/369 templates processed
2024-03-01T20:46:33.7887518Z  255/369 templates processed
2024-03-01T20:46:33.7889948Z  256/369 templates processed
2024-03-01T20:46:33.7891888Z  257/369 templates processed
2024-03-01T20:46:33.7895710Z  258/369 templates processed
2024-03-01T20:46:33.7897614Z  259/369 templates processed
2024-03-01T20:46:33.7905181Z  260/369 templates processed
2024-03-01T20:46:33.7908646Z  261/369 templates processed
2024-03-01T20:46:33.7910788Z  262/369 templates processed
2024-03-01T20:46:33.7912311Z  263/369 templates processed
2024-03-01T20:46:33.7915479Z  264/369 templates processed
2024-03-01T20:46:33.7919872Z  265/369 templates processed
2024-03-01T20:46:33.7924427Z  266/369 templates processed
2024-03-01T20:46:33.7925871Z  267/369 templates processed
2024-03-01T20:46:33.7936267Z  268/369 templates processed
2024-03-01T20:46:33.7954194Z  269/369 templates processed
2024-03-01T20:46:33.7963393Z  270/369 templates processed
2024-03-01T20:46:33.8103433Z  271/369 templates processed
2024-03-01T20:46:33.8110896Z  272/369 templates processed
2024-03-01T20:46:33.8115623Z  273/369 templates processed
2024-03-01T20:46:33.8124940Z  274/369 templates processed
2024-03-01T20:46:33.8134179Z  275/369 templates processed
2024-03-01T20:46:33.8153361Z  276/369 templates processed
2024-03-01T20:46:33.8156892Z  277/369 templates processed
2024-03-01T20:46:33.8159300Z  278/369 templates processed
2024-03-01T20:46:33.8163175Z  279/369 templates processed
2024-03-01T20:46:33.8178915Z  280/369 templates processed
2024-03-01T20:46:33.8182461Z  281/369 templates processed
2024-03-01T20:46:33.8188777Z  282/369 templates processed
2024-03-01T20:46:33.8194423Z  283/369 templates processed
2024-03-01T20:46:33.8199771Z  284/369 templates processed
2024-03-01T20:46:33.8212067Z  285/369 templates processed
2024-03-01T20:46:33.8214688Z  286/369 templates processed
2024-03-01T20:46:33.8218348Z  287/369 templates processed
2024-03-01T20:46:33.8228315Z  288/369 templates processed
2024-03-01T20:46:33.8231860Z  289/369 templates processed
2024-03-01T20:46:33.8238418Z  290/369 templates processed
2024-03-01T20:46:33.8255728Z  291/369 templates processed
2024-03-01T20:46:33.8292398Z  292/369 templates processed
2024-03-01T20:46:33.8301746Z  293/369 templates processed
2024-03-01T20:46:33.8310644Z  294/369 templates processed
2024-03-01T20:46:33.8312548Z  295/369 templates processed
2024-03-01T20:46:33.8316483Z  296/369 templates processed
2024-03-01T20:46:33.8341761Z  297/369 templates processed
2024-03-01T20:46:33.8360674Z  298/369 templates processed
2024-03-01T20:46:33.8365555Z  299/369 templates processed
2024-03-01T20:46:33.8376552Z  300/369 templates processed
2024-03-01T20:46:33.8378652Z  301/369 templates processed
2024-03-01T20:46:33.8382311Z  302/369 templates processed
2024-03-01T20:46:33.8387985Z  303/369 templates processed
2024-03-01T20:46:33.8393049Z  304/369 templates processed
2024-03-01T20:46:33.8395402Z  305/369 templates processed
2024-03-01T20:46:33.8406770Z  306/369 templates processed
2024-03-01T20:46:33.8410091Z  307/369 templates processed
2024-03-01T20:46:33.8414402Z  308/369 templates processed
2024-03-01T20:46:33.8445371Z  309/369 templates processed
2024-03-01T20:46:33.8455108Z  310/369 templates processed
2024-03-01T20:46:33.8459063Z  311/369 templates processed
2024-03-01T20:46:33.8462626Z  312/369 templates processed
2024-03-01T20:46:33.8467476Z  313/369 templates processed
2024-03-01T20:46:33.8470905Z  314/369 templates processed
2024-03-01T20:46:33.8478296Z  315/369 templates processed
2024-03-01T20:46:33.8480515Z  316/369 templates processed
2024-03-01T20:46:33.8482867Z  317/369 templates processed
2024-03-01T20:46:33.8483913Z  318/369 templates processed
2024-03-01T20:46:33.8486048Z  319/369 templates processed
2024-03-01T20:46:33.8491388Z  320/369 templates processed
2024-03-01T20:46:33.8495387Z  321/369 templates processed
2024-03-01T20:46:33.8505144Z  322/369 templates processed
2024-03-01T20:46:33.8506133Z  323/369 templates processed
2024-03-01T20:46:33.8513151Z  324/369 templates processed
2024-03-01T20:46:33.8517601Z  325/369 templates processed
2024-03-01T20:46:33.8519697Z  326/369 templates processed
2024-03-01T20:46:33.8524641Z  327/369 templates processed
2024-03-01T20:46:33.8530525Z  328/369 templates processed
2024-03-01T20:46:33.8548319Z  329/369 templates processed
2024-03-01T20:46:33.8571148Z  330/369 templates processed
2024-03-01T20:46:33.8574706Z  331/369 templates processed
2024-03-01T20:46:33.8604186Z  332/369 templates processed
2024-03-01T20:46:33.8608125Z  333/369 templates processed
2024-03-01T20:46:33.8625223Z  334/369 templates processed
2024-03-01T20:46:33.8632689Z  335/369 templates processed
2024-03-01T20:46:33.8642230Z  336/369 templates processed
2024-03-01T20:46:33.8644538Z  337/369 templates processed
2024-03-01T20:46:33.8647766Z  338/369 templates processed
2024-03-01T20:46:33.8659190Z  339/369 templates processed
2024-03-01T20:46:33.8663821Z  340/369 templates processed
2024-03-01T20:46:33.8678047Z  341/369 templates processed
2024-03-01T20:46:33.8682524Z  342/369 templates processed
2024-03-01T20:46:33.8687314Z  343/369 templates processed
2024-03-01T20:46:33.8691271Z  344/369 templates processed
2024-03-01T20:46:33.8693528Z  345/369 templates processed
2024-03-01T20:46:33.8695870Z  346/369 templates processed
2024-03-01T20:46:33.8705462Z  347/369 templates processed
2024-03-01T20:46:33.8706915Z  348/369 templates processed
2024-03-01T20:46:33.8709469Z  349/369 templates processed
2024-03-01T20:46:33.8711709Z  350/369 templates processed
2024-03-01T20:46:33.8728338Z  351/369 templates processed
2024-03-01T20:46:33.8734213Z  352/369 templates processed
2024-03-01T20:46:33.8739135Z  353/369 templates processed
2024-03-01T20:46:33.8751806Z  354/369 templates processed
2024-03-01T20:46:33.8754101Z  355/369 templates processed
2024-03-01T20:46:33.8760411Z  356/369 templates processed
2024-03-01T20:46:33.8766112Z  357/369 templates processed
2024-03-01T20:46:33.8771955Z  358/369 templates processed
2024-03-01T20:46:33.8776526Z  359/369 templates processed
2024-03-01T20:46:33.8784474Z  360/369 templates processed
2024-03-01T20:46:33.8805477Z  361/369 templates processed
2024-03-01T20:46:33.8809063Z  362/369 templates processed
2024-03-01T20:46:33.8811706Z  363/369 templates processed
2024-03-01T20:46:33.8816089Z  364/369 templates processed
2024-03-01T20:46:33.8830850Z  365/369 templates processed
2024-03-01T20:46:33.8834982Z  366/369 templates processed
2024-03-01T20:46:33.8842904Z  367/369 templates processed
2024-03-01T20:46:33.8849226Z  368/369 templates processed
2024-03-01T20:46:33.8849885Z Processing models...                    
2024-03-01T20:46:33.8873717Z  0/59 files processed
2024-03-01T20:46:33.8893830Z  1/59 files processed
2024-03-01T20:46:33.8898249Z  2/59 files processed
2024-03-01T20:46:33.8900327Z  3/59 files processed
2024-03-01T20:46:33.8920913Z  4/59 files processed
2024-03-01T20:46:33.8938968Z  5/59 files processed
2024-03-01T20:46:33.8944639Z  6/59 files processed
2024-03-01T20:46:33.8951171Z  7/59 files processed
2024-03-01T20:46:33.8955699Z  8/59 files processed
2024-03-01T20:46:33.8963799Z  9/59 files processed
2024-03-01T20:46:33.8967802Z  10/59 files processed
2024-03-01T20:46:33.8972111Z  11/59 files processed
2024-03-01T20:46:33.8978242Z  12/59 files processed
2024-03-01T20:46:33.8982100Z  13/59 files processed
2024-03-01T20:46:33.9026269Z  14/59 files processed
2024-03-01T20:46:33.9035107Z  15/59 files processed
2024-03-01T20:46:33.9038617Z  16/59 files processed
2024-03-01T20:46:33.9041778Z  17/59 files processed
2024-03-01T20:46:33.9082926Z  18/59 files processed
2024-03-01T20:46:33.9126844Z  19/59 files processed
2024-03-01T20:46:33.9134411Z  20/59 files processed
2024-03-01T20:46:33.9146340Z  21/59 files processed
2024-03-01T20:46:33.9175598Z  22/59 files processed
2024-03-01T20:46:33.9176839Z  23/59 files processed
2024-03-01T20:46:33.9188153Z  24/59 files processed
2024-03-01T20:46:33.9239215Z  25/59 files processed
2024-03-01T20:46:33.9244112Z  26/59 files processed
2024-03-01T20:46:33.9256413Z  27/59 files processed
2024-03-01T20:46:33.9257508Z  28/59 files processed
2024-03-01T20:46:33.9263892Z  29/59 files processed
2024-03-01T20:46:33.9271127Z  30/59 files processed
2024-03-01T20:46:33.9274427Z  31/59 files processed
2024-03-01T20:46:33.9345233Z  32/59 files processed
2024-03-01T20:46:33.9352315Z  33/59 files processed
2024-03-01T20:46:33.9398679Z  34/59 files processed
2024-03-01T20:46:33.9401520Z  35/59 files processed
2024-03-01T20:46:33.9404233Z  36/59 files processed
2024-03-01T20:46:33.9405545Z  37/59 files processed
2024-03-01T20:46:33.9421335Z  38/59 files processed
2024-03-01T20:46:33.9425340Z  39/59 files processed
2024-03-01T20:46:33.9459472Z  40/59 files processed
2024-03-01T20:46:33.9499039Z  41/59 files processed
2024-03-01T20:46:33.9524717Z  42/59 files processed
2024-03-01T20:46:33.9584674Z  43/59 files processed
2024-03-01T20:46:33.9600256Z  44/59 files processed
2024-03-01T20:46:33.9870436Z  45/59 files processed
2024-03-01T20:46:33.9880237Z  46/59 files processed
2024-03-01T20:46:33.9912089Z  47/59 files processed
2024-03-01T20:46:33.9920604Z  48/59 files processed
2024-03-01T20:46:33.9940847Z  49/59 files processed
2024-03-01T20:46:33.9959982Z  50/59 files processed
2024-03-01T20:46:33.9967089Z  51/59 files processed
2024-03-01T20:46:34.0058123Z  52/59 files processed
2024-03-01T20:46:34.0086883Z  53/59 files processed
2024-03-01T20:46:34.0116963Z  54/59 files processed
2024-03-01T20:46:34.0123400Z  55/59 files processed
2024-03-01T20:46:34.0127672Z  56/59 files processed
2024-03-01T20:46:34.0175555Z  57/59 files processed
2024-03-01T20:46:34.0185222Z  58/59 files processed
2024-03-01T20:46:34.0186080Z Processing controllers...               
2024-03-01T20:46:34.0193665Z  0/68 files processed
2024-03-01T20:46:34.0206051Z  1/68 files processed
2024-03-01T20:46:34.0210805Z  2/68 files processed
2024-03-01T20:46:34.0218440Z  3/68 files processed
2024-03-01T20:46:34.0225603Z  4/68 files processed
2024-03-01T20:46:34.0232172Z  5/68 files processed
2024-03-01T20:46:34.0243589Z  6/68 files processed
2024-03-01T20:46:34.0248223Z  7/68 files processed
2024-03-01T20:46:34.0267258Z  8/68 files processed
2024-03-01T20:46:34.0284505Z  9/68 files processed
2024-03-01T20:46:34.0289657Z  10/68 files processed
2024-03-01T20:46:34.0308190Z  11/68 files processed
2024-03-01T20:46:34.0310308Z  12/68 files processed
2024-03-01T20:46:34.0329417Z  13/68 files processed
2024-03-01T20:46:34.0343610Z  14/68 files processed
2024-03-01T20:46:34.0349852Z  15/68 files processed
2024-03-01T20:46:34.0370536Z  16/68 files processed
2024-03-01T20:46:34.0375964Z  17/68 files processed
2024-03-01T20:46:34.0378747Z  18/68 files processed
2024-03-01T20:46:34.0417934Z  19/68 files processed
2024-03-01T20:46:34.0426661Z  20/68 files processed
2024-03-01T20:46:34.0451554Z  21/68 files processed
2024-03-01T20:46:34.0453552Z  22/68 files processed
2024-03-01T20:46:34.0456259Z  23/68 files processed
2024-03-01T20:46:34.0458789Z  24/68 files processed
2024-03-01T20:46:34.0460262Z  25/68 files processed
2024-03-01T20:46:34.0462122Z  26/68 files processed
2024-03-01T20:46:34.0463710Z  27/68 files processed
2024-03-01T20:46:34.0469323Z  28/68 files processed
2024-03-01T20:46:34.0491047Z  29/68 files processed
2024-03-01T20:46:34.0509342Z  30/68 files processed
2024-03-01T20:46:34.0517405Z  31/68 files processed
2024-03-01T20:46:34.0532396Z  32/68 files processed
2024-03-01T20:46:34.0555594Z  33/68 files processed
2024-03-01T20:46:34.0558923Z  34/68 files processed
2024-03-01T20:46:34.0565833Z  35/68 files processed
2024-03-01T20:46:34.0570129Z  36/68 files processed
2024-03-01T20:46:34.0584177Z  37/68 files processed
2024-03-01T20:46:34.0588905Z  38/68 files processed
2024-03-01T20:46:34.0594437Z  39/68 files processed
2024-03-01T20:46:34.0606464Z  40/68 files processed
2024-03-01T20:46:34.0612764Z  41/68 files processed
2024-03-01T20:46:34.0617504Z  42/68 files processed
2024-03-01T20:46:34.0623685Z  43/68 files processed
2024-03-01T20:46:34.0629575Z  44/68 files processed
2024-03-01T20:46:34.0633174Z  45/68 files processed
2024-03-01T20:46:34.0641586Z  46/68 files processed
2024-03-01T20:46:34.0649428Z  47/68 files processed
2024-03-01T20:46:34.0675678Z  48/68 files processed
2024-03-01T20:46:34.0685616Z  49/68 files processed
2024-03-01T20:46:34.0697691Z  50/68 files processed
2024-03-01T20:46:34.0704866Z  51/68 files processed
2024-03-01T20:46:34.0721103Z  52/68 files processed
2024-03-01T20:46:34.0726299Z  53/68 files processed
2024-03-01T20:46:34.0731371Z  54/68 files processed
2024-03-01T20:46:34.0739536Z  55/68 files processed
2024-03-01T20:46:34.0742006Z  56/68 files processed
2024-03-01T20:46:34.0765275Z  57/68 files processed
2024-03-01T20:46:34.0775733Z  58/68 files processed
2024-03-01T20:46:34.0776867Z  59/68 files processed
2024-03-01T20:46:34.0778177Z  60/68 files processed
2024-03-01T20:46:34.0784688Z  61/68 files processed
2024-03-01T20:46:34.0786056Z  62/68 files processed
2024-03-01T20:46:34.0787478Z  63/68 files processed
2024-03-01T20:46:34.0791362Z  64/68 files processed
2024-03-01T20:46:34.0792409Z  65/68 files processed
2024-03-01T20:46:34.0798766Z  66/68 files processed
2024-03-01T20:46:34.0807849Z  67/68 files processed
2024-03-01T20:46:34.0808501Z Processing data flow in controllers...  
2024-03-01T20:46:34.0942937Z  0/67 controllers processed
2024-03-01T20:46:34.1708419Z  1/67 controllers processed
2024-03-01T20:46:34.2063656Z  2/67 controllers processed
2024-03-01T20:46:34.2882449Z  3/67 controllers processed
2024-03-01T20:46:34.3524984Z  4/67 controllers processed
2024-03-01T20:46:34.4026793Z  5/67 controllers processed
2024-03-01T20:46:34.4738175Z  6/67 controllers processed
2024-03-01T20:46:34.5073520Z  7/67 controllers processed
2024-03-01T20:46:34.5681064Z  8/67 controllers processed
2024-03-01T20:46:34.6676166Z  9/67 controllers processed
2024-03-01T20:46:34.6876791Z  10/67 controllers processed
2024-03-01T20:46:34.7359685Z  11/67 controllers processed
2024-03-01T20:46:34.7363366Z  12/67 controllers processed
2024-03-01T20:46:34.8627906Z  13/67 controllers processed
2024-03-01T20:46:34.9226613Z  14/67 controllers processed
2024-03-01T20:46:34.9450162Z  15/67 controllers processed
2024-03-01T20:46:34.9835745Z  16/67 controllers processed
2024-03-01T20:46:35.0074144Z  17/67 controllers processed
2024-03-01T20:46:35.1496160Z  18/67 controllers processed
2024-03-01T20:46:35.1957145Z  19/67 controllers processed
2024-03-01T20:46:35.3248154Z  20/67 controllers processed
2024-03-01T20:46:35.3254229Z  21/67 controllers processed
2024-03-01T20:46:35.3273920Z  22/67 controllers processed
2024-03-01T20:46:35.3278293Z  23/67 controllers processed
2024-03-01T20:46:35.3909765Z  24/67 controllers processed
2024-03-01T20:46:35.4170241Z  25/67 controllers processed
2024-03-01T20:46:35.4363896Z  26/67 controllers processed
2024-03-01T20:46:35.4903512Z  27/67 controllers processed
2024-03-01T20:46:35.6200653Z  28/67 controllers processed
2024-03-01T20:46:35.7245746Z  29/67 controllers processed
2024-03-01T20:46:35.7794136Z  30/67 controllers processed
2024-03-01T20:46:35.8295080Z  31/67 controllers processed
2024-03-01T20:46:35.8705013Z  32/67 controllers processed
2024-03-01T20:46:35.8710905Z  33/67 controllers processed
2024-03-01T20:46:35.8973206Z  34/67 controllers processed
2024-03-01T20:46:35.8984702Z  35/67 controllers processed
2024-03-01T20:46:35.9317936Z  36/67 controllers processed
2024-03-01T20:46:35.9449283Z  37/67 controllers processed
2024-03-01T20:46:35.9504636Z  38/67 controllers processed
2024-03-01T20:46:35.9769977Z  39/67 controllers processed
2024-03-01T20:46:35.9974220Z  40/67 controllers processed
2024-03-01T20:46:35.9995197Z  41/67 controllers processed
2024-03-01T20:46:36.0211043Z  42/67 controllers processed
2024-03-01T20:46:36.0505624Z  43/67 controllers processed
2024-03-01T20:46:36.0651421Z  44/67 controllers processed
2024-03-01T20:46:36.1206797Z  45/67 controllers processed
2024-03-01T20:46:36.1682114Z  46/67 controllers processed
2024-03-01T20:46:36.2641753Z  47/67 controllers processed
2024-03-01T20:46:36.3110836Z  48/67 controllers processed
2024-03-01T20:46:36.3742456Z  49/67 controllers processed
2024-03-01T20:46:36.4014926Z  50/67 controllers processed
2024-03-01T20:46:36.4951553Z  51/67 controllers processed
2024-03-01T20:46:36.5165513Z  52/67 controllers processed
2024-03-01T20:46:36.5345492Z  53/67 controllers processed
2024-03-01T20:46:36.5684524Z  54/67 controllers processed
2024-03-01T20:46:36.5703240Z  55/67 controllers processed
2024-03-01T20:46:36.6625557Z  56/67 controllers processed
2024-03-01T20:46:36.7255251Z  57/67 controllers processed
2024-03-01T20:46:36.7256185Z  58/67 controllers processed
2024-03-01T20:46:36.7257815Z  59/67 controllers processed
2024-03-01T20:46:36.7265546Z  60/67 controllers processed
2024-03-01T20:46:36.7278050Z  61/67 controllers processed
2024-03-01T20:46:36.7302259Z  62/67 controllers processed
2024-03-01T20:46:36.7356498Z  63/67 controllers processed
2024-03-01T20:46:36.7357394Z  64/67 controllers processed
2024-03-01T20:46:36.7735171Z  65/67 controllers processed
2024-03-01T20:46:36.8210927Z  66/67 controllers processed
2024-03-01T20:46:36.8211662Z Indexing call sites...                  
2024-03-01T20:46:37.1737869Z Running checks in parallel...
2024-03-01T20:46:37.1740482Z  - CheckBasicAuth
2024-03-01T20:46:37.1741580Z  - CheckBasicAuthTimingAttack
2024-03-01T20:46:37.1742442Z  - CheckCrossSiteScripting
2024-03-01T20:46:37.1743237Z  - CheckContentTag
2024-03-01T20:46:37.1744145Z  - CheckCookieSerialization
2024-03-01T20:46:37.1747138Z  - CheckCreateWith
2024-03-01T20:46:37.1753143Z  - CheckCSRFTokenForgeryCVE
2024-03-01T20:46:37.1755597Z  - CheckDefaultRoutes
2024-03-01T20:46:37.2757982Z  - CheckDeserialize
2024-03-01T20:46:37.2978522Z  - CheckDetailedExceptions
2024-03-01T20:46:37.2979978Z  - CheckDigestDoS
2024-03-01T20:46:37.2980799Z  - CheckDynamicFinders
2024-03-01T20:46:37.2992060Z  - CheckEOLRails
2024-03-01T20:46:37.2992641Z  - CheckEOLRuby
2024-03-01T20:46:37.2993258Z  - CheckEscapeFunction
2024-03-01T20:46:37.2995994Z  - CheckEvaluation
2024-03-01T20:46:37.2996700Z  - CheckExecute
2024-03-01T20:46:37.3001100Z  - CheckFileAccess
2024-03-01T20:46:37.3037591Z  - CheckFileDisclosure
2024-03-01T20:46:37.3040198Z  - CheckFilterSkipping
2024-03-01T20:46:37.3043106Z  - CheckForgerySetting
2024-03-01T20:46:37.3043785Z  - CheckHeaderDoS
2024-03-01T20:46:37.3044927Z  - CheckI18nXSS
2024-03-01T20:46:37.3051529Z  - CheckJRubyXML
2024-03-01T20:46:37.3053233Z  - CheckJSONEncoding
2024-03-01T20:46:37.3055604Z  - CheckJSONEntityEscape
2024-03-01T20:46:37.3056192Z  - CheckJSONParsing
2024-03-01T20:46:37.3056593Z  - CheckLinkTo
2024-03-01T20:46:37.3061118Z  - CheckLinkToHref
2024-03-01T20:46:37.3061843Z  - CheckMailTo
2024-03-01T20:46:37.3062445Z  - CheckMassAssignment
2024-03-01T20:46:37.3141062Z  - CheckMimeTypeDoS
2024-03-01T20:46:37.3146992Z  - CheckModelAttrAccessible
2024-03-01T20:46:37.3147770Z  - CheckModelAttributes
2024-03-01T20:46:37.3148349Z  - CheckModelSerialize
2024-03-01T20:46:37.3149134Z  - CheckNestedAttributes
2024-03-01T20:46:37.3149838Z  - CheckNestedAttributesBypass
2024-03-01T20:46:37.3150636Z  - CheckNumberToCurrency
2024-03-01T20:46:37.3151276Z  - CheckPageCachingCVE
2024-03-01T20:46:37.3151930Z  - CheckPathname
2024-03-01T20:46:37.3153191Z  - CheckPermitAttributes
2024-03-01T20:46:37.3154982Z  - CheckQuoteTableName
2024-03-01T20:46:37.3158873Z  - CheckRansack
2024-03-01T20:46:37.3160477Z  - CheckRedirect
2024-03-01T20:46:37.3163817Z  - CheckRegexDoS
2024-03-01T20:46:37.3179418Z  - CheckRender
2024-03-01T20:46:37.3180229Z  - CheckRenderDoS
2024-03-01T20:46:37.3299242Z  - CheckRenderInline
2024-03-01T20:46:37.3299931Z  - CheckResponseSplitting
2024-03-01T20:46:37.3300746Z  - CheckRouteDoS
2024-03-01T20:46:37.3301431Z  - CheckSafeBufferManipulation
2024-03-01T20:46:37.3302335Z  - CheckSanitizeConfigCve
2024-03-01T20:46:37.3303047Z  - CheckSanitizeMethods
2024-03-01T20:46:37.3303659Z  - CheckSelectTag
2024-03-01T20:46:37.3304376Z  - CheckSelectVulnerability
2024-03-01T20:46:37.3305030Z  - CheckSend
2024-03-01T20:46:37.3305519Z  - CheckSendFile
2024-03-01T20:46:37.3306229Z  - CheckSessionManipulation
2024-03-01T20:46:37.3306936Z  - CheckSessionSettings
2024-03-01T20:46:37.3307564Z  - CheckSimpleFormat
2024-03-01T20:46:37.3308364Z  - CheckSingleQuotes
2024-03-01T20:46:37.3309000Z  - CheckSkipBeforeFilter
2024-03-01T20:46:37.3309718Z  - CheckSprocketsPathTraversal
2024-03-01T20:46:37.3310572Z  - CheckSQL
2024-03-01T20:46:37.3310966Z  - CheckSQLCVEs
2024-03-01T20:46:37.3311399Z  - CheckSSLVerify
2024-03-01T20:46:37.3312137Z  - CheckStripTags
2024-03-01T20:46:37.3313190Z  - CheckSymbolDoSCVE
2024-03-01T20:46:37.3314059Z  - CheckTemplateInjection
2024-03-01T20:46:37.3314974Z  - CheckTranslateBug
2024-03-01T20:46:37.3315911Z  - CheckUnsafeReflection
2024-03-01T20:46:37.3316966Z  - CheckUnsafeReflectionMethods
2024-03-01T20:46:37.3317760Z  - CheckValidationRegex
2024-03-01T20:46:37.3318509Z  - CheckVerbConfusion
2024-03-01T20:46:37.3319328Z  - CheckWeakRSAKey
2024-03-01T20:46:37.3320032Z  - CheckWithoutProtection
2024-03-01T20:46:37.3320774Z  - CheckXMLDoS
2024-03-01T20:46:37.3321450Z  - CheckYAMLParsing
2024-03-01T20:46:37.4022039Z Checks finished, collecting results...
2024-03-01T20:46:37.4029362Z Filtering warnings...
2024-03-01T20:46:37.4031100Z [Notice] Using '/home/runner/work/human-essentials/human-essentials/config/brakeman.ignore' to filter warnings
2024-03-01T20:46:37.4036341Z Generating report...
2024-03-01T20:46:37.4548746Z 
2024-03-01T20:46:37.4549270Z == Brakeman Report ==
2024-03-01T20:46:37.4549627Z 
2024-03-01T20:46:37.4550328Z Application Path: /home/runner/work/human-essentials/human-essentials
2024-03-01T20:46:37.4551231Z Rails Version: 7.0.8
2024-03-01T20:46:37.4551906Z Brakeman Version: 6.1.2
2024-03-01T20:46:37.4552587Z Scan Date: 2024-03-01 20:46:29 +0000
2024-03-01T20:46:37.4553291Z Duration: 7.670818172 seconds
2024-03-01T20:46:37.4562788Z Checks Run: BasicAuth, BasicAuthTimingAttack, CSRFTokenForgeryCVE, ContentTag, CookieSerialization, CreateWith, CrossSiteScripting, DefaultRoutes, Deserialize, DetailedExceptions, DigestDoS, DynamicFinders, EOLRails, EOLRuby, EscapeFunction, Evaluation, Execute, FileAccess, FileDisclosure, FilterSkipping, ForgerySetting, HeaderDoS, I18nXSS, JRubyXML, JSONEncoding, JSONEntityEscape, JSONParsing, LinkTo, LinkToHref, MailTo, MassAssignment, MimeTypeDoS, ModelAttrAccessible, ModelAttributes, ModelSerialize, NestedAttributes, NestedAttributesBypass, NumberToCurrency, PageCachingCVE, Pathname, PermitAttributes, QuoteTableName, Ransack, Redirect, RegexDoS, Render, RenderDoS, RenderInline, ResponseSplitting, RouteDoS, SQL, SQLCVEs, SSLVerify, SafeBufferManipulation, SanitizeConfigCve, SanitizeMethods, SelectTag, SelectVulnerability, Send, SendFile, SessionManipulation, SessionSettings, SimpleFormat, SingleQuotes, SkipBeforeFilter, SprocketsPathTraversal, StripTags, SymbolDoSCVE, TemplateInjection, TranslateBug, UnsafeReflection, UnsafeReflectionMethods, ValidationRegex, VerbConfusion, WeakRSAKey, WithoutProtection, XMLDoS, YAMLParsing
2024-03-01T20:46:37.4572221Z 
2024-03-01T20:46:37.4572540Z == Overview ==
2024-03-01T20:46:37.4572828Z 
2024-03-01T20:46:37.4573019Z Controllers: 67
2024-03-01T20:46:37.4573562Z Models: 53
2024-03-01T20:46:37.4574117Z Templates: 369
2024-03-01T20:46:37.4574637Z Errors: 1
2024-03-01T20:46:37.4575128Z Security Warnings: 0
2024-03-01T20:46:37.4575704Z Ignored Warnings: 2
2024-03-01T20:46:37.4576074Z 
2024-03-01T20:46:37.4576270Z == Warning Types ==
2024-03-01T20:46:37.4576613Z 
2024-03-01T20:46:37.4576620Z 
2024-03-01T20:46:37.4576806Z == Errors ==
2024-03-01T20:46:37.4577066Z 
2024-03-01T20:46:37.4592817Z Error: app/queries/items_by_storage_collection_and_quantity_query.rb:62 :: parse error on value "$" ($end) Could not parse app/queries/items_by_storage_collection_and_quantity_query.rb
2024-03-01T20:46:37.4596701Z Location: /home/runner/work/human-essentials/human-essentials/vendor/bundle/ruby/3.2.0/gems/racc-1.7.3/lib/racc/parser.rb:540:in `on_error'
2024-03-01T20:46:37.4597964Z 
2024-03-01T20:46:37.4598195Z No warnings found
2024-03-01T20:46:37.4598621Z 
2024-03-01T20:46:37.4716522Z ##[error]Process completed with exit code 7.
2024-03-01T20:46:37.5600901Z Post job cleanup.
2024-03-01T20:46:37.6579946Z [command]/usr/bin/git version
2024-03-01T20:46:37.6627261Z git version 2.43.2
2024-03-01T20:46:37.6668212Z Temporarily overriding HOME='/home/runner/work/_temp/5477a70e-bff3-45ff-8d69-8ddaa02eb8f5' before making global git config changes
2024-03-01T20:46:37.6670001Z Adding repository directory to the temporary git global config as a safe directory
2024-03-01T20:46:37.6674023Z [command]/usr/bin/git config --global --add safe.directory /home/runner/work/human-essentials/human-essentials
2024-03-01T20:46:37.9015548Z [command]/usr/bin/git config --local --name-only --get-regexp core\.sshCommand
2024-03-01T20:46:37.9057893Z [command]/usr/bin/git submodule foreach --recursive sh -c "git config --local --name-only --get-regexp 'core\.sshCommand' && git config --local --unset-all 'core.sshCommand' || :"
2024-03-01T20:46:38.3492288Z [command]/usr/bin/git config --local --name-only --get-regexp http\.https\:\/\/github\.com\/\.extraheader
2024-03-01T20:46:38.3524632Z http.https://github.com/.extraheader
2024-03-01T20:46:38.3534251Z [command]/usr/bin/git config --local --unset-all http.https://github.com/.extraheader
2024-03-01T20:46:38.3649290Z [command]/usr/bin/git submodule foreach --recursive sh -c "git config --local --name-only --get-regexp 'http\.https\:\/\/github\.com\/\.extraheader' && git config --local --unset-all 'http.https://github.com/.extraheader' || :"
2024-03-01T20:46:38.4158580Z Cleaning up orphan processes
