2024-03-02T16:38:22.9951077Z Requested labels: ubuntu-latest
2024-03-02T16:38:22.9951375Z Job defined at: rubyforgood/human-essentials/.github/workflows/rspec-system-events.yml@refs/pull/4011/merge
2024-03-02T16:38:22.9951494Z Waiting for a runner to pick up this job...
2024-03-02T16:40:07.4229091Z Job is waiting for a hosted runner to come online.
2024-03-02T16:40:11.6004328Z Job is about to start running on the hosted runner: GitHub Actions 2 (hosted)
2024-03-02T16:40:14.2417631Z Current runner version: '2.313.0'
2024-03-02T16:40:14.2444701Z ##[group]Operating System
2024-03-02T16:40:14.2445339Z Ubuntu
2024-03-02T16:40:14.2445640Z 22.04.4
2024-03-02T16:40:14.2446093Z LTS
2024-03-02T16:40:14.2446426Z ##[endgroup]
2024-03-02T16:40:14.2446766Z ##[group]Runner Image
2024-03-02T16:40:14.2447274Z Image: ubuntu-22.04
2024-03-02T16:40:14.2447673Z Version: 20240225.1.0
2024-03-02T16:40:14.2448950Z Included Software: https://github.com/actions/runner-images/blob/ubuntu22/20240225.1/images/ubuntu/Ubuntu2204-Readme.md
2024-03-02T16:40:14.2450464Z Image Release: https://github.com/actions/runner-images/releases/tag/ubuntu22%2F20240225.1
2024-03-02T16:40:14.2451325Z ##[endgroup]
2024-03-02T16:40:14.2451733Z ##[group]Runner Image Provisioner
2024-03-02T16:40:14.2452289Z 2.0.347.1
2024-03-02T16:40:14.2452589Z ##[endgroup]
2024-03-02T16:40:14.2454743Z ##[group]GITHUB_TOKEN Permissions
2024-03-02T16:40:14.2456465Z Actions: write
2024-03-02T16:40:14.2456862Z Checks: write
2024-03-02T16:40:14.2457515Z Contents: write
2024-03-02T16:40:14.2457986Z Deployments: write
2024-03-02T16:40:14.2458442Z Discussions: write
2024-03-02T16:40:14.2458840Z Issues: write
2024-03-02T16:40:14.2459202Z Metadata: read
2024-03-02T16:40:14.2459620Z Packages: write
2024-03-02T16:40:14.2460019Z Pages: write
2024-03-02T16:40:14.2460411Z PullRequests: write
2024-03-02T16:40:14.2460869Z RepositoryProjects: write
2024-03-02T16:40:14.2461337Z SecurityEvents: write
2024-03-02T16:40:14.2461750Z Statuses: write
2024-03-02T16:40:14.2462210Z ##[endgroup]
2024-03-02T16:40:14.2465131Z Secret source: Actions
2024-03-02T16:40:14.2465709Z Prepare workflow directory
2024-03-02T16:40:14.3335611Z Prepare all required actions
2024-03-02T16:40:14.3492336Z Getting action download info
2024-03-02T16:40:14.5753994Z Download action repository 'actions/checkout@v2' (SHA:ee0669bd1cc54295c223e0bb666b733df41de1c5)
2024-03-02T16:40:14.7107651Z Download action repository 'ruby/setup-ruby@v1' (SHA:d4526a55538b775af234ba4af27118ed6f8f6677)
2024-03-02T16:40:15.2298224Z Download action repository 'actions/upload-artifact@v2' (SHA:82c141cc518b40d92cc801eee768e7aafc9c2fa2)
2024-03-02T16:40:15.3694787Z Complete job name: rspec-system-events (6, 3)
2024-03-02T16:40:15.4348655Z ##[group]Checking docker version
2024-03-02T16:40:15.4362897Z ##[command]/usr/bin/docker version --format '{{.Server.APIVersion}}'
2024-03-02T16:40:15.5091065Z '1.43'
2024-03-02T16:40:15.5102713Z Docker daemon API version: '1.43'
2024-03-02T16:40:15.5103484Z ##[command]/usr/bin/docker version --format '{{.Client.APIVersion}}'
2024-03-02T16:40:15.5255206Z '1.43'
2024-03-02T16:40:15.5267917Z Docker client API version: '1.43'
2024-03-02T16:40:15.5273008Z ##[endgroup]
2024-03-02T16:40:15.5276685Z ##[group]Clean up resources from previous jobs
2024-03-02T16:40:15.5282587Z ##[command]/usr/bin/docker ps --all --quiet --no-trunc --filter "label=5a80a1"
2024-03-02T16:40:15.5417230Z ##[command]/usr/bin/docker network prune --force --filter "label=5a80a1"
2024-03-02T16:40:15.5550279Z ##[endgroup]
2024-03-02T16:40:15.5550827Z ##[group]Create local container network
2024-03-02T16:40:15.5561015Z ##[command]/usr/bin/docker network create --label 5a80a1 github_network_68561c60c2de43ccaaf3236570b38f68
2024-03-02T16:40:15.6151944Z 229683a2cef34fee13157705321bddaf8fb47b2bc3b2a0211be7d8796fcca6a3
2024-03-02T16:40:15.6169146Z ##[endgroup]
2024-03-02T16:40:15.6246259Z ##[group]Starting db service container
2024-03-02T16:40:15.6263518Z ##[command]/usr/bin/docker pull postgres:12.3
2024-03-02T16:40:16.6373628Z 12.3: Pulling from library/postgres
2024-03-02T16:40:16.9084078Z bf5952930446: Pulling fs layer
2024-03-02T16:40:16.9085296Z 9577476abb00: Pulling fs layer
2024-03-02T16:40:16.9086596Z 2bd105512d5c: Pulling fs layer
2024-03-02T16:40:16.9087497Z b1cd21c26e81: Pulling fs layer
2024-03-02T16:40:16.9088004Z 34a7c86cf8fc: Pulling fs layer
2024-03-02T16:40:16.9088982Z 274e7b0c38d5: Pulling fs layer
2024-03-02T16:40:16.9089601Z 3e831b350d37: Pulling fs layer
2024-03-02T16:40:16.9090109Z 38fa0d496534: Pulling fs layer
2024-03-02T16:40:16.9091017Z 31a8349609a4: Pulling fs layer
2024-03-02T16:40:16.9091538Z 14e4c2a4b7b7: Pulling fs layer
2024-03-02T16:40:16.9092051Z 964acfa02beb: Pulling fs layer
2024-03-02T16:40:16.9092651Z 31b1f20dffc0: Pulling fs layer
2024-03-02T16:40:16.9093112Z 14771c2930e9: Pulling fs layer
2024-03-02T16:40:16.9093664Z 2f30edd0ce8a: Pulling fs layer
2024-03-02T16:40:16.9094252Z 3e831b350d37: Waiting
2024-03-02T16:40:16.9094679Z 14e4c2a4b7b7: Waiting
2024-03-02T16:40:16.9095077Z 38fa0d496534: Waiting
2024-03-02T16:40:16.9095579Z b1cd21c26e81: Waiting
2024-03-02T16:40:16.9096003Z 964acfa02beb: Waiting
2024-03-02T16:40:16.9096379Z 31b1f20dffc0: Waiting
2024-03-02T16:40:16.9096876Z 14771c2930e9: Waiting
2024-03-02T16:40:16.9097286Z 2f30edd0ce8a: Waiting
2024-03-02T16:40:16.9097768Z 34a7c86cf8fc: Waiting
2024-03-02T16:40:16.9098151Z 274e7b0c38d5: Waiting
2024-03-02T16:40:17.1633612Z 2bd105512d5c: Verifying Checksum
2024-03-02T16:40:17.1635426Z 2bd105512d5c: Download complete
2024-03-02T16:40:17.2492802Z 9577476abb00: Download complete
2024-03-02T16:40:17.3111766Z bf5952930446: Download complete
2024-03-02T16:40:17.4279932Z b1cd21c26e81: Verifying Checksum
2024-03-02T16:40:17.4281039Z b1cd21c26e81: Download complete
2024-03-02T16:40:17.5636587Z 274e7b0c38d5: Verifying Checksum
2024-03-02T16:40:17.5637471Z 274e7b0c38d5: Download complete
2024-03-02T16:40:17.5809600Z 34a7c86cf8fc: Verifying Checksum
2024-03-02T16:40:17.5810350Z 34a7c86cf8fc: Download complete
2024-03-02T16:40:17.6844597Z 3e831b350d37: Verifying Checksum
2024-03-02T16:40:17.6845415Z 3e831b350d37: Download complete
2024-03-02T16:40:17.8160548Z 38fa0d496534: Verifying Checksum
2024-03-02T16:40:17.8164422Z 38fa0d496534: Download complete
2024-03-02T16:40:17.9576213Z 14e4c2a4b7b7: Verifying Checksum
2024-03-02T16:40:17.9577301Z 14e4c2a4b7b7: Download complete
2024-03-02T16:40:18.0808374Z 964acfa02beb: Verifying Checksum
2024-03-02T16:40:18.0809642Z 964acfa02beb: Download complete
2024-03-02T16:40:18.2161158Z 31b1f20dffc0: Verifying Checksum
2024-03-02T16:40:18.2162235Z 31b1f20dffc0: Download complete
2024-03-02T16:40:18.3542054Z 14771c2930e9: Verifying Checksum
2024-03-02T16:40:18.3543098Z 14771c2930e9: Download complete
2024-03-02T16:40:18.4182993Z 31a8349609a4: Verifying Checksum
2024-03-02T16:40:18.4183703Z 31a8349609a4: Download complete
2024-03-02T16:40:18.4727378Z 2f30edd0ce8a: Verifying Checksum
2024-03-02T16:40:18.4728101Z 2f30edd0ce8a: Download complete
2024-03-02T16:40:18.5458467Z bf5952930446: Pull complete
2024-03-02T16:40:18.8441314Z 9577476abb00: Pull complete
2024-03-02T16:40:18.8593574Z 2bd105512d5c: Pull complete
2024-03-02T16:40:18.9321206Z b1cd21c26e81: Pull complete
2024-03-02T16:40:19.2651829Z 34a7c86cf8fc: Pull complete
2024-03-02T16:40:19.3066667Z 274e7b0c38d5: Pull complete
2024-03-02T16:40:19.3156446Z 3e831b350d37: Pull complete
2024-03-02T16:40:19.3244502Z 38fa0d496534: Pull complete
2024-03-02T16:40:21.6333792Z 31a8349609a4: Pull complete
2024-03-02T16:40:21.6472637Z 14e4c2a4b7b7: Pull complete
2024-03-02T16:40:21.6574168Z 964acfa02beb: Pull complete
2024-03-02T16:40:21.6674197Z 31b1f20dffc0: Pull complete
2024-03-02T16:40:21.6761518Z 14771c2930e9: Pull complete
2024-03-02T16:40:21.6838097Z 2f30edd0ce8a: Pull complete
2024-03-02T16:40:21.6881036Z Digest: sha256:a06e6e6e519b7a329c419f8221edec66cfc45511e8b80e262c12103ba745cf19
2024-03-02T16:40:21.6898085Z Status: Downloaded newer image for postgres:12.3
2024-03-02T16:40:21.6907102Z docker.io/library/postgres:12.3
2024-03-02T16:40:21.7014455Z ##[command]/usr/bin/docker create --name 838d7180f8f34a88a48397a98f3b3f6e_postgres123_219a0d --label 5a80a1 --network github_network_68561c60c2de43ccaaf3236570b38f68 --network-alias db -p 5432:5432 --health-cmd pg_isready --health-interval 10s --health-timeout 5s --health-retries 5 -e "POSTGRES_PASSWORD=password" -e GITHUB_ACTIONS=true -e CI=true postgres:12.3
2024-03-02T16:40:21.7347769Z 4ca91a9773be12d987731422e86d7418322e6d5055360ddae6afd8a20b0a66f2
2024-03-02T16:40:21.7368373Z ##[command]/usr/bin/docker start 4ca91a9773be12d987731422e86d7418322e6d5055360ddae6afd8a20b0a66f2
2024-03-02T16:40:22.0017962Z 4ca91a9773be12d987731422e86d7418322e6d5055360ddae6afd8a20b0a66f2
2024-03-02T16:40:22.0041346Z ##[command]/usr/bin/docker ps --all --filter id=4ca91a9773be12d987731422e86d7418322e6d5055360ddae6afd8a20b0a66f2 --filter status=running --no-trunc --format "{{.ID}} {{.Status}}"
2024-03-02T16:40:22.0159157Z 4ca91a9773be12d987731422e86d7418322e6d5055360ddae6afd8a20b0a66f2 Up Less than a second (health: starting)
2024-03-02T16:40:22.0182914Z ##[command]/usr/bin/docker port 4ca91a9773be12d987731422e86d7418322e6d5055360ddae6afd8a20b0a66f2
2024-03-02T16:40:22.0308677Z 5432/tcp -> 0.0.0.0:5432
2024-03-02T16:40:22.0309370Z 5432/tcp -> [::]:5432
2024-03-02T16:40:22.0383964Z ##[endgroup]
2024-03-02T16:40:22.0409873Z ##[group]Waiting for all services to be ready
2024-03-02T16:40:22.0445668Z ##[command]/usr/bin/docker inspect --format="{{if .Config.Healthcheck}}{{print .State.Health.Status}}{{end}}" 4ca91a9773be12d987731422e86d7418322e6d5055360ddae6afd8a20b0a66f2
2024-03-02T16:40:22.0596054Z starting
2024-03-02T16:40:22.0623609Z db service is starting, waiting 2 seconds before checking again.
2024-03-02T16:40:24.0625022Z ##[command]/usr/bin/docker inspect --format="{{if .Config.Healthcheck}}{{print .State.Health.Status}}{{end}}" 4ca91a9773be12d987731422e86d7418322e6d5055360ddae6afd8a20b0a66f2
2024-03-02T16:40:24.0739046Z starting
2024-03-02T16:40:24.0751951Z db service is starting, waiting 4 seconds before checking again.
2024-03-02T16:40:28.2347535Z ##[command]/usr/bin/docker inspect --format="{{if .Config.Healthcheck}}{{print .State.Health.Status}}{{end}}" 4ca91a9773be12d987731422e86d7418322e6d5055360ddae6afd8a20b0a66f2
2024-03-02T16:40:28.2474734Z starting
2024-03-02T16:40:28.2487753Z db service is starting, waiting 8 seconds before checking again.
2024-03-02T16:40:37.1338194Z ##[command]/usr/bin/docker inspect --format="{{if .Config.Healthcheck}}{{print .State.Health.Status}}{{end}}" 4ca91a9773be12d987731422e86d7418322e6d5055360ddae6afd8a20b0a66f2
2024-03-02T16:40:37.1460764Z healthy
2024-03-02T16:40:37.1475740Z db service is healthy.
2024-03-02T16:40:37.1476371Z ##[endgroup]
2024-03-02T16:40:37.1839428Z ##[group]Run actions/checkout@v2
2024-03-02T16:40:37.1840010Z with:
2024-03-02T16:40:37.1840376Z   repository: rubyforgood/human-essentials
2024-03-02T16:40:37.1841008Z   token: ***
2024-03-02T16:40:37.1841471Z   ssh-strict: true
2024-03-02T16:40:37.1841837Z   persist-credentials: true
2024-03-02T16:40:37.1842237Z   clean: true
2024-03-02T16:40:37.1842599Z   fetch-depth: 1
2024-03-02T16:40:37.1842929Z   lfs: false
2024-03-02T16:40:37.1843263Z   submodules: false
2024-03-02T16:40:37.1843670Z   set-safe-directory: true
2024-03-02T16:40:37.1844002Z ##[endgroup]
2024-03-02T16:40:37.4179577Z Syncing repository: rubyforgood/human-essentials
2024-03-02T16:40:37.4181555Z ##[group]Getting Git version info
2024-03-02T16:40:37.4182246Z Working directory is '/home/runner/work/human-essentials/human-essentials'
2024-03-02T16:40:37.4183213Z [command]/usr/bin/git version
2024-03-02T16:40:37.4233838Z git version 2.43.2
2024-03-02T16:40:37.4258891Z ##[endgroup]
2024-03-02T16:40:37.4277915Z Temporarily overriding HOME='/home/runner/work/_temp/53c501ed-5616-49a5-a71e-c3a0fad1d360' before making global git config changes
2024-03-02T16:40:37.4279760Z Adding repository directory to the temporary git global config as a safe directory
2024-03-02T16:40:37.4282941Z [command]/usr/bin/git config --global --add safe.directory /home/runner/work/human-essentials/human-essentials
2024-03-02T16:40:37.4327710Z Deleting the contents of '/home/runner/work/human-essentials/human-essentials'
2024-03-02T16:40:37.4332411Z ##[group]Initializing the repository
2024-03-02T16:40:37.4336163Z [command]/usr/bin/git init /home/runner/work/human-essentials/human-essentials
2024-03-02T16:40:37.4416083Z hint: Using 'master' as the name for the initial branch. This default branch name
2024-03-02T16:40:37.4417062Z hint: is subject to change. To configure the initial branch name to use in all
2024-03-02T16:40:37.4417845Z hint: of your new repositories, which will suppress this warning, call:
2024-03-02T16:40:37.4418625Z hint: 
2024-03-02T16:40:37.4419162Z hint: 	git config --global init.defaultBranch <name>
2024-03-02T16:40:37.4419639Z hint: 
2024-03-02T16:40:37.4420171Z hint: Names commonly chosen instead of 'master' are 'main', 'trunk' and
2024-03-02T16:40:37.4421185Z hint: 'development'. The just-created branch can be renamed via this command:
2024-03-02T16:40:37.4421723Z hint: 
2024-03-02T16:40:37.4422155Z hint: 	git branch -m <name>
2024-03-02T16:40:37.4426472Z Initialized empty Git repository in /home/runner/work/human-essentials/human-essentials/.git/
2024-03-02T16:40:37.4434858Z [command]/usr/bin/git remote add origin https://github.com/rubyforgood/human-essentials
2024-03-02T16:40:37.4478886Z ##[endgroup]
2024-03-02T16:40:37.4479608Z ##[group]Disabling automatic garbage collection
2024-03-02T16:40:37.4482755Z [command]/usr/bin/git config --local gc.auto 0
2024-03-02T16:40:37.4518684Z ##[endgroup]
2024-03-02T16:40:37.4519462Z ##[group]Setting up auth
2024-03-02T16:40:37.4525267Z [command]/usr/bin/git config --local --name-only --get-regexp core\.sshCommand
2024-03-02T16:40:37.4562040Z [command]/usr/bin/git submodule foreach --recursive sh -c "git config --local --name-only --get-regexp 'core\.sshCommand' && git config --local --unset-all 'core.sshCommand' || :"
2024-03-02T16:40:37.4932717Z [command]/usr/bin/git config --local --name-only --get-regexp http\.https\:\/\/github\.com\/\.extraheader
2024-03-02T16:40:37.4971252Z [command]/usr/bin/git submodule foreach --recursive sh -c "git config --local --name-only --get-regexp 'http\.https\:\/\/github\.com\/\.extraheader' && git config --local --unset-all 'http.https://github.com/.extraheader' || :"
2024-03-02T16:40:37.5206137Z [command]/usr/bin/git config --local http.https://github.com/.extraheader AUTHORIZATION: basic ***
2024-03-02T16:40:37.5251094Z ##[endgroup]
2024-03-02T16:40:37.5251748Z ##[group]Fetching the repository
2024-03-02T16:40:37.5259236Z [command]/usr/bin/git -c protocol.version=2 fetch --no-tags --prune --progress --no-recurse-submodules --depth=1 origin +6df1f4f6ffb243aff016055faca054ee4ff8fe4a:refs/remotes/pull/4011/merge
2024-03-02T16:40:37.9940147Z remote: Enumerating objects: 1742, done.        
2024-03-02T16:40:37.9941283Z remote: Counting objects:   0% (1/1742)        
2024-03-02T16:40:37.9947277Z remote: Counting objects:   1% (18/1742)        
2024-03-02T16:40:37.9948129Z remote: Counting objects:   2% (35/1742)        
2024-03-02T16:40:37.9950866Z remote: Counting objects:   3% (53/1742)        
2024-03-02T16:40:37.9952012Z remote: Counting objects:   4% (70/1742)        
2024-03-02T16:40:37.9953010Z remote: Counting objects:   5% (88/1742)        
2024-03-02T16:40:37.9953992Z remote: Counting objects:   6% (105/1742)        
2024-03-02T16:40:37.9955004Z remote: Counting objects:   7% (122/1742)        
2024-03-02T16:40:37.9955895Z remote: Counting objects:   8% (140/1742)        
2024-03-02T16:40:37.9956814Z remote: Counting objects:   9% (157/1742)        
2024-03-02T16:40:37.9957912Z remote: Counting objects:  10% (175/1742)        
2024-03-02T16:40:37.9958983Z remote: Counting objects:  11% (192/1742)        
2024-03-02T16:40:37.9959832Z remote: Counting objects:  12% (210/1742)        
2024-03-02T16:40:37.9960931Z remote: Counting objects:  13% (227/1742)        
2024-03-02T16:40:37.9961845Z remote: Counting objects:  14% (244/1742)        
2024-03-02T16:40:37.9962711Z remote: Counting objects:  15% (262/1742)        
2024-03-02T16:40:37.9963713Z remote: Counting objects:  16% (279/1742)        
2024-03-02T16:40:37.9964631Z remote: Counting objects:  17% (297/1742)        
2024-03-02T16:40:37.9965546Z remote: Counting objects:  18% (314/1742)        
2024-03-02T16:40:37.9966618Z remote: Counting objects:  19% (331/1742)        
2024-03-02T16:40:37.9967468Z remote: Counting objects:  20% (349/1742)        
2024-03-02T16:40:37.9968373Z remote: Counting objects:  21% (366/1742)        
2024-03-02T16:40:37.9969814Z remote: Counting objects:  22% (384/1742)        
2024-03-02T16:40:37.9971052Z remote: Counting objects:  23% (401/1742)        
2024-03-02T16:40:37.9971956Z remote: Counting objects:  24% (419/1742)        
2024-03-02T16:40:37.9973024Z remote: Counting objects:  25% (436/1742)        
2024-03-02T16:40:37.9973938Z remote: Counting objects:  26% (453/1742)        
2024-03-02T16:40:37.9975012Z remote: Counting objects:  27% (471/1742)        
2024-03-02T16:40:37.9975839Z remote: Counting objects:  28% (488/1742)        
2024-03-02T16:40:37.9976822Z remote: Counting objects:  29% (506/1742)        
2024-03-02T16:40:37.9977477Z remote: Counting objects:  30% (523/1742)        
2024-03-02T16:40:37.9978213Z remote: Counting objects:  31% (541/1742)        
2024-03-02T16:40:37.9979698Z remote: Counting objects:  32% (558/1742)        
2024-03-02T16:40:37.9980188Z remote: Counting objects:  33% (575/1742)        
2024-03-02T16:40:37.9981252Z remote: Counting objects:  34% (593/1742)        
2024-03-02T16:40:37.9982116Z remote: Counting objects:  35% (610/1742)        
2024-03-02T16:40:37.9982931Z remote: Counting objects:  36% (628/1742)        
2024-03-02T16:40:37.9985092Z remote: Counting objects:  37% (645/1742)        
2024-03-02T16:40:37.9985791Z remote: Counting objects:  38% (662/1742)        
2024-03-02T16:40:37.9986358Z remote: Counting objects:  39% (680/1742)        
2024-03-02T16:40:37.9986817Z remote: Counting objects:  40% (697/1742)        
2024-03-02T16:40:37.9987289Z remote: Counting objects:  41% (715/1742)        
2024-03-02T16:40:37.9987822Z remote: Counting objects:  42% (732/1742)        
2024-03-02T16:40:37.9988300Z remote: Counting objects:  43% (750/1742)        
2024-03-02T16:40:37.9988723Z remote: Counting objects:  44% (767/1742)        
2024-03-02T16:40:37.9989298Z remote: Counting objects:  45% (784/1742)        
2024-03-02T16:40:37.9989767Z remote: Counting objects:  46% (802/1742)        
2024-03-02T16:40:37.9990276Z remote: Counting objects:  47% (819/1742)        
2024-03-02T16:40:37.9990786Z remote: Counting objects:  48% (837/1742)        
2024-03-02T16:40:37.9991266Z remote: Counting objects:  49% (854/1742)        
2024-03-02T16:40:37.9991983Z remote: Counting objects:  50% (871/1742)        
2024-03-02T16:40:37.9992545Z remote: Counting objects:  51% (889/1742)        
2024-03-02T16:40:37.9992977Z remote: Counting objects:  52% (906/1742)        
2024-03-02T16:40:37.9993461Z remote: Counting objects:  53% (924/1742)        
2024-03-02T16:40:37.9993989Z remote: Counting objects:  54% (941/1742)        
2024-03-02T16:40:37.9994449Z remote: Counting objects:  55% (959/1742)        
2024-03-02T16:40:37.9994895Z remote: Counting objects:  56% (976/1742)        
2024-03-02T16:40:37.9995424Z remote: Counting objects:  57% (993/1742)        
2024-03-02T16:40:37.9995900Z remote: Counting objects:  58% (1011/1742)        
2024-03-02T16:40:37.9996495Z remote: Counting objects:  59% (1028/1742)        
2024-03-02T16:40:37.9996957Z remote: Counting objects:  60% (1046/1742)        
2024-03-02T16:40:37.9997474Z remote: Counting objects:  61% (1063/1742)        
2024-03-02T16:40:37.9998040Z remote: Counting objects:  62% (1081/1742)        
2024-03-02T16:40:37.9998534Z remote: Counting objects:  63% (1098/1742)        
2024-03-02T16:40:37.9999054Z remote: Counting objects:  64% (1115/1742)        
2024-03-02T16:40:37.9999582Z remote: Counting objects:  65% (1133/1742)        
2024-03-02T16:40:38.0000067Z remote: Counting objects:  66% (1150/1742)        
2024-03-02T16:40:38.0000566Z remote: Counting objects:  67% (1168/1742)        
2024-03-02T16:40:38.0001111Z remote: Counting objects:  68% (1185/1742)        
2024-03-02T16:40:38.0001559Z remote: Counting objects:  69% (1202/1742)        
2024-03-02T16:40:38.0002313Z remote: Counting objects:  70% (1220/1742)        
2024-03-02T16:40:38.0002912Z remote: Counting objects:  71% (1237/1742)        
2024-03-02T16:40:38.0003426Z remote: Counting objects:  72% (1255/1742)        
2024-03-02T16:40:38.0003871Z remote: Counting objects:  73% (1272/1742)        
2024-03-02T16:40:38.0004415Z remote: Counting objects:  74% (1290/1742)        
2024-03-02T16:40:38.0005068Z remote: Counting objects:  75% (1307/1742)        
2024-03-02T16:40:38.0005543Z remote: Counting objects:  76% (1324/1742)        
2024-03-02T16:40:38.0006255Z remote: Counting objects:  77% (1342/1742)        
2024-03-02T16:40:38.0006775Z remote: Counting objects:  78% (1359/1742)        
2024-03-02T16:40:38.0007260Z remote: Counting objects:  79% (1377/1742)        
2024-03-02T16:40:38.0007839Z remote: Counting objects:  80% (1394/1742)        
2024-03-02T16:40:38.0008292Z remote: Counting objects:  81% (1412/1742)        
2024-03-02T16:40:38.0009021Z remote: Counting objects:  82% (1429/1742)        
2024-03-02T16:40:38.0009604Z remote: Counting objects:  83% (1446/1742)        
2024-03-02T16:40:38.0010073Z remote: Counting objects:  84% (1464/1742)        
2024-03-02T16:40:38.0010553Z remote: Counting objects:  85% (1481/1742)        
2024-03-02T16:40:38.0011114Z remote: Counting objects:  86% (1499/1742)        
2024-03-02T16:40:38.0011591Z remote: Counting objects:  87% (1516/1742)        
2024-03-02T16:40:38.0012060Z remote: Counting objects:  88% (1533/1742)        
2024-03-02T16:40:38.0012600Z remote: Counting objects:  89% (1551/1742)        
2024-03-02T16:40:38.0013289Z remote: Counting objects:  90% (1568/1742)        
2024-03-02T16:40:38.0013875Z remote: Counting objects:  91% (1586/1742)        
2024-03-02T16:40:38.0014322Z remote: Counting objects:  92% (1603/1742)        
2024-03-02T16:40:38.0014799Z remote: Counting objects:  93% (1621/1742)        
2024-03-02T16:40:38.0015347Z remote: Counting objects:  94% (1638/1742)        
2024-03-02T16:40:38.0015832Z remote: Counting objects:  95% (1655/1742)        
2024-03-02T16:40:38.0016272Z remote: Counting objects:  96% (1673/1742)        
2024-03-02T16:40:38.0016826Z remote: Counting objects:  97% (1690/1742)        
2024-03-02T16:40:38.0017300Z remote: Counting objects:  98% (1708/1742)        
2024-03-02T16:40:38.0017791Z remote: Counting objects:  99% (1725/1742)        
2024-03-02T16:40:38.0018301Z remote: Counting objects: 100% (1742/1742)        
2024-03-02T16:40:38.0018974Z remote: Counting objects: 100% (1742/1742), done.        
2024-03-02T16:40:38.0019535Z remote: Compressing objects:   0% (1/1556)        
2024-03-02T16:40:38.0020111Z remote: Compressing objects:   1% (16/1556)        
2024-03-02T16:40:38.0020608Z remote: Compressing objects:   2% (32/1556)        
2024-03-02T16:40:38.0021132Z remote: Compressing objects:   3% (47/1556)        
2024-03-02T16:40:38.0021711Z remote: Compressing objects:   4% (63/1556)        
2024-03-02T16:40:38.0022229Z remote: Compressing objects:   5% (78/1556)        
2024-03-02T16:40:38.0022696Z remote: Compressing objects:   6% (94/1556)        
2024-03-02T16:40:38.0023274Z remote: Compressing objects:   7% (109/1556)        
2024-03-02T16:40:38.0023806Z remote: Compressing objects:   8% (125/1556)        
2024-03-02T16:40:38.0024314Z remote: Compressing objects:   9% (141/1556)        
2024-03-02T16:40:38.0024851Z remote: Compressing objects:  10% (156/1556)        
2024-03-02T16:40:38.0025373Z remote: Compressing objects:  11% (172/1556)        
2024-03-02T16:40:38.0025876Z remote: Compressing objects:  12% (187/1556)        
2024-03-02T16:40:38.0026457Z remote: Compressing objects:  13% (203/1556)        
2024-03-02T16:40:38.0026929Z remote: Compressing objects:  14% (218/1556)        
2024-03-02T16:40:38.0027426Z remote: Compressing objects:  15% (234/1556)        
2024-03-02T16:40:38.0028009Z remote: Compressing objects:  16% (249/1556)        
2024-03-02T16:40:38.0028507Z remote: Compressing objects:  17% (265/1556)        
2024-03-02T16:40:38.0028973Z remote: Compressing objects:  18% (281/1556)        
2024-03-02T16:40:38.0029564Z remote: Compressing objects:  19% (296/1556)        
2024-03-02T16:40:38.0030060Z remote: Compressing objects:  20% (312/1556)        
2024-03-02T16:40:38.0030627Z remote: Compressing objects:  21% (327/1556)        
2024-03-02T16:40:38.0031092Z remote: Compressing objects:  22% (343/1556)        
2024-03-02T16:40:38.0031586Z remote: Compressing objects:  23% (358/1556)        
2024-03-02T16:40:38.0032319Z remote: Compressing objects:  24% (374/1556)        
2024-03-02T16:40:38.0032818Z remote: Compressing objects:  25% (389/1556)        
2024-03-02T16:40:38.0033281Z remote: Compressing objects:  26% (405/1556)        
2024-03-02T16:40:38.0033854Z remote: Compressing objects:  27% (421/1556)        
2024-03-02T16:40:38.0034349Z remote: Compressing objects:  28% (436/1556)        
2024-03-02T16:40:38.0034856Z remote: Compressing objects:  29% (452/1556)        
2024-03-02T16:40:38.0035383Z remote: Compressing objects:  30% (467/1556)        
2024-03-02T16:40:38.0035875Z remote: Compressing objects:  31% (483/1556)        
2024-03-02T16:40:38.0036383Z remote: Compressing objects:  32% (498/1556)        
2024-03-02T16:40:38.0036939Z remote: Compressing objects:  33% (514/1556)        
2024-03-02T16:40:38.0037402Z remote: Compressing objects:  34% (530/1556)        
2024-03-02T16:40:38.0037913Z remote: Compressing objects:  35% (545/1556)        
2024-03-02T16:40:38.0038483Z remote: Compressing objects:  36% (561/1556)        
2024-03-02T16:40:38.0038995Z remote: Compressing objects:  37% (576/1556)        
2024-03-02T16:40:38.0039467Z remote: Compressing objects:  38% (592/1556)        
2024-03-02T16:40:38.0040020Z remote: Compressing objects:  39% (607/1556)        
2024-03-02T16:40:38.0040530Z remote: Compressing objects:  40% (623/1556)        
2024-03-02T16:40:38.0041020Z remote: Compressing objects:  41% (638/1556)        
2024-03-02T16:40:38.0041539Z remote: Compressing objects:  42% (654/1556)        
2024-03-02T16:40:38.0042046Z remote: Compressing objects:  43% (670/1556)        
2024-03-02T16:40:38.0042538Z remote: Compressing objects:  44% (685/1556)        
2024-03-02T16:40:38.0043118Z remote: Compressing objects:  45% (701/1556)        
2024-03-02T16:40:38.0043579Z remote: Compressing objects:  46% (716/1556)        
2024-03-02T16:40:38.0044071Z remote: Compressing objects:  47% (732/1556)        
2024-03-02T16:40:38.0044640Z remote: Compressing objects:  48% (747/1556)        
2024-03-02T16:40:38.0045218Z remote: Compressing objects:  49% (763/1556)        
2024-03-02T16:40:38.0045746Z remote: Compressing objects:  50% (778/1556)        
2024-03-02T16:40:38.0046324Z remote: Compressing objects:  51% (794/1556)        
2024-03-02T16:40:38.0046817Z remote: Compressing objects:  52% (810/1556)        
2024-03-02T16:40:38.0047273Z remote: Compressing objects:  53% (825/1556)        
2024-03-02T16:40:38.0047851Z remote: Compressing objects:  54% (841/1556)        
2024-03-02T16:40:38.0048341Z remote: Compressing objects:  55% (856/1556)        
2024-03-02T16:40:38.0049220Z remote: Compressing objects:  56% (872/1556)        
2024-03-02T16:40:38.0049698Z remote: Compressing objects:  57% (887/1556)        
2024-03-02T16:40:38.0050196Z remote: Compressing objects:  58% (903/1556)        
2024-03-02T16:40:38.0050764Z remote: Compressing objects:  59% (919/1556)        
2024-03-02T16:40:38.0051259Z remote: Compressing objects:  60% (934/1556)        
2024-03-02T16:40:38.0051739Z remote: Compressing objects:  61% (950/1556)        
2024-03-02T16:40:38.0052325Z remote: Compressing objects:  62% (965/1556)        
2024-03-02T16:40:38.0052820Z remote: Compressing objects:  63% (981/1556)        
2024-03-02T16:40:38.0053327Z remote: Compressing objects:  64% (996/1556)        
2024-03-02T16:40:38.0053865Z remote: Compressing objects:  65% (1012/1556)        
2024-03-02T16:40:38.0054386Z remote: Compressing objects:  66% (1027/1556)        
2024-03-02T16:40:38.0054915Z remote: Compressing objects:  67% (1043/1556)        
2024-03-02T16:40:38.0055488Z remote: Compressing objects:  68% (1059/1556)        
2024-03-02T16:40:38.0055966Z remote: Compressing objects:  69% (1074/1556)        
2024-03-02T16:40:38.0056483Z remote: Compressing objects:  70% (1090/1556)        
2024-03-02T16:40:38.0057068Z remote: Compressing objects:  71% (1105/1556)        
2024-03-02T16:40:38.0057594Z remote: Compressing objects:  72% (1121/1556)        
2024-03-02T16:40:38.0058266Z remote: Compressing objects:  73% (1136/1556)        
2024-03-02T16:40:38.0058816Z remote: Compressing objects:  74% (1152/1556)        
2024-03-02T16:40:38.0059331Z remote: Compressing objects:  75% (1167/1556)        
2024-03-02T16:40:38.0059835Z remote: Compressing objects:  76% (1183/1556)        
2024-03-02T16:40:38.0060426Z remote: Compressing objects:  77% (1199/1556)        
2024-03-02T16:40:38.0060893Z remote: Compressing objects:  78% (1214/1556)        
2024-03-02T16:40:38.0061387Z remote: Compressing objects:  79% (1230/1556)        
2024-03-02T16:40:38.0061956Z remote: Compressing objects:  80% (1245/1556)        
2024-03-02T16:40:38.0062452Z remote: Compressing objects:  81% (1261/1556)        
2024-03-02T16:40:38.0062915Z remote: Compressing objects:  82% (1276/1556)        
2024-03-02T16:40:38.0063488Z remote: Compressing objects:  83% (1292/1556)        
2024-03-02T16:40:38.0063988Z remote: Compressing objects:  84% (1308/1556)        
2024-03-02T16:40:38.0064542Z remote: Compressing objects:  85% (1323/1556)        
2024-03-02T16:40:38.0065036Z remote: Compressing objects:  86% (1339/1556)        
2024-03-02T16:40:38.0065531Z remote: Compressing objects:  87% (1354/1556)        
2024-03-02T16:40:38.0066102Z remote: Compressing objects:  88% (1370/1556)        
2024-03-02T16:40:38.0066570Z remote: Compressing objects:  89% (1385/1556)        
2024-03-02T16:40:38.0067111Z remote: Compressing objects:  90% (1401/1556)        
2024-03-02T16:40:38.0067686Z remote: Compressing objects:  91% (1416/1556)        
2024-03-02T16:40:38.0068153Z remote: Compressing objects:  92% (1432/1556)        
2024-03-02T16:40:38.0068646Z remote: Compressing objects:  93% (1448/1556)        
2024-03-02T16:40:38.0069217Z remote: Compressing objects:  94% (1463/1556)        
2024-03-02T16:40:38.0069724Z remote: Compressing objects:  95% (1479/1556)        
2024-03-02T16:40:38.0070184Z remote: Compressing objects:  96% (1494/1556)        
2024-03-02T16:40:38.0070760Z remote: Compressing objects:  97% (1510/1556)        
2024-03-02T16:40:38.0071263Z remote: Compressing objects:  98% (1525/1556)        
2024-03-02T16:40:38.0071909Z remote: Compressing objects:  99% (1541/1556)        
2024-03-02T16:40:38.0072446Z remote: Compressing objects: 100% (1556/1556)        
2024-03-02T16:40:38.0072985Z remote: Compressing objects: 100% (1556/1556), done.        
2024-03-02T16:40:38.0165434Z Receiving objects:   0% (1/1742)
2024-03-02T16:40:38.0168711Z Receiving objects:   1% (18/1742)
2024-03-02T16:40:38.0322692Z Receiving objects:   2% (35/1742)
2024-03-02T16:40:38.0725373Z Receiving objects:   3% (53/1742)
2024-03-02T16:40:38.1394416Z Receiving objects:   4% (70/1742)
2024-03-02T16:40:38.1396408Z Receiving objects:   5% (88/1742)
2024-03-02T16:40:38.1399583Z Receiving objects:   6% (105/1742)
2024-03-02T16:40:38.1404748Z Receiving objects:   7% (122/1742)
2024-03-02T16:40:38.1409420Z Receiving objects:   8% (140/1742)
2024-03-02T16:40:38.1413574Z Receiving objects:   9% (157/1742)
2024-03-02T16:40:38.1416482Z Receiving objects:  10% (175/1742)
2024-03-02T16:40:38.1419945Z Receiving objects:  11% (192/1742)
2024-03-02T16:40:38.1423099Z Receiving objects:  12% (210/1742)
2024-03-02T16:40:38.1433967Z Receiving objects:  13% (227/1742)
2024-03-02T16:40:38.1437598Z Receiving objects:  14% (244/1742)
2024-03-02T16:40:38.1440196Z Receiving objects:  15% (262/1742)
2024-03-02T16:40:38.1444284Z Receiving objects:  16% (279/1742)
2024-03-02T16:40:38.1449939Z Receiving objects:  17% (297/1742)
2024-03-02T16:40:38.1454766Z Receiving objects:  18% (314/1742)
2024-03-02T16:40:38.1459208Z Receiving objects:  19% (331/1742)
2024-03-02T16:40:38.1463002Z Receiving objects:  20% (349/1742)
2024-03-02T16:40:38.1467400Z Receiving objects:  21% (366/1742)
2024-03-02T16:40:38.1471192Z Receiving objects:  22% (384/1742)
2024-03-02T16:40:38.1476571Z Receiving objects:  23% (401/1742)
2024-03-02T16:40:38.1477498Z Receiving objects:  24% (419/1742)
2024-03-02T16:40:38.1482402Z Receiving objects:  25% (436/1742)
2024-03-02T16:40:38.1484244Z Receiving objects:  26% (453/1742)
2024-03-02T16:40:38.1486500Z Receiving objects:  27% (471/1742)
2024-03-02T16:40:38.1489728Z Receiving objects:  28% (488/1742)
2024-03-02T16:40:38.1492117Z Receiving objects:  29% (506/1742)
2024-03-02T16:40:38.1494154Z Receiving objects:  30% (523/1742)
2024-03-02T16:40:38.1499022Z Receiving objects:  31% (541/1742)
2024-03-02T16:40:38.1500382Z Receiving objects:  32% (558/1742)
2024-03-02T16:40:38.1502984Z Receiving objects:  33% (575/1742)
2024-03-02T16:40:38.1505447Z Receiving objects:  34% (593/1742)
2024-03-02T16:40:38.1507110Z Receiving objects:  35% (610/1742)
2024-03-02T16:40:38.1513657Z Receiving objects:  36% (628/1742)
2024-03-02T16:40:38.1516020Z Receiving objects:  37% (645/1742)
2024-03-02T16:40:38.1519444Z Receiving objects:  38% (662/1742)
2024-03-02T16:40:38.1522416Z Receiving objects:  39% (680/1742)
2024-03-02T16:40:38.1524688Z Receiving objects:  40% (697/1742)
2024-03-02T16:40:38.1528105Z Receiving objects:  41% (715/1742)
2024-03-02T16:40:38.1530915Z Receiving objects:  42% (732/1742)
2024-03-02T16:40:38.1534793Z Receiving objects:  43% (750/1742)
2024-03-02T16:40:38.1537389Z Receiving objects:  44% (767/1742)
2024-03-02T16:40:38.1539448Z Receiving objects:  45% (784/1742)
2024-03-02T16:40:38.1542686Z Receiving objects:  46% (802/1742)
2024-03-02T16:40:38.1545716Z Receiving objects:  47% (819/1742)
2024-03-02T16:40:38.1548201Z Receiving objects:  48% (837/1742)
2024-03-02T16:40:38.1550857Z Receiving objects:  49% (854/1742)
2024-03-02T16:40:38.1552887Z Receiving objects:  50% (871/1742)
2024-03-02T16:40:38.1554087Z Receiving objects:  51% (889/1742)
2024-03-02T16:40:38.1558074Z Receiving objects:  52% (906/1742)
2024-03-02T16:40:38.1562757Z Receiving objects:  53% (924/1742)
2024-03-02T16:40:38.1566484Z Receiving objects:  54% (941/1742)
2024-03-02T16:40:38.1573003Z Receiving objects:  55% (959/1742)
2024-03-02T16:40:38.1576816Z Receiving objects:  56% (976/1742)
2024-03-02T16:40:38.1578173Z Receiving objects:  57% (993/1742)
2024-03-02T16:40:38.1580429Z Receiving objects:  58% (1011/1742)
2024-03-02T16:40:38.1581813Z Receiving objects:  59% (1028/1742)
2024-03-02T16:40:38.1584081Z Receiving objects:  60% (1046/1742)
2024-03-02T16:40:38.1585501Z Receiving objects:  61% (1063/1742)
2024-03-02T16:40:38.1587062Z Receiving objects:  62% (1081/1742)
2024-03-02T16:40:38.1588468Z Receiving objects:  63% (1098/1742)
2024-03-02T16:40:38.1589780Z Receiving objects:  64% (1115/1742)
2024-03-02T16:40:38.1592440Z Receiving objects:  65% (1133/1742)
2024-03-02T16:40:38.1594393Z Receiving objects:  66% (1150/1742)
2024-03-02T16:40:38.1595841Z Receiving objects:  67% (1168/1742)
2024-03-02T16:40:38.1597783Z Receiving objects:  68% (1185/1742)
2024-03-02T16:40:38.1600251Z Receiving objects:  69% (1202/1742)
2024-03-02T16:40:38.1601655Z Receiving objects:  70% (1220/1742)
2024-03-02T16:40:38.1608707Z Receiving objects:  71% (1237/1742)
2024-03-02T16:40:38.1620214Z Receiving objects:  72% (1255/1742)
2024-03-02T16:40:38.1622980Z Receiving objects:  73% (1272/1742)
2024-03-02T16:40:38.1624596Z Receiving objects:  74% (1290/1742)
2024-03-02T16:40:38.1736174Z Receiving objects:  75% (1307/1742)
2024-03-02T16:40:38.1851128Z Receiving objects:  76% (1324/1742)
2024-03-02T16:40:38.1943575Z Receiving objects:  77% (1342/1742)
2024-03-02T16:40:38.2070312Z Receiving objects:  78% (1359/1742)
2024-03-02T16:40:38.2193082Z Receiving objects:  79% (1377/1742)
2024-03-02T16:40:38.2386880Z Receiving objects:  80% (1394/1742)
2024-03-02T16:40:38.2391888Z Receiving objects:  81% (1412/1742)
2024-03-02T16:40:38.2394254Z Receiving objects:  82% (1429/1742)
2024-03-02T16:40:38.2397711Z Receiving objects:  83% (1446/1742)
2024-03-02T16:40:38.2402397Z Receiving objects:  84% (1464/1742)
2024-03-02T16:40:38.2406433Z Receiving objects:  85% (1481/1742)
2024-03-02T16:40:38.2412818Z Receiving objects:  86% (1499/1742)
2024-03-02T16:40:38.2419137Z Receiving objects:  87% (1516/1742)
2024-03-02T16:40:38.2423821Z Receiving objects:  88% (1533/1742)
2024-03-02T16:40:38.2429093Z Receiving objects:  89% (1551/1742)
2024-03-02T16:40:38.2434743Z Receiving objects:  90% (1568/1742)
2024-03-02T16:40:38.2440711Z Receiving objects:  91% (1586/1742)
2024-03-02T16:40:38.2445907Z Receiving objects:  92% (1603/1742)
2024-03-02T16:40:38.2450844Z Receiving objects:  93% (1621/1742)
2024-03-02T16:40:38.2455272Z Receiving objects:  94% (1638/1742)
2024-03-02T16:40:38.2458543Z Receiving objects:  95% (1655/1742)
2024-03-02T16:40:38.2461551Z Receiving objects:  96% (1673/1742)
2024-03-02T16:40:38.2470712Z Receiving objects:  97% (1690/1742)
2024-03-02T16:40:38.2479174Z Receiving objects:  98% (1708/1742)
2024-03-02T16:40:38.2497358Z Receiving objects:  99% (1725/1742)
2024-03-02T16:40:38.2498814Z remote: Total 1742 (delta 280), reused 964 (delta 147), pack-reused 0        
2024-03-02T16:40:38.2508515Z Receiving objects: 100% (1742/1742)
2024-03-02T16:40:38.2509393Z Receiving objects: 100% (1742/1742), 6.59 MiB | 28.02 MiB/s, done.
2024-03-02T16:40:38.2514830Z Resolving deltas:   0% (0/280)
2024-03-02T16:40:38.2515810Z Resolving deltas:   1% (3/280)
2024-03-02T16:40:38.2520887Z Resolving deltas:   2% (6/280)
2024-03-02T16:40:38.2521879Z Resolving deltas:   3% (9/280)
2024-03-02T16:40:38.2522781Z Resolving deltas:   4% (12/280)
2024-03-02T16:40:38.2523447Z Resolving deltas:   5% (14/280)
2024-03-02T16:40:38.2524167Z Resolving deltas:   6% (17/280)
2024-03-02T16:40:38.2524807Z Resolving deltas:   7% (20/280)
2024-03-02T16:40:38.2526681Z Resolving deltas:   8% (23/280)
2024-03-02T16:40:38.2527428Z Resolving deltas:   9% (26/280)
2024-03-02T16:40:38.2528071Z Resolving deltas:  10% (28/280)
2024-03-02T16:40:38.2529005Z Resolving deltas:  11% (31/280)
2024-03-02T16:40:38.2537234Z Resolving deltas:  12% (34/280)
2024-03-02T16:40:38.2537912Z Resolving deltas:  13% (37/280)
2024-03-02T16:40:38.2543137Z Resolving deltas:  14% (40/280)
2024-03-02T16:40:38.2544058Z Resolving deltas:  15% (42/280)
2024-03-02T16:40:38.2544977Z Resolving deltas:  16% (45/280)
2024-03-02T16:40:38.2545815Z Resolving deltas:  17% (48/280)
2024-03-02T16:40:38.2546655Z Resolving deltas:  18% (51/280)
2024-03-02T16:40:38.2552423Z Resolving deltas:  19% (54/280)
2024-03-02T16:40:38.2553322Z Resolving deltas:  20% (56/280)
2024-03-02T16:40:38.2554127Z Resolving deltas:  21% (59/280)
2024-03-02T16:40:38.2554755Z Resolving deltas:  22% (62/280)
2024-03-02T16:40:38.2555395Z Resolving deltas:  23% (65/280)
2024-03-02T16:40:38.2556072Z Resolving deltas:  24% (68/280)
2024-03-02T16:40:38.2556712Z Resolving deltas:  25% (70/280)
2024-03-02T16:40:38.2557401Z Resolving deltas:  26% (73/280)
2024-03-02T16:40:38.2558541Z Resolving deltas:  27% (76/280)
2024-03-02T16:40:38.2559854Z Resolving deltas:  28% (79/280)
2024-03-02T16:40:38.2560719Z Resolving deltas:  29% (82/280)
2024-03-02T16:40:38.2562021Z Resolving deltas:  30% (84/280)
2024-03-02T16:40:38.2563288Z Resolving deltas:  31% (87/280)
2024-03-02T16:40:38.2565693Z Resolving deltas:  32% (90/280)
2024-03-02T16:40:38.2566689Z Resolving deltas:  33% (93/280)
2024-03-02T16:40:38.2567900Z Resolving deltas:  34% (96/280)
2024-03-02T16:40:38.2568960Z Resolving deltas:  35% (98/280)
2024-03-02T16:40:38.2569712Z Resolving deltas:  36% (101/280)
2024-03-02T16:40:38.2570861Z Resolving deltas:  37% (104/280)
2024-03-02T16:40:38.2571747Z Resolving deltas:  38% (107/280)
2024-03-02T16:40:38.2572491Z Resolving deltas:  39% (110/280)
2024-03-02T16:40:38.2573194Z Resolving deltas:  40% (112/280)
2024-03-02T16:40:38.2573961Z Resolving deltas:  41% (115/280)
2024-03-02T16:40:38.2574620Z Resolving deltas:  42% (118/280)
2024-03-02T16:40:38.2575198Z Resolving deltas:  43% (121/280)
2024-03-02T16:40:38.2575904Z Resolving deltas:  44% (124/280)
2024-03-02T16:40:38.2576661Z Resolving deltas:  45% (126/280)
2024-03-02T16:40:38.2577413Z Resolving deltas:  46% (129/280)
2024-03-02T16:40:38.2578306Z Resolving deltas:  47% (132/280)
2024-03-02T16:40:38.2578946Z Resolving deltas:  48% (135/280)
2024-03-02T16:40:38.2579567Z Resolving deltas:  49% (138/280)
2024-03-02T16:40:38.2580290Z Resolving deltas:  50% (140/280)
2024-03-02T16:40:38.2580942Z Resolving deltas:  51% (143/280)
2024-03-02T16:40:38.2583257Z Resolving deltas:  52% (146/280)
2024-03-02T16:40:38.2584069Z Resolving deltas:  53% (149/280)
2024-03-02T16:40:38.2584732Z Resolving deltas:  54% (152/280)
2024-03-02T16:40:38.2585358Z Resolving deltas:  55% (154/280)
2024-03-02T16:40:38.2586091Z Resolving deltas:  56% (157/280)
2024-03-02T16:40:38.2586677Z Resolving deltas:  57% (161/280)
2024-03-02T16:40:38.2587403Z Resolving deltas:  58% (163/280)
2024-03-02T16:40:38.2588326Z Resolving deltas:  59% (166/280)
2024-03-02T16:40:38.2588973Z Resolving deltas:  60% (168/280)
2024-03-02T16:40:38.2589632Z Resolving deltas:  61% (171/280)
2024-03-02T16:40:38.2590408Z Resolving deltas:  62% (174/280)
2024-03-02T16:40:38.2591043Z Resolving deltas:  63% (177/280)
2024-03-02T16:40:38.2591642Z Resolving deltas:  64% (180/280)
2024-03-02T16:40:38.2592404Z Resolving deltas:  65% (182/280)
2024-03-02T16:40:38.2593123Z Resolving deltas:  66% (185/280)
2024-03-02T16:40:38.2593934Z Resolving deltas:  67% (188/280)
2024-03-02T16:40:38.2594527Z Resolving deltas:  68% (191/280)
2024-03-02T16:40:38.2595161Z Resolving deltas:  69% (194/280)
2024-03-02T16:40:38.2595922Z Resolving deltas:  70% (196/280)
2024-03-02T16:40:38.2596541Z Resolving deltas:  71% (199/280)
2024-03-02T16:40:38.2597134Z Resolving deltas:  72% (202/280)
2024-03-02T16:40:38.2598077Z Resolving deltas:  73% (205/280)
2024-03-02T16:40:38.2598722Z Resolving deltas:  74% (208/280)
2024-03-02T16:40:38.2599367Z Resolving deltas:  75% (210/280)
2024-03-02T16:40:38.2600040Z Resolving deltas:  76% (213/280)
2024-03-02T16:40:38.2600658Z Resolving deltas:  77% (216/280)
2024-03-02T16:40:38.2601297Z Resolving deltas:  78% (219/280)
2024-03-02T16:40:38.2602013Z Resolving deltas:  79% (222/280)
2024-03-02T16:40:38.2602585Z Resolving deltas:  80% (224/280)
2024-03-02T16:40:38.2603221Z Resolving deltas:  81% (227/280)
2024-03-02T16:40:38.2607593Z Resolving deltas:  82% (230/280)
2024-03-02T16:40:38.2610396Z Resolving deltas:  83% (233/280)
2024-03-02T16:40:38.2611065Z Resolving deltas:  84% (236/280)
2024-03-02T16:40:38.2611844Z Resolving deltas:  85% (238/280)
2024-03-02T16:40:38.2614943Z Resolving deltas:  86% (241/280)
2024-03-02T16:40:38.2615690Z Resolving deltas:  87% (244/280)
2024-03-02T16:40:38.2616508Z Resolving deltas:  88% (247/280)
2024-03-02T16:40:38.2617130Z Resolving deltas:  89% (250/280)
2024-03-02T16:40:38.2617854Z Resolving deltas:  90% (252/280)
2024-03-02T16:40:38.2618612Z Resolving deltas:  91% (255/280)
2024-03-02T16:40:38.2619718Z Resolving deltas:  92% (258/280)
2024-03-02T16:40:38.2624467Z Resolving deltas:  93% (261/280)
2024-03-02T16:40:38.2625290Z Resolving deltas:  94% (264/280)
2024-03-02T16:40:38.2626378Z Resolving deltas:  95% (267/280)
2024-03-02T16:40:38.2627067Z Resolving deltas:  96% (269/280)
2024-03-02T16:40:38.2627632Z Resolving deltas:  97% (272/280)
2024-03-02T16:40:38.2628387Z Resolving deltas:  98% (275/280)
2024-03-02T16:40:38.2629123Z Resolving deltas:  99% (278/280)
2024-03-02T16:40:38.2630164Z Resolving deltas: 100% (280/280)
2024-03-02T16:40:38.2630824Z Resolving deltas: 100% (280/280), done.
2024-03-02T16:40:38.2787506Z From https://github.com/rubyforgood/human-essentials
2024-03-02T16:40:38.2788396Z  * [new ref]         6df1f4f6ffb243aff016055faca054ee4ff8fe4a -> pull/4011/merge
2024-03-02T16:40:38.2815155Z ##[endgroup]
2024-03-02T16:40:38.2816079Z ##[group]Determining the checkout info
2024-03-02T16:40:38.2817141Z ##[endgroup]
2024-03-02T16:40:38.2817704Z ##[group]Checking out the ref
2024-03-02T16:40:38.2821241Z [command]/usr/bin/git checkout --progress --force refs/remotes/pull/4011/merge
2024-03-02T16:40:38.4144897Z Note: switching to 'refs/remotes/pull/4011/merge'.
2024-03-02T16:40:38.4145701Z 
2024-03-02T16:40:38.4146225Z You are in 'detached HEAD' state. You can look around, make experimental
2024-03-02T16:40:38.4147159Z changes and commit them, and you can discard any commits you make in this
2024-03-02T16:40:38.4147912Z state without impacting any branches by switching back to a branch.
2024-03-02T16:40:38.4148372Z 
2024-03-02T16:40:38.4148665Z If you want to create a new branch to retain commits you create, you may
2024-03-02T16:40:38.4150127Z do so (now or later) by using -c with the switch command. Example:
2024-03-02T16:40:38.4150795Z 
2024-03-02T16:40:38.4151245Z   git switch -c <new-branch-name>
2024-03-02T16:40:38.4151684Z 
2024-03-02T16:40:38.4151983Z Or undo this operation with:
2024-03-02T16:40:38.4152363Z 
2024-03-02T16:40:38.4152710Z   git switch -
2024-03-02T16:40:38.4153047Z 
2024-03-02T16:40:38.4153583Z Turn off this advice by setting config variable advice.detachedHead to false
2024-03-02T16:40:38.4154372Z 
2024-03-02T16:40:38.4155147Z HEAD is now at 6df1f4f Merge 855fe739a4d986e3db85a0b9fd1b281f47a52ae7 into 30bed4096808c616d01e27fa58fc40d07faa11eb
2024-03-02T16:40:38.4157019Z ##[endgroup]
2024-03-02T16:40:38.4205934Z [command]/usr/bin/git log -1 --format='%H'
2024-03-02T16:40:38.4240995Z '6df1f4f6ffb243aff016055faca054ee4ff8fe4a'
2024-03-02T16:40:38.4541000Z ##[group]Run ruby/setup-ruby@v1
2024-03-02T16:40:38.4541498Z with:
2024-03-02T16:40:38.4541851Z   bundler-cache: true
2024-03-02T16:40:38.4542217Z   ruby-version: default
2024-03-02T16:40:38.4542604Z ##[endgroup]
2024-03-02T16:40:38.6873015Z Using 3.2.2 as input from file .ruby-version
2024-03-02T16:40:38.6900725Z ##[group]Modifying PATH
2024-03-02T16:40:38.6901231Z Entries added to PATH to use selected Ruby:
2024-03-02T16:40:38.6901792Z   /opt/hostedtoolcache/Ruby/3.2.2/x64/bin
2024-03-02T16:40:38.6902557Z ##[endgroup]
2024-03-02T16:40:38.6922305Z ##[group]Downloading Ruby
2024-03-02T16:40:38.6925937Z https://github.com/ruby/ruby-builder/releases/download/toolcache/ruby-3.2.2-ubuntu-22.04.tar.gz
2024-03-02T16:40:39.4567387Z Took   0.76 seconds
2024-03-02T16:40:39.4570872Z ##[endgroup]
2024-03-02T16:40:39.4571630Z ##[group]Extracting  Ruby
2024-03-02T16:40:39.4602314Z [command]/usr/bin/tar -xz -C /opt/hostedtoolcache/Ruby/3.2.2 -f /home/runner/work/_temp/b41d6809-789c-4b36-85cb-8caec7a93f69
2024-03-02T16:40:39.8521370Z Took   0.39 seconds
2024-03-02T16:40:39.8522799Z ##[endgroup]
2024-03-02T16:40:39.8523830Z ##[group]Print Ruby version
2024-03-02T16:40:39.8536236Z [command]/opt/hostedtoolcache/Ruby/3.2.2/x64/bin/ruby --version
2024-03-02T16:40:39.8809184Z ruby 3.2.2 (2023-03-30 revision e51014f9c0) [x86_64-linux]
2024-03-02T16:40:39.8834799Z Took   0.03 seconds
2024-03-02T16:40:39.8836631Z ##[endgroup]
2024-03-02T16:40:39.8838050Z ##[group]Installing Bundler
2024-03-02T16:40:39.8842200Z Using Bundler 2.5.4 from Gemfile.lock BUNDLED WITH 2.5.4
2024-03-02T16:40:39.8847243Z [command]/opt/hostedtoolcache/Ruby/3.2.2/x64/bin/gem install bundler -v 2.5.4
2024-03-02T16:40:40.3324364Z Successfully installed bundler-2.5.4
2024-03-02T16:40:40.3325067Z 1 gem installed
2024-03-02T16:40:40.3379018Z Took   0.45 seconds
2024-03-02T16:40:40.3379954Z ##[endgroup]
2024-03-02T16:40:40.3380521Z > bundle install
2024-03-02T16:40:40.3399484Z [command]/opt/hostedtoolcache/Ruby/3.2.2/x64/bin/bundle config --local path /home/runner/work/human-essentials/human-essentials/vendor/bundle
2024-03-02T16:40:40.4874117Z [command]/opt/hostedtoolcache/Ruby/3.2.2/x64/bin/bundle config --local deployment true
2024-03-02T16:40:40.6336071Z Cache key: setup-ruby-bundler-cache-v6-ubuntu-22.04-x64-ruby-3.2.2-wd-/home/runner/work/human-essentials/human-essentials-with--without--only--Gemfile.lock-39ae7e18d3992f620a5bdbd3de4b2af3682e809187e3b75b2d630b2a6c035aea
2024-03-02T16:40:42.1673315Z Received 0 of 214852537 (0.0%), 0.0 MBs/sec
2024-03-02T16:40:43.1676412Z Received 130023424 of 214852537 (60.5%), 61.9 MBs/sec
2024-03-02T16:40:43.7409786Z Cache Size: ~205 MB (214852537 B)
2024-03-02T16:40:43.7498001Z [command]/usr/bin/tar -xf /home/runner/work/_temp/503b8592-eded-4a00-87dc-e90e3d5014e9/cache.tzst -P -C /home/runner/work/human-essentials/human-essentials --use-compress-program unzstd
2024-03-02T16:40:44.1678289Z Received 214852537 of 214852537 (100.0%), 68.3 MBs/sec
2024-03-02T16:40:45.4356618Z Cache restored successfully
2024-03-02T16:40:45.4810031Z Found cache for key: setup-ruby-bundler-cache-v6-ubuntu-22.04-x64-ruby-3.2.2-wd-/home/runner/work/human-essentials/human-essentials-with--without--only--Gemfile.lock-39ae7e18d3992f620a5bdbd3de4b2af3682e809187e3b75b2d630b2a6c035aea
2024-03-02T16:40:45.4821170Z [command]/opt/hostedtoolcache/Ruby/3.2.2/x64/bin/bundle install --jobs 4
2024-03-02T16:40:45.8591323Z Bundle complete! 85 Gemfile dependencies, 246 gems now installed.
2024-03-02T16:40:45.8592558Z Bundled gems are installed into `./vendor/bundle`
2024-03-02T16:40:45.8637087Z Took   5.53 seconds
2024-03-02T16:40:45.8802733Z ##[group]Run sudo apt-get -yqq install libpq-dev
2024-03-02T16:40:45.8803495Z [36;1msudo apt-get -yqq install libpq-dev[0m
2024-03-02T16:40:45.8846811Z shell: /usr/bin/bash -e {0}
2024-03-02T16:40:45.8847231Z ##[endgroup]
2024-03-02T16:40:47.0691902Z ##[group]Run bundle exec rake db:create
2024-03-02T16:40:47.0692560Z [36;1mbundle exec rake db:create[0m
2024-03-02T16:40:47.0693036Z [36;1mbundle exec rake db:schema:load[0m
2024-03-02T16:40:47.0693592Z [36;1mbundle exec rails assets:precompile[0m
2024-03-02T16:40:47.0721803Z shell: /usr/bin/bash -e {0}
2024-03-02T16:40:47.0722215Z env:
2024-03-02T16:40:47.0722559Z   POSTGRES_HOST: localhost
2024-03-02T16:40:47.0723022Z   DATABASE_HOST: localhost
2024-03-02T16:40:47.0723368Z   PG_USERNAME: postgres
2024-03-02T16:40:47.0723773Z   PG_PASSWORD: password
2024-03-02T16:40:47.0724223Z   POSTGRES_HOST_AUTH_METHOD: trust
2024-03-02T16:40:47.0724645Z   POSTGRES_PORT: 5432
2024-03-02T16:40:47.0724996Z   RAILS_ENV: test
2024-03-02T16:40:47.0725389Z ##[endgroup]
2024-03-02T16:40:53.5233115Z We could not find your database: diaper_test. Which can be found in the database configuration file located at config/database.yml.
2024-03-02T16:40:53.5235279Z 
2024-03-02T16:40:53.5235579Z To resolve this issue:
2024-03-02T16:40:53.5235851Z 
2024-03-02T16:40:53.5236495Z - Did you create the database for this app, or delete it? You may need to create your database.
2024-03-02T16:40:53.5237565Z - Has the database name changed? Check your database.yml config has the correct database name.
2024-03-02T16:40:53.5238112Z 
2024-03-02T16:40:53.5238266Z To create your database, run:
2024-03-02T16:40:53.5238549Z 
2024-03-02T16:40:53.5238683Z         bin/rails db:create
2024-03-02T16:40:53.5239327Z . You likely need to run `rails g flipper:active_record` and/or `rails db:migrate`.
2024-03-02T16:40:53.7561844Z Created database 'diaper_test'
2024-03-02T16:40:54.0541391Z Coverage report generated for RSpec to /home/runner/work/human-essentials/human-essentials/coverage. 329 / 10194 LOC (3.23%) covered.
2024-03-02T16:41:00.3065661Z PG::UndefinedTable: ERROR:  relation "flipper_gates" does not exist
2024-03-02T16:41:00.3066674Z LINE 9:  WHERE a.attrelid = '"flipper_gates"'::regclass
2024-03-02T16:41:00.3067298Z                             ^
2024-03-02T16:41:00.3067888Z . You likely need to run `rails g flipper:active_record` and/or `rails db:migrate`.
2024-03-02T16:41:01.2221732Z Coverage report generated for RSpec to /home/runner/work/human-essentials/human-essentials/coverage. 329 / 10194 LOC (3.23%) covered.
2024-03-02T16:41:35.4110647Z W, [2024-03-02T08:41:35.410689 #2392]  WARN -- : Removed sourceMappingURL comment for missing asset 'adminlte.js.map' from /home/runner/work/human-essentials/human-essentials/app/javascript/adminlte.js
2024-03-02T16:41:35.4743450Z I, [2024-03-02T08:41:35.473998 #2392]  INFO -- : Writing /home/runner/work/human-essentials/human-essentials/public/assets/manifest-90aab26ade71e747f745b1227b433fd7d580a54f279ee2be6e1a67bb326bf03a.js
2024-03-02T16:41:35.4748341Z I, [2024-03-02T08:41:35.474231 #2392]  INFO -- : Writing /home/runner/work/human-essentials/human-essentials/public/assets/manifest-90aab26ade71e747f745b1227b433fd7d580a54f279ee2be6e1a67bb326bf03a.js.gz
2024-03-02T16:41:35.4752299Z I, [2024-03-02T08:41:35.474431 #2392]  INFO -- : Writing /home/runner/work/human-essentials/human-essentials/public/assets/filterrific/filterrific-spinner-415824b210964b6cdb1db0bd9508be8644b9fde094b392f73055b20d369885b6.gif
2024-03-02T16:41:35.4755574Z I, [2024-03-02T08:41:35.475031 #2392]  INFO -- : Writing /home/runner/work/human-essentials/human-essentials/public/assets/bootstrap.min-67c48d88a8e0be178058aacb338b084191ed6d65c8fef751c50248202cf1488a.js
2024-03-02T16:41:35.4759330Z I, [2024-03-02T08:41:35.475146 #2392]  INFO -- : Writing /home/runner/work/human-essentials/human-essentials/public/assets/bootstrap.min-67c48d88a8e0be178058aacb338b084191ed6d65c8fef751c50248202cf1488a.js.gz
2024-03-02T16:41:35.4763012Z I, [2024-03-02T08:41:35.475405 #2392]  INFO -- : Writing /home/runner/work/human-essentials/human-essentials/public/assets/DiaperBase-Logo-f18172876cab49a451ca9c3178b578ab2019e03f111a6b6f3ba0c1b40b3d7c0c.png
2024-03-02T16:41:35.4766200Z I, [2024-03-02T08:41:35.476058 #2392]  INFO -- : Writing /home/runner/work/human-essentials/human-essentials/public/assets/Just-Diaper-05bf6a1b70ccad149eb4eca7b5f9fcca1f9c37bab1f8e5edb6798d66c903ba53.svg
2024-03-02T16:41:35.4770026Z I, [2024-03-02T08:41:35.476511 #2392]  INFO -- : Writing /home/runner/work/human-essentials/human-essentials/public/assets/Just-Diaper-05bf6a1b70ccad149eb4eca7b5f9fcca1f9c37bab1f8e5edb6798d66c903ba53.svg.gz
2024-03-02T16:41:35.4772382Z I, [2024-03-02T08:41:35.476663 #2392]  INFO -- : Writing /home/runner/work/human-essentials/human-essentials/public/assets/barcode-932aed25f5c148b36882be3bfb6696ecdd362ba0a709ff0674a10477f2aad8f3.svg
2024-03-02T16:41:35.4775972Z I, [2024-03-02T08:41:35.477071 #2392]  INFO -- : Writing /home/runner/work/human-essentials/human-essentials/public/assets/barcode-932aed25f5c148b36882be3bfb6696ecdd362ba0a709ff0674a10477f2aad8f3.svg.gz
2024-03-02T16:41:35.4780974Z I, [2024-03-02T08:41:35.477791 #2392]  INFO -- : Writing /home/runner/work/human-essentials/human-essentials/public/assets/bars-db7a0aaf1cd735270b170cba53dca71c75473940ab48639c609a72964eb92f4d.svg
2024-03-02T16:41:35.4787237Z I, [2024-03-02T08:41:35.478171 #2392]  INFO -- : Writing /home/runner/work/human-essentials/human-essentials/public/assets/bars-db7a0aaf1cd735270b170cba53dca71c75473940ab48639c609a72964eb92f4d.svg.gz
2024-03-02T16:41:35.4791037Z I, [2024-03-02T08:41:35.478304 #2392]  INFO -- : Writing /home/runner/work/human-essentials/human-essentials/public/assets/blue@2x-709ca6c252f762af1e5efb0ef1e7444a712cb0ec010fee01749b67a595a7c0c6.png
2024-03-02T16:41:35.4795144Z I, [2024-03-02T08:41:35.478482 #2392]  INFO -- : Writing /home/runner/work/human-essentials/human-essentials/public/assets/boxed-bg-6c60c3f8655fa4062631bbe1434face4fe3d70392159e976ec09ca6ad9330e7d.jpg
2024-03-02T16:41:35.4797296Z I, [2024-03-02T08:41:35.478754 #2392]  INFO -- : Writing /home/runner/work/human-essentials/human-essentials/public/assets/boxed-bg-eb7b1fa0c09f5ef599fc5138e33168827f2ec4e1f796cf8a78570d8a73a58190.png
2024-03-02T16:41:35.4800225Z I, [2024-03-02T08:41:35.479117 #2392]  INFO -- : Writing /home/runner/work/human-essentials/human-essentials/public/assets/dashboard-image-3db42e909886dffccb680715feccab83cc867b4581b0009558e746364e2ec332.svg
2024-03-02T16:41:35.4803451Z I, [2024-03-02T08:41:35.479872 #2392]  INFO -- : Writing /home/runner/work/human-essentials/human-essentials/public/assets/dashboard-image-3db42e909886dffccb680715feccab83cc867b4581b0009558e746364e2ec332.svg.gz
2024-03-02T16:41:35.4806680Z I, [2024-03-02T08:41:35.480244 #2392]  INFO -- : Writing /home/runner/work/human-essentials/human-essentials/public/assets/forecasting-32dffccc42e6c09203d36acbc2243b4bc746dc2f1198c1ff43def4bb48e335b2.svg
2024-03-02T16:41:35.4810843Z I, [2024-03-02T08:41:35.480673 #2392]  INFO -- : Writing /home/runner/work/human-essentials/human-essentials/public/assets/forecasting-32dffccc42e6c09203d36acbc2243b4bc746dc2f1198c1ff43def4bb48e335b2.svg.gz
2024-03-02T16:41:35.4813228Z I, [2024-03-02T08:41:35.480795 #2392]  INFO -- : Writing /home/runner/work/human-essentials/human-essentials/public/assets/hero-image-0ba273def6de748beb2a64206e115d8e4a109ad51ef255512f4c6522e5b9225b.svg
2024-03-02T16:41:35.4816293Z I, [2024-03-02T08:41:35.481441 #2392]  INFO -- : Writing /home/runner/work/human-essentials/human-essentials/public/assets/hero-image-0ba273def6de748beb2a64206e115d8e4a109ad51ef255512f4c6522e5b9225b.svg.gz
2024-03-02T16:41:35.4819895Z I, [2024-03-02T08:41:35.481655 #2392]  INFO -- : Writing /home/runner/work/human-essentials/human-essentials/public/assets/inventory-image-3d91fc8087e13632114d9d129a680b992e02aae297b2bf180089cd55792249b2.svg
2024-03-02T16:41:35.4827104Z I, [2024-03-02T08:41:35.482407 #2392]  INFO -- : Writing /home/runner/work/human-essentials/human-essentials/public/assets/inventory-image-3d91fc8087e13632114d9d129a680b992e02aae297b2bf180089cd55792249b2.svg.gz
2024-03-02T16:41:35.4830793Z I, [2024-03-02T08:41:35.482582 #2392]  INFO -- : Writing /home/runner/work/human-essentials/human-essentials/public/assets/partner-management-c2cd4a940d1cf59f66928bc5097b4d4528b6de95abcc66421edf341c59311d40.svg
2024-03-02T16:41:35.4836778Z I, [2024-03-02T08:41:35.483366 #2392]  INFO -- : Writing /home/runner/work/human-essentials/human-essentials/public/assets/partner-management-c2cd4a940d1cf59f66928bc5097b4d4528b6de95abcc66421edf341c59311d40.svg.gz
2024-03-02T16:41:35.4842249Z I, [2024-03-02T08:41:35.483907 #2392]  INFO -- : Writing /home/runner/work/human-essentials/human-essentials/public/assets/quote-e4395f28913ad7b7785c522f0b6f2363a960720cf3bc26705438f6efb55edb7d.svg
2024-03-02T16:41:35.4858451Z I, [2024-03-02T08:41:35.485293 #2392]  INFO -- : Writing /home/runner/work/human-essentials/human-essentials/public/assets/quote-e4395f28913ad7b7785c522f0b6f2363a960720cf3bc26705438f6efb55edb7d.svg.gz
2024-03-02T16:41:35.4865413Z I, [2024-03-02T08:41:35.485422 #2392]  INFO -- : Writing /home/runner/work/human-essentials/human-essentials/public/assets/report-image-a9fc71739eca5457d288f1c234a0d84237ba8eef8bd20a9935bd45d84d03ae6b.svg
2024-03-02T16:41:35.4869394Z I, [2024-03-02T08:41:35.485570 #2392]  INFO -- : Writing /home/runner/work/human-essentials/human-essentials/public/assets/report-image-a9fc71739eca5457d288f1c234a0d84237ba8eef8bd20a9935bd45d84d03ae6b.svg.gz
2024-03-02T16:41:35.4872880Z I, [2024-03-02T08:41:35.485684 #2392]  INFO -- : Writing /home/runner/work/human-essentials/human-essentials/public/assets/test-only-background-c4843e992a593298a8c43815c8950b766061a96fd7d3e92838354914c41d7243.jpg
2024-03-02T16:41:35.4876515Z I, [2024-03-02T08:41:35.485839 #2392]  INFO -- : Writing /home/runner/work/human-essentials/human-essentials/public/assets/AdminLTE-9d75f9bf2ec81bc0a0de450227ed6268dad2cd66401439503c18d3241dfb241d.css
2024-03-02T16:41:35.4880162Z I, [2024-03-02T08:41:35.485922 #2392]  INFO -- : Writing /home/runner/work/human-essentials/human-essentials/public/assets/AdminLTE-9d75f9bf2ec81bc0a0de450227ed6268dad2cd66401439503c18d3241dfb241d.css.gz
2024-03-02T16:41:35.4884139Z I, [2024-03-02T08:41:35.486030 #2392]  INFO -- : Writing /home/runner/work/human-essentials/human-essentials/public/assets/_colors-04024382391bb910584145d8113cf35ef376b55d125bb4516cebeb14ce788597.css
2024-03-02T16:41:35.4887840Z I, [2024-03-02T08:41:35.486107 #2392]  INFO -- : Writing /home/runner/work/human-essentials/human-essentials/public/assets/_colors-04024382391bb910584145d8113cf35ef376b55d125bb4516cebeb14ce788597.css.gz
2024-03-02T16:41:35.4891492Z I, [2024-03-02T08:41:35.486203 #2392]  INFO -- : Writing /home/runner/work/human-essentials/human-essentials/public/assets/application-c21613708cb0f40361dc08d066cb68c559e4b3982f802956f4439959cad9af23.css
2024-03-02T16:41:35.4894827Z I, [2024-03-02T08:41:35.486280 #2392]  INFO -- : Writing /home/runner/work/human-essentials/human-essentials/public/assets/application-c21613708cb0f40361dc08d066cb68c559e4b3982f802956f4439959cad9af23.css.gz
2024-03-02T16:41:35.4898284Z I, [2024-03-02T08:41:35.486376 #2392]  INFO -- : Writing /home/runner/work/human-essentials/human-essentials/public/assets/test-only-background-c4843e992a593298a8c43815c8950b766061a96fd7d3e92838354914c41d7243.jpg
2024-03-02T16:41:35.4901513Z I, [2024-03-02T08:41:35.486531 #2392]  INFO -- : Writing /home/runner/work/human-essentials/human-essentials/public/assets/audits-83372b845d8a4887e7e4d2315cf3c85ea60ef94ca0ec4774dfbcd3cf569c616c.css
2024-03-02T16:41:35.4904864Z I, [2024-03-02T08:41:35.486616 #2392]  INFO -- : Writing /home/runner/work/human-essentials/human-essentials/public/assets/audits-83372b845d8a4887e7e4d2315cf3c85ea60ef94ca0ec4774dfbcd3cf569c616c.css.gz
2024-03-02T16:41:35.4908291Z I, [2024-03-02T08:41:35.486721 #2392]  INFO -- : Writing /home/runner/work/human-essentials/human-essentials/public/assets/barcode_reader-3799c29218802c1dbba4c700f3863ec24505a9e3e7b54d36282fff667d7c94ca.css
2024-03-02T16:41:35.4911495Z I, [2024-03-02T08:41:35.486798 #2392]  INFO -- : Writing /home/runner/work/human-essentials/human-essentials/public/assets/barcode_reader-3799c29218802c1dbba4c700f3863ec24505a9e3e7b54d36282fff667d7c94ca.css.gz
2024-03-02T16:41:35.4914965Z I, [2024-03-02T08:41:35.486898 #2392]  INFO -- : Writing /home/runner/work/human-essentials/human-essentials/public/assets/custom-4ac26623bf6f4d95aa1164e1ad4d6cbb2bb8dda4af8e4a2f1b4368bc92491085.css
2024-03-02T16:41:35.4918166Z I, [2024-03-02T08:41:35.486972 #2392]  INFO -- : Writing /home/runner/work/human-essentials/human-essentials/public/assets/custom-4ac26623bf6f4d95aa1164e1ad4d6cbb2bb8dda4af8e4a2f1b4368bc92491085.css.gz
2024-03-02T16:41:35.4921527Z I, [2024-03-02T08:41:35.487070 #2392]  INFO -- : Writing /home/runner/work/human-essentials/human-essentials/public/assets/test-only-background-c4843e992a593298a8c43815c8950b766061a96fd7d3e92838354914c41d7243.jpg
2024-03-02T16:41:35.4925033Z I, [2024-03-02T08:41:35.487339 #2392]  INFO -- : Writing /home/runner/work/human-essentials/human-essentials/public/assets/expandable_table-cca1600cf25c44c6bea2733167509ffe9133f344e9defe984ad96bd427b29a19.css
2024-03-02T16:41:35.4928277Z I, [2024-03-02T08:41:35.487418 #2392]  INFO -- : Writing /home/runner/work/human-essentials/human-essentials/public/assets/expandable_table-cca1600cf25c44c6bea2733167509ffe9133f344e9defe984ad96bd427b29a19.css.gz
2024-03-02T16:41:35.4931777Z I, [2024-03-02T08:41:35.487516 #2392]  INFO -- : Writing /home/runner/work/human-essentials/human-essentials/public/assets/landing_page-4fe5dfcfea8b5bbd7722658652ff4ee86132a41b8aff92e9ef8b1216cb7259fa.css
2024-03-02T16:41:35.4935033Z I, [2024-03-02T08:41:35.487596 #2392]  INFO -- : Writing /home/runner/work/human-essentials/human-essentials/public/assets/landing_page-4fe5dfcfea8b5bbd7722658652ff4ee86132a41b8aff92e9ef8b1216cb7259fa.css.gz
2024-03-02T16:41:35.4938229Z I, [2024-03-02T08:41:35.487696 #2392]  INFO -- : Writing /home/runner/work/human-essentials/human-essentials/public/assets/modal-dialog-9d7ae8bb43b60ac4c7d9910700392b20618ae2db4d5db33453b157171d5e0f7d.css
2024-03-02T16:41:35.4941607Z I, [2024-03-02T08:41:35.487770 #2392]  INFO -- : Writing /home/runner/work/human-essentials/human-essentials/public/assets/modal-dialog-9d7ae8bb43b60ac4c7d9910700392b20618ae2db4d5db33453b157171d5e0f7d.css.gz
2024-03-02T16:41:35.4944842Z I, [2024-03-02T08:41:35.487864 #2392]  INFO -- : Writing /home/runner/work/human-essentials/human-essentials/public/assets/progress_stepper-7f8ef0dc05a9a00a300e56f6f3e4ccfdde4af8e392407ccc6601d60019067ccb.css
2024-03-02T16:41:35.4948109Z I, [2024-03-02T08:41:35.487937 #2392]  INFO -- : Writing /home/runner/work/human-essentials/human-essentials/public/assets/progress_stepper-7f8ef0dc05a9a00a300e56f6f3e4ccfdde4af8e392407ccc6601d60019067ccb.css.gz
2024-03-02T16:41:35.4951517Z I, [2024-03-02T08:41:35.488033 #2392]  INFO -- : Writing /home/runner/work/human-essentials/human-essentials/public/assets/transfers-c9ab43ff53dab5dc13681712afc9b6fb31d7865d5ac8c657220deff9f138fa8c.css
2024-03-02T16:41:35.4955113Z I, [2024-03-02T08:41:35.488107 #2392]  INFO -- : Writing /home/runner/work/human-essentials/human-essentials/public/assets/transfers-c9ab43ff53dab5dc13681712afc9b6fb31d7865d5ac8c657220deff9f138fa8c.css.gz
2024-03-02T16:41:35.4959310Z I, [2024-03-02T08:41:35.488203 #2392]  INFO -- : Writing /home/runner/work/human-essentials/human-essentials/public/assets/adminlte-886a0b559685ec92cd8dd4dbf957899292f9c0bd344c90c304d28973363a8eaf.js
2024-03-02T16:41:35.4963434Z I, [2024-03-02T08:41:35.495451 #2392]  INFO -- : Writing /home/runner/work/human-essentials/human-essentials/public/assets/adminlte-886a0b559685ec92cd8dd4dbf957899292f9c0bd344c90c304d28973363a8eaf.js.gz
2024-03-02T16:41:35.4967775Z I, [2024-03-02T08:41:35.495576 #2392]  INFO -- : Writing /home/runner/work/human-essentials/human-essentials/public/assets/application-f9d5a0970e6dc2d1d44ca8dfd6129e9fed2dccf1b460a6bba6eab9dd7aa61c92.js
2024-03-02T16:41:35.4972331Z I, [2024-03-02T08:41:35.495658 #2392]  INFO -- : Writing /home/runner/work/human-essentials/human-essentials/public/assets/application-f9d5a0970e6dc2d1d44ca8dfd6129e9fed2dccf1b460a6bba6eab9dd7aa61c92.js.gz
2024-03-02T16:41:35.4976881Z I, [2024-03-02T08:41:35.495766 #2392]  INFO -- : Writing /home/runner/work/human-essentials/human-essentials/public/assets/cocoon-js-vanilla-cc8e46e9b16a6217f3c14c60ca346454c9c01d8d41e5c073ae14f85fac052e96.js
2024-03-02T16:41:35.4981206Z I, [2024-03-02T08:41:35.495846 #2392]  INFO -- : Writing /home/runner/work/human-essentials/human-essentials/public/assets/cocoon-js-vanilla-cc8e46e9b16a6217f3c14c60ca346454c9c01d8d41e5c073ae14f85fac052e96.js.gz
2024-03-02T16:41:35.4985550Z I, [2024-03-02T08:41:35.495953 #2392]  INFO -- : Writing /home/runner/work/human-essentials/human-essentials/public/assets/controllers/application-368d98631bccbf2349e0d4f8269afb3fe9625118341966de054759d96ea86c7e.js
2024-03-02T16:41:35.4989767Z I, [2024-03-02T08:41:35.496036 #2392]  INFO -- : Writing /home/runner/work/human-essentials/human-essentials/public/assets/controllers/application-368d98631bccbf2349e0d4f8269afb3fe9625118341966de054759d96ea86c7e.js.gz
2024-03-02T16:41:35.4993708Z I, [2024-03-02T08:41:35.496130 #2392]  INFO -- : Writing /home/runner/work/human-essentials/human-essentials/public/assets/controllers/area_served_controller-c8c048ef9ee2d145ba8408cda63546aff8ce9170e9cafb34075ebb01b43c6c34.js
2024-03-02T16:41:35.4997798Z I, [2024-03-02T08:41:35.496201 #2392]  INFO -- : Writing /home/runner/work/human-essentials/human-essentials/public/assets/controllers/area_served_controller-c8c048ef9ee2d145ba8408cda63546aff8ce9170e9cafb34075ebb01b43c6c34.js.gz
2024-03-02T16:41:35.5000320Z I, [2024-03-02T08:41:35.496296 #2392]  INFO -- : Writing /home/runner/work/human-essentials/human-essentials/public/assets/controllers/checkbox_with_nested_element_controller-1645dd2a3a857d546354c90b0c415a9d1dd4de6974048fd41bfc1d6f45ccb3eb.js
2024-03-02T16:41:35.5002696Z I, [2024-03-02T08:41:35.496367 #2392]  INFO -- : Writing /home/runner/work/human-essentials/human-essentials/public/assets/controllers/checkbox_with_nested_element_controller-1645dd2a3a857d546354c90b0c415a9d1dd4de6974048fd41bfc1d6f45ccb3eb.js.gz
2024-03-02T16:41:35.5005009Z I, [2024-03-02T08:41:35.496458 #2392]  INFO -- : Writing /home/runner/work/human-essentials/human-essentials/public/assets/controllers/distribution_delivery_controller-89fc613f734c2b1538c1e9948abeb353ea73d22678fc08597d48fa36a70c5c51.js
2024-03-02T16:41:35.5007367Z I, [2024-03-02T08:41:35.496715 #2392]  INFO -- : Writing /home/runner/work/human-essentials/human-essentials/public/assets/controllers/distribution_delivery_controller-89fc613f734c2b1538c1e9948abeb353ea73d22678fc08597d48fa36a70c5c51.js.gz
2024-03-02T16:41:35.5010865Z I, [2024-03-02T08:41:35.496875 #2392]  INFO -- : Writing /home/runner/work/human-essentials/human-essentials/public/assets/controllers/double_select_controller-bb2e4a65f2c66cacc8ec4dd491c2233b0aac53187ebe1fbaaffedfbaf7db9099.js
2024-03-02T16:41:35.5015085Z I, [2024-03-02T08:41:35.497029 #2392]  INFO -- : Writing /home/runner/work/human-essentials/human-essentials/public/assets/controllers/double_select_controller-bb2e4a65f2c66cacc8ec4dd491c2233b0aac53187ebe1fbaaffedfbaf7db9099.js.gz
2024-03-02T16:41:35.5019238Z I, [2024-03-02T08:41:35.497134 #2392]  INFO -- : Writing /home/runner/work/human-essentials/human-essentials/public/assets/controllers/highchart_controller-7640167d6e3481659a5ead23f046e3c6852c08e30ce8aa6f09aa5cce0f7ea02d.js
2024-03-02T16:41:35.5023260Z I, [2024-03-02T08:41:35.497207 #2392]  INFO -- : Writing /home/runner/work/human-essentials/human-essentials/public/assets/controllers/highchart_controller-7640167d6e3481659a5ead23f046e3c6852c08e30ce8aa6f09aa5cce0f7ea02d.js.gz
2024-03-02T16:41:35.5027572Z I, [2024-03-02T08:41:35.497303 #2392]  INFO -- : Writing /home/runner/work/human-essentials/human-essentials/public/assets/controllers/index-2db729dddcc5b979110e98de4b6720f83f91a123172e87281d5a58410fc43806.js
2024-03-02T16:41:35.5031325Z I, [2024-03-02T08:41:35.497371 #2392]  INFO -- : Writing /home/runner/work/human-essentials/human-essentials/public/assets/controllers/index-2db729dddcc5b979110e98de4b6720f83f91a123172e87281d5a58410fc43806.js.gz
2024-03-02T16:41:35.5035623Z I, [2024-03-02T08:41:35.497463 #2392]  INFO -- : Writing /home/runner/work/human-essentials/human-essentials/public/assets/controllers/request_item_controller-4ab1cb48f0cc30bba40f5311b6588189ddf5daf19bdf36b462cdeab0a663399b.js
2024-03-02T16:41:35.5039756Z I, [2024-03-02T08:41:35.497534 #2392]  INFO -- : Writing /home/runner/work/human-essentials/human-essentials/public/assets/controllers/request_item_controller-4ab1cb48f0cc30bba40f5311b6588189ddf5daf19bdf36b462cdeab0a663399b.js.gz
2024-03-02T16:41:35.5044274Z I, [2024-03-02T08:41:35.497628 #2392]  INFO -- : Writing /home/runner/work/human-essentials/human-essentials/public/assets/controllers/select2_controller-13c15fa4f8996b06b43552325b12e3a14e158db06264b83cfff2e521a16fceeb.js
2024-03-02T16:41:35.5048041Z I, [2024-03-02T08:41:35.497698 #2392]  INFO -- : Writing /home/runner/work/human-essentials/human-essentials/public/assets/controllers/select2_controller-13c15fa4f8996b06b43552325b12e3a14e158db06264b83cfff2e521a16fceeb.js.gz
2024-03-02T16:41:35.5052074Z I, [2024-03-02T08:41:35.497888 #2392]  INFO -- : Writing /home/runner/work/human-essentials/human-essentials/public/assets/controllers/served_area_controller-37738489813fc06349f3fb1bc7abc5d5493318ce553f1bebbfa1f8fe06ebfb4a.js
2024-03-02T16:41:35.5056092Z I, [2024-03-02T08:41:35.497957 #2392]  INFO -- : Writing /home/runner/work/human-essentials/human-essentials/public/assets/controllers/served_area_controller-37738489813fc06349f3fb1bc7abc5d5493318ce553f1bebbfa1f8fe06ebfb4a.js.gz
2024-03-02T16:41:35.5059896Z I, [2024-03-02T08:41:35.498050 #2392]  INFO -- : Writing /home/runner/work/human-essentials/human-essentials/public/assets/controllers/turbo_controller-7ee3a9437b4fb003ac4ea4ca0f3425fd197ce4538a1eeb606e5e5447aa948b54.js
2024-03-02T16:41:35.5063464Z I, [2024-03-02T08:41:35.498117 #2392]  INFO -- : Writing /home/runner/work/human-essentials/human-essentials/public/assets/controllers/turbo_controller-7ee3a9437b4fb003ac4ea4ca0f3425fd197ce4538a1eeb606e5e5447aa948b54.js.gz
2024-03-02T16:41:35.5066899Z I, [2024-03-02T08:41:35.498215 #2392]  INFO -- : Writing /home/runner/work/human-essentials/human-essentials/public/assets/startup-bf111fcbf368bc988dfcb050d057ec73e21f190d7921e15689dd5ebf674e6d00.js
2024-03-02T16:41:35.5070034Z I, [2024-03-02T08:41:35.498290 #2392]  INFO -- : Writing /home/runner/work/human-essentials/human-essentials/public/assets/startup-bf111fcbf368bc988dfcb050d057ec73e21f190d7921e15689dd5ebf674e6d00.js.gz
2024-03-02T16:41:35.5073278Z I, [2024-03-02T08:41:35.498385 #2392]  INFO -- : Writing /home/runner/work/human-essentials/human-essentials/public/assets/utils/barcode_items-ee1050c4d1ade4569ef6cfc83d5f4792f67daabaca0ae24f75455737fea0a72b.js
2024-03-02T16:41:35.5076734Z I, [2024-03-02T08:41:35.498450 #2392]  INFO -- : Writing /home/runner/work/human-essentials/human-essentials/public/assets/utils/barcode_items-ee1050c4d1ade4569ef6cfc83d5f4792f67daabaca0ae24f75455737fea0a72b.js.gz
2024-03-02T16:41:35.5080000Z I, [2024-03-02T08:41:35.498539 #2392]  INFO -- : Writing /home/runner/work/human-essentials/human-essentials/public/assets/utils/barcode_scan-757b66b6921154f49e7cc4c5dc2f146f91f1648beffaa8ef106d94585a273ba9.js
2024-03-02T16:41:35.5083276Z I, [2024-03-02T08:41:35.498610 #2392]  INFO -- : Writing /home/runner/work/human-essentials/human-essentials/public/assets/utils/barcode_scan-757b66b6921154f49e7cc4c5dc2f146f91f1648beffaa8ef106d94585a273ba9.js.gz
2024-03-02T16:41:35.5086689Z I, [2024-03-02T08:41:35.498711 #2392]  INFO -- : Writing /home/runner/work/human-essentials/human-essentials/public/assets/utils/deadline_day_pickers-b0b264db9e3c8107c161cc4571e71cf901bcc511175271d218a553c4e1889065.js
2024-03-02T16:41:35.5090666Z I, [2024-03-02T08:41:35.498801 #2392]  INFO -- : Writing /home/runner/work/human-essentials/human-essentials/public/assets/utils/deadline_day_pickers-b0b264db9e3c8107c161cc4571e71cf901bcc511175271d218a553c4e1889065.js.gz
2024-03-02T16:41:35.5094511Z I, [2024-03-02T08:41:35.498895 #2392]  INFO -- : Writing /home/runner/work/human-essentials/human-essentials/public/assets/utils/distributions_and_transfers-1f9709e9a8df250acfe3e7a79f1501b2696b1f36d5adcf083a61a1b005cce3d2.js
2024-03-02T16:41:35.5098627Z I, [2024-03-02T08:41:35.498959 #2392]  INFO -- : Writing /home/runner/work/human-essentials/human-essentials/public/assets/utils/distributions_and_transfers-1f9709e9a8df250acfe3e7a79f1501b2696b1f36d5adcf083a61a1b005cce3d2.js.gz
2024-03-02T16:41:35.5102198Z I, [2024-03-02T08:41:35.499046 #2392]  INFO -- : Writing /home/runner/work/human-essentials/human-essentials/public/assets/utils/donations-1c3e9a15fc370afd2c3836ccf8dde6013c35412a8d83cf6c1e31bec95ef72b26.js
2024-03-02T16:41:35.5105714Z I, [2024-03-02T08:41:35.499110 #2392]  INFO -- : Writing /home/runner/work/human-essentials/human-essentials/public/assets/utils/donations-1c3e9a15fc370afd2c3836ccf8dde6013c35412a8d83cf6c1e31bec95ef72b26.js.gz
2024-03-02T16:41:35.5109145Z I, [2024-03-02T08:41:35.499197 #2392]  INFO -- : Writing /home/runner/work/human-essentials/human-essentials/public/assets/utils/purchases-5c814ba098feaa8a7b4abff24267c1da909f3e52e12c97660f8a0b8c1ff4aea1.js
2024-03-02T16:41:35.5112664Z I, [2024-03-02T08:41:35.499264 #2392]  INFO -- : Writing /home/runner/work/human-essentials/human-essentials/public/assets/utils/purchases-5c814ba098feaa8a7b4abff24267c1da909f3e52e12c97660f8a0b8c1ff4aea1.js.gz
2024-03-02T16:41:35.5116146Z I, [2024-03-02T08:41:35.499358 #2392]  INFO -- : Writing /home/runner/work/human-essentials/human-essentials/public/assets/filterrific-f3a290db250e05344fd62c216b903689f73eff5e270ef021e425551006092e08.js
2024-03-02T16:41:35.5119484Z I, [2024-03-02T08:41:35.499432 #2392]  INFO -- : Writing /home/runner/work/human-essentials/human-essentials/public/assets/filterrific-f3a290db250e05344fd62c216b903689f73eff5e270ef021e425551006092e08.js.gz
2024-03-02T16:41:35.5122883Z I, [2024-03-02T08:41:35.499528 #2392]  INFO -- : Writing /home/runner/work/human-essentials/human-essentials/public/assets/stimulusloading-1fc59770fb1654500044afd3f5f6d7d00800e5be36746d55b94a2963a7a228aa.js
2024-03-02T16:41:35.5126158Z I, [2024-03-02T08:41:35.500963 #2392]  INFO -- : Writing /home/runner/work/human-essentials/human-essentials/public/assets/stimulusloading-1fc59770fb1654500044afd3f5f6d7d00800e5be36746d55b94a2963a7a228aa.js.gz
2024-03-02T16:41:35.5129549Z I, [2024-03-02T08:41:35.501197 #2392]  INFO -- : Writing /home/runner/work/human-essentials/human-essentials/public/assets/turbo-4851a9a0b1d947e810dfd0448a72aef261d455183ebea681f4f28a73640a9ece.js
2024-03-02T16:41:35.5132891Z I, [2024-03-02T08:41:35.501387 #2392]  INFO -- : Writing /home/runner/work/human-essentials/human-essentials/public/assets/turbo-4851a9a0b1d947e810dfd0448a72aef261d455183ebea681f4f28a73640a9ece.js.gz
2024-03-02T16:41:35.5136066Z I, [2024-03-02T08:41:35.501606 #2392]  INFO -- : Writing /home/runner/work/human-essentials/human-essentials/public/assets/turbo.min-f309baafa3ae5ad6ccee3e7362118b87678d792db8e8ab466c4fa284dd3a4700.js
2024-03-02T16:41:35.5139441Z I, [2024-03-02T08:41:35.501869 #2392]  INFO -- : Writing /home/runner/work/human-essentials/human-essentials/public/assets/turbo.min-f309baafa3ae5ad6ccee3e7362118b87678d792db8e8ab466c4fa284dd3a4700.js.gz
2024-03-02T16:41:35.5142790Z I, [2024-03-02T08:41:35.501990 #2392]  INFO -- : Writing /home/runner/work/human-essentials/human-essentials/public/assets/turbo.min.js-8bc8f4a58d1c106d58dec8bef6c638ff12ff4d078f19d8ebd8c4277f4c9bc85a.map
2024-03-02T16:41:35.5146059Z I, [2024-03-02T08:41:35.502068 #2392]  INFO -- : Writing /home/runner/work/human-essentials/human-essentials/public/assets/turbo.min.js-8bc8f4a58d1c106d58dec8bef6c638ff12ff4d078f19d8ebd8c4277f4c9bc85a.map.gz
2024-03-02T16:41:35.5149740Z I, [2024-03-02T08:41:35.502179 #2392]  INFO -- : Writing /home/runner/work/human-essentials/human-essentials/public/assets/stimulus-loading-3576ce92b149ad5d6959438c6f291e2426c86df3b874c525b30faad51b0d96b3.js
2024-03-02T16:41:35.5153190Z I, [2024-03-02T08:41:35.502258 #2392]  INFO -- : Writing /home/runner/work/human-essentials/human-essentials/public/assets/stimulus-loading-3576ce92b149ad5d6959438c6f291e2426c86df3b874c525b30faad51b0d96b3.js.gz
2024-03-02T16:41:35.5156598Z I, [2024-03-02T08:41:35.502493 #2392]  INFO -- : Writing /home/runner/work/human-essentials/human-essentials/public/assets/popper-003a40d80fd205e1fa00da117d5bdc19720ba330706eaa17f9ba9513fa502304.js
2024-03-02T16:41:35.5159863Z I, [2024-03-02T08:41:35.502589 #2392]  INFO -- : Writing /home/runner/work/human-essentials/human-essentials/public/assets/popper-003a40d80fd205e1fa00da117d5bdc19720ba330706eaa17f9ba9513fa502304.js.gz
2024-03-02T16:41:35.5163138Z I, [2024-03-02T08:41:35.502697 #2392]  INFO -- : Writing /home/runner/work/human-essentials/human-essentials/public/assets/actiontext-28c61f5197c204db043317a8f8826a87ab31495b741f854d307ca36122deefce.js
2024-03-02T16:41:35.5166377Z I, [2024-03-02T08:41:35.502780 #2392]  INFO -- : Writing /home/runner/work/human-essentials/human-essentials/public/assets/actiontext-28c61f5197c204db043317a8f8826a87ab31495b741f854d307ca36122deefce.js.gz
2024-03-02T16:41:35.5169798Z I, [2024-03-02T08:41:35.502880 #2392]  INFO -- : Writing /home/runner/work/human-essentials/human-essentials/public/assets/trix-1563ff9c10f74e143b3ded40a8458497eaf2f87a648a5cbbfebdb7dec3447a5e.js
2024-03-02T16:41:35.5172880Z I, [2024-03-02T08:41:35.502960 #2392]  INFO -- : Writing /home/runner/work/human-essentials/human-essentials/public/assets/trix-1563ff9c10f74e143b3ded40a8458497eaf2f87a648a5cbbfebdb7dec3447a5e.js.gz
2024-03-02T16:41:35.5176315Z I, [2024-03-02T08:41:35.503059 #2392]  INFO -- : Writing /home/runner/work/human-essentials/human-essentials/public/assets/trix-b0398dade8e5ac249fe98f2e850f45adbcdfecd8a11c46b3eb67bdedb87b1b04.css
2024-03-02T16:41:35.5179378Z I, [2024-03-02T08:41:35.503138 #2392]  INFO -- : Writing /home/runner/work/human-essentials/human-essentials/public/assets/trix-b0398dade8e5ac249fe98f2e850f45adbcdfecd8a11c46b3eb67bdedb87b1b04.css.gz
2024-03-02T16:41:35.5182500Z I, [2024-03-02T08:41:35.503245 #2392]  INFO -- : Writing /home/runner/work/human-essentials/human-essentials/public/assets/stimulus-f75215805563870a61ee9dc5a207ce46d4675c7e667558a54344fd1e7baa697f.js
2024-03-02T16:41:35.5185803Z I, [2024-03-02T08:41:35.503325 #2392]  INFO -- : Writing /home/runner/work/human-essentials/human-essentials/public/assets/stimulus-f75215805563870a61ee9dc5a207ce46d4675c7e667558a54344fd1e7baa697f.js.gz
2024-03-02T16:41:35.5189058Z I, [2024-03-02T08:41:35.503904 #2392]  INFO -- : Writing /home/runner/work/human-essentials/human-essentials/public/assets/stimulus-autoloader-c584942b568ba74879da31c7c3d51366737bacaf6fbae659383c0a5653685693.js
2024-03-02T16:41:35.5192626Z I, [2024-03-02T08:41:35.504005 #2392]  INFO -- : Writing /home/runner/work/human-essentials/human-essentials/public/assets/stimulus-autoloader-c584942b568ba74879da31c7c3d51366737bacaf6fbae659383c0a5653685693.js.gz
2024-03-02T16:41:35.5196170Z I, [2024-03-02T08:41:35.504119 #2392]  INFO -- : Writing /home/runner/work/human-essentials/human-essentials/public/assets/stimulus-importmap-autoloader-db2076c783bf2dbee1226e2add52fef290b5d31b5bcd1edd999ac8a6dd31c44a.js
2024-03-02T16:41:35.5200012Z I, [2024-03-02T08:41:35.504413 #2392]  INFO -- : Writing /home/runner/work/human-essentials/human-essentials/public/assets/stimulus-importmap-autoloader-db2076c783bf2dbee1226e2add52fef290b5d31b5bcd1edd999ac8a6dd31c44a.js.gz
2024-03-02T16:41:35.5203654Z I, [2024-03-02T08:41:35.504527 #2392]  INFO -- : Writing /home/runner/work/human-essentials/human-essentials/public/assets/stimulus-loading-3576ce92b149ad5d6959438c6f291e2426c86df3b874c525b30faad51b0d96b3.js
2024-03-02T16:41:35.5207002Z I, [2024-03-02T08:41:35.504601 #2392]  INFO -- : Writing /home/runner/work/human-essentials/human-essentials/public/assets/stimulus-loading-3576ce92b149ad5d6959438c6f291e2426c86df3b874c525b30faad51b0d96b3.js.gz
2024-03-02T16:41:35.5210652Z I, [2024-03-02T08:41:35.508880 #2392]  INFO -- : Writing /home/runner/work/human-essentials/human-essentials/public/assets/stimulus.min-dd364f16ec9504dfb72672295637a1c8838773b01c0b441bd41008124c407894.js
2024-03-02T16:41:35.5213986Z I, [2024-03-02T08:41:35.509090 #2392]  INFO -- : Writing /home/runner/work/human-essentials/human-essentials/public/assets/stimulus.min-dd364f16ec9504dfb72672295637a1c8838773b01c0b441bd41008124c407894.js.gz
2024-03-02T16:41:35.5233866Z I, [2024-03-02T08:41:35.521666 #2392]  INFO -- : Writing /home/runner/work/human-essentials/human-essentials/public/assets/stimulus-autoloader-c584942b568ba74879da31c7c3d51366737bacaf6fbae659383c0a5653685693.js
2024-03-02T16:41:35.5237643Z I, [2024-03-02T08:41:35.521784 #2392]  INFO -- : Writing /home/runner/work/human-essentials/human-essentials/public/assets/stimulus-autoloader-c584942b568ba74879da31c7c3d51366737bacaf6fbae659383c0a5653685693.js.gz
2024-03-02T16:41:35.5241403Z I, [2024-03-02T08:41:35.521897 #2392]  INFO -- : Writing /home/runner/work/human-essentials/human-essentials/public/assets/stimulus-importmap-autoloader-db2076c783bf2dbee1226e2add52fef290b5d31b5bcd1edd999ac8a6dd31c44a.js
2024-03-02T16:41:35.5245004Z I, [2024-03-02T08:41:35.521976 #2392]  INFO -- : Writing /home/runner/work/human-essentials/human-essentials/public/assets/stimulus-importmap-autoloader-db2076c783bf2dbee1226e2add52fef290b5d31b5bcd1edd999ac8a6dd31c44a.js.gz
2024-03-02T16:41:35.5248775Z I, [2024-03-02T08:41:35.522073 #2392]  INFO -- : Writing /home/runner/work/human-essentials/human-essentials/public/assets/stimulus-loading-3576ce92b149ad5d6959438c6f291e2426c86df3b874c525b30faad51b0d96b3.js
2024-03-02T16:41:35.5252241Z I, [2024-03-02T08:41:35.522146 #2392]  INFO -- : Writing /home/runner/work/human-essentials/human-essentials/public/assets/stimulus-loading-3576ce92b149ad5d6959438c6f291e2426c86df3b874c525b30faad51b0d96b3.js.gz
2024-03-02T16:41:35.5255543Z I, [2024-03-02T08:41:35.522275 #2392]  INFO -- : Writing /home/runner/work/human-essentials/human-essentials/public/assets/stimulus.min.js-2cc63625fa177963b45da974806e7aee846cbf1d4930815733d0fdf3fb232325.map
2024-03-02T16:41:35.5259017Z I, [2024-03-02T08:41:35.522441 #2392]  INFO -- : Writing /home/runner/work/human-essentials/human-essentials/public/assets/stimulus.min.js-2cc63625fa177963b45da974806e7aee846cbf1d4930815733d0fdf3fb232325.map.gz
2024-03-02T16:41:35.5262325Z I, [2024-03-02T08:41:35.522556 #2392]  INFO -- : Writing /home/runner/work/human-essentials/human-essentials/public/assets/activestorage-3ab61e47dd4ee2d79db525ade1dca2ede0ea2b7371fe587e408ee37b7ade265d.js
2024-03-02T16:41:35.5265953Z I, [2024-03-02T08:41:35.522637 #2392]  INFO -- : Writing /home/runner/work/human-essentials/human-essentials/public/assets/activestorage-3ab61e47dd4ee2d79db525ade1dca2ede0ea2b7371fe587e408ee37b7ade265d.js.gz
2024-03-02T16:41:35.5269268Z I, [2024-03-02T08:41:35.522741 #2392]  INFO -- : Writing /home/runner/work/human-essentials/human-essentials/public/assets/activestorage.esm-01f58a45d77495cdfbdfcc872902a430426c4391634ec9c3da5f69fbf8418492.js
2024-03-02T16:41:35.5272706Z I, [2024-03-02T08:41:35.522821 #2392]  INFO -- : Writing /home/runner/work/human-essentials/human-essentials/public/assets/activestorage.esm-01f58a45d77495cdfbdfcc872902a430426c4391634ec9c3da5f69fbf8418492.js.gz
2024-03-02T16:41:35.5276042Z I, [2024-03-02T08:41:35.522922 #2392]  INFO -- : Writing /home/runner/work/human-essentials/human-essentials/public/assets/actioncable-5433453f9b6619a9de91aaab2d7fc7ff183e5260c0107cbc9a1aa0c838d9a74e.js
2024-03-02T16:41:35.5279248Z I, [2024-03-02T08:41:35.523001 #2392]  INFO -- : Writing /home/runner/work/human-essentials/human-essentials/public/assets/actioncable-5433453f9b6619a9de91aaab2d7fc7ff183e5260c0107cbc9a1aa0c838d9a74e.js.gz
2024-03-02T16:41:35.5282560Z I, [2024-03-02T08:41:35.523102 #2392]  INFO -- : Writing /home/runner/work/human-essentials/human-essentials/public/assets/actioncable.esm-e01089c3ec4fe7817fa9abcad06cab6bdc387f95f0ca6aab4bf7ba7537f70690.js
2024-03-02T16:41:35.5286345Z I, [2024-03-02T08:41:35.523181 #2392]  INFO -- : Writing /home/runner/work/human-essentials/human-essentials/public/assets/actioncable.esm-e01089c3ec4fe7817fa9abcad06cab6bdc387f95f0ca6aab4bf7ba7537f70690.js.gz
2024-03-02T16:41:36.0052625Z Coverage report generated for RSpec to /home/runner/work/human-essentials/human-essentials/coverage. 329 / 10194 LOC (3.23%) covered.
2024-03-02T16:41:36.0814477Z ##[group]Run RUBYOPT='-W:no-deprecated -W:no-experimental' bin/knapsack_pro_rspec
2024-03-02T16:41:36.0815382Z [36;1mRUBYOPT='-W:no-deprecated -W:no-experimental' bin/knapsack_pro_rspec[0m
2024-03-02T16:41:36.0843434Z shell: /usr/bin/bash -e {0}
2024-03-02T16:41:36.0843920Z env:
2024-03-02T16:41:36.0844206Z   POSTGRES_HOST: localhost
2024-03-02T16:41:36.0844607Z   DATABASE_HOST: localhost
2024-03-02T16:41:36.0845045Z   PG_USERNAME: postgres
2024-03-02T16:41:36.0845444Z   PG_PASSWORD: password
2024-03-02T16:41:36.0845845Z   POSTGRES_HOST_AUTH_METHOD: trust
2024-03-02T16:41:36.0846319Z   POSTGRES_PORT: 5432
2024-03-02T16:41:36.0846691Z   PGHOST: localhost
2024-03-02T16:41:36.0847019Z   PGUSER: postgres
2024-03-02T16:41:36.0847417Z   RAILS_ENV: test
2024-03-02T16:41:36.0848003Z   KNAPSACK_PRO_TEST_SUITE_TOKEN_RSPEC: ***
2024-03-02T16:41:36.0848710Z   KNAPSACK_PRO_CI_NODE_TOTAL: 6
2024-03-02T16:41:36.0849260Z   KNAPSACK_PRO_CI_NODE_INDEX: 3
2024-03-02T16:41:36.0849802Z   KNAPSACK_PRO_RSPEC_SPLIT_BY_TEST_EXAMPLES: true
2024-03-02T16:41:36.0850381Z   KNAPSACK_PRO_LOG_LEVEL: info
2024-03-02T16:41:36.0850969Z   KNAPSACK_PRO_TEST_FILE_PATTERN: {spec/system/**{,/*/**}/*_spec.rb,spec/requests/**{,/*/**}/*_spec.rb}
2024-03-02T16:41:36.0851613Z   EVENTS_READ: true
2024-03-02T16:41:36.0852037Z ##[endgroup]
2024-03-02T16:41:42.3205786Z I, [2024-03-02T16:41:42.320091 #2489]  INFO -- : [knapsack_pro] Generating RSpec test examples JSON report for slow test files to prepare it to be split by test examples (by individual test cases). Thanks to that, a single slow test file can be split across parallel CI nodes. Analyzing 1 slow test files.
2024-03-02T16:41:51.1717342Z Coverage report generated for RSpec to /home/runner/work/human-essentials/human-essentials/coverage. 2526 / 6642 LOC (38.03%) covered.
2024-03-02T16:41:55.1844190Z /opt/hostedtoolcache/Ruby/3.2.2/x64/bin/ruby -I/home/runner/work/human-essentials/human-essentials/vendor/bundle/ruby/3.2.0/gems/rspec-core-3.12.2/lib:/home/runner/work/human-essentials/human-essentials/vendor/bundle/ruby/3.2.0/gems/rspec-support-3.12.1/lib /home/runner/work/human-essentials/human-essentials/vendor/bundle/ruby/3.2.0/gems/rspec-core-3.12.2/exe/rspec  --format documentation --format KnapsackPro::Formatters::TimeTracker --default-path spec "spec/system/partners/approval_process_spec.rb" "spec/system/purchase_system_spec.rb" "spec/system/audit_system_spec.rb" "spec/requests/admin/users_requests_spec.rb" "spec/requests/product_drives_requests_spec.rb" "spec/requests/partners/profiles_requests_county_spec.rb" "spec/system/dashboard_system_spec.rb[1:2:5:8:1:3]" "spec/system/vendor_system_spec.rb" "spec/system/admin/account_requests_system_spec.rb" "spec/requests/organization_requests_spec.rb" "spec/system/dashboard_system_spec.rb[1:2:6:2:1:1]" "spec/system/dashboard_system_spec.rb[1:2:7:10:1:1]" "spec/system/dashboard_system_spec.rb[1:2:7:2:1:1]" "spec/system/dashboard_system_spec.rb[1:2:7:5:1:1]" "spec/system/dashboard_system_spec.rb[1:2:5:7:1:2]" "spec/system/dashboard_system_spec.rb[1:2:5:3:1:1]" "spec/system/dashboard_system_spec.rb[1:2:4:4:1:1]" "spec/system/dashboard_system_spec.rb[1:2:5:3:1:3]" "spec/system/dashboard_system_spec.rb[1:2:4:7:1:1]" "spec/requests/vendors_requests_spec.rb" "spec/requests/partners/dashboard_requests_spec.rb" "spec/requests/adjustments_requests_spec.rb" "spec/system/dashboard_system_spec.rb[1:2:5:10:2]" "spec/requests/admin/partners_requests_spec.rb" "spec/requests/requests_requests_spec.rb" "spec/requests/donation_sites_requests_spec.rb" "spec/requests/partners/user_requests_spec.rb"
2024-03-02T16:42:03.5823461Z Run options: include {:ids=>{"./spec/system/dashboard_system_spec.rb"=>["1:2:5:8:1:3", "1:2:6:2:1:1", "1:2:7:10:1:1", "1:2:7:2:1:1", "1:2:7:5:1:1", "1:2:5:7:1:2", "1:2:5:3:1:1", "1:2:4:4:1:1", "1:2:5:3:1:3", "1:2:4:7:1:1", "1:2:5:10:2"]}}
2024-03-02T16:42:03.5849540Z 
2024-03-02T16:42:03.5849962Z Randomized with seed 43623
2024-03-02T16:42:04.5224251Z 
2024-03-02T16:42:04.5226892Z Approval process for partners
2024-03-02T16:42:04.5228142Z   filling in organization details and requesting for approval
2024-03-02T16:42:04.5229030Z     GIVEN a partner user is new and wants to request approval
2024-03-02T16:42:23.1349786Z       should not allow them to make requests on the dashboard or the requests page
2024-03-02T16:42:23.1350950Z       AND they fill out the form and submit it
2024-03-02T16:42:23.1351705Z         THEN the organization approves them
2024-03-02T16:42:26.1647545Z           should show that they have been approved and able to make requests
2024-03-02T16:42:26.1649015Z   request approval with invalid details
2024-03-02T16:42:27.4247263Z     should render an error message
2024-03-02T16:42:27.4248292Z 
2024-03-02T16:42:27.4248951Z ProductDrives
2024-03-02T16:42:27.4250562Z   while not signed in
2024-03-02T16:42:27.6077042Z     is unsuccessful
2024-03-02T16:42:27.6077751Z   While signed in >
2024-03-02T16:42:27.6079138Z     PUT#update
2024-03-02T16:42:27.8187093Z       returns redirect http status
2024-03-02T16:42:27.8188175Z     DELETE #destroy
2024-03-02T16:42:28.0186710Z       redirects to the index
2024-03-02T16:42:28.0187696Z     GET #index
2024-03-02T16:42:28.4320591Z       displays only product drives that belong to organization and that match drive name and date range
2024-03-02T16:42:28.6360009Z       returns http success
2024-03-02T16:42:28.6360797Z       csv
2024-03-02T16:42:28.8904436Z         returns the quantity of all organization's items
2024-03-02T16:42:29.1046535Z         returns ONLY the product drives within a selected date range (inclusive)
2024-03-02T16:42:29.4888211Z         returns ONLY the associated product drives
2024-03-02T16:42:29.7159269Z         only counts items within the selected date range
2024-03-02T16:42:29.9128662Z         is successful
2024-03-02T16:42:29.9129453Z     POST#create
2024-03-02T16:42:30.1108315Z       returns redirect http status
2024-03-02T16:42:30.1109262Z     GET #edit
2024-03-02T16:42:30.3251363Z       returns http success
2024-03-02T16:42:30.3252111Z     GET #show
2024-03-02T16:42:30.6185942Z       shows appropriate number on the UI
2024-03-02T16:42:30.8453933Z       returns http success
2024-03-02T16:42:30.8455015Z     GET #new
2024-03-02T16:42:31.0549502Z       returns http success
2024-03-02T16:42:31.0550140Z 
2024-03-02T16:42:31.0550718Z Requests
2024-03-02T16:42:31.0551876Z   When signed
2024-03-02T16:42:31.0553092Z     GET #index
2024-03-02T16:42:31.0554216Z       csv
2024-03-02T16:42:31.0909765Z         is expected to be successful
2024-03-02T16:42:31.0910620Z       html
2024-03-02T16:42:31.1387423Z         is expected to be successful
2024-03-02T16:42:31.1388319Z     GET #show
2024-03-02T16:42:31.1388993Z       When the request does not exist
2024-03-02T16:42:31.1696855Z         responds with not found
2024-03-02T16:42:31.1697680Z       When the request exists
2024-03-02T16:42:31.2111510Z         responds with success
2024-03-02T16:42:31.2112260Z     POST #start
2024-03-02T16:42:31.2112873Z       When request exists
2024-03-02T16:42:31.2346838Z         changes the request status from pending to started
2024-03-02T16:42:31.2548601Z         redirects to new_distribution_path and flashes a notice
2024-03-02T16:42:31.2549752Z       When the request does not exist
2024-03-02T16:42:31.2806181Z         responds with not found
2024-03-02T16:42:31.2806890Z   When not signed
2024-03-02T16:42:31.2897389Z     redirects the user to the sign-in page for CRUD actions
2024-03-02T16:42:31.2898089Z 
2024-03-02T16:42:31.2898341Z Admin::Partners
2024-03-02T16:42:31.2899511Z   When logged in as a super admin
2024-03-02T16:42:31.2900643Z     GET #show
2024-03-02T16:42:31.3399340Z       returns http success
2024-03-02T16:42:31.3400371Z     PUT #update
2024-03-02T16:42:31.3401022Z       unsuccessful save due to empty params
2024-03-02T16:42:31.3955710Z         renders #edit template with error message
2024-03-02T16:42:31.3956802Z       successful save
2024-03-02T16:42:31.4333636Z         updates partner
2024-03-02T16:42:31.4776400Z         redirects
2024-03-02T16:42:31.4777280Z     GET #index
2024-03-02T16:42:31.5097919Z       returns http success
2024-03-02T16:42:31.5098940Z     GET #edit
2024-03-02T16:42:31.5609269Z       returns http success
2024-03-02T16:42:31.5610045Z 
2024-03-02T16:42:31.5610430Z Admin::UsersController
2024-03-02T16:42:31.5612170Z   When logged in as a super admin
2024-03-02T16:42:31.5613182Z     POST #create
2024-03-02T16:42:32.0432628Z       returns http success
2024-03-02T16:42:32.4431829Z       preloads organizations
2024-03-02T16:42:32.4433010Z     GET #edit
2024-03-02T16:42:32.8592457Z       renders edit template and shows roles
2024-03-02T16:42:32.8593502Z     #remove_role
2024-03-02T16:42:32.8594095Z       with errors
2024-03-02T16:42:33.2579046Z         should redirect back with error
2024-03-02T16:42:33.2579755Z       with no errors
2024-03-02T16:42:33.6538976Z         should call the service and redirect back
2024-03-02T16:42:33.6540322Z     PATCH #update
2024-03-02T16:42:33.6540953Z       with no errors
2024-03-02T16:42:34.0542023Z         renders index template with a successful update flash message
2024-03-02T16:42:34.0543113Z       with errors
2024-03-02T16:42:34.4444866Z         redirects back with no role found flash message
2024-03-02T16:42:34.8275042Z         redirects back with no organization_id flash message
2024-03-02T16:42:34.8275859Z     GET #new
2024-03-02T16:42:35.2281615Z       renders new template
2024-03-02T16:42:35.6410328Z       preloads organizations
2024-03-02T16:42:35.6411284Z     #add_role
2024-03-02T16:42:35.6412833Z       with errors
2024-03-02T16:42:36.0321755Z         should redirect back with error
2024-03-02T16:42:36.0322463Z       with no errors
2024-03-02T16:42:36.4195935Z         should call the service and redirect back
2024-03-02T16:42:36.4197144Z   When logged in as a non-admin user
2024-03-02T16:42:36.4198159Z     GET #new
2024-03-02T16:42:36.5996023Z       redirects
2024-03-02T16:42:36.5996744Z     POST #create
2024-03-02T16:42:36.7835036Z       redirects
2024-03-02T16:42:36.7835743Z   When logged in as an organization_admin
2024-03-02T16:42:36.7836774Z     GET #new
2024-03-02T16:42:36.9637627Z       redirects
2024-03-02T16:42:36.9638293Z     POST #create
2024-03-02T16:42:37.1517132Z       redirects
2024-03-02T16:42:37.1517663Z 
2024-03-02T16:42:37.1519954Z Purchases
2024-03-02T16:42:37.1520892Z   while signed in as a normal user
2024-03-02T16:42:37.1521984Z     When visiting the index page
2024-03-02T16:42:37.1522801Z       When filtering on the index page
2024-03-02T16:42:38.1771215Z         User can filter the #index by vendor
2024-03-02T16:42:39.1100451Z         User can filter the #index by storage location
2024-03-02T16:42:39.1101302Z         behaves like Date Range Picker
2024-03-02T16:42:39.1105333Z           when choosing 'All Time'
2024-03-02T16:42:40.0773933Z             shows all the records
2024-03-02T16:42:40.0774729Z           when choosing a date range that only includes the previous week
2024-03-02T16:42:40.9797571Z             shows only 1 record
2024-03-02T16:42:40.9798671Z           when choosing 'Last Month'
2024-03-02T16:42:41.9339359Z             shows only 2 of the records
2024-03-02T16:42:41.9340219Z       In the middle of the year
2024-03-02T16:42:42.7701049Z         User can click to the new purchase form
2024-03-02T16:42:43.5362523Z         User sees total purchases value
2024-03-02T16:42:44.2695669Z         User sees purchased date column
2024-03-02T16:42:44.2696546Z     When creating a new purchase
2024-03-02T16:42:44.7615822Z       should not display inactive storage locations in dropdown
2024-03-02T16:42:44.7616884Z       Editing purchase
2024-03-02T16:42:45.3734122Z         A user can view another organizations purchase
2024-03-02T16:42:45.8580976Z         A user can see purchased_from value
2024-03-02T16:42:45.8581882Z       via barcode entry
2024-03-02T16:42:46.7555936Z         User scan same barcode 2 times
2024-03-02T16:42:47.9591394Z         a user can add items that do not yet have a barcode
2024-03-02T16:42:48.6683686Z         a user can add items via scanning them in by barcode
2024-03-02T16:42:48.6684980Z       via manual entry
2024-03-02T16:42:49.8225816Z         multiple line items for the same item type are accepted and combined on the backend
2024-03-02T16:42:50.8080417Z         Does not include inactive items in the line item fields
2024-03-02T16:42:51.8731250Z         User can create a purchase IN THE PAST
2024-03-02T16:42:52.7510797Z         User can create a purchase using dollars decimal amount
2024-03-02T16:42:53.7890864Z         User can create vendor from purchase
2024-03-02T16:42:53.7891839Z         when creating a purchase incorrectly
2024-03-02T16:42:54.7649253Z           items dropdown is still repopulated even if initial submission doesn't validate
2024-03-02T16:42:55.6216374Z           should display failure with error messages
2024-03-02T16:42:55.6232463Z     When visiting an existing purchase
2024-03-02T16:42:56.1144917Z       does not allow deletion of a purchase
2024-03-02T16:42:56.1145886Z   while signed in as an organization admin
2024-03-02T16:42:56.9916458Z     allows deletion of a purchase
2024-03-02T16:42:56.9917062Z 
2024-03-02T16:42:56.9917741Z DonationSites
2024-03-02T16:42:56.9918654Z   while signed in
2024-03-02T16:42:56.9919714Z     GET #index
2024-03-02T16:42:56.9920812Z       html
2024-03-02T16:42:57.0366228Z         is expected to be successful
2024-03-02T16:42:57.0367247Z       csv
2024-03-02T16:42:57.0527231Z         is expected to be successful
2024-03-02T16:42:57.0528772Z 
2024-03-02T16:42:57.0529074Z Adjustments
2024-03-02T16:42:57.0530456Z   while signed in
2024-03-02T16:42:57.0531799Z     GET #new
2024-03-02T16:42:57.0985597Z       is successful
2024-03-02T16:42:57.0986245Z     POST #create
2024-03-02T16:42:57.0986873Z       with valid params
2024-03-02T16:42:57.1313542Z         assigns a newly created adjustment as @adjustment
2024-03-02T16:42:57.1579856Z         assigns a user id from the current user
2024-03-02T16:42:57.1877242Z         creates a new Adjustment
2024-03-02T16:42:57.2161393Z         redirects to the #show after created adjustment
2024-03-02T16:42:57.2162294Z       with invalid params
2024-03-02T16:42:57.2607358Z         assigns a newly created but unsaved adjustment as @adjustment
2024-03-02T16:42:57.3006212Z         re-renders the 'new' template
2024-03-02T16:42:57.3007242Z     GET #show
2024-03-02T16:42:57.3387934Z       is expected to be successful
2024-03-02T16:42:57.3388728Z     GET #index
2024-03-02T16:42:57.3389503Z       html
2024-03-02T16:42:57.3832291Z         is successful
2024-03-02T16:42:57.3833220Z         when filtering by date
2024-03-02T16:42:57.3833940Z           when date parameters are supplied
2024-03-02T16:42:57.4343904Z             only returns the correct objects
2024-03-02T16:42:57.4344941Z           when date parameters are not supplied
2024-03-02T16:42:57.4866173Z             returns all objects
2024-03-02T16:42:57.4866942Z       csv
2024-03-02T16:42:57.5113055Z         is expected to be successful
2024-03-02T16:42:57.5113805Z 
2024-03-02T16:42:57.5114110Z Account Requests Admin
2024-03-02T16:42:57.5115715Z   while signed in as a super admin
2024-03-02T16:42:57.5116984Z     user rejects an account request
2024-03-02T16:42:58.4696118Z       should reject the account
2024-03-02T16:42:58.4697172Z     user visits the for_rejection page
2024-03-02T16:42:59.4181412Z       should reject the account
2024-03-02T16:42:59.4182236Z     user visits the index page
2024-03-02T16:42:59.9308961Z       shows confirmed account requests within appropriate table
2024-03-02T16:43:00.4447502Z       shows unconfirmed account requests within appropriate table
2024-03-02T16:43:00.4450951Z 
2024-03-02T16:43:00.4451385Z /partners/dashboard
2024-03-02T16:43:00.5567909Z   displays upcoming distributions
2024-03-02T16:43:00.5569025Z   with both roles
2024-03-02T16:43:00.6153348Z     should include the switch link
2024-03-02T16:43:00.6154238Z   with just partner role
2024-03-02T16:43:00.6674344Z     should not display the switch link
2024-03-02T16:43:00.6674982Z   GET #index
2024-03-02T16:43:00.7349062Z     does not display requests in other states
2024-03-02T16:43:00.8054606Z     displays requests that are pending
2024-03-02T16:43:00.8055219Z   BroadcastAnnouncement card
2024-03-02T16:43:00.8670900Z     displays announcements if there are valid ones
2024-03-02T16:43:00.9220689Z     doesn't display announcements if there are not valid ones
2024-03-02T16:43:00.9750752Z     doesn't display announcements from super admins
2024-03-02T16:43:00.9751383Z 
2024-03-02T16:43:00.9751965Z /partners/users
2024-03-02T16:43:00.9752586Z   GET #edit
2024-03-02T16:43:01.0199970Z     successfully loads the page
2024-03-02T16:43:01.0201062Z   PATCH #update
2024-03-02T16:43:01.0590783Z     lets the name be updated
2024-03-02T16:43:01.0594474Z 
2024-03-02T16:43:01.0594902Z Dashboard
2024-03-02T16:43:01.0596416Z   With an existing essentials bank
2024-03-02T16:43:01.0598532Z     Purchases
2024-03-02T16:43:01.0603001Z       given 1 Purchase on 2024-02-24  (unless 'All Time'), 1 during 2024-02-25..2024-03-02, and 1 on 2024-03-03
2024-03-02T16:43:01.0604320Z         filtering to 'Last 7 Days'
2024-03-02T16:43:02.5787725Z           shows correct 1 Recent Purchase link(s)
2024-03-02T16:43:02.5789469Z       given 1 Purchase on 2024-01-31  (unless 'All Time'), 2 during 2024-02-01..2024-02-29, and 1 on 2024-03-01
2024-03-02T16:43:02.5790750Z         filtering to 'Last Month'
2024-03-02T16:43:03.9832704Z           shows correct 2 Recent Purchase link(s)
2024-03-02T16:43:03.9835003Z     Distributions
2024-03-02T16:43:03.9838381Z       given 1 Distribution on 2024-03-01  (unless 'All Time'), 3 during 2024-03-02..2024-03-02, and 1 on 2024-03-03
2024-03-02T16:43:03.9839761Z         filtering to 'Today'
2024-03-02T16:43:05.4764650Z           shows the correct total and 3 Recent Distribution link(s)
2024-03-02T16:43:05.4766632Z       given 1 Distribution on 2024-02-01  (unless 'All Time'), 1 during 2024-02-02..2024-03-02, and 1 on 2024-03-03
2024-03-02T16:43:05.4767915Z         filtering to 'Last 30 Days'
2024-03-02T16:43:06.9151961Z           shows the correct total and 1 Recent Distribution link(s)
2024-03-02T16:43:06.9155081Z       given 1 Distribution on 2022-03-01  (unless 'All Time'), 3 during 2022-03-02..2024-02-28, and 1 on 2024-02-29
2024-03-02T16:43:06.9156983Z         filtering to '' (March 2, 2022 - February 28, 2024)
2024-03-02T16:43:08.3732476Z           shows the correct total and 3 Recent Distribution link(s)
2024-03-02T16:43:08.3737273Z     Product Drives
2024-03-02T16:43:08.3741927Z       given 1 Product Drive Donation on 2024-01-31 (unless 'All Time'), 2 during 2024-02-01..2024-02-29, and 1 on 2024-03-01
2024-03-02T16:43:08.3743911Z         filtering to 'Last Month'
2024-03-02T16:43:09.8077075Z           shows the correct total money raised
2024-03-02T16:43:09.8078214Z       Product drive behaviour with Mixed Donation types
2024-03-02T16:43:10.5537748Z         only counts product drive money raised
2024-03-02T16:43:10.5539642Z       given 1 Product Drive Donation on 2024-02-29 (unless 'All Time'), 0 during 2024-03-01..2024-03-01, and 1 on 2024-03-02
2024-03-02T16:43:10.5541012Z         filtering to 'Yesterday'
2024-03-02T16:43:13.8860085Z           shows 0 Recent Donation link(s)
2024-03-02T16:43:15.3203923Z           shows the correct total donations
2024-03-02T16:43:15.3205899Z       given 1 Product Drive Donation on 2023-12-31 (unless 'All Time'), 3 during 2024-01-01..2024-12-31, and 1 on 2025-01-01
2024-03-02T16:43:15.3206982Z         filtering to 'This Year'
2024-03-02T16:43:16.8253006Z           shows 3 Recent Donation link(s)
2024-03-02T16:43:16.8254129Z     Manufacturer Donations
2024-03-02T16:43:16.8258558Z       given 1 Manufacturer donating on 2024-03-01  (unless 'All Time'), 0 during 2024-03-02..2024-03-02, and 1 on 2024-03-03
2024-03-02T16:43:16.8260796Z         filtering to 'Today'
2024-03-02T16:43:18.1809922Z           shows the correct total and 2 Top Manufacturer Donation link(s)
2024-03-02T16:43:18.1811691Z 
2024-03-02T16:43:18.1812022Z Vendor
2024-03-02T16:43:18.1813574Z   When vendor have purchases associated with them already
2024-03-02T16:43:18.7696755Z     can have a single vendor show semi-detailed stats about purchases
2024-03-02T16:43:19.3573224Z     can have existing vendors show in the #index with some summary stats
2024-03-02T16:43:19.3573979Z   when creating a new vendor
2024-03-02T16:43:20.0811495Z     cannot add a new vendor instance with empty attributes
2024-03-02T16:43:20.8966492Z     can create a new vendor instance as a user
2024-03-02T16:43:20.8967353Z   when editing an existing vendor
2024-03-02T16:43:21.6554868Z     can update the contact info for a vendor as a user
2024-03-02T16:43:22.4228130Z     does not update a vendor with empty attributes
2024-03-02T16:43:22.4228849Z   When a user views the index page
2024-03-02T16:43:22.8904042Z     should have the vendor names in alphabetical order
2024-03-02T16:43:22.8904937Z 
2024-03-02T16:43:22.8905177Z /partners/profiles
2024-03-02T16:43:22.8907272Z   basic
2024-03-02T16:43:22.8908420Z     GET #edit
2024-03-02T16:43:23.3196958Z       displays the partner area served entry if there are no partials specified for the organization
2024-03-02T16:43:23.3198460Z     on show
2024-03-02T16:43:23.5517736Z       displays the partner area served entry if there are no partials specified for the organization
2024-03-02T16:43:23.7696990Z       handles empty county list
2024-03-02T16:43:23.7698321Z   partial (area served) absence when only other partials specified
2024-03-02T16:43:23.7699289Z     on edit
2024-03-02T16:43:23.9972163Z       does not display the client share if only other partials are specified
2024-03-02T16:43:23.9972968Z     on show
2024-03-02T16:43:24.2185535Z       does not display the client share if only other partials are specified
2024-03-02T16:43:24.2187071Z   partial (area_served) presence when that partial specified
2024-03-02T16:43:24.2187712Z     on show
2024-03-02T16:43:24.4432059Z       handles empty county list
2024-03-02T16:43:24.6653492Z       displays the area served if specified
2024-03-02T16:43:24.6654111Z       full_county_list
2024-03-02T16:43:24.9040023Z         displays the counties
2024-03-02T16:43:24.9040783Z     on edit
2024-03-02T16:43:25.1371470Z       displays the area served if specified
2024-03-02T16:43:25.1372352Z       full_county_list
2024-03-02T16:43:25.3736640Z         has the right total
2024-03-02T16:43:25.6182178Z         displays the counties
2024-03-02T16:43:25.6183443Z 
2024-03-02T16:43:25.6183749Z Vendors
2024-03-02T16:43:25.6185430Z   While not signed in
2024-03-02T16:43:25.6247349Z     redirects the user to the sign-in page for CRUD actions
2024-03-02T16:43:25.6248061Z   While signed in
2024-03-02T16:43:25.6249134Z     GET #edit
2024-03-02T16:43:25.6556169Z       returns http success
2024-03-02T16:43:25.6557099Z     GET #new
2024-03-02T16:43:25.6831963Z       returns http success
2024-03-02T16:43:25.6832656Z     GET #index
2024-03-02T16:43:25.6833254Z       csv
2024-03-02T16:43:25.6990064Z         is expected to be successful
2024-03-02T16:43:25.6990771Z       html
2024-03-02T16:43:25.7355621Z         is expected to be successful
2024-03-02T16:43:25.7356415Z     GET #show
2024-03-02T16:43:25.7649485Z       returns http success
2024-03-02T16:43:25.7650157Z     when on vendors index page
2024-03-02T16:43:25.7926072Z       has the correct import type
2024-03-02T16:43:25.7927078Z     Looking at a different organization
2024-03-02T16:43:25.9674916Z       redirects the user to the sign-in page for CRUD actions
2024-03-02T16:43:25.9675615Z     XHR #create
2024-03-02T16:43:26.0005523Z       flash error
2024-03-02T16:43:26.0317917Z       successful create
2024-03-02T16:43:26.0319059Z     POST #create
2024-03-02T16:43:26.0470381Z       successful create
2024-03-02T16:43:26.0788634Z       flash error
2024-03-02T16:43:26.0789482Z     POST #import_csv
2024-03-02T16:43:26.0790109Z       csv file with wrong headers
2024-03-02T16:43:26.0937358Z         redirects
2024-03-02T16:43:26.1065110Z         presents a flash error message
2024-03-02T16:43:26.1065688Z       with a csv file
2024-03-02T16:43:26.1119410Z         invokes .import_csv
2024-03-02T16:43:26.1312752Z         redirects
2024-03-02T16:43:26.1502154Z         presents a flash notice message
2024-03-02T16:43:26.1502909Z       without a csv file
2024-03-02T16:43:26.1620737Z         redirects to :index
2024-03-02T16:43:26.1734993Z         presents a flash error message
2024-03-02T16:43:26.1735960Z     DELETE #destroy
2024-03-02T16:43:26.1838510Z       does not have a route for this
2024-03-02T16:43:26.1840198Z 
2024-03-02T16:43:26.1840541Z Organizations
2024-03-02T16:43:26.1842154Z   While signed in as an organization admin
2024-03-02T16:43:26.1843770Z     PUT #deactivate_user
2024-03-02T16:43:26.2003581Z       redirect after update
2024-03-02T16:43:26.2175988Z       deactivates the user
2024-03-02T16:43:26.2176822Z     when attempting to access a different organization
2024-03-02T16:43:26.2177742Z       POST #promote_to_org_admin
2024-03-02T16:43:26.4281433Z         redirects after update
2024-03-02T16:43:26.4282220Z       GET #edit
2024-03-02T16:43:26.6543903Z         shows your own anyway
2024-03-02T16:43:26.6544478Z       GET #show
2024-03-02T16:43:26.8792021Z         shows your own anyway
2024-03-02T16:43:26.8792716Z     PUT #reactivate_user
2024-03-02T16:43:26.8984098Z       redirect after update
2024-03-02T16:43:26.9179783Z       reactivates the user
2024-03-02T16:43:26.9180512Z     POST #promote_to_org_admin
2024-03-02T16:43:26.9410706Z       runs successfully
2024-03-02T16:43:26.9411362Z     GET #edit
2024-03-02T16:43:26.9842148Z       is expected to render template matcher "edit"
2024-03-02T16:43:27.0260344Z       is expected to be successful
2024-03-02T16:43:27.0766762Z       initializing the given organization
2024-03-02T16:43:27.0767782Z     POST #demote_to_user
2024-03-02T16:43:27.1155866Z       runs correctly
2024-03-02T16:43:27.1156487Z     PATCH #update
2024-03-02T16:43:27.1355767Z       can update name
2024-03-02T16:43:27.1533112Z       should be redirect after update
2024-03-02T16:43:27.1534203Z       when organization can not be updated
2024-03-02T16:43:27.2024513Z         renders edit template with an error message
2024-03-02T16:43:27.2025680Z   When signed in as a super admin
2024-03-02T16:43:27.2026900Z     POST #demote_to_user
2024-03-02T16:43:27.2395851Z       runs successfully
2024-03-02T16:43:27.2396642Z     PUT #deactivate_user
2024-03-02T16:43:27.2570580Z       redirect after update
2024-03-02T16:43:27.2747636Z       deactivates the user
2024-03-02T16:43:27.2748610Z     POST #promote_to_org_admin
2024-03-02T16:43:27.2976712Z       runs successfully
2024-03-02T16:43:27.2977377Z     PUT #reactivate_user
2024-03-02T16:43:27.3152904Z       redirect after update
2024-03-02T16:43:27.3345092Z       reactivates the user
2024-03-02T16:43:27.3345845Z   While signed in as a normal user
2024-03-02T16:43:27.3347042Z     GET #show
2024-03-02T16:43:27.3779384Z       load the current organization
2024-03-02T16:43:27.4211352Z       is expected to be successful
2024-03-02T16:43:27.4212136Z     GET #edit
2024-03-02T16:43:27.4336691Z       is expected to redirect to "/db_1/dashboard"
2024-03-02T16:43:27.4457617Z       is expected to have error
2024-03-02T16:43:27.4458353Z     PATCH #update
2024-03-02T16:43:27.4576913Z       is expected to redirect to "/db_1/dashboard"
2024-03-02T16:43:27.4697110Z       is expected to have error
2024-03-02T16:43:27.4698132Z 
2024-03-02T16:43:27.4698364Z Audit management
2024-03-02T16:43:27.4700142Z   while signed in as a normal user
2024-03-02T16:43:28.0547618Z     should not be able to visit the audits #new page
2024-03-02T16:43:28.6359840Z     should not be able to visit the audits #index page
2024-03-02T16:43:29.2163811Z     should not be able to visit the audits #edit page
2024-03-02T16:43:29.8093733Z     should not be able to visit the audits #show page
2024-03-02T16:43:29.8094884Z   while signed in as an organization admin
2024-03-02T16:43:29.8095716Z     with an existing audit
2024-03-02T16:43:30.6394250Z       should be able to resume the audit that is in progress
2024-03-02T16:43:31.6035396Z       should be able to confirm the audit from the #edit page
2024-03-02T16:43:32.3874544Z       should be able to delete the audit that is in progress
2024-03-02T16:43:32.3875468Z     with a confirmed audit
2024-03-02T16:43:33.2270995Z       is able to finalize the audit
2024-03-02T16:43:33.7395524Z       should be able to edit the audit that is confirmed
2024-03-02T16:43:34.5300730Z       User can delete the audit that is confirmed
2024-03-02T16:43:34.5301600Z       Finalizing an audit
2024-03-02T16:43:35.3618978Z         should not be able to delete the audit that is finalized
2024-03-02T16:43:36.4202075Z         is immutable
2024-03-02T16:43:37.2389221Z         creates an adjustment with the differential
2024-03-02T16:43:37.2389876Z         with a storage location containing multiple items
2024-03-02T16:43:38.2683729Z           creates an adjustment with the differential of only the audited item
2024-03-02T16:43:38.2684952Z     when starting a new audit
2024-03-02T16:43:39.0180632Z       does not display quantities in line-item drop down selector
2024-03-02T16:43:39.8382426Z       *Does* include inactive items in the line item fields
2024-03-02T16:43:39.8383729Z     when viewing the audits index
2024-03-02T16:43:40.6720592Z       should be able to filter the #index by storage location
2024-03-02T16:43:41.7655361Z       should be able to save progress of an audit
2024-03-02T16:43:42.8853931Z       should be able to confirm the audit from the #new page
2024-03-02T16:43:43.3409229Z 
2024-03-02T16:43:43.3410825Z Finished in 1 minute 39.76 seconds (files took 8.18 seconds to load)
2024-03-02T16:43:43.3411901Z 194 examples, 0 failures
2024-03-02T16:43:43.3412288Z 
2024-03-02T16:43:43.3474608Z Randomized with seed 43623
2024-03-02T16:43:43.3475058Z 
2024-03-02T16:43:43.8346521Z Coverage report generated for RSpec to /home/runner/work/human-essentials/human-essentials/coverage. 3593 / 6427 LOC (55.9%) covered.
2024-03-02T16:43:44.3311989Z Coverage report generated for RSpec to /home/runner/work/human-essentials/human-essentials/coverage. 38 / 10679 LOC (0.36%) covered.
2024-03-02T16:43:44.3877175Z Post job cleanup.
2024-03-02T16:43:44.4895558Z [command]/usr/bin/git version
2024-03-02T16:43:44.4952033Z git version 2.43.2
2024-03-02T16:43:44.4992757Z Temporarily overriding HOME='/home/runner/work/_temp/ef707940-758f-4bff-9dcc-6b9247643bdf' before making global git config changes
2024-03-02T16:43:44.4994312Z Adding repository directory to the temporary git global config as a safe directory
2024-03-02T16:43:44.4998573Z [command]/usr/bin/git config --global --add safe.directory /home/runner/work/human-essentials/human-essentials
2024-03-02T16:43:44.5040033Z [command]/usr/bin/git config --local --name-only --get-regexp core\.sshCommand
2024-03-02T16:43:44.5080383Z [command]/usr/bin/git submodule foreach --recursive sh -c "git config --local --name-only --get-regexp 'core\.sshCommand' && git config --local --unset-all 'core.sshCommand' || :"
2024-03-02T16:43:44.5321789Z [command]/usr/bin/git config --local --name-only --get-regexp http\.https\:\/\/github\.com\/\.extraheader
2024-03-02T16:43:44.5353355Z http.https://github.com/.extraheader
2024-03-02T16:43:44.5363320Z [command]/usr/bin/git config --local --unset-all http.https://github.com/.extraheader
2024-03-02T16:43:44.5402687Z [command]/usr/bin/git submodule foreach --recursive sh -c "git config --local --name-only --get-regexp 'http\.https\:\/\/github\.com\/\.extraheader' && git config --local --unset-all 'http.https://github.com/.extraheader' || :"
2024-03-02T16:43:44.5793028Z Print service container logs: 838d7180f8f34a88a48397a98f3b3f6e_postgres123_219a0d
2024-03-02T16:43:44.5798177Z ##[command]/usr/bin/docker logs --details 4ca91a9773be12d987731422e86d7418322e6d5055360ddae6afd8a20b0a66f2
2024-03-02T16:43:44.5924647Z  The files belonging to this database system will be owned by user "postgres".
2024-03-02T16:43:44.5926038Z  This user must also own the server process.
2024-03-02T16:43:44.5926921Z  
2024-03-02T16:43:44.5927613Z  The database cluster will be initialized with locale "en_US.utf8".
2024-03-02T16:43:44.5928289Z  The default database encoding has accordingly been set to "UTF8".
2024-03-02T16:43:44.5929264Z  The default text search configuration will be set to "english".
2024-03-02T16:43:44.5929749Z  
2024-03-02T16:43:44.5930109Z  Data page checksums are disabled.
2024-03-02T16:43:44.5930419Z  
2024-03-02T16:43:44.5930789Z  fixing permissions on existing directory /var/lib/postgresql/data ... ok
2024-03-02T16:43:44.5931477Z  creating subdirectories ... ok
2024-03-02T16:43:44.5932096Z  selecting dynamic shared memory implementation ... posix
2024-03-02T16:43:44.5932833Z  selecting default max_connections ... 100
2024-03-02T16:43:44.5933217Z  selecting default shared_buffers ... 128MB
2024-03-02T16:43:44.5933580Z  selecting default time zone ... Etc/UTC
2024-03-02T16:43:44.5933928Z  creating configuration files ... ok
2024-03-02T16:43:44.5935505Z  initdb: warning: enabling "trust" authentication for local connections
2024-03-02T16:43:44.5936150Z  You can change this by editing pg_hba.conf or using the option -A, or
2024-03-02T16:43:44.5936721Z  --auth-local and --auth-host, the next time you run initdb.
2024-03-02T16:43:44.5937622Z  2024-03-02 16:40:22.944 UTC [1] LOG:  starting PostgreSQL 12.3 (Debian 12.3-1.pgdg100+1) on x86_64-pc-linux-gnu, compiled by gcc (Debian 8.3.0-6) 8.3.0, 64-bit
2024-03-02T16:43:44.5938565Z  2024-03-02 16:40:22.945 UTC [1] LOG:  listening on IPv4 address "0.0.0.0", port 5432
2024-03-02T16:43:44.5939206Z  2024-03-02 16:40:22.945 UTC [1] LOG:  listening on IPv6 address "::", port 5432
2024-03-02T16:43:44.5939905Z  2024-03-02 16:40:22.946 UTC [1] LOG:  listening on Unix socket "/var/run/postgresql/.s.PGSQL.5432"
2024-03-02T16:43:44.5940653Z  2024-03-02 16:40:22.956 UTC [55] LOG:  database system was shut down at 2024-03-02 16:40:22 UTC
2024-03-02T16:43:44.5941339Z  2024-03-02 16:40:22.961 UTC [1] LOG:  database system is ready to accept connections
2024-03-02T16:43:44.5941933Z  2024-03-02 16:40:32.074 UTC [69] FATAL:  role "root" does not exist
2024-03-02T16:43:44.5942465Z  2024-03-02 16:40:42.156 UTC [77] FATAL:  role "root" does not exist
2024-03-02T16:43:44.5943176Z  2024-03-02 16:40:52.253 UTC [85] FATAL:  role "root" does not exist
2024-03-02T16:43:44.5944200Z  2024-03-02 16:40:53.522 UTC [86] FATAL:  database "diaper_test" does not exist
2024-03-02T16:43:44.5945379Z  2024-03-02 16:41:00.304 UTC [88] ERROR:  relation "flipper_gates" does not exist at character 491
2024-03-02T16:43:44.5946170Z  2024-03-02 16:41:00.304 UTC [88] STATEMENT:  SELECT a.attname, format_type(a.atttypid, a.atttypmod),
2024-03-02T16:43:44.5946889Z  	       pg_get_expr(d.adbin, d.adrelid), a.attnotnull, a.atttypid, a.atttypmod,
2024-03-02T16:43:44.5947487Z  	       c.collname, col_description(a.attrelid, a.attnum) AS comment,
2024-03-02T16:43:44.5947928Z  	       attgenerated as attgenerated
2024-03-02T16:43:44.5948255Z  	  FROM pg_attribute a
2024-03-02T16:43:44.5948679Z  	  LEFT JOIN pg_attrdef d ON a.attrelid = d.adrelid AND a.attnum = d.adnum
2024-03-02T16:43:44.5949183Z  	  LEFT JOIN pg_type t ON a.atttypid = t.oid
2024-03-02T16:43:44.5949751Z  	  LEFT JOIN pg_collation c ON a.attcollation = c.oid AND a.attcollation <> t.typcollation
2024-03-02T16:43:44.5950324Z  	 WHERE a.attrelid = '"flipper_gates"'::regclass
2024-03-02T16:43:44.5950726Z  	   AND a.attnum > 0 AND NOT a.attisdropped
2024-03-02T16:43:44.5951077Z  	 ORDER BY a.attnum
2024-03-02T16:43:44.5951323Z  	
2024-03-02T16:43:44.5951953Z  2024-03-02 16:41:02.337 UTC [97] FATAL:  role "root" does not exist
2024-03-02T16:43:44.5952600Z  2024-03-02 16:41:12.413 UTC [106] FATAL:  role "root" does not exist
2024-03-02T16:43:44.5953294Z  2024-03-02 16:41:22.503 UTC [114] FATAL:  role "root" does not exist
2024-03-02T16:43:44.5953828Z  2024-03-02 16:41:32.592 UTC [123] FATAL:  role "root" does not exist
2024-03-02T16:43:44.5954359Z  2024-03-02 16:41:42.670 UTC [132] FATAL:  role "root" does not exist
2024-03-02T16:43:44.5954892Z  2024-03-02 16:41:52.752 UTC [142] FATAL:  role "root" does not exist
2024-03-02T16:43:44.5955419Z  2024-03-02 16:42:02.844 UTC [153] FATAL:  role "root" does not exist
2024-03-02T16:43:44.5955939Z  2024-03-02 16:42:12.926 UTC [162] FATAL:  role "root" does not exist
2024-03-02T16:43:44.5956461Z  2024-03-02 16:42:23.023 UTC [170] FATAL:  role "root" does not exist
2024-03-02T16:43:44.5956979Z  2024-03-02 16:42:33.109 UTC [179] FATAL:  role "root" does not exist
2024-03-02T16:43:44.5957494Z  2024-03-02 16:42:43.202 UTC [186] FATAL:  role "root" does not exist
2024-03-02T16:43:44.5958009Z  2024-03-02 16:42:53.295 UTC [194] FATAL:  role "root" does not exist
2024-03-02T16:43:44.5958523Z  2024-03-02 16:43:03.366 UTC [203] FATAL:  role "root" does not exist
2024-03-02T16:43:44.5959040Z  2024-03-02 16:43:13.447 UTC [211] FATAL:  role "root" does not exist
2024-03-02T16:43:44.5959551Z  2024-03-02 16:43:23.529 UTC [218] FATAL:  role "root" does not exist
2024-03-02T16:43:44.5960063Z  2024-03-02 16:43:33.624 UTC [227] FATAL:  role "root" does not exist
2024-03-02T16:43:44.5960573Z  2024-03-02 16:43:43.731 UTC [235] FATAL:  role "root" does not exist
2024-03-02T16:43:44.5961010Z  running bootstrap script ... ok
2024-03-02T16:43:44.5961377Z  performing post-bootstrap initialization ... ok
2024-03-02T16:43:44.5961754Z  syncing data to disk ... ok
2024-03-02T16:43:44.5962024Z  
2024-03-02T16:43:44.5962213Z  
2024-03-02T16:43:44.5962495Z  Success. You can now start the database server using:
2024-03-02T16:43:44.5962872Z  
2024-03-02T16:43:44.5963151Z      pg_ctl -D /var/lib/postgresql/data -l logfile start
2024-03-02T16:43:44.5963509Z  
2024-03-02T16:43:44.5964321Z  waiting for server to start....2024-03-02 16:40:22.741 UTC [46] LOG:  starting PostgreSQL 12.3 (Debian 12.3-1.pgdg100+1) on x86_64-pc-linux-gnu, compiled by gcc (Debian 8.3.0-6) 8.3.0, 64-bit
2024-03-02T16:43:44.5965460Z  2024-03-02 16:40:22.742 UTC [46] LOG:  listening on Unix socket "/var/run/postgresql/.s.PGSQL.5432"
2024-03-02T16:43:44.5966206Z  2024-03-02 16:40:22.753 UTC [47] LOG:  database system was shut down at 2024-03-02 16:40:22 UTC
2024-03-02T16:43:44.5966895Z  2024-03-02 16:40:22.757 UTC [46] LOG:  database system is ready to accept connections
2024-03-02T16:43:44.5967372Z   done
2024-03-02T16:43:44.5967579Z  server started
2024-03-02T16:43:44.5967802Z  
2024-03-02T16:43:44.5968196Z  /usr/local/bin/docker-entrypoint.sh: ignoring /docker-entrypoint-initdb.d/*
2024-03-02T16:43:44.5969037Z  
2024-03-02T16:43:44.5969364Z  2024-03-02 16:40:22.834 UTC [46] LOG:  received fast shutdown request
2024-03-02T16:43:44.5970068Z  waiting for server to shut down....2024-03-02 16:40:22.834 UTC [46] LOG:  aborting any active transactions
2024-03-02T16:43:44.5970970Z  2024-03-02 16:40:22.836 UTC [46] LOG:  background worker "logical replication launcher" (PID 53) exited with exit code 1
2024-03-02T16:43:44.5971686Z  2024-03-02 16:40:22.836 UTC [48] LOG:  shutting down
2024-03-02T16:43:44.5972165Z  2024-03-02 16:40:22.843 UTC [46] LOG:  database system is shut down
2024-03-02T16:43:44.5972576Z   done
2024-03-02T16:43:44.5972780Z  server stopped
2024-03-02T16:43:44.5973001Z  
2024-03-02T16:43:44.5973284Z  PostgreSQL init process complete; ready for start up.
2024-03-02T16:43:44.5973655Z  
2024-03-02T16:43:44.5980087Z Stop and remove container: 838d7180f8f34a88a48397a98f3b3f6e_postgres123_219a0d
2024-03-02T16:43:44.5985639Z ##[command]/usr/bin/docker rm --force 4ca91a9773be12d987731422e86d7418322e6d5055360ddae6afd8a20b0a66f2
2024-03-02T16:43:44.8081555Z 4ca91a9773be12d987731422e86d7418322e6d5055360ddae6afd8a20b0a66f2
2024-03-02T16:43:44.8109815Z Remove container network: github_network_68561c60c2de43ccaaf3236570b38f68
2024-03-02T16:43:44.8117305Z ##[command]/usr/bin/docker network rm github_network_68561c60c2de43ccaaf3236570b38f68
2024-03-02T16:43:45.0549627Z github_network_68561c60c2de43ccaaf3236570b38f68
2024-03-02T16:43:45.0713369Z Cleaning up orphan processes
