2024-03-02T16:38:23.0055690Z Requested labels: ubuntu-latest
2024-03-02T16:38:23.0056003Z Job defined at: rubyforgood/human-essentials/.github/workflows/rspec-system-events.yml@refs/pull/4011/merge
2024-03-02T16:38:23.0056118Z Waiting for a runner to pick up this job...
2024-03-02T16:40:11.0727753Z Job is waiting for a hosted runner to come online.
2024-03-02T16:40:13.9895465Z Job is about to start running on the hosted runner: GitHub Actions 16 (hosted)
2024-03-02T16:40:16.5281765Z Current runner version: '2.313.0'
2024-03-02T16:40:16.5305604Z ##[group]Operating System
2024-03-02T16:40:16.5306386Z Ubuntu
2024-03-02T16:40:16.5306755Z 22.04.4
2024-03-02T16:40:16.5307045Z LTS
2024-03-02T16:40:16.5307461Z ##[endgroup]
2024-03-02T16:40:16.5307882Z ##[group]Runner Image
2024-03-02T16:40:16.5308379Z Image: ubuntu-22.04
2024-03-02T16:40:16.5308749Z Version: 20240225.1.0
2024-03-02T16:40:16.5309755Z Included Software: https://github.com/actions/runner-images/blob/ubuntu22/20240225.1/images/ubuntu/Ubuntu2204-Readme.md
2024-03-02T16:40:16.5311265Z Image Release: https://github.com/actions/runner-images/releases/tag/ubuntu22%2F20240225.1
2024-03-02T16:40:16.5312144Z ##[endgroup]
2024-03-02T16:40:16.5312510Z ##[group]Runner Image Provisioner
2024-03-02T16:40:16.5313078Z 2.0.347.1
2024-03-02T16:40:16.5313442Z ##[endgroup]
2024-03-02T16:40:16.5315554Z ##[group]GITHUB_TOKEN Permissions
2024-03-02T16:40:16.5317233Z Actions: write
2024-03-02T16:40:16.5317685Z Checks: write
2024-03-02T16:40:16.5318344Z Contents: write
2024-03-02T16:40:16.5318805Z Deployments: write
2024-03-02T16:40:16.5319331Z Discussions: write
2024-03-02T16:40:16.5319696Z Issues: write
2024-03-02T16:40:16.5320067Z Metadata: read
2024-03-02T16:40:16.5320524Z Packages: write
2024-03-02T16:40:16.5320884Z Pages: write
2024-03-02T16:40:16.5321272Z PullRequests: write
2024-03-02T16:40:16.5321778Z RepositoryProjects: write
2024-03-02T16:40:16.5322256Z SecurityEvents: write
2024-03-02T16:40:16.5322634Z Statuses: write
2024-03-02T16:40:16.5323095Z ##[endgroup]
2024-03-02T16:40:16.5325977Z Secret source: Actions
2024-03-02T16:40:16.5326591Z Prepare workflow directory
2024-03-02T16:40:16.6190835Z Prepare all required actions
2024-03-02T16:40:16.6346540Z Getting action download info
2024-03-02T16:40:16.8379507Z Download action repository 'actions/checkout@v2' (SHA:ee0669bd1cc54295c223e0bb666b733df41de1c5)
2024-03-02T16:40:16.9695960Z Download action repository 'ruby/setup-ruby@v1' (SHA:d4526a55538b775af234ba4af27118ed6f8f6677)
2024-03-02T16:40:17.7769902Z Download action repository 'actions/upload-artifact@v2' (SHA:82c141cc518b40d92cc801eee768e7aafc9c2fa2)
2024-03-02T16:40:17.9286007Z Complete job name: rspec-system-events (6, 4)
2024-03-02T16:40:17.9945097Z ##[group]Checking docker version
2024-03-02T16:40:17.9959029Z ##[command]/usr/bin/docker version --format '{{.Server.APIVersion}}'
2024-03-02T16:40:18.0476071Z '1.43'
2024-03-02T16:40:18.0490081Z Docker daemon API version: '1.43'
2024-03-02T16:40:18.0490902Z ##[command]/usr/bin/docker version --format '{{.Client.APIVersion}}'
2024-03-02T16:40:18.0658891Z '1.43'
2024-03-02T16:40:18.0671300Z Docker client API version: '1.43'
2024-03-02T16:40:18.0676268Z ##[endgroup]
2024-03-02T16:40:18.0679293Z ##[group]Clean up resources from previous jobs
2024-03-02T16:40:18.0685076Z ##[command]/usr/bin/docker ps --all --quiet --no-trunc --filter "label=481f0e"
2024-03-02T16:40:18.0824945Z ##[command]/usr/bin/docker network prune --force --filter "label=481f0e"
2024-03-02T16:40:18.0946605Z ##[endgroup]
2024-03-02T16:40:18.0947088Z ##[group]Create local container network
2024-03-02T16:40:18.0956659Z ##[command]/usr/bin/docker network create --label 481f0e github_network_e64c2aa927fb4f7780d78418077e06a6
2024-03-02T16:40:18.1909389Z 1dfddcefa17617b780e42be9218f4ae4728e871a51fd58ee90b60e5647c9aadd
2024-03-02T16:40:18.1927170Z ##[endgroup]
2024-03-02T16:40:18.2004476Z ##[group]Starting db service container
2024-03-02T16:40:18.2021876Z ##[command]/usr/bin/docker pull postgres:12.3
2024-03-02T16:40:19.1263317Z 12.3: Pulling from library/postgres
2024-03-02T16:40:19.3335516Z bf5952930446: Pulling fs layer
2024-03-02T16:40:19.3336023Z 9577476abb00: Pulling fs layer
2024-03-02T16:40:19.3336445Z 2bd105512d5c: Pulling fs layer
2024-03-02T16:40:19.3337056Z b1cd21c26e81: Pulling fs layer
2024-03-02T16:40:19.3337415Z 34a7c86cf8fc: Pulling fs layer
2024-03-02T16:40:19.3337807Z 274e7b0c38d5: Pulling fs layer
2024-03-02T16:40:19.3338298Z 3e831b350d37: Pulling fs layer
2024-03-02T16:40:19.3338674Z 38fa0d496534: Pulling fs layer
2024-03-02T16:40:19.3339346Z 31a8349609a4: Pulling fs layer
2024-03-02T16:40:19.3339839Z 14e4c2a4b7b7: Pulling fs layer
2024-03-02T16:40:19.3340219Z 964acfa02beb: Pulling fs layer
2024-03-02T16:40:19.3340599Z 31b1f20dffc0: Pulling fs layer
2024-03-02T16:40:19.3341036Z b1cd21c26e81: Waiting
2024-03-02T16:40:19.3341376Z 34a7c86cf8fc: Waiting
2024-03-02T16:40:19.3341798Z 14771c2930e9: Pulling fs layer
2024-03-02T16:40:19.3342132Z 274e7b0c38d5: Waiting
2024-03-02T16:40:19.3342494Z 2f30edd0ce8a: Pulling fs layer
2024-03-02T16:40:19.3342945Z 3e831b350d37: Waiting
2024-03-02T16:40:19.3343269Z 38fa0d496534: Waiting
2024-03-02T16:40:19.3343583Z 31a8349609a4: Waiting
2024-03-02T16:40:19.3343964Z 964acfa02beb: Waiting
2024-03-02T16:40:19.3344290Z 14e4c2a4b7b7: Waiting
2024-03-02T16:40:19.3344593Z 31b1f20dffc0: Waiting
2024-03-02T16:40:19.3344984Z 2f30edd0ce8a: Waiting
2024-03-02T16:40:19.6146411Z 2bd105512d5c: Verifying Checksum
2024-03-02T16:40:19.6147393Z 2bd105512d5c: Download complete
2024-03-02T16:40:19.7288643Z 9577476abb00: Verifying Checksum
2024-03-02T16:40:19.7289855Z 9577476abb00: Download complete
2024-03-02T16:40:19.9780793Z b1cd21c26e81: Download complete
2024-03-02T16:40:20.0084872Z bf5952930446: Verifying Checksum
2024-03-02T16:40:20.0086265Z bf5952930446: Download complete
2024-03-02T16:40:20.1283797Z 34a7c86cf8fc: Verifying Checksum
2024-03-02T16:40:20.1285061Z 34a7c86cf8fc: Download complete
2024-03-02T16:40:20.2927544Z 274e7b0c38d5: Verifying Checksum
2024-03-02T16:40:20.2929747Z 274e7b0c38d5: Download complete
2024-03-02T16:40:20.2978519Z 3e831b350d37: Verifying Checksum
2024-03-02T16:40:20.2979344Z 3e831b350d37: Download complete
2024-03-02T16:40:20.3994183Z 38fa0d496534: Verifying Checksum
2024-03-02T16:40:20.3994980Z 38fa0d496534: Download complete
2024-03-02T16:40:20.5677841Z 14e4c2a4b7b7: Verifying Checksum
2024-03-02T16:40:20.5678610Z 14e4c2a4b7b7: Download complete
2024-03-02T16:40:20.6651376Z 964acfa02beb: Download complete
2024-03-02T16:40:20.8459187Z 31b1f20dffc0: Verifying Checksum
2024-03-02T16:40:20.8460389Z 31b1f20dffc0: Download complete
2024-03-02T16:40:20.9430998Z 14771c2930e9: Verifying Checksum
2024-03-02T16:40:20.9432308Z 14771c2930e9: Download complete
2024-03-02T16:40:21.1251845Z 2f30edd0ce8a: Download complete
2024-03-02T16:40:21.1986888Z bf5952930446: Pull complete
2024-03-02T16:40:21.2520997Z 31a8349609a4: Verifying Checksum
2024-03-02T16:40:21.2521818Z 31a8349609a4: Download complete
2024-03-02T16:40:21.5370993Z 9577476abb00: Pull complete
2024-03-02T16:40:21.5550306Z 2bd105512d5c: Pull complete
2024-03-02T16:40:21.6035634Z b1cd21c26e81: Pull complete
2024-03-02T16:40:21.9309640Z 34a7c86cf8fc: Pull complete
2024-03-02T16:40:21.9674970Z 274e7b0c38d5: Pull complete
2024-03-02T16:40:21.9760536Z 3e831b350d37: Pull complete
2024-03-02T16:40:21.9850455Z 38fa0d496534: Pull complete
2024-03-02T16:40:24.2564189Z 31a8349609a4: Pull complete
2024-03-02T16:40:24.2691466Z 14e4c2a4b7b7: Pull complete
2024-03-02T16:40:24.2811883Z 964acfa02beb: Pull complete
2024-03-02T16:40:24.2928386Z 31b1f20dffc0: Pull complete
2024-03-02T16:40:24.3054599Z 14771c2930e9: Pull complete
2024-03-02T16:40:24.3148249Z 2f30edd0ce8a: Pull complete
2024-03-02T16:40:24.3193438Z Digest: sha256:a06e6e6e519b7a329c419f8221edec66cfc45511e8b80e262c12103ba745cf19
2024-03-02T16:40:24.3204275Z Status: Downloaded newer image for postgres:12.3
2024-03-02T16:40:24.3215480Z docker.io/library/postgres:12.3
2024-03-02T16:40:24.3317358Z ##[command]/usr/bin/docker create --name f50420d82c064698bfd8b8ec9090ce92_postgres123_c1c231 --label 481f0e --network github_network_e64c2aa927fb4f7780d78418077e06a6 --network-alias db -p 5432:5432 --health-cmd pg_isready --health-interval 10s --health-timeout 5s --health-retries 5 -e "POSTGRES_PASSWORD=password" -e GITHUB_ACTIONS=true -e CI=true postgres:12.3
2024-03-02T16:40:24.3582546Z f89046f2bf54052e2b570ab8a1c687990b0628866d6dd9dbe5f81ea7996c157c
2024-03-02T16:40:24.3604536Z ##[command]/usr/bin/docker start f89046f2bf54052e2b570ab8a1c687990b0628866d6dd9dbe5f81ea7996c157c
2024-03-02T16:40:24.6011452Z f89046f2bf54052e2b570ab8a1c687990b0628866d6dd9dbe5f81ea7996c157c
2024-03-02T16:40:24.6030523Z ##[command]/usr/bin/docker ps --all --filter id=f89046f2bf54052e2b570ab8a1c687990b0628866d6dd9dbe5f81ea7996c157c --filter status=running --no-trunc --format "{{.ID}} {{.Status}}"
2024-03-02T16:40:24.6153810Z f89046f2bf54052e2b570ab8a1c687990b0628866d6dd9dbe5f81ea7996c157c Up Less than a second (health: starting)
2024-03-02T16:40:24.6179587Z ##[command]/usr/bin/docker port f89046f2bf54052e2b570ab8a1c687990b0628866d6dd9dbe5f81ea7996c157c
2024-03-02T16:40:24.6307581Z 5432/tcp -> 0.0.0.0:5432
2024-03-02T16:40:24.6308667Z 5432/tcp -> [::]:5432
2024-03-02T16:40:24.6384385Z ##[endgroup]
2024-03-02T16:40:24.6410020Z ##[group]Waiting for all services to be ready
2024-03-02T16:40:24.6445789Z ##[command]/usr/bin/docker inspect --format="{{if .Config.Healthcheck}}{{print .State.Health.Status}}{{end}}" f89046f2bf54052e2b570ab8a1c687990b0628866d6dd9dbe5f81ea7996c157c
2024-03-02T16:40:24.6580798Z starting
2024-03-02T16:40:24.6604773Z db service is starting, waiting 2 seconds before checking again.
2024-03-02T16:40:26.6578563Z ##[command]/usr/bin/docker inspect --format="{{if .Config.Healthcheck}}{{print .State.Health.Status}}{{end}}" f89046f2bf54052e2b570ab8a1c687990b0628866d6dd9dbe5f81ea7996c157c
2024-03-02T16:40:26.6691845Z starting
2024-03-02T16:40:26.6703771Z db service is starting, waiting 3 seconds before checking again.
2024-03-02T16:40:30.5254987Z ##[command]/usr/bin/docker inspect --format="{{if .Config.Healthcheck}}{{print .State.Health.Status}}{{end}}" f89046f2bf54052e2b570ab8a1c687990b0628866d6dd9dbe5f81ea7996c157c
2024-03-02T16:40:30.5374201Z starting
2024-03-02T16:40:30.5386836Z db service is starting, waiting 8 seconds before checking again.
2024-03-02T16:40:38.7684669Z ##[command]/usr/bin/docker inspect --format="{{if .Config.Healthcheck}}{{print .State.Health.Status}}{{end}}" f89046f2bf54052e2b570ab8a1c687990b0628866d6dd9dbe5f81ea7996c157c
2024-03-02T16:40:38.7806164Z healthy
2024-03-02T16:40:38.7821174Z db service is healthy.
2024-03-02T16:40:38.7821698Z ##[endgroup]
2024-03-02T16:40:38.8182338Z ##[group]Run actions/checkout@v2
2024-03-02T16:40:38.8182953Z with:
2024-03-02T16:40:38.8183328Z   repository: rubyforgood/human-essentials
2024-03-02T16:40:38.8183922Z   token: ***
2024-03-02T16:40:38.8184357Z   ssh-strict: true
2024-03-02T16:40:38.8184718Z   persist-credentials: true
2024-03-02T16:40:38.8185116Z   clean: true
2024-03-02T16:40:38.8185482Z   fetch-depth: 1
2024-03-02T16:40:38.8185806Z   lfs: false
2024-03-02T16:40:38.8186134Z   submodules: false
2024-03-02T16:40:38.8186539Z   set-safe-directory: true
2024-03-02T16:40:38.8186872Z ##[endgroup]
2024-03-02T16:40:39.0147348Z Syncing repository: rubyforgood/human-essentials
2024-03-02T16:40:39.0149231Z ##[group]Getting Git version info
2024-03-02T16:40:39.0149962Z Working directory is '/home/runner/work/human-essentials/human-essentials'
2024-03-02T16:40:39.0150978Z [command]/usr/bin/git version
2024-03-02T16:40:39.0196261Z git version 2.43.2
2024-03-02T16:40:39.0219427Z ##[endgroup]
2024-03-02T16:40:39.0233667Z Temporarily overriding HOME='/home/runner/work/_temp/e1d9fc8b-d940-4948-a21b-b3ab4d8e9fbf' before making global git config changes
2024-03-02T16:40:39.0234794Z Adding repository directory to the temporary git global config as a safe directory
2024-03-02T16:40:39.0238418Z [command]/usr/bin/git config --global --add safe.directory /home/runner/work/human-essentials/human-essentials
2024-03-02T16:40:39.0282575Z Deleting the contents of '/home/runner/work/human-essentials/human-essentials'
2024-03-02T16:40:39.0287117Z ##[group]Initializing the repository
2024-03-02T16:40:39.0290883Z [command]/usr/bin/git init /home/runner/work/human-essentials/human-essentials
2024-03-02T16:40:39.0360300Z hint: Using 'master' as the name for the initial branch. This default branch name
2024-03-02T16:40:39.0361220Z hint: is subject to change. To configure the initial branch name to use in all
2024-03-02T16:40:39.0362132Z hint: of your new repositories, which will suppress this warning, call:
2024-03-02T16:40:39.0362940Z hint: 
2024-03-02T16:40:39.0363429Z hint: 	git config --global init.defaultBranch <name>
2024-03-02T16:40:39.0364013Z hint: 
2024-03-02T16:40:39.0364550Z hint: Names commonly chosen instead of 'master' are 'main', 'trunk' and
2024-03-02T16:40:39.0365534Z hint: 'development'. The just-created branch can be renamed via this command:
2024-03-02T16:40:39.0366084Z hint: 
2024-03-02T16:40:39.0366455Z hint: 	git branch -m <name>
2024-03-02T16:40:39.0370388Z Initialized empty Git repository in /home/runner/work/human-essentials/human-essentials/.git/
2024-03-02T16:40:39.0378845Z [command]/usr/bin/git remote add origin https://github.com/rubyforgood/human-essentials
2024-03-02T16:40:39.0421769Z ##[endgroup]
2024-03-02T16:40:39.0422648Z ##[group]Disabling automatic garbage collection
2024-03-02T16:40:39.0425493Z [command]/usr/bin/git config --local gc.auto 0
2024-03-02T16:40:39.0463056Z ##[endgroup]
2024-03-02T16:40:39.0463714Z ##[group]Setting up auth
2024-03-02T16:40:39.0469442Z [command]/usr/bin/git config --local --name-only --get-regexp core\.sshCommand
2024-03-02T16:40:39.0510273Z [command]/usr/bin/git submodule foreach --recursive sh -c "git config --local --name-only --get-regexp 'core\.sshCommand' && git config --local --unset-all 'core.sshCommand' || :"
2024-03-02T16:40:39.0836285Z [command]/usr/bin/git config --local --name-only --get-regexp http\.https\:\/\/github\.com\/\.extraheader
2024-03-02T16:40:39.0875858Z [command]/usr/bin/git submodule foreach --recursive sh -c "git config --local --name-only --get-regexp 'http\.https\:\/\/github\.com\/\.extraheader' && git config --local --unset-all 'http.https://github.com/.extraheader' || :"
2024-03-02T16:40:39.1117878Z [command]/usr/bin/git config --local http.https://github.com/.extraheader AUTHORIZATION: basic ***
2024-03-02T16:40:39.1164172Z ##[endgroup]
2024-03-02T16:40:39.1165045Z ##[group]Fetching the repository
2024-03-02T16:40:39.1173497Z [command]/usr/bin/git -c protocol.version=2 fetch --no-tags --prune --progress --no-recurse-submodules --depth=1 origin +6df1f4f6ffb243aff016055faca054ee4ff8fe4a:refs/remotes/pull/4011/merge
2024-03-02T16:40:39.4829007Z remote: Enumerating objects: 1742, done.        
2024-03-02T16:40:39.4830039Z remote: Counting objects:   0% (1/1742)        
2024-03-02T16:40:39.4830552Z remote: Counting objects:   1% (18/1742)        
2024-03-02T16:40:39.4831032Z remote: Counting objects:   2% (35/1742)        
2024-03-02T16:40:39.4831599Z remote: Counting objects:   3% (53/1742)        
2024-03-02T16:40:39.4832088Z remote: Counting objects:   4% (70/1742)        
2024-03-02T16:40:39.4832551Z remote: Counting objects:   5% (88/1742)        
2024-03-02T16:40:39.4833058Z remote: Counting objects:   6% (105/1742)        
2024-03-02T16:40:39.5236611Z remote: Counting objects:   7% (122/1742)        
2024-03-02T16:40:39.5237731Z remote: Counting objects:   8% (140/1742)        
2024-03-02T16:40:39.5238443Z remote: Counting objects:   9% (157/1742)        
2024-03-02T16:40:39.5239036Z remote: Counting objects:  10% (175/1742)        
2024-03-02T16:40:39.5240252Z remote: Counting objects:  11% (192/1742)        
2024-03-02T16:40:39.5241365Z remote: Counting objects:  12% (210/1742)        
2024-03-02T16:40:39.5242634Z remote: Counting objects:  13% (227/1742)        
2024-03-02T16:40:39.5243619Z remote: Counting objects:  14% (244/1742)        
2024-03-02T16:40:39.5244572Z remote: Counting objects:  15% (262/1742)        
2024-03-02T16:40:39.5245648Z remote: Counting objects:  16% (279/1742)        
2024-03-02T16:40:39.5246552Z remote: Counting objects:  17% (297/1742)        
2024-03-02T16:40:39.5247387Z remote: Counting objects:  18% (314/1742)        
2024-03-02T16:40:39.5248697Z remote: Counting objects:  19% (331/1742)        
2024-03-02T16:40:39.5249569Z remote: Counting objects:  20% (349/1742)        
2024-03-02T16:40:39.5250854Z remote: Counting objects:  21% (366/1742)        
2024-03-02T16:40:39.5251723Z remote: Counting objects:  22% (384/1742)        
2024-03-02T16:40:39.5252648Z remote: Counting objects:  23% (401/1742)        
2024-03-02T16:40:39.5254111Z remote: Counting objects:  24% (419/1742)        
2024-03-02T16:40:39.5255050Z remote: Counting objects:  25% (436/1742)        
2024-03-02T16:40:39.5255861Z remote: Counting objects:  26% (453/1742)        
2024-03-02T16:40:39.5256847Z remote: Counting objects:  27% (471/1742)        
2024-03-02T16:40:39.5258083Z remote: Counting objects:  28% (488/1742)        
2024-03-02T16:40:39.5258896Z remote: Counting objects:  29% (506/1742)        
2024-03-02T16:40:39.5259789Z remote: Counting objects:  30% (523/1742)        
2024-03-02T16:40:39.5260666Z remote: Counting objects:  31% (541/1742)        
2024-03-02T16:40:39.5261465Z remote: Counting objects:  32% (558/1742)        
2024-03-02T16:40:39.5262644Z remote: Counting objects:  33% (575/1742)        
2024-03-02T16:40:39.5263439Z remote: Counting objects:  34% (593/1742)        
2024-03-02T16:40:39.5264231Z remote: Counting objects:  35% (610/1742)        
2024-03-02T16:40:39.5265197Z remote: Counting objects:  36% (628/1742)        
2024-03-02T16:40:39.5266051Z remote: Counting objects:  37% (645/1742)        
2024-03-02T16:40:39.5266819Z remote: Counting objects:  38% (662/1742)        
2024-03-02T16:40:39.5267800Z remote: Counting objects:  39% (680/1742)        
2024-03-02T16:40:39.5268648Z remote: Counting objects:  40% (697/1742)        
2024-03-02T16:40:39.5269981Z remote: Counting objects:  41% (715/1742)        
2024-03-02T16:40:39.5270813Z remote: Counting objects:  42% (732/1742)        
2024-03-02T16:40:39.5271360Z remote: Counting objects:  43% (750/1742)        
2024-03-02T16:40:39.5271949Z remote: Counting objects:  44% (767/1742)        
2024-03-02T16:40:39.5272448Z remote: Counting objects:  45% (784/1742)        
2024-03-02T16:40:39.5272914Z remote: Counting objects:  46% (802/1742)        
2024-03-02T16:40:39.5273428Z remote: Counting objects:  47% (819/1742)        
2024-03-02T16:40:39.5273902Z remote: Counting objects:  48% (837/1742)        
2024-03-02T16:40:39.5274365Z remote: Counting objects:  49% (854/1742)        
2024-03-02T16:40:39.5275134Z remote: Counting objects:  50% (871/1742)        
2024-03-02T16:40:39.5275601Z remote: Counting objects:  51% (889/1742)        
2024-03-02T16:40:39.5276113Z remote: Counting objects:  52% (906/1742)        
2024-03-02T16:40:39.5276669Z remote: Counting objects:  53% (924/1742)        
2024-03-02T16:40:39.5277138Z remote: Counting objects:  54% (941/1742)        
2024-03-02T16:40:39.5277587Z remote: Counting objects:  55% (959/1742)        
2024-03-02T16:40:39.5278151Z remote: Counting objects:  56% (976/1742)        
2024-03-02T16:40:39.5278619Z remote: Counting objects:  57% (993/1742)        
2024-03-02T16:40:39.5279109Z remote: Counting objects:  58% (1011/1742)        
2024-03-02T16:40:39.5279629Z remote: Counting objects:  59% (1028/1742)        
2024-03-02T16:40:39.5280124Z remote: Counting objects:  60% (1046/1742)        
2024-03-02T16:40:39.5280631Z remote: Counting objects:  61% (1063/1742)        
2024-03-02T16:40:39.5281231Z remote: Counting objects:  62% (1081/1742)        
2024-03-02T16:40:39.5281721Z remote: Counting objects:  63% (1098/1742)        
2024-03-02T16:40:39.5282284Z remote: Counting objects:  64% (1115/1742)        
2024-03-02T16:40:39.5282846Z remote: Counting objects:  65% (1133/1742)        
2024-03-02T16:40:39.5283338Z remote: Counting objects:  66% (1150/1742)        
2024-03-02T16:40:39.5283883Z remote: Counting objects:  67% (1168/1742)        
2024-03-02T16:40:39.5284329Z remote: Counting objects:  68% (1185/1742)        
2024-03-02T16:40:39.5284820Z remote: Counting objects:  69% (1202/1742)        
2024-03-02T16:40:39.5285355Z remote: Counting objects:  70% (1220/1742)        
2024-03-02T16:40:39.5285846Z remote: Counting objects:  71% (1237/1742)        
2024-03-02T16:40:39.5286294Z remote: Counting objects:  72% (1255/1742)        
2024-03-02T16:40:39.5286836Z remote: Counting objects:  73% (1272/1742)        
2024-03-02T16:40:39.5287328Z remote: Counting objects:  74% (1290/1742)        
2024-03-02T16:40:39.5287816Z remote: Counting objects:  75% (1307/1742)        
2024-03-02T16:40:39.5288836Z remote: Counting objects:  76% (1324/1742)        
2024-03-02T16:40:39.5289367Z remote: Counting objects:  77% (1342/1742)        
2024-03-02T16:40:39.5289863Z remote: Counting objects:  78% (1359/1742)        
2024-03-02T16:40:39.5290436Z remote: Counting objects:  79% (1377/1742)        
2024-03-02T16:40:39.5290898Z remote: Counting objects:  80% (1394/1742)        
2024-03-02T16:40:39.5291384Z remote: Counting objects:  81% (1412/1742)        
2024-03-02T16:40:39.5291947Z remote: Counting objects:  82% (1429/1742)        
2024-03-02T16:40:39.5292433Z remote: Counting objects:  83% (1446/1742)        
2024-03-02T16:40:39.5292880Z remote: Counting objects:  84% (1464/1742)        
2024-03-02T16:40:39.5293431Z remote: Counting objects:  85% (1481/1742)        
2024-03-02T16:40:39.5293916Z remote: Counting objects:  86% (1499/1742)        
2024-03-02T16:40:39.5294359Z remote: Counting objects:  87% (1516/1742)        
2024-03-02T16:40:39.5294930Z remote: Counting objects:  88% (1533/1742)        
2024-03-02T16:40:39.5295401Z remote: Counting objects:  89% (1551/1742)        
2024-03-02T16:40:39.5295897Z remote: Counting objects:  90% (1568/1742)        
2024-03-02T16:40:39.5296418Z remote: Counting objects:  91% (1586/1742)        
2024-03-02T16:40:39.5296905Z remote: Counting objects:  92% (1603/1742)        
2024-03-02T16:40:39.5297408Z remote: Counting objects:  93% (1621/1742)        
2024-03-02T16:40:39.5297948Z remote: Counting objects:  94% (1638/1742)        
2024-03-02T16:40:39.5298392Z remote: Counting objects:  95% (1655/1742)        
2024-03-02T16:40:39.5298896Z remote: Counting objects:  96% (1673/1742)        
2024-03-02T16:40:39.5299430Z remote: Counting objects:  97% (1690/1742)        
2024-03-02T16:40:39.5299928Z remote: Counting objects:  98% (1708/1742)        
2024-03-02T16:40:39.5300370Z remote: Counting objects:  99% (1725/1742)        
2024-03-02T16:40:39.5300917Z remote: Counting objects: 100% (1742/1742)        
2024-03-02T16:40:39.5301602Z remote: Counting objects: 100% (1742/1742), done.        
2024-03-02T16:40:39.5302214Z remote: Compressing objects:   0% (1/1556)        
2024-03-02T16:40:39.5302682Z remote: Compressing objects:   1% (16/1556)        
2024-03-02T16:40:39.5303202Z remote: Compressing objects:   2% (32/1556)        
2024-03-02T16:40:39.5303769Z remote: Compressing objects:   3% (47/1556)        
2024-03-02T16:40:39.5304283Z remote: Compressing objects:   4% (63/1556)        
2024-03-02T16:40:39.5304744Z remote: Compressing objects:   5% (78/1556)        
2024-03-02T16:40:39.5305301Z remote: Compressing objects:   6% (94/1556)        
2024-03-02T16:40:39.5305828Z remote: Compressing objects:   7% (109/1556)        
2024-03-02T16:40:39.5306338Z remote: Compressing objects:   8% (125/1556)        
2024-03-02T16:40:39.5306874Z remote: Compressing objects:   9% (141/1556)        
2024-03-02T16:40:39.5307396Z remote: Compressing objects:  10% (156/1556)        
2024-03-02T16:40:39.5307892Z remote: Compressing objects:  11% (172/1556)        
2024-03-02T16:40:39.5308477Z remote: Compressing objects:  12% (187/1556)        
2024-03-02T16:40:39.5308951Z remote: Compressing objects:  13% (203/1556)        
2024-03-02T16:40:39.5309446Z remote: Compressing objects:  14% (218/1556)        
2024-03-02T16:40:39.5310018Z remote: Compressing objects:  15% (234/1556)        
2024-03-02T16:40:39.5310514Z remote: Compressing objects:  16% (249/1556)        
2024-03-02T16:40:39.5310977Z remote: Compressing objects:  17% (265/1556)        
2024-03-02T16:40:39.5311560Z remote: Compressing objects:  18% (281/1556)        
2024-03-02T16:40:39.5312054Z remote: Compressing objects:  19% (296/1556)        
2024-03-02T16:40:39.5312568Z remote: Compressing objects:  20% (312/1556)        
2024-03-02T16:40:39.5313104Z remote: Compressing objects:  21% (327/1556)        
2024-03-02T16:40:39.5313600Z remote: Compressing objects:  22% (343/1556)        
2024-03-02T16:40:39.5314128Z remote: Compressing objects:  23% (358/1556)        
2024-03-02T16:40:39.5314854Z remote: Compressing objects:  24% (374/1556)        
2024-03-02T16:40:39.5315321Z remote: Compressing objects:  25% (389/1556)        
2024-03-02T16:40:39.5315835Z remote: Compressing objects:  26% (405/1556)        
2024-03-02T16:40:39.5316392Z remote: Compressing objects:  27% (421/1556)        
2024-03-02T16:40:39.5316905Z remote: Compressing objects:  28% (436/1556)        
2024-03-02T16:40:39.5317385Z remote: Compressing objects:  29% (452/1556)        
2024-03-02T16:40:39.5317941Z remote: Compressing objects:  30% (467/1556)        
2024-03-02T16:40:39.5318449Z remote: Compressing objects:  31% (483/1556)        
2024-03-02T16:40:39.5319007Z remote: Compressing objects:  32% (498/1556)        
2024-03-02T16:40:39.5319466Z remote: Compressing objects:  33% (514/1556)        
2024-03-02T16:40:39.5319973Z remote: Compressing objects:  34% (530/1556)        
2024-03-02T16:40:39.5320527Z remote: Compressing objects:  35% (545/1556)        
2024-03-02T16:40:39.5321031Z remote: Compressing objects:  36% (561/1556)        
2024-03-02T16:40:39.5321498Z remote: Compressing objects:  37% (576/1556)        
2024-03-02T16:40:39.5400032Z remote: Compressing objects:  38% (592/1556)        
2024-03-02T16:40:39.5401213Z remote: Compressing objects:  39% (607/1556)        
2024-03-02T16:40:39.5401945Z remote: Compressing objects:  40% (623/1556)        
2024-03-02T16:40:39.5402747Z remote: Compressing objects:  41% (638/1556)        
2024-03-02T16:40:39.5403269Z remote: Compressing objects:  42% (654/1556)        
2024-03-02T16:40:39.5403781Z remote: Compressing objects:  43% (670/1556)        
2024-03-02T16:40:39.5404373Z remote: Compressing objects:  44% (685/1556)        
2024-03-02T16:40:39.5404845Z remote: Compressing objects:  45% (701/1556)        
2024-03-02T16:40:39.5405359Z remote: Compressing objects:  46% (716/1556)        
2024-03-02T16:40:39.5405949Z remote: Compressing objects:  47% (732/1556)        
2024-03-02T16:40:39.5406450Z remote: Compressing objects:  48% (747/1556)        
2024-03-02T16:40:39.5407151Z remote: Compressing objects:  49% (763/1556)        
2024-03-02T16:40:39.5407753Z remote: Compressing objects:  50% (778/1556)        
2024-03-02T16:40:39.5408533Z remote: Compressing objects:  51% (794/1556)        
2024-03-02T16:40:39.5409041Z remote: Compressing objects:  52% (810/1556)        
2024-03-02T16:40:39.5409589Z remote: Compressing objects:  53% (825/1556)        
2024-03-02T16:40:39.5410106Z remote: Compressing objects:  54% (841/1556)        
2024-03-02T16:40:39.5410647Z remote: Compressing objects:  55% (856/1556)        
2024-03-02T16:40:39.5411215Z remote: Compressing objects:  56% (872/1556)        
2024-03-02T16:40:39.5411702Z remote: Compressing objects:  57% (887/1556)        
2024-03-02T16:40:39.5416273Z remote: Compressing objects:  58% (903/1556)        
2024-03-02T16:40:39.5419536Z remote: Compressing objects:  59% (919/1556)        
2024-03-02T16:40:39.5423603Z remote: Compressing objects:  60% (934/1556)        
2024-03-02T16:40:39.5424328Z remote: Compressing objects:  61% (950/1556)        
2024-03-02T16:40:39.5429520Z remote: Compressing objects:  62% (965/1556)        
2024-03-02T16:40:39.5440509Z remote: Compressing objects:  63% (981/1556)        
2024-03-02T16:40:39.5444402Z remote: Compressing objects:  64% (996/1556)        
2024-03-02T16:40:39.5446615Z remote: Compressing objects:  65% (1012/1556)        
2024-03-02T16:40:39.5453758Z remote: Compressing objects:  66% (1027/1556)        
2024-03-02T16:40:39.5462095Z remote: Compressing objects:  67% (1043/1556)        
2024-03-02T16:40:39.5477980Z remote: Compressing objects:  68% (1059/1556)        
2024-03-02T16:40:39.5811344Z remote: Compressing objects:  69% (1074/1556)        
2024-03-02T16:40:39.5812404Z remote: Compressing objects:  70% (1090/1556)        
2024-03-02T16:40:39.5813159Z remote: Compressing objects:  71% (1105/1556)        
2024-03-02T16:40:39.5813783Z remote: Compressing objects:  72% (1121/1556)        
2024-03-02T16:40:39.5814376Z remote: Compressing objects:  73% (1136/1556)        
2024-03-02T16:40:39.5815142Z remote: Compressing objects:  74% (1152/1556)        
2024-03-02T16:40:39.5815625Z remote: Compressing objects:  75% (1167/1556)        
2024-03-02T16:40:39.5816218Z remote: Compressing objects:  76% (1183/1556)        
2024-03-02T16:40:39.5816727Z remote: Compressing objects:  77% (1199/1556)        
2024-03-02T16:40:39.5817292Z remote: Compressing objects:  78% (1214/1556)        
2024-03-02T16:40:39.5817780Z remote: Compressing objects:  79% (1230/1556)        
2024-03-02T16:40:39.5818279Z remote: Compressing objects:  80% (1245/1556)        
2024-03-02T16:40:39.5818855Z remote: Compressing objects:  81% (1261/1556)        
2024-03-02T16:40:39.5819374Z remote: Compressing objects:  82% (1276/1556)        
2024-03-02T16:40:39.5819837Z remote: Compressing objects:  83% (1292/1556)        
2024-03-02T16:40:39.5820399Z remote: Compressing objects:  84% (1308/1556)        
2024-03-02T16:40:39.5822396Z remote: Compressing objects:  85% (1323/1556)        
2024-03-02T16:40:39.5857716Z remote: Compressing objects:  86% (1339/1556)        
2024-03-02T16:40:39.5879026Z remote: Compressing objects:  87% (1354/1556)        
2024-03-02T16:40:39.5885321Z remote: Compressing objects:  88% (1370/1556)        
2024-03-02T16:40:39.5888200Z remote: Compressing objects:  89% (1385/1556)        
2024-03-02T16:40:39.5889314Z remote: Compressing objects:  90% (1401/1556)        
2024-03-02T16:40:39.5891413Z remote: Compressing objects:  91% (1416/1556)        
2024-03-02T16:40:39.5892332Z remote: Compressing objects:  92% (1432/1556)        
2024-03-02T16:40:39.5894935Z remote: Compressing objects:  93% (1448/1556)        
2024-03-02T16:40:39.5895871Z remote: Compressing objects:  94% (1463/1556)        
2024-03-02T16:40:39.5898184Z remote: Compressing objects:  95% (1479/1556)        
2024-03-02T16:40:39.5899487Z remote: Compressing objects:  96% (1494/1556)        
2024-03-02T16:40:39.5900441Z remote: Compressing objects:  97% (1510/1556)        
2024-03-02T16:40:39.5903676Z remote: Compressing objects:  98% (1525/1556)        
2024-03-02T16:40:39.5904770Z remote: Compressing objects:  99% (1541/1556)        
2024-03-02T16:40:39.5972097Z remote: Compressing objects: 100% (1556/1556)        
2024-03-02T16:40:39.5973048Z remote: Compressing objects: 100% (1556/1556), done.        
2024-03-02T16:40:39.6022766Z Receiving objects:   0% (1/1742)
2024-03-02T16:40:39.6027451Z Receiving objects:   1% (18/1742)
2024-03-02T16:40:39.6467750Z Receiving objects:   2% (35/1742)
2024-03-02T16:40:39.7627091Z Receiving objects:   3% (53/1742)
2024-03-02T16:40:39.8907747Z Receiving objects:   4% (70/1742)
2024-03-02T16:40:39.8910384Z Receiving objects:   5% (88/1742)
2024-03-02T16:40:39.8913714Z Receiving objects:   6% (105/1742)
2024-03-02T16:40:39.8919354Z Receiving objects:   7% (122/1742)
2024-03-02T16:40:39.8923195Z Receiving objects:   8% (140/1742)
2024-03-02T16:40:39.8926993Z Receiving objects:   9% (157/1742)
2024-03-02T16:40:39.8930351Z Receiving objects:  10% (175/1742)
2024-03-02T16:40:39.8933746Z Receiving objects:  11% (192/1742)
2024-03-02T16:40:39.8936745Z Receiving objects:  12% (210/1742)
2024-03-02T16:40:39.8946742Z Receiving objects:  13% (227/1742)
2024-03-02T16:40:39.8950157Z Receiving objects:  14% (244/1742)
2024-03-02T16:40:39.8952721Z Receiving objects:  15% (262/1742)
2024-03-02T16:40:39.8956523Z Receiving objects:  16% (279/1742)
2024-03-02T16:40:39.8961591Z Receiving objects:  17% (297/1742)
2024-03-02T16:40:39.8966221Z Receiving objects:  18% (314/1742)
2024-03-02T16:40:39.8971397Z Receiving objects:  19% (331/1742)
2024-03-02T16:40:39.8975000Z Receiving objects:  20% (349/1742)
2024-03-02T16:40:39.8978404Z Receiving objects:  21% (366/1742)
2024-03-02T16:40:39.8981395Z Receiving objects:  22% (384/1742)
2024-03-02T16:40:39.8984851Z Receiving objects:  23% (401/1742)
2024-03-02T16:40:39.8987748Z Receiving objects:  24% (419/1742)
2024-03-02T16:40:39.8991450Z Receiving objects:  25% (436/1742)
2024-03-02T16:40:39.8993258Z Receiving objects:  26% (453/1742)
2024-03-02T16:40:39.8995479Z Receiving objects:  27% (471/1742)
2024-03-02T16:40:39.8998098Z Receiving objects:  28% (488/1742)
2024-03-02T16:40:39.9000360Z Receiving objects:  29% (506/1742)
2024-03-02T16:40:39.9002399Z Receiving objects:  30% (523/1742)
2024-03-02T16:40:39.9006993Z Receiving objects:  31% (541/1742)
2024-03-02T16:40:39.9008720Z Receiving objects:  32% (558/1742)
2024-03-02T16:40:39.9011585Z Receiving objects:  33% (575/1742)
2024-03-02T16:40:39.9014136Z Receiving objects:  34% (593/1742)
2024-03-02T16:40:39.9014914Z Receiving objects:  35% (610/1742)
2024-03-02T16:40:39.9019762Z Receiving objects:  36% (628/1742)
2024-03-02T16:40:39.9022405Z Receiving objects:  37% (645/1742)
2024-03-02T16:40:39.9023714Z Receiving objects:  38% (662/1742)
2024-03-02T16:40:39.9027839Z Receiving objects:  39% (680/1742)
2024-03-02T16:40:39.9029813Z Receiving objects:  40% (697/1742)
2024-03-02T16:40:39.9033934Z Receiving objects:  41% (715/1742)
2024-03-02T16:40:39.9035513Z Receiving objects:  42% (732/1742)
2024-03-02T16:40:39.9038597Z Receiving objects:  43% (750/1742)
2024-03-02T16:40:39.9041832Z Receiving objects:  44% (767/1742)
2024-03-02T16:40:39.9043455Z Receiving objects:  45% (784/1742)
2024-03-02T16:40:39.9046208Z Receiving objects:  46% (802/1742)
2024-03-02T16:40:39.9049326Z Receiving objects:  47% (819/1742)
2024-03-02T16:40:39.9051862Z Receiving objects:  48% (837/1742)
2024-03-02T16:40:39.9054054Z Receiving objects:  49% (854/1742)
2024-03-02T16:40:39.9055979Z Receiving objects:  50% (871/1742)
2024-03-02T16:40:39.9057350Z Receiving objects:  51% (889/1742)
2024-03-02T16:40:39.9060367Z Receiving objects:  52% (906/1742)
2024-03-02T16:40:39.9065335Z Receiving objects:  53% (924/1742)
2024-03-02T16:40:39.9069073Z Receiving objects:  54% (941/1742)
2024-03-02T16:40:39.9075381Z Receiving objects:  55% (959/1742)
2024-03-02T16:40:39.9079289Z Receiving objects:  56% (976/1742)
2024-03-02T16:40:39.9080899Z Receiving objects:  57% (993/1742)
2024-03-02T16:40:39.9082165Z Receiving objects:  58% (1011/1742)
2024-03-02T16:40:39.9084493Z Receiving objects:  59% (1028/1742)
2024-03-02T16:40:39.9086678Z Receiving objects:  60% (1046/1742)
2024-03-02T16:40:39.9088667Z Receiving objects:  61% (1063/1742)
2024-03-02T16:40:39.9090146Z Receiving objects:  62% (1081/1742)
2024-03-02T16:40:39.9091906Z Receiving objects:  63% (1098/1742)
2024-03-02T16:40:39.9093717Z Receiving objects:  64% (1115/1742)
2024-03-02T16:40:39.9096134Z Receiving objects:  65% (1133/1742)
2024-03-02T16:40:39.9099186Z Receiving objects:  66% (1150/1742)
2024-03-02T16:40:39.9100249Z Receiving objects:  67% (1168/1742)
2024-03-02T16:40:39.9102200Z Receiving objects:  68% (1185/1742)
2024-03-02T16:40:39.9104839Z Receiving objects:  69% (1202/1742)
2024-03-02T16:40:39.9106213Z Receiving objects:  70% (1220/1742)
2024-03-02T16:40:39.9113313Z Receiving objects:  71% (1237/1742)
2024-03-02T16:40:39.9124876Z Receiving objects:  72% (1255/1742)
2024-03-02T16:40:39.9127718Z Receiving objects:  73% (1272/1742)
2024-03-02T16:40:39.9129814Z Receiving objects:  74% (1290/1742)
2024-03-02T16:40:39.9331264Z Receiving objects:  75% (1307/1742)
2024-03-02T16:40:39.9459823Z Receiving objects:  76% (1324/1742)
2024-03-02T16:40:39.9549312Z Receiving objects:  77% (1342/1742)
2024-03-02T16:40:39.9703051Z Receiving objects:  78% (1359/1742)
2024-03-02T16:40:39.9937628Z Receiving objects:  79% (1377/1742)
2024-03-02T16:40:40.0128340Z Receiving objects:  80% (1394/1742)
2024-03-02T16:40:40.0133551Z Receiving objects:  81% (1412/1742)
2024-03-02T16:40:40.0136233Z Receiving objects:  82% (1429/1742)
2024-03-02T16:40:40.0139018Z Receiving objects:  83% (1446/1742)
2024-03-02T16:40:40.0144477Z Receiving objects:  84% (1464/1742)
2024-03-02T16:40:40.0148748Z Receiving objects:  85% (1481/1742)
2024-03-02T16:40:40.0155795Z Receiving objects:  86% (1499/1742)
2024-03-02T16:40:40.0161841Z Receiving objects:  87% (1516/1742)
2024-03-02T16:40:40.0166433Z Receiving objects:  88% (1533/1742)
2024-03-02T16:40:40.0172731Z Receiving objects:  89% (1551/1742)
2024-03-02T16:40:40.0178038Z Receiving objects:  90% (1568/1742)
2024-03-02T16:40:40.0184068Z Receiving objects:  91% (1586/1742)
2024-03-02T16:40:40.0189045Z Receiving objects:  92% (1603/1742)
2024-03-02T16:40:40.0193531Z Receiving objects:  93% (1621/1742)
2024-03-02T16:40:40.0198287Z Receiving objects:  94% (1638/1742)
2024-03-02T16:40:40.0201975Z Receiving objects:  95% (1655/1742)
2024-03-02T16:40:40.0205088Z Receiving objects:  96% (1673/1742)
2024-03-02T16:40:40.0213975Z Receiving objects:  97% (1690/1742)
2024-03-02T16:40:40.0222147Z Receiving objects:  98% (1708/1742)
2024-03-02T16:40:40.0237525Z Receiving objects:  99% (1725/1742)
2024-03-02T16:40:40.0238897Z remote: Total 1742 (delta 280), reused 965 (delta 147), pack-reused 0        
2024-03-02T16:40:40.0245927Z Receiving objects: 100% (1742/1742)
2024-03-02T16:40:40.0246719Z Receiving objects: 100% (1742/1742), 6.59 MiB | 15.59 MiB/s, done.
2024-03-02T16:40:40.0251471Z Resolving deltas:   0% (0/280)
2024-03-02T16:40:40.0253428Z Resolving deltas:   1% (3/280)
2024-03-02T16:40:40.0258218Z Resolving deltas:   2% (6/280)
2024-03-02T16:40:40.0259142Z Resolving deltas:   3% (9/280)
2024-03-02T16:40:40.0259829Z Resolving deltas:   4% (12/280)
2024-03-02T16:40:40.0260446Z Resolving deltas:   5% (14/280)
2024-03-02T16:40:40.0261223Z Resolving deltas:   6% (17/280)
2024-03-02T16:40:40.0261896Z Resolving deltas:   7% (20/280)
2024-03-02T16:40:40.0262649Z Resolving deltas:   8% (23/280)
2024-03-02T16:40:40.0263261Z Resolving deltas:   9% (26/280)
2024-03-02T16:40:40.0264248Z Resolving deltas:  10% (28/280)
2024-03-02T16:40:40.0265056Z Resolving deltas:  11% (31/280)
2024-03-02T16:40:40.0275282Z Resolving deltas:  12% (34/280)
2024-03-02T16:40:40.0276922Z Resolving deltas:  13% (37/280)
2024-03-02T16:40:40.0278182Z Resolving deltas:  14% (40/280)
2024-03-02T16:40:40.0278971Z Resolving deltas:  15% (42/280)
2024-03-02T16:40:40.0280088Z Resolving deltas:  16% (45/280)
2024-03-02T16:40:40.0280947Z Resolving deltas:  17% (49/280)
2024-03-02T16:40:40.0281672Z Resolving deltas:  18% (51/280)
2024-03-02T16:40:40.0282485Z Resolving deltas:  19% (54/280)
2024-03-02T16:40:40.0283677Z Resolving deltas:  20% (56/280)
2024-03-02T16:40:40.0284471Z Resolving deltas:  21% (59/280)
2024-03-02T16:40:40.0285153Z Resolving deltas:  22% (62/280)
2024-03-02T16:40:40.0286014Z Resolving deltas:  23% (65/280)
2024-03-02T16:40:40.0286769Z Resolving deltas:  24% (68/280)
2024-03-02T16:40:40.0287440Z Resolving deltas:  25% (70/280)
2024-03-02T16:40:40.0289860Z Resolving deltas:  26% (73/280)
2024-03-02T16:40:40.0291511Z Resolving deltas:  27% (76/280)
2024-03-02T16:40:40.0299607Z Resolving deltas:  28% (79/280)
2024-03-02T16:40:40.0300639Z Resolving deltas:  29% (82/280)
2024-03-02T16:40:40.0301450Z Resolving deltas:  30% (84/280)
2024-03-02T16:40:40.0302159Z Resolving deltas:  31% (87/280)
2024-03-02T16:40:40.0304423Z Resolving deltas:  32% (90/280)
2024-03-02T16:40:40.0305253Z Resolving deltas:  33% (93/280)
2024-03-02T16:40:40.0306280Z Resolving deltas:  34% (96/280)
2024-03-02T16:40:40.0306976Z Resolving deltas:  35% (98/280)
2024-03-02T16:40:40.0307563Z Resolving deltas:  36% (101/280)
2024-03-02T16:40:40.0308312Z Resolving deltas:  37% (104/280)
2024-03-02T16:40:40.0308973Z Resolving deltas:  38% (107/280)
2024-03-02T16:40:40.0309554Z Resolving deltas:  39% (110/280)
2024-03-02T16:40:40.0310283Z Resolving deltas:  40% (112/280)
2024-03-02T16:40:40.0310935Z Resolving deltas:  41% (115/280)
2024-03-02T16:40:40.0311556Z Resolving deltas:  42% (118/280)
2024-03-02T16:40:40.0312218Z Resolving deltas:  43% (121/280)
2024-03-02T16:40:40.0312861Z Resolving deltas:  44% (124/280)
2024-03-02T16:40:40.0313498Z Resolving deltas:  45% (126/280)
2024-03-02T16:40:40.0314298Z Resolving deltas:  46% (129/280)
2024-03-02T16:40:40.0314956Z Resolving deltas:  47% (132/280)
2024-03-02T16:40:40.0315603Z Resolving deltas:  48% (135/280)
2024-03-02T16:40:40.0316390Z Resolving deltas:  49% (138/280)
2024-03-02T16:40:40.0317033Z Resolving deltas:  50% (140/280)
2024-03-02T16:40:40.0317645Z Resolving deltas:  51% (143/280)
2024-03-02T16:40:40.0318440Z Resolving deltas:  52% (146/280)
2024-03-02T16:40:40.0319322Z Resolving deltas:  53% (149/280)
2024-03-02T16:40:40.0320093Z Resolving deltas:  54% (152/280)
2024-03-02T16:40:40.0320746Z Resolving deltas:  55% (154/280)
2024-03-02T16:40:40.0321407Z Resolving deltas:  56% (157/280)
2024-03-02T16:40:40.0322172Z Resolving deltas:  57% (160/280)
2024-03-02T16:40:40.0322822Z Resolving deltas:  58% (163/280)
2024-03-02T16:40:40.0323429Z Resolving deltas:  59% (166/280)
2024-03-02T16:40:40.0324246Z Resolving deltas:  60% (168/280)
2024-03-02T16:40:40.0324895Z Resolving deltas:  61% (171/280)
2024-03-02T16:40:40.0325635Z Resolving deltas:  62% (174/280)
2024-03-02T16:40:40.0326403Z Resolving deltas:  63% (177/280)
2024-03-02T16:40:40.0327078Z Resolving deltas:  64% (180/280)
2024-03-02T16:40:40.0327762Z Resolving deltas:  65% (182/280)
2024-03-02T16:40:40.0328697Z Resolving deltas:  66% (185/280)
2024-03-02T16:40:40.0329355Z Resolving deltas:  67% (189/280)
2024-03-02T16:40:40.0329999Z Resolving deltas:  68% (191/280)
2024-03-02T16:40:40.0330748Z Resolving deltas:  69% (194/280)
2024-03-02T16:40:40.0331312Z Resolving deltas:  70% (196/280)
2024-03-02T16:40:40.0333273Z Resolving deltas:  71% (199/280)
2024-03-02T16:40:40.0334124Z Resolving deltas:  72% (202/280)
2024-03-02T16:40:40.0338048Z Resolving deltas:  73% (205/280)
2024-03-02T16:40:40.0339655Z Resolving deltas:  74% (208/280)
2024-03-02T16:40:40.0340336Z Resolving deltas:  75% (210/280)
2024-03-02T16:40:40.0341000Z Resolving deltas:  76% (213/280)
2024-03-02T16:40:40.0341646Z Resolving deltas:  77% (216/280)
2024-03-02T16:40:40.0342261Z Resolving deltas:  78% (219/280)
2024-03-02T16:40:40.0342899Z Resolving deltas:  79% (222/280)
2024-03-02T16:40:40.0343510Z Resolving deltas:  80% (224/280)
2024-03-02T16:40:40.0344259Z Resolving deltas:  81% (227/280)
2024-03-02T16:40:40.0344850Z Resolving deltas:  82% (230/280)
2024-03-02T16:40:40.0345479Z Resolving deltas:  83% (233/280)
2024-03-02T16:40:40.0346218Z Resolving deltas:  84% (236/280)
2024-03-02T16:40:40.0348422Z Resolving deltas:  85% (238/280)
2024-03-02T16:40:40.0357177Z Resolving deltas:  86% (241/280)
2024-03-02T16:40:40.0358151Z Resolving deltas:  87% (244/280)
2024-03-02T16:40:40.0358835Z Resolving deltas:  88% (247/280)
2024-03-02T16:40:40.0359627Z Resolving deltas:  89% (250/280)
2024-03-02T16:40:40.0363073Z Resolving deltas:  90% (252/280)
2024-03-02T16:40:40.0363795Z Resolving deltas:  91% (255/280)
2024-03-02T16:40:40.0364592Z Resolving deltas:  92% (258/280)
2024-03-02T16:40:40.0369999Z Resolving deltas:  93% (261/280)
2024-03-02T16:40:40.0370621Z Resolving deltas:  94% (264/280)
2024-03-02T16:40:40.0372281Z Resolving deltas:  95% (266/280)
2024-03-02T16:40:40.0373019Z Resolving deltas:  96% (269/280)
2024-03-02T16:40:40.0375132Z Resolving deltas:  97% (272/280)
2024-03-02T16:40:40.0376213Z Resolving deltas:  98% (276/280)
2024-03-02T16:40:40.0376872Z Resolving deltas:  99% (278/280)
2024-03-02T16:40:40.0378462Z Resolving deltas: 100% (280/280)
2024-03-02T16:40:40.0379034Z Resolving deltas: 100% (280/280), done.
2024-03-02T16:40:40.0514410Z From https://github.com/rubyforgood/human-essentials
2024-03-02T16:40:40.0515199Z  * [new ref]         6df1f4f6ffb243aff016055faca054ee4ff8fe4a -> pull/4011/merge
2024-03-02T16:40:40.0540700Z ##[endgroup]
2024-03-02T16:40:40.0541998Z ##[group]Determining the checkout info
2024-03-02T16:40:40.0543341Z ##[endgroup]
2024-03-02T16:40:40.0544412Z ##[group]Checking out the ref
2024-03-02T16:40:40.0548426Z [command]/usr/bin/git checkout --progress --force refs/remotes/pull/4011/merge
2024-03-02T16:40:40.1869610Z Note: switching to 'refs/remotes/pull/4011/merge'.
2024-03-02T16:40:40.1870301Z 
2024-03-02T16:40:40.1871005Z You are in 'detached HEAD' state. You can look around, make experimental
2024-03-02T16:40:40.1871947Z changes and commit them, and you can discard any commits you make in this
2024-03-02T16:40:40.1872959Z state without impacting any branches by switching back to a branch.
2024-03-02T16:40:40.1873522Z 
2024-03-02T16:40:40.1874136Z If you want to create a new branch to retain commits you create, you may
2024-03-02T16:40:40.1875921Z do so (now or later) by using -c with the switch command. Example:
2024-03-02T16:40:40.1876562Z 
2024-03-02T16:40:40.1877112Z   git switch -c <new-branch-name>
2024-03-02T16:40:40.1877553Z 
2024-03-02T16:40:40.1877801Z Or undo this operation with:
2024-03-02T16:40:40.1878253Z 
2024-03-02T16:40:40.1878445Z   git switch -
2024-03-02T16:40:40.1878949Z 
2024-03-02T16:40:40.1879440Z Turn off this advice by setting config variable advice.detachedHead to false
2024-03-02T16:40:40.1880166Z 
2024-03-02T16:40:40.1880991Z HEAD is now at 6df1f4f Merge 855fe739a4d986e3db85a0b9fd1b281f47a52ae7 into 30bed4096808c616d01e27fa58fc40d07faa11eb
2024-03-02T16:40:40.1882882Z ##[endgroup]
2024-03-02T16:40:40.1928306Z [command]/usr/bin/git log -1 --format='%H'
2024-03-02T16:40:40.1964249Z '6df1f4f6ffb243aff016055faca054ee4ff8fe4a'
2024-03-02T16:40:40.2258032Z ##[group]Run ruby/setup-ruby@v1
2024-03-02T16:40:40.2258468Z with:
2024-03-02T16:40:40.2258892Z   bundler-cache: true
2024-03-02T16:40:40.2259231Z   ruby-version: default
2024-03-02T16:40:40.2259610Z ##[endgroup]
2024-03-02T16:40:40.4207211Z Using 3.2.2 as input from file .ruby-version
2024-03-02T16:40:40.4234112Z ##[group]Modifying PATH
2024-03-02T16:40:40.4234906Z Entries added to PATH to use selected Ruby:
2024-03-02T16:40:40.4235640Z   /opt/hostedtoolcache/Ruby/3.2.2/x64/bin
2024-03-02T16:40:40.4236388Z ##[endgroup]
2024-03-02T16:40:40.4255225Z ##[group]Downloading Ruby
2024-03-02T16:40:40.4258329Z https://github.com/ruby/ruby-builder/releases/download/toolcache/ruby-3.2.2-ubuntu-22.04.tar.gz
2024-03-02T16:40:41.1243868Z Took   0.70 seconds
2024-03-02T16:40:41.1245493Z ##[endgroup]
2024-03-02T16:40:41.1246905Z ##[group]Extracting  Ruby
2024-03-02T16:40:41.1271979Z [command]/usr/bin/tar -xz -C /opt/hostedtoolcache/Ruby/3.2.2 -f /home/runner/work/_temp/5afa9a61-3908-4f2c-b8cd-1cffbc2f634a
2024-03-02T16:40:41.5255838Z Took   0.40 seconds
2024-03-02T16:40:41.5257222Z ##[endgroup]
2024-03-02T16:40:41.5257869Z ##[group]Print Ruby version
2024-03-02T16:40:41.5270064Z [command]/opt/hostedtoolcache/Ruby/3.2.2/x64/bin/ruby --version
2024-03-02T16:40:41.5474478Z ruby 3.2.2 (2023-03-30 revision e51014f9c0) [x86_64-linux]
2024-03-02T16:40:41.5493686Z Took   0.02 seconds
2024-03-02T16:40:41.5495273Z ##[endgroup]
2024-03-02T16:40:41.5496452Z ##[group]Installing Bundler
2024-03-02T16:40:41.5502955Z Using Bundler 2.5.4 from Gemfile.lock BUNDLED WITH 2.5.4
2024-03-02T16:40:41.5507771Z [command]/opt/hostedtoolcache/Ruby/3.2.2/x64/bin/gem install bundler -v 2.5.4
2024-03-02T16:40:42.0975801Z Successfully installed bundler-2.5.4
2024-03-02T16:40:42.0976300Z 1 gem installed
2024-03-02T16:40:42.1027442Z Took   0.55 seconds
2024-03-02T16:40:42.1028750Z ##[endgroup]
2024-03-02T16:40:42.1030129Z > bundle install
2024-03-02T16:40:42.1046614Z [command]/opt/hostedtoolcache/Ruby/3.2.2/x64/bin/bundle config --local path /home/runner/work/human-essentials/human-essentials/vendor/bundle
2024-03-02T16:40:42.2503066Z [command]/opt/hostedtoolcache/Ruby/3.2.2/x64/bin/bundle config --local deployment true
2024-03-02T16:40:42.3966305Z Cache key: setup-ruby-bundler-cache-v6-ubuntu-22.04-x64-ruby-3.2.2-wd-/home/runner/work/human-essentials/human-essentials-with--without--only--Gemfile.lock-39ae7e18d3992f620a5bdbd3de4b2af3682e809187e3b75b2d630b2a6c035aea
2024-03-02T16:40:43.9020997Z Received 8388608 of 214852537 (3.9%), 8.0 MBs/sec
2024-03-02T16:40:44.9028298Z Received 163577856 of 214852537 (76.1%), 78.0 MBs/sec
2024-03-02T16:40:45.1280007Z Cache Size: ~205 MB (214852537 B)
2024-03-02T16:40:45.1314972Z [command]/usr/bin/tar -xf /home/runner/work/_temp/117ffada-8663-452b-8591-1b4ad0d77bf3/cache.tzst -P -C /home/runner/work/human-essentials/human-essentials --use-compress-program unzstd
2024-03-02T16:40:45.9025764Z Received 214852537 of 214852537 (100.0%), 68.3 MBs/sec
2024-03-02T16:40:46.8593604Z Cache restored successfully
2024-03-02T16:40:46.9048543Z Found cache for key: setup-ruby-bundler-cache-v6-ubuntu-22.04-x64-ruby-3.2.2-wd-/home/runner/work/human-essentials/human-essentials-with--without--only--Gemfile.lock-39ae7e18d3992f620a5bdbd3de4b2af3682e809187e3b75b2d630b2a6c035aea
2024-03-02T16:40:46.9058299Z [command]/opt/hostedtoolcache/Ruby/3.2.2/x64/bin/bundle install --jobs 4
2024-03-02T16:40:47.2815419Z Bundle complete! 85 Gemfile dependencies, 246 gems now installed.
2024-03-02T16:40:47.2817363Z Bundled gems are installed into `./vendor/bundle`
2024-03-02T16:40:47.2861951Z Took   5.18 seconds
2024-03-02T16:40:47.3046911Z ##[group]Run sudo apt-get -yqq install libpq-dev
2024-03-02T16:40:47.3047504Z [36;1msudo apt-get -yqq install libpq-dev[0m
2024-03-02T16:40:47.3092888Z shell: /usr/bin/bash -e {0}
2024-03-02T16:40:47.3093322Z ##[endgroup]
2024-03-02T16:40:48.4684547Z ##[group]Run bundle exec rake db:create
2024-03-02T16:40:48.4685089Z [36;1mbundle exec rake db:create[0m
2024-03-02T16:40:48.4685565Z [36;1mbundle exec rake db:schema:load[0m
2024-03-02T16:40:48.4686145Z [36;1mbundle exec rails assets:precompile[0m
2024-03-02T16:40:48.4714302Z shell: /usr/bin/bash -e {0}
2024-03-02T16:40:48.4714753Z env:
2024-03-02T16:40:48.4715089Z   POSTGRES_HOST: localhost
2024-03-02T16:40:48.4715587Z   DATABASE_HOST: localhost
2024-03-02T16:40:48.4715945Z   PG_USERNAME: postgres
2024-03-02T16:40:48.4716334Z   PG_PASSWORD: password
2024-03-02T16:40:48.4716803Z   POSTGRES_HOST_AUTH_METHOD: trust
2024-03-02T16:40:48.4717220Z   POSTGRES_PORT: 5432
2024-03-02T16:40:48.4717639Z   RAILS_ENV: test
2024-03-02T16:40:48.4718004Z ##[endgroup]
2024-03-02T16:40:54.8303044Z We could not find your database: diaper_test. Which can be found in the database configuration file located at config/database.yml.
2024-03-02T16:40:54.8304231Z 
2024-03-02T16:40:54.8304585Z To resolve this issue:
2024-03-02T16:40:54.8305134Z 
2024-03-02T16:40:54.8306097Z - Did you create the database for this app, or delete it? You may need to create your database.
2024-03-02T16:40:54.8307705Z - Has the database name changed? Check your database.yml config has the correct database name.
2024-03-02T16:40:54.8308577Z 
2024-03-02T16:40:54.8308895Z To create your database, run:
2024-03-02T16:40:54.8309366Z 
2024-03-02T16:40:54.8309587Z         bin/rails db:create
2024-03-02T16:40:54.8310497Z . You likely need to run `rails g flipper:active_record` and/or `rails db:migrate`.
2024-03-02T16:40:55.0682598Z Created database 'diaper_test'
2024-03-02T16:40:55.3685363Z Coverage report generated for RSpec to /home/runner/work/human-essentials/human-essentials/coverage. 329 / 10194 LOC (3.23%) covered.
2024-03-02T16:41:01.7204371Z PG::UndefinedTable: ERROR:  relation "flipper_gates" does not exist
2024-03-02T16:41:01.7205989Z LINE 9:  WHERE a.attrelid = '"flipper_gates"'::regclass
2024-03-02T16:41:01.7206871Z                             ^
2024-03-02T16:41:01.7207830Z . You likely need to run `rails g flipper:active_record` and/or `rails db:migrate`.
2024-03-02T16:41:02.5656006Z Coverage report generated for RSpec to /home/runner/work/human-essentials/human-essentials/coverage. 329 / 10194 LOC (3.23%) covered.
2024-03-02T16:41:36.2256783Z W, [2024-03-02T08:41:36.225273 #2377]  WARN -- : Removed sourceMappingURL comment for missing asset 'adminlte.js.map' from /home/runner/work/human-essentials/human-essentials/app/javascript/adminlte.js
2024-03-02T16:41:36.2879228Z I, [2024-03-02T08:41:36.287500 #2377]  INFO -- : Writing /home/runner/work/human-essentials/human-essentials/public/assets/manifest-90aab26ade71e747f745b1227b433fd7d580a54f279ee2be6e1a67bb326bf03a.js
2024-03-02T16:41:36.2882399Z I, [2024-03-02T08:41:36.287695 #2377]  INFO -- : Writing /home/runner/work/human-essentials/human-essentials/public/assets/manifest-90aab26ade71e747f745b1227b433fd7d580a54f279ee2be6e1a67bb326bf03a.js.gz
2024-03-02T16:41:36.2885989Z I, [2024-03-02T08:41:36.288077 #2377]  INFO -- : Writing /home/runner/work/human-essentials/human-essentials/public/assets/filterrific/filterrific-spinner-415824b210964b6cdb1db0bd9508be8644b9fde094b392f73055b20d369885b6.gif
2024-03-02T16:41:36.2889271Z I, [2024-03-02T08:41:36.288420 #2377]  INFO -- : Writing /home/runner/work/human-essentials/human-essentials/public/assets/bootstrap.min-67c48d88a8e0be178058aacb338b084191ed6d65c8fef751c50248202cf1488a.js
2024-03-02T16:41:36.2893145Z I, [2024-03-02T08:41:36.288714 #2377]  INFO -- : Writing /home/runner/work/human-essentials/human-essentials/public/assets/bootstrap.min-67c48d88a8e0be178058aacb338b084191ed6d65c8fef751c50248202cf1488a.js.gz
2024-03-02T16:41:36.2896426Z I, [2024-03-02T08:41:36.289029 #2377]  INFO -- : Writing /home/runner/work/human-essentials/human-essentials/public/assets/DiaperBase-Logo-f18172876cab49a451ca9c3178b578ab2019e03f111a6b6f3ba0c1b40b3d7c0c.png
2024-03-02T16:41:36.2900730Z I, [2024-03-02T08:41:36.289630 #2377]  INFO -- : Writing /home/runner/work/human-essentials/human-essentials/public/assets/Just-Diaper-05bf6a1b70ccad149eb4eca7b5f9fcca1f9c37bab1f8e5edb6798d66c903ba53.svg
2024-03-02T16:41:36.2904384Z I, [2024-03-02T08:41:36.289753 #2377]  INFO -- : Writing /home/runner/work/human-essentials/human-essentials/public/assets/Just-Diaper-05bf6a1b70ccad149eb4eca7b5f9fcca1f9c37bab1f8e5edb6798d66c903ba53.svg.gz
2024-03-02T16:41:36.2907293Z I, [2024-03-02T08:41:36.289868 #2377]  INFO -- : Writing /home/runner/work/human-essentials/human-essentials/public/assets/barcode-932aed25f5c148b36882be3bfb6696ecdd362ba0a709ff0674a10477f2aad8f3.svg
2024-03-02T16:41:36.2909312Z I, [2024-03-02T08:41:36.289984 #2377]  INFO -- : Writing /home/runner/work/human-essentials/human-essentials/public/assets/barcode-932aed25f5c148b36882be3bfb6696ecdd362ba0a709ff0674a10477f2aad8f3.svg.gz
2024-03-02T16:41:36.2911272Z I, [2024-03-02T08:41:36.290146 #2377]  INFO -- : Writing /home/runner/work/human-essentials/human-essentials/public/assets/bars-db7a0aaf1cd735270b170cba53dca71c75473940ab48639c609a72964eb92f4d.svg
2024-03-02T16:41:36.2916708Z I, [2024-03-02T08:41:36.291392 #2377]  INFO -- : Writing /home/runner/work/human-essentials/human-essentials/public/assets/bars-db7a0aaf1cd735270b170cba53dca71c75473940ab48639c609a72964eb92f4d.svg.gz
2024-03-02T16:41:36.2924570Z I, [2024-03-02T08:41:36.292184 #2377]  INFO -- : Writing /home/runner/work/human-essentials/human-essentials/public/assets/blue@2x-709ca6c252f762af1e5efb0ef1e7444a712cb0ec010fee01749b67a595a7c0c6.png
2024-03-02T16:41:36.2928664Z I, [2024-03-02T08:41:36.292403 #2377]  INFO -- : Writing /home/runner/work/human-essentials/human-essentials/public/assets/boxed-bg-6c60c3f8655fa4062631bbe1434face4fe3d70392159e976ec09ca6ad9330e7d.jpg
2024-03-02T16:41:36.2932314Z I, [2024-03-02T08:41:36.292589 #2377]  INFO -- : Writing /home/runner/work/human-essentials/human-essentials/public/assets/boxed-bg-eb7b1fa0c09f5ef599fc5138e33168827f2ec4e1f796cf8a78570d8a73a58190.png
2024-03-02T16:41:36.2934733Z I, [2024-03-02T08:41:36.292752 #2377]  INFO -- : Writing /home/runner/work/human-essentials/human-essentials/public/assets/dashboard-image-3db42e909886dffccb680715feccab83cc867b4581b0009558e746364e2ec332.svg
2024-03-02T16:41:36.2937384Z I, [2024-03-02T08:41:36.292898 #2377]  INFO -- : Writing /home/runner/work/human-essentials/human-essentials/public/assets/dashboard-image-3db42e909886dffccb680715feccab83cc867b4581b0009558e746364e2ec332.svg.gz
2024-03-02T16:41:36.2940859Z I, [2024-03-02T08:41:36.293008 #2377]  INFO -- : Writing /home/runner/work/human-essentials/human-essentials/public/assets/forecasting-32dffccc42e6c09203d36acbc2243b4bc746dc2f1198c1ff43def4bb48e335b2.svg
2024-03-02T16:41:36.2944648Z I, [2024-03-02T08:41:36.293116 #2377]  INFO -- : Writing /home/runner/work/human-essentials/human-essentials/public/assets/forecasting-32dffccc42e6c09203d36acbc2243b4bc746dc2f1198c1ff43def4bb48e335b2.svg.gz
2024-03-02T16:41:36.2948002Z I, [2024-03-02T08:41:36.293219 #2377]  INFO -- : Writing /home/runner/work/human-essentials/human-essentials/public/assets/hero-image-0ba273def6de748beb2a64206e115d8e4a109ad51ef255512f4c6522e5b9225b.svg
2024-03-02T16:41:36.2951412Z I, [2024-03-02T08:41:36.294039 #2377]  INFO -- : Writing /home/runner/work/human-essentials/human-essentials/public/assets/hero-image-0ba273def6de748beb2a64206e115d8e4a109ad51ef255512f4c6522e5b9225b.svg.gz
2024-03-02T16:41:36.2955211Z I, [2024-03-02T08:41:36.294169 #2377]  INFO -- : Writing /home/runner/work/human-essentials/human-essentials/public/assets/inventory-image-3d91fc8087e13632114d9d129a680b992e02aae297b2bf180089cd55792249b2.svg
2024-03-02T16:41:36.2959017Z I, [2024-03-02T08:41:36.294438 #2377]  INFO -- : Writing /home/runner/work/human-essentials/human-essentials/public/assets/inventory-image-3d91fc8087e13632114d9d129a680b992e02aae297b2bf180089cd55792249b2.svg.gz
2024-03-02T16:41:36.2962835Z I, [2024-03-02T08:41:36.294561 #2377]  INFO -- : Writing /home/runner/work/human-essentials/human-essentials/public/assets/partner-management-c2cd4a940d1cf59f66928bc5097b4d4528b6de95abcc66421edf341c59311d40.svg
2024-03-02T16:41:36.2966495Z I, [2024-03-02T08:41:36.295054 #2377]  INFO -- : Writing /home/runner/work/human-essentials/human-essentials/public/assets/partner-management-c2cd4a940d1cf59f66928bc5097b4d4528b6de95abcc66421edf341c59311d40.svg.gz
2024-03-02T16:41:36.2970183Z I, [2024-03-02T08:41:36.295432 #2377]  INFO -- : Writing /home/runner/work/human-essentials/human-essentials/public/assets/quote-e4395f28913ad7b7785c522f0b6f2363a960720cf3bc26705438f6efb55edb7d.svg
2024-03-02T16:41:36.2973304Z I, [2024-03-02T08:41:36.295555 #2377]  INFO -- : Writing /home/runner/work/human-essentials/human-essentials/public/assets/quote-e4395f28913ad7b7785c522f0b6f2363a960720cf3bc26705438f6efb55edb7d.svg.gz
2024-03-02T16:41:36.2975350Z I, [2024-03-02T08:41:36.295669 #2377]  INFO -- : Writing /home/runner/work/human-essentials/human-essentials/public/assets/report-image-a9fc71739eca5457d288f1c234a0d84237ba8eef8bd20a9935bd45d84d03ae6b.svg
2024-03-02T16:41:36.2978308Z I, [2024-03-02T08:41:36.295784 #2377]  INFO -- : Writing /home/runner/work/human-essentials/human-essentials/public/assets/report-image-a9fc71739eca5457d288f1c234a0d84237ba8eef8bd20a9935bd45d84d03ae6b.svg.gz
2024-03-02T16:41:36.2982190Z I, [2024-03-02T08:41:36.295896 #2377]  INFO -- : Writing /home/runner/work/human-essentials/human-essentials/public/assets/test-only-background-c4843e992a593298a8c43815c8950b766061a96fd7d3e92838354914c41d7243.jpg
2024-03-02T16:41:36.2985962Z I, [2024-03-02T08:41:36.296055 #2377]  INFO -- : Writing /home/runner/work/human-essentials/human-essentials/public/assets/AdminLTE-9d75f9bf2ec81bc0a0de450227ed6268dad2cd66401439503c18d3241dfb241d.css
2024-03-02T16:41:36.2989646Z I, [2024-03-02T08:41:36.296140 #2377]  INFO -- : Writing /home/runner/work/human-essentials/human-essentials/public/assets/AdminLTE-9d75f9bf2ec81bc0a0de450227ed6268dad2cd66401439503c18d3241dfb241d.css.gz
2024-03-02T16:41:36.2993171Z I, [2024-03-02T08:41:36.296247 #2377]  INFO -- : Writing /home/runner/work/human-essentials/human-essentials/public/assets/_colors-04024382391bb910584145d8113cf35ef376b55d125bb4516cebeb14ce788597.css
2024-03-02T16:41:36.2996579Z I, [2024-03-02T08:41:36.296326 #2377]  INFO -- : Writing /home/runner/work/human-essentials/human-essentials/public/assets/_colors-04024382391bb910584145d8113cf35ef376b55d125bb4516cebeb14ce788597.css.gz
2024-03-02T16:41:36.3000198Z I, [2024-03-02T08:41:36.296438 #2377]  INFO -- : Writing /home/runner/work/human-essentials/human-essentials/public/assets/application-c21613708cb0f40361dc08d066cb68c559e4b3982f802956f4439959cad9af23.css
2024-03-02T16:41:36.3003773Z I, [2024-03-02T08:41:36.296521 #2377]  INFO -- : Writing /home/runner/work/human-essentials/human-essentials/public/assets/application-c21613708cb0f40361dc08d066cb68c559e4b3982f802956f4439959cad9af23.css.gz
2024-03-02T16:41:36.3007478Z I, [2024-03-02T08:41:36.296623 #2377]  INFO -- : Writing /home/runner/work/human-essentials/human-essentials/public/assets/test-only-background-c4843e992a593298a8c43815c8950b766061a96fd7d3e92838354914c41d7243.jpg
2024-03-02T16:41:36.3010658Z I, [2024-03-02T08:41:36.296778 #2377]  INFO -- : Writing /home/runner/work/human-essentials/human-essentials/public/assets/audits-83372b845d8a4887e7e4d2315cf3c85ea60ef94ca0ec4774dfbcd3cf569c616c.css
2024-03-02T16:41:36.3012661Z I, [2024-03-02T08:41:36.297138 #2377]  INFO -- : Writing /home/runner/work/human-essentials/human-essentials/public/assets/audits-83372b845d8a4887e7e4d2315cf3c85ea60ef94ca0ec4774dfbcd3cf569c616c.css.gz
2024-03-02T16:41:36.3014915Z I, [2024-03-02T08:41:36.297857 #2377]  INFO -- : Writing /home/runner/work/human-essentials/human-essentials/public/assets/barcode_reader-3799c29218802c1dbba4c700f3863ec24505a9e3e7b54d36282fff667d7c94ca.css
2024-03-02T16:41:36.3016887Z I, [2024-03-02T08:41:36.297962 #2377]  INFO -- : Writing /home/runner/work/human-essentials/human-essentials/public/assets/barcode_reader-3799c29218802c1dbba4c700f3863ec24505a9e3e7b54d36282fff667d7c94ca.css.gz
2024-03-02T16:41:36.3019012Z I, [2024-03-02T08:41:36.298071 #2377]  INFO -- : Writing /home/runner/work/human-essentials/human-essentials/public/assets/custom-4ac26623bf6f4d95aa1164e1ad4d6cbb2bb8dda4af8e4a2f1b4368bc92491085.css
2024-03-02T16:41:36.3021040Z I, [2024-03-02T08:41:36.298143 #2377]  INFO -- : Writing /home/runner/work/human-essentials/human-essentials/public/assets/custom-4ac26623bf6f4d95aa1164e1ad4d6cbb2bb8dda4af8e4a2f1b4368bc92491085.css.gz
2024-03-02T16:41:36.3023096Z I, [2024-03-02T08:41:36.298236 #2377]  INFO -- : Writing /home/runner/work/human-essentials/human-essentials/public/assets/test-only-background-c4843e992a593298a8c43815c8950b766061a96fd7d3e92838354914c41d7243.jpg
2024-03-02T16:41:36.3025137Z I, [2024-03-02T08:41:36.298380 #2377]  INFO -- : Writing /home/runner/work/human-essentials/human-essentials/public/assets/expandable_table-cca1600cf25c44c6bea2733167509ffe9133f344e9defe984ad96bd427b29a19.css
2024-03-02T16:41:36.3030291Z I, [2024-03-02T08:41:36.302751 #2377]  INFO -- : Writing /home/runner/work/human-essentials/human-essentials/public/assets/expandable_table-cca1600cf25c44c6bea2733167509ffe9133f344e9defe984ad96bd427b29a19.css.gz
2024-03-02T16:41:36.3034372Z I, [2024-03-02T08:41:36.302895 #2377]  INFO -- : Writing /home/runner/work/human-essentials/human-essentials/public/assets/landing_page-4fe5dfcfea8b5bbd7722658652ff4ee86132a41b8aff92e9ef8b1216cb7259fa.css
2024-03-02T16:41:36.3038064Z I, [2024-03-02T08:41:36.302992 #2377]  INFO -- : Writing /home/runner/work/human-essentials/human-essentials/public/assets/landing_page-4fe5dfcfea8b5bbd7722658652ff4ee86132a41b8aff92e9ef8b1216cb7259fa.css.gz
2024-03-02T16:41:36.3041665Z I, [2024-03-02T08:41:36.303104 #2377]  INFO -- : Writing /home/runner/work/human-essentials/human-essentials/public/assets/modal-dialog-9d7ae8bb43b60ac4c7d9910700392b20618ae2db4d5db33453b157171d5e0f7d.css
2024-03-02T16:41:36.3050681Z I, [2024-03-02T08:41:36.304634 #2377]  INFO -- : Writing /home/runner/work/human-essentials/human-essentials/public/assets/modal-dialog-9d7ae8bb43b60ac4c7d9910700392b20618ae2db4d5db33453b157171d5e0f7d.css.gz
2024-03-02T16:41:36.3055443Z I, [2024-03-02T08:41:36.304777 #2377]  INFO -- : Writing /home/runner/work/human-essentials/human-essentials/public/assets/progress_stepper-7f8ef0dc05a9a00a300e56f6f3e4ccfdde4af8e392407ccc6601d60019067ccb.css
2024-03-02T16:41:36.3059228Z I, [2024-03-02T08:41:36.304895 #2377]  INFO -- : Writing /home/runner/work/human-essentials/human-essentials/public/assets/progress_stepper-7f8ef0dc05a9a00a300e56f6f3e4ccfdde4af8e392407ccc6601d60019067ccb.css.gz
2024-03-02T16:41:36.3063076Z I, [2024-03-02T08:41:36.305013 #2377]  INFO -- : Writing /home/runner/work/human-essentials/human-essentials/public/assets/transfers-c9ab43ff53dab5dc13681712afc9b6fb31d7865d5ac8c657220deff9f138fa8c.css
2024-03-02T16:41:36.3066759Z I, [2024-03-02T08:41:36.305107 #2377]  INFO -- : Writing /home/runner/work/human-essentials/human-essentials/public/assets/transfers-c9ab43ff53dab5dc13681712afc9b6fb31d7865d5ac8c657220deff9f138fa8c.css.gz
2024-03-02T16:41:36.3070877Z I, [2024-03-02T08:41:36.305218 #2377]  INFO -- : Writing /home/runner/work/human-essentials/human-essentials/public/assets/adminlte-886a0b559685ec92cd8dd4dbf957899292f9c0bd344c90c304d28973363a8eaf.js
2024-03-02T16:41:36.3074079Z I, [2024-03-02T08:41:36.305310 #2377]  INFO -- : Writing /home/runner/work/human-essentials/human-essentials/public/assets/adminlte-886a0b559685ec92cd8dd4dbf957899292f9c0bd344c90c304d28973363a8eaf.js.gz
2024-03-02T16:41:36.3076723Z I, [2024-03-02T08:41:36.305432 #2377]  INFO -- : Writing /home/runner/work/human-essentials/human-essentials/public/assets/application-f9d5a0970e6dc2d1d44ca8dfd6129e9fed2dccf1b460a6bba6eab9dd7aa61c92.js
2024-03-02T16:41:36.3078907Z I, [2024-03-02T08:41:36.305506 #2377]  INFO -- : Writing /home/runner/work/human-essentials/human-essentials/public/assets/application-f9d5a0970e6dc2d1d44ca8dfd6129e9fed2dccf1b460a6bba6eab9dd7aa61c92.js.gz
2024-03-02T16:41:36.3081177Z I, [2024-03-02T08:41:36.305604 #2377]  INFO -- : Writing /home/runner/work/human-essentials/human-essentials/public/assets/cocoon-js-vanilla-cc8e46e9b16a6217f3c14c60ca346454c9c01d8d41e5c073ae14f85fac052e96.js
2024-03-02T16:41:36.3083280Z I, [2024-03-02T08:41:36.305674 #2377]  INFO -- : Writing /home/runner/work/human-essentials/human-essentials/public/assets/cocoon-js-vanilla-cc8e46e9b16a6217f3c14c60ca346454c9c01d8d41e5c073ae14f85fac052e96.js.gz
2024-03-02T16:41:36.3085482Z I, [2024-03-02T08:41:36.305772 #2377]  INFO -- : Writing /home/runner/work/human-essentials/human-essentials/public/assets/controllers/application-368d98631bccbf2349e0d4f8269afb3fe9625118341966de054759d96ea86c7e.js
2024-03-02T16:41:36.3087609Z I, [2024-03-02T08:41:36.305841 #2377]  INFO -- : Writing /home/runner/work/human-essentials/human-essentials/public/assets/controllers/application-368d98631bccbf2349e0d4f8269afb3fe9625118341966de054759d96ea86c7e.js.gz
2024-03-02T16:41:36.3091605Z I, [2024-03-02T08:41:36.305930 #2377]  INFO -- : Writing /home/runner/work/human-essentials/human-essentials/public/assets/controllers/area_served_controller-c8c048ef9ee2d145ba8408cda63546aff8ce9170e9cafb34075ebb01b43c6c34.js
2024-03-02T16:41:36.3095599Z I, [2024-03-02T08:41:36.305993 #2377]  INFO -- : Writing /home/runner/work/human-essentials/human-essentials/public/assets/controllers/area_served_controller-c8c048ef9ee2d145ba8408cda63546aff8ce9170e9cafb34075ebb01b43c6c34.js.gz
2024-03-02T16:41:36.3099514Z I, [2024-03-02T08:41:36.306077 #2377]  INFO -- : Writing /home/runner/work/human-essentials/human-essentials/public/assets/controllers/checkbox_with_nested_element_controller-1645dd2a3a857d546354c90b0c415a9d1dd4de6974048fd41bfc1d6f45ccb3eb.js
2024-03-02T16:41:36.3103605Z I, [2024-03-02T08:41:36.306141 #2377]  INFO -- : Writing /home/runner/work/human-essentials/human-essentials/public/assets/controllers/checkbox_with_nested_element_controller-1645dd2a3a857d546354c90b0c415a9d1dd4de6974048fd41bfc1d6f45ccb3eb.js.gz
2024-03-02T16:41:36.3107518Z I, [2024-03-02T08:41:36.306229 #2377]  INFO -- : Writing /home/runner/work/human-essentials/human-essentials/public/assets/controllers/distribution_delivery_controller-89fc613f734c2b1538c1e9948abeb353ea73d22678fc08597d48fa36a70c5c51.js
2024-03-02T16:41:36.3111465Z I, [2024-03-02T08:41:36.306293 #2377]  INFO -- : Writing /home/runner/work/human-essentials/human-essentials/public/assets/controllers/distribution_delivery_controller-89fc613f734c2b1538c1e9948abeb353ea73d22678fc08597d48fa36a70c5c51.js.gz
2024-03-02T16:41:36.3115490Z I, [2024-03-02T08:41:36.306382 #2377]  INFO -- : Writing /home/runner/work/human-essentials/human-essentials/public/assets/controllers/double_select_controller-bb2e4a65f2c66cacc8ec4dd491c2233b0aac53187ebe1fbaaffedfbaf7db9099.js
2024-03-02T16:41:36.3119444Z I, [2024-03-02T08:41:36.306443 #2377]  INFO -- : Writing /home/runner/work/human-essentials/human-essentials/public/assets/controllers/double_select_controller-bb2e4a65f2c66cacc8ec4dd491c2233b0aac53187ebe1fbaaffedfbaf7db9099.js.gz
2024-03-02T16:41:36.3123425Z I, [2024-03-02T08:41:36.306529 #2377]  INFO -- : Writing /home/runner/work/human-essentials/human-essentials/public/assets/controllers/highchart_controller-7640167d6e3481659a5ead23f046e3c6852c08e30ce8aa6f09aa5cce0f7ea02d.js
2024-03-02T16:41:36.3127388Z I, [2024-03-02T08:41:36.306590 #2377]  INFO -- : Writing /home/runner/work/human-essentials/human-essentials/public/assets/controllers/highchart_controller-7640167d6e3481659a5ead23f046e3c6852c08e30ce8aa6f09aa5cce0f7ea02d.js.gz
2024-03-02T16:41:36.3131415Z I, [2024-03-02T08:41:36.306675 #2377]  INFO -- : Writing /home/runner/work/human-essentials/human-essentials/public/assets/controllers/index-2db729dddcc5b979110e98de4b6720f83f91a123172e87281d5a58410fc43806.js
2024-03-02T16:41:36.3135590Z I, [2024-03-02T08:41:36.306739 #2377]  INFO -- : Writing /home/runner/work/human-essentials/human-essentials/public/assets/controllers/index-2db729dddcc5b979110e98de4b6720f83f91a123172e87281d5a58410fc43806.js.gz
2024-03-02T16:41:36.3139793Z I, [2024-03-02T08:41:36.307012 #2377]  INFO -- : Writing /home/runner/work/human-essentials/human-essentials/public/assets/controllers/request_item_controller-4ab1cb48f0cc30bba40f5311b6588189ddf5daf19bdf36b462cdeab0a663399b.js
2024-03-02T16:41:36.3143569Z I, [2024-03-02T08:41:36.307097 #2377]  INFO -- : Writing /home/runner/work/human-essentials/human-essentials/public/assets/controllers/request_item_controller-4ab1cb48f0cc30bba40f5311b6588189ddf5daf19bdf36b462cdeab0a663399b.js.gz
2024-03-02T16:41:36.3146050Z I, [2024-03-02T08:41:36.309111 #2377]  INFO -- : Writing /home/runner/work/human-essentials/human-essentials/public/assets/controllers/select2_controller-13c15fa4f8996b06b43552325b12e3a14e158db06264b83cfff2e521a16fceeb.js
2024-03-02T16:41:36.3148291Z I, [2024-03-02T08:41:36.313044 #2377]  INFO -- : Writing /home/runner/work/human-essentials/human-essentials/public/assets/controllers/select2_controller-13c15fa4f8996b06b43552325b12e3a14e158db06264b83cfff2e521a16fceeb.js.gz
2024-03-02T16:41:36.3150556Z I, [2024-03-02T08:41:36.313184 #2377]  INFO -- : Writing /home/runner/work/human-essentials/human-essentials/public/assets/controllers/served_area_controller-37738489813fc06349f3fb1bc7abc5d5493318ce553f1bebbfa1f8fe06ebfb4a.js
2024-03-02T16:41:36.3152772Z I, [2024-03-02T08:41:36.313376 #2377]  INFO -- : Writing /home/runner/work/human-essentials/human-essentials/public/assets/controllers/served_area_controller-37738489813fc06349f3fb1bc7abc5d5493318ce553f1bebbfa1f8fe06ebfb4a.js.gz
2024-03-02T16:41:36.3154928Z I, [2024-03-02T08:41:36.313494 #2377]  INFO -- : Writing /home/runner/work/human-essentials/human-essentials/public/assets/controllers/turbo_controller-7ee3a9437b4fb003ac4ea4ca0f3425fd197ce4538a1eeb606e5e5447aa948b54.js
2024-03-02T16:41:36.3157149Z I, [2024-03-02T08:41:36.313681 #2377]  INFO -- : Writing /home/runner/work/human-essentials/human-essentials/public/assets/controllers/turbo_controller-7ee3a9437b4fb003ac4ea4ca0f3425fd197ce4538a1eeb606e5e5447aa948b54.js.gz
2024-03-02T16:41:36.3159197Z I, [2024-03-02T08:41:36.313801 #2377]  INFO -- : Writing /home/runner/work/human-essentials/human-essentials/public/assets/startup-bf111fcbf368bc988dfcb050d057ec73e21f190d7921e15689dd5ebf674e6d00.js
2024-03-02T16:41:36.3161163Z I, [2024-03-02T08:41:36.313995 #2377]  INFO -- : Writing /home/runner/work/human-essentials/human-essentials/public/assets/startup-bf111fcbf368bc988dfcb050d057ec73e21f190d7921e15689dd5ebf674e6d00.js.gz
2024-03-02T16:41:36.3176049Z I, [2024-03-02T08:41:36.316363 #2377]  INFO -- : Writing /home/runner/work/human-essentials/human-essentials/public/assets/utils/barcode_items-ee1050c4d1ade4569ef6cfc83d5f4792f67daabaca0ae24f75455737fea0a72b.js
2024-03-02T16:41:36.3186427Z I, [2024-03-02T08:41:36.316487 #2377]  INFO -- : Writing /home/runner/work/human-essentials/human-essentials/public/assets/utils/barcode_items-ee1050c4d1ade4569ef6cfc83d5f4792f67daabaca0ae24f75455737fea0a72b.js.gz
2024-03-02T16:41:36.3196309Z I, [2024-03-02T08:41:36.316632 #2377]  INFO -- : Writing /home/runner/work/human-essentials/human-essentials/public/assets/utils/barcode_scan-757b66b6921154f49e7cc4c5dc2f146f91f1648beffaa8ef106d94585a273ba9.js
2024-03-02T16:41:36.3215907Z I, [2024-03-02T08:41:36.316721 #2377]  INFO -- : Writing /home/runner/work/human-essentials/human-essentials/public/assets/utils/barcode_scan-757b66b6921154f49e7cc4c5dc2f146f91f1648beffaa8ef106d94585a273ba9.js.gz
2024-03-02T16:41:36.3230486Z I, [2024-03-02T08:41:36.316848 #2377]  INFO -- : Writing /home/runner/work/human-essentials/human-essentials/public/assets/utils/deadline_day_pickers-b0b264db9e3c8107c161cc4571e71cf901bcc511175271d218a553c4e1889065.js
2024-03-02T16:41:36.3234392Z I, [2024-03-02T08:41:36.316930 #2377]  INFO -- : Writing /home/runner/work/human-essentials/human-essentials/public/assets/utils/deadline_day_pickers-b0b264db9e3c8107c161cc4571e71cf901bcc511175271d218a553c4e1889065.js.gz
2024-03-02T16:41:36.3238067Z I, [2024-03-02T08:41:36.317037 #2377]  INFO -- : Writing /home/runner/work/human-essentials/human-essentials/public/assets/utils/distributions_and_transfers-1f9709e9a8df250acfe3e7a79f1501b2696b1f36d5adcf083a61a1b005cce3d2.js
2024-03-02T16:41:36.3241886Z I, [2024-03-02T08:41:36.317107 #2377]  INFO -- : Writing /home/runner/work/human-essentials/human-essentials/public/assets/utils/distributions_and_transfers-1f9709e9a8df250acfe3e7a79f1501b2696b1f36d5adcf083a61a1b005cce3d2.js.gz
2024-03-02T16:41:36.3245407Z I, [2024-03-02T08:41:36.317198 #2377]  INFO -- : Writing /home/runner/work/human-essentials/human-essentials/public/assets/utils/donations-1c3e9a15fc370afd2c3836ccf8dde6013c35412a8d83cf6c1e31bec95ef72b26.js
2024-03-02T16:41:36.3249038Z I, [2024-03-02T08:41:36.317269 #2377]  INFO -- : Writing /home/runner/work/human-essentials/human-essentials/public/assets/utils/donations-1c3e9a15fc370afd2c3836ccf8dde6013c35412a8d83cf6c1e31bec95ef72b26.js.gz
2024-03-02T16:41:36.3252368Z I, [2024-03-02T08:41:36.317362 #2377]  INFO -- : Writing /home/runner/work/human-essentials/human-essentials/public/assets/utils/purchases-5c814ba098feaa8a7b4abff24267c1da909f3e52e12c97660f8a0b8c1ff4aea1.js
2024-03-02T16:41:36.3255701Z I, [2024-03-02T08:41:36.317429 #2377]  INFO -- : Writing /home/runner/work/human-essentials/human-essentials/public/assets/utils/purchases-5c814ba098feaa8a7b4abff24267c1da909f3e52e12c97660f8a0b8c1ff4aea1.js.gz
2024-03-02T16:41:36.3259055Z I, [2024-03-02T08:41:36.317527 #2377]  INFO -- : Writing /home/runner/work/human-essentials/human-essentials/public/assets/filterrific-f3a290db250e05344fd62c216b903689f73eff5e270ef021e425551006092e08.js
2024-03-02T16:41:36.3262201Z I, [2024-03-02T08:41:36.317618 #2377]  INFO -- : Writing /home/runner/work/human-essentials/human-essentials/public/assets/filterrific-f3a290db250e05344fd62c216b903689f73eff5e270ef021e425551006092e08.js.gz
2024-03-02T16:41:36.3265504Z I, [2024-03-02T08:41:36.317737 #2377]  INFO -- : Writing /home/runner/work/human-essentials/human-essentials/public/assets/stimulusloading-1fc59770fb1654500044afd3f5f6d7d00800e5be36746d55b94a2963a7a228aa.js
2024-03-02T16:41:36.3268800Z I, [2024-03-02T08:41:36.317826 #2377]  INFO -- : Writing /home/runner/work/human-essentials/human-essentials/public/assets/stimulusloading-1fc59770fb1654500044afd3f5f6d7d00800e5be36746d55b94a2963a7a228aa.js.gz
2024-03-02T16:41:36.3272412Z I, [2024-03-02T08:41:36.317939 #2377]  INFO -- : Writing /home/runner/work/human-essentials/human-essentials/public/assets/turbo-4851a9a0b1d947e810dfd0448a72aef261d455183ebea681f4f28a73640a9ece.js
2024-03-02T16:41:36.3276147Z I, [2024-03-02T08:41:36.318024 #2377]  INFO -- : Writing /home/runner/work/human-essentials/human-essentials/public/assets/turbo-4851a9a0b1d947e810dfd0448a72aef261d455183ebea681f4f28a73640a9ece.js.gz
2024-03-02T16:41:36.3279774Z I, [2024-03-02T08:41:36.318139 #2377]  INFO -- : Writing /home/runner/work/human-essentials/human-essentials/public/assets/turbo.min-f309baafa3ae5ad6ccee3e7362118b87678d792db8e8ab466c4fa284dd3a4700.js
2024-03-02T16:41:36.3283455Z I, [2024-03-02T08:41:36.318227 #2377]  INFO -- : Writing /home/runner/work/human-essentials/human-essentials/public/assets/turbo.min-f309baafa3ae5ad6ccee3e7362118b87678d792db8e8ab466c4fa284dd3a4700.js.gz
2024-03-02T16:41:36.3287342Z I, [2024-03-02T08:41:36.318346 #2377]  INFO -- : Writing /home/runner/work/human-essentials/human-essentials/public/assets/turbo.min.js-8bc8f4a58d1c106d58dec8bef6c638ff12ff4d078f19d8ebd8c4277f4c9bc85a.map
2024-03-02T16:41:36.3291401Z I, [2024-03-02T08:41:36.318431 #2377]  INFO -- : Writing /home/runner/work/human-essentials/human-essentials/public/assets/turbo.min.js-8bc8f4a58d1c106d58dec8bef6c638ff12ff4d078f19d8ebd8c4277f4c9bc85a.map.gz
2024-03-02T16:41:36.3295537Z I, [2024-03-02T08:41:36.318544 #2377]  INFO -- : Writing /home/runner/work/human-essentials/human-essentials/public/assets/stimulus-loading-3576ce92b149ad5d6959438c6f291e2426c86df3b874c525b30faad51b0d96b3.js
2024-03-02T16:41:36.3299343Z I, [2024-03-02T08:41:36.318633 #2377]  INFO -- : Writing /home/runner/work/human-essentials/human-essentials/public/assets/stimulus-loading-3576ce92b149ad5d6959438c6f291e2426c86df3b874c525b30faad51b0d96b3.js.gz
2024-03-02T16:41:36.3302891Z I, [2024-03-02T08:41:36.318824 #2377]  INFO -- : Writing /home/runner/work/human-essentials/human-essentials/public/assets/popper-003a40d80fd205e1fa00da117d5bdc19720ba330706eaa17f9ba9513fa502304.js
2024-03-02T16:41:36.3306200Z I, [2024-03-02T08:41:36.318911 #2377]  INFO -- : Writing /home/runner/work/human-essentials/human-essentials/public/assets/popper-003a40d80fd205e1fa00da117d5bdc19720ba330706eaa17f9ba9513fa502304.js.gz
2024-03-02T16:41:36.3309393Z I, [2024-03-02T08:41:36.319023 #2377]  INFO -- : Writing /home/runner/work/human-essentials/human-essentials/public/assets/actiontext-28c61f5197c204db043317a8f8826a87ab31495b741f854d307ca36122deefce.js
2024-03-02T16:41:36.3312749Z I, [2024-03-02T08:41:36.319112 #2377]  INFO -- : Writing /home/runner/work/human-essentials/human-essentials/public/assets/actiontext-28c61f5197c204db043317a8f8826a87ab31495b741f854d307ca36122deefce.js.gz
2024-03-02T16:41:36.3316154Z I, [2024-03-02T08:41:36.319232 #2377]  INFO -- : Writing /home/runner/work/human-essentials/human-essentials/public/assets/trix-1563ff9c10f74e143b3ded40a8458497eaf2f87a648a5cbbfebdb7dec3447a5e.js
2024-03-02T16:41:36.3319324Z I, [2024-03-02T08:41:36.319316 #2377]  INFO -- : Writing /home/runner/work/human-essentials/human-essentials/public/assets/trix-1563ff9c10f74e143b3ded40a8458497eaf2f87a648a5cbbfebdb7dec3447a5e.js.gz
2024-03-02T16:41:36.3322412Z I, [2024-03-02T08:41:36.319423 #2377]  INFO -- : Writing /home/runner/work/human-essentials/human-essentials/public/assets/trix-b0398dade8e5ac249fe98f2e850f45adbcdfecd8a11c46b3eb67bdedb87b1b04.css
2024-03-02T16:41:36.3325663Z I, [2024-03-02T08:41:36.319633 #2377]  INFO -- : Writing /home/runner/work/human-essentials/human-essentials/public/assets/trix-b0398dade8e5ac249fe98f2e850f45adbcdfecd8a11c46b3eb67bdedb87b1b04.css.gz
2024-03-02T16:41:36.3526978Z I, [2024-03-02T08:41:36.319751 #2377]  INFO -- : Writing /home/runner/work/human-essentials/human-essentials/public/assets/stimulus-f75215805563870a61ee9dc5a207ce46d4675c7e667558a54344fd1e7baa697f.js
2024-03-02T16:41:36.3530705Z I, [2024-03-02T08:41:36.319836 #2377]  INFO -- : Writing /home/runner/work/human-essentials/human-essentials/public/assets/stimulus-f75215805563870a61ee9dc5a207ce46d4675c7e667558a54344fd1e7baa697f.js.gz
2024-03-02T16:41:36.3534120Z I, [2024-03-02T08:41:36.319946 #2377]  INFO -- : Writing /home/runner/work/human-essentials/human-essentials/public/assets/stimulus-autoloader-c584942b568ba74879da31c7c3d51366737bacaf6fbae659383c0a5653685693.js
2024-03-02T16:41:36.3537505Z I, [2024-03-02T08:41:36.320032 #2377]  INFO -- : Writing /home/runner/work/human-essentials/human-essentials/public/assets/stimulus-autoloader-c584942b568ba74879da31c7c3d51366737bacaf6fbae659383c0a5653685693.js.gz
2024-03-02T16:41:36.3541185Z I, [2024-03-02T08:41:36.320145 #2377]  INFO -- : Writing /home/runner/work/human-essentials/human-essentials/public/assets/stimulus-importmap-autoloader-db2076c783bf2dbee1226e2add52fef290b5d31b5bcd1edd999ac8a6dd31c44a.js
2024-03-02T16:41:36.3544962Z I, [2024-03-02T08:41:36.320231 #2377]  INFO -- : Writing /home/runner/work/human-essentials/human-essentials/public/assets/stimulus-importmap-autoloader-db2076c783bf2dbee1226e2add52fef290b5d31b5bcd1edd999ac8a6dd31c44a.js.gz
2024-03-02T16:41:36.3548719Z I, [2024-03-02T08:41:36.320338 #2377]  INFO -- : Writing /home/runner/work/human-essentials/human-essentials/public/assets/stimulus-loading-3576ce92b149ad5d6959438c6f291e2426c86df3b874c525b30faad51b0d96b3.js
2024-03-02T16:41:36.3552299Z I, [2024-03-02T08:41:36.320414 #2377]  INFO -- : Writing /home/runner/work/human-essentials/human-essentials/public/assets/stimulus-loading-3576ce92b149ad5d6959438c6f291e2426c86df3b874c525b30faad51b0d96b3.js.gz
2024-03-02T16:41:36.3555797Z I, [2024-03-02T08:41:36.320521 #2377]  INFO -- : Writing /home/runner/work/human-essentials/human-essentials/public/assets/stimulus.min-dd364f16ec9504dfb72672295637a1c8838773b01c0b441bd41008124c407894.js
2024-03-02T16:41:36.3559065Z I, [2024-03-02T08:41:36.320608 #2377]  INFO -- : Writing /home/runner/work/human-essentials/human-essentials/public/assets/stimulus.min-dd364f16ec9504dfb72672295637a1c8838773b01c0b441bd41008124c407894.js.gz
2024-03-02T16:41:36.3562610Z I, [2024-03-02T08:41:36.320717 #2377]  INFO -- : Writing /home/runner/work/human-essentials/human-essentials/public/assets/stimulus-autoloader-c584942b568ba74879da31c7c3d51366737bacaf6fbae659383c0a5653685693.js
2024-03-02T16:41:36.3565927Z I, [2024-03-02T08:41:36.320793 #2377]  INFO -- : Writing /home/runner/work/human-essentials/human-essentials/public/assets/stimulus-autoloader-c584942b568ba74879da31c7c3d51366737bacaf6fbae659383c0a5653685693.js.gz
2024-03-02T16:41:36.3569648Z I, [2024-03-02T08:41:36.320921 #2377]  INFO -- : Writing /home/runner/work/human-essentials/human-essentials/public/assets/stimulus-importmap-autoloader-db2076c783bf2dbee1226e2add52fef290b5d31b5bcd1edd999ac8a6dd31c44a.js
2024-03-02T16:41:36.3573276Z I, [2024-03-02T08:41:36.321001 #2377]  INFO -- : Writing /home/runner/work/human-essentials/human-essentials/public/assets/stimulus-importmap-autoloader-db2076c783bf2dbee1226e2add52fef290b5d31b5bcd1edd999ac8a6dd31c44a.js.gz
2024-03-02T16:41:36.3576856Z I, [2024-03-02T08:41:36.321100 #2377]  INFO -- : Writing /home/runner/work/human-essentials/human-essentials/public/assets/stimulus-loading-3576ce92b149ad5d6959438c6f291e2426c86df3b874c525b30faad51b0d96b3.js
2024-03-02T16:41:36.3580208Z I, [2024-03-02T08:41:36.321176 #2377]  INFO -- : Writing /home/runner/work/human-essentials/human-essentials/public/assets/stimulus-loading-3576ce92b149ad5d6959438c6f291e2426c86df3b874c525b30faad51b0d96b3.js.gz
2024-03-02T16:41:36.3583430Z I, [2024-03-02T08:41:36.321289 #2377]  INFO -- : Writing /home/runner/work/human-essentials/human-essentials/public/assets/stimulus.min.js-2cc63625fa177963b45da974806e7aee846cbf1d4930815733d0fdf3fb232325.map
2024-03-02T16:41:36.3586859Z I, [2024-03-02T08:41:36.321374 #2377]  INFO -- : Writing /home/runner/work/human-essentials/human-essentials/public/assets/stimulus.min.js-2cc63625fa177963b45da974806e7aee846cbf1d4930815733d0fdf3fb232325.map.gz
2024-03-02T16:41:36.3590083Z I, [2024-03-02T08:41:36.321485 #2377]  INFO -- : Writing /home/runner/work/human-essentials/human-essentials/public/assets/activestorage-3ab61e47dd4ee2d79db525ade1dca2ede0ea2b7371fe587e408ee37b7ade265d.js
2024-03-02T16:41:36.3593604Z I, [2024-03-02T08:41:36.321572 #2377]  INFO -- : Writing /home/runner/work/human-essentials/human-essentials/public/assets/activestorage-3ab61e47dd4ee2d79db525ade1dca2ede0ea2b7371fe587e408ee37b7ade265d.js.gz
2024-03-02T16:41:36.3596912Z I, [2024-03-02T08:41:36.321686 #2377]  INFO -- : Writing /home/runner/work/human-essentials/human-essentials/public/assets/activestorage.esm-01f58a45d77495cdfbdfcc872902a430426c4391634ec9c3da5f69fbf8418492.js
2024-03-02T16:41:36.3600268Z I, [2024-03-02T08:41:36.321773 #2377]  INFO -- : Writing /home/runner/work/human-essentials/human-essentials/public/assets/activestorage.esm-01f58a45d77495cdfbdfcc872902a430426c4391634ec9c3da5f69fbf8418492.js.gz
2024-03-02T16:41:36.3603494Z I, [2024-03-02T08:41:36.321882 #2377]  INFO -- : Writing /home/runner/work/human-essentials/human-essentials/public/assets/actioncable-5433453f9b6619a9de91aaab2d7fc7ff183e5260c0107cbc9a1aa0c838d9a74e.js
2024-03-02T16:41:36.3606933Z I, [2024-03-02T08:41:36.321965 #2377]  INFO -- : Writing /home/runner/work/human-essentials/human-essentials/public/assets/actioncable-5433453f9b6619a9de91aaab2d7fc7ff183e5260c0107cbc9a1aa0c838d9a74e.js.gz
2024-03-02T16:41:36.3610933Z I, [2024-03-02T08:41:36.322095 #2377]  INFO -- : Writing /home/runner/work/human-essentials/human-essentials/public/assets/actioncable.esm-e01089c3ec4fe7817fa9abcad06cab6bdc387f95f0ca6aab4bf7ba7537f70690.js
2024-03-02T16:41:36.3614573Z I, [2024-03-02T08:41:36.322181 #2377]  INFO -- : Writing /home/runner/work/human-essentials/human-essentials/public/assets/actioncable.esm-e01089c3ec4fe7817fa9abcad06cab6bdc387f95f0ca6aab4bf7ba7537f70690.js.gz
2024-03-02T16:41:36.8230746Z Coverage report generated for RSpec to /home/runner/work/human-essentials/human-essentials/coverage. 329 / 10194 LOC (3.23%) covered.
2024-03-02T16:41:36.8871899Z ##[group]Run RUBYOPT='-W:no-deprecated -W:no-experimental' bin/knapsack_pro_rspec
2024-03-02T16:41:36.8872779Z [36;1mRUBYOPT='-W:no-deprecated -W:no-experimental' bin/knapsack_pro_rspec[0m
2024-03-02T16:41:36.8900767Z shell: /usr/bin/bash -e {0}
2024-03-02T16:41:36.8901170Z env:
2024-03-02T16:41:36.8901590Z   POSTGRES_HOST: localhost
2024-03-02T16:41:36.8901994Z   DATABASE_HOST: localhost
2024-03-02T16:41:36.8902333Z   PG_USERNAME: postgres
2024-03-02T16:41:36.8902769Z   PG_PASSWORD: password
2024-03-02T16:41:36.8903194Z   POSTGRES_HOST_AUTH_METHOD: trust
2024-03-02T16:41:36.8903604Z   POSTGRES_PORT: 5432
2024-03-02T16:41:36.8904048Z   PGHOST: localhost
2024-03-02T16:41:36.8904391Z   PGUSER: postgres
2024-03-02T16:41:36.8904787Z   RAILS_ENV: test
2024-03-02T16:41:36.8905441Z   KNAPSACK_PRO_TEST_SUITE_TOKEN_RSPEC: ***
2024-03-02T16:41:36.8905863Z   KNAPSACK_PRO_CI_NODE_TOTAL: 6
2024-03-02T16:41:36.8906344Z   KNAPSACK_PRO_CI_NODE_INDEX: 4
2024-03-02T16:41:36.8906914Z   KNAPSACK_PRO_RSPEC_SPLIT_BY_TEST_EXAMPLES: true
2024-03-02T16:41:36.8907437Z   KNAPSACK_PRO_LOG_LEVEL: info
2024-03-02T16:41:36.8908085Z   KNAPSACK_PRO_TEST_FILE_PATTERN: {spec/system/**{,/*/**}/*_spec.rb,spec/requests/**{,/*/**}/*_spec.rb}
2024-03-02T16:41:36.8908731Z   EVENTS_READ: true
2024-03-02T16:41:36.8909114Z ##[endgroup]
2024-03-02T16:41:43.0202619Z I, [2024-03-02T16:41:43.019786 #2472]  INFO -- : [knapsack_pro] Generating RSpec test examples JSON report for slow test files to prepare it to be split by test examples (by individual test cases). Thanks to that, a single slow test file can be split across parallel CI nodes. Analyzing 1 slow test files.
2024-03-02T16:41:51.8621563Z Coverage report generated for RSpec to /home/runner/work/human-essentials/human-essentials/coverage. 2526 / 6642 LOC (38.03%) covered.
2024-03-02T16:41:56.0203552Z /opt/hostedtoolcache/Ruby/3.2.2/x64/bin/ruby -I/home/runner/work/human-essentials/human-essentials/vendor/bundle/ruby/3.2.0/gems/rspec-core-3.12.2/lib:/home/runner/work/human-essentials/human-essentials/vendor/bundle/ruby/3.2.0/gems/rspec-support-3.12.1/lib /home/runner/work/human-essentials/human-essentials/vendor/bundle/ruby/3.2.0/gems/rspec-core-3.12.2/exe/rspec  --format documentation --format KnapsackPro::Formatters::TimeTracker --default-path spec "spec/system/adjustment_system_spec.rb" "spec/system/sign_in_system_spec.rb" "spec/system/request_system_spec.rb" "spec/system/admin/base_items_system_spec.rb" "spec/system/partners/managing_requests_system_spec.rb" "spec/system/partners/family_requests_system_spec.rb" "spec/system/dashboard_system_spec.rb[1:2:5:2:1:3]" "spec/system/manufacturer_system_spec.rb" "spec/system/account_system_spec.rb" "spec/system/dashboard_system_spec.rb[1:2:2:1:1]" "spec/requests/purchases_requests_spec.rb" "spec/requests/barcode_items_requests_spec.rb" "spec/system/dashboard_system_spec.rb[1:2:6:6:1:1]" "spec/requests/users_requests_spec.rb" "spec/system/dashboard_system_spec.rb[1:2:5:6:1:3]" "spec/system/dashboard_system_spec.rb[1:2:3:4:1:1]" "spec/system/dashboard_system_spec.rb[1:2:4:2:1:1]" "spec/system/dashboard_system_spec.rb[1:2:5:2:1:2]" "spec/system/dashboard_system_spec.rb[1:2:5:8:1:2]" "spec/requests/product_drive_participants_requests_spec.rb" "spec/system/admin/dashboard_system_spec.rb" "spec/requests/partners/requests_spec.rb" "spec/system/dashboard_system_spec.rb[1:2:7:1]" "spec/requests/broadcast_announcements_spec.rb" "spec/requests/admin/questions_spec.rb" "spec/requests/donations_requests_spec.rb" "spec/requests/attachments_requests_spec.rb"
2024-03-02T16:42:04.3009470Z Run options: include {:ids=>{"./spec/system/dashboard_system_spec.rb"=>["1:2:5:2:1:3", "1:2:2:1:1", "1:2:6:6:1:1", "1:2:5:6:1:3", "1:2:3:4:1:1", "1:2:4:2:1:1", "1:2:5:2:1:2", "1:2:5:8:1:2", "1:2:7:1"]}}
2024-03-02T16:42:04.3040648Z 
2024-03-02T16:42:04.3041098Z Randomized with seed 50602
2024-03-02T16:42:05.3058449Z 
2024-03-02T16:42:05.3059027Z /partners/requests
2024-03-02T16:42:05.3060122Z   POST #create
2024-03-02T16:42:05.3061323Z     when given invalid parameters
2024-03-02T16:42:05.4232992Z       should not redirect
2024-03-02T16:42:05.4233767Z     when given valid parameters
2024-03-02T16:42:05.4852257Z       should redirect to the show page
2024-03-02T16:42:05.4852883Z   GET #index
2024-03-02T16:42:05.5335577Z     should render without any issues
2024-03-02T16:42:05.5958117Z     should display total count of items in partner request
2024-03-02T16:42:05.5958712Z   GET #show
2024-03-02T16:42:05.6461442Z     should render without any issues
2024-03-02T16:42:05.7167439Z     should give a 404 error if forbidden
2024-03-02T16:42:05.7647504Z     should give a 404 error if not found
2024-03-02T16:42:05.7648402Z   GET #new
2024-03-02T16:42:05.8158214Z     should render without any issues
2024-03-02T16:42:05.8158730Z 
2024-03-02T16:42:05.8159136Z Dashboard
2024-03-02T16:42:05.8160849Z   When the super admin user does not have an organization assigned
2024-03-02T16:42:12.1637754Z     DOES NOT have a link to the organization
2024-03-02T16:42:12.1638471Z   When the super admin user also has an organization assigned
2024-03-02T16:42:12.6403016Z     displays a link to return to their organization
2024-03-02T16:42:12.6403830Z 
2024-03-02T16:42:12.6404417Z ProductDriveParticipants
2024-03-02T16:42:12.6405511Z   While not signed in
2024-03-02T16:42:12.6557652Z     redirects the user to the sign-in page for CRUD actions
2024-03-02T16:42:12.6558557Z   While signed in
2024-03-02T16:42:12.6559376Z     GET #show
2024-03-02T16:42:12.6947496Z       returns http success
2024-03-02T16:42:12.6948417Z     GET #new
2024-03-02T16:42:12.7270904Z       returns http success
2024-03-02T16:42:12.7271369Z     POST #create
2024-03-02T16:42:12.7594471Z       flash error
2024-03-02T16:42:12.7733786Z       successful create
2024-03-02T16:42:12.7734434Z     XHR #create
2024-03-02T16:42:12.8027247Z       successful create
2024-03-02T16:42:12.8336803Z       flash error
2024-03-02T16:42:12.8337354Z     GET #index
2024-03-02T16:42:12.8338090Z       html
2024-03-02T16:42:12.8661595Z         is expected to be successful
2024-03-02T16:42:12.8662528Z       csv
2024-03-02T16:42:12.8820493Z         is expected to be successful
2024-03-02T16:42:12.8821187Z     GET #edit
2024-03-02T16:42:12.9135294Z       returns http success
2024-03-02T16:42:12.9136023Z     Looking at a different organization
2024-03-02T16:42:13.0830321Z       redirects the user to the sign-in page for CRUD actions
2024-03-02T16:42:13.0831242Z     POST #import_csv
2024-03-02T16:42:13.0831872Z       csv file with wrong headers
2024-03-02T16:42:13.1005150Z         presents a flash error message
2024-03-02T16:42:13.1132008Z         redirects
2024-03-02T16:42:13.1132636Z       with a csv file
2024-03-02T16:42:13.1311655Z         redirects
2024-03-02T16:42:13.1361188Z         invokes .import_csv
2024-03-02T16:42:13.1538951Z         presents a flash notice message
2024-03-02T16:42:13.1539698Z       without a csv file
2024-03-02T16:42:13.1653639Z         presents a flash error message
2024-03-02T16:42:13.1767071Z         redirects to :index
2024-03-02T16:42:13.1769233Z 
2024-03-02T16:42:13.1769615Z Users
2024-03-02T16:42:13.1771040Z   POST #send_partner_user_reset_password
2024-03-02T16:42:13.2959005Z     should return send a password even if case-insensitive spelling of email
2024-03-02T16:42:13.3388006Z     should send a password
2024-03-02T16:42:13.3792039Z     should return an error if it cannot find the user
2024-03-02T16:42:13.5830741Z     should return an error if organization does not own the partner
2024-03-02T16:42:13.5832145Z   GET #switch_to_partner_role
2024-03-02T16:42:13.5833345Z     with a partner role
2024-03-02T16:42:13.6197355Z       should redirect to the partner path
2024-03-02T16:42:13.6198314Z     without a partner role
2024-03-02T16:42:13.8152475Z       should redirect to the root path with an error
2024-03-02T16:42:13.8153350Z   GET #index
2024-03-02T16:42:13.8461415Z     returns http success
2024-03-02T16:42:13.8462036Z   GET #new
2024-03-02T16:42:13.8746481Z     returns http success
2024-03-02T16:42:13.8747059Z 
2024-03-02T16:42:13.8747570Z Attachments
2024-03-02T16:42:13.8748360Z   DELETE #destroy
2024-03-02T16:42:13.9219818Z     redirects to referrer
2024-03-02T16:42:13.9222843Z 
2024-03-02T16:42:13.9223117Z Dashboard
2024-03-02T16:42:13.9224731Z   With an existing essentials bank
2024-03-02T16:42:13.9225989Z     Manufacturer Donations
2024-03-02T16:42:13.9229921Z       given 1 Manufacturer donating on 2024-02-29  (unless 'All Time'), 1 during 2024-03-01..2024-03-31, and 1 on 2024-04-01
2024-03-02T16:42:13.9231234Z         filtering to 'This Month'
2024-03-02T16:42:15.7142329Z           shows the correct total and 3 Top Manufacturer Donation link(s)
2024-03-02T16:42:15.7144376Z     Donations
2024-03-02T16:42:15.7148483Z       given 1 Donation on 2024-02-29 (only if a valid date), 3 during 2024-03-01..2024-03-01, and 1 on 2024-03-02
2024-03-02T16:42:15.7149733Z         filtering to 'Yesterday'
2024-03-02T16:42:17.1814801Z           shows the correct total and 3 Recent Donation link(s)
2024-03-02T16:42:17.1815913Z     Inventory Totals
2024-03-02T16:42:17.1816936Z       Summary
2024-03-02T16:42:17.8884593Z         displays the on-hand totals
2024-03-02T16:42:17.8885536Z     Purchases
2024-03-02T16:42:17.8891532Z       given 1 Purchase on 2024-03-01  (unless 'All Time'), 1 during 2024-03-02..2024-03-02, and 1 on 2024-03-03
2024-03-02T16:42:17.8892758Z         filtering to 'Today'
2024-03-02T16:42:19.2751405Z           shows correct 1 Recent Purchase link(s)
2024-03-02T16:42:19.2752578Z     Product Drives
2024-03-02T16:42:19.2755306Z       given 1 Product Drive Donation on 2024-02-29 (unless 'All Time'), 0 during 2024-03-01..2024-03-31, and 1 on 2024-04-01
2024-03-02T16:42:19.2756507Z         filtering to 'This Month'
2024-03-02T16:42:22.6033165Z           shows 0 Recent Donation link(s)
2024-03-02T16:42:22.6034942Z       given 1 Product Drive Donation on 2024-03-01 (unless 'All Time'), 2 during 2024-03-02..2024-03-02, and 1 on 2024-03-03
2024-03-02T16:42:22.6035947Z         filtering to 'Today'
2024-03-02T16:42:24.0359125Z           shows the correct total money raised
2024-03-02T16:42:25.5710074Z           shows 2 Recent Donation link(s)
2024-03-02T16:42:25.5712396Z       given 1 Product Drive Donation on 2023-12-31 (unless 'All Time'), 1 during 2024-01-01..2024-12-31, and 1 on 2025-01-01
2024-03-02T16:42:25.5713652Z         filtering to 'This Year'
2024-03-02T16:42:26.9636992Z           shows the correct total money raised
2024-03-02T16:42:26.9638020Z     Distributions
2024-03-02T16:42:27.9140038Z       has a link to create a new distribution
2024-03-02T16:42:27.9144967Z 
2024-03-02T16:42:27.9145320Z Purchases
2024-03-02T16:42:27.9146631Z   While signed in as a user >
2024-03-02T16:42:27.9148129Z     PUT#update
2024-03-02T16:42:28.0396028Z       updates storage quantity correctly
2024-03-02T16:42:28.0779861Z       redirects to index after update
2024-03-02T16:42:28.0780448Z       when changing storage location
2024-03-02T16:42:28.1954794Z         updates storage quantity correctly
2024-03-02T16:42:28.1993067Z         rollsback updates if quantity would go below 0
2024-03-02T16:42:28.1993710Z       when removing a line item
2024-03-02T16:42:28.3223059Z         updates storage invetory item quantity correctly
2024-03-02T16:42:28.3223661Z     DELETE #destroy
2024-03-02T16:42:28.3468786Z       does not delete a purchase
2024-03-02T16:42:28.3688464Z       redirects to the dashboard
2024-03-02T16:42:28.3689075Z     GET #show
2024-03-02T16:42:28.4080802Z       returns http success
2024-03-02T16:42:28.4081670Z     POST#create
2024-03-02T16:42:28.4082119Z       on failure
2024-03-02T16:42:28.4593833Z         renders GET#new with error
2024-03-02T16:42:28.4594558Z       on success
2024-03-02T16:42:28.5018294Z         accepts :amount_spent_in_cents with dollar signs, commas, and periods
2024-03-02T16:42:28.5436459Z         redirects to GET#edit
2024-03-02T16:42:28.6022882Z         storage location defaults to organizations storage location
2024-03-02T16:42:28.6023994Z     GET #index
2024-03-02T16:42:28.6024628Z       csv
2024-03-02T16:42:28.6321138Z         is expected to be successful
2024-03-02T16:42:28.6321917Z       html
2024-03-02T16:42:28.6749156Z         is expected to be successful
2024-03-02T16:42:28.6750062Z     GET #new
2024-03-02T16:42:28.7153896Z       is expected to be successful
2024-03-02T16:42:28.7154665Z     GET #edit
2024-03-02T16:42:28.7677442Z       storage location is correct
2024-03-02T16:42:28.8193508Z       returns http success
2024-03-02T16:42:28.8194787Z       when non-finalized audit has been performed on the purchased items
2024-03-02T16:42:28.9575839Z         does not show a warning
2024-03-02T16:42:28.9577042Z       when an finalized audit has been performed on the purchased items
2024-03-02T16:42:29.0906945Z         shows a warning
2024-03-02T16:42:29.0907575Z       when no audit has been performed
2024-03-02T16:42:29.1927522Z         does not show a warning
2024-03-02T16:42:29.1928718Z   While signed in as an organizational admin
2024-03-02T16:42:29.1929511Z     DELETE #destroy
2024-03-02T16:42:29.2900666Z       decreases storage location inventory
2024-03-02T16:42:29.3239670Z       displays the proper flash notice
2024-03-02T16:42:29.3583455Z       deletes a purchase
2024-03-02T16:42:29.3916664Z       redirects to the index
2024-03-02T16:42:29.3917768Z 
2024-03-02T16:42:29.3918123Z Admin::Questions
2024-03-02T16:42:29.3919429Z   while signed in as a super admin
2024-03-02T16:42:29.3920889Z     DELETE #destroy
2024-03-02T16:42:29.4291505Z       lets the user delete questions
2024-03-02T16:42:29.4292543Z     GET #new
2024-03-02T16:42:29.4710969Z       lets the user load the new question page
2024-03-02T16:42:29.4711830Z     PATCH #update
2024-03-02T16:42:29.4927297Z       lets the user update questions
2024-03-02T16:42:29.4928411Z     POST #create
2024-03-02T16:42:29.5116705Z       lets the user create questions
2024-03-02T16:42:29.5117454Z     GET #edit
2024-03-02T16:42:29.5490416Z       lets the user load the edit question page
2024-03-02T16:42:29.5491649Z     GET #index
2024-03-02T16:42:29.5783587Z       lets the user load the page
2024-03-02T16:42:29.5784326Z 
2024-03-02T16:42:29.5784845Z BroadcastAnnouncements
2024-03-02T16:42:29.5786410Z   GET /new
2024-03-02T16:42:29.6123121Z     renders a successful response
2024-03-02T16:42:29.6125277Z   GET /index
2024-03-02T16:42:29.6434261Z     renders a successful response
2024-03-02T16:42:29.6435046Z   PATCH /update
2024-03-02T16:42:29.6436050Z     with invalid parameters
2024-03-02T16:42:29.6758448Z       does not render a successful response
2024-03-02T16:42:29.6759628Z     with valid parameters
2024-03-02T16:42:29.6938156Z       updates the requested announcement and redirects
2024-03-02T16:42:29.6943449Z   GET /edit
2024-03-02T16:42:29.7258919Z     render a successful response
2024-03-02T16:42:29.7259765Z   DELETE /destroy
2024-03-02T16:42:29.7433334Z     destroys the requested announcement then redirects
2024-03-02T16:42:29.7434440Z   POST /create
2024-03-02T16:42:29.7435042Z     with invalid parameters
2024-03-02T16:42:29.7734300Z       does not create a new BroadcastAnnouncement
2024-03-02T16:42:29.8015823Z       does not render a successful response
2024-03-02T16:42:29.8016679Z     with valid parameters
2024-03-02T16:42:29.8171643Z       creates a new BroadcastAnnouncement then redirects
2024-03-02T16:42:29.8172285Z 
2024-03-02T16:42:29.8172607Z Family requests
2024-03-02T16:42:29.8174107Z   for children with different items, from different families
2024-03-02T16:42:31.4503364Z     it creates family requests
2024-03-02T16:42:31.4504255Z   filtering children
2024-03-02T16:42:32.4187364Z     user can see a list of children filtered by guardian name
2024-03-02T16:42:33.3589209Z     user can see a list of children filtered by first_name
2024-03-02T16:42:33.3589865Z 
2024-03-02T16:42:33.3590264Z Base Item Admin
2024-03-02T16:42:33.3592166Z   While signed in as an Administrative User with no organization (super admin no org)
2024-03-02T16:42:33.8783346Z     can view a listing of all Base Items that shows a summary of its sub-items
2024-03-02T16:42:33.9891734Z     can view a single Base Item (FAILED - 1)
2024-03-02T16:42:33.9892637Z     when updating an existing base item
2024-03-02T16:42:34.7876253Z       should succeed when changing the name
2024-03-02T16:42:35.4944782Z       should fail when updating the name to empty
2024-03-02T16:42:35.4945668Z     when creating a new base item
2024-03-02T16:42:36.2148644Z       should fail when creating a new base item with empty attributes
2024-03-02T16:42:37.0308998Z       should succeed when creating a new base item with good data
2024-03-02T16:42:37.0310180Z   While signed in as a normal user
2024-03-02T16:42:38.4486834Z     should have a normal user not see anything
2024-03-02T16:42:38.4487846Z   While signed in as an Administrative User (super admin)
2024-03-02T16:42:38.5544959Z     can view a single Base Item (FAILED - 2)
2024-03-02T16:42:39.0586612Z     can view a listing of all Base Items that shows a summary of its sub-items
2024-03-02T16:42:39.0587682Z     when creating a new base item
2024-03-02T16:42:39.8758198Z       should succeed when creating a new base item with good data
2024-03-02T16:42:40.6295963Z       should fail when creating a new base item with empty attributes
2024-03-02T16:42:40.6302586Z     when updating an existing base item
2024-03-02T16:42:41.4328874Z       should fail when updating the name to empty
2024-03-02T16:42:42.2198775Z       should succeed when changing the name
2024-03-02T16:42:42.2199541Z 
2024-03-02T16:42:42.2200172Z User account management
2024-03-02T16:42:42.2201579Z   when not in staging
2024-03-02T16:42:43.0764395Z     should change an user name
2024-03-02T16:42:43.9444284Z     should change the email
2024-03-02T16:42:44.6886211Z     should fail when the email is invalid
2024-03-02T16:42:44.6886916Z   when in staging
2024-03-02T16:42:45.1373668Z     should display staging warning
2024-03-02T16:42:45.5713894Z     should not allow the user to change staging credentials
2024-03-02T16:42:45.5714617Z 
2024-03-02T16:42:45.5715024Z Donations
2024-03-02T16:42:45.5716120Z   while signed in
2024-03-02T16:42:45.5717966Z     when an non-finalized audit has been performed on the donated items
2024-03-02T16:42:45.7099403Z       does not shows a warning
2024-03-02T16:42:45.7100610Z     GET #index
2024-03-02T16:42:45.7101477Z       csv
2024-03-02T16:42:45.7456368Z         is expected to be successful
2024-03-02T16:42:45.7457397Z       html
2024-03-02T16:42:45.7941484Z         should have the columns source and details
2024-03-02T16:42:45.8365765Z         is expected to be successful
2024-03-02T16:42:45.8366748Z         when given a manufacturer
2024-03-02T16:42:45.8860912Z           should display Manufacturer and the manufacturer name
2024-03-02T16:42:45.8862226Z         when given a misc donation
2024-03-02T16:42:45.9356447Z           should display Misc Donation and a truncated comment
2024-03-02T16:42:45.9357785Z         when given a product drive
2024-03-02T16:42:45.9850583Z           should display Product Drive and the name of the drive
2024-03-02T16:42:45.9851733Z         when given a donation site
2024-03-02T16:42:46.0356472Z           should display Donation Site and the name of the site
2024-03-02T16:42:46.0357331Z     when no audit has been performed
2024-03-02T16:42:46.1366352Z       doesn't show a warning
2024-03-02T16:42:46.1367267Z     GET #edit
2024-03-02T16:42:46.1368512Z       when an finalized audit has been performed on the donated items
2024-03-02T16:42:46.2595326Z         shows a warning
2024-03-02T16:42:46.2596351Z 
2024-03-02T16:42:46.2596751Z BarcodeItems
2024-03-02T16:42:46.2597753Z   While signed in
2024-03-02T16:42:46.2599452Z     GET #show
2024-03-02T16:42:46.2601284Z       with a global barcode item
2024-03-02T16:42:46.2679731Z         returns a 404 (FAILED - 3)
2024-03-02T16:42:46.2680508Z       with a normal barcode item
2024-03-02T16:42:46.3028111Z         returns http success
2024-03-02T16:42:46.3029002Z     GET #edit
2024-03-02T16:42:46.3030041Z       with a normal barcode item
2024-03-02T16:42:46.3489029Z         returns http success
2024-03-02T16:42:46.3489804Z       with a global barcode item
2024-03-02T16:42:46.3564226Z         returns a 404 (FAILED - 4)
2024-03-02T16:42:46.3565105Z     GET #new
2024-03-02T16:42:46.3888425Z       returns http success
2024-03-02T16:42:46.3889203Z     GET #index
2024-03-02T16:42:46.3889966Z       html
2024-03-02T16:42:46.4304665Z         is expected to be successful
2024-03-02T16:42:46.4305658Z       csv
2024-03-02T16:42:46.4529707Z         is expected to be successful
2024-03-02T16:42:46.4530506Z     GET #find
2024-03-02T16:42:46.4531187Z       via ajax
2024-03-02T16:42:46.4600738Z         can find a barcode that's universally available (FAILED - 5)
2024-03-02T16:42:46.4685857Z         can find a barcode that is scoped to just this organization (FAILED - 6)
2024-03-02T16:42:46.4687145Z         when it's missing
2024-03-02T16:42:46.4755131Z           returns a 404 (FAILED - 7)
2024-03-02T16:42:46.4756129Z     DELETE #destroy
2024-03-02T16:42:46.4861090Z       disallows a non-superadmin to delete a global barcode (FAILED - 8)
2024-03-02T16:42:46.6805066Z       disallows a user to delete someone else's barcode
2024-03-02T16:42:46.7148163Z       redirects to the index
2024-03-02T16:42:46.7148881Z     Looking at a different organization
2024-03-02T16:42:46.9000027Z       redirects the user to the sign-in page for CRUD actions
2024-03-02T16:42:46.9000700Z 
2024-03-02T16:42:46.9000951Z Manufacturer
2024-03-02T16:42:47.6818981Z   allows a user to create a new manufacturer instance
2024-03-02T16:42:48.4234037Z   allows a user to update the contact info for a manufacturer
2024-03-02T16:42:49.1621587Z   allows a user to update a manufacturer with empty attributes
2024-03-02T16:42:49.8710500Z   allows a user to add a new manufacturer instance with empty attributes
2024-03-02T16:42:49.8711725Z   When the Manufacturers have donations associated with them already
2024-03-02T16:42:50.5352653Z     allows single Manufacturers to show semi-detailed stats about donations from that manufacturer
2024-03-02T16:42:51.2140279Z     shows existing Manufacturers in the #index with some summary stats
2024-03-02T16:42:51.2141403Z   When a user views the index page
2024-03-02T16:42:51.6710290Z     alphabetizes the manufacturer names
2024-03-02T16:42:51.6710916Z 
2024-03-02T16:42:51.6711153Z Managing requests
2024-03-02T16:42:51.6712590Z   creating a new quantity request
2024-03-02T16:42:51.6713507Z     GIVEN a partner user is permitted to make a request
2024-03-02T16:42:51.6714664Z       Select Input Tests
2024-03-02T16:42:51.6715333Z         WHEN they reach the page
2024-03-02T16:42:52.5256244Z           should show the proper items in the select box
2024-03-02T16:42:52.5257214Z           WHEN they create a request inproperly
2024-03-02T16:42:53.8288260Z             should show the proper items in the select box
2024-03-02T16:42:53.8289279Z       WHEN they create a request with only a comment
2024-03-02T16:42:54.7764141Z         should be created without any issue
2024-03-02T16:42:54.7765072Z       WHEN they create a request properly
2024-03-02T16:42:54.7766409Z         THEN a request records will be created and the partner will be notified via flash message on the dashboard
2024-03-02T16:42:56.9704732Z           AND the partner_user can view the details of the created request in a seperate page
2024-03-02T16:42:56.9705820Z       WHEN they create a request inproperly by not inputting anything
2024-03-02T16:42:57.8561688Z         should show an error message with the instructions
2024-03-02T16:42:57.8562647Z   creating a # individuals request
2024-03-02T16:42:57.8563584Z     GIVEN a partner user is permitted to make a request
2024-03-02T16:42:57.8564694Z       Select Input Tests
2024-03-02T16:42:57.8565564Z         WHEN they reach the page
2024-03-02T16:42:58.6978134Z           should show the proper items in the select box
2024-03-02T16:42:58.6978745Z           WHEN they create a request inproperly
2024-03-02T16:42:59.9989725Z             should show the proper items in the select box
2024-03-02T16:42:59.9990669Z       WHEN they create a request inproperly
2024-03-02T16:43:00.8939182Z         should show an error message with the instructions
2024-03-02T16:43:00.8940206Z       WHEN they create a request properly
2024-03-02T16:43:00.8941656Z         THEN a request records will be created and the partner will be notified via flash message on the dashboard
2024-03-02T16:43:03.0970022Z           AND the partner_user can view the details of the created individuals request in a seperate page
2024-03-02T16:43:03.0971239Z 
2024-03-02T16:43:03.0971564Z Adjustment management
2024-03-02T16:43:03.9127545Z   can filter the #index by user
2024-03-02T16:43:04.7471792Z   can filter the #index by storage location
2024-03-02T16:43:05.2462068Z   should not display inactive storage locations in dropdown
2024-03-02T16:43:05.2462722Z   behaves like Date Range Picker
2024-03-02T16:43:05.2463411Z     when choosing a date range that only includes the previous week
2024-03-02T16:43:06.2113878Z       shows only 1 record
2024-03-02T16:43:06.2115070Z     when choosing 'Last Month'
2024-03-02T16:43:07.1636299Z       shows only 2 of the records
2024-03-02T16:43:07.1637410Z     when choosing 'All Time'
2024-03-02T16:43:08.1431677Z       shows all the records
2024-03-02T16:43:08.1432397Z   With a new adjustment
2024-03-02T16:43:08.6276606Z     should not display inactive storage locations in dropdown
2024-03-02T16:43:08.6277294Z     with a storage location that has inventory
2024-03-02T16:43:10.3220835Z       politely informs the user that they're adjusting way too hard
2024-03-02T16:43:11.4440018Z       can add an inventory adjustment at a storage location
2024-03-02T16:43:12.5890066Z       can subtract an inventory adjustment at a storage location
2024-03-02T16:43:14.4637910Z       politely informs the user if they try to adjust down below zero, even if they use multiple adjustments to do so
2024-03-02T16:43:15.8507481Z       Does not include inactive items in the line item fields
2024-03-02T16:43:15.8508596Z     with a storage location that is bare
2024-03-02T16:43:17.1800077Z       allows you to choose items that do not yet exist
2024-03-02T16:43:17.1800899Z 
2024-03-02T16:43:17.1801485Z User sign-in handling
2024-03-02T16:43:17.1803128Z   when users are invalid
2024-03-02T16:43:17.8699318Z     shows invalid credentials alert
2024-03-02T16:43:17.8701795Z   when users are valid and belong to an organization
2024-03-02T16:43:18.7155325Z     redirects to user's dashboard
2024-03-02T16:43:18.7156192Z   when a partner user logs in
2024-03-02T16:43:19.6128476Z     redirects to the partner page
2024-03-02T16:43:19.6131353Z   when users are valid and don't belong to an organization
2024-03-02T16:43:20.3123038Z     redirects to 403
2024-03-02T16:43:20.3124061Z 
2024-03-02T16:43:20.3124527Z Requests
2024-03-02T16:43:20.3125973Z   #show
2024-03-02T16:43:20.8772508Z     should show the number of items on-hand
2024-03-02T16:43:21.3780088Z     should show the request without a request sender if a partner user is not set
2024-03-02T16:43:21.8919993Z     should show the request with a request sender if a partner user is set
2024-03-02T16:43:21.8921049Z     change status request
2024-03-02T16:43:22.9262953Z       should change to started
2024-03-02T16:43:22.9263757Z       when save the distribution
2024-03-02T16:43:24.1231438Z         should change request to fulfilled
2024-03-02T16:43:24.1232488Z   #index
2024-03-02T16:43:24.6987713Z     lists requests
2024-03-02T16:43:25.4620902Z     can be exported in CSV
2024-03-02T16:43:25.4621719Z     behaves like Date Range Picker
2024-03-02T16:43:25.4622714Z       when choosing 'All Time'
2024-03-02T16:43:26.5422283Z         shows all the records
2024-03-02T16:43:26.5423484Z       when choosing 'Last Month'
2024-03-02T16:43:27.5938913Z         shows only 2 of the records
2024-03-02T16:43:27.5939639Z       when choosing a date range that only includes the previous week
2024-03-02T16:43:28.6013052Z         shows only 1 record
2024-03-02T16:43:28.6013904Z     when filtering on the index page
2024-03-02T16:43:28.6015414Z       when filtering by status
2024-03-02T16:43:29.5184672Z         constrains the list
2024-03-02T16:43:29.5185929Z       when filtering by item
2024-03-02T16:43:30.4356225Z         constrains the list
2024-03-02T16:43:30.4357174Z       with filters cleared
2024-03-02T16:43:31.4713171Z         displays all requests
2024-03-02T16:43:31.4714070Z       when exporting as CSV
2024-03-02T16:43:32.5517234Z         respects the applied filters
2024-03-02T16:43:32.5518091Z       when filtering by partner
2024-03-02T16:43:33.4479736Z         constrains the list
2024-03-02T16:43:33.4480712Z   canceling a request as a bank user
2024-03-02T16:43:33.4481760Z     when a bank user cancels a request
2024-03-02T16:43:34.5001119Z       should set the request as canceled/discarded and contain the reason
2024-03-02T16:43:34.9761525Z 
2024-03-02T16:43:34.9761894Z Failures:
2024-03-02T16:43:34.9762257Z 
2024-03-02T16:43:34.9765511Z   1) Base Item Admin While signed in as an Administrative User with no organization (super admin no org) can view a single Base Item
2024-03-02T16:43:34.9767539Z      Failure/Error: <h3 class="card-title">Size: <%= @base_item.size || "no size provided" %></h3>
2024-03-02T16:43:34.9768680Z 
2024-03-02T16:43:34.9769002Z      ActionView::Template::Error:
2024-03-02T16:43:34.9771394Z        undefined method `size' for #<BaseItem id: 1, name: "Adult Briefs (Large/X-Large)", category: "Diapers - Adult Briefs", created_at: "2024-03-02 08:42:04.565072000 -0800", updated_at: "2024-03-02 08:42:04.565059000 -0800", item_count: 1, partner_key: "adult_lxl">
2024-03-02T16:43:34.9775454Z      # ./app/views/admin/base_items/show.html.erb:33:in `_app_views_admin_base_items_show_html_erb__4529387319756740155_125880'
2024-03-02T16:43:34.9776915Z      # ------------------
2024-03-02T16:43:34.9777787Z      # --- Caused by: ---
2024-03-02T16:43:34.9778413Z      # NoMethodError:
2024-03-02T16:43:34.9781059Z      #   undefined method `size' for #<BaseItem id: 1, name: "Adult Briefs (Large/X-Large)", category: "Diapers - Adult Briefs", created_at: "2024-03-02 08:42:04.565072000 -0800", updated_at: "2024-03-02 08:42:04.565059000 -0800", item_count: 1, partner_key: "adult_lxl">
2024-03-02T16:43:34.9783923Z      #   ./app/views/admin/base_items/show.html.erb:33:in `_app_views_admin_base_items_show_html_erb__4529387319756740155_125880'
2024-03-02T16:43:34.9785039Z 
2024-03-02T16:43:34.9785725Z   2) Base Item Admin While signed in as an Administrative User (super admin) can view a single Base Item
2024-03-02T16:43:34.9787327Z      Failure/Error: <h3 class="card-title">Size: <%= @base_item.size || "no size provided" %></h3>
2024-03-02T16:43:34.9788168Z 
2024-03-02T16:43:34.9788434Z      ActionView::Template::Error:
2024-03-02T16:43:34.9791102Z        undefined method `size' for #<BaseItem id: 1, name: "Adult Briefs (Large/X-Large)", category: "Diapers - Adult Briefs", created_at: "2024-03-02 08:42:04.565072000 -0800", updated_at: "2024-03-02 08:42:04.565059000 -0800", item_count: 1, partner_key: "adult_lxl">
2024-03-02T16:43:34.9793774Z      # ./app/views/admin/base_items/show.html.erb:33:in `_app_views_admin_base_items_show_html_erb__4529387319756740155_125880'
2024-03-02T16:43:34.9795264Z      # ------------------
2024-03-02T16:43:34.9796035Z      # --- Caused by: ---
2024-03-02T16:43:34.9796675Z      # NoMethodError:
2024-03-02T16:43:34.9799231Z      #   undefined method `size' for #<BaseItem id: 1, name: "Adult Briefs (Large/X-Large)", category: "Diapers - Adult Briefs", created_at: "2024-03-02 08:42:04.565072000 -0800", updated_at: "2024-03-02 08:42:04.565059000 -0800", item_count: 1, partner_key: "adult_lxl">
2024-03-02T16:43:34.9802083Z      #   ./app/views/admin/base_items/show.html.erb:33:in `_app_views_admin_base_items_show_html_erb__4529387319756740155_125880'
2024-03-02T16:43:34.9803506Z 
2024-03-02T16:43:34.9804131Z   3) BarcodeItems While signed in GET #show with a global barcode item returns a 404
2024-03-02T16:43:34.9805670Z      Failure/Error: get barcode_item_path(default_params.merge(id: create(:global_barcode_item)))
2024-03-02T16:43:34.9806532Z 
2024-03-02T16:43:34.9806786Z      ActiveModel::MissingAttributeError:
2024-03-02T16:43:34.9807933Z        can't write unknown attribute `barcode_count`
2024-03-02T16:43:34.9809554Z      # ./spec/requests/barcode_items_requests_spec.rb:65:in `block (5 levels) in <top (required)>'
2024-03-02T16:43:34.9810481Z 
2024-03-02T16:43:34.9811042Z   4) BarcodeItems While signed in GET #edit with a global barcode item returns a 404
2024-03-02T16:43:34.9812742Z      Failure/Error: get edit_barcode_item_path(default_params.merge(id: create(:global_barcode_item)))
2024-03-02T16:43:34.9813687Z 
2024-03-02T16:43:34.9814017Z      ActiveModel::MissingAttributeError:
2024-03-02T16:43:34.9814986Z        can't write unknown attribute `barcode_count`
2024-03-02T16:43:34.9816322Z      # ./spec/requests/barcode_items_requests_spec.rb:49:in `block (5 levels) in <top (required)>'
2024-03-02T16:43:34.9817189Z 
2024-03-02T16:43:34.9818076Z   5) BarcodeItems While signed in GET #find via ajax can find a barcode that's universally available
2024-03-02T16:43:34.9819448Z      Failure/Error: let!(:global_barcode) { create(:global_barcode_item) }
2024-03-02T16:43:34.9820344Z 
2024-03-02T16:43:34.9820657Z      ActiveModel::MissingAttributeError:
2024-03-02T16:43:34.9821510Z        can't write unknown attribute `barcode_count`
2024-03-02T16:43:34.9822775Z      # ./spec/requests/barcode_items_requests_spec.rb:72:in `block (4 levels) in <top (required)>'
2024-03-02T16:43:34.9823775Z 
2024-03-02T16:43:34.9824535Z   6) BarcodeItems While signed in GET #find via ajax can find a barcode that is scoped to just this organization
2024-03-02T16:43:34.9826047Z      Failure/Error: let!(:global_barcode) { create(:global_barcode_item) }
2024-03-02T16:43:34.9826904Z 
2024-03-02T16:43:34.9827287Z      ActiveModel::MissingAttributeError:
2024-03-02T16:43:34.9828138Z        can't write unknown attribute `barcode_count`
2024-03-02T16:43:34.9829250Z      # ./spec/requests/barcode_items_requests_spec.rb:72:in `block (4 levels) in <top (required)>'
2024-03-02T16:43:34.9830025Z 
2024-03-02T16:43:34.9830871Z   7) BarcodeItems While signed in GET #find via ajax when it's missing returns a 404
2024-03-02T16:43:34.9832186Z      Failure/Error: let!(:global_barcode) { create(:global_barcode_item) }
2024-03-02T16:43:34.9832879Z 
2024-03-02T16:43:34.9833228Z      ActiveModel::MissingAttributeError:
2024-03-02T16:43:34.9834223Z        can't write unknown attribute `barcode_count`
2024-03-02T16:43:34.9835440Z      # ./spec/requests/barcode_items_requests_spec.rb:72:in `block (4 levels) in <top (required)>'
2024-03-02T16:43:34.9836376Z 
2024-03-02T16:43:34.9837246Z   8) BarcodeItems While signed in DELETE #destroy disallows a non-superadmin to delete a global barcode
2024-03-02T16:43:34.9838708Z      Failure/Error: global_barcode = create(:global_barcode_item)
2024-03-02T16:43:34.9839341Z 
2024-03-02T16:43:34.9839630Z      ActiveModel::MissingAttributeError:
2024-03-02T16:43:34.9840711Z        can't write unknown attribute `barcode_count`
2024-03-02T16:43:34.9841868Z      # ./spec/requests/barcode_items_requests_spec.rb:114:in `block (4 levels) in <top (required)>'
2024-03-02T16:43:34.9842716Z 
2024-03-02T16:43:34.9843193Z Finished in 1 minute 30.64 seconds (files took 8.06 seconds to load)
2024-03-02T16:43:34.9844184Z 179 examples, 8 failures
2024-03-02T16:43:34.9844518Z 
2024-03-02T16:43:34.9844781Z Failed examples:
2024-03-02T16:43:34.9845071Z 
2024-03-02T16:43:34.9846315Z rspec ./spec/system/admin/base_items_system_spec.rb:123 # Base Item Admin While signed in as an Administrative User with no organization (super admin no org) can view a single Base Item
2024-03-02T16:43:34.9849197Z rspec ./spec/system/admin/base_items_system_spec.rb:59 # Base Item Admin While signed in as an Administrative User (super admin) can view a single Base Item
2024-03-02T16:43:34.9851618Z rspec ./spec/requests/barcode_items_requests_spec.rb:64 # BarcodeItems While signed in GET #show with a global barcode item returns a 404
2024-03-02T16:43:34.9853619Z rspec ./spec/requests/barcode_items_requests_spec.rb:48 # BarcodeItems While signed in GET #edit with a global barcode item returns a 404
2024-03-02T16:43:34.9856330Z rspec ./spec/requests/barcode_items_requests_spec.rb:85 # BarcodeItems While signed in GET #find via ajax can find a barcode that's universally available
2024-03-02T16:43:34.9858902Z rspec ./spec/requests/barcode_items_requests_spec.rb:77 # BarcodeItems While signed in GET #find via ajax can find a barcode that is scoped to just this organization
2024-03-02T16:43:34.9861481Z rspec ./spec/requests/barcode_items_requests_spec.rb:94 # BarcodeItems While signed in GET #find via ajax when it's missing returns a 404
2024-03-02T16:43:34.9863921Z rspec ./spec/requests/barcode_items_requests_spec.rb:111 # BarcodeItems While signed in DELETE #destroy disallows a non-superadmin to delete a global barcode
2024-03-02T16:43:34.9865241Z 
2024-03-02T16:43:34.9865457Z Randomized with seed 50602
2024-03-02T16:43:34.9865803Z 
2024-03-02T16:43:35.2816894Z Stopped processing SimpleCov as a previous error not related to SimpleCov has been detected
2024-03-02T16:43:35.2818689Z Coverage report generated for RSpec to /home/runner/work/human-essentials/human-essentials/coverage. 3758 / 6427 LOC (58.47%) covered.
2024-03-02T16:43:35.3944221Z /opt/hostedtoolcache/Ruby/3.2.2/x64/bin/ruby -I/home/runner/work/human-essentials/human-essentials/vendor/bundle/ruby/3.2.0/gems/rspec-core-3.12.2/lib:/home/runner/work/human-essentials/human-essentials/vendor/bundle/ruby/3.2.0/gems/rspec-support-3.12.1/lib /home/runner/work/human-essentials/human-essentials/vendor/bundle/ruby/3.2.0/gems/rspec-core-3.12.2/exe/rspec  --format documentation --format KnapsackPro::Formatters::TimeTracker --default-path spec "spec/system/adjustment_system_spec.rb" "spec/system/sign_in_system_spec.rb" "spec/system/request_system_spec.rb" "spec/system/admin/base_items_system_spec.rb" "spec/system/partners/managing_requests_system_spec.rb" "spec/system/partners/family_requests_system_spec.rb" "spec/system/dashboard_system_spec.rb[1:2:5:2:1:3]" "spec/system/manufacturer_system_spec.rb" "spec/system/account_system_spec.rb" "spec/system/dashboard_system_spec.rb[1:2:2:1:1]" "spec/requests/purchases_requests_spec.rb" "spec/requests/barcode_items_requests_spec.rb" "spec/system/dashboard_system_spec.rb[1:2:6:6:1:1]" "spec/requests/users_requests_spec.rb" "spec/system/dashboard_system_spec.rb[1:2:5:6:1:3]" "spec/system/dashboard_system_spec.rb[1:2:3:4:1:1]" "spec/system/dashboard_system_spec.rb[1:2:4:2:1:1]" "spec/system/dashboard_system_spec.rb[1:2:5:2:1:2]" "spec/system/dashboard_system_spec.rb[1:2:5:8:1:2]" "spec/requests/product_drive_participants_requests_spec.rb" "spec/system/admin/dashboard_system_spec.rb" "spec/requests/partners/requests_spec.rb" "spec/system/dashboard_system_spec.rb[1:2:7:1]" "spec/requests/broadcast_announcements_spec.rb" "spec/requests/admin/questions_spec.rb" "spec/requests/donations_requests_spec.rb" "spec/requests/attachments_requests_spec.rb" failed
2024-03-02T16:43:35.7777724Z Stopped processing SimpleCov as a previous error not related to SimpleCov has been detected
2024-03-02T16:43:35.7780239Z Coverage report generated for RSpec to /home/runner/work/human-essentials/human-essentials/coverage. 38 / 10679 LOC (0.36%) covered.
2024-03-02T16:43:35.8057739Z ##[error]Process completed with exit code 1.
2024-03-02T16:43:35.8331901Z ##[group]Run actions/upload-artifact@v2
2024-03-02T16:43:35.8332278Z with:
2024-03-02T16:43:35.8332518Z   name: failed-browser-tests
2024-03-02T16:43:35.8332835Z   path: tmp/capybara
2024-03-02T16:43:35.8333112Z   if-no-files-found: warn
2024-03-02T16:43:35.8333385Z ##[endgroup]
2024-03-02T16:43:35.8871782Z ##[warning]No files were found with the provided path: tmp/capybara. No artifacts will be uploaded.
2024-03-02T16:43:35.8939383Z Post job cleanup.
2024-03-02T16:43:35.9945992Z [command]/usr/bin/git version
2024-03-02T16:43:35.9996110Z git version 2.43.2
2024-03-02T16:43:36.0037458Z Temporarily overriding HOME='/home/runner/work/_temp/66fe5e3d-32ea-45d2-96b7-c2dca40b71d0' before making global git config changes
2024-03-02T16:43:36.0038756Z Adding repository directory to the temporary git global config as a safe directory
2024-03-02T16:43:36.0043020Z [command]/usr/bin/git config --global --add safe.directory /home/runner/work/human-essentials/human-essentials
2024-03-02T16:43:36.0083439Z [command]/usr/bin/git config --local --name-only --get-regexp core\.sshCommand
2024-03-02T16:43:36.0122077Z [command]/usr/bin/git submodule foreach --recursive sh -c "git config --local --name-only --get-regexp 'core\.sshCommand' && git config --local --unset-all 'core.sshCommand' || :"
2024-03-02T16:43:36.0363627Z [command]/usr/bin/git config --local --name-only --get-regexp http\.https\:\/\/github\.com\/\.extraheader
2024-03-02T16:43:36.0393367Z http.https://github.com/.extraheader
2024-03-02T16:43:36.0404146Z [command]/usr/bin/git config --local --unset-all http.https://github.com/.extraheader
2024-03-02T16:43:36.0444702Z [command]/usr/bin/git submodule foreach --recursive sh -c "git config --local --name-only --get-regexp 'http\.https\:\/\/github\.com\/\.extraheader' && git config --local --unset-all 'http.https://github.com/.extraheader' || :"
2024-03-02T16:43:36.0823348Z Print service container logs: f50420d82c064698bfd8b8ec9090ce92_postgres123_c1c231
2024-03-02T16:43:36.0828301Z ##[command]/usr/bin/docker logs --details f89046f2bf54052e2b570ab8a1c687990b0628866d6dd9dbe5f81ea7996c157c
2024-03-02T16:43:36.0960484Z  The files belonging to this database system will be owned by user "postgres".
2024-03-02T16:43:36.0961788Z  This user must also own the server process.
2024-03-02T16:43:36.0964183Z  initdb: warning: enabling "trust" authentication for local connections
2024-03-02T16:43:36.0965019Z  
2024-03-02T16:43:36.0965625Z  The database cluster will be initialized with locale "en_US.utf8".
2024-03-02T16:43:36.0966641Z  The default database encoding has accordingly been set to "UTF8".
2024-03-02T16:43:36.0967649Z  The default text search configuration will be set to "english".
2024-03-02T16:43:36.0968531Z  
2024-03-02T16:43:36.0968913Z  Data page checksums are disabled.
2024-03-02T16:43:36.0969422Z  
2024-03-02T16:43:36.0970073Z  fixing permissions on existing directory /var/lib/postgresql/data ... ok
2024-03-02T16:43:36.0970907Z  creating subdirectories ... ok
2024-03-02T16:43:36.0971572Z  selecting dynamic shared memory implementation ... posix
2024-03-02T16:43:36.0972308Z  selecting default max_connections ... 100
2024-03-02T16:43:36.0972941Z  selecting default shared_buffers ... 128MB
2024-03-02T16:43:36.0973571Z  selecting default time zone ... Etc/UTC
2024-03-02T16:43:36.0974162Z  creating configuration files ... ok
2024-03-02T16:43:36.0974720Z  running bootstrap script ... ok
2024-03-02T16:43:36.0975328Z  performing post-bootstrap initialization ... ok
2024-03-02T16:43:36.0975968Z  syncing data to disk ... ok
2024-03-02T16:43:36.0976421Z  
2024-03-02T16:43:36.0977037Z  You can change this by editing pg_hba.conf or using the option -A, or
2024-03-02T16:43:36.0977986Z  --auth-local and --auth-host, the next time you run initdb.
2024-03-02T16:43:36.0979536Z  2024-03-02 16:40:25.462 UTC [1] LOG:  starting PostgreSQL 12.3 (Debian 12.3-1.pgdg100+1) on x86_64-pc-linux-gnu, compiled by gcc (Debian 8.3.0-6) 8.3.0, 64-bit
2024-03-02T16:43:36.0981216Z  2024-03-02 16:40:25.462 UTC [1] LOG:  listening on IPv4 address "0.0.0.0", port 5432
2024-03-02T16:43:36.0982636Z  2024-03-02 16:40:25.462 UTC [1] LOG:  listening on IPv6 address "::", port 5432
2024-03-02T16:43:36.0983710Z  2024-03-02 16:40:25.464 UTC [1] LOG:  listening on Unix socket "/var/run/postgresql/.s.PGSQL.5432"
2024-03-02T16:43:36.0984519Z  2024-03-02 16:40:25.474 UTC [56] LOG:  database system was shut down at 2024-03-02 16:40:25 UTC
2024-03-02T16:43:36.0985489Z  2024-03-02 16:40:25.479 UTC [1] LOG:  database system is ready to accept connections
2024-03-02T16:43:36.0986118Z  2024-03-02 16:40:34.670 UTC [70] FATAL:  role "root" does not exist
2024-03-02T16:43:36.0986656Z  2024-03-02 16:40:44.802 UTC [78] FATAL:  role "root" does not exist
2024-03-02T16:43:36.0987234Z  2024-03-02 16:40:54.828 UTC [79] FATAL:  database "diaper_test" does not exist
2024-03-02T16:43:36.0987820Z  2024-03-02 16:40:54.882 UTC [86] FATAL:  role "root" does not exist
2024-03-02T16:43:36.0988464Z  2024-03-02 16:41:01.718 UTC [88] ERROR:  relation "flipper_gates" does not exist at character 491
2024-03-02T16:43:36.0989239Z  2024-03-02 16:41:01.718 UTC [88] STATEMENT:  SELECT a.attname, format_type(a.atttypid, a.atttypmod),
2024-03-02T16:43:36.0989960Z  	       pg_get_expr(d.adbin, d.adrelid), a.attnotnull, a.atttypid, a.atttypmod,
2024-03-02T16:43:36.0990550Z  	       c.collname, col_description(a.attrelid, a.attnum) AS comment,
2024-03-02T16:43:36.0990994Z  	       attgenerated as attgenerated
2024-03-02T16:43:36.0991323Z  	  FROM pg_attribute a
2024-03-02T16:43:36.0991755Z  	  LEFT JOIN pg_attrdef d ON a.attrelid = d.adrelid AND a.attnum = d.adnum
2024-03-02T16:43:36.0992264Z  	  LEFT JOIN pg_type t ON a.atttypid = t.oid
2024-03-02T16:43:36.0993362Z  	  LEFT JOIN pg_collation c ON a.attcollation = c.oid AND a.attcollation <> t.typcollation
2024-03-02T16:43:36.0994369Z  	 WHERE a.attrelid = '"flipper_gates"'::regclass
2024-03-02T16:43:36.0995327Z  	   AND a.attnum > 0 AND NOT a.attisdropped
2024-03-02T16:43:36.0995921Z  	 ORDER BY a.attnum
2024-03-02T16:43:36.0996319Z  	
2024-03-02T16:43:36.0996790Z  2024-03-02 16:41:04.958 UTC [98] FATAL:  role "root" does not exist
2024-03-02T16:43:36.0997343Z  2024-03-02 16:41:15.037 UTC [107] FATAL:  role "root" does not exist
2024-03-02T16:43:36.0997892Z  2024-03-02 16:41:25.124 UTC [116] FATAL:  role "root" does not exist
2024-03-02T16:43:36.0998428Z  2024-03-02 16:41:35.197 UTC [125] FATAL:  role "root" does not exist
2024-03-02T16:43:36.0998969Z  2024-03-02 16:41:45.290 UTC [133] FATAL:  role "root" does not exist
2024-03-02T16:43:36.0999501Z  2024-03-02 16:41:55.369 UTC [142] FATAL:  role "root" does not exist
2024-03-02T16:43:36.1000025Z  2024-03-02 16:42:05.448 UTC [153] FATAL:  role "root" does not exist
2024-03-02T16:43:36.1000544Z  2024-03-02 16:42:15.541 UTC [161] FATAL:  role "root" does not exist
2024-03-02T16:43:36.1001085Z  2024-03-02 16:42:25.624 UTC [169] FATAL:  role "root" does not exist
2024-03-02T16:43:36.1001608Z  2024-03-02 16:42:35.702 UTC [178] FATAL:  role "root" does not exist
2024-03-02T16:43:36.1002142Z  2024-03-02 16:42:45.786 UTC [186] FATAL:  role "root" does not exist
2024-03-02T16:43:36.1002678Z  2024-03-02 16:42:55.866 UTC [194] FATAL:  role "root" does not exist
2024-03-02T16:43:36.1003209Z  2024-03-02 16:43:05.956 UTC [203] FATAL:  role "root" does not exist
2024-03-02T16:43:36.1003737Z  2024-03-02 16:43:16.064 UTC [211] FATAL:  role "root" does not exist
2024-03-02T16:43:36.1004268Z  2024-03-02 16:43:26.141 UTC [219] FATAL:  role "root" does not exist
2024-03-02T16:43:36.1004680Z  
2024-03-02T16:43:36.1004971Z  Success. You can now start the database server using:
2024-03-02T16:43:36.1005349Z  
2024-03-02T16:43:36.1005635Z      pg_ctl -D /var/lib/postgresql/data -l logfile start
2024-03-02T16:43:36.1006002Z  
2024-03-02T16:43:36.1006811Z  waiting for server to start....2024-03-02 16:40:25.260 UTC [47] LOG:  starting PostgreSQL 12.3 (Debian 12.3-1.pgdg100+1) on x86_64-pc-linux-gnu, compiled by gcc (Debian 8.3.0-6) 8.3.0, 64-bit
2024-03-02T16:43:36.1008193Z  2024-03-02 16:40:25.260 UTC [47] LOG:  listening on Unix socket "/var/run/postgresql/.s.PGSQL.5432"
2024-03-02T16:43:36.1009466Z  2024-03-02 16:40:25.271 UTC [48] LOG:  database system was shut down at 2024-03-02 16:40:25 UTC
2024-03-02T16:43:36.1010599Z  2024-03-02 16:40:25.276 UTC [47] LOG:  database system is ready to accept connections
2024-03-02T16:43:36.1011085Z   done
2024-03-02T16:43:36.1011296Z  server started
2024-03-02T16:43:36.1011705Z  
2024-03-02T16:43:36.1012102Z  /usr/local/bin/docker-entrypoint.sh: ignoring /docker-entrypoint-initdb.d/*
2024-03-02T16:43:36.1012595Z  
2024-03-02T16:43:36.1012923Z  2024-03-02 16:40:25.352 UTC [47] LOG:  received fast shutdown request
2024-03-02T16:43:36.1013635Z  waiting for server to shut down....2024-03-02 16:40:25.352 UTC [47] LOG:  aborting any active transactions
2024-03-02T16:43:36.1014545Z  2024-03-02 16:40:25.354 UTC [47] LOG:  background worker "logical replication launcher" (PID 54) exited with exit code 1
2024-03-02T16:43:36.1015234Z  2024-03-02 16:40:25.354 UTC [49] LOG:  shutting down
2024-03-02T16:43:36.1015713Z  2024-03-02 16:40:25.361 UTC [47] LOG:  database system is shut down
2024-03-02T16:43:36.1016131Z   done
2024-03-02T16:43:36.1016517Z  server stopped
2024-03-02T16:43:36.1016755Z  
2024-03-02T16:43:36.1017043Z  PostgreSQL init process complete; ready for start up.
2024-03-02T16:43:36.1017429Z  
2024-03-02T16:43:36.1023114Z Stop and remove container: f50420d82c064698bfd8b8ec9090ce92_postgres123_c1c231
2024-03-02T16:43:36.1028568Z ##[command]/usr/bin/docker rm --force f89046f2bf54052e2b570ab8a1c687990b0628866d6dd9dbe5f81ea7996c157c
2024-03-02T16:43:36.3220544Z f89046f2bf54052e2b570ab8a1c687990b0628866d6dd9dbe5f81ea7996c157c
2024-03-02T16:43:36.3244729Z Remove container network: github_network_e64c2aa927fb4f7780d78418077e06a6
2024-03-02T16:43:36.3250509Z ##[command]/usr/bin/docker network rm github_network_e64c2aa927fb4f7780d78418077e06a6
2024-03-02T16:43:36.5906599Z github_network_e64c2aa927fb4f7780d78418077e06a6
2024-03-02T16:43:36.6072174Z Cleaning up orphan processes
