2024-03-12T21:42:21.4976580Z Requested labels: ubuntu-latest
2024-03-12T21:42:21.4976913Z Job defined at: rubyforgood/human-essentials/.github/workflows/rspec-system.yml@refs/pull/4191/merge
2024-03-12T21:42:21.4977007Z Waiting for a runner to pick up this job...
2024-03-12T21:42:23.1809158Z Job is waiting for a hosted runner to come online.
2024-03-12T21:42:24.9552989Z Job is about to start running on the hosted runner: GitHub Actions 19 (hosted)
2024-03-12T21:42:26.8233325Z Current runner version: '2.314.1'
2024-03-12T21:42:26.8256842Z ##[group]Operating System
2024-03-12T21:42:26.8257440Z Ubuntu
2024-03-12T21:42:26.8257907Z 22.04.4
2024-03-12T21:42:26.8258249Z LTS
2024-03-12T21:42:26.8258538Z ##[endgroup]
2024-03-12T21:42:26.8259006Z ##[group]Runner Image
2024-03-12T21:42:26.8259430Z Image: ubuntu-22.04
2024-03-12T21:42:26.8259783Z Version: 20240304.1.0
2024-03-12T21:42:26.8260863Z Included Software: https://github.com/actions/runner-images/blob/ubuntu22/20240304.1/images/ubuntu/Ubuntu2204-Readme.md
2024-03-12T21:42:26.8262300Z Image Release: https://github.com/actions/runner-images/releases/tag/ubuntu22%2F20240304.1
2024-03-12T21:42:26.8263116Z ##[endgroup]
2024-03-12T21:42:26.8263591Z ##[group]Runner Image Provisioner
2024-03-12T21:42:26.8264085Z 2.0.359.1
2024-03-12T21:42:26.8264381Z ##[endgroup]
2024-03-12T21:42:26.8266512Z ##[group]GITHUB_TOKEN Permissions
2024-03-12T21:42:26.8268132Z Actions: read
2024-03-12T21:42:26.8268525Z Checks: read
2024-03-12T21:42:26.8269172Z Contents: read
2024-03-12T21:42:26.8269703Z Deployments: read
2024-03-12T21:42:26.8270100Z Discussions: read
2024-03-12T21:42:26.8270458Z Issues: read
2024-03-12T21:42:26.8270881Z Metadata: read
2024-03-12T21:42:26.8271286Z Packages: read
2024-03-12T21:42:26.8271645Z Pages: read
2024-03-12T21:42:26.8272075Z PullRequests: read
2024-03-12T21:42:26.8272481Z RepositoryProjects: read
2024-03-12T21:42:26.8272901Z SecurityEvents: read
2024-03-12T21:42:26.8273385Z Statuses: read
2024-03-12T21:42:26.8273756Z ##[endgroup]
2024-03-12T21:42:26.8277032Z Secret source: None
2024-03-12T21:42:26.8277714Z Prepare workflow directory
2024-03-12T21:42:26.9157438Z Prepare all required actions
2024-03-12T21:42:26.9314715Z Getting action download info
2024-03-12T21:42:27.1055328Z Download action repository 'actions/checkout@v2' (SHA:ee0669bd1cc54295c223e0bb666b733df41de1c5)
2024-03-12T21:42:27.2287687Z Download action repository 'ruby/setup-ruby@v1' (SHA:d4526a55538b775af234ba4af27118ed6f8f6677)
2024-03-12T21:42:27.4151448Z Download action repository 'actions/upload-artifact@v2' (SHA:82c141cc518b40d92cc801eee768e7aafc9c2fa2)
2024-03-12T21:42:27.5620552Z Complete job name: rspec-system (6, 5)
2024-03-12T21:42:27.6279168Z ##[group]Checking docker version
2024-03-12T21:42:27.6294077Z ##[command]/usr/bin/docker version --format '{{.Server.APIVersion}}'
2024-03-12T21:42:27.7111227Z '1.43'
2024-03-12T21:42:27.7124485Z Docker daemon API version: '1.43'
2024-03-12T21:42:27.7125424Z ##[command]/usr/bin/docker version --format '{{.Client.APIVersion}}'
2024-03-12T21:42:27.7286975Z '1.43'
2024-03-12T21:42:27.7300601Z Docker client API version: '1.43'
2024-03-12T21:42:27.7306303Z ##[endgroup]
2024-03-12T21:42:27.7309780Z ##[group]Clean up resources from previous jobs
2024-03-12T21:42:27.7316258Z ##[command]/usr/bin/docker ps --all --quiet --no-trunc --filter "label=930ce6"
2024-03-12T21:42:27.7466276Z ##[command]/usr/bin/docker network prune --force --filter "label=930ce6"
2024-03-12T21:42:27.7606251Z ##[endgroup]
2024-03-12T21:42:27.7606812Z ##[group]Create local container network
2024-03-12T21:42:27.7617188Z ##[command]/usr/bin/docker network create --label 930ce6 github_network_46d7935eec5a4b02bf46b4241b3ac651
2024-03-12T21:42:27.8270781Z 942266cfd335041fd58d245a2616e1cf978a396dc85ceca143082cd41ece64fb
2024-03-12T21:42:27.8289466Z ##[endgroup]
2024-03-12T21:42:27.8406288Z ##[group]Starting db service container
2024-03-12T21:42:27.8478040Z ##[command]/usr/bin/docker pull postgres:12.3
2024-03-12T21:42:28.0699754Z 12.3: Pulling from library/postgres
2024-03-12T21:42:28.1600524Z bf5952930446: Pulling fs layer
2024-03-12T21:42:28.1601737Z 9577476abb00: Pulling fs layer
2024-03-12T21:42:28.1602501Z 2bd105512d5c: Pulling fs layer
2024-03-12T21:42:28.1603129Z b1cd21c26e81: Pulling fs layer
2024-03-12T21:42:28.1603685Z 34a7c86cf8fc: Pulling fs layer
2024-03-12T21:42:28.1604267Z 274e7b0c38d5: Pulling fs layer
2024-03-12T21:42:28.1604827Z 3e831b350d37: Pulling fs layer
2024-03-12T21:42:28.1605373Z 38fa0d496534: Pulling fs layer
2024-03-12T21:42:28.1605932Z 31a8349609a4: Pulling fs layer
2024-03-12T21:42:28.1606847Z 14e4c2a4b7b7: Pulling fs layer
2024-03-12T21:42:28.1607396Z 964acfa02beb: Pulling fs layer
2024-03-12T21:42:28.1608016Z 31b1f20dffc0: Pulling fs layer
2024-03-12T21:42:28.1608564Z 14771c2930e9: Pulling fs layer
2024-03-12T21:42:28.1609108Z 2f30edd0ce8a: Pulling fs layer
2024-03-12T21:42:28.1609714Z b1cd21c26e81: Waiting
2024-03-12T21:42:28.1610196Z 34a7c86cf8fc: Waiting
2024-03-12T21:42:28.1610635Z 274e7b0c38d5: Waiting
2024-03-12T21:42:28.1611074Z 3e831b350d37: Waiting
2024-03-12T21:42:28.1611479Z 38fa0d496534: Waiting
2024-03-12T21:42:28.1611898Z 31a8349609a4: Waiting
2024-03-12T21:42:28.1612340Z 14e4c2a4b7b7: Waiting
2024-03-12T21:42:28.1612752Z 964acfa02beb: Waiting
2024-03-12T21:42:28.1613182Z 2f30edd0ce8a: Waiting
2024-03-12T21:42:28.1613616Z 14771c2930e9: Waiting
2024-03-12T21:42:28.2261843Z 2bd105512d5c: Verifying Checksum
2024-03-12T21:42:28.2262973Z 2bd105512d5c: Download complete
2024-03-12T21:42:28.2459784Z 9577476abb00: Verifying Checksum
2024-03-12T21:42:28.2460896Z 9577476abb00: Download complete
2024-03-12T21:42:28.3231869Z b1cd21c26e81: Verifying Checksum
2024-03-12T21:42:28.3233986Z b1cd21c26e81: Download complete
2024-03-12T21:42:28.3937590Z 274e7b0c38d5: Verifying Checksum
2024-03-12T21:42:28.3939611Z 274e7b0c38d5: Download complete
2024-03-12T21:42:28.4018358Z bf5952930446: Verifying Checksum
2024-03-12T21:42:28.4019117Z bf5952930446: Download complete
2024-03-12T21:42:28.4185353Z 34a7c86cf8fc: Verifying Checksum
2024-03-12T21:42:28.4186244Z 34a7c86cf8fc: Download complete
2024-03-12T21:42:28.4508050Z 3e831b350d37: Verifying Checksum
2024-03-12T21:42:28.4509167Z 3e831b350d37: Download complete
2024-03-12T21:42:28.4661810Z 38fa0d496534: Verifying Checksum
2024-03-12T21:42:28.4662555Z 38fa0d496534: Download complete
2024-03-12T21:42:28.5353665Z 964acfa02beb: Verifying Checksum
2024-03-12T21:42:28.5354875Z 964acfa02beb: Download complete
2024-03-12T21:42:28.5484786Z 14e4c2a4b7b7: Verifying Checksum
2024-03-12T21:42:28.5485798Z 14e4c2a4b7b7: Download complete
2024-03-12T21:42:28.5953291Z 31b1f20dffc0: Verifying Checksum
2024-03-12T21:42:28.5954491Z 31b1f20dffc0: Download complete
2024-03-12T21:42:28.6036814Z 14771c2930e9: Verifying Checksum
2024-03-12T21:42:28.6038084Z 14771c2930e9: Download complete
2024-03-12T21:42:28.6569086Z 2f30edd0ce8a: Verifying Checksum
2024-03-12T21:42:28.6570017Z 2f30edd0ce8a: Download complete
2024-03-12T21:42:29.1464540Z 31a8349609a4: Verifying Checksum
2024-03-12T21:42:29.1465434Z 31a8349609a4: Download complete
2024-03-12T21:42:29.6010692Z bf5952930446: Pull complete
2024-03-12T21:42:30.3165551Z 9577476abb00: Pull complete
2024-03-12T21:42:30.3374375Z 2bd105512d5c: Pull complete
2024-03-12T21:42:30.4058817Z b1cd21c26e81: Pull complete
2024-03-12T21:42:30.7527258Z 34a7c86cf8fc: Pull complete
2024-03-12T21:42:30.7905003Z 274e7b0c38d5: Pull complete
2024-03-12T21:42:30.8011286Z 3e831b350d37: Pull complete
2024-03-12T21:42:30.8138440Z 38fa0d496534: Pull complete
2024-03-12T21:42:32.8421679Z 31a8349609a4: Pull complete
2024-03-12T21:42:33.1168126Z 14e4c2a4b7b7: Pull complete
2024-03-12T21:42:33.1268860Z 964acfa02beb: Pull complete
2024-03-12T21:42:33.1375960Z 31b1f20dffc0: Pull complete
2024-03-12T21:42:33.1482791Z 14771c2930e9: Pull complete
2024-03-12T21:42:33.1580378Z 2f30edd0ce8a: Pull complete
2024-03-12T21:42:33.1622229Z Digest: sha256:a06e6e6e519b7a329c419f8221edec66cfc45511e8b80e262c12103ba745cf19
2024-03-12T21:42:33.1645126Z Status: Downloaded newer image for postgres:12.3
2024-03-12T21:42:33.1658229Z docker.io/library/postgres:12.3
2024-03-12T21:42:33.1760508Z ##[command]/usr/bin/docker create --name c92809fb9a6c4ff2b1d2038bdaaa6f7f_postgres123_5e5351 --label 930ce6 --network github_network_46d7935eec5a4b02bf46b4241b3ac651 --network-alias db -p 5432:5432 --health-cmd pg_isready --health-interval 10s --health-timeout 5s --health-retries 5 -e "POSTGRES_PASSWORD=password" -e GITHUB_ACTIONS=true -e CI=true postgres:12.3
2024-03-12T21:42:33.2024485Z fea481bce8b4b1f128ce5530a71db81fd60fe977c5bc7256a43b34873d215a6a
2024-03-12T21:42:33.2048381Z ##[command]/usr/bin/docker start fea481bce8b4b1f128ce5530a71db81fd60fe977c5bc7256a43b34873d215a6a
2024-03-12T21:42:33.4804917Z fea481bce8b4b1f128ce5530a71db81fd60fe977c5bc7256a43b34873d215a6a
2024-03-12T21:42:33.4825943Z ##[command]/usr/bin/docker ps --all --filter id=fea481bce8b4b1f128ce5530a71db81fd60fe977c5bc7256a43b34873d215a6a --filter status=running --no-trunc --format "{{.ID}} {{.Status}}"
2024-03-12T21:42:33.4970610Z fea481bce8b4b1f128ce5530a71db81fd60fe977c5bc7256a43b34873d215a6a Up Less than a second (health: starting)
2024-03-12T21:42:33.4992707Z ##[command]/usr/bin/docker port fea481bce8b4b1f128ce5530a71db81fd60fe977c5bc7256a43b34873d215a6a
2024-03-12T21:42:33.5120322Z 5432/tcp -> 0.0.0.0:5432
2024-03-12T21:42:33.5121361Z 5432/tcp -> [::]:5432
2024-03-12T21:42:33.5194108Z ##[endgroup]
2024-03-12T21:42:33.5219686Z ##[group]Waiting for all services to be ready
2024-03-12T21:42:33.5255878Z ##[command]/usr/bin/docker inspect --format="{{if .Config.Healthcheck}}{{print .State.Health.Status}}{{end}}" fea481bce8b4b1f128ce5530a71db81fd60fe977c5bc7256a43b34873d215a6a
2024-03-12T21:42:33.5397380Z starting
2024-03-12T21:42:33.5420187Z db service is starting, waiting 2 seconds before checking again.
2024-03-12T21:42:35.5403943Z ##[command]/usr/bin/docker inspect --format="{{if .Config.Healthcheck}}{{print .State.Health.Status}}{{end}}" fea481bce8b4b1f128ce5530a71db81fd60fe977c5bc7256a43b34873d215a6a
2024-03-12T21:42:35.5531727Z starting
2024-03-12T21:42:35.5544679Z db service is starting, waiting 4 seconds before checking again.
2024-03-12T21:42:39.6143588Z ##[command]/usr/bin/docker inspect --format="{{if .Config.Healthcheck}}{{print .State.Health.Status}}{{end}}" fea481bce8b4b1f128ce5530a71db81fd60fe977c5bc7256a43b34873d215a6a
2024-03-12T21:42:39.6258625Z starting
2024-03-12T21:42:39.6271586Z db service is starting, waiting 7 seconds before checking again.
2024-03-12T21:42:47.0486585Z ##[command]/usr/bin/docker inspect --format="{{if .Config.Healthcheck}}{{print .State.Health.Status}}{{end}}" fea481bce8b4b1f128ce5530a71db81fd60fe977c5bc7256a43b34873d215a6a
2024-03-12T21:42:47.0617732Z healthy
2024-03-12T21:42:47.0635614Z db service is healthy.
2024-03-12T21:42:47.0636467Z ##[endgroup]
2024-03-12T21:42:47.1007481Z ##[group]Run actions/checkout@v2
2024-03-12T21:42:47.1007970Z with:
2024-03-12T21:42:47.1008426Z   repository: rubyforgood/human-essentials
2024-03-12T21:42:47.1009083Z   token: ***
2024-03-12T21:42:47.1009412Z   ssh-strict: true
2024-03-12T21:42:47.1009896Z   persist-credentials: true
2024-03-12T21:42:47.1010273Z   clean: true
2024-03-12T21:42:47.1010568Z   fetch-depth: 1
2024-03-12T21:42:47.1010952Z   lfs: false
2024-03-12T21:42:47.1011283Z   submodules: false
2024-03-12T21:42:47.1011591Z   set-safe-directory: true
2024-03-12T21:42:47.1012027Z ##[endgroup]
2024-03-12T21:42:47.2948167Z Syncing repository: rubyforgood/human-essentials
2024-03-12T21:42:47.2950015Z ##[group]Getting Git version info
2024-03-12T21:42:47.2950886Z Working directory is '/home/runner/work/human-essentials/human-essentials'
2024-03-12T21:42:47.2951903Z [command]/usr/bin/git version
2024-03-12T21:42:47.2987012Z git version 2.43.2
2024-03-12T21:42:47.3011053Z ##[endgroup]
2024-03-12T21:42:47.3026165Z Temporarily overriding HOME='/home/runner/work/_temp/b2d4e9a8-8619-48ed-8a6d-4ee88f91e5c5' before making global git config changes
2024-03-12T21:42:47.3027324Z Adding repository directory to the temporary git global config as a safe directory
2024-03-12T21:42:47.3030865Z [command]/usr/bin/git config --global --add safe.directory /home/runner/work/human-essentials/human-essentials
2024-03-12T21:42:47.3075217Z Deleting the contents of '/home/runner/work/human-essentials/human-essentials'
2024-03-12T21:42:47.3079883Z ##[group]Initializing the repository
2024-03-12T21:42:47.3083357Z [command]/usr/bin/git init /home/runner/work/human-essentials/human-essentials
2024-03-12T21:42:47.3166108Z hint: Using 'master' as the name for the initial branch. This default branch name
2024-03-12T21:42:47.3167766Z hint: is subject to change. To configure the initial branch name to use in all
2024-03-12T21:42:47.3169485Z hint: of your new repositories, which will suppress this warning, call:
2024-03-12T21:42:47.3170487Z hint: 
2024-03-12T21:42:47.3171377Z hint: 	git config --global init.defaultBranch <name>
2024-03-12T21:42:47.3172219Z hint: 
2024-03-12T21:42:47.3173279Z hint: Names commonly chosen instead of 'master' are 'main', 'trunk' and
2024-03-12T21:42:47.3174636Z hint: 'development'. The just-created branch can be renamed via this command:
2024-03-12T21:42:47.3175308Z hint: 
2024-03-12T21:42:47.3175710Z hint: 	git branch -m <name>
2024-03-12T21:42:47.3177920Z Initialized empty Git repository in /home/runner/work/human-essentials/human-essentials/.git/
2024-03-12T21:42:47.3185872Z [command]/usr/bin/git remote add origin https://github.com/rubyforgood/human-essentials
2024-03-12T21:42:47.3228379Z ##[endgroup]
2024-03-12T21:42:47.3229122Z ##[group]Disabling automatic garbage collection
2024-03-12T21:42:47.3231826Z [command]/usr/bin/git config --local gc.auto 0
2024-03-12T21:42:47.3268863Z ##[endgroup]
2024-03-12T21:42:47.3269643Z ##[group]Setting up auth
2024-03-12T21:42:47.3276140Z [command]/usr/bin/git config --local --name-only --get-regexp core\.sshCommand
2024-03-12T21:42:47.3312862Z [command]/usr/bin/git submodule foreach --recursive sh -c "git config --local --name-only --get-regexp 'core\.sshCommand' && git config --local --unset-all 'core.sshCommand' || :"
2024-03-12T21:42:47.3626825Z [command]/usr/bin/git config --local --name-only --get-regexp http\.https\:\/\/github\.com\/\.extraheader
2024-03-12T21:42:47.3665870Z [command]/usr/bin/git submodule foreach --recursive sh -c "git config --local --name-only --get-regexp 'http\.https\:\/\/github\.com\/\.extraheader' && git config --local --unset-all 'http.https://github.com/.extraheader' || :"
2024-03-12T21:42:47.3914855Z [command]/usr/bin/git config --local http.https://github.com/.extraheader AUTHORIZATION: basic ***
2024-03-12T21:42:47.3960304Z ##[endgroup]
2024-03-12T21:42:47.3960985Z ##[group]Fetching the repository
2024-03-12T21:42:47.3968723Z [command]/usr/bin/git -c protocol.version=2 fetch --no-tags --prune --progress --no-recurse-submodules --depth=1 origin +3065f92262e830f0a1a9715a6400ef26db0bac4c:refs/remotes/pull/4191/merge
2024-03-12T21:42:47.5911076Z remote: Enumerating objects: 1752, done.        
2024-03-12T21:42:47.5912806Z remote: Counting objects:   0% (1/1752)        
2024-03-12T21:42:47.5913697Z remote: Counting objects:   1% (18/1752)        
2024-03-12T21:42:47.5915205Z remote: Counting objects:   2% (36/1752)        
2024-03-12T21:42:47.5916151Z remote: Counting objects:   3% (53/1752)        
2024-03-12T21:42:47.5918254Z remote: Counting objects:   4% (71/1752)        
2024-03-12T21:42:47.5920615Z remote: Counting objects:   5% (88/1752)        
2024-03-12T21:42:47.5922730Z remote: Counting objects:   6% (106/1752)        
2024-03-12T21:42:47.5924360Z remote: Counting objects:   7% (123/1752)        
2024-03-12T21:42:47.5925894Z remote: Counting objects:   8% (141/1752)        
2024-03-12T21:42:47.5927180Z remote: Counting objects:   9% (158/1752)        
2024-03-12T21:42:47.5928578Z remote: Counting objects:  10% (176/1752)        
2024-03-12T21:42:47.5929362Z remote: Counting objects:  11% (193/1752)        
2024-03-12T21:42:47.5930160Z remote: Counting objects:  12% (211/1752)        
2024-03-12T21:42:47.5931050Z remote: Counting objects:  13% (228/1752)        
2024-03-12T21:42:47.5931754Z remote: Counting objects:  14% (246/1752)        
2024-03-12T21:42:47.5932513Z remote: Counting objects:  15% (263/1752)        
2024-03-12T21:42:47.5933850Z remote: Counting objects:  16% (281/1752)        
2024-03-12T21:42:47.5934592Z remote: Counting objects:  17% (298/1752)        
2024-03-12T21:42:47.5935336Z remote: Counting objects:  18% (316/1752)        
2024-03-12T21:42:47.5936624Z remote: Counting objects:  19% (333/1752)        
2024-03-12T21:42:47.5937351Z remote: Counting objects:  20% (351/1752)        
2024-03-12T21:42:47.5938214Z remote: Counting objects:  21% (368/1752)        
2024-03-12T21:42:47.5939511Z remote: Counting objects:  22% (386/1752)        
2024-03-12T21:42:47.5940365Z remote: Counting objects:  23% (403/1752)        
2024-03-12T21:42:47.5941284Z remote: Counting objects:  24% (421/1752)        
2024-03-12T21:42:47.5943031Z remote: Counting objects:  25% (438/1752)        
2024-03-12T21:42:47.5943884Z remote: Counting objects:  26% (456/1752)        
2024-03-12T21:42:47.5944767Z remote: Counting objects:  27% (474/1752)        
2024-03-12T21:42:47.5945858Z remote: Counting objects:  28% (491/1752)        
2024-03-12T21:42:47.5946777Z remote: Counting objects:  29% (509/1752)        
2024-03-12T21:42:47.5947587Z remote: Counting objects:  30% (526/1752)        
2024-03-12T21:42:47.5948625Z remote: Counting objects:  31% (544/1752)        
2024-03-12T21:42:47.5949820Z remote: Counting objects:  32% (561/1752)        
2024-03-12T21:42:47.5950889Z remote: Counting objects:  33% (579/1752)        
2024-03-12T21:42:47.5951732Z remote: Counting objects:  34% (596/1752)        
2024-03-12T21:42:47.5952636Z remote: Counting objects:  35% (614/1752)        
2024-03-12T21:42:47.5954108Z remote: Counting objects:  36% (631/1752)        
2024-03-12T21:42:47.5955045Z remote: Counting objects:  37% (649/1752)        
2024-03-12T21:42:47.5955991Z remote: Counting objects:  38% (666/1752)        
2024-03-12T21:42:47.5957061Z remote: Counting objects:  39% (684/1752)        
2024-03-12T21:42:47.5957965Z remote: Counting objects:  40% (701/1752)        
2024-03-12T21:42:47.5958832Z remote: Counting objects:  41% (719/1752)        
2024-03-12T21:42:47.5959818Z remote: Counting objects:  42% (736/1752)        
2024-03-12T21:42:47.5960673Z remote: Counting objects:  43% (754/1752)        
2024-03-12T21:42:47.5961865Z remote: Counting objects:  44% (771/1752)        
2024-03-12T21:42:47.5962882Z remote: Counting objects:  45% (789/1752)        
2024-03-12T21:42:47.5963717Z remote: Counting objects:  46% (806/1752)        
2024-03-12T21:42:47.5964578Z remote: Counting objects:  47% (824/1752)        
2024-03-12T21:42:47.5965667Z remote: Counting objects:  48% (841/1752)        
2024-03-12T21:42:47.5966549Z remote: Counting objects:  49% (859/1752)        
2024-03-12T21:42:47.5968077Z remote: Counting objects:  50% (876/1752)        
2024-03-12T21:42:47.5969276Z remote: Counting objects:  51% (894/1752)        
2024-03-12T21:42:47.5970203Z remote: Counting objects:  52% (912/1752)        
2024-03-12T21:42:47.5971023Z remote: Counting objects:  53% (929/1752)        
2024-03-12T21:42:47.5972051Z remote: Counting objects:  54% (947/1752)        
2024-03-12T21:42:47.5972887Z remote: Counting objects:  55% (964/1752)        
2024-03-12T21:42:47.5973653Z remote: Counting objects:  56% (982/1752)        
2024-03-12T21:42:47.5974727Z remote: Counting objects:  57% (999/1752)        
2024-03-12T21:42:47.5975651Z remote: Counting objects:  58% (1017/1752)        
2024-03-12T21:42:47.5976550Z remote: Counting objects:  59% (1034/1752)        
2024-03-12T21:42:47.5977608Z remote: Counting objects:  60% (1052/1752)        
2024-03-12T21:42:47.5978561Z remote: Counting objects:  61% (1069/1752)        
2024-03-12T21:42:47.5979474Z remote: Counting objects:  62% (1087/1752)        
2024-03-12T21:42:47.5980574Z remote: Counting objects:  63% (1104/1752)        
2024-03-12T21:42:47.5981501Z remote: Counting objects:  64% (1122/1752)        
2024-03-12T21:42:47.5982446Z remote: Counting objects:  65% (1139/1752)        
2024-03-12T21:42:47.5983431Z remote: Counting objects:  66% (1157/1752)        
2024-03-12T21:42:47.5984401Z remote: Counting objects:  67% (1174/1752)        
2024-03-12T21:42:47.5985337Z remote: Counting objects:  68% (1192/1752)        
2024-03-12T21:42:47.5986324Z remote: Counting objects:  69% (1209/1752)        
2024-03-12T21:42:47.5987289Z remote: Counting objects:  70% (1227/1752)        
2024-03-12T21:42:47.5988198Z remote: Counting objects:  71% (1244/1752)        
2024-03-12T21:42:47.5989180Z remote: Counting objects:  72% (1262/1752)        
2024-03-12T21:42:47.5990143Z remote: Counting objects:  73% (1279/1752)        
2024-03-12T21:42:47.5991347Z remote: Counting objects:  74% (1297/1752)        
2024-03-12T21:42:47.5992381Z remote: Counting objects:  75% (1314/1752)        
2024-03-12T21:42:47.5993182Z remote: Counting objects:  76% (1332/1752)        
2024-03-12T21:42:47.5994280Z remote: Counting objects:  77% (1350/1752)        
2024-03-12T21:42:47.5995260Z remote: Counting objects:  78% (1367/1752)        
2024-03-12T21:42:47.5996074Z remote: Counting objects:  79% (1385/1752)        
2024-03-12T21:42:47.5996956Z remote: Counting objects:  80% (1402/1752)        
2024-03-12T21:42:47.5997957Z remote: Counting objects:  81% (1420/1752)        
2024-03-12T21:42:47.5998727Z remote: Counting objects:  82% (1437/1752)        
2024-03-12T21:42:47.5999551Z remote: Counting objects:  83% (1455/1752)        
2024-03-12T21:42:47.6000543Z remote: Counting objects:  84% (1472/1752)        
2024-03-12T21:42:47.6001331Z remote: Counting objects:  85% (1490/1752)        
2024-03-12T21:42:47.6002199Z remote: Counting objects:  86% (1507/1752)        
2024-03-12T21:42:47.6003447Z remote: Counting objects:  87% (1525/1752)        
2024-03-12T21:42:47.6004240Z remote: Counting objects:  88% (1542/1752)        
2024-03-12T21:42:47.6005086Z remote: Counting objects:  89% (1560/1752)        
2024-03-12T21:42:47.6006087Z remote: Counting objects:  90% (1577/1752)        
2024-03-12T21:42:47.6006873Z remote: Counting objects:  91% (1595/1752)        
2024-03-12T21:42:47.6007749Z remote: Counting objects:  92% (1612/1752)        
2024-03-12T21:42:47.6008725Z remote: Counting objects:  93% (1630/1752)        
2024-03-12T21:42:47.6009564Z remote: Counting objects:  94% (1647/1752)        
2024-03-12T21:42:47.6010444Z remote: Counting objects:  95% (1665/1752)        
2024-03-12T21:42:47.6011514Z remote: Counting objects:  96% (1682/1752)        
2024-03-12T21:42:47.6012482Z remote: Counting objects:  97% (1700/1752)        
2024-03-12T21:42:47.6013348Z remote: Counting objects:  98% (1717/1752)        
2024-03-12T21:42:47.6014448Z remote: Counting objects:  99% (1735/1752)        
2024-03-12T21:42:47.6015407Z remote: Counting objects: 100% (1752/1752)        
2024-03-12T21:42:47.6016603Z remote: Counting objects: 100% (1752/1752), done.        
2024-03-12T21:42:47.6017794Z remote: Compressing objects:   0% (1/1570)        
2024-03-12T21:42:47.6018743Z remote: Compressing objects:   1% (16/1570)        
2024-03-12T21:42:47.6019590Z remote: Compressing objects:   2% (32/1570)        
2024-03-12T21:42:47.6020696Z remote: Compressing objects:   3% (48/1570)        
2024-03-12T21:42:47.6021718Z remote: Compressing objects:   4% (63/1570)        
2024-03-12T21:42:47.6022598Z remote: Compressing objects:   5% (79/1570)        
2024-03-12T21:42:47.6023709Z remote: Compressing objects:   6% (95/1570)        
2024-03-12T21:42:47.6024709Z remote: Compressing objects:   7% (110/1570)        
2024-03-12T21:42:47.6025790Z remote: Compressing objects:   8% (126/1570)        
2024-03-12T21:42:47.6067601Z remote: Compressing objects:   9% (142/1570)        
2024-03-12T21:42:47.6070728Z remote: Compressing objects:  10% (157/1570)        
2024-03-12T21:42:47.6071626Z remote: Compressing objects:  11% (173/1570)        
2024-03-12T21:42:47.6072969Z remote: Compressing objects:  12% (189/1570)        
2024-03-12T21:42:47.6107210Z remote: Compressing objects:  13% (205/1570)        
2024-03-12T21:42:47.6110800Z remote: Compressing objects:  14% (220/1570)        
2024-03-12T21:42:47.6116172Z remote: Compressing objects:  15% (236/1570)        
2024-03-12T21:42:47.6117809Z remote: Compressing objects:  16% (252/1570)        
2024-03-12T21:42:47.6123139Z remote: Compressing objects:  17% (267/1570)        
2024-03-12T21:42:47.6126358Z remote: Compressing objects:  18% (283/1570)        
2024-03-12T21:42:47.6156244Z remote: Compressing objects:  19% (299/1570)        
2024-03-12T21:42:47.6180208Z remote: Compressing objects:  20% (314/1570)        
2024-03-12T21:42:47.6229050Z remote: Compressing objects:  21% (330/1570)        
2024-03-12T21:42:47.6243016Z remote: Compressing objects:  22% (346/1570)        
2024-03-12T21:42:47.6249213Z remote: Compressing objects:  23% (362/1570)        
2024-03-12T21:42:47.6267620Z remote: Compressing objects:  24% (377/1570)        
2024-03-12T21:42:47.6269262Z remote: Compressing objects:  25% (393/1570)        
2024-03-12T21:42:47.6279939Z remote: Compressing objects:  26% (409/1570)        
2024-03-12T21:42:47.6291199Z remote: Compressing objects:  27% (424/1570)        
2024-03-12T21:42:47.6299781Z remote: Compressing objects:  28% (440/1570)        
2024-03-12T21:42:47.6312649Z remote: Compressing objects:  29% (456/1570)        
2024-03-12T21:42:47.6319046Z remote: Compressing objects:  30% (471/1570)        
2024-03-12T21:42:47.6341386Z remote: Compressing objects:  31% (487/1570)        
2024-03-12T21:42:47.6349231Z remote: Compressing objects:  32% (503/1570)        
2024-03-12T21:42:47.6361848Z remote: Compressing objects:  33% (519/1570)        
2024-03-12T21:42:47.6373023Z remote: Compressing objects:  34% (534/1570)        
2024-03-12T21:42:47.6374279Z remote: Compressing objects:  35% (550/1570)        
2024-03-12T21:42:47.6379935Z remote: Compressing objects:  36% (566/1570)        
2024-03-12T21:42:47.6383658Z remote: Compressing objects:  37% (581/1570)        
2024-03-12T21:42:47.6388050Z remote: Compressing objects:  38% (597/1570)        
2024-03-12T21:42:47.6396181Z remote: Compressing objects:  39% (613/1570)        
2024-03-12T21:42:47.6397330Z remote: Compressing objects:  40% (628/1570)        
2024-03-12T21:42:47.6398167Z remote: Compressing objects:  41% (644/1570)        
2024-03-12T21:42:47.6398841Z remote: Compressing objects:  42% (660/1570)        
2024-03-12T21:42:47.6403290Z remote: Compressing objects:  43% (676/1570)        
2024-03-12T21:42:47.6404184Z remote: Compressing objects:  44% (691/1570)        
2024-03-12T21:42:47.6412086Z remote: Compressing objects:  45% (707/1570)        
2024-03-12T21:42:47.6416921Z remote: Compressing objects:  46% (723/1570)        
2024-03-12T21:42:47.6424332Z remote: Compressing objects:  47% (738/1570)        
2024-03-12T21:42:47.6425587Z remote: Compressing objects:  48% (754/1570)        
2024-03-12T21:42:47.6426808Z remote: Compressing objects:  49% (770/1570)        
2024-03-12T21:42:47.6430020Z remote: Compressing objects:  50% (785/1570)        
2024-03-12T21:42:47.6432071Z remote: Compressing objects:  51% (801/1570)        
2024-03-12T21:42:47.6437722Z remote: Compressing objects:  52% (817/1570)        
2024-03-12T21:42:47.6442310Z remote: Compressing objects:  53% (833/1570)        
2024-03-12T21:42:47.6446360Z remote: Compressing objects:  54% (848/1570)        
2024-03-12T21:42:47.6455115Z remote: Compressing objects:  55% (864/1570)        
2024-03-12T21:42:47.6495252Z remote: Compressing objects:  56% (880/1570)        
2024-03-12T21:42:47.6522823Z remote: Compressing objects:  57% (895/1570)        
2024-03-12T21:42:47.6536978Z remote: Compressing objects:  58% (911/1570)        
2024-03-12T21:42:47.6540046Z remote: Compressing objects:  59% (927/1570)        
2024-03-12T21:42:47.6543141Z remote: Compressing objects:  60% (942/1570)        
2024-03-12T21:42:47.6550506Z remote: Compressing objects:  61% (958/1570)        
2024-03-12T21:42:47.6554291Z remote: Compressing objects:  62% (974/1570)        
2024-03-12T21:42:47.6564422Z remote: Compressing objects:  63% (990/1570)        
2024-03-12T21:42:47.6566880Z remote: Compressing objects:  64% (1005/1570)        
2024-03-12T21:42:47.6569969Z remote: Compressing objects:  65% (1021/1570)        
2024-03-12T21:42:47.6577845Z remote: Compressing objects:  66% (1037/1570)        
2024-03-12T21:42:47.6586577Z remote: Compressing objects:  67% (1052/1570)        
2024-03-12T21:42:47.6590961Z remote: Compressing objects:  68% (1068/1570)        
2024-03-12T21:42:47.6594821Z remote: Compressing objects:  69% (1084/1570)        
2024-03-12T21:42:47.6598025Z remote: Compressing objects:  70% (1099/1570)        
2024-03-12T21:42:47.6613687Z remote: Compressing objects:  71% (1115/1570)        
2024-03-12T21:42:47.6625511Z remote: Compressing objects:  72% (1131/1570)        
2024-03-12T21:42:47.6637223Z remote: Compressing objects:  73% (1147/1570)        
2024-03-12T21:42:47.6646821Z remote: Compressing objects:  74% (1162/1570)        
2024-03-12T21:42:47.6666551Z remote: Compressing objects:  75% (1178/1570)        
2024-03-12T21:42:47.6727499Z remote: Compressing objects:  76% (1194/1570)        
2024-03-12T21:42:47.6748972Z remote: Compressing objects:  77% (1209/1570)        
2024-03-12T21:42:47.6761289Z remote: Compressing objects:  78% (1225/1570)        
2024-03-12T21:42:47.6786858Z remote: Compressing objects:  79% (1241/1570)        
2024-03-12T21:42:47.6809796Z remote: Compressing objects:  80% (1256/1570)        
2024-03-12T21:42:47.6862435Z remote: Compressing objects:  81% (1272/1570)        
2024-03-12T21:42:47.6901986Z remote: Compressing objects:  82% (1288/1570)        
2024-03-12T21:42:47.6927948Z remote: Compressing objects:  83% (1304/1570)        
2024-03-12T21:42:47.6943501Z remote: Compressing objects:  84% (1319/1570)        
2024-03-12T21:42:47.6987781Z remote: Compressing objects:  85% (1335/1570)        
2024-03-12T21:42:47.7027833Z remote: Compressing objects:  86% (1351/1570)        
2024-03-12T21:42:47.7053227Z remote: Compressing objects:  87% (1366/1570)        
2024-03-12T21:42:47.7060862Z remote: Compressing objects:  88% (1382/1570)        
2024-03-12T21:42:47.7063134Z remote: Compressing objects:  89% (1398/1570)        
2024-03-12T21:42:47.7065648Z remote: Compressing objects:  90% (1413/1570)        
2024-03-12T21:42:47.7066987Z remote: Compressing objects:  91% (1429/1570)        
2024-03-12T21:42:47.7068493Z remote: Compressing objects:  92% (1445/1570)        
2024-03-12T21:42:47.7070902Z remote: Compressing objects:  93% (1461/1570)        
2024-03-12T21:42:47.7073111Z remote: Compressing objects:  94% (1476/1570)        
2024-03-12T21:42:47.7076059Z remote: Compressing objects:  95% (1492/1570)        
2024-03-12T21:42:47.7077616Z remote: Compressing objects:  96% (1508/1570)        
2024-03-12T21:42:47.7078822Z remote: Compressing objects:  97% (1523/1570)        
2024-03-12T21:42:47.7079718Z remote: Compressing objects:  98% (1539/1570)        
2024-03-12T21:42:47.7083232Z remote: Compressing objects:  99% (1555/1570)        
2024-03-12T21:42:47.7084053Z remote: Compressing objects: 100% (1570/1570)        
2024-03-12T21:42:47.7084635Z remote: Compressing objects: 100% (1570/1570), done.        
2024-03-12T21:42:47.7121309Z Receiving objects:   0% (1/1752)
2024-03-12T21:42:47.7125828Z Receiving objects:   1% (18/1752)
2024-03-12T21:42:47.7142993Z Receiving objects:   2% (36/1752)
2024-03-12T21:42:47.7283769Z Receiving objects:   3% (53/1752)
2024-03-12T21:42:47.7760210Z Receiving objects:   4% (71/1752)
2024-03-12T21:42:47.7761794Z Receiving objects:   5% (88/1752)
2024-03-12T21:42:47.7765976Z Receiving objects:   6% (106/1752)
2024-03-12T21:42:47.7771340Z Receiving objects:   7% (123/1752)
2024-03-12T21:42:47.7775641Z Receiving objects:   8% (141/1752)
2024-03-12T21:42:47.7779796Z Receiving objects:   9% (158/1752)
2024-03-12T21:42:47.7783126Z Receiving objects:  10% (176/1752)
2024-03-12T21:42:47.7786067Z Receiving objects:  11% (193/1752)
2024-03-12T21:42:47.7789546Z Receiving objects:  12% (211/1752)
2024-03-12T21:42:47.7799946Z Receiving objects:  13% (228/1752)
2024-03-12T21:42:47.7803536Z Receiving objects:  14% (246/1752)
2024-03-12T21:42:47.7807533Z Receiving objects:  15% (263/1752)
2024-03-12T21:42:47.7811221Z Receiving objects:  16% (281/1752)
2024-03-12T21:42:47.7817281Z Receiving objects:  17% (298/1752)
2024-03-12T21:42:47.7821464Z Receiving objects:  18% (316/1752)
2024-03-12T21:42:47.7827249Z Receiving objects:  19% (333/1752)
2024-03-12T21:42:47.7830785Z Receiving objects:  20% (351/1752)
2024-03-12T21:42:47.7834841Z Receiving objects:  21% (368/1752)
2024-03-12T21:42:47.7837987Z Receiving objects:  22% (386/1752)
2024-03-12T21:42:47.7841452Z Receiving objects:  23% (403/1752)
2024-03-12T21:42:47.7844266Z Receiving objects:  24% (421/1752)
2024-03-12T21:42:47.7848760Z Receiving objects:  25% (438/1752)
2024-03-12T21:42:47.7849908Z Receiving objects:  26% (456/1752)
2024-03-12T21:42:47.7853056Z Receiving objects:  27% (474/1752)
2024-03-12T21:42:47.7855578Z Receiving objects:  28% (491/1752)
2024-03-12T21:42:47.7857456Z Receiving objects:  29% (509/1752)
2024-03-12T21:42:47.7860437Z Receiving objects:  30% (526/1752)
2024-03-12T21:42:47.7864268Z Receiving objects:  31% (544/1752)
2024-03-12T21:42:47.7867004Z Receiving objects:  32% (561/1752)
2024-03-12T21:42:47.7869048Z Receiving objects:  33% (579/1752)
2024-03-12T21:42:47.7871077Z Receiving objects:  34% (596/1752)
2024-03-12T21:42:47.7872807Z Receiving objects:  35% (614/1752)
2024-03-12T21:42:47.7877368Z Receiving objects:  36% (631/1752)
2024-03-12T21:42:47.7880969Z Receiving objects:  37% (649/1752)
2024-03-12T21:42:47.7882435Z Receiving objects:  38% (666/1752)
2024-03-12T21:42:47.7885902Z Receiving objects:  39% (684/1752)
2024-03-12T21:42:47.7889244Z Receiving objects:  40% (701/1752)
2024-03-12T21:42:47.7891241Z Receiving objects:  41% (719/1752)
2024-03-12T21:42:47.7894542Z Receiving objects:  42% (736/1752)
2024-03-12T21:42:47.7897665Z Receiving objects:  43% (754/1752)
2024-03-12T21:42:47.7900389Z Receiving objects:  44% (771/1752)
2024-03-12T21:42:47.7903545Z Receiving objects:  45% (789/1752)
2024-03-12T21:42:47.7905585Z Receiving objects:  46% (806/1752)
2024-03-12T21:42:47.7908128Z Receiving objects:  47% (824/1752)
2024-03-12T21:42:47.7911810Z Receiving objects:  48% (841/1752)
2024-03-12T21:42:47.7914142Z Receiving objects:  49% (859/1752)
2024-03-12T21:42:47.7916176Z Receiving objects:  50% (876/1752)
2024-03-12T21:42:47.7917970Z Receiving objects:  51% (894/1752)
2024-03-12T21:42:47.7920970Z Receiving objects:  52% (912/1752)
2024-03-12T21:42:47.7925781Z Receiving objects:  53% (929/1752)
2024-03-12T21:42:47.7929608Z Receiving objects:  54% (947/1752)
2024-03-12T21:42:47.7936893Z Receiving objects:  55% (964/1752)
2024-03-12T21:42:47.7940530Z Receiving objects:  56% (982/1752)
2024-03-12T21:42:47.7942177Z Receiving objects:  57% (999/1752)
2024-03-12T21:42:47.7944198Z Receiving objects:  58% (1017/1752)
2024-03-12T21:42:47.7946292Z Receiving objects:  59% (1034/1752)
2024-03-12T21:42:47.7948709Z Receiving objects:  60% (1052/1752)
2024-03-12T21:42:47.7949996Z Receiving objects:  61% (1069/1752)
2024-03-12T21:42:47.7951723Z Receiving objects:  62% (1087/1752)
2024-03-12T21:42:47.7953665Z Receiving objects:  63% (1104/1752)
2024-03-12T21:42:47.7955702Z Receiving objects:  64% (1122/1752)
2024-03-12T21:42:47.7957881Z Receiving objects:  65% (1139/1752)
2024-03-12T21:42:47.7959959Z Receiving objects:  66% (1157/1752)
2024-03-12T21:42:47.7962068Z Receiving objects:  67% (1174/1752)
2024-03-12T21:42:47.7963793Z Receiving objects:  68% (1192/1752)
2024-03-12T21:42:47.7965951Z Receiving objects:  69% (1209/1752)
2024-03-12T21:42:47.7968049Z Receiving objects:  70% (1227/1752)
2024-03-12T21:42:47.7975235Z Receiving objects:  71% (1244/1752)
2024-03-12T21:42:47.7987229Z Receiving objects:  72% (1262/1752)
2024-03-12T21:42:47.7989939Z Receiving objects:  73% (1279/1752)
2024-03-12T21:42:47.7991045Z Receiving objects:  74% (1297/1752)
2024-03-12T21:42:47.8129411Z Receiving objects:  75% (1314/1752)
2024-03-12T21:42:47.8257280Z Receiving objects:  76% (1332/1752)
2024-03-12T21:42:47.8341825Z Receiving objects:  77% (1350/1752)
2024-03-12T21:42:47.8482548Z Receiving objects:  78% (1367/1752)
2024-03-12T21:42:47.8636743Z Receiving objects:  79% (1385/1752)
2024-03-12T21:42:47.8818313Z Receiving objects:  80% (1402/1752)
2024-03-12T21:42:47.8823689Z Receiving objects:  81% (1420/1752)
2024-03-12T21:42:47.8826648Z Receiving objects:  82% (1437/1752)
2024-03-12T21:42:47.8829966Z Receiving objects:  83% (1455/1752)
2024-03-12T21:42:47.8835148Z Receiving objects:  84% (1472/1752)
2024-03-12T21:42:47.8839921Z Receiving objects:  85% (1490/1752)
2024-03-12T21:42:47.8846692Z Receiving objects:  86% (1507/1752)
2024-03-12T21:42:47.8853651Z Receiving objects:  87% (1525/1752)
2024-03-12T21:42:47.8858424Z Receiving objects:  88% (1542/1752)
2024-03-12T21:42:47.8862824Z Receiving objects:  89% (1560/1752)
2024-03-12T21:42:47.8868934Z Receiving objects:  90% (1577/1752)
2024-03-12T21:42:47.8875360Z Receiving objects:  91% (1595/1752)
2024-03-12T21:42:47.8880581Z Receiving objects:  92% (1612/1752)
2024-03-12T21:42:47.8885175Z Receiving objects:  93% (1630/1752)
2024-03-12T21:42:47.8889166Z Receiving objects:  94% (1647/1752)
2024-03-12T21:42:47.8892718Z Receiving objects:  95% (1665/1752)
2024-03-12T21:42:47.8895484Z Receiving objects:  96% (1682/1752)
2024-03-12T21:42:47.8903743Z Receiving objects:  97% (1700/1752)
2024-03-12T21:42:47.8911521Z Receiving objects:  98% (1717/1752)
2024-03-12T21:42:47.8927400Z Receiving objects:  99% (1735/1752)
2024-03-12T21:42:47.8929021Z remote: Total 1752 (delta 280), reused 1005 (delta 143), pack-reused 0        
2024-03-12T21:42:47.8936407Z Receiving objects: 100% (1752/1752)
2024-03-12T21:42:47.8937447Z Receiving objects: 100% (1752/1752), 6.60 MiB | 36.33 MiB/s, done.
2024-03-12T21:42:47.8948151Z Resolving deltas:   0% (0/280)
2024-03-12T21:42:47.8950690Z Resolving deltas:   1% (3/280)
2024-03-12T21:42:47.8951293Z Resolving deltas:   2% (7/280)
2024-03-12T21:42:47.8954264Z Resolving deltas:   3% (9/280)
2024-03-12T21:42:47.8955995Z Resolving deltas:   4% (12/280)
2024-03-12T21:42:47.8957524Z Resolving deltas:   5% (14/280)
2024-03-12T21:42:47.8958168Z Resolving deltas:   6% (17/280)
2024-03-12T21:42:47.8958858Z Resolving deltas:   7% (20/280)
2024-03-12T21:42:47.8959421Z Resolving deltas:   8% (23/280)
2024-03-12T21:42:47.8960045Z Resolving deltas:   9% (26/280)
2024-03-12T21:42:47.8960728Z Resolving deltas:  10% (28/280)
2024-03-12T21:42:47.8982413Z Resolving deltas:  11% (31/280)
2024-03-12T21:42:47.8983121Z Resolving deltas:  12% (34/280)
2024-03-12T21:42:47.8983898Z Resolving deltas:  13% (37/280)
2024-03-12T21:42:47.8984467Z Resolving deltas:  14% (40/280)
2024-03-12T21:42:47.8985081Z Resolving deltas:  15% (42/280)
2024-03-12T21:42:47.8985788Z Resolving deltas:  16% (45/280)
2024-03-12T21:42:47.8986365Z Resolving deltas:  17% (48/280)
2024-03-12T21:42:47.8986972Z Resolving deltas:  18% (51/280)
2024-03-12T21:42:47.8987674Z Resolving deltas:  19% (54/280)
2024-03-12T21:42:47.8988496Z Resolving deltas:  20% (56/280)
2024-03-12T21:42:47.8989210Z Resolving deltas:  21% (59/280)
2024-03-12T21:42:47.8989915Z Resolving deltas:  22% (62/280)
2024-03-12T21:42:47.8990473Z Resolving deltas:  23% (65/280)
2024-03-12T21:42:47.8991097Z Resolving deltas:  24% (68/280)
2024-03-12T21:42:47.8991827Z Resolving deltas:  25% (70/280)
2024-03-12T21:42:47.8992459Z Resolving deltas:  26% (73/280)
2024-03-12T21:42:47.8993023Z Resolving deltas:  27% (76/280)
2024-03-12T21:42:47.8993710Z Resolving deltas:  28% (79/280)
2024-03-12T21:42:47.8994651Z Resolving deltas:  29% (82/280)
2024-03-12T21:42:47.8995244Z Resolving deltas:  30% (84/280)
2024-03-12T21:42:47.8995967Z Resolving deltas:  31% (87/280)
2024-03-12T21:42:47.8996616Z Resolving deltas:  32% (90/280)
2024-03-12T21:42:47.8997181Z Resolving deltas:  33% (93/280)
2024-03-12T21:42:47.8997888Z Resolving deltas:  34% (96/280)
2024-03-12T21:42:47.8998516Z Resolving deltas:  35% (98/280)
2024-03-12T21:42:47.8999084Z Resolving deltas:  36% (101/280)
2024-03-12T21:42:47.8999808Z Resolving deltas:  37% (104/280)
2024-03-12T21:42:47.9000459Z Resolving deltas:  38% (107/280)
2024-03-12T21:42:47.9001032Z Resolving deltas:  39% (110/280)
2024-03-12T21:42:47.9001737Z Resolving deltas:  40% (112/280)
2024-03-12T21:42:47.9002376Z Resolving deltas:  41% (115/280)
2024-03-12T21:42:47.9002941Z Resolving deltas:  42% (118/280)
2024-03-12T21:42:47.9003667Z Resolving deltas:  43% (121/280)
2024-03-12T21:42:47.9004294Z Resolving deltas:  44% (124/280)
2024-03-12T21:42:47.9004861Z Resolving deltas:  45% (126/280)
2024-03-12T21:42:47.9005597Z Resolving deltas:  46% (129/280)
2024-03-12T21:42:47.9006267Z Resolving deltas:  47% (132/280)
2024-03-12T21:42:47.9006929Z Resolving deltas:  48% (135/280)
2024-03-12T21:42:47.9007869Z Resolving deltas:  49% (138/280)
2024-03-12T21:42:47.9008955Z Resolving deltas:  50% (140/280)
2024-03-12T21:42:47.9009611Z Resolving deltas:  51% (143/280)
2024-03-12T21:42:47.9010531Z Resolving deltas:  52% (146/280)
2024-03-12T21:42:47.9011256Z Resolving deltas:  53% (149/280)
2024-03-12T21:42:47.9011863Z Resolving deltas:  54% (152/280)
2024-03-12T21:42:47.9012681Z Resolving deltas:  55% (154/280)
2024-03-12T21:42:47.9013419Z Resolving deltas:  56% (157/280)
2024-03-12T21:42:47.9014114Z Resolving deltas:  57% (160/280)
2024-03-12T21:42:47.9014996Z Resolving deltas:  58% (163/280)
2024-03-12T21:42:47.9015730Z Resolving deltas:  59% (166/280)
2024-03-12T21:42:47.9016609Z Resolving deltas:  60% (168/280)
2024-03-12T21:42:47.9017512Z Resolving deltas:  61% (171/280)
2024-03-12T21:42:47.9018264Z Resolving deltas:  62% (174/280)
2024-03-12T21:42:47.9019128Z Resolving deltas:  63% (177/280)
2024-03-12T21:42:47.9019789Z Resolving deltas:  64% (180/280)
2024-03-12T21:42:47.9020538Z Resolving deltas:  65% (182/280)
2024-03-12T21:42:47.9021436Z Resolving deltas:  66% (185/280)
2024-03-12T21:42:47.9022134Z Resolving deltas:  67% (188/280)
2024-03-12T21:42:47.9022871Z Resolving deltas:  68% (191/280)
2024-03-12T21:42:47.9023655Z Resolving deltas:  69% (194/280)
2024-03-12T21:42:47.9024279Z Resolving deltas:  70% (196/280)
2024-03-12T21:42:47.9024949Z Resolving deltas:  71% (199/280)
2024-03-12T21:42:47.9025695Z Resolving deltas:  72% (202/280)
2024-03-12T21:42:47.9026302Z Resolving deltas:  73% (206/280)
2024-03-12T21:42:47.9026959Z Resolving deltas:  74% (208/280)
2024-03-12T21:42:47.9027768Z Resolving deltas:  75% (210/280)
2024-03-12T21:42:47.9028468Z Resolving deltas:  76% (213/280)
2024-03-12T21:42:47.9029281Z Resolving deltas:  77% (216/280)
2024-03-12T21:42:47.9029998Z Resolving deltas:  78% (219/280)
2024-03-12T21:42:47.9030390Z Resolving deltas:  79% (222/280)
2024-03-12T21:42:47.9030805Z Resolving deltas:  80% (224/280)
2024-03-12T21:42:47.9031493Z Resolving deltas:  81% (227/280)
2024-03-12T21:42:47.9032170Z Resolving deltas:  82% (230/280)
2024-03-12T21:42:47.9032594Z Resolving deltas:  83% (233/280)
2024-03-12T21:42:47.9036819Z Resolving deltas:  84% (236/280)
2024-03-12T21:42:47.9041819Z Resolving deltas:  85% (238/280)
2024-03-12T21:42:47.9048353Z Resolving deltas:  86% (241/280)
2024-03-12T21:42:47.9049302Z Resolving deltas:  87% (244/280)
2024-03-12T21:42:47.9050941Z Resolving deltas:  88% (247/280)
2024-03-12T21:42:47.9052456Z Resolving deltas:  89% (250/280)
2024-03-12T21:42:47.9053206Z Resolving deltas:  90% (252/280)
2024-03-12T21:42:47.9055674Z Resolving deltas:  91% (255/280)
2024-03-12T21:42:47.9056273Z Resolving deltas:  92% (258/280)
2024-03-12T21:42:47.9057952Z Resolving deltas:  93% (261/280)
2024-03-12T21:42:47.9058627Z Resolving deltas:  94% (264/280)
2024-03-12T21:42:47.9059264Z Resolving deltas:  95% (266/280)
2024-03-12T21:42:47.9061035Z Resolving deltas:  96% (269/280)
2024-03-12T21:42:47.9061528Z Resolving deltas:  97% (272/280)
2024-03-12T21:42:47.9062139Z Resolving deltas:  98% (275/280)
2024-03-12T21:42:47.9062820Z Resolving deltas:  99% (278/280)
2024-03-12T21:42:47.9063250Z Resolving deltas: 100% (280/280)
2024-03-12T21:42:47.9063631Z Resolving deltas: 100% (280/280), done.
2024-03-12T21:42:47.9204261Z From https://github.com/rubyforgood/human-essentials
2024-03-12T21:42:47.9205109Z  * [new ref]         3065f92262e830f0a1a9715a6400ef26db0bac4c -> pull/4191/merge
2024-03-12T21:42:47.9231180Z ##[endgroup]
2024-03-12T21:42:47.9232426Z ##[group]Determining the checkout info
2024-03-12T21:42:47.9233719Z ##[endgroup]
2024-03-12T21:42:47.9235439Z ##[group]Checking out the ref
2024-03-12T21:42:47.9239676Z [command]/usr/bin/git checkout --progress --force refs/remotes/pull/4191/merge
2024-03-12T21:42:48.0587964Z Note: switching to 'refs/remotes/pull/4191/merge'.
2024-03-12T21:42:48.0588491Z 
2024-03-12T21:42:48.0589091Z You are in 'detached HEAD' state. You can look around, make experimental
2024-03-12T21:42:48.0590085Z changes and commit them, and you can discard any commits you make in this
2024-03-12T21:42:48.0591191Z state without impacting any branches by switching back to a branch.
2024-03-12T21:42:48.0592239Z 
2024-03-12T21:42:48.0593018Z If you want to create a new branch to retain commits you create, you may
2024-03-12T21:42:48.0594878Z do so (now or later) by using -c with the switch command. Example:
2024-03-12T21:42:48.0595676Z 
2024-03-12T21:42:48.0596168Z   git switch -c <new-branch-name>
2024-03-12T21:42:48.0596731Z 
2024-03-12T21:42:48.0597041Z Or undo this operation with:
2024-03-12T21:42:48.0597513Z 
2024-03-12T21:42:48.0597775Z   git switch -
2024-03-12T21:42:48.0598085Z 
2024-03-12T21:42:48.0598798Z Turn off this advice by setting config variable advice.detachedHead to false
2024-03-12T21:42:48.0599690Z 
2024-03-12T21:42:48.0600618Z HEAD is now at 3065f92 Merge 8f23d4f7b4d0a1bc86300bbca2cca535b9a6d38b into 449d8506f768bf1894e05c17983a13da27472321
2024-03-12T21:42:48.0603118Z ##[endgroup]
2024-03-12T21:42:48.0650605Z [command]/usr/bin/git log -1 --format='%H'
2024-03-12T21:42:48.0685007Z '3065f92262e830f0a1a9715a6400ef26db0bac4c'
2024-03-12T21:42:48.0996117Z ##[group]Run ruby/setup-ruby@v1
2024-03-12T21:42:48.0996578Z with:
2024-03-12T21:42:48.0996980Z   bundler-cache: true
2024-03-12T21:42:48.0997312Z   ruby-version: default
2024-03-12T21:42:48.0997672Z ##[endgroup]
2024-03-12T21:42:48.3413652Z Using 3.2.2 as input from file .ruby-version
2024-03-12T21:42:48.3443405Z ##[group]Modifying PATH
2024-03-12T21:42:48.3444124Z Entries added to PATH to use selected Ruby:
2024-03-12T21:42:48.3444991Z   /opt/hostedtoolcache/Ruby/3.2.2/x64/bin
2024-03-12T21:42:48.3446311Z ##[endgroup]
2024-03-12T21:42:48.3468289Z ##[group]Downloading Ruby
2024-03-12T21:42:48.3471252Z https://github.com/ruby/ruby-builder/releases/download/toolcache/ruby-3.2.2-ubuntu-22.04.tar.gz
2024-03-12T21:42:48.6980396Z Took   0.35 seconds
2024-03-12T21:42:48.6981568Z ##[endgroup]
2024-03-12T21:42:48.6982502Z ##[group]Extracting  Ruby
2024-03-12T21:42:48.7021854Z [command]/usr/bin/tar -xz -C /opt/hostedtoolcache/Ruby/3.2.2 -f /home/runner/work/_temp/3b10166d-6f4a-480e-b00b-9eb87509535c
2024-03-12T21:42:49.0868513Z Took   0.39 seconds
2024-03-12T21:42:49.0869768Z ##[endgroup]
2024-03-12T21:42:49.0870674Z ##[group]Print Ruby version
2024-03-12T21:42:49.0882517Z [command]/opt/hostedtoolcache/Ruby/3.2.2/x64/bin/ruby --version
2024-03-12T21:42:49.1085905Z ruby 3.2.2 (2023-03-30 revision e51014f9c0) [x86_64-linux]
2024-03-12T21:42:49.1104689Z Took   0.02 seconds
2024-03-12T21:42:49.1106214Z ##[endgroup]
2024-03-12T21:42:49.1107410Z ##[group]Installing Bundler
2024-03-12T21:42:49.1114057Z Using Bundler 2.5.6 from Gemfile.lock BUNDLED WITH 2.5.6
2024-03-12T21:42:49.1119115Z [command]/opt/hostedtoolcache/Ruby/3.2.2/x64/bin/gem install bundler -v 2.5.6
2024-03-12T21:42:49.5667937Z Successfully installed bundler-2.5.6
2024-03-12T21:42:49.5668578Z 1 gem installed
2024-03-12T21:42:49.5721214Z Took   0.46 seconds
2024-03-12T21:42:49.5722469Z ##[endgroup]
2024-03-12T21:42:49.5723548Z > bundle install
2024-03-12T21:42:49.5739719Z [command]/opt/hostedtoolcache/Ruby/3.2.2/x64/bin/bundle config --local path /home/runner/work/human-essentials/human-essentials/vendor/bundle
2024-03-12T21:42:49.7227006Z [command]/opt/hostedtoolcache/Ruby/3.2.2/x64/bin/bundle config --local deployment true
2024-03-12T21:42:49.8748865Z Cache key: setup-ruby-bundler-cache-v6-ubuntu-22.04-x64-ruby-3.2.2-wd-/home/runner/work/human-essentials/human-essentials-with--without--only--Gemfile.lock-90af41cb540db2526d21e3c5cbbe531ed46bcf1ba5fdc3d9e3337dd916b92c56
2024-03-12T21:42:55.6521189Z Cache Size: ~205 MB (214817878 B)
2024-03-12T21:42:55.6561099Z [command]/usr/bin/tar -xf /home/runner/work/_temp/9a118de7-0ef9-4a03-8e6c-67a0cc66c95c/cache.tzst -P -C /home/runner/work/human-essentials/human-essentials --use-compress-program unzstd
2024-03-12T21:42:55.9594703Z Received 214817878 of 214817878 (100.0%), 204.5 MBs/sec
2024-03-12T21:42:57.3727252Z Cache restored successfully
2024-03-12T21:42:57.4191467Z Found cache for key: setup-ruby-bundler-cache-v6-ubuntu-22.04-x64-ruby-3.2.2-wd-/home/runner/work/human-essentials/human-essentials-with--without--only--Gemfile.lock-90af41cb540db2526d21e3c5cbbe531ed46bcf1ba5fdc3d9e3337dd916b92c56
2024-03-12T21:42:57.4200084Z [command]/opt/hostedtoolcache/Ruby/3.2.2/x64/bin/bundle install --jobs 4
2024-03-12T21:42:57.8192213Z Bundle complete! 85 Gemfile dependencies, 246 gems now installed.
2024-03-12T21:42:57.8196474Z Bundled gems are installed into `./vendor/bundle`
2024-03-12T21:42:57.8242475Z Took   8.25 seconds
2024-03-12T21:42:57.8428124Z ##[group]Run sudo apt-get -yqq install libpq-dev
2024-03-12T21:42:57.8428766Z [36;1msudo apt-get -yqq install libpq-dev[0m
2024-03-12T21:42:57.8495808Z shell: /usr/bin/bash -e {0}
2024-03-12T21:42:57.8496255Z ##[endgroup]
2024-03-12T21:42:59.1019239Z ##[group]Run bundle exec rake db:create
2024-03-12T21:42:59.1019778Z [36;1mbundle exec rake db:create[0m
2024-03-12T21:42:59.1020250Z [36;1mbundle exec rake db:schema:load[0m
2024-03-12T21:42:59.1020815Z [36;1mbundle exec rails assets:precompile[0m
2024-03-12T21:42:59.1070608Z shell: /usr/bin/bash -e {0}
2024-03-12T21:42:59.1071033Z env:
2024-03-12T21:42:59.1071320Z   POSTGRES_HOST: localhost
2024-03-12T21:42:59.1071808Z   DATABASE_HOST: localhost
2024-03-12T21:42:59.1072183Z   PG_USERNAME: postgres
2024-03-12T21:42:59.1072653Z   PG_PASSWORD: password
2024-03-12T21:42:59.1073036Z   POSTGRES_HOST_AUTH_METHOD: trust
2024-03-12T21:42:59.1073416Z   POSTGRES_PORT: 5432
2024-03-12T21:42:59.1074069Z   RAILS_ENV: test
2024-03-12T21:42:59.1074516Z ##[endgroup]
2024-03-12T21:43:05.8174050Z We could not find your database: diaper_test. Which can be found in the database configuration file located at config/database.yml.
2024-03-12T21:43:05.8175584Z 
2024-03-12T21:43:05.8176035Z To resolve this issue:
2024-03-12T21:43:05.8176461Z 
2024-03-12T21:43:05.8177763Z - Did you create the database for this app, or delete it? You may need to create your database.
2024-03-12T21:43:05.8179077Z - Has the database name changed? Check your database.yml config has the correct database name.
2024-03-12T21:43:05.8179694Z 
2024-03-12T21:43:05.8179887Z To create your database, run:
2024-03-12T21:43:05.8180193Z 
2024-03-12T21:43:05.8180467Z         bin/rails db:create
2024-03-12T21:43:05.8181109Z . You likely need to run `rails g flipper:active_record` and/or `rails db:migrate`.
2024-03-12T21:43:05.9781975Z Created database 'diaper_test'
2024-03-12T21:43:06.2945793Z Coverage report generated for RSpec to /home/runner/work/human-essentials/human-essentials/coverage. 442 / 10017 LOC (4.41%) covered.
2024-03-12T21:43:12.8120482Z PG::UndefinedTable: ERROR:  relation "flipper_gates" does not exist
2024-03-12T21:43:12.8121985Z LINE 9:  WHERE a.attrelid = '"flipper_gates"'::regclass
2024-03-12T21:43:12.8123184Z                             ^
2024-03-12T21:43:12.8124147Z . You likely need to run `rails g flipper:active_record` and/or `rails db:migrate`.
2024-03-12T21:43:13.6879286Z Coverage report generated for RSpec to /home/runner/work/human-essentials/human-essentials/coverage. 442 / 10017 LOC (4.41%) covered.
2024-03-12T21:43:48.2612670Z W, [2024-03-12T14:43:48.260501 #2425]  WARN -- : Removed sourceMappingURL comment for missing asset 'adminlte.js.map' from /home/runner/work/human-essentials/human-essentials/app/javascript/adminlte.js
2024-03-12T21:43:48.3864121Z I, [2024-03-12T14:43:48.386050 #2425]  INFO -- : Writing /home/runner/work/human-essentials/human-essentials/public/assets/manifest-90aab26ade71e747f745b1227b433fd7d580a54f279ee2be6e1a67bb326bf03a.js
2024-03-12T21:43:48.3867179Z I, [2024-03-12T14:43:48.386424 #2425]  INFO -- : Writing /home/runner/work/human-essentials/human-essentials/public/assets/manifest-90aab26ade71e747f745b1227b433fd7d580a54f279ee2be6e1a67bb326bf03a.js.gz
2024-03-12T21:43:48.3870859Z I, [2024-03-12T14:43:48.386773 #2425]  INFO -- : Writing /home/runner/work/human-essentials/human-essentials/public/assets/filterrific/filterrific-spinner-415824b210964b6cdb1db0bd9508be8644b9fde094b392f73055b20d369885b6.gif
2024-03-12T21:43:48.3874593Z I, [2024-03-12T14:43:48.387196 #2425]  INFO -- : Writing /home/runner/work/human-essentials/human-essentials/public/assets/bootstrap.min-67c48d88a8e0be178058aacb338b084191ed6d65c8fef751c50248202cf1488a.js
2024-03-12T21:43:48.3877982Z I, [2024-03-12T14:43:48.387491 #2425]  INFO -- : Writing /home/runner/work/human-essentials/human-essentials/public/assets/bootstrap.min-67c48d88a8e0be178058aacb338b084191ed6d65c8fef751c50248202cf1488a.js.gz
2024-03-12T21:43:48.3881700Z I, [2024-03-12T14:43:48.387755 #2425]  INFO -- : Writing /home/runner/work/human-essentials/human-essentials/public/assets/DiaperBase-Logo-f18172876cab49a451ca9c3178b578ab2019e03f111a6b6f3ba0c1b40b3d7c0c.png
2024-03-12T21:43:48.3886560Z I, [2024-03-12T14:43:48.388385 #2425]  INFO -- : Writing /home/runner/work/human-essentials/human-essentials/public/assets/Just-Diaper-05bf6a1b70ccad149eb4eca7b5f9fcca1f9c37bab1f8e5edb6798d66c903ba53.svg
2024-03-12T21:43:48.3892083Z I, [2024-03-12T14:43:48.388912 #2425]  INFO -- : Writing /home/runner/work/human-essentials/human-essentials/public/assets/Just-Diaper-05bf6a1b70ccad149eb4eca7b5f9fcca1f9c37bab1f8e5edb6798d66c903ba53.svg.gz
2024-03-12T21:43:48.3895471Z I, [2024-03-12T14:43:48.389140 #2425]  INFO -- : Writing /home/runner/work/human-essentials/human-essentials/public/assets/barcode-932aed25f5c148b36882be3bfb6696ecdd362ba0a709ff0674a10477f2aad8f3.svg
2024-03-12T21:43:48.3898660Z I, [2024-03-12T14:43:48.389283 #2425]  INFO -- : Writing /home/runner/work/human-essentials/human-essentials/public/assets/barcode-932aed25f5c148b36882be3bfb6696ecdd362ba0a709ff0674a10477f2aad8f3.svg.gz
2024-03-12T21:43:48.3901868Z I, [2024-03-12T14:43:48.389397 #2425]  INFO -- : Writing /home/runner/work/human-essentials/human-essentials/public/assets/bars-db7a0aaf1cd735270b170cba53dca71c75473940ab48639c609a72964eb92f4d.svg
2024-03-12T21:43:48.3916164Z I, [2024-03-12T14:43:48.390227 #2425]  INFO -- : Writing /home/runner/work/human-essentials/human-essentials/public/assets/bars-db7a0aaf1cd735270b170cba53dca71c75473940ab48639c609a72964eb92f4d.svg.gz
2024-03-12T21:43:48.3921253Z I, [2024-03-12T14:43:48.390361 #2425]  INFO -- : Writing /home/runner/work/human-essentials/human-essentials/public/assets/blue@2x-709ca6c252f762af1e5efb0ef1e7444a712cb0ec010fee01749b67a595a7c0c6.png
2024-03-12T21:43:48.3924425Z I, [2024-03-12T14:43:48.390515 #2425]  INFO -- : Writing /home/runner/work/human-essentials/human-essentials/public/assets/boxed-bg-6c60c3f8655fa4062631bbe1434face4fe3d70392159e976ec09ca6ad9330e7d.jpg
2024-03-12T21:43:48.3927397Z I, [2024-03-12T14:43:48.390680 #2425]  INFO -- : Writing /home/runner/work/human-essentials/human-essentials/public/assets/boxed-bg-eb7b1fa0c09f5ef599fc5138e33168827f2ec4e1f796cf8a78570d8a73a58190.png
2024-03-12T21:43:48.3930450Z I, [2024-03-12T14:43:48.390829 #2425]  INFO -- : Writing /home/runner/work/human-essentials/human-essentials/public/assets/dashboard-image-3db42e909886dffccb680715feccab83cc867b4581b0009558e746364e2ec332.svg
2024-03-12T21:43:48.3934382Z I, [2024-03-12T14:43:48.390930 #2425]  INFO -- : Writing /home/runner/work/human-essentials/human-essentials/public/assets/dashboard-image-3db42e909886dffccb680715feccab83cc867b4581b0009558e746364e2ec332.svg.gz
2024-03-12T21:43:48.3937770Z I, [2024-03-12T14:43:48.391027 #2425]  INFO -- : Writing /home/runner/work/human-essentials/human-essentials/public/assets/forecasting-32dffccc42e6c09203d36acbc2243b4bc746dc2f1198c1ff43def4bb48e335b2.svg
2024-03-12T21:43:48.3941332Z I, [2024-03-12T14:43:48.391119 #2425]  INFO -- : Writing /home/runner/work/human-essentials/human-essentials/public/assets/forecasting-32dffccc42e6c09203d36acbc2243b4bc746dc2f1198c1ff43def4bb48e335b2.svg.gz
2024-03-12T21:43:48.3944054Z I, [2024-03-12T14:43:48.391781 #2425]  INFO -- : Writing /home/runner/work/human-essentials/human-essentials/public/assets/hero-image-0ba273def6de748beb2a64206e115d8e4a109ad51ef255512f4c6522e5b9225b.svg
2024-03-12T21:43:48.3947854Z I, [2024-03-12T14:43:48.392307 #2425]  INFO -- : Writing /home/runner/work/human-essentials/human-essentials/public/assets/hero-image-0ba273def6de748beb2a64206e115d8e4a109ad51ef255512f4c6522e5b9225b.svg.gz
2024-03-12T21:43:48.3951383Z I, [2024-03-12T14:43:48.392498 #2425]  INFO -- : Writing /home/runner/work/human-essentials/human-essentials/public/assets/inventory-image-3d91fc8087e13632114d9d129a680b992e02aae297b2bf180089cd55792249b2.svg
2024-03-12T21:43:48.3955340Z I, [2024-03-12T14:43:48.392913 #2425]  INFO -- : Writing /home/runner/work/human-essentials/human-essentials/public/assets/inventory-image-3d91fc8087e13632114d9d129a680b992e02aae297b2bf180089cd55792249b2.svg.gz
2024-03-12T21:43:48.3959167Z I, [2024-03-12T14:43:48.393231 #2425]  INFO -- : Writing /home/runner/work/human-essentials/human-essentials/public/assets/partner-management-c2cd4a940d1cf59f66928bc5097b4d4528b6de95abcc66421edf341c59311d40.svg
2024-03-12T21:43:48.4005487Z I, [2024-03-12T14:43:48.395633 #2425]  INFO -- : Writing /home/runner/work/human-essentials/human-essentials/public/assets/partner-management-c2cd4a940d1cf59f66928bc5097b4d4528b6de95abcc66421edf341c59311d40.svg.gz
2024-03-12T21:43:48.4009170Z I, [2024-03-12T14:43:48.396410 #2425]  INFO -- : Writing /home/runner/work/human-essentials/human-essentials/public/assets/quote-e4395f28913ad7b7785c522f0b6f2363a960720cf3bc26705438f6efb55edb7d.svg
2024-03-12T21:43:48.4012771Z I, [2024-03-12T14:43:48.396520 #2425]  INFO -- : Writing /home/runner/work/human-essentials/human-essentials/public/assets/quote-e4395f28913ad7b7785c522f0b6f2363a960720cf3bc26705438f6efb55edb7d.svg.gz
2024-03-12T21:43:48.4016220Z I, [2024-03-12T14:43:48.396621 #2425]  INFO -- : Writing /home/runner/work/human-essentials/human-essentials/public/assets/report-image-a9fc71739eca5457d288f1c234a0d84237ba8eef8bd20a9935bd45d84d03ae6b.svg
2024-03-12T21:43:48.4065879Z I, [2024-03-12T14:43:48.396721 #2425]  INFO -- : Writing /home/runner/work/human-essentials/human-essentials/public/assets/report-image-a9fc71739eca5457d288f1c234a0d84237ba8eef8bd20a9935bd45d84d03ae6b.svg.gz
2024-03-12T21:43:48.4072495Z I, [2024-03-12T14:43:48.396818 #2425]  INFO -- : Writing /home/runner/work/human-essentials/human-essentials/public/assets/test-only-background-c4843e992a593298a8c43815c8950b766061a96fd7d3e92838354914c41d7243.jpg
2024-03-12T21:43:48.4076408Z I, [2024-03-12T14:43:48.396957 #2425]  INFO -- : Writing /home/runner/work/human-essentials/human-essentials/public/assets/AdminLTE-9d75f9bf2ec81bc0a0de450227ed6268dad2cd66401439503c18d3241dfb241d.css
2024-03-12T21:43:48.4080148Z I, [2024-03-12T14:43:48.397026 #2425]  INFO -- : Writing /home/runner/work/human-essentials/human-essentials/public/assets/AdminLTE-9d75f9bf2ec81bc0a0de450227ed6268dad2cd66401439503c18d3241dfb241d.css.gz
2024-03-12T21:43:48.4105845Z I, [2024-03-12T14:43:48.397117 #2425]  INFO -- : Writing /home/runner/work/human-essentials/human-essentials/public/assets/_colors-04024382391bb910584145d8113cf35ef376b55d125bb4516cebeb14ce788597.css
2024-03-12T21:43:48.4109082Z I, [2024-03-12T14:43:48.397185 #2425]  INFO -- : Writing /home/runner/work/human-essentials/human-essentials/public/assets/_colors-04024382391bb910584145d8113cf35ef376b55d125bb4516cebeb14ce788597.css.gz
2024-03-12T21:43:48.4112727Z I, [2024-03-12T14:43:48.397273 #2425]  INFO -- : Writing /home/runner/work/human-essentials/human-essentials/public/assets/application-c21613708cb0f40361dc08d066cb68c559e4b3982f802956f4439959cad9af23.css
2024-03-12T21:43:48.4116710Z I, [2024-03-12T14:43:48.397339 #2425]  INFO -- : Writing /home/runner/work/human-essentials/human-essentials/public/assets/application-c21613708cb0f40361dc08d066cb68c559e4b3982f802956f4439959cad9af23.css.gz
2024-03-12T21:43:48.4120410Z I, [2024-03-12T14:43:48.397423 #2425]  INFO -- : Writing /home/runner/work/human-essentials/human-essentials/public/assets/test-only-background-c4843e992a593298a8c43815c8950b766061a96fd7d3e92838354914c41d7243.jpg
2024-03-12T21:43:48.4124065Z I, [2024-03-12T14:43:48.397561 #2425]  INFO -- : Writing /home/runner/work/human-essentials/human-essentials/public/assets/audits-83372b845d8a4887e7e4d2315cf3c85ea60ef94ca0ec4774dfbcd3cf569c616c.css
2024-03-12T21:43:48.4127506Z I, [2024-03-12T14:43:48.397628 #2425]  INFO -- : Writing /home/runner/work/human-essentials/human-essentials/public/assets/audits-83372b845d8a4887e7e4d2315cf3c85ea60ef94ca0ec4774dfbcd3cf569c616c.css.gz
2024-03-12T21:43:48.4131235Z I, [2024-03-12T14:43:48.397718 #2425]  INFO -- : Writing /home/runner/work/human-essentials/human-essentials/public/assets/barcode_reader-3799c29218802c1dbba4c700f3863ec24505a9e3e7b54d36282fff667d7c94ca.css
2024-03-12T21:43:48.4134895Z I, [2024-03-12T14:43:48.397782 #2425]  INFO -- : Writing /home/runner/work/human-essentials/human-essentials/public/assets/barcode_reader-3799c29218802c1dbba4c700f3863ec24505a9e3e7b54d36282fff667d7c94ca.css.gz
2024-03-12T21:43:48.4138555Z I, [2024-03-12T14:43:48.397874 #2425]  INFO -- : Writing /home/runner/work/human-essentials/human-essentials/public/assets/custom-4ac26623bf6f4d95aa1164e1ad4d6cbb2bb8dda4af8e4a2f1b4368bc92491085.css
2024-03-12T21:43:48.4141972Z I, [2024-03-12T14:43:48.397938 #2425]  INFO -- : Writing /home/runner/work/human-essentials/human-essentials/public/assets/custom-4ac26623bf6f4d95aa1164e1ad4d6cbb2bb8dda4af8e4a2f1b4368bc92491085.css.gz
2024-03-12T21:43:48.4145711Z I, [2024-03-12T14:43:48.398022 #2425]  INFO -- : Writing /home/runner/work/human-essentials/human-essentials/public/assets/test-only-background-c4843e992a593298a8c43815c8950b766061a96fd7d3e92838354914c41d7243.jpg
2024-03-12T21:43:48.4149345Z I, [2024-03-12T14:43:48.398162 #2425]  INFO -- : Writing /home/runner/work/human-essentials/human-essentials/public/assets/expandable_table-cca1600cf25c44c6bea2733167509ffe9133f344e9defe984ad96bd427b29a19.css
2024-03-12T21:43:48.4152965Z I, [2024-03-12T14:43:48.398230 #2425]  INFO -- : Writing /home/runner/work/human-essentials/human-essentials/public/assets/expandable_table-cca1600cf25c44c6bea2733167509ffe9133f344e9defe984ad96bd427b29a19.css.gz
2024-03-12T21:43:48.4156887Z I, [2024-03-12T14:43:48.398321 #2425]  INFO -- : Writing /home/runner/work/human-essentials/human-essentials/public/assets/landing_page-4fe5dfcfea8b5bbd7722658652ff4ee86132a41b8aff92e9ef8b1216cb7259fa.css
2024-03-12T21:43:48.4160417Z I, [2024-03-12T14:43:48.398386 #2425]  INFO -- : Writing /home/runner/work/human-essentials/human-essentials/public/assets/landing_page-4fe5dfcfea8b5bbd7722658652ff4ee86132a41b8aff92e9ef8b1216cb7259fa.css.gz
2024-03-12T21:43:48.4164138Z I, [2024-03-12T14:43:48.398473 #2425]  INFO -- : Writing /home/runner/work/human-essentials/human-essentials/public/assets/modal-dialog-9d7ae8bb43b60ac4c7d9910700392b20618ae2db4d5db33453b157171d5e0f7d.css
2024-03-12T21:43:48.4167706Z I, [2024-03-12T14:43:48.398540 #2425]  INFO -- : Writing /home/runner/work/human-essentials/human-essentials/public/assets/modal-dialog-9d7ae8bb43b60ac4c7d9910700392b20618ae2db4d5db33453b157171d5e0f7d.css.gz
2024-03-12T21:43:48.4171321Z I, [2024-03-12T14:43:48.398627 #2425]  INFO -- : Writing /home/runner/work/human-essentials/human-essentials/public/assets/progress_stepper-7f8ef0dc05a9a00a300e56f6f3e4ccfdde4af8e392407ccc6601d60019067ccb.css
2024-03-12T21:43:48.4175033Z I, [2024-03-12T14:43:48.398691 #2425]  INFO -- : Writing /home/runner/work/human-essentials/human-essentials/public/assets/progress_stepper-7f8ef0dc05a9a00a300e56f6f3e4ccfdde4af8e392407ccc6601d60019067ccb.css.gz
2024-03-12T21:43:48.4178605Z I, [2024-03-12T14:43:48.398778 #2425]  INFO -- : Writing /home/runner/work/human-essentials/human-essentials/public/assets/transfers-c9ab43ff53dab5dc13681712afc9b6fb31d7865d5ac8c657220deff9f138fa8c.css
2024-03-12T21:43:48.4182143Z I, [2024-03-12T14:43:48.398842 #2425]  INFO -- : Writing /home/runner/work/human-essentials/human-essentials/public/assets/transfers-c9ab43ff53dab5dc13681712afc9b6fb31d7865d5ac8c657220deff9f138fa8c.css.gz
2024-03-12T21:43:48.4185673Z I, [2024-03-12T14:43:48.398930 #2425]  INFO -- : Writing /home/runner/work/human-essentials/human-essentials/public/assets/adminlte-886a0b559685ec92cd8dd4dbf957899292f9c0bd344c90c304d28973363a8eaf.js
2024-03-12T21:43:48.4189106Z I, [2024-03-12T14:43:48.398996 #2425]  INFO -- : Writing /home/runner/work/human-essentials/human-essentials/public/assets/adminlte-886a0b559685ec92cd8dd4dbf957899292f9c0bd344c90c304d28973363a8eaf.js.gz
2024-03-12T21:43:48.4192836Z I, [2024-03-12T14:43:48.399084 #2425]  INFO -- : Writing /home/runner/work/human-essentials/human-essentials/public/assets/application-f9d5a0970e6dc2d1d44ca8dfd6129e9fed2dccf1b460a6bba6eab9dd7aa61c92.js
2024-03-12T21:43:48.4197634Z I, [2024-03-12T14:43:48.399150 #2425]  INFO -- : Writing /home/runner/work/human-essentials/human-essentials/public/assets/application-f9d5a0970e6dc2d1d44ca8dfd6129e9fed2dccf1b460a6bba6eab9dd7aa61c92.js.gz
2024-03-12T21:43:48.4201702Z I, [2024-03-12T14:43:48.399248 #2425]  INFO -- : Writing /home/runner/work/human-essentials/human-essentials/public/assets/cocoon-js-vanilla-cc8e46e9b16a6217f3c14c60ca346454c9c01d8d41e5c073ae14f85fac052e96.js
2024-03-12T21:43:48.4205219Z I, [2024-03-12T14:43:48.399313 #2425]  INFO -- : Writing /home/runner/work/human-essentials/human-essentials/public/assets/cocoon-js-vanilla-cc8e46e9b16a6217f3c14c60ca346454c9c01d8d41e5c073ae14f85fac052e96.js.gz
2024-03-12T21:43:48.4208696Z I, [2024-03-12T14:43:48.399612 #2425]  INFO -- : Writing /home/runner/work/human-essentials/human-essentials/public/assets/controllers/application-368d98631bccbf2349e0d4f8269afb3fe9625118341966de054759d96ea86c7e.js
2024-03-12T21:43:48.4212228Z I, [2024-03-12T14:43:48.399678 #2425]  INFO -- : Writing /home/runner/work/human-essentials/human-essentials/public/assets/controllers/application-368d98631bccbf2349e0d4f8269afb3fe9625118341966de054759d96ea86c7e.js.gz
2024-03-12T21:43:48.4215747Z I, [2024-03-12T14:43:48.399774 #2425]  INFO -- : Writing /home/runner/work/human-essentials/human-essentials/public/assets/controllers/area_served_controller-c8c048ef9ee2d145ba8408cda63546aff8ce9170e9cafb34075ebb01b43c6c34.js
2024-03-12T21:43:48.4219508Z I, [2024-03-12T14:43:48.399897 #2425]  INFO -- : Writing /home/runner/work/human-essentials/human-essentials/public/assets/controllers/area_served_controller-c8c048ef9ee2d145ba8408cda63546aff8ce9170e9cafb34075ebb01b43c6c34.js.gz
2024-03-12T21:43:48.4223202Z I, [2024-03-12T14:43:48.400003 #2425]  INFO -- : Writing /home/runner/work/human-essentials/human-essentials/public/assets/controllers/checkbox_with_nested_element_controller-1645dd2a3a857d546354c90b0c415a9d1dd4de6974048fd41bfc1d6f45ccb3eb.js
2024-03-12T21:43:48.4226982Z I, [2024-03-12T14:43:48.400065 #2425]  INFO -- : Writing /home/runner/work/human-essentials/human-essentials/public/assets/controllers/checkbox_with_nested_element_controller-1645dd2a3a857d546354c90b0c415a9d1dd4de6974048fd41bfc1d6f45ccb3eb.js.gz
2024-03-12T21:43:48.4230777Z I, [2024-03-12T14:43:48.400146 #2425]  INFO -- : Writing /home/runner/work/human-essentials/human-essentials/public/assets/controllers/distribution_delivery_controller-89fc613f734c2b1538c1e9948abeb353ea73d22678fc08597d48fa36a70c5c51.js
2024-03-12T21:43:48.4234738Z I, [2024-03-12T14:43:48.402000 #2425]  INFO -- : Writing /home/runner/work/human-essentials/human-essentials/public/assets/controllers/distribution_delivery_controller-89fc613f734c2b1538c1e9948abeb353ea73d22678fc08597d48fa36a70c5c51.js.gz
2024-03-12T21:43:48.4238738Z I, [2024-03-12T14:43:48.402274 #2425]  INFO -- : Writing /home/runner/work/human-essentials/human-essentials/public/assets/controllers/double_select_controller-bb2e4a65f2c66cacc8ec4dd491c2233b0aac53187ebe1fbaaffedfbaf7db9099.js
2024-03-12T21:43:48.4242832Z I, [2024-03-12T14:43:48.409799 #2425]  INFO -- : Writing /home/runner/work/human-essentials/human-essentials/public/assets/controllers/double_select_controller-bb2e4a65f2c66cacc8ec4dd491c2233b0aac53187ebe1fbaaffedfbaf7db9099.js.gz
2024-03-12T21:43:48.4246805Z I, [2024-03-12T14:43:48.410456 #2425]  INFO -- : Writing /home/runner/work/human-essentials/human-essentials/public/assets/controllers/highchart_controller-7640167d6e3481659a5ead23f046e3c6852c08e30ce8aa6f09aa5cce0f7ea02d.js
2024-03-12T21:43:48.4250800Z I, [2024-03-12T14:43:48.410536 #2425]  INFO -- : Writing /home/runner/work/human-essentials/human-essentials/public/assets/controllers/highchart_controller-7640167d6e3481659a5ead23f046e3c6852c08e30ce8aa6f09aa5cce0f7ea02d.js.gz
2024-03-12T21:43:48.4254596Z I, [2024-03-12T14:43:48.410642 #2425]  INFO -- : Writing /home/runner/work/human-essentials/human-essentials/public/assets/controllers/index-2db729dddcc5b979110e98de4b6720f83f91a123172e87281d5a58410fc43806.js
2024-03-12T21:43:48.4258457Z I, [2024-03-12T14:43:48.410716 #2425]  INFO -- : Writing /home/runner/work/human-essentials/human-essentials/public/assets/controllers/index-2db729dddcc5b979110e98de4b6720f83f91a123172e87281d5a58410fc43806.js.gz
2024-03-12T21:43:48.4262626Z I, [2024-03-12T14:43:48.410821 #2425]  INFO -- : Writing /home/runner/work/human-essentials/human-essentials/public/assets/controllers/request_item_controller-4ab1cb48f0cc30bba40f5311b6588189ddf5daf19bdf36b462cdeab0a663399b.js
2024-03-12T21:43:48.4266603Z I, [2024-03-12T14:43:48.410899 #2425]  INFO -- : Writing /home/runner/work/human-essentials/human-essentials/public/assets/controllers/request_item_controller-4ab1cb48f0cc30bba40f5311b6588189ddf5daf19bdf36b462cdeab0a663399b.js.gz
2024-03-12T21:43:48.4270484Z I, [2024-03-12T14:43:48.411004 #2425]  INFO -- : Writing /home/runner/work/human-essentials/human-essentials/public/assets/controllers/select2_controller-13c15fa4f8996b06b43552325b12e3a14e158db06264b83cfff2e521a16fceeb.js
2024-03-12T21:43:48.4274779Z I, [2024-03-12T14:43:48.411082 #2425]  INFO -- : Writing /home/runner/work/human-essentials/human-essentials/public/assets/controllers/select2_controller-13c15fa4f8996b06b43552325b12e3a14e158db06264b83cfff2e521a16fceeb.js.gz
2024-03-12T21:43:48.4278636Z I, [2024-03-12T14:43:48.411176 #2425]  INFO -- : Writing /home/runner/work/human-essentials/human-essentials/public/assets/controllers/served_area_controller-37738489813fc06349f3fb1bc7abc5d5493318ce553f1bebbfa1f8fe06ebfb4a.js
2024-03-12T21:43:48.4282668Z I, [2024-03-12T14:43:48.411241 #2425]  INFO -- : Writing /home/runner/work/human-essentials/human-essentials/public/assets/controllers/served_area_controller-37738489813fc06349f3fb1bc7abc5d5493318ce553f1bebbfa1f8fe06ebfb4a.js.gz
2024-03-12T21:43:48.4286529Z I, [2024-03-12T14:43:48.411330 #2425]  INFO -- : Writing /home/runner/work/human-essentials/human-essentials/public/assets/controllers/turbo_controller-7ee3a9437b4fb003ac4ea4ca0f3425fd197ce4538a1eeb606e5e5447aa948b54.js
2024-03-12T21:43:48.4290384Z I, [2024-03-12T14:43:48.411427 #2425]  INFO -- : Writing /home/runner/work/human-essentials/human-essentials/public/assets/controllers/turbo_controller-7ee3a9437b4fb003ac4ea4ca0f3425fd197ce4538a1eeb606e5e5447aa948b54.js.gz
2024-03-12T21:43:48.4294027Z I, [2024-03-12T14:43:48.411530 #2425]  INFO -- : Writing /home/runner/work/human-essentials/human-essentials/public/assets/startup-bf111fcbf368bc988dfcb050d057ec73e21f190d7921e15689dd5ebf674e6d00.js
2024-03-12T21:43:48.4297267Z I, [2024-03-12T14:43:48.411603 #2425]  INFO -- : Writing /home/runner/work/human-essentials/human-essentials/public/assets/startup-bf111fcbf368bc988dfcb050d057ec73e21f190d7921e15689dd5ebf674e6d00.js.gz
2024-03-12T21:43:48.4300687Z I, [2024-03-12T14:43:48.411698 #2425]  INFO -- : Writing /home/runner/work/human-essentials/human-essentials/public/assets/utils/barcode_items-ee1050c4d1ade4569ef6cfc83d5f4792f67daabaca0ae24f75455737fea0a72b.js
2024-03-12T21:43:48.4304197Z I, [2024-03-12T14:43:48.411762 #2425]  INFO -- : Writing /home/runner/work/human-essentials/human-essentials/public/assets/utils/barcode_items-ee1050c4d1ade4569ef6cfc83d5f4792f67daabaca0ae24f75455737fea0a72b.js.gz
2024-03-12T21:43:48.4307873Z I, [2024-03-12T14:43:48.411853 #2425]  INFO -- : Writing /home/runner/work/human-essentials/human-essentials/public/assets/utils/barcode_scan-757b66b6921154f49e7cc4c5dc2f146f91f1648beffaa8ef106d94585a273ba9.js
2024-03-12T21:43:48.4311728Z I, [2024-03-12T14:43:48.411913 #2425]  INFO -- : Writing /home/runner/work/human-essentials/human-essentials/public/assets/utils/barcode_scan-757b66b6921154f49e7cc4c5dc2f146f91f1648beffaa8ef106d94585a273ba9.js.gz
2024-03-12T21:43:48.4315715Z I, [2024-03-12T14:43:48.411999 #2425]  INFO -- : Writing /home/runner/work/human-essentials/human-essentials/public/assets/utils/deadline_day_pickers-b0b264db9e3c8107c161cc4571e71cf901bcc511175271d218a553c4e1889065.js
2024-03-12T21:43:48.4319466Z I, [2024-03-12T14:43:48.412060 #2425]  INFO -- : Writing /home/runner/work/human-essentials/human-essentials/public/assets/utils/deadline_day_pickers-b0b264db9e3c8107c161cc4571e71cf901bcc511175271d218a553c4e1889065.js.gz
2024-03-12T21:43:48.4323166Z I, [2024-03-12T14:43:48.412141 #2425]  INFO -- : Writing /home/runner/work/human-essentials/human-essentials/public/assets/utils/distributions_and_transfers-1f9709e9a8df250acfe3e7a79f1501b2696b1f36d5adcf083a61a1b005cce3d2.js
2024-03-12T21:43:48.4327005Z I, [2024-03-12T14:43:48.412199 #2425]  INFO -- : Writing /home/runner/work/human-essentials/human-essentials/public/assets/utils/distributions_and_transfers-1f9709e9a8df250acfe3e7a79f1501b2696b1f36d5adcf083a61a1b005cce3d2.js.gz
2024-03-12T21:43:48.4330517Z I, [2024-03-12T14:43:48.412417 #2425]  INFO -- : Writing /home/runner/work/human-essentials/human-essentials/public/assets/utils/donations-1c3e9a15fc370afd2c3836ccf8dde6013c35412a8d83cf6c1e31bec95ef72b26.js
2024-03-12T21:43:48.4333986Z I, [2024-03-12T14:43:48.412479 #2425]  INFO -- : Writing /home/runner/work/human-essentials/human-essentials/public/assets/utils/donations-1c3e9a15fc370afd2c3836ccf8dde6013c35412a8d83cf6c1e31bec95ef72b26.js.gz
2024-03-12T21:43:48.4337352Z I, [2024-03-12T14:43:48.412563 #2425]  INFO -- : Writing /home/runner/work/human-essentials/human-essentials/public/assets/utils/purchases-5c814ba098feaa8a7b4abff24267c1da909f3e52e12c97660f8a0b8c1ff4aea1.js
2024-03-12T21:43:48.4340818Z I, [2024-03-12T14:43:48.412623 #2425]  INFO -- : Writing /home/runner/work/human-essentials/human-essentials/public/assets/utils/purchases-5c814ba098feaa8a7b4abff24267c1da909f3e52e12c97660f8a0b8c1ff4aea1.js.gz
2024-03-12T21:43:48.4344190Z I, [2024-03-12T14:43:48.412710 #2425]  INFO -- : Writing /home/runner/work/human-essentials/human-essentials/public/assets/filterrific-f3a290db250e05344fd62c216b903689f73eff5e270ef021e425551006092e08.js
2024-03-12T21:43:48.4347452Z I, [2024-03-12T14:43:48.412776 #2425]  INFO -- : Writing /home/runner/work/human-essentials/human-essentials/public/assets/filterrific-f3a290db250e05344fd62c216b903689f73eff5e270ef021e425551006092e08.js.gz
2024-03-12T21:43:48.4350882Z I, [2024-03-12T14:43:48.412880 #2425]  INFO -- : Writing /home/runner/work/human-essentials/human-essentials/public/assets/stimulusloading-1fc59770fb1654500044afd3f5f6d7d00800e5be36746d55b94a2963a7a228aa.js
2024-03-12T21:43:48.4368254Z I, [2024-03-12T14:43:48.412947 #2425]  INFO -- : Writing /home/runner/work/human-essentials/human-essentials/public/assets/stimulusloading-1fc59770fb1654500044afd3f5f6d7d00800e5be36746d55b94a2963a7a228aa.js.gz
2024-03-12T21:43:48.4371654Z I, [2024-03-12T14:43:48.413036 #2425]  INFO -- : Writing /home/runner/work/human-essentials/human-essentials/public/assets/turbo-4851a9a0b1d947e810dfd0448a72aef261d455183ebea681f4f28a73640a9ece.js
2024-03-12T21:43:48.4374673Z I, [2024-03-12T14:43:48.413102 #2425]  INFO -- : Writing /home/runner/work/human-essentials/human-essentials/public/assets/turbo-4851a9a0b1d947e810dfd0448a72aef261d455183ebea681f4f28a73640a9ece.js.gz
2024-03-12T21:43:48.4378029Z I, [2024-03-12T14:43:48.413189 #2425]  INFO -- : Writing /home/runner/work/human-essentials/human-essentials/public/assets/turbo.min-f309baafa3ae5ad6ccee3e7362118b87678d792db8e8ab466c4fa284dd3a4700.js
2024-03-12T21:43:48.4381279Z I, [2024-03-12T14:43:48.413254 #2425]  INFO -- : Writing /home/runner/work/human-essentials/human-essentials/public/assets/turbo.min-f309baafa3ae5ad6ccee3e7362118b87678d792db8e8ab466c4fa284dd3a4700.js.gz
2024-03-12T21:43:48.4384586Z I, [2024-03-12T14:43:48.413345 #2425]  INFO -- : Writing /home/runner/work/human-essentials/human-essentials/public/assets/turbo.min.js-8bc8f4a58d1c106d58dec8bef6c638ff12ff4d078f19d8ebd8c4277f4c9bc85a.map
2024-03-12T21:43:48.4388093Z I, [2024-03-12T14:43:48.413414 #2425]  INFO -- : Writing /home/runner/work/human-essentials/human-essentials/public/assets/turbo.min.js-8bc8f4a58d1c106d58dec8bef6c638ff12ff4d078f19d8ebd8c4277f4c9bc85a.map.gz
2024-03-12T21:43:48.4391676Z I, [2024-03-12T14:43:48.413506 #2425]  INFO -- : Writing /home/runner/work/human-essentials/human-essentials/public/assets/stimulus-loading-3576ce92b149ad5d6959438c6f291e2426c86df3b874c525b30faad51b0d96b3.js
2024-03-12T21:43:48.4395281Z I, [2024-03-12T14:43:48.413572 #2425]  INFO -- : Writing /home/runner/work/human-essentials/human-essentials/public/assets/stimulus-loading-3576ce92b149ad5d6959438c6f291e2426c86df3b874c525b30faad51b0d96b3.js.gz
2024-03-12T21:43:48.4399004Z I, [2024-03-12T14:43:48.413727 #2425]  INFO -- : Writing /home/runner/work/human-essentials/human-essentials/public/assets/popper-003a40d80fd205e1fa00da117d5bdc19720ba330706eaa17f9ba9513fa502304.js
2024-03-12T21:43:48.4402170Z I, [2024-03-12T14:43:48.413790 #2425]  INFO -- : Writing /home/runner/work/human-essentials/human-essentials/public/assets/popper-003a40d80fd205e1fa00da117d5bdc19720ba330706eaa17f9ba9513fa502304.js.gz
2024-03-12T21:43:48.4405422Z I, [2024-03-12T14:43:48.413875 #2425]  INFO -- : Writing /home/runner/work/human-essentials/human-essentials/public/assets/actiontext-28c61f5197c204db043317a8f8826a87ab31495b741f854d307ca36122deefce.js
2024-03-12T21:43:48.4408771Z I, [2024-03-12T14:43:48.413940 #2425]  INFO -- : Writing /home/runner/work/human-essentials/human-essentials/public/assets/actiontext-28c61f5197c204db043317a8f8826a87ab31495b741f854d307ca36122deefce.js.gz
2024-03-12T21:43:48.4411876Z I, [2024-03-12T14:43:48.414029 #2425]  INFO -- : Writing /home/runner/work/human-essentials/human-essentials/public/assets/trix-1563ff9c10f74e143b3ded40a8458497eaf2f87a648a5cbbfebdb7dec3447a5e.js
2024-03-12T21:43:48.4415096Z I, [2024-03-12T14:43:48.414093 #2425]  INFO -- : Writing /home/runner/work/human-essentials/human-essentials/public/assets/trix-1563ff9c10f74e143b3ded40a8458497eaf2f87a648a5cbbfebdb7dec3447a5e.js.gz
2024-03-12T21:43:48.4418248Z I, [2024-03-12T14:43:48.414178 #2425]  INFO -- : Writing /home/runner/work/human-essentials/human-essentials/public/assets/trix-b0398dade8e5ac249fe98f2e850f45adbcdfecd8a11c46b3eb67bdedb87b1b04.css
2024-03-12T21:43:48.4421562Z I, [2024-03-12T14:43:48.414243 #2425]  INFO -- : Writing /home/runner/work/human-essentials/human-essentials/public/assets/trix-b0398dade8e5ac249fe98f2e850f45adbcdfecd8a11c46b3eb67bdedb87b1b04.css.gz
2024-03-12T21:43:48.4424752Z I, [2024-03-12T14:43:48.414331 #2425]  INFO -- : Writing /home/runner/work/human-essentials/human-essentials/public/assets/stimulus-f75215805563870a61ee9dc5a207ce46d4675c7e667558a54344fd1e7baa697f.js
2024-03-12T21:43:48.4427806Z I, [2024-03-12T14:43:48.414397 #2425]  INFO -- : Writing /home/runner/work/human-essentials/human-essentials/public/assets/stimulus-f75215805563870a61ee9dc5a207ce46d4675c7e667558a54344fd1e7baa697f.js.gz
2024-03-12T21:43:48.4431186Z I, [2024-03-12T14:43:48.414488 #2425]  INFO -- : Writing /home/runner/work/human-essentials/human-essentials/public/assets/stimulus-autoloader-c584942b568ba74879da31c7c3d51366737bacaf6fbae659383c0a5653685693.js
2024-03-12T21:43:48.4435052Z I, [2024-03-12T14:43:48.414556 #2425]  INFO -- : Writing /home/runner/work/human-essentials/human-essentials/public/assets/stimulus-autoloader-c584942b568ba74879da31c7c3d51366737bacaf6fbae659383c0a5653685693.js.gz
2024-03-12T21:43:48.4438698Z I, [2024-03-12T14:43:48.414646 #2425]  INFO -- : Writing /home/runner/work/human-essentials/human-essentials/public/assets/stimulus-importmap-autoloader-db2076c783bf2dbee1226e2add52fef290b5d31b5bcd1edd999ac8a6dd31c44a.js
2024-03-12T21:43:48.4442518Z I, [2024-03-12T14:43:48.414712 #2425]  INFO -- : Writing /home/runner/work/human-essentials/human-essentials/public/assets/stimulus-importmap-autoloader-db2076c783bf2dbee1226e2add52fef290b5d31b5bcd1edd999ac8a6dd31c44a.js.gz
2024-03-12T21:43:48.4446195Z I, [2024-03-12T14:43:48.414796 #2425]  INFO -- : Writing /home/runner/work/human-essentials/human-essentials/public/assets/stimulus-loading-3576ce92b149ad5d6959438c6f291e2426c86df3b874c525b30faad51b0d96b3.js
2024-03-12T21:43:48.4449518Z I, [2024-03-12T14:43:48.414855 #2425]  INFO -- : Writing /home/runner/work/human-essentials/human-essentials/public/assets/stimulus-loading-3576ce92b149ad5d6959438c6f291e2426c86df3b874c525b30faad51b0d96b3.js.gz
2024-03-12T21:43:48.4454814Z I, [2024-03-12T14:43:48.414941 #2425]  INFO -- : Writing /home/runner/work/human-essentials/human-essentials/public/assets/stimulus.min-dd364f16ec9504dfb72672295637a1c8838773b01c0b441bd41008124c407894.js
2024-03-12T21:43:48.4466233Z I, [2024-03-12T14:43:48.415006 #2425]  INFO -- : Writing /home/runner/work/human-essentials/human-essentials/public/assets/stimulus.min-dd364f16ec9504dfb72672295637a1c8838773b01c0b441bd41008124c407894.js.gz
2024-03-12T21:43:48.4469918Z I, [2024-03-12T14:43:48.415091 #2425]  INFO -- : Writing /home/runner/work/human-essentials/human-essentials/public/assets/stimulus-autoloader-c584942b568ba74879da31c7c3d51366737bacaf6fbae659383c0a5653685693.js
2024-03-12T21:43:48.4473455Z I, [2024-03-12T14:43:48.415150 #2425]  INFO -- : Writing /home/runner/work/human-essentials/human-essentials/public/assets/stimulus-autoloader-c584942b568ba74879da31c7c3d51366737bacaf6fbae659383c0a5653685693.js.gz
2024-03-12T21:43:48.4597515Z I, [2024-03-12T14:43:48.415231 #2425]  INFO -- : Writing /home/runner/work/human-essentials/human-essentials/public/assets/stimulus-importmap-autoloader-db2076c783bf2dbee1226e2add52fef290b5d31b5bcd1edd999ac8a6dd31c44a.js
2024-03-12T21:43:48.4601336Z I, [2024-03-12T14:43:48.415291 #2425]  INFO -- : Writing /home/runner/work/human-essentials/human-essentials/public/assets/stimulus-importmap-autoloader-db2076c783bf2dbee1226e2add52fef290b5d31b5bcd1edd999ac8a6dd31c44a.js.gz
2024-03-12T21:43:48.4604911Z I, [2024-03-12T14:43:48.445151 #2425]  INFO -- : Writing /home/runner/work/human-essentials/human-essentials/public/assets/stimulus-loading-3576ce92b149ad5d6959438c6f291e2426c86df3b874c525b30faad51b0d96b3.js
2024-03-12T21:43:48.4608125Z I, [2024-03-12T14:43:48.445323 #2425]  INFO -- : Writing /home/runner/work/human-essentials/human-essentials/public/assets/stimulus-loading-3576ce92b149ad5d6959438c6f291e2426c86df3b874c525b30faad51b0d96b3.js.gz
2024-03-12T21:43:48.4611582Z I, [2024-03-12T14:43:48.445483 #2425]  INFO -- : Writing /home/runner/work/human-essentials/human-essentials/public/assets/stimulus.min.js-2cc63625fa177963b45da974806e7aee846cbf1d4930815733d0fdf3fb232325.map
2024-03-12T21:43:48.4614884Z I, [2024-03-12T14:43:48.445569 #2425]  INFO -- : Writing /home/runner/work/human-essentials/human-essentials/public/assets/stimulus.min.js-2cc63625fa177963b45da974806e7aee846cbf1d4930815733d0fdf3fb232325.map.gz
2024-03-12T21:43:48.4618206Z I, [2024-03-12T14:43:48.445679 #2425]  INFO -- : Writing /home/runner/work/human-essentials/human-essentials/public/assets/activestorage-3ab61e47dd4ee2d79db525ade1dca2ede0ea2b7371fe587e408ee37b7ade265d.js
2024-03-12T21:43:48.4621635Z I, [2024-03-12T14:43:48.445762 #2425]  INFO -- : Writing /home/runner/work/human-essentials/human-essentials/public/assets/activestorage-3ab61e47dd4ee2d79db525ade1dca2ede0ea2b7371fe587e408ee37b7ade265d.js.gz
2024-03-12T21:43:48.4624905Z I, [2024-03-12T14:43:48.445873 #2425]  INFO -- : Writing /home/runner/work/human-essentials/human-essentials/public/assets/activestorage.esm-01f58a45d77495cdfbdfcc872902a430426c4391634ec9c3da5f69fbf8418492.js
2024-03-12T21:43:48.4671720Z I, [2024-03-12T14:43:48.445957 #2425]  INFO -- : Writing /home/runner/work/human-essentials/human-essentials/public/assets/activestorage.esm-01f58a45d77495cdfbdfcc872902a430426c4391634ec9c3da5f69fbf8418492.js.gz
2024-03-12T21:43:48.4675446Z I, [2024-03-12T14:43:48.446064 #2425]  INFO -- : Writing /home/runner/work/human-essentials/human-essentials/public/assets/actioncable-5433453f9b6619a9de91aaab2d7fc7ff183e5260c0107cbc9a1aa0c838d9a74e.js
2024-03-12T21:43:48.4678648Z I, [2024-03-12T14:43:48.446144 #2425]  INFO -- : Writing /home/runner/work/human-essentials/human-essentials/public/assets/actioncable-5433453f9b6619a9de91aaab2d7fc7ff183e5260c0107cbc9a1aa0c838d9a74e.js.gz
2024-03-12T21:43:48.4681998Z I, [2024-03-12T14:43:48.446254 #2425]  INFO -- : Writing /home/runner/work/human-essentials/human-essentials/public/assets/actioncable.esm-e01089c3ec4fe7817fa9abcad06cab6bdc387f95f0ca6aab4bf7ba7537f70690.js
2024-03-12T21:43:48.4685666Z I, [2024-03-12T14:43:48.446333 #2425]  INFO -- : Writing /home/runner/work/human-essentials/human-essentials/public/assets/actioncable.esm-e01089c3ec4fe7817fa9abcad06cab6bdc387f95f0ca6aab4bf7ba7537f70690.js.gz
2024-03-12T21:43:48.8303400Z Coverage report generated for RSpec to /home/runner/work/human-essentials/human-essentials/coverage. 442 / 10017 LOC (4.41%) covered.
2024-03-12T21:43:48.9092162Z ##[group]Run RUBYOPT='-W:no-deprecated -W:no-experimental' bin/knapsack_pro_rspec
2024-03-12T21:43:48.9093048Z [36;1mRUBYOPT='-W:no-deprecated -W:no-experimental' bin/knapsack_pro_rspec[0m
2024-03-12T21:43:48.9143168Z shell: /usr/bin/bash -e {0}
2024-03-12T21:43:48.9143633Z env:
2024-03-12T21:43:48.9143981Z   POSTGRES_HOST: localhost
2024-03-12T21:43:48.9144384Z   DATABASE_HOST: localhost
2024-03-12T21:43:48.9144854Z   PG_USERNAME: postgres
2024-03-12T21:43:48.9145215Z   PG_PASSWORD: password
2024-03-12T21:43:48.9145616Z   POSTGRES_HOST_AUTH_METHOD: trust
2024-03-12T21:43:48.9146110Z   POSTGRES_PORT: 5432
2024-03-12T21:43:48.9146468Z   PGHOST: localhost
2024-03-12T21:43:48.9146812Z   PGUSER: postgres
2024-03-12T21:43:48.9147186Z   RAILS_ENV: test
2024-03-12T21:43:48.9147575Z   KNAPSACK_PRO_TEST_SUITE_TOKEN_RSPEC: 
2024-03-12T21:43:48.9148024Z   KNAPSACK_PRO_CI_NODE_TOTAL: 6
2024-03-12T21:43:48.9148506Z   KNAPSACK_PRO_CI_NODE_INDEX: 5
2024-03-12T21:43:48.9149027Z   KNAPSACK_PRO_RSPEC_SPLIT_BY_TEST_EXAMPLES: true
2024-03-12T21:43:48.9149579Z   KNAPSACK_PRO_LOG_LEVEL: info
2024-03-12T21:43:48.9150231Z   KNAPSACK_PRO_TEST_FILE_PATTERN: {spec/system/**{,/*/**}/*_spec.rb,spec/requests/**{,/*/**}/*_spec.rb}
2024-03-12T21:43:48.9150913Z ##[endgroup]
2024-03-12T21:43:54.7293121Z W, [2024-03-12T21:43:54.728959 #2530]  WARN -- : [knapsack_pro] GET https://api-disabled-for-fork.knapsackpro.com/v1/build_distributions/last
2024-03-12T21:43:54.7295010Z W, [2024-03-12T21:43:54.729022 #2530]  WARN -- : [knapsack_pro] Request failed due to:
2024-03-12T21:43:54.7296839Z W, [2024-03-12T21:43:54.729046 #2530]  WARN -- : [knapsack_pro] #<SocketError: Failed to open TCP connection to api-disabled-for-fork.knapsackpro.com:443 (getaddrinfo: Name or service not known)>
2024-03-12T21:43:54.7299749Z W, [2024-03-12T21:43:54.729078 #2530]  WARN -- : [knapsack_pro] Slow test files fallback behaviour started. We could not connect with Knapsack Pro API to fetch last CI build test files that are needed to determine slow test files. No test files will be split by test cases. It means all test files will be split by the whole test files as if split by test cases would be disabled https://knapsackpro.com/perma/ruby/split-by-test-examples
2024-03-12T21:43:56.9074953Z W, [2024-03-12T21:43:56.907051 #2530]  WARN -- : [knapsack_pro] POST https://api-disabled-for-fork.knapsackpro.com/v1/build_distributions/subset
2024-03-12T21:43:56.9077407Z W, [2024-03-12T21:43:56.907105 #2530]  WARN -- : [knapsack_pro] Request failed due to:
2024-03-12T21:43:56.9079654Z W, [2024-03-12T21:43:56.907131 #2530]  WARN -- : [knapsack_pro] #<SocketError: Failed to open TCP connection to api-disabled-for-fork.knapsackpro.com:443 (getaddrinfo: Name or service not known)>
2024-03-12T21:43:56.9082543Z W, [2024-03-12T21:43:56.907188 #2530]  WARN -- : [knapsack_pro] Fallback mode started. We could not connect with Knapsack Pro API. Your tests will be executed based on directory names. Read more about fallback mode at https://knapsackpro.com/perma/ruby/fallback-mode
2024-03-12T21:43:56.9134298Z /opt/hostedtoolcache/Ruby/3.2.2/x64/bin/ruby -I/home/runner/work/human-essentials/human-essentials/vendor/bundle/ruby/3.2.0/gems/rspec-core-3.12.2/lib:/home/runner/work/human-essentials/human-essentials/vendor/bundle/ruby/3.2.0/gems/rspec-support-3.12.1/lib /home/runner/work/human-essentials/human-essentials/vendor/bundle/ruby/3.2.0/gems/rspec-core-3.12.2/exe/rspec  --format documentation --format KnapsackPro::Formatters::TimeTracker --default-path spec "spec/requests/admin/broadcast_announcements_spec.rb" "spec/requests/attachments_requests_spec.rb" "spec/requests/distributions_requests_spec.rb" "spec/requests/kit_requests_spec.rb" "spec/requests/partners/family_requests_spec.rb" "spec/requests/partners_requests_spec.rb" "spec/requests/requests_requests_spec.rb" "spec/requests/users_requests_spec.rb" "spec/system/admin/barcode_items_system_spec.rb" "spec/system/audit_system_spec.rb" "spec/system/donation_site_system_spec.rb" "spec/system/manage_system_spec.rb" "spec/system/partners/coworker_invitations_system_spec.rb" "spec/system/product_drive_participant_system_spec.rb" "spec/system/sign_in_system_spec.rb"
2024-03-12T21:44:05.4468420Z 
2024-03-12T21:44:05.4469624Z Randomized with seed 26217
2024-03-12T21:44:06.4308983Z 
2024-03-12T21:44:06.4309549Z Donation Site
2024-03-12T21:44:06.4311244Z   When a user views the index page
2024-03-12T21:44:07.6745722Z     should show donation sites in alphabetical order
2024-03-12T21:44:08.3218867Z     allows the user to quick-create a new donation site
2024-03-12T21:44:08.3219631Z   When creating a new donation site
2024-03-12T21:44:09.1339995Z     creates a new donation site as a user
2024-03-12T21:44:09.8703773Z     does not allow creating a new donation site with empty attributes
2024-03-12T21:44:09.8705126Z   with an existing donation site
2024-03-12T21:44:10.6396519Z     updates an existing donation site
2024-03-12T21:44:11.3878549Z     does not allow updating to an existing donation site with empty attributes
2024-03-12T21:44:11.3879756Z 
2024-03-12T21:44:11.3880172Z Distributions
2024-03-12T21:44:11.3881681Z   While not signed in
2024-03-12T21:44:11.4407283Z     redirects the user to the sign-in page for CRUD actions
2024-03-12T21:44:11.4408162Z     GET #calendar
2024-03-12T21:44:11.4408693Z       with a correct hash id
2024-03-12T21:44:11.4566033Z         should render the calendar
2024-03-12T21:44:11.4566670Z       without a correct hash id
2024-03-12T21:44:11.4636380Z         should error unauthorized
2024-03-12T21:44:11.4637175Z   While signed in
2024-03-12T21:44:11.4640271Z     GET #show
2024-03-12T21:44:11.6116279Z       sums distribution totals accurately
2024-03-12T21:44:11.6694596Z       returns http success
2024-03-12T21:44:11.6695619Z     GET #print
2024-03-12T21:44:11.7097810Z       returns http success
2024-03-12T21:44:11.7098706Z       with non-UTF8 characters
2024-03-12T21:44:11.7487599Z         returns http success
2024-03-12T21:44:11.7489150Z     GET #new
2024-03-12T21:44:11.8484608Z       returns http success
2024-03-12T21:44:11.8485317Z       with org default but no partner default
2024-03-12T21:44:11.9633557Z         selects org default
2024-03-12T21:44:11.9634856Z       with partner default
2024-03-12T21:44:12.1115149Z         selects partner default
2024-03-12T21:44:12.1115975Z     GET #itemized_breakdown
2024-03-12T21:44:12.1279149Z       returns http success
2024-03-12T21:44:12.1279821Z     GET #schedule
2024-03-12T21:44:12.1563608Z       returns http success
2024-03-12T21:44:12.1564540Z     GET #edit
2024-03-12T21:44:12.2472577Z       should show the distribution
2024-03-12T21:44:12.3475189Z       should show a warning if there is an inteverning audit
2024-03-12T21:44:12.4419235Z       should not show a warning if the audit is for another location
2024-03-12T21:44:12.4420220Z     POST #update
2024-03-12T21:44:12.5103367Z       returns a 200
2024-03-12T21:44:12.5104072Z       when changing storage location
2024-03-12T21:44:12.6950611Z         updates storage quantity correctly
2024-03-12T21:44:12.7718461Z         rollsback updates if quantity would go below 0
2024-03-12T21:44:12.7719294Z       mail follow up
2024-03-12T21:44:12.8308826Z         does not send an e-mail
2024-03-12T21:44:12.8309356Z         sending
2024-03-12T21:44:12.9027030Z           does send an e-mail
2024-03-12T21:44:12.9027884Z         partner reminder sending switched off
2024-03-12T21:44:12.9654558Z           does not send the e-mail
2024-03-12T21:44:12.9655536Z     GET #reclaim
2024-03-12T21:44:13.0456443Z       returns http success
2024-03-12T21:44:13.0457105Z     POST #create
2024-03-12T21:44:13.0975026Z       redirects to #show on success
2024-03-12T21:44:13.1471994Z       renders #new again on failure, with notice
2024-03-12T21:44:13.1473071Z     GET #index
2024-03-12T21:44:13.3319898Z       sums distribution totals accurately
2024-03-12T21:44:13.3685938Z       returns http success
2024-03-12T21:44:13.3686690Z     Looking at a different organization
2024-03-12T21:44:13.5640224Z       redirects the user to the sign-in page for CRUD actions
2024-03-12T21:44:13.5641459Z     GET #pickup_day
2024-03-12T21:44:13.6652722Z       correctly sums the item counts from distributions
2024-03-12T21:44:13.6916530Z       returns http success
2024-03-12T21:44:13.7883916Z       correctly sums the item package counts from distributions
2024-03-12T21:44:13.7885050Z     PATCH #picked_up
2024-03-12T21:44:13.7885786Z       when the distribution is successfully updated
2024-03-12T21:44:13.8294867Z         updates the state to 'complete'
2024-03-12T21:44:13.8753219Z         redirects the user back to the distributions page
2024-03-12T21:44:13.8754431Z 
2024-03-12T21:44:13.8754655Z /kits
2024-03-12T21:44:13.8755342Z   while signed in
2024-03-12T21:44:13.9293624Z     PUT #deactivate
2024-03-12T21:44:13.9294113Z     GET #index
2024-03-12T21:44:14.0070201Z       should include deactivate
2024-03-12T21:44:14.0071067Z       when it is already deactivated
2024-03-12T21:44:14.0859202Z         should show reactivate button
2024-03-12T21:44:14.0859962Z       when show inactive is checked
2024-03-12T21:44:14.1579950Z         should show the inactive kit
2024-03-12T21:44:14.1580720Z       when it cannot be deactivated
2024-03-12T21:44:14.2596348Z         should disable the button
2024-03-12T21:44:14.2597236Z     PUT #reactivate
2024-03-12T21:44:14.3166036Z       cannot reactivate if it has an inactive item
2024-03-12T21:44:14.3735051Z       should successfully reactivate
2024-03-12T21:44:14.3735575Z 
2024-03-12T21:44:14.3736082Z User sign-in handling
2024-03-12T21:44:14.3737695Z   when users are valid and don't belong to an organization
2024-03-12T21:44:15.1637671Z     redirects to 403
2024-03-12T21:44:15.1638532Z   when users are valid and belong to an organization
2024-03-12T21:44:16.0566575Z     redirects to user's dashboard
2024-03-12T21:44:16.0567278Z   when a partner user logs in
2024-03-12T21:44:16.9894854Z     redirects to the partner page
2024-03-12T21:44:16.9895672Z   when users are invalid
2024-03-12T21:44:17.6984808Z     shows invalid credentials alert
2024-03-12T21:44:17.6986013Z 
2024-03-12T21:44:17.6986540Z BroadcastAnnouncements
2024-03-12T21:44:17.6988811Z   GET /index
2024-03-12T21:44:17.7425579Z     renders a successful response
2024-03-12T21:44:17.7426499Z   DELETE /destroy
2024-03-12T21:44:17.7620497Z     destroys the requested announcement then redirects
2024-03-12T21:44:17.7621481Z   GET /edit
2024-03-12T21:44:17.7957668Z     render a successful response
2024-03-12T21:44:17.7958794Z   GET /new
2024-03-12T21:44:17.8351096Z     renders a successful response
2024-03-12T21:44:17.8352185Z   POST /create
2024-03-12T21:44:17.8352651Z     with valid parameters
2024-03-12T21:44:17.8525966Z       creates a new BroadcastAnnouncement then redirects
2024-03-12T21:44:17.8526790Z     with invalid parameters
2024-03-12T21:44:17.8870610Z       does not render a successful response
2024-03-12T21:44:17.9211840Z       does not create a new BroadcastAnnouncement
2024-03-12T21:44:17.9213120Z   When logged in as an organization_admin
2024-03-12T21:44:17.9213939Z     GET /new
2024-03-12T21:44:17.9366151Z       redirects
2024-03-12T21:44:17.9366811Z     POST /create
2024-03-12T21:44:17.9505423Z       redirects
2024-03-12T21:44:17.9506206Z   PATCH /update
2024-03-12T21:44:17.9507252Z     with invalid parameters
2024-03-12T21:44:17.9862579Z       does not render a successful response
2024-03-12T21:44:17.9863670Z     with valid parameters
2024-03-12T21:44:18.0046308Z       updates the requested announcement and redirects
2024-03-12T21:44:18.0047067Z 
2024-03-12T21:44:18.0047412Z Coworking invitations
2024-03-12T21:44:18.0048826Z   inviting a new user as a partner user
2024-03-12T21:44:18.0049974Z     GIVEN a partner user complete the process to invite a coworker
2024-03-12T21:44:19.8490566Z       should create a new partner user for the partner account
2024-03-12T21:44:19.8491402Z 
2024-03-12T21:44:19.8491668Z /partners/family
2024-03-12T21:44:19.8493244Z   GET #index
2024-03-12T21:44:19.9349172Z     should render without any issues and present all families
2024-03-12T21:44:19.9946328Z     should render without any issues and display unarchived families by default
2024-03-12T21:44:20.0411918Z     should export CSV
2024-03-12T21:44:20.0412510Z 
2024-03-12T21:44:20.0412756Z Users
2024-03-12T21:44:20.0414109Z   GET #switch_to_partner_role
2024-03-12T21:44:20.0415142Z     with a partner role
2024-03-12T21:44:20.0796777Z       should redirect to the partner path
2024-03-12T21:44:20.0797683Z     without a partner role
2024-03-12T21:44:20.2740882Z       should redirect to the root path with an error
2024-03-12T21:44:20.2741804Z   GET #index
2024-03-12T21:44:20.3053849Z     returns http success
2024-03-12T21:44:20.3054427Z   GET #new
2024-03-12T21:44:20.3350245Z     returns http success
2024-03-12T21:44:20.3350853Z   POST #send_partner_user_reset_password
2024-03-12T21:44:20.4561588Z     should return send a password even if case-insensitive spelling of email
2024-03-12T21:44:20.5017892Z     should return an error if it cannot find the user
2024-03-12T21:44:20.5478651Z     should send a password
2024-03-12T21:44:20.7546267Z     should return an error if organization does not own the partner
2024-03-12T21:44:20.7547341Z 
2024-03-12T21:44:20.7547602Z Organization Administration
2024-03-12T21:44:20.7548328Z   while signed in as a normal user
2024-03-12T21:44:21.2316888Z     cannot see an edit link as a user
2024-03-12T21:44:21.2319567Z   while signed in as an organization admin
2024-03-12T21:44:21.7086814Z     can bail back to their own site as a user
2024-03-12T21:44:22.8468922Z     can edit the properties for an organization as an admin
2024-03-12T21:44:22.8469781Z     When looking at a single organization
2024-03-12T21:44:23.6095349Z       can view details about an organization, including the users as an admin
2024-03-12T21:44:23.6096186Z 
2024-03-12T21:44:23.6096524Z Requests
2024-03-12T21:44:23.6097932Z   When signed
2024-03-12T21:44:23.6098847Z     GET #index
2024-03-12T21:44:23.6099764Z       csv
2024-03-12T21:44:23.6383173Z         is expected to be successful
2024-03-12T21:44:23.6384280Z       html
2024-03-12T21:44:23.6847776Z         is expected to be successful
2024-03-12T21:44:23.6848760Z     POST #start
2024-03-12T21:44:23.6849759Z       When the request does not exist
2024-03-12T21:44:23.7120367Z         responds with not found
2024-03-12T21:44:23.7121327Z       When request exists
2024-03-12T21:44:23.7347350Z         changes the request status from pending to started
2024-03-12T21:44:23.7571165Z         redirects to new_distribution_path and flashes a notice
2024-03-12T21:44:23.7572138Z     GET #show
2024-03-12T21:44:23.7572949Z       When the request does not exist
2024-03-12T21:44:23.7852696Z         responds with not found
2024-03-12T21:44:23.7853598Z       When the request exists
2024-03-12T21:44:23.8279005Z         responds with success
2024-03-12T21:44:23.8280031Z   When not signed
2024-03-12T21:44:23.8371213Z     redirects the user to the sign-in page for CRUD actions
2024-03-12T21:44:23.8371896Z 
2024-03-12T21:44:23.8372160Z Attachments
2024-03-12T21:44:23.8372832Z   DELETE #destroy
2024-03-12T21:44:23.8847950Z     redirects to referrer
2024-03-12T21:44:23.8849396Z 
2024-03-12T21:44:23.8849776Z Partners
2024-03-12T21:44:23.8852489Z   GET #new
2024-03-12T21:44:23.9328183Z     returns http success
2024-03-12T21:44:23.9328973Z   POST #import_csv
2024-03-12T21:44:23.9329752Z     csv file with wrong headers
2024-03-12T21:44:23.9478505Z       redirects to :index
2024-03-12T21:44:23.9615410Z       presents a flash error message
2024-03-12T21:44:23.9616514Z     with a csv file
2024-03-12T21:44:23.9670851Z       invokes .import_csv
2024-03-12T21:44:24.0022636Z       presents a flash notice message
2024-03-12T21:44:24.0374938Z       redirects to :index
2024-03-12T21:44:24.0375687Z     without a csv file
2024-03-12T21:44:24.0500892Z       redirects to :index
2024-03-12T21:44:24.0614451Z       presents a flash error message
2024-03-12T21:44:24.0615229Z   GET #index
2024-03-12T21:44:24.0616419Z     html
2024-03-12T21:44:24.1188936Z       is expected to be successful
2024-03-12T21:44:24.1189659Z     csv
2024-03-12T21:44:24.1533678Z       is expected to be successful
2024-03-12T21:44:24.1534774Z   GET #approve_application
2024-03-12T21:44:24.1535484Z     when the approval was successful
2024-03-12T21:44:24.1845552Z       should redirect to the partners index page with a success flash message
2024-03-12T21:44:24.1846623Z     when the approval failed
2024-03-12T21:44:24.2177345Z       should redirect to the partners index page with a failure flash message
2024-03-12T21:44:24.2178654Z   POST #create
2024-03-12T21:44:24.2179228Z     successful save
2024-03-12T21:44:24.2379495Z       redirects to #index
2024-03-12T21:44:24.2571186Z       creates a new partner
2024-03-12T21:44:24.2572694Z     unsuccessful save due to empty params
2024-03-12T21:44:24.2980764Z       renders :new
2024-03-12T21:44:24.2981748Z   GET #edit
2024-03-12T21:44:24.3525577Z     returns http success
2024-03-12T21:44:24.3526526Z   PUT #reactivate
2024-03-12T21:44:24.3534442Z     when the partner successfully reactivates
2024-03-12T21:44:24.3934746Z       changes the partner status to approved and redirects with flash
2024-03-12T21:44:24.3936337Z     when trying to reactivate a partner who is not deactivated
2024-03-12T21:44:24.4331780Z       fails to change the partner status to reactivated and redirects with flash error message
2024-03-12T21:44:24.4332948Z   DELETE #destroy
2024-03-12T21:44:24.5580901Z     redirects to #index
2024-03-12T21:44:24.5582294Z   POST #invite_partner_user
2024-03-12T21:44:24.5583040Z     when there is an error in invite
2024-03-12T21:44:24.6335412Z       redirect to partner url with error message
2024-03-12T21:44:24.7067891Z     when the invite successfully
2024-03-12T21:44:24.7068949Z       send the invite
2024-03-12T21:44:24.7069712Z   GET #show
2024-03-12T21:44:24.7070213Z     csv
2024-03-12T21:44:24.7769428Z       is expected to be successful
2024-03-12T21:44:24.7770188Z     html
2024-03-12T21:44:24.8652371Z       is expected to be successful
2024-03-12T21:44:24.8653029Z       when the partner is uninvited
2024-03-12T21:44:24.9458063Z         does not show the delete button
2024-03-12T21:44:25.0267725Z         does not include impact metrics
2024-03-12T21:44:25.0268897Z         when the partner has no users
2024-03-12T21:44:25.1183044Z           shows the delete button
2024-03-12T21:44:25.1183932Z       when the partner is invited
2024-03-12T21:44:25.2007811Z         includes impact metrics
2024-03-12T21:44:25.2008669Z   PUT #deactivate
2024-03-12T21:44:25.2009389Z     when the partner successfully deactivates
2024-03-12T21:44:25.2392776Z       changes the partner status to deactivated and redirects with flash
2024-03-12T21:44:25.2394088Z   POST #invite
2024-03-12T21:44:25.2706171Z     sends the invite
2024-03-12T21:44:25.2707440Z   POST #recertify_partner
2024-03-12T21:44:25.2708609Z     when the request for recertification from the partner was NOT successful
2024-03-12T21:44:25.3017030Z       should return back to the partners page with a success flash
2024-03-12T21:44:25.3018254Z     when the request for recertification from the partner was successful
2024-03-12T21:44:25.3324804Z       should return back to the partners page with a success flash
2024-03-12T21:44:25.3325864Z   POST #invite_and_approve
2024-03-12T21:44:25.3326546Z     when approval fails
2024-03-12T21:44:25.3954810Z       should redirect to the partners index page with a notice flash message
2024-03-12T21:44:25.3955929Z     when invitation succeeded and approval succeed
2024-03-12T21:44:25.4285820Z       sends invitation email and approve partner in single step
2024-03-12T21:44:25.4610134Z     when invitation failed
2024-03-12T21:44:25.4611350Z       should redirect to the partners index page with a notice flash message
2024-03-12T21:44:25.4612234Z   POST #update
2024-03-12T21:44:25.4612824Z     successful save
2024-03-12T21:44:25.4964382Z       redirects to #show
2024-03-12T21:44:25.5309362Z       update partner
2024-03-12T21:44:25.5310543Z     unsuccessful save due to empty params
2024-03-12T21:44:25.5873230Z       renders :edit
2024-03-12T21:44:25.5874568Z   POST #create
2024-03-12T21:44:25.5875787Z     when given invalid partner attributes in the params
2024-03-12T21:44:25.6265261Z       should display the error message
2024-03-12T21:44:25.6681798Z       should not create a new Partner record
2024-03-12T21:44:25.7087804Z       should not create a new Partners::Profile record
2024-03-12T21:44:25.7088817Z     when given valid partner attributes in the params
2024-03-12T21:44:25.7331669Z       should create a new Partner record
2024-03-12T21:44:25.7545520Z       redirect to the partners index page
2024-03-12T21:44:25.7776422Z       should create a new Partners::Profile record
2024-03-12T21:44:25.7778279Z 
2024-03-12T21:44:25.7778532Z Barcode Items Admin
2024-03-12T21:44:25.7779195Z   while signed in as a super admin
2024-03-12T21:44:25.7780000Z     user visits the new page
2024-03-12T21:44:26.5829101Z       creates a new global barcode item
2024-03-12T21:44:26.5829896Z     user visits the edit page
2024-03-12T21:44:27.3926373Z       updates the barcode item
2024-03-12T21:44:27.3927068Z     user visits the index page
2024-03-12T21:44:28.1547403Z       deletes a global barcode
2024-03-12T21:44:29.1408077Z       creates a new global barcode item
2024-03-12T21:44:29.6271349Z       shows the barcode item
2024-03-12T21:44:29.6272158Z     user visits the show page
2024-03-12T21:44:30.0860679Z       shows the barcode item
2024-03-12T21:44:30.0861742Z 
2024-03-12T21:44:30.0862301Z Audit management
2024-03-12T21:44:30.0863656Z   while signed in as an organization admin
2024-03-12T21:44:30.0864826Z     when viewing the audits index
2024-03-12T21:44:31.2249300Z       should be able to save progress of an audit
2024-03-12T21:44:32.3350304Z       should be able to confirm the audit from the #new page
2024-03-12T21:44:33.1645190Z       should be able to filter the #index by storage location
2024-03-12T21:44:33.1646192Z     when starting a new audit
2024-03-12T21:44:33.9375788Z       does not display quantities in line-item drop down selector
2024-03-12T21:44:33.9376858Z     with an existing audit
2024-03-12T21:44:34.8465911Z       should be able to confirm the audit from the #edit page
2024-03-12T21:44:35.6351660Z       should be able to delete the audit that is in progress
2024-03-12T21:44:36.4929483Z       should be able to resume the audit that is in progress
2024-03-12T21:44:36.4930629Z     with a confirmed audit
2024-03-12T21:44:37.3430945Z       is able to finalize the audit
2024-03-12T21:44:38.1580259Z       User can delete the audit that is confirmed
2024-03-12T21:44:38.6671843Z       should be able to edit the audit that is confirmed
2024-03-12T21:44:38.6672676Z       Finalizing an audit
2024-03-12T21:44:39.5090339Z         creates an adjustment with the differential
2024-03-12T21:44:40.5499693Z         is immutable
2024-03-12T21:44:41.3887734Z         should not be able to delete the audit that is finalized
2024-03-12T21:44:41.3888522Z         with a storage location containing multiple items
2024-03-12T21:44:42.4127873Z           creates an adjustment with the differential of only the audited item
2024-03-12T21:44:42.4129161Z   while signed in as a normal user
2024-03-12T21:44:43.0178576Z     should not be able to visit the audits #edit page
2024-03-12T21:44:43.6135213Z     should not be able to visit the audits #new page
2024-03-12T21:44:44.1962475Z     should not be able to visit the audits #show page
2024-03-12T21:44:44.8028444Z     should not be able to visit the audits #index page
2024-03-12T21:44:44.8029310Z 
2024-03-12T21:44:44.8029830Z Participant
2024-03-12T21:44:44.8031386Z   When a user views the index page
2024-03-12T21:44:45.3026967Z     alphabetizes the product drive participant names
2024-03-12T21:44:45.3027741Z     When the s have donations associated with them already
2024-03-12T21:44:46.1366491Z       shows existing  Participants in the #index with some summary stats
2024-03-12T21:44:46.9537422Z       allows single  Participants to show semi-detailed stats about donations from that product drive
2024-03-12T21:44:46.9539154Z   when creating new product drive participants
2024-03-12T21:44:47.6896191Z     does not allow a user to add a new product drive instance with empty attributes
2024-03-12T21:44:48.4873153Z     allows a user to create a new product drive instance
2024-03-12T21:44:48.4874240Z   when editing an existing product drive participant
2024-03-12T21:44:49.2987393Z     does not allow a user to update a product drive participant with empty attributes
2024-03-12T21:44:50.0766756Z     allows a user to update the contact info for a product drive participant
2024-03-12T21:44:50.1756185Z W, [2024-03-12T14:44:50.175302 #2586]  WARN -- : [knapsack_pro] POST https://api-disabled-for-fork.knapsackpro.com/v1/build_subsets
2024-03-12T21:44:50.1758116Z W, [2024-03-12T14:44:50.175373 #2586]  WARN -- : [knapsack_pro] Request failed due to:
2024-03-12T21:44:50.1760325Z W, [2024-03-12T14:44:50.175422 #2586]  WARN -- : [knapsack_pro] #<SocketError: Failed to open TCP connection to api-disabled-for-fork.knapsackpro.com:443 (getaddrinfo: Name or service not known)>
2024-03-12T21:44:50.1762626Z W, [2024-03-12T14:44:50.175464 #2586]  WARN -- : [knapsack_pro] Time execution report was not saved on Knapsack Pro API server due to connection problem.
2024-03-12T21:44:50.1763582Z 
2024-03-12T21:44:50.1763918Z Finished in 44.73 seconds (files took 8.3 seconds to load)
2024-03-12T21:44:50.1764528Z 159 examples, 0 failures
2024-03-12T21:44:50.1764828Z 
2024-03-12T21:44:50.1765061Z Randomized with seed 26217
2024-03-12T21:44:50.1765392Z 
2024-03-12T21:44:50.6545705Z Coverage report generated for RSpec to /home/runner/work/human-essentials/human-essentials/coverage. 3795 / 6478 LOC (58.58%) covered.
2024-03-12T21:44:51.1573935Z Coverage report generated for RSpec to /home/runner/work/human-essentials/human-essentials/coverage. 38 / 10780 LOC (0.35%) covered.
2024-03-12T21:44:51.1934711Z Post job cleanup.
2024-03-12T21:44:51.2953024Z [command]/usr/bin/git version
2024-03-12T21:44:51.3005803Z git version 2.43.2
2024-03-12T21:44:51.3047721Z Temporarily overriding HOME='/home/runner/work/_temp/0d60feeb-1fc8-4bc1-8a58-1f667b65fc9c' before making global git config changes
2024-03-12T21:44:51.3049340Z Adding repository directory to the temporary git global config as a safe directory
2024-03-12T21:44:51.3053642Z [command]/usr/bin/git config --global --add safe.directory /home/runner/work/human-essentials/human-essentials
2024-03-12T21:44:51.3095014Z [command]/usr/bin/git config --local --name-only --get-regexp core\.sshCommand
2024-03-12T21:44:51.3133857Z [command]/usr/bin/git submodule foreach --recursive sh -c "git config --local --name-only --get-regexp 'core\.sshCommand' && git config --local --unset-all 'core.sshCommand' || :"
2024-03-12T21:44:51.3377702Z [command]/usr/bin/git config --local --name-only --get-regexp http\.https\:\/\/github\.com\/\.extraheader
2024-03-12T21:44:51.3409569Z http.https://github.com/.extraheader
2024-03-12T21:44:51.3418665Z [command]/usr/bin/git config --local --unset-all http.https://github.com/.extraheader
2024-03-12T21:44:51.3457193Z [command]/usr/bin/git submodule foreach --recursive sh -c "git config --local --name-only --get-regexp 'http\.https\:\/\/github\.com\/\.extraheader' && git config --local --unset-all 'http.https://github.com/.extraheader' || :"
2024-03-12T21:44:51.3843364Z Print service container logs: c92809fb9a6c4ff2b1d2038bdaaa6f7f_postgres123_5e5351
2024-03-12T21:44:51.3848886Z ##[command]/usr/bin/docker logs --details fea481bce8b4b1f128ce5530a71db81fd60fe977c5bc7256a43b34873d215a6a
2024-03-12T21:44:51.3976463Z  initdb: warning: enabling "trust" authentication for local connections
2024-03-12T21:44:51.3978205Z  You can change this by editing pg_hba.conf or using the option -A, or
2024-03-12T21:44:51.3979569Z  --auth-local and --auth-host, the next time you run initdb.
2024-03-12T21:44:51.3981756Z  2024-03-12 21:42:34.354 UTC [1] LOG:  starting PostgreSQL 12.3 (Debian 12.3-1.pgdg100+1) on x86_64-pc-linux-gnu, compiled by gcc (Debian 8.3.0-6) 8.3.0, 64-bit
2024-03-12T21:44:51.3983673Z  The files belonging to this database system will be owned by user "postgres".
2024-03-12T21:44:51.3984971Z  2024-03-12 21:42:34.354 UTC [1] LOG:  listening on IPv4 address "0.0.0.0", port 5432
2024-03-12T21:44:51.3986492Z  2024-03-12 21:42:34.354 UTC [1] LOG:  listening on IPv6 address "::", port 5432
2024-03-12T21:44:51.3987864Z  2024-03-12 21:42:34.355 UTC [1] LOG:  listening on Unix socket "/var/run/postgresql/.s.PGSQL.5432"
2024-03-12T21:44:51.3989396Z  2024-03-12 21:42:34.367 UTC [56] LOG:  database system was shut down at 2024-03-12 21:42:34 UTC
2024-03-12T21:44:51.3991146Z  2024-03-12 21:42:34.372 UTC [1] LOG:  database system is ready to accept connections
2024-03-12T21:44:51.3992590Z  2024-03-12 21:42:43.561 UTC [70] FATAL:  role "root" does not exist
2024-03-12T21:44:51.3995698Z  2024-03-12 21:42:53.645 UTC [78] FATAL:  role "root" does not exist
2024-03-12T21:44:51.3996792Z  2024-03-12 21:43:03.740 UTC [86] FATAL:  role "root" does not exist
2024-03-12T21:44:51.3997768Z  2024-03-12 21:43:05.809 UTC [87] FATAL:  database "diaper_test" does not exist
2024-03-12T21:44:51.3999233Z  2024-03-12 21:43:12.807 UTC [89] ERROR:  relation "flipper_gates" does not exist at character 491
2024-03-12T21:44:51.4000556Z  2024-03-12 21:43:12.807 UTC [89] STATEMENT:  SELECT a.attname, format_type(a.atttypid, a.atttypmod),
2024-03-12T21:44:51.4002069Z  	       pg_get_expr(d.adbin, d.adrelid), a.attnotnull, a.atttypid, a.atttypmod,
2024-03-12T21:44:51.4003241Z  	       c.collname, col_description(a.attrelid, a.attnum) AS comment,
2024-03-12T21:44:51.4004306Z  	       attgenerated as attgenerated
2024-03-12T21:44:51.4005013Z  	  FROM pg_attribute a
2024-03-12T21:44:51.4005590Z  	  LEFT JOIN pg_attrdef d ON a.attrelid = d.adrelid AND a.attnum = d.adnum
2024-03-12T21:44:51.4006303Z  	  LEFT JOIN pg_type t ON a.atttypid = t.oid
2024-03-12T21:44:51.4006983Z  	  LEFT JOIN pg_collation c ON a.attcollation = c.oid AND a.attcollation <> t.typcollation
2024-03-12T21:44:51.4007752Z  	 WHERE a.attrelid = '"flipper_gates"'::regclass
2024-03-12T21:44:51.4008254Z  	   AND a.attnum > 0 AND NOT a.attisdropped
2024-03-12T21:44:51.4008784Z  	 ORDER BY a.attnum
2024-03-12T21:44:51.4009267Z  	
2024-03-12T21:44:51.4009695Z  2024-03-12 21:43:13.818 UTC [99] FATAL:  role "root" does not exist
2024-03-12T21:44:51.4010316Z  2024-03-12 21:43:23.896 UTC [108] FATAL:  role "root" does not exist
2024-03-12T21:44:51.4011044Z  2024-03-12 21:43:33.997 UTC [116] FATAL:  role "root" does not exist
2024-03-12T21:44:51.4011681Z  2024-03-12 21:43:44.080 UTC [126] FATAL:  role "root" does not exist
2024-03-12T21:44:51.4012335Z  2024-03-12 21:43:54.161 UTC [135] FATAL:  role "root" does not exist
2024-03-12T21:44:51.4013046Z  2024-03-12 21:44:04.249 UTC [145] FATAL:  role "root" does not exist
2024-03-12T21:44:51.4013674Z  2024-03-12 21:44:14.342 UTC [155] FATAL:  role "root" does not exist
2024-03-12T21:44:51.4014376Z  2024-03-12 21:44:24.429 UTC [163] FATAL:  role "root" does not exist
2024-03-12T21:44:51.4015001Z  2024-03-12 21:44:34.524 UTC [171] FATAL:  role "root" does not exist
2024-03-12T21:44:51.4015591Z  2024-03-12 21:44:44.623 UTC [181] FATAL:  role "root" does not exist
2024-03-12T21:44:51.4016228Z  This user must also own the server process.
2024-03-12T21:44:51.4016661Z  
2024-03-12T21:44:51.4017395Z  The database cluster will be initialized with locale "en_US.utf8".
2024-03-12T21:44:51.4018173Z  The default database encoding has accordingly been set to "UTF8".
2024-03-12T21:44:51.4018874Z  The default text search configuration will be set to "english".
2024-03-12T21:44:51.4019385Z  
2024-03-12T21:44:51.4019772Z  Data page checksums are disabled.
2024-03-12T21:44:51.4020360Z  
2024-03-12T21:44:51.4020787Z  fixing permissions on existing directory /var/lib/postgresql/data ... ok
2024-03-12T21:44:51.4021458Z  creating subdirectories ... ok
2024-03-12T21:44:51.4021952Z  selecting dynamic shared memory implementation ... posix
2024-03-12T21:44:51.4022543Z  selecting default max_connections ... 100
2024-03-12T21:44:51.4023035Z  selecting default shared_buffers ... 128MB
2024-03-12T21:44:51.4023497Z  selecting default time zone ... Etc/UTC
2024-03-12T21:44:51.4024123Z  creating configuration files ... ok
2024-03-12T21:44:51.4024522Z  running bootstrap script ... ok
2024-03-12T21:44:51.4024992Z  performing post-bootstrap initialization ... ok
2024-03-12T21:44:51.4025545Z  syncing data to disk ... ok
2024-03-12T21:44:51.4025912Z  
2024-03-12T21:44:51.4026208Z  
2024-03-12T21:44:51.4230756Z  Success. You can now start the database server using:
2024-03-12T21:44:51.4231386Z  
2024-03-12T21:44:51.4231833Z      pg_ctl -D /var/lib/postgresql/data -l logfile start
2024-03-12T21:44:51.4232430Z  
2024-03-12T21:44:51.4233721Z  waiting for server to start....2024-03-12 21:42:34.150 UTC [47] LOG:  starting PostgreSQL 12.3 (Debian 12.3-1.pgdg100+1) on x86_64-pc-linux-gnu, compiled by gcc (Debian 8.3.0-6) 8.3.0, 64-bit
2024-03-12T21:44:51.4235875Z  2024-03-12 21:42:34.151 UTC [47] LOG:  listening on Unix socket "/var/run/postgresql/.s.PGSQL.5432"
2024-03-12T21:44:51.4237206Z  2024-03-12 21:42:34.163 UTC [48] LOG:  database system was shut down at 2024-03-12 21:42:34 UTC
2024-03-12T21:44:51.4238355Z  2024-03-12 21:42:34.168 UTC [47] LOG:  database system is ready to accept connections
2024-03-12T21:44:51.4239184Z   done
2024-03-12T21:44:51.4239562Z  server started
2024-03-12T21:44:51.4239942Z  
2024-03-12T21:44:51.4240609Z  /usr/local/bin/docker-entrypoint.sh: ignoring /docker-entrypoint-initdb.d/*
2024-03-12T21:44:51.4241467Z  
2024-03-12T21:44:51.4242002Z  2024-03-12 21:42:34.243 UTC [47] LOG:  received fast shutdown request
2024-03-12T21:44:51.4243219Z  waiting for server to shut down....2024-03-12 21:42:34.244 UTC [47] LOG:  aborting any active transactions
2024-03-12T21:44:51.4244713Z  2024-03-12 21:42:34.246 UTC [47] LOG:  background worker "logical replication launcher" (PID 54) exited with exit code 1
2024-03-12T21:44:51.4245928Z  2024-03-12 21:42:34.246 UTC [49] LOG:  shutting down
2024-03-12T21:44:51.4246808Z  2024-03-12 21:42:34.253 UTC [47] LOG:  database system is shut down
2024-03-12T21:44:51.4247558Z   done
2024-03-12T21:44:51.4247939Z  server stopped
2024-03-12T21:44:51.4248334Z  
2024-03-12T21:44:51.4248828Z  PostgreSQL init process complete; ready for start up.
2024-03-12T21:44:51.4249519Z  
2024-03-12T21:44:51.4257595Z Stop and remove container: c92809fb9a6c4ff2b1d2038bdaaa6f7f_postgres123_5e5351
2024-03-12T21:44:51.4264927Z ##[command]/usr/bin/docker rm --force fea481bce8b4b1f128ce5530a71db81fd60fe977c5bc7256a43b34873d215a6a
2024-03-12T21:44:51.6453477Z fea481bce8b4b1f128ce5530a71db81fd60fe977c5bc7256a43b34873d215a6a
2024-03-12T21:44:51.6481743Z Remove container network: github_network_46d7935eec5a4b02bf46b4241b3ac651
2024-03-12T21:44:51.6487038Z ##[command]/usr/bin/docker network rm github_network_46d7935eec5a4b02bf46b4241b3ac651
2024-03-12T21:44:51.9092083Z github_network_46d7935eec5a4b02bf46b4241b3ac651
2024-03-12T21:44:51.9270780Z Cleaning up orphan processes
