2024-02-20T21:39:53.9205765Z Requested labels: ubuntu-latest
2024-02-20T21:39:53.9206188Z Job defined at: rubyforgood/human-essentials/.github/workflows/rspec-system-events.yml@refs/pull/4124/merge
2024-02-20T21:39:53.9206365Z Waiting for a runner to pick up this job...
2024-02-20T21:40:11.4657461Z Job is waiting for a hosted runner to come online.
2024-02-20T21:40:14.0861021Z Job is about to start running on the hosted runner: GitHub Actions 5 (hosted)
2024-02-20T21:40:16.1246539Z Current runner version: '2.313.0'
2024-02-20T21:40:16.1271036Z ##[group]Operating System
2024-02-20T21:40:16.1271691Z Ubuntu
2024-02-20T21:40:16.1272150Z 22.04.3
2024-02-20T21:40:16.1272460Z LTS
2024-02-20T21:40:16.1272791Z ##[endgroup]
2024-02-20T21:40:16.1273228Z ##[group]Runner Image
2024-02-20T21:40:16.1273632Z Image: ubuntu-22.04
2024-02-20T21:40:16.1274016Z Version: 20240212.1.0
2024-02-20T21:40:16.1275099Z Included Software: https://github.com/actions/runner-images/blob/ubuntu22/20240212.1/images/ubuntu/Ubuntu2204-Readme.md
2024-02-20T21:40:16.1276486Z Image Release: https://github.com/actions/runner-images/releases/tag/ubuntu22%2F20240212.1
2024-02-20T21:40:16.1277331Z ##[endgroup]
2024-02-20T21:40:16.1277797Z ##[group]Runner Image Provisioner
2024-02-20T21:40:16.1278257Z 2.0.341.1
2024-02-20T21:40:16.1278580Z ##[endgroup]
2024-02-20T21:40:16.1280718Z ##[group]GITHUB_TOKEN Permissions
2024-02-20T21:40:16.1282334Z Actions: read
2024-02-20T21:40:16.1282882Z Checks: read
2024-02-20T21:40:16.1283408Z Contents: read
2024-02-20T21:40:16.1283982Z Deployments: read
2024-02-20T21:40:16.1284385Z Discussions: read
2024-02-20T21:40:16.1285096Z Issues: read
2024-02-20T21:40:16.1285582Z Metadata: read
2024-02-20T21:40:16.1285951Z Packages: read
2024-02-20T21:40:16.1286335Z Pages: read
2024-02-20T21:40:16.1286757Z PullRequests: read
2024-02-20T21:40:16.1287130Z RepositoryProjects: read
2024-02-20T21:40:16.1287585Z SecurityEvents: read
2024-02-20T21:40:16.1288059Z Statuses: read
2024-02-20T21:40:16.1288394Z ##[endgroup]
2024-02-20T21:40:16.1291615Z Secret source: Dependabot
2024-02-20T21:40:16.1292351Z Prepare workflow directory
2024-02-20T21:40:16.2174177Z Prepare all required actions
2024-02-20T21:40:16.2340803Z Getting action download info
2024-02-20T21:40:16.3896007Z Download action repository 'actions/checkout@v2' (SHA:ee0669bd1cc54295c223e0bb666b733df41de1c5)
2024-02-20T21:40:16.5150135Z Download action repository 'ruby/setup-ruby@v1' (SHA:22fdc77bf4148f810455b226c90fb81b5cbc00a7)
2024-02-20T21:40:16.7226251Z Download action repository 'actions/upload-artifact@v2' (SHA:82c141cc518b40d92cc801eee768e7aafc9c2fa2)
2024-02-20T21:40:16.8729373Z Complete job name: rspec-system-events (6, 5)
2024-02-20T21:40:16.9388881Z ##[group]Checking docker version
2024-02-20T21:40:16.9403026Z ##[command]/usr/bin/docker version --format '{{.Server.APIVersion}}'
2024-02-20T21:40:17.0141077Z '1.43'
2024-02-20T21:40:17.0153488Z Docker daemon API version: '1.43'
2024-02-20T21:40:17.0154421Z ##[command]/usr/bin/docker version --format '{{.Client.APIVersion}}'
2024-02-20T21:40:17.0327443Z '1.43'
2024-02-20T21:40:17.0349981Z Docker client API version: '1.43'
2024-02-20T21:40:17.0355391Z ##[endgroup]
2024-02-20T21:40:17.0358378Z ##[group]Clean up resources from previous jobs
2024-02-20T21:40:17.0365104Z ##[command]/usr/bin/docker ps --all --quiet --no-trunc --filter "label=130c56"
2024-02-20T21:40:17.0510391Z ##[command]/usr/bin/docker network prune --force --filter "label=130c56"
2024-02-20T21:40:17.0669215Z ##[endgroup]
2024-02-20T21:40:17.0669737Z ##[group]Create local container network
2024-02-20T21:40:17.0679866Z ##[command]/usr/bin/docker network create --label 130c56 github_network_6b3c01c5767b4d3585247cf740eaa568
2024-02-20T21:40:17.1367992Z 2b5101833b59a569390de0b4f893cefd60cf68cc162380eeaef66de640658050
2024-02-20T21:40:17.1388577Z ##[endgroup]
2024-02-20T21:40:17.1466378Z ##[group]Starting db service container
2024-02-20T21:40:17.1483751Z ##[command]/usr/bin/docker pull postgres:12.3
2024-02-20T21:40:17.3919384Z 12.3: Pulling from library/postgres
2024-02-20T21:40:17.4601884Z bf5952930446: Pulling fs layer
2024-02-20T21:40:17.4602847Z 9577476abb00: Pulling fs layer
2024-02-20T21:40:17.4603842Z 2bd105512d5c: Pulling fs layer
2024-02-20T21:40:17.4605024Z b1cd21c26e81: Pulling fs layer
2024-02-20T21:40:17.4605733Z 34a7c86cf8fc: Pulling fs layer
2024-02-20T21:40:17.4606483Z 274e7b0c38d5: Pulling fs layer
2024-02-20T21:40:17.4607153Z 3e831b350d37: Pulling fs layer
2024-02-20T21:40:17.4607740Z 38fa0d496534: Pulling fs layer
2024-02-20T21:40:17.4608949Z 31a8349609a4: Pulling fs layer
2024-02-20T21:40:17.4609652Z 14e4c2a4b7b7: Pulling fs layer
2024-02-20T21:40:17.4610240Z 964acfa02beb: Pulling fs layer
2024-02-20T21:40:17.4610980Z 31b1f20dffc0: Pulling fs layer
2024-02-20T21:40:17.4611423Z 14771c2930e9: Pulling fs layer
2024-02-20T21:40:17.4611783Z 2f30edd0ce8a: Pulling fs layer
2024-02-20T21:40:17.4612289Z 34a7c86cf8fc: Waiting
2024-02-20T21:40:17.4612602Z 31a8349609a4: Waiting
2024-02-20T21:40:17.4612965Z 274e7b0c38d5: Waiting
2024-02-20T21:40:17.4613377Z 14e4c2a4b7b7: Waiting
2024-02-20T21:40:17.4613711Z 3e831b350d37: Waiting
2024-02-20T21:40:17.4614004Z 964acfa02beb: Waiting
2024-02-20T21:40:17.4614404Z 38fa0d496534: Waiting
2024-02-20T21:40:17.4614746Z 31b1f20dffc0: Waiting
2024-02-20T21:40:17.4615067Z 14771c2930e9: Waiting
2024-02-20T21:40:17.4615514Z 2f30edd0ce8a: Waiting
2024-02-20T21:40:17.4615825Z b1cd21c26e81: Waiting
2024-02-20T21:40:17.5195561Z 2bd105512d5c: Download complete
2024-02-20T21:40:17.5535344Z 9577476abb00: Download complete
2024-02-20T21:40:17.6760236Z b1cd21c26e81: Verifying Checksum
2024-02-20T21:40:17.6763143Z b1cd21c26e81: Download complete
2024-02-20T21:40:17.7551399Z 274e7b0c38d5: Download complete
2024-02-20T21:40:17.8158813Z 3e831b350d37: Verifying Checksum
2024-02-20T21:40:17.8160724Z 3e831b350d37: Download complete
2024-02-20T21:40:17.8185238Z bf5952930446: Verifying Checksum
2024-02-20T21:40:17.8188173Z bf5952930446: Download complete
2024-02-20T21:40:17.8455578Z 34a7c86cf8fc: Verifying Checksum
2024-02-20T21:40:17.8456438Z 34a7c86cf8fc: Download complete
2024-02-20T21:40:17.8867334Z 38fa0d496534: Verifying Checksum
2024-02-20T21:40:17.8869844Z 38fa0d496534: Download complete
2024-02-20T21:40:17.8979631Z 14e4c2a4b7b7: Verifying Checksum
2024-02-20T21:40:17.8980409Z 14e4c2a4b7b7: Download complete
2024-02-20T21:40:17.9462492Z 964acfa02beb: Verifying Checksum
2024-02-20T21:40:17.9464744Z 964acfa02beb: Download complete
2024-02-20T21:40:17.9598029Z 31b1f20dffc0: Verifying Checksum
2024-02-20T21:40:17.9599289Z 31b1f20dffc0: Download complete
2024-02-20T21:40:18.0143718Z 14771c2930e9: Verifying Checksum
2024-02-20T21:40:18.0146896Z 14771c2930e9: Download complete
2024-02-20T21:40:18.0245793Z 2f30edd0ce8a: Verifying Checksum
2024-02-20T21:40:18.0246880Z 2f30edd0ce8a: Download complete
2024-02-20T21:40:18.5233671Z 31a8349609a4: Verifying Checksum
2024-02-20T21:40:18.5234501Z 31a8349609a4: Download complete
2024-02-20T21:40:19.0180315Z bf5952930446: Pull complete
2024-02-20T21:40:20.2654187Z 9577476abb00: Pull complete
2024-02-20T21:40:20.2833556Z 2bd105512d5c: Pull complete
2024-02-20T21:40:20.3638795Z b1cd21c26e81: Pull complete
2024-02-20T21:40:20.9433824Z 34a7c86cf8fc: Pull complete
2024-02-20T21:40:20.9986639Z 274e7b0c38d5: Pull complete
2024-02-20T21:40:21.0072782Z 3e831b350d37: Pull complete
2024-02-20T21:40:21.0194051Z 38fa0d496534: Pull complete
2024-02-20T21:40:23.3245500Z 31a8349609a4: Pull complete
2024-02-20T21:40:23.3379622Z 14e4c2a4b7b7: Pull complete
2024-02-20T21:40:23.3479170Z 964acfa02beb: Pull complete
2024-02-20T21:40:23.3581948Z 31b1f20dffc0: Pull complete
2024-02-20T21:40:23.3684238Z 14771c2930e9: Pull complete
2024-02-20T21:40:23.3919223Z 2f30edd0ce8a: Pull complete
2024-02-20T21:40:23.3961038Z Digest: sha256:a06e6e6e519b7a329c419f8221edec66cfc45511e8b80e262c12103ba745cf19
2024-02-20T21:40:23.3976310Z Status: Downloaded newer image for postgres:12.3
2024-02-20T21:40:23.3986231Z docker.io/library/postgres:12.3
2024-02-20T21:40:23.4088100Z ##[command]/usr/bin/docker create --name 3f6ee939a5124063858d43e843fa0253_postgres123_a3b2fa --label 130c56 --network github_network_6b3c01c5767b4d3585247cf740eaa568 --network-alias db -p 5432:5432 --health-cmd pg_isready --health-interval 10s --health-timeout 5s --health-retries 5 -e "POSTGRES_PASSWORD=password" -e GITHUB_ACTIONS=true -e CI=true postgres:12.3
2024-02-20T21:40:23.4343196Z ae10cbd309f1354f958991847e52a7862fb9c2c3eed3507b2c876737bd45f6d2
2024-02-20T21:40:23.4367157Z ##[command]/usr/bin/docker start ae10cbd309f1354f958991847e52a7862fb9c2c3eed3507b2c876737bd45f6d2
2024-02-20T21:40:23.7294581Z ae10cbd309f1354f958991847e52a7862fb9c2c3eed3507b2c876737bd45f6d2
2024-02-20T21:40:23.7321061Z ##[command]/usr/bin/docker ps --all --filter id=ae10cbd309f1354f958991847e52a7862fb9c2c3eed3507b2c876737bd45f6d2 --filter status=running --no-trunc --format "{{.ID}} {{.Status}}"
2024-02-20T21:40:23.7460350Z ae10cbd309f1354f958991847e52a7862fb9c2c3eed3507b2c876737bd45f6d2 Up Less than a second (health: starting)
2024-02-20T21:40:23.7481424Z ##[command]/usr/bin/docker port ae10cbd309f1354f958991847e52a7862fb9c2c3eed3507b2c876737bd45f6d2
2024-02-20T21:40:23.7627550Z 5432/tcp -> 0.0.0.0:5432
2024-02-20T21:40:23.7628544Z 5432/tcp -> [::]:5432
2024-02-20T21:40:23.7708191Z ##[endgroup]
2024-02-20T21:40:23.7734698Z ##[group]Waiting for all services to be ready
2024-02-20T21:40:23.7775377Z ##[command]/usr/bin/docker inspect --format="{{if .Config.Healthcheck}}{{print .State.Health.Status}}{{end}}" ae10cbd309f1354f958991847e52a7862fb9c2c3eed3507b2c876737bd45f6d2
2024-02-20T21:40:23.7908965Z starting
2024-02-20T21:40:23.7934456Z db service is starting, waiting 2 seconds before checking again.
2024-02-20T21:40:25.7909829Z ##[command]/usr/bin/docker inspect --format="{{if .Config.Healthcheck}}{{print .State.Health.Status}}{{end}}" ae10cbd309f1354f958991847e52a7862fb9c2c3eed3507b2c876737bd45f6d2
2024-02-20T21:40:25.8034496Z starting
2024-02-20T21:40:25.8047667Z db service is starting, waiting 3 seconds before checking again.
2024-02-20T21:40:29.4378912Z ##[command]/usr/bin/docker inspect --format="{{if .Config.Healthcheck}}{{print .State.Health.Status}}{{end}}" ae10cbd309f1354f958991847e52a7862fb9c2c3eed3507b2c876737bd45f6d2
2024-02-20T21:40:29.4513526Z starting
2024-02-20T21:40:29.4526371Z db service is starting, waiting 7 seconds before checking again.
2024-02-20T21:40:36.5698635Z ##[command]/usr/bin/docker inspect --format="{{if .Config.Healthcheck}}{{print .State.Health.Status}}{{end}}" ae10cbd309f1354f958991847e52a7862fb9c2c3eed3507b2c876737bd45f6d2
2024-02-20T21:40:36.5827468Z healthy
2024-02-20T21:40:36.5844098Z db service is healthy.
2024-02-20T21:40:36.5844903Z ##[endgroup]
2024-02-20T21:40:36.6216630Z ##[group]Run actions/checkout@v2
2024-02-20T21:40:36.6217059Z with:
2024-02-20T21:40:36.6217453Z   repository: rubyforgood/human-essentials
2024-02-20T21:40:36.6218192Z   token: ***
2024-02-20T21:40:36.6218492Z   ssh-strict: true
2024-02-20T21:40:36.6218842Z   persist-credentials: true
2024-02-20T21:40:36.6219300Z   clean: true
2024-02-20T21:40:36.6219588Z   fetch-depth: 1
2024-02-20T21:40:36.6219910Z   lfs: false
2024-02-20T21:40:36.6220296Z   submodules: false
2024-02-20T21:40:36.6220612Z   set-safe-directory: true
2024-02-20T21:40:36.6220973Z ##[endgroup]
2024-02-20T21:40:36.8086365Z Syncing repository: rubyforgood/human-essentials
2024-02-20T21:40:36.8088294Z ##[group]Getting Git version info
2024-02-20T21:40:36.8089189Z Working directory is '/home/runner/work/human-essentials/human-essentials'
2024-02-20T21:40:36.8090094Z [command]/usr/bin/git version
2024-02-20T21:40:36.8090598Z git version 2.43.0
2024-02-20T21:40:36.8112626Z ##[endgroup]
2024-02-20T21:40:36.8132345Z Temporarily overriding HOME='/home/runner/work/_temp/62468e4b-d40d-4395-a04a-3ff228a4d0cc' before making global git config changes
2024-02-20T21:40:36.8134401Z Adding repository directory to the temporary git global config as a safe directory
2024-02-20T21:40:36.8138250Z [command]/usr/bin/git config --global --add safe.directory /home/runner/work/human-essentials/human-essentials
2024-02-20T21:40:36.8187013Z Deleting the contents of '/home/runner/work/human-essentials/human-essentials'
2024-02-20T21:40:36.8192668Z ##[group]Initializing the repository
2024-02-20T21:40:36.8196681Z [command]/usr/bin/git init /home/runner/work/human-essentials/human-essentials
2024-02-20T21:40:36.8274193Z hint: Using 'master' as the name for the initial branch. This default branch name
2024-02-20T21:40:36.8275548Z hint: is subject to change. To configure the initial branch name to use in all
2024-02-20T21:40:36.8277824Z hint: of your new repositories, which will suppress this warning, call:
2024-02-20T21:40:36.8279297Z hint: 
2024-02-20T21:40:36.8280939Z hint: 	git config --global init.defaultBranch <name>
2024-02-20T21:40:36.8285304Z hint: 
2024-02-20T21:40:36.8287840Z hint: Names commonly chosen instead of 'master' are 'main', 'trunk' and
2024-02-20T21:40:36.8289195Z hint: 'development'. The just-created branch can be renamed via this command:
2024-02-20T21:40:36.8290029Z hint: 
2024-02-20T21:40:36.8290394Z hint: 	git branch -m <name>
2024-02-20T21:40:36.8291237Z Initialized empty Git repository in /home/runner/work/human-essentials/human-essentials/.git/
2024-02-20T21:40:36.8296247Z [command]/usr/bin/git remote add origin https://github.com/rubyforgood/human-essentials
2024-02-20T21:40:36.8341604Z ##[endgroup]
2024-02-20T21:40:36.8342636Z ##[group]Disabling automatic garbage collection
2024-02-20T21:40:36.8345842Z [command]/usr/bin/git config --local gc.auto 0
2024-02-20T21:40:36.8385735Z ##[endgroup]
2024-02-20T21:40:36.8386740Z ##[group]Setting up auth
2024-02-20T21:40:36.8393314Z [command]/usr/bin/git config --local --name-only --get-regexp core\.sshCommand
2024-02-20T21:40:36.8434007Z [command]/usr/bin/git submodule foreach --recursive sh -c "git config --local --name-only --get-regexp 'core\.sshCommand' && git config --local --unset-all 'core.sshCommand' || :"
2024-02-20T21:40:36.8745043Z [command]/usr/bin/git config --local --name-only --get-regexp http\.https\:\/\/github\.com\/\.extraheader
2024-02-20T21:40:36.8784546Z [command]/usr/bin/git submodule foreach --recursive sh -c "git config --local --name-only --get-regexp 'http\.https\:\/\/github\.com\/\.extraheader' && git config --local --unset-all 'http.https://github.com/.extraheader' || :"
2024-02-20T21:40:36.9032125Z [command]/usr/bin/git config --local http.https://github.com/.extraheader AUTHORIZATION: basic ***
2024-02-20T21:40:36.9100778Z ##[endgroup]
2024-02-20T21:40:36.9102103Z ##[group]Fetching the repository
2024-02-20T21:40:36.9110917Z [command]/usr/bin/git -c protocol.version=2 fetch --no-tags --prune --progress --no-recurse-submodules --depth=1 origin +f66e36f9a0a4e35e634e63b9ee9e2ea1efe32df4:refs/remotes/pull/4124/merge
2024-02-20T21:40:37.2955742Z remote: Enumerating objects: 1738, done.        
2024-02-20T21:40:37.2956816Z remote: Counting objects:   0% (1/1738)        
2024-02-20T21:40:37.2957572Z remote: Counting objects:   1% (18/1738)        
2024-02-20T21:40:37.2958390Z remote: Counting objects:   2% (35/1738)        
2024-02-20T21:40:37.2959273Z remote: Counting objects:   3% (53/1738)        
2024-02-20T21:40:37.2960008Z remote: Counting objects:   4% (70/1738)        
2024-02-20T21:40:37.2960947Z remote: Counting objects:   5% (87/1738)        
2024-02-20T21:40:37.2961841Z remote: Counting objects:   6% (105/1738)        
2024-02-20T21:40:37.2962681Z remote: Counting objects:   7% (122/1738)        
2024-02-20T21:40:37.2963471Z remote: Counting objects:   8% (140/1738)        
2024-02-20T21:40:37.2964388Z remote: Counting objects:   9% (157/1738)        
2024-02-20T21:40:37.2965385Z remote: Counting objects:  10% (174/1738)        
2024-02-20T21:40:37.2967804Z remote: Counting objects:  11% (192/1738)        
2024-02-20T21:40:37.2968826Z remote: Counting objects:  12% (209/1738)        
2024-02-20T21:40:37.2969644Z remote: Counting objects:  13% (226/1738)        
2024-02-20T21:40:37.2970376Z remote: Counting objects:  14% (244/1738)        
2024-02-20T21:40:37.2971265Z remote: Counting objects:  15% (261/1738)        
2024-02-20T21:40:37.2972100Z remote: Counting objects:  16% (279/1738)        
2024-02-20T21:40:37.2975659Z remote: Counting objects:  17% (296/1738)        
2024-02-20T21:40:37.2976672Z remote: Counting objects:  18% (313/1738)        
2024-02-20T21:40:37.2977655Z remote: Counting objects:  19% (331/1738)        
2024-02-20T21:40:37.2979399Z remote: Counting objects:  20% (348/1738)        
2024-02-20T21:40:37.2984265Z remote: Counting objects:  21% (365/1738)        
2024-02-20T21:40:37.2984925Z remote: Counting objects:  22% (383/1738)        
2024-02-20T21:40:37.2985462Z remote: Counting objects:  23% (400/1738)        
2024-02-20T21:40:37.2986462Z remote: Counting objects:  24% (418/1738)        
2024-02-20T21:40:37.2987083Z remote: Counting objects:  25% (435/1738)        
2024-02-20T21:40:37.2987565Z remote: Counting objects:  26% (452/1738)        
2024-02-20T21:40:37.2988004Z remote: Counting objects:  27% (470/1738)        
2024-02-20T21:40:37.2988559Z remote: Counting objects:  28% (487/1738)        
2024-02-20T21:40:37.2989028Z remote: Counting objects:  29% (505/1738)        
2024-02-20T21:40:37.2989461Z remote: Counting objects:  30% (522/1738)        
2024-02-20T21:40:37.2990020Z remote: Counting objects:  31% (539/1738)        
2024-02-20T21:40:37.2990498Z remote: Counting objects:  32% (557/1738)        
2024-02-20T21:40:37.2990945Z remote: Counting objects:  33% (574/1738)        
2024-02-20T21:40:37.2991508Z remote: Counting objects:  34% (591/1738)        
2024-02-20T21:40:37.2991986Z remote: Counting objects:  35% (609/1738)        
2024-02-20T21:40:37.2992439Z remote: Counting objects:  36% (626/1738)        
2024-02-20T21:40:37.2992996Z remote: Counting objects:  37% (644/1738)        
2024-02-20T21:40:37.2993467Z remote: Counting objects:  38% (661/1738)        
2024-02-20T21:40:37.2993915Z remote: Counting objects:  39% (678/1738)        
2024-02-20T21:40:37.2994444Z remote: Counting objects:  40% (696/1738)        
2024-02-20T21:40:37.2994924Z remote: Counting objects:  41% (713/1738)        
2024-02-20T21:40:37.2995410Z remote: Counting objects:  42% (730/1738)        
2024-02-20T21:40:37.2995903Z remote: Counting objects:  43% (748/1738)        
2024-02-20T21:40:37.2996374Z remote: Counting objects:  44% (765/1738)        
2024-02-20T21:40:37.2996855Z remote: Counting objects:  45% (783/1738)        
2024-02-20T21:40:37.2997355Z remote: Counting objects:  46% (800/1738)        
2024-02-20T21:40:37.2998012Z remote: Counting objects:  47% (817/1738)        
2024-02-20T21:40:37.2998635Z remote: Counting objects:  48% (835/1738)        
2024-02-20T21:40:37.2999189Z remote: Counting objects:  49% (852/1738)        
2024-02-20T21:40:37.2999888Z remote: Counting objects:  50% (869/1738)        
2024-02-20T21:40:37.3000545Z remote: Counting objects:  51% (887/1738)        
2024-02-20T21:40:37.3001089Z remote: Counting objects:  52% (904/1738)        
2024-02-20T21:40:37.3001545Z remote: Counting objects:  53% (922/1738)        
2024-02-20T21:40:37.3002022Z remote: Counting objects:  54% (939/1738)        
2024-02-20T21:40:37.3002570Z remote: Counting objects:  55% (956/1738)        
2024-02-20T21:40:37.3003007Z remote: Counting objects:  56% (974/1738)        
2024-02-20T21:40:37.3003481Z remote: Counting objects:  57% (991/1738)        
2024-02-20T21:40:37.3004057Z remote: Counting objects:  58% (1009/1738)        
2024-02-20T21:40:37.3004750Z remote: Counting objects:  59% (1026/1738)        
2024-02-20T21:40:37.3005292Z remote: Counting objects:  60% (1043/1738)        
2024-02-20T21:40:37.3005967Z remote: Counting objects:  61% (1061/1738)        
2024-02-20T21:40:37.3006827Z remote: Counting objects:  62% (1078/1738)        
2024-02-20T21:40:37.3007331Z remote: Counting objects:  63% (1095/1738)        
2024-02-20T21:40:37.3007940Z remote: Counting objects:  64% (1113/1738)        
2024-02-20T21:40:37.3008427Z remote: Counting objects:  65% (1130/1738)        
2024-02-20T21:40:37.3008883Z remote: Counting objects:  66% (1148/1738)        
2024-02-20T21:40:37.3009443Z remote: Counting objects:  67% (1165/1738)        
2024-02-20T21:40:37.3009923Z remote: Counting objects:  68% (1182/1738)        
2024-02-20T21:40:37.3010373Z remote: Counting objects:  69% (1200/1738)        
2024-02-20T21:40:37.3010941Z remote: Counting objects:  70% (1217/1738)        
2024-02-20T21:40:37.3011434Z remote: Counting objects:  71% (1234/1738)        
2024-02-20T21:40:37.3011896Z remote: Counting objects:  72% (1252/1738)        
2024-02-20T21:40:37.3012441Z remote: Counting objects:  73% (1269/1738)        
2024-02-20T21:40:37.3012918Z remote: Counting objects:  74% (1287/1738)        
2024-02-20T21:40:37.3013590Z remote: Counting objects:  75% (1304/1738)        
2024-02-20T21:40:37.3014107Z remote: Counting objects:  76% (1321/1738)        
2024-02-20T21:40:37.3014602Z remote: Counting objects:  77% (1339/1738)        
2024-02-20T21:40:37.3015226Z remote: Counting objects:  78% (1356/1738)        
2024-02-20T21:40:37.3015876Z remote: Counting objects:  79% (1374/1738)        
2024-02-20T21:40:37.3016376Z remote: Counting objects:  80% (1391/1738)        
2024-02-20T21:40:37.3016850Z remote: Counting objects:  81% (1408/1738)        
2024-02-20T21:40:37.3017373Z remote: Counting objects:  82% (1426/1738)        
2024-02-20T21:40:37.3017869Z remote: Counting objects:  83% (1443/1738)        
2024-02-20T21:40:37.3018344Z remote: Counting objects:  84% (1460/1738)        
2024-02-20T21:40:37.3018848Z remote: Counting objects:  85% (1478/1738)        
2024-02-20T21:40:37.3019346Z remote: Counting objects:  86% (1495/1738)        
2024-02-20T21:40:37.3019829Z remote: Counting objects:  87% (1513/1738)        
2024-02-20T21:40:37.3020345Z remote: Counting objects:  88% (1530/1738)        
2024-02-20T21:40:37.3020837Z remote: Counting objects:  89% (1547/1738)        
2024-02-20T21:40:37.3021312Z remote: Counting objects:  90% (1565/1738)        
2024-02-20T21:40:37.3021817Z remote: Counting objects:  91% (1582/1738)        
2024-02-20T21:40:37.3022314Z remote: Counting objects:  92% (1599/1738)        
2024-02-20T21:40:37.3022792Z remote: Counting objects:  93% (1617/1738)        
2024-02-20T21:40:37.3023371Z remote: Counting objects:  94% (1634/1738)        
2024-02-20T21:40:37.3023813Z remote: Counting objects:  95% (1652/1738)        
2024-02-20T21:40:37.3024501Z remote: Counting objects:  96% (1669/1738)        
2024-02-20T21:40:37.3025087Z remote: Counting objects:  97% (1686/1738)        
2024-02-20T21:40:37.3025533Z remote: Counting objects:  98% (1704/1738)        
2024-02-20T21:40:37.3026007Z remote: Counting objects:  99% (1721/1738)        
2024-02-20T21:40:37.3026558Z remote: Counting objects: 100% (1738/1738)        
2024-02-20T21:40:37.3027199Z remote: Counting objects: 100% (1738/1738), done.        
2024-02-20T21:40:37.3027765Z remote: Compressing objects:   0% (1/1555)        
2024-02-20T21:40:37.3028331Z remote: Compressing objects:   1% (16/1555)        
2024-02-20T21:40:37.3028805Z remote: Compressing objects:   2% (32/1555)        
2024-02-20T21:40:37.3029343Z remote: Compressing objects:   3% (47/1555)        
2024-02-20T21:40:37.3029900Z remote: Compressing objects:   4% (63/1555)        
2024-02-20T21:40:37.3030363Z remote: Compressing objects:   5% (78/1555)        
2024-02-20T21:40:37.3030880Z remote: Compressing objects:   6% (94/1555)        
2024-02-20T21:40:37.3031444Z remote: Compressing objects:   7% (109/1555)        
2024-02-20T21:40:37.3031926Z remote: Compressing objects:   8% (125/1555)        
2024-02-20T21:40:37.3108978Z remote: Compressing objects:   9% (140/1555)        
2024-02-20T21:40:37.3115514Z remote: Compressing objects:  10% (156/1555)        
2024-02-20T21:40:37.3116090Z remote: Compressing objects:  11% (172/1555)        
2024-02-20T21:40:37.3122413Z remote: Compressing objects:  12% (187/1555)        
2024-02-20T21:40:37.3147858Z remote: Compressing objects:  13% (203/1555)        
2024-02-20T21:40:37.3157973Z remote: Compressing objects:  14% (218/1555)        
2024-02-20T21:40:37.3168849Z remote: Compressing objects:  15% (234/1555)        
2024-02-20T21:40:37.3169543Z remote: Compressing objects:  16% (249/1555)        
2024-02-20T21:40:37.3172904Z remote: Compressing objects:  17% (265/1555)        
2024-02-20T21:40:37.3173564Z remote: Compressing objects:  18% (280/1555)        
2024-02-20T21:40:37.3192220Z remote: Compressing objects:  19% (296/1555)        
2024-02-20T21:40:37.3221156Z remote: Compressing objects:  20% (311/1555)        
2024-02-20T21:40:37.3259500Z remote: Compressing objects:  21% (327/1555)        
2024-02-20T21:40:37.3274537Z remote: Compressing objects:  22% (343/1555)        
2024-02-20T21:40:37.3285051Z remote: Compressing objects:  23% (358/1555)        
2024-02-20T21:40:37.3297733Z remote: Compressing objects:  24% (374/1555)        
2024-02-20T21:40:37.3310504Z remote: Compressing objects:  25% (389/1555)        
2024-02-20T21:40:37.3329103Z remote: Compressing objects:  26% (405/1555)        
2024-02-20T21:40:37.3330210Z remote: Compressing objects:  27% (420/1555)        
2024-02-20T21:40:37.3340721Z remote: Compressing objects:  28% (436/1555)        
2024-02-20T21:40:37.3346214Z remote: Compressing objects:  29% (451/1555)        
2024-02-20T21:40:37.3354624Z remote: Compressing objects:  30% (467/1555)        
2024-02-20T21:40:37.3378736Z remote: Compressing objects:  31% (483/1555)        
2024-02-20T21:40:37.3387724Z remote: Compressing objects:  32% (498/1555)        
2024-02-20T21:40:37.3392154Z remote: Compressing objects:  33% (514/1555)        
2024-02-20T21:40:37.3403210Z remote: Compressing objects:  34% (529/1555)        
2024-02-20T21:40:37.3405885Z remote: Compressing objects:  35% (545/1555)        
2024-02-20T21:40:37.3442119Z remote: Compressing objects:  36% (560/1555)        
2024-02-20T21:40:37.3443499Z remote: Compressing objects:  37% (576/1555)        
2024-02-20T21:40:37.3444770Z remote: Compressing objects:  38% (591/1555)        
2024-02-20T21:40:37.3445905Z remote: Compressing objects:  39% (607/1555)        
2024-02-20T21:40:37.3446878Z remote: Compressing objects:  40% (622/1555)        
2024-02-20T21:40:37.3447464Z remote: Compressing objects:  41% (638/1555)        
2024-02-20T21:40:37.3448088Z remote: Compressing objects:  42% (654/1555)        
2024-02-20T21:40:37.3448767Z remote: Compressing objects:  43% (669/1555)        
2024-02-20T21:40:37.3449355Z remote: Compressing objects:  44% (685/1555)        
2024-02-20T21:40:37.3452596Z remote: Compressing objects:  45% (700/1555)        
2024-02-20T21:40:37.3455402Z remote: Compressing objects:  46% (716/1555)        
2024-02-20T21:40:37.3456870Z remote: Compressing objects:  47% (731/1555)        
2024-02-20T21:40:37.3459513Z remote: Compressing objects:  48% (747/1555)        
2024-02-20T21:40:37.3465396Z remote: Compressing objects:  49% (762/1555)        
2024-02-20T21:40:37.3474667Z remote: Compressing objects:  50% (778/1555)        
2024-02-20T21:40:37.3475414Z remote: Compressing objects:  51% (794/1555)        
2024-02-20T21:40:37.3476160Z remote: Compressing objects:  52% (809/1555)        
2024-02-20T21:40:37.3478683Z remote: Compressing objects:  53% (825/1555)        
2024-02-20T21:40:37.3485441Z remote: Compressing objects:  54% (840/1555)        
2024-02-20T21:40:37.3492388Z remote: Compressing objects:  55% (856/1555)        
2024-02-20T21:40:37.3529943Z remote: Compressing objects:  56% (871/1555)        
2024-02-20T21:40:37.3563177Z remote: Compressing objects:  57% (887/1555)        
2024-02-20T21:40:37.3580793Z remote: Compressing objects:  58% (902/1555)        
2024-02-20T21:40:37.3583089Z remote: Compressing objects:  59% (918/1555)        
2024-02-20T21:40:37.3587405Z remote: Compressing objects:  60% (933/1555)        
2024-02-20T21:40:37.3590847Z remote: Compressing objects:  61% (949/1555)        
2024-02-20T21:40:37.3593928Z remote: Compressing objects:  62% (965/1555)        
2024-02-20T21:40:37.3713240Z remote: Compressing objects:  63% (980/1555)        
2024-02-20T21:40:37.3714095Z remote: Compressing objects:  64% (996/1555)        
2024-02-20T21:40:37.3714928Z remote: Compressing objects:  65% (1011/1555)        
2024-02-20T21:40:37.3715613Z remote: Compressing objects:  66% (1027/1555)        
2024-02-20T21:40:37.3716272Z remote: Compressing objects:  67% (1042/1555)        
2024-02-20T21:40:37.3717032Z remote: Compressing objects:  68% (1058/1555)        
2024-02-20T21:40:37.3717652Z remote: Compressing objects:  69% (1073/1555)        
2024-02-20T21:40:37.3718278Z remote: Compressing objects:  70% (1089/1555)        
2024-02-20T21:40:37.3718947Z remote: Compressing objects:  71% (1105/1555)        
2024-02-20T21:40:37.3719526Z remote: Compressing objects:  72% (1120/1555)        
2024-02-20T21:40:37.3720204Z remote: Compressing objects:  73% (1136/1555)        
2024-02-20T21:40:37.3721176Z remote: Compressing objects:  74% (1151/1555)        
2024-02-20T21:40:37.3721775Z remote: Compressing objects:  75% (1167/1555)        
2024-02-20T21:40:37.3766829Z remote: Compressing objects:  76% (1182/1555)        
2024-02-20T21:40:37.3792282Z remote: Compressing objects:  77% (1198/1555)        
2024-02-20T21:40:37.3803777Z remote: Compressing objects:  78% (1213/1555)        
2024-02-20T21:40:37.3828273Z remote: Compressing objects:  79% (1229/1555)        
2024-02-20T21:40:37.3854892Z remote: Compressing objects:  80% (1244/1555)        
2024-02-20T21:40:37.3902796Z remote: Compressing objects:  81% (1260/1555)        
2024-02-20T21:40:37.3934484Z remote: Compressing objects:  82% (1276/1555)        
2024-02-20T21:40:37.3984300Z remote: Compressing objects:  83% (1291/1555)        
2024-02-20T21:40:37.4003425Z remote: Compressing objects:  84% (1307/1555)        
2024-02-20T21:40:37.4036458Z remote: Compressing objects:  85% (1322/1555)        
2024-02-20T21:40:37.4081697Z remote: Compressing objects:  86% (1338/1555)        
2024-02-20T21:40:37.4099344Z remote: Compressing objects:  87% (1353/1555)        
2024-02-20T21:40:37.4105452Z remote: Compressing objects:  88% (1369/1555)        
2024-02-20T21:40:37.4113625Z remote: Compressing objects:  89% (1384/1555)        
2024-02-20T21:40:37.4116066Z remote: Compressing objects:  90% (1400/1555)        
2024-02-20T21:40:37.4116788Z remote: Compressing objects:  91% (1416/1555)        
2024-02-20T21:40:37.4118181Z remote: Compressing objects:  92% (1431/1555)        
2024-02-20T21:40:37.4119308Z remote: Compressing objects:  93% (1447/1555)        
2024-02-20T21:40:37.4120477Z remote: Compressing objects:  94% (1462/1555)        
2024-02-20T21:40:37.4121226Z remote: Compressing objects:  95% (1478/1555)        
2024-02-20T21:40:37.4123816Z remote: Compressing objects:  96% (1493/1555)        
2024-02-20T21:40:37.4125265Z remote: Compressing objects:  97% (1509/1555)        
2024-02-20T21:40:37.4127239Z remote: Compressing objects:  98% (1524/1555)        
2024-02-20T21:40:37.4132571Z remote: Compressing objects:  99% (1540/1555)        
2024-02-20T21:40:37.4133632Z remote: Compressing objects: 100% (1555/1555)        
2024-02-20T21:40:37.4134346Z remote: Compressing objects: 100% (1555/1555), done.        
2024-02-20T21:40:37.4171120Z Receiving objects:   0% (1/1738)
2024-02-20T21:40:37.4174853Z Receiving objects:   1% (18/1738)
2024-02-20T21:40:37.4186474Z Receiving objects:   2% (35/1738)
2024-02-20T21:40:37.4364766Z Receiving objects:   3% (53/1738)
2024-02-20T21:40:37.4895537Z Receiving objects:   4% (70/1738)
2024-02-20T21:40:37.4897910Z Receiving objects:   5% (87/1738)
2024-02-20T21:40:37.4901222Z Receiving objects:   6% (105/1738)
2024-02-20T21:40:37.4906622Z Receiving objects:   7% (122/1738)
2024-02-20T21:40:37.4910421Z Receiving objects:   8% (140/1738)
2024-02-20T21:40:37.4914380Z Receiving objects:   9% (157/1738)
2024-02-20T21:40:37.4917674Z Receiving objects:  10% (174/1738)
2024-02-20T21:40:37.4920865Z Receiving objects:  11% (192/1738)
2024-02-20T21:40:37.4923859Z Receiving objects:  12% (209/1738)
2024-02-20T21:40:37.4934474Z Receiving objects:  13% (226/1738)
2024-02-20T21:40:37.4938131Z Receiving objects:  14% (244/1738)
2024-02-20T21:40:37.4940889Z Receiving objects:  15% (261/1738)
2024-02-20T21:40:37.4944841Z Receiving objects:  16% (279/1738)
2024-02-20T21:40:37.4950386Z Receiving objects:  17% (296/1738)
2024-02-20T21:40:37.4955255Z Receiving objects:  18% (313/1738)
2024-02-20T21:40:37.4960201Z Receiving objects:  19% (331/1738)
2024-02-20T21:40:37.4965399Z Receiving objects:  20% (348/1738)
2024-02-20T21:40:37.4970320Z Receiving objects:  21% (365/1738)
2024-02-20T21:40:37.4973116Z Receiving objects:  22% (383/1738)
2024-02-20T21:40:37.4977492Z Receiving objects:  23% (400/1738)
2024-02-20T21:40:37.4982193Z Receiving objects:  24% (418/1738)
2024-02-20T21:40:37.4990480Z Receiving objects:  25% (435/1738)
2024-02-20T21:40:37.4991263Z Receiving objects:  26% (452/1738)
2024-02-20T21:40:37.4994272Z Receiving objects:  27% (470/1738)
2024-02-20T21:40:37.4994964Z Receiving objects:  28% (487/1738)
2024-02-20T21:40:37.4997119Z Receiving objects:  29% (505/1738)
2024-02-20T21:40:37.5000991Z Receiving objects:  30% (522/1738)
2024-02-20T21:40:37.5007405Z Receiving objects:  31% (539/1738)
2024-02-20T21:40:37.5008117Z Receiving objects:  32% (557/1738)
2024-02-20T21:40:37.5010056Z Receiving objects:  33% (574/1738)
2024-02-20T21:40:37.5015094Z Receiving objects:  34% (591/1738)
2024-02-20T21:40:37.5015824Z Receiving objects:  35% (609/1738)
2024-02-20T21:40:37.5020472Z Receiving objects:  36% (626/1738)
2024-02-20T21:40:37.5024114Z Receiving objects:  37% (644/1738)
2024-02-20T21:40:37.5024798Z Receiving objects:  38% (661/1738)
2024-02-20T21:40:37.5028707Z Receiving objects:  39% (678/1738)
2024-02-20T21:40:37.5032511Z Receiving objects:  40% (696/1738)
2024-02-20T21:40:37.5035201Z Receiving objects:  41% (713/1738)
2024-02-20T21:40:37.5038459Z Receiving objects:  42% (730/1738)
2024-02-20T21:40:37.5041200Z Receiving objects:  43% (748/1738)
2024-02-20T21:40:37.5045812Z Receiving objects:  44% (765/1738)
2024-02-20T21:40:37.5049325Z Receiving objects:  45% (783/1738)
2024-02-20T21:40:37.5052001Z Receiving objects:  46% (800/1738)
2024-02-20T21:40:37.5055457Z Receiving objects:  47% (817/1738)
2024-02-20T21:40:37.5058842Z Receiving objects:  48% (835/1738)
2024-02-20T21:40:37.5061380Z Receiving objects:  49% (852/1738)
2024-02-20T21:40:37.5065928Z Receiving objects:  50% (869/1738)
2024-02-20T21:40:37.5066674Z Receiving objects:  51% (887/1738)
2024-02-20T21:40:37.5068299Z Receiving objects:  52% (904/1738)
2024-02-20T21:40:37.5074383Z Receiving objects:  53% (922/1738)
2024-02-20T21:40:37.5078725Z Receiving objects:  54% (939/1738)
2024-02-20T21:40:37.5085645Z Receiving objects:  55% (956/1738)
2024-02-20T21:40:37.5091042Z Receiving objects:  56% (974/1738)
2024-02-20T21:40:37.5093252Z Receiving objects:  57% (991/1738)
2024-02-20T21:40:37.5095652Z Receiving objects:  58% (1009/1738)
2024-02-20T21:40:37.5097663Z Receiving objects:  59% (1026/1738)
2024-02-20T21:40:37.5100442Z Receiving objects:  60% (1043/1738)
2024-02-20T21:40:37.5102241Z Receiving objects:  61% (1061/1738)
2024-02-20T21:40:37.5104009Z Receiving objects:  62% (1078/1738)
2024-02-20T21:40:37.5105649Z Receiving objects:  63% (1095/1738)
2024-02-20T21:40:37.5107756Z Receiving objects:  64% (1113/1738)
2024-02-20T21:40:37.5110084Z Receiving objects:  65% (1130/1738)
2024-02-20T21:40:37.5112313Z Receiving objects:  66% (1148/1738)
2024-02-20T21:40:37.5114632Z Receiving objects:  67% (1165/1738)
2024-02-20T21:40:37.5116731Z Receiving objects:  68% (1182/1738)
2024-02-20T21:40:37.5118756Z Receiving objects:  69% (1200/1738)
2024-02-20T21:40:37.5121950Z Receiving objects:  70% (1217/1738)
2024-02-20T21:40:37.5129801Z Receiving objects:  71% (1234/1738)
2024-02-20T21:40:37.5143738Z Receiving objects:  72% (1252/1738)
2024-02-20T21:40:37.5146797Z Receiving objects:  73% (1269/1738)
2024-02-20T21:40:37.5150476Z Receiving objects:  74% (1287/1738)
2024-02-20T21:40:37.5255910Z Receiving objects:  75% (1304/1738)
2024-02-20T21:40:37.5402332Z Receiving objects:  76% (1321/1738)
2024-02-20T21:40:37.5510682Z Receiving objects:  77% (1339/1738)
2024-02-20T21:40:37.5681637Z Receiving objects:  78% (1356/1738)
2024-02-20T21:40:37.5740585Z Receiving objects:  79% (1374/1738)
2024-02-20T21:40:37.5988200Z Receiving objects:  80% (1391/1738)
2024-02-20T21:40:37.5994080Z Receiving objects:  81% (1408/1738)
2024-02-20T21:40:37.5996984Z Receiving objects:  82% (1426/1738)
2024-02-20T21:40:37.5999261Z Receiving objects:  83% (1443/1738)
2024-02-20T21:40:37.6004920Z Receiving objects:  84% (1460/1738)
2024-02-20T21:40:37.6008875Z Receiving objects:  85% (1478/1738)
2024-02-20T21:40:37.6015422Z Receiving objects:  86% (1495/1738)
2024-02-20T21:40:37.6022558Z Receiving objects:  87% (1513/1738)
2024-02-20T21:40:37.6026498Z Receiving objects:  88% (1530/1738)
2024-02-20T21:40:37.6032367Z Receiving objects:  89% (1547/1738)
2024-02-20T21:40:37.6037936Z Receiving objects:  90% (1565/1738)
2024-02-20T21:40:37.6043865Z Receiving objects:  91% (1582/1738)
2024-02-20T21:40:37.6049028Z Receiving objects:  92% (1599/1738)
2024-02-20T21:40:37.6053893Z Receiving objects:  93% (1617/1738)
2024-02-20T21:40:37.6058042Z Receiving objects:  94% (1634/1738)
2024-02-20T21:40:37.6062036Z Receiving objects:  95% (1652/1738)
2024-02-20T21:40:37.6064334Z Receiving objects:  96% (1669/1738)
2024-02-20T21:40:37.6072819Z Receiving objects:  97% (1686/1738)
2024-02-20T21:40:37.6081243Z Receiving objects:  98% (1704/1738)
2024-02-20T21:40:37.6096970Z Receiving objects:  99% (1721/1738)
2024-02-20T21:40:37.6098567Z remote: Total 1738 (delta 277), reused 988 (delta 144), pack-reused 0        
2024-02-20T21:40:37.6106275Z Receiving objects: 100% (1738/1738)
2024-02-20T21:40:37.6107519Z Receiving objects: 100% (1738/1738), 6.59 MiB | 34.09 MiB/s, done.
2024-02-20T21:40:37.6114729Z Resolving deltas:   0% (0/277)
2024-02-20T21:40:37.6116353Z Resolving deltas:   1% (3/277)
2024-02-20T21:40:37.6120524Z Resolving deltas:   2% (6/277)
2024-02-20T21:40:37.6121319Z Resolving deltas:   3% (9/277)
2024-02-20T21:40:37.6122160Z Resolving deltas:   4% (12/277)
2024-02-20T21:40:37.6123018Z Resolving deltas:   5% (14/277)
2024-02-20T21:40:37.6123832Z Resolving deltas:   6% (17/277)
2024-02-20T21:40:37.6124818Z Resolving deltas:   7% (20/277)
2024-02-20T21:40:37.6125788Z Resolving deltas:   8% (23/277)
2024-02-20T21:40:37.6126474Z Resolving deltas:   9% (25/277)
2024-02-20T21:40:37.6126899Z Resolving deltas:  10% (28/277)
2024-02-20T21:40:37.6127356Z Resolving deltas:  11% (31/277)
2024-02-20T21:40:37.6137061Z Resolving deltas:  12% (34/277)
2024-02-20T21:40:37.6137708Z Resolving deltas:  13% (37/277)
2024-02-20T21:40:37.6139946Z Resolving deltas:  14% (39/277)
2024-02-20T21:40:37.6140594Z Resolving deltas:  15% (42/277)
2024-02-20T21:40:37.6143519Z Resolving deltas:  16% (45/277)
2024-02-20T21:40:37.6144390Z Resolving deltas:  17% (48/277)
2024-02-20T21:40:37.6145314Z Resolving deltas:  18% (50/277)
2024-02-20T21:40:37.6147320Z Resolving deltas:  19% (53/277)
2024-02-20T21:40:37.6148332Z Resolving deltas:  20% (56/277)
2024-02-20T21:40:37.6153989Z Resolving deltas:  21% (59/277)
2024-02-20T21:40:37.6156462Z Resolving deltas:  22% (61/277)
2024-02-20T21:40:37.6159296Z Resolving deltas:  23% (64/277)
2024-02-20T21:40:37.6162362Z Resolving deltas:  24% (67/277)
2024-02-20T21:40:37.6164285Z Resolving deltas:  25% (70/277)
2024-02-20T21:40:37.6165224Z Resolving deltas:  26% (73/277)
2024-02-20T21:40:37.6167302Z Resolving deltas:  27% (75/277)
2024-02-20T21:40:37.6168991Z Resolving deltas:  28% (78/277)
2024-02-20T21:40:37.6171206Z Resolving deltas:  29% (81/277)
2024-02-20T21:40:37.6171841Z Resolving deltas:  30% (84/277)
2024-02-20T21:40:37.6172459Z Resolving deltas:  31% (86/277)
2024-02-20T21:40:37.6173249Z Resolving deltas:  32% (89/277)
2024-02-20T21:40:37.6173936Z Resolving deltas:  33% (92/277)
2024-02-20T21:40:37.6174579Z Resolving deltas:  34% (95/277)
2024-02-20T21:40:37.6175421Z Resolving deltas:  35% (98/277)
2024-02-20T21:40:37.6176091Z Resolving deltas:  36% (100/277)
2024-02-20T21:40:37.6176716Z Resolving deltas:  37% (103/277)
2024-02-20T21:40:37.6177531Z Resolving deltas:  38% (107/277)
2024-02-20T21:40:37.6178327Z Resolving deltas:  39% (109/277)
2024-02-20T21:40:37.6178878Z Resolving deltas:  40% (111/277)
2024-02-20T21:40:37.6179703Z Resolving deltas:  41% (114/277)
2024-02-20T21:40:37.6180412Z Resolving deltas:  42% (117/277)
2024-02-20T21:40:37.6180856Z Resolving deltas:  43% (120/277)
2024-02-20T21:40:37.6181346Z Resolving deltas:  44% (122/277)
2024-02-20T21:40:37.6181920Z Resolving deltas:  45% (125/277)
2024-02-20T21:40:37.6182640Z Resolving deltas:  46% (128/277)
2024-02-20T21:40:37.6183243Z Resolving deltas:  47% (131/277)
2024-02-20T21:40:37.6183922Z Resolving deltas:  48% (133/277)
2024-02-20T21:40:37.6184683Z Resolving deltas:  49% (136/277)
2024-02-20T21:40:37.6185316Z Resolving deltas:  50% (139/277)
2024-02-20T21:40:37.6185998Z Resolving deltas:  51% (142/277)
2024-02-20T21:40:37.6187080Z Resolving deltas:  52% (145/277)
2024-02-20T21:40:37.6187759Z Resolving deltas:  53% (147/277)
2024-02-20T21:40:37.6188421Z Resolving deltas:  54% (150/277)
2024-02-20T21:40:37.6189165Z Resolving deltas:  55% (153/277)
2024-02-20T21:40:37.6189809Z Resolving deltas:  56% (156/277)
2024-02-20T21:40:37.6190446Z Resolving deltas:  57% (158/277)
2024-02-20T21:40:37.6191223Z Resolving deltas:  58% (161/277)
2024-02-20T21:40:37.6191865Z Resolving deltas:  59% (164/277)
2024-02-20T21:40:37.6192547Z Resolving deltas:  60% (167/277)
2024-02-20T21:40:37.6193357Z Resolving deltas:  61% (169/277)
2024-02-20T21:40:37.6193981Z Resolving deltas:  62% (172/277)
2024-02-20T21:40:37.6194654Z Resolving deltas:  63% (175/277)
2024-02-20T21:40:37.6195437Z Resolving deltas:  64% (178/277)
2024-02-20T21:40:37.6196067Z Resolving deltas:  65% (181/277)
2024-02-20T21:40:37.6196716Z Resolving deltas:  66% (184/277)
2024-02-20T21:40:37.6197481Z Resolving deltas:  67% (186/277)
2024-02-20T21:40:37.6198107Z Resolving deltas:  68% (189/277)
2024-02-20T21:40:37.6198779Z Resolving deltas:  69% (192/277)
2024-02-20T21:40:37.6199565Z Resolving deltas:  70% (194/277)
2024-02-20T21:40:37.6200224Z Resolving deltas:  71% (197/277)
2024-02-20T21:40:37.6200825Z Resolving deltas:  72% (200/277)
2024-02-20T21:40:37.6201600Z Resolving deltas:  73% (203/277)
2024-02-20T21:40:37.6202283Z Resolving deltas:  74% (205/277)
2024-02-20T21:40:37.6202948Z Resolving deltas:  75% (208/277)
2024-02-20T21:40:37.6203726Z Resolving deltas:  76% (211/277)
2024-02-20T21:40:37.6204908Z Resolving deltas:  77% (214/277)
2024-02-20T21:40:37.6205450Z Resolving deltas:  78% (218/277)
2024-02-20T21:40:37.6206054Z Resolving deltas:  79% (219/277)
2024-02-20T21:40:37.6209431Z Resolving deltas:  80% (222/277)
2024-02-20T21:40:37.6210132Z Resolving deltas:  81% (225/277)
2024-02-20T21:40:37.6210793Z Resolving deltas:  82% (228/277)
2024-02-20T21:40:37.6212575Z Resolving deltas:  83% (230/277)
2024-02-20T21:40:37.6216856Z Resolving deltas:  84% (233/277)
2024-02-20T21:40:37.6217596Z Resolving deltas:  85% (236/277)
2024-02-20T21:40:37.6218263Z Resolving deltas:  86% (239/277)
2024-02-20T21:40:37.6218695Z Resolving deltas:  87% (241/277)
2024-02-20T21:40:37.6219142Z Resolving deltas:  88% (244/277)
2024-02-20T21:40:37.6227205Z Resolving deltas:  89% (247/277)
2024-02-20T21:40:37.6228120Z Resolving deltas:  90% (250/277)
2024-02-20T21:40:37.6228878Z Resolving deltas:  91% (254/277)
2024-02-20T21:40:37.6229578Z Resolving deltas:  92% (255/277)
2024-02-20T21:40:37.6230249Z Resolving deltas:  93% (258/277)
2024-02-20T21:40:37.6230971Z Resolving deltas:  94% (261/277)
2024-02-20T21:40:37.6232006Z Resolving deltas:  95% (264/277)
2024-02-20T21:40:37.6233466Z Resolving deltas:  96% (266/277)
2024-02-20T21:40:37.6237150Z Resolving deltas:  97% (269/277)
2024-02-20T21:40:37.6238974Z Resolving deltas:  98% (272/277)
2024-02-20T21:40:37.6241416Z Resolving deltas:  99% (275/277)
2024-02-20T21:40:37.6243178Z Resolving deltas: 100% (277/277)
2024-02-20T21:40:37.6243603Z Resolving deltas: 100% (277/277), done.
2024-02-20T21:40:37.6414441Z From https://github.com/rubyforgood/human-essentials
2024-02-20T21:40:37.6415563Z  * [new ref]         f66e36f9a0a4e35e634e63b9ee9e2ea1efe32df4 -> pull/4124/merge
2024-02-20T21:40:37.6442726Z ##[endgroup]
2024-02-20T21:40:37.6443781Z ##[group]Determining the checkout info
2024-02-20T21:40:37.6445483Z ##[endgroup]
2024-02-20T21:40:37.6446504Z ##[group]Checking out the ref
2024-02-20T21:40:37.6450158Z [command]/usr/bin/git checkout --progress --force refs/remotes/pull/4124/merge
2024-02-20T21:40:37.7776779Z Note: switching to 'refs/remotes/pull/4124/merge'.
2024-02-20T21:40:37.7777641Z 
2024-02-20T21:40:37.7778804Z You are in 'detached HEAD' state. You can look around, make experimental
2024-02-20T21:40:37.7780520Z changes and commit them, and you can discard any commits you make in this
2024-02-20T21:40:37.7781912Z state without impacting any branches by switching back to a branch.
2024-02-20T21:40:37.7782886Z 
2024-02-20T21:40:37.7783665Z If you want to create a new branch to retain commits you create, you may
2024-02-20T21:40:37.7785011Z do so (now or later) by using -c with the switch command. Example:
2024-02-20T21:40:37.7785422Z 
2024-02-20T21:40:37.7785658Z   git switch -c <new-branch-name>
2024-02-20T21:40:37.7785937Z 
2024-02-20T21:40:37.7786193Z Or undo this operation with:
2024-02-20T21:40:37.7786473Z 
2024-02-20T21:40:37.7786598Z   git switch -
2024-02-20T21:40:37.7786774Z 
2024-02-20T21:40:37.7787222Z Turn off this advice by setting config variable advice.detachedHead to false
2024-02-20T21:40:37.7787983Z 
2024-02-20T21:40:37.7788563Z HEAD is now at f66e36f Merge 7e44164cf7d9f4c8b7abf68097f1407cde8fcaa9 into f3957e8dfa68cdb9b979f20081e8af8b04aaee26
2024-02-20T21:40:37.7789818Z ##[endgroup]
2024-02-20T21:40:37.7838922Z [command]/usr/bin/git log -1 --format='%H'
2024-02-20T21:40:37.7876255Z 'f66e36f9a0a4e35e634e63b9ee9e2ea1efe32df4'
2024-02-20T21:40:37.8187084Z ##[group]Run ruby/setup-ruby@v1
2024-02-20T21:40:37.8187562Z with:
2024-02-20T21:40:37.8187891Z   bundler-cache: true
2024-02-20T21:40:37.8188259Z   ruby-version: default
2024-02-20T21:40:37.8188631Z ##[endgroup]
2024-02-20T21:40:38.0100459Z Using 3.2.2 as input from file .ruby-version
2024-02-20T21:40:38.0127412Z ##[group]Modifying PATH
2024-02-20T21:40:38.0128264Z Entries added to PATH to use selected Ruby:
2024-02-20T21:40:38.0129132Z   /opt/hostedtoolcache/Ruby/3.2.2/x64/bin
2024-02-20T21:40:38.0130343Z ##[endgroup]
2024-02-20T21:40:38.0148046Z ##[group]Downloading Ruby
2024-02-20T21:40:38.0150894Z https://github.com/ruby/ruby-builder/releases/download/toolcache/ruby-3.2.2-ubuntu-22.04.tar.gz
2024-02-20T21:40:38.3984895Z Took   0.38 seconds
2024-02-20T21:40:38.3986965Z ##[endgroup]
2024-02-20T21:40:38.3987942Z ##[group]Extracting  Ruby
2024-02-20T21:40:38.4017733Z [command]/usr/bin/tar -xz -C /opt/hostedtoolcache/Ruby/3.2.2 -f /home/runner/work/_temp/5224103b-d232-4ebc-b69e-678a2f86c3cd
2024-02-20T21:40:38.8090300Z Took   0.41 seconds
2024-02-20T21:40:38.8091260Z ##[endgroup]
2024-02-20T21:40:38.8092018Z ##[group]Print Ruby version
2024-02-20T21:40:38.8104282Z [command]/opt/hostedtoolcache/Ruby/3.2.2/x64/bin/ruby --version
2024-02-20T21:40:38.8332793Z ruby 3.2.2 (2023-03-30 revision e51014f9c0) [x86_64-linux]
2024-02-20T21:40:38.8353880Z Took   0.03 seconds
2024-02-20T21:40:38.8355147Z ##[endgroup]
2024-02-20T21:40:38.8356529Z ##[group]Installing Bundler
2024-02-20T21:40:38.8363527Z Using Bundler 2.5.4 from Gemfile.lock BUNDLED WITH 2.5.4
2024-02-20T21:40:38.8368841Z [command]/opt/hostedtoolcache/Ruby/3.2.2/x64/bin/gem install bundler -v 2.5.4
2024-02-20T21:40:39.2722754Z Successfully installed bundler-2.5.4
2024-02-20T21:40:39.2723384Z 1 gem installed
2024-02-20T21:40:39.2780367Z Took   0.44 seconds
2024-02-20T21:40:39.2781579Z ##[endgroup]
2024-02-20T21:40:39.2782141Z > bundle install
2024-02-20T21:40:39.2799349Z [command]/opt/hostedtoolcache/Ruby/3.2.2/x64/bin/bundle config --local path /home/runner/work/human-essentials/human-essentials/vendor/bundle
2024-02-20T21:40:39.4298134Z [command]/opt/hostedtoolcache/Ruby/3.2.2/x64/bin/bundle config --local deployment true
2024-02-20T21:40:39.5822675Z Cache key: setup-ruby-bundler-cache-v6-ubuntu-22.04-x64-ruby-3.2.2-wd-/home/runner/work/human-essentials/human-essentials-with--without--only--Gemfile.lock-579289755e38fce92a0456c55cf19a5136e6d0f003d95febc71527454542bb1f
2024-02-20T21:40:40.6456627Z Received 210809134 of 215003438 (98.0%), 200.8 MBs/sec
2024-02-20T21:40:40.8116932Z Cache Size: ~205 MB (215003438 B)
2024-02-20T21:40:40.8148698Z [command]/usr/bin/tar -xf /home/runner/work/_temp/0c6db178-c0ad-4aff-ace1-e6dfef231cf9/cache.tzst -P -C /home/runner/work/human-essentials/human-essentials --use-compress-program unzstd
2024-02-20T21:40:41.6472966Z Received 215003438 of 215003438 (100.0%), 102.4 MBs/sec
2024-02-20T21:40:42.5201101Z Cache restored successfully
2024-02-20T21:40:42.5629375Z Found cache for key: setup-ruby-bundler-cache-v6-ubuntu-22.04-x64-ruby-3.2.2-wd-/home/runner/work/human-essentials/human-essentials-with--without--only--Gemfile.lock-579289755e38fce92a0456c55cf19a5136e6d0f003d95febc71527454542bb1f
2024-02-20T21:40:42.5640248Z [command]/opt/hostedtoolcache/Ruby/3.2.2/x64/bin/bundle install --jobs 4
2024-02-20T21:40:42.9523312Z Bundle complete! 85 Gemfile dependencies, 246 gems now installed.
2024-02-20T21:40:42.9525051Z Bundled gems are installed into `./vendor/bundle`
2024-02-20T21:40:42.9578556Z Took   3.68 seconds
2024-02-20T21:40:42.9833955Z ##[group]Run sudo apt-get -yqq install libpq-dev
2024-02-20T21:40:42.9835002Z [36;1msudo apt-get -yqq install libpq-dev[0m
2024-02-20T21:40:42.9898882Z shell: /usr/bin/bash -e {0}
2024-02-20T21:40:42.9899518Z ##[endgroup]
2024-02-20T21:40:44.3293362Z ##[group]Run bundle exec rake db:create
2024-02-20T21:40:44.3293960Z [36;1mbundle exec rake db:create[0m
2024-02-20T21:40:44.3294388Z [36;1mbundle exec rake db:schema:load[0m
2024-02-20T21:40:44.3294863Z [36;1mbundle exec rails assets:precompile[0m
2024-02-20T21:40:44.3322676Z shell: /usr/bin/bash -e {0}
2024-02-20T21:40:44.3323168Z env:
2024-02-20T21:40:44.3323518Z   POSTGRES_HOST: localhost
2024-02-20T21:40:44.3323870Z   DATABASE_HOST: localhost
2024-02-20T21:40:44.3324318Z   PG_USERNAME: postgres
2024-02-20T21:40:44.3324998Z   PG_PASSWORD: password
2024-02-20T21:40:44.3325473Z   POSTGRES_HOST_AUTH_METHOD: trust
2024-02-20T21:40:44.3325877Z   POSTGRES_PORT: 5432
2024-02-20T21:40:44.3326203Z   RAILS_ENV: test
2024-02-20T21:40:44.3326584Z ##[endgroup]
2024-02-20T21:40:51.0268443Z We could not find your database: diaper_test. Which can be found in the database configuration file located at config/database.yml.
2024-02-20T21:40:51.0269975Z 
2024-02-20T21:40:51.0270455Z To resolve this issue:
2024-02-20T21:40:51.0270831Z 
2024-02-20T21:40:51.0272134Z - Did you create the database for this app, or delete it? You may need to create your database.
2024-02-20T21:40:51.0274079Z - Has the database name changed? Check your database.yml config has the correct database name.
2024-02-20T21:40:51.0275203Z 
2024-02-20T21:40:51.0275461Z To create your database, run:
2024-02-20T21:40:51.0276278Z 
2024-02-20T21:40:51.0276528Z         bin/rails db:create
2024-02-20T21:40:51.0277763Z . You likely need to run `rails g flipper:active_record` and/or `rails db:migrate`.
2024-02-20T21:40:51.2702018Z Created database 'diaper_test'
2024-02-20T21:40:51.5689805Z Coverage report generated for RSpec to /home/runner/work/human-essentials/human-essentials/coverage. 329 / 10166 LOC (3.24%) covered.
2024-02-20T21:40:57.9129344Z PG::UndefinedTable: ERROR:  relation "flipper_gates" does not exist
2024-02-20T21:40:57.9130457Z LINE 9:  WHERE a.attrelid = '"flipper_gates"'::regclass
2024-02-20T21:40:57.9131249Z                             ^
2024-02-20T21:40:57.9131849Z . You likely need to run `rails g flipper:active_record` and/or `rails db:migrate`.
2024-02-20T21:40:58.8713738Z Coverage report generated for RSpec to /home/runner/work/human-essentials/human-essentials/coverage. 329 / 10166 LOC (3.24%) covered.
2024-02-20T21:41:33.2112750Z W, [2024-02-20T13:41:33.210883 #2283]  WARN -- : Removed sourceMappingURL comment for missing asset 'adminlte.js.map' from /home/runner/work/human-essentials/human-essentials/app/javascript/adminlte.js
2024-02-20T21:41:33.2741901Z I, [2024-02-20T13:41:33.273685 #2283]  INFO -- : Writing /home/runner/work/human-essentials/human-essentials/public/assets/manifest-90aab26ade71e747f745b1227b433fd7d580a54f279ee2be6e1a67bb326bf03a.js
2024-02-20T21:41:33.2746077Z I, [2024-02-20T13:41:33.273869 #2283]  INFO -- : Writing /home/runner/work/human-essentials/human-essentials/public/assets/manifest-90aab26ade71e747f745b1227b433fd7d580a54f279ee2be6e1a67bb326bf03a.js.gz
2024-02-20T21:41:33.2749857Z I, [2024-02-20T13:41:33.274211 #2283]  INFO -- : Writing /home/runner/work/human-essentials/human-essentials/public/assets/filterrific/filterrific-spinner-415824b210964b6cdb1db0bd9508be8644b9fde094b392f73055b20d369885b6.gif
2024-02-20T21:41:33.2753507Z I, [2024-02-20T13:41:33.274600 #2283]  INFO -- : Writing /home/runner/work/human-essentials/human-essentials/public/assets/bootstrap.min-67c48d88a8e0be178058aacb338b084191ed6d65c8fef751c50248202cf1488a.js
2024-02-20T21:41:33.2756755Z I, [2024-02-20T13:41:33.274786 #2283]  INFO -- : Writing /home/runner/work/human-essentials/human-essentials/public/assets/bootstrap.min-67c48d88a8e0be178058aacb338b084191ed6d65c8fef751c50248202cf1488a.js.gz
2024-02-20T21:41:33.2760336Z I, [2024-02-20T13:41:33.275080 #2283]  INFO -- : Writing /home/runner/work/human-essentials/human-essentials/public/assets/DiaperBase-Logo-f18172876cab49a451ca9c3178b578ab2019e03f111a6b6f3ba0c1b40b3d7c0c.png
2024-02-20T21:41:33.2764085Z I, [2024-02-20T13:41:33.275766 #2283]  INFO -- : Writing /home/runner/work/human-essentials/human-essentials/public/assets/Just-Diaper-05bf6a1b70ccad149eb4eca7b5f9fcca1f9c37bab1f8e5edb6798d66c903ba53.svg
2024-02-20T21:41:33.2767812Z I, [2024-02-20T13:41:33.276509 #2283]  INFO -- : Writing /home/runner/work/human-essentials/human-essentials/public/assets/Just-Diaper-05bf6a1b70ccad149eb4eca7b5f9fcca1f9c37bab1f8e5edb6798d66c903ba53.svg.gz
2024-02-20T21:41:33.2770648Z I, [2024-02-20T13:41:33.276750 #2283]  INFO -- : Writing /home/runner/work/human-essentials/human-essentials/public/assets/barcode-932aed25f5c148b36882be3bfb6696ecdd362ba0a709ff0674a10477f2aad8f3.svg
2024-02-20T21:41:33.2776306Z I, [2024-02-20T13:41:33.277123 #2283]  INFO -- : Writing /home/runner/work/human-essentials/human-essentials/public/assets/barcode-932aed25f5c148b36882be3bfb6696ecdd362ba0a709ff0674a10477f2aad8f3.svg.gz
2024-02-20T21:41:33.2779177Z I, [2024-02-20T13:41:33.277261 #2283]  INFO -- : Writing /home/runner/work/human-essentials/human-essentials/public/assets/bars-db7a0aaf1cd735270b170cba53dca71c75473940ab48639c609a72964eb92f4d.svg
2024-02-20T21:41:33.2781165Z I, [2024-02-20T13:41:33.277362 #2283]  INFO -- : Writing /home/runner/work/human-essentials/human-essentials/public/assets/bars-db7a0aaf1cd735270b170cba53dca71c75473940ab48639c609a72964eb92f4d.svg.gz
2024-02-20T21:41:33.2783223Z I, [2024-02-20T13:41:33.277476 #2283]  INFO -- : Writing /home/runner/work/human-essentials/human-essentials/public/assets/blue@2x-709ca6c252f762af1e5efb0ef1e7444a712cb0ec010fee01749b67a595a7c0c6.png
2024-02-20T21:41:33.2787224Z I, [2024-02-20T13:41:33.278360 #2283]  INFO -- : Writing /home/runner/work/human-essentials/human-essentials/public/assets/boxed-bg-6c60c3f8655fa4062631bbe1434face4fe3d70392159e976ec09ca6ad9330e7d.jpg
2024-02-20T21:41:33.2795111Z I, [2024-02-20T13:41:33.279281 #2283]  INFO -- : Writing /home/runner/work/human-essentials/human-essentials/public/assets/boxed-bg-eb7b1fa0c09f5ef599fc5138e33168827f2ec4e1f796cf8a78570d8a73a58190.png
2024-02-20T21:41:33.2799930Z I, [2024-02-20T13:41:33.279460 #2283]  INFO -- : Writing /home/runner/work/human-essentials/human-essentials/public/assets/dashboard-image-3db42e909886dffccb680715feccab83cc867b4581b0009558e746364e2ec332.svg
2024-02-20T21:41:33.2803810Z I, [2024-02-20T13:41:33.279594 #2283]  INFO -- : Writing /home/runner/work/human-essentials/human-essentials/public/assets/dashboard-image-3db42e909886dffccb680715feccab83cc867b4581b0009558e746364e2ec332.svg.gz
2024-02-20T21:41:33.2806823Z I, [2024-02-20T13:41:33.279706 #2283]  INFO -- : Writing /home/runner/work/human-essentials/human-essentials/public/assets/forecasting-32dffccc42e6c09203d36acbc2243b4bc746dc2f1198c1ff43def4bb48e335b2.svg
2024-02-20T21:41:33.2809166Z I, [2024-02-20T13:41:33.279825 #2283]  INFO -- : Writing /home/runner/work/human-essentials/human-essentials/public/assets/forecasting-32dffccc42e6c09203d36acbc2243b4bc746dc2f1198c1ff43def4bb48e335b2.svg.gz
2024-02-20T21:41:33.2812275Z I, [2024-02-20T13:41:33.279943 #2283]  INFO -- : Writing /home/runner/work/human-essentials/human-essentials/public/assets/hero-image-0ba273def6de748beb2a64206e115d8e4a109ad51ef255512f4c6522e5b9225b.svg
2024-02-20T21:41:33.2816039Z I, [2024-02-20T13:41:33.280900 #2283]  INFO -- : Writing /home/runner/work/human-essentials/human-essentials/public/assets/hero-image-0ba273def6de748beb2a64206e115d8e4a109ad51ef255512f4c6522e5b9225b.svg.gz
2024-02-20T21:41:33.2822439Z I, [2024-02-20T13:41:33.281929 #2283]  INFO -- : Writing /home/runner/work/human-essentials/human-essentials/public/assets/inventory-image-3d91fc8087e13632114d9d129a680b992e02aae297b2bf180089cd55792249b2.svg
2024-02-20T21:41:33.2842631Z I, [2024-02-20T13:41:33.283677 #2283]  INFO -- : Writing /home/runner/work/human-essentials/human-essentials/public/assets/inventory-image-3d91fc8087e13632114d9d129a680b992e02aae297b2bf180089cd55792249b2.svg.gz
2024-02-20T21:41:33.2846653Z I, [2024-02-20T13:41:33.283805 #2283]  INFO -- : Writing /home/runner/work/human-essentials/human-essentials/public/assets/partner-management-c2cd4a940d1cf59f66928bc5097b4d4528b6de95abcc66421edf341c59311d40.svg
2024-02-20T21:41:33.2850385Z I, [2024-02-20T13:41:33.283933 #2283]  INFO -- : Writing /home/runner/work/human-essentials/human-essentials/public/assets/partner-management-c2cd4a940d1cf59f66928bc5097b4d4528b6de95abcc66421edf341c59311d40.svg.gz
2024-02-20T21:41:33.2936517Z I, [2024-02-20T13:41:33.284037 #2283]  INFO -- : Writing /home/runner/work/human-essentials/human-essentials/public/assets/quote-e4395f28913ad7b7785c522f0b6f2363a960720cf3bc26705438f6efb55edb7d.svg
2024-02-20T21:41:33.2944918Z I, [2024-02-20T13:41:33.284150 #2283]  INFO -- : Writing /home/runner/work/human-essentials/human-essentials/public/assets/quote-e4395f28913ad7b7785c522f0b6f2363a960720cf3bc26705438f6efb55edb7d.svg.gz
2024-02-20T21:41:33.2948537Z I, [2024-02-20T13:41:33.284248 #2283]  INFO -- : Writing /home/runner/work/human-essentials/human-essentials/public/assets/report-image-a9fc71739eca5457d288f1c234a0d84237ba8eef8bd20a9935bd45d84d03ae6b.svg
2024-02-20T21:41:33.2952338Z I, [2024-02-20T13:41:33.284348 #2283]  INFO -- : Writing /home/runner/work/human-essentials/human-essentials/public/assets/report-image-a9fc71739eca5457d288f1c234a0d84237ba8eef8bd20a9935bd45d84d03ae6b.svg.gz
2024-02-20T21:41:33.2956105Z I, [2024-02-20T13:41:33.284445 #2283]  INFO -- : Writing /home/runner/work/human-essentials/human-essentials/public/assets/test-only-background-c4843e992a593298a8c43815c8950b766061a96fd7d3e92838354914c41d7243.jpg
2024-02-20T21:41:33.2959693Z I, [2024-02-20T13:41:33.284618 #2283]  INFO -- : Writing /home/runner/work/human-essentials/human-essentials/public/assets/AdminLTE-9d75f9bf2ec81bc0a0de450227ed6268dad2cd66401439503c18d3241dfb241d.css
2024-02-20T21:41:33.2963385Z I, [2024-02-20T13:41:33.284689 #2283]  INFO -- : Writing /home/runner/work/human-essentials/human-essentials/public/assets/AdminLTE-9d75f9bf2ec81bc0a0de450227ed6268dad2cd66401439503c18d3241dfb241d.css.gz
2024-02-20T21:41:33.2967069Z I, [2024-02-20T13:41:33.284781 #2283]  INFO -- : Writing /home/runner/work/human-essentials/human-essentials/public/assets/_colors-04024382391bb910584145d8113cf35ef376b55d125bb4516cebeb14ce788597.css
2024-02-20T21:41:33.2970458Z I, [2024-02-20T13:41:33.284849 #2283]  INFO -- : Writing /home/runner/work/human-essentials/human-essentials/public/assets/_colors-04024382391bb910584145d8113cf35ef376b55d125bb4516cebeb14ce788597.css.gz
2024-02-20T21:41:33.2974044Z I, [2024-02-20T13:41:33.284940 #2283]  INFO -- : Writing /home/runner/work/human-essentials/human-essentials/public/assets/application-0da4ed653cd2be46690d3296e155ff2f65c183e52d7a8c3467d17640386866d5.css
2024-02-20T21:41:33.2977651Z I, [2024-02-20T13:41:33.285014 #2283]  INFO -- : Writing /home/runner/work/human-essentials/human-essentials/public/assets/application-0da4ed653cd2be46690d3296e155ff2f65c183e52d7a8c3467d17640386866d5.css.gz
2024-02-20T21:41:33.2981495Z I, [2024-02-20T13:41:33.285101 #2283]  INFO -- : Writing /home/runner/work/human-essentials/human-essentials/public/assets/test-only-background-c4843e992a593298a8c43815c8950b766061a96fd7d3e92838354914c41d7243.jpg
2024-02-20T21:41:33.2985045Z I, [2024-02-20T13:41:33.285238 #2283]  INFO -- : Writing /home/runner/work/human-essentials/human-essentials/public/assets/audits-83372b845d8a4887e7e4d2315cf3c85ea60ef94ca0ec4774dfbcd3cf569c616c.css
2024-02-20T21:41:33.2988445Z I, [2024-02-20T13:41:33.285307 #2283]  INFO -- : Writing /home/runner/work/human-essentials/human-essentials/public/assets/audits-83372b845d8a4887e7e4d2315cf3c85ea60ef94ca0ec4774dfbcd3cf569c616c.css.gz
2024-02-20T21:41:33.2992400Z I, [2024-02-20T13:41:33.285424 #2283]  INFO -- : Writing /home/runner/work/human-essentials/human-essentials/public/assets/barcode_reader-3799c29218802c1dbba4c700f3863ec24505a9e3e7b54d36282fff667d7c94ca.css
2024-02-20T21:41:33.2995986Z I, [2024-02-20T13:41:33.285498 #2283]  INFO -- : Writing /home/runner/work/human-essentials/human-essentials/public/assets/barcode_reader-3799c29218802c1dbba4c700f3863ec24505a9e3e7b54d36282fff667d7c94ca.css.gz
2024-02-20T21:41:33.2999760Z I, [2024-02-20T13:41:33.285587 #2283]  INFO -- : Writing /home/runner/work/human-essentials/human-essentials/public/assets/custom-78c7cbde633ff9cfb0425c2a5897128adfc8aca0f10628e0b59f704db7fe76df.css
2024-02-20T21:41:33.3003322Z I, [2024-02-20T13:41:33.285652 #2283]  INFO -- : Writing /home/runner/work/human-essentials/human-essentials/public/assets/custom-78c7cbde633ff9cfb0425c2a5897128adfc8aca0f10628e0b59f704db7fe76df.css.gz
2024-02-20T21:41:33.3088577Z I, [2024-02-20T13:41:33.285736 #2283]  INFO -- : Writing /home/runner/work/human-essentials/human-essentials/public/assets/test-only-background-c4843e992a593298a8c43815c8950b766061a96fd7d3e92838354914c41d7243.jpg
2024-02-20T21:41:33.3092371Z I, [2024-02-20T13:41:33.285871 #2283]  INFO -- : Writing /home/runner/work/human-essentials/human-essentials/public/assets/expandable_table-cca1600cf25c44c6bea2733167509ffe9133f344e9defe984ad96bd427b29a19.css
2024-02-20T21:41:33.3096000Z I, [2024-02-20T13:41:33.285940 #2283]  INFO -- : Writing /home/runner/work/human-essentials/human-essentials/public/assets/expandable_table-cca1600cf25c44c6bea2733167509ffe9133f344e9defe984ad96bd427b29a19.css.gz
2024-02-20T21:41:33.3099504Z I, [2024-02-20T13:41:33.286033 #2283]  INFO -- : Writing /home/runner/work/human-essentials/human-essentials/public/assets/landing_page-4fe5dfcfea8b5bbd7722658652ff4ee86132a41b8aff92e9ef8b1216cb7259fa.css
2024-02-20T21:41:33.3103067Z I, [2024-02-20T13:41:33.286100 #2283]  INFO -- : Writing /home/runner/work/human-essentials/human-essentials/public/assets/landing_page-4fe5dfcfea8b5bbd7722658652ff4ee86132a41b8aff92e9ef8b1216cb7259fa.css.gz
2024-02-20T21:41:33.3106571Z I, [2024-02-20T13:41:33.286197 #2283]  INFO -- : Writing /home/runner/work/human-essentials/human-essentials/public/assets/modal-dialog-9d7ae8bb43b60ac4c7d9910700392b20618ae2db4d5db33453b157171d5e0f7d.css
2024-02-20T21:41:33.3110156Z I, [2024-02-20T13:41:33.286264 #2283]  INFO -- : Writing /home/runner/work/human-essentials/human-essentials/public/assets/modal-dialog-9d7ae8bb43b60ac4c7d9910700392b20618ae2db4d5db33453b157171d5e0f7d.css.gz
2024-02-20T21:41:33.3113656Z I, [2024-02-20T13:41:33.286351 #2283]  INFO -- : Writing /home/runner/work/human-essentials/human-essentials/public/assets/progress_stepper-7f8ef0dc05a9a00a300e56f6f3e4ccfdde4af8e392407ccc6601d60019067ccb.css
2024-02-20T21:41:33.3117227Z I, [2024-02-20T13:41:33.286417 #2283]  INFO -- : Writing /home/runner/work/human-essentials/human-essentials/public/assets/progress_stepper-7f8ef0dc05a9a00a300e56f6f3e4ccfdde4af8e392407ccc6601d60019067ccb.css.gz
2024-02-20T21:41:33.3120848Z I, [2024-02-20T13:41:33.286507 #2283]  INFO -- : Writing /home/runner/work/human-essentials/human-essentials/public/assets/transfers-c9ab43ff53dab5dc13681712afc9b6fb31d7865d5ac8c657220deff9f138fa8c.css
2024-02-20T21:41:33.3124331Z I, [2024-02-20T13:41:33.286572 #2283]  INFO -- : Writing /home/runner/work/human-essentials/human-essentials/public/assets/transfers-c9ab43ff53dab5dc13681712afc9b6fb31d7865d5ac8c657220deff9f138fa8c.css.gz
2024-02-20T21:41:33.3127955Z I, [2024-02-20T13:41:33.286660 #2283]  INFO -- : Writing /home/runner/work/human-essentials/human-essentials/public/assets/adminlte-886a0b559685ec92cd8dd4dbf957899292f9c0bd344c90c304d28973363a8eaf.js
2024-02-20T21:41:33.3131772Z I, [2024-02-20T13:41:33.286726 #2283]  INFO -- : Writing /home/runner/work/human-essentials/human-essentials/public/assets/adminlte-886a0b559685ec92cd8dd4dbf957899292f9c0bd344c90c304d28973363a8eaf.js.gz
2024-02-20T21:41:33.3135355Z I, [2024-02-20T13:41:33.286817 #2283]  INFO -- : Writing /home/runner/work/human-essentials/human-essentials/public/assets/application-f9d5a0970e6dc2d1d44ca8dfd6129e9fed2dccf1b460a6bba6eab9dd7aa61c92.js
2024-02-20T21:41:33.3139304Z I, [2024-02-20T13:41:33.286975 #2283]  INFO -- : Writing /home/runner/work/human-essentials/human-essentials/public/assets/application-f9d5a0970e6dc2d1d44ca8dfd6129e9fed2dccf1b460a6bba6eab9dd7aa61c92.js.gz
2024-02-20T21:41:33.3143201Z I, [2024-02-20T13:41:33.287066 #2283]  INFO -- : Writing /home/runner/work/human-essentials/human-essentials/public/assets/cocoon-js-vanilla-cc8e46e9b16a6217f3c14c60ca346454c9c01d8d41e5c073ae14f85fac052e96.js
2024-02-20T21:41:33.3146948Z I, [2024-02-20T13:41:33.287131 #2283]  INFO -- : Writing /home/runner/work/human-essentials/human-essentials/public/assets/cocoon-js-vanilla-cc8e46e9b16a6217f3c14c60ca346454c9c01d8d41e5c073ae14f85fac052e96.js.gz
2024-02-20T21:41:33.3150853Z I, [2024-02-20T13:41:33.287223 #2283]  INFO -- : Writing /home/runner/work/human-essentials/human-essentials/public/assets/controllers/application-368d98631bccbf2349e0d4f8269afb3fe9625118341966de054759d96ea86c7e.js
2024-02-20T21:41:33.3154656Z I, [2024-02-20T13:41:33.287285 #2283]  INFO -- : Writing /home/runner/work/human-essentials/human-essentials/public/assets/controllers/application-368d98631bccbf2349e0d4f8269afb3fe9625118341966de054759d96ea86c7e.js.gz
2024-02-20T21:41:33.3158531Z I, [2024-02-20T13:41:33.287368 #2283]  INFO -- : Writing /home/runner/work/human-essentials/human-essentials/public/assets/controllers/area_served_controller-c8c048ef9ee2d145ba8408cda63546aff8ce9170e9cafb34075ebb01b43c6c34.js
2024-02-20T21:41:33.3162537Z I, [2024-02-20T13:41:33.287427 #2283]  INFO -- : Writing /home/runner/work/human-essentials/human-essentials/public/assets/controllers/area_served_controller-c8c048ef9ee2d145ba8408cda63546aff8ce9170e9cafb34075ebb01b43c6c34.js.gz
2024-02-20T21:41:33.3166805Z I, [2024-02-20T13:41:33.293124 #2283]  INFO -- : Writing /home/runner/work/human-essentials/human-essentials/public/assets/controllers/checkbox_with_nested_element_controller-1645dd2a3a857d546354c90b0c415a9d1dd4de6974048fd41bfc1d6f45ccb3eb.js
2024-02-20T21:41:33.3171010Z I, [2024-02-20T13:41:33.293214 #2283]  INFO -- : Writing /home/runner/work/human-essentials/human-essentials/public/assets/controllers/checkbox_with_nested_element_controller-1645dd2a3a857d546354c90b0c415a9d1dd4de6974048fd41bfc1d6f45ccb3eb.js.gz
2024-02-20T21:41:33.3178233Z I, [2024-02-20T13:41:33.314272 #2283]  INFO -- : Writing /home/runner/work/human-essentials/human-essentials/public/assets/controllers/distribution_delivery_controller-89fc613f734c2b1538c1e9948abeb353ea73d22678fc08597d48fa36a70c5c51.js
2024-02-20T21:41:33.3182504Z I, [2024-02-20T13:41:33.314372 #2283]  INFO -- : Writing /home/runner/work/human-essentials/human-essentials/public/assets/controllers/distribution_delivery_controller-89fc613f734c2b1538c1e9948abeb353ea73d22678fc08597d48fa36a70c5c51.js.gz
2024-02-20T21:41:33.3186595Z I, [2024-02-20T13:41:33.314475 #2283]  INFO -- : Writing /home/runner/work/human-essentials/human-essentials/public/assets/controllers/double_select_controller-bb2e4a65f2c66cacc8ec4dd491c2233b0aac53187ebe1fbaaffedfbaf7db9099.js
2024-02-20T21:41:33.3190626Z I, [2024-02-20T13:41:33.314547 #2283]  INFO -- : Writing /home/runner/work/human-essentials/human-essentials/public/assets/controllers/double_select_controller-bb2e4a65f2c66cacc8ec4dd491c2233b0aac53187ebe1fbaaffedfbaf7db9099.js.gz
2024-02-20T21:41:33.3195330Z I, [2024-02-20T13:41:33.314640 #2283]  INFO -- : Writing /home/runner/work/human-essentials/human-essentials/public/assets/controllers/highchart_controller-7640167d6e3481659a5ead23f046e3c6852c08e30ce8aa6f09aa5cce0f7ea02d.js
2024-02-20T21:41:33.3199691Z I, [2024-02-20T13:41:33.314714 #2283]  INFO -- : Writing /home/runner/work/human-essentials/human-essentials/public/assets/controllers/highchart_controller-7640167d6e3481659a5ead23f046e3c6852c08e30ce8aa6f09aa5cce0f7ea02d.js.gz
2024-02-20T21:41:33.3204040Z I, [2024-02-20T13:41:33.314808 #2283]  INFO -- : Writing /home/runner/work/human-essentials/human-essentials/public/assets/controllers/index-2db729dddcc5b979110e98de4b6720f83f91a123172e87281d5a58410fc43806.js
2024-02-20T21:41:33.3208473Z I, [2024-02-20T13:41:33.314876 #2283]  INFO -- : Writing /home/runner/work/human-essentials/human-essentials/public/assets/controllers/index-2db729dddcc5b979110e98de4b6720f83f91a123172e87281d5a58410fc43806.js.gz
2024-02-20T21:41:33.3212554Z I, [2024-02-20T13:41:33.314978 #2283]  INFO -- : Writing /home/runner/work/human-essentials/human-essentials/public/assets/controllers/request_item_controller-3d80a8cfc8c3931a9addd9502dd972f6b9b6df1b44435b3ec0371f2dd5aef579.js
2024-02-20T21:41:33.3216348Z I, [2024-02-20T13:41:33.315052 #2283]  INFO -- : Writing /home/runner/work/human-essentials/human-essentials/public/assets/controllers/request_item_controller-3d80a8cfc8c3931a9addd9502dd972f6b9b6df1b44435b3ec0371f2dd5aef579.js.gz
2024-02-20T21:41:33.3219911Z I, [2024-02-20T13:41:33.315144 #2283]  INFO -- : Writing /home/runner/work/human-essentials/human-essentials/public/assets/controllers/select2_controller-13c15fa4f8996b06b43552325b12e3a14e158db06264b83cfff2e521a16fceeb.js
2024-02-20T21:41:33.3223595Z I, [2024-02-20T13:41:33.315211 #2283]  INFO -- : Writing /home/runner/work/human-essentials/human-essentials/public/assets/controllers/select2_controller-13c15fa4f8996b06b43552325b12e3a14e158db06264b83cfff2e521a16fceeb.js.gz
2024-02-20T21:41:33.3227306Z I, [2024-02-20T13:41:33.315296 #2283]  INFO -- : Writing /home/runner/work/human-essentials/human-essentials/public/assets/controllers/served_area_controller-37738489813fc06349f3fb1bc7abc5d5493318ce553f1bebbfa1f8fe06ebfb4a.js
2024-02-20T21:41:33.3231030Z I, [2024-02-20T13:41:33.315363 #2283]  INFO -- : Writing /home/runner/work/human-essentials/human-essentials/public/assets/controllers/served_area_controller-37738489813fc06349f3fb1bc7abc5d5493318ce553f1bebbfa1f8fe06ebfb4a.js.gz
2024-02-20T21:41:33.3234815Z I, [2024-02-20T13:41:33.315452 #2283]  INFO -- : Writing /home/runner/work/human-essentials/human-essentials/public/assets/controllers/turbo_controller-fccb6961e984a4e30ac5da2e1cf185bbfb9d9e8677a0bf2e284ec349e7b0db17.js
2024-02-20T21:41:33.3238339Z I, [2024-02-20T13:41:33.315517 #2283]  INFO -- : Writing /home/runner/work/human-essentials/human-essentials/public/assets/controllers/turbo_controller-fccb6961e984a4e30ac5da2e1cf185bbfb9d9e8677a0bf2e284ec349e7b0db17.js.gz
2024-02-20T21:41:33.3241758Z I, [2024-02-20T13:41:33.315610 #2283]  INFO -- : Writing /home/runner/work/human-essentials/human-essentials/public/assets/startup-bf111fcbf368bc988dfcb050d057ec73e21f190d7921e15689dd5ebf674e6d00.js
2024-02-20T21:41:33.3245394Z I, [2024-02-20T13:41:33.315679 #2283]  INFO -- : Writing /home/runner/work/human-essentials/human-essentials/public/assets/startup-bf111fcbf368bc988dfcb050d057ec73e21f190d7921e15689dd5ebf674e6d00.js.gz
2024-02-20T21:41:33.3248703Z I, [2024-02-20T13:41:33.315769 #2283]  INFO -- : Writing /home/runner/work/human-essentials/human-essentials/public/assets/utils/barcode_items-ee1050c4d1ade4569ef6cfc83d5f4792f67daabaca0ae24f75455737fea0a72b.js
2024-02-20T21:41:33.3252190Z I, [2024-02-20T13:41:33.315832 #2283]  INFO -- : Writing /home/runner/work/human-essentials/human-essentials/public/assets/utils/barcode_items-ee1050c4d1ade4569ef6cfc83d5f4792f67daabaca0ae24f75455737fea0a72b.js.gz
2024-02-20T21:41:33.3255721Z I, [2024-02-20T13:41:33.315921 #2283]  INFO -- : Writing /home/runner/work/human-essentials/human-essentials/public/assets/utils/barcode_scan-757b66b6921154f49e7cc4c5dc2f146f91f1648beffaa8ef106d94585a273ba9.js
2024-02-20T21:41:33.3259023Z I, [2024-02-20T13:41:33.315983 #2283]  INFO -- : Writing /home/runner/work/human-essentials/human-essentials/public/assets/utils/barcode_scan-757b66b6921154f49e7cc4c5dc2f146f91f1648beffaa8ef106d94585a273ba9.js.gz
2024-02-20T21:41:33.3262711Z I, [2024-02-20T13:41:33.316067 #2283]  INFO -- : Writing /home/runner/work/human-essentials/human-essentials/public/assets/utils/deadline_day_pickers-b0b264db9e3c8107c161cc4571e71cf901bcc511175271d218a553c4e1889065.js
2024-02-20T21:41:33.3266600Z I, [2024-02-20T13:41:33.316126 #2283]  INFO -- : Writing /home/runner/work/human-essentials/human-essentials/public/assets/utils/deadline_day_pickers-b0b264db9e3c8107c161cc4571e71cf901bcc511175271d218a553c4e1889065.js.gz
2024-02-20T21:41:33.3270295Z I, [2024-02-20T13:41:33.316210 #2283]  INFO -- : Writing /home/runner/work/human-essentials/human-essentials/public/assets/utils/distributions_and_transfers-1f9709e9a8df250acfe3e7a79f1501b2696b1f36d5adcf083a61a1b005cce3d2.js
2024-02-20T21:41:33.3274134Z I, [2024-02-20T13:41:33.316272 #2283]  INFO -- : Writing /home/runner/work/human-essentials/human-essentials/public/assets/utils/distributions_and_transfers-1f9709e9a8df250acfe3e7a79f1501b2696b1f36d5adcf083a61a1b005cce3d2.js.gz
2024-02-20T21:41:33.3277661Z I, [2024-02-20T13:41:33.316355 #2283]  INFO -- : Writing /home/runner/work/human-essentials/human-essentials/public/assets/utils/donations-1c3e9a15fc370afd2c3836ccf8dde6013c35412a8d83cf6c1e31bec95ef72b26.js
2024-02-20T21:41:33.3281203Z I, [2024-02-20T13:41:33.316417 #2283]  INFO -- : Writing /home/runner/work/human-essentials/human-essentials/public/assets/utils/donations-1c3e9a15fc370afd2c3836ccf8dde6013c35412a8d83cf6c1e31bec95ef72b26.js.gz
2024-02-20T21:41:33.3284730Z I, [2024-02-20T13:41:33.316537 #2283]  INFO -- : Writing /home/runner/work/human-essentials/human-essentials/public/assets/utils/purchases-5c814ba098feaa8a7b4abff24267c1da909f3e52e12c97660f8a0b8c1ff4aea1.js
2024-02-20T21:41:33.3288143Z I, [2024-02-20T13:41:33.316602 #2283]  INFO -- : Writing /home/runner/work/human-essentials/human-essentials/public/assets/utils/purchases-5c814ba098feaa8a7b4abff24267c1da909f3e52e12c97660f8a0b8c1ff4aea1.js.gz
2024-02-20T21:41:33.3291659Z I, [2024-02-20T13:41:33.316694 #2283]  INFO -- : Writing /home/runner/work/human-essentials/human-essentials/public/assets/filterrific-f3a290db250e05344fd62c216b903689f73eff5e270ef021e425551006092e08.js
2024-02-20T21:41:33.3294881Z I, [2024-02-20T13:41:33.316761 #2283]  INFO -- : Writing /home/runner/work/human-essentials/human-essentials/public/assets/filterrific-f3a290db250e05344fd62c216b903689f73eff5e270ef021e425551006092e08.js.gz
2024-02-20T21:41:33.3298222Z I, [2024-02-20T13:41:33.316854 #2283]  INFO -- : Writing /home/runner/work/human-essentials/human-essentials/public/assets/stimulusloading-1fc59770fb1654500044afd3f5f6d7d00800e5be36746d55b94a2963a7a228aa.js
2024-02-20T21:41:33.3301668Z I, [2024-02-20T13:41:33.316920 #2283]  INFO -- : Writing /home/runner/work/human-essentials/human-essentials/public/assets/stimulusloading-1fc59770fb1654500044afd3f5f6d7d00800e5be36746d55b94a2963a7a228aa.js.gz
2024-02-20T21:41:33.3304880Z I, [2024-02-20T13:41:33.317012 #2283]  INFO -- : Writing /home/runner/work/human-essentials/human-essentials/public/assets/turbo-6d175a349e5f8dce67321b74b7782510772c9ba4eb49e6b5d693fd21a80c64e3.js
2024-02-20T21:41:33.3307957Z I, [2024-02-20T13:41:33.317078 #2283]  INFO -- : Writing /home/runner/work/human-essentials/human-essentials/public/assets/turbo-6d175a349e5f8dce67321b74b7782510772c9ba4eb49e6b5d693fd21a80c64e3.js.gz
2024-02-20T21:41:33.3311257Z I, [2024-02-20T13:41:33.317169 #2283]  INFO -- : Writing /home/runner/work/human-essentials/human-essentials/public/assets/turbo.min-fcb683144a7bcb99720c2a5325259ae33a534c66f030618d91bb306a3bb6efd2.js
2024-02-20T21:41:33.3314427Z I, [2024-02-20T13:41:33.317239 #2283]  INFO -- : Writing /home/runner/work/human-essentials/human-essentials/public/assets/turbo.min-fcb683144a7bcb99720c2a5325259ae33a534c66f030618d91bb306a3bb6efd2.js.gz
2024-02-20T21:41:33.3317681Z I, [2024-02-20T13:41:33.317333 #2283]  INFO -- : Writing /home/runner/work/human-essentials/human-essentials/public/assets/turbo.min.js-028e9643b95477a3fccdc3838200745f801adfea468556a03f7cf399eff6f110.map
2024-02-20T21:41:33.3320917Z I, [2024-02-20T13:41:33.317414 #2283]  INFO -- : Writing /home/runner/work/human-essentials/human-essentials/public/assets/turbo.min.js-028e9643b95477a3fccdc3838200745f801adfea468556a03f7cf399eff6f110.map.gz
2024-02-20T21:41:33.3324204Z I, [2024-02-20T13:41:33.317516 #2283]  INFO -- : Writing /home/runner/work/human-essentials/human-essentials/public/assets/stimulus-loading-3576ce92b149ad5d6959438c6f291e2426c86df3b874c525b30faad51b0d96b3.js
2024-02-20T21:41:33.3329418Z I, [2024-02-20T13:41:33.317609 #2283]  INFO -- : Writing /home/runner/work/human-essentials/human-essentials/public/assets/stimulus-loading-3576ce92b149ad5d6959438c6f291e2426c86df3b874c525b30faad51b0d96b3.js.gz
2024-02-20T21:41:33.3333208Z I, [2024-02-20T13:41:33.317794 #2283]  INFO -- : Writing /home/runner/work/human-essentials/human-essentials/public/assets/popper-003a40d80fd205e1fa00da117d5bdc19720ba330706eaa17f9ba9513fa502304.js
2024-02-20T21:41:33.3336645Z I, [2024-02-20T13:41:33.317861 #2283]  INFO -- : Writing /home/runner/work/human-essentials/human-essentials/public/assets/popper-003a40d80fd205e1fa00da117d5bdc19720ba330706eaa17f9ba9513fa502304.js.gz
2024-02-20T21:41:33.3340217Z I, [2024-02-20T13:41:33.317955 #2283]  INFO -- : Writing /home/runner/work/human-essentials/human-essentials/public/assets/actiontext-28c61f5197c204db043317a8f8826a87ab31495b741f854d307ca36122deefce.js
2024-02-20T21:41:33.3343747Z I, [2024-02-20T13:41:33.318024 #2283]  INFO -- : Writing /home/runner/work/human-essentials/human-essentials/public/assets/actiontext-28c61f5197c204db043317a8f8826a87ab31495b741f854d307ca36122deefce.js.gz
2024-02-20T21:41:33.3347252Z I, [2024-02-20T13:41:33.318116 #2283]  INFO -- : Writing /home/runner/work/human-essentials/human-essentials/public/assets/trix-1563ff9c10f74e143b3ded40a8458497eaf2f87a648a5cbbfebdb7dec3447a5e.js
2024-02-20T21:41:33.3350618Z I, [2024-02-20T13:41:33.318185 #2283]  INFO -- : Writing /home/runner/work/human-essentials/human-essentials/public/assets/trix-1563ff9c10f74e143b3ded40a8458497eaf2f87a648a5cbbfebdb7dec3447a5e.js.gz
2024-02-20T21:41:33.3354035Z I, [2024-02-20T13:41:33.318276 #2283]  INFO -- : Writing /home/runner/work/human-essentials/human-essentials/public/assets/trix-b0398dade8e5ac249fe98f2e850f45adbcdfecd8a11c46b3eb67bdedb87b1b04.css
2024-02-20T21:41:33.3357553Z I, [2024-02-20T13:41:33.318345 #2283]  INFO -- : Writing /home/runner/work/human-essentials/human-essentials/public/assets/trix-b0398dade8e5ac249fe98f2e850f45adbcdfecd8a11c46b3eb67bdedb87b1b04.css.gz
2024-02-20T21:41:33.3361028Z I, [2024-02-20T13:41:33.318438 #2283]  INFO -- : Writing /home/runner/work/human-essentials/human-essentials/public/assets/stimulus-f75215805563870a61ee9dc5a207ce46d4675c7e667558a54344fd1e7baa697f.js
2024-02-20T21:41:33.3364437Z I, [2024-02-20T13:41:33.318506 #2283]  INFO -- : Writing /home/runner/work/human-essentials/human-essentials/public/assets/stimulus-f75215805563870a61ee9dc5a207ce46d4675c7e667558a54344fd1e7baa697f.js.gz
2024-02-20T21:41:33.3368334Z I, [2024-02-20T13:41:33.318600 #2283]  INFO -- : Writing /home/runner/work/human-essentials/human-essentials/public/assets/stimulus-autoloader-c584942b568ba74879da31c7c3d51366737bacaf6fbae659383c0a5653685693.js
2024-02-20T21:41:33.3371888Z I, [2024-02-20T13:41:33.318670 #2283]  INFO -- : Writing /home/runner/work/human-essentials/human-essentials/public/assets/stimulus-autoloader-c584942b568ba74879da31c7c3d51366737bacaf6fbae659383c0a5653685693.js.gz
2024-02-20T21:41:33.3375642Z I, [2024-02-20T13:41:33.318764 #2283]  INFO -- : Writing /home/runner/work/human-essentials/human-essentials/public/assets/stimulus-importmap-autoloader-db2076c783bf2dbee1226e2add52fef290b5d31b5bcd1edd999ac8a6dd31c44a.js
2024-02-20T21:41:33.3379756Z I, [2024-02-20T13:41:33.318834 #2283]  INFO -- : Writing /home/runner/work/human-essentials/human-essentials/public/assets/stimulus-importmap-autoloader-db2076c783bf2dbee1226e2add52fef290b5d31b5bcd1edd999ac8a6dd31c44a.js.gz
2024-02-20T21:41:33.3383691Z I, [2024-02-20T13:41:33.318921 #2283]  INFO -- : Writing /home/runner/work/human-essentials/human-essentials/public/assets/stimulus-loading-3576ce92b149ad5d6959438c6f291e2426c86df3b874c525b30faad51b0d96b3.js
2024-02-20T21:41:33.3387584Z I, [2024-02-20T13:41:33.318981 #2283]  INFO -- : Writing /home/runner/work/human-essentials/human-essentials/public/assets/stimulus-loading-3576ce92b149ad5d6959438c6f291e2426c86df3b874c525b30faad51b0d96b3.js.gz
2024-02-20T21:41:33.3391585Z I, [2024-02-20T13:41:33.319070 #2283]  INFO -- : Writing /home/runner/work/human-essentials/human-essentials/public/assets/stimulus.min-dd364f16ec9504dfb72672295637a1c8838773b01c0b441bd41008124c407894.js
2024-02-20T21:41:33.3395261Z I, [2024-02-20T13:41:33.319135 #2283]  INFO -- : Writing /home/runner/work/human-essentials/human-essentials/public/assets/stimulus.min-dd364f16ec9504dfb72672295637a1c8838773b01c0b441bd41008124c407894.js.gz
2024-02-20T21:41:33.3399197Z I, [2024-02-20T13:41:33.319220 #2283]  INFO -- : Writing /home/runner/work/human-essentials/human-essentials/public/assets/stimulus-autoloader-c584942b568ba74879da31c7c3d51366737bacaf6fbae659383c0a5653685693.js
2024-02-20T21:41:33.3402659Z I, [2024-02-20T13:41:33.319294 #2283]  INFO -- : Writing /home/runner/work/human-essentials/human-essentials/public/assets/stimulus-autoloader-c584942b568ba74879da31c7c3d51366737bacaf6fbae659383c0a5653685693.js.gz
2024-02-20T21:41:33.3406476Z I, [2024-02-20T13:41:33.319391 #2283]  INFO -- : Writing /home/runner/work/human-essentials/human-essentials/public/assets/stimulus-importmap-autoloader-db2076c783bf2dbee1226e2add52fef290b5d31b5bcd1edd999ac8a6dd31c44a.js
2024-02-20T21:41:33.3410267Z I, [2024-02-20T13:41:33.319463 #2283]  INFO -- : Writing /home/runner/work/human-essentials/human-essentials/public/assets/stimulus-importmap-autoloader-db2076c783bf2dbee1226e2add52fef290b5d31b5bcd1edd999ac8a6dd31c44a.js.gz
2024-02-20T21:41:33.3413783Z I, [2024-02-20T13:41:33.319560 #2283]  INFO -- : Writing /home/runner/work/human-essentials/human-essentials/public/assets/stimulus-loading-3576ce92b149ad5d6959438c6f291e2426c86df3b874c525b30faad51b0d96b3.js
2024-02-20T21:41:33.3417250Z I, [2024-02-20T13:41:33.319631 #2283]  INFO -- : Writing /home/runner/work/human-essentials/human-essentials/public/assets/stimulus-loading-3576ce92b149ad5d6959438c6f291e2426c86df3b874c525b30faad51b0d96b3.js.gz
2024-02-20T21:41:33.3420575Z I, [2024-02-20T13:41:33.319738 #2283]  INFO -- : Writing /home/runner/work/human-essentials/human-essentials/public/assets/stimulus.min.js-2cc63625fa177963b45da974806e7aee846cbf1d4930815733d0fdf3fb232325.map
2024-02-20T21:41:33.3423791Z I, [2024-02-20T13:41:33.319817 #2283]  INFO -- : Writing /home/runner/work/human-essentials/human-essentials/public/assets/stimulus.min.js-2cc63625fa177963b45da974806e7aee846cbf1d4930815733d0fdf3fb232325.map.gz
2024-02-20T21:41:33.3427334Z I, [2024-02-20T13:41:33.319919 #2283]  INFO -- : Writing /home/runner/work/human-essentials/human-essentials/public/assets/activestorage-3ab61e47dd4ee2d79db525ade1dca2ede0ea2b7371fe587e408ee37b7ade265d.js
2024-02-20T21:41:33.3430704Z I, [2024-02-20T13:41:33.319997 #2283]  INFO -- : Writing /home/runner/work/human-essentials/human-essentials/public/assets/activestorage-3ab61e47dd4ee2d79db525ade1dca2ede0ea2b7371fe587e408ee37b7ade265d.js.gz
2024-02-20T21:41:33.3434022Z I, [2024-02-20T13:41:33.320103 #2283]  INFO -- : Writing /home/runner/work/human-essentials/human-essentials/public/assets/activestorage.esm-01f58a45d77495cdfbdfcc872902a430426c4391634ec9c3da5f69fbf8418492.js
2024-02-20T21:41:33.3437464Z I, [2024-02-20T13:41:33.320183 #2283]  INFO -- : Writing /home/runner/work/human-essentials/human-essentials/public/assets/activestorage.esm-01f58a45d77495cdfbdfcc872902a430426c4391634ec9c3da5f69fbf8418492.js.gz
2024-02-20T21:41:33.3440722Z I, [2024-02-20T13:41:33.320289 #2283]  INFO -- : Writing /home/runner/work/human-essentials/human-essentials/public/assets/actioncable-5433453f9b6619a9de91aaab2d7fc7ff183e5260c0107cbc9a1aa0c838d9a74e.js
2024-02-20T21:41:33.3443941Z I, [2024-02-20T13:41:33.320364 #2283]  INFO -- : Writing /home/runner/work/human-essentials/human-essentials/public/assets/actioncable-5433453f9b6619a9de91aaab2d7fc7ff183e5260c0107cbc9a1aa0c838d9a74e.js.gz
2024-02-20T21:41:33.3450375Z I, [2024-02-20T13:41:33.328506 #2283]  INFO -- : Writing /home/runner/work/human-essentials/human-essentials/public/assets/actioncable.esm-e01089c3ec4fe7817fa9abcad06cab6bdc387f95f0ca6aab4bf7ba7537f70690.js
2024-02-20T21:41:33.3454443Z I, [2024-02-20T13:41:33.328626 #2283]  INFO -- : Writing /home/runner/work/human-essentials/human-essentials/public/assets/actioncable.esm-e01089c3ec4fe7817fa9abcad06cab6bdc387f95f0ca6aab4bf7ba7537f70690.js.gz
2024-02-20T21:41:33.8297955Z Coverage report generated for RSpec to /home/runner/work/human-essentials/human-essentials/coverage. 329 / 10166 LOC (3.24%) covered.
2024-02-20T21:41:33.9017473Z ##[group]Run RUBYOPT='-W:no-deprecated -W:no-experimental' bin/knapsack_pro_rspec
2024-02-20T21:41:33.9018440Z [36;1mRUBYOPT='-W:no-deprecated -W:no-experimental' bin/knapsack_pro_rspec[0m
2024-02-20T21:41:33.9046568Z shell: /usr/bin/bash -e {0}
2024-02-20T21:41:33.9046960Z env:
2024-02-20T21:41:33.9047277Z   POSTGRES_HOST: localhost
2024-02-20T21:41:33.9047715Z   DATABASE_HOST: localhost
2024-02-20T21:41:33.9048096Z   PG_USERNAME: postgres
2024-02-20T21:41:33.9048457Z   PG_PASSWORD: password
2024-02-20T21:41:33.9048907Z   POSTGRES_HOST_AUTH_METHOD: trust
2024-02-20T21:41:33.9049322Z   POSTGRES_PORT: 5432
2024-02-20T21:41:33.9049630Z   PGHOST: localhost
2024-02-20T21:41:33.9050048Z   PGUSER: postgres
2024-02-20T21:41:33.9050657Z   RAILS_ENV: test
2024-02-20T21:41:33.9051375Z   KNAPSACK_PRO_TEST_SUITE_TOKEN_RSPEC: 
2024-02-20T21:41:33.9051932Z   KNAPSACK_PRO_CI_NODE_TOTAL: 6
2024-02-20T21:41:33.9052447Z   KNAPSACK_PRO_CI_NODE_INDEX: 5
2024-02-20T21:41:33.9052978Z   KNAPSACK_PRO_RSPEC_SPLIT_BY_TEST_EXAMPLES: true
2024-02-20T21:41:33.9053607Z   KNAPSACK_PRO_LOG_LEVEL: info
2024-02-20T21:41:33.9054263Z   KNAPSACK_PRO_TEST_FILE_PATTERN: {spec/system/**{,/*/**}/*_spec.rb,spec/requests/**{,/*/**}/*_spec.rb}
2024-02-20T21:41:33.9055089Z   EVENTS_READ: true
2024-02-20T21:41:33.9055409Z ##[endgroup]
2024-02-20T21:41:39.7500277Z W, [2024-02-20T21:41:39.749654 #2377]  WARN -- : [knapsack_pro] GET https://api-disabled-for-fork.knapsackpro.com/v1/build_distributions/last
2024-02-20T21:41:39.7502570Z W, [2024-02-20T21:41:39.749716 #2377]  WARN -- : [knapsack_pro] Request failed due to:
2024-02-20T21:41:39.7504354Z W, [2024-02-20T21:41:39.749734 #2377]  WARN -- : [knapsack_pro] #<SocketError: Failed to open TCP connection to api-disabled-for-fork.knapsackpro.com:443 (getaddrinfo: Name or service not known)>
2024-02-20T21:41:39.7508095Z W, [2024-02-20T21:41:39.749758 #2377]  WARN -- : [knapsack_pro] Slow test files fallback behaviour started. We could not connect with Knapsack Pro API to fetch last CI build test files that are needed to determine slow test files. No test files will be split by test cases. It means all test files will be split by the whole test files as if split by test cases would be disabled https://knapsackpro.com/perma/ruby/split-by-test-examples
2024-02-20T21:41:42.3379638Z W, [2024-02-20T21:41:42.337644 #2377]  WARN -- : [knapsack_pro] POST https://api-disabled-for-fork.knapsackpro.com/v1/build_distributions/subset
2024-02-20T21:41:42.3380884Z W, [2024-02-20T21:41:42.337686 #2377]  WARN -- : [knapsack_pro] Request failed due to:
2024-02-20T21:41:42.3382442Z W, [2024-02-20T21:41:42.337700 #2377]  WARN -- : [knapsack_pro] #<SocketError: Failed to open TCP connection to api-disabled-for-fork.knapsackpro.com:443 (getaddrinfo: Name or service not known)>
2024-02-20T21:41:42.3384615Z W, [2024-02-20T21:41:42.337736 #2377]  WARN -- : [knapsack_pro] Fallback mode started. We could not connect with Knapsack Pro API. Your tests will be executed based on directory names. Read more about fallback mode at https://knapsackpro.com/perma/ruby/fallback-mode
2024-02-20T21:41:42.3438273Z /opt/hostedtoolcache/Ruby/3.2.2/x64/bin/ruby -I/home/runner/work/human-essentials/human-essentials/vendor/bundle/ruby/3.2.0/gems/rspec-core-3.12.2/lib:/home/runner/work/human-essentials/human-essentials/vendor/bundle/ruby/3.2.0/gems/rspec-support-3.12.1/lib /home/runner/work/human-essentials/human-essentials/vendor/bundle/ruby/3.2.0/gems/rspec-core-3.12.2/exe/rspec  --format documentation --format KnapsackPro::Formatters::TimeTracker --default-path spec "spec/requests/admin/broadcast_announcements_spec.rb" "spec/requests/attachments_requests_spec.rb" "spec/requests/distributions_requests_spec.rb" "spec/requests/organization_requests_spec.rb" "spec/requests/partners/profiles_requests_county_spec.rb" "spec/requests/product_drives_requests_spec.rb" "spec/requests/static_requests_spec.rb" "spec/system/account_request_system_spec.rb" "spec/system/admin/dashboard_system_spec.rb" "spec/system/barcode_item_system_spec.rb" "spec/system/item_system_spec.rb" "spec/system/navigation_system_spec.rb" "spec/system/partners/helps_system_spec.rb" "spec/system/profile_served_area_system_spec.rb" "spec/system/transfer_system_spec.rb"
2024-02-20T21:41:50.7490622Z 
2024-02-20T21:41:50.7491385Z Randomized with seed 7595
2024-02-20T21:41:51.7185645Z 
2024-02-20T21:41:51.7186296Z Organizations
2024-02-20T21:41:51.7187782Z   While signed in as an organization admin
2024-02-20T21:41:51.7189422Z     POST #demote_to_user
2024-02-20T21:41:51.7907834Z       runs correctly
2024-02-20T21:41:51.7908496Z     PUT #reactivate_user
2024-02-20T21:41:51.8129087Z       reactivates the user
2024-02-20T21:41:51.8311334Z       redirect after update
2024-02-20T21:41:51.8312015Z     PUT #deactivate_user
2024-02-20T21:41:51.8481336Z       redirect after update
2024-02-20T21:41:51.8685817Z       deactivates the user
2024-02-20T21:41:51.8686457Z     GET #edit
2024-02-20T21:41:51.9503225Z       is expected to be successful
2024-02-20T21:41:51.9951363Z       is expected to render template matcher "edit"
2024-02-20T21:41:52.0414957Z       initializing the given organization
2024-02-20T21:41:52.0416073Z     POST #promote_to_org_admin
2024-02-20T21:41:52.0665457Z       runs successfully
2024-02-20T21:41:52.0666278Z     when attempting to access a different organization
2024-02-20T21:41:52.0667306Z       GET #show
2024-02-20T21:41:52.2879559Z         shows your own anyway
2024-02-20T21:41:52.2880661Z       POST #promote_to_org_admin
2024-02-20T21:41:52.4907577Z         redirects after update
2024-02-20T21:41:52.4908217Z       GET #edit
2024-02-20T21:41:52.7094745Z         shows your own anyway
2024-02-20T21:41:52.7095488Z     PATCH #update
2024-02-20T21:41:52.7319237Z       can update name
2024-02-20T21:41:52.7505397Z       should be redirect after update
2024-02-20T21:41:52.7506506Z       when organization can not be updated
2024-02-20T21:41:52.7997432Z         renders edit template with an error message
2024-02-20T21:41:52.7998129Z   While signed in as a normal user
2024-02-20T21:41:52.7999236Z     GET #show
2024-02-20T21:41:52.8615004Z       is expected to be successful
2024-02-20T21:41:52.9094276Z       load the current organization
2024-02-20T21:41:52.9234361Z     PATCH #update
2024-02-20T21:41:52.9234936Z       is expected to have error
2024-02-20T21:41:52.9368880Z       is expected to redirect to "/db_1/dashboard"
2024-02-20T21:41:52.9370087Z     GET #edit
2024-02-20T21:41:52.9508506Z       is expected to redirect to "/db_1/dashboard"
2024-02-20T21:41:52.9639052Z       is expected to have error
2024-02-20T21:41:52.9639709Z   When signed in as a super admin
2024-02-20T21:41:52.9640683Z     POST #promote_to_org_admin
2024-02-20T21:41:52.9893138Z       runs successfully
2024-02-20T21:41:52.9893848Z     PUT #reactivate_user
2024-02-20T21:41:53.0103624Z       reactivates the user
2024-02-20T21:41:53.0287105Z       redirect after update
2024-02-20T21:41:53.0287812Z     PUT #deactivate_user
2024-02-20T21:41:53.0470691Z       deactivates the user
2024-02-20T21:41:53.0641954Z       redirect after update
2024-02-20T21:41:53.0642816Z     POST #demote_to_user
2024-02-20T21:41:53.1011220Z       runs successfully
2024-02-20T21:41:53.1012322Z 
2024-02-20T21:41:53.1012568Z /partners/profiles
2024-02-20T21:41:53.1014482Z   partial (area_served) presence when that partial specified
2024-02-20T21:41:53.1015440Z     on show
2024-02-20T21:41:53.3332109Z       displays the area served if specified
2024-02-20T21:41:53.5546495Z       handles empty county list
2024-02-20T21:41:53.5547374Z       full_county_list
2024-02-20T21:41:53.7878331Z         displays the counties
2024-02-20T21:41:54.0175272Z     on edit
2024-02-20T21:41:54.0175996Z       displays the area served if specified
2024-02-20T21:41:54.0177179Z       full_county_list
2024-02-20T21:41:54.2489397Z         displays the counties
2024-02-20T21:41:54.4821251Z         has the right total
2024-02-20T21:41:54.4822333Z   partial (area served) absence when only other partials specified
2024-02-20T21:41:54.4823265Z     on show
2024-02-20T21:41:54.7150753Z       does not display the client share if only other partials are specified
2024-02-20T21:41:54.7151852Z     on edit
2024-02-20T21:41:54.9410272Z       does not display the client share if only other partials are specified
2024-02-20T21:41:54.9411335Z   basic
2024-02-20T21:41:54.9412093Z     GET #edit
2024-02-20T21:41:55.2031484Z       displays the partner area served entry if there are no partials specified for the organization
2024-02-20T21:41:55.2032942Z     on show
2024-02-20T21:41:55.4247557Z       displays the partner area served entry if there are no partials specified for the organization
2024-02-20T21:41:55.6404797Z       handles empty county list
2024-02-20T21:41:55.6405621Z 
2024-02-20T21:41:55.6405989Z Attachments
2024-02-20T21:41:55.6407107Z   DELETE #destroy
2024-02-20T21:41:55.6887144Z     redirects to referrer
2024-02-20T21:41:55.6887661Z 
2024-02-20T21:41:55.6887883Z Transfer management
2024-02-20T21:41:57.9477855Z   can delete a transfer to undo the inventory count changes
2024-02-20T21:41:59.5049842Z   shows a error when deleting a transfer that causes an insufficient inventory counts
2024-02-20T21:41:59.9853944Z   should not include inactive storage locations in dropdowns when creating a new transfer
2024-02-20T21:42:00.8429527Z   Does not include inactive items in the line item fields
2024-02-20T21:42:02.0914455Z   can transfer an inventory from a storage location to another as a user
2024-02-20T21:42:02.0915660Z   when viewing the index page
2024-02-20T21:42:03.4656702Z     can filter the #index by storage location both from and to as a user
2024-02-20T21:42:03.4657906Z     behaves like Date Range Picker
2024-02-20T21:42:03.4658902Z       when choosing 'Last Month'
2024-02-20T21:42:04.4846390Z         shows only 2 of the records
2024-02-20T21:42:04.4847438Z       when choosing a date range that only includes the previous week
2024-02-20T21:42:05.4584673Z         shows only 1 record
2024-02-20T21:42:05.4585626Z       when choosing 'All Time'
2024-02-20T21:42:06.4258374Z         shows all the records
2024-02-20T21:42:06.4259828Z   when there's insufficient inventory at the origin to cover the move
2024-02-20T21:42:07.6434437Z     User can transfer an inventory from a storage location to another
2024-02-20T21:42:07.6435227Z 
2024-02-20T21:42:07.6435501Z BroadcastAnnouncements
2024-02-20T21:42:07.6438160Z   GET /index
2024-02-20T21:42:07.6894579Z     renders a successful response
2024-02-20T21:42:07.6895383Z   DELETE /destroy
2024-02-20T21:42:07.7086427Z     destroys the requested announcement then redirects
2024-02-20T21:42:07.7087426Z   When logged in as an organization_admin
2024-02-20T21:42:07.7088194Z     GET /new
2024-02-20T21:42:07.7238311Z       redirects
2024-02-20T21:42:07.7238923Z     POST /create
2024-02-20T21:42:07.7385699Z       redirects
2024-02-20T21:42:07.7386518Z   PATCH /update
2024-02-20T21:42:07.7387564Z     with valid parameters
2024-02-20T21:42:07.7656792Z       updates the requested announcement and redirects
2024-02-20T21:42:07.7657881Z     with invalid parameters
2024-02-20T21:42:07.8052214Z       does not render a successful response
2024-02-20T21:42:07.8053112Z   GET /edit
2024-02-20T21:42:07.8403801Z     render a successful response
2024-02-20T21:42:07.8404820Z   POST /create
2024-02-20T21:42:07.8405586Z     with valid parameters
2024-02-20T21:42:07.8580313Z       creates a new BroadcastAnnouncement then redirects
2024-02-20T21:42:07.8581122Z     with invalid parameters
2024-02-20T21:42:07.8923046Z       does not render a successful response
2024-02-20T21:42:07.9258580Z       does not create a new BroadcastAnnouncement
2024-02-20T21:42:07.9259737Z   GET /new
2024-02-20T21:42:07.9569103Z     renders a successful response
2024-02-20T21:42:07.9569816Z 
2024-02-20T21:42:07.9570061Z Barcode management
2024-02-20T21:42:08.7167359Z   prevents a user from adding a new barcode with empty attributes
2024-02-20T21:42:08.7168378Z   While viewing the barcode items index page
2024-02-20T21:42:09.1993082Z     should only show the barcodes created within the organization
2024-02-20T21:42:09.7345410Z     should have the filter presented to user list items in alphabetical order
2024-02-20T21:42:10.5185804Z     can have a user filter the #index by barcode value
2024-02-20T21:42:11.3087603Z     can have a user filter the #index by item type
2024-02-20T21:42:12.0861357Z     can have a user filter the #index by base item type
2024-02-20T21:42:12.0862369Z   With organization-specific barcodes
2024-02-20T21:42:13.1515693Z     can have a user add a new barcode
2024-02-20T21:42:13.1516543Z     when editing an existing barcode
2024-02-20T21:42:13.9399696Z       saves the changes if they are valid
2024-02-20T21:42:14.7144960Z       fails to save the changes if the attributes are empty
2024-02-20T21:42:14.7145669Z 
2024-02-20T21:42:14.7146225Z Help
2024-02-20T21:42:14.7147334Z   for partner users
2024-02-20T21:42:15.2867140Z     displays the help page
2024-02-20T21:42:15.2867847Z 
2024-02-20T21:42:15.2868474Z Partners profile served area behaviour when accessed as bank
2024-02-20T21:42:15.2869711Z   changing the client share
2024-02-20T21:42:16.0648177Z     handles addition properly
2024-02-20T21:42:17.3496702Z     handles deletion properly
2024-02-20T21:42:18.4321112Z     handles an invalid total client share properly
2024-02-20T21:42:19.5775914Z     handles a changed but correct total client share properly
2024-02-20T21:42:19.5776839Z 
2024-02-20T21:42:19.5777312Z Navigation
2024-02-20T21:42:19.5778836Z   sidebar on admin
2024-02-20T21:42:19.5780109Z     with superadmin user
2024-02-20T21:42:20.1385445Z       shows navigation options
2024-02-20T21:42:20.1386071Z       with collapsed sidebar
2024-02-20T21:42:20.8311712Z         hides text
2024-02-20T21:42:20.8312781Z   sidebar on home
2024-02-20T21:42:20.8313952Z     with organization user
2024-02-20T21:42:21.4934345Z       shows navigation options
2024-02-20T21:42:21.4935199Z       with collapsed sidebar
2024-02-20T21:42:22.3394813Z         hides text
2024-02-20T21:42:22.3399230Z 
2024-02-20T21:42:22.3399675Z Dashboard
2024-02-20T21:42:22.3401000Z   When the super admin user does not have an organization assigned
2024-02-20T21:42:22.8365256Z     DOES NOT have a link to the organization
2024-02-20T21:42:22.8366347Z   When the super admin user also has an organization assigned
2024-02-20T21:42:23.3444072Z     displays a link to return to their organization
2024-02-20T21:42:23.3445003Z 
2024-02-20T21:42:23.3445257Z Static
2024-02-20T21:42:23.3447135Z   Non super user without org signed in
2024-02-20T21:42:23.3448113Z     GET #index
2024-02-20T21:42:23.3669244Z       redirects to a public/403.html page
2024-02-20T21:42:23.3670119Z   Super user without org signed in
2024-02-20T21:42:23.3671032Z     GET #index
2024-02-20T21:42:23.3775809Z       redirects to admin dashboard
2024-02-20T21:42:23.3776507Z   Signed in
2024-02-20T21:42:23.3777438Z     GET #index
2024-02-20T21:42:23.3888742Z       redirects to organization dashboard
2024-02-20T21:42:23.3889772Z   Not signed in
2024-02-20T21:42:23.3890571Z     GET #page/privacypolicy
2024-02-20T21:42:23.4042640Z       renders the contact page
2024-02-20T21:42:23.4043526Z     GET #index
2024-02-20T21:42:23.4134334Z       returns http success
2024-02-20T21:42:23.4198535Z       renders the static index
2024-02-20T21:42:23.4200576Z 
2024-02-20T21:42:23.4201166Z Distributions
2024-02-20T21:42:23.4202105Z   While signed in
2024-02-20T21:42:23.4205120Z     GET #new
2024-02-20T21:42:23.5205694Z       returns http success
2024-02-20T21:42:23.5207159Z       with org default but no partner default
2024-02-20T21:42:23.6416306Z         selects org default
2024-02-20T21:42:23.6417152Z       with partner default
2024-02-20T21:42:23.8115694Z         selects partner default
2024-02-20T21:42:23.8118007Z     GET #show
2024-02-20T21:42:23.9389320Z       sums distribution totals accurately
2024-02-20T21:42:23.9928617Z       returns http success
2024-02-20T21:42:23.9929476Z     GET #edit
2024-02-20T21:42:24.0916094Z       should not show a warning if the audit is for another location
2024-02-20T21:42:24.1849886Z       should show a warning if there is an inteverning audit
2024-02-20T21:42:24.2596948Z       should show the distribution
2024-02-20T21:42:24.2597951Z     GET #pickup_day
2024-02-20T21:42:24.2895244Z       returns http success
2024-02-20T21:42:24.3899689Z       correctly sums the item package counts from distributions
2024-02-20T21:42:24.5014068Z       correctly sums the item counts from distributions
2024-02-20T21:42:24.5015060Z     GET #index
2024-02-20T21:42:24.6969558Z       sums distribution totals accurately
2024-02-20T21:42:24.7323241Z       returns http success
2024-02-20T21:42:24.7324268Z     GET #schedule
2024-02-20T21:42:24.7677499Z       returns http success
2024-02-20T21:42:24.7678246Z     GET #reclaim
2024-02-20T21:42:24.8425136Z       returns http success
2024-02-20T21:42:24.8425898Z     POST #create
2024-02-20T21:42:24.8976163Z       renders #new again on failure, with notice (FAILED - 1)
2024-02-20T21:42:24.9594118Z       redirects to #show on success
2024-02-20T21:42:24.9594985Z     Looking at a different organization
2024-02-20T21:42:25.1525304Z       redirects the user to the sign-in page for CRUD actions
2024-02-20T21:42:25.1526283Z     POST #update
2024-02-20T21:42:25.2188184Z       returns a 200
2024-02-20T21:42:25.2189211Z       mail follow up
2024-02-20T21:42:25.2835931Z         does not send an e-mail
2024-02-20T21:42:25.2837025Z         sending
2024-02-20T21:42:25.3646168Z           does send an e-mail
2024-02-20T21:42:25.3647041Z         partner reminder sending switched off
2024-02-20T21:42:25.4327088Z           does not send the e-mail
2024-02-20T21:42:25.4327965Z       when changing storage location
2024-02-20T21:42:25.4373817Z         rollsback updates if quantity would go below 0
2024-02-20T21:42:25.6291338Z         updates storage quantity correctly
2024-02-20T21:42:25.6292203Z     GET #print
2024-02-20T21:42:25.6689261Z       returns http success
2024-02-20T21:42:25.6690263Z       with non-UTF8 characters
2024-02-20T21:42:25.7068155Z         returns http success
2024-02-20T21:42:25.7069252Z     GET #itemized_breakdown
2024-02-20T21:42:25.7223372Z       returns http success
2024-02-20T21:42:25.7224065Z     PATCH #picked_up
2024-02-20T21:42:25.7225029Z       when the distribution is successfully updated
2024-02-20T21:42:25.7641126Z         redirects the user back to the distributions page
2024-02-20T21:42:25.8055955Z         updates the state to 'complete'
2024-02-20T21:42:25.8056825Z   While not signed in
2024-02-20T21:42:25.8324080Z     redirects the user to the sign-in page for CRUD actions
2024-02-20T21:42:25.8325532Z     GET #calendar
2024-02-20T21:42:25.8326157Z       with a correct hash id
2024-02-20T21:42:25.8411858Z         should render the calendar
2024-02-20T21:42:25.8412825Z       without a correct hash id
2024-02-20T21:42:25.8474726Z         should error unauthorized
2024-02-20T21:42:25.8477638Z 
2024-02-20T21:42:25.8478058Z ProductDrives
2024-02-20T21:42:25.8479161Z   While signed in >
2024-02-20T21:42:25.8480721Z     GET #edit
2024-02-20T21:42:26.0739670Z       returns http success
2024-02-20T21:42:26.0740748Z     GET #show
2024-02-20T21:42:26.3675983Z       shows appropriate number on the UI
2024-02-20T21:42:26.5822706Z       returns http success
2024-02-20T21:42:26.5823418Z     GET #index
2024-02-20T21:42:26.8803857Z       returns http success
2024-02-20T21:42:27.3579013Z       displays only product drives that belong to organization and that match drive name and date range
2024-02-20T21:42:27.3580146Z       csv
2024-02-20T21:42:27.5714006Z         returns ONLY the product drives within a selected date range (inclusive)
2024-02-20T21:42:27.9467361Z         returns ONLY the associated product drives
2024-02-20T21:42:28.1730159Z         returns the quantity of all organization's items
2024-02-20T21:42:28.3975687Z         only counts items within the selected date range
2024-02-20T21:42:28.5866500Z         is successful
2024-02-20T21:42:28.5867241Z     PUT#update
2024-02-20T21:42:28.7908228Z       returns redirect http status
2024-02-20T21:42:28.7909052Z     POST#create
2024-02-20T21:42:28.9903461Z       returns redirect http status
2024-02-20T21:42:28.9904618Z     GET #new
2024-02-20T21:42:29.2022595Z       returns http success
2024-02-20T21:42:29.2023393Z     DELETE #destroy
2024-02-20T21:42:29.4003353Z       redirects to the index
2024-02-20T21:42:29.4004860Z   while not signed in
2024-02-20T21:42:29.5754769Z     is unsuccessful
2024-02-20T21:42:29.5755374Z 
2024-02-20T21:42:29.5755730Z Item management
2024-02-20T21:42:30.5111998Z   can include inactive items in the results
2024-02-20T21:42:31.2741184Z   can create a new item with empty attributes as a user
2024-02-20T21:42:32.4835701Z   can make the item invisible to partners
2024-02-20T21:42:33.2647421Z   can update an existing item with empty attributes as a user
2024-02-20T21:42:34.1981375Z   can create a new item with dollars decimal amount for value field
2024-02-20T21:42:35.1006694Z   can filter the #index by base item as a user
2024-02-20T21:42:35.9898051Z   can update an existing item as a user
2024-02-20T21:42:37.0083167Z   can create a new item as a user
2024-02-20T21:42:37.0083936Z   restoring items
2024-02-20T21:42:38.5863286Z     allows a user to restore the item
2024-02-20T21:42:38.5864079Z   destroying items
2024-02-20T21:42:38.5865150Z     when an item has history
2024-02-20T21:42:39.6604992Z       can be soft-deleted (deactivated) by the user
2024-02-20T21:42:39.6606125Z     when an item does not have history
2024-02-20T21:42:40.6775957Z       can be fully deleted by the user
2024-02-20T21:42:40.6777803Z   Item Category Management
2024-02-20T21:42:40.6778943Z     creating a new item category and associating to a new item
2024-02-20T21:42:40.6780109Z       and associating to a existing item
2024-02-20T21:42:43.1349292Z         should associate the item with the category
2024-02-20T21:42:43.1350227Z       and associating to a new item
2024-02-20T21:42:45.1419454Z         should create the new item with the correct category
2024-02-20T21:42:45.1420329Z   Item Table Tabs >
2024-02-20T21:42:45.9983602Z     should display items in separate tabs
2024-02-20T21:42:48.8277685Z     should display an Item Inventory table
2024-02-20T21:42:48.8278326Z 
2024-02-20T21:42:48.8278609Z Account request flow
2024-02-20T21:42:48.8280492Z   when in staging
2024-02-20T21:42:49.2639656Z     should prompt prospective users to request an account on the live app
2024-02-20T21:42:49.2640939Z   when not in staging
2024-02-20T21:42:51.8621244Z     should allow prospective users to request an account via a form. And that request form data gets used to create an organization
2024-02-20T21:42:51.8622783Z     with a partner agency
2024-02-20T21:42:52.4443545Z       reveals text that directs current partner to human essentials sign in page
2024-02-20T21:42:52.4444446Z     renders the #new template with the form and errors visible
2024-02-20T21:42:53.3162993Z       shows create bank form info and errors when required fields are missing
2024-02-20T21:42:53.3363233Z W, [2024-02-20T13:42:53.336011 #2425]  WARN -- : [knapsack_pro] POST https://api-disabled-for-fork.knapsackpro.com/v1/build_subsets
2024-02-20T21:42:53.3365678Z W, [2024-02-20T13:42:53.336070 #2425]  WARN -- : [knapsack_pro] Request failed due to:
2024-02-20T21:42:53.3368030Z W, [2024-02-20T13:42:53.336099 #2425]  WARN -- : [knapsack_pro] #<SocketError: Failed to open TCP connection to api-disabled-for-fork.knapsackpro.com:443 (getaddrinfo: Name or service not known)>
2024-02-20T21:42:53.3370213Z W, [2024-02-20T13:42:53.336135 #2425]  WARN -- : [knapsack_pro] Time execution report was not saved on Knapsack Pro API server due to connection problem.
2024-02-20T21:42:53.3526934Z 
2024-02-20T21:42:53.3527610Z Failures:
2024-02-20T21:42:53.3528291Z 
2024-02-20T21:42:53.3532582Z   1) Distributions While signed in POST #create renders #new again on failure, with notice
2024-02-20T21:42:53.3533932Z      Failure/Error:
2024-02-20T21:42:53.3536555Z        respond_to do |format|
2024-02-20T21:42:53.3537757Z          format.html { render template: "errors/404", layout: "layouts/application", status: :not_found }
2024-02-20T21:42:53.3539598Z          format.json { render body: nil, status: :not_found }
2024-02-20T21:42:53.3540561Z        end
2024-02-20T21:42:53.3540891Z 
2024-02-20T21:42:53.3541182Z      ActionController::UnknownFormat:
2024-02-20T21:42:53.3542127Z        ActionController::UnknownFormat
2024-02-20T21:42:53.3542923Z      # ./app/controllers/application_controller.rb:117:in `not_found!'
2024-02-20T21:42:53.3543899Z      # ./spec/requests/distributions_requests_spec.rb:96:in `block (4 levels) in <top (required)>'
2024-02-20T21:42:53.3544837Z      # ------------------
2024-02-20T21:42:53.3545268Z      # --- Caused by: ---
2024-02-20T21:42:53.3545677Z      # ActiveRecord::RecordNotFound:
2024-02-20T21:42:53.3546248Z      #   Couldn't find Item without an ID
2024-02-20T21:42:53.3546853Z      #   ./app/models/concerns/itemizable.rb:107:in `block in line_item_values'
2024-02-20T21:42:53.3547293Z 
2024-02-20T21:42:53.3547550Z Finished in 1 minute 2.59 seconds (files took 8.18 seconds to load)
2024-02-20T21:42:53.3548227Z 152 examples, 1 failure
2024-02-20T21:42:53.3548467Z 
2024-02-20T21:42:53.3548589Z Failed examples:
2024-02-20T21:42:53.3548787Z 
2024-02-20T21:42:53.3549479Z rspec ./spec/requests/distributions_requests_spec.rb:95 # Distributions While signed in POST #create renders #new again on failure, with notice
2024-02-20T21:42:53.3550189Z 
2024-02-20T21:42:53.3550363Z Randomized with seed 7595
2024-02-20T21:42:53.3550580Z 
2024-02-20T21:42:53.8361055Z Stopped processing SimpleCov as a previous error not related to SimpleCov has been detected
2024-02-20T21:42:53.8363441Z Coverage report generated for RSpec to /home/runner/work/human-essentials/human-essentials/coverage. 3721 / 6403 LOC (58.11%) covered.
2024-02-20T21:42:53.9481816Z /opt/hostedtoolcache/Ruby/3.2.2/x64/bin/ruby -I/home/runner/work/human-essentials/human-essentials/vendor/bundle/ruby/3.2.0/gems/rspec-core-3.12.2/lib:/home/runner/work/human-essentials/human-essentials/vendor/bundle/ruby/3.2.0/gems/rspec-support-3.12.1/lib /home/runner/work/human-essentials/human-essentials/vendor/bundle/ruby/3.2.0/gems/rspec-core-3.12.2/exe/rspec  --format documentation --format KnapsackPro::Formatters::TimeTracker --default-path spec "spec/requests/admin/broadcast_announcements_spec.rb" "spec/requests/attachments_requests_spec.rb" "spec/requests/distributions_requests_spec.rb" "spec/requests/organization_requests_spec.rb" "spec/requests/partners/profiles_requests_county_spec.rb" "spec/requests/product_drives_requests_spec.rb" "spec/requests/static_requests_spec.rb" "spec/system/account_request_system_spec.rb" "spec/system/admin/dashboard_system_spec.rb" "spec/system/barcode_item_system_spec.rb" "spec/system/item_system_spec.rb" "spec/system/navigation_system_spec.rb" "spec/system/partners/helps_system_spec.rb" "spec/system/profile_served_area_system_spec.rb" "spec/system/transfer_system_spec.rb" failed
2024-02-20T21:42:54.3423388Z Stopped processing SimpleCov as a previous error not related to SimpleCov has been detected
2024-02-20T21:42:54.3425739Z Coverage report generated for RSpec to /home/runner/work/human-essentials/human-essentials/coverage. 38 / 10651 LOC (0.36%) covered.
2024-02-20T21:42:54.3725681Z ##[error]Process completed with exit code 1.
2024-02-20T21:42:54.3801569Z ##[group]Run actions/upload-artifact@v2
2024-02-20T21:42:54.3802066Z with:
2024-02-20T21:42:54.3802413Z   name: failed-browser-tests
2024-02-20T21:42:54.3802897Z   path: tmp/capybara
2024-02-20T21:42:54.3803285Z   if-no-files-found: warn
2024-02-20T21:42:54.3803619Z ##[endgroup]
2024-02-20T21:42:54.4346113Z ##[warning]No files were found with the provided path: tmp/capybara. No artifacts will be uploaded.
2024-02-20T21:42:54.4446260Z Post job cleanup.
2024-02-20T21:42:54.5715020Z [command]/usr/bin/git version
2024-02-20T21:42:54.5766812Z git version 2.43.0
2024-02-20T21:42:54.5812921Z Temporarily overriding HOME='/home/runner/work/_temp/72d7a2f3-cddc-4af9-9334-143aa826a041' before making global git config changes
2024-02-20T21:42:54.5814203Z Adding repository directory to the temporary git global config as a safe directory
2024-02-20T21:42:54.5817029Z [command]/usr/bin/git config --global --add safe.directory /home/runner/work/human-essentials/human-essentials
2024-02-20T21:42:54.5867410Z [command]/usr/bin/git config --local --name-only --get-regexp core\.sshCommand
2024-02-20T21:42:54.5910597Z [command]/usr/bin/git submodule foreach --recursive sh -c "git config --local --name-only --get-regexp 'core\.sshCommand' && git config --local --unset-all 'core.sshCommand' || :"
2024-02-20T21:42:54.6170972Z [command]/usr/bin/git config --local --name-only --get-regexp http\.https\:\/\/github\.com\/\.extraheader
2024-02-20T21:42:54.6206997Z http.https://github.com/.extraheader
2024-02-20T21:42:54.6217094Z [command]/usr/bin/git config --local --unset-all http.https://github.com/.extraheader
2024-02-20T21:42:54.6260444Z [command]/usr/bin/git submodule foreach --recursive sh -c "git config --local --name-only --get-regexp 'http\.https\:\/\/github\.com\/\.extraheader' && git config --local --unset-all 'http.https://github.com/.extraheader' || :"
2024-02-20T21:42:54.6662715Z Print service container logs: 3f6ee939a5124063858d43e843fa0253_postgres123_a3b2fa
2024-02-20T21:42:54.6667702Z ##[command]/usr/bin/docker logs --details ae10cbd309f1354f958991847e52a7862fb9c2c3eed3507b2c876737bd45f6d2
2024-02-20T21:42:54.6787251Z  The files belonging to this database system will be owned by user "postgres".
2024-02-20T21:42:54.6790142Z  initdb: warning: enabling "trust" authentication for local connections
2024-02-20T21:42:54.6791209Z  You can change this by editing pg_hba.conf or using the option -A, or
2024-02-20T21:42:54.6792227Z  --auth-local and --auth-host, the next time you run initdb.
2024-02-20T21:42:54.6793817Z  2024-02-20 21:40:24.631 UTC [1] LOG:  starting PostgreSQL 12.3 (Debian 12.3-1.pgdg100+1) on x86_64-pc-linux-gnu, compiled by gcc (Debian 8.3.0-6) 8.3.0, 64-bit
2024-02-20T21:42:54.6795497Z  2024-02-20 21:40:24.631 UTC [1] LOG:  listening on IPv4 address "0.0.0.0", port 5432
2024-02-20T21:42:54.6796650Z  2024-02-20 21:40:24.631 UTC [1] LOG:  listening on IPv6 address "::", port 5432
2024-02-20T21:42:54.6797876Z  2024-02-20 21:40:24.632 UTC [1] LOG:  listening on Unix socket "/var/run/postgresql/.s.PGSQL.5432"
2024-02-20T21:42:54.6799187Z  2024-02-20 21:40:24.643 UTC [56] LOG:  database system was shut down at 2024-02-20 21:40:24 UTC
2024-02-20T21:42:54.6800399Z  2024-02-20 21:40:24.648 UTC [1] LOG:  database system is ready to accept connections
2024-02-20T21:42:54.6801444Z  2024-02-20 21:40:33.799 UTC [70] FATAL:  role "root" does not exist
2024-02-20T21:42:54.6802363Z  2024-02-20 21:40:43.895 UTC [78] FATAL:  role "root" does not exist
2024-02-20T21:42:54.6803557Z  2024-02-20 21:40:51.026 UTC [79] FATAL:  database "diaper_test" does not exist
2024-02-20T21:42:54.6804726Z  2024-02-20 21:40:54.002 UTC [89] FATAL:  role "root" does not exist
2024-02-20T21:42:54.6805870Z  2024-02-20 21:40:57.911 UTC [90] ERROR:  relation "flipper_gates" does not exist at character 491
2024-02-20T21:42:54.6807239Z  2024-02-20 21:40:57.911 UTC [90] STATEMENT:  SELECT a.attname, format_type(a.atttypid, a.atttypmod),
2024-02-20T21:42:54.6808476Z  	       pg_get_expr(d.adbin, d.adrelid), a.attnotnull, a.atttypid, a.atttypmod,
2024-02-20T21:42:54.6809523Z  	       c.collname, col_description(a.attrelid, a.attnum) AS comment,
2024-02-20T21:42:54.6810243Z  	       attgenerated as attgenerated
2024-02-20T21:42:54.6810576Z  	  FROM pg_attribute a
2024-02-20T21:42:54.6811007Z  	  LEFT JOIN pg_attrdef d ON a.attrelid = d.adrelid AND a.attnum = d.adnum
2024-02-20T21:42:54.6811540Z  	  LEFT JOIN pg_type t ON a.atttypid = t.oid
2024-02-20T21:42:54.6812362Z  	  LEFT JOIN pg_collation c ON a.attcollation = c.oid AND a.attcollation <> t.typcollation
2024-02-20T21:42:54.6812949Z  	 WHERE a.attrelid = '"flipper_gates"'::regclass
2024-02-20T21:42:54.6813350Z  	   AND a.attnum > 0 AND NOT a.attisdropped
2024-02-20T21:42:54.6813712Z  	 ORDER BY a.attnum
2024-02-20T21:42:54.6813954Z  	
2024-02-20T21:42:54.6814285Z  2024-02-20 21:41:04.087 UTC [100] FATAL:  role "root" does not exist
2024-02-20T21:42:54.6814844Z  2024-02-20 21:41:14.188 UTC [109] FATAL:  role "root" does not exist
2024-02-20T21:42:54.6815388Z  2024-02-20 21:41:24.266 UTC [118] FATAL:  role "root" does not exist
2024-02-20T21:42:54.6815926Z  2024-02-20 21:41:34.354 UTC [127] FATAL:  role "root" does not exist
2024-02-20T21:42:54.6816459Z  2024-02-20 21:41:44.455 UTC [135] FATAL:  role "root" does not exist
2024-02-20T21:42:54.6816986Z  2024-02-20 21:41:54.541 UTC [145] FATAL:  role "root" does not exist
2024-02-20T21:42:54.6817507Z  2024-02-20 21:42:04.650 UTC [154] FATAL:  role "root" does not exist
2024-02-20T21:42:54.6818043Z  2024-02-20 21:42:14.734 UTC [162] FATAL:  role "root" does not exist
2024-02-20T21:42:54.6818568Z  2024-02-20 21:42:24.833 UTC [170] FATAL:  role "root" does not exist
2024-02-20T21:42:54.6819096Z  2024-02-20 21:42:34.926 UTC [180] FATAL:  role "root" does not exist
2024-02-20T21:42:54.6819566Z  This user must also own the server process.
2024-02-20T21:42:54.6819910Z  
2024-02-20T21:42:54.6820460Z  The database cluster will be initialized with locale "en_US.utf8".
2024-02-20T21:42:54.6821064Z  The default database encoding has accordingly been set to "UTF8".
2024-02-20T21:42:54.6821631Z  The default text search configuration will be set to "english".
2024-02-20T21:42:54.6822052Z  
2024-02-20T21:42:54.6822274Z  Data page checksums are disabled.
2024-02-20T21:42:54.6822577Z  
2024-02-20T21:42:54.6822943Z  fixing permissions on existing directory /var/lib/postgresql/data ... ok
2024-02-20T21:42:54.6823434Z  creating subdirectories ... ok
2024-02-20T21:42:54.6823831Z  selecting dynamic shared memory implementation ... posix
2024-02-20T21:42:54.6824280Z  selecting default max_connections ... 100
2024-02-20T21:42:54.6824662Z  selecting default shared_buffers ... 128MB
2024-02-20T21:42:54.6825037Z  selecting default time zone ... Etc/UTC
2024-02-20T21:42:54.6825391Z  creating configuration files ... ok
2024-02-20T21:42:54.6825731Z  running bootstrap script ... ok
2024-02-20T21:42:54.6826104Z  performing post-bootstrap initialization ... ok
2024-02-20T21:42:54.6826484Z  syncing data to disk ... ok
2024-02-20T21:42:54.6826755Z  
2024-02-20T21:42:54.6826941Z  
2024-02-20T21:42:54.6827225Z  Success. You can now start the database server using:
2024-02-20T21:42:54.6827605Z  
2024-02-20T21:42:54.6827882Z      pg_ctl -D /var/lib/postgresql/data -l logfile start
2024-02-20T21:42:54.6828244Z  
2024-02-20T21:42:54.6829067Z  waiting for server to start....2024-02-20 21:40:24.428 UTC [47] LOG:  starting PostgreSQL 12.3 (Debian 12.3-1.pgdg100+1) on x86_64-pc-linux-gnu, compiled by gcc (Debian 8.3.0-6) 8.3.0, 64-bit
2024-02-20T21:42:54.6830232Z  2024-02-20 21:40:24.428 UTC [47] LOG:  listening on Unix socket "/var/run/postgresql/.s.PGSQL.5432"
2024-02-20T21:42:54.6830996Z  2024-02-20 21:40:24.440 UTC [48] LOG:  database system was shut down at 2024-02-20 21:40:24 UTC
2024-02-20T21:42:54.6831699Z  2024-02-20 21:40:24.445 UTC [47] LOG:  database system is ready to accept connections
2024-02-20T21:42:54.6832336Z  2024-02-20 21:42:45.023 UTC [188] FATAL:  role "root" does not exist
2024-02-20T21:42:54.6832760Z   done
2024-02-20T21:42:54.6832968Z  server started
2024-02-20T21:42:54.6833187Z  
2024-02-20T21:42:54.6833577Z  /usr/local/bin/docker-entrypoint.sh: ignoring /docker-entrypoint-initdb.d/*
2024-02-20T21:42:54.6834066Z  
2024-02-20T21:42:54.6834396Z  2024-02-20 21:40:24.520 UTC [47] LOG:  received fast shutdown request
2024-02-20T21:42:54.6835161Z  waiting for server to shut down....2024-02-20 21:40:24.520 UTC [47] LOG:  aborting any active transactions
2024-02-20T21:42:54.6836074Z  2024-02-20 21:40:24.522 UTC [47] LOG:  background worker "logical replication launcher" (PID 54) exited with exit code 1
2024-02-20T21:42:54.6836927Z  2024-02-20 21:40:24.523 UTC [49] LOG:  shutting down
2024-02-20T21:42:54.6837429Z  2024-02-20 21:40:24.532 UTC [47] LOG:  database system is shut down
2024-02-20T21:42:54.6837848Z   done
2024-02-20T21:42:54.6838049Z  server stopped
2024-02-20T21:42:54.6838270Z  
2024-02-20T21:42:54.6838555Z  PostgreSQL init process complete; ready for start up.
2024-02-20T21:42:54.6838942Z  
2024-02-20T21:42:54.6845319Z Stop and remove container: 3f6ee939a5124063858d43e843fa0253_postgres123_a3b2fa
2024-02-20T21:42:54.6850903Z ##[command]/usr/bin/docker rm --force ae10cbd309f1354f958991847e52a7862fb9c2c3eed3507b2c876737bd45f6d2
2024-02-20T21:42:54.8917816Z ae10cbd309f1354f958991847e52a7862fb9c2c3eed3507b2c876737bd45f6d2
2024-02-20T21:42:54.8941521Z Remove container network: github_network_6b3c01c5767b4d3585247cf740eaa568
2024-02-20T21:42:54.8946560Z ##[command]/usr/bin/docker network rm github_network_6b3c01c5767b4d3585247cf740eaa568
2024-02-20T21:42:55.1302524Z github_network_6b3c01c5767b4d3585247cf740eaa568
2024-02-20T21:42:55.1487753Z Cleaning up orphan processes
