2024-03-12T22:02:11.7122570Z Requested labels: ubuntu-latest
2024-03-12T22:02:11.7122920Z Job defined at: rubyforgood/human-essentials/.github/workflows/rspec-system-events.yml@refs/pull/4191/merge
2024-03-12T22:02:11.7123032Z Waiting for a runner to pick up this job...
2024-03-12T22:02:12.5039707Z Job is waiting for a hosted runner to come online.
2024-03-12T22:02:15.9790127Z Job is about to start running on the hosted runner: GitHub Actions 3 (hosted)
2024-03-12T22:02:18.1352837Z Current runner version: '2.314.1'
2024-03-12T22:02:18.1376664Z ##[group]Operating System
2024-03-12T22:02:18.1377325Z Ubuntu
2024-03-12T22:02:18.1377660Z 22.04.4
2024-03-12T22:02:18.1378050Z LTS
2024-03-12T22:02:18.1378382Z ##[endgroup]
2024-03-12T22:02:18.1378779Z ##[group]Runner Image
2024-03-12T22:02:18.1379270Z Image: ubuntu-22.04
2024-03-12T22:02:18.1379680Z Version: 20240304.1.0
2024-03-12T22:02:18.1380680Z Included Software: https://github.com/actions/runner-images/blob/ubuntu22/20240304.1/images/ubuntu/Ubuntu2204-Readme.md
2024-03-12T22:02:18.1382158Z Image Release: https://github.com/actions/runner-images/releases/tag/ubuntu22%2F20240304.1
2024-03-12T22:02:18.1383017Z ##[endgroup]
2024-03-12T22:02:18.1383408Z ##[group]Runner Image Provisioner
2024-03-12T22:02:18.1384541Z 2.0.359.1
2024-03-12T22:02:18.1384915Z ##[endgroup]
2024-03-12T22:02:18.1387023Z ##[group]GITHUB_TOKEN Permissions
2024-03-12T22:02:18.1388709Z Actions: read
2024-03-12T22:02:18.1389145Z Checks: read
2024-03-12T22:02:18.1389766Z Contents: read
2024-03-12T22:02:18.1390260Z Deployments: read
2024-03-12T22:02:18.1390764Z Discussions: read
2024-03-12T22:02:18.1391118Z Issues: read
2024-03-12T22:02:18.1391506Z Metadata: read
2024-03-12T22:02:18.1391956Z Packages: read
2024-03-12T22:02:18.1392299Z Pages: read
2024-03-12T22:02:18.1392678Z PullRequests: read
2024-03-12T22:02:18.1393157Z RepositoryProjects: read
2024-03-12T22:02:18.1393592Z SecurityEvents: read
2024-03-12T22:02:18.1394006Z Statuses: read
2024-03-12T22:02:18.1394406Z ##[endgroup]
2024-03-12T22:02:18.1397581Z Secret source: None
2024-03-12T22:02:18.1398147Z Prepare workflow directory
2024-03-12T22:02:18.2267449Z Prepare all required actions
2024-03-12T22:02:18.2423517Z Getting action download info
2024-03-12T22:02:18.4135082Z Download action repository 'actions/checkout@v2' (SHA:ee0669bd1cc54295c223e0bb666b733df41de1c5)
2024-03-12T22:02:18.5343593Z Download action repository 'ruby/setup-ruby@v1' (SHA:d4526a55538b775af234ba4af27118ed6f8f6677)
2024-03-12T22:02:18.9022069Z Download action repository 'actions/upload-artifact@v2' (SHA:82c141cc518b40d92cc801eee768e7aafc9c2fa2)
2024-03-12T22:02:19.0719106Z Complete job name: rspec-system-events (6, 3)
2024-03-12T22:02:19.1373270Z ##[group]Checking docker version
2024-03-12T22:02:19.1387758Z ##[command]/usr/bin/docker version --format '{{.Server.APIVersion}}'
2024-03-12T22:02:19.1972971Z '1.43'
2024-03-12T22:02:19.1986187Z Docker daemon API version: '1.43'
2024-03-12T22:02:19.1987144Z ##[command]/usr/bin/docker version --format '{{.Client.APIVersion}}'
2024-03-12T22:02:19.2141354Z '1.43'
2024-03-12T22:02:19.2154200Z Docker client API version: '1.43'
2024-03-12T22:02:19.2159663Z ##[endgroup]
2024-03-12T22:02:19.2163234Z ##[group]Clean up resources from previous jobs
2024-03-12T22:02:19.2169020Z ##[command]/usr/bin/docker ps --all --quiet --no-trunc --filter "label=f85fec"
2024-03-12T22:02:19.2310230Z ##[command]/usr/bin/docker network prune --force --filter "label=f85fec"
2024-03-12T22:02:19.2446468Z ##[endgroup]
2024-03-12T22:02:19.2447109Z ##[group]Create local container network
2024-03-12T22:02:19.2457358Z ##[command]/usr/bin/docker network create --label f85fec github_network_2fc51cd275654daeb705b8c8ff3c1b4c
2024-03-12T22:02:19.3055693Z 7908fb7ddb3251dd5b2e3bf3ce9858a07caf2e20e5d058dca9de631fc272a75a
2024-03-12T22:02:19.3071473Z ##[endgroup]
2024-03-12T22:02:19.3146197Z ##[group]Starting db service container
2024-03-12T22:02:19.3193973Z ##[command]/usr/bin/docker pull postgres:12.3
2024-03-12T22:02:19.8888160Z 12.3: Pulling from library/postgres
2024-03-12T22:02:20.0144359Z bf5952930446: Pulling fs layer
2024-03-12T22:02:20.0145530Z 9577476abb00: Pulling fs layer
2024-03-12T22:02:20.0146371Z 2bd105512d5c: Pulling fs layer
2024-03-12T22:02:20.0146955Z b1cd21c26e81: Pulling fs layer
2024-03-12T22:02:20.0147428Z 34a7c86cf8fc: Pulling fs layer
2024-03-12T22:02:20.0147932Z 274e7b0c38d5: Pulling fs layer
2024-03-12T22:02:20.0148333Z 3e831b350d37: Pulling fs layer
2024-03-12T22:02:20.0148678Z 38fa0d496534: Pulling fs layer
2024-03-12T22:02:20.0149485Z 31a8349609a4: Pulling fs layer
2024-03-12T22:02:20.0149887Z 14e4c2a4b7b7: Pulling fs layer
2024-03-12T22:02:20.0150237Z 964acfa02beb: Pulling fs layer
2024-03-12T22:02:20.0150717Z 31b1f20dffc0: Pulling fs layer
2024-03-12T22:02:20.0151104Z 14771c2930e9: Pulling fs layer
2024-03-12T22:02:20.0151453Z 2f30edd0ce8a: Pulling fs layer
2024-03-12T22:02:20.0151967Z 34a7c86cf8fc: Waiting
2024-03-12T22:02:20.0152322Z 38fa0d496534: Waiting
2024-03-12T22:02:20.0152658Z 31a8349609a4: Waiting
2024-03-12T22:02:20.0153064Z 14e4c2a4b7b7: Waiting
2024-03-12T22:02:20.0153408Z 964acfa02beb: Waiting
2024-03-12T22:02:20.0153721Z 274e7b0c38d5: Waiting
2024-03-12T22:02:20.0154114Z 31b1f20dffc0: Waiting
2024-03-12T22:02:20.0154443Z 14771c2930e9: Waiting
2024-03-12T22:02:20.0154755Z 2f30edd0ce8a: Waiting
2024-03-12T22:02:20.0155149Z b1cd21c26e81: Waiting
2024-03-12T22:02:20.1806728Z 2bd105512d5c: Verifying Checksum
2024-03-12T22:02:20.1809796Z 2bd105512d5c: Download complete
2024-03-12T22:02:20.2343398Z 9577476abb00: Download complete
2024-03-12T22:02:20.3293396Z b1cd21c26e81: Verifying Checksum
2024-03-12T22:02:20.3294210Z b1cd21c26e81: Download complete
2024-03-12T22:02:20.4137909Z bf5952930446: Verifying Checksum
2024-03-12T22:02:20.4142603Z bf5952930446: Download complete
2024-03-12T22:02:20.4404484Z 34a7c86cf8fc: Verifying Checksum
2024-03-12T22:02:20.4405284Z 34a7c86cf8fc: Download complete
2024-03-12T22:02:20.4780926Z 274e7b0c38d5: Verifying Checksum
2024-03-12T22:02:20.4783802Z 274e7b0c38d5: Download complete
2024-03-12T22:02:20.5422855Z 3e831b350d37: Verifying Checksum
2024-03-12T22:02:20.5423571Z 3e831b350d37: Download complete
2024-03-12T22:02:20.5872523Z 38fa0d496534: Download complete
2024-03-12T22:02:20.6672199Z 14e4c2a4b7b7: Verifying Checksum
2024-03-12T22:02:20.6673064Z 14e4c2a4b7b7: Download complete
2024-03-12T22:02:20.7271765Z 964acfa02beb: Verifying Checksum
2024-03-12T22:02:20.7272675Z 964acfa02beb: Download complete
2024-03-12T22:02:20.7997609Z 31b1f20dffc0: Verifying Checksum
2024-03-12T22:02:20.7998793Z 31b1f20dffc0: Download complete
2024-03-12T22:02:20.8755869Z 14771c2930e9: Verifying Checksum
2024-03-12T22:02:20.8759212Z 14771c2930e9: Download complete
2024-03-12T22:02:20.9316467Z 2f30edd0ce8a: Verifying Checksum
2024-03-12T22:02:20.9317480Z 2f30edd0ce8a: Download complete
2024-03-12T22:02:21.1288796Z 31a8349609a4: Verifying Checksum
2024-03-12T22:02:21.1289571Z 31a8349609a4: Download complete
2024-03-12T22:02:21.6368149Z bf5952930446: Pull complete
2024-03-12T22:02:22.8651782Z 9577476abb00: Pull complete
2024-03-12T22:02:22.8842897Z 2bd105512d5c: Pull complete
2024-03-12T22:02:22.9609172Z b1cd21c26e81: Pull complete
2024-03-12T22:02:23.4016346Z 34a7c86cf8fc: Pull complete
2024-03-12T22:02:23.4413265Z 274e7b0c38d5: Pull complete
2024-03-12T22:02:23.4518234Z 3e831b350d37: Pull complete
2024-03-12T22:02:23.4605598Z 38fa0d496534: Pull complete
2024-03-12T22:02:25.7383297Z 31a8349609a4: Pull complete
2024-03-12T22:02:25.7513600Z 14e4c2a4b7b7: Pull complete
2024-03-12T22:02:25.7623810Z 964acfa02beb: Pull complete
2024-03-12T22:02:25.7736584Z 31b1f20dffc0: Pull complete
2024-03-12T22:02:25.7829438Z 14771c2930e9: Pull complete
2024-03-12T22:02:25.7919648Z 2f30edd0ce8a: Pull complete
2024-03-12T22:02:25.7965327Z Digest: sha256:a06e6e6e519b7a329c419f8221edec66cfc45511e8b80e262c12103ba745cf19
2024-03-12T22:02:25.7981115Z Status: Downloaded newer image for postgres:12.3
2024-03-12T22:02:25.7990275Z docker.io/library/postgres:12.3
2024-03-12T22:02:25.8088234Z ##[command]/usr/bin/docker create --name cb591f6b07e742818dadcadf3021f028_postgres123_d628cd --label f85fec --network github_network_2fc51cd275654daeb705b8c8ff3c1b4c --network-alias db -p 5432:5432 --health-cmd pg_isready --health-interval 10s --health-timeout 5s --health-retries 5 -e "POSTGRES_PASSWORD=password" -e GITHUB_ACTIONS=true -e CI=true postgres:12.3
2024-03-12T22:02:25.8366284Z c8656c9110501e7fab75b18607875cb7a73c761b4aaecc0f888176780933d968
2024-03-12T22:02:25.8389463Z ##[command]/usr/bin/docker start c8656c9110501e7fab75b18607875cb7a73c761b4aaecc0f888176780933d968
2024-03-12T22:02:26.0967216Z c8656c9110501e7fab75b18607875cb7a73c761b4aaecc0f888176780933d968
2024-03-12T22:02:26.0986819Z ##[command]/usr/bin/docker ps --all --filter id=c8656c9110501e7fab75b18607875cb7a73c761b4aaecc0f888176780933d968 --filter status=running --no-trunc --format "{{.ID}} {{.Status}}"
2024-03-12T22:02:26.1125138Z c8656c9110501e7fab75b18607875cb7a73c761b4aaecc0f888176780933d968 Up Less than a second (health: starting)
2024-03-12T22:02:26.1145231Z ##[command]/usr/bin/docker port c8656c9110501e7fab75b18607875cb7a73c761b4aaecc0f888176780933d968
2024-03-12T22:02:26.1270624Z 5432/tcp -> 0.0.0.0:5432
2024-03-12T22:02:26.1271825Z 5432/tcp -> [::]:5432
2024-03-12T22:02:26.1345560Z ##[endgroup]
2024-03-12T22:02:26.1370514Z ##[group]Waiting for all services to be ready
2024-03-12T22:02:26.1407747Z ##[command]/usr/bin/docker inspect --format="{{if .Config.Healthcheck}}{{print .State.Health.Status}}{{end}}" c8656c9110501e7fab75b18607875cb7a73c761b4aaecc0f888176780933d968
2024-03-12T22:02:26.1553720Z starting
2024-03-12T22:02:26.1584829Z db service is starting, waiting 2 seconds before checking again.
2024-03-12T22:02:28.1599118Z ##[command]/usr/bin/docker inspect --format="{{if .Config.Healthcheck}}{{print .State.Health.Status}}{{end}}" c8656c9110501e7fab75b18607875cb7a73c761b4aaecc0f888176780933d968
2024-03-12T22:02:28.1721923Z starting
2024-03-12T22:02:28.1735132Z db service is starting, waiting 3 seconds before checking again.
2024-03-12T22:02:31.8419603Z ##[command]/usr/bin/docker inspect --format="{{if .Config.Healthcheck}}{{print .State.Health.Status}}{{end}}" c8656c9110501e7fab75b18607875cb7a73c761b4aaecc0f888176780933d968
2024-03-12T22:02:31.8538324Z starting
2024-03-12T22:02:31.8549978Z db service is starting, waiting 7 seconds before checking again.
2024-03-12T22:02:39.6441404Z ##[command]/usr/bin/docker inspect --format="{{if .Config.Healthcheck}}{{print .State.Health.Status}}{{end}}" c8656c9110501e7fab75b18607875cb7a73c761b4aaecc0f888176780933d968
2024-03-12T22:02:39.6569376Z healthy
2024-03-12T22:02:39.6585351Z db service is healthy.
2024-03-12T22:02:39.6585912Z ##[endgroup]
2024-03-12T22:02:39.6949063Z ##[group]Run actions/checkout@v2
2024-03-12T22:02:39.6949525Z with:
2024-03-12T22:02:39.6949863Z   repository: rubyforgood/human-essentials
2024-03-12T22:02:39.6950574Z   token: ***
2024-03-12T22:02:39.6950924Z   ssh-strict: true
2024-03-12T22:02:39.6951268Z   persist-credentials: true
2024-03-12T22:02:39.6951725Z   clean: true
2024-03-12T22:02:39.6952073Z   fetch-depth: 1
2024-03-12T22:02:39.6952376Z   lfs: false
2024-03-12T22:02:39.6952753Z   submodules: false
2024-03-12T22:02:39.6953114Z   set-safe-directory: true
2024-03-12T22:02:39.6953441Z ##[endgroup]
2024-03-12T22:02:39.8884982Z Syncing repository: rubyforgood/human-essentials
2024-03-12T22:02:39.8886995Z ##[group]Getting Git version info
2024-03-12T22:02:39.8887743Z Working directory is '/home/runner/work/human-essentials/human-essentials'
2024-03-12T22:02:39.8888708Z [command]/usr/bin/git version
2024-03-12T22:02:39.8970602Z git version 2.43.2
2024-03-12T22:02:39.8993530Z ##[endgroup]
2024-03-12T22:02:39.9008732Z Temporarily overriding HOME='/home/runner/work/_temp/c5ad2d87-ca6c-4b41-9081-6d5d703e1123' before making global git config changes
2024-03-12T22:02:39.9009818Z Adding repository directory to the temporary git global config as a safe directory
2024-03-12T22:02:39.9012440Z [command]/usr/bin/git config --global --add safe.directory /home/runner/work/human-essentials/human-essentials
2024-03-12T22:02:39.9055357Z Deleting the contents of '/home/runner/work/human-essentials/human-essentials'
2024-03-12T22:02:39.9060241Z ##[group]Initializing the repository
2024-03-12T22:02:39.9063593Z [command]/usr/bin/git init /home/runner/work/human-essentials/human-essentials
2024-03-12T22:02:39.9140885Z hint: Using 'master' as the name for the initial branch. This default branch name
2024-03-12T22:02:39.9141980Z hint: is subject to change. To configure the initial branch name to use in all
2024-03-12T22:02:39.9142808Z hint: of your new repositories, which will suppress this warning, call:
2024-03-12T22:02:39.9143588Z hint: 
2024-03-12T22:02:39.9144481Z hint: 	git config --global init.defaultBranch <name>
2024-03-12T22:02:39.9144987Z hint: 
2024-03-12T22:02:39.9145501Z hint: Names commonly chosen instead of 'master' are 'main', 'trunk' and
2024-03-12T22:02:39.9146452Z hint: 'development'. The just-created branch can be renamed via this command:
2024-03-12T22:02:39.9147046Z hint: 
2024-03-12T22:02:39.9147355Z hint: 	git branch -m <name>
2024-03-12T22:02:39.9152697Z Initialized empty Git repository in /home/runner/work/human-essentials/human-essentials/.git/
2024-03-12T22:02:39.9160415Z [command]/usr/bin/git remote add origin https://github.com/rubyforgood/human-essentials
2024-03-12T22:02:39.9201783Z ##[endgroup]
2024-03-12T22:02:39.9202430Z ##[group]Disabling automatic garbage collection
2024-03-12T22:02:39.9205638Z [command]/usr/bin/git config --local gc.auto 0
2024-03-12T22:02:39.9241491Z ##[endgroup]
2024-03-12T22:02:39.9242173Z ##[group]Setting up auth
2024-03-12T22:02:39.9247900Z [command]/usr/bin/git config --local --name-only --get-regexp core\.sshCommand
2024-03-12T22:02:39.9284638Z [command]/usr/bin/git submodule foreach --recursive sh -c "git config --local --name-only --get-regexp 'core\.sshCommand' && git config --local --unset-all 'core.sshCommand' || :"
2024-03-12T22:02:39.9626311Z [command]/usr/bin/git config --local --name-only --get-regexp http\.https\:\/\/github\.com\/\.extraheader
2024-03-12T22:02:39.9662605Z [command]/usr/bin/git submodule foreach --recursive sh -c "git config --local --name-only --get-regexp 'http\.https\:\/\/github\.com\/\.extraheader' && git config --local --unset-all 'http.https://github.com/.extraheader' || :"
2024-03-12T22:02:39.9898660Z [command]/usr/bin/git config --local http.https://github.com/.extraheader AUTHORIZATION: basic ***
2024-03-12T22:02:39.9940896Z ##[endgroup]
2024-03-12T22:02:39.9941701Z ##[group]Fetching the repository
2024-03-12T22:02:39.9949975Z [command]/usr/bin/git -c protocol.version=2 fetch --no-tags --prune --progress --no-recurse-submodules --depth=1 origin +b8fd0a8f9f65738784c90acc2fa5e95723ca4521:refs/remotes/pull/4191/merge
2024-03-12T22:02:40.2324628Z remote: Enumerating objects: 1752, done.        
2024-03-12T22:02:40.2325550Z remote: Counting objects:   0% (1/1752)        
2024-03-12T22:02:40.2331187Z remote: Counting objects:   1% (18/1752)        
2024-03-12T22:02:40.2332375Z remote: Counting objects:   2% (36/1752)        
2024-03-12T22:02:40.2333189Z remote: Counting objects:   3% (53/1752)        
2024-03-12T22:02:40.2333941Z remote: Counting objects:   4% (71/1752)        
2024-03-12T22:02:40.2335063Z remote: Counting objects:   5% (88/1752)        
2024-03-12T22:02:40.2335861Z remote: Counting objects:   6% (106/1752)        
2024-03-12T22:02:40.2336717Z remote: Counting objects:   7% (123/1752)        
2024-03-12T22:02:40.2337713Z remote: Counting objects:   8% (141/1752)        
2024-03-12T22:02:40.2338496Z remote: Counting objects:   9% (158/1752)        
2024-03-12T22:02:40.2339253Z remote: Counting objects:  10% (176/1752)        
2024-03-12T22:02:40.2339764Z remote: Counting objects:  11% (193/1752)        
2024-03-12T22:02:40.2340285Z remote: Counting objects:  12% (211/1752)        
2024-03-12T22:02:40.2340897Z remote: Counting objects:  13% (228/1752)        
2024-03-12T22:02:40.2341633Z remote: Counting objects:  14% (246/1752)        
2024-03-12T22:02:40.2342429Z remote: Counting objects:  15% (263/1752)        
2024-03-12T22:02:40.2343338Z remote: Counting objects:  16% (281/1752)        
2024-03-12T22:02:40.2344015Z remote: Counting objects:  17% (298/1752)        
2024-03-12T22:02:40.2344562Z remote: Counting objects:  18% (316/1752)        
2024-03-12T22:02:40.2345283Z remote: Counting objects:  19% (333/1752)        
2024-03-12T22:02:40.2346135Z remote: Counting objects:  20% (351/1752)        
2024-03-12T22:02:40.2346920Z remote: Counting objects:  21% (368/1752)        
2024-03-12T22:02:40.2347717Z remote: Counting objects:  22% (386/1752)        
2024-03-12T22:02:40.2348425Z remote: Counting objects:  23% (403/1752)        
2024-03-12T22:02:40.2348949Z remote: Counting objects:  24% (421/1752)        
2024-03-12T22:02:40.2349523Z remote: Counting objects:  25% (438/1752)        
2024-03-12T22:02:40.2349964Z remote: Counting objects:  26% (456/1752)        
2024-03-12T22:02:40.2350491Z remote: Counting objects:  27% (474/1752)        
2024-03-12T22:02:40.2351034Z remote: Counting objects:  28% (491/1752)        
2024-03-12T22:02:40.2351471Z remote: Counting objects:  29% (509/1752)        
2024-03-12T22:02:40.2351954Z remote: Counting objects:  30% (526/1752)        
2024-03-12T22:02:40.2352492Z remote: Counting objects:  31% (544/1752)        
2024-03-12T22:02:40.2353028Z remote: Counting objects:  32% (561/1752)        
2024-03-12T22:02:40.2353558Z remote: Counting objects:  33% (579/1752)        
2024-03-12T22:02:40.2354112Z remote: Counting objects:  34% (596/1752)        
2024-03-12T22:02:40.2354599Z remote: Counting objects:  35% (614/1752)        
2024-03-12T22:02:40.2355051Z remote: Counting objects:  36% (631/1752)        
2024-03-12T22:02:40.2355598Z remote: Counting objects:  37% (649/1752)        
2024-03-12T22:02:40.2356086Z remote: Counting objects:  38% (666/1752)        
2024-03-12T22:02:40.2356531Z remote: Counting objects:  39% (684/1752)        
2024-03-12T22:02:40.2357077Z remote: Counting objects:  40% (701/1752)        
2024-03-12T22:02:40.2357560Z remote: Counting objects:  41% (719/1752)        
2024-03-12T22:02:40.2357993Z remote: Counting objects:  42% (736/1752)        
2024-03-12T22:02:40.2358521Z remote: Counting objects:  43% (754/1752)        
2024-03-12T22:02:40.2359005Z remote: Counting objects:  44% (771/1752)        
2024-03-12T22:02:40.2359437Z remote: Counting objects:  45% (789/1752)        
2024-03-12T22:02:40.2359985Z remote: Counting objects:  46% (806/1752)        
2024-03-12T22:02:40.2360476Z remote: Counting objects:  47% (824/1752)        
2024-03-12T22:02:40.2361002Z remote: Counting objects:  48% (841/1752)        
2024-03-12T22:02:40.2361442Z remote: Counting objects:  49% (859/1752)        
2024-03-12T22:02:40.2362112Z remote: Counting objects:  50% (876/1752)        
2024-03-12T22:02:40.2362674Z remote: Counting objects:  51% (894/1752)        
2024-03-12T22:02:40.2363131Z remote: Counting objects:  52% (912/1752)        
2024-03-12T22:02:40.2363601Z remote: Counting objects:  53% (929/1752)        
2024-03-12T22:02:40.2364128Z remote: Counting objects:  54% (947/1752)        
2024-03-12T22:02:40.2364587Z remote: Counting objects:  55% (964/1752)        
2024-03-12T22:02:40.2365057Z remote: Counting objects:  56% (982/1752)        
2024-03-12T22:02:40.2365609Z remote: Counting objects:  57% (999/1752)        
2024-03-12T22:02:40.2366055Z remote: Counting objects:  58% (1017/1752)        
2024-03-12T22:02:40.2366590Z remote: Counting objects:  59% (1034/1752)        
2024-03-12T22:02:40.2367162Z remote: Counting objects:  60% (1052/1752)        
2024-03-12T22:02:40.2367664Z remote: Counting objects:  61% (1069/1752)        
2024-03-12T22:02:40.2368142Z remote: Counting objects:  62% (1087/1752)        
2024-03-12T22:02:40.2368711Z remote: Counting objects:  63% (1104/1752)        
2024-03-12T22:02:40.2369222Z remote: Counting objects:  64% (1122/1752)        
2024-03-12T22:02:40.2369712Z remote: Counting objects:  65% (1139/1752)        
2024-03-12T22:02:40.2370251Z remote: Counting objects:  66% (1157/1752)        
2024-03-12T22:02:40.2370735Z remote: Counting objects:  67% (1174/1752)        
2024-03-12T22:02:40.2371537Z remote: Counting objects:  68% (1192/1752)        
2024-03-12T22:02:40.2372365Z remote: Counting objects:  69% (1209/1752)        
2024-03-12T22:02:40.2373196Z remote: Counting objects:  70% (1227/1752)        
2024-03-12T22:02:40.2373886Z remote: Counting objects:  71% (1244/1752)        
2024-03-12T22:02:40.2374415Z remote: Counting objects:  72% (1262/1752)        
2024-03-12T22:02:40.2374916Z remote: Counting objects:  73% (1279/1752)        
2024-03-12T22:02:40.2375420Z remote: Counting objects:  74% (1297/1752)        
2024-03-12T22:02:40.2376467Z remote: Counting objects:  75% (1314/1752)        
2024-03-12T22:02:40.2376955Z remote: Counting objects:  76% (1332/1752)        
2024-03-12T22:02:40.2377454Z remote: Counting objects:  77% (1350/1752)        
2024-03-12T22:02:40.2377965Z remote: Counting objects:  78% (1367/1752)        
2024-03-12T22:02:40.2378462Z remote: Counting objects:  79% (1385/1752)        
2024-03-12T22:02:40.2378940Z remote: Counting objects:  80% (1402/1752)        
2024-03-12T22:02:40.2379450Z remote: Counting objects:  81% (1420/1752)        
2024-03-12T22:02:40.2379968Z remote: Counting objects:  82% (1437/1752)        
2024-03-12T22:02:40.2380450Z remote: Counting objects:  83% (1455/1752)        
2024-03-12T22:02:40.2381015Z remote: Counting objects:  84% (1472/1752)        
2024-03-12T22:02:40.2381490Z remote: Counting objects:  85% (1490/1752)        
2024-03-12T22:02:40.2381973Z remote: Counting objects:  86% (1507/1752)        
2024-03-12T22:02:40.2382523Z remote: Counting objects:  87% (1525/1752)        
2024-03-12T22:02:40.2383006Z remote: Counting objects:  88% (1542/1752)        
2024-03-12T22:02:40.2383483Z remote: Counting objects:  89% (1560/1752)        
2024-03-12T22:02:40.2384381Z remote: Counting objects:  90% (1577/1752)        
2024-03-12T22:02:40.2385007Z remote: Counting objects:  91% (1595/1752)        
2024-03-12T22:02:40.2385626Z remote: Counting objects:  92% (1612/1752)        
2024-03-12T22:02:40.2386557Z remote: Counting objects:  93% (1630/1752)        
2024-03-12T22:02:40.2387038Z remote: Counting objects:  94% (1647/1752)        
2024-03-12T22:02:40.2387550Z remote: Counting objects:  95% (1665/1752)        
2024-03-12T22:02:40.2393475Z remote: Counting objects:  96% (1682/1752)        
2024-03-12T22:02:40.2394217Z remote: Counting objects:  97% (1700/1752)        
2024-03-12T22:02:40.2394917Z remote: Counting objects:  98% (1717/1752)        
2024-03-12T22:02:40.2395798Z remote: Counting objects:  99% (1735/1752)        
2024-03-12T22:02:40.2396546Z remote: Counting objects: 100% (1752/1752)        
2024-03-12T22:02:40.2397556Z remote: Counting objects: 100% (1752/1752), done.        
2024-03-12T22:02:40.2398557Z remote: Compressing objects:   0% (1/1573)        
2024-03-12T22:02:40.2399330Z remote: Compressing objects:   1% (16/1573)        
2024-03-12T22:02:40.2400103Z remote: Compressing objects:   2% (32/1573)        
2024-03-12T22:02:40.2400705Z remote: Compressing objects:   3% (48/1573)        
2024-03-12T22:02:40.2401221Z remote: Compressing objects:   4% (63/1573)        
2024-03-12T22:02:40.2401898Z remote: Compressing objects:   5% (79/1573)        
2024-03-12T22:02:40.2403115Z remote: Compressing objects:   6% (95/1573)        
2024-03-12T22:02:40.2403939Z remote: Compressing objects:   7% (111/1573)        
2024-03-12T22:02:40.2404755Z remote: Compressing objects:   8% (126/1573)        
2024-03-12T22:02:40.2478747Z remote: Compressing objects:   9% (142/1573)        
2024-03-12T22:02:40.2482349Z remote: Compressing objects:  10% (158/1573)        
2024-03-12T22:02:40.2483267Z remote: Compressing objects:  11% (174/1573)        
2024-03-12T22:02:40.2510038Z remote: Compressing objects:  12% (189/1573)        
2024-03-12T22:02:40.2530555Z remote: Compressing objects:  13% (205/1573)        
2024-03-12T22:02:40.2535326Z remote: Compressing objects:  14% (221/1573)        
2024-03-12T22:02:40.2541178Z remote: Compressing objects:  15% (236/1573)        
2024-03-12T22:02:40.2542296Z remote: Compressing objects:  16% (252/1573)        
2024-03-12T22:02:40.2543689Z remote: Compressing objects:  17% (268/1573)        
2024-03-12T22:02:40.2548218Z remote: Compressing objects:  18% (284/1573)        
2024-03-12T22:02:40.2569585Z remote: Compressing objects:  19% (299/1573)        
2024-03-12T22:02:40.2592646Z remote: Compressing objects:  20% (315/1573)        
2024-03-12T22:02:40.2636247Z remote: Compressing objects:  21% (331/1573)        
2024-03-12T22:02:40.2650891Z remote: Compressing objects:  22% (347/1573)        
2024-03-12T22:02:40.2658365Z remote: Compressing objects:  23% (362/1573)        
2024-03-12T22:02:40.2670833Z remote: Compressing objects:  24% (378/1573)        
2024-03-12T22:02:40.2677735Z remote: Compressing objects:  25% (394/1573)        
2024-03-12T22:02:40.2690249Z remote: Compressing objects:  26% (409/1573)        
2024-03-12T22:02:40.2704858Z remote: Compressing objects:  27% (425/1573)        
2024-03-12T22:02:40.2710311Z remote: Compressing objects:  28% (441/1573)        
2024-03-12T22:02:40.2718474Z remote: Compressing objects:  29% (457/1573)        
2024-03-12T22:02:40.2727293Z remote: Compressing objects:  30% (472/1573)        
2024-03-12T22:02:40.2754881Z remote: Compressing objects:  31% (488/1573)        
2024-03-12T22:02:40.2756863Z remote: Compressing objects:  32% (504/1573)        
2024-03-12T22:02:40.2762007Z remote: Compressing objects:  33% (520/1573)        
2024-03-12T22:02:40.2773648Z remote: Compressing objects:  34% (535/1573)        
2024-03-12T22:02:40.2776218Z remote: Compressing objects:  35% (551/1573)        
2024-03-12T22:02:40.2783253Z remote: Compressing objects:  36% (567/1573)        
2024-03-12T22:02:40.2790483Z remote: Compressing objects:  37% (583/1573)        
2024-03-12T22:02:40.2804812Z remote: Compressing objects:  38% (598/1573)        
2024-03-12T22:02:40.2805776Z remote: Compressing objects:  39% (614/1573)        
2024-03-12T22:02:40.2806361Z remote: Compressing objects:  40% (630/1573)        
2024-03-12T22:02:40.2806888Z remote: Compressing objects:  41% (645/1573)        
2024-03-12T22:02:40.2808297Z remote: Compressing objects:  42% (661/1573)        
2024-03-12T22:02:40.2811919Z remote: Compressing objects:  43% (677/1573)        
2024-03-12T22:02:40.2812684Z remote: Compressing objects:  44% (693/1573)        
2024-03-12T22:02:40.2822334Z remote: Compressing objects:  45% (708/1573)        
2024-03-12T22:02:40.2835227Z remote: Compressing objects:  46% (724/1573)        
2024-03-12T22:02:40.2842133Z remote: Compressing objects:  47% (740/1573)        
2024-03-12T22:02:40.2842840Z remote: Compressing objects:  48% (756/1573)        
2024-03-12T22:02:40.2848116Z remote: Compressing objects:  49% (771/1573)        
2024-03-12T22:02:40.2848726Z remote: Compressing objects:  50% (787/1573)        
2024-03-12T22:02:40.2849412Z remote: Compressing objects:  51% (803/1573)        
2024-03-12T22:02:40.2854437Z remote: Compressing objects:  52% (818/1573)        
2024-03-12T22:02:40.2855017Z remote: Compressing objects:  53% (834/1573)        
2024-03-12T22:02:40.2858593Z remote: Compressing objects:  54% (850/1573)        
2024-03-12T22:02:40.2864254Z remote: Compressing objects:  55% (866/1573)        
2024-03-12T22:02:40.2898065Z remote: Compressing objects:  56% (881/1573)        
2024-03-12T22:02:40.2925948Z remote: Compressing objects:  57% (897/1573)        
2024-03-12T22:02:40.2938976Z remote: Compressing objects:  58% (913/1573)        
2024-03-12T22:02:40.2945428Z remote: Compressing objects:  59% (929/1573)        
2024-03-12T22:02:40.2946788Z remote: Compressing objects:  60% (944/1573)        
2024-03-12T22:02:40.2950391Z remote: Compressing objects:  61% (960/1573)        
2024-03-12T22:02:40.2956531Z remote: Compressing objects:  62% (976/1573)        
2024-03-12T22:02:40.2967480Z remote: Compressing objects:  63% (991/1573)        
2024-03-12T22:02:40.2970138Z remote: Compressing objects:  64% (1007/1573)        
2024-03-12T22:02:40.2973813Z remote: Compressing objects:  65% (1023/1573)        
2024-03-12T22:02:40.2991630Z remote: Compressing objects:  66% (1039/1573)        
2024-03-12T22:02:40.2999690Z remote: Compressing objects:  67% (1054/1573)        
2024-03-12T22:02:40.3003164Z remote: Compressing objects:  68% (1070/1573)        
2024-03-12T22:02:40.3004009Z remote: Compressing objects:  69% (1086/1573)        
2024-03-12T22:02:40.3004930Z remote: Compressing objects:  70% (1102/1573)        
2024-03-12T22:02:40.3020922Z remote: Compressing objects:  71% (1117/1573)        
2024-03-12T22:02:40.3028962Z remote: Compressing objects:  72% (1133/1573)        
2024-03-12T22:02:40.3042773Z remote: Compressing objects:  73% (1149/1573)        
2024-03-12T22:02:40.3053230Z remote: Compressing objects:  74% (1165/1573)        
2024-03-12T22:02:40.3068697Z remote: Compressing objects:  75% (1180/1573)        
2024-03-12T22:02:40.3133728Z remote: Compressing objects:  76% (1196/1573)        
2024-03-12T22:02:40.3155633Z remote: Compressing objects:  77% (1212/1573)        
2024-03-12T22:02:40.3163906Z remote: Compressing objects:  78% (1227/1573)        
2024-03-12T22:02:40.3187438Z remote: Compressing objects:  79% (1243/1573)        
2024-03-12T22:02:40.3209636Z remote: Compressing objects:  80% (1259/1573)        
2024-03-12T22:02:40.3250855Z remote: Compressing objects:  81% (1275/1573)        
2024-03-12T22:02:40.3287681Z remote: Compressing objects:  82% (1290/1573)        
2024-03-12T22:02:40.3329409Z remote: Compressing objects:  83% (1306/1573)        
2024-03-12T22:02:40.3343754Z remote: Compressing objects:  84% (1322/1573)        
2024-03-12T22:02:40.3383817Z remote: Compressing objects:  85% (1338/1573)        
2024-03-12T22:02:40.3427007Z remote: Compressing objects:  86% (1353/1573)        
2024-03-12T22:02:40.3451790Z remote: Compressing objects:  87% (1369/1573)        
2024-03-12T22:02:40.3457003Z remote: Compressing objects:  88% (1385/1573)        
2024-03-12T22:02:40.3466620Z remote: Compressing objects:  89% (1400/1573)        
2024-03-12T22:02:40.3467283Z remote: Compressing objects:  90% (1416/1573)        
2024-03-12T22:02:40.3467873Z remote: Compressing objects:  91% (1432/1573)        
2024-03-12T22:02:40.3473232Z remote: Compressing objects:  92% (1448/1573)        
2024-03-12T22:02:40.3473863Z remote: Compressing objects:  93% (1463/1573)        
2024-03-12T22:02:40.3480250Z remote: Compressing objects:  94% (1479/1573)        
2024-03-12T22:02:40.3481214Z remote: Compressing objects:  95% (1495/1573)        
2024-03-12T22:02:40.3481763Z remote: Compressing objects:  96% (1511/1573)        
2024-03-12T22:02:40.3482379Z remote: Compressing objects:  97% (1526/1573)        
2024-03-12T22:02:40.3483917Z remote: Compressing objects:  98% (1542/1573)        
2024-03-12T22:02:40.3484628Z remote: Compressing objects:  99% (1558/1573)        
2024-03-12T22:02:40.3487010Z remote: Compressing objects: 100% (1573/1573)        
2024-03-12T22:02:40.3487808Z remote: Compressing objects: 100% (1573/1573), done.        
2024-03-12T22:02:40.3521993Z Receiving objects:   0% (1/1752)
2024-03-12T22:02:40.3524970Z Receiving objects:   1% (18/1752)
2024-03-12T22:02:40.3654332Z Receiving objects:   2% (36/1752)
2024-03-12T22:02:40.4459674Z Receiving objects:   3% (53/1752)
2024-03-12T22:02:40.6737470Z Receiving objects:   4% (71/1752)
2024-03-12T22:02:40.6739568Z Receiving objects:   5% (88/1752)
2024-03-12T22:02:40.6743365Z Receiving objects:   6% (106/1752)
2024-03-12T22:02:40.6748608Z Receiving objects:   7% (123/1752)
2024-03-12T22:02:40.6752641Z Receiving objects:   8% (141/1752)
2024-03-12T22:02:40.6756945Z Receiving objects:   9% (158/1752)
2024-03-12T22:02:40.6761183Z Receiving objects:  10% (176/1752)
2024-03-12T22:02:40.6764817Z Receiving objects:  11% (193/1752)
2024-03-12T22:02:40.6801613Z Receiving objects:  12% (211/1752)
2024-03-12T22:02:40.6837461Z Receiving objects:  13% (228/1752)
2024-03-12T22:02:40.6841056Z Receiving objects:  14% (246/1752)
2024-03-12T22:02:40.6845403Z Receiving objects:  15% (263/1752)
2024-03-12T22:02:40.6911446Z Receiving objects:  16% (281/1752)
2024-03-12T22:02:40.6918399Z Receiving objects:  17% (298/1752)
2024-03-12T22:02:40.6923267Z Receiving objects:  18% (316/1752)
2024-03-12T22:02:40.6928474Z Receiving objects:  19% (333/1752)
2024-03-12T22:02:40.6932423Z Receiving objects:  20% (351/1752)
2024-03-12T22:02:40.6935834Z Receiving objects:  21% (368/1752)
2024-03-12T22:02:40.6939340Z Receiving objects:  22% (386/1752)
2024-03-12T22:02:40.6942701Z Receiving objects:  23% (403/1752)
2024-03-12T22:02:40.6945431Z Receiving objects:  24% (421/1752)
2024-03-12T22:02:40.6990911Z Receiving objects:  25% (438/1752)
2024-03-12T22:02:40.6992737Z Receiving objects:  26% (456/1752)
2024-03-12T22:02:40.6995914Z Receiving objects:  27% (474/1752)
2024-03-12T22:02:40.7019973Z Receiving objects:  28% (491/1752)
2024-03-12T22:02:40.7022442Z Receiving objects:  29% (509/1752)
2024-03-12T22:02:40.7025516Z Receiving objects:  30% (526/1752)
2024-03-12T22:02:40.7028254Z Receiving objects:  31% (544/1752)
2024-03-12T22:02:40.7031782Z Receiving objects:  32% (561/1752)
2024-03-12T22:02:40.7099028Z Receiving objects:  33% (579/1752)
2024-03-12T22:02:40.7101800Z Receiving objects:  34% (596/1752)
2024-03-12T22:02:40.7103732Z Receiving objects:  35% (614/1752)
2024-03-12T22:02:40.7107656Z Receiving objects:  36% (631/1752)
2024-03-12T22:02:40.7110499Z Receiving objects:  37% (649/1752)
2024-03-12T22:02:40.7111913Z Receiving objects:  38% (666/1752)
2024-03-12T22:02:40.7114471Z Receiving objects:  39% (684/1752)
2024-03-12T22:02:40.7117037Z Receiving objects:  40% (701/1752)
2024-03-12T22:02:40.7119019Z Receiving objects:  41% (719/1752)
2024-03-12T22:02:40.7121557Z Receiving objects:  42% (736/1752)
2024-03-12T22:02:40.7124452Z Receiving objects:  43% (754/1752)
2024-03-12T22:02:40.7126503Z Receiving objects:  44% (771/1752)
2024-03-12T22:02:40.7129063Z Receiving objects:  45% (789/1752)
2024-03-12T22:02:40.7131408Z Receiving objects:  46% (806/1752)
2024-03-12T22:02:40.7133347Z Receiving objects:  47% (824/1752)
2024-03-12T22:02:40.7178671Z Receiving objects:  48% (841/1752)
2024-03-12T22:02:40.7181038Z Receiving objects:  49% (859/1752)
2024-03-12T22:02:40.7183321Z Receiving objects:  50% (876/1752)
2024-03-12T22:02:40.7184382Z Receiving objects:  51% (894/1752)
2024-03-12T22:02:40.7209573Z Receiving objects:  52% (912/1752)
2024-03-12T22:02:40.7214064Z Receiving objects:  53% (929/1752)
2024-03-12T22:02:40.7218489Z Receiving objects:  54% (947/1752)
2024-03-12T22:02:40.7293296Z Receiving objects:  55% (964/1752)
2024-03-12T22:02:40.7296614Z Receiving objects:  56% (982/1752)
2024-03-12T22:02:40.7298575Z Receiving objects:  57% (999/1752)
2024-03-12T22:02:40.7299745Z Receiving objects:  58% (1017/1752)
2024-03-12T22:02:40.7301741Z Receiving objects:  59% (1034/1752)
2024-03-12T22:02:40.7304023Z Receiving objects:  60% (1052/1752)
2024-03-12T22:02:40.7305320Z Receiving objects:  61% (1069/1752)
2024-03-12T22:02:40.7307004Z Receiving objects:  62% (1087/1752)
2024-03-12T22:02:40.7308622Z Receiving objects:  63% (1104/1752)
2024-03-12T22:02:40.7309797Z Receiving objects:  64% (1122/1752)
2024-03-12T22:02:40.7311894Z Receiving objects:  65% (1139/1752)
2024-03-12T22:02:40.7313639Z Receiving objects:  66% (1157/1752)
2024-03-12T22:02:40.7315004Z Receiving objects:  67% (1174/1752)
2024-03-12T22:02:40.7316728Z Receiving objects:  68% (1192/1752)
2024-03-12T22:02:40.7318708Z Receiving objects:  69% (1209/1752)
2024-03-12T22:02:40.7320451Z Receiving objects:  70% (1227/1752)
2024-03-12T22:02:40.7326947Z Receiving objects:  71% (1244/1752)
2024-03-12T22:02:40.7400819Z Receiving objects:  72% (1262/1752)
2024-03-12T22:02:40.7403203Z Receiving objects:  73% (1279/1752)
2024-03-12T22:02:40.7404767Z Receiving objects:  74% (1297/1752)
2024-03-12T22:02:40.8061576Z Receiving objects:  75% (1314/1752)
2024-03-12T22:02:40.8632649Z Receiving objects:  76% (1332/1752)
2024-03-12T22:02:40.9005466Z Receiving objects:  77% (1350/1752), 3.17 MiB | 6.33 MiB/s
2024-03-12T22:02:40.9668273Z Receiving objects:  78% (1367/1752), 3.17 MiB | 6.33 MiB/s
2024-03-12T22:02:41.0143390Z Receiving objects:  79% (1385/1752), 3.17 MiB | 6.33 MiB/s
2024-03-12T22:02:41.0583289Z Receiving objects:  80% (1402/1752), 3.17 MiB | 6.33 MiB/s
2024-03-12T22:02:41.0601074Z Receiving objects:  81% (1420/1752), 3.17 MiB | 6.33 MiB/s
2024-03-12T22:02:41.0604826Z Receiving objects:  82% (1437/1752), 3.17 MiB | 6.33 MiB/s
2024-03-12T22:02:41.0607949Z Receiving objects:  83% (1455/1752), 3.17 MiB | 6.33 MiB/s
2024-03-12T22:02:41.0612453Z Receiving objects:  84% (1472/1752), 3.17 MiB | 6.33 MiB/s
2024-03-12T22:02:41.0616957Z Receiving objects:  85% (1490/1752), 3.17 MiB | 6.33 MiB/s
2024-03-12T22:02:41.0622889Z Receiving objects:  86% (1507/1752), 3.17 MiB | 6.33 MiB/s
2024-03-12T22:02:41.0691199Z Receiving objects:  87% (1525/1752), 3.17 MiB | 6.33 MiB/s
2024-03-12T22:02:41.0697486Z Receiving objects:  88% (1542/1752), 3.17 MiB | 6.33 MiB/s
2024-03-12T22:02:41.0702504Z Receiving objects:  89% (1560/1752), 3.17 MiB | 6.33 MiB/s
2024-03-12T22:02:41.0709235Z Receiving objects:  90% (1577/1752), 3.17 MiB | 6.33 MiB/s
2024-03-12T22:02:41.0715500Z Receiving objects:  91% (1595/1752), 3.17 MiB | 6.33 MiB/s
2024-03-12T22:02:41.0720953Z Receiving objects:  92% (1612/1752), 3.17 MiB | 6.33 MiB/s
2024-03-12T22:02:41.0726715Z Receiving objects:  93% (1630/1752), 3.17 MiB | 6.33 MiB/s
2024-03-12T22:02:41.0730516Z Receiving objects:  94% (1647/1752), 3.17 MiB | 6.33 MiB/s
2024-03-12T22:02:41.0733856Z Receiving objects:  95% (1665/1752), 3.17 MiB | 6.33 MiB/s
2024-03-12T22:02:41.0736688Z Receiving objects:  96% (1682/1752), 3.17 MiB | 6.33 MiB/s
2024-03-12T22:02:41.0745961Z Receiving objects:  97% (1700/1752), 3.17 MiB | 6.33 MiB/s
2024-03-12T22:02:41.0753545Z Receiving objects:  98% (1717/1752), 3.17 MiB | 6.33 MiB/s
2024-03-12T22:02:41.0791222Z Receiving objects:  99% (1735/1752), 3.17 MiB | 6.33 MiB/s
2024-03-12T22:02:41.0792871Z remote: Total 1752 (delta 279), reused 1002 (delta 140), pack-reused 0        
2024-03-12T22:02:41.0795891Z Receiving objects: 100% (1752/1752), 3.17 MiB | 6.33 MiB/s
2024-03-12T22:02:41.0796894Z Receiving objects: 100% (1752/1752), 6.60 MiB | 9.07 MiB/s, done.
2024-03-12T22:02:41.0811508Z Resolving deltas:   0% (0/279)
2024-03-12T22:02:41.0812145Z Resolving deltas:   1% (3/279)
2024-03-12T22:02:41.0812711Z Resolving deltas:   2% (6/279)
2024-03-12T22:02:41.0813450Z Resolving deltas:   3% (9/279)
2024-03-12T22:02:41.0814094Z Resolving deltas:   4% (12/279)
2024-03-12T22:02:41.0814669Z Resolving deltas:   5% (14/279)
2024-03-12T22:02:41.0815393Z Resolving deltas:   6% (17/279)
2024-03-12T22:02:41.0816017Z Resolving deltas:   7% (20/279)
2024-03-12T22:02:41.0816569Z Resolving deltas:   8% (23/279)
2024-03-12T22:02:41.0817267Z Resolving deltas:   9% (26/279)
2024-03-12T22:02:41.0817946Z Resolving deltas:  10% (28/279)
2024-03-12T22:02:41.0818738Z Resolving deltas:  11% (31/279)
2024-03-12T22:02:41.0819490Z Resolving deltas:  12% (34/279)
2024-03-12T22:02:41.0820129Z Resolving deltas:  13% (37/279)
2024-03-12T22:02:41.0820719Z Resolving deltas:  14% (40/279)
2024-03-12T22:02:41.0821457Z Resolving deltas:  15% (42/279)
2024-03-12T22:02:41.0822062Z Resolving deltas:  16% (45/279)
2024-03-12T22:02:41.0822620Z Resolving deltas:  17% (48/279)
2024-03-12T22:02:41.0823324Z Resolving deltas:  18% (51/279)
2024-03-12T22:02:41.0824140Z Resolving deltas:  19% (54/279)
2024-03-12T22:02:41.0842765Z Resolving deltas:  20% (56/279)
2024-03-12T22:02:41.0846885Z Resolving deltas:  21% (59/279)
2024-03-12T22:02:41.0848924Z Resolving deltas:  22% (62/279)
2024-03-12T22:02:41.0849578Z Resolving deltas:  23% (65/279)
2024-03-12T22:02:41.0850347Z Resolving deltas:  24% (67/279)
2024-03-12T22:02:41.0850962Z Resolving deltas:  25% (70/279)
2024-03-12T22:02:41.0851568Z Resolving deltas:  26% (73/279)
2024-03-12T22:02:41.0852322Z Resolving deltas:  27% (76/279)
2024-03-12T22:02:41.0852938Z Resolving deltas:  28% (79/279)
2024-03-12T22:02:41.0853672Z Resolving deltas:  29% (81/279)
2024-03-12T22:02:41.0854305Z Resolving deltas:  30% (84/279)
2024-03-12T22:02:41.0856056Z Resolving deltas:  31% (87/279)
2024-03-12T22:02:41.0856799Z Resolving deltas:  32% (90/279)
2024-03-12T22:02:41.0857376Z Resolving deltas:  33% (93/279)
2024-03-12T22:02:41.0858002Z Resolving deltas:  34% (95/279)
2024-03-12T22:02:41.0864870Z Resolving deltas:  35% (98/279)
2024-03-12T22:02:41.0868693Z Resolving deltas:  36% (101/279)
2024-03-12T22:02:41.0869362Z Resolving deltas:  37% (104/279)
2024-03-12T22:02:41.0870261Z Resolving deltas:  38% (107/279)
2024-03-12T22:02:41.0870981Z Resolving deltas:  39% (109/279)
2024-03-12T22:02:41.0871616Z Resolving deltas:  40% (112/279)
2024-03-12T22:02:41.0872462Z Resolving deltas:  41% (115/279)
2024-03-12T22:02:41.0873218Z Resolving deltas:  42% (118/279)
2024-03-12T22:02:41.0874129Z Resolving deltas:  43% (120/279)
2024-03-12T22:02:41.0874964Z Resolving deltas:  44% (123/279)
2024-03-12T22:02:41.0880389Z Resolving deltas:  45% (126/279)
2024-03-12T22:02:41.0881617Z Resolving deltas:  46% (129/279)
2024-03-12T22:02:41.0882437Z Resolving deltas:  47% (132/279)
2024-03-12T22:02:41.0883076Z Resolving deltas:  48% (134/279)
2024-03-12T22:02:41.0883745Z Resolving deltas:  49% (137/279)
2024-03-12T22:02:41.0884482Z Resolving deltas:  50% (140/279)
2024-03-12T22:02:41.0885061Z Resolving deltas:  51% (143/279)
2024-03-12T22:02:41.0885706Z Resolving deltas:  52% (146/279)
2024-03-12T22:02:41.0886416Z Resolving deltas:  53% (148/279)
2024-03-12T22:02:41.0887046Z Resolving deltas:  54% (151/279)
2024-03-12T22:02:41.0887793Z Resolving deltas:  55% (154/279)
2024-03-12T22:02:41.0888601Z Resolving deltas:  56% (157/279)
2024-03-12T22:02:41.0889179Z Resolving deltas:  57% (160/279)
2024-03-12T22:02:41.0889818Z Resolving deltas:  58% (164/279)
2024-03-12T22:02:41.0890527Z Resolving deltas:  59% (165/279)
2024-03-12T22:02:41.0891130Z Resolving deltas:  60% (168/279)
2024-03-12T22:02:41.0891835Z Resolving deltas:  61% (171/279)
2024-03-12T22:02:41.0892616Z Resolving deltas:  62% (173/279)
2024-03-12T22:02:41.0893213Z Resolving deltas:  63% (176/279)
2024-03-12T22:02:41.0893825Z Resolving deltas:  64% (179/279)
2024-03-12T22:02:41.0894535Z Resolving deltas:  65% (182/279)
2024-03-12T22:02:41.0895122Z Resolving deltas:  66% (186/279)
2024-03-12T22:02:41.0895791Z Resolving deltas:  67% (187/279)
2024-03-12T22:02:41.0896606Z Resolving deltas:  68% (190/279)
2024-03-12T22:02:41.0897206Z Resolving deltas:  69% (194/279)
2024-03-12T22:02:41.0897816Z Resolving deltas:  70% (196/279)
2024-03-12T22:02:41.0898534Z Resolving deltas:  71% (199/279)
2024-03-12T22:02:41.0899096Z Resolving deltas:  72% (201/279)
2024-03-12T22:02:41.0899758Z Resolving deltas:  73% (204/279)
2024-03-12T22:02:41.0900533Z Resolving deltas:  74% (207/279)
2024-03-12T22:02:41.0901108Z Resolving deltas:  75% (210/279)
2024-03-12T22:02:41.0901735Z Resolving deltas:  76% (213/279)
2024-03-12T22:02:41.0902710Z Resolving deltas:  77% (215/279)
2024-03-12T22:02:41.0903317Z Resolving deltas:  78% (218/279)
2024-03-12T22:02:41.0904176Z Resolving deltas:  79% (221/279)
2024-03-12T22:02:41.0905077Z Resolving deltas:  80% (224/279)
2024-03-12T22:02:41.0905733Z Resolving deltas:  81% (226/279)
2024-03-12T22:02:41.0906338Z Resolving deltas:  82% (229/279)
2024-03-12T22:02:41.0907062Z Resolving deltas:  83% (232/279)
2024-03-12T22:02:41.0907677Z Resolving deltas:  84% (235/279)
2024-03-12T22:02:41.0908262Z Resolving deltas:  85% (238/279)
2024-03-12T22:02:41.0908974Z Resolving deltas:  86% (240/279)
2024-03-12T22:02:41.0911167Z Resolving deltas:  87% (243/279)
2024-03-12T22:02:41.0911876Z Resolving deltas:  88% (247/279)
2024-03-12T22:02:41.0912738Z Resolving deltas:  89% (249/279)
2024-03-12T22:02:41.0913671Z Resolving deltas:  90% (252/279)
2024-03-12T22:02:41.0914571Z Resolving deltas:  91% (254/279)
2024-03-12T22:02:41.0916130Z Resolving deltas:  92% (257/279)
2024-03-12T22:02:41.0918921Z Resolving deltas:  93% (260/279)
2024-03-12T22:02:41.0921732Z Resolving deltas:  94% (263/279)
2024-03-12T22:02:41.0922967Z Resolving deltas:  95% (266/279)
2024-03-12T22:02:41.0925527Z Resolving deltas:  96% (268/279)
2024-03-12T22:02:41.0927961Z Resolving deltas:  97% (271/279)
2024-03-12T22:02:41.0928779Z Resolving deltas:  98% (274/279)
2024-03-12T22:02:41.0930040Z Resolving deltas:  99% (277/279)
2024-03-12T22:02:41.0930816Z Resolving deltas: 100% (279/279)
2024-03-12T22:02:41.0931376Z Resolving deltas: 100% (279/279), done.
2024-03-12T22:02:41.1076837Z From https://github.com/rubyforgood/human-essentials
2024-03-12T22:02:41.1078020Z  * [new ref]         b8fd0a8f9f65738784c90acc2fa5e95723ca4521 -> pull/4191/merge
2024-03-12T22:02:41.1105274Z ##[endgroup]
2024-03-12T22:02:41.1106373Z ##[group]Determining the checkout info
2024-03-12T22:02:41.1107467Z ##[endgroup]
2024-03-12T22:02:41.1108585Z ##[group]Checking out the ref
2024-03-12T22:02:41.1112121Z [command]/usr/bin/git checkout --progress --force refs/remotes/pull/4191/merge
2024-03-12T22:02:41.2431168Z Note: switching to 'refs/remotes/pull/4191/merge'.
2024-03-12T22:02:41.2431698Z 
2024-03-12T22:02:41.2432381Z You are in 'detached HEAD' state. You can look around, make experimental
2024-03-12T22:02:41.2433382Z changes and commit them, and you can discard any commits you make in this
2024-03-12T22:02:41.2434147Z state without impacting any branches by switching back to a branch.
2024-03-12T22:02:41.2434632Z 
2024-03-12T22:02:41.2435022Z If you want to create a new branch to retain commits you create, you may
2024-03-12T22:02:41.2435872Z do so (now or later) by using -c with the switch command. Example:
2024-03-12T22:02:41.2436299Z 
2024-03-12T22:02:41.2436528Z   git switch -c <new-branch-name>
2024-03-12T22:02:41.2436800Z 
2024-03-12T22:02:41.2437012Z Or undo this operation with:
2024-03-12T22:02:41.2437312Z 
2024-03-12T22:02:41.2437440Z   git switch -
2024-03-12T22:02:41.2437624Z 
2024-03-12T22:02:41.2438005Z Turn off this advice by setting config variable advice.detachedHead to false
2024-03-12T22:02:41.2438525Z 
2024-03-12T22:02:41.2439122Z HEAD is now at b8fd0a8 Merge 60e8fe45ff98e2ef86d538c553221bbd2f996446 into 449d8506f768bf1894e05c17983a13da27472321
2024-03-12T22:02:41.2440707Z ##[endgroup]
2024-03-12T22:02:41.2487460Z [command]/usr/bin/git log -1 --format='%H'
2024-03-12T22:02:41.2520839Z 'b8fd0a8f9f65738784c90acc2fa5e95723ca4521'
2024-03-12T22:02:41.2813904Z ##[group]Run ruby/setup-ruby@v1
2024-03-12T22:02:41.2814293Z with:
2024-03-12T22:02:41.2814600Z   bundler-cache: true
2024-03-12T22:02:41.2815063Z   ruby-version: default
2024-03-12T22:02:41.2815383Z ##[endgroup]
2024-03-12T22:02:41.4809323Z Using 3.2.2 as input from file .ruby-version
2024-03-12T22:02:41.4837491Z ##[group]Modifying PATH
2024-03-12T22:02:41.4838267Z Entries added to PATH to use selected Ruby:
2024-03-12T22:02:41.4839086Z   /opt/hostedtoolcache/Ruby/3.2.2/x64/bin
2024-03-12T22:02:41.4840459Z ##[endgroup]
2024-03-12T22:02:41.4864418Z ##[group]Downloading Ruby
2024-03-12T22:02:41.4866874Z https://github.com/ruby/ruby-builder/releases/download/toolcache/ruby-3.2.2-ubuntu-22.04.tar.gz
2024-03-12T22:02:41.9187103Z Took   0.43 seconds
2024-03-12T22:02:41.9188792Z ##[endgroup]
2024-03-12T22:02:41.9189617Z ##[group]Extracting  Ruby
2024-03-12T22:02:41.9214802Z [command]/usr/bin/tar -xz -C /opt/hostedtoolcache/Ruby/3.2.2 -f /home/runner/work/_temp/2bcec975-7426-4ff4-8089-aebe4db124ae
2024-03-12T22:02:42.2973996Z Took   0.38 seconds
2024-03-12T22:02:42.2977259Z ##[endgroup]
2024-03-12T22:02:42.2978401Z ##[group]Print Ruby version
2024-03-12T22:02:42.2990107Z [command]/opt/hostedtoolcache/Ruby/3.2.2/x64/bin/ruby --version
2024-03-12T22:02:42.3193531Z ruby 3.2.2 (2023-03-30 revision e51014f9c0) [x86_64-linux]
2024-03-12T22:02:42.3213366Z Took   0.02 seconds
2024-03-12T22:02:42.3214381Z ##[endgroup]
2024-03-12T22:02:42.3216125Z ##[group]Installing Bundler
2024-03-12T22:02:42.3221951Z Using Bundler 2.5.6 from Gemfile.lock BUNDLED WITH 2.5.6
2024-03-12T22:02:42.3235245Z [command]/opt/hostedtoolcache/Ruby/3.2.2/x64/bin/gem install bundler -v 2.5.6
2024-03-12T22:02:42.7477584Z Successfully installed bundler-2.5.6
2024-03-12T22:02:42.7478360Z 1 gem installed
2024-03-12T22:02:42.7530712Z Took   0.43 seconds
2024-03-12T22:02:42.7531608Z ##[endgroup]
2024-03-12T22:02:42.7532069Z > bundle install
2024-03-12T22:02:42.7550619Z [command]/opt/hostedtoolcache/Ruby/3.2.2/x64/bin/bundle config --local path /home/runner/work/human-essentials/human-essentials/vendor/bundle
2024-03-12T22:02:42.9013809Z [command]/opt/hostedtoolcache/Ruby/3.2.2/x64/bin/bundle config --local deployment true
2024-03-12T22:02:43.0491827Z Cache key: setup-ruby-bundler-cache-v6-ubuntu-22.04-x64-ruby-3.2.2-wd-/home/runner/work/human-essentials/human-essentials-with--without--only--Gemfile.lock-90af41cb540db2526d21e3c5cbbe531ed46bcf1ba5fdc3d9e3337dd916b92c56
2024-03-12T22:02:44.2782061Z Received 167772160 of 214817878 (78.1%), 160.2 MBs/sec
2024-03-12T22:02:44.4598665Z Cache Size: ~205 MB (214817878 B)
2024-03-12T22:02:44.4737239Z [command]/usr/bin/tar -xf /home/runner/work/_temp/782fc1a7-8ea9-42f4-a888-c71a400d27d5/cache.tzst -P -C /home/runner/work/human-essentials/human-essentials --use-compress-program unzstd
2024-03-12T22:02:45.2786770Z Received 214817878 of 214817878 (100.0%), 102.4 MBs/sec
2024-03-12T22:02:46.2447523Z Cache restored successfully
2024-03-12T22:02:46.2946796Z Found cache for key: setup-ruby-bundler-cache-v6-ubuntu-22.04-x64-ruby-3.2.2-wd-/home/runner/work/human-essentials/human-essentials-with--without--only--Gemfile.lock-90af41cb540db2526d21e3c5cbbe531ed46bcf1ba5fdc3d9e3337dd916b92c56
2024-03-12T22:02:46.2957416Z [command]/opt/hostedtoolcache/Ruby/3.2.2/x64/bin/bundle install --jobs 4
2024-03-12T22:02:46.7210943Z Bundle complete! 85 Gemfile dependencies, 246 gems now installed.
2024-03-12T22:02:46.7212521Z Bundled gems are installed into `./vendor/bundle`
2024-03-12T22:02:46.7263065Z Took   3.97 seconds
2024-03-12T22:02:46.7445979Z ##[group]Run sudo apt-get -yqq install libpq-dev
2024-03-12T22:02:46.7446664Z [36;1msudo apt-get -yqq install libpq-dev[0m
2024-03-12T22:02:46.7513710Z shell: /usr/bin/bash -e {0}
2024-03-12T22:02:46.7514243Z ##[endgroup]
2024-03-12T22:02:49.2118840Z ##[group]Run bundle exec rake db:create
2024-03-12T22:02:49.2119375Z [36;1mbundle exec rake db:create[0m
2024-03-12T22:02:49.2119790Z [36;1mbundle exec rake db:schema:load[0m
2024-03-12T22:02:49.2120340Z [36;1mbundle exec rails assets:precompile[0m
2024-03-12T22:02:49.2170535Z shell: /usr/bin/bash -e {0}
2024-03-12T22:02:49.2170942Z env:
2024-03-12T22:02:49.2171260Z   POSTGRES_HOST: localhost
2024-03-12T22:02:49.2171703Z   DATABASE_HOST: localhost
2024-03-12T22:02:49.2172076Z   PG_USERNAME: postgres
2024-03-12T22:02:49.2172482Z   PG_PASSWORD: password
2024-03-12T22:02:49.2172937Z   POSTGRES_HOST_AUTH_METHOD: trust
2024-03-12T22:02:49.2173350Z   POSTGRES_PORT: 5432
2024-03-12T22:02:49.2173676Z   RAILS_ENV: test
2024-03-12T22:02:49.2174092Z ##[endgroup]
2024-03-12T22:02:55.8704211Z We could not find your database: diaper_test. Which can be found in the database configuration file located at config/database.yml.
2024-03-12T22:02:55.8705508Z 
2024-03-12T22:02:55.8706130Z To resolve this issue:
2024-03-12T22:02:55.8706470Z 
2024-03-12T22:02:55.8707447Z - Did you create the database for this app, or delete it? You may need to create your database.
2024-03-12T22:02:55.8708632Z - Has the database name changed? Check your database.yml config has the correct database name.
2024-03-12T22:02:55.8709278Z 
2024-03-12T22:02:55.8709471Z To create your database, run:
2024-03-12T22:02:55.8709711Z 
2024-03-12T22:02:55.8709841Z         bin/rails db:create
2024-03-12T22:02:55.8710427Z . You likely need to run `rails g flipper:active_record` and/or `rails db:migrate`.
2024-03-12T22:02:56.0668611Z Created database 'diaper_test'
2024-03-12T22:02:56.3753907Z Coverage report generated for RSpec to /home/runner/work/human-essentials/human-essentials/coverage. 442 / 10017 LOC (4.41%) covered.
2024-03-12T22:03:02.7648651Z PG::UndefinedTable: ERROR:  relation "flipper_gates" does not exist
2024-03-12T22:03:02.7649912Z LINE 9:  WHERE a.attrelid = '"flipper_gates"'::regclass
2024-03-12T22:03:02.7650397Z                             ^
2024-03-12T22:03:02.7650982Z . You likely need to run `rails g flipper:active_record` and/or `rails db:migrate`.
2024-03-12T22:03:03.6297237Z Coverage report generated for RSpec to /home/runner/work/human-essentials/human-essentials/coverage. 442 / 10017 LOC (4.41%) covered.
2024-03-12T22:03:37.6606667Z W, [2024-03-12T15:03:37.660267 #2222]  WARN -- : Removed sourceMappingURL comment for missing asset 'adminlte.js.map' from /home/runner/work/human-essentials/human-essentials/app/javascript/adminlte.js
2024-03-12T22:03:37.7227438Z I, [2024-03-12T15:03:37.722300 #2222]  INFO -- : Writing /home/runner/work/human-essentials/human-essentials/public/assets/manifest-90aab26ade71e747f745b1227b433fd7d580a54f279ee2be6e1a67bb326bf03a.js
2024-03-12T22:03:37.7231405Z I, [2024-03-12T15:03:37.722574 #2222]  INFO -- : Writing /home/runner/work/human-essentials/human-essentials/public/assets/manifest-90aab26ade71e747f745b1227b433fd7d580a54f279ee2be6e1a67bb326bf03a.js.gz
2024-03-12T22:03:37.7235912Z I, [2024-03-12T15:03:37.722790 #2222]  INFO -- : Writing /home/runner/work/human-essentials/human-essentials/public/assets/filterrific/filterrific-spinner-415824b210964b6cdb1db0bd9508be8644b9fde094b392f73055b20d369885b6.gif
2024-03-12T22:03:37.7239925Z I, [2024-03-12T15:03:37.723049 #2222]  INFO -- : Writing /home/runner/work/human-essentials/human-essentials/public/assets/bootstrap.min-67c48d88a8e0be178058aacb338b084191ed6d65c8fef751c50248202cf1488a.js
2024-03-12T22:03:37.7243435Z I, [2024-03-12T15:03:37.723575 #2222]  INFO -- : Writing /home/runner/work/human-essentials/human-essentials/public/assets/bootstrap.min-67c48d88a8e0be178058aacb338b084191ed6d65c8fef751c50248202cf1488a.js.gz
2024-03-12T22:03:37.7246799Z I, [2024-03-12T15:03:37.723931 #2222]  INFO -- : Writing /home/runner/work/human-essentials/human-essentials/public/assets/DiaperBase-Logo-f18172876cab49a451ca9c3178b578ab2019e03f111a6b6f3ba0c1b40b3d7c0c.png
2024-03-12T22:03:37.7250798Z I, [2024-03-12T15:03:37.724395 #2222]  INFO -- : Writing /home/runner/work/human-essentials/human-essentials/public/assets/Just-Diaper-05bf6a1b70ccad149eb4eca7b5f9fcca1f9c37bab1f8e5edb6798d66c903ba53.svg
2024-03-12T22:03:37.7254553Z I, [2024-03-12T15:03:37.724820 #2222]  INFO -- : Writing /home/runner/work/human-essentials/human-essentials/public/assets/Just-Diaper-05bf6a1b70ccad149eb4eca7b5f9fcca1f9c37bab1f8e5edb6798d66c903ba53.svg.gz
2024-03-12T22:03:37.7262033Z I, [2024-03-12T15:03:37.725913 #2222]  INFO -- : Writing /home/runner/work/human-essentials/human-essentials/public/assets/barcode-932aed25f5c148b36882be3bfb6696ecdd362ba0a709ff0674a10477f2aad8f3.svg
2024-03-12T22:03:37.7265780Z I, [2024-03-12T15:03:37.726291 #2222]  INFO -- : Writing /home/runner/work/human-essentials/human-essentials/public/assets/barcode-932aed25f5c148b36882be3bfb6696ecdd362ba0a709ff0674a10477f2aad8f3.svg.gz
2024-03-12T22:03:37.7269283Z I, [2024-03-12T15:03:37.726725 #2222]  INFO -- : Writing /home/runner/work/human-essentials/human-essentials/public/assets/bars-db7a0aaf1cd735270b170cba53dca71c75473940ab48639c609a72964eb92f4d.svg
2024-03-12T22:03:37.7274845Z I, [2024-03-12T15:03:37.727265 #2222]  INFO -- : Writing /home/runner/work/human-essentials/human-essentials/public/assets/bars-db7a0aaf1cd735270b170cba53dca71c75473940ab48639c609a72964eb92f4d.svg.gz
2024-03-12T22:03:37.7278461Z I, [2024-03-12T15:03:37.727397 #2222]  INFO -- : Writing /home/runner/work/human-essentials/human-essentials/public/assets/blue@2x-709ca6c252f762af1e5efb0ef1e7444a712cb0ec010fee01749b67a595a7c0c6.png
2024-03-12T22:03:37.7284557Z I, [2024-03-12T15:03:37.728171 #2222]  INFO -- : Writing /home/runner/work/human-essentials/human-essentials/public/assets/boxed-bg-6c60c3f8655fa4062631bbe1434face4fe3d70392159e976ec09ca6ad9330e7d.jpg
2024-03-12T22:03:37.7290573Z I, [2024-03-12T15:03:37.728799 #2222]  INFO -- : Writing /home/runner/work/human-essentials/human-essentials/public/assets/boxed-bg-eb7b1fa0c09f5ef599fc5138e33168827f2ec4e1f796cf8a78570d8a73a58190.png
2024-03-12T22:03:37.7293844Z I, [2024-03-12T15:03:37.729166 #2222]  INFO -- : Writing /home/runner/work/human-essentials/human-essentials/public/assets/dashboard-image-3db42e909886dffccb680715feccab83cc867b4581b0009558e746364e2ec332.svg
2024-03-12T22:03:37.7297731Z I, [2024-03-12T15:03:37.729586 #2222]  INFO -- : Writing /home/runner/work/human-essentials/human-essentials/public/assets/dashboard-image-3db42e909886dffccb680715feccab83cc867b4581b0009558e746364e2ec332.svg.gz
2024-03-12T22:03:37.7301247Z I, [2024-03-12T15:03:37.729745 #2222]  INFO -- : Writing /home/runner/work/human-essentials/human-essentials/public/assets/forecasting-32dffccc42e6c09203d36acbc2243b4bc746dc2f1198c1ff43def4bb48e335b2.svg
2024-03-12T22:03:37.7304830Z I, [2024-03-12T15:03:37.729920 #2222]  INFO -- : Writing /home/runner/work/human-essentials/human-essentials/public/assets/forecasting-32dffccc42e6c09203d36acbc2243b4bc746dc2f1198c1ff43def4bb48e335b2.svg.gz
2024-03-12T22:03:37.7308906Z I, [2024-03-12T15:03:37.730145 #2222]  INFO -- : Writing /home/runner/work/human-essentials/human-essentials/public/assets/hero-image-0ba273def6de748beb2a64206e115d8e4a109ad51ef255512f4c6522e5b9225b.svg
2024-03-12T22:03:37.7311753Z I, [2024-03-12T15:03:37.730674 #2222]  INFO -- : Writing /home/runner/work/human-essentials/human-essentials/public/assets/hero-image-0ba273def6de748beb2a64206e115d8e4a109ad51ef255512f4c6522e5b9225b.svg.gz
2024-03-12T22:03:37.7326552Z I, [2024-03-12T15:03:37.732289 #2222]  INFO -- : Writing /home/runner/work/human-essentials/human-essentials/public/assets/inventory-image-3d91fc8087e13632114d9d129a680b992e02aae297b2bf180089cd55792249b2.svg
2024-03-12T22:03:37.7351045Z I, [2024-03-12T15:03:37.734528 #2222]  INFO -- : Writing /home/runner/work/human-essentials/human-essentials/public/assets/inventory-image-3d91fc8087e13632114d9d129a680b992e02aae297b2bf180089cd55792249b2.svg.gz
2024-03-12T22:03:37.7355782Z I, [2024-03-12T15:03:37.734654 #2222]  INFO -- : Writing /home/runner/work/human-essentials/human-essentials/public/assets/partner-management-c2cd4a940d1cf59f66928bc5097b4d4528b6de95abcc66421edf341c59311d40.svg
2024-03-12T22:03:37.7359646Z I, [2024-03-12T15:03:37.734772 #2222]  INFO -- : Writing /home/runner/work/human-essentials/human-essentials/public/assets/partner-management-c2cd4a940d1cf59f66928bc5097b4d4528b6de95abcc66421edf341c59311d40.svg.gz
2024-03-12T22:03:37.7363448Z I, [2024-03-12T15:03:37.734885 #2222]  INFO -- : Writing /home/runner/work/human-essentials/human-essentials/public/assets/quote-e4395f28913ad7b7785c522f0b6f2363a960720cf3bc26705438f6efb55edb7d.svg
2024-03-12T22:03:37.7367766Z I, [2024-03-12T15:03:37.734996 #2222]  INFO -- : Writing /home/runner/work/human-essentials/human-essentials/public/assets/quote-e4395f28913ad7b7785c522f0b6f2363a960720cf3bc26705438f6efb55edb7d.svg.gz
2024-03-12T22:03:37.7371382Z I, [2024-03-12T15:03:37.735093 #2222]  INFO -- : Writing /home/runner/work/human-essentials/human-essentials/public/assets/report-image-a9fc71739eca5457d288f1c234a0d84237ba8eef8bd20a9935bd45d84d03ae6b.svg
2024-03-12T22:03:37.7377996Z I, [2024-03-12T15:03:37.735192 #2222]  INFO -- : Writing /home/runner/work/human-essentials/human-essentials/public/assets/report-image-a9fc71739eca5457d288f1c234a0d84237ba8eef8bd20a9935bd45d84d03ae6b.svg.gz
2024-03-12T22:03:37.7386080Z I, [2024-03-12T15:03:37.735387 #2222]  INFO -- : Writing /home/runner/work/human-essentials/human-essentials/public/assets/test-only-background-c4843e992a593298a8c43815c8950b766061a96fd7d3e92838354914c41d7243.jpg
2024-03-12T22:03:37.7396616Z I, [2024-03-12T15:03:37.736582 #2222]  INFO -- : Writing /home/runner/work/human-essentials/human-essentials/public/assets/AdminLTE-9d75f9bf2ec81bc0a0de450227ed6268dad2cd66401439503c18d3241dfb241d.css
2024-03-12T22:03:37.7409848Z I, [2024-03-12T15:03:37.737196 #2222]  INFO -- : Writing /home/runner/work/human-essentials/human-essentials/public/assets/AdminLTE-9d75f9bf2ec81bc0a0de450227ed6268dad2cd66401439503c18d3241dfb241d.css.gz
2024-03-12T22:03:37.7424356Z I, [2024-03-12T15:03:37.737310 #2222]  INFO -- : Writing /home/runner/work/human-essentials/human-essentials/public/assets/_colors-04024382391bb910584145d8113cf35ef376b55d125bb4516cebeb14ce788597.css
2024-03-12T22:03:37.7436541Z I, [2024-03-12T15:03:37.737389 #2222]  INFO -- : Writing /home/runner/work/human-essentials/human-essentials/public/assets/_colors-04024382391bb910584145d8113cf35ef376b55d125bb4516cebeb14ce788597.css.gz
2024-03-12T22:03:37.7440195Z I, [2024-03-12T15:03:37.737488 #2222]  INFO -- : Writing /home/runner/work/human-essentials/human-essentials/public/assets/application-c21613708cb0f40361dc08d066cb68c559e4b3982f802956f4439959cad9af23.css
2024-03-12T22:03:37.7443908Z I, [2024-03-12T15:03:37.737564 #2222]  INFO -- : Writing /home/runner/work/human-essentials/human-essentials/public/assets/application-c21613708cb0f40361dc08d066cb68c559e4b3982f802956f4439959cad9af23.css.gz
2024-03-12T22:03:37.7447396Z I, [2024-03-12T15:03:37.737749 #2222]  INFO -- : Writing /home/runner/work/human-essentials/human-essentials/public/assets/audits-83372b845d8a4887e7e4d2315cf3c85ea60ef94ca0ec4774dfbcd3cf569c616c.css
2024-03-12T22:03:37.7451115Z I, [2024-03-12T15:03:37.737825 #2222]  INFO -- : Writing /home/runner/work/human-essentials/human-essentials/public/assets/audits-83372b845d8a4887e7e4d2315cf3c85ea60ef94ca0ec4774dfbcd3cf569c616c.css.gz
2024-03-12T22:03:37.7454713Z I, [2024-03-12T15:03:37.737926 #2222]  INFO -- : Writing /home/runner/work/human-essentials/human-essentials/public/assets/barcode_reader-3799c29218802c1dbba4c700f3863ec24505a9e3e7b54d36282fff667d7c94ca.css
2024-03-12T22:03:37.7458230Z I, [2024-03-12T15:03:37.738002 #2222]  INFO -- : Writing /home/runner/work/human-essentials/human-essentials/public/assets/barcode_reader-3799c29218802c1dbba4c700f3863ec24505a9e3e7b54d36282fff667d7c94ca.css.gz
2024-03-12T22:03:37.7461676Z I, [2024-03-12T15:03:37.738100 #2222]  INFO -- : Writing /home/runner/work/human-essentials/human-essentials/public/assets/custom-4ac26623bf6f4d95aa1164e1ad4d6cbb2bb8dda4af8e4a2f1b4368bc92491085.css
2024-03-12T22:03:37.7465711Z I, [2024-03-12T15:03:37.738176 #2222]  INFO -- : Writing /home/runner/work/human-essentials/human-essentials/public/assets/custom-4ac26623bf6f4d95aa1164e1ad4d6cbb2bb8dda4af8e4a2f1b4368bc92491085.css.gz
2024-03-12T22:03:37.7469334Z I, [2024-03-12T15:03:37.738362 #2222]  INFO -- : Writing /home/runner/work/human-essentials/human-essentials/public/assets/expandable_table-cca1600cf25c44c6bea2733167509ffe9133f344e9defe984ad96bd427b29a19.css
2024-03-12T22:03:37.7473206Z I, [2024-03-12T15:03:37.738465 #2222]  INFO -- : Writing /home/runner/work/human-essentials/human-essentials/public/assets/expandable_table-cca1600cf25c44c6bea2733167509ffe9133f344e9defe984ad96bd427b29a19.css.gz
2024-03-12T22:03:37.7476691Z I, [2024-03-12T15:03:37.738568 #2222]  INFO -- : Writing /home/runner/work/human-essentials/human-essentials/public/assets/landing_page-4fe5dfcfea8b5bbd7722658652ff4ee86132a41b8aff92e9ef8b1216cb7259fa.css
2024-03-12T22:03:37.7480043Z I, [2024-03-12T15:03:37.738644 #2222]  INFO -- : Writing /home/runner/work/human-essentials/human-essentials/public/assets/landing_page-4fe5dfcfea8b5bbd7722658652ff4ee86132a41b8aff92e9ef8b1216cb7259fa.css.gz
2024-03-12T22:03:37.7483459Z I, [2024-03-12T15:03:37.738743 #2222]  INFO -- : Writing /home/runner/work/human-essentials/human-essentials/public/assets/modal-dialog-9d7ae8bb43b60ac4c7d9910700392b20618ae2db4d5db33453b157171d5e0f7d.css
2024-03-12T22:03:37.7486794Z I, [2024-03-12T15:03:37.738818 #2222]  INFO -- : Writing /home/runner/work/human-essentials/human-essentials/public/assets/modal-dialog-9d7ae8bb43b60ac4c7d9910700392b20618ae2db4d5db33453b157171d5e0f7d.css.gz
2024-03-12T22:03:37.7490130Z I, [2024-03-12T15:03:37.738914 #2222]  INFO -- : Writing /home/runner/work/human-essentials/human-essentials/public/assets/progress_stepper-7f8ef0dc05a9a00a300e56f6f3e4ccfdde4af8e392407ccc6601d60019067ccb.css
2024-03-12T22:03:37.7493617Z I, [2024-03-12T15:03:37.738990 #2222]  INFO -- : Writing /home/runner/work/human-essentials/human-essentials/public/assets/progress_stepper-7f8ef0dc05a9a00a300e56f6f3e4ccfdde4af8e392407ccc6601d60019067ccb.css.gz
2024-03-12T22:03:37.7496936Z I, [2024-03-12T15:03:37.739088 #2222]  INFO -- : Writing /home/runner/work/human-essentials/human-essentials/public/assets/transfers-c9ab43ff53dab5dc13681712afc9b6fb31d7865d5ac8c657220deff9f138fa8c.css
2024-03-12T22:03:37.7500261Z I, [2024-03-12T15:03:37.739157 #2222]  INFO -- : Writing /home/runner/work/human-essentials/human-essentials/public/assets/transfers-c9ab43ff53dab5dc13681712afc9b6fb31d7865d5ac8c657220deff9f138fa8c.css.gz
2024-03-12T22:03:37.7503502Z I, [2024-03-12T15:03:37.739249 #2222]  INFO -- : Writing /home/runner/work/human-essentials/human-essentials/public/assets/adminlte-886a0b559685ec92cd8dd4dbf957899292f9c0bd344c90c304d28973363a8eaf.js
2024-03-12T22:03:37.7506993Z I, [2024-03-12T15:03:37.739323 #2222]  INFO -- : Writing /home/runner/work/human-essentials/human-essentials/public/assets/adminlte-886a0b559685ec92cd8dd4dbf957899292f9c0bd344c90c304d28973363a8eaf.js.gz
2024-03-12T22:03:37.7510648Z I, [2024-03-12T15:03:37.739417 #2222]  INFO -- : Writing /home/runner/work/human-essentials/human-essentials/public/assets/application-f9d5a0970e6dc2d1d44ca8dfd6129e9fed2dccf1b460a6bba6eab9dd7aa61c92.js
2024-03-12T22:03:37.7514475Z I, [2024-03-12T15:03:37.739480 #2222]  INFO -- : Writing /home/runner/work/human-essentials/human-essentials/public/assets/application-f9d5a0970e6dc2d1d44ca8dfd6129e9fed2dccf1b460a6bba6eab9dd7aa61c92.js.gz
2024-03-12T22:03:37.7518228Z I, [2024-03-12T15:03:37.739572 #2222]  INFO -- : Writing /home/runner/work/human-essentials/human-essentials/public/assets/cocoon-js-vanilla-cc8e46e9b16a6217f3c14c60ca346454c9c01d8d41e5c073ae14f85fac052e96.js
2024-03-12T22:03:37.7522225Z I, [2024-03-12T15:03:37.739647 #2222]  INFO -- : Writing /home/runner/work/human-essentials/human-essentials/public/assets/cocoon-js-vanilla-cc8e46e9b16a6217f3c14c60ca346454c9c01d8d41e5c073ae14f85fac052e96.js.gz
2024-03-12T22:03:37.7526251Z I, [2024-03-12T15:03:37.739745 #2222]  INFO -- : Writing /home/runner/work/human-essentials/human-essentials/public/assets/controllers/application-368d98631bccbf2349e0d4f8269afb3fe9625118341966de054759d96ea86c7e.js
2024-03-12T22:03:37.7530136Z I, [2024-03-12T15:03:37.739814 #2222]  INFO -- : Writing /home/runner/work/human-essentials/human-essentials/public/assets/controllers/application-368d98631bccbf2349e0d4f8269afb3fe9625118341966de054759d96ea86c7e.js.gz
2024-03-12T22:03:37.7534388Z I, [2024-03-12T15:03:37.739994 #2222]  INFO -- : Writing /home/runner/work/human-essentials/human-essentials/public/assets/controllers/area_served_controller-c8c048ef9ee2d145ba8408cda63546aff8ce9170e9cafb34075ebb01b43c6c34.js
2024-03-12T22:03:37.7538626Z I, [2024-03-12T15:03:37.740064 #2222]  INFO -- : Writing /home/runner/work/human-essentials/human-essentials/public/assets/controllers/area_served_controller-c8c048ef9ee2d145ba8408cda63546aff8ce9170e9cafb34075ebb01b43c6c34.js.gz
2024-03-12T22:03:37.7542967Z I, [2024-03-12T15:03:37.740154 #2222]  INFO -- : Writing /home/runner/work/human-essentials/human-essentials/public/assets/controllers/checkbox_with_nested_element_controller-1645dd2a3a857d546354c90b0c415a9d1dd4de6974048fd41bfc1d6f45ccb3eb.js
2024-03-12T22:03:37.7547593Z I, [2024-03-12T15:03:37.740222 #2222]  INFO -- : Writing /home/runner/work/human-essentials/human-essentials/public/assets/controllers/checkbox_with_nested_element_controller-1645dd2a3a857d546354c90b0c415a9d1dd4de6974048fd41bfc1d6f45ccb3eb.js.gz
2024-03-12T22:03:37.7552011Z I, [2024-03-12T15:03:37.740313 #2222]  INFO -- : Writing /home/runner/work/human-essentials/human-essentials/public/assets/controllers/distribution_delivery_controller-89fc613f734c2b1538c1e9948abeb353ea73d22678fc08597d48fa36a70c5c51.js
2024-03-12T22:03:37.7556496Z I, [2024-03-12T15:03:37.740382 #2222]  INFO -- : Writing /home/runner/work/human-essentials/human-essentials/public/assets/controllers/distribution_delivery_controller-89fc613f734c2b1538c1e9948abeb353ea73d22678fc08597d48fa36a70c5c51.js.gz
2024-03-12T22:03:37.7560768Z I, [2024-03-12T15:03:37.740474 #2222]  INFO -- : Writing /home/runner/work/human-essentials/human-essentials/public/assets/controllers/double_select_controller-bb2e4a65f2c66cacc8ec4dd491c2233b0aac53187ebe1fbaaffedfbaf7db9099.js
2024-03-12T22:03:37.7565035Z I, [2024-03-12T15:03:37.740541 #2222]  INFO -- : Writing /home/runner/work/human-essentials/human-essentials/public/assets/controllers/double_select_controller-bb2e4a65f2c66cacc8ec4dd491c2233b0aac53187ebe1fbaaffedfbaf7db9099.js.gz
2024-03-12T22:03:37.7567845Z I, [2024-03-12T15:03:37.740629 #2222]  INFO -- : Writing /home/runner/work/human-essentials/human-essentials/public/assets/controllers/highchart_controller-7640167d6e3481659a5ead23f046e3c6852c08e30ce8aa6f09aa5cce0f7ea02d.js
2024-03-12T22:03:37.7570073Z I, [2024-03-12T15:03:37.740695 #2222]  INFO -- : Writing /home/runner/work/human-essentials/human-essentials/public/assets/controllers/highchart_controller-7640167d6e3481659a5ead23f046e3c6852c08e30ce8aa6f09aa5cce0f7ea02d.js.gz
2024-03-12T22:03:37.7572525Z I, [2024-03-12T15:03:37.740786 #2222]  INFO -- : Writing /home/runner/work/human-essentials/human-essentials/public/assets/controllers/index-2db729dddcc5b979110e98de4b6720f83f91a123172e87281d5a58410fc43806.js
2024-03-12T22:03:37.7574574Z I, [2024-03-12T15:03:37.740855 #2222]  INFO -- : Writing /home/runner/work/human-essentials/human-essentials/public/assets/controllers/index-2db729dddcc5b979110e98de4b6720f83f91a123172e87281d5a58410fc43806.js.gz
2024-03-12T22:03:37.7576751Z I, [2024-03-12T15:03:37.740945 #2222]  INFO -- : Writing /home/runner/work/human-essentials/human-essentials/public/assets/controllers/request_item_controller-4ab1cb48f0cc30bba40f5311b6588189ddf5daf19bdf36b462cdeab0a663399b.js
2024-03-12T22:03:37.7579036Z I, [2024-03-12T15:03:37.741012 #2222]  INFO -- : Writing /home/runner/work/human-essentials/human-essentials/public/assets/controllers/request_item_controller-4ab1cb48f0cc30bba40f5311b6588189ddf5daf19bdf36b462cdeab0a663399b.js.gz
2024-03-12T22:03:37.7581399Z I, [2024-03-12T15:03:37.741097 #2222]  INFO -- : Writing /home/runner/work/human-essentials/human-essentials/public/assets/controllers/select2_controller-13c15fa4f8996b06b43552325b12e3a14e158db06264b83cfff2e521a16fceeb.js
2024-03-12T22:03:37.7583597Z I, [2024-03-12T15:03:37.741158 #2222]  INFO -- : Writing /home/runner/work/human-essentials/human-essentials/public/assets/controllers/select2_controller-13c15fa4f8996b06b43552325b12e3a14e158db06264b83cfff2e521a16fceeb.js.gz
2024-03-12T22:03:37.7586847Z I, [2024-03-12T15:03:37.741247 #2222]  INFO -- : Writing /home/runner/work/human-essentials/human-essentials/public/assets/controllers/served_area_controller-37738489813fc06349f3fb1bc7abc5d5493318ce553f1bebbfa1f8fe06ebfb4a.js
2024-03-12T22:03:37.7589083Z I, [2024-03-12T15:03:37.741313 #2222]  INFO -- : Writing /home/runner/work/human-essentials/human-essentials/public/assets/controllers/served_area_controller-37738489813fc06349f3fb1bc7abc5d5493318ce553f1bebbfa1f8fe06ebfb4a.js.gz
2024-03-12T22:03:37.7591263Z I, [2024-03-12T15:03:37.741403 #2222]  INFO -- : Writing /home/runner/work/human-essentials/human-essentials/public/assets/controllers/turbo_controller-7ee3a9437b4fb003ac4ea4ca0f3425fd197ce4538a1eeb606e5e5447aa948b54.js
2024-03-12T22:03:37.7593518Z I, [2024-03-12T15:03:37.741470 #2222]  INFO -- : Writing /home/runner/work/human-essentials/human-essentials/public/assets/controllers/turbo_controller-7ee3a9437b4fb003ac4ea4ca0f3425fd197ce4538a1eeb606e5e5447aa948b54.js.gz
2024-03-12T22:03:37.7595564Z I, [2024-03-12T15:03:37.741565 #2222]  INFO -- : Writing /home/runner/work/human-essentials/human-essentials/public/assets/startup-bf111fcbf368bc988dfcb050d057ec73e21f190d7921e15689dd5ebf674e6d00.js
2024-03-12T22:03:37.7597562Z I, [2024-03-12T15:03:37.741637 #2222]  INFO -- : Writing /home/runner/work/human-essentials/human-essentials/public/assets/startup-bf111fcbf368bc988dfcb050d057ec73e21f190d7921e15689dd5ebf674e6d00.js.gz
2024-03-12T22:03:37.7599583Z I, [2024-03-12T15:03:37.741737 #2222]  INFO -- : Writing /home/runner/work/human-essentials/human-essentials/public/assets/utils/barcode_items-ee1050c4d1ade4569ef6cfc83d5f4792f67daabaca0ae24f75455737fea0a72b.js
2024-03-12T22:03:37.7601657Z I, [2024-03-12T15:03:37.741806 #2222]  INFO -- : Writing /home/runner/work/human-essentials/human-essentials/public/assets/utils/barcode_items-ee1050c4d1ade4569ef6cfc83d5f4792f67daabaca0ae24f75455737fea0a72b.js.gz
2024-03-12T22:03:37.7603788Z I, [2024-03-12T15:03:37.741901 #2222]  INFO -- : Writing /home/runner/work/human-essentials/human-essentials/public/assets/utils/barcode_scan-757b66b6921154f49e7cc4c5dc2f146f91f1648beffaa8ef106d94585a273ba9.js
2024-03-12T22:03:37.7605811Z I, [2024-03-12T15:03:37.741970 #2222]  INFO -- : Writing /home/runner/work/human-essentials/human-essentials/public/assets/utils/barcode_scan-757b66b6921154f49e7cc4c5dc2f146f91f1648beffaa8ef106d94585a273ba9.js.gz
2024-03-12T22:03:37.7607917Z I, [2024-03-12T15:03:37.742061 #2222]  INFO -- : Writing /home/runner/work/human-essentials/human-essentials/public/assets/utils/deadline_day_pickers-b0b264db9e3c8107c161cc4571e71cf901bcc511175271d218a553c4e1889065.js
2024-03-12T22:03:37.7610300Z I, [2024-03-12T15:03:37.742129 #2222]  INFO -- : Writing /home/runner/work/human-essentials/human-essentials/public/assets/utils/deadline_day_pickers-b0b264db9e3c8107c161cc4571e71cf901bcc511175271d218a553c4e1889065.js.gz
2024-03-12T22:03:37.7612469Z I, [2024-03-12T15:03:37.742218 #2222]  INFO -- : Writing /home/runner/work/human-essentials/human-essentials/public/assets/utils/distributions_and_transfers-1f9709e9a8df250acfe3e7a79f1501b2696b1f36d5adcf083a61a1b005cce3d2.js
2024-03-12T22:03:37.7614690Z I, [2024-03-12T15:03:37.742286 #2222]  INFO -- : Writing /home/runner/work/human-essentials/human-essentials/public/assets/utils/distributions_and_transfers-1f9709e9a8df250acfe3e7a79f1501b2696b1f36d5adcf083a61a1b005cce3d2.js.gz
2024-03-12T22:03:37.7618790Z I, [2024-03-12T15:03:37.742375 #2222]  INFO -- : Writing /home/runner/work/human-essentials/human-essentials/public/assets/utils/donations-1c3e9a15fc370afd2c3836ccf8dde6013c35412a8d83cf6c1e31bec95ef72b26.js
2024-03-12T22:03:37.7623013Z I, [2024-03-12T15:03:37.742474 #2222]  INFO -- : Writing /home/runner/work/human-essentials/human-essentials/public/assets/utils/donations-1c3e9a15fc370afd2c3836ccf8dde6013c35412a8d83cf6c1e31bec95ef72b26.js.gz
2024-03-12T22:03:37.7626691Z I, [2024-03-12T15:03:37.742566 #2222]  INFO -- : Writing /home/runner/work/human-essentials/human-essentials/public/assets/utils/purchases-5c814ba098feaa8a7b4abff24267c1da909f3e52e12c97660f8a0b8c1ff4aea1.js
2024-03-12T22:03:37.7628820Z I, [2024-03-12T15:03:37.742636 #2222]  INFO -- : Writing /home/runner/work/human-essentials/human-essentials/public/assets/utils/purchases-5c814ba098feaa8a7b4abff24267c1da909f3e52e12c97660f8a0b8c1ff4aea1.js.gz
2024-03-12T22:03:37.7630844Z I, [2024-03-12T15:03:37.742729 #2222]  INFO -- : Writing /home/runner/work/human-essentials/human-essentials/public/assets/filterrific-f3a290db250e05344fd62c216b903689f73eff5e270ef021e425551006092e08.js
2024-03-12T22:03:37.7632908Z I, [2024-03-12T15:03:37.742797 #2222]  INFO -- : Writing /home/runner/work/human-essentials/human-essentials/public/assets/filterrific-f3a290db250e05344fd62c216b903689f73eff5e270ef021e425551006092e08.js.gz
2024-03-12T22:03:37.7634942Z I, [2024-03-12T15:03:37.742889 #2222]  INFO -- : Writing /home/runner/work/human-essentials/human-essentials/public/assets/stimulusloading-1fc59770fb1654500044afd3f5f6d7d00800e5be36746d55b94a2963a7a228aa.js
2024-03-12T22:03:37.7636966Z I, [2024-03-12T15:03:37.742962 #2222]  INFO -- : Writing /home/runner/work/human-essentials/human-essentials/public/assets/stimulusloading-1fc59770fb1654500044afd3f5f6d7d00800e5be36746d55b94a2963a7a228aa.js.gz
2024-03-12T22:03:37.7639013Z I, [2024-03-12T15:03:37.743059 #2222]  INFO -- : Writing /home/runner/work/human-essentials/human-essentials/public/assets/turbo-4851a9a0b1d947e810dfd0448a72aef261d455183ebea681f4f28a73640a9ece.js
2024-03-12T22:03:37.7640928Z I, [2024-03-12T15:03:37.743132 #2222]  INFO -- : Writing /home/runner/work/human-essentials/human-essentials/public/assets/turbo-4851a9a0b1d947e810dfd0448a72aef261d455183ebea681f4f28a73640a9ece.js.gz
2024-03-12T22:03:37.7642838Z I, [2024-03-12T15:03:37.743228 #2222]  INFO -- : Writing /home/runner/work/human-essentials/human-essentials/public/assets/turbo.min-f309baafa3ae5ad6ccee3e7362118b87678d792db8e8ab466c4fa284dd3a4700.js
2024-03-12T22:03:37.7644913Z I, [2024-03-12T15:03:37.743302 #2222]  INFO -- : Writing /home/runner/work/human-essentials/human-essentials/public/assets/turbo.min-f309baafa3ae5ad6ccee3e7362118b87678d792db8e8ab466c4fa284dd3a4700.js.gz
2024-03-12T22:03:37.7646930Z I, [2024-03-12T15:03:37.743400 #2222]  INFO -- : Writing /home/runner/work/human-essentials/human-essentials/public/assets/turbo.min.js-8bc8f4a58d1c106d58dec8bef6c638ff12ff4d078f19d8ebd8c4277f4c9bc85a.map
2024-03-12T22:03:37.7649009Z I, [2024-03-12T15:03:37.743527 #2222]  INFO -- : Writing /home/runner/work/human-essentials/human-essentials/public/assets/turbo.min.js-8bc8f4a58d1c106d58dec8bef6c638ff12ff4d078f19d8ebd8c4277f4c9bc85a.map.gz
2024-03-12T22:03:37.7651996Z I, [2024-03-12T15:03:37.743626 #2222]  INFO -- : Writing /home/runner/work/human-essentials/human-essentials/public/assets/stimulus-loading-3576ce92b149ad5d6959438c6f291e2426c86df3b874c525b30faad51b0d96b3.js
2024-03-12T22:03:37.7655529Z I, [2024-03-12T15:03:37.743700 #2222]  INFO -- : Writing /home/runner/work/human-essentials/human-essentials/public/assets/stimulus-loading-3576ce92b149ad5d6959438c6f291e2426c86df3b874c525b30faad51b0d96b3.js.gz
2024-03-12T22:03:37.7658968Z I, [2024-03-12T15:03:37.743877 #2222]  INFO -- : Writing /home/runner/work/human-essentials/human-essentials/public/assets/popper-003a40d80fd205e1fa00da117d5bdc19720ba330706eaa17f9ba9513fa502304.js
2024-03-12T22:03:37.7662139Z I, [2024-03-12T15:03:37.743952 #2222]  INFO -- : Writing /home/runner/work/human-essentials/human-essentials/public/assets/popper-003a40d80fd205e1fa00da117d5bdc19720ba330706eaa17f9ba9513fa502304.js.gz
2024-03-12T22:03:37.7665756Z I, [2024-03-12T15:03:37.744051 #2222]  INFO -- : Writing /home/runner/work/human-essentials/human-essentials/public/assets/actiontext-28c61f5197c204db043317a8f8826a87ab31495b741f854d307ca36122deefce.js
2024-03-12T22:03:37.7669014Z I, [2024-03-12T15:03:37.744126 #2222]  INFO -- : Writing /home/runner/work/human-essentials/human-essentials/public/assets/actiontext-28c61f5197c204db043317a8f8826a87ab31495b741f854d307ca36122deefce.js.gz
2024-03-12T22:03:37.7672021Z I, [2024-03-12T15:03:37.744224 #2222]  INFO -- : Writing /home/runner/work/human-essentials/human-essentials/public/assets/trix-1563ff9c10f74e143b3ded40a8458497eaf2f87a648a5cbbfebdb7dec3447a5e.js
2024-03-12T22:03:37.7675096Z I, [2024-03-12T15:03:37.744300 #2222]  INFO -- : Writing /home/runner/work/human-essentials/human-essentials/public/assets/trix-1563ff9c10f74e143b3ded40a8458497eaf2f87a648a5cbbfebdb7dec3447a5e.js.gz
2024-03-12T22:03:37.7678047Z I, [2024-03-12T15:03:37.744392 #2222]  INFO -- : Writing /home/runner/work/human-essentials/human-essentials/public/assets/trix-b0398dade8e5ac249fe98f2e850f45adbcdfecd8a11c46b3eb67bdedb87b1b04.css
2024-03-12T22:03:37.7681147Z I, [2024-03-12T15:03:37.744460 #2222]  INFO -- : Writing /home/runner/work/human-essentials/human-essentials/public/assets/trix-b0398dade8e5ac249fe98f2e850f45adbcdfecd8a11c46b3eb67bdedb87b1b04.css.gz
2024-03-12T22:03:37.7684301Z I, [2024-03-12T15:03:37.744558 #2222]  INFO -- : Writing /home/runner/work/human-essentials/human-essentials/public/assets/stimulus-f75215805563870a61ee9dc5a207ce46d4675c7e667558a54344fd1e7baa697f.js
2024-03-12T22:03:37.7686257Z I, [2024-03-12T15:03:37.744631 #2222]  INFO -- : Writing /home/runner/work/human-essentials/human-essentials/public/assets/stimulus-f75215805563870a61ee9dc5a207ce46d4675c7e667558a54344fd1e7baa697f.js.gz
2024-03-12T22:03:37.7688285Z I, [2024-03-12T15:03:37.744739 #2222]  INFO -- : Writing /home/runner/work/human-essentials/human-essentials/public/assets/stimulus-autoloader-c584942b568ba74879da31c7c3d51366737bacaf6fbae659383c0a5653685693.js
2024-03-12T22:03:37.7690457Z I, [2024-03-12T15:03:37.744813 #2222]  INFO -- : Writing /home/runner/work/human-essentials/human-essentials/public/assets/stimulus-autoloader-c584942b568ba74879da31c7c3d51366737bacaf6fbae659383c0a5653685693.js.gz
2024-03-12T22:03:37.7692648Z I, [2024-03-12T15:03:37.744913 #2222]  INFO -- : Writing /home/runner/work/human-essentials/human-essentials/public/assets/stimulus-importmap-autoloader-db2076c783bf2dbee1226e2add52fef290b5d31b5bcd1edd999ac8a6dd31c44a.js
2024-03-12T22:03:37.7694937Z I, [2024-03-12T15:03:37.744988 #2222]  INFO -- : Writing /home/runner/work/human-essentials/human-essentials/public/assets/stimulus-importmap-autoloader-db2076c783bf2dbee1226e2add52fef290b5d31b5bcd1edd999ac8a6dd31c44a.js.gz
2024-03-12T22:03:37.7697153Z I, [2024-03-12T15:03:37.745078 #2222]  INFO -- : Writing /home/runner/work/human-essentials/human-essentials/public/assets/stimulus-loading-3576ce92b149ad5d6959438c6f291e2426c86df3b874c525b30faad51b0d96b3.js
2024-03-12T22:03:37.7699207Z I, [2024-03-12T15:03:37.745148 #2222]  INFO -- : Writing /home/runner/work/human-essentials/human-essentials/public/assets/stimulus-loading-3576ce92b149ad5d6959438c6f291e2426c86df3b874c525b30faad51b0d96b3.js.gz
2024-03-12T22:03:37.7701505Z I, [2024-03-12T15:03:37.745246 #2222]  INFO -- : Writing /home/runner/work/human-essentials/human-essentials/public/assets/stimulus.min-dd364f16ec9504dfb72672295637a1c8838773b01c0b441bd41008124c407894.js
2024-03-12T22:03:37.7703490Z I, [2024-03-12T15:03:37.745320 #2222]  INFO -- : Writing /home/runner/work/human-essentials/human-essentials/public/assets/stimulus.min-dd364f16ec9504dfb72672295637a1c8838773b01c0b441bd41008124c407894.js.gz
2024-03-12T22:03:37.7707421Z I, [2024-03-12T15:03:37.745412 #2222]  INFO -- : Writing /home/runner/work/human-essentials/human-essentials/public/assets/stimulus-autoloader-c584942b568ba74879da31c7c3d51366737bacaf6fbae659383c0a5653685693.js
2024-03-12T22:03:37.7711457Z I, [2024-03-12T15:03:37.745480 #2222]  INFO -- : Writing /home/runner/work/human-essentials/human-essentials/public/assets/stimulus-autoloader-c584942b568ba74879da31c7c3d51366737bacaf6fbae659383c0a5653685693.js.gz
2024-03-12T22:03:37.7715905Z I, [2024-03-12T15:03:37.745570 #2222]  INFO -- : Writing /home/runner/work/human-essentials/human-essentials/public/assets/stimulus-importmap-autoloader-db2076c783bf2dbee1226e2add52fef290b5d31b5bcd1edd999ac8a6dd31c44a.js
2024-03-12T22:03:37.7719869Z I, [2024-03-12T15:03:37.745638 #2222]  INFO -- : Writing /home/runner/work/human-essentials/human-essentials/public/assets/stimulus-importmap-autoloader-db2076c783bf2dbee1226e2add52fef290b5d31b5bcd1edd999ac8a6dd31c44a.js.gz
2024-03-12T22:03:37.7723679Z I, [2024-03-12T15:03:37.745730 #2222]  INFO -- : Writing /home/runner/work/human-essentials/human-essentials/public/assets/stimulus-loading-3576ce92b149ad5d6959438c6f291e2426c86df3b874c525b30faad51b0d96b3.js
2024-03-12T22:03:37.7727122Z I, [2024-03-12T15:03:37.745798 #2222]  INFO -- : Writing /home/runner/work/human-essentials/human-essentials/public/assets/stimulus-loading-3576ce92b149ad5d6959438c6f291e2426c86df3b874c525b30faad51b0d96b3.js.gz
2024-03-12T22:03:37.7730622Z I, [2024-03-12T15:03:37.745898 #2222]  INFO -- : Writing /home/runner/work/human-essentials/human-essentials/public/assets/stimulus.min.js-2cc63625fa177963b45da974806e7aee846cbf1d4930815733d0fdf3fb232325.map
2024-03-12T22:03:37.7734112Z I, [2024-03-12T15:03:37.745971 #2222]  INFO -- : Writing /home/runner/work/human-essentials/human-essentials/public/assets/stimulus.min.js-2cc63625fa177963b45da974806e7aee846cbf1d4930815733d0fdf3fb232325.map.gz
2024-03-12T22:03:37.7737497Z I, [2024-03-12T15:03:37.746063 #2222]  INFO -- : Writing /home/runner/work/human-essentials/human-essentials/public/assets/activestorage-3ab61e47dd4ee2d79db525ade1dca2ede0ea2b7371fe587e408ee37b7ade265d.js
2024-03-12T22:03:37.7740978Z I, [2024-03-12T15:03:37.746133 #2222]  INFO -- : Writing /home/runner/work/human-essentials/human-essentials/public/assets/activestorage-3ab61e47dd4ee2d79db525ade1dca2ede0ea2b7371fe587e408ee37b7ade265d.js.gz
2024-03-12T22:03:37.7744677Z I, [2024-03-12T15:03:37.746237 #2222]  INFO -- : Writing /home/runner/work/human-essentials/human-essentials/public/assets/activestorage.esm-01f58a45d77495cdfbdfcc872902a430426c4391634ec9c3da5f69fbf8418492.js
2024-03-12T22:03:37.7748500Z I, [2024-03-12T15:03:37.746312 #2222]  INFO -- : Writing /home/runner/work/human-essentials/human-essentials/public/assets/activestorage.esm-01f58a45d77495cdfbdfcc872902a430426c4391634ec9c3da5f69fbf8418492.js.gz
2024-03-12T22:03:37.7752255Z I, [2024-03-12T15:03:37.746432 #2222]  INFO -- : Writing /home/runner/work/human-essentials/human-essentials/public/assets/actioncable-5433453f9b6619a9de91aaab2d7fc7ff183e5260c0107cbc9a1aa0c838d9a74e.js
2024-03-12T22:03:37.7755744Z I, [2024-03-12T15:03:37.746508 #2222]  INFO -- : Writing /home/runner/work/human-essentials/human-essentials/public/assets/actioncable-5433453f9b6619a9de91aaab2d7fc7ff183e5260c0107cbc9a1aa0c838d9a74e.js.gz
2024-03-12T22:03:37.7759330Z I, [2024-03-12T15:03:37.746607 #2222]  INFO -- : Writing /home/runner/work/human-essentials/human-essentials/public/assets/actioncable.esm-e01089c3ec4fe7817fa9abcad06cab6bdc387f95f0ca6aab4bf7ba7537f70690.js
2024-03-12T22:03:37.7763362Z I, [2024-03-12T15:03:37.746683 #2222]  INFO -- : Writing /home/runner/work/human-essentials/human-essentials/public/assets/actioncable.esm-e01089c3ec4fe7817fa9abcad06cab6bdc387f95f0ca6aab4bf7ba7537f70690.js.gz
2024-03-12T22:03:38.2602349Z Coverage report generated for RSpec to /home/runner/work/human-essentials/human-essentials/coverage. 442 / 10017 LOC (4.41%) covered.
2024-03-12T22:03:38.3342269Z ##[group]Run RUBYOPT='-W:no-deprecated -W:no-experimental' bin/knapsack_pro_rspec
2024-03-12T22:03:38.3343159Z [36;1mRUBYOPT='-W:no-deprecated -W:no-experimental' bin/knapsack_pro_rspec[0m
2024-03-12T22:03:38.3393768Z shell: /usr/bin/bash -e {0}
2024-03-12T22:03:38.3394125Z env:
2024-03-12T22:03:38.3394565Z   POSTGRES_HOST: localhost
2024-03-12T22:03:38.3394961Z   DATABASE_HOST: localhost
2024-03-12T22:03:38.3395367Z   PG_USERNAME: postgres
2024-03-12T22:03:38.3395826Z   PG_PASSWORD: password
2024-03-12T22:03:38.3396177Z   POSTGRES_HOST_AUTH_METHOD: trust
2024-03-12T22:03:38.3396604Z   POSTGRES_PORT: 5432
2024-03-12T22:03:38.3397026Z   PGHOST: localhost
2024-03-12T22:03:38.3397364Z   PGUSER: postgres
2024-03-12T22:03:38.3397713Z   RAILS_ENV: test
2024-03-12T22:03:38.3398098Z   KNAPSACK_PRO_TEST_SUITE_TOKEN_RSPEC: 
2024-03-12T22:03:38.3398549Z   KNAPSACK_PRO_CI_NODE_TOTAL: 6
2024-03-12T22:03:38.3398964Z   KNAPSACK_PRO_CI_NODE_INDEX: 3
2024-03-12T22:03:38.3399579Z   KNAPSACK_PRO_RSPEC_SPLIT_BY_TEST_EXAMPLES: true
2024-03-12T22:03:38.3400025Z   KNAPSACK_PRO_LOG_LEVEL: info
2024-03-12T22:03:38.3400708Z   KNAPSACK_PRO_TEST_FILE_PATTERN: {spec/system/**{,/*/**}/*_spec.rb,spec/requests/**{,/*/**}/*_spec.rb}
2024-03-12T22:03:38.3401355Z   EVENTS_READ: true
2024-03-12T22:03:38.3401688Z ##[endgroup]
2024-03-12T22:03:43.9766110Z W, [2024-03-12T22:03:43.976317 #2319]  WARN -- : [knapsack_pro] GET https://api-disabled-for-fork.knapsackpro.com/v1/build_distributions/last
2024-03-12T22:03:43.9785367Z W, [2024-03-12T22:03:43.976365 #2319]  WARN -- : [knapsack_pro] Request failed due to:
2024-03-12T22:03:43.9787924Z W, [2024-03-12T22:03:43.976379 #2319]  WARN -- : [knapsack_pro] #<SocketError: Failed to open TCP connection to api-disabled-for-fork.knapsackpro.com:443 (getaddrinfo: Name or service not known)>
2024-03-12T22:03:43.9792125Z W, [2024-03-12T22:03:43.976402 #2319]  WARN -- : [knapsack_pro] Slow test files fallback behaviour started. We could not connect with Knapsack Pro API to fetch last CI build test files that are needed to determine slow test files. No test files will be split by test cases. It means all test files will be split by the whole test files as if split by test cases would be disabled https://knapsackpro.com/perma/ruby/split-by-test-examples
2024-03-12T22:03:46.8354571Z W, [2024-03-12T22:03:46.835155 #2319]  WARN -- : [knapsack_pro] POST https://api-disabled-for-fork.knapsackpro.com/v1/build_distributions/subset
2024-03-12T22:03:46.8356568Z W, [2024-03-12T22:03:46.835195 #2319]  WARN -- : [knapsack_pro] Request failed due to:
2024-03-12T22:03:46.8360224Z W, [2024-03-12T22:03:46.835214 #2319]  WARN -- : [knapsack_pro] #<SocketError: Failed to open TCP connection to api-disabled-for-fork.knapsackpro.com:443 (getaddrinfo: Name or service not known)>
2024-03-12T22:03:46.8362652Z W, [2024-03-12T22:03:46.835255 #2319]  WARN -- : [knapsack_pro] Fallback mode started. We could not connect with Knapsack Pro API. Your tests will be executed based on directory names. Read more about fallback mode at https://knapsackpro.com/perma/ruby/fallback-mode
2024-03-12T22:03:46.8413505Z /opt/hostedtoolcache/Ruby/3.2.2/x64/bin/ruby -I/home/runner/work/human-essentials/human-essentials/vendor/bundle/ruby/3.2.0/gems/rspec-core-3.12.2/lib:/home/runner/work/human-essentials/human-essentials/vendor/bundle/ruby/3.2.0/gems/rspec-support-3.12.1/lib /home/runner/work/human-essentials/human-essentials/vendor/bundle/ruby/3.2.0/gems/rspec-core-3.12.2/exe/rspec  --format documentation --format KnapsackPro::Formatters::TimeTracker --default-path spec "spec/requests/admin/barcode_items_requests_spec.rb" "spec/requests/admin/users_requests_spec.rb" "spec/requests/dashboard_requests_spec.rb" "spec/requests/item_categories_requests_spec.rb" "spec/requests/partners/distributions_spec.rb" "spec/requests/partners/requests_spec.rb" "spec/requests/purchases_requests_spec.rb" "spec/requests/transfers_requests_spec.rb" "spec/system/adjustment_system_spec.rb" "spec/system/admin/users_system_spec.rb" "spec/system/distribution_system_spec.rb" "spec/system/layout_system_spec.rb" "spec/system/partner_system_spec.rb" "spec/system/partners/partner_distribution_system_spec.rb" "spec/system/question_system_spec.rb"
2024-03-12T22:03:55.2166801Z 
2024-03-12T22:03:55.2167556Z Randomized with seed 42414
2024-03-12T22:03:56.1550793Z 
2024-03-12T22:03:56.1551431Z Adjustment management
2024-03-12T22:04:02.9216509Z   should not display inactive storage locations in dropdown
2024-03-12T22:04:03.7952494Z   can filter the #index by user
2024-03-12T22:04:04.6420387Z   can filter the #index by storage location
2024-03-12T22:04:04.6421119Z   behaves like Date Range Picker
2024-03-12T22:04:04.6421877Z     when choosing a date range that only includes the previous week
2024-03-12T22:04:05.6539054Z       shows only 1 record
2024-03-12T22:04:05.6539921Z     when choosing 'Last Month'
2024-03-12T22:04:06.6357840Z       shows only 2 of the records
2024-03-12T22:04:06.6358592Z     when choosing 'All Time'
2024-03-12T22:04:07.6198455Z       shows all the records
2024-03-12T22:04:07.6199279Z   With a new adjustment
2024-03-12T22:04:08.1500685Z     should not display inactive storage locations in dropdown
2024-03-12T22:04:08.1501828Z     with a storage location that is bare
2024-03-12T22:04:09.3365350Z       allows you to choose items that do not yet exist
2024-03-12T22:04:09.3365966Z     with a storage location that has inventory
2024-03-12T22:04:11.2974108Z       politely informs the user if they try to adjust down below zero, even if they use multiple adjustments to do so
2024-03-12T22:04:12.4550210Z       can subtract an inventory adjustment at a storage location
2024-03-12T22:04:13.8068712Z       Does not include inactive items in the line item fields
2024-03-12T22:04:14.9479259Z       can add an inventory adjustment at a storage location
2024-03-12T22:04:16.6513255Z       politely informs the user that they're adjusting way too hard
2024-03-12T22:04:16.6514014Z 
2024-03-12T22:04:16.6514239Z Purchases
2024-03-12T22:04:16.6516380Z   While signed in as an organizational admin
2024-03-12T22:04:16.6517182Z     DELETE #destroy
2024-03-12T22:04:16.7745293Z       decreases storage location inventory
2024-03-12T22:04:16.8121477Z       displays the proper flash notice
2024-03-12T22:04:16.8492678Z       deletes a purchase
2024-03-12T22:04:16.8864506Z       redirects to the index
2024-03-12T22:04:16.8865650Z   While signed in as a user >
2024-03-12T22:04:16.8866989Z     GET #new
2024-03-12T22:04:16.9330487Z       is expected to be successful
2024-03-12T22:04:16.9331264Z     GET #show
2024-03-12T22:04:16.9785747Z       returns http success
2024-03-12T22:04:16.9786678Z     DELETE #destroy
2024-03-12T22:04:17.0037565Z       redirects to the dashboard
2024-03-12T22:04:17.0362716Z       does not delete a purchase
2024-03-12T22:04:17.0363627Z     GET #index
2024-03-12T22:04:17.0364217Z       html
2024-03-12T22:04:17.0984028Z         is expected to be successful
2024-03-12T22:04:17.0984639Z       csv
2024-03-12T22:04:17.1290587Z         is expected to be successful
2024-03-12T22:04:17.1291650Z     POST#create
2024-03-12T22:04:17.1292263Z       on success
2024-03-12T22:04:17.1898987Z         storage location defaults to organizations storage location
2024-03-12T22:04:17.2456450Z         accepts :amount_spent_in_cents with dollar signs, commas, and periods
2024-03-12T22:04:17.2905497Z         redirects to GET#edit
2024-03-12T22:04:17.2906223Z       on failure
2024-03-12T22:04:17.3452431Z         renders GET#new with error
2024-03-12T22:04:17.3453284Z     PUT#update
2024-03-12T22:04:17.3861875Z       redirects to index after update
2024-03-12T22:04:17.5029846Z       updates storage quantity correctly
2024-03-12T22:04:17.5030413Z       when removing a line item
2024-03-12T22:04:17.6161832Z         updates storage invetory item quantity correctly
2024-03-12T22:04:17.6162507Z       when changing storage location
2024-03-12T22:04:17.7288591Z         updates storage quantity correctly
2024-03-12T22:04:17.7327692Z         rollsback updates if quantity would go below 0
2024-03-12T22:04:17.7328816Z     GET #edit
2024-03-12T22:04:17.7866529Z       returns http success
2024-03-12T22:04:17.8412909Z       storage location is correct
2024-03-12T22:04:17.8413961Z       when no audit has been performed
2024-03-12T22:04:17.9511044Z         does not show a warning
2024-03-12T22:04:17.9512345Z       when non-finalized audit has been performed on the purchased items
2024-03-12T22:04:18.0839524Z         does not show a warning
2024-03-12T22:04:18.0840440Z       when an finalized audit has been performed on the purchased items
2024-03-12T22:04:18.2136045Z         shows a warning
2024-03-12T22:04:18.2136809Z 
2024-03-12T22:04:18.2137175Z Transfers
2024-03-12T22:04:18.2138319Z   While not signed in
2024-03-12T22:04:18.2348268Z     redirects the user to the sign-in page for CRUD actions
2024-03-12T22:04:18.2348956Z   While signed in
2024-03-12T22:04:18.2349466Z     GET #new
2024-03-12T22:04:18.2744366Z       returns http success
2024-03-12T22:04:18.2745123Z     GET #index
2024-03-12T22:04:18.2745589Z       csv
2024-03-12T22:04:18.2902331Z         is expected to be successful
2024-03-12T22:04:18.2903072Z       html
2024-03-12T22:04:18.3316027Z         is expected to be successful
2024-03-12T22:04:18.3316974Z         when filtering by date
2024-03-12T22:04:18.3317556Z           when date parameters are not supplied
2024-03-12T22:04:18.3896844Z             returns all objects
2024-03-12T22:04:18.3897964Z           when date parameters are supplied
2024-03-12T22:04:18.4441304Z             only returns the correct obejects
2024-03-12T22:04:18.4442489Z     POST #create
2024-03-12T22:04:18.4893790Z       redirects to #index when successful
2024-03-12T22:04:18.5309041Z       renders to #new when failing
2024-03-12T22:04:18.5309997Z     DELETE #destroy
2024-03-12T22:04:18.5310692Z       when the transfer destroy service was successful
2024-03-12T22:04:18.5538472Z         should set a notice flash with the success message and redirect to index
2024-03-12T22:04:18.5539527Z       when the transfer destroy service was not successful
2024-03-12T22:04:18.5771423Z         should set a error flash with the error message and redirect to index
2024-03-12T22:04:18.5772533Z     Looking at a different organization
2024-03-12T22:04:18.7592337Z       redirects the user to the sign-in page for CRUD actions
2024-03-12T22:04:18.7592890Z     GET #show
2024-03-12T22:04:18.8003425Z       returns http success
2024-03-12T22:04:18.8003996Z 
2024-03-12T22:04:18.8004209Z Question search
2024-03-12T22:04:18.8005648Z   while logged in
2024-03-12T22:04:19.4627334Z     filters by question title
2024-03-12T22:04:19.4628363Z 
2024-03-12T22:04:19.4628575Z /partners/distributions
2024-03-12T22:04:19.4630088Z   GET #print
2024-03-12T22:04:19.5944151Z     returns http success
2024-03-12T22:04:19.5945362Z     with non-UTF8 characters
2024-03-12T22:04:19.7278852Z       returns http success
2024-03-12T22:04:19.7279612Z   GET #index
2024-03-12T22:04:19.7755638Z     should render without any issues
2024-03-12T22:04:19.7756291Z 
2024-03-12T22:04:19.7756499Z Dashboard
2024-03-12T22:04:19.7757846Z   While signed in
2024-03-12T22:04:19.7758775Z     GET #show
2024-03-12T22:04:19.8575161Z       returns http success
2024-03-12T22:04:19.8575719Z       for another org
2024-03-12T22:04:20.0907449Z         still displays the user's org
2024-03-12T22:04:20.0907981Z       with both roles
2024-03-12T22:04:20.1749853Z         should include the switch link
2024-03-12T22:04:20.1750719Z     BroadcastAnnouncement card
2024-03-12T22:04:20.2439507Z       doesn't display announcements if they are not from super admins
2024-03-12T22:04:20.3073987Z       displays announcements if there are valid ones
2024-03-12T22:04:20.3074888Z   While not signed in
2024-03-12T22:04:20.4854682Z     redirects for authentication
2024-03-12T22:04:20.4855307Z 
2024-03-12T22:04:20.4855497Z Layout
2024-03-12T22:04:20.4857798Z   Body CSS Data
2024-03-12T22:04:21.2813864Z     sets the ID to the controller and the class to the action
2024-03-12T22:04:21.2814493Z 
2024-03-12T22:04:21.2815135Z Partner Distributions
2024-03-12T22:04:21.2816394Z   Distributions
2024-03-12T22:04:21.8778449Z     displays prior distributions
2024-03-12T22:04:22.4757208Z     displays upcoming distributions
2024-03-12T22:04:22.4758656Z 
2024-03-12T22:04:22.4759123Z Distributions
2024-03-12T22:04:23.2324449Z   errors if user does not fill storage_location
2024-03-12T22:04:25.1388798Z   allows completion of corrected distribution with depleted inventory item
2024-03-12T22:04:25.1389882Z   When attempting to edit a distribution
2024-03-12T22:04:25.1391469Z     after the distribution issued_at has passed or it has been marked complete
2024-03-12T22:04:26.1517746Z       cannot be accessed directly
2024-03-12T22:04:26.8657119Z       does not contain a Edit button
2024-03-12T22:04:26.8657876Z     when logged as Admin
2024-03-12T22:04:27.5356675Z       can be accessed directly
2024-03-12T22:04:28.5143728Z       can click on Edit button and a warning appears
2024-03-12T22:04:28.5144803Z   when filtering on the index page
2024-03-12T22:04:29.1521208Z     should not display inactive storage locations in dropdown
2024-03-12T22:04:30.0778753Z     filters by partner
2024-03-12T22:04:31.0219718Z     filters by state
2024-03-12T22:04:32.2828238Z     filters by item category id
2024-03-12T22:04:33.5124103Z     filters by item id
2024-03-12T22:04:33.5124706Z     behaves like Date Range Picker
2024-03-12T22:04:33.5125717Z       when choosing a date range that only includes the previous week
2024-03-12T22:04:34.5575616Z         shows only 1 record
2024-03-12T22:04:34.5576514Z       when choosing 'All Time'
2024-03-12T22:04:35.6336351Z         shows all the records
2024-03-12T22:04:35.6337059Z       when choosing 'Last Month'
2024-03-12T22:04:36.7088499Z         shows only 2 of the records
2024-03-12T22:04:36.7089356Z   When going to the Pick Ups & Deliveries page
2024-03-12T22:04:37.4160590Z     appears distribution in calendar with correct time & timezone
2024-03-12T22:04:37.4161616Z   When creating a distribution from a request
2024-03-12T22:04:38.6243837Z     sets the distribution id and fulfilled status on the request
2024-03-12T22:04:39.9903489Z     maintains the connection with the request even when there are initial errors
2024-03-12T22:04:39.9905107Z   When creating a distribution and items have value
2024-03-12T22:04:41.0306472Z     the user sees total value on show page
2024-03-12T22:04:41.8445821Z     the user sees total value on index page
2024-03-12T22:04:42.8755187Z     the user sees value per item on show page
2024-03-12T22:04:43.6870140Z     the user sees value in row on index page
2024-03-12T22:04:43.6871063Z   When creating a new distribution manually
2024-03-12T22:04:44.2879770Z     should not display inactive storage locations in dropdown
2024-03-12T22:04:45.0217343Z     Displays a complete form after validation errors
2024-03-12T22:04:45.0218198Z     when the delivery_method is not shipped
2024-03-12T22:04:48.0256257Z       Allows a distribution to be created and shipping cost field not visible
2024-03-12T22:04:48.0260334Z     when the quantity is lower than the on hand minimum quantity
2024-03-12T22:04:49.2657424Z       should display an error
2024-03-12T22:04:49.2658510Z     when the delivery_method is shipped and shipping cost is none-negative
2024-03-12T22:04:50.1924909Z       Allows a distribution to be created
2024-03-12T22:04:50.1925783Z     when there is a default storage location
2024-03-12T22:04:50.7452835Z       automatically selects the default storage location
2024-03-12T22:04:50.7453555Z     when there is insufficient inventory to fulfill the Distribution
2024-03-12T22:04:51.6910108Z       gracefully handles the error
2024-03-12T22:04:51.6910823Z     when the quantity is lower than the on hand recommended quantity
2024-03-12T22:04:52.5420774Z       should display an alert
2024-03-12T22:04:52.5421730Z   When creating a distribution from a donation
2024-03-12T22:04:53.7884937Z     completes successfully
2024-03-12T22:04:53.7885525Z     when editing that distribution
2024-03-12T22:04:56.0163468Z       User creates a distribution from a donation then tries to make the quantity too big
2024-03-12T22:04:58.3377258Z       User creates a distribution from a donation then edits it
2024-03-12T22:05:01.4971009Z       User creates duplicate line items
2024-03-12T22:05:01.4971878Z   With an existing distribution
2024-03-12T22:05:02.4768098Z     the user can reclaim it
2024-03-12T22:05:03.7494488Z     disallows the user from changing the quantity above the inventory quantity
2024-03-12T22:05:05.2559924Z     sends an email if reminders are enabled
2024-03-12T22:05:06.5473363Z     the user can make changes
2024-03-12T22:05:07.8875187Z     allows the user can change the issued_at date
2024-03-12T22:05:07.8876007Z     when delivery method is shipped and shipping cost is none negative
2024-03-12T22:05:09.2761435Z       should update distribution and display shipping_cost field
2024-03-12T22:05:09.2762353Z     when one of the items has been 'deleted'
2024-03-12T22:05:10.2445532Z       the user can still reclaim it
2024-03-12T22:05:10.2446409Z     when delivery method is not shipped
2024-03-12T22:05:13.1793917Z       should not display shipping_cost field
2024-03-12T22:05:13.1794678Z   When showing a individual distribution
2024-03-12T22:05:13.7745690Z     Show partner name in title
2024-03-12T22:05:13.7746556Z   via barcode entry
2024-03-12T22:05:14.5442694Z     allows users to add items via scanning them in by barcode
2024-03-12T22:05:15.9549805Z     a user can add items that do not yet have a barcode
2024-03-12T22:05:15.9551149Z 
2024-03-12T22:05:15.9551553Z Partner management
2024-03-12T22:05:15.9554230Z   one step inviting a partner
2024-03-12T22:05:15.9555341Z     when one step partner invite setting is off
2024-03-12T22:05:16.4613505Z       does not show invite and approve button
2024-03-12T22:05:16.4614390Z     when partner is uninvited and one step partner invite setting is on
2024-03-12T22:05:16.9367420Z Modal window with text `One step invite and approve Leslie Sue, the 96 to begin using the partner application?` has been opened, but you didn't wrap your code into (`accept_prompt` | `dismiss_prompt` | `accept_confirm` | `dismiss_confirm` | `accept_alert`), accepting by default
2024-03-12T22:05:17.3483864Z       shows Invite and Approve button and approves the partner when clicked
2024-03-12T22:05:17.3484830Z   #edit
2024-03-12T22:05:18.3334572Z     User can uncheck send_reminders
2024-03-12T22:05:19.1132811Z     prevents a user from updating a partner with empty name
2024-03-12T22:05:19.9277594Z     User can update a partner
2024-03-12T22:05:19.9278418Z   #approve_partner
2024-03-12T22:05:19.9279855Z     when partner has :awaiting_review status
2024-03-12T22:05:20.8636333Z       is expected to have visible link or button "Approve Partner"
2024-03-12T22:05:20.8637688Z     when viewing a partner's users
2024-03-12T22:05:21.4033299Z       can show users of a partner
2024-03-12T22:05:21.4034275Z     when partner has :invited status
2024-03-12T22:05:22.2524064Z       is expected to have visible link or button "Approve Partner"
2024-03-12T22:05:22.2525246Z   partner group management
2024-03-12T22:05:22.2525926Z     editing a existing partner group
2024-03-12T22:05:25.7656276Z       should allow updating the partner name
2024-03-12T22:05:25.7656845Z     creating a new partner group
2024-03-12T22:05:27.1091808Z       should allow creating a new partner group with item categories
2024-03-12T22:05:27.1092729Z   requesting recertification of a partner
2024-03-12T22:05:27.1093582Z     GIVEN a user goes through the process of requesting recertification of partner
2024-03-12T22:05:27.9003432Z       should notify the user that its been successful and change the partner status
2024-03-12T22:05:27.9004500Z   approving a partner that is awaiting approval
2024-03-12T22:05:27.9005425Z     when the approval succeeds
2024-03-12T22:05:28.9779587Z       should approve the partner
2024-03-12T22:05:28.9780322Z     when the approval does not succeed
2024-03-12T22:05:30.0408046Z       should show an error message and not approve the partner
2024-03-12T22:05:30.0409011Z   changing partner group association
2024-03-12T22:05:30.0410341Z     when a partner is assigned to partner group
2024-03-12T22:05:30.0412661Z       that has requestable item categories
2024-03-12T22:05:31.1761547Z         should properly indicate the requestable items and adjust the partners requestable items
2024-03-12T22:05:31.1762362Z       that has no requestable item categories
2024-03-12T22:05:32.2398577Z         should properly indicate the requestable items and adjust the partners requestable items
2024-03-12T22:05:32.2399857Z     when the partner has no partner group
2024-03-12T22:05:32.7232870Z       it should say they can request every item
2024-03-12T22:05:32.7233823Z   adding a new partner and inviting them
2024-03-12T22:05:32.7234861Z     when adding a partner incorrectly
2024-03-12T22:05:33.7448999Z       should have not added a new partner and indicate the failure
2024-03-12T22:05:33.7450016Z     when adding & inviting a partner successfully
2024-03-12T22:05:35.1128885Z       should have added the partner and invited them
2024-03-12T22:05:35.1129685Z   #new
2024-03-12T22:05:36.0536775Z     User can add a new partner
2024-03-12T22:05:36.8063017Z     disallows a user from creating a new partner with empty name
2024-03-12T22:05:37.2766006Z     should not display inactive storage locations in dropdown
2024-03-12T22:05:37.2767150Z   #show
2024-03-12T22:05:37.2769046Z     when viewing an invited partner as a partner
2024-03-12T22:05:37.9078145Z       redirects user to partners page root page (dashboard) with error message
2024-03-12T22:05:37.9078962Z     when exporting as CSV
2024-03-12T22:05:37.9079519Z       when filtering
2024-03-12T22:05:38.8229069Z         preserves the filter constraints in the CSV output
2024-03-12T22:05:38.8229936Z     when viewing a deactivated partner
2024-03-12T22:05:39.3237085Z       allows reactivation
2024-03-12T22:05:39.3237877Z     when viewing an uninvited partner
2024-03-12T22:05:39.8353759Z       only has an edit option available
2024-03-12T22:05:39.8354774Z   #index
2024-03-12T22:05:40.9298909Z     allows a user to invite a partner
2024-03-12T22:05:41.5065875Z     displays the partner agency names in alphabetical order
2024-03-12T22:05:42.1066970Z     shows invite button only for unapproved partners
2024-03-12T22:05:42.1067926Z     when exporting as CSV
2024-03-12T22:05:42.1068681Z       when filtering
2024-03-12T22:05:42.9870095Z         preserves the filter constraints in the CSV output
2024-03-12T22:05:42.9871035Z     when filtering
2024-03-12T22:05:43.8532135Z       allows the user to click on one of the statuses at the top to filter the results
2024-03-12T22:05:43.8532948Z 
2024-03-12T22:05:43.8535011Z Admin::UsersController
2024-03-12T22:05:43.8535860Z   When logged in as a super admin
2024-03-12T22:05:43.8536668Z     PATCH #update
2024-03-12T22:05:43.8537699Z       with no errors
2024-03-12T22:05:44.2504859Z         renders index template with a successful update flash message
2024-03-12T22:05:44.2506121Z       with errors
2024-03-12T22:05:44.6356312Z         redirects back with no organization_id flash message
2024-03-12T22:05:45.0347060Z         redirects back with no role found flash message
2024-03-12T22:05:45.0348057Z     POST #create
2024-03-12T22:05:45.4240060Z       preloads organizations
2024-03-12T22:05:45.8375662Z       returns http success
2024-03-12T22:05:45.8376249Z     GET #edit
2024-03-12T22:05:46.2618251Z       renders edit template and shows roles
2024-03-12T22:05:46.2619226Z     #remove_role
2024-03-12T22:05:46.2620014Z       with errors
2024-03-12T22:05:46.6457969Z         should redirect back with error
2024-03-12T22:05:46.6459494Z       with no errors
2024-03-12T22:05:47.0355413Z         should call the service and redirect back
2024-03-12T22:05:47.0356223Z     GET #new
2024-03-12T22:05:47.4418617Z       renders new template
2024-03-12T22:05:47.8430447Z       preloads organizations
2024-03-12T22:05:47.8431078Z     #add_role
2024-03-12T22:05:47.8431917Z       with errors
2024-03-12T22:05:48.2482954Z         should redirect back with error
2024-03-12T22:05:48.2484134Z       with no errors
2024-03-12T22:05:48.6332044Z         should call the service and redirect back
2024-03-12T22:05:48.6332950Z   When logged in as an organization_admin
2024-03-12T22:05:48.6334010Z     GET #new
2024-03-12T22:05:48.8123432Z       redirects
2024-03-12T22:05:48.8124070Z     POST #create
2024-03-12T22:05:48.9979929Z       redirects
2024-03-12T22:05:48.9980897Z   When logged in as a non-admin user
2024-03-12T22:05:48.9981874Z     POST #create
2024-03-12T22:05:49.1781250Z       redirects
2024-03-12T22:05:49.1781758Z     GET #new
2024-03-12T22:05:49.3631148Z       redirects
2024-03-12T22:05:49.3631760Z 
2024-03-12T22:05:49.3632100Z Admin::BarcodeItemsController
2024-03-12T22:05:49.3633080Z   while signed in as a super admin
2024-03-12T22:05:49.3634356Z     DELETE #destroy
2024-03-12T22:05:49.3949457Z       allows deletion of a global barcode
2024-03-12T22:05:49.5952239Z       allows deletion of barcode in another org
2024-03-12T22:05:49.5953029Z     POST #create
2024-03-12T22:05:49.5953631Z       with invalid params
2024-03-12T22:05:49.6367208Z         returns a successful response (to show form with errors)
2024-03-12T22:05:49.6368157Z       with valid params
2024-03-12T22:05:49.6592839Z         redirects to admin_barcode_items_path
2024-03-12T22:05:49.6806532Z         creates a barcode item
2024-03-12T22:05:49.6807248Z     PATCH #update
2024-03-12T22:05:49.6808455Z       with valid params
2024-03-12T22:05:49.7010499Z         updates the barcode_item attributes accordingly
2024-03-12T22:05:49.7200996Z         redirects to admin_barcode_items_path
2024-03-12T22:05:49.7202042Z       with invalid params
2024-03-12T22:05:49.7579416Z         returns a successful response (to show form with errors)
2024-03-12T22:05:49.7580275Z     GET #new
2024-03-12T22:05:49.7895656Z       returns success
2024-03-12T22:05:49.7896385Z     GET #index
2024-03-12T22:05:49.8249795Z       returns success
2024-03-12T22:05:49.8250489Z 
2024-03-12T22:05:49.8250940Z Admin Users Management
2024-03-12T22:05:49.8252369Z   While signed in as an Administrative User (super admin)
2024-03-12T22:05:50.8654796Z     edits an existing user
2024-03-12T22:05:51.9289320Z     filters users by name
2024-03-12T22:05:52.4067569Z     filters users by email
2024-03-12T22:05:53.4075584Z     creates an user
2024-03-12T22:05:54.1677054Z     deletes an existing user
2024-03-12T22:05:55.3362747Z     adds a role
2024-03-12T22:05:55.3363446Z 
2024-03-12T22:05:55.3363887Z /partners/requests
2024-03-12T22:05:55.3365380Z   POST #create
2024-03-12T22:05:55.3366607Z     when a request has only a comment
2024-03-12T22:05:55.3871208Z       is valid
2024-03-12T22:05:55.3872158Z     when a request empty
2024-03-12T22:05:55.4461941Z       is invalid
2024-03-12T22:05:55.4462567Z     when given invalid parameters
2024-03-12T22:05:55.5030738Z       should not redirect
2024-03-12T22:05:55.5031341Z     after invalid submission
2024-03-12T22:05:55.5570090Z       has the correct input fields
2024-03-12T22:05:55.5571182Z     when a has an empty row
2024-03-12T22:05:55.6027760Z       is valid
2024-03-12T22:05:55.6028590Z     when given valid parameters
2024-03-12T22:05:55.6528715Z       should redirect to the show page
2024-03-12T22:05:55.6529566Z   GET #show
2024-03-12T22:05:55.7129822Z     should give a 404 error if not found
2024-03-12T22:05:55.7836543Z     should give a 404 error if forbidden
2024-03-12T22:05:55.8346900Z     should render without any issues
2024-03-12T22:05:55.8348049Z   GET #new
2024-03-12T22:05:55.8847186Z     should render without any issues
2024-03-12T22:05:55.8848390Z     when first reaching the new page
2024-03-12T22:05:55.9304461Z       has the correct input fields
2024-03-12T22:05:55.9305251Z   GET #index
2024-03-12T22:05:55.9756951Z     should render without any issues
2024-03-12T22:05:56.0333327Z     should display total count of items in partner request
2024-03-12T22:05:56.0334000Z 
2024-03-12T22:05:56.0334202Z ItemCategories
2024-03-12T22:05:56.0337777Z   GET #show
2024-03-12T22:05:56.0691142Z     renders a successful response
2024-03-12T22:05:56.0692274Z   PUT #update
2024-03-12T22:05:56.0693141Z     with valid parameters
2024-03-12T22:05:56.0905305Z       updates the ItemCategory and redirects
2024-03-12T22:05:56.0906120Z     with invalid parameters
2024-03-12T22:05:56.1256980Z       does not render a successful response
2024-03-12T22:05:56.1257991Z   GET #new
2024-03-12T22:05:56.1528515Z     renders a successful response
2024-03-12T22:05:56.1529281Z   POST #create
2024-03-12T22:05:56.1530064Z     with valid parameters
2024-03-12T22:05:56.1705613Z       creates a new ItemCategory then redirects
2024-03-12T22:05:56.1706469Z     with invalid parameters
2024-03-12T22:05:56.2019469Z       does not create a new ItemCategory
2024-03-12T22:05:56.2020298Z   GET #edit
2024-03-12T22:05:56.2337497Z     renders a successful response
2024-03-12T22:05:56.2515921Z W, [2024-03-12T15:05:56.251342 #2372]  WARN -- : [knapsack_pro] POST https://api-disabled-for-fork.knapsackpro.com/v1/build_subsets
2024-03-12T22:05:56.2517149Z 
2024-03-12T22:05:56.2517435Z Deprecation Warnings:
2024-03-12T22:05:56.2517815Z 
2024-03-12T22:05:56.2520962Z Using `should` from rspec-expectations' old `:should` syntax without explicitly enabling the syntax is deprecated. Use the new `:expect` syntax or explicitly enable `:should` with `config.expect_with(:rspec) { |c| c.syntax = :should }` instead. Called from /home/runner/work/human-essentials/human-essentials/spec/system/partner_system_spec.rb:140:in `block (5 levels) in <top (required)>'.
2024-03-12T22:05:56.2524134Z 
2024-03-12T22:05:56.2524143Z 
2024-03-12T22:05:56.2524712Z If you need more of the backtrace for any of these deprecations to
2024-03-12T22:05:56.2525933Z identify where to make the necessary changes, you can configure
2024-03-12T22:05:56.2527269Z `config.raise_errors_for_deprecations!`, and it will turn the
2024-03-12T22:05:56.2528390Z deprecation warnings into errors, giving you the full backtrace.
2024-03-12T22:05:56.2529894Z W, [2024-03-12T15:05:56.251382 #2372]  WARN -- : [knapsack_pro] Request failed due to:
2024-03-12T22:05:56.2532534Z W, [2024-03-12T15:05:56.251398 #2372]  WARN -- : [knapsack_pro] #<SocketError: Failed to open TCP connection to api-disabled-for-fork.knapsackpro.com:443 (getaddrinfo: Name or service not known)>
2024-03-12T22:05:56.2540010Z W, [2024-03-12T15:05:56.251428 #2372]  WARN -- : [knapsack_pro] Time execution report was not saved on Knapsack Pro API server due to connection problem.
2024-03-12T22:05:56.2541445Z 
2024-03-12T22:05:56.2541694Z 1 deprecation warning total
2024-03-12T22:05:56.2542080Z 
2024-03-12T22:05:56.2542551Z Finished in 2 minutes 1 second (files took 8.14 seconds to load)
2024-03-12T22:05:56.2553897Z 188 examples, 0 failures
2024-03-12T22:05:56.2554340Z 
2024-03-12T22:05:56.2554549Z Randomized with seed 42414
2024-03-12T22:05:56.2554932Z 
2024-03-12T22:05:56.5552998Z Coverage report generated for RSpec to /home/runner/work/human-essentials/human-essentials/coverage. 4016 / 6478 LOC (61.99%) covered.
2024-03-12T22:05:57.0637257Z Coverage report generated for RSpec to /home/runner/work/human-essentials/human-essentials/coverage. 38 / 10780 LOC (0.35%) covered.
2024-03-12T22:05:57.0969072Z Post job cleanup.
2024-03-12T22:05:57.2164529Z [command]/usr/bin/git version
2024-03-12T22:05:57.2213180Z git version 2.43.2
2024-03-12T22:05:57.2254078Z Temporarily overriding HOME='/home/runner/work/_temp/177625dc-0e61-4e0e-8c94-794c9d611c12' before making global git config changes
2024-03-12T22:05:57.2255314Z Adding repository directory to the temporary git global config as a safe directory
2024-03-12T22:05:57.2259709Z [command]/usr/bin/git config --global --add safe.directory /home/runner/work/human-essentials/human-essentials
2024-03-12T22:05:57.2299764Z [command]/usr/bin/git config --local --name-only --get-regexp core\.sshCommand
2024-03-12T22:05:57.2338186Z [command]/usr/bin/git submodule foreach --recursive sh -c "git config --local --name-only --get-regexp 'core\.sshCommand' && git config --local --unset-all 'core.sshCommand' || :"
2024-03-12T22:05:57.2582002Z [command]/usr/bin/git config --local --name-only --get-regexp http\.https\:\/\/github\.com\/\.extraheader
2024-03-12T22:05:57.2611250Z http.https://github.com/.extraheader
2024-03-12T22:05:57.2620597Z [command]/usr/bin/git config --local --unset-all http.https://github.com/.extraheader
2024-03-12T22:05:57.2658598Z [command]/usr/bin/git submodule foreach --recursive sh -c "git config --local --name-only --get-regexp 'http\.https\:\/\/github\.com\/\.extraheader' && git config --local --unset-all 'http.https://github.com/.extraheader' || :"
2024-03-12T22:05:57.3033369Z Print service container logs: cb591f6b07e742818dadcadf3021f028_postgres123_d628cd
2024-03-12T22:05:57.3038485Z ##[command]/usr/bin/docker logs --details c8656c9110501e7fab75b18607875cb7a73c761b4aaecc0f888176780933d968
2024-03-12T22:05:57.3157357Z  The files belonging to this database system will be owned by user "postgres".
2024-03-12T22:05:57.3159153Z  This user must also own the server process.
2024-03-12T22:05:57.3159762Z  
2024-03-12T22:05:57.3162683Z  initdb: warning: enabling "trust" authentication for local connections
2024-03-12T22:05:57.3163733Z  The database cluster will be initialized with locale "en_US.utf8".
2024-03-12T22:05:57.3164847Z  You can change this by editing pg_hba.conf or using the option -A, or
2024-03-12T22:05:57.3165835Z  --auth-local and --auth-host, the next time you run initdb.
2024-03-12T22:05:57.3167588Z  2024-03-12 22:02:26.956 UTC [1] LOG:  starting PostgreSQL 12.3 (Debian 12.3-1.pgdg100+1) on x86_64-pc-linux-gnu, compiled by gcc (Debian 8.3.0-6) 8.3.0, 64-bit
2024-03-12T22:05:57.3169321Z  2024-03-12 22:02:26.956 UTC [1] LOG:  listening on IPv4 address "0.0.0.0", port 5432
2024-03-12T22:05:57.3170437Z  2024-03-12 22:02:26.956 UTC [1] LOG:  listening on IPv6 address "::", port 5432
2024-03-12T22:05:57.3171691Z  2024-03-12 22:02:26.957 UTC [1] LOG:  listening on Unix socket "/var/run/postgresql/.s.PGSQL.5432"
2024-03-12T22:05:57.3173016Z  2024-03-12 22:02:26.968 UTC [57] LOG:  database system was shut down at 2024-03-12 22:02:26 UTC
2024-03-12T22:05:57.3174251Z  2024-03-12 22:02:26.973 UTC [1] LOG:  database system is ready to accept connections
2024-03-12T22:05:57.3175320Z  2024-03-12 22:02:36.168 UTC [71] FATAL:  role "root" does not exist
2024-03-12T22:05:57.3176265Z  2024-03-12 22:02:46.255 UTC [80] FATAL:  role "root" does not exist
2024-03-12T22:05:57.3177423Z  2024-03-12 22:02:55.869 UTC [81] FATAL:  database "diaper_test" does not exist
2024-03-12T22:05:57.3178437Z  2024-03-12 22:02:56.342 UTC [90] FATAL:  role "root" does not exist
2024-03-12T22:05:57.3179379Z  2024-03-12 22:03:02.762 UTC [91] ERROR:  relation "flipper_gates" does not exist at character 491
2024-03-12T22:05:57.3180192Z  2024-03-12 22:03:02.762 UTC [91] STATEMENT:  SELECT a.attname, format_type(a.atttypid, a.atttypmod),
2024-03-12T22:05:57.3180926Z  	       pg_get_expr(d.adbin, d.adrelid), a.attnotnull, a.atttypid, a.atttypmod,
2024-03-12T22:05:57.3181531Z  	       c.collname, col_description(a.attrelid, a.attnum) AS comment,
2024-03-12T22:05:57.3181987Z  	       attgenerated as attgenerated
2024-03-12T22:05:57.3182318Z  	  FROM pg_attribute a
2024-03-12T22:05:57.3182750Z  	  LEFT JOIN pg_attrdef d ON a.attrelid = d.adrelid AND a.attnum = d.adnum
2024-03-12T22:05:57.3183267Z  	  LEFT JOIN pg_type t ON a.atttypid = t.oid
2024-03-12T22:05:57.3184070Z  	  LEFT JOIN pg_collation c ON a.attcollation = c.oid AND a.attcollation <> t.typcollation
2024-03-12T22:05:57.3184700Z  	 WHERE a.attrelid = '"flipper_gates"'::regclass
2024-03-12T22:05:57.3185108Z  	   AND a.attnum > 0 AND NOT a.attisdropped
2024-03-12T22:05:57.3185714Z  	 ORDER BY a.attnum
2024-03-12T22:05:57.3185962Z  	
2024-03-12T22:05:57.3186301Z  2024-03-12 22:03:06.435 UTC [102] FATAL:  role "root" does not exist
2024-03-12T22:05:57.3186859Z  2024-03-12 22:03:16.528 UTC [111] FATAL:  role "root" does not exist
2024-03-12T22:05:57.3187403Z  2024-03-12 22:03:26.610 UTC [119] FATAL:  role "root" does not exist
2024-03-12T22:05:57.3187946Z  2024-03-12 22:03:36.695 UTC [128] FATAL:  role "root" does not exist
2024-03-12T22:05:57.3188484Z  2024-03-12 22:03:46.775 UTC [136] FATAL:  role "root" does not exist
2024-03-12T22:05:57.3189010Z  2024-03-12 22:03:56.854 UTC [146] FATAL:  role "root" does not exist
2024-03-12T22:05:57.3189542Z  2024-03-12 22:04:06.947 UTC [156] FATAL:  role "root" does not exist
2024-03-12T22:05:57.3190066Z  2024-03-12 22:04:17.049 UTC [164] FATAL:  role "root" does not exist
2024-03-12T22:05:57.3190594Z  2024-03-12 22:04:27.154 UTC [172] FATAL:  role "root" does not exist
2024-03-12T22:05:57.3191335Z  2024-03-12 22:04:37.248 UTC [181] FATAL:  role "root" does not exist
2024-03-12T22:05:57.3191891Z  2024-03-12 22:04:47.331 UTC [190] FATAL:  role "root" does not exist
2024-03-12T22:05:57.3192426Z  2024-03-12 22:04:57.424 UTC [198] FATAL:  role "root" does not exist
2024-03-12T22:05:57.3192956Z  2024-03-12 22:05:07.523 UTC [207] FATAL:  role "root" does not exist
2024-03-12T22:05:57.3193478Z  2024-03-12 22:05:17.600 UTC [216] FATAL:  role "root" does not exist
2024-03-12T22:05:57.3194008Z  2024-03-12 22:05:27.692 UTC [224] FATAL:  role "root" does not exist
2024-03-12T22:05:57.3194534Z  2024-03-12 22:05:37.792 UTC [233] FATAL:  role "root" does not exist
2024-03-12T22:05:57.3195058Z  2024-03-12 22:05:47.886 UTC [241] FATAL:  role "root" does not exist
2024-03-12T22:05:57.3195613Z  The default database encoding has accordingly been set to "UTF8".
2024-03-12T22:05:57.3196180Z  The default text search configuration will be set to "english".
2024-03-12T22:05:57.3196604Z  
2024-03-12T22:05:57.3196839Z  Data page checksums are disabled.
2024-03-12T22:05:57.3197144Z  
2024-03-12T22:05:57.3197511Z  fixing permissions on existing directory /var/lib/postgresql/data ... ok
2024-03-12T22:05:57.3198001Z  creating subdirectories ... ok
2024-03-12T22:05:57.3198403Z  selecting dynamic shared memory implementation ... posix
2024-03-12T22:05:57.3198846Z  selecting default max_connections ... 100
2024-03-12T22:05:57.3199233Z  selecting default shared_buffers ... 128MB
2024-03-12T22:05:57.3199609Z  selecting default time zone ... Etc/UTC
2024-03-12T22:05:57.3199961Z  creating configuration files ... ok
2024-03-12T22:05:57.3200308Z  running bootstrap script ... ok
2024-03-12T22:05:57.3200676Z  performing post-bootstrap initialization ... ok
2024-03-12T22:05:57.3201055Z  syncing data to disk ... ok
2024-03-12T22:05:57.3201327Z  
2024-03-12T22:05:57.3201518Z  
2024-03-12T22:05:57.3201799Z  Success. You can now start the database server using:
2024-03-12T22:05:57.3202169Z  
2024-03-12T22:05:57.3202452Z      pg_ctl -D /var/lib/postgresql/data -l logfile start
2024-03-12T22:05:57.3202825Z  
2024-03-12T22:05:57.3203648Z  waiting for server to start....2024-03-12 22:02:26.754 UTC [48] LOG:  starting PostgreSQL 12.3 (Debian 12.3-1.pgdg100+1) on x86_64-pc-linux-gnu, compiled by gcc (Debian 8.3.0-6) 8.3.0, 64-bit
2024-03-12T22:05:57.3204798Z  2024-03-12 22:02:26.754 UTC [48] LOG:  listening on Unix socket "/var/run/postgresql/.s.PGSQL.5432"
2024-03-12T22:05:57.3205562Z  2024-03-12 22:02:26.766 UTC [49] LOG:  database system was shut down at 2024-03-12 22:02:26 UTC
2024-03-12T22:05:57.3206265Z  2024-03-12 22:02:26.771 UTC [48] LOG:  database system is ready to accept connections
2024-03-12T22:05:57.3206751Z   done
2024-03-12T22:05:57.3206954Z  server started
2024-03-12T22:05:57.3207183Z  
2024-03-12T22:05:57.3207580Z  /usr/local/bin/docker-entrypoint.sh: ignoring /docker-entrypoint-initdb.d/*
2024-03-12T22:05:57.3208074Z  
2024-03-12T22:05:57.3208398Z  2024-03-12 22:02:26.844 UTC [48] LOG:  received fast shutdown request
2024-03-12T22:05:57.3209113Z  waiting for server to shut down....2024-03-12 22:02:26.845 UTC [48] LOG:  aborting any active transactions
2024-03-12T22:05:57.3210193Z  2024-03-12 22:02:26.846 UTC [48] LOG:  background worker "logical replication launcher" (PID 55) exited with exit code 1
2024-03-12T22:05:57.3210883Z  2024-03-12 22:02:26.846 UTC [50] LOG:  shutting down
2024-03-12T22:05:57.3211361Z  2024-03-12 22:02:26.853 UTC [48] LOG:  database system is shut down
2024-03-12T22:05:57.3211779Z   done
2024-03-12T22:05:57.3211991Z  server stopped
2024-03-12T22:05:57.3212215Z  
2024-03-12T22:05:57.3212507Z  PostgreSQL init process complete; ready for start up.
2024-03-12T22:05:57.3212889Z  
2024-03-12T22:05:57.3218649Z Stop and remove container: cb591f6b07e742818dadcadf3021f028_postgres123_d628cd
2024-03-12T22:05:57.3225121Z ##[command]/usr/bin/docker rm --force c8656c9110501e7fab75b18607875cb7a73c761b4aaecc0f888176780933d968
2024-03-12T22:05:57.5519583Z c8656c9110501e7fab75b18607875cb7a73c761b4aaecc0f888176780933d968
2024-03-12T22:05:57.5542329Z Remove container network: github_network_2fc51cd275654daeb705b8c8ff3c1b4c
2024-03-12T22:05:57.5548040Z ##[command]/usr/bin/docker network rm github_network_2fc51cd275654daeb705b8c8ff3c1b4c
2024-03-12T22:05:57.8079914Z github_network_2fc51cd275654daeb705b8c8ff3c1b4c
2024-03-12T22:05:57.8246744Z Cleaning up orphan processes
