2024-03-06T16:34:14.0811162Z Requested labels: ubuntu-latest
2024-03-06T16:34:14.0811451Z Job defined at: rubyforgood/human-essentials/.github/workflows/rspec-system-events.yml@refs/pull/4164/merge
2024-03-06T16:34:14.0811545Z Waiting for a runner to pick up this job...
2024-03-06T16:34:14.9026199Z Job is waiting for a hosted runner to come online.
2024-03-06T16:34:18.4102065Z Job is about to start running on the hosted runner: GitHub Actions 9 (hosted)
2024-03-06T16:34:20.3214720Z Current runner version: '2.314.1'
2024-03-06T16:34:20.3237771Z ##[group]Operating System
2024-03-06T16:34:20.3238501Z Ubuntu
2024-03-06T16:34:20.3238848Z 22.04.4
2024-03-06T16:34:20.3239175Z LTS
2024-03-06T16:34:20.3239557Z ##[endgroup]
2024-03-06T16:34:20.3239969Z ##[group]Runner Image
2024-03-06T16:34:20.3240408Z Image: ubuntu-22.04
2024-03-06T16:34:20.3240845Z Version: 20240304.1.0
2024-03-06T16:34:20.3241851Z Included Software: https://github.com/actions/runner-images/blob/ubuntu22/20240304.1/images/ubuntu/Ubuntu2204-Readme.md
2024-03-06T16:34:20.3243322Z Image Release: https://github.com/actions/runner-images/releases/tag/ubuntu22%2F20240304.1
2024-03-06T16:34:20.3244213Z ##[endgroup]
2024-03-06T16:34:20.3244620Z ##[group]Runner Image Provisioner
2024-03-06T16:34:20.3245116Z 2.0.359.1
2024-03-06T16:34:20.3245484Z ##[endgroup]
2024-03-06T16:34:20.3247571Z ##[group]GITHUB_TOKEN Permissions
2024-03-06T16:34:20.3249323Z Actions: read
2024-03-06T16:34:20.3249727Z Checks: read
2024-03-06T16:34:20.3250276Z Contents: read
2024-03-06T16:34:20.3250796Z Deployments: read
2024-03-06T16:34:20.3251211Z Discussions: read
2024-03-06T16:34:20.3251651Z Issues: read
2024-03-06T16:34:20.3251976Z Metadata: read
2024-03-06T16:34:20.3252374Z Packages: read
2024-03-06T16:34:20.3252804Z Pages: read
2024-03-06T16:34:20.3253157Z PullRequests: read
2024-03-06T16:34:20.3253572Z RepositoryProjects: read
2024-03-06T16:34:20.3254053Z SecurityEvents: read
2024-03-06T16:34:20.3254495Z Statuses: read
2024-03-06T16:34:20.3254866Z ##[endgroup]
2024-03-06T16:34:20.3257982Z Secret source: None
2024-03-06T16:34:20.3258594Z Prepare workflow directory
2024-03-06T16:34:20.4126881Z Prepare all required actions
2024-03-06T16:34:20.4282772Z Getting action download info
2024-03-06T16:34:20.6412640Z Download action repository 'actions/checkout@v2' (SHA:ee0669bd1cc54295c223e0bb666b733df41de1c5)
2024-03-06T16:34:20.7847254Z Download action repository 'ruby/setup-ruby@v1' (SHA:d4526a55538b775af234ba4af27118ed6f8f6677)
2024-03-06T16:34:21.1288435Z Download action repository 'actions/upload-artifact@v2' (SHA:82c141cc518b40d92cc801eee768e7aafc9c2fa2)
2024-03-06T16:34:21.2903421Z Complete job name: rspec-system-events (6, 0)
2024-03-06T16:34:21.3554010Z ##[group]Checking docker version
2024-03-06T16:34:21.3568307Z ##[command]/usr/bin/docker version --format '{{.Server.APIVersion}}'
2024-03-06T16:34:21.4779134Z '1.43'
2024-03-06T16:34:21.4791742Z Docker daemon API version: '1.43'
2024-03-06T16:34:21.4792552Z ##[command]/usr/bin/docker version --format '{{.Client.APIVersion}}'
2024-03-06T16:34:21.4942515Z '1.43'
2024-03-06T16:34:21.4955055Z Docker client API version: '1.43'
2024-03-06T16:34:21.4960065Z ##[endgroup]
2024-03-06T16:34:21.4963273Z ##[group]Clean up resources from previous jobs
2024-03-06T16:34:21.4969263Z ##[command]/usr/bin/docker ps --all --quiet --no-trunc --filter "label=95a03a"
2024-03-06T16:34:21.5118387Z ##[command]/usr/bin/docker network prune --force --filter "label=95a03a"
2024-03-06T16:34:21.5248126Z ##[endgroup]
2024-03-06T16:34:21.5248762Z ##[group]Create local container network
2024-03-06T16:34:21.5258750Z ##[command]/usr/bin/docker network create --label 95a03a github_network_441a074fd17f4002a74fdf2bcbed66e7
2024-03-06T16:34:21.5871407Z bda850b9b137dbf799c1298e18e8a697ac017c3c400f493b7dcb95a2041824db
2024-03-06T16:34:21.5888116Z ##[endgroup]
2024-03-06T16:34:21.5964893Z ##[group]Starting db service container
2024-03-06T16:34:21.6014546Z ##[command]/usr/bin/docker pull postgres:12.3
2024-03-06T16:34:22.1078471Z 12.3: Pulling from library/postgres
2024-03-06T16:34:22.2485391Z bf5952930446: Pulling fs layer
2024-03-06T16:34:22.2488188Z 9577476abb00: Pulling fs layer
2024-03-06T16:34:22.2489183Z 2bd105512d5c: Pulling fs layer
2024-03-06T16:34:22.2490745Z b1cd21c26e81: Pulling fs layer
2024-03-06T16:34:22.2492003Z 34a7c86cf8fc: Pulling fs layer
2024-03-06T16:34:22.2492734Z 274e7b0c38d5: Pulling fs layer
2024-03-06T16:34:22.2493429Z 3e831b350d37: Pulling fs layer
2024-03-06T16:34:22.2494078Z 38fa0d496534: Pulling fs layer
2024-03-06T16:34:22.2494833Z 31a8349609a4: Pulling fs layer
2024-03-06T16:34:22.2495237Z 14e4c2a4b7b7: Pulling fs layer
2024-03-06T16:34:22.2495663Z 964acfa02beb: Pulling fs layer
2024-03-06T16:34:22.2496060Z 31b1f20dffc0: Pulling fs layer
2024-03-06T16:34:22.2496460Z 14771c2930e9: Pulling fs layer
2024-03-06T16:34:22.2496889Z 2f30edd0ce8a: Pulling fs layer
2024-03-06T16:34:22.2497293Z b1cd21c26e81: Waiting
2024-03-06T16:34:22.2497652Z 34a7c86cf8fc: Waiting
2024-03-06T16:34:22.2498018Z 274e7b0c38d5: Waiting
2024-03-06T16:34:22.2498365Z 3e831b350d37: Waiting
2024-03-06T16:34:22.2498700Z 38fa0d496534: Waiting
2024-03-06T16:34:22.2499058Z 31a8349609a4: Waiting
2024-03-06T16:34:22.2499395Z 14e4c2a4b7b7: Waiting
2024-03-06T16:34:22.2499714Z 964acfa02beb: Waiting
2024-03-06T16:34:22.2500064Z 2f30edd0ce8a: Waiting
2024-03-06T16:34:22.2500403Z 14771c2930e9: Waiting
2024-03-06T16:34:22.2500728Z 31b1f20dffc0: Waiting
2024-03-06T16:34:22.3652330Z 2bd105512d5c: Verifying Checksum
2024-03-06T16:34:22.3653139Z 2bd105512d5c: Download complete
2024-03-06T16:34:22.4018872Z 9577476abb00: Verifying Checksum
2024-03-06T16:34:22.4019731Z 9577476abb00: Download complete
2024-03-06T16:34:22.5212800Z b1cd21c26e81: Verifying Checksum
2024-03-06T16:34:22.5914977Z b1cd21c26e81: Download complete
2024-03-06T16:34:22.5915825Z 34a7c86cf8fc: Verifying Checksum
2024-03-06T16:34:22.5916583Z 34a7c86cf8fc: Download complete
2024-03-06T16:34:22.6715280Z 274e7b0c38d5: Download complete
2024-03-06T16:34:22.7119396Z 3e831b350d37: Verifying Checksum
2024-03-06T16:34:22.7120238Z 3e831b350d37: Download complete
2024-03-06T16:34:22.7998765Z bf5952930446: Verifying Checksum
2024-03-06T16:34:22.7999531Z bf5952930446: Download complete
2024-03-06T16:34:22.8038366Z 38fa0d496534: Verifying Checksum
2024-03-06T16:34:22.8039078Z 38fa0d496534: Download complete
2024-03-06T16:34:22.9301620Z 14e4c2a4b7b7: Verifying Checksum
2024-03-06T16:34:22.9302448Z 14e4c2a4b7b7: Download complete
2024-03-06T16:34:22.9311717Z 964acfa02beb: Verifying Checksum
2024-03-06T16:34:22.9317957Z 964acfa02beb: Download complete
2024-03-06T16:34:23.0552393Z 31b1f20dffc0: Verifying Checksum
2024-03-06T16:34:23.0553367Z 31b1f20dffc0: Download complete
2024-03-06T16:34:23.0654504Z 14771c2930e9: Verifying Checksum
2024-03-06T16:34:23.0655457Z 14771c2930e9: Download complete
2024-03-06T16:34:23.2019446Z 2f30edd0ce8a: Verifying Checksum
2024-03-06T16:34:23.2020451Z 2f30edd0ce8a: Download complete
2024-03-06T16:34:23.5580768Z 31a8349609a4: Download complete
2024-03-06T16:34:24.0422451Z bf5952930446: Pull complete
2024-03-06T16:34:24.2130124Z 9577476abb00: Pull complete
2024-03-06T16:34:24.8401710Z 2bd105512d5c: Pull complete
2024-03-06T16:34:24.9170985Z b1cd21c26e81: Pull complete
2024-03-06T16:34:25.4683595Z 34a7c86cf8fc: Pull complete
2024-03-06T16:34:25.5455979Z 274e7b0c38d5: Pull complete
2024-03-06T16:34:25.5607892Z 3e831b350d37: Pull complete
2024-03-06T16:34:25.5907669Z 38fa0d496534: Pull complete
2024-03-06T16:34:28.3248445Z 31a8349609a4: Pull complete
2024-03-06T16:34:28.3390633Z 14e4c2a4b7b7: Pull complete
2024-03-06T16:34:28.3487016Z 964acfa02beb: Pull complete
2024-03-06T16:34:28.3592348Z 31b1f20dffc0: Pull complete
2024-03-06T16:34:28.3713218Z 14771c2930e9: Pull complete
2024-03-06T16:34:28.3842710Z 2f30edd0ce8a: Pull complete
2024-03-06T16:34:28.3901402Z Digest: sha256:a06e6e6e519b7a329c419f8221edec66cfc45511e8b80e262c12103ba745cf19
2024-03-06T16:34:28.3916944Z Status: Downloaded newer image for postgres:12.3
2024-03-06T16:34:28.3927283Z docker.io/library/postgres:12.3
2024-03-06T16:34:28.4028962Z ##[command]/usr/bin/docker create --name 68b43a93f1294394a1f4ac5c38536735_postgres123_dd5a57 --label 95a03a --network github_network_441a074fd17f4002a74fdf2bcbed66e7 --network-alias db -p 5432:5432 --health-cmd pg_isready --health-interval 10s --health-timeout 5s --health-retries 5 -e "POSTGRES_PASSWORD=password" -e GITHUB_ACTIONS=true -e CI=true postgres:12.3
2024-03-06T16:34:28.4359107Z 8922bacfbaa969930599f47c726bedf9c29248d448003d2b8219679e8dcc27fd
2024-03-06T16:34:28.4382037Z ##[command]/usr/bin/docker start 8922bacfbaa969930599f47c726bedf9c29248d448003d2b8219679e8dcc27fd
2024-03-06T16:34:28.7543098Z 8922bacfbaa969930599f47c726bedf9c29248d448003d2b8219679e8dcc27fd
2024-03-06T16:34:28.7562175Z ##[command]/usr/bin/docker ps --all --filter id=8922bacfbaa969930599f47c726bedf9c29248d448003d2b8219679e8dcc27fd --filter status=running --no-trunc --format "{{.ID}} {{.Status}}"
2024-03-06T16:34:28.7689855Z 8922bacfbaa969930599f47c726bedf9c29248d448003d2b8219679e8dcc27fd Up Less than a second (health: starting)
2024-03-06T16:34:28.7710157Z ##[command]/usr/bin/docker port 8922bacfbaa969930599f47c726bedf9c29248d448003d2b8219679e8dcc27fd
2024-03-06T16:34:28.7837986Z 5432/tcp -> 0.0.0.0:5432
2024-03-06T16:34:28.7839040Z 5432/tcp -> [::]:5432
2024-03-06T16:34:28.7911852Z ##[endgroup]
2024-03-06T16:34:28.7937472Z ##[group]Waiting for all services to be ready
2024-03-06T16:34:28.7977003Z ##[command]/usr/bin/docker inspect --format="{{if .Config.Healthcheck}}{{print .State.Health.Status}}{{end}}" 8922bacfbaa969930599f47c726bedf9c29248d448003d2b8219679e8dcc27fd
2024-03-06T16:34:28.8107552Z starting
2024-03-06T16:34:28.8130176Z db service is starting, waiting 2 seconds before checking again.
2024-03-06T16:34:30.8143561Z ##[command]/usr/bin/docker inspect --format="{{if .Config.Healthcheck}}{{print .State.Health.Status}}{{end}}" 8922bacfbaa969930599f47c726bedf9c29248d448003d2b8219679e8dcc27fd
2024-03-06T16:34:30.8266720Z starting
2024-03-06T16:34:30.8279707Z db service is starting, waiting 3 seconds before checking again.
2024-03-06T16:34:34.7196197Z ##[command]/usr/bin/docker inspect --format="{{if .Config.Healthcheck}}{{print .State.Health.Status}}{{end}}" 8922bacfbaa969930599f47c726bedf9c29248d448003d2b8219679e8dcc27fd
2024-03-06T16:34:34.7321090Z starting
2024-03-06T16:34:34.7333101Z db service is starting, waiting 7 seconds before checking again.
2024-03-06T16:34:41.8788469Z ##[command]/usr/bin/docker inspect --format="{{if .Config.Healthcheck}}{{print .State.Health.Status}}{{end}}" 8922bacfbaa969930599f47c726bedf9c29248d448003d2b8219679e8dcc27fd
2024-03-06T16:34:41.8912938Z healthy
2024-03-06T16:34:41.8930547Z db service is healthy.
2024-03-06T16:34:41.8931078Z ##[endgroup]
2024-03-06T16:34:41.9295134Z ##[group]Run actions/checkout@v2
2024-03-06T16:34:41.9295723Z with:
2024-03-06T16:34:41.9296069Z   repository: rubyforgood/human-essentials
2024-03-06T16:34:41.9296694Z   token: ***
2024-03-06T16:34:41.9297149Z   ssh-strict: true
2024-03-06T16:34:41.9297468Z   persist-credentials: true
2024-03-06T16:34:41.9297844Z   clean: true
2024-03-06T16:34:41.9298247Z   fetch-depth: 1
2024-03-06T16:34:41.9298539Z   lfs: false
2024-03-06T16:34:41.9298856Z   submodules: false
2024-03-06T16:34:41.9299290Z   set-safe-directory: true
2024-03-06T16:34:41.9299626Z ##[endgroup]
2024-03-06T16:34:42.1282363Z Syncing repository: rubyforgood/human-essentials
2024-03-06T16:34:42.1284207Z ##[group]Getting Git version info
2024-03-06T16:34:42.1284925Z Working directory is '/home/runner/work/human-essentials/human-essentials'
2024-03-06T16:34:42.1285901Z [command]/usr/bin/git version
2024-03-06T16:34:42.1326162Z git version 2.43.2
2024-03-06T16:34:42.1349139Z ##[endgroup]
2024-03-06T16:34:42.1364065Z Temporarily overriding HOME='/home/runner/work/_temp/ae86ebf3-be39-42e8-a005-e0ffd2cd1851' before making global git config changes
2024-03-06T16:34:42.1365171Z Adding repository directory to the temporary git global config as a safe directory
2024-03-06T16:34:42.1368170Z [command]/usr/bin/git config --global --add safe.directory /home/runner/work/human-essentials/human-essentials
2024-03-06T16:34:42.1411144Z Deleting the contents of '/home/runner/work/human-essentials/human-essentials'
2024-03-06T16:34:42.1415180Z ##[group]Initializing the repository
2024-03-06T16:34:42.1418768Z [command]/usr/bin/git init /home/runner/work/human-essentials/human-essentials
2024-03-06T16:34:42.1505006Z hint: Using 'master' as the name for the initial branch. This default branch name
2024-03-06T16:34:42.1506463Z hint: is subject to change. To configure the initial branch name to use in all
2024-03-06T16:34:42.1508023Z hint: of your new repositories, which will suppress this warning, call:
2024-03-06T16:34:42.1509129Z hint: 
2024-03-06T16:34:42.1509930Z hint: 	git config --global init.defaultBranch <name>
2024-03-06T16:34:42.1512505Z hint: 
2024-03-06T16:34:42.1513665Z hint: Names commonly chosen instead of 'master' are 'main', 'trunk' and
2024-03-06T16:34:42.1516194Z hint: 'development'. The just-created branch can be renamed via this command:
2024-03-06T16:34:42.1517206Z hint: 
2024-03-06T16:34:42.1517891Z hint: 	git branch -m <name>
2024-03-06T16:34:42.1519308Z Initialized empty Git repository in /home/runner/work/human-essentials/human-essentials/.git/
2024-03-06T16:34:42.1525201Z [command]/usr/bin/git remote add origin https://github.com/rubyforgood/human-essentials
2024-03-06T16:34:42.1566968Z ##[endgroup]
2024-03-06T16:34:42.1567618Z ##[group]Disabling automatic garbage collection
2024-03-06T16:34:42.1571981Z [command]/usr/bin/git config --local gc.auto 0
2024-03-06T16:34:42.1608155Z ##[endgroup]
2024-03-06T16:34:42.1609442Z ##[group]Setting up auth
2024-03-06T16:34:42.1615573Z [command]/usr/bin/git config --local --name-only --get-regexp core\.sshCommand
2024-03-06T16:34:42.1653747Z [command]/usr/bin/git submodule foreach --recursive sh -c "git config --local --name-only --get-regexp 'core\.sshCommand' && git config --local --unset-all 'core.sshCommand' || :"
2024-03-06T16:34:42.1965163Z [command]/usr/bin/git config --local --name-only --get-regexp http\.https\:\/\/github\.com\/\.extraheader
2024-03-06T16:34:42.2002534Z [command]/usr/bin/git submodule foreach --recursive sh -c "git config --local --name-only --get-regexp 'http\.https\:\/\/github\.com\/\.extraheader' && git config --local --unset-all 'http.https://github.com/.extraheader' || :"
2024-03-06T16:34:42.2241629Z [command]/usr/bin/git config --local http.https://github.com/.extraheader AUTHORIZATION: basic ***
2024-03-06T16:34:42.2287430Z ##[endgroup]
2024-03-06T16:34:42.2288587Z ##[group]Fetching the repository
2024-03-06T16:34:42.2297293Z [command]/usr/bin/git -c protocol.version=2 fetch --no-tags --prune --progress --no-recurse-submodules --depth=1 origin +a69ee4b6a89c1a30f813a3e371bbc4b69bebad12:refs/remotes/pull/4164/merge
2024-03-06T16:34:42.4583853Z remote: Enumerating objects: 1750, done.        
2024-03-06T16:34:42.4585009Z remote: Counting objects:   0% (1/1750)        
2024-03-06T16:34:42.4586146Z remote: Counting objects:   1% (18/1750)        
2024-03-06T16:34:42.4587064Z remote: Counting objects:   2% (35/1750)        
2024-03-06T16:34:42.4587715Z remote: Counting objects:   3% (53/1750)        
2024-03-06T16:34:42.4588380Z remote: Counting objects:   4% (70/1750)        
2024-03-06T16:34:42.4588995Z remote: Counting objects:   5% (88/1750)        
2024-03-06T16:34:42.4589632Z remote: Counting objects:   6% (105/1750)        
2024-03-06T16:34:42.4590422Z remote: Counting objects:   7% (123/1750)        
2024-03-06T16:34:42.4591292Z remote: Counting objects:   8% (140/1750)        
2024-03-06T16:34:42.4592342Z remote: Counting objects:   9% (158/1750)        
2024-03-06T16:34:42.4593691Z remote: Counting objects:  10% (175/1750)        
2024-03-06T16:34:42.4594743Z remote: Counting objects:  11% (193/1750)        
2024-03-06T16:34:42.4595823Z remote: Counting objects:  12% (210/1750)        
2024-03-06T16:34:42.4596891Z remote: Counting objects:  13% (228/1750)        
2024-03-06T16:34:42.4597651Z remote: Counting objects:  14% (245/1750)        
2024-03-06T16:34:42.4598476Z remote: Counting objects:  15% (263/1750)        
2024-03-06T16:34:42.4599391Z remote: Counting objects:  16% (280/1750)        
2024-03-06T16:34:42.4600251Z remote: Counting objects:  17% (298/1750)        
2024-03-06T16:34:42.4601076Z remote: Counting objects:  18% (315/1750)        
2024-03-06T16:34:42.4601914Z remote: Counting objects:  19% (333/1750)        
2024-03-06T16:34:42.4602374Z remote: Counting objects:  20% (350/1750)        
2024-03-06T16:34:42.4602841Z remote: Counting objects:  21% (368/1750)        
2024-03-06T16:34:42.4603722Z remote: Counting objects:  22% (385/1750)        
2024-03-06T16:34:42.4604860Z remote: Counting objects:  23% (403/1750)        
2024-03-06T16:34:42.4605925Z remote: Counting objects:  24% (420/1750)        
2024-03-06T16:34:42.4606816Z remote: Counting objects:  25% (438/1750)        
2024-03-06T16:34:42.4607354Z remote: Counting objects:  26% (455/1750)        
2024-03-06T16:34:42.4608631Z remote: Counting objects:  27% (473/1750)        
2024-03-06T16:34:42.4609489Z remote: Counting objects:  28% (490/1750)        
2024-03-06T16:34:42.4610305Z remote: Counting objects:  29% (508/1750)        
2024-03-06T16:34:42.4611139Z remote: Counting objects:  30% (525/1750)        
2024-03-06T16:34:42.4611947Z remote: Counting objects:  31% (543/1750)        
2024-03-06T16:34:42.4612712Z remote: Counting objects:  32% (560/1750)        
2024-03-06T16:34:42.4613518Z remote: Counting objects:  33% (578/1750)        
2024-03-06T16:34:42.4614312Z remote: Counting objects:  34% (595/1750)        
2024-03-06T16:34:42.4615074Z remote: Counting objects:  35% (613/1750)        
2024-03-06T16:34:42.4615904Z remote: Counting objects:  36% (630/1750)        
2024-03-06T16:34:42.4616708Z remote: Counting objects:  37% (648/1750)        
2024-03-06T16:34:42.4617468Z remote: Counting objects:  38% (665/1750)        
2024-03-06T16:34:42.4618283Z remote: Counting objects:  39% (683/1750)        
2024-03-06T16:34:42.4619044Z remote: Counting objects:  40% (700/1750)        
2024-03-06T16:34:42.4619799Z remote: Counting objects:  41% (718/1750)        
2024-03-06T16:34:42.4620623Z remote: Counting objects:  42% (735/1750)        
2024-03-06T16:34:42.4621384Z remote: Counting objects:  43% (753/1750)        
2024-03-06T16:34:42.4622146Z remote: Counting objects:  44% (770/1750)        
2024-03-06T16:34:42.4623021Z remote: Counting objects:  45% (788/1750)        
2024-03-06T16:34:42.4623744Z remote: Counting objects:  46% (805/1750)        
2024-03-06T16:34:42.4624497Z remote: Counting objects:  47% (823/1750)        
2024-03-06T16:34:42.4625354Z remote: Counting objects:  48% (840/1750)        
2024-03-06T16:34:42.4626083Z remote: Counting objects:  49% (858/1750)        
2024-03-06T16:34:42.4627118Z remote: Counting objects:  50% (875/1750)        
2024-03-06T16:34:42.4627982Z remote: Counting objects:  51% (893/1750)        
2024-03-06T16:34:42.4628699Z remote: Counting objects:  52% (910/1750)        
2024-03-06T16:34:42.4629478Z remote: Counting objects:  53% (928/1750)        
2024-03-06T16:34:42.4630312Z remote: Counting objects:  54% (945/1750)        
2024-03-06T16:34:42.4631027Z remote: Counting objects:  55% (963/1750)        
2024-03-06T16:34:42.4631809Z remote: Counting objects:  56% (980/1750)        
2024-03-06T16:34:42.4632652Z remote: Counting objects:  57% (998/1750)        
2024-03-06T16:34:42.4633382Z remote: Counting objects:  58% (1015/1750)        
2024-03-06T16:34:42.4634416Z remote: Counting objects:  59% (1033/1750)        
2024-03-06T16:34:42.4635205Z remote: Counting objects:  60% (1050/1750)        
2024-03-06T16:34:42.4635812Z remote: Counting objects:  61% (1068/1750)        
2024-03-06T16:34:42.4636363Z remote: Counting objects:  62% (1085/1750)        
2024-03-06T16:34:42.4636918Z remote: Counting objects:  63% (1103/1750)        
2024-03-06T16:34:42.4637709Z remote: Counting objects:  64% (1120/1750)        
2024-03-06T16:34:42.4638720Z remote: Counting objects:  65% (1138/1750)        
2024-03-06T16:34:42.4639513Z remote: Counting objects:  66% (1155/1750)        
2024-03-06T16:34:42.4640483Z remote: Counting objects:  67% (1173/1750)        
2024-03-06T16:34:42.4641308Z remote: Counting objects:  68% (1190/1750)        
2024-03-06T16:34:42.4642091Z remote: Counting objects:  69% (1208/1750)        
2024-03-06T16:34:42.4642907Z remote: Counting objects:  70% (1225/1750)        
2024-03-06T16:34:42.4643750Z remote: Counting objects:  71% (1243/1750)        
2024-03-06T16:34:42.4644737Z remote: Counting objects:  72% (1260/1750)        
2024-03-06T16:34:42.4645523Z remote: Counting objects:  73% (1278/1750)        
2024-03-06T16:34:42.4646522Z remote: Counting objects:  74% (1295/1750)        
2024-03-06T16:34:42.4647062Z remote: Counting objects:  75% (1313/1750)        
2024-03-06T16:34:42.4647519Z remote: Counting objects:  76% (1330/1750)        
2024-03-06T16:34:42.4648073Z remote: Counting objects:  77% (1348/1750)        
2024-03-06T16:34:42.4648577Z remote: Counting objects:  78% (1365/1750)        
2024-03-06T16:34:42.4649058Z remote: Counting objects:  79% (1383/1750)        
2024-03-06T16:34:42.4649580Z remote: Counting objects:  80% (1400/1750)        
2024-03-06T16:34:42.4650081Z remote: Counting objects:  81% (1418/1750)        
2024-03-06T16:34:42.4650574Z remote: Counting objects:  82% (1435/1750)        
2024-03-06T16:34:42.4651107Z remote: Counting objects:  83% (1453/1750)        
2024-03-06T16:34:42.4651592Z remote: Counting objects:  84% (1470/1750)        
2024-03-06T16:34:42.4652072Z remote: Counting objects:  85% (1488/1750)        
2024-03-06T16:34:42.4652595Z remote: Counting objects:  86% (1505/1750)        
2024-03-06T16:34:42.4653084Z remote: Counting objects:  87% (1523/1750)        
2024-03-06T16:34:42.4653570Z remote: Counting objects:  88% (1540/1750)        
2024-03-06T16:34:42.4654105Z remote: Counting objects:  89% (1558/1750)        
2024-03-06T16:34:42.4654586Z remote: Counting objects:  90% (1575/1750)        
2024-03-06T16:34:42.4655076Z remote: Counting objects:  91% (1593/1750)        
2024-03-06T16:34:42.4655607Z remote: Counting objects:  92% (1610/1750)        
2024-03-06T16:34:42.4656087Z remote: Counting objects:  93% (1628/1750)        
2024-03-06T16:34:42.4656588Z remote: Counting objects:  94% (1645/1750)        
2024-03-06T16:34:42.4657096Z remote: Counting objects:  95% (1663/1750)        
2024-03-06T16:34:42.4657585Z remote: Counting objects:  96% (1680/1750)        
2024-03-06T16:34:42.4658079Z remote: Counting objects:  97% (1698/1750)        
2024-03-06T16:34:42.4658621Z remote: Counting objects:  98% (1715/1750)        
2024-03-06T16:34:42.4659073Z remote: Counting objects:  99% (1733/1750)        
2024-03-06T16:34:42.4659586Z remote: Counting objects: 100% (1750/1750)        
2024-03-06T16:34:42.4660348Z remote: Counting objects: 100% (1750/1750), done.        
2024-03-06T16:34:42.4735904Z remote: Compressing objects:   0% (1/1568)        
2024-03-06T16:34:42.4737069Z remote: Compressing objects:   1% (16/1568)        
2024-03-06T16:34:42.4737994Z remote: Compressing objects:   2% (32/1568)        
2024-03-06T16:34:42.4738592Z remote: Compressing objects:   3% (48/1568)        
2024-03-06T16:34:42.4739226Z remote: Compressing objects:   4% (63/1568)        
2024-03-06T16:34:42.4740254Z remote: Compressing objects:   5% (79/1568)        
2024-03-06T16:34:42.4741766Z remote: Compressing objects:   6% (95/1568)        
2024-03-06T16:34:42.4742599Z remote: Compressing objects:   7% (110/1568)        
2024-03-06T16:34:42.4743534Z remote: Compressing objects:   8% (126/1568)        
2024-03-06T16:34:42.4754653Z remote: Compressing objects:   9% (142/1568)        
2024-03-06T16:34:42.4755700Z remote: Compressing objects:  10% (157/1568)        
2024-03-06T16:34:42.4756692Z remote: Compressing objects:  11% (173/1568)        
2024-03-06T16:34:42.4757665Z remote: Compressing objects:  12% (189/1568)        
2024-03-06T16:34:42.4791932Z remote: Compressing objects:  13% (204/1568)        
2024-03-06T16:34:42.4792888Z remote: Compressing objects:  14% (220/1568)        
2024-03-06T16:34:42.4797744Z remote: Compressing objects:  15% (236/1568)        
2024-03-06T16:34:42.4800097Z remote: Compressing objects:  16% (251/1568)        
2024-03-06T16:34:42.4812186Z remote: Compressing objects:  17% (267/1568)        
2024-03-06T16:34:42.4814326Z remote: Compressing objects:  18% (283/1568)        
2024-03-06T16:34:42.4832338Z remote: Compressing objects:  19% (298/1568)        
2024-03-06T16:34:42.4860467Z remote: Compressing objects:  20% (314/1568)        
2024-03-06T16:34:42.4901718Z remote: Compressing objects:  21% (330/1568)        
2024-03-06T16:34:42.4919486Z remote: Compressing objects:  22% (345/1568)        
2024-03-06T16:34:42.4929121Z remote: Compressing objects:  23% (361/1568)        
2024-03-06T16:34:42.4945047Z remote: Compressing objects:  24% (377/1568)        
2024-03-06T16:34:42.4946502Z remote: Compressing objects:  25% (392/1568)        
2024-03-06T16:34:42.4957768Z remote: Compressing objects:  26% (408/1568)        
2024-03-06T16:34:42.4978672Z remote: Compressing objects:  27% (424/1568)        
2024-03-06T16:34:42.4985622Z remote: Compressing objects:  28% (440/1568)        
2024-03-06T16:34:42.4991883Z remote: Compressing objects:  29% (455/1568)        
2024-03-06T16:34:42.5003524Z remote: Compressing objects:  30% (471/1568)        
2024-03-06T16:34:42.5024383Z remote: Compressing objects:  31% (487/1568)        
2024-03-06T16:34:42.5033688Z remote: Compressing objects:  32% (502/1568)        
2024-03-06T16:34:42.5040991Z remote: Compressing objects:  33% (518/1568)        
2024-03-06T16:34:42.5050159Z remote: Compressing objects:  34% (534/1568)        
2024-03-06T16:34:42.5054662Z remote: Compressing objects:  35% (549/1568)        
2024-03-06T16:34:42.5068729Z remote: Compressing objects:  36% (565/1568)        
2024-03-06T16:34:42.5074049Z remote: Compressing objects:  37% (581/1568)        
2024-03-06T16:34:42.5076280Z remote: Compressing objects:  38% (596/1568)        
2024-03-06T16:34:42.5079851Z remote: Compressing objects:  39% (612/1568)        
2024-03-06T16:34:42.5085140Z remote: Compressing objects:  40% (628/1568)        
2024-03-06T16:34:42.5089161Z remote: Compressing objects:  41% (643/1568)        
2024-03-06T16:34:42.5090015Z remote: Compressing objects:  42% (659/1568)        
2024-03-06T16:34:42.5095104Z remote: Compressing objects:  43% (675/1568)        
2024-03-06T16:34:42.5095918Z remote: Compressing objects:  44% (690/1568)        
2024-03-06T16:34:42.5106986Z remote: Compressing objects:  45% (706/1568)        
2024-03-06T16:34:42.5113141Z remote: Compressing objects:  46% (722/1568)        
2024-03-06T16:34:42.5114189Z remote: Compressing objects:  47% (737/1568)        
2024-03-06T16:34:42.5117466Z remote: Compressing objects:  48% (753/1568)        
2024-03-06T16:34:42.5118503Z remote: Compressing objects:  49% (769/1568)        
2024-03-06T16:34:42.5121515Z remote: Compressing objects:  50% (784/1568)        
2024-03-06T16:34:42.5125382Z remote: Compressing objects:  51% (800/1568)        
2024-03-06T16:34:42.5126118Z remote: Compressing objects:  52% (816/1568)        
2024-03-06T16:34:42.5127867Z remote: Compressing objects:  53% (832/1568)        
2024-03-06T16:34:42.5135635Z remote: Compressing objects:  54% (847/1568)        
2024-03-06T16:34:42.5146527Z remote: Compressing objects:  55% (863/1568)        
2024-03-06T16:34:42.5177607Z remote: Compressing objects:  56% (879/1568)        
2024-03-06T16:34:42.5203459Z remote: Compressing objects:  57% (894/1568)        
2024-03-06T16:34:42.5219664Z remote: Compressing objects:  58% (910/1568)        
2024-03-06T16:34:42.5228851Z remote: Compressing objects:  59% (926/1568)        
2024-03-06T16:34:42.5230915Z remote: Compressing objects:  60% (941/1568)        
2024-03-06T16:34:42.5231922Z remote: Compressing objects:  61% (957/1568)        
2024-03-06T16:34:42.5235111Z remote: Compressing objects:  62% (973/1568)        
2024-03-06T16:34:42.5247731Z remote: Compressing objects:  63% (988/1568)        
2024-03-06T16:34:42.5252785Z remote: Compressing objects:  64% (1004/1568)        
2024-03-06T16:34:42.5253872Z remote: Compressing objects:  65% (1020/1568)        
2024-03-06T16:34:42.5268154Z remote: Compressing objects:  66% (1035/1568)        
2024-03-06T16:34:42.5271171Z remote: Compressing objects:  67% (1051/1568)        
2024-03-06T16:34:42.5276860Z remote: Compressing objects:  68% (1067/1568)        
2024-03-06T16:34:42.5281576Z remote: Compressing objects:  69% (1082/1568)        
2024-03-06T16:34:42.5285275Z remote: Compressing objects:  70% (1098/1568)        
2024-03-06T16:34:42.5302448Z remote: Compressing objects:  71% (1114/1568)        
2024-03-06T16:34:42.5313280Z remote: Compressing objects:  72% (1129/1568)        
2024-03-06T16:34:42.5321685Z remote: Compressing objects:  73% (1145/1568)        
2024-03-06T16:34:42.5327439Z remote: Compressing objects:  74% (1161/1568)        
2024-03-06T16:34:42.5350333Z remote: Compressing objects:  75% (1176/1568)        
2024-03-06T16:34:42.5426624Z remote: Compressing objects:  76% (1192/1568)        
2024-03-06T16:34:42.5444381Z remote: Compressing objects:  77% (1208/1568)        
2024-03-06T16:34:42.5455711Z remote: Compressing objects:  78% (1224/1568)        
2024-03-06T16:34:42.5476879Z remote: Compressing objects:  79% (1239/1568)        
2024-03-06T16:34:42.5500064Z remote: Compressing objects:  80% (1255/1568)        
2024-03-06T16:34:42.5550018Z remote: Compressing objects:  81% (1271/1568)        
2024-03-06T16:34:42.5587278Z remote: Compressing objects:  82% (1286/1568)        
2024-03-06T16:34:42.5631616Z remote: Compressing objects:  83% (1302/1568)        
2024-03-06T16:34:42.5644254Z remote: Compressing objects:  84% (1318/1568)        
2024-03-06T16:34:42.5718243Z remote: Compressing objects:  85% (1333/1568)        
2024-03-06T16:34:42.5738072Z remote: Compressing objects:  86% (1349/1568)        
2024-03-06T16:34:42.5765754Z remote: Compressing objects:  87% (1365/1568)        
2024-03-06T16:34:42.5777400Z remote: Compressing objects:  88% (1380/1568)        
2024-03-06T16:34:42.5782365Z remote: Compressing objects:  89% (1396/1568)        
2024-03-06T16:34:42.5784557Z remote: Compressing objects:  90% (1412/1568)        
2024-03-06T16:34:42.5785371Z remote: Compressing objects:  91% (1427/1568)        
2024-03-06T16:34:42.5786306Z remote: Compressing objects:  92% (1443/1568)        
2024-03-06T16:34:42.5792100Z remote: Compressing objects:  93% (1459/1568)        
2024-03-06T16:34:42.5799664Z remote: Compressing objects:  94% (1474/1568)        
2024-03-06T16:34:42.5800543Z remote: Compressing objects:  95% (1490/1568)        
2024-03-06T16:34:42.5801060Z remote: Compressing objects:  96% (1506/1568)        
2024-03-06T16:34:42.5806214Z remote: Compressing objects:  97% (1521/1568)        
2024-03-06T16:34:42.5806962Z remote: Compressing objects:  98% (1537/1568)        
2024-03-06T16:34:42.5807716Z remote: Compressing objects:  99% (1553/1568)        
2024-03-06T16:34:42.5808506Z remote: Compressing objects: 100% (1568/1568)        
2024-03-06T16:34:42.5809073Z remote: Compressing objects: 100% (1568/1568), done.        
2024-03-06T16:34:42.5841944Z Receiving objects:   0% (1/1750)
2024-03-06T16:34:42.5845253Z Receiving objects:   1% (18/1750)
2024-03-06T16:34:42.5896988Z Receiving objects:   2% (35/1750)
2024-03-06T16:34:42.6721854Z Receiving objects:   3% (53/1750)
2024-03-06T16:34:42.8577700Z Receiving objects:   4% (70/1750)
2024-03-06T16:34:42.8581033Z Receiving objects:   5% (88/1750)
2024-03-06T16:34:42.8584385Z Receiving objects:   6% (105/1750)
2024-03-06T16:34:42.8588863Z Receiving objects:   7% (123/1750)
2024-03-06T16:34:42.8592941Z Receiving objects:   8% (140/1750)
2024-03-06T16:34:42.8604979Z Receiving objects:   9% (158/1750)
2024-03-06T16:34:42.8608581Z Receiving objects:  10% (175/1750)
2024-03-06T16:34:42.8611632Z Receiving objects:  11% (193/1750)
2024-03-06T16:34:42.8614734Z Receiving objects:  12% (210/1750)
2024-03-06T16:34:42.8624456Z Receiving objects:  13% (228/1750)
2024-03-06T16:34:42.8630033Z Receiving objects:  14% (245/1750)
2024-03-06T16:34:42.8633018Z Receiving objects:  15% (263/1750)
2024-03-06T16:34:42.8637131Z Receiving objects:  16% (280/1750)
2024-03-06T16:34:42.8644738Z Receiving objects:  17% (298/1750)
2024-03-06T16:34:42.8732118Z Receiving objects:  18% (315/1750)
2024-03-06T16:34:42.8740039Z Receiving objects:  19% (333/1750)
2024-03-06T16:34:42.8744944Z Receiving objects:  20% (350/1750)
2024-03-06T16:34:42.8749392Z Receiving objects:  21% (368/1750)
2024-03-06T16:34:42.8754009Z Receiving objects:  22% (385/1750)
2024-03-06T16:34:42.8761355Z Receiving objects:  23% (403/1750)
2024-03-06T16:34:42.8765381Z Receiving objects:  24% (420/1750)
2024-03-06T16:34:42.8770351Z Receiving objects:  25% (438/1750)
2024-03-06T16:34:42.8772491Z Receiving objects:  26% (455/1750)
2024-03-06T16:34:42.8776025Z Receiving objects:  27% (473/1750)
2024-03-06T16:34:42.8779087Z Receiving objects:  28% (490/1750)
2024-03-06T16:34:42.8782001Z Receiving objects:  29% (508/1750)
2024-03-06T16:34:42.8788380Z Receiving objects:  30% (525/1750)
2024-03-06T16:34:42.8792325Z Receiving objects:  31% (543/1750)
2024-03-06T16:34:42.8793865Z Receiving objects:  32% (560/1750)
2024-03-06T16:34:42.8797804Z Receiving objects:  33% (578/1750)
2024-03-06T16:34:42.8798930Z Receiving objects:  34% (595/1750)
2024-03-06T16:34:42.8827998Z Receiving objects:  35% (613/1750)
2024-03-06T16:34:42.8832223Z Receiving objects:  36% (630/1750)
2024-03-06T16:34:42.8887720Z Receiving objects:  37% (648/1750)
2024-03-06T16:34:42.8888424Z Receiving objects:  38% (665/1750)
2024-03-06T16:34:42.8894886Z Receiving objects:  39% (683/1750)
2024-03-06T16:34:42.8897309Z Receiving objects:  40% (700/1750)
2024-03-06T16:34:42.8900983Z Receiving objects:  41% (718/1750)
2024-03-06T16:34:42.8903391Z Receiving objects:  42% (735/1750)
2024-03-06T16:34:42.8907236Z Receiving objects:  43% (753/1750)
2024-03-06T16:34:42.8909689Z Receiving objects:  44% (770/1750)
2024-03-06T16:34:42.8917093Z Receiving objects:  45% (788/1750)
2024-03-06T16:34:42.8920775Z Receiving objects:  46% (805/1750)
2024-03-06T16:34:42.8923848Z Receiving objects:  47% (823/1750)
2024-03-06T16:34:42.8928644Z Receiving objects:  48% (840/1750)
2024-03-06T16:34:42.8930393Z Receiving objects:  49% (858/1750)
2024-03-06T16:34:42.8933039Z Receiving objects:  50% (875/1750)
2024-03-06T16:34:42.8934236Z Receiving objects:  51% (893/1750)
2024-03-06T16:34:42.8937296Z Receiving objects:  52% (910/1750)
2024-03-06T16:34:42.8944229Z Receiving objects:  53% (928/1750)
2024-03-06T16:34:42.8948443Z Receiving objects:  54% (945/1750)
2024-03-06T16:34:42.8959220Z Receiving objects:  55% (963/1750)
2024-03-06T16:34:42.8984798Z Receiving objects:  56% (980/1750)
2024-03-06T16:34:42.9042669Z Receiving objects:  57% (998/1750)
2024-03-06T16:34:42.9043613Z Receiving objects:  58% (1015/1750)
2024-03-06T16:34:42.9046945Z Receiving objects:  59% (1033/1750)
2024-03-06T16:34:42.9050388Z Receiving objects:  60% (1050/1750)
2024-03-06T16:34:42.9051168Z Receiving objects:  61% (1068/1750)
2024-03-06T16:34:42.9053950Z Receiving objects:  62% (1085/1750)
2024-03-06T16:34:42.9054707Z Receiving objects:  63% (1103/1750)
2024-03-06T16:34:42.9055437Z Receiving objects:  64% (1120/1750)
2024-03-06T16:34:42.9058376Z Receiving objects:  65% (1138/1750)
2024-03-06T16:34:42.9059150Z Receiving objects:  66% (1155/1750)
2024-03-06T16:34:42.9062002Z Receiving objects:  67% (1173/1750)
2024-03-06T16:34:42.9062869Z Receiving objects:  68% (1190/1750)
2024-03-06T16:34:42.9063637Z Receiving objects:  69% (1208/1750)
2024-03-06T16:34:42.9066331Z Receiving objects:  70% (1225/1750)
2024-03-06T16:34:42.9076021Z Receiving objects:  71% (1243/1750)
2024-03-06T16:34:42.9092216Z Receiving objects:  72% (1260/1750)
2024-03-06T16:34:42.9097976Z Receiving objects:  73% (1278/1750)
2024-03-06T16:34:42.9100531Z Receiving objects:  74% (1295/1750)
2024-03-06T16:34:42.9541431Z Receiving objects:  75% (1313/1750)
2024-03-06T16:34:43.0139696Z Receiving objects:  76% (1330/1750)
2024-03-06T16:34:43.0476512Z Receiving objects:  77% (1348/1750)
2024-03-06T16:34:43.1004220Z Receiving objects:  78% (1365/1750)
2024-03-06T16:34:43.1302673Z Receiving objects:  79% (1383/1750), 4.39 MiB | 8.75 MiB/s
2024-03-06T16:34:43.1784361Z Receiving objects:  80% (1400/1750), 4.39 MiB | 8.75 MiB/s
2024-03-06T16:34:43.1789145Z Receiving objects:  81% (1418/1750), 4.39 MiB | 8.75 MiB/s
2024-03-06T16:34:43.1791823Z Receiving objects:  82% (1435/1750), 4.39 MiB | 8.75 MiB/s
2024-03-06T16:34:43.1794264Z Receiving objects:  83% (1453/1750), 4.39 MiB | 8.75 MiB/s
2024-03-06T16:34:43.1844060Z Receiving objects:  84% (1470/1750), 4.39 MiB | 8.75 MiB/s
2024-03-06T16:34:43.1847596Z Receiving objects:  85% (1488/1750), 4.39 MiB | 8.75 MiB/s
2024-03-06T16:34:43.1854303Z Receiving objects:  86% (1505/1750), 4.39 MiB | 8.75 MiB/s
2024-03-06T16:34:43.1861011Z Receiving objects:  87% (1523/1750), 4.39 MiB | 8.75 MiB/s
2024-03-06T16:34:43.1865093Z Receiving objects:  88% (1540/1750), 4.39 MiB | 8.75 MiB/s
2024-03-06T16:34:43.1870372Z Receiving objects:  89% (1558/1750), 4.39 MiB | 8.75 MiB/s
2024-03-06T16:34:43.1888461Z Receiving objects:  90% (1575/1750), 4.39 MiB | 8.75 MiB/s
2024-03-06T16:34:43.1893747Z Receiving objects:  91% (1593/1750), 4.39 MiB | 8.75 MiB/s
2024-03-06T16:34:43.1906453Z Receiving objects:  92% (1610/1750), 4.39 MiB | 8.75 MiB/s
2024-03-06T16:34:43.1914065Z Receiving objects:  93% (1628/1750), 4.39 MiB | 8.75 MiB/s
2024-03-06T16:34:43.1919257Z Receiving objects:  94% (1645/1750), 4.39 MiB | 8.75 MiB/s
2024-03-06T16:34:43.1925781Z Receiving objects:  95% (1663/1750), 4.39 MiB | 8.75 MiB/s
2024-03-06T16:34:43.1928834Z Receiving objects:  96% (1680/1750), 4.39 MiB | 8.75 MiB/s
2024-03-06T16:34:43.1938343Z Receiving objects:  97% (1698/1750), 4.39 MiB | 8.75 MiB/s
2024-03-06T16:34:43.1947017Z Receiving objects:  98% (1715/1750), 4.39 MiB | 8.75 MiB/s
2024-03-06T16:34:43.1962064Z Receiving objects:  99% (1733/1750), 4.39 MiB | 8.75 MiB/s
2024-03-06T16:34:43.1963450Z remote: Total 1750 (delta 279), reused 988 (delta 143), pack-reused 0        
2024-03-06T16:34:43.1971471Z Receiving objects: 100% (1750/1750), 4.39 MiB | 8.75 MiB/s
2024-03-06T16:34:43.1972630Z Receiving objects: 100% (1750/1750), 6.60 MiB | 10.76 MiB/s, done.
2024-03-06T16:34:43.1977333Z Resolving deltas:   0% (0/279)
2024-03-06T16:34:43.1978283Z Resolving deltas:   1% (5/279)
2024-03-06T16:34:43.1981125Z Resolving deltas:   2% (6/279)
2024-03-06T16:34:43.1983149Z Resolving deltas:   3% (9/279)
2024-03-06T16:34:43.1984945Z Resolving deltas:   4% (12/279)
2024-03-06T16:34:43.1986853Z Resolving deltas:   5% (14/279)
2024-03-06T16:34:43.1987662Z Resolving deltas:   6% (17/279)
2024-03-06T16:34:43.1989510Z Resolving deltas:   7% (20/279)
2024-03-06T16:34:43.1990141Z Resolving deltas:   8% (23/279)
2024-03-06T16:34:43.1990901Z Resolving deltas:   9% (26/279)
2024-03-06T16:34:43.2000809Z Resolving deltas:  10% (28/279)
2024-03-06T16:34:43.2002462Z Resolving deltas:  11% (31/279)
2024-03-06T16:34:43.2007317Z Resolving deltas:  12% (34/279)
2024-03-06T16:34:43.2008425Z Resolving deltas:  13% (37/279)
2024-03-06T16:34:43.2009243Z Resolving deltas:  14% (40/279)
2024-03-06T16:34:43.2010412Z Resolving deltas:  15% (42/279)
2024-03-06T16:34:43.2017181Z Resolving deltas:  16% (45/279)
2024-03-06T16:34:43.2017852Z Resolving deltas:  17% (48/279)
2024-03-06T16:34:43.2018611Z Resolving deltas:  18% (51/279)
2024-03-06T16:34:43.2019188Z Resolving deltas:  19% (54/279)
2024-03-06T16:34:43.2019812Z Resolving deltas:  20% (56/279)
2024-03-06T16:34:43.2020527Z Resolving deltas:  21% (59/279)
2024-03-06T16:34:43.2021092Z Resolving deltas:  22% (62/279)
2024-03-06T16:34:43.2021726Z Resolving deltas:  23% (65/279)
2024-03-06T16:34:43.2022434Z Resolving deltas:  24% (67/279)
2024-03-06T16:34:43.2023016Z Resolving deltas:  25% (70/279)
2024-03-06T16:34:43.2023639Z Resolving deltas:  26% (73/279)
2024-03-06T16:34:43.2024367Z Resolving deltas:  27% (76/279)
2024-03-06T16:34:43.2024952Z Resolving deltas:  28% (79/279)
2024-03-06T16:34:43.2025553Z Resolving deltas:  29% (81/279)
2024-03-06T16:34:43.2026262Z Resolving deltas:  30% (86/279)
2024-03-06T16:34:43.2026833Z Resolving deltas:  31% (87/279)
2024-03-06T16:34:43.2027436Z Resolving deltas:  32% (90/279)
2024-03-06T16:34:43.2028114Z Resolving deltas:  33% (93/279)
2024-03-06T16:34:43.2028671Z Resolving deltas:  34% (95/279)
2024-03-06T16:34:43.2029023Z Resolving deltas:  35% (98/279)
2024-03-06T16:34:43.2029494Z Resolving deltas:  36% (101/279)
2024-03-06T16:34:43.2029883Z Resolving deltas:  37% (104/279)
2024-03-06T16:34:43.2034632Z Resolving deltas:  38% (107/279)
2024-03-06T16:34:43.2035652Z Resolving deltas:  39% (109/279)
2024-03-06T16:34:43.2036341Z Resolving deltas:  40% (112/279)
2024-03-06T16:34:43.2036976Z Resolving deltas:  41% (115/279)
2024-03-06T16:34:43.2037919Z Resolving deltas:  42% (118/279)
2024-03-06T16:34:43.2038869Z Resolving deltas:  43% (120/279)
2024-03-06T16:34:43.2039588Z Resolving deltas:  44% (123/279)
2024-03-06T16:34:43.2040249Z Resolving deltas:  45% (126/279)
2024-03-06T16:34:43.2040822Z Resolving deltas:  46% (129/279)
2024-03-06T16:34:43.2041536Z Resolving deltas:  47% (132/279)
2024-03-06T16:34:43.2042174Z Resolving deltas:  48% (134/279)
2024-03-06T16:34:43.2042730Z Resolving deltas:  49% (137/279)
2024-03-06T16:34:43.2043815Z Resolving deltas:  50% (140/279)
2024-03-06T16:34:43.2045011Z Resolving deltas:  51% (143/279)
2024-03-06T16:34:43.2047385Z Resolving deltas:  52% (146/279)
2024-03-06T16:34:43.2048330Z Resolving deltas:  53% (148/279)
2024-03-06T16:34:43.2049075Z Resolving deltas:  54% (151/279)
2024-03-06T16:34:43.2051377Z Resolving deltas:  55% (154/279)
2024-03-06T16:34:43.2052577Z Resolving deltas:  56% (157/279)
2024-03-06T16:34:43.2053331Z Resolving deltas:  57% (160/279)
2024-03-06T16:34:43.2053952Z Resolving deltas:  58% (162/279)
2024-03-06T16:34:43.2054728Z Resolving deltas:  59% (165/279)
2024-03-06T16:34:43.2055386Z Resolving deltas:  60% (169/279)
2024-03-06T16:34:43.2056027Z Resolving deltas:  61% (172/279)
2024-03-06T16:34:43.2056819Z Resolving deltas:  62% (173/279)
2024-03-06T16:34:43.2057483Z Resolving deltas:  63% (176/279)
2024-03-06T16:34:43.2058085Z Resolving deltas:  64% (179/279)
2024-03-06T16:34:43.2058847Z Resolving deltas:  65% (182/279)
2024-03-06T16:34:43.2059507Z Resolving deltas:  66% (185/279)
2024-03-06T16:34:43.2060111Z Resolving deltas:  67% (187/279)
2024-03-06T16:34:43.2061265Z Resolving deltas:  68% (190/279)
2024-03-06T16:34:43.2062044Z Resolving deltas:  69% (194/279)
2024-03-06T16:34:43.2062989Z Resolving deltas:  70% (196/279)
2024-03-06T16:34:43.2063956Z Resolving deltas:  71% (199/279)
2024-03-06T16:34:43.2065004Z Resolving deltas:  72% (201/279)
2024-03-06T16:34:43.2065906Z Resolving deltas:  73% (204/279)
2024-03-06T16:34:43.2066904Z Resolving deltas:  74% (207/279)
2024-03-06T16:34:43.2067612Z Resolving deltas:  75% (210/279)
2024-03-06T16:34:43.2068390Z Resolving deltas:  76% (213/279)
2024-03-06T16:34:43.2069277Z Resolving deltas:  77% (215/279)
2024-03-06T16:34:43.2070196Z Resolving deltas:  78% (218/279)
2024-03-06T16:34:43.2070972Z Resolving deltas:  79% (221/279)
2024-03-06T16:34:43.2071827Z Resolving deltas:  80% (224/279)
2024-03-06T16:34:43.2072504Z Resolving deltas:  81% (226/279)
2024-03-06T16:34:43.2073293Z Resolving deltas:  82% (230/279)
2024-03-06T16:34:43.2075521Z Resolving deltas:  83% (232/279)
2024-03-06T16:34:43.2077632Z Resolving deltas:  84% (235/279)
2024-03-06T16:34:43.2081567Z Resolving deltas:  85% (238/279)
2024-03-06T16:34:43.2082334Z Resolving deltas:  86% (240/279)
2024-03-06T16:34:43.2087615Z Resolving deltas:  87% (243/279)
2024-03-06T16:34:43.2089362Z Resolving deltas:  88% (246/279)
2024-03-06T16:34:43.2090389Z Resolving deltas:  89% (249/279)
2024-03-06T16:34:43.2092722Z Resolving deltas:  90% (253/279)
2024-03-06T16:34:43.2093613Z Resolving deltas:  91% (254/279)
2024-03-06T16:34:43.2096133Z Resolving deltas:  92% (257/279)
2024-03-06T16:34:43.2098864Z Resolving deltas:  93% (260/279)
2024-03-06T16:34:43.2100634Z Resolving deltas:  94% (263/279)
2024-03-06T16:34:43.2101953Z Resolving deltas:  95% (266/279)
2024-03-06T16:34:43.2102943Z Resolving deltas:  96% (269/279)
2024-03-06T16:34:43.2104043Z Resolving deltas:  97% (271/279)
2024-03-06T16:34:43.2106919Z Resolving deltas:  98% (274/279)
2024-03-06T16:34:43.2107600Z Resolving deltas:  99% (277/279)
2024-03-06T16:34:43.2109093Z Resolving deltas: 100% (279/279)
2024-03-06T16:34:43.2109698Z Resolving deltas: 100% (279/279), done.
2024-03-06T16:34:43.2269886Z From https://github.com/rubyforgood/human-essentials
2024-03-06T16:34:43.2270757Z  * [new ref]         a69ee4b6a89c1a30f813a3e371bbc4b69bebad12 -> pull/4164/merge
2024-03-06T16:34:43.2296578Z ##[endgroup]
2024-03-06T16:34:43.2297922Z ##[group]Determining the checkout info
2024-03-06T16:34:43.2299065Z ##[endgroup]
2024-03-06T16:34:43.2300113Z ##[group]Checking out the ref
2024-03-06T16:34:43.2306021Z [command]/usr/bin/git checkout --progress --force refs/remotes/pull/4164/merge
2024-03-06T16:34:43.3637180Z Note: switching to 'refs/remotes/pull/4164/merge'.
2024-03-06T16:34:43.3638195Z 
2024-03-06T16:34:43.3638989Z You are in 'detached HEAD' state. You can look around, make experimental
2024-03-06T16:34:43.3640524Z changes and commit them, and you can discard any commits you make in this
2024-03-06T16:34:43.3641904Z state without impacting any branches by switching back to a branch.
2024-03-06T16:34:43.3642576Z 
2024-03-06T16:34:43.3642967Z If you want to create a new branch to retain commits you create, you may
2024-03-06T16:34:43.3643950Z do so (now or later) by using -c with the switch command. Example:
2024-03-06T16:34:43.3644441Z 
2024-03-06T16:34:43.3644791Z   git switch -c <new-branch-name>
2024-03-06T16:34:43.3645108Z 
2024-03-06T16:34:43.3645281Z Or undo this operation with:
2024-03-06T16:34:43.3645628Z 
2024-03-06T16:34:43.3645778Z   git switch -
2024-03-06T16:34:43.3645999Z 
2024-03-06T16:34:43.3646801Z Turn off this advice by setting config variable advice.detachedHead to false
2024-03-06T16:34:43.3647596Z 
2024-03-06T16:34:43.3648222Z HEAD is now at a69ee4b Merge cd02ffd238bea8b54a9cb9ef430fbe4bdaad6763 into 7f9f88342ef6b65a71dc55d4f4cd2a4e751bcdbc
2024-03-06T16:34:43.3649695Z ##[endgroup]
2024-03-06T16:34:43.3693408Z [command]/usr/bin/git log -1 --format='%H'
2024-03-06T16:34:43.3726175Z 'a69ee4b6a89c1a30f813a3e371bbc4b69bebad12'
2024-03-06T16:34:43.4020404Z ##[group]Run ruby/setup-ruby@v1
2024-03-06T16:34:43.4020836Z with:
2024-03-06T16:34:43.4021140Z   bundler-cache: true
2024-03-06T16:34:43.4021569Z   ruby-version: default
2024-03-06T16:34:43.4021918Z ##[endgroup]
2024-03-06T16:34:43.6019490Z Using 3.2.2 as input from file .ruby-version
2024-03-06T16:34:43.6045064Z ##[group]Modifying PATH
2024-03-06T16:34:43.6045757Z Entries added to PATH to use selected Ruby:
2024-03-06T16:34:43.6046487Z   /opt/hostedtoolcache/Ruby/3.2.2/x64/bin
2024-03-06T16:34:43.6047604Z ##[endgroup]
2024-03-06T16:34:43.6064927Z ##[group]Downloading Ruby
2024-03-06T16:34:43.6067874Z https://github.com/ruby/ruby-builder/releases/download/toolcache/ruby-3.2.2-ubuntu-22.04.tar.gz
2024-03-06T16:34:44.0311980Z Took   0.42 seconds
2024-03-06T16:34:44.0313830Z ##[endgroup]
2024-03-06T16:34:44.0314719Z ##[group]Extracting  Ruby
2024-03-06T16:34:44.0345690Z [command]/usr/bin/tar -xz -C /opt/hostedtoolcache/Ruby/3.2.2 -f /home/runner/work/_temp/be59db88-aaf5-41e6-8f67-e5c30ab2ba73
2024-03-06T16:34:44.4235989Z Took   0.39 seconds
2024-03-06T16:34:44.4237455Z ##[endgroup]
2024-03-06T16:34:44.4238467Z ##[group]Print Ruby version
2024-03-06T16:34:44.4250055Z [command]/opt/hostedtoolcache/Ruby/3.2.2/x64/bin/ruby --version
2024-03-06T16:34:44.4453329Z ruby 3.2.2 (2023-03-30 revision e51014f9c0) [x86_64-linux]
2024-03-06T16:34:44.4473349Z Took   0.02 seconds
2024-03-06T16:34:44.4474725Z ##[endgroup]
2024-03-06T16:34:44.4476511Z ##[group]Installing Bundler
2024-03-06T16:34:44.4481490Z Using Bundler 2.5.6 from Gemfile.lock BUNDLED WITH 2.5.6
2024-03-06T16:34:44.4486237Z [command]/opt/hostedtoolcache/Ruby/3.2.2/x64/bin/gem install bundler -v 2.5.6
2024-03-06T16:34:45.0643743Z Successfully installed bundler-2.5.6
2024-03-06T16:34:45.0644264Z 1 gem installed
2024-03-06T16:34:45.0698010Z Took   0.62 seconds
2024-03-06T16:34:45.0699188Z ##[endgroup]
2024-03-06T16:34:45.0699729Z > bundle install
2024-03-06T16:34:45.0717223Z [command]/opt/hostedtoolcache/Ruby/3.2.2/x64/bin/bundle config --local path /home/runner/work/human-essentials/human-essentials/vendor/bundle
2024-03-06T16:34:45.2180544Z [command]/opt/hostedtoolcache/Ruby/3.2.2/x64/bin/bundle config --local deployment true
2024-03-06T16:34:45.3662008Z Cache key: setup-ruby-bundler-cache-v6-ubuntu-22.04-x64-ruby-3.2.2-wd-/home/runner/work/human-essentials/human-essentials-with--without--only--Gemfile.lock-4d33c700f7ba6b276ff29199ee0ad50f50eaee1ebc70333043a17640f6a66093
2024-03-06T16:34:46.5704135Z Received 155189248 of 215052876 (72.2%), 146.2 MBs/sec
2024-03-06T16:34:47.0312774Z Cache Size: ~205 MB (215052876 B)
2024-03-06T16:34:47.0352753Z [command]/usr/bin/tar -xf /home/runner/work/_temp/cdfe7345-4338-4f97-8cf0-e5d8f5173679/cache.tzst -P -C /home/runner/work/human-essentials/human-essentials --use-compress-program unzstd
2024-03-06T16:34:47.5705282Z Received 215052876 of 215052876 (100.0%), 101.9 MBs/sec
2024-03-06T16:34:48.8835678Z Cache restored successfully
2024-03-06T16:34:48.9321667Z Found cache for key: setup-ruby-bundler-cache-v6-ubuntu-22.04-x64-ruby-3.2.2-wd-/home/runner/work/human-essentials/human-essentials-with--without--only--Gemfile.lock-4d33c700f7ba6b276ff29199ee0ad50f50eaee1ebc70333043a17640f6a66093
2024-03-06T16:34:48.9354202Z [command]/opt/hostedtoolcache/Ruby/3.2.2/x64/bin/bundle install --jobs 4
2024-03-06T16:34:49.3437773Z Bundle complete! 85 Gemfile dependencies, 246 gems now installed.
2024-03-06T16:34:49.3439399Z Bundled gems are installed into `./vendor/bundle`
2024-03-06T16:34:49.3485903Z Took   4.28 seconds
2024-03-06T16:34:49.3694083Z ##[group]Run sudo apt-get -yqq install libpq-dev
2024-03-06T16:34:49.3694878Z [36;1msudo apt-get -yqq install libpq-dev[0m
2024-03-06T16:34:49.3773599Z shell: /usr/bin/bash -e {0}
2024-03-06T16:34:49.3774056Z ##[endgroup]
2024-03-06T16:34:50.6190585Z ##[group]Run bundle exec rake db:create
2024-03-06T16:34:50.6191333Z [36;1mbundle exec rake db:create[0m
2024-03-06T16:34:50.6192004Z [36;1mbundle exec rake db:schema:load[0m
2024-03-06T16:34:50.6193013Z [36;1mbundle exec rails assets:precompile[0m
2024-03-06T16:34:50.6257486Z shell: /usr/bin/bash -e {0}
2024-03-06T16:34:50.6257898Z env:
2024-03-06T16:34:50.6258238Z   POSTGRES_HOST: localhost
2024-03-06T16:34:50.6258660Z   DATABASE_HOST: localhost
2024-03-06T16:34:50.6259035Z   PG_USERNAME: postgres
2024-03-06T16:34:50.6259424Z   PG_PASSWORD: password
2024-03-06T16:34:50.6259866Z   POSTGRES_HOST_AUTH_METHOD: trust
2024-03-06T16:34:50.6260273Z   POSTGRES_PORT: 5432
2024-03-06T16:34:50.6260598Z   RAILS_ENV: test
2024-03-06T16:34:50.6261001Z ##[endgroup]
2024-03-06T16:34:57.4151554Z We could not find your database: diaper_test. Which can be found in the database configuration file located at config/database.yml.
2024-03-06T16:34:57.4152390Z 
2024-03-06T16:34:57.4152876Z To resolve this issue:
2024-03-06T16:34:57.4153108Z 
2024-03-06T16:34:57.4154128Z - Did you create the database for this app, or delete it? You may need to create your database.
2024-03-06T16:34:57.4155232Z - Has the database name changed? Check your database.yml config has the correct database name.
2024-03-06T16:34:57.4155798Z 
2024-03-06T16:34:57.4156078Z To create your database, run:
2024-03-06T16:34:57.4156328Z 
2024-03-06T16:34:57.4156498Z         bin/rails db:create
2024-03-06T16:34:57.4157679Z . You likely need to run `rails g flipper:active_record` and/or `rails db:migrate`.
2024-03-06T16:34:57.5882355Z Created database 'diaper_test'
2024-03-06T16:34:57.8916564Z Coverage report generated for RSpec to /home/runner/work/human-essentials/human-essentials/coverage. 442 / 10014 LOC (4.41%) covered.
2024-03-06T16:35:04.3306772Z PG::UndefinedTable: ERROR:  relation "flipper_gates" does not exist
2024-03-06T16:35:04.3307880Z LINE 9:  WHERE a.attrelid = '"flipper_gates"'::regclass
2024-03-06T16:35:04.3308730Z                             ^
2024-03-06T16:35:04.3309398Z . You likely need to run `rails g flipper:active_record` and/or `rails db:migrate`.
2024-03-06T16:35:05.2087481Z Coverage report generated for RSpec to /home/runner/work/human-essentials/human-essentials/coverage. 442 / 10014 LOC (4.41%) covered.
2024-03-06T16:35:38.9608083Z W, [2024-03-06T08:35:38.960409 #2214]  WARN -- : Removed sourceMappingURL comment for missing asset 'adminlte.js.map' from /home/runner/work/human-essentials/human-essentials/app/javascript/adminlte.js
2024-03-06T16:35:39.0228116Z I, [2024-03-06T08:35:39.022372 #2214]  INFO -- : Writing /home/runner/work/human-essentials/human-essentials/public/assets/manifest-90aab26ade71e747f745b1227b433fd7d580a54f279ee2be6e1a67bb326bf03a.js
2024-03-06T16:35:39.0233743Z I, [2024-03-06T08:35:39.022542 #2214]  INFO -- : Writing /home/runner/work/human-essentials/human-essentials/public/assets/manifest-90aab26ade71e747f745b1227b433fd7d580a54f279ee2be6e1a67bb326bf03a.js.gz
2024-03-06T16:35:39.0237754Z I, [2024-03-06T08:35:39.022785 #2214]  INFO -- : Writing /home/runner/work/human-essentials/human-essentials/public/assets/filterrific/filterrific-spinner-415824b210964b6cdb1db0bd9508be8644b9fde094b392f73055b20d369885b6.gif
2024-03-06T16:35:39.0241504Z I, [2024-03-06T08:35:39.023199 #2214]  INFO -- : Writing /home/runner/work/human-essentials/human-essentials/public/assets/bootstrap.min-67c48d88a8e0be178058aacb338b084191ed6d65c8fef751c50248202cf1488a.js
2024-03-06T16:35:39.0245266Z I, [2024-03-06T08:35:39.023750 #2214]  INFO -- : Writing /home/runner/work/human-essentials/human-essentials/public/assets/bootstrap.min-67c48d88a8e0be178058aacb338b084191ed6d65c8fef751c50248202cf1488a.js.gz
2024-03-06T16:35:39.0248863Z I, [2024-03-06T08:35:39.023976 #2214]  INFO -- : Writing /home/runner/work/human-essentials/human-essentials/public/assets/DiaperBase-Logo-f18172876cab49a451ca9c3178b578ab2019e03f111a6b6f3ba0c1b40b3d7c0c.png
2024-03-06T16:35:39.0252795Z I, [2024-03-06T08:35:39.024639 #2214]  INFO -- : Writing /home/runner/work/human-essentials/human-essentials/public/assets/Just-Diaper-05bf6a1b70ccad149eb4eca7b5f9fcca1f9c37bab1f8e5edb6798d66c903ba53.svg
2024-03-06T16:35:39.0256307Z I, [2024-03-06T08:35:39.025301 #2214]  INFO -- : Writing /home/runner/work/human-essentials/human-essentials/public/assets/Just-Diaper-05bf6a1b70ccad149eb4eca7b5f9fcca1f9c37bab1f8e5edb6798d66c903ba53.svg.gz
2024-03-06T16:35:39.0259528Z I, [2024-03-06T08:35:39.025472 #2214]  INFO -- : Writing /home/runner/work/human-essentials/human-essentials/public/assets/barcode-932aed25f5c148b36882be3bfb6696ecdd362ba0a709ff0674a10477f2aad8f3.svg
2024-03-06T16:35:39.0262735Z I, [2024-03-06T08:35:39.025887 #2214]  INFO -- : Writing /home/runner/work/human-essentials/human-essentials/public/assets/barcode-932aed25f5c148b36882be3bfb6696ecdd362ba0a709ff0674a10477f2aad8f3.svg.gz
2024-03-06T16:35:39.0265796Z I, [2024-03-06T08:35:39.026008 #2214]  INFO -- : Writing /home/runner/work/human-essentials/human-essentials/public/assets/bars-db7a0aaf1cd735270b170cba53dca71c75473940ab48639c609a72964eb92f4d.svg
2024-03-06T16:35:39.0268773Z I, [2024-03-06T08:35:39.026114 #2214]  INFO -- : Writing /home/runner/work/human-essentials/human-essentials/public/assets/bars-db7a0aaf1cd735270b170cba53dca71c75473940ab48639c609a72964eb92f4d.svg.gz
2024-03-06T16:35:39.0271891Z I, [2024-03-06T08:35:39.026235 #2214]  INFO -- : Writing /home/runner/work/human-essentials/human-essentials/public/assets/blue@2x-709ca6c252f762af1e5efb0ef1e7444a712cb0ec010fee01749b67a595a7c0c6.png
2024-03-06T16:35:39.0275234Z I, [2024-03-06T08:35:39.026569 #2214]  INFO -- : Writing /home/runner/work/human-essentials/human-essentials/public/assets/boxed-bg-6c60c3f8655fa4062631bbe1434face4fe3d70392159e976ec09ca6ad9330e7d.jpg
2024-03-06T16:35:39.0278551Z I, [2024-03-06T08:35:39.026761 #2214]  INFO -- : Writing /home/runner/work/human-essentials/human-essentials/public/assets/boxed-bg-eb7b1fa0c09f5ef599fc5138e33168827f2ec4e1f796cf8a78570d8a73a58190.png
2024-03-06T16:35:39.0280706Z I, [2024-03-06T08:35:39.026936 #2214]  INFO -- : Writing /home/runner/work/human-essentials/human-essentials/public/assets/dashboard-image-3db42e909886dffccb680715feccab83cc867b4581b0009558e746364e2ec332.svg
2024-03-06T16:35:39.0283990Z I, [2024-03-06T08:35:39.027051 #2214]  INFO -- : Writing /home/runner/work/human-essentials/human-essentials/public/assets/dashboard-image-3db42e909886dffccb680715feccab83cc867b4581b0009558e746364e2ec332.svg.gz
2024-03-06T16:35:39.0287586Z I, [2024-03-06T08:35:39.027161 #2214]  INFO -- : Writing /home/runner/work/human-essentials/human-essentials/public/assets/forecasting-32dffccc42e6c09203d36acbc2243b4bc746dc2f1198c1ff43def4bb48e335b2.svg
2024-03-06T16:35:39.0290270Z I, [2024-03-06T08:35:39.027268 #2214]  INFO -- : Writing /home/runner/work/human-essentials/human-essentials/public/assets/forecasting-32dffccc42e6c09203d36acbc2243b4bc746dc2f1198c1ff43def4bb48e335b2.svg.gz
2024-03-06T16:35:39.0292467Z I, [2024-03-06T08:35:39.027614 #2214]  INFO -- : Writing /home/runner/work/human-essentials/human-essentials/public/assets/hero-image-0ba273def6de748beb2a64206e115d8e4a109ad51ef255512f4c6522e5b9225b.svg
2024-03-06T16:35:39.0294491Z I, [2024-03-06T08:35:39.028422 #2214]  INFO -- : Writing /home/runner/work/human-essentials/human-essentials/public/assets/hero-image-0ba273def6de748beb2a64206e115d8e4a109ad51ef255512f4c6522e5b9225b.svg.gz
2024-03-06T16:35:39.0296499Z I, [2024-03-06T08:35:39.028555 #2214]  INFO -- : Writing /home/runner/work/human-essentials/human-essentials/public/assets/inventory-image-3d91fc8087e13632114d9d129a680b992e02aae297b2bf180089cd55792249b2.svg
2024-03-06T16:35:39.0304815Z I, [2024-03-06T08:35:39.030146 #2214]  INFO -- : Writing /home/runner/work/human-essentials/human-essentials/public/assets/inventory-image-3d91fc8087e13632114d9d129a680b992e02aae297b2bf180089cd55792249b2.svg.gz
2024-03-06T16:35:39.0309312Z I, [2024-03-06T08:35:39.030639 #2214]  INFO -- : Writing /home/runner/work/human-essentials/human-essentials/public/assets/partner-management-c2cd4a940d1cf59f66928bc5097b4d4528b6de95abcc66421edf341c59311d40.svg
2024-03-06T16:35:39.0355770Z I, [2024-03-06T08:35:39.035218 #2214]  INFO -- : Writing /home/runner/work/human-essentials/human-essentials/public/assets/partner-management-c2cd4a940d1cf59f66928bc5097b4d4528b6de95abcc66421edf341c59311d40.svg.gz
2024-03-06T16:35:39.0359914Z I, [2024-03-06T08:35:39.035426 #2214]  INFO -- : Writing /home/runner/work/human-essentials/human-essentials/public/assets/quote-e4395f28913ad7b7785c522f0b6f2363a960720cf3bc26705438f6efb55edb7d.svg
2024-03-06T16:35:39.0363425Z I, [2024-03-06T08:35:39.035645 #2214]  INFO -- : Writing /home/runner/work/human-essentials/human-essentials/public/assets/quote-e4395f28913ad7b7785c522f0b6f2363a960720cf3bc26705438f6efb55edb7d.svg.gz
2024-03-06T16:35:39.0366831Z I, [2024-03-06T08:35:39.035750 #2214]  INFO -- : Writing /home/runner/work/human-essentials/human-essentials/public/assets/report-image-a9fc71739eca5457d288f1c234a0d84237ba8eef8bd20a9935bd45d84d03ae6b.svg
2024-03-06T16:35:39.0370332Z I, [2024-03-06T08:35:39.035860 #2214]  INFO -- : Writing /home/runner/work/human-essentials/human-essentials/public/assets/report-image-a9fc71739eca5457d288f1c234a0d84237ba8eef8bd20a9935bd45d84d03ae6b.svg.gz
2024-03-06T16:35:39.0373658Z I, [2024-03-06T08:35:39.035960 #2214]  INFO -- : Writing /home/runner/work/human-essentials/human-essentials/public/assets/test-only-background-c4843e992a593298a8c43815c8950b766061a96fd7d3e92838354914c41d7243.jpg
2024-03-06T16:35:39.0380667Z I, [2024-03-06T08:35:39.037691 #2214]  INFO -- : Writing /home/runner/work/human-essentials/human-essentials/public/assets/AdminLTE-9d75f9bf2ec81bc0a0de450227ed6268dad2cd66401439503c18d3241dfb241d.css
2024-03-06T16:35:39.0384994Z I, [2024-03-06T08:35:39.037795 #2214]  INFO -- : Writing /home/runner/work/human-essentials/human-essentials/public/assets/AdminLTE-9d75f9bf2ec81bc0a0de450227ed6268dad2cd66401439503c18d3241dfb241d.css.gz
2024-03-06T16:35:39.0388540Z I, [2024-03-06T08:35:39.037899 #2214]  INFO -- : Writing /home/runner/work/human-essentials/human-essentials/public/assets/_colors-04024382391bb910584145d8113cf35ef376b55d125bb4516cebeb14ce788597.css
2024-03-06T16:35:39.0392000Z I, [2024-03-06T08:35:39.037978 #2214]  INFO -- : Writing /home/runner/work/human-essentials/human-essentials/public/assets/_colors-04024382391bb910584145d8113cf35ef376b55d125bb4516cebeb14ce788597.css.gz
2024-03-06T16:35:39.0395777Z I, [2024-03-06T08:35:39.038067 #2214]  INFO -- : Writing /home/runner/work/human-essentials/human-essentials/public/assets/application-c21613708cb0f40361dc08d066cb68c559e4b3982f802956f4439959cad9af23.css
2024-03-06T16:35:39.0399611Z I, [2024-03-06T08:35:39.038135 #2214]  INFO -- : Writing /home/runner/work/human-essentials/human-essentials/public/assets/application-c21613708cb0f40361dc08d066cb68c559e4b3982f802956f4439959cad9af23.css.gz
2024-03-06T16:35:39.0403468Z I, [2024-03-06T08:35:39.038224 #2214]  INFO -- : Writing /home/runner/work/human-essentials/human-essentials/public/assets/test-only-background-c4843e992a593298a8c43815c8950b766061a96fd7d3e92838354914c41d7243.jpg
2024-03-06T16:35:39.0408519Z I, [2024-03-06T08:35:39.038361 #2214]  INFO -- : Writing /home/runner/work/human-essentials/human-essentials/public/assets/audits-83372b845d8a4887e7e4d2315cf3c85ea60ef94ca0ec4774dfbcd3cf569c616c.css
2024-03-06T16:35:39.0417497Z I, [2024-03-06T08:35:39.038444 #2214]  INFO -- : Writing /home/runner/work/human-essentials/human-essentials/public/assets/audits-83372b845d8a4887e7e4d2315cf3c85ea60ef94ca0ec4774dfbcd3cf569c616c.css.gz
2024-03-06T16:35:39.0424092Z I, [2024-03-06T08:35:39.038544 #2214]  INFO -- : Writing /home/runner/work/human-essentials/human-essentials/public/assets/barcode_reader-3799c29218802c1dbba4c700f3863ec24505a9e3e7b54d36282fff667d7c94ca.css
2024-03-06T16:35:39.0430441Z I, [2024-03-06T08:35:39.038620 #2214]  INFO -- : Writing /home/runner/work/human-essentials/human-essentials/public/assets/barcode_reader-3799c29218802c1dbba4c700f3863ec24505a9e3e7b54d36282fff667d7c94ca.css.gz
2024-03-06T16:35:39.0434552Z I, [2024-03-06T08:35:39.038720 #2214]  INFO -- : Writing /home/runner/work/human-essentials/human-essentials/public/assets/custom-4ac26623bf6f4d95aa1164e1ad4d6cbb2bb8dda4af8e4a2f1b4368bc92491085.css
2024-03-06T16:35:39.0438016Z I, [2024-03-06T08:35:39.038796 #2214]  INFO -- : Writing /home/runner/work/human-essentials/human-essentials/public/assets/custom-4ac26623bf6f4d95aa1164e1ad4d6cbb2bb8dda4af8e4a2f1b4368bc92491085.css.gz
2024-03-06T16:35:39.0441667Z I, [2024-03-06T08:35:39.038890 #2214]  INFO -- : Writing /home/runner/work/human-essentials/human-essentials/public/assets/test-only-background-c4843e992a593298a8c43815c8950b766061a96fd7d3e92838354914c41d7243.jpg
2024-03-06T16:35:39.0445211Z I, [2024-03-06T08:35:39.039035 #2214]  INFO -- : Writing /home/runner/work/human-essentials/human-essentials/public/assets/expandable_table-cca1600cf25c44c6bea2733167509ffe9133f344e9defe984ad96bd427b29a19.css
2024-03-06T16:35:39.0448991Z I, [2024-03-06T08:35:39.039113 #2214]  INFO -- : Writing /home/runner/work/human-essentials/human-essentials/public/assets/expandable_table-cca1600cf25c44c6bea2733167509ffe9133f344e9defe984ad96bd427b29a19.css.gz
2024-03-06T16:35:39.0451361Z I, [2024-03-06T08:35:39.039211 #2214]  INFO -- : Writing /home/runner/work/human-essentials/human-essentials/public/assets/landing_page-4fe5dfcfea8b5bbd7722658652ff4ee86132a41b8aff92e9ef8b1216cb7259fa.css
2024-03-06T16:35:39.0453323Z I, [2024-03-06T08:35:39.039286 #2214]  INFO -- : Writing /home/runner/work/human-essentials/human-essentials/public/assets/landing_page-4fe5dfcfea8b5bbd7722658652ff4ee86132a41b8aff92e9ef8b1216cb7259fa.css.gz
2024-03-06T16:35:39.0455422Z I, [2024-03-06T08:35:39.039409 #2214]  INFO -- : Writing /home/runner/work/human-essentials/human-essentials/public/assets/modal-dialog-9d7ae8bb43b60ac4c7d9910700392b20618ae2db4d5db33453b157171d5e0f7d.css
2024-03-06T16:35:39.0457426Z I, [2024-03-06T08:35:39.039488 #2214]  INFO -- : Writing /home/runner/work/human-essentials/human-essentials/public/assets/modal-dialog-9d7ae8bb43b60ac4c7d9910700392b20618ae2db4d5db33453b157171d5e0f7d.css.gz
2024-03-06T16:35:39.0459472Z I, [2024-03-06T08:35:39.039587 #2214]  INFO -- : Writing /home/runner/work/human-essentials/human-essentials/public/assets/progress_stepper-7f8ef0dc05a9a00a300e56f6f3e4ccfdde4af8e392407ccc6601d60019067ccb.css
2024-03-06T16:35:39.0461575Z I, [2024-03-06T08:35:39.039661 #2214]  INFO -- : Writing /home/runner/work/human-essentials/human-essentials/public/assets/progress_stepper-7f8ef0dc05a9a00a300e56f6f3e4ccfdde4af8e392407ccc6601d60019067ccb.css.gz
2024-03-06T16:35:39.0463566Z I, [2024-03-06T08:35:39.039752 #2214]  INFO -- : Writing /home/runner/work/human-essentials/human-essentials/public/assets/transfers-c9ab43ff53dab5dc13681712afc9b6fb31d7865d5ac8c657220deff9f138fa8c.css
2024-03-06T16:35:39.0465553Z I, [2024-03-06T08:35:39.039819 #2214]  INFO -- : Writing /home/runner/work/human-essentials/human-essentials/public/assets/transfers-c9ab43ff53dab5dc13681712afc9b6fb31d7865d5ac8c657220deff9f138fa8c.css.gz
2024-03-06T16:35:39.0467817Z I, [2024-03-06T08:35:39.039920 #2214]  INFO -- : Writing /home/runner/work/human-essentials/human-essentials/public/assets/adminlte-886a0b559685ec92cd8dd4dbf957899292f9c0bd344c90c304d28973363a8eaf.js
2024-03-06T16:35:39.0469762Z I, [2024-03-06T08:35:39.039994 #2214]  INFO -- : Writing /home/runner/work/human-essentials/human-essentials/public/assets/adminlte-886a0b559685ec92cd8dd4dbf957899292f9c0bd344c90c304d28973363a8eaf.js.gz
2024-03-06T16:35:39.0471796Z I, [2024-03-06T08:35:39.040091 #2214]  INFO -- : Writing /home/runner/work/human-essentials/human-essentials/public/assets/application-f9d5a0970e6dc2d1d44ca8dfd6129e9fed2dccf1b460a6bba6eab9dd7aa61c92.js
2024-03-06T16:35:39.0474389Z I, [2024-03-06T08:35:39.040166 #2214]  INFO -- : Writing /home/runner/work/human-essentials/human-essentials/public/assets/application-f9d5a0970e6dc2d1d44ca8dfd6129e9fed2dccf1b460a6bba6eab9dd7aa61c92.js.gz
2024-03-06T16:35:39.0478335Z I, [2024-03-06T08:35:39.040263 #2214]  INFO -- : Writing /home/runner/work/human-essentials/human-essentials/public/assets/cocoon-js-vanilla-cc8e46e9b16a6217f3c14c60ca346454c9c01d8d41e5c073ae14f85fac052e96.js
2024-03-06T16:35:39.0482242Z I, [2024-03-06T08:35:39.040337 #2214]  INFO -- : Writing /home/runner/work/human-essentials/human-essentials/public/assets/cocoon-js-vanilla-cc8e46e9b16a6217f3c14c60ca346454c9c01d8d41e5c073ae14f85fac052e96.js.gz
2024-03-06T16:35:39.0486088Z I, [2024-03-06T08:35:39.040437 #2214]  INFO -- : Writing /home/runner/work/human-essentials/human-essentials/public/assets/controllers/application-368d98631bccbf2349e0d4f8269afb3fe9625118341966de054759d96ea86c7e.js
2024-03-06T16:35:39.0489956Z I, [2024-03-06T08:35:39.040507 #2214]  INFO -- : Writing /home/runner/work/human-essentials/human-essentials/public/assets/controllers/application-368d98631bccbf2349e0d4f8269afb3fe9625118341966de054759d96ea86c7e.js.gz
2024-03-06T16:35:39.0494654Z I, [2024-03-06T08:35:39.040598 #2214]  INFO -- : Writing /home/runner/work/human-essentials/human-essentials/public/assets/controllers/area_served_controller-c8c048ef9ee2d145ba8408cda63546aff8ce9170e9cafb34075ebb01b43c6c34.js
2024-03-06T16:35:39.0498631Z I, [2024-03-06T08:35:39.040666 #2214]  INFO -- : Writing /home/runner/work/human-essentials/human-essentials/public/assets/controllers/area_served_controller-c8c048ef9ee2d145ba8408cda63546aff8ce9170e9cafb34075ebb01b43c6c34.js.gz
2024-03-06T16:35:39.0502796Z I, [2024-03-06T08:35:39.040857 #2214]  INFO -- : Writing /home/runner/work/human-essentials/human-essentials/public/assets/controllers/checkbox_with_nested_element_controller-1645dd2a3a857d546354c90b0c415a9d1dd4de6974048fd41bfc1d6f45ccb3eb.js
2024-03-06T16:35:39.0506942Z I, [2024-03-06T08:35:39.040928 #2214]  INFO -- : Writing /home/runner/work/human-essentials/human-essentials/public/assets/controllers/checkbox_with_nested_element_controller-1645dd2a3a857d546354c90b0c415a9d1dd4de6974048fd41bfc1d6f45ccb3eb.js.gz
2024-03-06T16:35:39.0511131Z I, [2024-03-06T08:35:39.041015 #2214]  INFO -- : Writing /home/runner/work/human-essentials/human-essentials/public/assets/controllers/distribution_delivery_controller-89fc613f734c2b1538c1e9948abeb353ea73d22678fc08597d48fa36a70c5c51.js
2024-03-06T16:35:39.0515388Z I, [2024-03-06T08:35:39.041082 #2214]  INFO -- : Writing /home/runner/work/human-essentials/human-essentials/public/assets/controllers/distribution_delivery_controller-89fc613f734c2b1538c1e9948abeb353ea73d22678fc08597d48fa36a70c5c51.js.gz
2024-03-06T16:35:39.0519464Z I, [2024-03-06T08:35:39.041173 #2214]  INFO -- : Writing /home/runner/work/human-essentials/human-essentials/public/assets/controllers/double_select_controller-bb2e4a65f2c66cacc8ec4dd491c2233b0aac53187ebe1fbaaffedfbaf7db9099.js
2024-03-06T16:35:39.0521851Z I, [2024-03-06T08:35:39.041237 #2214]  INFO -- : Writing /home/runner/work/human-essentials/human-essentials/public/assets/controllers/double_select_controller-bb2e4a65f2c66cacc8ec4dd491c2233b0aac53187ebe1fbaaffedfbaf7db9099.js.gz
2024-03-06T16:35:39.0524238Z I, [2024-03-06T08:35:39.041326 #2214]  INFO -- : Writing /home/runner/work/human-essentials/human-essentials/public/assets/controllers/highchart_controller-7640167d6e3481659a5ead23f046e3c6852c08e30ce8aa6f09aa5cce0f7ea02d.js
2024-03-06T16:35:39.0526674Z I, [2024-03-06T08:35:39.041394 #2214]  INFO -- : Writing /home/runner/work/human-essentials/human-essentials/public/assets/controllers/highchart_controller-7640167d6e3481659a5ead23f046e3c6852c08e30ce8aa6f09aa5cce0f7ea02d.js.gz
2024-03-06T16:35:39.0528891Z I, [2024-03-06T08:35:39.041480 #2214]  INFO -- : Writing /home/runner/work/human-essentials/human-essentials/public/assets/controllers/index-2db729dddcc5b979110e98de4b6720f83f91a123172e87281d5a58410fc43806.js
2024-03-06T16:35:39.0530939Z I, [2024-03-06T08:35:39.041542 #2214]  INFO -- : Writing /home/runner/work/human-essentials/human-essentials/public/assets/controllers/index-2db729dddcc5b979110e98de4b6720f83f91a123172e87281d5a58410fc43806.js.gz
2024-03-06T16:35:39.0533224Z I, [2024-03-06T08:35:39.041629 #2214]  INFO -- : Writing /home/runner/work/human-essentials/human-essentials/public/assets/controllers/request_item_controller-4ab1cb48f0cc30bba40f5311b6588189ddf5daf19bdf36b462cdeab0a663399b.js
2024-03-06T16:35:39.0535581Z I, [2024-03-06T08:35:39.041706 #2214]  INFO -- : Writing /home/runner/work/human-essentials/human-essentials/public/assets/controllers/request_item_controller-4ab1cb48f0cc30bba40f5311b6588189ddf5daf19bdf36b462cdeab0a663399b.js.gz
2024-03-06T16:35:39.0537733Z I, [2024-03-06T08:35:39.041795 #2214]  INFO -- : Writing /home/runner/work/human-essentials/human-essentials/public/assets/controllers/select2_controller-13c15fa4f8996b06b43552325b12e3a14e158db06264b83cfff2e521a16fceeb.js
2024-03-06T16:35:39.0539911Z I, [2024-03-06T08:35:39.041864 #2214]  INFO -- : Writing /home/runner/work/human-essentials/human-essentials/public/assets/controllers/select2_controller-13c15fa4f8996b06b43552325b12e3a14e158db06264b83cfff2e521a16fceeb.js.gz
2024-03-06T16:35:39.0542147Z I, [2024-03-06T08:35:39.041951 #2214]  INFO -- : Writing /home/runner/work/human-essentials/human-essentials/public/assets/controllers/served_area_controller-37738489813fc06349f3fb1bc7abc5d5493318ce553f1bebbfa1f8fe06ebfb4a.js
2024-03-06T16:35:39.0544343Z I, [2024-03-06T08:35:39.042016 #2214]  INFO -- : Writing /home/runner/work/human-essentials/human-essentials/public/assets/controllers/served_area_controller-37738489813fc06349f3fb1bc7abc5d5493318ce553f1bebbfa1f8fe06ebfb4a.js.gz
2024-03-06T16:35:39.0546507Z I, [2024-03-06T08:35:39.042103 #2214]  INFO -- : Writing /home/runner/work/human-essentials/human-essentials/public/assets/controllers/turbo_controller-7ee3a9437b4fb003ac4ea4ca0f3425fd197ce4538a1eeb606e5e5447aa948b54.js
2024-03-06T16:35:39.0548714Z I, [2024-03-06T08:35:39.042170 #2214]  INFO -- : Writing /home/runner/work/human-essentials/human-essentials/public/assets/controllers/turbo_controller-7ee3a9437b4fb003ac4ea4ca0f3425fd197ce4538a1eeb606e5e5447aa948b54.js.gz
2024-03-06T16:35:39.0550758Z I, [2024-03-06T08:35:39.042264 #2214]  INFO -- : Writing /home/runner/work/human-essentials/human-essentials/public/assets/startup-bf111fcbf368bc988dfcb050d057ec73e21f190d7921e15689dd5ebf674e6d00.js
2024-03-06T16:35:39.0552786Z I, [2024-03-06T08:35:39.042338 #2214]  INFO -- : Writing /home/runner/work/human-essentials/human-essentials/public/assets/startup-bf111fcbf368bc988dfcb050d057ec73e21f190d7921e15689dd5ebf674e6d00.js.gz
2024-03-06T16:35:39.0556178Z I, [2024-03-06T08:35:39.042430 #2214]  INFO -- : Writing /home/runner/work/human-essentials/human-essentials/public/assets/utils/barcode_items-ee1050c4d1ade4569ef6cfc83d5f4792f67daabaca0ae24f75455737fea0a72b.js
2024-03-06T16:35:39.0559857Z I, [2024-03-06T08:35:39.042500 #2214]  INFO -- : Writing /home/runner/work/human-essentials/human-essentials/public/assets/utils/barcode_items-ee1050c4d1ade4569ef6cfc83d5f4792f67daabaca0ae24f75455737fea0a72b.js.gz
2024-03-06T16:35:39.0562811Z I, [2024-03-06T08:35:39.042592 #2214]  INFO -- : Writing /home/runner/work/human-essentials/human-essentials/public/assets/utils/barcode_scan-757b66b6921154f49e7cc4c5dc2f146f91f1648beffaa8ef106d94585a273ba9.js
2024-03-06T16:35:39.0566193Z I, [2024-03-06T08:35:39.042661 #2214]  INFO -- : Writing /home/runner/work/human-essentials/human-essentials/public/assets/utils/barcode_scan-757b66b6921154f49e7cc4c5dc2f146f91f1648beffaa8ef106d94585a273ba9.js.gz
2024-03-06T16:35:39.0569975Z I, [2024-03-06T08:35:39.042752 #2214]  INFO -- : Writing /home/runner/work/human-essentials/human-essentials/public/assets/utils/deadline_day_pickers-b0b264db9e3c8107c161cc4571e71cf901bcc511175271d218a553c4e1889065.js
2024-03-06T16:35:39.0573671Z I, [2024-03-06T08:35:39.042819 #2214]  INFO -- : Writing /home/runner/work/human-essentials/human-essentials/public/assets/utils/deadline_day_pickers-b0b264db9e3c8107c161cc4571e71cf901bcc511175271d218a553c4e1889065.js.gz
2024-03-06T16:35:39.0577376Z I, [2024-03-06T08:35:39.042910 #2214]  INFO -- : Writing /home/runner/work/human-essentials/human-essentials/public/assets/utils/distributions_and_transfers-1f9709e9a8df250acfe3e7a79f1501b2696b1f36d5adcf083a61a1b005cce3d2.js
2024-03-06T16:35:39.0581481Z I, [2024-03-06T08:35:39.042978 #2214]  INFO -- : Writing /home/runner/work/human-essentials/human-essentials/public/assets/utils/distributions_and_transfers-1f9709e9a8df250acfe3e7a79f1501b2696b1f36d5adcf083a61a1b005cce3d2.js.gz
2024-03-06T16:35:39.0585276Z I, [2024-03-06T08:35:39.043070 #2214]  INFO -- : Writing /home/runner/work/human-essentials/human-essentials/public/assets/utils/donations-1c3e9a15fc370afd2c3836ccf8dde6013c35412a8d83cf6c1e31bec95ef72b26.js
2024-03-06T16:35:39.0588929Z I, [2024-03-06T08:35:39.043138 #2214]  INFO -- : Writing /home/runner/work/human-essentials/human-essentials/public/assets/utils/donations-1c3e9a15fc370afd2c3836ccf8dde6013c35412a8d83cf6c1e31bec95ef72b26.js.gz
2024-03-06T16:35:39.0592522Z I, [2024-03-06T08:35:39.043225 #2214]  INFO -- : Writing /home/runner/work/human-essentials/human-essentials/public/assets/utils/purchases-5c814ba098feaa8a7b4abff24267c1da909f3e52e12c97660f8a0b8c1ff4aea1.js
2024-03-06T16:35:39.0596266Z I, [2024-03-06T08:35:39.043288 #2214]  INFO -- : Writing /home/runner/work/human-essentials/human-essentials/public/assets/utils/purchases-5c814ba098feaa8a7b4abff24267c1da909f3e52e12c97660f8a0b8c1ff4aea1.js.gz
2024-03-06T16:35:39.0599621Z I, [2024-03-06T08:35:39.043401 #2214]  INFO -- : Writing /home/runner/work/human-essentials/human-essentials/public/assets/filterrific-f3a290db250e05344fd62c216b903689f73eff5e270ef021e425551006092e08.js
2024-03-06T16:35:39.0602832Z I, [2024-03-06T08:35:39.043479 #2214]  INFO -- : Writing /home/runner/work/human-essentials/human-essentials/public/assets/filterrific-f3a290db250e05344fd62c216b903689f73eff5e270ef021e425551006092e08.js.gz
2024-03-06T16:35:39.0606051Z I, [2024-03-06T08:35:39.043581 #2214]  INFO -- : Writing /home/runner/work/human-essentials/human-essentials/public/assets/stimulusloading-1fc59770fb1654500044afd3f5f6d7d00800e5be36746d55b94a2963a7a228aa.js
2024-03-06T16:35:39.0609538Z I, [2024-03-06T08:35:39.043656 #2214]  INFO -- : Writing /home/runner/work/human-essentials/human-essentials/public/assets/stimulusloading-1fc59770fb1654500044afd3f5f6d7d00800e5be36746d55b94a2963a7a228aa.js.gz
2024-03-06T16:35:39.0612729Z I, [2024-03-06T08:35:39.043752 #2214]  INFO -- : Writing /home/runner/work/human-essentials/human-essentials/public/assets/turbo-4851a9a0b1d947e810dfd0448a72aef261d455183ebea681f4f28a73640a9ece.js
2024-03-06T16:35:39.0615749Z I, [2024-03-06T08:35:39.043826 #2214]  INFO -- : Writing /home/runner/work/human-essentials/human-essentials/public/assets/turbo-4851a9a0b1d947e810dfd0448a72aef261d455183ebea681f4f28a73640a9ece.js.gz
2024-03-06T16:35:39.0618905Z I, [2024-03-06T08:35:39.043924 #2214]  INFO -- : Writing /home/runner/work/human-essentials/human-essentials/public/assets/turbo.min-f309baafa3ae5ad6ccee3e7362118b87678d792db8e8ab466c4fa284dd3a4700.js
2024-03-06T16:35:39.0621977Z I, [2024-03-06T08:35:39.043998 #2214]  INFO -- : Writing /home/runner/work/human-essentials/human-essentials/public/assets/turbo.min-f309baafa3ae5ad6ccee3e7362118b87678d792db8e8ab466c4fa284dd3a4700.js.gz
2024-03-06T16:35:39.0625513Z I, [2024-03-06T08:35:39.044098 #2214]  INFO -- : Writing /home/runner/work/human-essentials/human-essentials/public/assets/turbo.min.js-8bc8f4a58d1c106d58dec8bef6c638ff12ff4d078f19d8ebd8c4277f4c9bc85a.map
2024-03-06T16:35:39.0629337Z I, [2024-03-06T08:35:39.044173 #2214]  INFO -- : Writing /home/runner/work/human-essentials/human-essentials/public/assets/turbo.min.js-8bc8f4a58d1c106d58dec8bef6c638ff12ff4d078f19d8ebd8c4277f4c9bc85a.map.gz
2024-03-06T16:35:39.0633103Z I, [2024-03-06T08:35:39.044275 #2214]  INFO -- : Writing /home/runner/work/human-essentials/human-essentials/public/assets/stimulus-loading-3576ce92b149ad5d6959438c6f291e2426c86df3b874c525b30faad51b0d96b3.js
2024-03-06T16:35:39.0637225Z I, [2024-03-06T08:35:39.044350 #2214]  INFO -- : Writing /home/runner/work/human-essentials/human-essentials/public/assets/stimulus-loading-3576ce92b149ad5d6959438c6f291e2426c86df3b874c525b30faad51b0d96b3.js.gz
2024-03-06T16:35:39.0641060Z I, [2024-03-06T08:35:39.047385 #2214]  INFO -- : Writing /home/runner/work/human-essentials/human-essentials/public/assets/popper-003a40d80fd205e1fa00da117d5bdc19720ba330706eaa17f9ba9513fa502304.js
2024-03-06T16:35:39.0644643Z I, [2024-03-06T08:35:39.047517 #2214]  INFO -- : Writing /home/runner/work/human-essentials/human-essentials/public/assets/popper-003a40d80fd205e1fa00da117d5bdc19720ba330706eaa17f9ba9513fa502304.js.gz
2024-03-06T16:35:39.0648107Z I, [2024-03-06T08:35:39.047743 #2214]  INFO -- : Writing /home/runner/work/human-essentials/human-essentials/public/assets/actiontext-28c61f5197c204db043317a8f8826a87ab31495b741f854d307ca36122deefce.js
2024-03-06T16:35:39.0651430Z I, [2024-03-06T08:35:39.047838 #2214]  INFO -- : Writing /home/runner/work/human-essentials/human-essentials/public/assets/actiontext-28c61f5197c204db043317a8f8826a87ab31495b741f854d307ca36122deefce.js.gz
2024-03-06T16:35:39.0654573Z I, [2024-03-06T08:35:39.048059 #2214]  INFO -- : Writing /home/runner/work/human-essentials/human-essentials/public/assets/trix-1563ff9c10f74e143b3ded40a8458497eaf2f87a648a5cbbfebdb7dec3447a5e.js
2024-03-06T16:35:39.0657775Z I, [2024-03-06T08:35:39.048260 #2214]  INFO -- : Writing /home/runner/work/human-essentials/human-essentials/public/assets/trix-1563ff9c10f74e143b3ded40a8458497eaf2f87a648a5cbbfebdb7dec3447a5e.js.gz
2024-03-06T16:35:39.0660926Z I, [2024-03-06T08:35:39.048375 #2214]  INFO -- : Writing /home/runner/work/human-essentials/human-essentials/public/assets/trix-b0398dade8e5ac249fe98f2e850f45adbcdfecd8a11c46b3eb67bdedb87b1b04.css
2024-03-06T16:35:39.0664286Z I, [2024-03-06T08:35:39.048563 #2214]  INFO -- : Writing /home/runner/work/human-essentials/human-essentials/public/assets/trix-b0398dade8e5ac249fe98f2e850f45adbcdfecd8a11c46b3eb67bdedb87b1b04.css.gz
2024-03-06T16:35:39.0667623Z I, [2024-03-06T08:35:39.051610 #2214]  INFO -- : Writing /home/runner/work/human-essentials/human-essentials/public/assets/stimulus-f75215805563870a61ee9dc5a207ce46d4675c7e667558a54344fd1e7baa697f.js
2024-03-06T16:35:39.0670826Z I, [2024-03-06T08:35:39.055386 #2214]  INFO -- : Writing /home/runner/work/human-essentials/human-essentials/public/assets/stimulus-f75215805563870a61ee9dc5a207ce46d4675c7e667558a54344fd1e7baa697f.js.gz
2024-03-06T16:35:39.0674525Z I, [2024-03-06T08:35:39.056060 #2214]  INFO -- : Writing /home/runner/work/human-essentials/human-essentials/public/assets/stimulus-autoloader-c584942b568ba74879da31c7c3d51366737bacaf6fbae659383c0a5653685693.js
2024-03-06T16:35:39.0678217Z I, [2024-03-06T08:35:39.056150 #2214]  INFO -- : Writing /home/runner/work/human-essentials/human-essentials/public/assets/stimulus-autoloader-c584942b568ba74879da31c7c3d51366737bacaf6fbae659383c0a5653685693.js.gz
2024-03-06T16:35:39.0682014Z I, [2024-03-06T08:35:39.056298 #2214]  INFO -- : Writing /home/runner/work/human-essentials/human-essentials/public/assets/stimulus-importmap-autoloader-db2076c783bf2dbee1226e2add52fef290b5d31b5bcd1edd999ac8a6dd31c44a.js
2024-03-06T16:35:39.0686003Z I, [2024-03-06T08:35:39.056375 #2214]  INFO -- : Writing /home/runner/work/human-essentials/human-essentials/public/assets/stimulus-importmap-autoloader-db2076c783bf2dbee1226e2add52fef290b5d31b5bcd1edd999ac8a6dd31c44a.js.gz
2024-03-06T16:35:39.0690053Z I, [2024-03-06T08:35:39.056465 #2214]  INFO -- : Writing /home/runner/work/human-essentials/human-essentials/public/assets/stimulus-loading-3576ce92b149ad5d6959438c6f291e2426c86df3b874c525b30faad51b0d96b3.js
2024-03-06T16:35:39.0693422Z I, [2024-03-06T08:35:39.056528 #2214]  INFO -- : Writing /home/runner/work/human-essentials/human-essentials/public/assets/stimulus-loading-3576ce92b149ad5d6959438c6f291e2426c86df3b874c525b30faad51b0d96b3.js.gz
2024-03-06T16:35:39.0696837Z I, [2024-03-06T08:35:39.056624 #2214]  INFO -- : Writing /home/runner/work/human-essentials/human-essentials/public/assets/stimulus.min-dd364f16ec9504dfb72672295637a1c8838773b01c0b441bd41008124c407894.js
2024-03-06T16:35:39.0700071Z I, [2024-03-06T08:35:39.056713 #2214]  INFO -- : Writing /home/runner/work/human-essentials/human-essentials/public/assets/stimulus.min-dd364f16ec9504dfb72672295637a1c8838773b01c0b441bd41008124c407894.js.gz
2024-03-06T16:35:39.0703751Z I, [2024-03-06T08:35:39.056806 #2214]  INFO -- : Writing /home/runner/work/human-essentials/human-essentials/public/assets/stimulus-autoloader-c584942b568ba74879da31c7c3d51366737bacaf6fbae659383c0a5653685693.js
2024-03-06T16:35:39.0707215Z I, [2024-03-06T08:35:39.056878 #2214]  INFO -- : Writing /home/runner/work/human-essentials/human-essentials/public/assets/stimulus-autoloader-c584942b568ba74879da31c7c3d51366737bacaf6fbae659383c0a5653685693.js.gz
2024-03-06T16:35:39.0711018Z I, [2024-03-06T08:35:39.056966 #2214]  INFO -- : Writing /home/runner/work/human-essentials/human-essentials/public/assets/stimulus-importmap-autoloader-db2076c783bf2dbee1226e2add52fef290b5d31b5bcd1edd999ac8a6dd31c44a.js
2024-03-06T16:35:39.0715247Z I, [2024-03-06T08:35:39.057037 #2214]  INFO -- : Writing /home/runner/work/human-essentials/human-essentials/public/assets/stimulus-importmap-autoloader-db2076c783bf2dbee1226e2add52fef290b5d31b5bcd1edd999ac8a6dd31c44a.js.gz
2024-03-06T16:35:39.0718963Z I, [2024-03-06T08:35:39.057127 #2214]  INFO -- : Writing /home/runner/work/human-essentials/human-essentials/public/assets/stimulus-loading-3576ce92b149ad5d6959438c6f291e2426c86df3b874c525b30faad51b0d96b3.js
2024-03-06T16:35:39.0722262Z I, [2024-03-06T08:35:39.057193 #2214]  INFO -- : Writing /home/runner/work/human-essentials/human-essentials/public/assets/stimulus-loading-3576ce92b149ad5d6959438c6f291e2426c86df3b874c525b30faad51b0d96b3.js.gz
2024-03-06T16:35:39.0725673Z I, [2024-03-06T08:35:39.057301 #2214]  INFO -- : Writing /home/runner/work/human-essentials/human-essentials/public/assets/stimulus.min.js-2cc63625fa177963b45da974806e7aee846cbf1d4930815733d0fdf3fb232325.map
2024-03-06T16:35:39.0729005Z I, [2024-03-06T08:35:39.057375 #2214]  INFO -- : Writing /home/runner/work/human-essentials/human-essentials/public/assets/stimulus.min.js-2cc63625fa177963b45da974806e7aee846cbf1d4930815733d0fdf3fb232325.map.gz
2024-03-06T16:35:39.0732362Z I, [2024-03-06T08:35:39.057479 #2214]  INFO -- : Writing /home/runner/work/human-essentials/human-essentials/public/assets/activestorage-3ab61e47dd4ee2d79db525ade1dca2ede0ea2b7371fe587e408ee37b7ade265d.js
2024-03-06T16:35:39.0735912Z I, [2024-03-06T08:35:39.057553 #2214]  INFO -- : Writing /home/runner/work/human-essentials/human-essentials/public/assets/activestorage-3ab61e47dd4ee2d79db525ade1dca2ede0ea2b7371fe587e408ee37b7ade265d.js.gz
2024-03-06T16:35:39.0739260Z I, [2024-03-06T08:35:39.057659 #2214]  INFO -- : Writing /home/runner/work/human-essentials/human-essentials/public/assets/activestorage.esm-01f58a45d77495cdfbdfcc872902a430426c4391634ec9c3da5f69fbf8418492.js
2024-03-06T16:35:39.0742691Z I, [2024-03-06T08:35:39.057737 #2214]  INFO -- : Writing /home/runner/work/human-essentials/human-essentials/public/assets/activestorage.esm-01f58a45d77495cdfbdfcc872902a430426c4391634ec9c3da5f69fbf8418492.js.gz
2024-03-06T16:35:39.0746090Z I, [2024-03-06T08:35:39.057835 #2214]  INFO -- : Writing /home/runner/work/human-essentials/human-essentials/public/assets/actioncable-5433453f9b6619a9de91aaab2d7fc7ff183e5260c0107cbc9a1aa0c838d9a74e.js
2024-03-06T16:35:39.0749608Z I, [2024-03-06T08:35:39.057908 #2214]  INFO -- : Writing /home/runner/work/human-essentials/human-essentials/public/assets/actioncable-5433453f9b6619a9de91aaab2d7fc7ff183e5260c0107cbc9a1aa0c838d9a74e.js.gz
2024-03-06T16:35:39.0752969Z I, [2024-03-06T08:35:39.058017 #2214]  INFO -- : Writing /home/runner/work/human-essentials/human-essentials/public/assets/actioncable.esm-e01089c3ec4fe7817fa9abcad06cab6bdc387f95f0ca6aab4bf7ba7537f70690.js
2024-03-06T16:35:39.0756508Z I, [2024-03-06T08:35:39.058094 #2214]  INFO -- : Writing /home/runner/work/human-essentials/human-essentials/public/assets/actioncable.esm-e01089c3ec4fe7817fa9abcad06cab6bdc387f95f0ca6aab4bf7ba7537f70690.js.gz
2024-03-06T16:35:39.5689239Z Coverage report generated for RSpec to /home/runner/work/human-essentials/human-essentials/coverage. 442 / 10014 LOC (4.41%) covered.
2024-03-06T16:35:39.6442132Z ##[group]Run RUBYOPT='-W:no-deprecated -W:no-experimental' bin/knapsack_pro_rspec
2024-03-06T16:35:39.6443000Z [36;1mRUBYOPT='-W:no-deprecated -W:no-experimental' bin/knapsack_pro_rspec[0m
2024-03-06T16:35:39.6492804Z shell: /usr/bin/bash -e {0}
2024-03-06T16:35:39.6493308Z env:
2024-03-06T16:35:39.6493596Z   POSTGRES_HOST: localhost
2024-03-06T16:35:39.6493993Z   DATABASE_HOST: localhost
2024-03-06T16:35:39.6494427Z   PG_USERNAME: postgres
2024-03-06T16:35:39.6494797Z   PG_PASSWORD: password
2024-03-06T16:35:39.6495152Z   POSTGRES_HOST_AUTH_METHOD: trust
2024-03-06T16:35:39.6495617Z   POSTGRES_PORT: 5432
2024-03-06T16:35:39.6495963Z   PGHOST: localhost
2024-03-06T16:35:39.6496312Z   PGUSER: postgres
2024-03-06T16:35:39.6496699Z   RAILS_ENV: test
2024-03-06T16:35:39.6497019Z   KNAPSACK_PRO_TEST_SUITE_TOKEN_RSPEC: 
2024-03-06T16:35:39.6497471Z   KNAPSACK_PRO_CI_NODE_TOTAL: 6
2024-03-06T16:35:39.6497918Z   KNAPSACK_PRO_CI_NODE_INDEX: 0
2024-03-06T16:35:39.6498456Z   KNAPSACK_PRO_RSPEC_SPLIT_BY_TEST_EXAMPLES: true
2024-03-06T16:35:39.6498951Z   KNAPSACK_PRO_LOG_LEVEL: info
2024-03-06T16:35:39.6499584Z   KNAPSACK_PRO_TEST_FILE_PATTERN: {spec/system/**{,/*/**}/*_spec.rb,spec/requests/**{,/*/**}/*_spec.rb}
2024-03-06T16:35:39.6500219Z   EVENTS_READ: true
2024-03-06T16:35:39.6500614Z ##[endgroup]
2024-03-06T16:35:45.3608172Z W, [2024-03-06T16:35:45.360476 #2308]  WARN -- : [knapsack_pro] GET https://api-disabled-for-fork.knapsackpro.com/v1/build_distributions/last
2024-03-06T16:35:45.3610333Z W, [2024-03-06T16:35:45.360534 #2308]  WARN -- : [knapsack_pro] Request failed due to:
2024-03-06T16:35:45.3613866Z W, [2024-03-06T16:35:45.360550 #2308]  WARN -- : [knapsack_pro] #<SocketError: Failed to open TCP connection to api-disabled-for-fork.knapsackpro.com:443 (getaddrinfo: Name or service not known)>
2024-03-06T16:35:45.3617445Z W, [2024-03-06T16:35:45.360574 #2308]  WARN -- : [knapsack_pro] Slow test files fallback behaviour started. We could not connect with Knapsack Pro API to fetch last CI build test files that are needed to determine slow test files. No test files will be split by test cases. It means all test files will be split by the whole test files as if split by test cases would be disabled https://knapsackpro.com/perma/ruby/split-by-test-examples
2024-03-06T16:35:48.3519956Z W, [2024-03-06T16:35:48.351671 #2308]  WARN -- : [knapsack_pro] POST https://api-disabled-for-fork.knapsackpro.com/v1/build_distributions/subset
2024-03-06T16:35:48.3522583Z W, [2024-03-06T16:35:48.351718 #2308]  WARN -- : [knapsack_pro] Request failed due to:
2024-03-06T16:35:48.3525452Z W, [2024-03-06T16:35:48.351732 #2308]  WARN -- : [knapsack_pro] #<SocketError: Failed to open TCP connection to api-disabled-for-fork.knapsackpro.com:443 (getaddrinfo: Name or service not known)>
2024-03-06T16:35:48.3530233Z W, [2024-03-06T16:35:48.351785 #2308]  WARN -- : [knapsack_pro] Fallback mode started. We could not connect with Knapsack Pro API. Your tests will be executed based on directory names. Read more about fallback mode at https://knapsackpro.com/perma/ruby/fallback-mode
2024-03-06T16:35:48.3583438Z /opt/hostedtoolcache/Ruby/3.2.2/x64/bin/ruby -I/home/runner/work/human-essentials/human-essentials/vendor/bundle/ruby/3.2.0/gems/rspec-core-3.12.2/lib:/home/runner/work/human-essentials/human-essentials/vendor/bundle/ruby/3.2.0/gems/rspec-support-3.12.1/lib /home/runner/work/human-essentials/human-essentials/vendor/bundle/ruby/3.2.0/gems/rspec-core-3.12.2/exe/rspec  --format documentation --format KnapsackPro::Formatters::TimeTracker --default-path spec "spec/requests/account_requests_spec.rb" "spec/requests/admin/organizations_requests_spec.rb" "spec/requests/audits_requests_spec.rb" "spec/requests/donation_sites_requests_spec.rb" "spec/requests/organization_requests_spec.rb" "spec/requests/partners/profiles_requests_county_spec.rb" "spec/requests/product_drives_requests_spec.rb" "spec/requests/static_requests_spec.rb" "spec/system/account_request_system_spec.rb" "spec/system/admin/dashboard_system_spec.rb" "spec/system/barcode_item_system_spec.rb" "spec/system/item_system_spec.rb" "spec/system/navigation_system_spec.rb" "spec/system/partners/helps_system_spec.rb" "spec/system/profile_served_area_system_spec.rb" "spec/system/transfer_system_spec.rb"
2024-03-06T16:35:56.7431250Z 
2024-03-06T16:35:56.7432212Z Randomized with seed 17558
2024-03-06T16:35:57.7429339Z 
2024-03-06T16:35:57.7430384Z Partners profile served area behaviour when accessed as bank
2024-03-06T16:35:57.7431456Z   changing the client share
2024-03-06T16:36:07.8211720Z     handles a changed but correct total client share properly
2024-03-06T16:36:08.6497392Z     handles addition properly
2024-03-06T16:36:09.7572008Z     handles an invalid total client share properly
2024-03-06T16:36:11.0253228Z     handles deletion properly
2024-03-06T16:36:11.0254280Z 
2024-03-06T16:36:11.0254771Z Static
2024-03-06T16:36:11.0256627Z   Non super user without org signed in
2024-03-06T16:36:11.0257310Z     GET #index
2024-03-06T16:36:11.0519205Z       redirects to a public/403.html page
2024-03-06T16:36:11.0520091Z   Signed in
2024-03-06T16:36:11.0520639Z     GET #index
2024-03-06T16:36:11.0645682Z       redirects to organization dashboard
2024-03-06T16:36:11.0646553Z   Not signed in
2024-03-06T16:36:11.0647158Z     GET #index
2024-03-06T16:36:11.0761000Z       returns http success
2024-03-06T16:36:11.0893576Z       renders the static index
2024-03-06T16:36:11.0894333Z     GET #page/privacypolicy
2024-03-06T16:36:11.0964709Z       renders the contact page
2024-03-06T16:36:11.0965497Z   Super user without org signed in
2024-03-06T16:36:11.0966286Z     GET #index
2024-03-06T16:36:11.1080919Z       redirects to admin dashboard
2024-03-06T16:36:11.1081855Z 
2024-03-06T16:36:11.1082174Z Audits
2024-03-06T16:36:11.1083798Z   while signed in as an organization admin
2024-03-06T16:36:11.1085156Z     GET #index
2024-03-06T16:36:11.1874447Z       is successful
2024-03-06T16:36:11.1875288Z     GET #edit
2024-03-06T16:36:11.2517794Z       redirects to #index if the status of audit is not `in_progress`
2024-03-06T16:36:11.3247274Z       is successful if the status of audit is `in_progress`
2024-03-06T16:36:11.3248103Z     GET #new
2024-03-06T16:36:11.3651197Z       is successful
2024-03-06T16:36:11.3651662Z     POST #create
2024-03-06T16:36:11.3652415Z       with valid params
2024-03-06T16:36:11.4091642Z         creates a new Audit with status as `in_progress` if `save_progress` is passed as a param
2024-03-06T16:36:11.4502143Z         creates a new Audit
2024-03-06T16:36:11.4908532Z         assigns a newly created audit as @audit
2024-03-06T16:36:11.5323391Z         creates a new Audit with status as `confirmed` if `confirm_audit` is passed as a param
2024-03-06T16:36:11.5722294Z         redirects to the #show after created audit
2024-03-06T16:36:11.5722957Z       with invalid params
2024-03-06T16:36:11.6142736Z         assigns a newly created but unsaved audit as @audit
2024-03-06T16:36:11.6725107Z         re-renders the 'new' template with an error message when an invalid storage location is given
2024-03-06T16:36:11.7109359Z         re-renders the 'new' template
2024-03-06T16:36:11.7110180Z     GET #show
2024-03-06T16:36:11.7613246Z       is successful
2024-03-06T16:36:11.7613960Z     DELETE #destroy
2024-03-06T16:36:11.7614627Z       with valid params
2024-03-06T16:36:11.7978566Z         destroys the audit if the audit's status is `confirms`
2024-03-06T16:36:11.8334400Z         destroys the audit if the audit's status is `in_progress`
2024-03-06T16:36:11.8701154Z         can not destroy the audit if the audit's status is `finalized`
2024-03-06T16:36:11.8701794Z     POST #finalize
2024-03-06T16:36:11.9435599Z       sets the finalize status and saves an event
2024-03-06T16:36:11.9436592Z 
2024-03-06T16:36:11.9436857Z Organizations
2024-03-06T16:36:11.9438392Z   While signed in as an organization admin
2024-03-06T16:36:11.9440106Z     PUT #reactivate_user
2024-03-06T16:36:11.9630283Z       redirect after update
2024-03-06T16:36:11.9822030Z       reactivates the user
2024-03-06T16:36:11.9823270Z     when attempting to access a different organization
2024-03-06T16:36:11.9824174Z       GET #edit
2024-03-06T16:36:12.3595482Z         shows your own anyway
2024-03-06T16:36:12.3596054Z       POST #promote_to_org_admin
2024-03-06T16:36:12.5596085Z         redirects after update
2024-03-06T16:36:12.5596791Z       GET #show
2024-03-06T16:36:12.7779923Z         shows your own anyway
2024-03-06T16:36:12.7781082Z     GET #edit
2024-03-06T16:36:12.8214380Z       is expected to be successful
2024-03-06T16:36:12.8641664Z       is expected to render template matcher "edit"
2024-03-06T16:36:12.9082700Z       initializing the given organization
2024-03-06T16:36:12.9083568Z     PUT #deactivate_user
2024-03-06T16:36:12.9243721Z       redirect after update
2024-03-06T16:36:12.9406636Z       deactivates the user
2024-03-06T16:36:12.9407364Z     POST #promote_to_org_admin
2024-03-06T16:36:12.9615850Z       runs successfully
2024-03-06T16:36:12.9616524Z     POST #demote_to_user
2024-03-06T16:36:12.9981204Z       runs correctly
2024-03-06T16:36:12.9982133Z     PATCH #update
2024-03-06T16:36:13.0161131Z       should be redirect after update
2024-03-06T16:36:13.0339640Z       can update name
2024-03-06T16:36:13.0340452Z       when organization can not be updated
2024-03-06T16:36:13.0814809Z         renders edit template with an error message
2024-03-06T16:36:13.0816154Z   When signed in as a super admin
2024-03-06T16:36:13.0817058Z     PUT #deactivate_user
2024-03-06T16:36:13.0999316Z       redirect after update
2024-03-06T16:36:13.1190420Z       deactivates the user
2024-03-06T16:36:13.1191067Z     POST #promote_to_org_admin
2024-03-06T16:36:13.1448195Z       runs successfully
2024-03-06T16:36:13.1449137Z     POST #demote_to_user
2024-03-06T16:36:13.1818420Z       runs successfully
2024-03-06T16:36:13.1819138Z     PUT #reactivate_user
2024-03-06T16:36:13.2009848Z       redirect after update
2024-03-06T16:36:13.2222405Z       reactivates the user
2024-03-06T16:36:13.2223160Z   While signed in as a normal user
2024-03-06T16:36:13.2225006Z     GET #edit
2024-03-06T16:36:13.2360313Z       is expected to redirect to "/db_1/dashboard"
2024-03-06T16:36:13.2485629Z       is expected to have error
2024-03-06T16:36:13.2486382Z     GET #show
2024-03-06T16:36:13.2928740Z       load the current organization
2024-03-06T16:36:13.3363610Z       is expected to be successful
2024-03-06T16:36:13.3364438Z     PATCH #update
2024-03-06T16:36:13.3493842Z       is expected to redirect to "/db_1/dashboard"
2024-03-06T16:36:13.3617054Z       is expected to have error
2024-03-06T16:36:13.3618062Z 
2024-03-06T16:36:13.3618715Z Account request flow
2024-03-06T16:36:13.3619854Z   when not in staging
2024-03-06T16:36:16.2854320Z     should allow prospective users to request an account via a form. And that request form data gets used to create an organization
2024-03-06T16:36:16.2855828Z     with a partner agency
2024-03-06T16:36:16.8705397Z       reveals text that directs current partner to human essentials sign in page
2024-03-06T16:36:16.8706679Z     renders the #new template with the form and errors visible
2024-03-06T16:36:17.7614667Z       shows create bank form info and errors when required fields are missing
2024-03-06T16:36:17.7615781Z   when in staging
2024-03-06T16:36:18.2188147Z     should prompt prospective users to request an account on the live app
2024-03-06T16:36:18.2188998Z 
2024-03-06T16:36:18.2189282Z Help
2024-03-06T16:36:18.2189934Z   for partner users
2024-03-06T16:36:18.7702220Z     displays the help page
2024-03-06T16:36:18.7702861Z 
2024-03-06T16:36:18.7703098Z DonationSites
2024-03-06T16:36:18.7704202Z   while signed in
2024-03-06T16:36:18.7704873Z     GET #index
2024-03-06T16:36:18.7705855Z       csv
2024-03-06T16:36:18.7957806Z         is expected to be successful
2024-03-06T16:36:18.7958421Z       html
2024-03-06T16:36:18.8299047Z         is expected to be successful
2024-03-06T16:36:18.8300037Z 
2024-03-06T16:36:18.8300311Z /account_requests
2024-03-06T16:36:18.8302222Z   GET #received
2024-03-06T16:36:18.8303424Z     when given a invalid token
2024-03-06T16:36:18.8367583Z       should render a error that says that is code provided is invalid
2024-03-06T16:36:18.8368597Z     when given a valid token
2024-03-06T16:36:18.8500452Z       should render the received template
2024-03-06T16:36:18.8501257Z   GET #confirm
2024-03-06T16:36:18.8502314Z     when given a token that has already been confirmed
2024-03-06T16:36:19.0510650Z       should render a error that says that is code provided is invalid
2024-03-06T16:36:19.0511729Z     when given a valid token
2024-03-06T16:36:19.0703838Z       should the update confirmed_at on the account_request, queue confirmation email and render confirm template
2024-03-06T16:36:19.0705557Z     when given a invalid token
2024-03-06T16:36:19.0764580Z       should render a error that says that is code provided is invalid
2024-03-06T16:36:19.0765673Z   GET #confirmation
2024-03-06T16:36:19.0766290Z     when given a valid token
2024-03-06T16:36:19.0910482Z       should render the confirmation template
2024-03-06T16:36:19.0911570Z     when given a invalid token
2024-03-06T16:36:19.0971738Z       should render a error that says that is code provided is invalid
2024-03-06T16:36:19.0972914Z     when given a token that has already been confirmed
2024-03-06T16:36:19.2835179Z       should render a error that says that is code provided is invalid
2024-03-06T16:36:19.2836127Z   GET #new
2024-03-06T16:36:19.2958310Z     renders a successful response
2024-03-06T16:36:19.2958982Z   POST #create
2024-03-06T16:36:19.2960046Z     with invalid parameters
2024-03-06T16:36:19.3150085Z       renders a successful response (i.e. to display the 'new' template)
2024-03-06T16:36:19.3338826Z       does not create a new AccountRequest
2024-03-06T16:36:19.3339772Z     with valid parameters
2024-03-06T16:36:19.3478556Z       creates a new AccountRequest
2024-03-06T16:36:19.3595570Z       delivers the confirmation email via default queue
2024-03-06T16:36:19.3731102Z       redirects to the created account_request confirmation
2024-03-06T16:36:19.3731662Z 
2024-03-06T16:36:19.3732061Z Transfer management
2024-03-06T16:36:20.8983990Z   can transfer an inventory from a storage location to another as a user
2024-03-06T16:36:22.4447522Z   shows a error when deleting a transfer that causes an insufficient inventory counts
2024-03-06T16:36:22.9299412Z   should not include inactive storage locations in dropdowns when creating a new transfer
2024-03-06T16:36:23.7709242Z   Does not include inactive items in the line item fields
2024-03-06T16:36:25.3697479Z   can delete a transfer to undo the inventory count changes
2024-03-06T16:36:25.3698117Z   when viewing the index page
2024-03-06T16:36:26.6961146Z     can filter the #index by storage location both from and to as a user
2024-03-06T16:36:26.6962002Z     behaves like Date Range Picker
2024-03-06T16:36:26.6963065Z       when choosing 'All Time'
2024-03-06T16:36:27.8787049Z         shows all the records
2024-03-06T16:36:27.8788058Z       when choosing a date range that only includes the previous week
2024-03-06T16:36:28.8295774Z         shows only 1 record
2024-03-06T16:36:28.8297129Z       when choosing 'Last Month'
2024-03-06T16:36:29.7976707Z         shows only 2 of the records
2024-03-06T16:36:29.7978865Z   when there's insufficient inventory at the origin to cover the move
2024-03-06T16:36:31.1768729Z     User can transfer an inventory from a storage location to another
2024-03-06T16:36:31.1769328Z 
2024-03-06T16:36:31.1769696Z Dashboard
2024-03-06T16:36:31.1771067Z   When the super admin user does not have an organization assigned
2024-03-06T16:36:31.7038832Z     DOES NOT have a link to the organization
2024-03-06T16:36:31.7039839Z   When the super admin user also has an organization assigned
2024-03-06T16:36:32.1984200Z     displays a link to return to their organization
2024-03-06T16:36:32.1986091Z 
2024-03-06T16:36:32.1986377Z ProductDrives
2024-03-06T16:36:32.1987905Z   while not signed in
2024-03-06T16:36:32.3808588Z     is unsuccessful
2024-03-06T16:36:32.3809441Z   While signed in >
2024-03-06T16:36:32.3810461Z     GET #edit
2024-03-06T16:36:32.5957053Z       returns http success
2024-03-06T16:36:32.5957771Z     GET #index
2024-03-06T16:36:32.9863189Z       displays only product drives that belong to organization and that match drive name and date range
2024-03-06T16:36:33.1893632Z       returns http success
2024-03-06T16:36:33.1894429Z       csv
2024-03-06T16:36:33.4302795Z         returns the quantity of all organization's items
2024-03-06T16:36:33.6443356Z         returns ONLY the product drives within a selected date range (inclusive)
2024-03-06T16:36:33.8371603Z         is successful
2024-03-06T16:36:34.2060528Z         returns ONLY the associated product drives
2024-03-06T16:36:34.4313739Z         only counts items within the selected date range
2024-03-06T16:36:34.4315288Z     PUT#update
2024-03-06T16:36:34.6265852Z       returns redirect http status
2024-03-06T16:36:34.6266607Z     DELETE #destroy
2024-03-06T16:36:34.8195224Z       redirects to the index
2024-03-06T16:36:34.8195977Z     POST#create
2024-03-06T16:36:35.0224394Z       returns redirect http status
2024-03-06T16:36:35.0225192Z     GET #new
2024-03-06T16:36:35.2313902Z       returns http success
2024-03-06T16:36:35.2315201Z     GET #show
2024-03-06T16:36:35.5109673Z       shows appropriate number on the UI
2024-03-06T16:36:35.7166174Z       returns http success
2024-03-06T16:36:35.7166989Z 
2024-03-06T16:36:35.7167205Z Item management
2024-03-06T16:36:36.5328601Z   can filter the #index by base item as a user
2024-03-06T16:36:37.3045086Z   can update an existing item with empty attributes as a user
2024-03-06T16:36:38.5105058Z   can make the item invisible to partners
2024-03-06T16:36:39.4264612Z   can create a new item with dollars decimal amount for value field
2024-03-06T16:36:40.1911316Z   can create a new item with empty attributes as a user
2024-03-06T16:36:41.0467058Z   can create a new item as a user
2024-03-06T16:36:41.8961108Z   can update an existing item as a user
2024-03-06T16:36:41.8961738Z   Item Category Management
2024-03-06T16:36:41.8965271Z     creating a new item category and associating to a new item
2024-03-06T16:36:41.8966504Z       and associating to a new item
2024-03-06T16:36:43.8480644Z         should create the new item with the correct category
2024-03-06T16:36:43.8481654Z       and associating to a existing item
2024-03-06T16:36:46.3354277Z         should associate the item with the category
2024-03-06T16:36:46.3355313Z   destroying items
2024-03-06T16:36:46.3356784Z     when an item does not have history
2024-03-06T16:36:47.2868756Z       can be fully deleted by the user
2024-03-06T16:36:47.2869596Z     when an item has history
2024-03-06T16:36:48.2961421Z       can be soft-deleted (deactivated) by the user
2024-03-06T16:36:48.2962186Z   Item Table Tabs >
2024-03-06T16:36:51.1575583Z     should display an Item Inventory table
2024-03-06T16:36:52.0216161Z     should display items in separate tabs
2024-03-06T16:36:52.0216979Z   restoring items
2024-03-06T16:36:53.4127895Z     allows a user to restore the item
2024-03-06T16:36:53.4129077Z 
2024-03-06T16:36:53.4129448Z Admin::Organizations
2024-03-06T16:36:53.4131251Z   When logged in as a super admin
2024-03-06T16:36:53.4132899Z     PUT #update
2024-03-06T16:36:53.4350413Z       redirect
2024-03-06T16:36:53.4351226Z     GET #show
2024-03-06T16:36:53.6507653Z       returns http success
2024-03-06T16:36:53.6508399Z     GET #edit
2024-03-06T16:36:53.8617059Z       returns http success
2024-03-06T16:36:53.8617610Z     DELETE #destroy
2024-03-06T16:36:54.2293346Z       redirects
2024-03-06T16:36:54.2293810Z     GET #new
2024-03-06T16:36:54.2676627Z       returns http success
2024-03-06T16:36:54.2677907Z       when given a token that matches a account request that has already been processed
2024-03-06T16:36:54.4881621Z         should render new with a flash error message
2024-03-06T16:36:54.4882663Z       when given a valid account request token in the query parameters
2024-03-06T16:36:54.5435287Z         should render new with pre populate input fields from the account_request
2024-03-06T16:36:54.5436417Z     POST #create
2024-03-06T16:36:54.5437333Z       with valid params
2024-03-06T16:36:54.7519296Z         creates an organization and redirects to #index
2024-03-06T16:36:54.7520260Z       with invalid params
2024-03-06T16:36:54.7933622Z         does not create an organization and renders #create with an error message
2024-03-06T16:36:54.7934555Z     DELETE #destroy
2024-03-06T16:36:54.7935599Z       with a valid organization id
2024-03-06T16:36:55.3002734Z         redirects to #index
2024-03-06T16:36:55.3003578Z     PATCH #update
2024-03-06T16:36:55.3004195Z       with a valid update
2024-03-06T16:36:55.4894335Z         redirects to #index
2024-03-06T16:36:55.4894962Z       with an invalid update
2024-03-06T16:36:55.6963426Z         returns http success
2024-03-06T16:36:55.9049179Z         redirects to #edit with an error message
2024-03-06T16:36:55.9050775Z     GET #index
2024-03-06T16:36:55.9350766Z       returns http success
2024-03-06T16:36:55.9351984Z   When logged in as a non-admin user
2024-03-06T16:36:55.9352887Z     POST #create
2024-03-06T16:36:55.9503490Z       redirects
2024-03-06T16:36:55.9504230Z     GET #edit
2024-03-06T16:36:55.9630083Z       redirects
2024-03-06T16:36:55.9630996Z     GET #index
2024-03-06T16:36:55.9756464Z       redirects
2024-03-06T16:36:55.9757168Z     GET #new
2024-03-06T16:36:55.9881737Z       redirects
2024-03-06T16:36:55.9882440Z     PUT #update
2024-03-06T16:36:56.0006193Z       redirects
2024-03-06T16:36:56.0006908Z 
2024-03-06T16:36:56.0007264Z Navigation
2024-03-06T16:36:56.0008716Z   sidebar on home
2024-03-06T16:36:56.0009464Z     with organization user
2024-03-06T16:36:56.6469650Z       shows navigation options
2024-03-06T16:36:56.6470674Z       with collapsed sidebar
2024-03-06T16:36:57.4908070Z         hides text
2024-03-06T16:36:57.4909030Z   sidebar on admin
2024-03-06T16:36:57.4910104Z     with superadmin user
2024-03-06T16:36:58.0312060Z       shows navigation options
2024-03-06T16:36:58.0312582Z       with collapsed sidebar
2024-03-06T16:37:18.7774867Z         hides text (FAILED - 1)
2024-03-06T16:37:18.7775797Z 
2024-03-06T16:37:18.7776145Z Barcode management
2024-03-06T16:37:19.5212035Z   prevents a user from adding a new barcode with empty attributes
2024-03-06T16:37:19.5213279Z   While viewing the barcode items index page
2024-03-06T16:37:20.0363643Z     should have the filter presented to user list items in alphabetical order
2024-03-06T16:37:20.8401302Z     can have a user filter the #index by base item type
2024-03-06T16:37:21.6161925Z     can have a user filter the #index by barcode value
2024-03-06T16:37:22.4011568Z     can have a user filter the #index by item type
2024-03-06T16:37:22.8760817Z     should only show the barcodes created within the organization
2024-03-06T16:37:22.8761851Z   With organization-specific barcodes
2024-03-06T16:37:23.9328148Z     can have a user add a new barcode
2024-03-06T16:37:23.9329006Z     when editing an existing barcode
2024-03-06T16:37:24.6818548Z       fails to save the changes if the attributes are empty
2024-03-06T16:37:25.4508455Z       saves the changes if they are valid
2024-03-06T16:37:25.4511768Z 
2024-03-06T16:37:25.4513778Z /partners/profiles
2024-03-06T16:37:25.4514954Z   partial (area_served) presence when that partial specified
2024-03-06T16:37:25.4516226Z     on show
2024-03-06T16:37:25.6711618Z       displays the area served if specified
2024-03-06T16:37:25.8891683Z       handles empty county list
2024-03-06T16:37:25.8892451Z       full_county_list
2024-03-06T16:37:26.1128369Z         displays the counties
2024-03-06T16:37:26.1129029Z     on edit
2024-03-06T16:37:26.3368863Z       displays the area served if specified
2024-03-06T16:37:26.3369497Z       full_county_list
2024-03-06T16:37:26.5718727Z         has the right total
2024-03-06T16:37:26.9385751Z         displays the counties
2024-03-06T16:37:26.9386908Z   partial (area served) absence when only other partials specified
2024-03-06T16:37:26.9388219Z     on show
2024-03-06T16:37:27.2000283Z       does not display the client share if only other partials are specified
2024-03-06T16:37:27.2001205Z     on edit
2024-03-06T16:37:27.4231845Z       does not display the client share if only other partials are specified
2024-03-06T16:37:27.4232727Z   basic
2024-03-06T16:37:27.4233652Z     on show
2024-03-06T16:37:27.6411713Z       handles empty county list
2024-03-06T16:37:27.8583621Z       displays the partner area served entry if there are no partials specified for the organization
2024-03-06T16:37:27.8584846Z     GET #edit
2024-03-06T16:37:28.1138830Z       displays the partner area served entry if there are no partials specified for the organization
2024-03-06T16:37:28.1454630Z W, [2024-03-06T08:37:28.145212 #2343]  WARN -- : [knapsack_pro] POST https://api-disabled-for-fork.knapsackpro.com/v1/build_subsets
2024-03-06T16:37:28.1456562Z W, [2024-03-06T08:37:28.145257 #2343]  WARN -- : [knapsack_pro] Request failed due to:
2024-03-06T16:37:28.1459465Z W, [2024-03-06T08:37:28.145274 #2343]  WARN -- : [knapsack_pro] #<SocketError: Failed to open TCP connection to api-disabled-for-fork.knapsackpro.com:443 (getaddrinfo: Name or service not known)>
2024-03-06T16:37:28.1462888Z W, [2024-03-06T08:37:28.145307 #2343]  WARN -- : [knapsack_pro] Time execution report was not saved on Knapsack Pro API server due to connection problem.
2024-03-06T16:37:28.1561563Z 
2024-03-06T16:37:28.1562262Z Failures:
2024-03-06T16:37:28.1562573Z 
2024-03-06T16:37:28.1563820Z   1) Navigation sidebar on admin with superadmin user with collapsed sidebar hides text
2024-03-06T16:37:28.1565944Z      Failure/Error: raise TimeoutError unless data
2024-03-06T16:37:28.1566494Z 
2024-03-06T16:37:28.1566723Z      Ferrum::TimeoutError:
2024-03-06T16:37:28.1568987Z        Timed out waiting for response. It's possible that this happened because something took a very long time (for example a page load was slow). If so, setting the :timeout option to a higher value might help.
2024-03-06T16:37:28.1571884Z      # /home/runner/work/human-essentials/human-essentials/vendor/bundle/ruby/3.2.0/gems/ferrum-0.14/lib/ferrum/browser/client.rb:46:in `command'
2024-03-06T16:37:28.1574548Z      # /home/runner/work/human-essentials/human-essentials/vendor/bundle/ruby/3.2.0/gems/ferrum-0.14/lib/ferrum/page.rb:269:in `command'
2024-03-06T16:37:28.1577015Z      # /home/runner/work/human-essentials/human-essentials/vendor/bundle/ruby/3.2.0/gems/ferrum-0.14/lib/ferrum/page.rb:357:in `prepare_page'
2024-03-06T16:37:28.1579570Z      # /home/runner/work/human-essentials/human-essentials/vendor/bundle/ruby/3.2.0/gems/cuprite-0.15/lib/capybara/cuprite/page.rb:135:in `prepare_page'
2024-03-06T16:37:28.1582211Z      # /home/runner/work/human-essentials/human-essentials/vendor/bundle/ruby/3.2.0/gems/ferrum-0.14/lib/ferrum/page.rb:96:in `initialize'
2024-03-06T16:37:28.1584724Z      # /home/runner/work/human-essentials/human-essentials/vendor/bundle/ruby/3.2.0/gems/cuprite-0.15/lib/capybara/cuprite/page.rb:21:in `initialize'
2024-03-06T16:37:28.1587362Z      # /home/runner/work/human-essentials/human-essentials/vendor/bundle/ruby/3.2.0/gems/cuprite-0.15/lib/capybara/cuprite/browser.rb:230:in `new'
2024-03-06T16:37:28.1590551Z      # /home/runner/work/human-essentials/human-essentials/vendor/bundle/ruby/3.2.0/gems/cuprite-0.15/lib/capybara/cuprite/browser.rb:230:in `attach_page'
2024-03-06T16:37:28.1593241Z      # /home/runner/work/human-essentials/human-essentials/vendor/bundle/ruby/3.2.0/gems/cuprite-0.15/lib/capybara/cuprite/browser.rb:41:in `reset'
2024-03-06T16:37:28.1596310Z      # /home/runner/work/human-essentials/human-essentials/vendor/bundle/ruby/3.2.0/gems/cuprite-0.15/lib/capybara/cuprite/driver.rb:125:in `reset!'
2024-03-06T16:37:28.1598956Z      # /home/runner/work/human-essentials/human-essentials/vendor/bundle/ruby/3.2.0/gems/capybara-3.40.0/lib/capybara/session.rb:132:in `reset!'
2024-03-06T16:37:28.1601705Z      # /home/runner/work/human-essentials/human-essentials/vendor/bundle/ruby/3.2.0/gems/capybara-3.40.0/lib/capybara.rb:327:in `block in reset_sessions!'
2024-03-06T16:37:28.1604588Z      # /home/runner/work/human-essentials/human-essentials/vendor/bundle/ruby/3.2.0/gems/capybara-3.40.0/lib/capybara.rb:327:in `reverse_each'
2024-03-06T16:37:28.1607164Z      # /home/runner/work/human-essentials/human-essentials/vendor/bundle/ruby/3.2.0/gems/capybara-3.40.0/lib/capybara.rb:327:in `reset_sessions!'
2024-03-06T16:37:28.1609931Z      # /home/runner/work/human-essentials/human-essentials/vendor/bundle/ruby/3.2.0/gems/capybara-3.40.0/lib/capybara/rspec.rb:20:in `block (2 levels) in <top (required)>'
2024-03-06T16:37:28.1612631Z      # /home/runner/work/human-essentials/human-essentials/vendor/bundle/ruby/3.2.0/gems/rspec-core-3.12.2/lib/rspec/core/example.rb:457:in `instance_exec'
2024-03-06T16:37:28.1615278Z      # /home/runner/work/human-essentials/human-essentials/vendor/bundle/ruby/3.2.0/gems/rspec-core-3.12.2/lib/rspec/core/example.rb:457:in `instance_exec'
2024-03-06T16:37:28.1617706Z      # /home/runner/work/human-essentials/human-essentials/vendor/bundle/ruby/3.2.0/gems/rspec-core-3.12.2/lib/rspec/core/hooks.rb:372:in `run'
2024-03-06T16:37:28.1620245Z      # /home/runner/work/human-essentials/human-essentials/vendor/bundle/ruby/3.2.0/gems/rspec-core-3.12.2/lib/rspec/core/hooks.rb:529:in `block in run_owned_hooks_for'
2024-03-06T16:37:28.1622838Z      # /home/runner/work/human-essentials/human-essentials/vendor/bundle/ruby/3.2.0/gems/rspec-core-3.12.2/lib/rspec/core/hooks.rb:528:in `each'
2024-03-06T16:37:28.1625340Z      # /home/runner/work/human-essentials/human-essentials/vendor/bundle/ruby/3.2.0/gems/rspec-core-3.12.2/lib/rspec/core/hooks.rb:528:in `run_owned_hooks_for'
2024-03-06T16:37:28.1628026Z      # /home/runner/work/human-essentials/human-essentials/vendor/bundle/ruby/3.2.0/gems/rspec-core-3.12.2/lib/rspec/core/hooks.rb:615:in `block in run_example_hooks_for'
2024-03-06T16:37:28.1630670Z      # /home/runner/work/human-essentials/human-essentials/vendor/bundle/ruby/3.2.0/gems/rspec-core-3.12.2/lib/rspec/core/hooks.rb:614:in `each'
2024-03-06T16:37:28.1633205Z      # /home/runner/work/human-essentials/human-essentials/vendor/bundle/ruby/3.2.0/gems/rspec-core-3.12.2/lib/rspec/core/hooks.rb:614:in `run_example_hooks_for'
2024-03-06T16:37:28.1635938Z      # /home/runner/work/human-essentials/human-essentials/vendor/bundle/ruby/3.2.0/gems/rspec-core-3.12.2/lib/rspec/core/hooks.rb:485:in `run'
2024-03-06T16:37:28.1638585Z      # /home/runner/work/human-essentials/human-essentials/vendor/bundle/ruby/3.2.0/gems/rspec-core-3.12.2/lib/rspec/core/example.rb:518:in `run_after_example'
2024-03-06T16:37:28.1641224Z      # /home/runner/work/human-essentials/human-essentials/vendor/bundle/ruby/3.2.0/gems/rspec-core-3.12.2/lib/rspec/core/example.rb:283:in `block in run'
2024-03-06T16:37:28.1644238Z      # /home/runner/work/human-essentials/human-essentials/vendor/bundle/ruby/3.2.0/gems/rspec-core-3.12.2/lib/rspec/core/example.rb:511:in `block in with_around_and_singleton_context_hooks'
2024-03-06T16:37:28.1647316Z      # /home/runner/work/human-essentials/human-essentials/vendor/bundle/ruby/3.2.0/gems/rspec-core-3.12.2/lib/rspec/core/example.rb:468:in `block in with_around_example_hooks'
2024-03-06T16:37:28.1650296Z      # /home/runner/work/human-essentials/human-essentials/vendor/bundle/ruby/3.2.0/gems/rspec-core-3.12.2/lib/rspec/core/hooks.rb:486:in `block in run'
2024-03-06T16:37:28.1653189Z      # /home/runner/work/human-essentials/human-essentials/vendor/bundle/ruby/3.2.0/gems/rspec-core-3.12.2/lib/rspec/core/hooks.rb:626:in `block in run_around_example_hooks_for'
2024-03-06T16:37:28.1655974Z      # /home/runner/work/human-essentials/human-essentials/vendor/bundle/ruby/3.2.0/gems/rspec-core-3.12.2/lib/rspec/core/example.rb:352:in `call'
2024-03-06T16:37:28.1658850Z      # /home/runner/work/human-essentials/human-essentials/vendor/bundle/ruby/3.2.0/gems/rspec-rails-6.1.1/lib/rspec/rails/example/system_example_group.rb:166:in `block (2 levels) in <module:SystemExampleGroup>'
2024-03-06T16:37:28.1661858Z      # /home/runner/work/human-essentials/human-essentials/vendor/bundle/ruby/3.2.0/gems/rspec-core-3.12.2/lib/rspec/core/example.rb:457:in `instance_exec'
2024-03-06T16:37:28.1664638Z      # /home/runner/work/human-essentials/human-essentials/vendor/bundle/ruby/3.2.0/gems/rspec-core-3.12.2/lib/rspec/core/example.rb:457:in `instance_exec'
2024-03-06T16:37:28.1667380Z      # /home/runner/work/human-essentials/human-essentials/vendor/bundle/ruby/3.2.0/gems/rspec-core-3.12.2/lib/rspec/core/hooks.rb:390:in `execute_with'
2024-03-06T16:37:28.1670513Z      # /home/runner/work/human-essentials/human-essentials/vendor/bundle/ruby/3.2.0/gems/rspec-core-3.12.2/lib/rspec/core/hooks.rb:628:in `block (2 levels) in run_around_example_hooks_for'
2024-03-06T16:37:28.1673309Z      # /home/runner/work/human-essentials/human-essentials/vendor/bundle/ruby/3.2.0/gems/rspec-core-3.12.2/lib/rspec/core/example.rb:352:in `call'
2024-03-06T16:37:28.1676640Z      # /home/runner/work/human-essentials/human-essentials/vendor/bundle/ruby/3.2.0/gems/rspec-rails-6.1.1/lib/rspec/rails/adapters.rb:75:in `block (2 levels) in <module:MinitestLifecycleAdapter>'
2024-03-06T16:37:28.1679934Z      # /home/runner/work/human-essentials/human-essentials/vendor/bundle/ruby/3.2.0/gems/rspec-core-3.12.2/lib/rspec/core/example.rb:457:in `instance_exec'
2024-03-06T16:37:28.1682725Z      # /home/runner/work/human-essentials/human-essentials/vendor/bundle/ruby/3.2.0/gems/rspec-core-3.12.2/lib/rspec/core/example.rb:457:in `instance_exec'
2024-03-06T16:37:28.1685622Z      # /home/runner/work/human-essentials/human-essentials/vendor/bundle/ruby/3.2.0/gems/rspec-core-3.12.2/lib/rspec/core/hooks.rb:390:in `execute_with'
2024-03-06T16:37:28.1688543Z      # /home/runner/work/human-essentials/human-essentials/vendor/bundle/ruby/3.2.0/gems/rspec-core-3.12.2/lib/rspec/core/hooks.rb:628:in `block (2 levels) in run_around_example_hooks_for'
2024-03-06T16:37:28.1691463Z      # /home/runner/work/human-essentials/human-essentials/vendor/bundle/ruby/3.2.0/gems/rspec-core-3.12.2/lib/rspec/core/example.rb:352:in `call'
2024-03-06T16:37:28.1694417Z      # /home/runner/work/human-essentials/human-essentials/vendor/bundle/ruby/3.2.0/gems/webmock-3.23.0/lib/webmock/rspec.rb:39:in `block (2 levels) in <top (required)>'
2024-03-06T16:37:28.1697294Z      # /home/runner/work/human-essentials/human-essentials/vendor/bundle/ruby/3.2.0/gems/rspec-core-3.12.2/lib/rspec/core/example.rb:457:in `instance_exec'
2024-03-06T16:37:28.1699902Z      # /home/runner/work/human-essentials/human-essentials/vendor/bundle/ruby/3.2.0/gems/rspec-core-3.12.2/lib/rspec/core/example.rb:457:in `instance_exec'
2024-03-06T16:37:28.1702728Z      # /home/runner/work/human-essentials/human-essentials/vendor/bundle/ruby/3.2.0/gems/rspec-core-3.12.2/lib/rspec/core/hooks.rb:390:in `execute_with'
2024-03-06T16:37:28.1705593Z      # /home/runner/work/human-essentials/human-essentials/vendor/bundle/ruby/3.2.0/gems/rspec-core-3.12.2/lib/rspec/core/hooks.rb:628:in `block (2 levels) in run_around_example_hooks_for'
2024-03-06T16:37:28.1708197Z      # /home/runner/work/human-essentials/human-essentials/vendor/bundle/ruby/3.2.0/gems/rspec-core-3.12.2/lib/rspec/core/example.rb:352:in `call'
2024-03-06T16:37:28.1711456Z      # /home/runner/work/human-essentials/human-essentials/vendor/bundle/ruby/3.2.0/gems/knapsack_pro-7.0.0/lib/knapsack_pro/adapters/rspec_adapter.rb:103:in `block (2 levels) in ensure_no_focus!'
2024-03-06T16:37:28.1714368Z      # /home/runner/work/human-essentials/human-essentials/vendor/bundle/ruby/3.2.0/gems/rspec-core-3.12.2/lib/rspec/core/example.rb:457:in `instance_exec'
2024-03-06T16:37:28.1716878Z      # /home/runner/work/human-essentials/human-essentials/vendor/bundle/ruby/3.2.0/gems/rspec-core-3.12.2/lib/rspec/core/example.rb:457:in `instance_exec'
2024-03-06T16:37:28.1719260Z      # /home/runner/work/human-essentials/human-essentials/vendor/bundle/ruby/3.2.0/gems/rspec-core-3.12.2/lib/rspec/core/hooks.rb:390:in `execute_with'
2024-03-06T16:37:28.1722099Z      # /home/runner/work/human-essentials/human-essentials/vendor/bundle/ruby/3.2.0/gems/rspec-core-3.12.2/lib/rspec/core/hooks.rb:628:in `block (2 levels) in run_around_example_hooks_for'
2024-03-06T16:37:28.1724700Z      # /home/runner/work/human-essentials/human-essentials/vendor/bundle/ruby/3.2.0/gems/rspec-core-3.12.2/lib/rspec/core/example.rb:352:in `call'
2024-03-06T16:37:28.1727122Z      # /home/runner/work/human-essentials/human-essentials/vendor/bundle/ruby/3.2.0/gems/rspec-core-3.12.2/lib/rspec/core/hooks.rb:629:in `run_around_example_hooks_for'
2024-03-06T16:37:28.1729846Z      # /home/runner/work/human-essentials/human-essentials/vendor/bundle/ruby/3.2.0/gems/rspec-core-3.12.2/lib/rspec/core/hooks.rb:486:in `run'
2024-03-06T16:37:28.1732302Z      # /home/runner/work/human-essentials/human-essentials/vendor/bundle/ruby/3.2.0/gems/rspec-core-3.12.2/lib/rspec/core/example.rb:468:in `with_around_example_hooks'
2024-03-06T16:37:28.1735127Z      # /home/runner/work/human-essentials/human-essentials/vendor/bundle/ruby/3.2.0/gems/rspec-core-3.12.2/lib/rspec/core/example.rb:511:in `with_around_and_singleton_context_hooks'
2024-03-06T16:37:28.1737974Z      # /home/runner/work/human-essentials/human-essentials/vendor/bundle/ruby/3.2.0/gems/rspec-core-3.12.2/lib/rspec/core/example.rb:259:in `run'
2024-03-06T16:37:28.1740857Z      # /home/runner/work/human-essentials/human-essentials/vendor/bundle/ruby/3.2.0/gems/rspec-core-3.12.2/lib/rspec/core/example_group.rb:646:in `block in run_examples'
2024-03-06T16:37:28.1743728Z      # /home/runner/work/human-essentials/human-essentials/vendor/bundle/ruby/3.2.0/gems/rspec-core-3.12.2/lib/rspec/core/example_group.rb:642:in `map'
2024-03-06T16:37:28.1746563Z      # /home/runner/work/human-essentials/human-essentials/vendor/bundle/ruby/3.2.0/gems/rspec-core-3.12.2/lib/rspec/core/example_group.rb:642:in `run_examples'
2024-03-06T16:37:28.1749223Z      # /home/runner/work/human-essentials/human-essentials/vendor/bundle/ruby/3.2.0/gems/rspec-core-3.12.2/lib/rspec/core/example_group.rb:607:in `run'
2024-03-06T16:37:28.1751898Z      # /home/runner/work/human-essentials/human-essentials/vendor/bundle/ruby/3.2.0/gems/rspec-core-3.12.2/lib/rspec/core/example_group.rb:608:in `block in run'
2024-03-06T16:37:28.1754788Z      # /home/runner/work/human-essentials/human-essentials/vendor/bundle/ruby/3.2.0/gems/rspec-core-3.12.2/lib/rspec/core/example_group.rb:608:in `map'
2024-03-06T16:37:28.1757292Z      # /home/runner/work/human-essentials/human-essentials/vendor/bundle/ruby/3.2.0/gems/rspec-core-3.12.2/lib/rspec/core/example_group.rb:608:in `run'
2024-03-06T16:37:28.1759894Z      # /home/runner/work/human-essentials/human-essentials/vendor/bundle/ruby/3.2.0/gems/rspec-core-3.12.2/lib/rspec/core/example_group.rb:608:in `block in run'
2024-03-06T16:37:28.1762594Z      # /home/runner/work/human-essentials/human-essentials/vendor/bundle/ruby/3.2.0/gems/rspec-core-3.12.2/lib/rspec/core/example_group.rb:608:in `map'
2024-03-06T16:37:28.1765105Z      # /home/runner/work/human-essentials/human-essentials/vendor/bundle/ruby/3.2.0/gems/rspec-core-3.12.2/lib/rspec/core/example_group.rb:608:in `run'
2024-03-06T16:37:28.1767744Z      # /home/runner/work/human-essentials/human-essentials/vendor/bundle/ruby/3.2.0/gems/rspec-core-3.12.2/lib/rspec/core/example_group.rb:608:in `block in run'
2024-03-06T16:37:28.1770683Z      # /home/runner/work/human-essentials/human-essentials/vendor/bundle/ruby/3.2.0/gems/rspec-core-3.12.2/lib/rspec/core/example_group.rb:608:in `map'
2024-03-06T16:37:28.1773295Z      # /home/runner/work/human-essentials/human-essentials/vendor/bundle/ruby/3.2.0/gems/rspec-core-3.12.2/lib/rspec/core/example_group.rb:608:in `run'
2024-03-06T16:37:28.1775949Z      # /home/runner/work/human-essentials/human-essentials/vendor/bundle/ruby/3.2.0/gems/rspec-core-3.12.2/lib/rspec/core/runner.rb:121:in `block (3 levels) in run_specs'
2024-03-06T16:37:28.1778757Z      # /home/runner/work/human-essentials/human-essentials/vendor/bundle/ruby/3.2.0/gems/rspec-core-3.12.2/lib/rspec/core/runner.rb:121:in `map'
2024-03-06T16:37:28.1781734Z      # /home/runner/work/human-essentials/human-essentials/vendor/bundle/ruby/3.2.0/gems/rspec-core-3.12.2/lib/rspec/core/runner.rb:121:in `block (2 levels) in run_specs'
2024-03-06T16:37:28.1784808Z      # /home/runner/work/human-essentials/human-essentials/vendor/bundle/ruby/3.2.0/gems/rspec-core-3.12.2/lib/rspec/core/configuration.rb:2070:in `with_suite_hooks'
2024-03-06T16:37:28.1787650Z      # /home/runner/work/human-essentials/human-essentials/vendor/bundle/ruby/3.2.0/gems/rspec-core-3.12.2/lib/rspec/core/runner.rb:116:in `block in run_specs'
2024-03-06T16:37:28.1790283Z      # /home/runner/work/human-essentials/human-essentials/vendor/bundle/ruby/3.2.0/gems/rspec-core-3.12.2/lib/rspec/core/reporter.rb:74:in `report'
2024-03-06T16:37:28.1792960Z      # /home/runner/work/human-essentials/human-essentials/vendor/bundle/ruby/3.2.0/gems/rspec-core-3.12.2/lib/rspec/core/runner.rb:115:in `run_specs'
2024-03-06T16:37:28.1795630Z      # /home/runner/work/human-essentials/human-essentials/vendor/bundle/ruby/3.2.0/gems/rspec-core-3.12.2/lib/rspec/core/runner.rb:89:in `run'
2024-03-06T16:37:28.1798076Z      # /home/runner/work/human-essentials/human-essentials/vendor/bundle/ruby/3.2.0/gems/rspec-core-3.12.2/lib/rspec/core/runner.rb:71:in `run'
2024-03-06T16:37:28.1800808Z      # /home/runner/work/human-essentials/human-essentials/vendor/bundle/ruby/3.2.0/gems/rspec-core-3.12.2/lib/rspec/core/runner.rb:45:in `invoke'
2024-03-06T16:37:28.1803158Z      # /home/runner/work/human-essentials/human-essentials/vendor/bundle/ruby/3.2.0/gems/rspec-core-3.12.2/exe/rspec:4:in `<main>'
2024-03-06T16:37:28.1804492Z      # 
2024-03-06T16:37:28.1805329Z      #   Showing full backtrace because every line was filtered out.
2024-03-06T16:37:28.1806404Z      #   See docs for RSpec::Configuration#backtrace_exclusion_patterns and
2024-03-06T16:37:28.1807584Z      #   RSpec::Configuration#backtrace_inclusion_patterns for more information.
2024-03-06T16:37:28.1808509Z 
2024-03-06T16:37:28.1808938Z Finished in 1 minute 31.4 seconds (files took 8.15 seconds to load)
2024-03-06T16:37:28.1809826Z 159 examples, 1 failure
2024-03-06T16:37:28.1810158Z 
2024-03-06T16:37:28.1810542Z Failed examples:
2024-03-06T16:37:28.1810849Z 
2024-03-06T16:37:28.1811832Z rspec ./spec/system/navigation_system_spec.rb:54 # Navigation sidebar on admin with superadmin user with collapsed sidebar hides text
2024-03-06T16:37:28.1812970Z 
2024-03-06T16:37:28.1813237Z Randomized with seed 17558
2024-03-06T16:37:28.1813618Z 
2024-03-06T16:37:28.4512541Z Stopped processing SimpleCov as a previous error not related to SimpleCov has been detected
2024-03-06T16:37:28.4515110Z Coverage report generated for RSpec to /home/runner/work/human-essentials/human-essentials/coverage. 3540 / 6488 LOC (54.56%) covered.
2024-03-06T16:37:28.5650163Z /opt/hostedtoolcache/Ruby/3.2.2/x64/bin/ruby -I/home/runner/work/human-essentials/human-essentials/vendor/bundle/ruby/3.2.0/gems/rspec-core-3.12.2/lib:/home/runner/work/human-essentials/human-essentials/vendor/bundle/ruby/3.2.0/gems/rspec-support-3.12.1/lib /home/runner/work/human-essentials/human-essentials/vendor/bundle/ruby/3.2.0/gems/rspec-core-3.12.2/exe/rspec  --format documentation --format KnapsackPro::Formatters::TimeTracker --default-path spec "spec/requests/account_requests_spec.rb" "spec/requests/admin/organizations_requests_spec.rb" "spec/requests/audits_requests_spec.rb" "spec/requests/donation_sites_requests_spec.rb" "spec/requests/organization_requests_spec.rb" "spec/requests/partners/profiles_requests_county_spec.rb" "spec/requests/product_drives_requests_spec.rb" "spec/requests/static_requests_spec.rb" "spec/system/account_request_system_spec.rb" "spec/system/admin/dashboard_system_spec.rb" "spec/system/barcode_item_system_spec.rb" "spec/system/item_system_spec.rb" "spec/system/navigation_system_spec.rb" "spec/system/partners/helps_system_spec.rb" "spec/system/profile_served_area_system_spec.rb" "spec/system/transfer_system_spec.rb" failed
2024-03-06T16:37:28.9627805Z Stopped processing SimpleCov as a previous error not related to SimpleCov has been detected
2024-03-06T16:37:28.9630748Z Coverage report generated for RSpec to /home/runner/work/human-essentials/human-essentials/coverage. 38 / 10777 LOC (0.35%) covered.
2024-03-06T16:37:28.9894541Z ##[error]Process completed with exit code 1.
2024-03-06T16:37:28.9971633Z ##[group]Run actions/upload-artifact@v2
2024-03-06T16:37:28.9972245Z with:
2024-03-06T16:37:28.9972610Z   name: failed-browser-tests
2024-03-06T16:37:28.9973014Z   path: tmp/capybara
2024-03-06T16:37:28.9973444Z   if-no-files-found: warn
2024-03-06T16:37:28.9973793Z ##[endgroup]
2024-03-06T16:37:29.0533707Z ##[warning]No files were found with the provided path: tmp/capybara. No artifacts will be uploaded.
2024-03-06T16:37:29.0605583Z Post job cleanup.
2024-03-06T16:37:29.1653917Z [command]/usr/bin/git version
2024-03-06T16:37:29.1707438Z git version 2.43.2
2024-03-06T16:37:29.1748033Z Temporarily overriding HOME='/home/runner/work/_temp/92ce386b-2d28-4e2d-8707-8d7919cd6b17' before making global git config changes
2024-03-06T16:37:29.1749676Z Adding repository directory to the temporary git global config as a safe directory
2024-03-06T16:37:29.1754328Z [command]/usr/bin/git config --global --add safe.directory /home/runner/work/human-essentials/human-essentials
2024-03-06T16:37:29.1797291Z [command]/usr/bin/git config --local --name-only --get-regexp core\.sshCommand
2024-03-06T16:37:29.1837654Z [command]/usr/bin/git submodule foreach --recursive sh -c "git config --local --name-only --get-regexp 'core\.sshCommand' && git config --local --unset-all 'core.sshCommand' || :"
2024-03-06T16:37:29.2082064Z [command]/usr/bin/git config --local --name-only --get-regexp http\.https\:\/\/github\.com\/\.extraheader
2024-03-06T16:37:29.2115234Z http.https://github.com/.extraheader
2024-03-06T16:37:29.2125111Z [command]/usr/bin/git config --local --unset-all http.https://github.com/.extraheader
2024-03-06T16:37:29.2168433Z [command]/usr/bin/git submodule foreach --recursive sh -c "git config --local --name-only --get-regexp 'http\.https\:\/\/github\.com\/\.extraheader' && git config --local --unset-all 'http.https://github.com/.extraheader' || :"
2024-03-06T16:37:29.2556463Z Print service container logs: 68b43a93f1294394a1f4ac5c38536735_postgres123_dd5a57
2024-03-06T16:37:29.2562027Z ##[command]/usr/bin/docker logs --details 8922bacfbaa969930599f47c726bedf9c29248d448003d2b8219679e8dcc27fd
2024-03-06T16:37:29.2682983Z  The files belonging to this database system will be owned by user "postgres".
2024-03-06T16:37:29.2686611Z  initdb: warning: enabling "trust" authentication for local connections
2024-03-06T16:37:29.2687651Z  You can change this by editing pg_hba.conf or using the option -A, or
2024-03-06T16:37:29.2688582Z  --auth-local and --auth-host, the next time you run initdb.
2024-03-06T16:37:29.2689330Z  This user must also own the server process.
2024-03-06T16:37:29.2689875Z  
2024-03-06T16:37:29.2690418Z  The database cluster will be initialized with locale "en_US.utf8".
2024-03-06T16:37:29.2691391Z  The default database encoding has accordingly been set to "UTF8".
2024-03-06T16:37:29.2692381Z  The default text search configuration will be set to "english".
2024-03-06T16:37:29.2693073Z  
2024-03-06T16:37:29.2693650Z  Data page checksums are disabled.
2024-03-06T16:37:29.2693971Z  
2024-03-06T16:37:29.2694354Z  fixing permissions on existing directory /var/lib/postgresql/data ... ok
2024-03-06T16:37:29.2694870Z  creating subdirectories ... ok
2024-03-06T16:37:29.2695269Z  selecting dynamic shared memory implementation ... posix
2024-03-06T16:37:29.2695707Z  selecting default max_connections ... 100
2024-03-06T16:37:29.2696083Z  selecting default shared_buffers ... 128MB
2024-03-06T16:37:29.2696440Z  selecting default time zone ... Etc/UTC
2024-03-06T16:37:29.2696789Z  creating configuration files ... ok
2024-03-06T16:37:29.2697170Z  running bootstrap script ... ok
2024-03-06T16:37:29.2697536Z  performing post-bootstrap initialization ... ok
2024-03-06T16:37:29.2697915Z  syncing data to disk ... ok
2024-03-06T16:37:29.2698189Z  
2024-03-06T16:37:29.2698374Z  
2024-03-06T16:37:29.2698647Z  Success. You can now start the database server using:
2024-03-06T16:37:29.2699022Z  
2024-03-06T16:37:29.2699304Z      pg_ctl -D /var/lib/postgresql/data -l logfile start
2024-03-06T16:37:29.2699665Z  
2024-03-06T16:37:29.2700878Z  waiting for server to start....2024-03-06 16:34:29.407 UTC [48] LOG:  starting PostgreSQL 12.3 (Debian 12.3-1.pgdg100+1) on x86_64-pc-linux-gnu, compiled by gcc (Debian 8.3.0-6) 8.3.0, 64-bit
2024-03-06T16:37:29.2702862Z  2024-03-06 16:34:29.408 UTC [48] LOG:  listening on Unix socket "/var/run/postgresql/.s.PGSQL.5432"
2024-03-06T16:37:29.2704158Z  2024-03-06 16:34:29.419 UTC [49] LOG:  database system was shut down at 2024-03-06 16:34:29 UTC
2024-03-06T16:37:29.2704986Z  2024-03-06 16:34:29.424 UTC [48] LOG:  database system is ready to accept connections
2024-03-06T16:37:29.2705469Z   done
2024-03-06T16:37:29.2705672Z  server started
2024-03-06T16:37:29.2705895Z  
2024-03-06T16:37:29.2706285Z  /usr/local/bin/docker-entrypoint.sh: ignoring /docker-entrypoint-initdb.d/*
2024-03-06T16:37:29.2706772Z  
2024-03-06T16:37:29.2707097Z  2024-03-06 16:34:29.500 UTC [48] LOG:  received fast shutdown request
2024-03-06T16:37:29.2708026Z  2024-03-06 16:34:29.610 UTC [1] LOG:  starting PostgreSQL 12.3 (Debian 12.3-1.pgdg100+1) on x86_64-pc-linux-gnu, compiled by gcc (Debian 8.3.0-6) 8.3.0, 64-bit
2024-03-06T16:37:29.2708953Z  2024-03-06 16:34:29.610 UTC [1] LOG:  listening on IPv4 address "0.0.0.0", port 5432
2024-03-06T16:37:29.2709580Z  2024-03-06 16:34:29.610 UTC [1] LOG:  listening on IPv6 address "::", port 5432
2024-03-06T16:37:29.2710270Z  2024-03-06 16:34:29.611 UTC [1] LOG:  listening on Unix socket "/var/run/postgresql/.s.PGSQL.5432"
2024-03-06T16:37:29.2711000Z  2024-03-06 16:34:29.622 UTC [57] LOG:  database system was shut down at 2024-03-06 16:34:29 UTC
2024-03-06T16:37:29.2711681Z  2024-03-06 16:34:29.627 UTC [1] LOG:  database system is ready to accept connections
2024-03-06T16:37:29.2712278Z  2024-03-06 16:34:38.833 UTC [71] FATAL:  role "root" does not exist
2024-03-06T16:37:29.2713062Z  2024-03-06 16:34:48.922 UTC [79] FATAL:  role "root" does not exist
2024-03-06T16:37:29.2713911Z  2024-03-06 16:34:57.414 UTC [80] FATAL:  database "diaper_test" does not exist
2024-03-06T16:37:29.2714501Z  2024-03-06 16:34:59.015 UTC [89] FATAL:  role "root" does not exist
2024-03-06T16:37:29.2715141Z  2024-03-06 16:35:04.326 UTC [90] ERROR:  relation "flipper_gates" does not exist at character 491
2024-03-06T16:37:29.2715907Z  2024-03-06 16:35:04.326 UTC [90] STATEMENT:  SELECT a.attname, format_type(a.atttypid, a.atttypmod),
2024-03-06T16:37:29.2716616Z  	       pg_get_expr(d.adbin, d.adrelid), a.attnotnull, a.atttypid, a.atttypmod,
2024-03-06T16:37:29.2717199Z  	       c.collname, col_description(a.attrelid, a.attnum) AS comment,
2024-03-06T16:37:29.2717645Z  	       attgenerated as attgenerated
2024-03-06T16:37:29.2717967Z  	  FROM pg_attribute a
2024-03-06T16:37:29.2718382Z  	  LEFT JOIN pg_attrdef d ON a.attrelid = d.adrelid AND a.attnum = d.adnum
2024-03-06T16:37:29.2718898Z  	  LEFT JOIN pg_type t ON a.atttypid = t.oid
2024-03-06T16:37:29.2719487Z  	  LEFT JOIN pg_collation c ON a.attcollation = c.oid AND a.attcollation <> t.typcollation
2024-03-06T16:37:29.2720257Z  	 WHERE a.attrelid = '"flipper_gates"'::regclass
2024-03-06T16:37:29.2720651Z  	   AND a.attnum > 0 AND NOT a.attisdropped
2024-03-06T16:37:29.2720988Z  	 ORDER BY a.attnum
2024-03-06T16:37:29.2721223Z  	
2024-03-06T16:37:29.2721548Z  2024-03-06 16:35:09.107 UTC [100] FATAL:  role "root" does not exist
2024-03-06T16:37:29.2722082Z  2024-03-06 16:35:19.200 UTC [110] FATAL:  role "root" does not exist
2024-03-06T16:37:29.2722612Z  2024-03-06 16:35:29.293 UTC [118] FATAL:  role "root" does not exist
2024-03-06T16:37:29.2723140Z  2024-03-06 16:35:39.371 UTC [127] FATAL:  role "root" does not exist
2024-03-06T16:37:29.2723675Z  2024-03-06 16:35:49.471 UTC [135] FATAL:  role "root" does not exist
2024-03-06T16:37:29.2724189Z  2024-03-06 16:35:59.556 UTC [145] FATAL:  role "root" does not exist
2024-03-06T16:37:29.2724699Z  2024-03-06 16:36:09.665 UTC [154] FATAL:  role "root" does not exist
2024-03-06T16:37:29.2725214Z  2024-03-06 16:36:19.757 UTC [162] FATAL:  role "root" does not exist
2024-03-06T16:37:29.2725737Z  2024-03-06 16:36:29.852 UTC [170] FATAL:  role "root" does not exist
2024-03-06T16:37:29.2726249Z  2024-03-06 16:36:39.944 UTC [179] FATAL:  role "root" does not exist
2024-03-06T16:37:29.2726761Z  2024-03-06 16:36:50.035 UTC [187] FATAL:  role "root" does not exist
2024-03-06T16:37:29.2727266Z  2024-03-06 16:37:00.117 UTC [195] FATAL:  role "root" does not exist
2024-03-06T16:37:29.2727780Z  2024-03-06 16:37:10.196 UTC [204] FATAL:  role "root" does not exist
2024-03-06T16:37:29.2728288Z  2024-03-06 16:37:20.286 UTC [212] FATAL:  role "root" does not exist
2024-03-06T16:37:29.2728965Z  waiting for server to shut down....2024-03-06 16:34:29.500 UTC [48] LOG:  aborting any active transactions
2024-03-06T16:37:29.2729863Z  2024-03-06 16:34:29.501 UTC [48] LOG:  background worker "logical replication launcher" (PID 55) exited with exit code 1
2024-03-06T16:37:29.2730576Z  2024-03-06 16:34:29.502 UTC [50] LOG:  shutting down
2024-03-06T16:37:29.2731055Z  2024-03-06 16:34:29.512 UTC [48] LOG:  database system is shut down
2024-03-06T16:37:29.2731464Z   done
2024-03-06T16:37:29.2731672Z  server stopped
2024-03-06T16:37:29.2731890Z  
2024-03-06T16:37:29.2732172Z  PostgreSQL init process complete; ready for start up.
2024-03-06T16:37:29.2732538Z  
2024-03-06T16:37:29.2738525Z Stop and remove container: 68b43a93f1294394a1f4ac5c38536735_postgres123_dd5a57
2024-03-06T16:37:29.2743643Z ##[command]/usr/bin/docker rm --force 8922bacfbaa969930599f47c726bedf9c29248d448003d2b8219679e8dcc27fd
2024-03-06T16:37:29.5388801Z 8922bacfbaa969930599f47c726bedf9c29248d448003d2b8219679e8dcc27fd
2024-03-06T16:37:29.5418633Z Remove container network: github_network_441a074fd17f4002a74fdf2bcbed66e7
2024-03-06T16:37:29.5423825Z ##[command]/usr/bin/docker network rm github_network_441a074fd17f4002a74fdf2bcbed66e7
2024-03-06T16:37:29.8052229Z github_network_441a074fd17f4002a74fdf2bcbed66e7
2024-03-06T16:37:29.8224861Z Cleaning up orphan processes
