2024-03-02T16:38:23.0972725Z Requested labels: ubuntu-latest
2024-03-02T16:38:23.0973047Z Job defined at: rubyforgood/human-essentials/.github/workflows/rspec-events.yml@refs/pull/4011/merge
2024-03-02T16:38:23.0973165Z Waiting for a runner to pick up this job...
2024-03-02T16:40:24.5068043Z Job is waiting for a hosted runner to come online.
2024-03-02T16:40:27.4458915Z Job is about to start running on the hosted runner: GitHub Actions 15 (hosted)
2024-03-02T16:40:29.4669272Z Current runner version: '2.313.0'
2024-03-02T16:40:29.4691764Z ##[group]Operating System
2024-03-02T16:40:29.4692380Z Ubuntu
2024-03-02T16:40:29.4692833Z 22.04.4
2024-03-02T16:40:29.4693150Z LTS
2024-03-02T16:40:29.4693484Z ##[endgroup]
2024-03-02T16:40:29.4693959Z ##[group]Runner Image
2024-03-02T16:40:29.4694384Z Image: ubuntu-22.04
2024-03-02T16:40:29.4694738Z Version: 20240225.1.0
2024-03-02T16:40:29.4695808Z Included Software: https://github.com/actions/runner-images/blob/ubuntu22/20240225.1/images/ubuntu/Ubuntu2204-Readme.md
2024-03-02T16:40:29.4697282Z Image Release: https://github.com/actions/runner-images/releases/tag/ubuntu22%2F20240225.1
2024-03-02T16:40:29.4698143Z ##[endgroup]
2024-03-02T16:40:29.4698584Z ##[group]Runner Image Provisioner
2024-03-02T16:40:29.4699058Z 2.0.347.1
2024-03-02T16:40:29.4699390Z ##[endgroup]
2024-03-02T16:40:29.4701589Z ##[group]GITHUB_TOKEN Permissions
2024-03-02T16:40:29.4703173Z Actions: write
2024-03-02T16:40:29.4703730Z Checks: write
2024-03-02T16:40:29.4704239Z Contents: write
2024-03-02T16:40:29.4704824Z Deployments: write
2024-03-02T16:40:29.4705229Z Discussions: write
2024-03-02T16:40:29.4705601Z Issues: write
2024-03-02T16:40:29.4706034Z Metadata: read
2024-03-02T16:40:29.4706405Z Packages: write
2024-03-02T16:40:29.4706755Z Pages: write
2024-03-02T16:40:29.4707189Z PullRequests: write
2024-03-02T16:40:29.4707623Z RepositoryProjects: write
2024-03-02T16:40:29.4708435Z SecurityEvents: write
2024-03-02T16:40:29.4708899Z Statuses: write
2024-03-02T16:40:29.4709296Z ##[endgroup]
2024-03-02T16:40:29.4712298Z Secret source: Actions
2024-03-02T16:40:29.4712995Z Prepare workflow directory
2024-03-02T16:40:29.5581362Z Prepare all required actions
2024-03-02T16:40:29.5737702Z Getting action download info
2024-03-02T16:40:29.7312058Z Download action repository 'actions/checkout@v2' (SHA:ee0669bd1cc54295c223e0bb666b733df41de1c5)
2024-03-02T16:40:29.8406015Z Download action repository 'ruby/setup-ruby@v1' (SHA:d4526a55538b775af234ba4af27118ed6f8f6677)
2024-03-02T16:40:30.0617925Z Download action repository 'actions/upload-artifact@v2' (SHA:82c141cc518b40d92cc801eee768e7aafc9c2fa2)
2024-03-02T16:40:30.1996846Z Complete job name: rspec-events (2, 1)
2024-03-02T16:40:30.2647199Z ##[group]Checking docker version
2024-03-02T16:40:30.2661188Z ##[command]/usr/bin/docker version --format '{{.Server.APIVersion}}'
2024-03-02T16:40:30.3377773Z '1.43'
2024-03-02T16:40:30.3390436Z Docker daemon API version: '1.43'
2024-03-02T16:40:30.3391229Z ##[command]/usr/bin/docker version --format '{{.Client.APIVersion}}'
2024-03-02T16:40:30.3553829Z '1.43'
2024-03-02T16:40:30.3566145Z Docker client API version: '1.43'
2024-03-02T16:40:30.3572039Z ##[endgroup]
2024-03-02T16:40:30.3576309Z ##[group]Clean up resources from previous jobs
2024-03-02T16:40:30.3582460Z ##[command]/usr/bin/docker ps --all --quiet --no-trunc --filter "label=9f4570"
2024-03-02T16:40:30.3726641Z ##[command]/usr/bin/docker network prune --force --filter "label=9f4570"
2024-03-02T16:40:30.3845505Z ##[endgroup]
2024-03-02T16:40:30.3846131Z ##[group]Create local container network
2024-03-02T16:40:30.3856341Z ##[command]/usr/bin/docker network create --label 9f4570 github_network_cd34c3ea46b74f9c8487ba454c14287f
2024-03-02T16:40:30.4766780Z 12e601116a224eb2aa0f5112f341d13f23c1e8d05042614a40b542a85d8705e7
2024-03-02T16:40:30.4786229Z ##[endgroup]
2024-03-02T16:40:30.4903670Z ##[group]Starting db service container
2024-03-02T16:40:30.4927569Z ##[command]/usr/bin/docker pull postgres:12.3
2024-03-02T16:40:30.7448539Z 12.3: Pulling from library/postgres
2024-03-02T16:40:30.7867464Z bf5952930446: Pulling fs layer
2024-03-02T16:40:30.7868920Z 9577476abb00: Pulling fs layer
2024-03-02T16:40:30.7869775Z 2bd105512d5c: Pulling fs layer
2024-03-02T16:40:30.7870465Z b1cd21c26e81: Pulling fs layer
2024-03-02T16:40:30.7871275Z 34a7c86cf8fc: Pulling fs layer
2024-03-02T16:40:30.7871944Z 274e7b0c38d5: Pulling fs layer
2024-03-02T16:40:30.7872448Z 3e831b350d37: Pulling fs layer
2024-03-02T16:40:30.7872980Z 38fa0d496534: Pulling fs layer
2024-03-02T16:40:30.7873782Z 31a8349609a4: Pulling fs layer
2024-03-02T16:40:30.7874262Z 14e4c2a4b7b7: Pulling fs layer
2024-03-02T16:40:30.7874801Z 964acfa02beb: Pulling fs layer
2024-03-02T16:40:30.7875306Z 31b1f20dffc0: Pulling fs layer
2024-03-02T16:40:30.7875781Z 14771c2930e9: Pulling fs layer
2024-03-02T16:40:30.7876339Z 2f30edd0ce8a: Pulling fs layer
2024-03-02T16:40:30.7876795Z 3e831b350d37: Waiting
2024-03-02T16:40:30.7877193Z 38fa0d496534: Waiting
2024-03-02T16:40:30.7877671Z 31a8349609a4: Waiting
2024-03-02T16:40:30.7878063Z 14e4c2a4b7b7: Waiting
2024-03-02T16:40:30.7878430Z 964acfa02beb: Waiting
2024-03-02T16:40:30.7878904Z 31b1f20dffc0: Waiting
2024-03-02T16:40:30.7879294Z 14771c2930e9: Waiting
2024-03-02T16:40:30.7879646Z 2f30edd0ce8a: Waiting
2024-03-02T16:40:30.7880125Z b1cd21c26e81: Waiting
2024-03-02T16:40:30.7880512Z 34a7c86cf8fc: Waiting
2024-03-02T16:40:30.7880980Z 274e7b0c38d5: Waiting
2024-03-02T16:40:30.8845284Z 9577476abb00: Verifying Checksum
2024-03-02T16:40:30.8846204Z 9577476abb00: Download complete
2024-03-02T16:40:30.9038072Z 2bd105512d5c: Download complete
2024-03-02T16:40:30.9604063Z b1cd21c26e81: Verifying Checksum
2024-03-02T16:40:30.9606829Z b1cd21c26e81: Download complete
2024-03-02T16:40:31.0089301Z 34a7c86cf8fc: Verifying Checksum
2024-03-02T16:40:31.0090238Z 34a7c86cf8fc: Download complete
2024-03-02T16:40:31.0293166Z 274e7b0c38d5: Verifying Checksum
2024-03-02T16:40:31.0294046Z 274e7b0c38d5: Download complete
2024-03-02T16:40:31.0436141Z bf5952930446: Verifying Checksum
2024-03-02T16:40:31.0437192Z bf5952930446: Download complete
2024-03-02T16:40:31.0697911Z 3e831b350d37: Verifying Checksum
2024-03-02T16:40:31.0702192Z 3e831b350d37: Download complete
2024-03-02T16:40:31.0848097Z 38fa0d496534: Verifying Checksum
2024-03-02T16:40:31.0849015Z 38fa0d496534: Download complete
2024-03-02T16:40:31.1375137Z 14e4c2a4b7b7: Download complete
2024-03-02T16:40:31.1670590Z 964acfa02beb: Verifying Checksum
2024-03-02T16:40:31.1671520Z 964acfa02beb: Download complete
2024-03-02T16:40:31.1995461Z 31b1f20dffc0: Verifying Checksum
2024-03-02T16:40:31.1996274Z 31b1f20dffc0: Download complete
2024-03-02T16:40:31.2172096Z 14771c2930e9: Verifying Checksum
2024-03-02T16:40:31.2173147Z 14771c2930e9: Download complete
2024-03-02T16:40:31.2695961Z 2f30edd0ce8a: Download complete
2024-03-02T16:40:31.7429084Z 31a8349609a4: Verifying Checksum
2024-03-02T16:40:31.7430390Z 31a8349609a4: Download complete
2024-03-02T16:40:32.2225315Z bf5952930446: Pull complete
2024-03-02T16:40:32.5288613Z 9577476abb00: Pull complete
2024-03-02T16:40:32.5423566Z 2bd105512d5c: Pull complete
2024-03-02T16:40:32.6057205Z b1cd21c26e81: Pull complete
2024-03-02T16:40:32.9120078Z 34a7c86cf8fc: Pull complete
2024-03-02T16:40:32.9669774Z 274e7b0c38d5: Pull complete
2024-03-02T16:40:32.9752817Z 3e831b350d37: Pull complete
2024-03-02T16:40:32.9841651Z 38fa0d496534: Pull complete
2024-03-02T16:40:35.2775566Z 31a8349609a4: Pull complete
2024-03-02T16:40:35.2890551Z 14e4c2a4b7b7: Pull complete
2024-03-02T16:40:35.2988628Z 964acfa02beb: Pull complete
2024-03-02T16:40:35.3078397Z 31b1f20dffc0: Pull complete
2024-03-02T16:40:35.3161847Z 14771c2930e9: Pull complete
2024-03-02T16:40:35.3233962Z 2f30edd0ce8a: Pull complete
2024-03-02T16:40:35.3275855Z Digest: sha256:a06e6e6e519b7a329c419f8221edec66cfc45511e8b80e262c12103ba745cf19
2024-03-02T16:40:35.3287661Z Status: Downloaded newer image for postgres:12.3
2024-03-02T16:40:35.3297807Z docker.io/library/postgres:12.3
2024-03-02T16:40:35.3395617Z ##[command]/usr/bin/docker create --name f3d0d5b4a8074d06b3063dc3b72c0ecc_postgres123_66ac57 --label 9f4570 --network github_network_cd34c3ea46b74f9c8487ba454c14287f --network-alias db -p 5432:5432 --health-cmd pg_isready --health-interval 10s --health-timeout 5s --health-retries 5 -e "POSTGRES_PASSWORD=password" -e GITHUB_ACTIONS=true -e CI=true postgres:12.3
2024-03-02T16:40:35.3659450Z 7eb34f9c1e99e2399708e008eb8c1d29f6d630ab00b263a8e1564d195fb4b7e8
2024-03-02T16:40:35.3680433Z ##[command]/usr/bin/docker start 7eb34f9c1e99e2399708e008eb8c1d29f6d630ab00b263a8e1564d195fb4b7e8
2024-03-02T16:40:35.6282593Z 7eb34f9c1e99e2399708e008eb8c1d29f6d630ab00b263a8e1564d195fb4b7e8
2024-03-02T16:40:35.6306258Z ##[command]/usr/bin/docker ps --all --filter id=7eb34f9c1e99e2399708e008eb8c1d29f6d630ab00b263a8e1564d195fb4b7e8 --filter status=running --no-trunc --format "{{.ID}} {{.Status}}"
2024-03-02T16:40:35.6427322Z 7eb34f9c1e99e2399708e008eb8c1d29f6d630ab00b263a8e1564d195fb4b7e8 Up Less than a second (health: starting)
2024-03-02T16:40:35.6445953Z ##[command]/usr/bin/docker port 7eb34f9c1e99e2399708e008eb8c1d29f6d630ab00b263a8e1564d195fb4b7e8
2024-03-02T16:40:35.6574322Z 5432/tcp -> 0.0.0.0:5432
2024-03-02T16:40:35.6574998Z 5432/tcp -> [::]:5432
2024-03-02T16:40:35.6651339Z ##[endgroup]
2024-03-02T16:40:35.6677119Z ##[group]Waiting for all services to be ready
2024-03-02T16:40:35.6713107Z ##[command]/usr/bin/docker inspect --format="{{if .Config.Healthcheck}}{{print .State.Health.Status}}{{end}}" 7eb34f9c1e99e2399708e008eb8c1d29f6d630ab00b263a8e1564d195fb4b7e8
2024-03-02T16:40:35.6853572Z starting
2024-03-02T16:40:35.6874861Z db service is starting, waiting 2 seconds before checking again.
2024-03-02T16:40:37.6869969Z ##[command]/usr/bin/docker inspect --format="{{if .Config.Healthcheck}}{{print .State.Health.Status}}{{end}}" 7eb34f9c1e99e2399708e008eb8c1d29f6d630ab00b263a8e1564d195fb4b7e8
2024-03-02T16:40:37.6990257Z starting
2024-03-02T16:40:37.7002326Z db service is starting, waiting 3 seconds before checking again.
2024-03-02T16:40:41.6720732Z ##[command]/usr/bin/docker inspect --format="{{if .Config.Healthcheck}}{{print .State.Health.Status}}{{end}}" 7eb34f9c1e99e2399708e008eb8c1d29f6d630ab00b263a8e1564d195fb4b7e8
2024-03-02T16:40:41.6855172Z starting
2024-03-02T16:40:41.6867624Z db service is starting, waiting 8 seconds before checking again.
2024-03-02T16:40:49.7044363Z ##[command]/usr/bin/docker inspect --format="{{if .Config.Healthcheck}}{{print .State.Health.Status}}{{end}}" 7eb34f9c1e99e2399708e008eb8c1d29f6d630ab00b263a8e1564d195fb4b7e8
2024-03-02T16:40:49.7165484Z healthy
2024-03-02T16:40:49.7180558Z db service is healthy.
2024-03-02T16:40:49.7181087Z ##[endgroup]
2024-03-02T16:40:49.7531851Z ##[group]Run actions/checkout@v2
2024-03-02T16:40:49.7532442Z with:
2024-03-02T16:40:49.7532810Z   repository: rubyforgood/human-essentials
2024-03-02T16:40:49.7533396Z   token: ***
2024-03-02T16:40:49.7533835Z   ssh-strict: true
2024-03-02T16:40:49.7534206Z   persist-credentials: true
2024-03-02T16:40:49.7534610Z   clean: true
2024-03-02T16:40:49.7534960Z   fetch-depth: 1
2024-03-02T16:40:49.7535286Z   lfs: false
2024-03-02T16:40:49.7535620Z   submodules: false
2024-03-02T16:40:49.7535998Z   set-safe-directory: true
2024-03-02T16:40:49.7536401Z ##[endgroup]
2024-03-02T16:40:49.9505316Z Syncing repository: rubyforgood/human-essentials
2024-03-02T16:40:49.9507280Z ##[group]Getting Git version info
2024-03-02T16:40:49.9508676Z Working directory is '/home/runner/work/human-essentials/human-essentials'
2024-03-02T16:40:49.9510389Z [command]/usr/bin/git version
2024-03-02T16:40:49.9513645Z git version 2.43.2
2024-03-02T16:40:49.9537233Z ##[endgroup]
2024-03-02T16:40:49.9556280Z Temporarily overriding HOME='/home/runner/work/_temp/b29b423d-cced-4bd9-9661-61460268642e' before making global git config changes
2024-03-02T16:40:49.9558137Z Adding repository directory to the temporary git global config as a safe directory
2024-03-02T16:40:49.9561927Z [command]/usr/bin/git config --global --add safe.directory /home/runner/work/human-essentials/human-essentials
2024-03-02T16:40:49.9605647Z Deleting the contents of '/home/runner/work/human-essentials/human-essentials'
2024-03-02T16:40:49.9610495Z ##[group]Initializing the repository
2024-03-02T16:40:49.9614532Z [command]/usr/bin/git init /home/runner/work/human-essentials/human-essentials
2024-03-02T16:40:49.9679356Z hint: Using 'master' as the name for the initial branch. This default branch name
2024-03-02T16:40:49.9680850Z hint: is subject to change. To configure the initial branch name to use in all
2024-03-02T16:40:49.9682731Z hint: of your new repositories, which will suppress this warning, call:
2024-03-02T16:40:49.9683902Z hint: 
2024-03-02T16:40:49.9686582Z hint: 	git config --global init.defaultBranch <name>
2024-03-02T16:40:49.9687448Z hint: 
2024-03-02T16:40:49.9688456Z hint: Names commonly chosen instead of 'master' are 'main', 'trunk' and
2024-03-02T16:40:49.9690015Z hint: 'development'. The just-created branch can be renamed via this command:
2024-03-02T16:40:49.9690994Z hint: 
2024-03-02T16:40:49.9691558Z hint: 	git branch -m <name>
2024-03-02T16:40:49.9693054Z Initialized empty Git repository in /home/runner/work/human-essentials/human-essentials/.git/
2024-03-02T16:40:49.9701060Z [command]/usr/bin/git remote add origin https://github.com/rubyforgood/human-essentials
2024-03-02T16:40:49.9742711Z ##[endgroup]
2024-03-02T16:40:49.9743914Z ##[group]Disabling automatic garbage collection
2024-03-02T16:40:49.9747342Z [command]/usr/bin/git config --local gc.auto 0
2024-03-02T16:40:49.9784603Z ##[endgroup]
2024-03-02T16:40:49.9785800Z ##[group]Setting up auth
2024-03-02T16:40:49.9792355Z [command]/usr/bin/git config --local --name-only --get-regexp core\.sshCommand
2024-03-02T16:40:49.9831015Z [command]/usr/bin/git submodule foreach --recursive sh -c "git config --local --name-only --get-regexp 'core\.sshCommand' && git config --local --unset-all 'core.sshCommand' || :"
2024-03-02T16:40:50.0120614Z [command]/usr/bin/git config --local --name-only --get-regexp http\.https\:\/\/github\.com\/\.extraheader
2024-03-02T16:40:50.0157093Z [command]/usr/bin/git submodule foreach --recursive sh -c "git config --local --name-only --get-regexp 'http\.https\:\/\/github\.com\/\.extraheader' && git config --local --unset-all 'http.https://github.com/.extraheader' || :"
2024-03-02T16:40:50.0394428Z [command]/usr/bin/git config --local http.https://github.com/.extraheader AUTHORIZATION: basic ***
2024-03-02T16:40:50.0439454Z ##[endgroup]
2024-03-02T16:40:50.0440637Z ##[group]Fetching the repository
2024-03-02T16:40:50.0449310Z [command]/usr/bin/git -c protocol.version=2 fetch --no-tags --prune --progress --no-recurse-submodules --depth=1 origin +6df1f4f6ffb243aff016055faca054ee4ff8fe4a:refs/remotes/pull/4011/merge
2024-03-02T16:40:50.2117790Z remote: Enumerating objects: 1742, done.        
2024-03-02T16:40:50.2118865Z remote: Counting objects:   0% (1/1742)        
2024-03-02T16:40:50.2119826Z remote: Counting objects:   1% (18/1742)        
2024-03-02T16:40:50.2120501Z remote: Counting objects:   2% (35/1742)        
2024-03-02T16:40:50.2121178Z remote: Counting objects:   3% (53/1742)        
2024-03-02T16:40:50.2121724Z remote: Counting objects:   4% (70/1742)        
2024-03-02T16:40:50.2122246Z remote: Counting objects:   5% (88/1742)        
2024-03-02T16:40:50.2122822Z remote: Counting objects:   6% (105/1742)        
2024-03-02T16:40:50.2123353Z remote: Counting objects:   7% (122/1742)        
2024-03-02T16:40:50.2123875Z remote: Counting objects:   8% (140/1742)        
2024-03-02T16:40:50.2124530Z remote: Counting objects:   9% (157/1742)        
2024-03-02T16:40:50.2125358Z remote: Counting objects:  10% (175/1742)        
2024-03-02T16:40:50.2126275Z remote: Counting objects:  11% (192/1742)        
2024-03-02T16:40:50.2127374Z remote: Counting objects:  12% (210/1742)        
2024-03-02T16:40:50.2128285Z remote: Counting objects:  13% (227/1742)        
2024-03-02T16:40:50.2129276Z remote: Counting objects:  14% (244/1742)        
2024-03-02T16:40:50.2130207Z remote: Counting objects:  15% (262/1742)        
2024-03-02T16:40:50.2131104Z remote: Counting objects:  16% (279/1742)        
2024-03-02T16:40:50.2132138Z remote: Counting objects:  17% (297/1742)        
2024-03-02T16:40:50.2132910Z remote: Counting objects:  18% (314/1742)        
2024-03-02T16:40:50.2133811Z remote: Counting objects:  19% (331/1742)        
2024-03-02T16:40:50.2134836Z remote: Counting objects:  20% (349/1742)        
2024-03-02T16:40:50.2135626Z remote: Counting objects:  21% (366/1742)        
2024-03-02T16:40:50.2136326Z remote: Counting objects:  22% (384/1742)        
2024-03-02T16:40:50.2137810Z remote: Counting objects:  23% (401/1742)        
2024-03-02T16:40:50.2138532Z remote: Counting objects:  24% (419/1742)        
2024-03-02T16:40:50.2139504Z remote: Counting objects:  25% (436/1742)        
2024-03-02T16:40:50.2139986Z remote: Counting objects:  26% (453/1742)        
2024-03-02T16:40:50.2140517Z remote: Counting objects:  27% (471/1742)        
2024-03-02T16:40:50.2141064Z remote: Counting objects:  28% (488/1742)        
2024-03-02T16:40:50.2141546Z remote: Counting objects:  29% (506/1742)        
2024-03-02T16:40:50.2142036Z remote: Counting objects:  30% (523/1742)        
2024-03-02T16:40:50.2142538Z remote: Counting objects:  31% (541/1742)        
2024-03-02T16:40:50.2143014Z remote: Counting objects:  32% (558/1742)        
2024-03-02T16:40:50.2143636Z remote: Counting objects:  33% (575/1742)        
2024-03-02T16:40:50.2144571Z remote: Counting objects:  34% (593/1742)        
2024-03-02T16:40:50.2145233Z remote: Counting objects:  35% (610/1742)        
2024-03-02T16:40:50.2145779Z remote: Counting objects:  36% (628/1742)        
2024-03-02T16:40:50.2146485Z remote: Counting objects:  37% (645/1742)        
2024-03-02T16:40:50.2147299Z remote: Counting objects:  38% (662/1742)        
2024-03-02T16:40:50.2148423Z remote: Counting objects:  39% (680/1742)        
2024-03-02T16:40:50.2149093Z remote: Counting objects:  40% (697/1742)        
2024-03-02T16:40:50.2149604Z remote: Counting objects:  41% (715/1742)        
2024-03-02T16:40:50.2150072Z remote: Counting objects:  42% (732/1742)        
2024-03-02T16:40:50.2150571Z remote: Counting objects:  43% (750/1742)        
2024-03-02T16:40:50.2151069Z remote: Counting objects:  44% (767/1742)        
2024-03-02T16:40:50.2151543Z remote: Counting objects:  45% (784/1742)        
2024-03-02T16:40:50.2152111Z remote: Counting objects:  46% (802/1742)        
2024-03-02T16:40:50.2152545Z remote: Counting objects:  47% (819/1742)        
2024-03-02T16:40:50.2153019Z remote: Counting objects:  48% (837/1742)        
2024-03-02T16:40:50.2153711Z remote: Counting objects:  49% (854/1742)        
2024-03-02T16:40:50.2154625Z remote: Counting objects:  50% (871/1742)        
2024-03-02T16:40:50.2155501Z remote: Counting objects:  51% (889/1742)        
2024-03-02T16:40:50.2156330Z remote: Counting objects:  52% (906/1742)        
2024-03-02T16:40:50.2156820Z remote: Counting objects:  53% (924/1742)        
2024-03-02T16:40:50.2157275Z remote: Counting objects:  54% (941/1742)        
2024-03-02T16:40:50.2157817Z remote: Counting objects:  55% (959/1742)        
2024-03-02T16:40:50.2158281Z remote: Counting objects:  56% (976/1742)        
2024-03-02T16:40:50.2158832Z remote: Counting objects:  57% (993/1742)        
2024-03-02T16:40:50.2159277Z remote: Counting objects:  58% (1011/1742)        
2024-03-02T16:40:50.2159773Z remote: Counting objects:  59% (1028/1742)        
2024-03-02T16:40:50.2160363Z remote: Counting objects:  60% (1046/1742)        
2024-03-02T16:40:50.2160858Z remote: Counting objects:  61% (1063/1742)        
2024-03-02T16:40:50.2161328Z remote: Counting objects:  62% (1081/1742)        
2024-03-02T16:40:50.2161921Z remote: Counting objects:  63% (1098/1742)        
2024-03-02T16:40:50.2162424Z remote: Counting objects:  64% (1115/1742)        
2024-03-02T16:40:50.2162928Z remote: Counting objects:  65% (1133/1742)        
2024-03-02T16:40:50.2163477Z remote: Counting objects:  66% (1150/1742)        
2024-03-02T16:40:50.2163930Z remote: Counting objects:  67% (1168/1742)        
2024-03-02T16:40:50.2164429Z remote: Counting objects:  68% (1185/1742)        
2024-03-02T16:40:50.2164981Z remote: Counting objects:  69% (1202/1742)        
2024-03-02T16:40:50.2165588Z remote: Counting objects:  70% (1220/1742)        
2024-03-02T16:40:50.2166166Z remote: Counting objects:  71% (1237/1742)        
2024-03-02T16:40:50.2167144Z remote: Counting objects:  72% (1255/1742)        
2024-03-02T16:40:50.2167684Z remote: Counting objects:  73% (1272/1742)        
2024-03-02T16:40:50.2168174Z remote: Counting objects:  74% (1290/1742)        
2024-03-02T16:40:50.2168922Z remote: Counting objects:  75% (1307/1742)        
2024-03-02T16:40:50.2169429Z remote: Counting objects:  76% (1324/1742)        
2024-03-02T16:40:50.2169908Z remote: Counting objects:  77% (1342/1742)        
2024-03-02T16:40:50.2170472Z remote: Counting objects:  78% (1359/1742)        
2024-03-02T16:40:50.2170921Z remote: Counting objects:  79% (1377/1742)        
2024-03-02T16:40:50.2171414Z remote: Counting objects:  80% (1394/1742)        
2024-03-02T16:40:50.2171968Z remote: Counting objects:  81% (1412/1742)        
2024-03-02T16:40:50.2172563Z remote: Counting objects:  82% (1429/1742)        
2024-03-02T16:40:50.2173096Z remote: Counting objects:  83% (1446/1742)        
2024-03-02T16:40:50.2174134Z remote: Counting objects:  84% (1464/1742)        
2024-03-02T16:40:50.2174654Z remote: Counting objects:  85% (1481/1742)        
2024-03-02T16:40:50.2175277Z remote: Counting objects:  86% (1499/1742)        
2024-03-02T16:40:50.2175743Z remote: Counting objects:  87% (1516/1742)        
2024-03-02T16:40:50.2176248Z remote: Counting objects:  88% (1533/1742)        
2024-03-02T16:40:50.2176832Z remote: Counting objects:  89% (1551/1742)        
2024-03-02T16:40:50.2177324Z remote: Counting objects:  90% (1568/1742)        
2024-03-02T16:40:50.2177788Z remote: Counting objects:  91% (1586/1742)        
2024-03-02T16:40:50.2178358Z remote: Counting objects:  92% (1603/1742)        
2024-03-02T16:40:50.2178851Z remote: Counting objects:  93% (1621/1742)        
2024-03-02T16:40:50.2179339Z remote: Counting objects:  94% (1638/1742)        
2024-03-02T16:40:50.2179870Z remote: Counting objects:  95% (1655/1742)        
2024-03-02T16:40:50.2180353Z remote: Counting objects:  96% (1673/1742)        
2024-03-02T16:40:50.2180847Z remote: Counting objects:  97% (1690/1742)        
2024-03-02T16:40:50.2181392Z remote: Counting objects:  98% (1708/1742)        
2024-03-02T16:40:50.2181840Z remote: Counting objects:  99% (1725/1742)        
2024-03-02T16:40:50.2182331Z remote: Counting objects: 100% (1742/1742)        
2024-03-02T16:40:50.2183066Z remote: Counting objects: 100% (1742/1742), done.        
2024-03-02T16:40:50.2183790Z remote: Compressing objects:   0% (1/1556)        
2024-03-02T16:40:50.2184680Z remote: Compressing objects:   1% (16/1556)        
2024-03-02T16:40:50.2185344Z remote: Compressing objects:   2% (32/1556)        
2024-03-02T16:40:50.2185877Z remote: Compressing objects:   3% (47/1556)        
2024-03-02T16:40:50.2186395Z remote: Compressing objects:   4% (63/1556)        
2024-03-02T16:40:50.2186938Z remote: Compressing objects:   5% (78/1556)        
2024-03-02T16:40:50.2187450Z remote: Compressing objects:   6% (94/1556)        
2024-03-02T16:40:50.2188213Z remote: Compressing objects:   7% (109/1556)        
2024-03-02T16:40:50.2194335Z remote: Compressing objects:   8% (125/1556)        
2024-03-02T16:40:50.2292085Z remote: Compressing objects:   9% (141/1556)        
2024-03-02T16:40:50.2293132Z remote: Compressing objects:  10% (156/1556)        
2024-03-02T16:40:50.2293871Z remote: Compressing objects:  11% (172/1556)        
2024-03-02T16:40:50.2296278Z remote: Compressing objects:  12% (187/1556)        
2024-03-02T16:40:50.2344395Z remote: Compressing objects:  13% (203/1556)        
2024-03-02T16:40:50.2350729Z remote: Compressing objects:  14% (218/1556)        
2024-03-02T16:40:50.2351932Z remote: Compressing objects:  15% (234/1556)        
2024-03-02T16:40:50.2353128Z remote: Compressing objects:  16% (249/1556)        
2024-03-02T16:40:50.2354561Z remote: Compressing objects:  17% (265/1556)        
2024-03-02T16:40:50.2355475Z remote: Compressing objects:  18% (281/1556)        
2024-03-02T16:40:50.2377570Z remote: Compressing objects:  19% (296/1556)        
2024-03-02T16:40:50.2399617Z remote: Compressing objects:  20% (312/1556)        
2024-03-02T16:40:50.2445737Z remote: Compressing objects:  21% (327/1556)        
2024-03-02T16:40:50.2458959Z remote: Compressing objects:  22% (343/1556)        
2024-03-02T16:40:50.2469070Z remote: Compressing objects:  23% (358/1556)        
2024-03-02T16:40:50.2480193Z remote: Compressing objects:  24% (374/1556)        
2024-03-02T16:40:50.2486318Z remote: Compressing objects:  25% (389/1556)        
2024-03-02T16:40:50.2494923Z remote: Compressing objects:  26% (405/1556)        
2024-03-02T16:40:50.2509981Z remote: Compressing objects:  27% (421/1556)        
2024-03-02T16:40:50.2519309Z remote: Compressing objects:  28% (436/1556)        
2024-03-02T16:40:50.2531072Z remote: Compressing objects:  29% (452/1556)        
2024-03-02T16:40:50.2540406Z remote: Compressing objects:  30% (467/1556)        
2024-03-02T16:40:50.2563634Z remote: Compressing objects:  31% (483/1556)        
2024-03-02T16:40:50.2571877Z remote: Compressing objects:  32% (498/1556)        
2024-03-02T16:40:50.2578330Z remote: Compressing objects:  33% (514/1556)        
2024-03-02T16:40:50.2586603Z remote: Compressing objects:  34% (530/1556)        
2024-03-02T16:40:50.2592307Z remote: Compressing objects:  35% (545/1556)        
2024-03-02T16:40:50.2598997Z remote: Compressing objects:  36% (561/1556)        
2024-03-02T16:40:50.2607270Z remote: Compressing objects:  37% (576/1556)        
2024-03-02T16:40:50.2611324Z remote: Compressing objects:  38% (592/1556)        
2024-03-02T16:40:50.2613393Z remote: Compressing objects:  39% (607/1556)        
2024-03-02T16:40:50.2615388Z remote: Compressing objects:  40% (623/1556)        
2024-03-02T16:40:50.2619440Z remote: Compressing objects:  41% (638/1556)        
2024-03-02T16:40:50.2622031Z remote: Compressing objects:  42% (654/1556)        
2024-03-02T16:40:50.2625377Z remote: Compressing objects:  43% (670/1556)        
2024-03-02T16:40:50.2628684Z remote: Compressing objects:  44% (685/1556)        
2024-03-02T16:40:50.2635806Z remote: Compressing objects:  45% (701/1556)        
2024-03-02T16:40:50.2641867Z remote: Compressing objects:  46% (716/1556)        
2024-03-02T16:40:50.2644781Z remote: Compressing objects:  47% (732/1556)        
2024-03-02T16:40:50.2646745Z remote: Compressing objects:  48% (747/1556)        
2024-03-02T16:40:50.2650778Z remote: Compressing objects:  49% (763/1556)        
2024-03-02T16:40:50.2658843Z remote: Compressing objects:  50% (778/1556)        
2024-03-02T16:40:50.2661605Z remote: Compressing objects:  51% (794/1556)        
2024-03-02T16:40:50.2662747Z remote: Compressing objects:  52% (810/1556)        
2024-03-02T16:40:50.2667683Z remote: Compressing objects:  53% (825/1556)        
2024-03-02T16:40:50.2673270Z remote: Compressing objects:  54% (841/1556)        
2024-03-02T16:40:50.2680181Z remote: Compressing objects:  55% (856/1556)        
2024-03-02T16:40:50.2721355Z remote: Compressing objects:  56% (872/1556)        
2024-03-02T16:40:50.2750564Z remote: Compressing objects:  57% (887/1556)        
2024-03-02T16:40:50.2764637Z remote: Compressing objects:  58% (903/1556)        
2024-03-02T16:40:50.2768299Z remote: Compressing objects:  59% (919/1556)        
2024-03-02T16:40:50.2771725Z remote: Compressing objects:  60% (934/1556)        
2024-03-02T16:40:50.2775103Z remote: Compressing objects:  61% (950/1556)        
2024-03-02T16:40:50.2781870Z remote: Compressing objects:  62% (965/1556)        
2024-03-02T16:40:50.2796904Z remote: Compressing objects:  63% (981/1556)        
2024-03-02T16:40:50.2797946Z remote: Compressing objects:  64% (996/1556)        
2024-03-02T16:40:50.2800532Z remote: Compressing objects:  65% (1012/1556)        
2024-03-02T16:40:50.2808431Z remote: Compressing objects:  66% (1027/1556)        
2024-03-02T16:40:50.2817050Z remote: Compressing objects:  67% (1043/1556)        
2024-03-02T16:40:50.2823284Z remote: Compressing objects:  68% (1059/1556)        
2024-03-02T16:40:50.2827565Z remote: Compressing objects:  69% (1074/1556)        
2024-03-02T16:40:50.2831433Z remote: Compressing objects:  70% (1090/1556)        
2024-03-02T16:40:50.2846196Z remote: Compressing objects:  71% (1105/1556)        
2024-03-02T16:40:50.2857609Z remote: Compressing objects:  72% (1121/1556)        
2024-03-02T16:40:50.2870499Z remote: Compressing objects:  73% (1136/1556)        
2024-03-02T16:40:50.2875951Z remote: Compressing objects:  74% (1152/1556)        
2024-03-02T16:40:50.2886660Z remote: Compressing objects:  75% (1167/1556)        
2024-03-02T16:40:50.2961515Z remote: Compressing objects:  76% (1183/1556)        
2024-03-02T16:40:50.2981573Z remote: Compressing objects:  77% (1199/1556)        
2024-03-02T16:40:50.2996745Z remote: Compressing objects:  78% (1214/1556)        
2024-03-02T16:40:50.3016433Z remote: Compressing objects:  79% (1230/1556)        
2024-03-02T16:40:50.3040333Z remote: Compressing objects:  80% (1245/1556)        
2024-03-02T16:40:50.3083802Z remote: Compressing objects:  81% (1261/1556)        
2024-03-02T16:40:50.3120588Z remote: Compressing objects:  82% (1276/1556)        
2024-03-02T16:40:50.3152779Z remote: Compressing objects:  83% (1292/1556)        
2024-03-02T16:40:50.3168767Z remote: Compressing objects:  84% (1308/1556)        
2024-03-02T16:40:50.3213616Z remote: Compressing objects:  85% (1323/1556)        
2024-03-02T16:40:50.3258776Z remote: Compressing objects:  86% (1339/1556)        
2024-03-02T16:40:50.3283382Z remote: Compressing objects:  87% (1354/1556)        
2024-03-02T16:40:50.3290787Z remote: Compressing objects:  88% (1370/1556)        
2024-03-02T16:40:50.3293249Z remote: Compressing objects:  89% (1385/1556)        
2024-03-02T16:40:50.3295144Z remote: Compressing objects:  90% (1401/1556)        
2024-03-02T16:40:50.3296236Z remote: Compressing objects:  91% (1416/1556)        
2024-03-02T16:40:50.3298988Z remote: Compressing objects:  92% (1432/1556)        
2024-03-02T16:40:50.3301967Z remote: Compressing objects:  93% (1448/1556)        
2024-03-02T16:40:50.3304072Z remote: Compressing objects:  94% (1463/1556)        
2024-03-02T16:40:50.3305854Z remote: Compressing objects:  95% (1479/1556)        
2024-03-02T16:40:50.3307318Z remote: Compressing objects:  96% (1494/1556)        
2024-03-02T16:40:50.3309018Z remote: Compressing objects:  97% (1510/1556)        
2024-03-02T16:40:50.3311550Z remote: Compressing objects:  98% (1525/1556)        
2024-03-02T16:40:50.3314721Z remote: Compressing objects:  99% (1541/1556)        
2024-03-02T16:40:50.3315532Z remote: Compressing objects: 100% (1556/1556)        
2024-03-02T16:40:50.3316150Z remote: Compressing objects: 100% (1556/1556), done.        
2024-03-02T16:40:50.3353897Z Receiving objects:   0% (1/1742)
2024-03-02T16:40:50.3357094Z Receiving objects:   1% (18/1742)
2024-03-02T16:40:50.3368642Z Receiving objects:   2% (35/1742)
2024-03-02T16:40:50.3457148Z Receiving objects:   3% (53/1742)
2024-03-02T16:40:50.3876446Z Receiving objects:   4% (70/1742)
2024-03-02T16:40:50.3878812Z Receiving objects:   5% (88/1742)
2024-03-02T16:40:50.3882372Z Receiving objects:   6% (105/1742)
2024-03-02T16:40:50.3887841Z Receiving objects:   7% (122/1742)
2024-03-02T16:40:50.3891728Z Receiving objects:   8% (140/1742)
2024-03-02T16:40:50.3895690Z Receiving objects:   9% (157/1742)
2024-03-02T16:40:50.3899166Z Receiving objects:  10% (175/1742)
2024-03-02T16:40:50.3902027Z Receiving objects:  11% (192/1742)
2024-03-02T16:40:50.3904779Z Receiving objects:  12% (210/1742)
2024-03-02T16:40:50.3915725Z Receiving objects:  13% (227/1742)
2024-03-02T16:40:50.3919168Z Receiving objects:  14% (244/1742)
2024-03-02T16:40:50.3921708Z Receiving objects:  15% (262/1742)
2024-03-02T16:40:50.3925645Z Receiving objects:  16% (279/1742)
2024-03-02T16:40:50.3930526Z Receiving objects:  17% (297/1742)
2024-03-02T16:40:50.3935094Z Receiving objects:  18% (314/1742)
2024-03-02T16:40:50.3940114Z Receiving objects:  19% (331/1742)
2024-03-02T16:40:50.3943943Z Receiving objects:  20% (349/1742)
2024-03-02T16:40:50.3947265Z Receiving objects:  21% (366/1742)
2024-03-02T16:40:50.3950506Z Receiving objects:  22% (384/1742)
2024-03-02T16:40:50.3954205Z Receiving objects:  23% (401/1742)
2024-03-02T16:40:50.3956850Z Receiving objects:  24% (419/1742)
2024-03-02T16:40:50.3960721Z Receiving objects:  25% (436/1742)
2024-03-02T16:40:50.3962358Z Receiving objects:  26% (453/1742)
2024-03-02T16:40:50.3964051Z Receiving objects:  27% (471/1742)
2024-03-02T16:40:50.3966617Z Receiving objects:  28% (488/1742)
2024-03-02T16:40:50.3969065Z Receiving objects:  29% (506/1742)
2024-03-02T16:40:50.3970511Z Receiving objects:  30% (523/1742)
2024-03-02T16:40:50.3974594Z Receiving objects:  31% (541/1742)
2024-03-02T16:40:50.3976543Z Receiving objects:  32% (558/1742)
2024-03-02T16:40:50.3979035Z Receiving objects:  33% (575/1742)
2024-03-02T16:40:50.3980199Z Receiving objects:  34% (593/1742)
2024-03-02T16:40:50.3982930Z Receiving objects:  35% (610/1742)
2024-03-02T16:40:50.3986709Z Receiving objects:  36% (628/1742)
2024-03-02T16:40:50.3989866Z Receiving objects:  37% (645/1742)
2024-03-02T16:40:50.3990986Z Receiving objects:  38% (662/1742)
2024-03-02T16:40:50.3993749Z Receiving objects:  39% (680/1742)
2024-03-02T16:40:50.3996179Z Receiving objects:  40% (697/1742)
2024-03-02T16:40:50.3999007Z Receiving objects:  41% (715/1742)
2024-03-02T16:40:50.4001418Z Receiving objects:  42% (732/1742)
2024-03-02T16:40:50.4004718Z Receiving objects:  43% (750/1742)
2024-03-02T16:40:50.4007797Z Receiving objects:  44% (767/1742)
2024-03-02T16:40:50.4009405Z Receiving objects:  45% (784/1742)
2024-03-02T16:40:50.4012320Z Receiving objects:  46% (802/1742)
2024-03-02T16:40:50.4014812Z Receiving objects:  47% (819/1742)
2024-03-02T16:40:50.4017600Z Receiving objects:  48% (837/1742)
2024-03-02T16:40:50.4019764Z Receiving objects:  49% (854/1742)
2024-03-02T16:40:50.4021496Z Receiving objects:  50% (871/1742)
2024-03-02T16:40:50.4023272Z Receiving objects:  51% (889/1742)
2024-03-02T16:40:50.4026032Z Receiving objects:  52% (906/1742)
2024-03-02T16:40:50.4031445Z Receiving objects:  53% (924/1742)
2024-03-02T16:40:50.4035786Z Receiving objects:  54% (941/1742)
2024-03-02T16:40:50.4042110Z Receiving objects:  55% (959/1742)
2024-03-02T16:40:50.4046093Z Receiving objects:  56% (976/1742)
2024-03-02T16:40:50.4047953Z Receiving objects:  57% (993/1742)
2024-03-02T16:40:50.4049024Z Receiving objects:  58% (1011/1742)
2024-03-02T16:40:50.4051348Z Receiving objects:  59% (1028/1742)
2024-03-02T16:40:50.4053722Z Receiving objects:  60% (1046/1742)
2024-03-02T16:40:50.4055061Z Receiving objects:  61% (1063/1742)
2024-03-02T16:40:50.4057207Z Receiving objects:  62% (1081/1742)
2024-03-02T16:40:50.4059244Z Receiving objects:  63% (1098/1742)
2024-03-02T16:40:50.4060412Z Receiving objects:  64% (1115/1742)
2024-03-02T16:40:50.4062863Z Receiving objects:  65% (1133/1742)
2024-03-02T16:40:50.4065139Z Receiving objects:  66% (1150/1742)
2024-03-02T16:40:50.4065960Z Receiving objects:  67% (1168/1742)
2024-03-02T16:40:50.4068078Z Receiving objects:  68% (1185/1742)
2024-03-02T16:40:50.4072175Z Receiving objects:  69% (1202/1742)
2024-03-02T16:40:50.4072839Z Receiving objects:  70% (1220/1742)
2024-03-02T16:40:50.4079366Z Receiving objects:  71% (1237/1742)
2024-03-02T16:40:50.4091048Z Receiving objects:  72% (1255/1742)
2024-03-02T16:40:50.4093924Z Receiving objects:  73% (1272/1742)
2024-03-02T16:40:50.4096789Z Receiving objects:  74% (1290/1742)
2024-03-02T16:40:50.4206833Z Receiving objects:  75% (1307/1742)
2024-03-02T16:40:50.4323340Z Receiving objects:  76% (1324/1742)
2024-03-02T16:40:50.4418964Z Receiving objects:  77% (1342/1742)
2024-03-02T16:40:50.4577472Z Receiving objects:  78% (1359/1742)
2024-03-02T16:40:50.4705496Z Receiving objects:  79% (1377/1742)
2024-03-02T16:40:50.4910360Z Receiving objects:  80% (1394/1742)
2024-03-02T16:40:50.4915748Z Receiving objects:  81% (1412/1742)
2024-03-02T16:40:50.4919026Z Receiving objects:  82% (1429/1742)
2024-03-02T16:40:50.4921435Z Receiving objects:  83% (1446/1742)
2024-03-02T16:40:50.4927767Z Receiving objects:  84% (1464/1742)
2024-03-02T16:40:50.4932024Z Receiving objects:  85% (1481/1742)
2024-03-02T16:40:50.4938568Z Receiving objects:  86% (1499/1742)
2024-03-02T16:40:50.4946123Z Receiving objects:  87% (1516/1742)
2024-03-02T16:40:50.4951205Z Receiving objects:  88% (1533/1742)
2024-03-02T16:40:50.4957547Z Receiving objects:  89% (1551/1742)
2024-03-02T16:40:50.4963852Z Receiving objects:  90% (1568/1742)
2024-03-02T16:40:50.4970274Z Receiving objects:  91% (1586/1742)
2024-03-02T16:40:50.4976173Z Receiving objects:  92% (1603/1742)
2024-03-02T16:40:50.4980952Z Receiving objects:  93% (1621/1742)
2024-03-02T16:40:50.4985580Z Receiving objects:  94% (1638/1742)
2024-03-02T16:40:50.4990182Z Receiving objects:  95% (1655/1742)
2024-03-02T16:40:50.4993101Z Receiving objects:  96% (1673/1742)
2024-03-02T16:40:50.5002555Z Receiving objects:  97% (1690/1742)
2024-03-02T16:40:50.5013125Z Receiving objects:  98% (1708/1742)
2024-03-02T16:40:50.5031601Z Receiving objects:  99% (1725/1742)
2024-03-02T16:40:50.5032964Z remote: Total 1742 (delta 280), reused 964 (delta 147), pack-reused 0        
2024-03-02T16:40:50.5041415Z Receiving objects: 100% (1742/1742)
2024-03-02T16:40:50.5042368Z Receiving objects: 100% (1742/1742), 6.59 MiB | 39.03 MiB/s, done.
2024-03-02T16:40:50.5046470Z Resolving deltas:   0% (0/280)
2024-03-02T16:40:50.5047566Z Resolving deltas:   1% (3/280)
2024-03-02T16:40:50.5054258Z Resolving deltas:   2% (6/280)
2024-03-02T16:40:50.5056606Z Resolving deltas:   3% (9/280)
2024-03-02T16:40:50.5058254Z Resolving deltas:   4% (12/280)
2024-03-02T16:40:50.5075171Z Resolving deltas:   5% (14/280)
2024-03-02T16:40:50.5075790Z Resolving deltas:   6% (17/280)
2024-03-02T16:40:50.5076580Z Resolving deltas:   7% (20/280)
2024-03-02T16:40:50.5080307Z Resolving deltas:   8% (23/280)
2024-03-02T16:40:50.5081764Z Resolving deltas:   9% (26/280)
2024-03-02T16:40:50.5084841Z Resolving deltas:  10% (28/280)
2024-03-02T16:40:50.5085967Z Resolving deltas:  11% (31/280)
2024-03-02T16:40:50.5089498Z Resolving deltas:  12% (34/280)
2024-03-02T16:40:50.5090247Z Resolving deltas:  13% (37/280)
2024-03-02T16:40:50.5091342Z Resolving deltas:  14% (40/280)
2024-03-02T16:40:50.5093827Z Resolving deltas:  15% (42/280)
2024-03-02T16:40:50.5094993Z Resolving deltas:  16% (45/280)
2024-03-02T16:40:50.5095709Z Resolving deltas:  17% (48/280)
2024-03-02T16:40:50.5096505Z Resolving deltas:  18% (51/280)
2024-03-02T16:40:50.5097198Z Resolving deltas:  19% (54/280)
2024-03-02T16:40:50.5104019Z Resolving deltas:  20% (56/280)
2024-03-02T16:40:50.5105072Z Resolving deltas:  21% (59/280)
2024-03-02T16:40:50.5106143Z Resolving deltas:  22% (62/280)
2024-03-02T16:40:50.5107084Z Resolving deltas:  23% (65/280)
2024-03-02T16:40:50.5108495Z Resolving deltas:  24% (68/280)
2024-03-02T16:40:50.5109529Z Resolving deltas:  25% (70/280)
2024-03-02T16:40:50.5110329Z Resolving deltas:  26% (73/280)
2024-03-02T16:40:50.5110993Z Resolving deltas:  27% (76/280)
2024-03-02T16:40:50.5111572Z Resolving deltas:  28% (79/280)
2024-03-02T16:40:50.5112286Z Resolving deltas:  29% (82/280)
2024-03-02T16:40:50.5112929Z Resolving deltas:  30% (84/280)
2024-03-02T16:40:50.5115576Z Resolving deltas:  31% (87/280)
2024-03-02T16:40:50.5116520Z Resolving deltas:  32% (90/280)
2024-03-02T16:40:50.5117188Z Resolving deltas:  33% (93/280)
2024-03-02T16:40:50.5117847Z Resolving deltas:  34% (96/280)
2024-03-02T16:40:50.5118520Z Resolving deltas:  35% (98/280)
2024-03-02T16:40:50.5119198Z Resolving deltas:  36% (101/280)
2024-03-02T16:40:50.5119877Z Resolving deltas:  37% (104/280)
2024-03-02T16:40:50.5120691Z Resolving deltas:  38% (107/280)
2024-03-02T16:40:50.5121389Z Resolving deltas:  39% (110/280)
2024-03-02T16:40:50.5122167Z Resolving deltas:  40% (112/280)
2024-03-02T16:40:50.5123192Z Resolving deltas:  41% (115/280)
2024-03-02T16:40:50.5123847Z Resolving deltas:  42% (118/280)
2024-03-02T16:40:50.5124481Z Resolving deltas:  43% (121/280)
2024-03-02T16:40:50.5125238Z Resolving deltas:  44% (124/280)
2024-03-02T16:40:50.5125880Z Resolving deltas:  45% (126/280)
2024-03-02T16:40:50.5126451Z Resolving deltas:  46% (129/280)
2024-03-02T16:40:50.5127204Z Resolving deltas:  47% (132/280)
2024-03-02T16:40:50.5127874Z Resolving deltas:  48% (135/280)
2024-03-02T16:40:50.5128488Z Resolving deltas:  49% (138/280)
2024-03-02T16:40:50.5129187Z Resolving deltas:  50% (140/280)
2024-03-02T16:40:50.5129806Z Resolving deltas:  51% (143/280)
2024-03-02T16:40:50.5130717Z Resolving deltas:  52% (146/280)
2024-03-02T16:40:50.5131433Z Resolving deltas:  53% (149/280)
2024-03-02T16:40:50.5132003Z Resolving deltas:  54% (152/280)
2024-03-02T16:40:50.5132649Z Resolving deltas:  55% (154/280)
2024-03-02T16:40:50.5133357Z Resolving deltas:  56% (157/280)
2024-03-02T16:40:50.5133970Z Resolving deltas:  57% (160/280)
2024-03-02T16:40:50.5134931Z Resolving deltas:  58% (163/280)
2024-03-02T16:40:50.5135854Z Resolving deltas:  59% (166/280)
2024-03-02T16:40:50.5137021Z Resolving deltas:  60% (168/280)
2024-03-02T16:40:50.5139520Z Resolving deltas:  61% (171/280)
2024-03-02T16:40:50.5140754Z Resolving deltas:  62% (175/280)
2024-03-02T16:40:50.5141404Z Resolving deltas:  63% (177/280)
2024-03-02T16:40:50.5142444Z Resolving deltas:  64% (180/280)
2024-03-02T16:40:50.5143172Z Resolving deltas:  65% (182/280)
2024-03-02T16:40:50.5143845Z Resolving deltas:  66% (185/280)
2024-03-02T16:40:50.5144556Z Resolving deltas:  67% (188/280)
2024-03-02T16:40:50.5145184Z Resolving deltas:  68% (191/280)
2024-03-02T16:40:50.5145884Z Resolving deltas:  69% (194/280)
2024-03-02T16:40:50.5146960Z Resolving deltas:  70% (196/280)
2024-03-02T16:40:50.5147574Z Resolving deltas:  71% (199/280)
2024-03-02T16:40:50.5149616Z Resolving deltas:  72% (202/280)
2024-03-02T16:40:50.5150823Z Resolving deltas:  73% (205/280)
2024-03-02T16:40:50.5151453Z Resolving deltas:  74% (208/280)
2024-03-02T16:40:50.5152221Z Resolving deltas:  75% (210/280)
2024-03-02T16:40:50.5152857Z Resolving deltas:  76% (213/280)
2024-03-02T16:40:50.5153432Z Resolving deltas:  77% (216/280)
2024-03-02T16:40:50.5154167Z Resolving deltas:  78% (219/280)
2024-03-02T16:40:50.5154988Z Resolving deltas:  79% (222/280)
2024-03-02T16:40:50.5157428Z Resolving deltas:  80% (225/280)
2024-03-02T16:40:50.5158444Z Resolving deltas:  81% (227/280)
2024-03-02T16:40:50.5159201Z Resolving deltas:  82% (230/280)
2024-03-02T16:40:50.5160595Z Resolving deltas:  83% (233/280)
2024-03-02T16:40:50.5164449Z Resolving deltas:  84% (236/280)
2024-03-02T16:40:50.5171524Z Resolving deltas:  85% (238/280)
2024-03-02T16:40:50.5174312Z Resolving deltas:  86% (241/280)
2024-03-02T16:40:50.5176644Z Resolving deltas:  87% (244/280)
2024-03-02T16:40:50.5178514Z Resolving deltas:  88% (247/280)
2024-03-02T16:40:50.5180728Z Resolving deltas:  89% (250/280)
2024-03-02T16:40:50.5182833Z Resolving deltas:  90% (252/280)
2024-03-02T16:40:50.5184859Z Resolving deltas:  91% (255/280)
2024-03-02T16:40:50.5187465Z Resolving deltas:  92% (258/280)
2024-03-02T16:40:50.5190301Z Resolving deltas:  93% (261/280)
2024-03-02T16:40:50.5191086Z Resolving deltas:  94% (264/280)
2024-03-02T16:40:50.5193158Z Resolving deltas:  95% (266/280)
2024-03-02T16:40:50.5194227Z Resolving deltas:  96% (269/280)
2024-03-02T16:40:50.5195143Z Resolving deltas:  97% (272/280)
2024-03-02T16:40:50.5198258Z Resolving deltas:  98% (275/280)
2024-03-02T16:40:50.5199507Z Resolving deltas:  99% (278/280)
2024-03-02T16:40:50.5201166Z Resolving deltas: 100% (280/280)
2024-03-02T16:40:50.5201906Z Resolving deltas: 100% (280/280), done.
2024-03-02T16:40:50.5350419Z From https://github.com/rubyforgood/human-essentials
2024-03-02T16:40:50.5352121Z  * [new ref]         6df1f4f6ffb243aff016055faca054ee4ff8fe4a -> pull/4011/merge
2024-03-02T16:40:50.5378659Z ##[endgroup]
2024-03-02T16:40:50.5379791Z ##[group]Determining the checkout info
2024-03-02T16:40:50.5380909Z ##[endgroup]
2024-03-02T16:40:50.5381906Z ##[group]Checking out the ref
2024-03-02T16:40:50.5386525Z [command]/usr/bin/git checkout --progress --force refs/remotes/pull/4011/merge
2024-03-02T16:40:50.6740684Z Note: switching to 'refs/remotes/pull/4011/merge'.
2024-03-02T16:40:50.6741865Z 
2024-03-02T16:40:50.6743714Z You are in 'detached HEAD' state. You can look around, make experimental
2024-03-02T16:40:50.6750800Z changes and commit them, and you can discard any commits you make in this
2024-03-02T16:40:50.6752607Z state without impacting any branches by switching back to a branch.
2024-03-02T16:40:50.6753646Z 
2024-03-02T16:40:50.6754255Z If you want to create a new branch to retain commits you create, you may
2024-03-02T16:40:50.6756068Z do so (now or later) by using -c with the switch command. Example:
2024-03-02T16:40:50.6756825Z 
2024-03-02T16:40:50.6757214Z   git switch -c <new-branch-name>
2024-03-02T16:40:50.6757811Z 
2024-03-02T16:40:50.6758121Z Or undo this operation with:
2024-03-02T16:40:50.6758521Z 
2024-03-02T16:40:50.6758762Z   git switch -
2024-03-02T16:40:50.6759117Z 
2024-03-02T16:40:50.6759786Z Turn off this advice by setting config variable advice.detachedHead to false
2024-03-02T16:40:50.6760724Z 
2024-03-02T16:40:50.6761578Z HEAD is now at 6df1f4f Merge 855fe739a4d986e3db85a0b9fd1b281f47a52ae7 into 30bed4096808c616d01e27fa58fc40d07faa11eb
2024-03-02T16:40:50.6763414Z ##[endgroup]
2024-03-02T16:40:50.6805608Z [command]/usr/bin/git log -1 --format='%H'
2024-03-02T16:40:50.6839915Z '6df1f4f6ffb243aff016055faca054ee4ff8fe4a'
2024-03-02T16:40:50.7134300Z ##[group]Run ruby/setup-ruby@v1
2024-03-02T16:40:50.7134733Z with:
2024-03-02T16:40:50.7135063Z   bundler-cache: true
2024-03-02T16:40:50.7135525Z   ruby-version: default
2024-03-02T16:40:50.7135846Z ##[endgroup]
2024-03-02T16:40:50.8880786Z Using 3.2.2 as input from file .ruby-version
2024-03-02T16:40:50.8918167Z ##[group]Modifying PATH
2024-03-02T16:40:50.8918970Z Entries added to PATH to use selected Ruby:
2024-03-02T16:40:50.8920890Z   /opt/hostedtoolcache/Ruby/3.2.2/x64/bin
2024-03-02T16:40:50.8922415Z ##[endgroup]
2024-03-02T16:40:50.8947473Z ##[group]Downloading Ruby
2024-03-02T16:40:50.8952201Z https://github.com/ruby/ruby-builder/releases/download/toolcache/ruby-3.2.2-ubuntu-22.04.tar.gz
2024-03-02T16:40:51.2134990Z Took   0.32 seconds
2024-03-02T16:40:51.2137815Z ##[endgroup]
2024-03-02T16:40:51.2138674Z ##[group]Extracting  Ruby
2024-03-02T16:40:51.2172237Z [command]/usr/bin/tar -xz -C /opt/hostedtoolcache/Ruby/3.2.2 -f /home/runner/work/_temp/d7da6b8f-fa35-4974-91ed-15c3081095ef
2024-03-02T16:40:51.6070876Z Took   0.39 seconds
2024-03-02T16:40:51.6072253Z ##[endgroup]
2024-03-02T16:40:51.6073362Z ##[group]Print Ruby version
2024-03-02T16:40:51.6086256Z [command]/opt/hostedtoolcache/Ruby/3.2.2/x64/bin/ruby --version
2024-03-02T16:40:51.6301180Z ruby 3.2.2 (2023-03-30 revision e51014f9c0) [x86_64-linux]
2024-03-02T16:40:51.6319623Z Took   0.02 seconds
2024-03-02T16:40:51.6321004Z ##[endgroup]
2024-03-02T16:40:51.6322049Z ##[group]Installing Bundler
2024-03-02T16:40:51.6328409Z Using Bundler 2.5.4 from Gemfile.lock BUNDLED WITH 2.5.4
2024-03-02T16:40:51.6333106Z [command]/opt/hostedtoolcache/Ruby/3.2.2/x64/bin/gem install bundler -v 2.5.4
2024-03-02T16:40:52.0828565Z Successfully installed bundler-2.5.4
2024-03-02T16:40:52.0829288Z 1 gem installed
2024-03-02T16:40:52.0881374Z Took   0.46 seconds
2024-03-02T16:40:52.0882682Z ##[endgroup]
2024-03-02T16:40:52.0883331Z > bundle install
2024-03-02T16:40:52.0899272Z [command]/opt/hostedtoolcache/Ruby/3.2.2/x64/bin/bundle config --local path /home/runner/work/human-essentials/human-essentials/vendor/bundle
2024-03-02T16:40:52.2370860Z [command]/opt/hostedtoolcache/Ruby/3.2.2/x64/bin/bundle config --local deployment true
2024-03-02T16:40:52.3851455Z Cache key: setup-ruby-bundler-cache-v6-ubuntu-22.04-x64-ruby-3.2.2-wd-/home/runner/work/human-essentials/human-essentials-with--without--only--Gemfile.lock-39ae7e18d3992f620a5bdbd3de4b2af3682e809187e3b75b2d630b2a6c035aea
2024-03-02T16:40:53.1853240Z Cache Size: ~205 MB (214852537 B)
2024-03-02T16:40:53.1981730Z [command]/usr/bin/tar -xf /home/runner/work/_temp/f17d3e82-798c-4b53-8669-f98d12f7dadd/cache.tzst -P -C /home/runner/work/human-essentials/human-essentials --use-compress-program unzstd
2024-03-02T16:40:53.4611052Z Received 214852537 of 214852537 (100.0%), 204.9 MBs/sec
2024-03-02T16:40:54.8123731Z Cache restored successfully
2024-03-02T16:40:54.8549409Z Found cache for key: setup-ruby-bundler-cache-v6-ubuntu-22.04-x64-ruby-3.2.2-wd-/home/runner/work/human-essentials/human-essentials-with--without--only--Gemfile.lock-39ae7e18d3992f620a5bdbd3de4b2af3682e809187e3b75b2d630b2a6c035aea
2024-03-02T16:40:54.8561059Z [command]/opt/hostedtoolcache/Ruby/3.2.2/x64/bin/bundle install --jobs 4
2024-03-02T16:40:55.2325826Z Bundle complete! 85 Gemfile dependencies, 246 gems now installed.
2024-03-02T16:40:55.2327220Z Bundled gems are installed into `./vendor/bundle`
2024-03-02T16:40:55.2370816Z Took   3.15 seconds
2024-03-02T16:40:55.2536919Z ##[group]Run sudo apt-get -yqq install libpq-dev
2024-03-02T16:40:55.2537554Z [36;1msudo apt-get -yqq install libpq-dev[0m
2024-03-02T16:40:55.2582444Z shell: /usr/bin/bash -e {0}
2024-03-02T16:40:55.2583000Z ##[endgroup]
2024-03-02T16:40:56.4477074Z ##[group]Run bundle exec rake db:create
2024-03-02T16:40:56.4477598Z [36;1mbundle exec rake db:create[0m
2024-03-02T16:40:56.4478164Z [36;1mbundle exec rake db:schema:load[0m
2024-03-02T16:40:56.4506170Z shell: /usr/bin/bash -e {0}
2024-03-02T16:40:56.4506577Z env:
2024-03-02T16:40:56.4506978Z   POSTGRES_HOST: localhost
2024-03-02T16:40:56.4507390Z   DATABASE_HOST: localhost
2024-03-02T16:40:56.4508011Z   PG_USERNAME: postgres
2024-03-02T16:40:56.4508540Z   PG_PASSWORD: password
2024-03-02T16:40:56.4508960Z   POSTGRES_HOST_AUTH_METHOD: trust
2024-03-02T16:40:56.4509377Z   POSTGRES_PORT: 5432
2024-03-02T16:40:56.4509815Z   RAILS_ENV: test
2024-03-02T16:40:56.4510154Z ##[endgroup]
2024-03-02T16:41:02.9637452Z We could not find your database: diaper_test. Which can be found in the database configuration file located at config/database.yml.
2024-03-02T16:41:02.9638363Z 
2024-03-02T16:41:02.9638555Z To resolve this issue:
2024-03-02T16:41:02.9638975Z 
2024-03-02T16:41:02.9639861Z - Did you create the database for this app, or delete it? You may need to create your database.
2024-03-02T16:41:02.9641040Z - Has the database name changed? Check your database.yml config has the correct database name.
2024-03-02T16:41:02.9641750Z 
2024-03-02T16:41:02.9641910Z To create your database, run:
2024-03-02T16:41:02.9642232Z 
2024-03-02T16:41:02.9642380Z         bin/rails db:create
2024-03-02T16:41:02.9643044Z . You likely need to run `rails g flipper:active_record` and/or `rails db:migrate`.
2024-03-02T16:41:03.2020941Z Created database 'diaper_test'
2024-03-02T16:41:03.4974006Z Coverage report generated for RSpec to /home/runner/work/human-essentials/human-essentials/coverage. 329 / 10194 LOC (3.23%) covered.
2024-03-02T16:41:09.7179426Z PG::UndefinedTable: ERROR:  relation "flipper_gates" does not exist
2024-03-02T16:41:09.7181237Z LINE 9:  WHERE a.attrelid = '"flipper_gates"'::regclass
2024-03-02T16:41:09.7182049Z                             ^
2024-03-02T16:41:09.7183049Z . You likely need to run `rails g flipper:active_record` and/or `rails db:migrate`.
2024-03-02T16:41:10.6103895Z Coverage report generated for RSpec to /home/runner/work/human-essentials/human-essentials/coverage. 329 / 10194 LOC (3.23%) covered.
2024-03-02T16:41:10.6490352Z ##[group]Run RUBYOPT='-W:no-deprecated -W:no-experimental' bin/knapsack_pro_rspec
2024-03-02T16:41:10.6491324Z [36;1mRUBYOPT='-W:no-deprecated -W:no-experimental' bin/knapsack_pro_rspec[0m
2024-03-02T16:41:10.6519970Z shell: /usr/bin/bash -e {0}
2024-03-02T16:41:10.6520372Z env:
2024-03-02T16:41:10.6520714Z   POSTGRES_HOST: localhost
2024-03-02T16:41:10.6521191Z   DATABASE_HOST: localhost
2024-03-02T16:41:10.6521586Z   PG_USERNAME: postgres
2024-03-02T16:41:10.6522026Z   PG_PASSWORD: password
2024-03-02T16:41:10.6522376Z   POSTGRES_HOST_AUTH_METHOD: trust
2024-03-02T16:41:10.6522806Z   POSTGRES_PORT: 5432
2024-03-02T16:41:10.6523242Z   PGHOST: localhost
2024-03-02T16:41:10.6523604Z   PGUSER: postgres
2024-03-02T16:41:10.6523941Z   RAILS_ENV: test
2024-03-02T16:41:10.6524601Z   KNAPSACK_PRO_TEST_SUITE_TOKEN_RSPEC: ***
2024-03-02T16:41:10.6525084Z   KNAPSACK_PRO_CI_NODE_TOTAL: 2
2024-03-02T16:41:10.6525487Z   KNAPSACK_PRO_CI_NODE_INDEX: 1
2024-03-02T16:41:10.6526098Z   KNAPSACK_PRO_RSPEC_SPLIT_BY_TEST_EXAMPLES: true
2024-03-02T16:41:10.6526571Z   KNAPSACK_PRO_LOG_LEVEL: info
2024-03-02T16:41:10.6527290Z   KNAPSACK_PRO_TEST_FILE_EXCLUDE_PATTERN: {spec/system/**{,/*/**}/*_spec.rb,spec/requests/**{,/*/**}/*_spec.rb}
2024-03-02T16:41:10.6528185Z   EVENTS_READ: true
2024-03-02T16:41:10.6528524Z ##[endgroup]
2024-03-02T16:41:20.0860157Z /opt/hostedtoolcache/Ruby/3.2.2/x64/bin/ruby -I/home/runner/work/human-essentials/human-essentials/vendor/bundle/ruby/3.2.0/gems/rspec-core-3.12.2/lib:/home/runner/work/human-essentials/human-essentials/vendor/bundle/ruby/3.2.0/gems/rspec-support-3.12.1/lib /home/runner/work/human-essentials/human-essentials/vendor/bundle/ruby/3.2.0/gems/rspec-core-3.12.2/exe/rspec  --format documentation --format KnapsackPro::Formatters::TimeTracker --default-path spec "spec/events/inventory_aggregate_spec.rb" "spec/models/distribution_spec.rb" "spec/services/kit_create_service_spec.rb" "spec/services/organization_update_service_spec.rb" "spec/models/kit_spec.rb" "spec/models/partner_spec.rb" "spec/services/partner_create_service_spec.rb" "spec/services/reports/adult_incontinence_report_service_spec.rb" "spec/services/allocate_kit_inventory_service_spec.rb" "spec/services/transfer_destroy_service_spec.rb" "spec/services/deallocate_kit_inventory_service_spec.rb" "spec/services/add_role_service_spec.rb" "spec/services/reports/warehouse_report_service_spec.rb" "spec/services/reports/acquisition_report_service_spec.rb" "spec/models/storage_location_spec.rb" "spec/controllers/application_controller_spec.rb" "spec/services/item_create_service_spec.rb" "spec/services/reports/period_supply_report_service_spec.rb" "spec/queries/items_in_query_spec.rb" "spec/jobs/partner_mailer_job_spec.rb" "spec/models/adjustment_spec.rb" "spec/queries/items_in_total_query_spec.rb" "spec/models/donation_spec.rb" "spec/jobs/historical_data_cache_job_spec.rb" "spec/controllers/distributions_controller_spec.rb" "spec/models/manufacturer_spec.rb" "spec/models/purchase_spec.rb" "spec/mailers/distribution_mailer_spec.rb" "spec/models/event_spec.rb" "spec/services/exports/export_request_service_spec.rb" "spec/controllers/transfers_controller_spec.rb" "spec/services/partners/fetch_partners_to_remind_now_service_spec.rb" "spec/services/historical_trend_service_spec.rb" "spec/services/distribution_update_service_spec.rb" "spec/mailers/account_request_mailer_spec.rb" "spec/services/donation_itemized_breakdown_service_spec.rb" "spec/models/vendor_spec.rb" "spec/models/partners/profile_spec.rb" "spec/events/event_differ_spec.rb" "spec/services/calendar_service_spec.rb" "spec/services/exports/export_distributions_csv_service_spec.rb" "spec/services/partner_profile_update_service_spec.rb" "spec/pdfs/distribution_pdf_spec.rb" "spec/mailers/user_mailer_spec.rb" "spec/services/exports/export_purchases_csv_service_spec.rb" "spec/services/partners/update_family_spec.rb" "spec/services/inventory_check_service_spec.rb" "spec/services/request_destroy_service_spec.rb" "spec/queries/items_out_total_query_spec.rb" "spec/services/partner_fetch_requestable_items_service_spec.rb" "spec/models/partner_group_spec.rb" "spec/models/users_role_spec.rb" "spec/services/sync_ndbn_members_spec.rb" "spec/models/item_category_spec.rb" "spec/models/organization_stats_spec.rb" "spec/models/partners/served_area_spec.rb" "spec/jobs/notify_partner_job_spec.rb" "spec/models/request_spec.rb" "spec/models/partners/authorized_family_member_spec.rb" "spec/services/deadline_service_spec.rb" "spec/models/ndbn_member_spec.rb" "spec/controllers/help_controller_spec.rb" "spec/models/role_spec.rb" "spec/models/concerns/deadlinable_spec.rb" "spec/helpers/product_drive_helper_spec.rb" "spec/models/county_spec.rb" "spec/helpers/ui_helper_spec.rb" "spec/services/service_object_errors_mixin_spec.rb" "spec/controllers/admins_controller_spec.rb"
2024-03-02T16:41:28.6214471Z 
2024-03-02T16:41:29.4031598Z Randomized with seed 38886
2024-03-02T16:41:29.4032032Z 
2024-03-02T16:41:29.4032325Z DistributionPdf
2024-03-02T16:41:29.5040030Z   #non_request_data
2024-03-02T16:41:29.5733573Z   #request_data
2024-03-02T16:41:29.5734256Z 
2024-03-02T16:41:29.5734558Z DeallocateKitInventoryService
2024-03-02T16:41:29.5735464Z   #error
2024-03-02T16:41:29.5737022Z     when the storage location organization doesn't match
2024-03-02T16:41:29.8196686Z       returns error
2024-03-02T16:41:29.8197405Z   #deallocate
2024-03-02T16:41:29.8198276Z     when inventory items are available
2024-03-02T16:41:29.8200721Z       when  decrease_by is equal to kit's quantity in inventory_in
2024-03-02T16:41:30.1554431Z         increases the quantity of the loose items contained in the kit and decrease kit quantity, and delete inventory_in and inventory_out
2024-03-02T16:41:30.1555858Z       when decrease_by is less then kit's quantity in inventory_in
2024-03-02T16:41:30.5034459Z         will add items in inventory_out and remove kits for decrease_by from inventory_in
2024-03-02T16:41:30.5035340Z       when kit_allocation not exist for inventory_in or inventory_out
2024-03-02T16:41:30.7796912Z         raises error about KitAllocation not found
2024-03-02T16:41:30.7798786Z       when decrease_by is greater then kit's quantity in inventory_in
2024-03-02T16:41:31.0742469Z         raises error about inconsistent inventory in or out
2024-03-02T16:41:31.0743441Z 
2024-03-02T16:41:31.0743782Z Reports::AcquisitionReportService
2024-03-02T16:41:31.0744573Z   acquisition report
2024-03-02T16:41:31.9966177Z     should return the proper results on #report
2024-03-02T16:41:31.9966831Z 
2024-03-02T16:41:31.9967030Z Manufacturer
2024-03-02T16:41:31.9968079Z   versioning
2024-03-02T16:41:32.0045366Z     is expected to be versioned
2024-03-02T16:41:32.0046049Z   Methods
2024-03-02T16:41:32.0046605Z     volume
2024-03-02T16:41:32.1529803Z       ignores the amount of product from other manufacturers
2024-03-02T16:41:32.2172270Z       retrieves the amount of product that has been donated by manufacturer
2024-03-02T16:41:32.3516734Z       retrieves the amount of product that has been donated by manufacturer from multiple donations
2024-03-02T16:41:32.3517739Z   Validations
2024-03-02T16:41:32.3605639Z     must have a unique name within organization
2024-03-02T16:41:32.5343550Z     must belong to an organization
2024-03-02T16:41:32.5344242Z   Private Methods
2024-03-02T16:41:32.5345078Z     #exists_in_org?
2024-03-02T16:41:32.7078335Z       returns true if manufacturer exists in an organization
2024-03-02T16:41:32.7079051Z 
2024-03-02T16:41:32.7079470Z Deadlinable
2024-03-02T16:41:32.7080073Z   validations
2024-03-02T16:41:32.7161792Z     is expected to validate that :reminder_day looks like an integer greater than or equal to 1 and less than or equal to 28 as long as it is not nil
2024-03-02T16:41:32.7231027Z     is expected to validate that :deadline_day looks like an integer greater than or equal to 1 and less than or equal to 28 as long as it is not nil
2024-03-02T16:41:32.7272608Z     validates that reminder day is not the same as deadline day
2024-03-02T16:41:32.7273278Z 
2024-03-02T16:41:32.7274148Z Exports::ExportDistributionsCSVService
2024-03-02T16:41:32.7274989Z   #generate_csv_data
2024-03-02T16:41:32.8987376Z     should match the expected content for the csv
2024-03-02T16:41:32.8988420Z     when a new item is added
2024-03-02T16:41:33.0766881Z       should add it to the end of the row
2024-03-02T16:41:33.2644965Z       should show up with a 0 quantity if there are none of this item in any distribution
2024-03-02T16:41:33.2645818Z     when there are no distributions but the report is requested
2024-03-02T16:41:33.4312546Z       returns a csv with only headers and no rows
2024-03-02T16:41:33.4313394Z 
2024-03-02T16:41:33.4313620Z Purchase
2024-03-02T16:41:33.4318092Z   Callbacks >
2024-03-02T16:41:33.4514043Z     automatically combines duplicate line_item records when they're created
2024-03-02T16:41:33.4685198Z     inititalizes the issued_at field to default to midnight if it wasn't explicitly set
2024-03-02T16:41:33.4686522Z   behaves like itemizable
2024-03-02T16:41:33.4687265Z     .to_a
2024-03-02T16:41:33.4687798Z       with Flipper flag :deprecate_to_a enabled
2024-03-02T16:41:33.5080456Z         raises an error
2024-03-02T16:41:33.5081285Z       with Flipper flag :deprecate_to_a disabled
2024-03-02T16:41:33.5462299Z         calls line_item_values
2024-03-02T16:41:33.5463186Z     .line_items
2024-03-02T16:41:33.5464167Z       combine!
2024-03-02T16:41:33.5978107Z         incrementally combines line_items on donations that have already been created
2024-03-02T16:41:33.6398041Z         combines multiple line_items with the same item_id into a single record
2024-03-02T16:41:33.6398746Z       total
2024-03-02T16:41:33.6804936Z         has an item total
2024-03-02T16:41:33.6805825Z       quantities_by_name
2024-03-02T16:41:33.7201633Z         leaves out zero-quantitied items if requested
2024-03-02T16:41:33.7580312Z         returns a hash of items with id, name, and quantity
2024-03-02T16:41:33.7581466Z       sorted
2024-03-02T16:41:33.8155568Z         displays the items, sorted by name
2024-03-02T16:41:33.8156524Z   versioning
2024-03-02T16:41:33.8192053Z     is expected to be versioned
2024-03-02T16:41:33.8192819Z   Associations >
2024-03-02T16:41:33.8193555Z     items >
2024-03-02T16:41:33.8384749Z       has_many
2024-03-02T16:41:33.8385356Z   Scopes >
2024-03-02T16:41:33.8386133Z     during >
2024-03-02T16:41:33.8632809Z       returns all purchases created between two dates
2024-03-02T16:41:33.8633815Z   Methods >
2024-03-02T16:41:33.8634368Z     remove
2024-03-02T16:41:33.9352804Z       removes the item from the purchase
2024-03-02T16:41:34.0087103Z       fails gracefully if the item doesn't exist
2024-03-02T16:41:34.0087926Z     storage_view
2024-03-02T16:41:34.0722135Z       returns name of storage location
2024-03-02T16:41:34.0722921Z   Validations >
2024-03-02T16:41:34.0902820Z     is not valid if any category is non-zero but does not add up to the total
2024-03-02T16:41:34.0990372Z     is not valid if categories do not add up
2024-03-02T16:41:34.1071738Z     ensures that the issued at is no earlier than 2000
2024-03-02T16:41:34.1158096Z     is not valid if period supplies is non-zero but no other category is
2024-03-02T16:41:34.1232112Z     requires an inventory (storage location)
2024-03-02T16:41:34.1409436Z     is invalid when the line items are invalid
2024-03-02T16:41:34.1492554Z     is valid if all categories add up to total
2024-03-02T16:41:34.1567434Z     must belong to an organization
2024-03-02T16:41:34.1647888Z     is valid if categories have no values
2024-03-02T16:41:34.1648735Z 
2024-03-02T16:41:34.1649056Z TransfersController
2024-03-02T16:41:34.1650273Z   While signed in
2024-03-02T16:41:34.1652262Z     GET #show
2024-03-02T16:41:34.2052486Z       returns http success
2024-03-02T16:41:34.2053219Z     POST #create
2024-03-02T16:41:34.2234846Z       renders to #new when failing
2024-03-02T16:41:34.2626063Z       redirects to #show when successful
2024-03-02T16:41:34.2626893Z     Looking at a different organization
2024-03-02T16:41:34.4424401Z       redirects the user to the sign-in page for CRUD actions
2024-03-02T16:41:34.4425236Z     GET #new
2024-03-02T16:41:34.4547403Z       returns http success
2024-03-02T16:41:34.4548318Z     GET #index
2024-03-02T16:41:34.4673916Z       returns http success
2024-03-02T16:41:34.4674846Z       when filtering by date
2024-03-02T16:41:34.4675650Z         when date parameters are not supplied
2024-03-02T16:41:34.5022560Z           returns all objects
2024-03-02T16:41:34.5023291Z         when date parameters are supplied
2024-03-02T16:41:34.5369630Z           only returns the correct obejects
2024-03-02T16:41:34.5370595Z   While not signed in
2024-03-02T16:41:34.5501074Z     redirects the user to the sign-in page for CRUD actions
2024-03-02T16:41:34.5501697Z 
2024-03-02T16:41:34.5502164Z DonationItemizedBreakdownService
2024-03-02T16:41:34.5504641Z   #fetch
2024-03-02T16:41:34.9489633Z     return the list of items donated with distributed
2024-03-02T16:41:34.9490308Z 
2024-03-02T16:41:34.9490563Z Partners::Profile
2024-03-02T16:41:34.9529560Z   must allow deleting served_areas
2024-03-02T16:41:34.9530568Z   associations
2024-03-02T16:41:34.9579800Z     is expected to have many served_areas
2024-03-02T16:41:34.9618643Z     is expected to have a has_one_attached called proof_of_form_990
2024-03-02T16:41:34.9656856Z     is expected to have a has_one_attached called proof_of_partner_status
2024-03-02T16:41:34.9695647Z     is expected to have a has_many_attached called documents
2024-03-02T16:41:34.9696650Z   request settings validation for profile
2024-03-02T16:41:34.9697632Z     no settings are set to true
2024-03-02T16:41:34.9748575Z       should not be valid
2024-03-02T16:41:34.9749479Z     at least one request type is set to true
2024-03-02T16:41:34.9828704Z       should be valid when enable_quantity_based_requests is true
2024-03-02T16:41:34.9902315Z       should be valid when enable_individual_requests is true
2024-03-02T16:41:34.9982148Z       should be valid when enable_child_based_requests is true
2024-03-02T16:41:34.9982735Z   versioning
2024-03-02T16:41:35.0021722Z     is expected to be versioned
2024-03-02T16:41:35.0023112Z   social media info validation for profile
2024-03-02T16:41:35.0024037Z     no social media presence and the checkbox is checked
2024-03-02T16:41:35.0084684Z       should be valid
2024-03-02T16:41:35.0085760Z     no social media presence and the checkbox isn't checked
2024-03-02T16:41:35.0145023Z       should not be valid
2024-03-02T16:41:35.0249933Z       should be valid if media_information is not needed
2024-03-02T16:41:35.0250981Z     has social media presence and the checkbox is unchecked
2024-03-02T16:41:35.0321768Z       with just instagram it should be valid
2024-03-02T16:41:35.0391269Z       with every social media option it should be valid
2024-03-02T16:41:35.0461207Z       with just twitter it should be valid
2024-03-02T16:41:35.0528780Z       with just facebook it should be valid
2024-03-02T16:41:35.0596830Z       with just a website it should be valid
2024-03-02T16:41:35.0597660Z   client share behaviour
2024-03-02T16:41:35.0598412Z     multiple
2024-03-02T16:41:35.0845673Z       sums the client shares
2024-03-02T16:41:35.1003402Z       is valid if client share sum is 100
2024-03-02T16:41:35.1004382Z     no served areas
2024-03-02T16:41:35.1053516Z       has 0 client share
2024-03-02T16:41:35.1054579Z 
2024-03-02T16:41:35.1054808Z Vendor
2024-03-02T16:41:35.1056098Z   Methods
2024-03-02T16:41:35.1056890Z     volume
2024-03-02T16:41:35.1734495Z       retrieves the amount of product that has been bought from this vendor
2024-03-02T16:41:35.1735496Z   behaves like provideable
2024-03-02T16:41:35.1736096Z     Validations
2024-03-02T16:41:35.1773520Z       is invalid without an organization
2024-03-02T16:41:35.1831588Z       is invalid unless it has either a contact name or a business name
2024-03-02T16:41:35.1832599Z     import_csv
2024-03-02T16:41:35.3566976Z       imports from a csv file
2024-03-02T16:41:35.3567684Z     geocode
2024-03-02T16:41:35.3626554Z       adds coordinates to the database
2024-03-02T16:41:35.3627515Z   versioning
2024-03-02T16:41:35.3662477Z     is expected to be versioned
2024-03-02T16:41:35.3663173Z 
2024-03-02T16:41:35.3663684Z PartnerProfileUpdateService
2024-03-02T16:41:35.3664430Z   #call
2024-03-02T16:41:35.3665655Z     when served area client shares pre-exist
2024-03-02T16:41:35.3666508Z       and the new values are incorrect
2024-03-02T16:41:35.3984117Z         maintains the old values and returns failure
2024-03-02T16:41:35.3984991Z       and the new values are correct
2024-03-02T16:41:35.3985706Z         and there are errors on the profile
2024-03-02T16:41:35.4277855Z           maintains the old values and returns failure
2024-03-02T16:41:35.4278756Z         and there are no other errors
2024-03-02T16:41:35.4576415Z           replaces the old values and returns success
2024-03-02T16:41:35.4577733Z     when there are no pre-existing served areas
2024-03-02T16:41:35.4578606Z       and the new values are incorrect
2024-03-02T16:41:35.4766828Z 0
2024-03-02T16:41:35.4777370Z         does not store the new values and returns a failure
2024-03-02T16:41:35.4778302Z       and the new values are correct
2024-03-02T16:41:35.4988592Z         stores the new values and returns success
2024-03-02T16:41:35.4989536Z         and there are other errors in the profile
2024-03-02T16:41:35.5194229Z           does not store the new values and it returns a failure
2024-03-02T16:41:35.5195405Z 
2024-03-02T16:41:35.5195631Z ItemsInQuery
2024-03-02T16:41:35.5196307Z   items_in
2024-03-02T16:41:35.8730263Z     does not count transfers going in the negative direction
2024-03-02T16:41:36.1665316Z     includes donations, purchases, adjustments, transfers among sources
2024-03-02T16:41:36.5064627Z     does not count negative adjustments towards in-flow
2024-03-02T16:41:36.7767764Z     returns a collection with the fields name, item_id, quantity
2024-03-02T16:41:36.7768465Z 
2024-03-02T16:41:36.7768924Z Request
2024-03-02T16:41:36.7769535Z   total_items
2024-03-02T16:41:36.7870496Z     adds the quantity of all items in the request
2024-03-02T16:41:36.7871411Z   Enums >
2024-03-02T16:41:36.7871947Z     #status
2024-03-02T16:41:36.8077298Z       scopes
2024-03-02T16:41:36.8077937Z   item data
2024-03-02T16:41:36.8166805Z     coerces item quantity and id to always be an integer before saving
2024-03-02T16:41:36.8167724Z   versioning
2024-03-02T16:41:36.8203136Z     is expected to be versioned
2024-03-02T16:41:36.8203834Z 
2024-03-02T16:41:36.8204113Z PartnerGroup
2024-03-02T16:41:36.8205473Z   versioning
2024-03-02T16:41:36.8283927Z     is expected to be versioned
2024-03-02T16:41:36.8284461Z   associations
2024-03-02T16:41:36.8344736Z     is expected to have and belong to many item_categories
2024-03-02T16:41:36.8378985Z     is expected to have many partners
2024-03-02T16:41:36.8432633Z     is expected to belong to organization required: true
2024-03-02T16:41:36.8433371Z   DB constraints
2024-03-02T16:41:36.8433903Z     deadline_day <= 28
2024-03-02T16:41:36.8508412Z       raises error if unmet
2024-03-02T16:41:36.8509211Z     reminder_day <= 28
2024-03-02T16:41:36.8577842Z       raises error if unmet
2024-03-02T16:41:36.8578571Z     send_reminders IS NOT NULL
2024-03-02T16:41:36.8646317Z       raises error if unmet
2024-03-02T16:41:36.8646981Z   Validations >
2024-03-02T16:41:36.8690078Z     must belong to an organization
2024-03-02T16:41:36.8779367Z     requires a unique name within an organization
2024-03-02T16:41:36.9016813Z     does not require a unique name between organizations
2024-03-02T16:41:36.9018003Z     deadline_day && reminder_day must be defined if send_reminders=true
2024-03-02T16:41:36.9066385Z       should not be valid
2024-03-02T16:41:36.9067012Z 
2024-03-02T16:41:36.9067537Z InventoryAggregate
2024-03-02T16:41:36.9068995Z   individual events
2024-03-02T16:41:37.2725691Z     should process a snapshot event
2024-03-02T16:41:37.6511340Z     should process an audit event
2024-03-02T16:41:37.9643848Z     should process a distribution event
2024-03-02T16:41:38.2696567Z     should process a kit allocation event
2024-03-02T16:41:38.5470846Z     should process a donation event
2024-03-02T16:41:38.8509503Z     should process a transfer destroy event
2024-03-02T16:41:39.2263786Z     should process a kit deallocation event
2024-03-02T16:41:39.5296211Z     should process an adjustment event
2024-03-02T16:41:39.8403678Z     should process a purchase destroyed event
2024-03-02T16:41:40.1386272Z     should process a transfer event
2024-03-02T16:41:40.4574480Z     should process a distribution destroyed event
2024-03-02T16:41:40.7451502Z     should process a donation event after a new storage location is created
2024-03-02T16:41:41.0517334Z     should process a donation destroyed event
2024-03-02T16:41:41.3425510Z     should process a purchase event
2024-03-02T16:41:41.3426237Z   validation
2024-03-02T16:41:41.3427095Z     current event is incorrect
2024-03-02T16:41:41.5779770Z       should raise a bare error
2024-03-02T16:41:41.5780893Z     subsequent event is incorrect
2024-03-02T16:41:41.8691582Z       should add the event to the message
2024-03-02T16:41:41.8692457Z   multiple events
2024-03-02T16:41:42.2658681Z     should process multiple events
2024-03-02T16:41:42.5276622Z     should handle timing correctly
2024-03-02T16:41:42.7870208Z     should ignore unusable snapshots
2024-03-02T16:41:43.0466411Z     should handle changing storage location
2024-03-02T16:41:43.3547081Z     should handle intervening audits
2024-03-02T16:41:43.3547570Z 
2024-03-02T16:41:43.3548283Z PartnerFetchRequestableItemsService
2024-03-02T16:41:43.3549317Z   #call
2024-03-02T16:41:43.3667456Z     raises an error indiciating the partner does not exist with invalid id
2024-03-02T16:41:43.3668598Z     org with any amount of items
2024-03-02T16:41:43.3669583Z       when the partner is in a partner group and has no items
2024-03-02T16:41:43.5670483Z         should return only active and visible items from partner
2024-03-02T16:41:43.5671565Z       when the partner is in a partner group and has items
2024-03-02T16:41:43.8045387Z         should return only active and visible items from partner
2024-03-02T16:41:43.8046316Z     when the partner is not in any partner group
2024-03-02T16:41:43.8325027Z       is expected to be nil
2024-03-02T16:41:43.8325788Z       when the organization has no items
2024-03-02T16:41:43.8623342Z         should return no items
2024-03-02T16:41:43.8624136Z       when the organization has items
2024-03-02T16:41:43.8954661Z         is expected to eq [#<Item id: 1728, name: "Item 1", category: nil, created_at: "2024-03-02 08:41:43.880577966 -0800", u... on_hand_recommended_quantity: nil, visible_to_partners: false, kit_id: nil, item_category_id: nil>]
2024-03-02T16:41:43.9455266Z         should return only active and visible items
2024-03-02T16:41:43.9456609Z 
2024-03-02T16:41:43.9456999Z UsersRole
2024-03-02T16:41:43.9457637Z   versioning
2024-03-02T16:41:43.9504102Z     is expected to be versioned
2024-03-02T16:41:43.9504947Z   #current_role_for
2024-03-02T16:41:43.9505727Z     for org user
2024-03-02T16:41:43.9636386Z       should return org user
2024-03-02T16:41:43.9637193Z     for super admin
2024-03-02T16:41:43.9801450Z       should return super admin
2024-03-02T16:41:43.9802054Z     for partner user
2024-03-02T16:41:43.9933992Z       should return partner user
2024-03-02T16:41:43.9934643Z     for org admin
2024-03-02T16:41:44.0138039Z       should return org admin
2024-03-02T16:41:44.0138837Z 
2024-03-02T16:41:44.0139053Z UiHelper
2024-03-02T16:41:44.0140884Z   optional_data_text
2024-03-02T16:41:44.0142032Z     when the field provided is blank
2024-03-02T16:41:44.0204133Z       should return the text Not-Provided in gray text
2024-03-02T16:41:44.0204820Z     when the field provided is not blank
2024-03-02T16:41:44.0250147Z       should return the content
2024-03-02T16:41:44.0251071Z 
2024-03-02T16:41:44.0251277Z County
2024-03-02T16:41:44.0289180Z   is expected to have many served_areas
2024-03-02T16:41:44.0289866Z   versioning
2024-03-02T16:41:44.0323096Z     is expected to be versioned
2024-03-02T16:41:44.0325560Z 
2024-03-02T16:41:44.0325906Z HistoricalDataCacheJob
2024-03-02T16:41:44.2128921Z   queues the job
2024-03-02T16:41:44.3962902Z   caches the historical data
2024-03-02T16:41:44.3963357Z 
2024-03-02T16:41:44.3963599Z SyncNDBNMembers
2024-03-02T16:41:44.3964499Z   .sync
2024-03-02T16:41:44.3965372Z     when the HTTP request does not get a response of 200
2024-03-02T16:41:44.4204297Z       should raise an error regarding the response code
2024-03-02T16:41:44.4205372Z     when the HTTP request is successful
2024-03-02T16:41:44.4206483Z       when the account name of a NDBN Member has changed
2024-03-02T16:41:44.4366772Z         should update the account name of the corresponding NDBN Member
2024-03-02T16:41:44.4367607Z       when there are no exisiting NDBN Member records
2024-03-02T16:41:44.4462902Z         should create the NDBN Member records
2024-03-02T16:41:44.4463491Z       when no new NDBN Member has been added
2024-03-02T16:41:44.4578514Z         should not add any new NDBN Members
2024-03-02T16:41:44.4579366Z 
2024-03-02T16:41:44.4579600Z AddRoleService
2024-03-02T16:41:44.4580703Z   #call
2024-03-02T16:41:44.4581538Z     when the role already exists
2024-03-02T16:41:44.6534350Z       should raise an error
2024-03-02T16:41:44.8491640Z       should raise an error for super admin
2024-03-02T16:41:44.8492200Z     when the role does not yet exist
2024-03-02T16:41:45.0348866Z       works with super admin
2024-03-02T16:41:45.2421912Z       should add the user role when asked to add admin
2024-03-02T16:41:45.4544888Z       works with a partner
2024-03-02T16:41:45.6476841Z       should add the role
2024-03-02T16:41:45.6477544Z 
2024-03-02T16:41:45.6477765Z ProductDriveHelper
2024-03-02T16:41:45.6479479Z   #is_virtual
2024-03-02T16:41:45.6480832Z     when a product drive was not provided
2024-03-02T16:41:45.6537834Z       without argument
2024-03-02T16:41:45.6582518Z       with blank argument
2024-03-02T16:41:45.6583375Z     when the product drive wasn't held virtually
2024-03-02T16:41:45.6635813Z       is expected to eq "No"
2024-03-02T16:41:45.6636426Z     when the product drive was held virtually
2024-03-02T16:41:45.6686218Z       is expected to eq "Yes"
2024-03-02T16:41:45.6688578Z 
2024-03-02T16:41:45.6688777Z Distribution
2024-03-02T16:41:45.6690386Z   Scopes >
2024-03-02T16:41:45.6691588Z     by_item_id >
2024-03-02T16:41:45.8005299Z       only returns distributions with given item id
2024-03-02T16:41:45.8006175Z     by_location >
2024-03-02T16:41:45.8497849Z       only returns distributions with given location id
2024-03-02T16:41:45.8498434Z     during >
2024-03-02T16:41:45.9187704Z       returns all distributions created between two dates
2024-03-02T16:41:45.9188774Z     this_week >
2024-03-02T16:41:45.9189396Z       When it's Tuesday (mid-week)
2024-03-02T16:41:45.9885633Z         includes distributions as early as Monday and as late as upcoming Sunday
2024-03-02T16:41:45.9886981Z       When it's Sunday (end of the week)
2024-03-02T16:41:46.0353205Z         doesn't include distributions past Sunday
2024-03-02T16:41:46.0354220Z     by_partner >
2024-03-02T16:41:46.0829688Z       only returns distributions with given partner id
2024-03-02T16:41:46.0830385Z   CSV export >
2024-03-02T16:41:46.0830994Z     for_csv_export >
2024-03-02T16:41:46.4188020Z       filters only to the given organization
2024-03-02T16:41:46.7466368Z       filters only to the given issue time range
2024-03-02T16:41:47.0674164Z       filters only to the given filter
2024-03-02T16:41:47.0674888Z     csv_export_attributes
2024-03-02T16:41:47.4657609Z       returns the set of attributes which define a row in case of distribution export
2024-03-02T16:41:47.4659047Z   behaves like itemizable
2024-03-02T16:41:47.4659679Z     .line_items
2024-03-02T16:41:47.4660270Z       combine!
2024-03-02T16:41:47.5201714Z         incrementally combines line_items on donations that have already been created
2024-03-02T16:41:47.5616973Z         combines multiple line_items with the same item_id into a single record
2024-03-02T16:41:47.5618175Z       sorted
2024-03-02T16:41:47.6803053Z         displays the items, sorted by name
2024-03-02T16:41:47.6804219Z       quantities_by_name
2024-03-02T16:41:47.7642178Z         leaves out zero-quantitied items if requested
2024-03-02T16:41:47.8461814Z         returns a hash of items with id, name, and quantity
2024-03-02T16:41:47.8462694Z       total
2024-03-02T16:41:47.9290873Z         has an item total
2024-03-02T16:41:47.9291661Z     .to_a
2024-03-02T16:41:47.9292802Z       with Flipper flag :deprecate_to_a enabled
2024-03-02T16:41:47.9618873Z         raises an error
2024-03-02T16:41:47.9619553Z       with Flipper flag :deprecate_to_a disabled
2024-03-02T16:41:47.9943567Z         calls line_item_values
2024-03-02T16:41:47.9944401Z   Validations >
2024-03-02T16:41:47.9994544Z     requires a storage location
2024-03-02T16:41:48.0044226Z     must belong to an organization
2024-03-02T16:41:48.0447619Z     ensures the associated line_items are valid
2024-03-02T16:41:48.0602329Z     ensures the associated line_items are invalid with a nil quantity
2024-03-02T16:41:48.0660620Z     ensures that the issued at is no earlier than 2000
2024-03-02T16:41:48.0871005Z     ensures the associated line_items are invalid with a zero quantity
2024-03-02T16:41:48.0904371Z     ensures that any included items are found in the associated storage location
2024-03-02T16:41:48.0961619Z     requires a partner
2024-03-02T16:41:48.0962928Z     when delivery method is other then shipped
2024-03-02T16:41:48.1238452Z       allows to save distribution
2024-03-02T16:41:48.1239321Z     when delivery method is shipped
2024-03-02T16:41:48.1240315Z       shipping cost is negative
2024-03-02T16:41:48.1316441Z         will not allow to save distribution
2024-03-02T16:41:48.1317385Z       shipping cost is none negative
2024-03-02T16:41:48.1589327Z         allows to save distribution
2024-03-02T16:41:48.1590053Z   Methods >
2024-03-02T16:41:48.1591493Z     #distributed_at
2024-03-02T16:41:48.1848575Z       shows the hour and minutes if it has been provided
2024-03-02T16:41:48.2315111Z       displays explicit issued_at date
2024-03-02T16:41:48.2316054Z     #copy_line_items
2024-03-02T16:41:48.2730118Z       replicates line_items from a donation into a distribution
2024-03-02T16:41:48.2730983Z     #copy_from_request
2024-03-02T16:41:48.2964816Z       copy over relevant request information into the distrubution
2024-03-02T16:41:48.2965754Z     #future?
2024-03-02T16:41:48.2966283Z       when issued_at has passed
2024-03-02T16:41:48.3229368Z         returns false
2024-03-02T16:41:48.3230034Z       when issued_at has not passed
2024-03-02T16:41:48.3493139Z         returns true
2024-03-02T16:41:48.3493770Z     #combine_duplicates
2024-03-02T16:41:48.3895122Z       condenses duplicate line_items if the item_ids match
2024-03-02T16:41:48.3896240Z   versioning
2024-03-02T16:41:48.3934204Z     is expected to be versioned
2024-03-02T16:41:48.3935140Z   Callbacks >
2024-03-02T16:41:48.4441019Z     initializes the issued_at field to default to midnight if it wasn't explicitly set
2024-03-02T16:41:48.4442219Z     #before_save
2024-03-02T16:41:48.4443004Z       #reset_shipping_cost
2024-03-02T16:41:48.4443780Z         when delivery_method is other then shipped
2024-03-02T16:41:48.4715843Z           distribution will be created successfully and the shipping_cost will be zero
2024-03-02T16:41:48.4716547Z 
2024-03-02T16:41:48.4716867Z NotifyPartnerJob
2024-03-02T16:41:48.4717535Z   #perform
2024-03-02T16:41:48.4767275Z     avoids exception when request doesn't exist
2024-03-02T16:41:48.4881922Z     is expected to call RequestsConfirmationMailer
2024-03-02T16:41:48.4882985Z     when the request's partner is deactivated
2024-03-02T16:41:48.5151625Z       does not send the confirmation email
2024-03-02T16:41:48.5152239Z 
2024-03-02T16:41:48.5152519Z Role
2024-03-02T16:41:48.5189962Z   is expected to accepts_nested_attributes_for :users
2024-03-02T16:41:48.5190736Z   Validations
2024-03-02T16:41:48.5243043Z     is expected to validate that :resource_type is either "Organization" or "Partner"
2024-03-02T16:41:48.5244028Z   Associations
2024-03-02T16:41:48.5280058Z     is expected to belong to resource optional: true
2024-03-02T16:41:48.5337465Z     is expected to have and belong to many users
2024-03-02T16:41:48.5339579Z   versioning
2024-03-02T16:41:48.5373953Z     is expected to be versioned
2024-03-02T16:41:48.5374636Z 
2024-03-02T16:41:48.5375055Z OrganizationUpdateService
2024-03-02T16:41:48.5375878Z   #update_partner_flags
2024-03-02T16:41:48.5376707Z     when request flags have changed
2024-03-02T16:41:48.7551407Z       should NOT update partners' request flags when enabling request flags on the organization
2024-03-02T16:41:48.9738824Z       should update partners when disabling quantity-based request flags
2024-03-02T16:41:49.1974056Z       should update partners when disabling child and individual request flags
2024-03-02T16:41:49.1975085Z     when request flags haven't changed
2024-03-02T16:41:49.4130105Z       should not update partners
2024-03-02T16:41:49.4130773Z   #update
2024-03-02T16:41:49.4131489Z     when object is invalid
2024-03-02T16:41:49.5905688Z       should not update and return false
2024-03-02T16:41:49.5906348Z     when organization has partners
2024-03-02T16:41:49.5907416Z       when all of a single partner's request flags WILL NOT be disabled
2024-03-02T16:41:49.8155152Z         should allow the disabling of request flags in organization and its partners
2024-03-02T16:41:49.8156530Z       when all of a single partner's request flags will be disabled
2024-03-02T16:41:50.0317762Z         should add an error message to the organization
2024-03-02T16:41:50.2512602Z         should NOT change request flags in organization or its partners
2024-03-02T16:41:50.2513470Z     when object is valid
2024-03-02T16:41:50.4251853Z       should update and return true
2024-03-02T16:41:50.4252679Z 
2024-03-02T16:41:50.4253074Z ItemsOutTotalQuery
2024-03-02T16:41:50.4254113Z   items_out_total_query
2024-03-02T16:41:50.5420751Z     returns a sum total of all out-flows
2024-03-02T16:41:50.5421423Z 
2024-03-02T16:41:50.5421986Z DistributionsController
2024-03-02T16:41:50.5422638Z   While signed in
2024-03-02T16:41:50.5423398Z     POST #create
2024-03-02T16:41:50.5424903Z       when distribution causes inventory quantity to be below minimum quantity
2024-03-02T16:41:50.6138199Z         redirects with a flash notice and a flash error
2024-03-02T16:41:50.6139403Z       multiple line_items that have inventory quantity below recommended quantity
2024-03-02T16:41:50.6936665Z         redirects with a flash notice and a flash alert
2024-03-02T16:41:50.6937616Z       when line item quantity is not positive
2024-03-02T16:41:50.7515255Z         flashes an error
2024-03-02T16:41:50.7516696Z       multiple line_items that have inventory quantity below minimum quantity
2024-03-02T16:41:50.8353535Z         redirects with a flash notice and a flash error
2024-03-02T16:41:50.8354335Z     PUT #update
2024-03-02T16:41:50.8355379Z       when distribution has items updated for minimum quantity
2024-03-02T16:41:50.9680702Z         redirects with a flash notice and send send_notification
2024-03-02T16:41:50.9681935Z       when distribution causes inventory quantity to be below recommended quantity
2024-03-02T16:41:51.0789408Z         redirects with a flash notice and a flash error
2024-03-02T16:41:51.0791049Z       when distribution causes inventory quantity to be below minimum quantity
2024-03-02T16:41:51.1939885Z         redirects with a flash notice and a flash error
2024-03-02T16:41:51.1940953Z 
2024-03-02T16:41:51.1941245Z Partner
2024-03-02T16:41:51.1943680Z   versioning
2024-03-02T16:41:51.1983166Z     is expected to be versioned
2024-03-02T16:41:51.1983840Z   #deactivated?
2024-03-02T16:41:51.1984947Z     when the status is not 'deactivated'
2024-03-02T16:41:51.2028572Z       should return false
2024-03-02T16:41:51.2029466Z     when the status is 'deactivated'
2024-03-02T16:41:51.2070338Z       should return true
2024-03-02T16:41:51.2070947Z   callbacks
2024-03-02T16:41:51.2291859Z     properly downcases email
2024-03-02T16:41:51.2292544Z   Validations >
2024-03-02T16:41:51.2347313Z     must belong to an organization
2024-03-02T16:41:51.2615145Z     still requires a unique email between organizations
2024-03-02T16:41:51.2890997Z     requires a unique name within an organization
2024-03-02T16:41:51.2981745Z     validates the quota is a number but it is not required
2024-03-02T16:41:51.3287033Z     requires a unique email that is formatted correctly
2024-03-02T16:41:51.3525939Z     does not require a unique name between organizations
2024-03-02T16:41:51.3526848Z   changing emails
2024-03-02T16:41:51.3789526Z     should call the UserInviteService.invite when the partner has status approved and the email is changed
2024-03-02T16:41:51.4055078Z     should call the UserInviteService.invite when the partner has status awaiting_review and the email is changed
2024-03-02T16:41:51.4312404Z     should call the UserInviteService.invite when the partner has status invited and the email is changed
2024-03-02T16:41:51.4575029Z     should call the UserInviteService.invite when the partner has status recertification_required and the email is changed
2024-03-02T16:41:51.4818576Z     should not call the UserInviteService.invite when the partner has status deactivated and the email is changed
2024-03-02T16:41:51.5066889Z     should not call the UserInviteService.invite when the partner has status uninvited and the email is changed
2024-03-02T16:41:51.5382300Z     should not call the UserInviteService.invite when the partner is changing email to previously used email
2024-03-02T16:41:51.5383390Z   #approvable?
2024-03-02T16:41:51.5384051Z     when status is not invited or awaiting_review
2024-03-02T16:41:51.5457607Z       should return false
2024-03-02T16:41:51.5458320Z     when status is invited
2024-03-02T16:41:51.5497756Z       should return true
2024-03-02T16:41:51.5498579Z     when status is awaiting_review
2024-03-02T16:41:51.5539934Z       should return true
2024-03-02T16:41:51.5540770Z   #impact_metrics
2024-03-02T16:41:51.5541451Z     when partner has related information
2024-03-02T16:41:51.6269944Z       is expected to eq {:children_served=>4, :families_served=>3, :family_zipcodes=>2, :family_zipcodes_list=>["45612-123", "45612-126"]}
2024-03-02T16:41:51.6271237Z     when partner don't have any related information
2024-03-02T16:41:51.6502360Z       is expected to eq {:children_served=>0, :families_served=>0, :family_zipcodes=>0, :family_zipcodes_list=>[]}
2024-03-02T16:41:51.6503410Z   associations
2024-03-02T16:41:51.6539470Z     is expected to have many requests
2024-03-02T16:41:51.6573963Z     is expected to have many users dependent => destroy
2024-03-02T16:41:51.6606651Z     is expected to have many families dependent => destroy
2024-03-02T16:41:51.6664487Z     is expected to belong to organization required: true
2024-03-02T16:41:51.6699188Z     is expected to have many item_categories through partner_group
2024-03-02T16:41:51.6750538Z     is expected to belong to partner_group optional: true
2024-03-02T16:41:51.6783930Z     is expected to have many requests
2024-03-02T16:41:51.6819197Z     is expected to have many distributions
2024-03-02T16:41:51.6853847Z     is expected to have many children through families
2024-03-02T16:41:51.6888702Z     is expected to have many requestable_items through item_categories source => items
2024-03-02T16:41:51.6889600Z     primary_user
2024-03-02T16:41:51.7176391Z       should return the first user ever created for a partner
2024-03-02T16:41:51.7177220Z   Filters
2024-03-02T16:41:51.7177807Z     by_status
2024-03-02T16:41:51.7565984Z       yields deactivated partner when deactivated status provided
2024-03-02T16:41:51.8053468Z       yields partners with the provided status
2024-03-02T16:41:51.8054418Z   #profile
2024-03-02T16:41:51.8288569Z     should return the associated Partners::Profile record
2024-03-02T16:41:51.8289387Z   ActiveStorage validation
2024-03-02T16:41:51.8404546Z     validates that attachments are pdf or docs
2024-03-02T16:41:51.8405310Z   import_csv
2024-03-02T16:41:52.0491339Z     imports partners from a csv file and prevents multiple imports
2024-03-02T16:41:52.3665515Z     imports partners from a csv file with BOM encodings
2024-03-02T16:41:52.3666777Z   #deletable?
2024-03-02T16:41:52.3667424Z     when status is uninvited
2024-03-02T16:41:52.3668415Z       when it has a request
2024-03-02T16:41:52.3827924Z         should return false
2024-03-02T16:41:52.3828752Z       when it has a distribution
2024-03-02T16:41:52.3969573Z         should return false
2024-03-02T16:41:52.3970431Z       when it has a profile but no users
2024-03-02T16:41:52.4124682Z         should return true
2024-03-02T16:41:52.4125456Z       when it has a profile and users
2024-03-02T16:41:52.4370798Z         should return false
2024-03-02T16:41:52.4371541Z       when it has no other associations
2024-03-02T16:41:52.4476135Z         should return true
2024-03-02T16:41:52.4476805Z     when status is not uninvited
2024-03-02T16:41:52.4552949Z       should return false
2024-03-02T16:41:52.4553560Z   #csv_export_attributes
2024-03-02T16:41:52.4789278Z     includes contact person information from parnerbase
2024-03-02T16:41:52.4789956Z   #quantity_year_to_date
2024-03-02T16:41:52.6517849Z     includes all item quantities from distributions issued during the current year
2024-03-02T16:41:52.8288875Z     does not include quantities from distributions issued during the previous year
2024-03-02T16:41:52.8290054Z 
2024-03-02T16:41:52.8290327Z RequestDestroyService
2024-03-02T16:41:52.8290880Z   #call
2024-03-02T16:41:52.8408314Z     should return an instance of itself
2024-03-02T16:41:52.8409268Z     when the request's partner is deactivated
2024-03-02T16:41:52.8665600Z       should have errors
2024-03-02T16:41:52.8666499Z     when there are no validation errors
2024-03-02T16:41:52.8793381Z       should update the discarded_at column on the request
2024-03-02T16:41:52.8921327Z       should update the status column on the request
2024-03-02T16:41:52.9037649Z       should send a email notification to the partner
2024-03-02T16:41:52.9038669Z     when the request is already discarded
2024-03-02T16:41:52.9137401Z       should not be successful and have errors
2024-03-02T16:41:52.9138247Z     when the request_id matches no request
2024-03-02T16:41:52.9176464Z       should not be successful and have errors indicating request id is invalid
2024-03-02T16:41:52.9177310Z 
2024-03-02T16:41:52.9177597Z Exports::ExportRequestService
2024-03-02T16:41:52.9178361Z   .generate_csv_data
2024-03-02T16:41:53.1248676Z     includes rows for each request with correct columns of item quantity
2024-03-02T16:41:53.3302564Z     includes headers as the first row with ordered item names alphabetically with deleted item included at the end
2024-03-02T16:41:53.3303681Z 
2024-03-02T16:41:53.3304193Z TransferDestroyService
2024-03-02T16:41:53.3304812Z   #call
2024-03-02T16:41:53.3305368Z     because transfer should not be deleted
2024-03-02T16:41:53.5131989Z       should return an OpenStruct with the raised error
2024-03-02T16:41:53.5133093Z     when an issue occurs in transaction
2024-03-02T16:41:53.5134539Z       because the transfer destroy raised an error
2024-03-02T16:41:53.7000683Z         should return a OpenStruct with the raised error
2024-03-02T16:41:53.7002023Z       because undoing the transfer inventory changes by increasing the inventory of `from` failed
2024-03-02T16:41:53.8830495Z         should return a OpenStruct with the raised error
2024-03-02T16:41:53.8831374Z       because undoing the transfer inventory changes by decreasing the inventory of `to` failed
2024-03-02T16:41:54.0633464Z         should return a OpenStruct with the raised error
2024-03-02T16:41:54.0634835Z       because the transfer_id does not match any Transfer
2024-03-02T16:41:54.2453745Z         should return a OpenStruct with an ActiveRecord::RecordNotFound error
2024-03-02T16:41:54.2454586Z     when there are no issues
2024-03-02T16:41:54.4481849Z       should execute the expected methods
2024-03-02T16:41:54.6480305Z       should return an OpenStruct with success? set to true
2024-03-02T16:41:54.6481002Z 
2024-03-02T16:41:54.6481223Z ItemCategory
2024-03-02T16:41:54.6482728Z   assocations
2024-03-02T16:41:54.6520260Z     is expected to have many items
2024-03-02T16:41:54.6569575Z     is expected to belong to organization required: true
2024-03-02T16:41:54.6630162Z     is expected to have and belong to many partner_groups
2024-03-02T16:41:54.6631074Z   validations
2024-03-02T16:41:54.6836900Z     is expected to validate that :name is case-sensitively unique within the scope of :organization_id
2024-03-02T16:41:54.6921849Z     is expected to validate that :organization cannot be empty/falsy
2024-03-02T16:41:54.7004908Z     is expected to validate that :name cannot be empty/falsy
2024-03-02T16:41:54.7074984Z     is expected to validate that the length of :description is at most 250
2024-03-02T16:41:54.7076028Z   versioning
2024-03-02T16:41:54.7110984Z     is expected to be versioned
2024-03-02T16:41:54.7112885Z 
2024-03-02T16:41:54.7113522Z ApplicationController
2024-03-02T16:41:54.7114188Z   current_organization
2024-03-02T16:41:54.7114992Z     As a partner user
2024-03-02T16:41:54.7274422Z       should return nil
2024-03-02T16:41:54.7275366Z     As an org user
2024-03-02T16:41:55.0878035Z       should return the first org role
2024-03-02T16:41:55.0879136Z       with a changed current role
2024-03-02T16:41:55.5508728Z         should return the first org role
2024-03-02T16:41:55.5509981Z   dashboard_path_from_current_role
2024-03-02T16:41:55.5510605Z     As a super admin
2024-03-02T16:41:55.5752719Z       links to the admin dashboard
2024-03-02T16:41:55.5753444Z     As a user without super admin status
2024-03-02T16:41:55.6113494Z       links to the general dashboard
2024-03-02T16:41:55.6121565Z   current_partner
2024-03-02T16:41:55.6122620Z     As an org user
2024-03-02T16:41:55.6653263Z       should return nil
2024-03-02T16:41:55.6653777Z     As a partner user
2024-03-02T16:41:55.7210939Z       should return the first partner role
2024-03-02T16:41:55.7211789Z       with a changed current role
2024-03-02T16:41:55.7759689Z         should return the first partner role
2024-03-02T16:41:55.7760674Z 
2024-03-02T16:41:55.7761002Z Partners::AuthorizedFamilyMember
2024-03-02T16:41:55.7761994Z   associations
2024-03-02T16:41:55.7820834Z     is expected to have many child_item_requests dependent => nullify
2024-03-02T16:41:55.7864780Z     is expected to belong to family required: true
2024-03-02T16:41:55.7865325Z   #display_name
2024-03-02T16:41:55.8131277Z     should return the family member's first and last name
2024-03-02T16:41:55.8132189Z   versioning
2024-03-02T16:41:55.8165800Z     is expected to be versioned
2024-03-02T16:41:55.8166629Z 
2024-03-02T16:41:55.8166893Z Kit
2024-03-02T16:41:56.0161395Z   deactivate and reactivate
2024-03-02T16:41:56.0162337Z   Filtering >
2024-03-02T16:41:56.0199051Z     can filter
2024-03-02T16:41:56.5865774Z     ->alphabetized retrieves items in alphabetical order
2024-03-02T16:41:56.5866536Z     ->by_partner_key
2024-03-02T16:41:56.8157206Z       shows the kits for a particular item
2024-03-02T16:41:56.8157979Z   Validations >
2024-03-02T16:41:56.8315989Z     requires a name
2024-03-02T16:41:56.8470321Z     requires at least one item
2024-03-02T16:41:56.8628388Z     must belong to an organization
2024-03-02T16:41:57.0552092Z     requires a unique name
2024-03-02T16:41:57.0710527Z     is valid as built
2024-03-02T16:41:57.0875895Z     can't have negative value
2024-03-02T16:41:57.0876694Z   versioning
2024-03-02T16:41:57.0910133Z     is expected to be versioned
2024-03-02T16:41:57.0910886Z   #can_deactivate?
2024-03-02T16:41:57.0911648Z     without inventory items
2024-03-02T16:41:57.2898411Z       should return true
2024-03-02T16:41:57.2899450Z     with inventory items
2024-03-02T16:41:57.5072828Z       should return false
2024-03-02T16:41:57.5073620Z   Value >
2024-03-02T16:41:57.5232539Z     converts dollars to cents
2024-03-02T16:41:57.5388373Z     converts cents to dollars
2024-03-02T16:41:57.5389295Z     .value_per_itemizable
2024-03-02T16:41:57.5767123Z       calculates values from associated items
2024-03-02T16:41:57.5774094Z 
2024-03-02T16:41:57.5774692Z OrganizationStats
2024-03-02T16:41:57.5775993Z   partners_added method >
2024-03-02T16:41:57.5776869Z     current org is not nil >
2024-03-02T16:41:57.5812181Z       should return actual count of partners
2024-03-02T16:41:57.5817747Z     current org is nil >
2024-03-02T16:41:57.5852054Z       should return 0
2024-03-02T16:41:57.5852889Z   storage_locations_added method >
2024-03-02T16:41:57.5853586Z     current org is nil >
2024-03-02T16:41:57.5893468Z       should return 0
2024-03-02T16:41:57.5894287Z     current org is not nil >
2024-03-02T16:41:57.5931572Z       should return actual count of locations
2024-03-02T16:41:57.5932535Z   locations_with_inventory method >
2024-03-02T16:41:57.5933475Z     current org is not nil + locations have items >
2024-03-02T16:41:57.6270145Z       should return storage location
2024-03-02T16:41:57.6270909Z     current org is nil >
2024-03-02T16:41:57.6304971Z       should return an empty array
2024-03-02T16:41:57.6305808Z     current org is not nil + no locations have items >
2024-03-02T16:41:57.6369182Z       should return an empty array
2024-03-02T16:41:57.6370135Z   donation_sites_added method >
2024-03-02T16:41:57.6370852Z     current org is nil >
2024-03-02T16:41:57.6406623Z       should return 0
2024-03-02T16:41:57.6407643Z     current org is not nil >
2024-03-02T16:41:57.6444096Z       should return actual count of donation sites
2024-03-02T16:41:57.6445466Z 
2024-03-02T16:41:57.6447513Z StorageLocation
2024-03-02T16:41:57.6448121Z   Callbacks >
2024-03-02T16:41:57.6448643Z     before_destroy
2024-03-02T16:41:57.6835114Z       does not delete storage locations with inventory items on it
2024-03-02T16:41:57.7409237Z       deletes storage locations with no inventory items on it
2024-03-02T16:41:57.7410416Z   versioning
2024-03-02T16:41:57.7448004Z     is expected to be versioned
2024-03-02T16:41:57.7448733Z   Filtering >
2024-03-02T16:41:57.7537083Z     ->active_locations yields only storage locations that haven't been discarded
2024-03-02T16:41:57.8217899Z     ->containing yields only inventories that have that item
2024-03-02T16:41:57.8218545Z   Validations >
2024-03-02T16:41:57.8281513Z     is expected to validate that :name cannot be empty/falsy
2024-03-02T16:41:57.8340270Z     is expected to validate that :address cannot be empty/falsy
2024-03-02T16:41:57.8394736Z     is expected to validate that :organization cannot be empty/falsy
2024-03-02T16:41:57.8395448Z   Methods >
2024-03-02T16:41:57.8399132Z     size
2024-03-02T16:41:57.8850064Z       returns total quantity of all items in this storage location
2024-03-02T16:41:57.8851116Z     inventory_total_value_in_dollars
2024-03-02T16:41:57.8965230Z       returns 0 when there are no items in this storage location
2024-03-02T16:41:57.9447879Z       returns total value of all items in this storage location
2024-03-02T16:41:57.9849192Z       returns a value including cents if the total isn't an even dollar amount
2024-03-02T16:41:57.9849903Z     geocode
2024-03-02T16:41:57.9956472Z       adds coordinates to the database
2024-03-02T16:41:57.9957507Z     StorageLocation.items_inventoried
2024-03-02T16:41:58.0757614Z       returns a collection of items that are stored within inventories
2024-03-02T16:41:58.0758696Z     import_csv
2024-03-02T16:41:58.0872354Z       imports storage locations from a csv file
2024-03-02T16:41:58.0873425Z     item_total
2024-03-02T16:41:58.1251484Z       retrieves the total for a single item
2024-03-02T16:41:58.1252763Z     csv_export_attributes
2024-03-02T16:41:58.1880425Z       returns an array of storage location attributes, followed by inventory item quantities that are sorted by alphabetized item names
2024-03-02T16:41:58.1882046Z     increase_inventory
2024-03-02T16:41:58.1882834Z       when providing a new item that does not yet exist
2024-03-02T16:41:58.2969252Z         creates those new inventory items in the storage location
2024-03-02T16:41:58.3169509Z       when increasing with an inactive item
2024-03-02T16:41:58.4099437Z         re-activates the item as part of the creation process
2024-03-02T16:41:58.4100427Z       With existing inventory
2024-03-02T16:41:58.5185859Z         increases inventory quantities from an itemizable object
2024-03-02T16:41:58.5186991Z     decrease_inventory
2024-03-02T16:41:58.6278076Z       decreases inventory quantities from an itemizable object
2024-03-02T16:41:58.6278962Z       when there is insufficient inventory available
2024-03-02T16:41:58.6362206Z         gives informative errors
2024-03-02T16:41:58.6443252Z         does not change inventory quantities if there is an error
2024-03-02T16:41:58.6444004Z     import_inventory
2024-03-02T16:41:59.0194523Z       imports storage locations from a csv file
2024-03-02T16:41:59.0195146Z 
2024-03-02T16:41:59.0195343Z InventoryCheckService
2024-03-02T16:41:59.0196371Z   call
2024-03-02T16:41:59.0197311Z     error
2024-03-02T16:41:59.0966254Z       should set the error
2024-03-02T16:41:59.0966841Z     alert
2024-03-02T16:41:59.1712544Z       should set the alert
2024-03-02T16:41:59.1713278Z 
2024-03-02T16:41:59.1713975Z Reports::WarehouseReportService
2024-03-02T16:41:59.1714933Z   #report
2024-03-02T16:41:59.3492759Z     should print zero values
2024-03-02T16:41:59.7045580Z     should print normal values
2024-03-02T16:42:00.0500133Z     should print unknown warehouse type
2024-03-02T16:42:00.2298522Z     should print unknown square footage
2024-03-02T16:42:00.2299387Z 
2024-03-02T16:42:00.2299600Z Event
2024-03-02T16:42:00.2300578Z   #most_recent_snapshot
2024-03-02T16:42:00.4719708Z     should not include an unusable snapshot
2024-03-02T16:42:00.7085087Z     should include the last usable snapshot
2024-03-02T16:42:00.7085611Z 
2024-03-02T16:42:00.7085783Z PartnerMailerJob
2024-03-02T16:42:00.7086661Z   conditionally sending the emails
2024-03-02T16:42:01.0074336Z     sends mail for future distributions immediately
2024-03-02T16:42:01.2128196Z     does not send mail for past distributions
2024-03-02T16:42:01.2129000Z     when the distribution is for a deactivated partner
2024-03-02T16:42:01.4145453Z       does not send the email
2024-03-02T16:42:01.4146829Z 
2024-03-02T16:42:01.4147104Z Adjustment
2024-03-02T16:42:01.4148833Z   Scopes >
2024-03-02T16:42:01.4324023Z     `at_location` can filter out adjustments to a specific location
2024-03-02T16:42:01.4480672Z     `by_user` can filter out adjustments to a specific user
2024-03-02T16:42:01.4481149Z   Methods >
2024-03-02T16:42:01.6460912Z     `self.storage_locations_adjusted_for` returns only storage_locations that are used in adjustments for one org
2024-03-02T16:42:01.6462015Z     split_difference
2024-03-02T16:42:01.7229637Z       gracefully handles adjustments with only positive
2024-03-02T16:42:01.7999539Z       returns two adjustment objects
2024-03-02T16:42:01.8766884Z       gracefully handles adjustments with only negative
2024-03-02T16:42:01.8767598Z   behaves like itemizable
2024-03-02T16:42:01.8768277Z     .line_items
2024-03-02T16:42:01.8769193Z       total
2024-03-02T16:42:01.9170945Z         has an item total
2024-03-02T16:42:01.9171454Z       combine!
2024-03-02T16:42:01.9635657Z         incrementally combines line_items on donations that have already been created
2024-03-02T16:42:02.0040703Z         combines multiple line_items with the same item_id into a single record
2024-03-02T16:42:02.0041771Z       sorted
2024-03-02T16:42:02.0604211Z         displays the items, sorted by name
2024-03-02T16:42:02.0605011Z       quantities_by_name
2024-03-02T16:42:02.0991012Z         leaves out zero-quantitied items if requested
2024-03-02T16:42:02.1373285Z         returns a hash of items with id, name, and quantity
2024-03-02T16:42:02.1374138Z     .to_a
2024-03-02T16:42:02.1374836Z       with Flipper flag :deprecate_to_a enabled
2024-03-02T16:42:02.1721851Z         raises an error
2024-03-02T16:42:02.1722645Z       with Flipper flag :deprecate_to_a disabled
2024-03-02T16:42:02.2060622Z         calls line_item_values
2024-03-02T16:42:02.2061378Z   nested line item attributes
2024-03-02T16:42:02.2447393Z     accepts them
2024-03-02T16:42:02.2447935Z   versioning
2024-03-02T16:42:02.2482022Z     is expected to be versioned
2024-03-02T16:42:02.2482639Z   Validations >
2024-03-02T16:42:02.2641762Z     allows you to add inventory that doesn't yet exist in the storage location
2024-03-02T16:42:02.2720150Z     must belong to an organization
2024-03-02T16:42:02.3118178Z     allows you to remove all the inventory that exists in the storage location
2024-03-02T16:42:02.3118934Z 
2024-03-02T16:42:02.3119110Z NDBNMember
2024-03-02T16:42:02.3120490Z   versioning
2024-03-02T16:42:02.3155707Z     is expected to be versioned
2024-03-02T16:42:02.3156228Z   validations
2024-03-02T16:42:02.3224189Z     is expected to validate that :ndbn_member_id is case-sensitively unique
2024-03-02T16:42:02.3279074Z     is expected to validate that :ndbn_member_id cannot be empty/falsy
2024-03-02T16:42:02.3340574Z     is expected to validate that :account_name cannot be empty/falsy
2024-03-02T16:42:02.3341370Z   #full_name
2024-03-02T16:42:02.3375143Z     should equal the id and the account name
2024-03-02T16:42:02.3375685Z 
2024-03-02T16:42:02.3375904Z DistributionUpdateService
2024-03-02T16:42:02.3376899Z   call
2024-03-02T16:42:02.4480592Z     replaces a big distribution with a smaller one, resulting in increased stored quantities
2024-03-02T16:42:02.4481580Z   resend_notification?
2024-03-02T16:42:02.5416317Z     changes the issue_date, resulting in resend_notification? = true
2024-03-02T16:42:02.6319891Z     changes the delivery_method, resulting in resend_notification? = true
2024-03-02T16:42:02.7318733Z     changes any distribution content, resulting in resend_notification? = true
2024-03-02T16:42:02.7319782Z 
2024-03-02T16:42:02.7320042Z ServiceObjectErrorsMixin
2024-03-02T16:42:02.7320732Z   self.included
2024-03-02T16:42:02.7359556Z     should add class methods to the class that include ServiceObjectErrorsMixin
2024-03-02T16:42:02.7360486Z 
2024-03-02T16:42:02.7360874Z Partners::FetchPartnersToRemindNowService
2024-03-02T16:42:02.7361758Z   .fetch
2024-03-02T16:42:02.7362315Z     when there is a partner
2024-03-02T16:42:02.7363506Z       that does NOT have a organization with a global reminder & deadline
2024-03-02T16:42:02.7364943Z         and is a part of a partner group that does have them defined
2024-03-02T16:42:02.7366022Z           that is for today
2024-03-02T16:42:02.7735520Z             should include that partner
2024-03-02T16:42:02.7736580Z             but the partner is deactivated
2024-03-02T16:42:02.8112686Z               should NOT include that partner
2024-03-02T16:42:02.8114174Z           that is not for today
2024-03-02T16:42:02.8438921Z             should NOT include that partner
2024-03-02T16:42:02.8440076Z       that has an organization with a global reminder & deadline
2024-03-02T16:42:02.8442184Z         that is for today
2024-03-02T16:42:02.8726772Z           should include that partner
2024-03-02T16:42:02.8727535Z           and has send_reminder=false
2024-03-02T16:42:02.9051183Z             should NOT include that partner
2024-03-02T16:42:02.9052069Z           but the partner is deactivated
2024-03-02T16:42:02.9375763Z             should NOT include that partner
2024-03-02T16:42:02.9376668Z         that is not for today
2024-03-02T16:42:02.9663879Z           should NOT include that partner
2024-03-02T16:42:02.9664757Z         AND a partner group that does have them defined
2024-03-02T16:42:03.0015786Z           should remind based on the partner group instead of the organization level reminder
2024-03-02T16:42:03.0016896Z           but the partner is deactivated
2024-03-02T16:42:03.0401307Z             should NOT include that partner
2024-03-02T16:42:03.0402636Z 
2024-03-02T16:42:03.0403373Z Partners::ServedArea
2024-03-02T16:42:03.0645195Z   must only allow valid client share values
2024-03-02T16:42:03.0690403Z   is expected to belong to partner_profile required: true
2024-03-02T16:42:03.0730551Z   is expected to belong to county required: true
2024-03-02T16:42:03.0865454Z   must only allow integer client shares
2024-03-02T16:42:03.0866086Z   versioning
2024-03-02T16:42:03.0902365Z     is expected to be versioned
2024-03-02T16:42:03.0902810Z 
2024-03-02T16:42:03.0902985Z HelpController
2024-03-02T16:42:03.0903625Z   While signed in as a normal user >
2024-03-02T16:42:03.0904438Z     GET #show
2024-03-02T16:42:03.1043181Z       returns http success
2024-03-02T16:42:03.1122182Z       does not display help page when the user logs out
2024-03-02T16:42:03.1122900Z 
2024-03-02T16:42:03.1123619Z Partners::UpdateFamily
2024-03-02T16:42:03.1124459Z   #call
2024-03-02T16:42:03.1125303Z     when family has children
2024-03-02T16:42:03.1516274Z       archives the family and its children
2024-03-02T16:42:03.1516975Z     when an error occurs during archiving
2024-03-02T16:42:03.1853948Z       does not archive the family or its children and adds error to the service
2024-03-02T16:42:03.1856366Z 
2024-03-02T16:42:03.1856629Z Exports::ExportPurchasesCSVService
2024-03-02T16:42:03.1857215Z   #generate_csv_data
2024-03-02T16:42:03.2957687Z     should match the expected content for the csv
2024-03-02T16:42:03.2958535Z 
2024-03-02T16:42:03.2958908Z DistributionMailer
2024-03-02T16:42:03.2959712Z   #reminder_email
2024-03-02T16:42:03.2960691Z     Text format
2024-03-02T16:42:03.3488801Z       renders the body with organization's email text
2024-03-02T16:42:03.3489839Z     with deliver_method: :pick_up
2024-03-02T16:42:03.3986136Z       renders the body with 'pick up' specified
2024-03-02T16:42:03.3986956Z     with deliver_method: :delivery
2024-03-02T16:42:03.4494380Z       renders the body with 'delivery' specified
2024-03-02T16:42:03.4495168Z     HTML format
2024-03-02T16:42:03.4969662Z       renders the body with organization's email text
2024-03-02T16:42:03.4970429Z   #partner_mailer
2024-03-02T16:42:03.5567124Z     renders the body with distributions text
2024-03-02T16:42:03.6083482Z     renders the body with organization's email text
2024-03-02T16:42:03.6084175Z     with distribution changes
2024-03-02T16:42:03.6627154Z       renders the body with changes that happened in the distribution
2024-03-02T16:42:03.6628388Z     with deliver_method: :pick_up
2024-03-02T16:42:03.7166686Z       renders the body with 'picked up' specified
2024-03-02T16:42:03.7167464Z       when parners profile pick_up_email is present
2024-03-02T16:42:03.7674007Z         sends email to the primary contact and partner`s pickup person
2024-03-02T16:42:03.7675064Z         when pickup person happens to be the same as the primary contact
2024-03-02T16:42:03.8191446Z           does not send email twice
2024-03-02T16:42:03.8192286Z     with deliver_method: :delivery
2024-03-02T16:42:03.8744222Z       renders the body with 'delivered' specified
2024-03-02T16:42:03.9247561Z       sends copy of email only to the partner
2024-03-02T16:42:03.9248710Z 
2024-03-02T16:42:03.9248902Z PartnerCreateService
2024-03-02T16:42:03.9249919Z   #call
2024-03-02T16:42:04.1054828Z     should return an instance of itself
2024-03-02T16:42:04.1055470Z     when the arguments are incorrect
2024-03-02T16:42:04.1056069Z       beacuse the partner_attrs are invalid
2024-03-02T16:42:04.2860457Z         should contain errors related to invalid partner attributes
2024-03-02T16:42:04.2860970Z     when the arguments are valid
2024-03-02T16:42:04.4662436Z       should create a new partner record with the organization provided
2024-03-02T16:42:04.6430858Z       should create the associated partner profile data
2024-03-02T16:42:04.6431637Z       but there was an unexpected issue with saving the
2024-03-02T16:42:04.6432230Z         Partner record
2024-03-02T16:42:04.8357236Z           should not create the partner record for the organization
2024-03-02T16:42:05.0223118Z           should not create the associated partner records
2024-03-02T16:42:05.0223979Z         Partners::Profile record
2024-03-02T16:42:05.2048234Z           should not create the associated partner records
2024-03-02T16:42:05.3845518Z           should not create the partner record for the organization
2024-03-02T16:42:05.3846814Z 
2024-03-02T16:42:05.3846982Z CalendarService
2024-03-02T16:42:05.7337625Z   #time_zones
2024-03-02T16:42:05.7338409Z   .calendar
2024-03-02T16:42:05.7988854Z     should print the calendar correctly
2024-03-02T16:42:05.7989391Z 
2024-03-02T16:42:05.7989535Z HistoricalTrendService
2024-03-02T16:42:05.7990606Z   #series
2024-03-02T16:42:06.0799961Z     returns an array of items with their monthly data
2024-03-02T16:42:06.0800559Z 
2024-03-02T16:42:06.0800751Z AllocateKitInventoryService
2024-03-02T16:42:06.0801964Z   #error
2024-03-02T16:42:06.0803251Z     when the Store location organization doesn't match
2024-03-02T16:42:06.3173319Z       returns error
2024-03-02T16:42:06.3174074Z   #allocate
2024-03-02T16:42:06.3174974Z     when more than one kit is requested
2024-03-02T16:42:06.3175929Z       but one of the items is out of stock
2024-03-02T16:42:06.5945746Z         returns error and does not change kit or item quantity
2024-03-02T16:42:06.5946346Z     when inventory items are available
2024-03-02T16:42:06.8652760Z       allocates items, increases the quantity of the Kit Item and inventory in, and decreases inventory out
2024-03-02T16:42:06.8653930Z       when there are more then one line items
2024-03-02T16:42:06.8654588Z         when same kit is allocated multiple times
2024-03-02T16:42:07.1825218Z           inventory out for that kit contains both line_items with their respective quantity
2024-03-02T16:42:07.1826259Z         when there kit is allocated once
2024-03-02T16:42:07.4598907Z           inventory out for that kit contains both line_items with their respective quantity
2024-03-02T16:42:07.4599813Z       When kit is allocated more then once
2024-03-02T16:42:07.7676378Z         increases the already existed inventory in and decreases the already existed inventory out
2024-03-02T16:42:07.7677153Z 
2024-03-02T16:42:07.7677334Z AccountRequestMailer
2024-03-02T16:42:07.7678349Z   #rejection
2024-03-02T16:42:07.7901426Z     should have the correct subject
2024-03-02T16:42:07.8025092Z     should include the rejection reason
2024-03-02T16:42:07.8138161Z     should be sent to the correct email address
2024-03-02T16:42:07.8139280Z     when the account_request_id provided does not match any AccountRequest
2024-03-02T16:42:07.8184646Z       should trigger raise a ActiveRecord::RecordNotFound error
2024-03-02T16:42:07.8186808Z   #approval_request
2024-03-02T16:42:07.8322522Z     should be sent to the info@humanessentials.app email address
2024-03-02T16:42:07.8453053Z     should include the admin link to create the new organization from the account request
2024-03-02T16:42:07.8573157Z     should have the correct subject
2024-03-02T16:42:07.8741777Z     should include the admin link to reject the organization
2024-03-02T16:42:07.9843988Z     should include details of the account request
2024-03-02T16:42:07.9844767Z     when the account_request_id provided does not match any AccountRequest
2024-03-02T16:42:07.9934471Z       should trigger raise a ActiveRecord::RecordNotFound error
2024-03-02T16:42:07.9939341Z   #confirmation
2024-03-02T16:42:08.0341518Z     should have the correct subject
2024-03-02T16:42:08.0600577Z     should be sent to the specified account_request email
2024-03-02T16:42:08.0914791Z     should be from no-reply@humanessentials.app
2024-03-02T16:42:08.0915698Z     when the account_request_id provided does not match any AccountRequest
2024-03-02T16:42:08.1055270Z       should trigger raise a ActiveRecord::RecordNotFound error
2024-03-02T16:42:08.1056177Z     HTML format
2024-03-02T16:42:08.1345211Z       should include the button to confirm the request
2024-03-02T16:42:08.1472458Z       should include the instruction video link
2024-03-02T16:42:08.1598523Z       should include the staging/demo account information
2024-03-02T16:42:08.1599249Z     Text format
2024-03-02T16:42:08.1721178Z       should include the button to confirm the request
2024-03-02T16:42:08.1839632Z       should include the instruction video link
2024-03-02T16:42:08.1959579Z       should include the staging/demo account information
2024-03-02T16:42:08.1960322Z 
2024-03-02T16:42:08.1960507Z ItemsInTotalQuery
2024-03-02T16:42:08.1961714Z   items_in_total_query
2024-03-02T16:42:08.4289509Z     does not count transfers going in the negative direction
2024-03-02T16:42:08.5969790Z     returns a sum total of all in-flows
2024-03-02T16:42:08.9647761Z     counts shared items together
2024-03-02T16:42:09.2374972Z     does not count donations, purchases, adjustments to other storage locations
2024-03-02T16:42:09.4579074Z     does not count negative adjustments towards in-flow
2024-03-02T16:42:09.4579758Z 
2024-03-02T16:42:09.4580025Z ItemCreateService
2024-03-02T16:42:09.4580760Z   #call
2024-03-02T16:42:09.4581698Z     when there are no issues
2024-03-02T16:42:09.6349352Z       should execute the expected methods
2024-03-02T16:42:09.8137641Z       should return an OpenStruct with success? set to true and the item
2024-03-02T16:42:09.8138426Z     when an issue occurs in transaction
2024-03-02T16:42:09.8139209Z       because a inventory item creation failed and raised an error
2024-03-02T16:42:09.9849343Z         should return a OpenStruct with the raised error
2024-03-02T16:42:09.9850097Z       because the item create raised an error
2024-03-02T16:42:10.1600905Z         should return a OpenStruct with the raised error
2024-03-02T16:42:10.1601927Z       because the organization_id does not match any Organization
2024-03-02T16:42:10.3338707Z         should return a OpenStruct with an ActiveRecord::RecordNotFound error
2024-03-02T16:42:10.3339688Z 
2024-03-02T16:42:10.3339953Z DeadlineService
2024-03-02T16:42:10.3340939Z   #next_deadline
2024-03-02T16:42:10.3341775Z     from the organization
2024-03-02T16:42:10.3342746Z       when the deadline is before today
2024-03-02T16:42:10.3401103Z         returns a date in the next month
2024-03-02T16:42:10.3401547Z       when the deadline is after today
2024-03-02T16:42:10.3454328Z         returns a date within the current month
2024-03-02T16:42:10.3455135Z       when the deadline is today
2024-03-02T16:42:10.3516757Z         returns a date in the next month
2024-03-02T16:42:10.3517597Z     do from the partner group
2024-03-02T16:42:10.3518284Z       when the deadline is after today
2024-03-02T16:42:10.3582294Z         returns a date within the current month
2024-03-02T16:42:10.3583040Z       when the deadline is today
2024-03-02T16:42:10.3636423Z         returns a date in the next month
2024-03-02T16:42:10.3637097Z       when the deadline is before today
2024-03-02T16:42:10.3689868Z         returns a date in the next month
2024-03-02T16:42:10.3691465Z 
2024-03-02T16:42:10.3691720Z KitCreateService
2024-03-02T16:42:10.3692552Z   #call
2024-03-02T16:42:10.5651846Z     should return an the instance
2024-03-02T16:42:10.5652495Z     when the parameters provided are invalid
2024-03-02T16:42:10.5653303Z       because the organization_id does not match any Organization
2024-03-02T16:42:10.5707653Z         should have an error on organization_id saying it does not match any Organization
2024-03-02T16:42:10.5709084Z       because the kit_params is invalid for kit creation
2024-03-02T16:42:10.7516379Z         should have errors saying why the kit_params are invalid
2024-03-02T16:42:10.7517273Z     when the parameters are valid
2024-03-02T16:42:10.9537736Z       should create the new Item associated with the Kit
2024-03-02T16:42:11.1449014Z       should create a new Kit
2024-03-02T16:42:11.3426913Z       should create a new Item
2024-03-02T16:42:11.3427419Z       but an unexpected error gets raised
2024-03-02T16:42:11.5305546Z         should not create a Item
2024-03-02T16:42:11.7139068Z         should not create the Kit
2024-03-02T16:42:11.9073006Z         should have an error that includes the raised error
2024-03-02T16:42:11.9073813Z       but the ItemCreationService is unsuccesful
2024-03-02T16:42:12.0953169Z         should have an error that includes the error
2024-03-02T16:42:12.2930790Z         should not create a Item
2024-03-02T16:42:12.4874868Z         should not create the Kit
2024-03-02T16:42:12.4875845Z 
2024-03-02T16:42:12.4878153Z User
2024-03-02T16:42:12.4879180Z   #role_added
2024-03-02T16:42:12.5248226Z     renders the body correctly
2024-03-02T16:42:12.5248947Z   #send_reset_password_instructions
2024-03-02T16:42:12.5249676Z     user gets an email with instructions
2024-03-02T16:42:12.6124796Z       sends an email with instructions
2024-03-02T16:42:12.6127982Z 
2024-03-02T16:42:12.6128292Z Donation
2024-03-02T16:42:12.6129647Z   behaves like itemizable
2024-03-02T16:42:12.6130407Z     .to_a
2024-03-02T16:42:12.6131206Z       with Flipper flag :deprecate_to_a enabled
2024-03-02T16:42:12.6467544Z         raises an error
2024-03-02T16:42:12.6468314Z       with Flipper flag :deprecate_to_a disabled
2024-03-02T16:42:12.6789714Z         calls line_item_values
2024-03-02T16:42:12.6790395Z     .line_items
2024-03-02T16:42:12.6791556Z       quantities_by_name
2024-03-02T16:42:12.7128649Z         leaves out zero-quantitied items if requested
2024-03-02T16:42:12.7446090Z         returns a hash of items with id, name, and quantity
2024-03-02T16:42:12.7446558Z       sorted
2024-03-02T16:42:12.7911870Z         displays the items, sorted by name
2024-03-02T16:42:12.7912489Z       combine!
2024-03-02T16:42:12.8293754Z         combines multiple line_items with the same item_id into a single record
2024-03-02T16:42:12.8730303Z         incrementally combines line_items on donations that have already been created
2024-03-02T16:42:12.8731271Z       total
2024-03-02T16:42:12.9053857Z         has an item total
2024-03-02T16:42:12.9054609Z   versioning
2024-03-02T16:42:12.9088954Z     is expected to be versioned
2024-03-02T16:42:12.9089402Z   Validations >
2024-03-02T16:42:12.9140051Z     ensures that the issued at is no earlier than 2000
2024-03-02T16:42:12.9260521Z     requires a product drive participant if the source is 'Product Drive'
2024-03-02T16:42:12.9301524Z     requires an inventory (storage location)
2024-03-02T16:42:12.9410032Z     requires a donation_site if the source is 'Donation Site'
2024-03-02T16:42:12.9551304Z     is invalid when the line items are invalid
2024-03-02T16:42:12.9593769Z     must belong to an organization
2024-03-02T16:42:12.9707998Z     requires a manufacturer if the source is 'Manufacturer'
2024-03-02T16:42:12.9834172Z     requires a source from the list of available sources
2024-03-02T16:42:12.9834909Z   Callbacks >
2024-03-02T16:42:12.9994688Z     automatically combines duplicate line_item records when they're created
2024-03-02T16:42:13.0127191Z     inititalizes the issued_at field to default to midnight if it wasn't explicitly set
2024-03-02T16:42:13.0128392Z   Scopes >
2024-03-02T16:42:13.0128859Z     by_source >
2024-03-02T16:42:13.0129399Z       when source is not a symbol
2024-03-02T16:42:13.0130151Z         when source comes from the SOURCES hash
2024-03-02T16:42:13.0312887Z           returns all donations with the provided source
2024-03-02T16:42:13.0313747Z         when source is invalid
2024-03-02T16:42:13.0493237Z           does not throw errors, returns no results
2024-03-02T16:42:13.0494078Z       when source is a symbol
2024-03-02T16:42:13.0494726Z         when source is invalid
2024-03-02T16:42:13.0675848Z           does not throw errors, returns no results
2024-03-02T16:42:13.0676668Z         when source is valid
2024-03-02T16:42:13.0854838Z           allows a symbol as an argument, referencing the SOURCES hash
2024-03-02T16:42:13.0855686Z     during >
2024-03-02T16:42:13.1043226Z       returns all donations created between two dates
2024-03-02T16:42:13.1043940Z   SOURCES
2024-03-02T16:42:13.1079014Z     the hash values are immutable
2024-03-02T16:42:13.1114239Z     the hash is immutable
2024-03-02T16:42:13.1151145Z     is a hash that is referenceable by key to avoid 'magic strings'
2024-03-02T16:42:13.1152015Z   Associations >
2024-03-02T16:42:13.1152455Z     items >
2024-03-02T16:42:13.1307388Z       has_many
2024-03-02T16:42:13.1308111Z   Methods >
2024-03-02T16:42:13.1309086Z     remove
2024-03-02T16:42:13.2001096Z       fails gracefully if the item doesn't exist
2024-03-02T16:42:13.2615458Z       works with either an id or an object
2024-03-02T16:42:13.3274130Z       removes the item from the donation
2024-03-02T16:42:13.3275227Z     money_raised
2024-03-02T16:42:13.3945358Z       tracks the money raised in a donation
2024-03-02T16:42:13.3945990Z     source_view
2024-03-02T16:42:13.3946845Z       from a drive
2024-03-02T16:42:13.3947713Z         participant known
2024-03-02T16:42:13.3948733Z           no contact name
2024-03-02T16:42:13.4079240Z             returns drive display name
2024-03-02T16:42:13.4080109Z           contact name present
2024-03-02T16:42:13.4201144Z             returns participant display name
2024-03-02T16:42:13.4202070Z         unknown participant
2024-03-02T16:42:13.4302253Z           returns drive display name
2024-03-02T16:42:13.4303058Z       details
2024-03-02T16:42:13.4303855Z         misc
2024-03-02T16:42:13.4391127Z           returns a truncated comment
2024-03-02T16:42:13.4391750Z         product drive
2024-03-02T16:42:13.4494212Z           returns product_drive name
2024-03-02T16:42:13.4494819Z         donation site
2024-03-02T16:42:13.4653031Z           returns donation_site name
2024-03-02T16:42:13.4653641Z         manufacturer
2024-03-02T16:42:13.4758200Z           returns manufacturer name
2024-03-02T16:42:13.4758801Z       not from a drive
2024-03-02T16:42:13.4863049Z         returns source
2024-03-02T16:42:13.4864024Z 
2024-03-02T16:42:13.4864854Z Reports::PeriodSupplyReportService
2024-03-02T16:42:13.4865450Z   #report
2024-03-02T16:42:13.6663723Z     should report zero values
2024-03-02T16:42:13.6664128Z     with values
2024-03-02T16:42:14.2794990Z       should report normal values
2024-03-02T16:42:14.2795621Z 
2024-03-02T16:42:14.2796088Z Reports::AdultIncontinenceReportService
2024-03-02T16:42:14.2796958Z   #report
2024-03-02T16:42:14.4694780Z     should report zero values
2024-03-02T16:42:14.4695356Z     with values
2024-03-02T16:42:15.0784788Z       should handle null distribution quantity
2024-03-02T16:42:15.7071227Z       should report normal values
2024-03-02T16:42:15.7071817Z 
2024-03-02T16:42:15.7072127Z EventDiffer
2024-03-02T16:42:15.9061865Z   should return a full diff
2024-03-02T16:42:16.2122477Z 
2024-03-02T16:42:16.2123093Z Finished in 47.59 seconds (files took 8.31 seconds to load)
2024-03-02T16:42:16.2123745Z 543 examples, 0 failures
2024-03-02T16:42:16.2124009Z 
2024-03-02T16:42:16.2124154Z Randomized with seed 38886
2024-03-02T16:42:16.2124447Z 
2024-03-02T16:42:16.7169769Z Coverage report generated for RSpec to /home/runner/work/human-essentials/human-essentials/coverage. 3893 / 6427 LOC (60.57%) covered.
2024-03-02T16:42:17.1495155Z Coverage report generated for RSpec to /home/runner/work/human-essentials/human-essentials/coverage. 38 / 10679 LOC (0.36%) covered.
2024-03-02T16:42:17.1832111Z Post job cleanup.
2024-03-02T16:42:17.2822354Z [command]/usr/bin/git version
2024-03-02T16:42:17.2871459Z git version 2.43.2
2024-03-02T16:42:17.2913808Z Temporarily overriding HOME='/home/runner/work/_temp/07e026bb-b33e-453c-9e99-a788e2da838f' before making global git config changes
2024-03-02T16:42:17.2915727Z Adding repository directory to the temporary git global config as a safe directory
2024-03-02T16:42:17.2920874Z [command]/usr/bin/git config --global --add safe.directory /home/runner/work/human-essentials/human-essentials
2024-03-02T16:42:17.2962454Z [command]/usr/bin/git config --local --name-only --get-regexp core\.sshCommand
2024-03-02T16:42:17.3003139Z [command]/usr/bin/git submodule foreach --recursive sh -c "git config --local --name-only --get-regexp 'core\.sshCommand' && git config --local --unset-all 'core.sshCommand' || :"
2024-03-02T16:42:17.3249996Z [command]/usr/bin/git config --local --name-only --get-regexp http\.https\:\/\/github\.com\/\.extraheader
2024-03-02T16:42:17.3283832Z http.https://github.com/.extraheader
2024-03-02T16:42:17.3292626Z [command]/usr/bin/git config --local --unset-all http.https://github.com/.extraheader
2024-03-02T16:42:17.3335572Z [command]/usr/bin/git submodule foreach --recursive sh -c "git config --local --name-only --get-regexp 'http\.https\:\/\/github\.com\/\.extraheader' && git config --local --unset-all 'http.https://github.com/.extraheader' || :"
2024-03-02T16:42:17.3712311Z Print service container logs: f3d0d5b4a8074d06b3063dc3b72c0ecc_postgres123_66ac57
2024-03-02T16:42:17.3717246Z ##[command]/usr/bin/docker logs --details 7eb34f9c1e99e2399708e008eb8c1d29f6d630ab00b263a8e1564d195fb4b7e8
2024-03-02T16:42:17.3845552Z  The files belonging to this database system will be owned by user "postgres".
2024-03-02T16:42:17.3847413Z  This user must also own the server process.
2024-03-02T16:42:17.3848229Z  
2024-03-02T16:42:17.3849048Z  The database cluster will be initialized with locale "en_US.utf8".
2024-03-02T16:42:17.3851073Z  initdb: warning: enabling "trust" authentication for local connections
2024-03-02T16:42:17.3851987Z  You can change this by editing pg_hba.conf or using the option -A, or
2024-03-02T16:42:17.3852589Z  --auth-local and --auth-host, the next time you run initdb.
2024-03-02T16:42:17.3853578Z  2024-03-02 16:40:36.515 UTC [1] LOG:  starting PostgreSQL 12.3 (Debian 12.3-1.pgdg100+1) on x86_64-pc-linux-gnu, compiled by gcc (Debian 8.3.0-6) 8.3.0, 64-bit
2024-03-02T16:42:17.3854567Z  2024-03-02 16:40:36.515 UTC [1] LOG:  listening on IPv4 address "0.0.0.0", port 5432
2024-03-02T16:42:17.3855241Z  2024-03-02 16:40:36.515 UTC [1] LOG:  listening on IPv6 address "::", port 5432
2024-03-02T16:42:17.3856327Z  2024-03-02 16:40:36.516 UTC [1] LOG:  listening on Unix socket "/var/run/postgresql/.s.PGSQL.5432"
2024-03-02T16:42:17.3857123Z  2024-03-02 16:40:36.526 UTC [55] LOG:  database system was shut down at 2024-03-02 16:40:36 UTC
2024-03-02T16:42:17.3857853Z  2024-03-02 16:40:36.531 UTC [1] LOG:  database system is ready to accept connections
2024-03-02T16:42:17.3858503Z  2024-03-02 16:40:45.707 UTC [69] FATAL:  role "root" does not exist
2024-03-02T16:42:17.3859062Z  2024-03-02 16:40:55.794 UTC [76] FATAL:  role "root" does not exist
2024-03-02T16:42:17.3859770Z  2024-03-02 16:41:02.962 UTC [77] FATAL:  database "diaper_test" does not exist
2024-03-02T16:42:17.3860398Z  The default database encoding has accordingly been set to "UTF8".
2024-03-02T16:42:17.3860981Z  The default text search configuration will be set to "english".
2024-03-02T16:42:17.3861415Z  
2024-03-02T16:42:17.3861645Z  Data page checksums are disabled.
2024-03-02T16:42:17.3861955Z  
2024-03-02T16:42:17.3862335Z  fixing permissions on existing directory /var/lib/postgresql/data ... ok
2024-03-02T16:42:17.3862841Z  creating subdirectories ... ok
2024-03-02T16:42:17.3863247Z  selecting dynamic shared memory implementation ... posix
2024-03-02T16:42:17.3863723Z  selecting default max_connections ... 100
2024-03-02T16:42:17.3864937Z  selecting default shared_buffers ... 128MB
2024-03-02T16:42:17.3865583Z  selecting default time zone ... Etc/UTC
2024-03-02T16:42:17.3866056Z  creating configuration files ... ok
2024-03-02T16:42:17.3866411Z  running bootstrap script ... ok
2024-03-02T16:42:17.3866801Z  performing post-bootstrap initialization ... ok
2024-03-02T16:42:17.3867203Z  syncing data to disk ... ok
2024-03-02T16:42:17.3867483Z  
2024-03-02T16:42:17.3867676Z  
2024-03-02T16:42:17.3868381Z  Success. You can now start the database server using:
2024-03-02T16:42:17.3868779Z  
2024-03-02T16:42:17.3869133Z      pg_ctl -D /var/lib/postgresql/data -l logfile start
2024-03-02T16:42:17.3869517Z  
2024-03-02T16:42:17.3870336Z  waiting for server to start....2024-03-02 16:40:36.312 UTC [46] LOG:  starting PostgreSQL 12.3 (Debian 12.3-1.pgdg100+1) on x86_64-pc-linux-gnu, compiled by gcc (Debian 8.3.0-6) 8.3.0, 64-bit
2024-03-02T16:42:17.3871489Z  2024-03-02 16:40:36.313 UTC [46] LOG:  listening on Unix socket "/var/run/postgresql/.s.PGSQL.5432"
2024-03-02T16:42:17.3872241Z  2024-03-02 16:40:36.324 UTC [47] LOG:  database system was shut down at 2024-03-02 16:40:36 UTC
2024-03-02T16:42:17.3872933Z  2024-03-02 16:40:36.328 UTC [46] LOG:  database system is ready to accept connections
2024-03-02T16:42:17.3873414Z   done
2024-03-02T16:42:17.3873618Z  server started
2024-03-02T16:42:17.3873845Z  
2024-03-02T16:42:17.3874253Z  /usr/local/bin/docker-entrypoint.sh: ignoring /docker-entrypoint-initdb.d/*
2024-03-02T16:42:17.3874990Z  
2024-03-02T16:42:17.3875333Z  2024-03-02 16:40:36.405 UTC [46] LOG:  received fast shutdown request
2024-03-02T16:42:17.3876044Z  waiting for server to shut down....2024-03-02 16:40:36.405 UTC [46] LOG:  aborting any active transactions
2024-03-02T16:42:17.3876961Z  2024-03-02 16:40:36.406 UTC [46] LOG:  background worker "logical replication launcher" (PID 53) exited with exit code 1
2024-03-02T16:42:17.3877656Z  2024-03-02 16:40:36.407 UTC [48] LOG:  shutting down
2024-03-02T16:42:17.3878139Z  2024-03-02 16:40:36.413 UTC [46] LOG:  database system is shut down
2024-03-02T16:42:17.3878555Z   done
2024-03-02T16:42:17.3878767Z  server stopped
2024-03-02T16:42:17.3878992Z  
2024-03-02T16:42:17.3879278Z  PostgreSQL init process complete; ready for start up.
2024-03-02T16:42:17.3879653Z  
2024-03-02T16:42:17.3879989Z  2024-03-02 16:41:05.926 UTC [86] FATAL:  role "root" does not exist
2024-03-02T16:42:17.3880644Z  2024-03-02 16:41:09.715 UTC [87] ERROR:  relation "flipper_gates" does not exist at character 491
2024-03-02T16:42:17.3881420Z  2024-03-02 16:41:09.715 UTC [87] STATEMENT:  SELECT a.attname, format_type(a.atttypid, a.atttypmod),
2024-03-02T16:42:17.3882140Z  	       pg_get_expr(d.adbin, d.adrelid), a.attnotnull, a.atttypid, a.atttypmod,
2024-03-02T16:42:17.3882890Z  	       c.collname, col_description(a.attrelid, a.attnum) AS comment,
2024-03-02T16:42:17.3883342Z  	       attgenerated as attgenerated
2024-03-02T16:42:17.3883669Z  	  FROM pg_attribute a
2024-03-02T16:42:17.3884096Z  	  LEFT JOIN pg_attrdef d ON a.attrelid = d.adrelid AND a.attnum = d.adnum
2024-03-02T16:42:17.3884605Z  	  LEFT JOIN pg_type t ON a.atttypid = t.oid
2024-03-02T16:42:17.3885171Z  	  LEFT JOIN pg_collation c ON a.attcollation = c.oid AND a.attcollation <> t.typcollation
2024-03-02T16:42:17.3885748Z  	 WHERE a.attrelid = '"flipper_gates"'::regclass
2024-03-02T16:42:17.3886152Z  	   AND a.attnum > 0 AND NOT a.attisdropped
2024-03-02T16:42:17.3886500Z  	 ORDER BY a.attnum
2024-03-02T16:42:17.3886741Z  	
2024-03-02T16:42:17.3887070Z  2024-03-02 16:41:16.002 UTC [97] FATAL:  role "root" does not exist
2024-03-02T16:42:17.3887618Z  2024-03-02 16:41:26.087 UTC [106] FATAL:  role "root" does not exist
2024-03-02T16:42:17.3888155Z  2024-03-02 16:41:36.177 UTC [115] FATAL:  role "root" does not exist
2024-03-02T16:42:17.3888965Z  2024-03-02 16:41:36.849 UTC [107] ERROR:  new row for relation "partner_groups" violates check constraint "deadline_day_of_month_check"
2024-03-02T16:42:17.3890030Z  2024-03-02 16:41:36.849 UTC [107] DETAIL:  Failing row contains (1, 1, Group 1, 2024-03-02 16:41:36.848002, 2024-03-02 16:41:36.848002, f, 14, 29).
2024-03-02T16:42:17.3891058Z  2024-03-02 16:41:36.849 UTC [107] STATEMENT:  UPDATE "partner_groups" SET "deadline_day" = $1 WHERE "partner_groups"."id" = $2
2024-03-02T16:42:17.3892072Z  2024-03-02 16:41:36.856 UTC [107] ERROR:  new row for relation "partner_groups" violates check constraint "reminder_day_of_month_check"
2024-03-02T16:42:17.3893131Z  2024-03-02 16:41:36.856 UTC [107] DETAIL:  Failing row contains (2, 1, Group 2, 2024-03-02 16:41:36.855256, 2024-03-02 16:41:36.855256, f, 29, 28).
2024-03-02T16:42:17.3894194Z  2024-03-02 16:41:36.856 UTC [107] STATEMENT:  UPDATE "partner_groups" SET "reminder_day" = $1 WHERE "partner_groups"."id" = $2
2024-03-02T16:42:17.3895159Z  2024-03-02 16:41:36.863 UTC [107] ERROR:  null value in column "send_reminders" violates not-null constraint
2024-03-02T16:42:17.3896122Z  2024-03-02 16:41:36.863 UTC [107] DETAIL:  Failing row contains (3, 1, Group 3, 2024-03-02 16:41:36.862143, 2024-03-02 16:41:36.862143, null, 14, 28).
2024-03-02T16:42:17.3897146Z  2024-03-02 16:41:36.863 UTC [107] STATEMENT:  UPDATE "partner_groups" SET "send_reminders" = $1 WHERE "partner_groups"."id" = $2
2024-03-02T16:42:17.3897909Z  2024-03-02 16:41:46.258 UTC [124] FATAL:  role "root" does not exist
2024-03-02T16:42:17.3898452Z  2024-03-02 16:41:56.351 UTC [131] FATAL:  role "root" does not exist
2024-03-02T16:42:17.3899118Z  2024-03-02 16:42:06.453 UTC [139] FATAL:  role "root" does not exist
2024-03-02T16:42:17.3899663Z  2024-03-02 16:42:16.532 UTC [149] FATAL:  role "root" does not exist
2024-03-02T16:42:17.3905504Z Stop and remove container: f3d0d5b4a8074d06b3063dc3b72c0ecc_postgres123_66ac57
2024-03-02T16:42:17.3911123Z ##[command]/usr/bin/docker rm --force 7eb34f9c1e99e2399708e008eb8c1d29f6d630ab00b263a8e1564d195fb4b7e8
2024-03-02T16:42:17.5997239Z 7eb34f9c1e99e2399708e008eb8c1d29f6d630ab00b263a8e1564d195fb4b7e8
2024-03-02T16:42:17.6022424Z Remove container network: github_network_cd34c3ea46b74f9c8487ba454c14287f
2024-03-02T16:42:17.6027620Z ##[command]/usr/bin/docker network rm github_network_cd34c3ea46b74f9c8487ba454c14287f
2024-03-02T16:42:17.8805037Z github_network_cd34c3ea46b74f9c8487ba454c14287f
2024-03-02T16:42:17.9010614Z Cleaning up orphan processes
