2024-03-01T20:46:14.9613373Z Requested labels: ubuntu-latest
2024-03-01T20:46:14.9613863Z Job defined at: rubyforgood/human-essentials/.github/workflows/rspec-system-events.yml@refs/pull/3982/merge
2024-03-01T20:46:14.9614039Z Waiting for a runner to pick up this job...
2024-03-01T20:46:15.7599874Z Job is waiting for a hosted runner to come online.
2024-03-01T20:46:18.1347541Z Job is about to start running on the hosted runner: GitHub Actions 9 (hosted)
2024-03-01T20:46:20.3360173Z Current runner version: '2.313.0'
2024-03-01T20:46:20.3386870Z ##[group]Operating System
2024-03-01T20:46:20.3387625Z Ubuntu
2024-03-01T20:46:20.3387961Z 22.04.4
2024-03-01T20:46:20.3388269Z LTS
2024-03-01T20:46:20.3388698Z ##[endgroup]
2024-03-01T20:46:20.3389073Z ##[group]Runner Image
2024-03-01T20:46:20.3389585Z Image: ubuntu-22.04
2024-03-01T20:46:20.3389942Z Version: 20240225.1.0
2024-03-01T20:46:20.3390947Z Included Software: https://github.com/actions/runner-images/blob/ubuntu22/20240225.1/images/ubuntu/Ubuntu2204-Readme.md
2024-03-01T20:46:20.3392432Z Image Release: https://github.com/actions/runner-images/releases/tag/ubuntu22%2F20240225.1
2024-03-01T20:46:20.3393281Z ##[endgroup]
2024-03-01T20:46:20.3393652Z ##[group]Runner Image Provisioner
2024-03-01T20:46:20.3394234Z 2.0.347.1
2024-03-01T20:46:20.3394574Z ##[endgroup]
2024-03-01T20:46:20.3396707Z ##[group]GITHUB_TOKEN Permissions
2024-03-01T20:46:20.3398956Z Actions: write
2024-03-01T20:46:20.3399388Z Checks: write
2024-03-01T20:46:20.3399992Z Contents: write
2024-03-01T20:46:20.3400480Z Deployments: write
2024-03-01T20:46:20.3400969Z Discussions: write
2024-03-01T20:46:20.3401337Z Issues: write
2024-03-01T20:46:20.3401700Z Metadata: read
2024-03-01T20:46:20.3402157Z Packages: write
2024-03-01T20:46:20.3402549Z Pages: write
2024-03-01T20:46:20.3402935Z PullRequests: write
2024-03-01T20:46:20.3403579Z RepositoryProjects: write
2024-03-01T20:46:20.3404059Z SecurityEvents: write
2024-03-01T20:46:20.3404436Z Statuses: write
2024-03-01T20:46:20.3404891Z ##[endgroup]
2024-03-01T20:46:20.3408179Z Secret source: Actions
2024-03-01T20:46:20.3408762Z Prepare workflow directory
2024-03-01T20:46:20.4280799Z Prepare all required actions
2024-03-01T20:46:20.4455940Z Getting action download info
2024-03-01T20:46:20.6559811Z Download action repository 'actions/checkout@v2' (SHA:ee0669bd1cc54295c223e0bb666b733df41de1c5)
2024-03-01T20:46:20.7697375Z Download action repository 'ruby/setup-ruby@v1' (SHA:d4526a55538b775af234ba4af27118ed6f8f6677)
2024-03-01T20:46:21.3733540Z Download action repository 'actions/upload-artifact@v2' (SHA:82c141cc518b40d92cc801eee768e7aafc9c2fa2)
2024-03-01T20:46:21.6059762Z Complete job name: rspec-system-events (6, 4)
2024-03-01T20:46:21.6709197Z ##[group]Checking docker version
2024-03-01T20:46:21.6723870Z ##[command]/usr/bin/docker version --format '{{.Server.APIVersion}}'
2024-03-01T20:46:21.7364816Z '1.43'
2024-03-01T20:46:21.7381004Z Docker daemon API version: '1.43'
2024-03-01T20:46:21.7381952Z ##[command]/usr/bin/docker version --format '{{.Client.APIVersion}}'
2024-03-01T20:46:21.7550310Z '1.43'
2024-03-01T20:46:21.7562394Z Docker client API version: '1.43'
2024-03-01T20:46:21.7567343Z ##[endgroup]
2024-03-01T20:46:21.7570688Z ##[group]Clean up resources from previous jobs
2024-03-01T20:46:21.7576361Z ##[command]/usr/bin/docker ps --all --quiet --no-trunc --filter "label=95a03a"
2024-03-01T20:46:21.7732483Z ##[command]/usr/bin/docker network prune --force --filter "label=95a03a"
2024-03-01T20:46:21.7863289Z ##[endgroup]
2024-03-01T20:46:21.7863893Z ##[group]Create local container network
2024-03-01T20:46:21.7874155Z ##[command]/usr/bin/docker network create --label 95a03a github_network_aac6fdff8dbb4385987252d410d835a0
2024-03-01T20:46:21.8615300Z bd8ee9225fe40da734743936bf46c1fc290518b2062b7c804463628d46c29500
2024-03-01T20:46:21.8631571Z ##[endgroup]
2024-03-01T20:46:21.8707941Z ##[group]Starting db service container
2024-03-01T20:46:21.8725373Z ##[command]/usr/bin/docker pull postgres:12.3
2024-03-01T20:46:22.4225098Z 12.3: Pulling from library/postgres
2024-03-01T20:46:22.5589793Z bf5952930446: Pulling fs layer
2024-03-01T20:46:22.5590669Z 9577476abb00: Pulling fs layer
2024-03-01T20:46:22.5591267Z 2bd105512d5c: Pulling fs layer
2024-03-01T20:46:22.5591938Z b1cd21c26e81: Pulling fs layer
2024-03-01T20:46:22.5592311Z 34a7c86cf8fc: Pulling fs layer
2024-03-01T20:46:22.5592813Z 274e7b0c38d5: Pulling fs layer
2024-03-01T20:46:22.5593232Z 3e831b350d37: Pulling fs layer
2024-03-01T20:46:22.5593665Z 38fa0d496534: Pulling fs layer
2024-03-01T20:46:22.5594455Z 31a8349609a4: Pulling fs layer
2024-03-01T20:46:22.5594844Z 14e4c2a4b7b7: Pulling fs layer
2024-03-01T20:46:22.5595286Z 964acfa02beb: Pulling fs layer
2024-03-01T20:46:22.5595778Z 31b1f20dffc0: Pulling fs layer
2024-03-01T20:46:22.5596119Z 14771c2930e9: Pulling fs layer
2024-03-01T20:46:22.5596511Z 2f30edd0ce8a: Pulling fs layer
2024-03-01T20:46:22.5597294Z 31a8349609a4: Waiting
2024-03-01T20:46:22.5597638Z 964acfa02beb: Waiting
2024-03-01T20:46:22.5597980Z 14e4c2a4b7b7: Waiting
2024-03-01T20:46:22.5598426Z 31b1f20dffc0: Waiting
2024-03-01T20:46:22.5598774Z 14771c2930e9: Waiting
2024-03-01T20:46:22.5599079Z 274e7b0c38d5: Waiting
2024-03-01T20:46:22.5599807Z 2f30edd0ce8a: Waiting
2024-03-01T20:46:22.5600188Z 3e831b350d37: Waiting
2024-03-01T20:46:22.5600618Z 38fa0d496534: Waiting
2024-03-01T20:46:22.5600919Z b1cd21c26e81: Waiting
2024-03-01T20:46:22.5601261Z 34a7c86cf8fc: Waiting
2024-03-01T20:46:22.7040464Z 2bd105512d5c: Verifying Checksum
2024-03-01T20:46:22.7041312Z 2bd105512d5c: Download complete
2024-03-01T20:46:22.7357580Z 9577476abb00: Verifying Checksum
2024-03-01T20:46:22.7358638Z 9577476abb00: Download complete
2024-03-01T20:46:22.9083963Z 34a7c86cf8fc: Verifying Checksum
2024-03-01T20:46:22.9085008Z 34a7c86cf8fc: Download complete
2024-03-01T20:46:23.0334171Z bf5952930446: Verifying Checksum
2024-03-01T20:46:23.0335043Z bf5952930446: Download complete
2024-03-01T20:46:23.0502853Z 274e7b0c38d5: Verifying Checksum
2024-03-01T20:46:23.0503622Z 274e7b0c38d5: Download complete
2024-03-01T20:46:23.1577757Z 3e831b350d37: Verifying Checksum
2024-03-01T20:46:23.1578760Z 3e831b350d37: Download complete
2024-03-01T20:46:23.1863603Z 38fa0d496534: Verifying Checksum
2024-03-01T20:46:23.1864725Z 38fa0d496534: Download complete
2024-03-01T20:46:23.2198208Z b1cd21c26e81: Verifying Checksum
2024-03-01T20:46:23.2199349Z b1cd21c26e81: Download complete
2024-03-01T20:46:23.3134343Z 14e4c2a4b7b7: Download complete
2024-03-01T20:46:23.3458551Z 964acfa02beb: Verifying Checksum
2024-03-01T20:46:23.3459303Z 964acfa02beb: Download complete
2024-03-01T20:46:23.4467225Z 31b1f20dffc0: Download complete
2024-03-01T20:46:23.4758807Z 14771c2930e9: Verifying Checksum
2024-03-01T20:46:23.4760076Z 14771c2930e9: Download complete
2024-03-01T20:46:23.6455333Z 2f30edd0ce8a: Verifying Checksum
2024-03-01T20:46:23.6456469Z 2f30edd0ce8a: Download complete
2024-03-01T20:46:23.9763120Z 31a8349609a4: Verifying Checksum
2024-03-01T20:46:23.9763998Z 31a8349609a4: Download complete
2024-03-01T20:46:24.3338895Z bf5952930446: Pull complete
2024-03-01T20:46:24.6410315Z 9577476abb00: Pull complete
2024-03-01T20:46:24.6562788Z 2bd105512d5c: Pull complete
2024-03-01T20:46:24.7038973Z b1cd21c26e81: Pull complete
2024-03-01T20:46:25.0462665Z 34a7c86cf8fc: Pull complete
2024-03-01T20:46:25.0875881Z 274e7b0c38d5: Pull complete
2024-03-01T20:46:25.0981585Z 3e831b350d37: Pull complete
2024-03-01T20:46:25.1085575Z 38fa0d496534: Pull complete
2024-03-01T20:46:27.4146100Z 31a8349609a4: Pull complete
2024-03-01T20:46:27.4290701Z 14e4c2a4b7b7: Pull complete
2024-03-01T20:46:27.4406358Z 964acfa02beb: Pull complete
2024-03-01T20:46:27.4499289Z 31b1f20dffc0: Pull complete
2024-03-01T20:46:27.4593635Z 14771c2930e9: Pull complete
2024-03-01T20:46:27.4673112Z 2f30edd0ce8a: Pull complete
2024-03-01T20:46:27.4715255Z Digest: sha256:a06e6e6e519b7a329c419f8221edec66cfc45511e8b80e262c12103ba745cf19
2024-03-01T20:46:27.4726499Z Status: Downloaded newer image for postgres:12.3
2024-03-01T20:46:27.4736147Z docker.io/library/postgres:12.3
2024-03-01T20:46:27.4838363Z ##[command]/usr/bin/docker create --name cdec278d7ae44acd934a4bba5e4ed1e2_postgres123_12ea59 --label 95a03a --network github_network_aac6fdff8dbb4385987252d410d835a0 --network-alias db -p 5432:5432 --health-cmd pg_isready --health-interval 10s --health-timeout 5s --health-retries 5 -e "POSTGRES_PASSWORD=password" -e GITHUB_ACTIONS=true -e CI=true postgres:12.3
2024-03-01T20:46:27.5115283Z cdddd1ef2b065b58180d150458c68c8679bac03d234d9b662315c633471752ec
2024-03-01T20:46:27.5140408Z ##[command]/usr/bin/docker start cdddd1ef2b065b58180d150458c68c8679bac03d234d9b662315c633471752ec
2024-03-01T20:46:27.7732853Z cdddd1ef2b065b58180d150458c68c8679bac03d234d9b662315c633471752ec
2024-03-01T20:46:27.7752205Z ##[command]/usr/bin/docker ps --all --filter id=cdddd1ef2b065b58180d150458c68c8679bac03d234d9b662315c633471752ec --filter status=running --no-trunc --format "{{.ID}} {{.Status}}"
2024-03-01T20:46:27.7900755Z cdddd1ef2b065b58180d150458c68c8679bac03d234d9b662315c633471752ec Up Less than a second (health: starting)
2024-03-01T20:46:27.7922520Z ##[command]/usr/bin/docker port cdddd1ef2b065b58180d150458c68c8679bac03d234d9b662315c633471752ec
2024-03-01T20:46:27.8050979Z 5432/tcp -> 0.0.0.0:5432
2024-03-01T20:46:27.8051917Z 5432/tcp -> [::]:5432
2024-03-01T20:46:27.8142976Z ##[endgroup]
2024-03-01T20:46:27.8169611Z ##[group]Waiting for all services to be ready
2024-03-01T20:46:27.8207164Z ##[command]/usr/bin/docker inspect --format="{{if .Config.Healthcheck}}{{print .State.Health.Status}}{{end}}" cdddd1ef2b065b58180d150458c68c8679bac03d234d9b662315c633471752ec
2024-03-01T20:46:27.8349061Z starting
2024-03-01T20:46:27.8361226Z db service is starting, waiting 2 seconds before checking again.
2024-03-01T20:46:29.8357889Z ##[command]/usr/bin/docker inspect --format="{{if .Config.Healthcheck}}{{print .State.Health.Status}}{{end}}" cdddd1ef2b065b58180d150458c68c8679bac03d234d9b662315c633471752ec
2024-03-01T20:46:29.8491150Z starting
2024-03-01T20:46:29.8506949Z db service is starting, waiting 3 seconds before checking again.
2024-03-01T20:46:33.6889893Z ##[command]/usr/bin/docker inspect --format="{{if .Config.Healthcheck}}{{print .State.Health.Status}}{{end}}" cdddd1ef2b065b58180d150458c68c8679bac03d234d9b662315c633471752ec
2024-03-01T20:46:33.7027510Z starting
2024-03-01T20:46:33.7040674Z db service is starting, waiting 7 seconds before checking again.
2024-03-01T20:46:41.3627059Z ##[command]/usr/bin/docker inspect --format="{{if .Config.Healthcheck}}{{print .State.Health.Status}}{{end}}" cdddd1ef2b065b58180d150458c68c8679bac03d234d9b662315c633471752ec
2024-03-01T20:46:41.3762235Z healthy
2024-03-01T20:46:41.3776647Z db service is healthy.
2024-03-01T20:46:41.3777391Z ##[endgroup]
2024-03-01T20:46:41.4151124Z ##[group]Run actions/checkout@v2
2024-03-01T20:46:41.4151609Z with:
2024-03-01T20:46:41.4152108Z   repository: rubyforgood/human-essentials
2024-03-01T20:46:41.4152759Z   token: ***
2024-03-01T20:46:41.4153064Z   ssh-strict: true
2024-03-01T20:46:41.4153532Z   persist-credentials: true
2024-03-01T20:46:41.4153935Z   clean: true
2024-03-01T20:46:41.4154342Z   fetch-depth: 1
2024-03-01T20:46:41.4154700Z   lfs: false
2024-03-01T20:46:41.4155031Z   submodules: false
2024-03-01T20:46:41.4155458Z   set-safe-directory: true
2024-03-01T20:46:41.4155846Z ##[endgroup]
2024-03-01T20:46:41.6023652Z Syncing repository: rubyforgood/human-essentials
2024-03-01T20:46:41.6025772Z ##[group]Getting Git version info
2024-03-01T20:46:41.6026548Z Working directory is '/home/runner/work/human-essentials/human-essentials'
2024-03-01T20:46:41.6027678Z [command]/usr/bin/git version
2024-03-01T20:46:41.6067346Z git version 2.43.2
2024-03-01T20:46:41.6091252Z ##[endgroup]
2024-03-01T20:46:41.6106344Z Temporarily overriding HOME='/home/runner/work/_temp/13e5e2ab-663a-4ab8-81e5-11e73f7884e8' before making global git config changes
2024-03-01T20:46:41.6107436Z Adding repository directory to the temporary git global config as a safe directory
2024-03-01T20:46:41.6110861Z [command]/usr/bin/git config --global --add safe.directory /home/runner/work/human-essentials/human-essentials
2024-03-01T20:46:41.6157034Z Deleting the contents of '/home/runner/work/human-essentials/human-essentials'
2024-03-01T20:46:41.6161398Z ##[group]Initializing the repository
2024-03-01T20:46:41.6165259Z [command]/usr/bin/git init /home/runner/work/human-essentials/human-essentials
2024-03-01T20:46:41.6235383Z hint: Using 'master' as the name for the initial branch. This default branch name
2024-03-01T20:46:41.6236600Z hint: is subject to change. To configure the initial branch name to use in all
2024-03-01T20:46:41.6238149Z hint: of your new repositories, which will suppress this warning, call:
2024-03-01T20:46:41.6238705Z hint: 
2024-03-01T20:46:41.6239487Z hint: 	git config --global init.defaultBranch <name>
2024-03-01T20:46:41.6240005Z hint: 
2024-03-01T20:46:41.6240688Z hint: Names commonly chosen instead of 'master' are 'main', 'trunk' and
2024-03-01T20:46:41.6241701Z hint: 'development'. The just-created branch can be renamed via this command:
2024-03-01T20:46:41.6242329Z hint: 
2024-03-01T20:46:41.6242845Z hint: 	git branch -m <name>
2024-03-01T20:46:41.6245838Z Initialized empty Git repository in /home/runner/work/human-essentials/human-essentials/.git/
2024-03-01T20:46:41.6254495Z [command]/usr/bin/git remote add origin https://github.com/rubyforgood/human-essentials
2024-03-01T20:46:41.6296697Z ##[endgroup]
2024-03-01T20:46:41.6297358Z ##[group]Disabling automatic garbage collection
2024-03-01T20:46:41.6300443Z [command]/usr/bin/git config --local gc.auto 0
2024-03-01T20:46:41.6336991Z ##[endgroup]
2024-03-01T20:46:41.6337837Z ##[group]Setting up auth
2024-03-01T20:46:41.6343698Z [command]/usr/bin/git config --local --name-only --get-regexp core\.sshCommand
2024-03-01T20:46:41.6381741Z [command]/usr/bin/git submodule foreach --recursive sh -c "git config --local --name-only --get-regexp 'core\.sshCommand' && git config --local --unset-all 'core.sshCommand' || :"
2024-03-01T20:46:41.6690289Z [command]/usr/bin/git config --local --name-only --get-regexp http\.https\:\/\/github\.com\/\.extraheader
2024-03-01T20:46:41.6728678Z [command]/usr/bin/git submodule foreach --recursive sh -c "git config --local --name-only --get-regexp 'http\.https\:\/\/github\.com\/\.extraheader' && git config --local --unset-all 'http.https://github.com/.extraheader' || :"
2024-03-01T20:46:41.6974856Z [command]/usr/bin/git config --local http.https://github.com/.extraheader AUTHORIZATION: basic ***
2024-03-01T20:46:41.7026147Z ##[endgroup]
2024-03-01T20:46:41.7026772Z ##[group]Fetching the repository
2024-03-01T20:46:41.7035055Z [command]/usr/bin/git -c protocol.version=2 fetch --no-tags --prune --progress --no-recurse-submodules --depth=1 origin +c13dcd8a843e2f36d797880b4c9e48c55ed23db5:refs/remotes/pull/3982/merge
2024-03-01T20:46:41.9463692Z remote: Enumerating objects: 1743, done.        
2024-03-01T20:46:41.9464714Z remote: Counting objects:   0% (1/1743)        
2024-03-01T20:46:41.9465490Z remote: Counting objects:   1% (18/1743)        
2024-03-01T20:46:41.9466099Z remote: Counting objects:   2% (35/1743)        
2024-03-01T20:46:41.9466655Z remote: Counting objects:   3% (53/1743)        
2024-03-01T20:46:41.9467299Z remote: Counting objects:   4% (70/1743)        
2024-03-01T20:46:41.9467851Z remote: Counting objects:   5% (88/1743)        
2024-03-01T20:46:41.9468350Z remote: Counting objects:   6% (105/1743)        
2024-03-01T20:46:41.9468984Z remote: Counting objects:   7% (123/1743)        
2024-03-01T20:46:41.9469529Z remote: Counting objects:   8% (140/1743)        
2024-03-01T20:46:41.9470135Z remote: Counting objects:   9% (157/1743)        
2024-03-01T20:46:41.9470647Z remote: Counting objects:  10% (175/1743)        
2024-03-01T20:46:41.9471203Z remote: Counting objects:  11% (192/1743)        
2024-03-01T20:46:41.9471806Z remote: Counting objects:  12% (210/1743)        
2024-03-01T20:46:41.9472357Z remote: Counting objects:  13% (227/1743)        
2024-03-01T20:46:41.9472843Z remote: Counting objects:  14% (245/1743)        
2024-03-01T20:46:41.9473402Z remote: Counting objects:  15% (262/1743)        
2024-03-01T20:46:41.9473887Z remote: Counting objects:  16% (279/1743)        
2024-03-01T20:46:41.9474347Z remote: Counting objects:  17% (297/1743)        
2024-03-01T20:46:41.9474860Z remote: Counting objects:  18% (314/1743)        
2024-03-01T20:46:41.9475344Z remote: Counting objects:  19% (332/1743)        
2024-03-01T20:46:41.9475806Z remote: Counting objects:  20% (349/1743)        
2024-03-01T20:46:41.9476338Z remote: Counting objects:  21% (367/1743)        
2024-03-01T20:46:41.9503978Z remote: Counting objects:  22% (384/1743)        
2024-03-01T20:46:41.9505236Z remote: Counting objects:  23% (401/1743)        
2024-03-01T20:46:41.9506245Z remote: Counting objects:  24% (419/1743)        
2024-03-01T20:46:41.9507205Z remote: Counting objects:  25% (436/1743)        
2024-03-01T20:46:41.9507769Z remote: Counting objects:  26% (454/1743)        
2024-03-01T20:46:41.9508584Z remote: Counting objects:  27% (471/1743)        
2024-03-01T20:46:41.9509168Z remote: Counting objects:  28% (489/1743)        
2024-03-01T20:46:41.9509887Z remote: Counting objects:  29% (506/1743)        
2024-03-01T20:46:41.9510484Z remote: Counting objects:  30% (523/1743)        
2024-03-01T20:46:41.9511027Z remote: Counting objects:  31% (541/1743)        
2024-03-01T20:46:41.9511748Z remote: Counting objects:  32% (558/1743)        
2024-03-01T20:46:41.9512349Z remote: Counting objects:  33% (576/1743)        
2024-03-01T20:46:41.9513217Z remote: Counting objects:  34% (593/1743)        
2024-03-01T20:46:41.9514204Z remote: Counting objects:  35% (611/1743)        
2024-03-01T20:46:41.9515021Z remote: Counting objects:  36% (628/1743)        
2024-03-01T20:46:41.9515821Z remote: Counting objects:  37% (645/1743)        
2024-03-01T20:46:41.9516516Z remote: Counting objects:  38% (663/1743)        
2024-03-01T20:46:41.9517317Z remote: Counting objects:  39% (680/1743)        
2024-03-01T20:46:41.9517811Z remote: Counting objects:  40% (698/1743)        
2024-03-01T20:46:41.9518394Z remote: Counting objects:  41% (715/1743)        
2024-03-01T20:46:41.9518817Z remote: Counting objects:  42% (733/1743)        
2024-03-01T20:46:41.9519288Z remote: Counting objects:  43% (750/1743)        
2024-03-01T20:46:41.9519853Z remote: Counting objects:  44% (767/1743)        
2024-03-01T20:46:41.9520339Z remote: Counting objects:  45% (785/1743)        
2024-03-01T20:46:41.9520780Z remote: Counting objects:  46% (802/1743)        
2024-03-01T20:46:41.9521341Z remote: Counting objects:  47% (820/1743)        
2024-03-01T20:46:41.9521835Z remote: Counting objects:  48% (837/1743)        
2024-03-01T20:46:41.9522389Z remote: Counting objects:  49% (855/1743)        
2024-03-01T20:46:41.9523059Z remote: Counting objects:  50% (872/1743)        
2024-03-01T20:46:41.9523557Z remote: Counting objects:  51% (889/1743)        
2024-03-01T20:46:41.9524115Z remote: Counting objects:  52% (907/1743)        
2024-03-01T20:46:41.9524603Z remote: Counting objects:  53% (924/1743)        
2024-03-01T20:46:41.9525026Z remote: Counting objects:  54% (942/1743)        
2024-03-01T20:46:41.9525570Z remote: Counting objects:  55% (959/1743)        
2024-03-01T20:46:41.9526077Z remote: Counting objects:  56% (977/1743)        
2024-03-01T20:46:41.9526533Z remote: Counting objects:  57% (994/1743)        
2024-03-01T20:46:41.9527046Z remote: Counting objects:  58% (1011/1743)        
2024-03-01T20:46:41.9527566Z remote: Counting objects:  59% (1029/1743)        
2024-03-01T20:46:41.9528053Z remote: Counting objects:  60% (1046/1743)        
2024-03-01T20:46:41.9528640Z remote: Counting objects:  61% (1064/1743)        
2024-03-01T20:46:41.9529106Z remote: Counting objects:  62% (1081/1743)        
2024-03-01T20:46:41.9529586Z remote: Counting objects:  63% (1099/1743)        
2024-03-01T20:46:41.9530245Z remote: Counting objects:  64% (1116/1743)        
2024-03-01T20:46:41.9530723Z remote: Counting objects:  65% (1133/1743)        
2024-03-01T20:46:41.9531203Z remote: Counting objects:  66% (1151/1743)        
2024-03-01T20:46:41.9531763Z remote: Counting objects:  67% (1168/1743)        
2024-03-01T20:46:41.9532249Z remote: Counting objects:  68% (1186/1743)        
2024-03-01T20:46:41.9532732Z remote: Counting objects:  69% (1203/1743)        
2024-03-01T20:46:41.9533311Z remote: Counting objects:  70% (1221/1743)        
2024-03-01T20:46:41.9533757Z remote: Counting objects:  71% (1238/1743)        
2024-03-01T20:46:41.9534235Z remote: Counting objects:  72% (1255/1743)        
2024-03-01T20:46:41.9534812Z remote: Counting objects:  73% (1273/1743)        
2024-03-01T20:46:41.9535462Z remote: Counting objects:  74% (1290/1743)        
2024-03-01T20:46:41.9536019Z remote: Counting objects:  75% (1308/1743)        
2024-03-01T20:46:41.9536892Z remote: Counting objects:  76% (1325/1743)        
2024-03-01T20:46:41.9537552Z remote: Counting objects:  77% (1343/1743)        
2024-03-01T20:46:41.9538475Z remote: Counting objects:  78% (1360/1743)        
2024-03-01T20:46:41.9538987Z remote: Counting objects:  79% (1377/1743)        
2024-03-01T20:46:41.9539457Z remote: Counting objects:  80% (1395/1743)        
2024-03-01T20:46:41.9540024Z remote: Counting objects:  81% (1412/1743)        
2024-03-01T20:46:41.9540510Z remote: Counting objects:  82% (1430/1743)        
2024-03-01T20:46:41.9540999Z remote: Counting objects:  83% (1447/1743)        
2024-03-01T20:46:41.9541518Z remote: Counting objects:  84% (1465/1743)        
2024-03-01T20:46:41.9541996Z remote: Counting objects:  85% (1482/1743)        
2024-03-01T20:46:41.9542482Z remote: Counting objects:  86% (1499/1743)        
2024-03-01T20:46:41.9543042Z remote: Counting objects:  87% (1517/1743)        
2024-03-01T20:46:41.9543490Z remote: Counting objects:  88% (1534/1743)        
2024-03-01T20:46:41.9543974Z remote: Counting objects:  89% (1552/1743)        
2024-03-01T20:46:41.9544546Z remote: Counting objects:  90% (1569/1743)        
2024-03-01T20:46:41.9545003Z remote: Counting objects:  91% (1587/1743)        
2024-03-01T20:46:41.9545478Z remote: Counting objects:  92% (1604/1743)        
2024-03-01T20:46:41.9546062Z remote: Counting objects:  93% (1621/1743)        
2024-03-01T20:46:41.9546547Z remote: Counting objects:  94% (1639/1743)        
2024-03-01T20:46:41.9546984Z remote: Counting objects:  95% (1656/1743)        
2024-03-01T20:46:41.9547537Z remote: Counting objects:  96% (1674/1743)        
2024-03-01T20:46:41.9548021Z remote: Counting objects:  97% (1691/1743)        
2024-03-01T20:46:41.9548486Z remote: Counting objects:  98% (1709/1743)        
2024-03-01T20:46:41.9548998Z remote: Counting objects:  99% (1726/1743)        
2024-03-01T20:46:41.9549488Z remote: Counting objects: 100% (1743/1743)        
2024-03-01T20:46:41.9550157Z remote: Counting objects: 100% (1743/1743), done.        
2024-03-01T20:46:41.9550832Z remote: Compressing objects:   0% (1/1558)        
2024-03-01T20:46:41.9551298Z remote: Compressing objects:   1% (16/1558)        
2024-03-01T20:46:41.9551801Z remote: Compressing objects:   2% (32/1558)        
2024-03-01T20:46:41.9552416Z remote: Compressing objects:   3% (47/1558)        
2024-03-01T20:46:41.9552923Z remote: Compressing objects:   4% (63/1558)        
2024-03-01T20:46:41.9553450Z remote: Compressing objects:   5% (78/1558)        
2024-03-01T20:46:41.9554024Z remote: Compressing objects:   6% (94/1558)        
2024-03-01T20:46:41.9554519Z remote: Compressing objects:   7% (110/1558)        
2024-03-01T20:46:41.9555115Z remote: Compressing objects:   8% (125/1558)        
2024-03-01T20:46:41.9611987Z remote: Compressing objects:   9% (141/1558)        
2024-03-01T20:46:41.9613312Z remote: Compressing objects:  10% (156/1558)        
2024-03-01T20:46:41.9614612Z remote: Compressing objects:  11% (172/1558)        
2024-03-01T20:46:41.9623379Z remote: Compressing objects:  12% (187/1558)        
2024-03-01T20:46:41.9657104Z remote: Compressing objects:  13% (203/1558)        
2024-03-01T20:46:41.9659399Z remote: Compressing objects:  14% (219/1558)        
2024-03-01T20:46:41.9684430Z remote: Compressing objects:  15% (234/1558)        
2024-03-01T20:46:41.9685228Z remote: Compressing objects:  16% (250/1558)        
2024-03-01T20:46:41.9685935Z remote: Compressing objects:  17% (265/1558)        
2024-03-01T20:46:41.9686510Z remote: Compressing objects:  18% (281/1558)        
2024-03-01T20:46:41.9700208Z remote: Compressing objects:  19% (297/1558)        
2024-03-01T20:46:41.9721570Z remote: Compressing objects:  20% (312/1558)        
2024-03-01T20:46:41.9759271Z remote: Compressing objects:  21% (328/1558)        
2024-03-01T20:46:41.9778090Z remote: Compressing objects:  22% (343/1558)        
2024-03-01T20:46:41.9784353Z remote: Compressing objects:  23% (359/1558)        
2024-03-01T20:46:41.9796049Z remote: Compressing objects:  24% (374/1558)        
2024-03-01T20:46:41.9803515Z remote: Compressing objects:  25% (390/1558)        
2024-03-01T20:46:41.9808738Z remote: Compressing objects:  26% (406/1558)        
2024-03-01T20:46:41.9839435Z remote: Compressing objects:  27% (421/1558)        
2024-03-01T20:46:41.9842301Z remote: Compressing objects:  28% (437/1558)        
2024-03-01T20:46:41.9843114Z remote: Compressing objects:  29% (452/1558)        
2024-03-01T20:46:41.9846519Z remote: Compressing objects:  30% (468/1558)        
2024-03-01T20:46:41.9873753Z remote: Compressing objects:  31% (483/1558)        
2024-03-01T20:46:41.9880967Z remote: Compressing objects:  32% (499/1558)        
2024-03-01T20:46:41.9885526Z remote: Compressing objects:  33% (515/1558)        
2024-03-01T20:46:41.9893678Z remote: Compressing objects:  34% (530/1558)        
2024-03-01T20:46:41.9899096Z remote: Compressing objects:  35% (546/1558)        
2024-03-01T20:46:41.9906437Z remote: Compressing objects:  36% (561/1558)        
2024-03-01T20:46:41.9908621Z remote: Compressing objects:  37% (577/1558)        
2024-03-01T20:46:41.9911000Z remote: Compressing objects:  38% (593/1558)        
2024-03-01T20:46:41.9914987Z remote: Compressing objects:  39% (608/1558)        
2024-03-01T20:46:41.9916027Z remote: Compressing objects:  40% (624/1558)        
2024-03-01T20:46:41.9919601Z remote: Compressing objects:  41% (639/1558)        
2024-03-01T20:46:41.9925139Z remote: Compressing objects:  42% (655/1558)        
2024-03-01T20:46:41.9925849Z remote: Compressing objects:  43% (670/1558)        
2024-03-01T20:46:41.9927177Z remote: Compressing objects:  44% (686/1558)        
2024-03-01T20:46:41.9933705Z remote: Compressing objects:  45% (702/1558)        
2024-03-01T20:46:41.9939960Z remote: Compressing objects:  46% (717/1558)        
2024-03-01T20:46:41.9940779Z remote: Compressing objects:  47% (733/1558)        
2024-03-01T20:46:41.9943506Z remote: Compressing objects:  48% (748/1558)        
2024-03-01T20:46:41.9946969Z remote: Compressing objects:  49% (764/1558)        
2024-03-01T20:46:41.9952231Z remote: Compressing objects:  50% (779/1558)        
2024-03-01T20:46:41.9954037Z remote: Compressing objects:  51% (795/1558)        
2024-03-01T20:46:41.9960221Z remote: Compressing objects:  52% (811/1558)        
2024-03-01T20:46:41.9961470Z remote: Compressing objects:  53% (826/1558)        
2024-03-01T20:46:41.9967644Z remote: Compressing objects:  54% (842/1558)        
2024-03-01T20:46:41.9983383Z remote: Compressing objects:  55% (857/1558)        
2024-03-01T20:46:42.0020768Z remote: Compressing objects:  56% (873/1558)        
2024-03-01T20:46:42.0040275Z remote: Compressing objects:  57% (889/1558)        
2024-03-01T20:46:42.0055013Z remote: Compressing objects:  58% (904/1558)        
2024-03-01T20:46:42.0058488Z remote: Compressing objects:  59% (920/1558)        
2024-03-01T20:46:42.0059454Z remote: Compressing objects:  60% (935/1558)        
2024-03-01T20:46:42.0065621Z remote: Compressing objects:  61% (951/1558)        
2024-03-01T20:46:42.0069942Z remote: Compressing objects:  62% (966/1558)        
2024-03-01T20:46:42.0081948Z remote: Compressing objects:  63% (982/1558)        
2024-03-01T20:46:42.0085836Z remote: Compressing objects:  64% (998/1558)        
2024-03-01T20:46:42.0088657Z remote: Compressing objects:  65% (1013/1558)        
2024-03-01T20:46:42.0093392Z remote: Compressing objects:  66% (1029/1558)        
2024-03-01T20:46:42.0101694Z remote: Compressing objects:  67% (1044/1558)        
2024-03-01T20:46:42.0106548Z remote: Compressing objects:  68% (1060/1558)        
2024-03-01T20:46:42.0114368Z remote: Compressing objects:  69% (1076/1558)        
2024-03-01T20:46:42.0117711Z remote: Compressing objects:  70% (1091/1558)        
2024-03-01T20:46:42.0125898Z remote: Compressing objects:  71% (1107/1558)        
2024-03-01T20:46:42.0139635Z remote: Compressing objects:  72% (1122/1558)        
2024-03-01T20:46:42.0149157Z remote: Compressing objects:  73% (1138/1558)        
2024-03-01T20:46:42.0153090Z remote: Compressing objects:  74% (1153/1558)        
2024-03-01T20:46:42.0170867Z remote: Compressing objects:  75% (1169/1558)        
2024-03-01T20:46:42.0230858Z remote: Compressing objects:  76% (1185/1558)        
2024-03-01T20:46:42.0251591Z remote: Compressing objects:  77% (1200/1558)        
2024-03-01T20:46:42.0263184Z remote: Compressing objects:  78% (1216/1558)        
2024-03-01T20:46:42.0281898Z remote: Compressing objects:  79% (1231/1558)        
2024-03-01T20:46:42.0304085Z remote: Compressing objects:  80% (1247/1558)        
2024-03-01T20:46:42.0353915Z remote: Compressing objects:  81% (1262/1558)        
2024-03-01T20:46:42.0384032Z remote: Compressing objects:  82% (1278/1558)        
2024-03-01T20:46:42.0410382Z remote: Compressing objects:  83% (1294/1558)        
2024-03-01T20:46:42.0425259Z remote: Compressing objects:  84% (1309/1558)        
2024-03-01T20:46:42.0469056Z remote: Compressing objects:  85% (1325/1558)        
2024-03-01T20:46:42.0509088Z remote: Compressing objects:  86% (1340/1558)        
2024-03-01T20:46:42.0528867Z remote: Compressing objects:  87% (1356/1558)        
2024-03-01T20:46:42.0536627Z remote: Compressing objects:  88% (1372/1558)        
2024-03-01T20:46:42.0538383Z remote: Compressing objects:  89% (1387/1558)        
2024-03-01T20:46:42.0542277Z remote: Compressing objects:  90% (1403/1558)        
2024-03-01T20:46:42.0553020Z remote: Compressing objects:  91% (1418/1558)        
2024-03-01T20:46:42.0553638Z remote: Compressing objects:  92% (1434/1558)        
2024-03-01T20:46:42.0579954Z remote: Compressing objects:  93% (1449/1558)        
2024-03-01T20:46:42.0581545Z remote: Compressing objects:  94% (1465/1558)        
2024-03-01T20:46:42.0582646Z remote: Compressing objects:  95% (1481/1558)        
2024-03-01T20:46:42.0583963Z remote: Compressing objects:  96% (1496/1558)        
2024-03-01T20:46:42.0585074Z remote: Compressing objects:  97% (1512/1558)        
2024-03-01T20:46:42.0586173Z remote: Compressing objects:  98% (1527/1558)        
2024-03-01T20:46:42.0587525Z remote: Compressing objects:  99% (1543/1558)        
2024-03-01T20:46:42.0588235Z remote: Compressing objects: 100% (1558/1558)        
2024-03-01T20:46:42.0588892Z remote: Compressing objects: 100% (1558/1558), done.        
2024-03-01T20:46:42.0613712Z Receiving objects:   0% (1/1743)
2024-03-01T20:46:42.0616494Z Receiving objects:   1% (18/1743)
2024-03-01T20:46:42.0627259Z Receiving objects:   2% (35/1743)
2024-03-01T20:46:42.1279905Z Receiving objects:   3% (53/1743)
2024-03-01T20:46:42.1864094Z Receiving objects:   4% (70/1743)
2024-03-01T20:46:42.1865556Z Receiving objects:   5% (88/1743)
2024-03-01T20:46:42.1869363Z Receiving objects:   6% (105/1743)
2024-03-01T20:46:42.1874804Z Receiving objects:   7% (123/1743)
2024-03-01T20:46:42.1879483Z Receiving objects:   8% (140/1743)
2024-03-01T20:46:42.1883811Z Receiving objects:   9% (157/1743)
2024-03-01T20:46:42.1886688Z Receiving objects:  10% (175/1743)
2024-03-01T20:46:42.1889540Z Receiving objects:  11% (192/1743)
2024-03-01T20:46:42.1892026Z Receiving objects:  12% (210/1743)
2024-03-01T20:46:42.1903023Z Receiving objects:  13% (227/1743)
2024-03-01T20:46:42.1906437Z Receiving objects:  14% (245/1743)
2024-03-01T20:46:42.1909120Z Receiving objects:  15% (262/1743)
2024-03-01T20:46:42.1913031Z Receiving objects:  16% (279/1743)
2024-03-01T20:46:42.1918269Z Receiving objects:  17% (297/1743)
2024-03-01T20:46:42.1923075Z Receiving objects:  18% (314/1743)
2024-03-01T20:46:42.1927973Z Receiving objects:  19% (332/1743)
2024-03-01T20:46:42.1932446Z Receiving objects:  20% (349/1743)
2024-03-01T20:46:42.1936087Z Receiving objects:  21% (367/1743)
2024-03-01T20:46:42.1939240Z Receiving objects:  22% (384/1743)
2024-03-01T20:46:42.1943140Z Receiving objects:  23% (401/1743)
2024-03-01T20:46:42.1946552Z Receiving objects:  24% (419/1743)
2024-03-01T20:46:42.1951290Z Receiving objects:  25% (436/1743)
2024-03-01T20:46:42.1954187Z Receiving objects:  26% (454/1743)
2024-03-01T20:46:42.1955538Z Receiving objects:  27% (471/1743)
2024-03-01T20:46:42.1959265Z Receiving objects:  28% (489/1743)
2024-03-01T20:46:42.1963511Z Receiving objects:  29% (506/1743)
2024-03-01T20:46:42.1964296Z Receiving objects:  30% (523/1743)
2024-03-01T20:46:42.1968633Z Receiving objects:  31% (541/1743)
2024-03-01T20:46:42.1970276Z Receiving objects:  32% (558/1743)
2024-03-01T20:46:42.1973565Z Receiving objects:  33% (576/1743)
2024-03-01T20:46:42.1978506Z Receiving objects:  34% (593/1743)
2024-03-01T20:46:42.1979212Z Receiving objects:  35% (611/1743)
2024-03-01T20:46:42.1982004Z Receiving objects:  36% (628/1743)
2024-03-01T20:46:42.1985645Z Receiving objects:  37% (645/1743)
2024-03-01T20:46:42.1986671Z Receiving objects:  38% (663/1743)
2024-03-01T20:46:42.1990385Z Receiving objects:  39% (680/1743)
2024-03-01T20:46:42.1992437Z Receiving objects:  40% (698/1743)
2024-03-01T20:46:42.1997336Z Receiving objects:  41% (715/1743)
2024-03-01T20:46:42.1999316Z Receiving objects:  42% (733/1743)
2024-03-01T20:46:42.2002297Z Receiving objects:  43% (750/1743)
2024-03-01T20:46:42.2005585Z Receiving objects:  44% (767/1743)
2024-03-01T20:46:42.2007057Z Receiving objects:  45% (785/1743)
2024-03-01T20:46:42.2009707Z Receiving objects:  46% (802/1743)
2024-03-01T20:46:42.2012498Z Receiving objects:  47% (820/1743)
2024-03-01T20:46:42.2015789Z Receiving objects:  48% (837/1743)
2024-03-01T20:46:42.2017626Z Receiving objects:  49% (855/1743)
2024-03-01T20:46:42.2019300Z Receiving objects:  50% (872/1743)
2024-03-01T20:46:42.2020746Z Receiving objects:  51% (889/1743)
2024-03-01T20:46:42.2024256Z Receiving objects:  52% (907/1743)
2024-03-01T20:46:42.2028885Z Receiving objects:  53% (924/1743)
2024-03-01T20:46:42.2032651Z Receiving objects:  54% (942/1743)
2024-03-01T20:46:42.2040584Z Receiving objects:  55% (959/1743)
2024-03-01T20:46:42.2042980Z Receiving objects:  56% (977/1743)
2024-03-01T20:46:42.2044549Z Receiving objects:  57% (994/1743)
2024-03-01T20:46:42.2047407Z Receiving objects:  58% (1011/1743)
2024-03-01T20:46:42.2048539Z Receiving objects:  59% (1029/1743)
2024-03-01T20:46:42.2050876Z Receiving objects:  60% (1046/1743)
2024-03-01T20:46:42.2051771Z Receiving objects:  61% (1064/1743)
2024-03-01T20:46:42.2053499Z Receiving objects:  62% (1081/1743)
2024-03-01T20:46:42.2055342Z Receiving objects:  63% (1099/1743)
2024-03-01T20:46:42.2056826Z Receiving objects:  64% (1116/1743)
2024-03-01T20:46:42.2059131Z Receiving objects:  65% (1133/1743)
2024-03-01T20:46:42.2061091Z Receiving objects:  66% (1151/1743)
2024-03-01T20:46:42.2062337Z Receiving objects:  67% (1168/1743)
2024-03-01T20:46:42.2064535Z Receiving objects:  68% (1186/1743)
2024-03-01T20:46:42.2067415Z Receiving objects:  69% (1203/1743)
2024-03-01T20:46:42.2068879Z Receiving objects:  70% (1221/1743)
2024-03-01T20:46:42.2076916Z Receiving objects:  71% (1238/1743)
2024-03-01T20:46:42.2089629Z Receiving objects:  72% (1255/1743)
2024-03-01T20:46:42.2092436Z Receiving objects:  73% (1273/1743)
2024-03-01T20:46:42.2094350Z Receiving objects:  74% (1290/1743)
2024-03-01T20:46:42.2215122Z Receiving objects:  75% (1308/1743)
2024-03-01T20:46:42.2343321Z Receiving objects:  76% (1325/1743)
2024-03-01T20:46:42.2442620Z Receiving objects:  77% (1343/1743)
2024-03-01T20:46:42.2600666Z Receiving objects:  78% (1360/1743)
2024-03-01T20:46:42.2730850Z Receiving objects:  79% (1377/1743)
2024-03-01T20:46:42.2903078Z Receiving objects:  80% (1395/1743)
2024-03-01T20:46:42.2909212Z Receiving objects:  81% (1412/1743)
2024-03-01T20:46:42.2911297Z Receiving objects:  82% (1430/1743)
2024-03-01T20:46:42.2914015Z Receiving objects:  83% (1447/1743)
2024-03-01T20:46:42.2919984Z Receiving objects:  84% (1465/1743)
2024-03-01T20:46:42.2923349Z Receiving objects:  85% (1482/1743)
2024-03-01T20:46:42.2930520Z Receiving objects:  86% (1499/1743)
2024-03-01T20:46:42.2937544Z Receiving objects:  87% (1517/1743)
2024-03-01T20:46:42.2941637Z Receiving objects:  88% (1534/1743)
2024-03-01T20:46:42.2947503Z Receiving objects:  89% (1552/1743)
2024-03-01T20:46:42.2954303Z Receiving objects:  90% (1569/1743)
2024-03-01T20:46:42.2960064Z Receiving objects:  91% (1587/1743)
2024-03-01T20:46:42.2965198Z Receiving objects:  92% (1604/1743)
2024-03-01T20:46:42.2969932Z Receiving objects:  93% (1621/1743)
2024-03-01T20:46:42.2974413Z Receiving objects:  94% (1639/1743)
2024-03-01T20:46:42.2978595Z Receiving objects:  95% (1656/1743)
2024-03-01T20:46:42.2981508Z Receiving objects:  96% (1674/1743)
2024-03-01T20:46:42.2989997Z Receiving objects:  97% (1691/1743)
2024-03-01T20:46:42.2998432Z Receiving objects:  98% (1709/1743)
2024-03-01T20:46:42.3015717Z Receiving objects:  99% (1726/1743)
2024-03-01T20:46:42.3017007Z remote: Total 1743 (delta 278), reused 963 (delta 146), pack-reused 0        
2024-03-01T20:46:42.3027574Z Receiving objects: 100% (1743/1743)
2024-03-01T20:46:42.3028892Z Receiving objects: 100% (1743/1743), 6.60 MiB | 27.34 MiB/s, done.
2024-03-01T20:46:42.3034621Z Resolving deltas:   0% (0/278)
2024-03-01T20:46:42.3035494Z Resolving deltas:   1% (3/278)
2024-03-01T20:46:42.3039233Z Resolving deltas:   2% (6/278)
2024-03-01T20:46:42.3040263Z Resolving deltas:   3% (9/278)
2024-03-01T20:46:42.3041175Z Resolving deltas:   4% (12/278)
2024-03-01T20:46:42.3043209Z Resolving deltas:   5% (14/278)
2024-03-01T20:46:42.3044395Z Resolving deltas:   6% (17/278)
2024-03-01T20:46:42.3045882Z Resolving deltas:   7% (20/278)
2024-03-01T20:46:42.3048833Z Resolving deltas:   8% (23/278)
2024-03-01T20:46:42.3050664Z Resolving deltas:   9% (26/278)
2024-03-01T20:46:42.3060693Z Resolving deltas:  10% (28/278)
2024-03-01T20:46:42.3061656Z Resolving deltas:  11% (31/278)
2024-03-01T20:46:42.3063549Z Resolving deltas:  12% (34/278)
2024-03-01T20:46:42.3065116Z Resolving deltas:  13% (37/278)
2024-03-01T20:46:42.3069033Z Resolving deltas:  14% (39/278)
2024-03-01T20:46:42.3069688Z Resolving deltas:  15% (42/278)
2024-03-01T20:46:42.3070921Z Resolving deltas:  16% (45/278)
2024-03-01T20:46:42.3072822Z Resolving deltas:  17% (48/278)
2024-03-01T20:46:42.3074248Z Resolving deltas:  18% (51/278)
2024-03-01T20:46:42.3084470Z Resolving deltas:  19% (53/278)
2024-03-01T20:46:42.3085494Z Resolving deltas:  20% (56/278)
2024-03-01T20:46:42.3086386Z Resolving deltas:  21% (59/278)
2024-03-01T20:46:42.3087033Z Resolving deltas:  22% (62/278)
2024-03-01T20:46:42.3087690Z Resolving deltas:  23% (64/278)
2024-03-01T20:46:42.3090021Z Resolving deltas:  24% (67/278)
2024-03-01T20:46:42.3090643Z Resolving deltas:  25% (70/278)
2024-03-01T20:46:42.3091244Z Resolving deltas:  26% (73/278)
2024-03-01T20:46:42.3092067Z Resolving deltas:  27% (76/278)
2024-03-01T20:46:42.3094448Z Resolving deltas:  28% (78/278)
2024-03-01T20:46:42.3095116Z Resolving deltas:  29% (81/278)
2024-03-01T20:46:42.3095864Z Resolving deltas:  30% (84/278)
2024-03-01T20:46:42.3096524Z Resolving deltas:  31% (87/278)
2024-03-01T20:46:42.3097263Z Resolving deltas:  32% (89/278)
2024-03-01T20:46:42.3099901Z Resolving deltas:  33% (92/278)
2024-03-01T20:46:42.3100551Z Resolving deltas:  34% (95/278)
2024-03-01T20:46:42.3101238Z Resolving deltas:  35% (99/278)
2024-03-01T20:46:42.3102074Z Resolving deltas:  36% (101/278)
2024-03-01T20:46:42.3102711Z Resolving deltas:  37% (103/278)
2024-03-01T20:46:42.3103310Z Resolving deltas:  38% (106/278)
2024-03-01T20:46:42.3104113Z Resolving deltas:  39% (110/278)
2024-03-01T20:46:42.3104758Z Resolving deltas:  40% (112/278)
2024-03-01T20:46:42.3108935Z Resolving deltas:  41% (114/278)
2024-03-01T20:46:42.3112090Z Resolving deltas:  42% (117/278)
2024-03-01T20:46:42.3112703Z Resolving deltas:  43% (120/278)
2024-03-01T20:46:42.3113669Z Resolving deltas:  44% (123/278)
2024-03-01T20:46:42.3114343Z Resolving deltas:  45% (126/278)
2024-03-01T20:46:42.3114954Z Resolving deltas:  46% (129/278)
2024-03-01T20:46:42.3115804Z Resolving deltas:  47% (131/278)
2024-03-01T20:46:42.3116471Z Resolving deltas:  48% (135/278)
2024-03-01T20:46:42.3117316Z Resolving deltas:  49% (137/278)
2024-03-01T20:46:42.3118086Z Resolving deltas:  50% (139/278)
2024-03-01T20:46:42.3119100Z Resolving deltas:  51% (142/278)
2024-03-01T20:46:42.3119843Z Resolving deltas:  52% (145/278)
2024-03-01T20:46:42.3120654Z Resolving deltas:  53% (148/278)
2024-03-01T20:46:42.3121278Z Resolving deltas:  54% (152/278)
2024-03-01T20:46:42.3121894Z Resolving deltas:  55% (153/278)
2024-03-01T20:46:42.3122743Z Resolving deltas:  56% (156/278)
2024-03-01T20:46:42.3123423Z Resolving deltas:  57% (159/278)
2024-03-01T20:46:42.3123987Z Resolving deltas:  58% (162/278)
2024-03-01T20:46:42.3124852Z Resolving deltas:  59% (165/278)
2024-03-01T20:46:42.3125656Z Resolving deltas:  60% (167/278)
2024-03-01T20:46:42.3126361Z Resolving deltas:  61% (170/278)
2024-03-01T20:46:42.3127188Z Resolving deltas:  62% (173/278)
2024-03-01T20:46:42.3128025Z Resolving deltas:  63% (176/278)
2024-03-01T20:46:42.3128713Z Resolving deltas:  64% (178/278)
2024-03-01T20:46:42.3129841Z Resolving deltas:  65% (181/278)
2024-03-01T20:46:42.3130465Z Resolving deltas:  66% (184/278)
2024-03-01T20:46:42.3131041Z Resolving deltas:  67% (187/278)
2024-03-01T20:46:42.3131933Z Resolving deltas:  68% (190/278)
2024-03-01T20:46:42.3134010Z Resolving deltas:  69% (192/278)
2024-03-01T20:46:42.3134655Z Resolving deltas:  70% (195/278)
2024-03-01T20:46:42.3135606Z Resolving deltas:  71% (198/278)
2024-03-01T20:46:42.3138187Z Resolving deltas:  72% (201/278)
2024-03-01T20:46:42.3139058Z Resolving deltas:  73% (204/278)
2024-03-01T20:46:42.3139731Z Resolving deltas:  74% (206/278)
2024-03-01T20:46:42.3140380Z Resolving deltas:  75% (209/278)
2024-03-01T20:46:42.3141185Z Resolving deltas:  76% (212/278)
2024-03-01T20:46:42.3141822Z Resolving deltas:  77% (216/278)
2024-03-01T20:46:42.3142390Z Resolving deltas:  78% (217/278)
2024-03-01T20:46:42.3143205Z Resolving deltas:  79% (220/278)
2024-03-01T20:46:42.3144014Z Resolving deltas:  80% (223/278)
2024-03-01T20:46:42.3144629Z Resolving deltas:  81% (226/278)
2024-03-01T20:46:42.3147615Z Resolving deltas:  82% (228/278)
2024-03-01T20:46:42.3148305Z Resolving deltas:  83% (231/278)
2024-03-01T20:46:42.3152195Z Resolving deltas:  84% (234/278)
2024-03-01T20:46:42.3153503Z Resolving deltas:  85% (238/278)
2024-03-01T20:46:42.3154350Z Resolving deltas:  86% (240/278)
2024-03-01T20:46:42.3155018Z Resolving deltas:  87% (242/278)
2024-03-01T20:46:42.3155819Z Resolving deltas:  88% (245/278)
2024-03-01T20:46:42.3156456Z Resolving deltas:  89% (248/278)
2024-03-01T20:46:42.3161896Z Resolving deltas:  90% (251/278)
2024-03-01T20:46:42.3162799Z Resolving deltas:  91% (253/278)
2024-03-01T20:46:42.3165837Z Resolving deltas:  92% (256/278)
2024-03-01T20:46:42.3169312Z Resolving deltas:  93% (259/278)
2024-03-01T20:46:42.3170100Z Resolving deltas:  94% (262/278)
2024-03-01T20:46:42.3170738Z Resolving deltas:  95% (265/278)
2024-03-01T20:46:42.3171527Z Resolving deltas:  96% (267/278)
2024-03-01T20:46:42.3172148Z Resolving deltas:  97% (270/278)
2024-03-01T20:46:42.3173958Z Resolving deltas:  98% (273/278)
2024-03-01T20:46:42.3179125Z Resolving deltas:  99% (276/278)
2024-03-01T20:46:42.3181048Z Resolving deltas: 100% (278/278)
2024-03-01T20:46:42.3181731Z Resolving deltas: 100% (278/278), done.
2024-03-01T20:46:42.3324183Z From https://github.com/rubyforgood/human-essentials
2024-03-01T20:46:42.3325477Z  * [new ref]         c13dcd8a843e2f36d797880b4c9e48c55ed23db5 -> pull/3982/merge
2024-03-01T20:46:42.3348759Z ##[endgroup]
2024-03-01T20:46:42.3349836Z ##[group]Determining the checkout info
2024-03-01T20:46:42.3352251Z ##[endgroup]
2024-03-01T20:46:42.3353153Z ##[group]Checking out the ref
2024-03-01T20:46:42.3359050Z [command]/usr/bin/git checkout --progress --force refs/remotes/pull/3982/merge
2024-03-01T20:46:42.4700384Z Note: switching to 'refs/remotes/pull/3982/merge'.
2024-03-01T20:46:42.4700902Z 
2024-03-01T20:46:42.4701394Z You are in 'detached HEAD' state. You can look around, make experimental
2024-03-01T20:46:42.4702495Z changes and commit them, and you can discard any commits you make in this
2024-03-01T20:46:42.4703263Z state without impacting any branches by switching back to a branch.
2024-03-01T20:46:42.4703947Z 
2024-03-01T20:46:42.4704271Z If you want to create a new branch to retain commits you create, you may
2024-03-01T20:46:42.4705702Z do so (now or later) by using -c with the switch command. Example:
2024-03-01T20:46:42.4706502Z 
2024-03-01T20:46:42.4706848Z   git switch -c <new-branch-name>
2024-03-01T20:46:42.4707302Z 
2024-03-01T20:46:42.4707611Z Or undo this operation with:
2024-03-01T20:46:42.4707986Z 
2024-03-01T20:46:42.4708427Z   git switch -
2024-03-01T20:46:42.4708740Z 
2024-03-01T20:46:42.4709242Z Turn off this advice by setting config variable advice.detachedHead to false
2024-03-01T20:46:42.4710047Z 
2024-03-01T20:46:42.4710826Z HEAD is now at c13dcd8 Merge 2876f49d228e24dff66d40302e4c4bfda9ace410 into 30bed4096808c616d01e27fa58fc40d07faa11eb
2024-03-01T20:46:42.4712739Z ##[endgroup]
2024-03-01T20:46:42.4761990Z [command]/usr/bin/git log -1 --format='%H'
2024-03-01T20:46:42.4797165Z 'c13dcd8a843e2f36d797880b4c9e48c55ed23db5'
2024-03-01T20:46:42.5107484Z ##[group]Run ruby/setup-ruby@v1
2024-03-01T20:46:42.5107900Z with:
2024-03-01T20:46:42.5108349Z   bundler-cache: true
2024-03-01T20:46:42.5108707Z   ruby-version: default
2024-03-01T20:46:42.5109026Z ##[endgroup]
2024-03-01T20:46:42.6925115Z Using 3.2.2 as input from file .ruby-version
2024-03-01T20:46:42.6954649Z ##[group]Modifying PATH
2024-03-01T20:46:42.6955433Z Entries added to PATH to use selected Ruby:
2024-03-01T20:46:42.6956358Z   /opt/hostedtoolcache/Ruby/3.2.2/x64/bin
2024-03-01T20:46:42.6958077Z ##[endgroup]
2024-03-01T20:46:42.6979684Z ##[group]Downloading Ruby
2024-03-01T20:46:42.6982420Z https://github.com/ruby/ruby-builder/releases/download/toolcache/ruby-3.2.2-ubuntu-22.04.tar.gz
2024-03-01T20:46:43.1100807Z Took   0.41 seconds
2024-03-01T20:46:43.1102319Z ##[endgroup]
2024-03-01T20:46:43.1103292Z ##[group]Extracting  Ruby
2024-03-01T20:46:43.1129104Z [command]/usr/bin/tar -xz -C /opt/hostedtoolcache/Ruby/3.2.2 -f /home/runner/work/_temp/0a761d3e-8cc0-47e9-95b5-8db40489fa36
2024-03-01T20:46:43.4965692Z Took   0.39 seconds
2024-03-01T20:46:43.4967029Z ##[endgroup]
2024-03-01T20:46:43.4968470Z ##[group]Print Ruby version
2024-03-01T20:46:43.4979393Z [command]/opt/hostedtoolcache/Ruby/3.2.2/x64/bin/ruby --version
2024-03-01T20:46:43.5185704Z ruby 3.2.2 (2023-03-30 revision e51014f9c0) [x86_64-linux]
2024-03-01T20:46:43.5205633Z Took   0.02 seconds
2024-03-01T20:46:43.5206822Z ##[endgroup]
2024-03-01T20:46:43.5208073Z ##[group]Installing Bundler
2024-03-01T20:46:43.5214466Z Using Bundler 2.5.4 from Gemfile.lock BUNDLED WITH 2.5.4
2024-03-01T20:46:43.5219886Z [command]/opt/hostedtoolcache/Ruby/3.2.2/x64/bin/gem install bundler -v 2.5.4
2024-03-01T20:46:44.1693194Z Successfully installed bundler-2.5.4
2024-03-01T20:46:44.1694257Z 1 gem installed
2024-03-01T20:46:44.1746869Z Took   0.65 seconds
2024-03-01T20:46:44.1747837Z ##[endgroup]
2024-03-01T20:46:44.1748721Z > bundle install
2024-03-01T20:46:44.1767484Z [command]/opt/hostedtoolcache/Ruby/3.2.2/x64/bin/bundle config --local path /home/runner/work/human-essentials/human-essentials/vendor/bundle
2024-03-01T20:46:44.3240979Z [command]/opt/hostedtoolcache/Ruby/3.2.2/x64/bin/bundle config --local deployment true
2024-03-01T20:46:44.4717168Z Cache key: setup-ruby-bundler-cache-v6-ubuntu-22.04-x64-ruby-3.2.2-wd-/home/runner/work/human-essentials/human-essentials-with--without--only--Gemfile.lock-39ae7e18d3992f620a5bdbd3de4b2af3682e809187e3b75b2d630b2a6c035aea
2024-03-01T20:46:45.6940744Z Received 150994944 of 214852537 (70.3%), 144.0 MBs/sec
2024-03-01T20:46:45.9982677Z Cache Size: ~205 MB (214852537 B)
2024-03-01T20:46:46.0104570Z [command]/usr/bin/tar -xf /home/runner/work/_temp/77a98ff9-cec4-4bea-8e3a-9c190d1299cd/cache.tzst -P -C /home/runner/work/human-essentials/human-essentials --use-compress-program unzstd
2024-03-01T20:46:46.6954228Z Received 214852537 of 214852537 (100.0%), 102.3 MBs/sec
2024-03-01T20:46:47.7701521Z Cache restored successfully
2024-03-01T20:46:47.8130586Z Found cache for key: setup-ruby-bundler-cache-v6-ubuntu-22.04-x64-ruby-3.2.2-wd-/home/runner/work/human-essentials/human-essentials-with--without--only--Gemfile.lock-39ae7e18d3992f620a5bdbd3de4b2af3682e809187e3b75b2d630b2a6c035aea
2024-03-01T20:46:47.8156293Z [command]/opt/hostedtoolcache/Ruby/3.2.2/x64/bin/bundle install --jobs 4
2024-03-01T20:46:48.2762185Z Bundle complete! 85 Gemfile dependencies, 246 gems now installed.
2024-03-01T20:46:48.2763665Z Bundled gems are installed into `./vendor/bundle`
2024-03-01T20:46:48.2811946Z Took   4.11 seconds
2024-03-01T20:46:48.3007016Z ##[group]Run sudo apt-get -yqq install libpq-dev
2024-03-01T20:46:48.3008171Z [36;1msudo apt-get -yqq install libpq-dev[0m
2024-03-01T20:46:48.3064891Z shell: /usr/bin/bash -e {0}
2024-03-01T20:46:48.3065547Z ##[endgroup]
2024-03-01T20:46:49.5319665Z ##[group]Run bundle exec rake db:create
2024-03-01T20:46:49.5320329Z [36;1mbundle exec rake db:create[0m
2024-03-01T20:46:49.5320808Z [36;1mbundle exec rake db:schema:load[0m
2024-03-01T20:46:49.5321402Z [36;1mbundle exec rails assets:precompile[0m
2024-03-01T20:46:49.5349389Z shell: /usr/bin/bash -e {0}
2024-03-01T20:46:49.5349827Z env:
2024-03-01T20:46:49.5350168Z   POSTGRES_HOST: localhost
2024-03-01T20:46:49.5350663Z   DATABASE_HOST: localhost
2024-03-01T20:46:49.5351042Z   PG_USERNAME: postgres
2024-03-01T20:46:49.5351391Z   PG_PASSWORD: password
2024-03-01T20:46:49.5351898Z   POSTGRES_HOST_AUTH_METHOD: trust
2024-03-01T20:46:49.5352338Z   POSTGRES_PORT: 5432
2024-03-01T20:46:49.5352751Z   RAILS_ENV: test
2024-03-01T20:46:49.5353171Z ##[endgroup]
2024-03-01T20:46:56.3385486Z We could not find your database: diaper_test. Which can be found in the database configuration file located at config/database.yml.
2024-03-01T20:46:56.3386757Z 
2024-03-01T20:46:56.3387367Z To resolve this issue:
2024-03-01T20:46:56.3387711Z 
2024-03-01T20:46:56.3388684Z - Did you create the database for this app, or delete it? You may need to create your database.
2024-03-01T20:46:56.3390238Z - Has the database name changed? Check your database.yml config has the correct database name.
2024-03-01T20:46:56.3391242Z 
2024-03-01T20:46:56.3392222Z To create your database, run:
2024-03-01T20:46:56.3392719Z 
2024-03-01T20:46:56.3392995Z         bin/rails db:create
2024-03-01T20:46:56.3394123Z . You likely need to run `rails g flipper:active_record` and/or `rails db:migrate`.
2024-03-01T20:46:56.5890181Z Created database 'diaper_test'
2024-03-01T20:46:56.8895684Z Coverage report generated for RSpec to /home/runner/work/human-essentials/human-essentials/coverage. 329 / 10215 LOC (3.22%) covered.
2024-03-01T20:47:03.2531057Z PG::UndefinedTable: ERROR:  relation "flipper_gates" does not exist
2024-03-01T20:47:03.2532202Z LINE 9:  WHERE a.attrelid = '"flipper_gates"'::regclass
2024-03-01T20:47:03.2532733Z                             ^
2024-03-01T20:47:03.2533336Z . You likely need to run `rails g flipper:active_record` and/or `rails db:migrate`.
2024-03-01T20:47:04.1950315Z Coverage report generated for RSpec to /home/runner/work/human-essentials/human-essentials/coverage. 329 / 10215 LOC (3.22%) covered.
2024-03-01T20:47:38.5853352Z W, [2024-03-01T12:47:38.584897 #2544]  WARN -- : Removed sourceMappingURL comment for missing asset 'adminlte.js.map' from /home/runner/work/human-essentials/human-essentials/app/javascript/adminlte.js
2024-03-01T20:47:38.6489132Z I, [2024-03-01T12:47:38.648480 #2544]  INFO -- : Writing /home/runner/work/human-essentials/human-essentials/public/assets/manifest-90aab26ade71e747f745b1227b433fd7d580a54f279ee2be6e1a67bb326bf03a.js
2024-03-01T20:47:38.6492537Z I, [2024-03-01T12:47:38.648686 #2544]  INFO -- : Writing /home/runner/work/human-essentials/human-essentials/public/assets/manifest-90aab26ade71e747f745b1227b433fd7d580a54f279ee2be6e1a67bb326bf03a.js.gz
2024-03-01T20:47:38.6495878Z I, [2024-03-01T12:47:38.649027 #2544]  INFO -- : Writing /home/runner/work/human-essentials/human-essentials/public/assets/filterrific/filterrific-spinner-415824b210964b6cdb1db0bd9508be8644b9fde094b392f73055b20d369885b6.gif
2024-03-01T20:47:38.6499243Z I, [2024-03-01T12:47:38.649414 #2544]  INFO -- : Writing /home/runner/work/human-essentials/human-essentials/public/assets/bootstrap.min-67c48d88a8e0be178058aacb338b084191ed6d65c8fef751c50248202cf1488a.js
2024-03-01T20:47:38.6503093Z I, [2024-03-01T12:47:38.649853 #2544]  INFO -- : Writing /home/runner/work/human-essentials/human-essentials/public/assets/bootstrap.min-67c48d88a8e0be178058aacb338b084191ed6d65c8fef751c50248202cf1488a.js.gz
2024-03-01T20:47:38.6506575Z I, [2024-03-01T12:47:38.650131 #2544]  INFO -- : Writing /home/runner/work/human-essentials/human-essentials/public/assets/DiaperBase-Logo-f18172876cab49a451ca9c3178b578ab2019e03f111a6b6f3ba0c1b40b3d7c0c.png
2024-03-01T20:47:38.6511874Z I, [2024-03-01T12:47:38.650910 #2544]  INFO -- : Writing /home/runner/work/human-essentials/human-essentials/public/assets/Just-Diaper-05bf6a1b70ccad149eb4eca7b5f9fcca1f9c37bab1f8e5edb6798d66c903ba53.svg
2024-03-01T20:47:38.6517938Z I, [2024-03-01T12:47:38.651419 #2544]  INFO -- : Writing /home/runner/work/human-essentials/human-essentials/public/assets/Just-Diaper-05bf6a1b70ccad149eb4eca7b5f9fcca1f9c37bab1f8e5edb6798d66c903ba53.svg.gz
2024-03-01T20:47:38.6521876Z I, [2024-03-01T12:47:38.651619 #2544]  INFO -- : Writing /home/runner/work/human-essentials/human-essentials/public/assets/barcode-932aed25f5c148b36882be3bfb6696ecdd362ba0a709ff0674a10477f2aad8f3.svg
2024-03-01T20:47:38.6525701Z I, [2024-03-01T12:47:38.651977 #2544]  INFO -- : Writing /home/runner/work/human-essentials/human-essentials/public/assets/barcode-932aed25f5c148b36882be3bfb6696ecdd362ba0a709ff0674a10477f2aad8f3.svg.gz
2024-03-01T20:47:38.6529338Z I, [2024-03-01T12:47:38.652099 #2544]  INFO -- : Writing /home/runner/work/human-essentials/human-essentials/public/assets/bars-db7a0aaf1cd735270b170cba53dca71c75473940ab48639c609a72964eb92f4d.svg
2024-03-01T20:47:38.6533023Z I, [2024-03-01T12:47:38.652208 #2544]  INFO -- : Writing /home/runner/work/human-essentials/human-essentials/public/assets/bars-db7a0aaf1cd735270b170cba53dca71c75473940ab48639c609a72964eb92f4d.svg.gz
2024-03-01T20:47:38.6536340Z I, [2024-03-01T12:47:38.652313 #2544]  INFO -- : Writing /home/runner/work/human-essentials/human-essentials/public/assets/blue@2x-709ca6c252f762af1e5efb0ef1e7444a712cb0ec010fee01749b67a595a7c0c6.png
2024-03-01T20:47:38.6540005Z I, [2024-03-01T12:47:38.652475 #2544]  INFO -- : Writing /home/runner/work/human-essentials/human-essentials/public/assets/boxed-bg-6c60c3f8655fa4062631bbe1434face4fe3d70392159e976ec09ca6ad9330e7d.jpg
2024-03-01T20:47:38.6543398Z I, [2024-03-01T12:47:38.653757 #2544]  INFO -- : Writing /home/runner/work/human-essentials/human-essentials/public/assets/boxed-bg-eb7b1fa0c09f5ef599fc5138e33168827f2ec4e1f796cf8a78570d8a73a58190.png
2024-03-01T20:47:38.6554107Z I, [2024-03-01T12:47:38.655006 #2544]  INFO -- : Writing /home/runner/work/human-essentials/human-essentials/public/assets/dashboard-image-3db42e909886dffccb680715feccab83cc867b4581b0009558e746364e2ec332.svg
2024-03-01T20:47:38.6557292Z I, [2024-03-01T12:47:38.655298 #2544]  INFO -- : Writing /home/runner/work/human-essentials/human-essentials/public/assets/dashboard-image-3db42e909886dffccb680715feccab83cc867b4581b0009558e746364e2ec332.svg.gz
2024-03-01T20:47:38.6560246Z I, [2024-03-01T12:47:38.655748 #2544]  INFO -- : Writing /home/runner/work/human-essentials/human-essentials/public/assets/forecasting-32dffccc42e6c09203d36acbc2243b4bc746dc2f1198c1ff43def4bb48e335b2.svg
2024-03-01T20:47:38.6564677Z I, [2024-03-01T12:47:38.656092 #2544]  INFO -- : Writing /home/runner/work/human-essentials/human-essentials/public/assets/forecasting-32dffccc42e6c09203d36acbc2243b4bc746dc2f1198c1ff43def4bb48e335b2.svg.gz
2024-03-01T20:47:38.6567987Z I, [2024-03-01T12:47:38.656559 #2544]  INFO -- : Writing /home/runner/work/human-essentials/human-essentials/public/assets/hero-image-0ba273def6de748beb2a64206e115d8e4a109ad51ef255512f4c6522e5b9225b.svg
2024-03-01T20:47:38.6572684Z I, [2024-03-01T12:47:38.657014 #2544]  INFO -- : Writing /home/runner/work/human-essentials/human-essentials/public/assets/hero-image-0ba273def6de748beb2a64206e115d8e4a109ad51ef255512f4c6522e5b9225b.svg.gz
2024-03-01T20:47:38.6576517Z I, [2024-03-01T12:47:38.657147 #2544]  INFO -- : Writing /home/runner/work/human-essentials/human-essentials/public/assets/inventory-image-3d91fc8087e13632114d9d129a680b992e02aae297b2bf180089cd55792249b2.svg
2024-03-01T20:47:38.6579346Z I, [2024-03-01T12:47:38.657321 #2544]  INFO -- : Writing /home/runner/work/human-essentials/human-essentials/public/assets/inventory-image-3d91fc8087e13632114d9d129a680b992e02aae297b2bf180089cd55792249b2.svg.gz
2024-03-01T20:47:38.6581647Z I, [2024-03-01T12:47:38.657445 #2544]  INFO -- : Writing /home/runner/work/human-essentials/human-essentials/public/assets/partner-management-c2cd4a940d1cf59f66928bc5097b4d4528b6de95abcc66421edf341c59311d40.svg
2024-03-01T20:47:38.6583896Z I, [2024-03-01T12:47:38.657694 #2544]  INFO -- : Writing /home/runner/work/human-essentials/human-essentials/public/assets/partner-management-c2cd4a940d1cf59f66928bc5097b4d4528b6de95abcc66421edf341c59311d40.svg.gz
2024-03-01T20:47:38.6591822Z I, [2024-03-01T12:47:38.658749 #2544]  INFO -- : Writing /home/runner/work/human-essentials/human-essentials/public/assets/quote-e4395f28913ad7b7785c522f0b6f2363a960720cf3bc26705438f6efb55edb7d.svg
2024-03-01T20:47:38.6595412Z I, [2024-03-01T12:47:38.658936 #2544]  INFO -- : Writing /home/runner/work/human-essentials/human-essentials/public/assets/quote-e4395f28913ad7b7785c522f0b6f2363a960720cf3bc26705438f6efb55edb7d.svg.gz
2024-03-01T20:47:38.6626542Z I, [2024-03-01T12:47:38.659923 #2544]  INFO -- : Writing /home/runner/work/human-essentials/human-essentials/public/assets/report-image-a9fc71739eca5457d288f1c234a0d84237ba8eef8bd20a9935bd45d84d03ae6b.svg
2024-03-01T20:47:38.6634607Z I, [2024-03-01T12:47:38.660135 #2544]  INFO -- : Writing /home/runner/work/human-essentials/human-essentials/public/assets/report-image-a9fc71739eca5457d288f1c234a0d84237ba8eef8bd20a9935bd45d84d03ae6b.svg.gz
2024-03-01T20:47:38.6640273Z I, [2024-03-01T12:47:38.660247 #2544]  INFO -- : Writing /home/runner/work/human-essentials/human-essentials/public/assets/test-only-background-c4843e992a593298a8c43815c8950b766061a96fd7d3e92838354914c41d7243.jpg
2024-03-01T20:47:38.6644056Z I, [2024-03-01T12:47:38.660398 #2544]  INFO -- : Writing /home/runner/work/human-essentials/human-essentials/public/assets/AdminLTE-9d75f9bf2ec81bc0a0de450227ed6268dad2cd66401439503c18d3241dfb241d.css
2024-03-01T20:47:38.6647751Z I, [2024-03-01T12:47:38.660471 #2544]  INFO -- : Writing /home/runner/work/human-essentials/human-essentials/public/assets/AdminLTE-9d75f9bf2ec81bc0a0de450227ed6268dad2cd66401439503c18d3241dfb241d.css.gz
2024-03-01T20:47:38.6651217Z I, [2024-03-01T12:47:38.660567 #2544]  INFO -- : Writing /home/runner/work/human-essentials/human-essentials/public/assets/_colors-04024382391bb910584145d8113cf35ef376b55d125bb4516cebeb14ce788597.css
2024-03-01T20:47:38.6654591Z I, [2024-03-01T12:47:38.660635 #2544]  INFO -- : Writing /home/runner/work/human-essentials/human-essentials/public/assets/_colors-04024382391bb910584145d8113cf35ef376b55d125bb4516cebeb14ce788597.css.gz
2024-03-01T20:47:38.6658162Z I, [2024-03-01T12:47:38.660731 #2544]  INFO -- : Writing /home/runner/work/human-essentials/human-essentials/public/assets/application-c21613708cb0f40361dc08d066cb68c559e4b3982f802956f4439959cad9af23.css
2024-03-01T20:47:38.6661833Z I, [2024-03-01T12:47:38.660801 #2544]  INFO -- : Writing /home/runner/work/human-essentials/human-essentials/public/assets/application-c21613708cb0f40361dc08d066cb68c559e4b3982f802956f4439959cad9af23.css.gz
2024-03-01T20:47:38.6665489Z I, [2024-03-01T12:47:38.660891 #2544]  INFO -- : Writing /home/runner/work/human-essentials/human-essentials/public/assets/test-only-background-c4843e992a593298a8c43815c8950b766061a96fd7d3e92838354914c41d7243.jpg
2024-03-01T20:47:38.6669194Z I, [2024-03-01T12:47:38.661031 #2544]  INFO -- : Writing /home/runner/work/human-essentials/human-essentials/public/assets/audits-83372b845d8a4887e7e4d2315cf3c85ea60ef94ca0ec4774dfbcd3cf569c616c.css
2024-03-01T20:47:38.6672614Z I, [2024-03-01T12:47:38.661103 #2544]  INFO -- : Writing /home/runner/work/human-essentials/human-essentials/public/assets/audits-83372b845d8a4887e7e4d2315cf3c85ea60ef94ca0ec4774dfbcd3cf569c616c.css.gz
2024-03-01T20:47:38.6676427Z I, [2024-03-01T12:47:38.661199 #2544]  INFO -- : Writing /home/runner/work/human-essentials/human-essentials/public/assets/barcode_reader-3799c29218802c1dbba4c700f3863ec24505a9e3e7b54d36282fff667d7c94ca.css
2024-03-01T20:47:38.6682278Z I, [2024-03-01T12:47:38.661269 #2544]  INFO -- : Writing /home/runner/work/human-essentials/human-essentials/public/assets/barcode_reader-3799c29218802c1dbba4c700f3863ec24505a9e3e7b54d36282fff667d7c94ca.css.gz
2024-03-01T20:47:38.6684531Z I, [2024-03-01T12:47:38.661362 #2544]  INFO -- : Writing /home/runner/work/human-essentials/human-essentials/public/assets/custom-4ac26623bf6f4d95aa1164e1ad4d6cbb2bb8dda4af8e4a2f1b4368bc92491085.css
2024-03-01T20:47:38.6687631Z I, [2024-03-01T12:47:38.661430 #2544]  INFO -- : Writing /home/runner/work/human-essentials/human-essentials/public/assets/custom-4ac26623bf6f4d95aa1164e1ad4d6cbb2bb8dda4af8e4a2f1b4368bc92491085.css.gz
2024-03-01T20:47:38.6690314Z I, [2024-03-01T12:47:38.661519 #2544]  INFO -- : Writing /home/runner/work/human-essentials/human-essentials/public/assets/test-only-background-c4843e992a593298a8c43815c8950b766061a96fd7d3e92838354914c41d7243.jpg
2024-03-01T20:47:38.6692850Z I, [2024-03-01T12:47:38.661660 #2544]  INFO -- : Writing /home/runner/work/human-essentials/human-essentials/public/assets/expandable_table-cca1600cf25c44c6bea2733167509ffe9133f344e9defe984ad96bd427b29a19.css
2024-03-01T20:47:38.6695801Z I, [2024-03-01T12:47:38.661730 #2544]  INFO -- : Writing /home/runner/work/human-essentials/human-essentials/public/assets/expandable_table-cca1600cf25c44c6bea2733167509ffe9133f344e9defe984ad96bd427b29a19.css.gz
2024-03-01T20:47:38.6697819Z I, [2024-03-01T12:47:38.661823 #2544]  INFO -- : Writing /home/runner/work/human-essentials/human-essentials/public/assets/landing_page-4fe5dfcfea8b5bbd7722658652ff4ee86132a41b8aff92e9ef8b1216cb7259fa.css
2024-03-01T20:47:38.6699925Z I, [2024-03-01T12:47:38.661892 #2544]  INFO -- : Writing /home/runner/work/human-essentials/human-essentials/public/assets/landing_page-4fe5dfcfea8b5bbd7722658652ff4ee86132a41b8aff92e9ef8b1216cb7259fa.css.gz
2024-03-01T20:47:38.6701929Z I, [2024-03-01T12:47:38.661989 #2544]  INFO -- : Writing /home/runner/work/human-essentials/human-essentials/public/assets/modal-dialog-9d7ae8bb43b60ac4c7d9910700392b20618ae2db4d5db33453b157171d5e0f7d.css
2024-03-01T20:47:38.6703937Z I, [2024-03-01T12:47:38.662056 #2544]  INFO -- : Writing /home/runner/work/human-essentials/human-essentials/public/assets/modal-dialog-9d7ae8bb43b60ac4c7d9910700392b20618ae2db4d5db33453b157171d5e0f7d.css.gz
2024-03-01T20:47:38.6706069Z I, [2024-03-01T12:47:38.662149 #2544]  INFO -- : Writing /home/runner/work/human-essentials/human-essentials/public/assets/progress_stepper-7f8ef0dc05a9a00a300e56f6f3e4ccfdde4af8e392407ccc6601d60019067ccb.css
2024-03-01T20:47:38.6708094Z I, [2024-03-01T12:47:38.662216 #2544]  INFO -- : Writing /home/runner/work/human-essentials/human-essentials/public/assets/progress_stepper-7f8ef0dc05a9a00a300e56f6f3e4ccfdde4af8e392407ccc6601d60019067ccb.css.gz
2024-03-01T20:47:38.6710236Z I, [2024-03-01T12:47:38.662309 #2544]  INFO -- : Writing /home/runner/work/human-essentials/human-essentials/public/assets/transfers-c9ab43ff53dab5dc13681712afc9b6fb31d7865d5ac8c657220deff9f138fa8c.css
2024-03-01T20:47:38.6712250Z I, [2024-03-01T12:47:38.662376 #2544]  INFO -- : Writing /home/runner/work/human-essentials/human-essentials/public/assets/transfers-c9ab43ff53dab5dc13681712afc9b6fb31d7865d5ac8c657220deff9f138fa8c.css.gz
2024-03-01T20:47:38.6714223Z I, [2024-03-01T12:47:38.662534 #2544]  INFO -- : Writing /home/runner/work/human-essentials/human-essentials/public/assets/adminlte-886a0b559685ec92cd8dd4dbf957899292f9c0bd344c90c304d28973363a8eaf.js
2024-03-01T20:47:38.6716270Z I, [2024-03-01T12:47:38.662794 #2544]  INFO -- : Writing /home/runner/work/human-essentials/human-essentials/public/assets/adminlte-886a0b559685ec92cd8dd4dbf957899292f9c0bd344c90c304d28973363a8eaf.js.gz
2024-03-01T20:47:38.6720038Z I, [2024-03-01T12:47:38.663849 #2544]  INFO -- : Writing /home/runner/work/human-essentials/human-essentials/public/assets/application-f9d5a0970e6dc2d1d44ca8dfd6129e9fed2dccf1b460a6bba6eab9dd7aa61c92.js
2024-03-01T20:47:38.6723579Z I, [2024-03-01T12:47:38.667705 #2544]  INFO -- : Writing /home/runner/work/human-essentials/human-essentials/public/assets/application-f9d5a0970e6dc2d1d44ca8dfd6129e9fed2dccf1b460a6bba6eab9dd7aa61c92.js.gz
2024-03-01T20:47:38.6727702Z I, [2024-03-01T12:47:38.667895 #2544]  INFO -- : Writing /home/runner/work/human-essentials/human-essentials/public/assets/cocoon-js-vanilla-cc8e46e9b16a6217f3c14c60ca346454c9c01d8d41e5c073ae14f85fac052e96.js
2024-03-01T20:47:38.6731583Z I, [2024-03-01T12:47:38.668029 #2544]  INFO -- : Writing /home/runner/work/human-essentials/human-essentials/public/assets/cocoon-js-vanilla-cc8e46e9b16a6217f3c14c60ca346454c9c01d8d41e5c073ae14f85fac052e96.js.gz
2024-03-01T20:47:38.6735569Z I, [2024-03-01T12:47:38.668538 #2544]  INFO -- : Writing /home/runner/work/human-essentials/human-essentials/public/assets/controllers/application-368d98631bccbf2349e0d4f8269afb3fe9625118341966de054759d96ea86c7e.js
2024-03-01T20:47:38.6739471Z I, [2024-03-01T12:47:38.668632 #2544]  INFO -- : Writing /home/runner/work/human-essentials/human-essentials/public/assets/controllers/application-368d98631bccbf2349e0d4f8269afb3fe9625118341966de054759d96ea86c7e.js.gz
2024-03-01T20:47:38.6743554Z I, [2024-03-01T12:47:38.668762 #2544]  INFO -- : Writing /home/runner/work/human-essentials/human-essentials/public/assets/controllers/area_served_controller-c8c048ef9ee2d145ba8408cda63546aff8ce9170e9cafb34075ebb01b43c6c34.js
2024-03-01T20:47:38.6747569Z I, [2024-03-01T12:47:38.669064 #2544]  INFO -- : Writing /home/runner/work/human-essentials/human-essentials/public/assets/controllers/area_served_controller-c8c048ef9ee2d145ba8408cda63546aff8ce9170e9cafb34075ebb01b43c6c34.js.gz
2024-03-01T20:47:38.6751793Z I, [2024-03-01T12:47:38.671872 #2544]  INFO -- : Writing /home/runner/work/human-essentials/human-essentials/public/assets/controllers/checkbox_with_nested_element_controller-1645dd2a3a857d546354c90b0c415a9d1dd4de6974048fd41bfc1d6f45ccb3eb.js
2024-03-01T20:47:38.6756283Z I, [2024-03-01T12:47:38.672182 #2544]  INFO -- : Writing /home/runner/work/human-essentials/human-essentials/public/assets/controllers/checkbox_with_nested_element_controller-1645dd2a3a857d546354c90b0c415a9d1dd4de6974048fd41bfc1d6f45ccb3eb.js.gz
2024-03-01T20:47:38.6760842Z I, [2024-03-01T12:47:38.672299 #2544]  INFO -- : Writing /home/runner/work/human-essentials/human-essentials/public/assets/controllers/distribution_delivery_controller-89fc613f734c2b1538c1e9948abeb353ea73d22678fc08597d48fa36a70c5c51.js
2024-03-01T20:47:38.6764942Z I, [2024-03-01T12:47:38.672380 #2544]  INFO -- : Writing /home/runner/work/human-essentials/human-essentials/public/assets/controllers/distribution_delivery_controller-89fc613f734c2b1538c1e9948abeb353ea73d22678fc08597d48fa36a70c5c51.js.gz
2024-03-01T20:47:38.6768833Z I, [2024-03-01T12:47:38.672478 #2544]  INFO -- : Writing /home/runner/work/human-essentials/human-essentials/public/assets/controllers/double_select_controller-bb2e4a65f2c66cacc8ec4dd491c2233b0aac53187ebe1fbaaffedfbaf7db9099.js
2024-03-01T20:47:38.6772665Z I, [2024-03-01T12:47:38.672559 #2544]  INFO -- : Writing /home/runner/work/human-essentials/human-essentials/public/assets/controllers/double_select_controller-bb2e4a65f2c66cacc8ec4dd491c2233b0aac53187ebe1fbaaffedfbaf7db9099.js.gz
2024-03-01T20:47:38.6776541Z I, [2024-03-01T12:47:38.672659 #2544]  INFO -- : Writing /home/runner/work/human-essentials/human-essentials/public/assets/controllers/highchart_controller-7640167d6e3481659a5ead23f046e3c6852c08e30ce8aa6f09aa5cce0f7ea02d.js
2024-03-01T20:47:38.6780223Z I, [2024-03-01T12:47:38.672732 #2544]  INFO -- : Writing /home/runner/work/human-essentials/human-essentials/public/assets/controllers/highchart_controller-7640167d6e3481659a5ead23f046e3c6852c08e30ce8aa6f09aa5cce0f7ea02d.js.gz
2024-03-01T20:47:38.6784167Z I, [2024-03-01T12:47:38.672838 #2544]  INFO -- : Writing /home/runner/work/human-essentials/human-essentials/public/assets/controllers/index-2db729dddcc5b979110e98de4b6720f83f91a123172e87281d5a58410fc43806.js
2024-03-01T20:47:38.6787798Z I, [2024-03-01T12:47:38.672911 #2544]  INFO -- : Writing /home/runner/work/human-essentials/human-essentials/public/assets/controllers/index-2db729dddcc5b979110e98de4b6720f83f91a123172e87281d5a58410fc43806.js.gz
2024-03-01T20:47:38.6791785Z I, [2024-03-01T12:47:38.673018 #2544]  INFO -- : Writing /home/runner/work/human-essentials/human-essentials/public/assets/controllers/request_item_controller-4ab1cb48f0cc30bba40f5311b6588189ddf5daf19bdf36b462cdeab0a663399b.js
2024-03-01T20:47:38.6795875Z I, [2024-03-01T12:47:38.673092 #2544]  INFO -- : Writing /home/runner/work/human-essentials/human-essentials/public/assets/controllers/request_item_controller-4ab1cb48f0cc30bba40f5311b6588189ddf5daf19bdf36b462cdeab0a663399b.js.gz
2024-03-01T20:47:38.6800076Z I, [2024-03-01T12:47:38.673187 #2544]  INFO -- : Writing /home/runner/work/human-essentials/human-essentials/public/assets/controllers/select2_controller-13c15fa4f8996b06b43552325b12e3a14e158db06264b83cfff2e521a16fceeb.js
2024-03-01T20:47:38.6803953Z I, [2024-03-01T12:47:38.673261 #2544]  INFO -- : Writing /home/runner/work/human-essentials/human-essentials/public/assets/controllers/select2_controller-13c15fa4f8996b06b43552325b12e3a14e158db06264b83cfff2e521a16fceeb.js.gz
2024-03-01T20:47:38.6808009Z I, [2024-03-01T12:47:38.673357 #2544]  INFO -- : Writing /home/runner/work/human-essentials/human-essentials/public/assets/controllers/served_area_controller-37738489813fc06349f3fb1bc7abc5d5493318ce553f1bebbfa1f8fe06ebfb4a.js
2024-03-01T20:47:38.6811931Z I, [2024-03-01T12:47:38.673437 #2544]  INFO -- : Writing /home/runner/work/human-essentials/human-essentials/public/assets/controllers/served_area_controller-37738489813fc06349f3fb1bc7abc5d5493318ce553f1bebbfa1f8fe06ebfb4a.js.gz
2024-03-01T20:47:38.6815759Z I, [2024-03-01T12:47:38.673531 #2544]  INFO -- : Writing /home/runner/work/human-essentials/human-essentials/public/assets/controllers/turbo_controller-7ee3a9437b4fb003ac4ea4ca0f3425fd197ce4538a1eeb606e5e5447aa948b54.js
2024-03-01T20:47:38.6819778Z I, [2024-03-01T12:47:38.673609 #2544]  INFO -- : Writing /home/runner/work/human-essentials/human-essentials/public/assets/controllers/turbo_controller-7ee3a9437b4fb003ac4ea4ca0f3425fd197ce4538a1eeb606e5e5447aa948b54.js.gz
2024-03-01T20:47:38.6823393Z I, [2024-03-01T12:47:38.673715 #2544]  INFO -- : Writing /home/runner/work/human-essentials/human-essentials/public/assets/startup-bf111fcbf368bc988dfcb050d057ec73e21f190d7921e15689dd5ebf674e6d00.js
2024-03-01T20:47:38.6826976Z I, [2024-03-01T12:47:38.673801 #2544]  INFO -- : Writing /home/runner/work/human-essentials/human-essentials/public/assets/startup-bf111fcbf368bc988dfcb050d057ec73e21f190d7921e15689dd5ebf674e6d00.js.gz
2024-03-01T20:47:38.6830562Z I, [2024-03-01T12:47:38.673903 #2544]  INFO -- : Writing /home/runner/work/human-essentials/human-essentials/public/assets/utils/barcode_items-ee1050c4d1ade4569ef6cfc83d5f4792f67daabaca0ae24f75455737fea0a72b.js
2024-03-01T20:47:38.6834231Z I, [2024-03-01T12:47:38.673982 #2544]  INFO -- : Writing /home/runner/work/human-essentials/human-essentials/public/assets/utils/barcode_items-ee1050c4d1ade4569ef6cfc83d5f4792f67daabaca0ae24f75455737fea0a72b.js.gz
2024-03-01T20:47:38.6838381Z I, [2024-03-01T12:47:38.674076 #2544]  INFO -- : Writing /home/runner/work/human-essentials/human-essentials/public/assets/utils/barcode_scan-757b66b6921154f49e7cc4c5dc2f146f91f1648beffaa8ef106d94585a273ba9.js
2024-03-01T20:47:38.6842007Z I, [2024-03-01T12:47:38.674152 #2544]  INFO -- : Writing /home/runner/work/human-essentials/human-essentials/public/assets/utils/barcode_scan-757b66b6921154f49e7cc4c5dc2f146f91f1648beffaa8ef106d94585a273ba9.js.gz
2024-03-01T20:47:38.6845643Z I, [2024-03-01T12:47:38.674250 #2544]  INFO -- : Writing /home/runner/work/human-essentials/human-essentials/public/assets/utils/deadline_day_pickers-b0b264db9e3c8107c161cc4571e71cf901bcc511175271d218a553c4e1889065.js
2024-03-01T20:47:38.6849774Z I, [2024-03-01T12:47:38.674321 #2544]  INFO -- : Writing /home/runner/work/human-essentials/human-essentials/public/assets/utils/deadline_day_pickers-b0b264db9e3c8107c161cc4571e71cf901bcc511175271d218a553c4e1889065.js.gz
2024-03-01T20:47:38.6853654Z I, [2024-03-01T12:47:38.674425 #2544]  INFO -- : Writing /home/runner/work/human-essentials/human-essentials/public/assets/utils/distributions_and_transfers-1f9709e9a8df250acfe3e7a79f1501b2696b1f36d5adcf083a61a1b005cce3d2.js
2024-03-01T20:47:38.6857894Z I, [2024-03-01T12:47:38.674612 #2544]  INFO -- : Writing /home/runner/work/human-essentials/human-essentials/public/assets/utils/distributions_and_transfers-1f9709e9a8df250acfe3e7a79f1501b2696b1f36d5adcf083a61a1b005cce3d2.js.gz
2024-03-01T20:47:38.6861646Z I, [2024-03-01T12:47:38.674711 #2544]  INFO -- : Writing /home/runner/work/human-essentials/human-essentials/public/assets/utils/donations-1c3e9a15fc370afd2c3836ccf8dde6013c35412a8d83cf6c1e31bec95ef72b26.js
2024-03-01T20:47:38.6865345Z I, [2024-03-01T12:47:38.674785 #2544]  INFO -- : Writing /home/runner/work/human-essentials/human-essentials/public/assets/utils/donations-1c3e9a15fc370afd2c3836ccf8dde6013c35412a8d83cf6c1e31bec95ef72b26.js.gz
2024-03-01T20:47:38.6869087Z I, [2024-03-01T12:47:38.674874 #2544]  INFO -- : Writing /home/runner/work/human-essentials/human-essentials/public/assets/utils/purchases-5c814ba098feaa8a7b4abff24267c1da909f3e52e12c97660f8a0b8c1ff4aea1.js
2024-03-01T20:47:38.6872772Z I, [2024-03-01T12:47:38.674951 #2544]  INFO -- : Writing /home/runner/work/human-essentials/human-essentials/public/assets/utils/purchases-5c814ba098feaa8a7b4abff24267c1da909f3e52e12c97660f8a0b8c1ff4aea1.js.gz
2024-03-01T20:47:38.6876299Z I, [2024-03-01T12:47:38.675055 #2544]  INFO -- : Writing /home/runner/work/human-essentials/human-essentials/public/assets/filterrific-f3a290db250e05344fd62c216b903689f73eff5e270ef021e425551006092e08.js
2024-03-01T20:47:38.6880138Z I, [2024-03-01T12:47:38.675133 #2544]  INFO -- : Writing /home/runner/work/human-essentials/human-essentials/public/assets/filterrific-f3a290db250e05344fd62c216b903689f73eff5e270ef021e425551006092e08.js.gz
2024-03-01T20:47:38.6883875Z I, [2024-03-01T12:47:38.675237 #2544]  INFO -- : Writing /home/runner/work/human-essentials/human-essentials/public/assets/stimulusloading-1fc59770fb1654500044afd3f5f6d7d00800e5be36746d55b94a2963a7a228aa.js
2024-03-01T20:47:38.6887817Z I, [2024-03-01T12:47:38.675316 #2544]  INFO -- : Writing /home/runner/work/human-essentials/human-essentials/public/assets/stimulusloading-1fc59770fb1654500044afd3f5f6d7d00800e5be36746d55b94a2963a7a228aa.js.gz
2024-03-01T20:47:38.6891475Z I, [2024-03-01T12:47:38.675419 #2544]  INFO -- : Writing /home/runner/work/human-essentials/human-essentials/public/assets/turbo-4851a9a0b1d947e810dfd0448a72aef261d455183ebea681f4f28a73640a9ece.js
2024-03-01T20:47:38.6895561Z I, [2024-03-01T12:47:38.675502 #2544]  INFO -- : Writing /home/runner/work/human-essentials/human-essentials/public/assets/turbo-4851a9a0b1d947e810dfd0448a72aef261d455183ebea681f4f28a73640a9ece.js.gz
2024-03-01T20:47:38.6899184Z I, [2024-03-01T12:47:38.675599 #2544]  INFO -- : Writing /home/runner/work/human-essentials/human-essentials/public/assets/turbo.min-f309baafa3ae5ad6ccee3e7362118b87678d792db8e8ab466c4fa284dd3a4700.js
2024-03-01T20:47:38.6902667Z I, [2024-03-01T12:47:38.675707 #2544]  INFO -- : Writing /home/runner/work/human-essentials/human-essentials/public/assets/turbo.min-f309baafa3ae5ad6ccee3e7362118b87678d792db8e8ab466c4fa284dd3a4700.js.gz
2024-03-01T20:47:38.6906232Z I, [2024-03-01T12:47:38.675817 #2544]  INFO -- : Writing /home/runner/work/human-essentials/human-essentials/public/assets/turbo.min.js-8bc8f4a58d1c106d58dec8bef6c638ff12ff4d078f19d8ebd8c4277f4c9bc85a.map
2024-03-01T20:47:38.6909984Z I, [2024-03-01T12:47:38.675900 #2544]  INFO -- : Writing /home/runner/work/human-essentials/human-essentials/public/assets/turbo.min.js-8bc8f4a58d1c106d58dec8bef6c638ff12ff4d078f19d8ebd8c4277f4c9bc85a.map.gz
2024-03-01T20:47:38.6913851Z I, [2024-03-01T12:47:38.676007 #2544]  INFO -- : Writing /home/runner/work/human-essentials/human-essentials/public/assets/stimulus-loading-3576ce92b149ad5d6959438c6f291e2426c86df3b874c525b30faad51b0d96b3.js
2024-03-01T20:47:38.6917863Z I, [2024-03-01T12:47:38.687831 #2544]  INFO -- : Writing /home/runner/work/human-essentials/human-essentials/public/assets/stimulus-loading-3576ce92b149ad5d6959438c6f291e2426c86df3b874c525b30faad51b0d96b3.js.gz
2024-03-01T20:47:38.6921767Z I, [2024-03-01T12:47:38.688136 #2544]  INFO -- : Writing /home/runner/work/human-essentials/human-essentials/public/assets/popper-003a40d80fd205e1fa00da117d5bdc19720ba330706eaa17f9ba9513fa502304.js
2024-03-01T20:47:38.6925353Z I, [2024-03-01T12:47:38.688325 #2544]  INFO -- : Writing /home/runner/work/human-essentials/human-essentials/public/assets/popper-003a40d80fd205e1fa00da117d5bdc19720ba330706eaa17f9ba9513fa502304.js.gz
2024-03-01T20:47:38.6929032Z I, [2024-03-01T12:47:38.688487 #2544]  INFO -- : Writing /home/runner/work/human-essentials/human-essentials/public/assets/actiontext-28c61f5197c204db043317a8f8826a87ab31495b741f854d307ca36122deefce.js
2024-03-01T20:47:38.6932706Z I, [2024-03-01T12:47:38.688642 #2544]  INFO -- : Writing /home/runner/work/human-essentials/human-essentials/public/assets/actiontext-28c61f5197c204db043317a8f8826a87ab31495b741f854d307ca36122deefce.js.gz
2024-03-01T20:47:38.6936399Z I, [2024-03-01T12:47:38.688800 #2544]  INFO -- : Writing /home/runner/work/human-essentials/human-essentials/public/assets/trix-1563ff9c10f74e143b3ded40a8458497eaf2f87a648a5cbbfebdb7dec3447a5e.js
2024-03-01T20:47:38.6939911Z I, [2024-03-01T12:47:38.691891 #2544]  INFO -- : Writing /home/runner/work/human-essentials/human-essentials/public/assets/trix-1563ff9c10f74e143b3ded40a8458497eaf2f87a648a5cbbfebdb7dec3447a5e.js.gz
2024-03-01T20:47:38.6943451Z I, [2024-03-01T12:47:38.692029 #2544]  INFO -- : Writing /home/runner/work/human-essentials/human-essentials/public/assets/trix-b0398dade8e5ac249fe98f2e850f45adbcdfecd8a11c46b3eb67bdedb87b1b04.css
2024-03-01T20:47:38.6947125Z I, [2024-03-01T12:47:38.692116 #2544]  INFO -- : Writing /home/runner/work/human-essentials/human-essentials/public/assets/trix-b0398dade8e5ac249fe98f2e850f45adbcdfecd8a11c46b3eb67bdedb87b1b04.css.gz
2024-03-01T20:47:38.6950587Z I, [2024-03-01T12:47:38.692230 #2544]  INFO -- : Writing /home/runner/work/human-essentials/human-essentials/public/assets/stimulus-f75215805563870a61ee9dc5a207ce46d4675c7e667558a54344fd1e7baa697f.js
2024-03-01T20:47:38.6954184Z I, [2024-03-01T12:47:38.692314 #2544]  INFO -- : Writing /home/runner/work/human-essentials/human-essentials/public/assets/stimulus-f75215805563870a61ee9dc5a207ce46d4675c7e667558a54344fd1e7baa697f.js.gz
2024-03-01T20:47:38.6958056Z I, [2024-03-01T12:47:38.692429 #2544]  INFO -- : Writing /home/runner/work/human-essentials/human-essentials/public/assets/stimulus-autoloader-c584942b568ba74879da31c7c3d51366737bacaf6fbae659383c0a5653685693.js
2024-03-01T20:47:38.6961794Z I, [2024-03-01T12:47:38.692512 #2544]  INFO -- : Writing /home/runner/work/human-essentials/human-essentials/public/assets/stimulus-autoloader-c584942b568ba74879da31c7c3d51366737bacaf6fbae659383c0a5653685693.js.gz
2024-03-01T20:47:38.6965830Z I, [2024-03-01T12:47:38.692620 #2544]  INFO -- : Writing /home/runner/work/human-essentials/human-essentials/public/assets/stimulus-importmap-autoloader-db2076c783bf2dbee1226e2add52fef290b5d31b5bcd1edd999ac8a6dd31c44a.js
2024-03-01T20:47:38.6969916Z I, [2024-03-01T12:47:38.692704 #2544]  INFO -- : Writing /home/runner/work/human-essentials/human-essentials/public/assets/stimulus-importmap-autoloader-db2076c783bf2dbee1226e2add52fef290b5d31b5bcd1edd999ac8a6dd31c44a.js.gz
2024-03-01T20:47:38.6973794Z I, [2024-03-01T12:47:38.692809 #2544]  INFO -- : Writing /home/runner/work/human-essentials/human-essentials/public/assets/stimulus-loading-3576ce92b149ad5d6959438c6f291e2426c86df3b874c525b30faad51b0d96b3.js
2024-03-01T20:47:38.6977508Z I, [2024-03-01T12:47:38.692996 #2544]  INFO -- : Writing /home/runner/work/human-essentials/human-essentials/public/assets/stimulus-loading-3576ce92b149ad5d6959438c6f291e2426c86df3b874c525b30faad51b0d96b3.js.gz
2024-03-01T20:47:38.6981406Z I, [2024-03-01T12:47:38.693111 #2544]  INFO -- : Writing /home/runner/work/human-essentials/human-essentials/public/assets/stimulus.min-dd364f16ec9504dfb72672295637a1c8838773b01c0b441bd41008124c407894.js
2024-03-01T20:47:38.6985030Z I, [2024-03-01T12:47:38.693197 #2544]  INFO -- : Writing /home/runner/work/human-essentials/human-essentials/public/assets/stimulus.min-dd364f16ec9504dfb72672295637a1c8838773b01c0b441bd41008124c407894.js.gz
2024-03-01T20:47:38.6988893Z I, [2024-03-01T12:47:38.693290 #2544]  INFO -- : Writing /home/runner/work/human-essentials/human-essentials/public/assets/stimulus-autoloader-c584942b568ba74879da31c7c3d51366737bacaf6fbae659383c0a5653685693.js
2024-03-01T20:47:38.6992587Z I, [2024-03-01T12:47:38.693363 #2544]  INFO -- : Writing /home/runner/work/human-essentials/human-essentials/public/assets/stimulus-autoloader-c584942b568ba74879da31c7c3d51366737bacaf6fbae659383c0a5653685693.js.gz
2024-03-01T20:47:38.6996623Z I, [2024-03-01T12:47:38.693453 #2544]  INFO -- : Writing /home/runner/work/human-essentials/human-essentials/public/assets/stimulus-importmap-autoloader-db2076c783bf2dbee1226e2add52fef290b5d31b5bcd1edd999ac8a6dd31c44a.js
2024-03-01T20:47:38.7001078Z I, [2024-03-01T12:47:38.693530 #2544]  INFO -- : Writing /home/runner/work/human-essentials/human-essentials/public/assets/stimulus-importmap-autoloader-db2076c783bf2dbee1226e2add52fef290b5d31b5bcd1edd999ac8a6dd31c44a.js.gz
2024-03-01T20:47:38.7004986Z I, [2024-03-01T12:47:38.693625 #2544]  INFO -- : Writing /home/runner/work/human-essentials/human-essentials/public/assets/stimulus-loading-3576ce92b149ad5d6959438c6f291e2426c86df3b874c525b30faad51b0d96b3.js
2024-03-01T20:47:38.7008753Z I, [2024-03-01T12:47:38.693705 #2544]  INFO -- : Writing /home/runner/work/human-essentials/human-essentials/public/assets/stimulus-loading-3576ce92b149ad5d6959438c6f291e2426c86df3b874c525b30faad51b0d96b3.js.gz
2024-03-01T20:47:38.7012438Z I, [2024-03-01T12:47:38.693812 #2544]  INFO -- : Writing /home/runner/work/human-essentials/human-essentials/public/assets/stimulus.min.js-2cc63625fa177963b45da974806e7aee846cbf1d4930815733d0fdf3fb232325.map
2024-03-01T20:47:38.7016153Z I, [2024-03-01T12:47:38.693898 #2544]  INFO -- : Writing /home/runner/work/human-essentials/human-essentials/public/assets/stimulus.min.js-2cc63625fa177963b45da974806e7aee846cbf1d4930815733d0fdf3fb232325.map.gz
2024-03-01T20:47:38.7019835Z I, [2024-03-01T12:47:38.693999 #2544]  INFO -- : Writing /home/runner/work/human-essentials/human-essentials/public/assets/activestorage-3ab61e47dd4ee2d79db525ade1dca2ede0ea2b7371fe587e408ee37b7ade265d.js
2024-03-01T20:47:38.7023434Z I, [2024-03-01T12:47:38.694081 #2544]  INFO -- : Writing /home/runner/work/human-essentials/human-essentials/public/assets/activestorage-3ab61e47dd4ee2d79db525ade1dca2ede0ea2b7371fe587e408ee37b7ade265d.js.gz
2024-03-01T20:47:38.7027241Z I, [2024-03-01T12:47:38.694186 #2544]  INFO -- : Writing /home/runner/work/human-essentials/human-essentials/public/assets/activestorage.esm-01f58a45d77495cdfbdfcc872902a430426c4391634ec9c3da5f69fbf8418492.js
2024-03-01T20:47:38.7031003Z I, [2024-03-01T12:47:38.694269 #2544]  INFO -- : Writing /home/runner/work/human-essentials/human-essentials/public/assets/activestorage.esm-01f58a45d77495cdfbdfcc872902a430426c4391634ec9c3da5f69fbf8418492.js.gz
2024-03-01T20:47:38.7034632Z I, [2024-03-01T12:47:38.694372 #2544]  INFO -- : Writing /home/runner/work/human-essentials/human-essentials/public/assets/actioncable-5433453f9b6619a9de91aaab2d7fc7ff183e5260c0107cbc9a1aa0c838d9a74e.js
2024-03-01T20:47:38.7038526Z I, [2024-03-01T12:47:38.694452 #2544]  INFO -- : Writing /home/runner/work/human-essentials/human-essentials/public/assets/actioncable-5433453f9b6619a9de91aaab2d7fc7ff183e5260c0107cbc9a1aa0c838d9a74e.js.gz
2024-03-01T20:47:38.7042170Z I, [2024-03-01T12:47:38.694558 #2544]  INFO -- : Writing /home/runner/work/human-essentials/human-essentials/public/assets/actioncable.esm-e01089c3ec4fe7817fa9abcad06cab6bdc387f95f0ca6aab4bf7ba7537f70690.js
2024-03-01T20:47:38.7046254Z I, [2024-03-01T12:47:38.694644 #2544]  INFO -- : Writing /home/runner/work/human-essentials/human-essentials/public/assets/actioncable.esm-e01089c3ec4fe7817fa9abcad06cab6bdc387f95f0ca6aab4bf7ba7537f70690.js.gz
2024-03-01T20:47:39.2043709Z Coverage report generated for RSpec to /home/runner/work/human-essentials/human-essentials/coverage. 329 / 10215 LOC (3.22%) covered.
2024-03-01T20:47:39.2788138Z ##[group]Run RUBYOPT='-W:no-deprecated -W:no-experimental' bin/knapsack_pro_rspec
2024-03-01T20:47:39.2789114Z [36;1mRUBYOPT='-W:no-deprecated -W:no-experimental' bin/knapsack_pro_rspec[0m
2024-03-01T20:47:39.2817702Z shell: /usr/bin/bash -e {0}
2024-03-01T20:47:39.2818171Z env:
2024-03-01T20:47:39.2818488Z   POSTGRES_HOST: localhost
2024-03-01T20:47:39.2818961Z   DATABASE_HOST: localhost
2024-03-01T20:47:39.2819336Z   PG_USERNAME: postgres
2024-03-01T20:47:39.2819722Z   PG_PASSWORD: password
2024-03-01T20:47:39.2820151Z   POSTGRES_HOST_AUTH_METHOD: trust
2024-03-01T20:47:39.2820559Z   POSTGRES_PORT: 5432
2024-03-01T20:47:39.2820927Z   PGHOST: localhost
2024-03-01T20:47:39.2821323Z   PGUSER: postgres
2024-03-01T20:47:39.2821657Z   RAILS_ENV: test
2024-03-01T20:47:39.2822561Z   KNAPSACK_PRO_TEST_SUITE_TOKEN_RSPEC: ***
2024-03-01T20:47:39.2823099Z   KNAPSACK_PRO_CI_NODE_TOTAL: 6
2024-03-01T20:47:39.2823516Z   KNAPSACK_PRO_CI_NODE_INDEX: 4
2024-03-01T20:47:39.2824105Z   KNAPSACK_PRO_RSPEC_SPLIT_BY_TEST_EXAMPLES: true
2024-03-01T20:47:39.2824603Z   KNAPSACK_PRO_LOG_LEVEL: info
2024-03-01T20:47:39.2825291Z   KNAPSACK_PRO_TEST_FILE_PATTERN: {spec/system/**{,/*/**}/*_spec.rb,spec/requests/**{,/*/**}/*_spec.rb}
2024-03-01T20:47:39.2825935Z   EVENTS_READ: true
2024-03-01T20:47:39.2826288Z ##[endgroup]
2024-03-01T20:47:45.5766789Z I, [2024-03-01T20:47:45.576162 #2640]  INFO -- : [knapsack_pro] Generating RSpec test examples JSON report for slow test files to prepare it to be split by test examples (by individual test cases). Thanks to that, a single slow test file can be split across parallel CI nodes. Analyzing 1 slow test files.
2024-03-01T20:47:52.5204297Z 
2024-03-01T20:47:52.5205387Z An error occurred while loading rails_helper.
2024-03-01T20:47:52.5207019Z Failure/Error: require File.expand_path("../config/environment", __dir__)
2024-03-01T20:47:52.5210186Z 
2024-03-01T20:47:52.5210813Z SyntaxError:
2024-03-01T20:47:52.5213049Z   /home/runner/work/human-essentials/human-essentials/app/queries/items_by_storage_collection_and_quantity_query.rb:61: syntax error, unexpected end-of-input
2024-03-01T20:47:52.5215270Z # ./vendor/bundle/ruby/3.2.0/gems/zeitwerk-2.6.13/lib/zeitwerk/kernel.rb:26:in `require'
2024-03-01T20:47:52.5217053Z # ./vendor/bundle/ruby/3.2.0/gems/zeitwerk-2.6.13/lib/zeitwerk/loader/helpers.rb:135:in `const_get'
2024-03-01T20:47:52.5218783Z # ./vendor/bundle/ruby/3.2.0/gems/zeitwerk-2.6.13/lib/zeitwerk/loader/helpers.rb:135:in `cget'
2024-03-01T20:47:52.5220724Z # ./vendor/bundle/ruby/3.2.0/gems/zeitwerk-2.6.13/lib/zeitwerk/loader/eager_load.rb:175:in `block in actual_eager_load_dir'
2024-03-01T20:47:52.5222785Z # ./vendor/bundle/ruby/3.2.0/gems/zeitwerk-2.6.13/lib/zeitwerk/loader/helpers.rb:40:in `block in ls'
2024-03-01T20:47:52.5224477Z # ./vendor/bundle/ruby/3.2.0/gems/zeitwerk-2.6.13/lib/zeitwerk/loader/helpers.rb:25:in `each'
2024-03-01T20:47:52.5226005Z # ./vendor/bundle/ruby/3.2.0/gems/zeitwerk-2.6.13/lib/zeitwerk/loader/helpers.rb:25:in `ls'
2024-03-01T20:47:52.5227892Z # ./vendor/bundle/ruby/3.2.0/gems/zeitwerk-2.6.13/lib/zeitwerk/loader/eager_load.rb:170:in `actual_eager_load_dir'
2024-03-01T20:47:52.5229985Z # ./vendor/bundle/ruby/3.2.0/gems/zeitwerk-2.6.13/lib/zeitwerk/loader/eager_load.rb:17:in `block (2 levels) in eager_load'
2024-03-01T20:47:52.5231965Z # ./vendor/bundle/ruby/3.2.0/gems/zeitwerk-2.6.13/lib/zeitwerk/loader/eager_load.rb:16:in `each'
2024-03-01T20:47:52.5233863Z # ./vendor/bundle/ruby/3.2.0/gems/zeitwerk-2.6.13/lib/zeitwerk/loader/eager_load.rb:16:in `block in eager_load'
2024-03-01T20:47:52.5236030Z # ./vendor/bundle/ruby/3.2.0/gems/zeitwerk-2.6.13/lib/zeitwerk/loader/eager_load.rb:10:in `synchronize'
2024-03-01T20:47:52.5238173Z # ./vendor/bundle/ruby/3.2.0/gems/zeitwerk-2.6.13/lib/zeitwerk/loader/eager_load.rb:10:in `eager_load'
2024-03-01T20:47:52.5239978Z # ./vendor/bundle/ruby/3.2.0/gems/zeitwerk-2.6.13/lib/zeitwerk/loader.rb:379:in `block in eager_load_all'
2024-03-01T20:47:52.5241888Z # ./vendor/bundle/ruby/3.2.0/gems/zeitwerk-2.6.13/lib/zeitwerk/loader.rb:377:in `each'
2024-03-01T20:47:52.5243698Z # ./vendor/bundle/ruby/3.2.0/gems/zeitwerk-2.6.13/lib/zeitwerk/loader.rb:377:in `eager_load_all'
2024-03-01T20:47:52.5245595Z # ./vendor/bundle/ruby/3.2.0/gems/railties-7.0.8/lib/rails/application/finisher.rb:74:in `block in <module:Finisher>'
2024-03-01T20:47:52.5247442Z # ./vendor/bundle/ruby/3.2.0/gems/railties-7.0.8/lib/rails/initializable.rb:32:in `instance_exec'
2024-03-01T20:47:52.5249121Z # ./vendor/bundle/ruby/3.2.0/gems/railties-7.0.8/lib/rails/initializable.rb:32:in `run'
2024-03-01T20:47:52.5250855Z # ./vendor/bundle/ruby/3.2.0/gems/railties-7.0.8/lib/rails/initializable.rb:61:in `block in run_initializers'
2024-03-01T20:47:52.5252801Z # ./vendor/bundle/ruby/3.2.0/gems/railties-7.0.8/lib/rails/initializable.rb:60:in `run_initializers'
2024-03-01T20:47:52.5254486Z # ./vendor/bundle/ruby/3.2.0/gems/railties-7.0.8/lib/rails/application.rb:372:in `initialize!'
2024-03-01T20:47:52.5255677Z # ./config/environment.rb:5:in `<top (required)>'
2024-03-01T20:47:52.5257002Z # ./vendor/bundle/ruby/3.2.0/gems/zeitwerk-2.6.13/lib/zeitwerk/kernel.rb:34:in `require'
2024-03-01T20:47:52.5258108Z # ./spec/rails_helper.rb:4:in `<top (required)>'
2024-03-01T20:47:52.5259329Z # ./vendor/bundle/ruby/3.2.0/gems/zeitwerk-2.6.13/lib/zeitwerk/kernel.rb:34:in `require'
2024-03-01T20:47:52.5261415Z # ./vendor/bundle/ruby/3.2.0/gems/knapsack_pro-7.0.0/lib/knapsack_pro/test_case_detectors/rspec_test_example_detector.rb:34:in `generate_json_report'
2024-03-01T20:47:52.5263683Z # ./vendor/bundle/ruby/3.2.0/gems/knapsack_pro-7.0.0/lib/tasks/rspec.rake:16:in `block (2 levels) in <top (required)>'
2024-03-01T20:47:52.5265440Z # ./vendor/bundle/ruby/3.2.0/gems/rake-13.1.0/lib/rake/task.rb:281:in `block in execute'
2024-03-01T20:47:52.5266990Z # ./vendor/bundle/ruby/3.2.0/gems/rake-13.1.0/lib/rake/task.rb:281:in `each'
2024-03-01T20:47:52.5268360Z # ./vendor/bundle/ruby/3.2.0/gems/rake-13.1.0/lib/rake/task.rb:281:in `execute'
2024-03-01T20:47:52.5270141Z # ./vendor/bundle/ruby/3.2.0/gems/bugsnag-6.26.3/lib/bugsnag/integrations/rake.rb:20:in `execute'
2024-03-01T20:47:52.5271988Z # ./vendor/bundle/ruby/3.2.0/gems/rake-13.1.0/lib/rake/task.rb:219:in `block in invoke_with_call_chain'
2024-03-01T20:47:52.5273724Z # ./vendor/bundle/ruby/3.2.0/gems/rake-13.1.0/lib/rake/task.rb:199:in `synchronize'
2024-03-01T20:47:52.5275245Z # ./vendor/bundle/ruby/3.2.0/gems/rake-13.1.0/lib/rake/task.rb:199:in `invoke_with_call_chain'
2024-03-01T20:47:52.5276890Z # ./vendor/bundle/ruby/3.2.0/gems/rake-13.1.0/lib/rake/task.rb:188:in `invoke'
2024-03-01T20:47:52.5278439Z # ./vendor/bundle/ruby/3.2.0/gems/rake-13.1.0/lib/rake/application.rb:182:in `invoke_task'
2024-03-01T20:47:52.5280183Z # ./vendor/bundle/ruby/3.2.0/gems/rake-13.1.0/lib/rake/application.rb:138:in `block (2 levels) in top_level'
2024-03-01T20:47:52.5281839Z # ./vendor/bundle/ruby/3.2.0/gems/rake-13.1.0/lib/rake/application.rb:138:in `each'
2024-03-01T20:47:52.5282921Z rake aborted!
2024-03-01T20:47:52.5284097Z There was a problem while generating test examples for the slow test files. Please read the actionable error message above.
2024-03-01T20:47:52.5286003Z # ./vendor/bundle/ruby/3.2.0/gems/rake-13.1.0/lib/rake/application.rb:138:in `block in top_level'
2024-03-01T20:47:52.5287749Z # ./vendor/bundle/ruby/3.2.0/gems/rake-13.1.0/lib/rake/application.rb:147:in `run_with_threads'
2024-03-01T20:47:52.5299617Z /home/runner/work/human-essentials/human-essentials/vendor/bundle/ruby/3.2.0/gems/knapsack_pro-7.0.0/lib/knapsack_pro/test_case_detectors/rspec_test_example_detector.rb:53:in `generate_json_report'
2024-03-01T20:47:52.5303718Z /home/runner/work/human-essentials/human-essentials/vendor/bundle/ruby/3.2.0/gems/knapsack_pro-7.0.0/lib/tasks/rspec.rake:16:in `block (2 levels) in <top (required)>'
2024-03-01T20:47:52.5307315Z /home/runner/work/human-essentials/human-essentials/vendor/bundle/ruby/3.2.0/gems/bugsnag-6.26.3/lib/bugsnag/integrations/rake.rb:20:in `execute'
2024-03-01T20:47:52.5310174Z /home/runner/work/human-essentials/human-essentials/vendor/bundle/ruby/3.2.0/gems/rake-13.1.0/exe/rake:27:in `<top (required)>'
2024-03-01T20:47:52.5311980Z /opt/hostedtoolcache/Ruby/3.2.2/x64/bin/bundle:25:in `load'
2024-03-01T20:47:52.5313059Z /opt/hostedtoolcache/Ruby/3.2.2/x64/bin/bundle:25:in `<main>'
2024-03-01T20:47:52.5314064Z Tasks: TOP => knapsack_pro:rspec_test_example_detector
2024-03-01T20:47:52.5315194Z (See full trace by running task with --trace)
2024-03-01T20:47:52.5316492Z # ./vendor/bundle/ruby/3.2.0/gems/rake-13.1.0/lib/rake/application.rb:132:in `top_level'
2024-03-01T20:47:52.5318296Z # ./vendor/bundle/ruby/3.2.0/gems/rake-13.1.0/lib/rake/application.rb:83:in `block in run'
2024-03-01T20:47:52.5320197Z # ./vendor/bundle/ruby/3.2.0/gems/rake-13.1.0/lib/rake/application.rb:208:in `standard_exception_handling'
2024-03-01T20:47:52.5321851Z # ./vendor/bundle/ruby/3.2.0/gems/rake-13.1.0/lib/rake/application.rb:80:in `run'
2024-03-01T20:47:52.5323400Z # ./vendor/bundle/ruby/3.2.0/gems/rake-13.1.0/exe/rake:27:in `<top (required)>'
2024-03-01T20:47:52.5324399Z No examples found.
2024-03-01T20:47:52.5324722Z 
2024-03-01T20:47:52.5324729Z 
2024-03-01T20:47:52.5325152Z Finished in 0.00007 seconds (files took 3.46 seconds to load)
2024-03-01T20:47:52.5326346Z 0 examples, 0 failures, 1 error occurred outside of examples
2024-03-01T20:47:52.5327006Z 
2024-03-01T20:47:52.5328182Z E, [2024-03-01T12:47:52.522538 #2646] ERROR -- : [knapsack_pro] ---------- START of actionable error message --------------------------------------------------
2024-03-01T20:47:52.5330905Z E, [2024-03-01T12:47:52.522589 #2646] ERROR -- : [knapsack_pro] RSpec (with a dry-run option) had a problem generating the report with test examples for the slow test files. Here is what you can do:
2024-03-01T20:47:52.5334432Z E, [2024-03-01T12:47:52.522603 #2646] ERROR -- : [knapsack_pro] a) Please look for an error message from RSpec in the output above or below. If you don't see anything, that is fine. Sometimes RSpec does not produce any errors in the output.
2024-03-01T20:47:52.5338567Z E, [2024-03-01T12:47:52.522626 #2646] ERROR -- : [knapsack_pro] b) Check if RSpec generated the report file .knapsack_pro/test_case_detectors/rspec/rspec_dry_run_json_report_node_4.json. If the report exists, it may contain an error message. Here is a preview of the report file:
2024-03-01T20:47:52.5343284Z E, [2024-03-01T12:47:52.522680 #2646] ERROR -- : [knapsack_pro] {"version":"3.12.2","messages":["No examples found."],"examples":[],"summary":{"duration":7.0812e-05,"example_count":0,"failure_count":0,"pending_count":0,"errors_outside_of_examples_count":1},"summary_line":"0 examples, 0 failures, 1 error occurred outside of examples"}
2024-03-01T20:47:52.5348598Z E, [2024-03-01T12:47:52.522697 #2646] ERROR -- : [knapsack_pro] c) To reproduce the error manually, please run the following RSpec command. This way, you can find out what is causing the error. Please ensure you run the command in the same environment where the error occurred. For instance, if the error happens on the CI server, you should run the command in the CI environment:
2024-03-01T20:47:52.5353354Z E, [2024-03-01T12:47:52.522708 #2646] ERROR -- : [knapsack_pro] bundle exec rspec --format json --dry-run --out .knapsack_pro/test_case_detectors/rspec/rspec_dry_run_json_report_node_4.json --default-path spec spec/system/dashboard_system_spec.rb
2024-03-01T20:47:52.5356485Z E, [2024-03-01T12:47:52.522720 #2646] ERROR -- : [knapsack_pro] ---------- END of actionable error message --------------------------------------------------
2024-03-01T20:47:52.8443178Z Stopped processing SimpleCov as a previous error not related to SimpleCov has been detected
2024-03-01T20:47:52.8445345Z Coverage report generated for RSpec to /home/runner/work/human-essentials/human-essentials/coverage. 1974 / 7722 LOC (25.56%) covered.
2024-03-01T20:47:52.8729486Z rake aborted!
2024-03-01T20:47:52.8731367Z Could not generate JSON report for RSpec. Rake task failed when running RACK_ENV=test RAILS_ENV=test bundle exec rake knapsack_pro:rspec_test_example_detector
2024-03-01T20:47:52.8734986Z /home/runner/work/human-essentials/human-essentials/vendor/bundle/ruby/3.2.0/gems/knapsack_pro-7.0.0/lib/knapsack_pro/adapters/rspec_adapter.rb:32:in `test_file_cases_for'
2024-03-01T20:47:52.8737014Z /home/runner/work/human-essentials/human-essentials/vendor/bundle/ruby/3.2.0/gems/knapsack_pro-7.0.0/lib/knapsack_pro/base_allocator_builder.rb:42:in `fast_and_slow_test_files_to_run'
2024-03-01T20:47:52.8739030Z /home/runner/work/human-essentials/human-essentials/vendor/bundle/ruby/3.2.0/gems/knapsack_pro-7.0.0/lib/knapsack_pro/allocator_builder.rb:7:in `allocator'
2024-03-01T20:47:52.8740776Z /home/runner/work/human-essentials/human-essentials/vendor/bundle/ruby/3.2.0/gems/knapsack_pro-7.0.0/lib/knapsack_pro/runners/base_runner.rb:12:in `initialize'
2024-03-01T20:47:52.8742434Z /home/runner/work/human-essentials/human-essentials/vendor/bundle/ruby/3.2.0/gems/knapsack_pro-7.0.0/lib/knapsack_pro/runners/rspec_runner.rb:14:in `new'
2024-03-01T20:47:52.8744221Z /home/runner/work/human-essentials/human-essentials/vendor/bundle/ruby/3.2.0/gems/knapsack_pro-7.0.0/lib/knapsack_pro/runners/rspec_runner.rb:14:in `run'
2024-03-01T20:47:52.8745925Z /home/runner/work/human-essentials/human-essentials/vendor/bundle/ruby/3.2.0/gems/knapsack_pro-7.0.0/lib/tasks/rspec.rake:7:in `block (2 levels) in <top (required)>'
2024-03-01T20:47:52.8747594Z /home/runner/work/human-essentials/human-essentials/vendor/bundle/ruby/3.2.0/gems/bugsnag-6.26.3/lib/bugsnag/integrations/rake.rb:20:in `execute'
2024-03-01T20:47:52.8749137Z /home/runner/work/human-essentials/human-essentials/vendor/bundle/ruby/3.2.0/gems/rake-13.1.0/exe/rake:27:in `<top (required)>'
2024-03-01T20:47:52.8750057Z /opt/hostedtoolcache/Ruby/3.2.2/x64/bin/bundle:25:in `load'
2024-03-01T20:47:52.8750764Z /opt/hostedtoolcache/Ruby/3.2.2/x64/bin/bundle:25:in `<main>'
2024-03-01T20:47:52.8751289Z Tasks: TOP => knapsack_pro:rspec
2024-03-01T20:47:52.8751779Z (See full trace by running task with --trace)
2024-03-01T20:47:53.2716617Z Stopped processing SimpleCov as a previous error not related to SimpleCov has been detected
2024-03-01T20:47:53.2718742Z Coverage report generated for RSpec to /home/runner/work/human-essentials/human-essentials/coverage. 38 / 10700 LOC (0.36%) covered.
2024-03-01T20:47:53.3007666Z ##[error]Process completed with exit code 1.
2024-03-01T20:47:53.3085291Z ##[group]Run actions/upload-artifact@v2
2024-03-01T20:47:53.3085804Z with:
2024-03-01T20:47:53.3086278Z   name: failed-browser-tests
2024-03-01T20:47:53.3086728Z   path: tmp/capybara
2024-03-01T20:47:53.3087127Z   if-no-files-found: warn
2024-03-01T20:47:53.3087550Z ##[endgroup]
2024-03-01T20:47:53.3643467Z ##[warning]No files were found with the provided path: tmp/capybara. No artifacts will be uploaded.
2024-03-01T20:47:53.3728861Z Post job cleanup.
2024-03-01T20:47:53.4775081Z [command]/usr/bin/git version
2024-03-01T20:47:53.4828470Z git version 2.43.2
2024-03-01T20:47:53.4869572Z Temporarily overriding HOME='/home/runner/work/_temp/a5bb1c62-fae8-44fd-aafb-6aefda7d4517' before making global git config changes
2024-03-01T20:47:53.4871190Z Adding repository directory to the temporary git global config as a safe directory
2024-03-01T20:47:53.4875657Z [command]/usr/bin/git config --global --add safe.directory /home/runner/work/human-essentials/human-essentials
2024-03-01T20:47:53.4919008Z [command]/usr/bin/git config --local --name-only --get-regexp core\.sshCommand
2024-03-01T20:47:53.4958289Z [command]/usr/bin/git submodule foreach --recursive sh -c "git config --local --name-only --get-regexp 'core\.sshCommand' && git config --local --unset-all 'core.sshCommand' || :"
2024-03-01T20:47:53.5219797Z [command]/usr/bin/git config --local --name-only --get-regexp http\.https\:\/\/github\.com\/\.extraheader
2024-03-01T20:47:53.5253496Z http.https://github.com/.extraheader
2024-03-01T20:47:53.5263519Z [command]/usr/bin/git config --local --unset-all http.https://github.com/.extraheader
2024-03-01T20:47:53.5305251Z [command]/usr/bin/git submodule foreach --recursive sh -c "git config --local --name-only --get-regexp 'http\.https\:\/\/github\.com\/\.extraheader' && git config --local --unset-all 'http.https://github.com/.extraheader' || :"
2024-03-01T20:47:53.5702302Z Print service container logs: cdec278d7ae44acd934a4bba5e4ed1e2_postgres123_12ea59
2024-03-01T20:47:53.5707818Z ##[command]/usr/bin/docker logs --details cdddd1ef2b065b58180d150458c68c8679bac03d234d9b662315c633471752ec
2024-03-01T20:47:53.5831779Z  The files belonging to this database system will be owned by user "postgres".
2024-03-01T20:47:53.5834889Z  initdb: warning: enabling "trust" authentication for local connections
2024-03-01T20:47:53.5835961Z  This user must also own the server process.
2024-03-01T20:47:53.5837029Z  
2024-03-01T20:47:53.5837750Z  The database cluster will be initialized with locale "en_US.utf8".
2024-03-01T20:47:53.5839221Z  The default database encoding has accordingly been set to "UTF8".
2024-03-01T20:47:53.5840467Z  The default text search configuration will be set to "english".
2024-03-01T20:47:53.5841330Z  
2024-03-01T20:47:53.5841829Z  Data page checksums are disabled.
2024-03-01T20:47:53.5842585Z  
2024-03-01T20:47:53.5843440Z  fixing permissions on existing directory /var/lib/postgresql/data ... ok
2024-03-01T20:47:53.5844529Z  creating subdirectories ... ok
2024-03-01T20:47:53.5845356Z  selecting dynamic shared memory implementation ... posix
2024-03-01T20:47:53.5846232Z  selecting default max_connections ... 100
2024-03-01T20:47:53.5847138Z  selecting default shared_buffers ... 128MB
2024-03-01T20:47:53.5847924Z  selecting default time zone ... Etc/UTC
2024-03-01T20:47:53.5848761Z  creating configuration files ... ok
2024-03-01T20:47:53.5849471Z  running bootstrap script ... ok
2024-03-01T20:47:53.5850199Z  performing post-bootstrap initialization ... ok
2024-03-01T20:47:53.5851080Z  syncing data to disk ... ok
2024-03-01T20:47:53.5851661Z  
2024-03-01T20:47:53.5852077Z  
2024-03-01T20:47:53.5852776Z  Success. You can now start the database server using:
2024-03-01T20:47:53.5853525Z  
2024-03-01T20:47:53.5854100Z      pg_ctl -D /var/lib/postgresql/data -l logfile start
2024-03-01T20:47:53.5854982Z  
2024-03-01T20:47:53.5855792Z  You can change this by editing pg_hba.conf or using the option -A, or
2024-03-01T20:47:53.5857017Z  --auth-local and --auth-host, the next time you run initdb.
2024-03-01T20:47:53.5858669Z  2024-03-01 20:46:28.661 UTC [1] LOG:  starting PostgreSQL 12.3 (Debian 12.3-1.pgdg100+1) on x86_64-pc-linux-gnu, compiled by gcc (Debian 8.3.0-6) 8.3.0, 64-bit
2024-03-01T20:47:53.5860816Z  2024-03-01 20:46:28.661 UTC [1] LOG:  listening on IPv4 address "0.0.0.0", port 5432
2024-03-01T20:47:53.5861909Z  2024-03-01 20:46:28.661 UTC [1] LOG:  listening on IPv6 address "::", port 5432
2024-03-01T20:47:53.5862739Z  2024-03-01 20:46:28.662 UTC [1] LOG:  listening on Unix socket "/var/run/postgresql/.s.PGSQL.5432"
2024-03-01T20:47:53.5863761Z  2024-03-01 20:46:28.673 UTC [56] LOG:  database system was shut down at 2024-03-01 20:46:28 UTC
2024-03-01T20:47:53.5864564Z  2024-03-01 20:46:28.677 UTC [1] LOG:  database system is ready to accept connections
2024-03-01T20:47:53.5865401Z  2024-03-01 20:46:37.851 UTC [70] FATAL:  role "root" does not exist
2024-03-01T20:47:53.5866073Z  2024-03-01 20:46:47.936 UTC [79] FATAL:  role "root" does not exist
2024-03-01T20:47:53.5866748Z  2024-03-01 20:46:56.337 UTC [80] FATAL:  database "diaper_test" does not exist
2024-03-01T20:47:53.5867529Z  2024-03-01 20:46:58.025 UTC [90] FATAL:  role "root" does not exist
2024-03-01T20:47:53.5868275Z  2024-03-01 20:47:03.251 UTC [91] ERROR:  relation "flipper_gates" does not exist at character 491
2024-03-01T20:47:53.5869630Z  2024-03-01 20:47:03.251 UTC [91] STATEMENT:  SELECT a.attname, format_type(a.atttypid, a.atttypmod),
2024-03-01T20:47:53.5870584Z  	       pg_get_expr(d.adbin, d.adrelid), a.attnotnull, a.atttypid, a.atttypmod,
2024-03-01T20:47:53.5871284Z  	       c.collname, col_description(a.attrelid, a.attnum) AS comment,
2024-03-01T20:47:53.5871936Z  	       attgenerated as attgenerated
2024-03-01T20:47:53.5872372Z  	  FROM pg_attribute a
2024-03-01T20:47:53.5872864Z  	  LEFT JOIN pg_attrdef d ON a.attrelid = d.adrelid AND a.attnum = d.adnum
2024-03-01T20:47:53.5873905Z  	  LEFT JOIN pg_type t ON a.atttypid = t.oid
2024-03-01T20:47:53.5874602Z  	  LEFT JOIN pg_collation c ON a.attcollation = c.oid AND a.attcollation <> t.typcollation
2024-03-01T20:47:53.5875307Z  	 WHERE a.attrelid = '"flipper_gates"'::regclass
2024-03-01T20:47:53.5875903Z  	   AND a.attnum > 0 AND NOT a.attisdropped
2024-03-01T20:47:53.5876349Z  	 ORDER BY a.attnum
2024-03-01T20:47:53.5876709Z  	
2024-03-01T20:47:53.5877540Z  2024-03-01 20:47:08.110 UTC [101] FATAL:  role "root" does not exist
2024-03-01T20:47:53.5878216Z  2024-03-01 20:47:18.190 UTC [110] FATAL:  role "root" does not exist
2024-03-01T20:47:53.5878942Z  2024-03-01 20:47:28.274 UTC [118] FATAL:  role "root" does not exist
2024-03-01T20:47:53.5879577Z  2024-03-01 20:47:38.368 UTC [127] FATAL:  role "root" does not exist
2024-03-01T20:47:53.5880222Z  2024-03-01 20:47:48.460 UTC [135] FATAL:  role "root" does not exist
2024-03-01T20:47:53.5881438Z  waiting for server to start....2024-03-01 20:46:28.457 UTC [47] LOG:  starting PostgreSQL 12.3 (Debian 12.3-1.pgdg100+1) on x86_64-pc-linux-gnu, compiled by gcc (Debian 8.3.0-6) 8.3.0, 64-bit
2024-03-01T20:47:53.5882702Z  2024-03-01 20:46:28.458 UTC [47] LOG:  listening on Unix socket "/var/run/postgresql/.s.PGSQL.5432"
2024-03-01T20:47:53.5883556Z  2024-03-01 20:46:28.469 UTC [48] LOG:  database system was shut down at 2024-03-01 20:46:28 UTC
2024-03-01T20:47:53.5884443Z  2024-03-01 20:46:28.474 UTC [47] LOG:  database system is ready to accept connections
2024-03-01T20:47:53.5885040Z   done
2024-03-01T20:47:53.5885310Z  server started
2024-03-01T20:47:53.5885734Z  
2024-03-01T20:47:53.5886241Z  /usr/local/bin/docker-entrypoint.sh: ignoring /docker-entrypoint-initdb.d/*
2024-03-01T20:47:53.5886962Z  
2024-03-01T20:47:53.5887423Z  2024-03-01 20:46:28.550 UTC [47] LOG:  received fast shutdown request
2024-03-01T20:47:53.5888239Z  waiting for server to shut down....2024-03-01 20:46:28.550 UTC [47] LOG:  aborting any active transactions
2024-03-01T20:47:53.5889348Z  2024-03-01 20:46:28.552 UTC [47] LOG:  background worker "logical replication launcher" (PID 54) exited with exit code 1
2024-03-01T20:47:53.5890137Z  2024-03-01 20:46:28.552 UTC [49] LOG:  shutting down
2024-03-01T20:47:53.5890712Z  2024-03-01 20:46:28.559 UTC [47] LOG:  database system is shut down
2024-03-01T20:47:53.5891338Z   done
2024-03-01T20:47:53.5891642Z  server stopped
2024-03-01T20:47:53.5892062Z  
2024-03-01T20:47:53.5892451Z  PostgreSQL init process complete; ready for start up.
2024-03-01T20:47:53.5892897Z  
2024-03-01T20:47:53.5899492Z Stop and remove container: cdec278d7ae44acd934a4bba5e4ed1e2_postgres123_12ea59
2024-03-01T20:47:53.5905605Z ##[command]/usr/bin/docker rm --force cdddd1ef2b065b58180d150458c68c8679bac03d234d9b662315c633471752ec
2024-03-01T20:47:53.8320036Z cdddd1ef2b065b58180d150458c68c8679bac03d234d9b662315c633471752ec
2024-03-01T20:47:53.8344162Z Remove container network: github_network_aac6fdff8dbb4385987252d410d835a0
2024-03-01T20:47:53.8349869Z ##[command]/usr/bin/docker network rm github_network_aac6fdff8dbb4385987252d410d835a0
2024-03-01T20:47:54.0937799Z github_network_aac6fdff8dbb4385987252d410d835a0
2024-03-01T20:47:54.1119507Z Cleaning up orphan processes
