2024-03-13T17:44:07.5801847Z Requested labels: ubuntu-latest
2024-03-13T17:44:07.5802263Z Job defined at: rubyforgood/human-essentials/.github/workflows/rspec-system-events.yml@refs/pull/4163/merge
2024-03-13T17:44:07.5802440Z Waiting for a runner to pick up this job...
2024-03-13T17:44:08.5643598Z Job is waiting for a hosted runner to come online.
2024-03-13T17:44:12.6359672Z Job is about to start running on the hosted runner: GitHub Actions 4 (hosted)
2024-03-13T17:44:15.1446949Z Current runner version: '2.314.1'
2024-03-13T17:44:15.1472459Z ##[group]Operating System
2024-03-13T17:44:15.1473114Z Ubuntu
2024-03-13T17:44:15.1473433Z 22.04.4
2024-03-13T17:44:15.1473861Z LTS
2024-03-13T17:44:15.1474212Z ##[endgroup]
2024-03-13T17:44:15.1474551Z ##[group]Runner Image
2024-03-13T17:44:15.1475046Z Image: ubuntu-22.04
2024-03-13T17:44:15.1475458Z Version: 20240304.1.0
2024-03-13T17:44:15.1476421Z Included Software: https://github.com/actions/runner-images/blob/ubuntu22/20240304.1/images/ubuntu/Ubuntu2204-Readme.md
2024-03-13T17:44:15.1477921Z Image Release: https://github.com/actions/runner-images/releases/tag/ubuntu22%2F20240304.1
2024-03-13T17:44:15.1478794Z ##[endgroup]
2024-03-13T17:44:15.1479187Z ##[group]Runner Image Provisioner
2024-03-13T17:44:15.1479694Z 2.0.359.1
2024-03-13T17:44:15.1480064Z ##[endgroup]
2024-03-13T17:44:15.1482126Z ##[group]GITHUB_TOKEN Permissions
2024-03-13T17:44:15.1483794Z Actions: read
2024-03-13T17:44:15.1484194Z Checks: read
2024-03-13T17:44:15.1484824Z Contents: read
2024-03-13T17:44:15.1485276Z Deployments: read
2024-03-13T17:44:15.1485743Z Discussions: read
2024-03-13T17:44:15.1486119Z Issues: read
2024-03-13T17:44:15.1486468Z Metadata: read
2024-03-13T17:44:15.1486904Z Packages: read
2024-03-13T17:44:15.1487290Z Pages: read
2024-03-13T17:44:15.1487830Z PullRequests: read
2024-03-13T17:44:15.1488319Z RepositoryProjects: read
2024-03-13T17:44:15.1488763Z SecurityEvents: read
2024-03-13T17:44:15.1489156Z Statuses: read
2024-03-13T17:44:15.1489568Z ##[endgroup]
2024-03-13T17:44:15.1492636Z Secret source: None
2024-03-13T17:44:15.1493217Z Prepare workflow directory
2024-03-13T17:44:15.2364348Z Prepare all required actions
2024-03-13T17:44:15.2520448Z Getting action download info
2024-03-13T17:44:15.4734087Z Download action repository 'actions/checkout@v2' (SHA:ee0669bd1cc54295c223e0bb666b733df41de1c5)
2024-03-13T17:44:15.6125882Z Download action repository 'ruby/setup-ruby@v1' (SHA:d4526a55538b775af234ba4af27118ed6f8f6677)
2024-03-13T17:44:16.0935092Z Download action repository 'actions/upload-artifact@v2' (SHA:82c141cc518b40d92cc801eee768e7aafc9c2fa2)
2024-03-13T17:44:16.2381687Z Complete job name: rspec-system-events (6, 0)
2024-03-13T17:44:16.3046681Z ##[group]Checking docker version
2024-03-13T17:44:16.3061441Z ##[command]/usr/bin/docker version --format '{{.Server.APIVersion}}'
2024-03-13T17:44:16.3775959Z '1.43'
2024-03-13T17:44:16.3790801Z Docker daemon API version: '1.43'
2024-03-13T17:44:16.3791742Z ##[command]/usr/bin/docker version --format '{{.Client.APIVersion}}'
2024-03-13T17:44:16.3966071Z '1.43'
2024-03-13T17:44:16.3978077Z Docker client API version: '1.43'
2024-03-13T17:44:16.3982987Z ##[endgroup]
2024-03-13T17:44:16.3986690Z ##[group]Clean up resources from previous jobs
2024-03-13T17:44:16.3992556Z ##[command]/usr/bin/docker ps --all --quiet --no-trunc --filter "label=c0133c"
2024-03-13T17:44:16.4135036Z ##[command]/usr/bin/docker network prune --force --filter "label=c0133c"
2024-03-13T17:44:16.4278643Z ##[endgroup]
2024-03-13T17:44:16.4279152Z ##[group]Create local container network
2024-03-13T17:44:16.4290187Z ##[command]/usr/bin/docker network create --label c0133c github_network_598f5699dded4a35a0b38ad0c991dfba
2024-03-13T17:44:16.5229402Z f1ea7510bd970f888919a552741519106077aeb199e6a1b53bb44cde4062e48d
2024-03-13T17:44:16.5246430Z ##[endgroup]
2024-03-13T17:44:16.5323437Z ##[group]Starting db service container
2024-03-13T17:44:16.5373217Z ##[command]/usr/bin/docker pull postgres:12.3
2024-03-13T17:44:17.5275972Z 12.3: Pulling from library/postgres
2024-03-13T17:44:17.7912715Z bf5952930446: Pulling fs layer
2024-03-13T17:44:17.7913717Z 9577476abb00: Pulling fs layer
2024-03-13T17:44:17.7914655Z 2bd105512d5c: Pulling fs layer
2024-03-13T17:44:17.7915469Z b1cd21c26e81: Pulling fs layer
2024-03-13T17:44:17.7916180Z 34a7c86cf8fc: Pulling fs layer
2024-03-13T17:44:17.7917032Z 274e7b0c38d5: Pulling fs layer
2024-03-13T17:44:17.7917843Z 3e831b350d37: Pulling fs layer
2024-03-13T17:44:17.7918594Z 38fa0d496534: Pulling fs layer
2024-03-13T17:44:17.7919915Z 31a8349609a4: Pulling fs layer
2024-03-13T17:44:17.7920666Z 14e4c2a4b7b7: Pulling fs layer
2024-03-13T17:44:17.7921402Z 964acfa02beb: Pulling fs layer
2024-03-13T17:44:17.7922336Z 31b1f20dffc0: Pulling fs layer
2024-03-13T17:44:17.7923123Z 14771c2930e9: Pulling fs layer
2024-03-13T17:44:17.7923826Z 2f30edd0ce8a: Pulling fs layer
2024-03-13T17:44:17.7924546Z 34a7c86cf8fc: Waiting
2024-03-13T17:44:17.7924965Z 274e7b0c38d5: Waiting
2024-03-13T17:44:17.7925322Z 3e831b350d37: Waiting
2024-03-13T17:44:17.7925779Z 38fa0d496534: Waiting
2024-03-13T17:44:17.7926147Z 31a8349609a4: Waiting
2024-03-13T17:44:17.7926477Z 14e4c2a4b7b7: Waiting
2024-03-13T17:44:17.7926948Z 964acfa02beb: Waiting
2024-03-13T17:44:17.7927323Z 31b1f20dffc0: Waiting
2024-03-13T17:44:17.7927934Z 14771c2930e9: Waiting
2024-03-13T17:44:17.7928472Z 2f30edd0ce8a: Waiting
2024-03-13T17:44:17.7928878Z b1cd21c26e81: Waiting
2024-03-13T17:44:18.0486265Z 2bd105512d5c: Download complete
2024-03-13T17:44:18.0894926Z 9577476abb00: Verifying Checksum
2024-03-13T17:44:18.0895876Z 9577476abb00: Download complete
2024-03-13T17:44:18.2124142Z bf5952930446: Download complete
2024-03-13T17:44:18.3236872Z b1cd21c26e81: Verifying Checksum
2024-03-13T17:44:18.3237823Z b1cd21c26e81: Download complete
2024-03-13T17:44:18.4269072Z 34a7c86cf8fc: Verifying Checksum
2024-03-13T17:44:18.4270339Z 34a7c86cf8fc: Download complete
2024-03-13T17:44:18.4664141Z 274e7b0c38d5: Download complete
2024-03-13T17:44:18.5630954Z 3e831b350d37: Verifying Checksum
2024-03-13T17:44:18.5632565Z 3e831b350d37: Download complete
2024-03-13T17:44:18.6807907Z 38fa0d496534: Verifying Checksum
2024-03-13T17:44:18.6809415Z 38fa0d496534: Download complete
2024-03-13T17:44:18.8179238Z 14e4c2a4b7b7: Verifying Checksum
2024-03-13T17:44:18.8180113Z 14e4c2a4b7b7: Download complete
2024-03-13T17:44:18.9494645Z 964acfa02beb: Verifying Checksum
2024-03-13T17:44:18.9495739Z 964acfa02beb: Download complete
2024-03-13T17:44:19.0957037Z 31b1f20dffc0: Verifying Checksum
2024-03-13T17:44:19.0957763Z 31b1f20dffc0: Download complete
2024-03-13T17:44:19.2179067Z 14771c2930e9: Verifying Checksum
2024-03-13T17:44:19.2179718Z 14771c2930e9: Download complete
2024-03-13T17:44:19.2180688Z 31a8349609a4: Verifying Checksum
2024-03-13T17:44:19.2181287Z 31a8349609a4: Download complete
2024-03-13T17:44:19.3542191Z 2f30edd0ce8a: Download complete
2024-03-13T17:44:19.4485893Z bf5952930446: Pull complete
2024-03-13T17:44:19.5694435Z 9577476abb00: Pull complete
2024-03-13T17:44:19.7264836Z 2bd105512d5c: Pull complete
2024-03-13T17:44:19.8041916Z b1cd21c26e81: Pull complete
2024-03-13T17:44:20.1434654Z 34a7c86cf8fc: Pull complete
2024-03-13T17:44:20.1867747Z 274e7b0c38d5: Pull complete
2024-03-13T17:44:20.1957032Z 3e831b350d37: Pull complete
2024-03-13T17:44:20.2041973Z 38fa0d496534: Pull complete
2024-03-13T17:44:22.5290224Z 31a8349609a4: Pull complete
2024-03-13T17:44:22.5449150Z 14e4c2a4b7b7: Pull complete
2024-03-13T17:44:22.5555620Z 964acfa02beb: Pull complete
2024-03-13T17:44:22.5656171Z 31b1f20dffc0: Pull complete
2024-03-13T17:44:22.5745105Z 14771c2930e9: Pull complete
2024-03-13T17:44:22.5826068Z 2f30edd0ce8a: Pull complete
2024-03-13T17:44:22.5865214Z Digest: sha256:a06e6e6e519b7a329c419f8221edec66cfc45511e8b80e262c12103ba745cf19
2024-03-13T17:44:22.5878466Z Status: Downloaded newer image for postgres:12.3
2024-03-13T17:44:22.5888646Z docker.io/library/postgres:12.3
2024-03-13T17:44:22.5993607Z ##[command]/usr/bin/docker create --name b9281b5f55d94ac3812dce1f17072b24_postgres123_93b1aa --label c0133c --network github_network_598f5699dded4a35a0b38ad0c991dfba --network-alias db -p 5432:5432 --health-cmd pg_isready --health-interval 10s --health-timeout 5s --health-retries 5 -e "POSTGRES_PASSWORD=password" -e GITHUB_ACTIONS=true -e CI=true postgres:12.3
2024-03-13T17:44:22.6350852Z b2342afb8160c9668c1b63e2c190d644d0264794421f4f0b2b2b9a3fae318cd7
2024-03-13T17:44:22.6374294Z ##[command]/usr/bin/docker start b2342afb8160c9668c1b63e2c190d644d0264794421f4f0b2b2b9a3fae318cd7
2024-03-13T17:44:22.9178405Z b2342afb8160c9668c1b63e2c190d644d0264794421f4f0b2b2b9a3fae318cd7
2024-03-13T17:44:22.9199499Z ##[command]/usr/bin/docker ps --all --filter id=b2342afb8160c9668c1b63e2c190d644d0264794421f4f0b2b2b9a3fae318cd7 --filter status=running --no-trunc --format "{{.ID}} {{.Status}}"
2024-03-13T17:44:22.9339044Z b2342afb8160c9668c1b63e2c190d644d0264794421f4f0b2b2b9a3fae318cd7 Up Less than a second (health: starting)
2024-03-13T17:44:22.9362003Z ##[command]/usr/bin/docker port b2342afb8160c9668c1b63e2c190d644d0264794421f4f0b2b2b9a3fae318cd7
2024-03-13T17:44:22.9494156Z 5432/tcp -> 0.0.0.0:5432
2024-03-13T17:44:22.9495023Z 5432/tcp -> [::]:5432
2024-03-13T17:44:22.9572868Z ##[endgroup]
2024-03-13T17:44:22.9598854Z ##[group]Waiting for all services to be ready
2024-03-13T17:44:22.9635578Z ##[command]/usr/bin/docker inspect --format="{{if .Config.Healthcheck}}{{print .State.Health.Status}}{{end}}" b2342afb8160c9668c1b63e2c190d644d0264794421f4f0b2b2b9a3fae318cd7
2024-03-13T17:44:22.9777890Z starting
2024-03-13T17:44:22.9803974Z db service is starting, waiting 2 seconds before checking again.
2024-03-13T17:44:24.9780176Z ##[command]/usr/bin/docker inspect --format="{{if .Config.Healthcheck}}{{print .State.Health.Status}}{{end}}" b2342afb8160c9668c1b63e2c190d644d0264794421f4f0b2b2b9a3fae318cd7
2024-03-13T17:44:24.9895838Z starting
2024-03-13T17:44:24.9908361Z db service is starting, waiting 3 seconds before checking again.
2024-03-13T17:44:28.7013082Z ##[command]/usr/bin/docker inspect --format="{{if .Config.Healthcheck}}{{print .State.Health.Status}}{{end}}" b2342afb8160c9668c1b63e2c190d644d0264794421f4f0b2b2b9a3fae318cd7
2024-03-13T17:44:28.7141044Z starting
2024-03-13T17:44:28.7153584Z db service is starting, waiting 8 seconds before checking again.
2024-03-13T17:44:36.7942718Z ##[command]/usr/bin/docker inspect --format="{{if .Config.Healthcheck}}{{print .State.Health.Status}}{{end}}" b2342afb8160c9668c1b63e2c190d644d0264794421f4f0b2b2b9a3fae318cd7
2024-03-13T17:44:36.8060443Z healthy
2024-03-13T17:44:36.8075690Z db service is healthy.
2024-03-13T17:44:36.8076229Z ##[endgroup]
2024-03-13T17:44:36.8441712Z ##[group]Run actions/checkout@v2
2024-03-13T17:44:36.8442212Z with:
2024-03-13T17:44:36.8442551Z   repository: rubyforgood/human-essentials
2024-03-13T17:44:36.8443294Z   token: ***
2024-03-13T17:44:36.8443666Z   ssh-strict: true
2024-03-13T17:44:36.8443987Z   persist-credentials: true
2024-03-13T17:44:36.8444437Z   clean: true
2024-03-13T17:44:36.8444767Z   fetch-depth: 1
2024-03-13T17:44:36.8445051Z   lfs: false
2024-03-13T17:44:36.8445469Z   submodules: false
2024-03-13T17:44:36.8445809Z   set-safe-directory: true
2024-03-13T17:44:36.8446143Z ##[endgroup]
2024-03-13T17:44:37.0962234Z Syncing repository: rubyforgood/human-essentials
2024-03-13T17:44:37.0964295Z ##[group]Getting Git version info
2024-03-13T17:44:37.0965116Z Working directory is '/home/runner/work/human-essentials/human-essentials'
2024-03-13T17:44:37.0966108Z [command]/usr/bin/git version
2024-03-13T17:44:37.1021626Z git version 2.43.2
2024-03-13T17:44:37.1047230Z ##[endgroup]
2024-03-13T17:44:37.1070191Z Temporarily overriding HOME='/home/runner/work/_temp/d7e73c0a-03e0-4bce-850a-4d03f7d1f02f' before making global git config changes
2024-03-13T17:44:37.1072106Z Adding repository directory to the temporary git global config as a safe directory
2024-03-13T17:44:37.1073925Z [command]/usr/bin/git config --global --add safe.directory /home/runner/work/human-essentials/human-essentials
2024-03-13T17:44:37.1123622Z Deleting the contents of '/home/runner/work/human-essentials/human-essentials'
2024-03-13T17:44:37.1128659Z ##[group]Initializing the repository
2024-03-13T17:44:37.1132325Z [command]/usr/bin/git init /home/runner/work/human-essentials/human-essentials
2024-03-13T17:44:37.1218915Z hint: Using 'master' as the name for the initial branch. This default branch name
2024-03-13T17:44:37.1220428Z hint: is subject to change. To configure the initial branch name to use in all
2024-03-13T17:44:37.1224276Z hint: of your new repositories, which will suppress this warning, call:
2024-03-13T17:44:37.1225261Z hint: 
2024-03-13T17:44:37.1226585Z hint: 	git config --global init.defaultBranch <name>
2024-03-13T17:44:37.1228978Z hint: 
2024-03-13T17:44:37.1229978Z hint: Names commonly chosen instead of 'master' are 'main', 'trunk' and
2024-03-13T17:44:37.1231378Z hint: 'development'. The just-created branch can be renamed via this command:
2024-03-13T17:44:37.1232356Z hint: 
2024-03-13T17:44:37.1232909Z hint: 	git branch -m <name>
2024-03-13T17:44:37.1234066Z Initialized empty Git repository in /home/runner/work/human-essentials/human-essentials/.git/
2024-03-13T17:44:37.1241616Z [command]/usr/bin/git remote add origin https://github.com/rubyforgood/human-essentials
2024-03-13T17:44:37.1289234Z ##[endgroup]
2024-03-13T17:44:37.1290239Z ##[group]Disabling automatic garbage collection
2024-03-13T17:44:37.1292438Z [command]/usr/bin/git config --local gc.auto 0
2024-03-13T17:44:37.1332555Z ##[endgroup]
2024-03-13T17:44:37.1333562Z ##[group]Setting up auth
2024-03-13T17:44:37.1339307Z [command]/usr/bin/git config --local --name-only --get-regexp core\.sshCommand
2024-03-13T17:44:37.1377693Z [command]/usr/bin/git submodule foreach --recursive sh -c "git config --local --name-only --get-regexp 'core\.sshCommand' && git config --local --unset-all 'core.sshCommand' || :"
2024-03-13T17:44:37.1739736Z [command]/usr/bin/git config --local --name-only --get-regexp http\.https\:\/\/github\.com\/\.extraheader
2024-03-13T17:44:37.1777574Z [command]/usr/bin/git submodule foreach --recursive sh -c "git config --local --name-only --get-regexp 'http\.https\:\/\/github\.com\/\.extraheader' && git config --local --unset-all 'http.https://github.com/.extraheader' || :"
2024-03-13T17:44:37.2019955Z [command]/usr/bin/git config --local http.https://github.com/.extraheader AUTHORIZATION: basic ***
2024-03-13T17:44:37.2071982Z ##[endgroup]
2024-03-13T17:44:37.2072654Z ##[group]Fetching the repository
2024-03-13T17:44:37.2080930Z [command]/usr/bin/git -c protocol.version=2 fetch --no-tags --prune --progress --no-recurse-submodules --depth=1 origin +27ccdb8272aa470192b0a799727a9e066f68d38e:refs/remotes/pull/4163/merge
2024-03-13T17:44:37.5871307Z remote: Enumerating objects: 1752, done.        
2024-03-13T17:44:37.5871921Z remote: Counting objects:   0% (1/1752)        
2024-03-13T17:44:37.5872498Z remote: Counting objects:   1% (18/1752)        
2024-03-13T17:44:37.5873189Z remote: Counting objects:   2% (36/1752)        
2024-03-13T17:44:37.5873736Z remote: Counting objects:   3% (53/1752)        
2024-03-13T17:44:37.5874242Z remote: Counting objects:   4% (71/1752)        
2024-03-13T17:44:37.5874843Z remote: Counting objects:   5% (88/1752)        
2024-03-13T17:44:37.5876977Z remote: Counting objects:   6% (106/1752)        
2024-03-13T17:44:37.5877810Z remote: Counting objects:   7% (123/1752)        
2024-03-13T17:44:37.5878492Z remote: Counting objects:   8% (141/1752)        
2024-03-13T17:44:37.5879031Z remote: Counting objects:   9% (158/1752)        
2024-03-13T17:44:37.5879528Z remote: Counting objects:  10% (176/1752)        
2024-03-13T17:44:37.5880167Z remote: Counting objects:  11% (193/1752)        
2024-03-13T17:44:37.5880981Z remote: Counting objects:  12% (211/1752)        
2024-03-13T17:44:37.5881782Z remote: Counting objects:  13% (228/1752)        
2024-03-13T17:44:37.5883667Z remote: Counting objects:  14% (246/1752)        
2024-03-13T17:44:37.5884512Z remote: Counting objects:  15% (263/1752)        
2024-03-13T17:44:37.5885678Z remote: Counting objects:  16% (281/1752)        
2024-03-13T17:44:37.5886497Z remote: Counting objects:  17% (298/1752)        
2024-03-13T17:44:37.5887307Z remote: Counting objects:  18% (316/1752)        
2024-03-13T17:44:37.5888479Z remote: Counting objects:  19% (333/1752)        
2024-03-13T17:44:37.5889226Z remote: Counting objects:  20% (351/1752)        
2024-03-13T17:44:37.5890030Z remote: Counting objects:  21% (368/1752)        
2024-03-13T17:44:37.5892406Z remote: Counting objects:  22% (386/1752)        
2024-03-13T17:44:37.5893153Z remote: Counting objects:  23% (403/1752)        
2024-03-13T17:44:37.5894502Z remote: Counting objects:  24% (421/1752)        
2024-03-13T17:44:37.5896242Z remote: Counting objects:  25% (438/1752)        
2024-03-13T17:44:37.5896839Z remote: Counting objects:  26% (456/1752)        
2024-03-13T17:44:37.5897478Z remote: Counting objects:  27% (474/1752)        
2024-03-13T17:44:37.5897951Z remote: Counting objects:  28% (491/1752)        
2024-03-13T17:44:37.5898379Z remote: Counting objects:  29% (509/1752)        
2024-03-13T17:44:37.5898956Z remote: Counting objects:  30% (526/1752)        
2024-03-13T17:44:37.5899426Z remote: Counting objects:  31% (544/1752)        
2024-03-13T17:44:37.5900001Z remote: Counting objects:  32% (561/1752)        
2024-03-13T17:44:37.5900444Z remote: Counting objects:  33% (579/1752)        
2024-03-13T17:44:37.5900920Z remote: Counting objects:  34% (596/1752)        
2024-03-13T17:44:37.5901469Z remote: Counting objects:  35% (614/1752)        
2024-03-13T17:44:37.5901902Z remote: Counting objects:  36% (631/1752)        
2024-03-13T17:44:37.5902401Z remote: Counting objects:  37% (649/1752)        
2024-03-13T17:44:37.5902949Z remote: Counting objects:  38% (666/1752)        
2024-03-13T17:44:37.5903378Z remote: Counting objects:  39% (684/1752)        
2024-03-13T17:44:37.5903855Z remote: Counting objects:  40% (701/1752)        
2024-03-13T17:44:37.5904408Z remote: Counting objects:  41% (719/1752)        
2024-03-13T17:44:37.5904842Z remote: Counting objects:  42% (736/1752)        
2024-03-13T17:44:37.5905339Z remote: Counting objects:  43% (754/1752)        
2024-03-13T17:44:37.5905877Z remote: Counting objects:  44% (771/1752)        
2024-03-13T17:44:37.5906342Z remote: Counting objects:  45% (789/1752)        
2024-03-13T17:44:37.5906786Z remote: Counting objects:  46% (806/1752)        
2024-03-13T17:44:37.5907323Z remote: Counting objects:  47% (824/1752)        
2024-03-13T17:44:37.5907790Z remote: Counting objects:  48% (841/1752)        
2024-03-13T17:44:37.5908248Z remote: Counting objects:  49% (859/1752)        
2024-03-13T17:44:37.5909009Z remote: Counting objects:  50% (876/1752)        
2024-03-13T17:44:37.5909515Z remote: Counting objects:  51% (894/1752)        
2024-03-13T17:44:37.5909947Z remote: Counting objects:  52% (912/1752)        
2024-03-13T17:44:37.5910490Z remote: Counting objects:  53% (929/1752)        
2024-03-13T17:44:37.5910973Z remote: Counting objects:  54% (947/1752)        
2024-03-13T17:44:37.5911403Z remote: Counting objects:  55% (964/1752)        
2024-03-13T17:44:37.5911949Z remote: Counting objects:  56% (982/1752)        
2024-03-13T17:44:37.5912429Z remote: Counting objects:  57% (999/1752)        
2024-03-13T17:44:37.6047298Z remote: Counting objects:  58% (1017/1752)        
2024-03-13T17:44:37.6048742Z remote: Counting objects:  59% (1034/1752)        
2024-03-13T17:44:37.6049828Z remote: Counting objects:  60% (1052/1752)        
2024-03-13T17:44:37.6050808Z remote: Counting objects:  61% (1069/1752)        
2024-03-13T17:44:37.6051568Z remote: Counting objects:  62% (1087/1752)        
2024-03-13T17:44:37.6052221Z remote: Counting objects:  63% (1104/1752)        
2024-03-13T17:44:37.6052845Z remote: Counting objects:  64% (1122/1752)        
2024-03-13T17:44:37.6053386Z remote: Counting objects:  65% (1139/1752)        
2024-03-13T17:44:37.6053884Z remote: Counting objects:  66% (1157/1752)        
2024-03-13T17:44:37.6054482Z remote: Counting objects:  67% (1174/1752)        
2024-03-13T17:44:37.6055018Z remote: Counting objects:  68% (1192/1752)        
2024-03-13T17:44:37.6055505Z remote: Counting objects:  69% (1209/1752)        
2024-03-13T17:44:37.6056087Z remote: Counting objects:  70% (1227/1752)        
2024-03-13T17:44:37.6056623Z remote: Counting objects:  71% (1244/1752)        
2024-03-13T17:44:37.6057117Z remote: Counting objects:  72% (1262/1752)        
2024-03-13T17:44:37.6057695Z remote: Counting objects:  73% (1279/1752)        
2024-03-13T17:44:37.6058221Z remote: Counting objects:  74% (1297/1752)        
2024-03-13T17:44:37.6058698Z remote: Counting objects:  75% (1314/1752)        
2024-03-13T17:44:37.6059692Z remote: Counting objects:  76% (1332/1752)        
2024-03-13T17:44:37.6060201Z remote: Counting objects:  77% (1350/1752)        
2024-03-13T17:44:37.6060698Z remote: Counting objects:  78% (1367/1752)        
2024-03-13T17:44:37.6061218Z remote: Counting objects:  79% (1385/1752)        
2024-03-13T17:44:37.6061750Z remote: Counting objects:  80% (1402/1752)        
2024-03-13T17:44:37.6062238Z remote: Counting objects:  81% (1420/1752)        
2024-03-13T17:44:37.6062787Z remote: Counting objects:  82% (1437/1752)        
2024-03-13T17:44:37.6063274Z remote: Counting objects:  83% (1455/1752)        
2024-03-13T17:44:37.6063766Z remote: Counting objects:  84% (1472/1752)        
2024-03-13T17:44:37.6064280Z remote: Counting objects:  85% (1490/1752)        
2024-03-13T17:44:37.6064753Z remote: Counting objects:  86% (1507/1752)        
2024-03-13T17:44:37.6065237Z remote: Counting objects:  87% (1525/1752)        
2024-03-13T17:44:37.6065762Z remote: Counting objects:  88% (1542/1752)        
2024-03-13T17:44:37.6066243Z remote: Counting objects:  89% (1560/1752)        
2024-03-13T17:44:37.6066736Z remote: Counting objects:  90% (1577/1752)        
2024-03-13T17:44:37.6067242Z remote: Counting objects:  91% (1595/1752)        
2024-03-13T17:44:37.6067718Z remote: Counting objects:  92% (1612/1752)        
2024-03-13T17:44:37.6068208Z remote: Counting objects:  93% (1630/1752)        
2024-03-13T17:44:37.6068905Z remote: Counting objects:  94% (1647/1752)        
2024-03-13T17:44:37.6069422Z remote: Counting objects:  95% (1665/1752)        
2024-03-13T17:44:37.6069908Z remote: Counting objects:  96% (1682/1752)        
2024-03-13T17:44:37.6070453Z remote: Counting objects:  97% (1700/1752)        
2024-03-13T17:44:37.6070910Z remote: Counting objects:  98% (1717/1752)        
2024-03-13T17:44:37.6071381Z remote: Counting objects:  99% (1735/1752)        
2024-03-13T17:44:37.6071927Z remote: Counting objects: 100% (1752/1752)        
2024-03-13T17:44:37.6072583Z remote: Counting objects: 100% (1752/1752), done.        
2024-03-13T17:44:37.6073129Z remote: Compressing objects:   0% (1/1573)        
2024-03-13T17:44:37.6073723Z remote: Compressing objects:   1% (16/1573)        
2024-03-13T17:44:37.6074203Z remote: Compressing objects:   2% (32/1573)        
2024-03-13T17:44:37.6074704Z remote: Compressing objects:   3% (48/1573)        
2024-03-13T17:44:37.6075293Z remote: Compressing objects:   4% (63/1573)        
2024-03-13T17:44:37.6075759Z remote: Compressing objects:   5% (79/1573)        
2024-03-13T17:44:37.6076255Z remote: Compressing objects:   6% (95/1573)        
2024-03-13T17:44:37.6076848Z remote: Compressing objects:   7% (111/1573)        
2024-03-13T17:44:37.6077326Z remote: Compressing objects:   8% (126/1573)        
2024-03-13T17:44:37.6077833Z remote: Compressing objects:   9% (142/1573)        
2024-03-13T17:44:37.6317880Z remote: Compressing objects:  10% (158/1573)        
2024-03-13T17:44:37.6319029Z remote: Compressing objects:  11% (174/1573)        
2024-03-13T17:44:37.6319878Z remote: Compressing objects:  12% (189/1573)        
2024-03-13T17:44:37.6320567Z remote: Compressing objects:  13% (205/1573)        
2024-03-13T17:44:37.6321181Z remote: Compressing objects:  14% (221/1573)        
2024-03-13T17:44:37.6321762Z remote: Compressing objects:  15% (236/1573)        
2024-03-13T17:44:37.6322298Z remote: Compressing objects:  16% (252/1573)        
2024-03-13T17:44:37.6322827Z remote: Compressing objects:  17% (268/1573)        
2024-03-13T17:44:37.6323397Z remote: Compressing objects:  18% (284/1573)        
2024-03-13T17:44:37.6323920Z remote: Compressing objects:  19% (299/1573)        
2024-03-13T17:44:37.6324447Z remote: Compressing objects:  20% (315/1573)        
2024-03-13T17:44:37.6325024Z remote: Compressing objects:  21% (331/1573)        
2024-03-13T17:44:37.6325560Z remote: Compressing objects:  22% (347/1573)        
2024-03-13T17:44:37.6326094Z remote: Compressing objects:  23% (362/1573)        
2024-03-13T17:44:37.6326709Z remote: Compressing objects:  24% (378/1573)        
2024-03-13T17:44:37.6327567Z remote: Compressing objects:  25% (394/1573)        
2024-03-13T17:44:37.6328427Z remote: Compressing objects:  26% (409/1573)        
2024-03-13T17:44:37.6329067Z remote: Compressing objects:  27% (425/1573)        
2024-03-13T17:44:37.6329570Z remote: Compressing objects:  28% (441/1573)        
2024-03-13T17:44:37.6330119Z remote: Compressing objects:  29% (457/1573)        
2024-03-13T17:44:37.6330711Z remote: Compressing objects:  30% (472/1573)        
2024-03-13T17:44:37.6406552Z remote: Compressing objects:  31% (488/1573)        
2024-03-13T17:44:37.6408183Z remote: Compressing objects:  32% (504/1573)        
2024-03-13T17:44:37.6409282Z remote: Compressing objects:  33% (520/1573)        
2024-03-13T17:44:37.6410253Z remote: Compressing objects:  34% (535/1573)        
2024-03-13T17:44:37.6411085Z remote: Compressing objects:  35% (551/1573)        
2024-03-13T17:44:37.6411637Z remote: Compressing objects:  36% (567/1573)        
2024-03-13T17:44:37.6412154Z remote: Compressing objects:  37% (583/1573)        
2024-03-13T17:44:37.6412754Z remote: Compressing objects:  38% (598/1573)        
2024-03-13T17:44:37.6413331Z remote: Compressing objects:  39% (614/1573)        
2024-03-13T17:44:37.6413857Z remote: Compressing objects:  40% (630/1573)        
2024-03-13T17:44:37.6414401Z remote: Compressing objects:  41% (645/1573)        
2024-03-13T17:44:37.6414937Z remote: Compressing objects:  42% (661/1573)        
2024-03-13T17:44:37.6415458Z remote: Compressing objects:  43% (677/1573)        
2024-03-13T17:44:37.6415995Z remote: Compressing objects:  44% (693/1573)        
2024-03-13T17:44:37.6416521Z remote: Compressing objects:  45% (708/1573)        
2024-03-13T17:44:37.6417026Z remote: Compressing objects:  46% (724/1573)        
2024-03-13T17:44:37.6417578Z remote: Compressing objects:  47% (740/1573)        
2024-03-13T17:44:37.6418082Z remote: Compressing objects:  48% (756/1573)        
2024-03-13T17:44:37.6418868Z remote: Compressing objects:  49% (771/1573)        
2024-03-13T17:44:37.6419473Z remote: Compressing objects:  50% (787/1573)        
2024-03-13T17:44:37.6502199Z remote: Compressing objects:  51% (803/1573)        
2024-03-13T17:44:37.6503134Z remote: Compressing objects:  52% (818/1573)        
2024-03-13T17:44:37.6504154Z remote: Compressing objects:  53% (834/1573)        
2024-03-13T17:44:37.6504687Z remote: Compressing objects:  54% (850/1573)        
2024-03-13T17:44:37.6505216Z remote: Compressing objects:  55% (866/1573)        
2024-03-13T17:44:37.6505815Z remote: Compressing objects:  56% (881/1573)        
2024-03-13T17:44:37.6506345Z remote: Compressing objects:  57% (897/1573)        
2024-03-13T17:44:37.6506816Z remote: Compressing objects:  58% (913/1573)        
2024-03-13T17:44:37.6507904Z remote: Compressing objects:  59% (929/1573)        
2024-03-13T17:44:37.6661323Z remote: Compressing objects:  60% (944/1573)        
2024-03-13T17:44:37.6662157Z remote: Compressing objects:  61% (960/1573)        
2024-03-13T17:44:37.6663134Z remote: Compressing objects:  62% (976/1573)        
2024-03-13T17:44:37.6664007Z remote: Compressing objects:  63% (991/1573)        
2024-03-13T17:44:37.6664792Z remote: Compressing objects:  64% (1007/1573)        
2024-03-13T17:44:37.6665780Z remote: Compressing objects:  65% (1023/1573)        
2024-03-13T17:44:37.6666612Z remote: Compressing objects:  66% (1039/1573)        
2024-03-13T17:44:37.6667467Z remote: Compressing objects:  67% (1054/1573)        
2024-03-13T17:44:37.6668019Z remote: Compressing objects:  68% (1070/1573)        
2024-03-13T17:44:37.6668553Z remote: Compressing objects:  69% (1086/1573)        
2024-03-13T17:44:37.6669196Z remote: Compressing objects:  70% (1102/1573)        
2024-03-13T17:44:37.6669719Z remote: Compressing objects:  71% (1117/1573)        
2024-03-13T17:44:37.6670247Z remote: Compressing objects:  72% (1133/1573)        
2024-03-13T17:44:37.6670848Z remote: Compressing objects:  73% (1149/1573)        
2024-03-13T17:44:37.6671705Z remote: Compressing objects:  74% (1165/1573)        
2024-03-13T17:44:37.6672233Z remote: Compressing objects:  75% (1180/1573)        
2024-03-13T17:44:37.7038973Z remote: Compressing objects:  76% (1196/1573)        
2024-03-13T17:44:37.7039946Z remote: Compressing objects:  77% (1212/1573)        
2024-03-13T17:44:37.7040819Z remote: Compressing objects:  78% (1227/1573)        
2024-03-13T17:44:37.7041568Z remote: Compressing objects:  79% (1243/1573)        
2024-03-13T17:44:37.7042268Z remote: Compressing objects:  80% (1259/1573)        
2024-03-13T17:44:37.7043000Z remote: Compressing objects:  81% (1275/1573)        
2024-03-13T17:44:37.7043737Z remote: Compressing objects:  82% (1290/1573)        
2024-03-13T17:44:37.7044341Z remote: Compressing objects:  83% (1306/1573)        
2024-03-13T17:44:37.7044937Z remote: Compressing objects:  84% (1322/1573)        
2024-03-13T17:44:37.7045509Z remote: Compressing objects:  85% (1338/1573)        
2024-03-13T17:44:37.7046097Z remote: Compressing objects:  86% (1353/1573)        
2024-03-13T17:44:37.7046724Z remote: Compressing objects:  87% (1369/1573)        
2024-03-13T17:44:37.7047279Z remote: Compressing objects:  88% (1385/1573)        
2024-03-13T17:44:37.7048037Z remote: Compressing objects:  89% (1400/1573)        
2024-03-13T17:44:37.7048730Z remote: Compressing objects:  90% (1416/1573)        
2024-03-13T17:44:37.7049286Z remote: Compressing objects:  91% (1432/1573)        
2024-03-13T17:44:37.7049803Z remote: Compressing objects:  92% (1448/1573)        
2024-03-13T17:44:37.7050446Z remote: Compressing objects:  93% (1463/1573)        
2024-03-13T17:44:37.7063404Z remote: Compressing objects:  94% (1479/1573)        
2024-03-13T17:44:37.7063932Z remote: Compressing objects:  95% (1495/1573)        
2024-03-13T17:44:37.7064596Z remote: Compressing objects:  96% (1511/1573)        
2024-03-13T17:44:37.7065116Z remote: Compressing objects:  97% (1526/1573)        
2024-03-13T17:44:37.7065716Z remote: Compressing objects:  98% (1542/1573)        
2024-03-13T17:44:37.7066524Z remote: Compressing objects:  99% (1558/1573)        
2024-03-13T17:44:37.7067045Z remote: Compressing objects: 100% (1573/1573)        
2024-03-13T17:44:37.7067689Z remote: Compressing objects: 100% (1573/1573), done.        
2024-03-13T17:44:37.7250545Z Receiving objects:   0% (1/1752)
2024-03-13T17:44:37.7254168Z Receiving objects:   1% (18/1752)
2024-03-13T17:44:37.7436516Z Receiving objects:   2% (36/1752)
2024-03-13T17:44:37.7963646Z Receiving objects:   3% (53/1752)
2024-03-13T17:44:37.8521036Z Receiving objects:   4% (71/1752)
2024-03-13T17:44:37.8523313Z Receiving objects:   5% (88/1752)
2024-03-13T17:44:37.8527468Z Receiving objects:   6% (106/1752)
2024-03-13T17:44:37.8531863Z Receiving objects:   7% (123/1752)
2024-03-13T17:44:37.8536339Z Receiving objects:   8% (141/1752)
2024-03-13T17:44:37.8541908Z Receiving objects:   9% (158/1752)
2024-03-13T17:44:37.8544427Z Receiving objects:  10% (176/1752)
2024-03-13T17:44:37.8548090Z Receiving objects:  11% (193/1752)
2024-03-13T17:44:37.8551714Z Receiving objects:  12% (211/1752)
2024-03-13T17:44:37.8562875Z Receiving objects:  13% (228/1752)
2024-03-13T17:44:37.8566199Z Receiving objects:  14% (246/1752)
2024-03-13T17:44:37.8570987Z Receiving objects:  15% (263/1752)
2024-03-13T17:44:37.8575336Z Receiving objects:  16% (281/1752)
2024-03-13T17:44:37.8581693Z Receiving objects:  17% (298/1752)
2024-03-13T17:44:37.8587016Z Receiving objects:  18% (316/1752)
2024-03-13T17:44:37.8591757Z Receiving objects:  19% (333/1752)
2024-03-13T17:44:37.8596222Z Receiving objects:  20% (351/1752)
2024-03-13T17:44:37.8600226Z Receiving objects:  21% (368/1752)
2024-03-13T17:44:37.8603648Z Receiving objects:  22% (386/1752)
2024-03-13T17:44:37.8606555Z Receiving objects:  23% (403/1752)
2024-03-13T17:44:37.8609534Z Receiving objects:  24% (421/1752)
2024-03-13T17:44:37.8614675Z Receiving objects:  25% (438/1752)
2024-03-13T17:44:37.8615732Z Receiving objects:  26% (456/1752)
2024-03-13T17:44:37.8619479Z Receiving objects:  27% (474/1752)
2024-03-13T17:44:37.8622577Z Receiving objects:  28% (491/1752)
2024-03-13T17:44:37.8624153Z Receiving objects:  29% (509/1752)
2024-03-13T17:44:37.8627884Z Receiving objects:  30% (526/1752)
2024-03-13T17:44:37.8631414Z Receiving objects:  31% (544/1752)
2024-03-13T17:44:37.8633061Z Receiving objects:  32% (561/1752)
2024-03-13T17:44:37.8635903Z Receiving objects:  33% (579/1752)
2024-03-13T17:44:37.8638004Z Receiving objects:  34% (596/1752)
2024-03-13T17:44:37.8639079Z Receiving objects:  35% (614/1752)
2024-03-13T17:44:37.8643965Z Receiving objects:  36% (631/1752)
2024-03-13T17:44:37.8648131Z Receiving objects:  37% (649/1752)
2024-03-13T17:44:37.8649065Z Receiving objects:  38% (666/1752)
2024-03-13T17:44:37.8652379Z Receiving objects:  39% (684/1752)
2024-03-13T17:44:37.8655621Z Receiving objects:  40% (701/1752)
2024-03-13T17:44:37.8657904Z Receiving objects:  41% (719/1752)
2024-03-13T17:44:37.8660841Z Receiving objects:  42% (736/1752)
2024-03-13T17:44:37.8664548Z Receiving objects:  43% (754/1752)
2024-03-13T17:44:37.8667289Z Receiving objects:  44% (771/1752)
2024-03-13T17:44:37.8670231Z Receiving objects:  45% (789/1752)
2024-03-13T17:44:37.8673062Z Receiving objects:  46% (806/1752)
2024-03-13T17:44:37.8675162Z Receiving objects:  47% (824/1752)
2024-03-13T17:44:37.8679446Z Receiving objects:  48% (841/1752)
2024-03-13T17:44:37.8681280Z Receiving objects:  49% (859/1752)
2024-03-13T17:44:37.8683932Z Receiving objects:  50% (876/1752)
2024-03-13T17:44:37.8684975Z Receiving objects:  51% (894/1752)
2024-03-13T17:44:37.8688614Z Receiving objects:  52% (912/1752)
2024-03-13T17:44:37.8694289Z Receiving objects:  53% (929/1752)
2024-03-13T17:44:37.8698763Z Receiving objects:  54% (947/1752)
2024-03-13T17:44:37.8706222Z Receiving objects:  55% (964/1752)
2024-03-13T17:44:37.8710527Z Receiving objects:  56% (982/1752)
2024-03-13T17:44:37.8712868Z Receiving objects:  57% (999/1752)
2024-03-13T17:44:37.8715601Z Receiving objects:  58% (1017/1752)
2024-03-13T17:44:37.8717688Z Receiving objects:  59% (1034/1752)
2024-03-13T17:44:37.8720501Z Receiving objects:  60% (1052/1752)
2024-03-13T17:44:37.8722446Z Receiving objects:  61% (1069/1752)
2024-03-13T17:44:37.8725279Z Receiving objects:  62% (1087/1752)
2024-03-13T17:44:37.8727016Z Receiving objects:  63% (1104/1752)
2024-03-13T17:44:37.8728765Z Receiving objects:  64% (1122/1752)
2024-03-13T17:44:37.8731646Z Receiving objects:  65% (1139/1752)
2024-03-13T17:44:37.8733798Z Receiving objects:  66% (1157/1752)
2024-03-13T17:44:37.8735448Z Receiving objects:  67% (1174/1752)
2024-03-13T17:44:37.8737373Z Receiving objects:  68% (1192/1752)
2024-03-13T17:44:37.8739966Z Receiving objects:  69% (1209/1752)
2024-03-13T17:44:37.8741768Z Receiving objects:  70% (1227/1752)
2024-03-13T17:44:37.8748863Z Receiving objects:  71% (1244/1752)
2024-03-13T17:44:37.8760802Z Receiving objects:  72% (1262/1752)
2024-03-13T17:44:37.8763890Z Receiving objects:  73% (1279/1752)
2024-03-13T17:44:37.8765216Z Receiving objects:  74% (1297/1752)
2024-03-13T17:44:37.8905045Z Receiving objects:  75% (1314/1752)
2024-03-13T17:44:37.9034887Z Receiving objects:  76% (1332/1752)
2024-03-13T17:44:37.9127992Z Receiving objects:  77% (1350/1752)
2024-03-13T17:44:37.9288418Z Receiving objects:  78% (1367/1752)
2024-03-13T17:44:37.9434489Z Receiving objects:  79% (1385/1752)
2024-03-13T17:44:37.9626321Z Receiving objects:  80% (1402/1752)
2024-03-13T17:44:37.9629945Z Receiving objects:  81% (1420/1752)
2024-03-13T17:44:37.9633135Z Receiving objects:  82% (1437/1752)
2024-03-13T17:44:37.9637405Z Receiving objects:  83% (1455/1752)
2024-03-13T17:44:37.9643120Z Receiving objects:  84% (1472/1752)
2024-03-13T17:44:37.9648283Z Receiving objects:  85% (1490/1752)
2024-03-13T17:44:37.9656122Z Receiving objects:  86% (1507/1752)
2024-03-13T17:44:37.9663900Z Receiving objects:  87% (1525/1752)
2024-03-13T17:44:37.9668974Z Receiving objects:  88% (1542/1752)
2024-03-13T17:44:37.9674039Z Receiving objects:  89% (1560/1752)
2024-03-13T17:44:37.9680603Z Receiving objects:  90% (1577/1752)
2024-03-13T17:44:37.9686468Z Receiving objects:  91% (1595/1752)
2024-03-13T17:44:37.9692225Z Receiving objects:  92% (1612/1752)
2024-03-13T17:44:37.9696992Z Receiving objects:  93% (1630/1752)
2024-03-13T17:44:37.9701432Z Receiving objects:  94% (1647/1752)
2024-03-13T17:44:37.9706688Z Receiving objects:  95% (1665/1752)
2024-03-13T17:44:37.9709716Z Receiving objects:  96% (1682/1752)
2024-03-13T17:44:37.9718958Z Receiving objects:  97% (1700/1752)
2024-03-13T17:44:37.9727301Z Receiving objects:  98% (1717/1752)
2024-03-13T17:44:37.9743491Z Receiving objects:  99% (1735/1752)
2024-03-13T17:44:37.9745006Z remote: Total 1752 (delta 279), reused 990 (delta 140), pack-reused 0        
2024-03-13T17:44:37.9752532Z Receiving objects: 100% (1752/1752)
2024-03-13T17:44:37.9754328Z Receiving objects: 100% (1752/1752), 6.60 MiB | 24.94 MiB/s, done.
2024-03-13T17:44:37.9758125Z Resolving deltas:   0% (0/279)
2024-03-13T17:44:37.9758757Z Resolving deltas:   1% (3/279)
2024-03-13T17:44:37.9763384Z Resolving deltas:   2% (6/279)
2024-03-13T17:44:37.9769970Z Resolving deltas:   3% (9/279)
2024-03-13T17:44:37.9782675Z Resolving deltas:   4% (12/279)
2024-03-13T17:44:37.9788861Z Resolving deltas:   5% (14/279)
2024-03-13T17:44:37.9794277Z Resolving deltas:   6% (17/279)
2024-03-13T17:44:37.9795171Z Resolving deltas:   7% (20/279)
2024-03-13T17:44:37.9795944Z Resolving deltas:   8% (24/279)
2024-03-13T17:44:37.9796768Z Resolving deltas:   9% (26/279)
2024-03-13T17:44:37.9797549Z Resolving deltas:  10% (28/279)
2024-03-13T17:44:37.9799474Z Resolving deltas:  11% (31/279)
2024-03-13T17:44:37.9805599Z Resolving deltas:  12% (34/279)
2024-03-13T17:44:37.9807369Z Resolving deltas:  13% (37/279)
2024-03-13T17:44:37.9808263Z Resolving deltas:  14% (40/279)
2024-03-13T17:44:37.9811678Z Resolving deltas:  15% (43/279)
2024-03-13T17:44:37.9812366Z Resolving deltas:  16% (45/279)
2024-03-13T17:44:37.9813133Z Resolving deltas:  17% (48/279)
2024-03-13T17:44:37.9813972Z Resolving deltas:  18% (51/279)
2024-03-13T17:44:37.9815294Z Resolving deltas:  19% (54/279)
2024-03-13T17:44:37.9817699Z Resolving deltas:  20% (56/279)
2024-03-13T17:44:37.9818664Z Resolving deltas:  21% (59/279)
2024-03-13T17:44:37.9820198Z Resolving deltas:  22% (62/279)
2024-03-13T17:44:37.9820910Z Resolving deltas:  23% (65/279)
2024-03-13T17:44:37.9821805Z Resolving deltas:  24% (67/279)
2024-03-13T17:44:37.9823939Z Resolving deltas:  25% (70/279)
2024-03-13T17:44:37.9824658Z Resolving deltas:  26% (73/279)
2024-03-13T17:44:37.9825543Z Resolving deltas:  27% (76/279)
2024-03-13T17:44:37.9826736Z Resolving deltas:  28% (79/279)
2024-03-13T17:44:37.9827348Z Resolving deltas:  29% (81/279)
2024-03-13T17:44:37.9828232Z Resolving deltas:  30% (84/279)
2024-03-13T17:44:37.9828979Z Resolving deltas:  31% (87/279)
2024-03-13T17:44:37.9829658Z Resolving deltas:  32% (90/279)
2024-03-13T17:44:37.9830574Z Resolving deltas:  33% (93/279)
2024-03-13T17:44:37.9831324Z Resolving deltas:  34% (95/279)
2024-03-13T17:44:37.9831990Z Resolving deltas:  35% (98/279)
2024-03-13T17:44:37.9832886Z Resolving deltas:  36% (101/279)
2024-03-13T17:44:37.9833688Z Resolving deltas:  37% (105/279)
2024-03-13T17:44:37.9834564Z Resolving deltas:  38% (107/279)
2024-03-13T17:44:37.9835273Z Resolving deltas:  39% (109/279)
2024-03-13T17:44:37.9836061Z Resolving deltas:  40% (112/279)
2024-03-13T17:44:37.9836903Z Resolving deltas:  41% (115/279)
2024-03-13T17:44:37.9837547Z Resolving deltas:  42% (119/279)
2024-03-13T17:44:37.9838310Z Resolving deltas:  43% (120/279)
2024-03-13T17:44:37.9839172Z Resolving deltas:  44% (123/279)
2024-03-13T17:44:37.9839875Z Resolving deltas:  45% (126/279)
2024-03-13T17:44:37.9840632Z Resolving deltas:  46% (129/279)
2024-03-13T17:44:37.9841507Z Resolving deltas:  47% (132/279)
2024-03-13T17:44:37.9842198Z Resolving deltas:  48% (134/279)
2024-03-13T17:44:37.9842922Z Resolving deltas:  49% (137/279)
2024-03-13T17:44:37.9843696Z Resolving deltas:  50% (140/279)
2024-03-13T17:44:37.9844383Z Resolving deltas:  51% (143/279)
2024-03-13T17:44:37.9845087Z Resolving deltas:  52% (146/279)
2024-03-13T17:44:37.9845968Z Resolving deltas:  53% (148/279)
2024-03-13T17:44:37.9847284Z Resolving deltas:  54% (151/279)
2024-03-13T17:44:37.9848238Z Resolving deltas:  55% (154/279)
2024-03-13T17:44:37.9849155Z Resolving deltas:  56% (157/279)
2024-03-13T17:44:37.9849838Z Resolving deltas:  57% (160/279)
2024-03-13T17:44:37.9850551Z Resolving deltas:  58% (162/279)
2024-03-13T17:44:37.9851449Z Resolving deltas:  59% (165/279)
2024-03-13T17:44:37.9852147Z Resolving deltas:  60% (168/279)
2024-03-13T17:44:37.9852935Z Resolving deltas:  61% (171/279)
2024-03-13T17:44:37.9853835Z Resolving deltas:  62% (173/279)
2024-03-13T17:44:37.9854530Z Resolving deltas:  63% (176/279)
2024-03-13T17:44:37.9855273Z Resolving deltas:  64% (179/279)
2024-03-13T17:44:37.9856141Z Resolving deltas:  65% (183/279)
2024-03-13T17:44:37.9856671Z Resolving deltas:  66% (185/279)
2024-03-13T17:44:37.9857343Z Resolving deltas:  67% (187/279)
2024-03-13T17:44:37.9858187Z Resolving deltas:  68% (190/279)
2024-03-13T17:44:37.9858868Z Resolving deltas:  69% (193/279)
2024-03-13T17:44:37.9859501Z Resolving deltas:  70% (196/279)
2024-03-13T17:44:37.9860318Z Resolving deltas:  71% (199/279)
2024-03-13T17:44:37.9860995Z Resolving deltas:  72% (201/279)
2024-03-13T17:44:37.9861635Z Resolving deltas:  73% (204/279)
2024-03-13T17:44:37.9862984Z Resolving deltas:  74% (207/279)
2024-03-13T17:44:37.9863638Z Resolving deltas:  75% (210/279)
2024-03-13T17:44:37.9864273Z Resolving deltas:  76% (213/279)
2024-03-13T17:44:37.9864823Z Resolving deltas:  77% (215/279)
2024-03-13T17:44:37.9865429Z Resolving deltas:  78% (218/279)
2024-03-13T17:44:37.9865996Z Resolving deltas:  79% (221/279)
2024-03-13T17:44:37.9866977Z Resolving deltas:  80% (224/279)
2024-03-13T17:44:37.9869016Z Resolving deltas:  81% (226/279)
2024-03-13T17:44:37.9869666Z Resolving deltas:  82% (229/279)
2024-03-13T17:44:37.9870375Z Resolving deltas:  83% (232/279)
2024-03-13T17:44:37.9874693Z Resolving deltas:  84% (235/279)
2024-03-13T17:44:37.9875363Z Resolving deltas:  85% (238/279)
2024-03-13T17:44:37.9876293Z Resolving deltas:  86% (240/279)
2024-03-13T17:44:37.9876965Z Resolving deltas:  87% (243/279)
2024-03-13T17:44:37.9882341Z Resolving deltas:  88% (246/279)
2024-03-13T17:44:37.9883110Z Resolving deltas:  89% (249/279)
2024-03-13T17:44:37.9886396Z Resolving deltas:  90% (252/279)
2024-03-13T17:44:37.9887089Z Resolving deltas:  91% (254/279)
2024-03-13T17:44:37.9888033Z Resolving deltas:  92% (257/279)
2024-03-13T17:44:37.9889373Z Resolving deltas:  93% (260/279)
2024-03-13T17:44:37.9891808Z Resolving deltas:  94% (263/279)
2024-03-13T17:44:37.9892970Z Resolving deltas:  95% (266/279)
2024-03-13T17:44:37.9895101Z Resolving deltas:  96% (268/279)
2024-03-13T17:44:37.9896743Z Resolving deltas:  97% (271/279)
2024-03-13T17:44:37.9897811Z Resolving deltas:  98% (274/279)
2024-03-13T17:44:37.9898781Z Resolving deltas:  99% (277/279)
2024-03-13T17:44:37.9901301Z Resolving deltas: 100% (279/279)
2024-03-13T17:44:37.9901882Z Resolving deltas: 100% (279/279), done.
2024-03-13T17:44:38.0053420Z From https://github.com/rubyforgood/human-essentials
2024-03-13T17:44:38.0054637Z  * [new ref]         27ccdb8272aa470192b0a799727a9e066f68d38e -> pull/4163/merge
2024-03-13T17:44:38.0122227Z ##[endgroup]
2024-03-13T17:44:38.0122973Z ##[group]Determining the checkout info
2024-03-13T17:44:38.0124247Z ##[endgroup]
2024-03-13T17:44:38.0124964Z ##[group]Checking out the ref
2024-03-13T17:44:38.0129620Z [command]/usr/bin/git checkout --progress --force refs/remotes/pull/4163/merge
2024-03-13T17:44:38.1479959Z Note: switching to 'refs/remotes/pull/4163/merge'.
2024-03-13T17:44:38.1480764Z 
2024-03-13T17:44:38.1481224Z You are in 'detached HEAD' state. You can look around, make experimental
2024-03-13T17:44:38.1482015Z changes and commit them, and you can discard any commits you make in this
2024-03-13T17:44:38.1482728Z state without impacting any branches by switching back to a branch.
2024-03-13T17:44:38.1483276Z 
2024-03-13T17:44:38.1483580Z If you want to create a new branch to retain commits you create, you may
2024-03-13T17:44:38.1484867Z do so (now or later) by using -c with the switch command. Example:
2024-03-13T17:44:38.1485561Z 
2024-03-13T17:44:38.1485916Z   git switch -c <new-branch-name>
2024-03-13T17:44:38.1486588Z 
2024-03-13T17:44:38.1486828Z Or undo this operation with:
2024-03-13T17:44:38.1487285Z 
2024-03-13T17:44:38.1487484Z   git switch -
2024-03-13T17:44:38.1488057Z 
2024-03-13T17:44:38.1488603Z Turn off this advice by setting config variable advice.detachedHead to false
2024-03-13T17:44:38.1489492Z 
2024-03-13T17:44:38.1490242Z HEAD is now at 27ccdb8 Merge f169e410477a7742d2d0a2021a335a9e6fe87b3f into 449d8506f768bf1894e05c17983a13da27472321
2024-03-13T17:44:38.1491984Z ##[endgroup]
2024-03-13T17:44:38.1540981Z [command]/usr/bin/git log -1 --format='%H'
2024-03-13T17:44:38.1575055Z '27ccdb8272aa470192b0a799727a9e066f68d38e'
2024-03-13T17:44:38.1875488Z ##[group]Run ruby/setup-ruby@v1
2024-03-13T17:44:38.1876029Z with:
2024-03-13T17:44:38.1876305Z   bundler-cache: true
2024-03-13T17:44:38.1876677Z   ruby-version: default
2024-03-13T17:44:38.1877102Z ##[endgroup]
2024-03-13T17:44:38.4437809Z Using 3.2.2 as input from file .ruby-version
2024-03-13T17:44:38.4469077Z ##[group]Modifying PATH
2024-03-13T17:44:38.4469836Z Entries added to PATH to use selected Ruby:
2024-03-13T17:44:38.4470857Z   /opt/hostedtoolcache/Ruby/3.2.2/x64/bin
2024-03-13T17:44:38.4472071Z ##[endgroup]
2024-03-13T17:44:38.4497621Z ##[group]Downloading Ruby
2024-03-13T17:44:38.4500517Z https://github.com/ruby/ruby-builder/releases/download/toolcache/ruby-3.2.2-ubuntu-22.04.tar.gz
2024-03-13T17:44:39.1500333Z Took   0.70 seconds
2024-03-13T17:44:39.1501270Z ##[endgroup]
2024-03-13T17:44:39.1502226Z ##[group]Extracting  Ruby
2024-03-13T17:44:39.1534315Z [command]/usr/bin/tar -xz -C /opt/hostedtoolcache/Ruby/3.2.2 -f /home/runner/work/_temp/00fa7c68-5247-42dd-aa32-71b59e47093e
2024-03-13T17:44:39.5271015Z Took   0.38 seconds
2024-03-13T17:44:39.5272314Z ##[endgroup]
2024-03-13T17:44:39.5275369Z ##[group]Print Ruby version
2024-03-13T17:44:39.5286435Z [command]/opt/hostedtoolcache/Ruby/3.2.2/x64/bin/ruby --version
2024-03-13T17:44:39.5499618Z ruby 3.2.2 (2023-03-30 revision e51014f9c0) [x86_64-linux]
2024-03-13T17:44:39.5517670Z Took   0.02 seconds
2024-03-13T17:44:39.5519462Z ##[endgroup]
2024-03-13T17:44:39.5520819Z ##[group]Installing Bundler
2024-03-13T17:44:39.5528241Z Using Bundler 2.5.6 from Gemfile.lock BUNDLED WITH 2.5.6
2024-03-13T17:44:39.5533672Z [command]/opt/hostedtoolcache/Ruby/3.2.2/x64/bin/gem install bundler -v 2.5.6
2024-03-13T17:44:40.0167328Z Successfully installed bundler-2.5.6
2024-03-13T17:44:40.0168424Z 1 gem installed
2024-03-13T17:44:40.0221016Z Took   0.47 seconds
2024-03-13T17:44:40.0221984Z ##[endgroup]
2024-03-13T17:44:40.0222712Z > bundle install
2024-03-13T17:44:40.0240606Z [command]/opt/hostedtoolcache/Ruby/3.2.2/x64/bin/bundle config --local path /home/runner/work/human-essentials/human-essentials/vendor/bundle
2024-03-13T17:44:40.1773495Z [command]/opt/hostedtoolcache/Ruby/3.2.2/x64/bin/bundle config --local deployment true
2024-03-13T17:44:40.3307439Z Cache key: setup-ruby-bundler-cache-v6-ubuntu-22.04-x64-ruby-3.2.2-wd-/home/runner/work/human-essentials/human-essentials-with--without--only--Gemfile.lock-90af41cb540db2526d21e3c5cbbe531ed46bcf1ba5fdc3d9e3337dd916b92c56
2024-03-13T17:44:41.9465287Z Received 0 of 214817878 (0.0%), 0.0 MBs/sec
2024-03-13T17:44:42.9468705Z Received 117440512 of 214817878 (54.7%), 56.0 MBs/sec
2024-03-13T17:44:43.5512224Z Cache Size: ~205 MB (214817878 B)
2024-03-13T17:44:43.5546230Z [command]/usr/bin/tar -xf /home/runner/work/_temp/f937f855-dd02-41c1-9ebf-d72a4fa662a6/cache.tzst -P -C /home/runner/work/human-essentials/human-essentials --use-compress-program unzstd
2024-03-13T17:44:43.9474555Z Received 214817878 of 214817878 (100.0%), 68.3 MBs/sec
2024-03-13T17:44:45.1360704Z Cache restored successfully
2024-03-13T17:44:45.1787890Z Found cache for key: setup-ruby-bundler-cache-v6-ubuntu-22.04-x64-ruby-3.2.2-wd-/home/runner/work/human-essentials/human-essentials-with--without--only--Gemfile.lock-90af41cb540db2526d21e3c5cbbe531ed46bcf1ba5fdc3d9e3337dd916b92c56
2024-03-13T17:44:45.1795826Z [command]/opt/hostedtoolcache/Ruby/3.2.2/x64/bin/bundle install --jobs 4
2024-03-13T17:44:45.5880349Z Bundle complete! 85 Gemfile dependencies, 246 gems now installed.
2024-03-13T17:44:45.5883471Z Bundled gems are installed into `./vendor/bundle`
2024-03-13T17:44:45.5930160Z Took   5.57 seconds
2024-03-13T17:44:45.6109043Z ##[group]Run sudo apt-get -yqq install libpq-dev
2024-03-13T17:44:45.6110035Z [36;1msudo apt-get -yqq install libpq-dev[0m
2024-03-13T17:44:45.6178211Z shell: /usr/bin/bash -e {0}
2024-03-13T17:44:45.6178809Z ##[endgroup]
2024-03-13T17:44:46.9209389Z ##[group]Run bundle exec rake db:create
2024-03-13T17:44:46.9209922Z [36;1mbundle exec rake db:create[0m
2024-03-13T17:44:46.9210409Z [36;1mbundle exec rake db:schema:load[0m
2024-03-13T17:44:46.9210973Z [36;1mbundle exec rails assets:precompile[0m
2024-03-13T17:44:46.9261336Z shell: /usr/bin/bash -e {0}
2024-03-13T17:44:46.9261749Z env:
2024-03-13T17:44:46.9262080Z   POSTGRES_HOST: localhost
2024-03-13T17:44:46.9262571Z   DATABASE_HOST: localhost
2024-03-13T17:44:46.9262943Z   PG_USERNAME: postgres
2024-03-13T17:44:46.9263290Z   PG_PASSWORD: password
2024-03-13T17:44:46.9263781Z   POSTGRES_HOST_AUTH_METHOD: trust
2024-03-13T17:44:46.9264188Z   POSTGRES_PORT: 5432
2024-03-13T17:44:46.9264621Z   RAILS_ENV: test
2024-03-13T17:44:46.9264947Z ##[endgroup]
2024-03-13T17:44:53.7305876Z We could not find your database: diaper_test. Which can be found in the database configuration file located at config/database.yml.
2024-03-13T17:44:53.7307099Z 
2024-03-13T17:44:53.7307479Z To resolve this issue:
2024-03-13T17:44:53.7307828Z 
2024-03-13T17:44:53.7308579Z - Did you create the database for this app, or delete it? You may need to create your database.
2024-03-13T17:44:53.7309561Z - Has the database name changed? Check your database.yml config has the correct database name.
2024-03-13T17:44:53.7310060Z 
2024-03-13T17:44:53.7310198Z To create your database, run:
2024-03-13T17:44:53.7310496Z 
2024-03-13T17:44:53.7310707Z         bin/rails db:create
2024-03-13T17:44:53.7311293Z . You likely need to run `rails g flipper:active_record` and/or `rails db:migrate`.
2024-03-13T17:44:53.8977725Z Created database 'diaper_test'
2024-03-13T17:44:54.2180759Z Coverage report generated for RSpec to /home/runner/work/human-essentials/human-essentials/coverage. 442 / 10027 LOC (4.41%) covered.
2024-03-13T17:45:00.8092893Z PG::UndefinedTable: ERROR:  relation "flipper_gates" does not exist
2024-03-13T17:45:00.8094322Z LINE 9:  WHERE a.attrelid = '"flipper_gates"'::regclass
2024-03-13T17:45:00.8095163Z                             ^
2024-03-13T17:45:00.8096231Z . You likely need to run `rails g flipper:active_record` and/or `rails db:migrate`.
2024-03-13T17:45:01.6866897Z Coverage report generated for RSpec to /home/runner/work/human-essentials/human-essentials/coverage. 442 / 10027 LOC (4.41%) covered.
2024-03-13T17:45:36.1398890Z W, [2024-03-13T10:45:36.139488 #2601]  WARN -- : Removed sourceMappingURL comment for missing asset 'adminlte.js.map' from /home/runner/work/human-essentials/human-essentials/app/javascript/adminlte.js
2024-03-13T17:45:36.2027654Z I, [2024-03-13T10:45:36.202352 #2601]  INFO -- : Writing /home/runner/work/human-essentials/human-essentials/public/assets/manifest-90aab26ade71e747f745b1227b433fd7d580a54f279ee2be6e1a67bb326bf03a.js
2024-03-13T17:45:36.2030927Z I, [2024-03-13T10:45:36.202553 #2601]  INFO -- : Writing /home/runner/work/human-essentials/human-essentials/public/assets/manifest-90aab26ade71e747f745b1227b433fd7d580a54f279ee2be6e1a67bb326bf03a.js.gz
2024-03-13T17:45:36.2034897Z I, [2024-03-13T10:45:36.202709 #2601]  INFO -- : Writing /home/runner/work/human-essentials/human-essentials/public/assets/filterrific/filterrific-spinner-415824b210964b6cdb1db0bd9508be8644b9fde094b392f73055b20d369885b6.gif
2024-03-13T17:45:36.2037898Z I, [2024-03-13T10:45:36.203111 #2601]  INFO -- : Writing /home/runner/work/human-essentials/human-essentials/public/assets/bootstrap.min-67c48d88a8e0be178058aacb338b084191ed6d65c8fef751c50248202cf1488a.js
2024-03-13T17:45:36.2040315Z I, [2024-03-13T10:45:36.203220 #2601]  INFO -- : Writing /home/runner/work/human-essentials/human-essentials/public/assets/bootstrap.min-67c48d88a8e0be178058aacb338b084191ed6d65c8fef751c50248202cf1488a.js.gz
2024-03-13T17:45:36.2043484Z I, [2024-03-13T10:45:36.203343 #2601]  INFO -- : Writing /home/runner/work/human-essentials/human-essentials/public/assets/DiaperBase-Logo-f18172876cab49a451ca9c3178b578ab2019e03f111a6b6f3ba0c1b40b3d7c0c.png
2024-03-13T17:45:36.2047185Z I, [2024-03-13T10:45:36.203608 #2601]  INFO -- : Writing /home/runner/work/human-essentials/human-essentials/public/assets/Just-Diaper-05bf6a1b70ccad149eb4eca7b5f9fcca1f9c37bab1f8e5edb6798d66c903ba53.svg
2024-03-13T17:45:36.2051101Z I, [2024-03-13T10:45:36.204200 #2601]  INFO -- : Writing /home/runner/work/human-essentials/human-essentials/public/assets/Just-Diaper-05bf6a1b70ccad149eb4eca7b5f9fcca1f9c37bab1f8e5edb6798d66c903ba53.svg.gz
2024-03-13T17:45:36.2054725Z I, [2024-03-13T10:45:36.204702 #2601]  INFO -- : Writing /home/runner/work/human-essentials/human-essentials/public/assets/barcode-932aed25f5c148b36882be3bfb6696ecdd362ba0a709ff0674a10477f2aad8f3.svg
2024-03-13T17:45:36.2057949Z I, [2024-03-13T10:45:36.205587 #2601]  INFO -- : Writing /home/runner/work/human-essentials/human-essentials/public/assets/barcode-932aed25f5c148b36882be3bfb6696ecdd362ba0a709ff0674a10477f2aad8f3.svg.gz
2024-03-13T17:45:36.2061111Z I, [2024-03-13T10:45:36.205761 #2601]  INFO -- : Writing /home/runner/work/human-essentials/human-essentials/public/assets/bars-db7a0aaf1cd735270b170cba53dca71c75473940ab48639c609a72964eb92f4d.svg
2024-03-13T17:45:36.2064178Z I, [2024-03-13T10:45:36.205878 #2601]  INFO -- : Writing /home/runner/work/human-essentials/human-essentials/public/assets/bars-db7a0aaf1cd735270b170cba53dca71c75473940ab48639c609a72964eb92f4d.svg.gz
2024-03-13T17:45:36.2067168Z I, [2024-03-13T10:45:36.205984 #2601]  INFO -- : Writing /home/runner/work/human-essentials/human-essentials/public/assets/blue@2x-709ca6c252f762af1e5efb0ef1e7444a712cb0ec010fee01749b67a595a7c0c6.png
2024-03-13T17:45:36.2070321Z I, [2024-03-13T10:45:36.206269 #2601]  INFO -- : Writing /home/runner/work/human-essentials/human-essentials/public/assets/boxed-bg-6c60c3f8655fa4062631bbe1434face4fe3d70392159e976ec09ca6ad9330e7d.jpg
2024-03-13T17:45:36.2073440Z I, [2024-03-13T10:45:36.206579 #2601]  INFO -- : Writing /home/runner/work/human-essentials/human-essentials/public/assets/boxed-bg-eb7b1fa0c09f5ef599fc5138e33168827f2ec4e1f796cf8a78570d8a73a58190.png
2024-03-13T17:45:36.2076961Z I, [2024-03-13T10:45:36.206935 #2601]  INFO -- : Writing /home/runner/work/human-essentials/human-essentials/public/assets/dashboard-image-3db42e909886dffccb680715feccab83cc867b4581b0009558e746364e2ec332.svg
2024-03-13T17:45:36.2084625Z I, [2024-03-13T10:45:36.207899 #2601]  INFO -- : Writing /home/runner/work/human-essentials/human-essentials/public/assets/dashboard-image-3db42e909886dffccb680715feccab83cc867b4581b0009558e746364e2ec332.svg.gz
2024-03-13T17:45:36.2088453Z I, [2024-03-13T10:45:36.208214 #2601]  INFO -- : Writing /home/runner/work/human-essentials/human-essentials/public/assets/forecasting-32dffccc42e6c09203d36acbc2243b4bc746dc2f1198c1ff43def4bb48e335b2.svg
2024-03-13T17:45:36.2092295Z I, [2024-03-13T10:45:36.208880 #2601]  INFO -- : Writing /home/runner/work/human-essentials/human-essentials/public/assets/forecasting-32dffccc42e6c09203d36acbc2243b4bc746dc2f1198c1ff43def4bb48e335b2.svg.gz
2024-03-13T17:45:36.2095871Z I, [2024-03-13T10:45:36.209101 #2601]  INFO -- : Writing /home/runner/work/human-essentials/human-essentials/public/assets/hero-image-0ba273def6de748beb2a64206e115d8e4a109ad51ef255512f4c6522e5b9225b.svg
2024-03-13T17:45:36.2099832Z I, [2024-03-13T10:45:36.209661 #2601]  INFO -- : Writing /home/runner/work/human-essentials/human-essentials/public/assets/hero-image-0ba273def6de748beb2a64206e115d8e4a109ad51ef255512f4c6522e5b9225b.svg.gz
2024-03-13T17:45:36.2106067Z I, [2024-03-13T10:45:36.210382 #2601]  INFO -- : Writing /home/runner/work/human-essentials/human-essentials/public/assets/inventory-image-3d91fc8087e13632114d9d129a680b992e02aae297b2bf180089cd55792249b2.svg
2024-03-13T17:45:36.2121374Z I, [2024-03-13T10:45:36.211901 #2601]  INFO -- : Writing /home/runner/work/human-essentials/human-essentials/public/assets/inventory-image-3d91fc8087e13632114d9d129a680b992e02aae297b2bf180089cd55792249b2.svg.gz
2024-03-13T17:45:36.2127250Z I, [2024-03-13T10:45:36.212471 #2601]  INFO -- : Writing /home/runner/work/human-essentials/human-essentials/public/assets/partner-management-c2cd4a940d1cf59f66928bc5097b4d4528b6de95abcc66421edf341c59311d40.svg
2024-03-13T17:45:36.2146931Z I, [2024-03-13T10:45:36.213453 #2601]  INFO -- : Writing /home/runner/work/human-essentials/human-essentials/public/assets/partner-management-c2cd4a940d1cf59f66928bc5097b4d4528b6de95abcc66421edf341c59311d40.svg.gz
2024-03-13T17:45:36.2150818Z I, [2024-03-13T10:45:36.213587 #2601]  INFO -- : Writing /home/runner/work/human-essentials/human-essentials/public/assets/quote-e4395f28913ad7b7785c522f0b6f2363a960720cf3bc26705438f6efb55edb7d.svg
2024-03-13T17:45:36.2154516Z I, [2024-03-13T10:45:36.213693 #2601]  INFO -- : Writing /home/runner/work/human-essentials/human-essentials/public/assets/quote-e4395f28913ad7b7785c522f0b6f2363a960720cf3bc26705438f6efb55edb7d.svg.gz
2024-03-13T17:45:36.2234958Z I, [2024-03-13T10:45:36.213794 #2601]  INFO -- : Writing /home/runner/work/human-essentials/human-essentials/public/assets/report-image-a9fc71739eca5457d288f1c234a0d84237ba8eef8bd20a9935bd45d84d03ae6b.svg
2024-03-13T17:45:36.2239078Z I, [2024-03-13T10:45:36.213895 #2601]  INFO -- : Writing /home/runner/work/human-essentials/human-essentials/public/assets/report-image-a9fc71739eca5457d288f1c234a0d84237ba8eef8bd20a9935bd45d84d03ae6b.svg.gz
2024-03-13T17:45:36.2243132Z I, [2024-03-13T10:45:36.213997 #2601]  INFO -- : Writing /home/runner/work/human-essentials/human-essentials/public/assets/test-only-background-c4843e992a593298a8c43815c8950b766061a96fd7d3e92838354914c41d7243.jpg
2024-03-13T17:45:36.2247278Z I, [2024-03-13T10:45:36.214172 #2601]  INFO -- : Writing /home/runner/work/human-essentials/human-essentials/public/assets/AdminLTE-9d75f9bf2ec81bc0a0de450227ed6268dad2cd66401439503c18d3241dfb241d.css
2024-03-13T17:45:36.2254479Z I, [2024-03-13T10:45:36.214330 #2601]  INFO -- : Writing /home/runner/work/human-essentials/human-essentials/public/assets/AdminLTE-9d75f9bf2ec81bc0a0de450227ed6268dad2cd66401439503c18d3241dfb241d.css.gz
2024-03-13T17:45:36.2258085Z I, [2024-03-13T10:45:36.214424 #2601]  INFO -- : Writing /home/runner/work/human-essentials/human-essentials/public/assets/_colors-04024382391bb910584145d8113cf35ef376b55d125bb4516cebeb14ce788597.css
2024-03-13T17:45:36.2261455Z I, [2024-03-13T10:45:36.214490 #2601]  INFO -- : Writing /home/runner/work/human-essentials/human-essentials/public/assets/_colors-04024382391bb910584145d8113cf35ef376b55d125bb4516cebeb14ce788597.css.gz
2024-03-13T17:45:36.2264998Z I, [2024-03-13T10:45:36.214578 #2601]  INFO -- : Writing /home/runner/work/human-essentials/human-essentials/public/assets/application-c21613708cb0f40361dc08d066cb68c559e4b3982f802956f4439959cad9af23.css
2024-03-13T17:45:36.2268540Z I, [2024-03-13T10:45:36.214643 #2601]  INFO -- : Writing /home/runner/work/human-essentials/human-essentials/public/assets/application-c21613708cb0f40361dc08d066cb68c559e4b3982f802956f4439959cad9af23.css.gz
2024-03-13T17:45:36.2272180Z I, [2024-03-13T10:45:36.214733 #2601]  INFO -- : Writing /home/runner/work/human-essentials/human-essentials/public/assets/test-only-background-c4843e992a593298a8c43815c8950b766061a96fd7d3e92838354914c41d7243.jpg
2024-03-13T17:45:36.2275915Z I, [2024-03-13T10:45:36.214868 #2601]  INFO -- : Writing /home/runner/work/human-essentials/human-essentials/public/assets/audits-83372b845d8a4887e7e4d2315cf3c85ea60ef94ca0ec4774dfbcd3cf569c616c.css
2024-03-13T17:45:36.2279341Z I, [2024-03-13T10:45:36.214937 #2601]  INFO -- : Writing /home/runner/work/human-essentials/human-essentials/public/assets/audits-83372b845d8a4887e7e4d2315cf3c85ea60ef94ca0ec4774dfbcd3cf569c616c.css.gz
2024-03-13T17:45:36.2283018Z I, [2024-03-13T10:45:36.215026 #2601]  INFO -- : Writing /home/runner/work/human-essentials/human-essentials/public/assets/barcode_reader-3799c29218802c1dbba4c700f3863ec24505a9e3e7b54d36282fff667d7c94ca.css
2024-03-13T17:45:36.2288358Z I, [2024-03-13T10:45:36.215092 #2601]  INFO -- : Writing /home/runner/work/human-essentials/human-essentials/public/assets/barcode_reader-3799c29218802c1dbba4c700f3863ec24505a9e3e7b54d36282fff667d7c94ca.css.gz
2024-03-13T17:45:36.2292076Z I, [2024-03-13T10:45:36.215182 #2601]  INFO -- : Writing /home/runner/work/human-essentials/human-essentials/public/assets/custom-4ac26623bf6f4d95aa1164e1ad4d6cbb2bb8dda4af8e4a2f1b4368bc92491085.css
2024-03-13T17:45:36.2295589Z I, [2024-03-13T10:45:36.215245 #2601]  INFO -- : Writing /home/runner/work/human-essentials/human-essentials/public/assets/custom-4ac26623bf6f4d95aa1164e1ad4d6cbb2bb8dda4af8e4a2f1b4368bc92491085.css.gz
2024-03-13T17:45:36.2299103Z I, [2024-03-13T10:45:36.215328 #2601]  INFO -- : Writing /home/runner/work/human-essentials/human-essentials/public/assets/test-only-background-c4843e992a593298a8c43815c8950b766061a96fd7d3e92838354914c41d7243.jpg
2024-03-13T17:45:36.2302622Z I, [2024-03-13T10:45:36.215463 #2601]  INFO -- : Writing /home/runner/work/human-essentials/human-essentials/public/assets/expandable_table-cca1600cf25c44c6bea2733167509ffe9133f344e9defe984ad96bd427b29a19.css
2024-03-13T17:45:36.2306221Z I, [2024-03-13T10:45:36.215530 #2601]  INFO -- : Writing /home/runner/work/human-essentials/human-essentials/public/assets/expandable_table-cca1600cf25c44c6bea2733167509ffe9133f344e9defe984ad96bd427b29a19.css.gz
2024-03-13T17:45:36.2309670Z I, [2024-03-13T10:45:36.215618 #2601]  INFO -- : Writing /home/runner/work/human-essentials/human-essentials/public/assets/landing_page-4fe5dfcfea8b5bbd7722658652ff4ee86132a41b8aff92e9ef8b1216cb7259fa.css
2024-03-13T17:45:36.2313069Z I, [2024-03-13T10:45:36.215683 #2601]  INFO -- : Writing /home/runner/work/human-essentials/human-essentials/public/assets/landing_page-4fe5dfcfea8b5bbd7722658652ff4ee86132a41b8aff92e9ef8b1216cb7259fa.css.gz
2024-03-13T17:45:36.2316533Z I, [2024-03-13T10:45:36.215773 #2601]  INFO -- : Writing /home/runner/work/human-essentials/human-essentials/public/assets/modal-dialog-9d7ae8bb43b60ac4c7d9910700392b20618ae2db4d5db33453b157171d5e0f7d.css
2024-03-13T17:45:36.2319980Z I, [2024-03-13T10:45:36.215838 #2601]  INFO -- : Writing /home/runner/work/human-essentials/human-essentials/public/assets/modal-dialog-9d7ae8bb43b60ac4c7d9910700392b20618ae2db4d5db33453b157171d5e0f7d.css.gz
2024-03-13T17:45:36.2323550Z I, [2024-03-13T10:45:36.215928 #2601]  INFO -- : Writing /home/runner/work/human-essentials/human-essentials/public/assets/progress_stepper-7f8ef0dc05a9a00a300e56f6f3e4ccfdde4af8e392407ccc6601d60019067ccb.css
2024-03-13T17:45:36.2327053Z I, [2024-03-13T10:45:36.215995 #2601]  INFO -- : Writing /home/runner/work/human-essentials/human-essentials/public/assets/progress_stepper-7f8ef0dc05a9a00a300e56f6f3e4ccfdde4af8e392407ccc6601d60019067ccb.css.gz
2024-03-13T17:45:36.2330797Z I, [2024-03-13T10:45:36.216089 #2601]  INFO -- : Writing /home/runner/work/human-essentials/human-essentials/public/assets/transfers-c9ab43ff53dab5dc13681712afc9b6fb31d7865d5ac8c657220deff9f138fa8c.css
2024-03-13T17:45:36.2334239Z I, [2024-03-13T10:45:36.216156 #2601]  INFO -- : Writing /home/runner/work/human-essentials/human-essentials/public/assets/transfers-c9ab43ff53dab5dc13681712afc9b6fb31d7865d5ac8c657220deff9f138fa8c.css.gz
2024-03-13T17:45:36.2337642Z I, [2024-03-13T10:45:36.216245 #2601]  INFO -- : Writing /home/runner/work/human-essentials/human-essentials/public/assets/adminlte-886a0b559685ec92cd8dd4dbf957899292f9c0bd344c90c304d28973363a8eaf.js
2024-03-13T17:45:36.2341073Z I, [2024-03-13T10:45:36.216313 #2601]  INFO -- : Writing /home/runner/work/human-essentials/human-essentials/public/assets/adminlte-886a0b559685ec92cd8dd4dbf957899292f9c0bd344c90c304d28973363a8eaf.js.gz
2024-03-13T17:45:36.2344467Z I, [2024-03-13T10:45:36.216403 #2601]  INFO -- : Writing /home/runner/work/human-essentials/human-essentials/public/assets/application-f9d5a0970e6dc2d1d44ca8dfd6129e9fed2dccf1b460a6bba6eab9dd7aa61c92.js
2024-03-13T17:45:36.2348300Z I, [2024-03-13T10:45:36.216469 #2601]  INFO -- : Writing /home/runner/work/human-essentials/human-essentials/public/assets/application-f9d5a0970e6dc2d1d44ca8dfd6129e9fed2dccf1b460a6bba6eab9dd7aa61c92.js.gz
2024-03-13T17:45:36.2352123Z I, [2024-03-13T10:45:36.228359 #2601]  INFO -- : Writing /home/runner/work/human-essentials/human-essentials/public/assets/cocoon-js-vanilla-cc8e46e9b16a6217f3c14c60ca346454c9c01d8d41e5c073ae14f85fac052e96.js
2024-03-13T17:45:36.2355734Z I, [2024-03-13T10:45:36.228485 #2601]  INFO -- : Writing /home/runner/work/human-essentials/human-essentials/public/assets/cocoon-js-vanilla-cc8e46e9b16a6217f3c14c60ca346454c9c01d8d41e5c073ae14f85fac052e96.js.gz
2024-03-13T17:45:36.2358690Z I, [2024-03-13T10:45:36.228608 #2601]  INFO -- : Writing /home/runner/work/human-essentials/human-essentials/public/assets/controllers/application-368d98631bccbf2349e0d4f8269afb3fe9625118341966de054759d96ea86c7e.js
2024-03-13T17:45:36.2360820Z I, [2024-03-13T10:45:36.228680 #2601]  INFO -- : Writing /home/runner/work/human-essentials/human-essentials/public/assets/controllers/application-368d98631bccbf2349e0d4f8269afb3fe9625118341966de054759d96ea86c7e.js.gz
2024-03-13T17:45:36.2363053Z I, [2024-03-13T10:45:36.228794 #2601]  INFO -- : Writing /home/runner/work/human-essentials/human-essentials/public/assets/controllers/area_served_controller-c8c048ef9ee2d145ba8408cda63546aff8ce9170e9cafb34075ebb01b43c6c34.js
2024-03-13T17:45:36.2365403Z I, [2024-03-13T10:45:36.228865 #2601]  INFO -- : Writing /home/runner/work/human-essentials/human-essentials/public/assets/controllers/area_served_controller-c8c048ef9ee2d145ba8408cda63546aff8ce9170e9cafb34075ebb01b43c6c34.js.gz
2024-03-13T17:45:36.2367889Z I, [2024-03-13T10:45:36.228961 #2601]  INFO -- : Writing /home/runner/work/human-essentials/human-essentials/public/assets/controllers/checkbox_with_nested_element_controller-1645dd2a3a857d546354c90b0c415a9d1dd4de6974048fd41bfc1d6f45ccb3eb.js
2024-03-13T17:45:36.2372186Z I, [2024-03-13T10:45:36.229029 #2601]  INFO -- : Writing /home/runner/work/human-essentials/human-essentials/public/assets/controllers/checkbox_with_nested_element_controller-1645dd2a3a857d546354c90b0c415a9d1dd4de6974048fd41bfc1d6f45ccb3eb.js.gz
2024-03-13T17:45:36.2376088Z I, [2024-03-13T10:45:36.229130 #2601]  INFO -- : Writing /home/runner/work/human-essentials/human-essentials/public/assets/controllers/distribution_delivery_controller-89fc613f734c2b1538c1e9948abeb353ea73d22678fc08597d48fa36a70c5c51.js
2024-03-13T17:45:36.2379892Z I, [2024-03-13T10:45:36.229198 #2601]  INFO -- : Writing /home/runner/work/human-essentials/human-essentials/public/assets/controllers/distribution_delivery_controller-89fc613f734c2b1538c1e9948abeb353ea73d22678fc08597d48fa36a70c5c51.js.gz
2024-03-13T17:45:36.2383730Z I, [2024-03-13T10:45:36.229289 #2601]  INFO -- : Writing /home/runner/work/human-essentials/human-essentials/public/assets/controllers/double_select_controller-bb2e4a65f2c66cacc8ec4dd491c2233b0aac53187ebe1fbaaffedfbaf7db9099.js
2024-03-13T17:45:36.2387397Z I, [2024-03-13T10:45:36.229356 #2601]  INFO -- : Writing /home/runner/work/human-essentials/human-essentials/public/assets/controllers/double_select_controller-bb2e4a65f2c66cacc8ec4dd491c2233b0aac53187ebe1fbaaffedfbaf7db9099.js.gz
2024-03-13T17:45:36.2391122Z I, [2024-03-13T10:45:36.229446 #2601]  INFO -- : Writing /home/runner/work/human-essentials/human-essentials/public/assets/controllers/highchart_controller-7640167d6e3481659a5ead23f046e3c6852c08e30ce8aa6f09aa5cce0f7ea02d.js
2024-03-13T17:45:36.2394644Z I, [2024-03-13T10:45:36.229512 #2601]  INFO -- : Writing /home/runner/work/human-essentials/human-essentials/public/assets/controllers/highchart_controller-7640167d6e3481659a5ead23f046e3c6852c08e30ce8aa6f09aa5cce0f7ea02d.js.gz
2024-03-13T17:45:36.2398042Z I, [2024-03-13T10:45:36.229602 #2601]  INFO -- : Writing /home/runner/work/human-essentials/human-essentials/public/assets/controllers/index-2db729dddcc5b979110e98de4b6720f83f91a123172e87281d5a58410fc43806.js
2024-03-13T17:45:36.2401628Z I, [2024-03-13T10:45:36.229669 #2601]  INFO -- : Writing /home/runner/work/human-essentials/human-essentials/public/assets/controllers/index-2db729dddcc5b979110e98de4b6720f83f91a123172e87281d5a58410fc43806.js.gz
2024-03-13T17:45:36.2405248Z I, [2024-03-13T10:45:36.229757 #2601]  INFO -- : Writing /home/runner/work/human-essentials/human-essentials/public/assets/controllers/request_item_controller-4ab1cb48f0cc30bba40f5311b6588189ddf5daf19bdf36b462cdeab0a663399b.js
2024-03-13T17:45:36.2408700Z I, [2024-03-13T10:45:36.229821 #2601]  INFO -- : Writing /home/runner/work/human-essentials/human-essentials/public/assets/controllers/request_item_controller-4ab1cb48f0cc30bba40f5311b6588189ddf5daf19bdf36b462cdeab0a663399b.js.gz
2024-03-13T17:45:36.2411017Z I, [2024-03-13T10:45:36.229909 #2601]  INFO -- : Writing /home/runner/work/human-essentials/human-essentials/public/assets/controllers/select2_controller-13c15fa4f8996b06b43552325b12e3a14e158db06264b83cfff2e521a16fceeb.js
2024-03-13T17:45:36.2413171Z I, [2024-03-13T10:45:36.229976 #2601]  INFO -- : Writing /home/runner/work/human-essentials/human-essentials/public/assets/controllers/select2_controller-13c15fa4f8996b06b43552325b12e3a14e158db06264b83cfff2e521a16fceeb.js.gz
2024-03-13T17:45:36.2415346Z I, [2024-03-13T10:45:36.230069 #2601]  INFO -- : Writing /home/runner/work/human-essentials/human-essentials/public/assets/controllers/served_area_controller-37738489813fc06349f3fb1bc7abc5d5493318ce553f1bebbfa1f8fe06ebfb4a.js
2024-03-13T17:45:36.2417604Z I, [2024-03-13T10:45:36.230134 #2601]  INFO -- : Writing /home/runner/work/human-essentials/human-essentials/public/assets/controllers/served_area_controller-37738489813fc06349f3fb1bc7abc5d5493318ce553f1bebbfa1f8fe06ebfb4a.js.gz
2024-03-13T17:45:36.2420687Z I, [2024-03-13T10:45:36.230222 #2601]  INFO -- : Writing /home/runner/work/human-essentials/human-essentials/public/assets/controllers/turbo_controller-7ee3a9437b4fb003ac4ea4ca0f3425fd197ce4538a1eeb606e5e5447aa948b54.js
2024-03-13T17:45:36.2424801Z I, [2024-03-13T10:45:36.230288 #2601]  INFO -- : Writing /home/runner/work/human-essentials/human-essentials/public/assets/controllers/turbo_controller-7ee3a9437b4fb003ac4ea4ca0f3425fd197ce4538a1eeb606e5e5447aa948b54.js.gz
2024-03-13T17:45:36.2428249Z I, [2024-03-13T10:45:36.230381 #2601]  INFO -- : Writing /home/runner/work/human-essentials/human-essentials/public/assets/startup-bf111fcbf368bc988dfcb050d057ec73e21f190d7921e15689dd5ebf674e6d00.js
2024-03-13T17:45:36.2431469Z I, [2024-03-13T10:45:36.230448 #2601]  INFO -- : Writing /home/runner/work/human-essentials/human-essentials/public/assets/startup-bf111fcbf368bc988dfcb050d057ec73e21f190d7921e15689dd5ebf674e6d00.js.gz
2024-03-13T17:45:36.2434842Z I, [2024-03-13T10:45:36.230540 #2601]  INFO -- : Writing /home/runner/work/human-essentials/human-essentials/public/assets/utils/barcode_items-ee1050c4d1ade4569ef6cfc83d5f4792f67daabaca0ae24f75455737fea0a72b.js
2024-03-13T17:45:36.2438332Z I, [2024-03-13T10:45:36.230607 #2601]  INFO -- : Writing /home/runner/work/human-essentials/human-essentials/public/assets/utils/barcode_items-ee1050c4d1ade4569ef6cfc83d5f4792f67daabaca0ae24f75455737fea0a72b.js.gz
2024-03-13T17:45:36.2441886Z I, [2024-03-13T10:45:36.230696 #2601]  INFO -- : Writing /home/runner/work/human-essentials/human-essentials/public/assets/utils/barcode_scan-757b66b6921154f49e7cc4c5dc2f146f91f1648beffaa8ef106d94585a273ba9.js
2024-03-13T17:45:36.2445420Z I, [2024-03-13T10:45:36.230759 #2601]  INFO -- : Writing /home/runner/work/human-essentials/human-essentials/public/assets/utils/barcode_scan-757b66b6921154f49e7cc4c5dc2f146f91f1648beffaa8ef106d94585a273ba9.js.gz
2024-03-13T17:45:36.2449450Z I, [2024-03-13T10:45:36.230847 #2601]  INFO -- : Writing /home/runner/work/human-essentials/human-essentials/public/assets/utils/deadline_day_pickers-b0b264db9e3c8107c161cc4571e71cf901bcc511175271d218a553c4e1889065.js
2024-03-13T17:45:36.2453373Z I, [2024-03-13T10:45:36.230910 #2601]  INFO -- : Writing /home/runner/work/human-essentials/human-essentials/public/assets/utils/deadline_day_pickers-b0b264db9e3c8107c161cc4571e71cf901bcc511175271d218a553c4e1889065.js.gz
2024-03-13T17:45:36.2457171Z I, [2024-03-13T10:45:36.231000 #2601]  INFO -- : Writing /home/runner/work/human-essentials/human-essentials/public/assets/utils/distributions_and_transfers-1f9709e9a8df250acfe3e7a79f1501b2696b1f36d5adcf083a61a1b005cce3d2.js
2024-03-13T17:45:36.2461016Z I, [2024-03-13T10:45:36.231065 #2601]  INFO -- : Writing /home/runner/work/human-essentials/human-essentials/public/assets/utils/distributions_and_transfers-1f9709e9a8df250acfe3e7a79f1501b2696b1f36d5adcf083a61a1b005cce3d2.js.gz
2024-03-13T17:45:36.2464822Z I, [2024-03-13T10:45:36.231153 #2601]  INFO -- : Writing /home/runner/work/human-essentials/human-essentials/public/assets/utils/donations-1c3e9a15fc370afd2c3836ccf8dde6013c35412a8d83cf6c1e31bec95ef72b26.js
2024-03-13T17:45:36.2468297Z I, [2024-03-13T10:45:36.231217 #2601]  INFO -- : Writing /home/runner/work/human-essentials/human-essentials/public/assets/utils/donations-1c3e9a15fc370afd2c3836ccf8dde6013c35412a8d83cf6c1e31bec95ef72b26.js.gz
2024-03-13T17:45:36.2471660Z I, [2024-03-13T10:45:36.231314 #2601]  INFO -- : Writing /home/runner/work/human-essentials/human-essentials/public/assets/utils/purchases-5c814ba098feaa8a7b4abff24267c1da909f3e52e12c97660f8a0b8c1ff4aea1.js
2024-03-13T17:45:36.2475123Z I, [2024-03-13T10:45:36.231379 #2601]  INFO -- : Writing /home/runner/work/human-essentials/human-essentials/public/assets/utils/purchases-5c814ba098feaa8a7b4abff24267c1da909f3e52e12c97660f8a0b8c1ff4aea1.js.gz
2024-03-13T17:45:36.2478371Z I, [2024-03-13T10:45:36.231512 #2601]  INFO -- : Writing /home/runner/work/human-essentials/human-essentials/public/assets/filterrific-f3a290db250e05344fd62c216b903689f73eff5e270ef021e425551006092e08.js
2024-03-13T17:45:36.2481682Z I, [2024-03-13T10:45:36.231584 #2601]  INFO -- : Writing /home/runner/work/human-essentials/human-essentials/public/assets/filterrific-f3a290db250e05344fd62c216b903689f73eff5e270ef021e425551006092e08.js.gz
2024-03-13T17:45:36.2485080Z I, [2024-03-13T10:45:36.231682 #2601]  INFO -- : Writing /home/runner/work/human-essentials/human-essentials/public/assets/stimulusloading-1fc59770fb1654500044afd3f5f6d7d00800e5be36746d55b94a2963a7a228aa.js
2024-03-13T17:45:36.2488729Z I, [2024-03-13T10:45:36.231753 #2601]  INFO -- : Writing /home/runner/work/human-essentials/human-essentials/public/assets/stimulusloading-1fc59770fb1654500044afd3f5f6d7d00800e5be36746d55b94a2963a7a228aa.js.gz
2024-03-13T17:45:36.2491905Z I, [2024-03-13T10:45:36.231845 #2601]  INFO -- : Writing /home/runner/work/human-essentials/human-essentials/public/assets/turbo-4851a9a0b1d947e810dfd0448a72aef261d455183ebea681f4f28a73640a9ece.js
2024-03-13T17:45:36.2495091Z I, [2024-03-13T10:45:36.231916 #2601]  INFO -- : Writing /home/runner/work/human-essentials/human-essentials/public/assets/turbo-4851a9a0b1d947e810dfd0448a72aef261d455183ebea681f4f28a73640a9ece.js.gz
2024-03-13T17:45:36.2498255Z I, [2024-03-13T10:45:36.232011 #2601]  INFO -- : Writing /home/runner/work/human-essentials/human-essentials/public/assets/turbo.min-f309baafa3ae5ad6ccee3e7362118b87678d792db8e8ab466c4fa284dd3a4700.js
2024-03-13T17:45:36.2501644Z I, [2024-03-13T10:45:36.232079 #2601]  INFO -- : Writing /home/runner/work/human-essentials/human-essentials/public/assets/turbo.min-f309baafa3ae5ad6ccee3e7362118b87678d792db8e8ab466c4fa284dd3a4700.js.gz
2024-03-13T17:45:36.2504883Z I, [2024-03-13T10:45:36.232174 #2601]  INFO -- : Writing /home/runner/work/human-essentials/human-essentials/public/assets/turbo.min.js-8bc8f4a58d1c106d58dec8bef6c638ff12ff4d078f19d8ebd8c4277f4c9bc85a.map
2024-03-13T17:45:36.2508192Z I, [2024-03-13T10:45:36.232246 #2601]  INFO -- : Writing /home/runner/work/human-essentials/human-essentials/public/assets/turbo.min.js-8bc8f4a58d1c106d58dec8bef6c638ff12ff4d078f19d8ebd8c4277f4c9bc85a.map.gz
2024-03-13T17:45:36.2511694Z I, [2024-03-13T10:45:36.232344 #2601]  INFO -- : Writing /home/runner/work/human-essentials/human-essentials/public/assets/stimulus-loading-3576ce92b149ad5d6959438c6f291e2426c86df3b874c525b30faad51b0d96b3.js
2024-03-13T17:45:36.2515267Z I, [2024-03-13T10:45:36.232415 #2601]  INFO -- : Writing /home/runner/work/human-essentials/human-essentials/public/assets/stimulus-loading-3576ce92b149ad5d6959438c6f291e2426c86df3b874c525b30faad51b0d96b3.js.gz
2024-03-13T17:45:36.2518680Z I, [2024-03-13T10:45:36.232581 #2601]  INFO -- : Writing /home/runner/work/human-essentials/human-essentials/public/assets/popper-003a40d80fd205e1fa00da117d5bdc19720ba330706eaa17f9ba9513fa502304.js
2024-03-13T17:45:36.2522028Z I, [2024-03-13T10:45:36.232654 #2601]  INFO -- : Writing /home/runner/work/human-essentials/human-essentials/public/assets/popper-003a40d80fd205e1fa00da117d5bdc19720ba330706eaa17f9ba9513fa502304.js.gz
2024-03-13T17:45:36.2525266Z I, [2024-03-13T10:45:36.232748 #2601]  INFO -- : Writing /home/runner/work/human-essentials/human-essentials/public/assets/actiontext-28c61f5197c204db043317a8f8826a87ab31495b741f854d307ca36122deefce.js
2024-03-13T17:45:36.2528749Z I, [2024-03-13T10:45:36.232842 #2601]  INFO -- : Writing /home/runner/work/human-essentials/human-essentials/public/assets/actiontext-28c61f5197c204db043317a8f8826a87ab31495b741f854d307ca36122deefce.js.gz
2024-03-13T17:45:36.2531853Z I, [2024-03-13T10:45:36.232942 #2601]  INFO -- : Writing /home/runner/work/human-essentials/human-essentials/public/assets/trix-1563ff9c10f74e143b3ded40a8458497eaf2f87a648a5cbbfebdb7dec3447a5e.js
2024-03-13T17:45:36.2534952Z I, [2024-03-13T10:45:36.233014 #2601]  INFO -- : Writing /home/runner/work/human-essentials/human-essentials/public/assets/trix-1563ff9c10f74e143b3ded40a8458497eaf2f87a648a5cbbfebdb7dec3447a5e.js.gz
2024-03-13T17:45:36.2538117Z I, [2024-03-13T10:45:36.233114 #2601]  INFO -- : Writing /home/runner/work/human-essentials/human-essentials/public/assets/trix-b0398dade8e5ac249fe98f2e850f45adbcdfecd8a11c46b3eb67bdedb87b1b04.css
2024-03-13T17:45:36.2541271Z I, [2024-03-13T10:45:36.233184 #2601]  INFO -- : Writing /home/runner/work/human-essentials/human-essentials/public/assets/trix-b0398dade8e5ac249fe98f2e850f45adbcdfecd8a11c46b3eb67bdedb87b1b04.css.gz
2024-03-13T17:45:36.2544369Z I, [2024-03-13T10:45:36.233281 #2601]  INFO -- : Writing /home/runner/work/human-essentials/human-essentials/public/assets/stimulus-f75215805563870a61ee9dc5a207ce46d4675c7e667558a54344fd1e7baa697f.js
2024-03-13T17:45:36.2547718Z I, [2024-03-13T10:45:36.233350 #2601]  INFO -- : Writing /home/runner/work/human-essentials/human-essentials/public/assets/stimulus-f75215805563870a61ee9dc5a207ce46d4675c7e667558a54344fd1e7baa697f.js.gz
2024-03-13T17:45:36.2550931Z I, [2024-03-13T10:45:36.233447 #2601]  INFO -- : Writing /home/runner/work/human-essentials/human-essentials/public/assets/stimulus-autoloader-c584942b568ba74879da31c7c3d51366737bacaf6fbae659383c0a5653685693.js
2024-03-13T17:45:36.2554277Z I, [2024-03-13T10:45:36.233517 #2601]  INFO -- : Writing /home/runner/work/human-essentials/human-essentials/public/assets/stimulus-autoloader-c584942b568ba74879da31c7c3d51366737bacaf6fbae659383c0a5653685693.js.gz
2024-03-13T17:45:36.2557990Z I, [2024-03-13T10:45:36.233612 #2601]  INFO -- : Writing /home/runner/work/human-essentials/human-essentials/public/assets/stimulus-importmap-autoloader-db2076c783bf2dbee1226e2add52fef290b5d31b5bcd1edd999ac8a6dd31c44a.js
2024-03-13T17:45:36.2561665Z I, [2024-03-13T10:45:36.233678 #2601]  INFO -- : Writing /home/runner/work/human-essentials/human-essentials/public/assets/stimulus-importmap-autoloader-db2076c783bf2dbee1226e2add52fef290b5d31b5bcd1edd999ac8a6dd31c44a.js.gz
2024-03-13T17:45:36.2565292Z I, [2024-03-13T10:45:36.233761 #2601]  INFO -- : Writing /home/runner/work/human-essentials/human-essentials/public/assets/stimulus-loading-3576ce92b149ad5d6959438c6f291e2426c86df3b874c525b30faad51b0d96b3.js
2024-03-13T17:45:36.2568880Z I, [2024-03-13T10:45:36.233826 #2601]  INFO -- : Writing /home/runner/work/human-essentials/human-essentials/public/assets/stimulus-loading-3576ce92b149ad5d6959438c6f291e2426c86df3b874c525b30faad51b0d96b3.js.gz
2024-03-13T17:45:36.2572285Z I, [2024-03-13T10:45:36.233920 #2601]  INFO -- : Writing /home/runner/work/human-essentials/human-essentials/public/assets/stimulus.min-dd364f16ec9504dfb72672295637a1c8838773b01c0b441bd41008124c407894.js
2024-03-13T17:45:36.2575630Z I, [2024-03-13T10:45:36.233992 #2601]  INFO -- : Writing /home/runner/work/human-essentials/human-essentials/public/assets/stimulus.min-dd364f16ec9504dfb72672295637a1c8838773b01c0b441bd41008124c407894.js.gz
2024-03-13T17:45:36.2579174Z I, [2024-03-13T10:45:36.234082 #2601]  INFO -- : Writing /home/runner/work/human-essentials/human-essentials/public/assets/stimulus-autoloader-c584942b568ba74879da31c7c3d51366737bacaf6fbae659383c0a5653685693.js
2024-03-13T17:45:36.2582544Z I, [2024-03-13T10:45:36.234146 #2601]  INFO -- : Writing /home/runner/work/human-essentials/human-essentials/public/assets/stimulus-autoloader-c584942b568ba74879da31c7c3d51366737bacaf6fbae659383c0a5653685693.js.gz
2024-03-13T17:45:36.2586084Z I, [2024-03-13T10:45:36.234235 #2601]  INFO -- : Writing /home/runner/work/human-essentials/human-essentials/public/assets/stimulus-importmap-autoloader-db2076c783bf2dbee1226e2add52fef290b5d31b5bcd1edd999ac8a6dd31c44a.js
2024-03-13T17:45:36.2589815Z I, [2024-03-13T10:45:36.234300 #2601]  INFO -- : Writing /home/runner/work/human-essentials/human-essentials/public/assets/stimulus-importmap-autoloader-db2076c783bf2dbee1226e2add52fef290b5d31b5bcd1edd999ac8a6dd31c44a.js.gz
2024-03-13T17:45:36.2593248Z I, [2024-03-13T10:45:36.234388 #2601]  INFO -- : Writing /home/runner/work/human-essentials/human-essentials/public/assets/stimulus-loading-3576ce92b149ad5d6959438c6f291e2426c86df3b874c525b30faad51b0d96b3.js
2024-03-13T17:45:36.2596690Z I, [2024-03-13T10:45:36.234452 #2601]  INFO -- : Writing /home/runner/work/human-essentials/human-essentials/public/assets/stimulus-loading-3576ce92b149ad5d6959438c6f291e2426c86df3b874c525b30faad51b0d96b3.js.gz
2024-03-13T17:45:36.2599976Z I, [2024-03-13T10:45:36.234551 #2601]  INFO -- : Writing /home/runner/work/human-essentials/human-essentials/public/assets/stimulus.min.js-2cc63625fa177963b45da974806e7aee846cbf1d4930815733d0fdf3fb232325.map
2024-03-13T17:45:36.2603303Z I, [2024-03-13T10:45:36.234622 #2601]  INFO -- : Writing /home/runner/work/human-essentials/human-essentials/public/assets/stimulus.min.js-2cc63625fa177963b45da974806e7aee846cbf1d4930815733d0fdf3fb232325.map.gz
2024-03-13T17:45:36.2606674Z I, [2024-03-13T10:45:36.234717 #2601]  INFO -- : Writing /home/runner/work/human-essentials/human-essentials/public/assets/activestorage-3ab61e47dd4ee2d79db525ade1dca2ede0ea2b7371fe587e408ee37b7ade265d.js
2024-03-13T17:45:36.2610038Z I, [2024-03-13T10:45:36.234787 #2601]  INFO -- : Writing /home/runner/work/human-essentials/human-essentials/public/assets/activestorage-3ab61e47dd4ee2d79db525ade1dca2ede0ea2b7371fe587e408ee37b7ade265d.js.gz
2024-03-13T17:45:36.2613471Z I, [2024-03-13T10:45:36.234885 #2601]  INFO -- : Writing /home/runner/work/human-essentials/human-essentials/public/assets/activestorage.esm-01f58a45d77495cdfbdfcc872902a430426c4391634ec9c3da5f69fbf8418492.js
2024-03-13T17:45:36.2617017Z I, [2024-03-13T10:45:36.235000 #2601]  INFO -- : Writing /home/runner/work/human-essentials/human-essentials/public/assets/activestorage.esm-01f58a45d77495cdfbdfcc872902a430426c4391634ec9c3da5f69fbf8418492.js.gz
2024-03-13T17:45:36.2620303Z I, [2024-03-13T10:45:36.235103 #2601]  INFO -- : Writing /home/runner/work/human-essentials/human-essentials/public/assets/actioncable-5433453f9b6619a9de91aaab2d7fc7ff183e5260c0107cbc9a1aa0c838d9a74e.js
2024-03-13T17:45:36.2623668Z I, [2024-03-13T10:45:36.235179 #2601]  INFO -- : Writing /home/runner/work/human-essentials/human-essentials/public/assets/actioncable-5433453f9b6619a9de91aaab2d7fc7ff183e5260c0107cbc9a1aa0c838d9a74e.js.gz
2024-03-13T17:45:36.2626938Z I, [2024-03-13T10:45:36.235281 #2601]  INFO -- : Writing /home/runner/work/human-essentials/human-essentials/public/assets/actioncable.esm-e01089c3ec4fe7817fa9abcad06cab6bdc387f95f0ca6aab4bf7ba7537f70690.js
2024-03-13T17:45:36.2630651Z I, [2024-03-13T10:45:36.235353 #2601]  INFO -- : Writing /home/runner/work/human-essentials/human-essentials/public/assets/actioncable.esm-e01089c3ec4fe7817fa9abcad06cab6bdc387f95f0ca6aab4bf7ba7537f70690.js.gz
2024-03-13T17:45:36.7595660Z Coverage report generated for RSpec to /home/runner/work/human-essentials/human-essentials/coverage. 442 / 10027 LOC (4.41%) covered.
2024-03-13T17:45:36.8240603Z ##[group]Run RUBYOPT='-W:no-deprecated -W:no-experimental' bin/knapsack_pro_rspec
2024-03-13T17:45:36.8241478Z [36;1mRUBYOPT='-W:no-deprecated -W:no-experimental' bin/knapsack_pro_rspec[0m
2024-03-13T17:45:36.8291994Z shell: /usr/bin/bash -e {0}
2024-03-13T17:45:36.8292496Z env:
2024-03-13T17:45:36.8292808Z   POSTGRES_HOST: localhost
2024-03-13T17:45:36.8293201Z   DATABASE_HOST: localhost
2024-03-13T17:45:36.8293688Z   PG_USERNAME: postgres
2024-03-13T17:45:36.8294087Z   PG_PASSWORD: password
2024-03-13T17:45:36.8294467Z   POSTGRES_HOST_AUTH_METHOD: trust
2024-03-13T17:45:36.8294934Z   POSTGRES_PORT: 5432
2024-03-13T17:45:36.8295317Z   PGHOST: localhost
2024-03-13T17:45:36.8295672Z   PGUSER: postgres
2024-03-13T17:45:36.8296089Z   RAILS_ENV: test
2024-03-13T17:45:36.8296456Z   KNAPSACK_PRO_TEST_SUITE_TOKEN_RSPEC: 
2024-03-13T17:45:36.8296866Z   KNAPSACK_PRO_CI_NODE_TOTAL: 6
2024-03-13T17:45:36.8297345Z   KNAPSACK_PRO_CI_NODE_INDEX: 0
2024-03-13T17:45:36.8297913Z   KNAPSACK_PRO_RSPEC_SPLIT_BY_TEST_EXAMPLES: true
2024-03-13T17:45:36.8298468Z   KNAPSACK_PRO_LOG_LEVEL: info
2024-03-13T17:45:36.8299070Z   KNAPSACK_PRO_TEST_FILE_PATTERN: {spec/system/**{,/*/**}/*_spec.rb,spec/requests/**{,/*/**}/*_spec.rb}
2024-03-13T17:45:36.8299720Z   EVENTS_READ: true
2024-03-13T17:45:36.8300141Z ##[endgroup]
2024-03-13T17:45:42.5765613Z W, [2024-03-13T17:45:42.576261 #2702]  WARN -- : [knapsack_pro] GET https://api-disabled-for-fork.knapsackpro.com/v1/build_distributions/last
2024-03-13T17:45:42.5767555Z W, [2024-03-13T17:45:42.576315 #2702]  WARN -- : [knapsack_pro] Request failed due to:
2024-03-13T17:45:42.5770526Z W, [2024-03-13T17:45:42.576339 #2702]  WARN -- : [knapsack_pro] #<SocketError: Failed to open TCP connection to api-disabled-for-fork.knapsackpro.com:443 (getaddrinfo: Name or service not known)>
2024-03-13T17:45:42.5775568Z W, [2024-03-13T17:45:42.576373 #2702]  WARN -- : [knapsack_pro] Slow test files fallback behaviour started. We could not connect with Knapsack Pro API to fetch last CI build test files that are needed to determine slow test files. No test files will be split by test cases. It means all test files will be split by the whole test files as if split by test cases would be disabled https://knapsackpro.com/perma/ruby/split-by-test-examples
2024-03-13T17:45:47.6055309Z W, [2024-03-13T17:45:47.605225 #2702]  WARN -- : [knapsack_pro] POST https://api-disabled-for-fork.knapsackpro.com/v1/build_distributions/subset
2024-03-13T17:45:47.6057491Z W, [2024-03-13T17:45:47.605265 #2702]  WARN -- : [knapsack_pro] Request failed due to:
2024-03-13T17:45:47.6060397Z W, [2024-03-13T17:45:47.605279 #2702]  WARN -- : [knapsack_pro] #<SocketError: Failed to open TCP connection to api-disabled-for-fork.knapsackpro.com:443 (getaddrinfo: Name or service not known)>
2024-03-13T17:45:47.6064660Z W, [2024-03-13T17:45:47.605321 #2702]  WARN -- : [knapsack_pro] Fallback mode started. We could not connect with Knapsack Pro API. Your tests will be executed based on directory names. Read more about fallback mode at https://knapsackpro.com/perma/ruby/fallback-mode
2024-03-13T17:45:47.6120096Z /opt/hostedtoolcache/Ruby/3.2.2/x64/bin/ruby -I/home/runner/work/human-essentials/human-essentials/vendor/bundle/ruby/3.2.0/gems/rspec-core-3.12.2/lib:/home/runner/work/human-essentials/human-essentials/vendor/bundle/ruby/3.2.0/gems/rspec-support-3.12.1/lib /home/runner/work/human-essentials/human-essentials/vendor/bundle/ruby/3.2.0/gems/rspec-core-3.12.2/exe/rspec  --format documentation --format KnapsackPro::Formatters::TimeTracker --default-path spec "spec/requests/account_requests_spec.rb" "spec/requests/admin/organizations_requests_spec.rb" "spec/requests/audits_requests_spec.rb" "spec/requests/donation_sites_requests_spec.rb" "spec/requests/organization_requests_spec.rb" "spec/requests/partners/individuals_requests_controller_spec.rb" "spec/requests/product_drive_participants_requests_spec.rb" "spec/requests/sessions_requests_spec.rb" "spec/requests/vendors_requests_spec.rb" "spec/system/admin/base_items_system_spec.rb" "spec/system/authorization_system_spec.rb" "spec/system/donation_system_spec.rb" "spec/system/manufacturer_system_spec.rb" "spec/system/partners/family_requests_system_spec.rb" "spec/system/product_drive_system_spec.rb" "spec/system/storage_location_system_spec.rb"
2024-03-13T17:45:56.2560478Z 
2024-03-13T17:45:56.2561151Z Randomized with seed 19536
2024-03-13T17:45:57.2388278Z 
2024-03-13T17:45:57.2388963Z Vendors
2024-03-13T17:45:57.2390334Z   While not signed in
2024-03-13T17:45:57.2670023Z     redirects the user to the sign-in page for CRUD actions
2024-03-13T17:45:57.2670651Z   While signed in
2024-03-13T17:45:57.2672237Z     POST #create
2024-03-13T17:45:57.2998945Z       successful create
2024-03-13T17:45:57.3548516Z       flash error
2024-03-13T17:45:57.3549421Z     DELETE #destroy
2024-03-13T17:45:57.3667296Z       does not have a route for this
2024-03-13T17:45:57.3668147Z     when on vendors index page
2024-03-13T17:45:57.4034135Z       has the correct import type
2024-03-13T17:45:57.4034960Z     GET #new
2024-03-13T17:45:57.4338117Z       returns http success
2024-03-13T17:45:57.4338825Z     POST #import_csv
2024-03-13T17:45:57.4339468Z       with a csv file
2024-03-13T17:45:57.4581079Z         presents a flash notice message
2024-03-13T17:45:57.4777136Z         redirects
2024-03-13T17:45:57.4830008Z         invokes .import_csv
2024-03-13T17:45:57.4830874Z       csv file with wrong headers
2024-03-13T17:45:57.4960444Z         presents a flash error message
2024-03-13T17:45:57.5085751Z         redirects
2024-03-13T17:45:57.5086562Z       without a csv file
2024-03-13T17:45:57.5203315Z         redirects to :index
2024-03-13T17:45:57.5317095Z         presents a flash error message
2024-03-13T17:45:57.5318041Z     GET #index
2024-03-13T17:45:57.5318921Z       html
2024-03-13T17:45:57.5662558Z         is expected to be successful
2024-03-13T17:45:57.5663540Z       csv
2024-03-13T17:45:57.5836266Z         is expected to be successful
2024-03-13T17:45:57.5837443Z     Looking at a different organization
2024-03-13T17:45:57.7549454Z       redirects the user to the sign-in page for CRUD actions
2024-03-13T17:45:57.7550513Z     GET #edit
2024-03-13T17:45:57.7890433Z       returns http success
2024-03-13T17:45:57.7891168Z     GET #show
2024-03-13T17:45:57.8229710Z       returns http success
2024-03-13T17:45:57.8230563Z     XHR #create
2024-03-13T17:45:57.8550655Z       successful create
2024-03-13T17:45:57.8871204Z       flash error
2024-03-13T17:45:57.8871985Z 
2024-03-13T17:45:57.8872417Z Partners::IndividualsRequestsController
2024-03-13T17:45:57.8873797Z   GET #new
2024-03-13T17:45:57.9290164Z     does not allow deactivated partners
2024-03-13T17:45:57.9684860Z     does not allow partners not verified
2024-03-13T17:45:57.9685935Z     when first reaching the new page
2024-03-13T17:45:58.0191638Z       has the correct select fields
2024-03-13T17:45:58.0192409Z   POST #create
2024-03-13T17:45:58.0632232Z     does not allow partners not verified
2024-03-13T17:45:58.1058664Z     does not allow deactivated partners
2024-03-13T17:45:58.1059412Z     after invalid submission
2024-03-13T17:45:58.1766057Z       has the correct select fields
2024-03-13T17:45:58.2381381Z     when a request has an empty row
2024-03-13T17:45:58.2382076Z       is valid
2024-03-13T17:45:58.2382442Z     when the request is valid
2024-03-13T17:45:58.3113167Z       submits the request
2024-03-13T17:45:58.3113790Z     when the request has invalid inputs
2024-03-13T17:45:58.3764982Z       shows an error
2024-03-13T17:45:58.3765932Z     when a request has only a comment
2024-03-13T17:45:58.4253492Z       is valid
2024-03-13T17:45:58.4254296Z     when a request is empty
2024-03-13T17:45:58.4778522Z       is invalid
2024-03-13T17:45:58.4779611Z 
2024-03-13T17:45:58.4780066Z Product Drives
2024-03-13T17:45:58.4780714Z   when showing a Product Drive with no end date
2024-03-13T17:46:05.9124788Z     must be able to show the product drive
2024-03-13T17:46:05.9125854Z   when creating a normal product drive
2024-03-13T17:46:06.8657261Z     must create a new product drive
2024-03-13T17:46:07.6726391Z     must have the success message
2024-03-13T17:46:08.4250386Z     must have correct attributes
2024-03-13T17:46:08.4251487Z   when creating a Virtual Product Drive
2024-03-13T17:46:09.3456244Z     must have correct attributes
2024-03-13T17:46:10.2637998Z     must create a new virtual Product Drive
2024-03-13T17:46:11.2310505Z     must have the success message
2024-03-13T17:46:11.2311355Z   When visiting the index page without parameters
2024-03-13T17:46:11.7457932Z     Shows the expected filters with the expected values and in alphabetical order for name filter
2024-03-13T17:46:12.2429453Z     shows only one virtual product drives
2024-03-13T17:46:12.7397190Z     shows in descending order of start date
2024-03-13T17:46:13.2531202Z     shows the expected product drives
2024-03-13T17:46:13.7276932Z     shows two non-virtual product drives
2024-03-13T17:46:13.7277742Z 
2024-03-13T17:46:13.7278016Z Base Item Admin
2024-03-13T17:46:13.7279494Z   While signed in as an Administrative User (super admin)
2024-03-13T17:46:14.1979563Z     can view a single Base Item
2024-03-13T17:46:14.7091291Z     can view a listing of all Base Items that shows a summary of its sub-items
2024-03-13T17:46:14.7092002Z     when creating a new base item
2024-03-13T17:46:15.5073356Z       should succeed when creating a new base item with good data
2024-03-13T17:46:16.2307780Z       should fail when creating a new base item with empty attributes
2024-03-13T17:46:16.2308430Z     when updating an existing base item
2024-03-13T17:46:16.9494224Z       should fail when updating the name to empty
2024-03-13T17:46:17.7606969Z       should succeed when changing the name
2024-03-13T17:46:17.7608408Z   While signed in as an Administrative User with no organization (super admin no org)
2024-03-13T17:46:18.3007584Z     can view a listing of all Base Items that shows a summary of its sub-items
2024-03-13T17:46:18.7618967Z     can view a single Base Item
2024-03-13T17:46:18.7619808Z     when updating an existing base item
2024-03-13T17:46:19.4781657Z       should fail when updating the name to empty
2024-03-13T17:46:20.2724926Z       should succeed when changing the name
2024-03-13T17:46:20.2725894Z     when creating a new base item
2024-03-13T17:46:21.0754467Z       should succeed when creating a new base item with good data
2024-03-13T17:46:21.8026689Z       should fail when creating a new base item with empty attributes
2024-03-13T17:46:21.8027580Z   While signed in as a normal user
2024-03-13T17:46:23.2512522Z     should have a normal user not see anything
2024-03-13T17:46:23.2513138Z 
2024-03-13T17:46:23.2513400Z Authorization
2024-03-13T17:46:23.8095216Z   redirects to the dashboard when unauthorized user attempts access
2024-03-13T17:46:24.3721262Z   redirects to the organization dashboard when authorized
2024-03-13T17:46:24.3722163Z 
2024-03-13T17:46:24.3722398Z DonationSites
2024-03-13T17:46:24.3722994Z   while signed in
2024-03-13T17:46:24.3723836Z     GET #index
2024-03-13T17:46:24.3725065Z       csv
2024-03-13T17:46:24.3962022Z         is expected to be successful
2024-03-13T17:46:24.3962737Z       html
2024-03-13T17:46:24.4317154Z         is expected to be successful
2024-03-13T17:46:24.4317869Z 
2024-03-13T17:46:24.4318182Z Family requests
2024-03-13T17:46:24.4320227Z   for children with different items, from different families
2024-03-13T17:46:26.0944507Z     it creates family requests
2024-03-13T17:46:26.0945216Z   filtering children
2024-03-13T17:46:27.0638866Z     user can see a list of children filtered by guardian name
2024-03-13T17:46:27.9975583Z     user can see a list of children filtered by first_name
2024-03-13T17:46:27.9976899Z 
2024-03-13T17:46:27.9977089Z Storage Locations
2024-03-13T17:46:27.9977932Z   when editing an existing storage location
2024-03-13T17:46:29.0540171Z     User updates an existing storage location
2024-03-13T17:46:29.8130990Z     User updates an existing storage location with empty name
2024-03-13T17:46:29.8132074Z   when creating a new storage location
2024-03-13T17:46:30.7066888Z     User creates a new storage location with optional fields
2024-03-13T17:46:31.4789677Z     User creates a new storage location
2024-03-13T17:46:32.1943260Z     User creates a new storage location with empty attributes
2024-03-13T17:46:32.1943917Z   when viewing an existing storage location
2024-03-13T17:46:32.8645653Z     Items in (adjustments)
2024-03-13T17:46:33.5420862Z     Items out (distributions)
2024-03-13T17:46:33.5421798Z   when viewing the index
2024-03-13T17:46:34.9906655Z     Allows user to deactivate and reactivate storage locations
2024-03-13T17:46:35.5999668Z     Filter list presented to user is in alphabetical order by item name
2024-03-13T17:46:36.8635609Z     User can filter the #index by those that contain certain items
2024-03-13T17:46:38.1486303Z     shows totals that are the sum totals of all inputs
2024-03-13T17:46:38.9453562Z     Stops a user from deactivating storage locations with inventory
2024-03-13T17:46:39.8765548Z     Allows user to filter discarded storage locations
2024-03-13T17:46:39.8766428Z 
2024-03-13T17:46:39.8767037Z Donations
2024-03-13T17:46:39.8768626Z   while signed in as an organization admin
2024-03-13T17:46:39.8769579Z     When viewing an existing donation
2024-03-13T17:46:40.7263072Z       allows deletion of a donation
2024-03-13T17:46:40.7263902Z   When signed in as a normal user
2024-03-13T17:46:40.7265609Z     When visiting the index page
2024-03-13T17:46:41.5586016Z       Allows User to click to the new donation form
2024-03-13T17:46:42.0398483Z       Displays Total quantity on the index page
2024-03-13T17:46:42.7922442Z       should not display inactive storage locations in dropdown
2024-03-13T17:46:43.5924437Z       doesn't die when an inactive item is in a donation
2024-03-13T17:46:43.5925107Z     When viewing an existing donation
2024-03-13T17:46:44.0944573Z       does not allow deletion of a donation
2024-03-13T17:46:44.6041685Z       displays donation comment
2024-03-13T17:46:44.6042527Z       when there is no comment defined
2024-03-13T17:46:45.4234522Z         displays the None provided as the comment
2024-03-13T17:46:45.4237563Z     When donation items have value
2024-03-13T17:46:46.1197862Z       Displays the total value on the index page
2024-03-13T17:46:46.8108111Z       Displays the individual value on the index page
2024-03-13T17:46:47.7326316Z       Displays the total value on the show page
2024-03-13T17:46:47.7327154Z     When editing an existing donation
2024-03-13T17:46:49.2221647Z       Allows the user to edit a donation
2024-03-13T17:46:51.0912706Z       Does not default a selection if item lookup fails
2024-03-13T17:46:51.0913652Z     When filtering on the index page
2024-03-13T17:46:52.2395962Z       Filters by multiple attributes
2024-03-13T17:46:53.0760844Z       Filters by storage location
2024-03-13T17:46:53.9142847Z       Filters by product drive participant
2024-03-13T17:46:54.7842413Z       Filter by product drive participant sticks around
2024-03-13T17:46:55.7042140Z       Filters by manufacturer
2024-03-13T17:46:56.5200779Z       Filters by product drives
2024-03-13T17:46:57.3500420Z       Filters by the source
2024-03-13T17:46:58.1538242Z       Filters by donation site
2024-03-13T17:46:58.1538835Z       behaves like Date Range Picker
2024-03-13T17:46:58.1539876Z         when choosing a date range that only includes the previous week
2024-03-13T17:46:59.1289020Z           shows only 1 record
2024-03-13T17:46:59.1290057Z         when choosing 'All Time'
2024-03-13T17:47:00.1117795Z           shows all the records
2024-03-13T17:47:00.1119112Z         when choosing 'Last Month'
2024-03-13T17:47:01.0535962Z           shows only 2 of the records
2024-03-13T17:47:01.0536911Z     When creating a new donation
2024-03-13T17:47:01.5562893Z       should not display inactive storage locations in dropdown
2024-03-13T17:47:01.5563632Z       Via manual entry
2024-03-13T17:47:02.4634090Z         Displays nested errors
2024-03-13T17:47:03.2285237Z         Allows User to create a Manufacturer from donation
2024-03-13T17:47:04.0748487Z         Ensures Barcode Entry fields have unique ids
2024-03-13T17:47:04.9954096Z         Allows donations to be created IN THE PAST
2024-03-13T17:47:05.9347805Z         Allows User to create a donation for a Donation Site source
2024-03-13T17:47:06.8388135Z         Allows User to create a donation for a Manufacturer source
2024-03-13T17:47:07.7525779Z         Allows User to create a donation for a ProductDrive Participant source
2024-03-13T17:47:08.4929749Z         Allows User to create a Product Drive Participant from donation
2024-03-13T17:47:09.3951954Z         Allows User to create a donation with a Miscellaneous source
2024-03-13T17:47:10.2893563Z         Allows User to create a donation for Purchased Supplies
2024-03-13T17:47:11.0600257Z         Allows User to create a Product Drive from donation
2024-03-13T17:47:11.9421535Z         User can create a donation using dollars decimal amount for its money raised
2024-03-13T17:47:12.8908458Z         Strips extraneous data if the user adds both Donation Site and Product Drive Participant
2024-03-13T17:47:13.6817445Z         Does not include inactive items in the line item fields
2024-03-13T17:47:14.8395019Z         Accepts and combines multiple line items for the same item type
2024-03-13T17:47:15.8197445Z         Repopulates items dropdown even if initial submission doesn't validate
2024-03-13T17:47:16.7066749Z         Verifies unusually large donation quantities
2024-03-13T17:47:16.7067775Z       Via barcode entry
2024-03-13T17:47:17.6801821Z         Allows User to add items that do not yet have a barcode
2024-03-13T17:47:18.6033191Z         Updates the line item when the same barcode is scanned twice
2024-03-13T17:47:19.4152395Z         Allows User to add items by barcode
2024-03-13T17:47:19.4153258Z         When the barcode is a global barcode
2024-03-13T17:47:20.4891946Z           Adds the oldest item it can find for the global barcode
2024-03-13T17:47:20.4894059Z 
2024-03-13T17:47:20.4894424Z /account_requests
2024-03-13T17:47:20.4896193Z   GET #received
2024-03-13T17:47:20.4896936Z     when given a valid token
2024-03-13T17:47:20.5170936Z       should render the received template
2024-03-13T17:47:20.5172056Z     when given a invalid token
2024-03-13T17:47:20.5236203Z       should render a error that says that is code provided is invalid
2024-03-13T17:47:20.5237353Z   GET #new
2024-03-13T17:47:20.5361286Z     renders a successful response
2024-03-13T17:47:20.5362101Z   POST #create
2024-03-13T17:47:20.5362795Z     with invalid parameters
2024-03-13T17:47:20.5621316Z       renders a successful response (i.e. to display the 'new' template)
2024-03-13T17:47:20.5819938Z       does not create a new AccountRequest
2024-03-13T17:47:20.5820717Z     with valid parameters
2024-03-13T17:47:20.5966963Z       redirects to the created account_request confirmation
2024-03-13T17:47:20.6099627Z       delivers the confirmation email via default queue
2024-03-13T17:47:20.6235220Z       creates a new AccountRequest
2024-03-13T17:47:20.6236067Z   GET #confirm
2024-03-13T17:47:20.6237668Z     when given a invalid token
2024-03-13T17:47:20.6296879Z       should render a error that says that is code provided is invalid
2024-03-13T17:47:20.6298035Z     when given a token that has already been confirmed
2024-03-13T17:47:20.8116742Z       should render a error that says that is code provided is invalid
2024-03-13T17:47:20.8117725Z     when given a valid token
2024-03-13T17:47:20.8308539Z       should the update confirmed_at on the account_request, queue confirmation email and render confirm template
2024-03-13T17:47:20.8310112Z   GET #confirmation
2024-03-13T17:47:20.8311126Z     when given a invalid token
2024-03-13T17:47:20.8377414Z       should render a error that says that is code provided is invalid
2024-03-13T17:47:20.8378538Z     when given a token that has already been confirmed
2024-03-13T17:47:21.0279547Z       should render a error that says that is code provided is invalid
2024-03-13T17:47:21.0280733Z     when given a valid token
2024-03-13T17:47:21.0428048Z       should render the confirmation template
2024-03-13T17:47:21.0428684Z 
2024-03-13T17:47:21.0428882Z Manufacturer
2024-03-13T17:47:21.8062617Z   allows a user to create a new manufacturer instance
2024-03-13T17:47:22.5055895Z   allows a user to add a new manufacturer instance with empty attributes
2024-03-13T17:47:23.2422179Z   allows a user to update the contact info for a manufacturer
2024-03-13T17:47:23.9695789Z   allows a user to update a manufacturer with empty attributes
2024-03-13T17:47:23.9696394Z   When a user views the index page
2024-03-13T17:47:24.4356640Z     alphabetizes the manufacturer names
2024-03-13T17:47:24.4357375Z   When the Manufacturers have donations associated with them already
2024-03-13T17:47:25.1247327Z     allows single Manufacturers to show semi-detailed stats about donations from that manufacturer
2024-03-13T17:47:25.7869122Z     shows existing Manufacturers in the #index with some summary stats
2024-03-13T17:47:25.7869878Z 
2024-03-13T17:47:25.7870504Z Organizations
2024-03-13T17:47:25.7871665Z   While signed in as a normal user
2024-03-13T17:47:25.7872788Z     PATCH #update
2024-03-13T17:47:25.8020086Z       is expected to redirect to "/db_1/dashboard"
2024-03-13T17:47:25.8139006Z       is expected to have error
2024-03-13T17:47:25.8139698Z     GET #edit
2024-03-13T17:47:25.8256817Z       is expected to redirect to "/db_1/dashboard"
2024-03-13T17:47:25.8383720Z       is expected to have error
2024-03-13T17:47:25.8384396Z     GET #show
2024-03-13T17:47:25.8923825Z       load the current organization
2024-03-13T17:47:25.9381836Z       is expected to be successful
2024-03-13T17:47:25.9382971Z   While signed in as an organization admin
2024-03-13T17:47:25.9383774Z     GET #edit
2024-03-13T17:47:25.9887256Z       initializing the given organization
2024-03-13T17:47:26.0324904Z       is expected to render template matcher "edit"
2024-03-13T17:47:26.0760090Z       is expected to be successful
2024-03-13T17:47:26.0760952Z     when attempting to access a different organization
2024-03-13T17:47:26.0762129Z       POST #promote_to_org_admin
2024-03-13T17:47:26.2789787Z         redirects after update
2024-03-13T17:47:26.2790571Z       GET #show
2024-03-13T17:47:26.4953533Z         shows your own anyway
2024-03-13T17:47:26.4954295Z       GET #edit
2024-03-13T17:47:26.7059513Z         shows your own anyway
2024-03-13T17:47:26.7060175Z     PUT #deactivate_user
2024-03-13T17:47:26.7234536Z       redirect after update
2024-03-13T17:47:26.7411599Z       deactivates the user
2024-03-13T17:47:26.7412263Z     PATCH #update
2024-03-13T17:47:26.7702345Z       can update name
2024-03-13T17:47:26.7908767Z       should be redirect after update
2024-03-13T17:47:26.7909572Z       when organization can not be updated
2024-03-13T17:47:26.8444104Z         renders edit template with an error message
2024-03-13T17:47:26.8445015Z     PUT #reactivate_user
2024-03-13T17:47:26.8659494Z       reactivates the user
2024-03-13T17:47:26.8844794Z       redirect after update
2024-03-13T17:47:26.8845468Z     POST #promote_to_org_admin
2024-03-13T17:47:26.9182953Z       runs successfully
2024-03-13T17:47:26.9183547Z     POST #demote_to_user
2024-03-13T17:47:26.9666379Z       runs correctly
2024-03-13T17:47:26.9667105Z   When signed in as a super admin
2024-03-13T17:47:26.9667891Z     PUT #reactivate_user
2024-03-13T17:47:26.9873865Z       reactivates the user
2024-03-13T17:47:27.0055002Z       redirect after update
2024-03-13T17:47:27.0055679Z     PUT #deactivate_user
2024-03-13T17:47:27.0218521Z       redirect after update
2024-03-13T17:47:27.0574485Z       deactivates the user
2024-03-13T17:47:27.0575307Z     POST #demote_to_user
2024-03-13T17:47:27.0958609Z       runs successfully
2024-03-13T17:47:27.0959384Z     POST #promote_to_org_admin
2024-03-13T17:47:27.1209034Z       runs successfully
2024-03-13T17:47:27.1209868Z 
2024-03-13T17:47:27.1210444Z Audits
2024-03-13T17:47:27.1211343Z   while signed in as an organization admin
2024-03-13T17:47:27.1212521Z     GET #edit
2024-03-13T17:47:27.1901004Z       is successful if the status of audit is `in_progress`
2024-03-13T17:47:27.2548179Z       redirects to #index if the status of audit is not `in_progress`
2024-03-13T17:47:27.2549087Z     POST #create
2024-03-13T17:47:27.2549624Z       with valid params
2024-03-13T17:47:27.2964849Z         creates a new Audit with status as `confirmed` if `confirm_audit` is passed as a param
2024-03-13T17:47:27.3352190Z         redirects to the #show after created audit
2024-03-13T17:47:27.3723490Z         assigns a newly created audit as @audit
2024-03-13T17:47:27.4105376Z         creates a new Audit with status as `in_progress` if `save_progress` is passed as a param
2024-03-13T17:47:27.4477094Z         creates a new Audit
2024-03-13T17:47:27.4478030Z       with invalid params
2024-03-13T17:47:27.4877959Z         re-renders the 'new' template
2024-03-13T17:47:27.5275519Z         assigns a newly created but unsaved audit as @audit
2024-03-13T17:47:27.5828732Z         re-renders the 'new' template with an error message when an invalid storage location is given
2024-03-13T17:47:27.5829885Z     POST #finalize
2024-03-13T17:47:27.6909834Z       sets the finalize status and saves an event
2024-03-13T17:47:27.6910670Z     DELETE #destroy
2024-03-13T17:47:27.6911094Z       with valid params
2024-03-13T17:47:27.7805812Z         can not destroy the audit if the audit's status is `finalized`
2024-03-13T17:47:27.8330280Z         destroys the audit if the audit's status is `in_progress`
2024-03-13T17:47:27.8906412Z         destroys the audit if the audit's status is `confirms`
2024-03-13T17:47:27.8907626Z     GET #new
2024-03-13T17:47:27.9735914Z       is successful
2024-03-13T17:47:27.9736661Z     GET #index
2024-03-13T17:47:28.0319084Z       is successful
2024-03-13T17:47:28.0320009Z     GET #show
2024-03-13T17:47:28.0861741Z       is successful
2024-03-13T17:47:28.0862605Z 
2024-03-13T17:47:28.0862864Z ProductDriveParticipants
2024-03-13T17:47:28.0864212Z   While not signed in
2024-03-13T17:47:28.0929143Z     redirects the user to the sign-in page for CRUD actions
2024-03-13T17:47:28.0930490Z   While signed in
2024-03-13T17:47:28.0931511Z     GET #show
2024-03-13T17:47:28.1238133Z       returns http success
2024-03-13T17:47:28.1238762Z     GET #index
2024-03-13T17:47:28.1239781Z       csv
2024-03-13T17:47:28.1416227Z         is expected to be successful
2024-03-13T17:47:28.1417005Z       html
2024-03-13T17:47:28.1754962Z         is expected to be successful
2024-03-13T17:47:28.1755764Z     GET #edit
2024-03-13T17:47:28.2082163Z       returns http success
2024-03-13T17:47:28.2083225Z     POST #import_csv
2024-03-13T17:47:28.2083828Z       with a csv file
2024-03-13T17:47:28.2292326Z         presents a flash notice message
2024-03-13T17:47:28.2501543Z         redirects
2024-03-13T17:47:28.2544010Z         invokes .import_csv
2024-03-13T17:47:28.2545044Z       csv file with wrong headers
2024-03-13T17:47:28.2696640Z         presents a flash error message
2024-03-13T17:47:28.2840831Z         redirects
2024-03-13T17:47:28.2841782Z       without a csv file
2024-03-13T17:47:28.2968367Z         redirects to :index
2024-03-13T17:47:28.3087408Z         presents a flash error message
2024-03-13T17:47:28.3088716Z     GET #new
2024-03-13T17:47:28.3382538Z       returns http success
2024-03-13T17:47:28.3383244Z     XHR #create
2024-03-13T17:47:28.3696381Z       successful create
2024-03-13T17:47:28.4020732Z       flash error
2024-03-13T17:47:28.4021333Z     POST #create
2024-03-13T17:47:28.4170065Z       successful create
2024-03-13T17:47:28.4489006Z       flash error
2024-03-13T17:47:28.4489910Z     Looking at a different organization
2024-03-13T17:47:28.6259849Z       redirects the user to the sign-in page for CRUD actions
2024-03-13T17:47:28.6260718Z 
2024-03-13T17:47:28.6261181Z Sessions
2024-03-13T17:47:28.6261831Z   Sign in as user without logging off as an admin
2024-03-13T17:47:28.6412876Z     cannot access admin dashboard
2024-03-13T17:47:28.6537982Z     properly accesses the organization dashboard
2024-03-13T17:47:28.6539116Z 
2024-03-13T17:47:28.6539522Z Admin::Organizations
2024-03-13T17:47:28.6541340Z   When logged in as a super admin
2024-03-13T17:47:28.6543321Z     GET #show
2024-03-13T17:47:28.8601402Z       returns http success
2024-03-13T17:47:28.8602302Z     GET #edit
2024-03-13T17:47:29.0724729Z       returns http success
2024-03-13T17:47:29.0725573Z     GET #new
2024-03-13T17:47:29.1109750Z       returns http success
2024-03-13T17:47:29.1110571Z       when given a valid account request token in the query parameters
2024-03-13T17:47:29.1765700Z         should render new with pre populate input fields from the account_request
2024-03-13T17:47:29.1766666Z       when given a token that matches a account request that has already been processed
2024-03-13T17:47:29.3897613Z         should render new with a flash error message
2024-03-13T17:47:29.3898468Z     DELETE #destroy
2024-03-13T17:47:29.7630774Z       redirects
2024-03-13T17:47:29.7631841Z     GET #index
2024-03-13T17:47:29.7961242Z       returns http success
2024-03-13T17:47:29.7962097Z     PATCH #update
2024-03-13T17:47:29.7963099Z       with a valid update
2024-03-13T17:47:29.9840229Z         redirects to #index
2024-03-13T17:47:29.9840910Z       with an invalid update
2024-03-13T17:47:30.1931755Z         redirects to #edit with an error message
2024-03-13T17:47:30.3947748Z         returns http success
2024-03-13T17:47:30.3948760Z     POST #create
2024-03-13T17:47:30.3949376Z       with valid params
2024-03-13T17:47:30.6953217Z         creates an organization and redirects to #index
2024-03-13T17:47:30.6954127Z       with invalid params
2024-03-13T17:47:30.7392647Z         does not create an organization and renders #create with an error message
2024-03-13T17:47:30.7394009Z     PUT #update
2024-03-13T17:47:30.7589195Z       redirect
2024-03-13T17:47:30.7589799Z     DELETE #destroy
2024-03-13T17:47:30.7590582Z       with a valid organization id
2024-03-13T17:47:31.2712045Z         redirects to #index
2024-03-13T17:47:31.2713448Z   When logged in as a non-admin user
2024-03-13T17:47:31.2714196Z     GET #index
2024-03-13T17:47:31.2861904Z       redirects
2024-03-13T17:47:31.2862728Z     POST #create
2024-03-13T17:47:31.3015515Z       redirects
2024-03-13T17:47:31.3016044Z     GET #new
2024-03-13T17:47:31.3147836Z       redirects
2024-03-13T17:47:31.3154254Z     GET #edit
2024-03-13T17:47:31.3283762Z       redirects
2024-03-13T17:47:31.3284392Z     PUT #update
2024-03-13T17:47:31.3416525Z       redirects
2024-03-13T17:47:31.3626393Z W, [2024-03-13T10:47:31.362361 #2743]  WARN -- : [knapsack_pro] POST https://api-disabled-for-fork.knapsackpro.com/v1/build_subsets
2024-03-13T17:47:31.3628758Z W, [2024-03-13T10:47:31.362415 #2743]  WARN -- : [knapsack_pro] Request failed due to:
2024-03-13T17:47:31.3633346Z W, [2024-03-13T10:47:31.362443 #2743]  WARN -- : [knapsack_pro] #<SocketError: Failed to open TCP connection to api-disabled-for-fork.knapsackpro.com:443 (getaddrinfo: Name or service not known)>
2024-03-13T17:47:31.3635734Z W, [2024-03-13T10:47:31.362479 #2743]  WARN -- : [knapsack_pro] Time execution report was not saved on Knapsack Pro API server due to connection problem.
2024-03-13T17:47:31.3636502Z 
2024-03-13T17:47:31.3636773Z Finished in 1 minute 35.11 seconds (files took 8.41 seconds to load)
2024-03-13T17:47:31.3637460Z 226 examples, 0 failures
2024-03-13T17:47:31.3637712Z 
2024-03-13T17:47:31.3637844Z Randomized with seed 19536
2024-03-13T17:47:31.3638069Z 
2024-03-13T17:47:31.8451082Z Coverage report generated for RSpec to /home/runner/work/human-essentials/human-essentials/coverage. 3701 / 6486 LOC (57.06%) covered.
2024-03-13T17:47:32.3475410Z Coverage report generated for RSpec to /home/runner/work/human-essentials/human-essentials/coverage. 38 / 10790 LOC (0.35%) covered.
2024-03-13T17:47:32.4009665Z Post job cleanup.
2024-03-13T17:47:32.5014945Z [command]/usr/bin/git version
2024-03-13T17:47:32.5064303Z git version 2.43.2
2024-03-13T17:47:32.5105878Z Temporarily overriding HOME='/home/runner/work/_temp/9a0d06ed-4baf-4356-80df-a61df097d3c0' before making global git config changes
2024-03-13T17:47:32.5107187Z Adding repository directory to the temporary git global config as a safe directory
2024-03-13T17:47:32.5111461Z [command]/usr/bin/git config --global --add safe.directory /home/runner/work/human-essentials/human-essentials
2024-03-13T17:47:32.5152322Z [command]/usr/bin/git config --local --name-only --get-regexp core\.sshCommand
2024-03-13T17:47:32.5191123Z [command]/usr/bin/git submodule foreach --recursive sh -c "git config --local --name-only --get-regexp 'core\.sshCommand' && git config --local --unset-all 'core.sshCommand' || :"
2024-03-13T17:47:32.5430534Z [command]/usr/bin/git config --local --name-only --get-regexp http\.https\:\/\/github\.com\/\.extraheader
2024-03-13T17:47:32.5461708Z http.https://github.com/.extraheader
2024-03-13T17:47:32.5471301Z [command]/usr/bin/git config --local --unset-all http.https://github.com/.extraheader
2024-03-13T17:47:32.5510357Z [command]/usr/bin/git submodule foreach --recursive sh -c "git config --local --name-only --get-regexp 'http\.https\:\/\/github\.com\/\.extraheader' && git config --local --unset-all 'http.https://github.com/.extraheader' || :"
2024-03-13T17:47:32.5908789Z Print service container logs: b9281b5f55d94ac3812dce1f17072b24_postgres123_93b1aa
2024-03-13T17:47:32.5913808Z ##[command]/usr/bin/docker logs --details b2342afb8160c9668c1b63e2c190d644d0264794421f4f0b2b2b9a3fae318cd7
2024-03-13T17:47:32.6042800Z  initdb: warning: enabling "trust" authentication for local connections
2024-03-13T17:47:32.6043955Z  The files belonging to this database system will be owned by user "postgres".
2024-03-13T17:47:32.6045088Z  You can change this by editing pg_hba.conf or using the option -A, or
2024-03-13T17:47:32.6046060Z  --auth-local and --auth-host, the next time you run initdb.
2024-03-13T17:47:32.6047603Z  2024-03-13 17:44:23.799 UTC [1] LOG:  starting PostgreSQL 12.3 (Debian 12.3-1.pgdg100+1) on x86_64-pc-linux-gnu, compiled by gcc (Debian 8.3.0-6) 8.3.0, 64-bit
2024-03-13T17:47:32.6050610Z  2024-03-13 17:44:23.799 UTC [1] LOG:  listening on IPv4 address "0.0.0.0", port 5432
2024-03-13T17:47:32.6051326Z  2024-03-13 17:44:23.799 UTC [1] LOG:  listening on IPv6 address "::", port 5432
2024-03-13T17:47:32.6052070Z  2024-03-13 17:44:23.800 UTC [1] LOG:  listening on Unix socket "/var/run/postgresql/.s.PGSQL.5432"
2024-03-13T17:47:32.6052834Z  2024-03-13 17:44:23.828 UTC [57] LOG:  database system was shut down at 2024-03-13 17:44:23 UTC
2024-03-13T17:47:32.6054168Z  2024-03-13 17:44:23.833 UTC [1] LOG:  database system is ready to accept connections
2024-03-13T17:47:32.6055134Z  2024-03-13 17:44:32.994 UTC [71] FATAL:  role "root" does not exist
2024-03-13T17:47:32.6055725Z  2024-03-13 17:44:43.088 UTC [79] FATAL:  role "root" does not exist
2024-03-13T17:47:32.6056273Z  2024-03-13 17:44:53.171 UTC [87] FATAL:  role "root" does not exist
2024-03-13T17:47:32.6056856Z  2024-03-13 17:44:53.727 UTC [88] FATAL:  database "diaper_test" does not exist
2024-03-13T17:47:32.6057556Z  2024-03-13 17:45:00.807 UTC [90] ERROR:  relation "flipper_gates" does not exist at character 491
2024-03-13T17:47:32.6058351Z  2024-03-13 17:45:00.807 UTC [90] STATEMENT:  SELECT a.attname, format_type(a.atttypid, a.atttypmod),
2024-03-13T17:47:32.6059084Z  	       pg_get_expr(d.adbin, d.adrelid), a.attnotnull, a.atttypid, a.atttypmod,
2024-03-13T17:47:32.6059685Z  	       c.collname, col_description(a.attrelid, a.attnum) AS comment,
2024-03-13T17:47:32.6060132Z  	       attgenerated as attgenerated
2024-03-13T17:47:32.6060450Z  	  FROM pg_attribute a
2024-03-13T17:47:32.6060874Z  	  LEFT JOIN pg_attrdef d ON a.attrelid = d.adrelid AND a.attnum = d.adnum
2024-03-13T17:47:32.6061386Z  	  LEFT JOIN pg_type t ON a.atttypid = t.oid
2024-03-13T17:47:32.6062208Z  	  LEFT JOIN pg_collation c ON a.attcollation = c.oid AND a.attcollation <> t.typcollation
2024-03-13T17:47:32.6062796Z  	 WHERE a.attrelid = '"flipper_gates"'::regclass
2024-03-13T17:47:32.6063202Z  	   AND a.attnum > 0 AND NOT a.attisdropped
2024-03-13T17:47:32.6063550Z  	 ORDER BY a.attnum
2024-03-13T17:47:32.6063783Z  	
2024-03-13T17:47:32.6064113Z  2024-03-13 17:45:03.259 UTC [100] FATAL:  role "root" does not exist
2024-03-13T17:47:32.6064672Z  2024-03-13 17:45:13.350 UTC [109] FATAL:  role "root" does not exist
2024-03-13T17:47:32.6065208Z  2024-03-13 17:45:23.440 UTC [117] FATAL:  role "root" does not exist
2024-03-13T17:47:32.6065737Z  2024-03-13 17:45:33.539 UTC [126] FATAL:  role "root" does not exist
2024-03-13T17:47:32.6066274Z  2024-03-13 17:45:43.618 UTC [134] FATAL:  role "root" does not exist
2024-03-13T17:47:32.6066800Z  2024-03-13 17:45:53.690 UTC [142] FATAL:  role "root" does not exist
2024-03-13T17:47:32.6067330Z  2024-03-13 17:46:03.765 UTC [153] FATAL:  role "root" does not exist
2024-03-13T17:47:32.6067858Z  2024-03-13 17:46:13.870 UTC [161] FATAL:  role "root" does not exist
2024-03-13T17:47:32.6068381Z  2024-03-13 17:46:23.977 UTC [169] FATAL:  role "root" does not exist
2024-03-13T17:47:32.6068906Z  2024-03-13 17:46:34.079 UTC [178] FATAL:  role "root" does not exist
2024-03-13T17:47:32.6069427Z  2024-03-13 17:46:44.175 UTC [186] FATAL:  role "root" does not exist
2024-03-13T17:47:32.6070179Z  2024-03-13 17:46:54.267 UTC [194] FATAL:  role "root" does not exist
2024-03-13T17:47:32.6070734Z  2024-03-13 17:47:04.347 UTC [204] FATAL:  role "root" does not exist
2024-03-13T17:47:32.6071291Z  2024-03-13 17:47:14.432 UTC [212] FATAL:  role "root" does not exist
2024-03-13T17:47:32.6071831Z  2024-03-13 17:47:24.514 UTC [220] FATAL:  role "root" does not exist
2024-03-13T17:47:32.6072335Z  This user must also own the server process.
2024-03-13T17:47:32.6072669Z  
2024-03-13T17:47:32.6073001Z  The database cluster will be initialized with locale "en_US.utf8".
2024-03-13T17:47:32.6073582Z  The default database encoding has accordingly been set to "UTF8".
2024-03-13T17:47:32.6074137Z  The default text search configuration will be set to "english".
2024-03-13T17:47:32.6074546Z  
2024-03-13T17:47:32.6074768Z  Data page checksums are disabled.
2024-03-13T17:47:32.6075061Z  
2024-03-13T17:47:32.6075417Z  fixing permissions on existing directory /var/lib/postgresql/data ... ok
2024-03-13T17:47:32.6075901Z  creating subdirectories ... ok
2024-03-13T17:47:32.6076299Z  selecting dynamic shared memory implementation ... posix
2024-03-13T17:47:32.6076733Z  selecting default max_connections ... 100
2024-03-13T17:47:32.6077103Z  selecting default shared_buffers ... 128MB
2024-03-13T17:47:32.6077478Z  selecting default time zone ... Etc/UTC
2024-03-13T17:47:32.6077828Z  creating configuration files ... ok
2024-03-13T17:47:32.6078164Z  running bootstrap script ... ok
2024-03-13T17:47:32.6078521Z  performing post-bootstrap initialization ... ok
2024-03-13T17:47:32.6078905Z  syncing data to disk ... ok
2024-03-13T17:47:32.6079170Z  
2024-03-13T17:47:32.6079354Z  
2024-03-13T17:47:32.6079630Z  Success. You can now start the database server using:
2024-03-13T17:47:32.6080000Z  
2024-03-13T17:47:32.6080272Z      pg_ctl -D /var/lib/postgresql/data -l logfile start
2024-03-13T17:47:32.6080635Z  
2024-03-13T17:47:32.6081450Z  waiting for server to start....2024-03-13 17:44:23.595 UTC [48] LOG:  starting PostgreSQL 12.3 (Debian 12.3-1.pgdg100+1) on x86_64-pc-linux-gnu, compiled by gcc (Debian 8.3.0-6) 8.3.0, 64-bit
2024-03-13T17:47:32.6082590Z  2024-03-13 17:44:23.596 UTC [48] LOG:  listening on Unix socket "/var/run/postgresql/.s.PGSQL.5432"
2024-03-13T17:47:32.6083341Z  2024-03-13 17:44:23.607 UTC [49] LOG:  database system was shut down at 2024-03-13 17:44:23 UTC
2024-03-13T17:47:32.6084042Z  2024-03-13 17:44:23.612 UTC [48] LOG:  database system is ready to accept connections
2024-03-13T17:47:32.6084525Z   done
2024-03-13T17:47:32.6084730Z  server started
2024-03-13T17:47:32.6085200Z  
2024-03-13T17:47:32.6085591Z  /usr/local/bin/docker-entrypoint.sh: ignoring /docker-entrypoint-initdb.d/*
2024-03-13T17:47:32.6086081Z  
2024-03-13T17:47:32.6086407Z  2024-03-13 17:44:23.688 UTC [48] LOG:  received fast shutdown request
2024-03-13T17:47:32.6087117Z  waiting for server to shut down....2024-03-13 17:44:23.688 UTC [48] LOG:  aborting any active transactions
2024-03-13T17:47:32.6088271Z  2024-03-13 17:44:23.690 UTC [48] LOG:  background worker "logical replication launcher" (PID 55) exited with exit code 1
2024-03-13T17:47:32.6088978Z  2024-03-13 17:44:23.691 UTC [50] LOG:  shutting down
2024-03-13T17:47:32.6089456Z  2024-03-13 17:44:23.698 UTC [48] LOG:  database system is shut down
2024-03-13T17:47:32.6089872Z   done
2024-03-13T17:47:32.6090074Z  server stopped
2024-03-13T17:47:32.6090348Z  
2024-03-13T17:47:32.6090633Z  PostgreSQL init process complete; ready for start up.
2024-03-13T17:47:32.6091007Z  
2024-03-13T17:47:32.6097633Z Stop and remove container: b9281b5f55d94ac3812dce1f17072b24_postgres123_93b1aa
2024-03-13T17:47:32.6103265Z ##[command]/usr/bin/docker rm --force b2342afb8160c9668c1b63e2c190d644d0264794421f4f0b2b2b9a3fae318cd7
2024-03-13T17:47:32.8079444Z b2342afb8160c9668c1b63e2c190d644d0264794421f4f0b2b2b9a3fae318cd7
2024-03-13T17:47:32.8104957Z Remove container network: github_network_598f5699dded4a35a0b38ad0c991dfba
2024-03-13T17:47:32.8110084Z ##[command]/usr/bin/docker network rm github_network_598f5699dded4a35a0b38ad0c991dfba
2024-03-13T17:47:33.0546424Z github_network_598f5699dded4a35a0b38ad0c991dfba
2024-03-13T17:47:33.0711928Z Cleaning up orphan processes
