2024-03-12T19:10:29.5717020Z Requested labels: ubuntu-latest
2024-03-12T19:10:29.5717454Z Job defined at: rubyforgood/human-essentials/.github/workflows/rspec-system.yml@refs/pull/4182/merge
2024-03-12T19:10:29.5717627Z Waiting for a runner to pick up this job...
2024-03-12T19:10:30.3679136Z Job is waiting for a hosted runner to come online.
2024-03-12T19:10:34.1011461Z Job is about to start running on the hosted runner: GitHub Actions 14 (hosted)
2024-03-12T19:10:37.5044891Z Current runner version: '2.314.1'
2024-03-12T19:10:37.5066946Z ##[group]Operating System
2024-03-12T19:10:37.5067669Z Ubuntu
2024-03-12T19:10:37.5068014Z 22.04.4
2024-03-12T19:10:37.5068356Z LTS
2024-03-12T19:10:37.5068747Z ##[endgroup]
2024-03-12T19:10:37.5069126Z ##[group]Runner Image
2024-03-12T19:10:37.5069568Z Image: ubuntu-22.04
2024-03-12T19:10:37.5070006Z Version: 20240310.1.0
2024-03-12T19:10:37.5070998Z Included Software: https://github.com/actions/runner-images/blob/ubuntu22/20240310.1/images/ubuntu/Ubuntu2204-Readme.md
2024-03-12T19:10:37.5072450Z Image Release: https://github.com/actions/runner-images/releases/tag/ubuntu22%2F20240310.1
2024-03-12T19:10:37.5073332Z ##[endgroup]
2024-03-12T19:10:37.5074478Z ##[group]Runner Image Provisioner
2024-03-12T19:10:37.5074968Z 2.0.359.1
2024-03-12T19:10:37.5075360Z ##[endgroup]
2024-03-12T19:10:37.5077417Z ##[group]GITHUB_TOKEN Permissions
2024-03-12T19:10:37.5079175Z Actions: read
2024-03-12T19:10:37.5079570Z Checks: read
2024-03-12T19:10:37.5080086Z Contents: read
2024-03-12T19:10:37.5080609Z Deployments: read
2024-03-12T19:10:37.5081004Z Discussions: read
2024-03-12T19:10:37.5081405Z Issues: read
2024-03-12T19:10:37.5081781Z Metadata: read
2024-03-12T19:10:37.5082149Z Packages: read
2024-03-12T19:10:37.5082546Z Pages: read
2024-03-12T19:10:37.5082921Z PullRequests: read
2024-03-12T19:10:37.5083323Z RepositoryProjects: read
2024-03-12T19:10:37.5083831Z SecurityEvents: read
2024-03-12T19:10:37.5084226Z Statuses: read
2024-03-12T19:10:37.5084592Z ##[endgroup]
2024-03-12T19:10:37.5087622Z Secret source: None
2024-03-12T19:10:37.5088181Z Prepare workflow directory
2024-03-12T19:10:37.5942585Z Prepare all required actions
2024-03-12T19:10:37.6095687Z Getting action download info
2024-03-12T19:10:37.8563269Z Download action repository 'actions/checkout@v2' (SHA:ee0669bd1cc54295c223e0bb666b733df41de1c5)
2024-03-12T19:10:37.9663335Z Download action repository 'ruby/setup-ruby@v1' (SHA:d4526a55538b775af234ba4af27118ed6f8f6677)
2024-03-12T19:10:38.1745078Z Download action repository 'actions/upload-artifact@v2' (SHA:82c141cc518b40d92cc801eee768e7aafc9c2fa2)
2024-03-12T19:10:38.3451887Z Complete job name: rspec-system (6, 5)
2024-03-12T19:10:38.4098377Z ##[group]Checking docker version
2024-03-12T19:10:38.4112714Z ##[command]/usr/bin/docker version --format '{{.Server.APIVersion}}'
2024-03-12T19:10:38.4545185Z '1.43'
2024-03-12T19:10:38.4573443Z Docker daemon API version: '1.43'
2024-03-12T19:10:38.4574805Z ##[command]/usr/bin/docker version --format '{{.Client.APIVersion}}'
2024-03-12T19:10:38.4783145Z '1.43'
2024-03-12T19:10:38.4795278Z Docker client API version: '1.43'
2024-03-12T19:10:38.4800408Z ##[endgroup]
2024-03-12T19:10:38.4803684Z ##[group]Clean up resources from previous jobs
2024-03-12T19:10:38.4809381Z ##[command]/usr/bin/docker ps --all --quiet --no-trunc --filter "label=a944f7"
2024-03-12T19:10:38.4995936Z ##[command]/usr/bin/docker network prune --force --filter "label=a944f7"
2024-03-12T19:10:38.5150349Z ##[endgroup]
2024-03-12T19:10:38.5151092Z ##[group]Create local container network
2024-03-12T19:10:38.5165308Z ##[command]/usr/bin/docker network create --label a944f7 github_network_c77788610b7940fd8be4df1793eb2473
2024-03-12T19:10:38.5819024Z de1c43cf65952c724ef1812e5fdc9ea6a1143cd4671adea99c0ab3155188868a
2024-03-12T19:10:38.5836418Z ##[endgroup]
2024-03-12T19:10:38.5912000Z ##[group]Starting db service container
2024-03-12T19:10:38.5961299Z ##[command]/usr/bin/docker pull postgres:12.3
2024-03-12T19:10:38.8838090Z 12.3: Pulling from library/postgres
2024-03-12T19:10:38.9450068Z bf5952930446: Pulling fs layer
2024-03-12T19:10:38.9450931Z 9577476abb00: Pulling fs layer
2024-03-12T19:10:38.9451872Z 2bd105512d5c: Pulling fs layer
2024-03-12T19:10:38.9452724Z b1cd21c26e81: Pulling fs layer
2024-03-12T19:10:38.9453513Z 34a7c86cf8fc: Pulling fs layer
2024-03-12T19:10:38.9454236Z 274e7b0c38d5: Pulling fs layer
2024-03-12T19:10:38.9454668Z 3e831b350d37: Pulling fs layer
2024-03-12T19:10:38.9455018Z 38fa0d496534: Pulling fs layer
2024-03-12T19:10:38.9455519Z 31a8349609a4: Pulling fs layer
2024-03-12T19:10:38.9456304Z 14e4c2a4b7b7: Pulling fs layer
2024-03-12T19:10:38.9456668Z 964acfa02beb: Pulling fs layer
2024-03-12T19:10:38.9457176Z 31b1f20dffc0: Pulling fs layer
2024-03-12T19:10:38.9457580Z 14771c2930e9: Pulling fs layer
2024-03-12T19:10:38.9457932Z 2f30edd0ce8a: Pulling fs layer
2024-03-12T19:10:38.9458435Z 34a7c86cf8fc: Waiting
2024-03-12T19:10:38.9458780Z 274e7b0c38d5: Waiting
2024-03-12T19:10:38.9459093Z 3e831b350d37: Waiting
2024-03-12T19:10:38.9459505Z 38fa0d496534: Waiting
2024-03-12T19:10:38.9459841Z 31a8349609a4: Waiting
2024-03-12T19:10:38.9460154Z 14e4c2a4b7b7: Waiting
2024-03-12T19:10:38.9460555Z 964acfa02beb: Waiting
2024-03-12T19:10:38.9460893Z 31b1f20dffc0: Waiting
2024-03-12T19:10:38.9461206Z 2f30edd0ce8a: Waiting
2024-03-12T19:10:38.9461598Z 14771c2930e9: Waiting
2024-03-12T19:10:38.9461928Z b1cd21c26e81: Waiting
2024-03-12T19:10:39.0261928Z 2bd105512d5c: Verifying Checksum
2024-03-12T19:10:39.0263072Z 2bd105512d5c: Download complete
2024-03-12T19:10:39.1019760Z 9577476abb00: Verifying Checksum
2024-03-12T19:10:39.1020632Z 9577476abb00: Download complete
2024-03-12T19:10:39.1531212Z b1cd21c26e81: Download complete
2024-03-12T19:10:39.2533827Z 274e7b0c38d5: Verifying Checksum
2024-03-12T19:10:39.2534576Z 274e7b0c38d5: Download complete
2024-03-12T19:10:39.2724589Z 34a7c86cf8fc: Verifying Checksum
2024-03-12T19:10:39.2725455Z 34a7c86cf8fc: Download complete
2024-03-12T19:10:39.3281333Z 3e831b350d37: Verifying Checksum
2024-03-12T19:10:39.3282387Z 3e831b350d37: Download complete
2024-03-12T19:10:39.3511771Z 38fa0d496534: Verifying Checksum
2024-03-12T19:10:39.3514749Z 38fa0d496534: Download complete
2024-03-12T19:10:39.3695428Z bf5952930446: Verifying Checksum
2024-03-12T19:10:39.3696117Z bf5952930446: Download complete
2024-03-12T19:10:39.4424301Z 14e4c2a4b7b7: Verifying Checksum
2024-03-12T19:10:39.4428002Z 14e4c2a4b7b7: Download complete
2024-03-12T19:10:39.4443459Z 964acfa02beb: Verifying Checksum
2024-03-12T19:10:39.4448010Z 964acfa02beb: Download complete
2024-03-12T19:10:39.5299740Z 14771c2930e9: Verifying Checksum
2024-03-12T19:10:39.5300545Z 14771c2930e9: Download complete
2024-03-12T19:10:39.5360488Z 31b1f20dffc0: Verifying Checksum
2024-03-12T19:10:39.5366136Z 31b1f20dffc0: Download complete
2024-03-12T19:10:39.6079512Z 2f30edd0ce8a: Verifying Checksum
2024-03-12T19:10:39.6080578Z 2f30edd0ce8a: Download complete
2024-03-12T19:10:39.9606950Z 31a8349609a4: Verifying Checksum
2024-03-12T19:10:39.9607748Z 31a8349609a4: Download complete
2024-03-12T19:10:40.5308257Z bf5952930446: Pull complete
2024-03-12T19:10:40.7452616Z 9577476abb00: Pull complete
2024-03-12T19:10:40.7918619Z 2bd105512d5c: Pull complete
2024-03-12T19:10:40.8876114Z b1cd21c26e81: Pull complete
2024-03-12T19:10:41.2312209Z 34a7c86cf8fc: Pull complete
2024-03-12T19:10:41.2688721Z 274e7b0c38d5: Pull complete
2024-03-12T19:10:41.2768650Z 3e831b350d37: Pull complete
2024-03-12T19:10:41.2862260Z 38fa0d496534: Pull complete
2024-03-12T19:10:43.5380401Z 31a8349609a4: Pull complete
2024-03-12T19:10:43.5487023Z 14e4c2a4b7b7: Pull complete
2024-03-12T19:10:43.5609269Z 964acfa02beb: Pull complete
2024-03-12T19:10:43.5684040Z 31b1f20dffc0: Pull complete
2024-03-12T19:10:43.5760554Z 14771c2930e9: Pull complete
2024-03-12T19:10:43.5834139Z 2f30edd0ce8a: Pull complete
2024-03-12T19:10:43.5871790Z Digest: sha256:a06e6e6e519b7a329c419f8221edec66cfc45511e8b80e262c12103ba745cf19
2024-03-12T19:10:43.5886107Z Status: Downloaded newer image for postgres:12.3
2024-03-12T19:10:43.5894864Z docker.io/library/postgres:12.3
2024-03-12T19:10:43.5994572Z ##[command]/usr/bin/docker create --name 24ddc2bd958b412fa62bce34ac240777_postgres123_6ad324 --label a944f7 --network github_network_c77788610b7940fd8be4df1793eb2473 --network-alias db -p 5432:5432 --health-cmd pg_isready --health-interval 10s --health-timeout 5s --health-retries 5 -e "POSTGRES_PASSWORD=password" -e GITHUB_ACTIONS=true -e CI=true postgres:12.3
2024-03-12T19:10:43.6235742Z 9f72ec569ba0824a8cba5feb67fa01307242c7b68b1e7155a5f991a060467ae1
2024-03-12T19:10:43.6256269Z ##[command]/usr/bin/docker start 9f72ec569ba0824a8cba5feb67fa01307242c7b68b1e7155a5f991a060467ae1
2024-03-12T19:10:43.8834017Z 9f72ec569ba0824a8cba5feb67fa01307242c7b68b1e7155a5f991a060467ae1
2024-03-12T19:10:43.8852474Z ##[command]/usr/bin/docker ps --all --filter id=9f72ec569ba0824a8cba5feb67fa01307242c7b68b1e7155a5f991a060467ae1 --filter status=running --no-trunc --format "{{.ID}} {{.Status}}"
2024-03-12T19:10:43.9001477Z 9f72ec569ba0824a8cba5feb67fa01307242c7b68b1e7155a5f991a060467ae1 Up Less than a second (health: starting)
2024-03-12T19:10:43.9024222Z ##[command]/usr/bin/docker port 9f72ec569ba0824a8cba5feb67fa01307242c7b68b1e7155a5f991a060467ae1
2024-03-12T19:10:43.9155783Z 5432/tcp -> 0.0.0.0:5432
2024-03-12T19:10:43.9156931Z 5432/tcp -> [::]:5432
2024-03-12T19:10:43.9230706Z ##[endgroup]
2024-03-12T19:10:43.9256160Z ##[group]Waiting for all services to be ready
2024-03-12T19:10:43.9291806Z ##[command]/usr/bin/docker inspect --format="{{if .Config.Healthcheck}}{{print .State.Health.Status}}{{end}}" 9f72ec569ba0824a8cba5feb67fa01307242c7b68b1e7155a5f991a060467ae1
2024-03-12T19:10:43.9424216Z starting
2024-03-12T19:10:43.9450970Z db service is starting, waiting 2 seconds before checking again.
2024-03-12T19:10:45.9436320Z ##[command]/usr/bin/docker inspect --format="{{if .Config.Healthcheck}}{{print .State.Health.Status}}{{end}}" 9f72ec569ba0824a8cba5feb67fa01307242c7b68b1e7155a5f991a060467ae1
2024-03-12T19:10:45.9561356Z starting
2024-03-12T19:10:45.9573575Z db service is starting, waiting 4 seconds before checking again.
2024-03-12T19:10:50.3375458Z ##[command]/usr/bin/docker inspect --format="{{if .Config.Healthcheck}}{{print .State.Health.Status}}{{end}}" 9f72ec569ba0824a8cba5feb67fa01307242c7b68b1e7155a5f991a060467ae1
2024-03-12T19:10:50.3513849Z starting
2024-03-12T19:10:50.3516654Z db service is starting, waiting 8 seconds before checking again.
2024-03-12T19:10:58.8324709Z ##[command]/usr/bin/docker inspect --format="{{if .Config.Healthcheck}}{{print .State.Health.Status}}{{end}}" 9f72ec569ba0824a8cba5feb67fa01307242c7b68b1e7155a5f991a060467ae1
2024-03-12T19:10:58.8448094Z healthy
2024-03-12T19:10:58.8464422Z db service is healthy.
2024-03-12T19:10:58.8465207Z ##[endgroup]
2024-03-12T19:10:58.8832114Z ##[group]Run actions/checkout@v2
2024-03-12T19:10:58.8832536Z with:
2024-03-12T19:10:58.8832921Z   repository: rubyforgood/human-essentials
2024-03-12T19:10:58.8833917Z   token: ***
2024-03-12T19:10:58.8834265Z   ssh-strict: true
2024-03-12T19:10:58.8834660Z   persist-credentials: true
2024-03-12T19:10:58.8835124Z   clean: true
2024-03-12T19:10:58.8835426Z   fetch-depth: 1
2024-03-12T19:10:58.8835754Z   lfs: false
2024-03-12T19:10:58.8836141Z   submodules: false
2024-03-12T19:10:58.8836471Z   set-safe-directory: true
2024-03-12T19:10:58.8836842Z ##[endgroup]
2024-03-12T19:10:59.0567917Z Syncing repository: rubyforgood/human-essentials
2024-03-12T19:10:59.0570066Z ##[group]Getting Git version info
2024-03-12T19:10:59.0571082Z Working directory is '/home/runner/work/human-essentials/human-essentials'
2024-03-12T19:10:59.0572670Z [command]/usr/bin/git version
2024-03-12T19:10:59.0576415Z git version 2.43.2
2024-03-12T19:10:59.0600950Z ##[endgroup]
2024-03-12T19:10:59.0619787Z Temporarily overriding HOME='/home/runner/work/_temp/1b48822a-5f64-4cbc-b756-43d4a574df7e' before making global git config changes
2024-03-12T19:10:59.0621670Z Adding repository directory to the temporary git global config as a safe directory
2024-03-12T19:10:59.0624617Z [command]/usr/bin/git config --global --add safe.directory /home/runner/work/human-essentials/human-essentials
2024-03-12T19:10:59.0668995Z Deleting the contents of '/home/runner/work/human-essentials/human-essentials'
2024-03-12T19:10:59.0674335Z ##[group]Initializing the repository
2024-03-12T19:10:59.0677687Z [command]/usr/bin/git init /home/runner/work/human-essentials/human-essentials
2024-03-12T19:10:59.0741774Z hint: Using 'master' as the name for the initial branch. This default branch name
2024-03-12T19:10:59.0743336Z hint: is subject to change. To configure the initial branch name to use in all
2024-03-12T19:10:59.0776209Z hint: of your new repositories, which will suppress this warning, call:
2024-03-12T19:10:59.0778866Z hint: 
2024-03-12T19:10:59.0779702Z hint: 	git config --global init.defaultBranch <name>
2024-03-12T19:10:59.0780463Z hint: 
2024-03-12T19:10:59.0781472Z hint: Names commonly chosen instead of 'master' are 'main', 'trunk' and
2024-03-12T19:10:59.0782806Z hint: 'development'. The just-created branch can be renamed via this command:
2024-03-12T19:10:59.0810815Z hint: 
2024-03-12T19:10:59.0811955Z hint: 	git branch -m <name>
2024-03-12T19:10:59.0813193Z Initialized empty Git repository in /home/runner/work/human-essentials/human-essentials/.git/
2024-03-12T19:10:59.0815122Z [command]/usr/bin/git remote add origin https://github.com/rubyforgood/human-essentials
2024-03-12T19:10:59.0825583Z ##[endgroup]
2024-03-12T19:10:59.0826473Z ##[group]Disabling automatic garbage collection
2024-03-12T19:10:59.0829160Z [command]/usr/bin/git config --local gc.auto 0
2024-03-12T19:10:59.0866250Z ##[endgroup]
2024-03-12T19:10:59.0866899Z ##[group]Setting up auth
2024-03-12T19:10:59.0872547Z [command]/usr/bin/git config --local --name-only --get-regexp core\.sshCommand
2024-03-12T19:10:59.0909896Z [command]/usr/bin/git submodule foreach --recursive sh -c "git config --local --name-only --get-regexp 'core\.sshCommand' && git config --local --unset-all 'core.sshCommand' || :"
2024-03-12T19:10:59.1198636Z [command]/usr/bin/git config --local --name-only --get-regexp http\.https\:\/\/github\.com\/\.extraheader
2024-03-12T19:10:59.1235641Z [command]/usr/bin/git submodule foreach --recursive sh -c "git config --local --name-only --get-regexp 'http\.https\:\/\/github\.com\/\.extraheader' && git config --local --unset-all 'http.https://github.com/.extraheader' || :"
2024-03-12T19:10:59.1470223Z [command]/usr/bin/git config --local http.https://github.com/.extraheader AUTHORIZATION: basic ***
2024-03-12T19:10:59.1514281Z ##[endgroup]
2024-03-12T19:10:59.1515385Z ##[group]Fetching the repository
2024-03-12T19:10:59.1524971Z [command]/usr/bin/git -c protocol.version=2 fetch --no-tags --prune --progress --no-recurse-submodules --depth=1 origin +0210de8cceb183622d19e3bb6f58f5e0cdb32934:refs/remotes/pull/4182/merge
2024-03-12T19:10:59.3153876Z remote: Enumerating objects: 1751, done.        
2024-03-12T19:10:59.3155354Z remote: Counting objects:   0% (1/1751)        
2024-03-12T19:10:59.3156285Z remote: Counting objects:   1% (18/1751)        
2024-03-12T19:10:59.3161355Z remote: Counting objects:   2% (36/1751)        
2024-03-12T19:10:59.3162319Z remote: Counting objects:   3% (53/1751)        
2024-03-12T19:10:59.3163342Z remote: Counting objects:   4% (71/1751)        
2024-03-12T19:10:59.3164454Z remote: Counting objects:   5% (88/1751)        
2024-03-12T19:10:59.3167414Z remote: Counting objects:   6% (106/1751)        
2024-03-12T19:10:59.3169825Z remote: Counting objects:   7% (123/1751)        
2024-03-12T19:10:59.3170721Z remote: Counting objects:   8% (141/1751)        
2024-03-12T19:10:59.3171713Z remote: Counting objects:   9% (158/1751)        
2024-03-12T19:10:59.3172533Z remote: Counting objects:  10% (176/1751)        
2024-03-12T19:10:59.3173277Z remote: Counting objects:  11% (193/1751)        
2024-03-12T19:10:59.3174177Z remote: Counting objects:  12% (211/1751)        
2024-03-12T19:10:59.3174666Z remote: Counting objects:  13% (228/1751)        
2024-03-12T19:10:59.3175183Z remote: Counting objects:  14% (246/1751)        
2024-03-12T19:10:59.3175672Z remote: Counting objects:  15% (263/1751)        
2024-03-12T19:10:59.3176152Z remote: Counting objects:  16% (281/1751)        
2024-03-12T19:10:59.3176679Z remote: Counting objects:  17% (298/1751)        
2024-03-12T19:10:59.3177125Z remote: Counting objects:  18% (316/1751)        
2024-03-12T19:10:59.3177595Z remote: Counting objects:  19% (333/1751)        
2024-03-12T19:10:59.3178119Z remote: Counting objects:  20% (351/1751)        
2024-03-12T19:10:59.3178565Z remote: Counting objects:  21% (368/1751)        
2024-03-12T19:10:59.3179315Z remote: Counting objects:  22% (386/1751)        
2024-03-12T19:10:59.3179906Z remote: Counting objects:  23% (403/1751)        
2024-03-12T19:10:59.3180355Z remote: Counting objects:  24% (421/1751)        
2024-03-12T19:10:59.3180837Z remote: Counting objects:  25% (438/1751)        
2024-03-12T19:10:59.3181399Z remote: Counting objects:  26% (456/1751)        
2024-03-12T19:10:59.3181832Z remote: Counting objects:  27% (473/1751)        
2024-03-12T19:10:59.3182307Z remote: Counting objects:  28% (491/1751)        
2024-03-12T19:10:59.3182857Z remote: Counting objects:  29% (508/1751)        
2024-03-12T19:10:59.3183286Z remote: Counting objects:  30% (526/1751)        
2024-03-12T19:10:59.3183755Z remote: Counting objects:  31% (543/1751)        
2024-03-12T19:10:59.3184298Z remote: Counting objects:  32% (561/1751)        
2024-03-12T19:10:59.3184730Z remote: Counting objects:  33% (578/1751)        
2024-03-12T19:10:59.3185209Z remote: Counting objects:  34% (596/1751)        
2024-03-12T19:10:59.3185742Z remote: Counting objects:  35% (613/1751)        
2024-03-12T19:10:59.3186218Z remote: Counting objects:  36% (631/1751)        
2024-03-12T19:10:59.3186691Z remote: Counting objects:  37% (648/1751)        
2024-03-12T19:10:59.3187228Z remote: Counting objects:  38% (666/1751)        
2024-03-12T19:10:59.3187703Z remote: Counting objects:  39% (683/1751)        
2024-03-12T19:10:59.3188146Z remote: Counting objects:  40% (701/1751)        
2024-03-12T19:10:59.3188679Z remote: Counting objects:  41% (718/1751)        
2024-03-12T19:10:59.3189145Z remote: Counting objects:  42% (736/1751)        
2024-03-12T19:10:59.3189592Z remote: Counting objects:  43% (753/1751)        
2024-03-12T19:10:59.3190126Z remote: Counting objects:  44% (771/1751)        
2024-03-12T19:10:59.3190611Z remote: Counting objects:  45% (788/1751)        
2024-03-12T19:10:59.3191037Z remote: Counting objects:  46% (806/1751)        
2024-03-12T19:10:59.3191567Z remote: Counting objects:  47% (823/1751)        
2024-03-12T19:10:59.3192052Z remote: Counting objects:  48% (841/1751)        
2024-03-12T19:10:59.3192493Z remote: Counting objects:  49% (858/1751)        
2024-03-12T19:10:59.3193187Z remote: Counting objects:  50% (876/1751)        
2024-03-12T19:10:59.3193940Z remote: Counting objects:  51% (894/1751)        
2024-03-12T19:10:59.3194377Z remote: Counting objects:  52% (911/1751)        
2024-03-12T19:10:59.3194940Z remote: Counting objects:  53% (929/1751)        
2024-03-12T19:10:59.3195426Z remote: Counting objects:  54% (946/1751)        
2024-03-12T19:10:59.3195853Z remote: Counting objects:  55% (964/1751)        
2024-03-12T19:10:59.3196390Z remote: Counting objects:  56% (981/1751)        
2024-03-12T19:10:59.3196857Z remote: Counting objects:  57% (999/1751)        
2024-03-12T19:10:59.3197782Z remote: Counting objects:  58% (1016/1751)        
2024-03-12T19:10:59.3199013Z remote: Counting objects:  59% (1034/1751)        
2024-03-12T19:10:59.3199558Z remote: Counting objects:  60% (1051/1751)        
2024-03-12T19:10:59.3200485Z remote: Counting objects:  61% (1069/1751)        
2024-03-12T19:10:59.3201716Z remote: Counting objects:  62% (1086/1751)        
2024-03-12T19:10:59.3202437Z remote: Counting objects:  63% (1104/1751)        
2024-03-12T19:10:59.3202953Z remote: Counting objects:  64% (1121/1751)        
2024-03-12T19:10:59.3203999Z remote: Counting objects:  65% (1139/1751)        
2024-03-12T19:10:59.3204526Z remote: Counting objects:  66% (1156/1751)        
2024-03-12T19:10:59.3205035Z remote: Counting objects:  67% (1174/1751)        
2024-03-12T19:10:59.3205619Z remote: Counting objects:  68% (1191/1751)        
2024-03-12T19:10:59.3206080Z remote: Counting objects:  69% (1209/1751)        
2024-03-12T19:10:59.3206716Z remote: Counting objects:  70% (1226/1751)        
2024-03-12T19:10:59.3207169Z remote: Counting objects:  71% (1244/1751)        
2024-03-12T19:10:59.3207663Z remote: Counting objects:  72% (1261/1751)        
2024-03-12T19:10:59.3208225Z remote: Counting objects:  73% (1279/1751)        
2024-03-12T19:10:59.3208895Z remote: Counting objects:  74% (1296/1751)        
2024-03-12T19:10:59.3209400Z remote: Counting objects:  75% (1314/1751)        
2024-03-12T19:10:59.3209944Z remote: Counting objects:  76% (1331/1751)        
2024-03-12T19:10:59.3210390Z remote: Counting objects:  77% (1349/1751)        
2024-03-12T19:10:59.3210882Z remote: Counting objects:  78% (1366/1751)        
2024-03-12T19:10:59.3211414Z remote: Counting objects:  79% (1384/1751)        
2024-03-12T19:10:59.3211857Z remote: Counting objects:  80% (1401/1751)        
2024-03-12T19:10:59.3212348Z remote: Counting objects:  81% (1419/1751)        
2024-03-12T19:10:59.3212880Z remote: Counting objects:  82% (1436/1751)        
2024-03-12T19:10:59.3213331Z remote: Counting objects:  83% (1454/1751)        
2024-03-12T19:10:59.3213833Z remote: Counting objects:  84% (1471/1751)        
2024-03-12T19:10:59.3214972Z remote: Counting objects:  85% (1489/1751)        
2024-03-12T19:10:59.3215447Z remote: Counting objects:  86% (1506/1751)        
2024-03-12T19:10:59.3216002Z remote: Counting objects:  87% (1524/1751)        
2024-03-12T19:10:59.3216551Z remote: Counting objects:  88% (1541/1751)        
2024-03-12T19:10:59.3217043Z remote: Counting objects:  89% (1559/1751)        
2024-03-12T19:10:59.3217637Z remote: Counting objects:  90% (1576/1751)        
2024-03-12T19:10:59.3218185Z remote: Counting objects:  91% (1594/1751)        
2024-03-12T19:10:59.3218678Z remote: Counting objects:  92% (1611/1751)        
2024-03-12T19:10:59.3219118Z remote: Counting objects:  93% (1629/1751)        
2024-03-12T19:10:59.3219666Z remote: Counting objects:  94% (1646/1751)        
2024-03-12T19:10:59.3220170Z remote: Counting objects:  95% (1664/1751)        
2024-03-12T19:10:59.3220614Z remote: Counting objects:  96% (1681/1751)        
2024-03-12T19:10:59.3221168Z remote: Counting objects:  97% (1699/1751)        
2024-03-12T19:10:59.3221663Z remote: Counting objects:  98% (1716/1751)        
2024-03-12T19:10:59.3222183Z remote: Counting objects:  99% (1734/1751)        
2024-03-12T19:10:59.3222841Z remote: Counting objects: 100% (1751/1751)        
2024-03-12T19:10:59.3224146Z remote: Counting objects: 100% (1751/1751), done.        
2024-03-12T19:10:59.3224801Z remote: Compressing objects:   0% (1/1568)        
2024-03-12T19:10:59.3225469Z remote: Compressing objects:   1% (16/1568)        
2024-03-12T19:10:59.3225984Z remote: Compressing objects:   2% (32/1568)        
2024-03-12T19:10:59.3226450Z remote: Compressing objects:   3% (48/1568)        
2024-03-12T19:10:59.3227045Z remote: Compressing objects:   4% (63/1568)        
2024-03-12T19:10:59.3227805Z remote: Compressing objects:   5% (79/1568)        
2024-03-12T19:10:59.3228615Z remote: Compressing objects:   6% (95/1568)        
2024-03-12T19:10:59.3229218Z remote: Compressing objects:   7% (110/1568)        
2024-03-12T19:10:59.3229733Z remote: Compressing objects:   8% (126/1568)        
2024-03-12T19:10:59.3230256Z remote: Compressing objects:   9% (142/1568)        
2024-03-12T19:10:59.3230811Z remote: Compressing objects:  10% (157/1568)        
2024-03-12T19:10:59.3231345Z remote: Compressing objects:  11% (173/1568)        
2024-03-12T19:10:59.3232312Z remote: Compressing objects:  12% (189/1568)        
2024-03-12T19:10:59.3232956Z remote: Compressing objects:  13% (204/1568)        
2024-03-12T19:10:59.3233669Z remote: Compressing objects:  14% (220/1568)        
2024-03-12T19:10:59.3234223Z remote: Compressing objects:  15% (236/1568)        
2024-03-12T19:10:59.3234799Z remote: Compressing objects:  16% (251/1568)        
2024-03-12T19:10:59.3235319Z remote: Compressing objects:  17% (267/1568)        
2024-03-12T19:10:59.3235845Z remote: Compressing objects:  18% (283/1568)        
2024-03-12T19:10:59.3236380Z remote: Compressing objects:  19% (298/1568)        
2024-03-12T19:10:59.3236895Z remote: Compressing objects:  20% (314/1568)        
2024-03-12T19:10:59.3237393Z remote: Compressing objects:  21% (330/1568)        
2024-03-12T19:10:59.3238134Z remote: Compressing objects:  22% (345/1568)        
2024-03-12T19:10:59.3238662Z remote: Compressing objects:  23% (361/1568)        
2024-03-12T19:10:59.3239160Z remote: Compressing objects:  24% (377/1568)        
2024-03-12T19:10:59.3239736Z remote: Compressing objects:  25% (392/1568)        
2024-03-12T19:10:59.3240196Z remote: Compressing objects:  26% (408/1568)        
2024-03-12T19:10:59.3240700Z remote: Compressing objects:  27% (424/1568)        
2024-03-12T19:10:59.3241276Z remote: Compressing objects:  28% (440/1568)        
2024-03-12T19:10:59.3241737Z remote: Compressing objects:  29% (455/1568)        
2024-03-12T19:10:59.3242223Z remote: Compressing objects:  30% (471/1568)        
2024-03-12T19:10:59.3242801Z remote: Compressing objects:  31% (487/1568)        
2024-03-12T19:10:59.3243257Z remote: Compressing objects:  32% (502/1568)        
2024-03-12T19:10:59.3243744Z remote: Compressing objects:  33% (518/1568)        
2024-03-12T19:10:59.3244322Z remote: Compressing objects:  34% (534/1568)        
2024-03-12T19:10:59.3244782Z remote: Compressing objects:  35% (549/1568)        
2024-03-12T19:10:59.3245270Z remote: Compressing objects:  36% (565/1568)        
2024-03-12T19:10:59.3245841Z remote: Compressing objects:  37% (581/1568)        
2024-03-12T19:10:59.3246296Z remote: Compressing objects:  38% (596/1568)        
2024-03-12T19:10:59.3246795Z remote: Compressing objects:  39% (612/1568)        
2024-03-12T19:10:59.3247378Z remote: Compressing objects:  40% (628/1568)        
2024-03-12T19:10:59.3247835Z remote: Compressing objects:  41% (643/1568)        
2024-03-12T19:10:59.3248347Z remote: Compressing objects:  42% (659/1568)        
2024-03-12T19:10:59.3248914Z remote: Compressing objects:  43% (675/1568)        
2024-03-12T19:10:59.3249401Z remote: Compressing objects:  44% (690/1568)        
2024-03-12T19:10:59.3250172Z remote: Compressing objects:  45% (706/1568)        
2024-03-12T19:10:59.3251668Z remote: Compressing objects:  46% (722/1568)        
2024-03-12T19:10:59.3253468Z remote: Compressing objects:  47% (737/1568)        
2024-03-12T19:10:59.3254226Z remote: Compressing objects:  48% (753/1568)        
2024-03-12T19:10:59.3255044Z remote: Compressing objects:  49% (769/1568)        
2024-03-12T19:10:59.3255603Z remote: Compressing objects:  50% (784/1568)        
2024-03-12T19:10:59.3256079Z remote: Compressing objects:  51% (800/1568)        
2024-03-12T19:10:59.3256656Z remote: Compressing objects:  52% (816/1568)        
2024-03-12T19:10:59.3257175Z remote: Compressing objects:  53% (832/1568)        
2024-03-12T19:10:59.3257646Z remote: Compressing objects:  54% (847/1568)        
2024-03-12T19:10:59.3258205Z remote: Compressing objects:  55% (863/1568)        
2024-03-12T19:10:59.3258715Z remote: Compressing objects:  56% (879/1568)        
2024-03-12T19:10:59.3259181Z remote: Compressing objects:  57% (894/1568)        
2024-03-12T19:10:59.3259740Z remote: Compressing objects:  58% (910/1568)        
2024-03-12T19:10:59.3260251Z remote: Compressing objects:  59% (926/1568)        
2024-03-12T19:10:59.3260712Z remote: Compressing objects:  60% (941/1568)        
2024-03-12T19:10:59.3261288Z remote: Compressing objects:  61% (957/1568)        
2024-03-12T19:10:59.3261826Z remote: Compressing objects:  62% (973/1568)        
2024-03-12T19:10:59.3262387Z remote: Compressing objects:  63% (988/1568)        
2024-03-12T19:10:59.3262895Z remote: Compressing objects:  64% (1004/1568)        
2024-03-12T19:10:59.3263413Z remote: Compressing objects:  65% (1020/1568)        
2024-03-12T19:10:59.3263989Z remote: Compressing objects:  66% (1035/1568)        
2024-03-12T19:10:59.3264485Z remote: Compressing objects:  67% (1051/1568)        
2024-03-12T19:10:59.3264988Z remote: Compressing objects:  68% (1067/1568)        
2024-03-12T19:10:59.3265564Z remote: Compressing objects:  69% (1082/1568)        
2024-03-12T19:10:59.3266057Z remote: Compressing objects:  70% (1098/1568)        
2024-03-12T19:10:59.3267552Z remote: Compressing objects:  71% (1114/1568)        
2024-03-12T19:10:59.3268519Z remote: Compressing objects:  72% (1129/1568)        
2024-03-12T19:10:59.3269018Z remote: Compressing objects:  73% (1145/1568)        
2024-03-12T19:10:59.3269550Z remote: Compressing objects:  74% (1161/1568)        
2024-03-12T19:10:59.3270158Z remote: Compressing objects:  75% (1176/1568)        
2024-03-12T19:10:59.3270642Z remote: Compressing objects:  76% (1192/1568)        
2024-03-12T19:10:59.3271144Z remote: Compressing objects:  77% (1208/1568)        
2024-03-12T19:10:59.3271740Z remote: Compressing objects:  78% (1224/1568)        
2024-03-12T19:10:59.3272217Z remote: Compressing objects:  79% (1239/1568)        
2024-03-12T19:10:59.3272722Z remote: Compressing objects:  80% (1255/1568)        
2024-03-12T19:10:59.3273292Z remote: Compressing objects:  81% (1271/1568)        
2024-03-12T19:10:59.3274020Z remote: Compressing objects:  82% (1286/1568)        
2024-03-12T19:10:59.3274491Z remote: Compressing objects:  83% (1302/1568)        
2024-03-12T19:10:59.3275091Z remote: Compressing objects:  84% (1318/1568)        
2024-03-12T19:10:59.3275608Z remote: Compressing objects:  85% (1333/1568)        
2024-03-12T19:10:59.3276092Z remote: Compressing objects:  86% (1349/1568)        
2024-03-12T19:10:59.3276651Z remote: Compressing objects:  87% (1365/1568)        
2024-03-12T19:10:59.3277150Z remote: Compressing objects:  88% (1380/1568)        
2024-03-12T19:10:59.3277629Z remote: Compressing objects:  89% (1396/1568)        
2024-03-12T19:10:59.3278242Z remote: Compressing objects:  90% (1412/1568)        
2024-03-12T19:10:59.3278709Z remote: Compressing objects:  91% (1427/1568)        
2024-03-12T19:10:59.3279217Z remote: Compressing objects:  92% (1443/1568)        
2024-03-12T19:10:59.3279780Z remote: Compressing objects:  93% (1459/1568)        
2024-03-12T19:10:59.3280242Z remote: Compressing objects:  94% (1474/1568)        
2024-03-12T19:10:59.3280749Z remote: Compressing objects:  95% (1490/1568)        
2024-03-12T19:10:59.3281311Z remote: Compressing objects:  96% (1506/1568)        
2024-03-12T19:10:59.3281805Z remote: Compressing objects:  97% (1521/1568)        
2024-03-12T19:10:59.3282298Z remote: Compressing objects:  98% (1537/1568)        
2024-03-12T19:10:59.3283004Z remote: Compressing objects:  99% (1553/1568)        
2024-03-12T19:10:59.3283499Z remote: Compressing objects: 100% (1568/1568)        
2024-03-12T19:10:59.3284034Z remote: Compressing objects: 100% (1568/1568), done.        
2024-03-12T19:10:59.3284634Z Receiving objects:   0% (1/1751)
2024-03-12T19:10:59.3284998Z Receiving objects:   1% (18/1751)
2024-03-12T19:10:59.3309045Z Receiving objects:   2% (36/1751)
2024-03-12T19:10:59.3417385Z Receiving objects:   3% (53/1751)
2024-03-12T19:10:59.3815235Z Receiving objects:   4% (71/1751)
2024-03-12T19:10:59.3818120Z Receiving objects:   5% (88/1751)
2024-03-12T19:10:59.3821965Z Receiving objects:   6% (106/1751)
2024-03-12T19:10:59.3827884Z Receiving objects:   7% (123/1751)
2024-03-12T19:10:59.3832328Z Receiving objects:   8% (141/1751)
2024-03-12T19:10:59.3836898Z Receiving objects:   9% (158/1751)
2024-03-12T19:10:59.3839963Z Receiving objects:  10% (176/1751)
2024-03-12T19:10:59.3843609Z Receiving objects:  11% (193/1751)
2024-03-12T19:10:59.3847468Z Receiving objects:  12% (211/1751)
2024-03-12T19:10:59.3864783Z Receiving objects:  13% (228/1751)
2024-03-12T19:10:59.3867362Z Receiving objects:  14% (246/1751)
2024-03-12T19:10:59.3871209Z Receiving objects:  15% (263/1751)
2024-03-12T19:10:59.3874531Z Receiving objects:  16% (281/1751)
2024-03-12T19:10:59.3881340Z Receiving objects:  17% (298/1751)
2024-03-12T19:10:59.3885514Z Receiving objects:  18% (316/1751)
2024-03-12T19:10:59.3890546Z Receiving objects:  19% (333/1751)
2024-03-12T19:10:59.3893950Z Receiving objects:  20% (351/1751)
2024-03-12T19:10:59.3897757Z Receiving objects:  21% (368/1751)
2024-03-12T19:10:59.3901084Z Receiving objects:  22% (386/1751)
2024-03-12T19:10:59.3904298Z Receiving objects:  23% (403/1751)
2024-03-12T19:10:59.3908255Z Receiving objects:  24% (421/1751)
2024-03-12T19:10:59.3911577Z Receiving objects:  25% (438/1751)
2024-03-12T19:10:59.3912661Z Receiving objects:  26% (456/1751)
2024-03-12T19:10:59.3916533Z Receiving objects:  27% (473/1751)
2024-03-12T19:10:59.3918901Z Receiving objects:  28% (491/1751)
2024-03-12T19:10:59.3920274Z Receiving objects:  29% (508/1751)
2024-03-12T19:10:59.3925080Z Receiving objects:  30% (526/1751)
2024-03-12T19:10:59.3927870Z Receiving objects:  31% (543/1751)
2024-03-12T19:10:59.3930650Z Receiving objects:  32% (561/1751)
2024-03-12T19:10:59.3932586Z Receiving objects:  33% (578/1751)
2024-03-12T19:10:59.3934466Z Receiving objects:  34% (596/1751)
2024-03-12T19:10:59.3936258Z Receiving objects:  35% (613/1751)
2024-03-12T19:10:59.3940791Z Receiving objects:  36% (631/1751)
2024-03-12T19:10:59.3943855Z Receiving objects:  37% (648/1751)
2024-03-12T19:10:59.3945474Z Receiving objects:  38% (666/1751)
2024-03-12T19:10:59.3948988Z Receiving objects:  39% (683/1751)
2024-03-12T19:10:59.3952031Z Receiving objects:  40% (701/1751)
2024-03-12T19:10:59.3955044Z Receiving objects:  41% (718/1751)
2024-03-12T19:10:59.3956876Z Receiving objects:  42% (736/1751)
2024-03-12T19:10:59.3960003Z Receiving objects:  43% (753/1751)
2024-03-12T19:10:59.3963045Z Receiving objects:  44% (771/1751)
2024-03-12T19:10:59.3965176Z Receiving objects:  45% (788/1751)
2024-03-12T19:10:59.3967584Z Receiving objects:  46% (806/1751)
2024-03-12T19:10:59.3970675Z Receiving objects:  47% (823/1751)
2024-03-12T19:10:59.3973707Z Receiving objects:  48% (841/1751)
2024-03-12T19:10:59.3976199Z Receiving objects:  49% (858/1751)
2024-03-12T19:10:59.3977793Z Receiving objects:  50% (876/1751)
2024-03-12T19:10:59.3979652Z Receiving objects:  51% (894/1751)
2024-03-12T19:10:59.3983051Z Receiving objects:  52% (911/1751)
2024-03-12T19:10:59.3987895Z Receiving objects:  53% (929/1751)
2024-03-12T19:10:59.3992587Z Receiving objects:  54% (946/1751)
2024-03-12T19:10:59.4000758Z Receiving objects:  55% (964/1751)
2024-03-12T19:10:59.4004853Z Receiving objects:  56% (981/1751)
2024-03-12T19:10:59.4006597Z Receiving objects:  57% (999/1751)
2024-03-12T19:10:59.4008611Z Receiving objects:  58% (1016/1751)
2024-03-12T19:10:59.4010761Z Receiving objects:  59% (1034/1751)
2024-03-12T19:10:59.4012853Z Receiving objects:  60% (1051/1751)
2024-03-12T19:10:59.4014733Z Receiving objects:  61% (1069/1751)
2024-03-12T19:10:59.4016425Z Receiving objects:  62% (1086/1751)
2024-03-12T19:10:59.4018170Z Receiving objects:  63% (1104/1751)
2024-03-12T19:10:59.4019290Z Receiving objects:  64% (1121/1751)
2024-03-12T19:10:59.4021739Z Receiving objects:  65% (1139/1751)
2024-03-12T19:10:59.4024520Z Receiving objects:  66% (1156/1751)
2024-03-12T19:10:59.4026106Z Receiving objects:  67% (1174/1751)
2024-03-12T19:10:59.4028189Z Receiving objects:  68% (1191/1751)
2024-03-12T19:10:59.4031507Z Receiving objects:  69% (1209/1751)
2024-03-12T19:10:59.4033198Z Receiving objects:  70% (1226/1751)
2024-03-12T19:10:59.4039718Z Receiving objects:  71% (1244/1751)
2024-03-12T19:10:59.4054259Z Receiving objects:  72% (1261/1751)
2024-03-12T19:10:59.4056998Z Receiving objects:  73% (1279/1751)
2024-03-12T19:10:59.4062116Z Receiving objects:  74% (1296/1751)
2024-03-12T19:10:59.4187073Z Receiving objects:  75% (1314/1751)
2024-03-12T19:10:59.4297691Z Receiving objects:  76% (1331/1751)
2024-03-12T19:10:59.4377608Z Receiving objects:  77% (1349/1751)
2024-03-12T19:10:59.4701597Z Receiving objects:  78% (1366/1751)
2024-03-12T19:10:59.4834516Z Receiving objects:  79% (1384/1751)
2024-03-12T19:10:59.5014638Z Receiving objects:  80% (1401/1751)
2024-03-12T19:10:59.5019565Z Receiving objects:  81% (1419/1751)
2024-03-12T19:10:59.5022316Z Receiving objects:  82% (1436/1751)
2024-03-12T19:10:59.5025355Z Receiving objects:  83% (1454/1751)
2024-03-12T19:10:59.5030215Z Receiving objects:  84% (1471/1751)
2024-03-12T19:10:59.5034152Z Receiving objects:  85% (1489/1751)
2024-03-12T19:10:59.5040635Z Receiving objects:  86% (1506/1751)
2024-03-12T19:10:59.5047648Z Receiving objects:  87% (1524/1751)
2024-03-12T19:10:59.5052603Z Receiving objects:  88% (1541/1751)
2024-03-12T19:10:59.5057222Z Receiving objects:  89% (1559/1751)
2024-03-12T19:10:59.5063384Z Receiving objects:  90% (1576/1751)
2024-03-12T19:10:59.5069706Z Receiving objects:  91% (1594/1751)
2024-03-12T19:10:59.5075159Z Receiving objects:  92% (1611/1751)
2024-03-12T19:10:59.5080023Z Receiving objects:  93% (1629/1751)
2024-03-12T19:10:59.5084051Z Receiving objects:  94% (1646/1751)
2024-03-12T19:10:59.5087685Z Receiving objects:  95% (1664/1751)
2024-03-12T19:10:59.5090248Z Receiving objects:  96% (1681/1751)
2024-03-12T19:10:59.5098107Z Receiving objects:  97% (1699/1751)
2024-03-12T19:10:59.5105735Z Receiving objects:  98% (1716/1751)
2024-03-12T19:10:59.5119907Z Receiving objects:  99% (1734/1751)
2024-03-12T19:10:59.5121122Z remote: Total 1751 (delta 280), reused 1003 (delta 143), pack-reused 0        
2024-03-12T19:10:59.5129968Z Receiving objects: 100% (1751/1751)
2024-03-12T19:10:59.5131284Z Receiving objects: 100% (1751/1751), 6.60 MiB | 34.67 MiB/s, done.
2024-03-12T19:10:59.5135691Z Resolving deltas:   0% (0/280)
2024-03-12T19:10:59.5140465Z Resolving deltas:   1% (3/280)
2024-03-12T19:10:59.5141237Z Resolving deltas:   2% (6/280)
2024-03-12T19:10:59.5141935Z Resolving deltas:   3% (9/280)
2024-03-12T19:10:59.5142672Z Resolving deltas:   4% (12/280)
2024-03-12T19:10:59.5146689Z Resolving deltas:   5% (14/280)
2024-03-12T19:10:59.5147783Z Resolving deltas:   6% (17/280)
2024-03-12T19:10:59.5148812Z Resolving deltas:   7% (20/280)
2024-03-12T19:10:59.5149608Z Resolving deltas:   8% (23/280)
2024-03-12T19:10:59.5150231Z Resolving deltas:   9% (26/280)
2024-03-12T19:10:59.5150995Z Resolving deltas:  10% (28/280)
2024-03-12T19:10:59.5151619Z Resolving deltas:  11% (31/280)
2024-03-12T19:10:59.5152204Z Resolving deltas:  12% (35/280)
2024-03-12T19:10:59.5152916Z Resolving deltas:  13% (37/280)
2024-03-12T19:10:59.5163992Z Resolving deltas:  14% (40/280)
2024-03-12T19:10:59.5165919Z Resolving deltas:  15% (42/280)
2024-03-12T19:10:59.5168067Z Resolving deltas:  16% (45/280)
2024-03-12T19:10:59.5170425Z Resolving deltas:  17% (48/280)
2024-03-12T19:10:59.5171473Z Resolving deltas:  18% (51/280)
2024-03-12T19:10:59.5174398Z Resolving deltas:  19% (54/280)
2024-03-12T19:10:59.5175621Z Resolving deltas:  20% (56/280)
2024-03-12T19:10:59.5176440Z Resolving deltas:  21% (59/280)
2024-03-12T19:10:59.5180147Z Resolving deltas:  22% (62/280)
2024-03-12T19:10:59.5180757Z Resolving deltas:  23% (65/280)
2024-03-12T19:10:59.5181397Z Resolving deltas:  24% (68/280)
2024-03-12T19:10:59.5182091Z Resolving deltas:  25% (70/280)
2024-03-12T19:10:59.5182652Z Resolving deltas:  26% (73/280)
2024-03-12T19:10:59.5183276Z Resolving deltas:  27% (76/280)
2024-03-12T19:10:59.5183976Z Resolving deltas:  28% (79/280)
2024-03-12T19:10:59.5184590Z Resolving deltas:  29% (82/280)
2024-03-12T19:10:59.5185217Z Resolving deltas:  30% (84/280)
2024-03-12T19:10:59.5185892Z Resolving deltas:  31% (87/280)
2024-03-12T19:10:59.5186443Z Resolving deltas:  32% (90/280)
2024-03-12T19:10:59.5187055Z Resolving deltas:  33% (93/280)
2024-03-12T19:10:59.5187741Z Resolving deltas:  34% (96/280)
2024-03-12T19:10:59.5188290Z Resolving deltas:  35% (98/280)
2024-03-12T19:10:59.5188915Z Resolving deltas:  36% (101/280)
2024-03-12T19:10:59.5189637Z Resolving deltas:  37% (104/280)
2024-03-12T19:10:59.5190226Z Resolving deltas:  38% (107/280)
2024-03-12T19:10:59.5190868Z Resolving deltas:  39% (110/280)
2024-03-12T19:10:59.5191578Z Resolving deltas:  40% (112/280)
2024-03-12T19:10:59.5192171Z Resolving deltas:  41% (115/280)
2024-03-12T19:10:59.5192784Z Resolving deltas:  42% (118/280)
2024-03-12T19:10:59.5194379Z Resolving deltas:  43% (122/280)
2024-03-12T19:10:59.5196177Z Resolving deltas:  44% (124/280)
2024-03-12T19:10:59.5196755Z Resolving deltas:  45% (126/280)
2024-03-12T19:10:59.5197482Z Resolving deltas:  46% (129/280)
2024-03-12T19:10:59.5198113Z Resolving deltas:  47% (132/280)
2024-03-12T19:10:59.5198682Z Resolving deltas:  48% (136/280)
2024-03-12T19:10:59.5199391Z Resolving deltas:  49% (138/280)
2024-03-12T19:10:59.5200027Z Resolving deltas:  50% (140/280)
2024-03-12T19:10:59.5203172Z Resolving deltas:  51% (143/280)
2024-03-12T19:10:59.5203916Z Resolving deltas:  52% (146/280)
2024-03-12T19:10:59.5204589Z Resolving deltas:  53% (149/280)
2024-03-12T19:10:59.5205195Z Resolving deltas:  54% (152/280)
2024-03-12T19:10:59.5205887Z Resolving deltas:  55% (154/280)
2024-03-12T19:10:59.5206513Z Resolving deltas:  56% (157/280)
2024-03-12T19:10:59.5207120Z Resolving deltas:  57% (160/280)
2024-03-12T19:10:59.5207797Z Resolving deltas:  58% (163/280)
2024-03-12T19:10:59.5208399Z Resolving deltas:  59% (166/280)
2024-03-12T19:10:59.5209169Z Resolving deltas:  60% (168/280)
2024-03-12T19:10:59.5209902Z Resolving deltas:  61% (172/280)
2024-03-12T19:10:59.5210471Z Resolving deltas:  62% (174/280)
2024-03-12T19:10:59.5211117Z Resolving deltas:  63% (177/280)
2024-03-12T19:10:59.5211831Z Resolving deltas:  64% (180/280)
2024-03-12T19:10:59.5212397Z Resolving deltas:  65% (182/280)
2024-03-12T19:10:59.5213025Z Resolving deltas:  66% (185/280)
2024-03-12T19:10:59.5213769Z Resolving deltas:  67% (188/280)
2024-03-12T19:10:59.5214334Z Resolving deltas:  68% (191/280)
2024-03-12T19:10:59.5214963Z Resolving deltas:  69% (194/280)
2024-03-12T19:10:59.5215901Z Resolving deltas:  70% (196/280)
2024-03-12T19:10:59.5216461Z Resolving deltas:  71% (199/280)
2024-03-12T19:10:59.5217852Z Resolving deltas:  72% (202/280)
2024-03-12T19:10:59.5218589Z Resolving deltas:  73% (205/280)
2024-03-12T19:10:59.5220004Z Resolving deltas:  74% (208/280)
2024-03-12T19:10:59.5220735Z Resolving deltas:  75% (210/280)
2024-03-12T19:10:59.5221324Z Resolving deltas:  76% (213/280)
2024-03-12T19:10:59.5221950Z Resolving deltas:  77% (216/280)
2024-03-12T19:10:59.5222706Z Resolving deltas:  78% (219/280)
2024-03-12T19:10:59.5223295Z Resolving deltas:  79% (222/280)
2024-03-12T19:10:59.5223908Z Resolving deltas:  80% (224/280)
2024-03-12T19:10:59.5225298Z Resolving deltas:  81% (227/280)
2024-03-12T19:10:59.5226012Z Resolving deltas:  82% (230/280)
2024-03-12T19:10:59.5227612Z Resolving deltas:  83% (233/280)
2024-03-12T19:10:59.5229385Z Resolving deltas:  84% (236/280)
2024-03-12T19:10:59.5230196Z Resolving deltas:  85% (238/280)
2024-03-12T19:10:59.5233147Z Resolving deltas:  86% (241/280)
2024-03-12T19:10:59.5238599Z Resolving deltas:  87% (244/280)
2024-03-12T19:10:59.5239568Z Resolving deltas:  88% (247/280)
2024-03-12T19:10:59.5240398Z Resolving deltas:  89% (250/280)
2024-03-12T19:10:59.5242286Z Resolving deltas:  90% (252/280)
2024-03-12T19:10:59.5244244Z Resolving deltas:  91% (255/280)
2024-03-12T19:10:59.5244926Z Resolving deltas:  92% (258/280)
2024-03-12T19:10:59.5246575Z Resolving deltas:  93% (261/280)
2024-03-12T19:10:59.5252882Z Resolving deltas:  94% (264/280)
2024-03-12T19:10:59.5253553Z Resolving deltas:  95% (266/280)
2024-03-12T19:10:59.5254283Z Resolving deltas:  96% (269/280)
2024-03-12T19:10:59.5254995Z Resolving deltas:  97% (272/280)
2024-03-12T19:10:59.5255523Z Resolving deltas:  98% (275/280)
2024-03-12T19:10:59.5256009Z Resolving deltas:  99% (278/280)
2024-03-12T19:10:59.5257818Z Resolving deltas: 100% (280/280)
2024-03-12T19:10:59.5258470Z Resolving deltas: 100% (280/280), done.
2024-03-12T19:10:59.5403141Z From https://github.com/rubyforgood/human-essentials
2024-03-12T19:10:59.5404005Z  * [new ref]         0210de8cceb183622d19e3bb6f58f5e0cdb32934 -> pull/4182/merge
2024-03-12T19:10:59.5428112Z ##[endgroup]
2024-03-12T19:10:59.5429045Z ##[group]Determining the checkout info
2024-03-12T19:10:59.5429939Z ##[endgroup]
2024-03-12T19:10:59.5430608Z ##[group]Checking out the ref
2024-03-12T19:10:59.5434869Z [command]/usr/bin/git checkout --progress --force refs/remotes/pull/4182/merge
2024-03-12T19:10:59.6821783Z Note: switching to 'refs/remotes/pull/4182/merge'.
2024-03-12T19:10:59.6822354Z 
2024-03-12T19:10:59.6823129Z You are in 'detached HEAD' state. You can look around, make experimental
2024-03-12T19:10:59.6824340Z changes and commit them, and you can discard any commits you make in this
2024-03-12T19:10:59.6825442Z state without impacting any branches by switching back to a branch.
2024-03-12T19:10:59.6826431Z 
2024-03-12T19:10:59.6827009Z If you want to create a new branch to retain commits you create, you may
2024-03-12T19:10:59.6827832Z do so (now or later) by using -c with the switch command. Example:
2024-03-12T19:10:59.6828211Z 
2024-03-12T19:10:59.6828388Z   git switch -c <new-branch-name>
2024-03-12T19:10:59.6828699Z 
2024-03-12T19:10:59.6828910Z Or undo this operation with:
2024-03-12T19:10:59.6829137Z 
2024-03-12T19:10:59.6829294Z   git switch -
2024-03-12T19:10:59.6829464Z 
2024-03-12T19:10:59.6829807Z Turn off this advice by setting config variable advice.detachedHead to false
2024-03-12T19:10:59.6830252Z 
2024-03-12T19:10:59.6830850Z HEAD is now at 0210de8 Merge ecee7ebdc5b19395931b8b88a01cf71e56a91a60 into 449d8506f768bf1894e05c17983a13da27472321
2024-03-12T19:10:59.6832220Z ##[endgroup]
2024-03-12T19:10:59.6878669Z [command]/usr/bin/git log -1 --format='%H'
2024-03-12T19:10:59.6913399Z '0210de8cceb183622d19e3bb6f58f5e0cdb32934'
2024-03-12T19:10:59.7220851Z ##[group]Run ruby/setup-ruby@v1
2024-03-12T19:10:59.7221243Z with:
2024-03-12T19:10:59.7221566Z   bundler-cache: true
2024-03-12T19:10:59.7221998Z   ruby-version: default
2024-03-12T19:10:59.7222313Z ##[endgroup]
2024-03-12T19:10:59.8903934Z Using 3.2.2 as input from file .ruby-version
2024-03-12T19:10:59.8931167Z ##[group]Modifying PATH
2024-03-12T19:10:59.8932128Z Entries added to PATH to use selected Ruby:
2024-03-12T19:10:59.8932999Z   /opt/hostedtoolcache/Ruby/3.2.2/x64/bin
2024-03-12T19:10:59.8934373Z ##[endgroup]
2024-03-12T19:10:59.8953073Z ##[group]Downloading Ruby
2024-03-12T19:10:59.8956779Z https://github.com/ruby/ruby-builder/releases/download/toolcache/ruby-3.2.2-ubuntu-22.04.tar.gz
2024-03-12T19:11:00.2327833Z Took   0.34 seconds
2024-03-12T19:11:00.2329371Z ##[endgroup]
2024-03-12T19:11:00.2331110Z ##[group]Extracting  Ruby
2024-03-12T19:11:00.2359957Z [command]/usr/bin/tar -xz -C /opt/hostedtoolcache/Ruby/3.2.2 -f /home/runner/work/_temp/2a8d48a8-e20f-4b27-9bf0-5bb340818b31
2024-03-12T19:11:00.6327286Z Took   0.40 seconds
2024-03-12T19:11:00.6328819Z ##[endgroup]
2024-03-12T19:11:00.6329832Z ##[group]Print Ruby version
2024-03-12T19:11:00.6340598Z [command]/opt/hostedtoolcache/Ruby/3.2.2/x64/bin/ruby --version
2024-03-12T19:11:00.6548732Z ruby 3.2.2 (2023-03-30 revision e51014f9c0) [x86_64-linux]
2024-03-12T19:11:00.6567705Z Took   0.02 seconds
2024-03-12T19:11:00.6568853Z ##[endgroup]
2024-03-12T19:11:00.6570862Z ##[group]Installing Bundler
2024-03-12T19:11:00.6575324Z Using Bundler 2.5.6 from Gemfile.lock BUNDLED WITH 2.5.6
2024-03-12T19:11:00.6579613Z [command]/opt/hostedtoolcache/Ruby/3.2.2/x64/bin/gem install bundler -v 2.5.6
2024-03-12T19:11:01.1234798Z Successfully installed bundler-2.5.6
2024-03-12T19:11:01.1235599Z 1 gem installed
2024-03-12T19:11:01.1287340Z Took   0.47 seconds
2024-03-12T19:11:01.1288367Z ##[endgroup]
2024-03-12T19:11:01.1289375Z > bundle install
2024-03-12T19:11:01.1306610Z [command]/opt/hostedtoolcache/Ruby/3.2.2/x64/bin/bundle config --local path /home/runner/work/human-essentials/human-essentials/vendor/bundle
2024-03-12T19:11:01.2766402Z [command]/opt/hostedtoolcache/Ruby/3.2.2/x64/bin/bundle config --local deployment true
2024-03-12T19:11:01.4238482Z Cache key: setup-ruby-bundler-cache-v6-ubuntu-22.04-x64-ruby-3.2.2-wd-/home/runner/work/human-essentials/human-essentials-with--without--only--Gemfile.lock-90af41cb540db2526d21e3c5cbbe531ed46bcf1ba5fdc3d9e3337dd916b92c56
2024-03-12T19:11:02.2304277Z Cache Size: ~205 MB (214817878 B)
2024-03-12T19:11:02.2442236Z [command]/usr/bin/tar -xf /home/runner/work/_temp/1d4f24ec-6967-4fe5-bb4c-50abf8b4e99f/cache.tzst -P -C /home/runner/work/human-essentials/human-essentials --use-compress-program unzstd
2024-03-12T19:11:02.5396445Z Received 214817878 of 214817878 (100.0%), 204.7 MBs/sec
2024-03-12T19:11:03.9394962Z Cache restored successfully
2024-03-12T19:11:03.9926908Z Found cache for key: setup-ruby-bundler-cache-v6-ubuntu-22.04-x64-ruby-3.2.2-wd-/home/runner/work/human-essentials/human-essentials-with--without--only--Gemfile.lock-90af41cb540db2526d21e3c5cbbe531ed46bcf1ba5fdc3d9e3337dd916b92c56
2024-03-12T19:11:03.9935376Z [command]/opt/hostedtoolcache/Ruby/3.2.2/x64/bin/bundle install --jobs 4
2024-03-12T19:11:04.4107677Z Bundle complete! 85 Gemfile dependencies, 246 gems now installed.
2024-03-12T19:11:04.4109957Z Bundled gems are installed into `./vendor/bundle`
2024-03-12T19:11:04.4156597Z Took   3.29 seconds
2024-03-12T19:11:04.4338864Z ##[group]Run sudo apt-get -yqq install libpq-dev
2024-03-12T19:11:04.4339653Z [36;1msudo apt-get -yqq install libpq-dev[0m
2024-03-12T19:11:04.4379804Z shell: /usr/bin/bash -e {0}
2024-03-12T19:11:04.4380241Z ##[endgroup]
2024-03-12T19:11:05.5751497Z ##[group]Run bundle exec rake db:create
2024-03-12T19:11:05.5752134Z [36;1mbundle exec rake db:create[0m
2024-03-12T19:11:05.5752604Z [36;1mbundle exec rake db:schema:load[0m
2024-03-12T19:11:05.5753084Z [36;1mbundle exec rails assets:precompile[0m
2024-03-12T19:11:05.5777295Z shell: /usr/bin/bash -e {0}
2024-03-12T19:11:05.5777768Z env:
2024-03-12T19:11:05.5778111Z   POSTGRES_HOST: localhost
2024-03-12T19:11:05.5778493Z   DATABASE_HOST: localhost
2024-03-12T19:11:05.5778958Z   PG_USERNAME: postgres
2024-03-12T19:11:05.5779322Z   PG_PASSWORD: password
2024-03-12T19:11:05.5779667Z   POSTGRES_HOST_AUTH_METHOD: trust
2024-03-12T19:11:05.5780164Z   POSTGRES_PORT: 5432
2024-03-12T19:11:05.5780506Z   RAILS_ENV: test
2024-03-12T19:11:05.5780847Z ##[endgroup]
2024-03-12T19:11:12.0725086Z We could not find your database: diaper_test. Which can be found in the database configuration file located at config/database.yml.
2024-03-12T19:11:12.0726379Z 
2024-03-12T19:11:12.0726771Z To resolve this issue:
2024-03-12T19:11:12.0727109Z 
2024-03-12T19:11:12.0728329Z - Did you create the database for this app, or delete it? You may need to create your database.
2024-03-12T19:11:12.0730025Z - Has the database name changed? Check your database.yml config has the correct database name.
2024-03-12T19:11:12.0730782Z 
2024-03-12T19:11:12.0730981Z To create your database, run:
2024-03-12T19:11:12.0731339Z 
2024-03-12T19:11:12.0731480Z         bin/rails db:create
2024-03-12T19:11:12.0732105Z . You likely need to run `rails g flipper:active_record` and/or `rails db:migrate`.
2024-03-12T19:11:12.2336393Z Created database 'diaper_test'
2024-03-12T19:11:12.5411438Z Coverage report generated for RSpec to /home/runner/work/human-essentials/human-essentials/coverage. 440 / 10017 LOC (4.39%) covered.
2024-03-12T19:11:18.9067176Z PG::UndefinedTable: ERROR:  relation "flipper_gates" does not exist
2024-03-12T19:11:18.9068735Z LINE 9:  WHERE a.attrelid = '"flipper_gates"'::regclass
2024-03-12T19:11:18.9069562Z                             ^
2024-03-12T19:11:18.9070717Z . You likely need to run `rails g flipper:active_record` and/or `rails db:migrate`.
2024-03-12T19:11:19.7250889Z Coverage report generated for RSpec to /home/runner/work/human-essentials/human-essentials/coverage. 440 / 10017 LOC (4.39%) covered.
2024-03-12T19:11:53.5916446Z W, [2024-03-12T12:11:53.591249 #2307]  WARN -- : Removed sourceMappingURL comment for missing asset 'adminlte.js.map' from /home/runner/work/human-essentials/human-essentials/app/javascript/adminlte.js
2024-03-12T19:11:53.6529450Z I, [2024-03-12T12:11:53.652638 #2307]  INFO -- : Writing /home/runner/work/human-essentials/human-essentials/public/assets/manifest-90aab26ade71e747f745b1227b433fd7d580a54f279ee2be6e1a67bb326bf03a.js
2024-03-12T19:11:53.6533083Z I, [2024-03-12T12:11:53.652804 #2307]  INFO -- : Writing /home/runner/work/human-essentials/human-essentials/public/assets/manifest-90aab26ade71e747f745b1227b433fd7d580a54f279ee2be6e1a67bb326bf03a.js.gz
2024-03-12T19:11:53.6537298Z I, [2024-03-12T12:11:53.653053 #2307]  INFO -- : Writing /home/runner/work/human-essentials/human-essentials/public/assets/filterrific/filterrific-spinner-415824b210964b6cdb1db0bd9508be8644b9fde094b392f73055b20d369885b6.gif
2024-03-12T19:11:53.6541172Z I, [2024-03-12T12:11:53.653386 #2307]  INFO -- : Writing /home/runner/work/human-essentials/human-essentials/public/assets/bootstrap.min-67c48d88a8e0be178058aacb338b084191ed6d65c8fef751c50248202cf1488a.js
2024-03-12T19:11:53.6544627Z I, [2024-03-12T12:11:53.653580 #2307]  INFO -- : Writing /home/runner/work/human-essentials/human-essentials/public/assets/bootstrap.min-67c48d88a8e0be178058aacb338b084191ed6d65c8fef751c50248202cf1488a.js.gz
2024-03-12T19:11:53.6548352Z I, [2024-03-12T12:11:53.653844 #2307]  INFO -- : Writing /home/runner/work/human-essentials/human-essentials/public/assets/DiaperBase-Logo-f18172876cab49a451ca9c3178b578ab2019e03f111a6b6f3ba0c1b40b3d7c0c.png
2024-03-12T19:11:53.6551562Z I, [2024-03-12T12:11:53.654588 #2307]  INFO -- : Writing /home/runner/work/human-essentials/human-essentials/public/assets/Just-Diaper-05bf6a1b70ccad149eb4eca7b5f9fcca1f9c37bab1f8e5edb6798d66c903ba53.svg
2024-03-12T19:11:53.6555715Z I, [2024-03-12T12:11:53.655216 #2307]  INFO -- : Writing /home/runner/work/human-essentials/human-essentials/public/assets/Just-Diaper-05bf6a1b70ccad149eb4eca7b5f9fcca1f9c37bab1f8e5edb6798d66c903ba53.svg.gz
2024-03-12T19:11:53.6559474Z I, [2024-03-12T12:11:53.655407 #2307]  INFO -- : Writing /home/runner/work/human-essentials/human-essentials/public/assets/barcode-932aed25f5c148b36882be3bfb6696ecdd362ba0a709ff0674a10477f2aad8f3.svg
2024-03-12T19:11:53.6563096Z I, [2024-03-12T12:11:53.655540 #2307]  INFO -- : Writing /home/runner/work/human-essentials/human-essentials/public/assets/barcode-932aed25f5c148b36882be3bfb6696ecdd362ba0a709ff0674a10477f2aad8f3.svg.gz
2024-03-12T19:11:53.6566902Z I, [2024-03-12T12:11:53.655650 #2307]  INFO -- : Writing /home/runner/work/human-essentials/human-essentials/public/assets/bars-db7a0aaf1cd735270b170cba53dca71c75473940ab48639c609a72964eb92f4d.svg
2024-03-12T19:11:53.6570580Z I, [2024-03-12T12:11:53.655751 #2307]  INFO -- : Writing /home/runner/work/human-essentials/human-essentials/public/assets/bars-db7a0aaf1cd735270b170cba53dca71c75473940ab48639c609a72964eb92f4d.svg.gz
2024-03-12T19:11:53.6574264Z I, [2024-03-12T12:11:53.655857 #2307]  INFO -- : Writing /home/runner/work/human-essentials/human-essentials/public/assets/blue@2x-709ca6c252f762af1e5efb0ef1e7444a712cb0ec010fee01749b67a595a7c0c6.png
2024-03-12T19:11:53.6577922Z I, [2024-03-12T12:11:53.656016 #2307]  INFO -- : Writing /home/runner/work/human-essentials/human-essentials/public/assets/boxed-bg-6c60c3f8655fa4062631bbe1434face4fe3d70392159e976ec09ca6ad9330e7d.jpg
2024-03-12T19:11:53.6581442Z I, [2024-03-12T12:11:53.656235 #2307]  INFO -- : Writing /home/runner/work/human-essentials/human-essentials/public/assets/boxed-bg-eb7b1fa0c09f5ef599fc5138e33168827f2ec4e1f796cf8a78570d8a73a58190.png
2024-03-12T19:11:53.6584948Z I, [2024-03-12T12:11:53.656386 #2307]  INFO -- : Writing /home/runner/work/human-essentials/human-essentials/public/assets/dashboard-image-3db42e909886dffccb680715feccab83cc867b4581b0009558e746364e2ec332.svg
2024-03-12T19:11:53.6588435Z I, [2024-03-12T12:11:53.656498 #2307]  INFO -- : Writing /home/runner/work/human-essentials/human-essentials/public/assets/dashboard-image-3db42e909886dffccb680715feccab83cc867b4581b0009558e746364e2ec332.svg.gz
2024-03-12T19:11:53.6592284Z I, [2024-03-12T12:11:53.656597 #2307]  INFO -- : Writing /home/runner/work/human-essentials/human-essentials/public/assets/forecasting-32dffccc42e6c09203d36acbc2243b4bc746dc2f1198c1ff43def4bb48e335b2.svg
2024-03-12T19:11:53.6596208Z I, [2024-03-12T12:11:53.656717 #2307]  INFO -- : Writing /home/runner/work/human-essentials/human-essentials/public/assets/forecasting-32dffccc42e6c09203d36acbc2243b4bc746dc2f1198c1ff43def4bb48e335b2.svg.gz
2024-03-12T19:11:53.6599739Z I, [2024-03-12T12:11:53.656819 #2307]  INFO -- : Writing /home/runner/work/human-essentials/human-essentials/public/assets/hero-image-0ba273def6de748beb2a64206e115d8e4a109ad51ef255512f4c6522e5b9225b.svg
2024-03-12T19:11:53.6603418Z I, [2024-03-12T12:11:53.657028 #2307]  INFO -- : Writing /home/runner/work/human-essentials/human-essentials/public/assets/hero-image-0ba273def6de748beb2a64206e115d8e4a109ad51ef255512f4c6522e5b9225b.svg.gz
2024-03-12T19:11:53.6607081Z I, [2024-03-12T12:11:53.657140 #2307]  INFO -- : Writing /home/runner/work/human-essentials/human-essentials/public/assets/inventory-image-3d91fc8087e13632114d9d129a680b992e02aae297b2bf180089cd55792249b2.svg
2024-03-12T19:11:53.6609344Z I, [2024-03-12T12:11:53.657344 #2307]  INFO -- : Writing /home/runner/work/human-essentials/human-essentials/public/assets/inventory-image-3d91fc8087e13632114d9d129a680b992e02aae297b2bf180089cd55792249b2.svg.gz
2024-03-12T19:11:53.6611679Z I, [2024-03-12T12:11:53.657453 #2307]  INFO -- : Writing /home/runner/work/human-essentials/human-essentials/public/assets/partner-management-c2cd4a940d1cf59f66928bc5097b4d4528b6de95abcc66421edf341c59311d40.svg
2024-03-12T19:11:53.6613847Z I, [2024-03-12T12:11:53.658125 #2307]  INFO -- : Writing /home/runner/work/human-essentials/human-essentials/public/assets/partner-management-c2cd4a940d1cf59f66928bc5097b4d4528b6de95abcc66421edf341c59311d40.svg.gz
2024-03-12T19:11:53.6615844Z I, [2024-03-12T12:11:53.658410 #2307]  INFO -- : Writing /home/runner/work/human-essentials/human-essentials/public/assets/quote-e4395f28913ad7b7785c522f0b6f2363a960720cf3bc26705438f6efb55edb7d.svg
2024-03-12T19:11:53.6617859Z I, [2024-03-12T12:11:53.659871 #2307]  INFO -- : Writing /home/runner/work/human-essentials/human-essentials/public/assets/quote-e4395f28913ad7b7785c522f0b6f2363a960720cf3bc26705438f6efb55edb7d.svg.gz
2024-03-12T19:11:53.6619803Z I, [2024-03-12T12:11:53.660369 #2307]  INFO -- : Writing /home/runner/work/human-essentials/human-essentials/public/assets/report-image-a9fc71739eca5457d288f1c234a0d84237ba8eef8bd20a9935bd45d84d03ae6b.svg
2024-03-12T19:11:53.6640821Z I, [2024-03-12T12:11:53.662446 #2307]  INFO -- : Writing /home/runner/work/human-essentials/human-essentials/public/assets/report-image-a9fc71739eca5457d288f1c234a0d84237ba8eef8bd20a9935bd45d84d03ae6b.svg.gz
2024-03-12T19:11:53.6644948Z I, [2024-03-12T12:11:53.662704 #2307]  INFO -- : Writing /home/runner/work/human-essentials/human-essentials/public/assets/test-only-background-c4843e992a593298a8c43815c8950b766061a96fd7d3e92838354914c41d7243.jpg
2024-03-12T19:11:53.6735074Z I, [2024-03-12T12:11:53.663408 #2307]  INFO -- : Writing /home/runner/work/human-essentials/human-essentials/public/assets/AdminLTE-9d75f9bf2ec81bc0a0de450227ed6268dad2cd66401439503c18d3241dfb241d.css
2024-03-12T19:11:53.6738752Z I, [2024-03-12T12:11:53.663490 #2307]  INFO -- : Writing /home/runner/work/human-essentials/human-essentials/public/assets/AdminLTE-9d75f9bf2ec81bc0a0de450227ed6268dad2cd66401439503c18d3241dfb241d.css.gz
2024-03-12T19:11:53.6742573Z I, [2024-03-12T12:11:53.663588 #2307]  INFO -- : Writing /home/runner/work/human-essentials/human-essentials/public/assets/_colors-04024382391bb910584145d8113cf35ef376b55d125bb4516cebeb14ce788597.css
2024-03-12T19:11:53.6746062Z I, [2024-03-12T12:11:53.663656 #2307]  INFO -- : Writing /home/runner/work/human-essentials/human-essentials/public/assets/_colors-04024382391bb910584145d8113cf35ef376b55d125bb4516cebeb14ce788597.css.gz
2024-03-12T19:11:53.6749823Z I, [2024-03-12T12:11:53.663769 #2307]  INFO -- : Writing /home/runner/work/human-essentials/human-essentials/public/assets/application-c21613708cb0f40361dc08d066cb68c559e4b3982f802956f4439959cad9af23.css
2024-03-12T19:11:53.6868461Z I, [2024-03-12T12:11:53.664062 #2307]  INFO -- : Writing /home/runner/work/human-essentials/human-essentials/public/assets/application-c21613708cb0f40361dc08d066cb68c559e4b3982f802956f4439959cad9af23.css.gz
2024-03-12T19:11:53.6872167Z I, [2024-03-12T12:11:53.664160 #2307]  INFO -- : Writing /home/runner/work/human-essentials/human-essentials/public/assets/test-only-background-c4843e992a593298a8c43815c8950b766061a96fd7d3e92838354914c41d7243.jpg
2024-03-12T19:11:53.6875797Z I, [2024-03-12T12:11:53.664303 #2307]  INFO -- : Writing /home/runner/work/human-essentials/human-essentials/public/assets/audits-83372b845d8a4887e7e4d2315cf3c85ea60ef94ca0ec4774dfbcd3cf569c616c.css
2024-03-12T19:11:53.6879088Z I, [2024-03-12T12:11:53.664378 #2307]  INFO -- : Writing /home/runner/work/human-essentials/human-essentials/public/assets/audits-83372b845d8a4887e7e4d2315cf3c85ea60ef94ca0ec4774dfbcd3cf569c616c.css.gz
2024-03-12T19:11:53.6882533Z I, [2024-03-12T12:11:53.664467 #2307]  INFO -- : Writing /home/runner/work/human-essentials/human-essentials/public/assets/barcode_reader-3799c29218802c1dbba4c700f3863ec24505a9e3e7b54d36282fff667d7c94ca.css
2024-03-12T19:11:53.6885957Z I, [2024-03-12T12:11:53.664538 #2307]  INFO -- : Writing /home/runner/work/human-essentials/human-essentials/public/assets/barcode_reader-3799c29218802c1dbba4c700f3863ec24505a9e3e7b54d36282fff667d7c94ca.css.gz
2024-03-12T19:11:53.6889452Z I, [2024-03-12T12:11:53.664625 #2307]  INFO -- : Writing /home/runner/work/human-essentials/human-essentials/public/assets/custom-4ac26623bf6f4d95aa1164e1ad4d6cbb2bb8dda4af8e4a2f1b4368bc92491085.css
2024-03-12T19:11:53.6892721Z I, [2024-03-12T12:11:53.664691 #2307]  INFO -- : Writing /home/runner/work/human-essentials/human-essentials/public/assets/custom-4ac26623bf6f4d95aa1164e1ad4d6cbb2bb8dda4af8e4a2f1b4368bc92491085.css.gz
2024-03-12T19:11:53.6896295Z I, [2024-03-12T12:11:53.664782 #2307]  INFO -- : Writing /home/runner/work/human-essentials/human-essentials/public/assets/test-only-background-c4843e992a593298a8c43815c8950b766061a96fd7d3e92838354914c41d7243.jpg
2024-03-12T19:11:53.6899692Z I, [2024-03-12T12:11:53.672364 #2307]  INFO -- : Writing /home/runner/work/human-essentials/human-essentials/public/assets/expandable_table-cca1600cf25c44c6bea2733167509ffe9133f344e9defe984ad96bd427b29a19.css
2024-03-12T19:11:53.6903002Z I, [2024-03-12T12:11:53.672453 #2307]  INFO -- : Writing /home/runner/work/human-essentials/human-essentials/public/assets/expandable_table-cca1600cf25c44c6bea2733167509ffe9133f344e9defe984ad96bd427b29a19.css.gz
2024-03-12T19:11:53.6906530Z I, [2024-03-12T12:11:53.672562 #2307]  INFO -- : Writing /home/runner/work/human-essentials/human-essentials/public/assets/landing_page-4fe5dfcfea8b5bbd7722658652ff4ee86132a41b8aff92e9ef8b1216cb7259fa.css
2024-03-12T19:11:53.6909764Z I, [2024-03-12T12:11:53.672641 #2307]  INFO -- : Writing /home/runner/work/human-essentials/human-essentials/public/assets/landing_page-4fe5dfcfea8b5bbd7722658652ff4ee86132a41b8aff92e9ef8b1216cb7259fa.css.gz
2024-03-12T19:11:53.6913176Z I, [2024-03-12T12:11:53.672745 #2307]  INFO -- : Writing /home/runner/work/human-essentials/human-essentials/public/assets/modal-dialog-9d7ae8bb43b60ac4c7d9910700392b20618ae2db4d5db33453b157171d5e0f7d.css
2024-03-12T19:11:53.6916950Z I, [2024-03-12T12:11:53.672820 #2307]  INFO -- : Writing /home/runner/work/human-essentials/human-essentials/public/assets/modal-dialog-9d7ae8bb43b60ac4c7d9910700392b20618ae2db4d5db33453b157171d5e0f7d.css.gz
2024-03-12T19:11:53.6920192Z I, [2024-03-12T12:11:53.672922 #2307]  INFO -- : Writing /home/runner/work/human-essentials/human-essentials/public/assets/progress_stepper-7f8ef0dc05a9a00a300e56f6f3e4ccfdde4af8e392407ccc6601d60019067ccb.css
2024-03-12T19:11:53.6923792Z I, [2024-03-12T12:11:53.672998 #2307]  INFO -- : Writing /home/runner/work/human-essentials/human-essentials/public/assets/progress_stepper-7f8ef0dc05a9a00a300e56f6f3e4ccfdde4af8e392407ccc6601d60019067ccb.css.gz
2024-03-12T19:11:53.6927124Z I, [2024-03-12T12:11:53.673100 #2307]  INFO -- : Writing /home/runner/work/human-essentials/human-essentials/public/assets/transfers-c9ab43ff53dab5dc13681712afc9b6fb31d7865d5ac8c657220deff9f138fa8c.css
2024-03-12T19:11:53.6930599Z I, [2024-03-12T12:11:53.673175 #2307]  INFO -- : Writing /home/runner/work/human-essentials/human-essentials/public/assets/transfers-c9ab43ff53dab5dc13681712afc9b6fb31d7865d5ac8c657220deff9f138fa8c.css.gz
2024-03-12T19:11:53.6933872Z I, [2024-03-12T12:11:53.673284 #2307]  INFO -- : Writing /home/runner/work/human-essentials/human-essentials/public/assets/adminlte-886a0b559685ec92cd8dd4dbf957899292f9c0bd344c90c304d28973363a8eaf.js
2024-03-12T19:11:53.6937020Z I, [2024-03-12T12:11:53.673396 #2307]  INFO -- : Writing /home/runner/work/human-essentials/human-essentials/public/assets/adminlte-886a0b559685ec92cd8dd4dbf957899292f9c0bd344c90c304d28973363a8eaf.js.gz
2024-03-12T19:11:53.6940661Z I, [2024-03-12T12:11:53.673491 #2307]  INFO -- : Writing /home/runner/work/human-essentials/human-essentials/public/assets/application-f9d5a0970e6dc2d1d44ca8dfd6129e9fed2dccf1b460a6bba6eab9dd7aa61c92.js
2024-03-12T19:11:53.6943993Z I, [2024-03-12T12:11:53.673566 #2307]  INFO -- : Writing /home/runner/work/human-essentials/human-essentials/public/assets/application-f9d5a0970e6dc2d1d44ca8dfd6129e9fed2dccf1b460a6bba6eab9dd7aa61c92.js.gz
2024-03-12T19:11:53.6947469Z I, [2024-03-12T12:11:53.673657 #2307]  INFO -- : Writing /home/runner/work/human-essentials/human-essentials/public/assets/cocoon-js-vanilla-cc8e46e9b16a6217f3c14c60ca346454c9c01d8d41e5c073ae14f85fac052e96.js
2024-03-12T19:11:53.6951129Z I, [2024-03-12T12:11:53.673727 #2307]  INFO -- : Writing /home/runner/work/human-essentials/human-essentials/public/assets/cocoon-js-vanilla-cc8e46e9b16a6217f3c14c60ca346454c9c01d8d41e5c073ae14f85fac052e96.js.gz
2024-03-12T19:11:53.6954920Z I, [2024-03-12T12:11:53.673819 #2307]  INFO -- : Writing /home/runner/work/human-essentials/human-essentials/public/assets/controllers/application-368d98631bccbf2349e0d4f8269afb3fe9625118341966de054759d96ea86c7e.js
2024-03-12T19:11:53.6958962Z I, [2024-03-12T12:11:53.673880 #2307]  INFO -- : Writing /home/runner/work/human-essentials/human-essentials/public/assets/controllers/application-368d98631bccbf2349e0d4f8269afb3fe9625118341966de054759d96ea86c7e.js.gz
2024-03-12T19:11:53.6963147Z I, [2024-03-12T12:11:53.673969 #2307]  INFO -- : Writing /home/runner/work/human-essentials/human-essentials/public/assets/controllers/area_served_controller-c8c048ef9ee2d145ba8408cda63546aff8ce9170e9cafb34075ebb01b43c6c34.js
2024-03-12T19:11:53.6967365Z I, [2024-03-12T12:11:53.674030 #2307]  INFO -- : Writing /home/runner/work/human-essentials/human-essentials/public/assets/controllers/area_served_controller-c8c048ef9ee2d145ba8408cda63546aff8ce9170e9cafb34075ebb01b43c6c34.js.gz
2024-03-12T19:11:53.6972942Z I, [2024-03-12T12:11:53.674118 #2307]  INFO -- : Writing /home/runner/work/human-essentials/human-essentials/public/assets/controllers/checkbox_with_nested_element_controller-1645dd2a3a857d546354c90b0c415a9d1dd4de6974048fd41bfc1d6f45ccb3eb.js
2024-03-12T19:11:53.6977280Z I, [2024-03-12T12:11:53.674178 #2307]  INFO -- : Writing /home/runner/work/human-essentials/human-essentials/public/assets/controllers/checkbox_with_nested_element_controller-1645dd2a3a857d546354c90b0c415a9d1dd4de6974048fd41bfc1d6f45ccb3eb.js.gz
2024-03-12T19:11:53.6981730Z I, [2024-03-12T12:11:53.674259 #2307]  INFO -- : Writing /home/runner/work/human-essentials/human-essentials/public/assets/controllers/distribution_delivery_controller-89fc613f734c2b1538c1e9948abeb353ea73d22678fc08597d48fa36a70c5c51.js
2024-03-12T19:11:53.6985969Z I, [2024-03-12T12:11:53.674321 #2307]  INFO -- : Writing /home/runner/work/human-essentials/human-essentials/public/assets/controllers/distribution_delivery_controller-89fc613f734c2b1538c1e9948abeb353ea73d22678fc08597d48fa36a70c5c51.js.gz
2024-03-12T19:11:53.6990143Z I, [2024-03-12T12:11:53.674398 #2307]  INFO -- : Writing /home/runner/work/human-essentials/human-essentials/public/assets/controllers/double_select_controller-bb2e4a65f2c66cacc8ec4dd491c2233b0aac53187ebe1fbaaffedfbaf7db9099.js
2024-03-12T19:11:53.6994693Z I, [2024-03-12T12:11:53.674460 #2307]  INFO -- : Writing /home/runner/work/human-essentials/human-essentials/public/assets/controllers/double_select_controller-bb2e4a65f2c66cacc8ec4dd491c2233b0aac53187ebe1fbaaffedfbaf7db9099.js.gz
2024-03-12T19:11:53.6998799Z I, [2024-03-12T12:11:53.674545 #2307]  INFO -- : Writing /home/runner/work/human-essentials/human-essentials/public/assets/controllers/form_input_controller-819e60f823e07d8e341eac22e8a9270dc17b38010bec499e644e7e2807174b4f.js
2024-03-12T19:11:53.7002843Z I, [2024-03-12T12:11:53.674604 #2307]  INFO -- : Writing /home/runner/work/human-essentials/human-essentials/public/assets/controllers/form_input_controller-819e60f823e07d8e341eac22e8a9270dc17b38010bec499e644e7e2807174b4f.js.gz
2024-03-12T19:11:53.7007996Z I, [2024-03-12T12:11:53.674686 #2307]  INFO -- : Writing /home/runner/work/human-essentials/human-essentials/public/assets/controllers/highchart_controller-7640167d6e3481659a5ead23f046e3c6852c08e30ce8aa6f09aa5cce0f7ea02d.js
2024-03-12T19:11:53.7012395Z I, [2024-03-12T12:11:53.674741 #2307]  INFO -- : Writing /home/runner/work/human-essentials/human-essentials/public/assets/controllers/highchart_controller-7640167d6e3481659a5ead23f046e3c6852c08e30ce8aa6f09aa5cce0f7ea02d.js.gz
2024-03-12T19:11:53.7016599Z I, [2024-03-12T12:11:53.674826 #2307]  INFO -- : Writing /home/runner/work/human-essentials/human-essentials/public/assets/controllers/index-2db729dddcc5b979110e98de4b6720f83f91a123172e87281d5a58410fc43806.js
2024-03-12T19:11:53.7020242Z I, [2024-03-12T12:11:53.674885 #2307]  INFO -- : Writing /home/runner/work/human-essentials/human-essentials/public/assets/controllers/index-2db729dddcc5b979110e98de4b6720f83f91a123172e87281d5a58410fc43806.js.gz
2024-03-12T19:11:53.7024004Z I, [2024-03-12T12:11:53.674964 #2307]  INFO -- : Writing /home/runner/work/human-essentials/human-essentials/public/assets/controllers/select2_controller-13c15fa4f8996b06b43552325b12e3a14e158db06264b83cfff2e521a16fceeb.js
2024-03-12T19:11:53.7027984Z I, [2024-03-12T12:11:53.675031 #2307]  INFO -- : Writing /home/runner/work/human-essentials/human-essentials/public/assets/controllers/select2_controller-13c15fa4f8996b06b43552325b12e3a14e158db06264b83cfff2e521a16fceeb.js.gz
2024-03-12T19:11:53.7031892Z I, [2024-03-12T12:11:53.675111 #2307]  INFO -- : Writing /home/runner/work/human-essentials/human-essentials/public/assets/controllers/served_area_controller-37738489813fc06349f3fb1bc7abc5d5493318ce553f1bebbfa1f8fe06ebfb4a.js
2024-03-12T19:11:53.7036100Z I, [2024-03-12T12:11:53.675170 #2307]  INFO -- : Writing /home/runner/work/human-essentials/human-essentials/public/assets/controllers/served_area_controller-37738489813fc06349f3fb1bc7abc5d5493318ce553f1bebbfa1f8fe06ebfb4a.js.gz
2024-03-12T19:11:53.7040328Z I, [2024-03-12T12:11:53.675257 #2307]  INFO -- : Writing /home/runner/work/human-essentials/human-essentials/public/assets/controllers/turbo_controller-7ee3a9437b4fb003ac4ea4ca0f3425fd197ce4538a1eeb606e5e5447aa948b54.js
2024-03-12T19:11:53.7044402Z I, [2024-03-12T12:11:53.675625 #2307]  INFO -- : Writing /home/runner/work/human-essentials/human-essentials/public/assets/controllers/turbo_controller-7ee3a9437b4fb003ac4ea4ca0f3425fd197ce4538a1eeb606e5e5447aa948b54.js.gz
2024-03-12T19:11:53.7048387Z I, [2024-03-12T12:11:53.695399 #2307]  INFO -- : Writing /home/runner/work/human-essentials/human-essentials/public/assets/startup-bf111fcbf368bc988dfcb050d057ec73e21f190d7921e15689dd5ebf674e6d00.js
2024-03-12T19:11:53.7051981Z I, [2024-03-12T12:11:53.695501 #2307]  INFO -- : Writing /home/runner/work/human-essentials/human-essentials/public/assets/startup-bf111fcbf368bc988dfcb050d057ec73e21f190d7921e15689dd5ebf674e6d00.js.gz
2024-03-12T19:11:53.7055549Z I, [2024-03-12T12:11:53.695608 #2307]  INFO -- : Writing /home/runner/work/human-essentials/human-essentials/public/assets/utils/barcode_items-ee1050c4d1ade4569ef6cfc83d5f4792f67daabaca0ae24f75455737fea0a72b.js
2024-03-12T19:11:53.7059315Z I, [2024-03-12T12:11:53.695674 #2307]  INFO -- : Writing /home/runner/work/human-essentials/human-essentials/public/assets/utils/barcode_items-ee1050c4d1ade4569ef6cfc83d5f4792f67daabaca0ae24f75455737fea0a72b.js.gz
2024-03-12T19:11:53.7062950Z I, [2024-03-12T12:11:53.695767 #2307]  INFO -- : Writing /home/runner/work/human-essentials/human-essentials/public/assets/utils/barcode_scan-757b66b6921154f49e7cc4c5dc2f146f91f1648beffaa8ef106d94585a273ba9.js
2024-03-12T19:11:53.7066526Z I, [2024-03-12T12:11:53.695828 #2307]  INFO -- : Writing /home/runner/work/human-essentials/human-essentials/public/assets/utils/barcode_scan-757b66b6921154f49e7cc4c5dc2f146f91f1648beffaa8ef106d94585a273ba9.js.gz
2024-03-12T19:11:53.7070311Z I, [2024-03-12T12:11:53.695912 #2307]  INFO -- : Writing /home/runner/work/human-essentials/human-essentials/public/assets/utils/deadline_day_pickers-b0b264db9e3c8107c161cc4571e71cf901bcc511175271d218a553c4e1889065.js
2024-03-12T19:11:53.7074495Z I, [2024-03-12T12:11:53.695973 #2307]  INFO -- : Writing /home/runner/work/human-essentials/human-essentials/public/assets/utils/deadline_day_pickers-b0b264db9e3c8107c161cc4571e71cf901bcc511175271d218a553c4e1889065.js.gz
2024-03-12T19:11:53.7078467Z I, [2024-03-12T12:11:53.696053 #2307]  INFO -- : Writing /home/runner/work/human-essentials/human-essentials/public/assets/utils/distributions_and_transfers-a5c382a3a5a694ff9478460b480887abd540b4482970ae0e10b1e1c98a12b3e1.js
2024-03-12T19:11:53.7082494Z I, [2024-03-12T12:11:53.696118 #2307]  INFO -- : Writing /home/runner/work/human-essentials/human-essentials/public/assets/utils/distributions_and_transfers-a5c382a3a5a694ff9478460b480887abd540b4482970ae0e10b1e1c98a12b3e1.js.gz
2024-03-12T19:11:53.7088827Z I, [2024-03-12T12:11:53.696205 #2307]  INFO -- : Writing /home/runner/work/human-essentials/human-essentials/public/assets/utils/donations-52bb2dc0f7ab270edc77a56de1cceb789028a2ec75670a95abf143e388c223e7.js
2024-03-12T19:11:53.7093903Z I, [2024-03-12T12:11:53.696264 #2307]  INFO -- : Writing /home/runner/work/human-essentials/human-essentials/public/assets/utils/donations-52bb2dc0f7ab270edc77a56de1cceb789028a2ec75670a95abf143e388c223e7.js.gz
2024-03-12T19:11:53.7097397Z I, [2024-03-12T12:11:53.696348 #2307]  INFO -- : Writing /home/runner/work/human-essentials/human-essentials/public/assets/utils/purchases-5c814ba098feaa8a7b4abff24267c1da909f3e52e12c97660f8a0b8c1ff4aea1.js
2024-03-12T19:11:53.7100996Z I, [2024-03-12T12:11:53.696408 #2307]  INFO -- : Writing /home/runner/work/human-essentials/human-essentials/public/assets/utils/purchases-5c814ba098feaa8a7b4abff24267c1da909f3e52e12c97660f8a0b8c1ff4aea1.js.gz
2024-03-12T19:11:53.7104369Z I, [2024-03-12T12:11:53.696492 #2307]  INFO -- : Writing /home/runner/work/human-essentials/human-essentials/public/assets/filterrific-f3a290db250e05344fd62c216b903689f73eff5e270ef021e425551006092e08.js
2024-03-12T19:11:53.7107773Z I, [2024-03-12T12:11:53.696561 #2307]  INFO -- : Writing /home/runner/work/human-essentials/human-essentials/public/assets/filterrific-f3a290db250e05344fd62c216b903689f73eff5e270ef021e425551006092e08.js.gz
2024-03-12T19:11:53.7111186Z I, [2024-03-12T12:11:53.696654 #2307]  INFO -- : Writing /home/runner/work/human-essentials/human-essentials/public/assets/stimulusloading-1fc59770fb1654500044afd3f5f6d7d00800e5be36746d55b94a2963a7a228aa.js
2024-03-12T19:11:53.7114898Z I, [2024-03-12T12:11:53.696720 #2307]  INFO -- : Writing /home/runner/work/human-essentials/human-essentials/public/assets/stimulusloading-1fc59770fb1654500044afd3f5f6d7d00800e5be36746d55b94a2963a7a228aa.js.gz
2024-03-12T19:11:53.7118651Z I, [2024-03-12T12:11:53.696861 #2307]  INFO -- : Writing /home/runner/work/human-essentials/human-essentials/public/assets/turbo-4851a9a0b1d947e810dfd0448a72aef261d455183ebea681f4f28a73640a9ece.js
2024-03-12T19:11:53.7122225Z I, [2024-03-12T12:11:53.696941 #2307]  INFO -- : Writing /home/runner/work/human-essentials/human-essentials/public/assets/turbo-4851a9a0b1d947e810dfd0448a72aef261d455183ebea681f4f28a73640a9ece.js.gz
2024-03-12T19:11:53.7125871Z I, [2024-03-12T12:11:53.697042 #2307]  INFO -- : Writing /home/runner/work/human-essentials/human-essentials/public/assets/turbo.min-f309baafa3ae5ad6ccee3e7362118b87678d792db8e8ab466c4fa284dd3a4700.js
2024-03-12T19:11:53.7129730Z I, [2024-03-12T12:11:53.697124 #2307]  INFO -- : Writing /home/runner/work/human-essentials/human-essentials/public/assets/turbo.min-f309baafa3ae5ad6ccee3e7362118b87678d792db8e8ab466c4fa284dd3a4700.js.gz
2024-03-12T19:11:53.7133412Z I, [2024-03-12T12:11:53.697217 #2307]  INFO -- : Writing /home/runner/work/human-essentials/human-essentials/public/assets/turbo.min.js-8bc8f4a58d1c106d58dec8bef6c638ff12ff4d078f19d8ebd8c4277f4c9bc85a.map
2024-03-12T19:11:53.7137169Z I, [2024-03-12T12:11:53.697290 #2307]  INFO -- : Writing /home/runner/work/human-essentials/human-essentials/public/assets/turbo.min.js-8bc8f4a58d1c106d58dec8bef6c638ff12ff4d078f19d8ebd8c4277f4c9bc85a.map.gz
2024-03-12T19:11:53.7141365Z I, [2024-03-12T12:11:53.697390 #2307]  INFO -- : Writing /home/runner/work/human-essentials/human-essentials/public/assets/stimulus-loading-3576ce92b149ad5d6959438c6f291e2426c86df3b874c525b30faad51b0d96b3.js
2024-03-12T19:11:53.7145167Z I, [2024-03-12T12:11:53.697456 #2307]  INFO -- : Writing /home/runner/work/human-essentials/human-essentials/public/assets/stimulus-loading-3576ce92b149ad5d6959438c6f291e2426c86df3b874c525b30faad51b0d96b3.js.gz
2024-03-12T19:11:53.7149162Z I, [2024-03-12T12:11:53.697622 #2307]  INFO -- : Writing /home/runner/work/human-essentials/human-essentials/public/assets/popper-003a40d80fd205e1fa00da117d5bdc19720ba330706eaa17f9ba9513fa502304.js
2024-03-12T19:11:53.7152722Z I, [2024-03-12T12:11:53.697690 #2307]  INFO -- : Writing /home/runner/work/human-essentials/human-essentials/public/assets/popper-003a40d80fd205e1fa00da117d5bdc19720ba330706eaa17f9ba9513fa502304.js.gz
2024-03-12T19:11:53.7156497Z I, [2024-03-12T12:11:53.697782 #2307]  INFO -- : Writing /home/runner/work/human-essentials/human-essentials/public/assets/actiontext-28c61f5197c204db043317a8f8826a87ab31495b741f854d307ca36122deefce.js
2024-03-12T19:11:53.7160282Z I, [2024-03-12T12:11:53.697851 #2307]  INFO -- : Writing /home/runner/work/human-essentials/human-essentials/public/assets/actiontext-28c61f5197c204db043317a8f8826a87ab31495b741f854d307ca36122deefce.js.gz
2024-03-12T19:11:53.7163819Z I, [2024-03-12T12:11:53.697943 #2307]  INFO -- : Writing /home/runner/work/human-essentials/human-essentials/public/assets/trix-1563ff9c10f74e143b3ded40a8458497eaf2f87a648a5cbbfebdb7dec3447a5e.js
2024-03-12T19:11:53.7167352Z I, [2024-03-12T12:11:53.698013 #2307]  INFO -- : Writing /home/runner/work/human-essentials/human-essentials/public/assets/trix-1563ff9c10f74e143b3ded40a8458497eaf2f87a648a5cbbfebdb7dec3447a5e.js.gz
2024-03-12T19:11:53.7171530Z I, [2024-03-12T12:11:53.698101 #2307]  INFO -- : Writing /home/runner/work/human-essentials/human-essentials/public/assets/trix-b0398dade8e5ac249fe98f2e850f45adbcdfecd8a11c46b3eb67bdedb87b1b04.css
2024-03-12T19:11:53.7175522Z I, [2024-03-12T12:11:53.698169 #2307]  INFO -- : Writing /home/runner/work/human-essentials/human-essentials/public/assets/trix-b0398dade8e5ac249fe98f2e850f45adbcdfecd8a11c46b3eb67bdedb87b1b04.css.gz
2024-03-12T19:11:53.7179159Z I, [2024-03-12T12:11:53.698265 #2307]  INFO -- : Writing /home/runner/work/human-essentials/human-essentials/public/assets/stimulus-f75215805563870a61ee9dc5a207ce46d4675c7e667558a54344fd1e7baa697f.js
2024-03-12T19:11:53.7182898Z I, [2024-03-12T12:11:53.698330 #2307]  INFO -- : Writing /home/runner/work/human-essentials/human-essentials/public/assets/stimulus-f75215805563870a61ee9dc5a207ce46d4675c7e667558a54344fd1e7baa697f.js.gz
2024-03-12T19:11:53.7186675Z I, [2024-03-12T12:11:53.698425 #2307]  INFO -- : Writing /home/runner/work/human-essentials/human-essentials/public/assets/stimulus-autoloader-c584942b568ba74879da31c7c3d51366737bacaf6fbae659383c0a5653685693.js
2024-03-12T19:11:53.7190524Z I, [2024-03-12T12:11:53.698493 #2307]  INFO -- : Writing /home/runner/work/human-essentials/human-essentials/public/assets/stimulus-autoloader-c584942b568ba74879da31c7c3d51366737bacaf6fbae659383c0a5653685693.js.gz
2024-03-12T19:11:53.7194437Z I, [2024-03-12T12:11:53.698604 #2307]  INFO -- : Writing /home/runner/work/human-essentials/human-essentials/public/assets/stimulus-importmap-autoloader-db2076c783bf2dbee1226e2add52fef290b5d31b5bcd1edd999ac8a6dd31c44a.js
2024-03-12T19:11:53.7198117Z I, [2024-03-12T12:11:53.698673 #2307]  INFO -- : Writing /home/runner/work/human-essentials/human-essentials/public/assets/stimulus-importmap-autoloader-db2076c783bf2dbee1226e2add52fef290b5d31b5bcd1edd999ac8a6dd31c44a.js.gz
2024-03-12T19:11:53.7201682Z I, [2024-03-12T12:11:53.698756 #2307]  INFO -- : Writing /home/runner/work/human-essentials/human-essentials/public/assets/stimulus-loading-3576ce92b149ad5d6959438c6f291e2426c86df3b874c525b30faad51b0d96b3.js
2024-03-12T19:11:53.7205035Z I, [2024-03-12T12:11:53.698816 #2307]  INFO -- : Writing /home/runner/work/human-essentials/human-essentials/public/assets/stimulus-loading-3576ce92b149ad5d6959438c6f291e2426c86df3b874c525b30faad51b0d96b3.js.gz
2024-03-12T19:11:53.7208529Z I, [2024-03-12T12:11:53.698906 #2307]  INFO -- : Writing /home/runner/work/human-essentials/human-essentials/public/assets/stimulus.min-dd364f16ec9504dfb72672295637a1c8838773b01c0b441bd41008124c407894.js
2024-03-12T19:11:53.7211841Z I, [2024-03-12T12:11:53.698971 #2307]  INFO -- : Writing /home/runner/work/human-essentials/human-essentials/public/assets/stimulus.min-dd364f16ec9504dfb72672295637a1c8838773b01c0b441bd41008124c407894.js.gz
2024-03-12T19:11:53.7215277Z I, [2024-03-12T12:11:53.699056 #2307]  INFO -- : Writing /home/runner/work/human-essentials/human-essentials/public/assets/stimulus-autoloader-c584942b568ba74879da31c7c3d51366737bacaf6fbae659383c0a5653685693.js
2024-03-12T19:11:53.7218850Z I, [2024-03-12T12:11:53.699117 #2307]  INFO -- : Writing /home/runner/work/human-essentials/human-essentials/public/assets/stimulus-autoloader-c584942b568ba74879da31c7c3d51366737bacaf6fbae659383c0a5653685693.js.gz
2024-03-12T19:11:53.7222354Z I, [2024-03-12T12:11:53.699195 #2307]  INFO -- : Writing /home/runner/work/human-essentials/human-essentials/public/assets/stimulus-importmap-autoloader-db2076c783bf2dbee1226e2add52fef290b5d31b5bcd1edd999ac8a6dd31c44a.js
2024-03-12T19:11:53.7225968Z I, [2024-03-12T12:11:53.699259 #2307]  INFO -- : Writing /home/runner/work/human-essentials/human-essentials/public/assets/stimulus-importmap-autoloader-db2076c783bf2dbee1226e2add52fef290b5d31b5bcd1edd999ac8a6dd31c44a.js.gz
2024-03-12T19:11:53.7229504Z I, [2024-03-12T12:11:53.699376 #2307]  INFO -- : Writing /home/runner/work/human-essentials/human-essentials/public/assets/stimulus-loading-3576ce92b149ad5d6959438c6f291e2426c86df3b874c525b30faad51b0d96b3.js
2024-03-12T19:11:53.7232813Z I, [2024-03-12T12:11:53.699441 #2307]  INFO -- : Writing /home/runner/work/human-essentials/human-essentials/public/assets/stimulus-loading-3576ce92b149ad5d6959438c6f291e2426c86df3b874c525b30faad51b0d96b3.js.gz
2024-03-12T19:11:53.7236433Z I, [2024-03-12T12:11:53.699539 #2307]  INFO -- : Writing /home/runner/work/human-essentials/human-essentials/public/assets/stimulus.min.js-2cc63625fa177963b45da974806e7aee846cbf1d4930815733d0fdf3fb232325.map
2024-03-12T19:11:53.7239803Z I, [2024-03-12T12:11:53.699603 #2307]  INFO -- : Writing /home/runner/work/human-essentials/human-essentials/public/assets/stimulus.min.js-2cc63625fa177963b45da974806e7aee846cbf1d4930815733d0fdf3fb232325.map.gz
2024-03-12T19:11:53.7243519Z I, [2024-03-12T12:11:53.699692 #2307]  INFO -- : Writing /home/runner/work/human-essentials/human-essentials/public/assets/activestorage-3ab61e47dd4ee2d79db525ade1dca2ede0ea2b7371fe587e408ee37b7ade265d.js
2024-03-12T19:11:53.7247407Z I, [2024-03-12T12:11:53.699760 #2307]  INFO -- : Writing /home/runner/work/human-essentials/human-essentials/public/assets/activestorage-3ab61e47dd4ee2d79db525ade1dca2ede0ea2b7371fe587e408ee37b7ade265d.js.gz
2024-03-12T19:11:53.7251388Z I, [2024-03-12T12:11:53.699850 #2307]  INFO -- : Writing /home/runner/work/human-essentials/human-essentials/public/assets/activestorage.esm-01f58a45d77495cdfbdfcc872902a430426c4391634ec9c3da5f69fbf8418492.js
2024-03-12T19:11:53.7255315Z I, [2024-03-12T12:11:53.699918 #2307]  INFO -- : Writing /home/runner/work/human-essentials/human-essentials/public/assets/activestorage.esm-01f58a45d77495cdfbdfcc872902a430426c4391634ec9c3da5f69fbf8418492.js.gz
2024-03-12T19:11:53.7259255Z I, [2024-03-12T12:11:53.700004 #2307]  INFO -- : Writing /home/runner/work/human-essentials/human-essentials/public/assets/actioncable-5433453f9b6619a9de91aaab2d7fc7ff183e5260c0107cbc9a1aa0c838d9a74e.js
2024-03-12T19:11:53.7262964Z I, [2024-03-12T12:11:53.700068 #2307]  INFO -- : Writing /home/runner/work/human-essentials/human-essentials/public/assets/actioncable-5433453f9b6619a9de91aaab2d7fc7ff183e5260c0107cbc9a1aa0c838d9a74e.js.gz
2024-03-12T19:11:53.7266777Z I, [2024-03-12T12:11:53.700166 #2307]  INFO -- : Writing /home/runner/work/human-essentials/human-essentials/public/assets/actioncable.esm-e01089c3ec4fe7817fa9abcad06cab6bdc387f95f0ca6aab4bf7ba7537f70690.js
2024-03-12T19:11:53.7271067Z I, [2024-03-12T12:11:53.700232 #2307]  INFO -- : Writing /home/runner/work/human-essentials/human-essentials/public/assets/actioncable.esm-e01089c3ec4fe7817fa9abcad06cab6bdc387f95f0ca6aab4bf7ba7537f70690.js.gz
2024-03-12T19:11:54.2458970Z Coverage report generated for RSpec to /home/runner/work/human-essentials/human-essentials/coverage. 440 / 10017 LOC (4.39%) covered.
2024-03-12T19:11:54.3168851Z ##[group]Run RUBYOPT='-W:no-deprecated -W:no-experimental' bin/knapsack_pro_rspec
2024-03-12T19:11:54.3169816Z [36;1mRUBYOPT='-W:no-deprecated -W:no-experimental' bin/knapsack_pro_rspec[0m
2024-03-12T19:11:54.3194072Z shell: /usr/bin/bash -e {0}
2024-03-12T19:11:54.3194451Z env:
2024-03-12T19:11:54.3194777Z   POSTGRES_HOST: localhost
2024-03-12T19:11:54.3195256Z   DATABASE_HOST: localhost
2024-03-12T19:11:54.3195608Z   PG_USERNAME: postgres
2024-03-12T19:11:54.3195980Z   PG_PASSWORD: password
2024-03-12T19:11:54.3196438Z   POSTGRES_HOST_AUTH_METHOD: trust
2024-03-12T19:11:54.3196856Z   POSTGRES_PORT: 5432
2024-03-12T19:11:54.3197261Z   PGHOST: localhost
2024-03-12T19:11:54.3197561Z   PGUSER: postgres
2024-03-12T19:11:54.3197902Z   RAILS_ENV: test
2024-03-12T19:11:54.3198308Z   KNAPSACK_PRO_TEST_SUITE_TOKEN_RSPEC: 
2024-03-12T19:11:54.3198760Z   KNAPSACK_PRO_CI_NODE_TOTAL: 6
2024-03-12T19:11:54.3199151Z   KNAPSACK_PRO_CI_NODE_INDEX: 5
2024-03-12T19:11:54.3199728Z   KNAPSACK_PRO_RSPEC_SPLIT_BY_TEST_EXAMPLES: true
2024-03-12T19:11:54.3200190Z   KNAPSACK_PRO_LOG_LEVEL: info
2024-03-12T19:11:54.3200856Z   KNAPSACK_PRO_TEST_FILE_PATTERN: {spec/system/**{,/*/**}/*_spec.rb,spec/requests/**{,/*/**}/*_spec.rb}
2024-03-12T19:11:54.3201498Z ##[endgroup]
2024-03-12T19:11:59.8943386Z W, [2024-03-12T19:11:59.893989 #2391]  WARN -- : [knapsack_pro] GET https://api-disabled-for-fork.knapsackpro.com/v1/build_distributions/last
2024-03-12T19:11:59.8944959Z W, [2024-03-12T19:11:59.894052 #2391]  WARN -- : [knapsack_pro] Request failed due to:
2024-03-12T19:11:59.8946683Z W, [2024-03-12T19:11:59.894083 #2391]  WARN -- : [knapsack_pro] #<SocketError: Failed to open TCP connection to api-disabled-for-fork.knapsackpro.com:443 (getaddrinfo: Name or service not known)>
2024-03-12T19:11:59.8950880Z W, [2024-03-12T19:11:59.894122 #2391]  WARN -- : [knapsack_pro] Slow test files fallback behaviour started. We could not connect with Knapsack Pro API to fetch last CI build test files that are needed to determine slow test files. No test files will be split by test cases. It means all test files will be split by the whole test files as if split by test cases would be disabled https://knapsackpro.com/perma/ruby/split-by-test-examples
2024-03-12T19:12:02.6603196Z W, [2024-03-12T19:12:02.660008 #2391]  WARN -- : [knapsack_pro] POST https://api-disabled-for-fork.knapsackpro.com/v1/build_distributions/subset
2024-03-12T19:12:02.6605280Z W, [2024-03-12T19:12:02.660050 #2391]  WARN -- : [knapsack_pro] Request failed due to:
2024-03-12T19:12:02.6607610Z W, [2024-03-12T19:12:02.660070 #2391]  WARN -- : [knapsack_pro] #<SocketError: Failed to open TCP connection to api-disabled-for-fork.knapsackpro.com:443 (getaddrinfo: Name or service not known)>
2024-03-12T19:12:02.6610181Z W, [2024-03-12T19:12:02.660117 #2391]  WARN -- : [knapsack_pro] Fallback mode started. We could not connect with Knapsack Pro API. Your tests will be executed based on directory names. Read more about fallback mode at https://knapsackpro.com/perma/ruby/fallback-mode
2024-03-12T19:12:02.6661585Z /opt/hostedtoolcache/Ruby/3.2.2/x64/bin/ruby -I/home/runner/work/human-essentials/human-essentials/vendor/bundle/ruby/3.2.0/gems/rspec-core-3.12.2/lib:/home/runner/work/human-essentials/human-essentials/vendor/bundle/ruby/3.2.0/gems/rspec-support-3.12.1/lib /home/runner/work/human-essentials/human-essentials/vendor/bundle/ruby/3.2.0/gems/rspec-core-3.12.2/exe/rspec  --format documentation --format KnapsackPro::Formatters::TimeTracker --default-path spec "spec/requests/admin/broadcast_announcements_spec.rb" "spec/requests/attachments_requests_spec.rb" "spec/requests/distributions_requests_spec.rb" "spec/requests/kit_requests_spec.rb" "spec/requests/partners/family_requests_spec.rb" "spec/requests/partners_requests_spec.rb" "spec/requests/requests_requests_spec.rb" "spec/requests/users_requests_spec.rb" "spec/system/admin/barcode_items_system_spec.rb" "spec/system/audit_system_spec.rb" "spec/system/donation_site_system_spec.rb" "spec/system/manage_system_spec.rb" "spec/system/partners/coworker_invitations_system_spec.rb" "spec/system/product_drive_participant_system_spec.rb" "spec/system/sign_in_system_spec.rb"
2024-03-12T19:12:10.9346899Z 
2024-03-12T19:12:10.9347835Z Randomized with seed 9768
2024-03-12T19:12:11.8340919Z 
2024-03-12T19:12:11.8341945Z User sign-in handling
2024-03-12T19:12:11.8343719Z   when users are valid and don't belong to an organization
2024-03-12T19:12:13.2206675Z     redirects to 403
2024-03-12T19:12:13.2207401Z   when users are valid and belong to an organization
2024-03-12T19:12:14.1484326Z     redirects to user's dashboard
2024-03-12T19:12:14.1485293Z   when a partner user logs in
2024-03-12T19:12:15.0974090Z     redirects to the partner page
2024-03-12T19:12:15.0974791Z   when users are invalid
2024-03-12T19:12:15.8138039Z     shows invalid credentials alert
2024-03-12T19:12:15.8140036Z 
2024-03-12T19:12:15.8140427Z Partners
2024-03-12T19:12:15.8142975Z   POST #invite
2024-03-12T19:12:15.8566330Z     sends the invite
2024-03-12T19:12:15.8567212Z   POST #invite_partner_user
2024-03-12T19:12:15.8567868Z     when there is an error in invite
2024-03-12T19:12:15.8907568Z       redirect to partner url with error message
2024-03-12T19:12:15.8908669Z     when the invite successfully
2024-03-12T19:12:15.9220077Z       send the invite
2024-03-12T19:12:15.9221012Z   GET #show
2024-03-12T19:12:15.9221555Z     csv
2024-03-12T19:12:16.0034902Z       is expected to be successful
2024-03-12T19:12:16.0035583Z     html
2024-03-12T19:12:16.0916578Z       is expected to be successful
2024-03-12T19:12:16.0917442Z       when the partner is uninvited
2024-03-12T19:12:16.1719051Z         does not include impact metrics
2024-03-12T19:12:16.2516688Z         does not show the delete button
2024-03-12T19:12:16.2517754Z         when the partner has no users
2024-03-12T19:12:16.3392395Z           shows the delete button
2024-03-12T19:12:16.3393268Z       when the partner is invited
2024-03-12T19:12:16.4172983Z         includes impact metrics
2024-03-12T19:12:16.4173792Z   DELETE #destroy
2024-03-12T19:12:16.4609150Z     redirects to #index
2024-03-12T19:12:16.4610026Z   POST #create
2024-03-12T19:12:16.4610989Z     when given invalid partner attributes in the params
2024-03-12T19:12:16.5050488Z       should not create a new Partners::Profile record
2024-03-12T19:12:16.5418913Z       should display the error message
2024-03-12T19:12:16.5792096Z       should not create a new Partner record
2024-03-12T19:12:16.5792649Z     when given valid partner attributes in the params
2024-03-12T19:12:16.6005550Z       should create a new Partner record
2024-03-12T19:12:16.6200433Z       redirect to the partners index page
2024-03-12T19:12:16.6404929Z       should create a new Partners::Profile record
2024-03-12T19:12:16.6405678Z   POST #update
2024-03-12T19:12:16.6406437Z     unsuccessful save due to empty params
2024-03-12T19:12:16.7063047Z       renders :edit
2024-03-12T19:12:16.7063646Z     successful save
2024-03-12T19:12:16.7405375Z       update partner
2024-03-12T19:12:16.7738430Z       redirects to #show
2024-03-12T19:12:16.7739564Z   GET #edit
2024-03-12T19:12:16.8254576Z     returns http success
2024-03-12T19:12:16.8255317Z   POST #create
2024-03-12T19:12:16.8256006Z     successful save
2024-03-12T19:12:16.8444161Z       creates a new partner
2024-03-12T19:12:16.8627172Z       redirects to #index
2024-03-12T19:12:16.8628174Z     unsuccessful save due to empty params
2024-03-12T19:12:16.9019110Z       renders :new
2024-03-12T19:12:16.9019597Z   POST #invite_and_approve
2024-03-12T19:12:16.9020706Z     when approval fails
2024-03-12T19:12:17.0364599Z       should redirect to the partners index page with a notice flash message
2024-03-12T19:12:17.0365376Z     when invitation succeeded and approval succeed
2024-03-12T19:12:17.0675237Z       sends invitation email and approve partner in single step
2024-03-12T19:12:17.0676031Z     when invitation failed
2024-03-12T19:12:17.0964925Z       should redirect to the partners index page with a notice flash message
2024-03-12T19:12:17.0966024Z   PUT #deactivate
2024-03-12T19:12:17.0966651Z     when the partner successfully deactivates
2024-03-12T19:12:17.1293511Z       changes the partner status to deactivated and redirects with flash
2024-03-12T19:12:17.1294184Z   POST #recertify_partner
2024-03-12T19:12:17.1295043Z     when the request for recertification from the partner was successful
2024-03-12T19:12:17.1587929Z       should return back to the partners page with a success flash
2024-03-12T19:12:17.1589092Z     when the request for recertification from the partner was NOT successful
2024-03-12T19:12:17.1879513Z       should return back to the partners page with a success flash
2024-03-12T19:12:17.1880484Z   GET #approve_application
2024-03-12T19:12:17.1881300Z     when the approval failed
2024-03-12T19:12:17.2193716Z       should redirect to the partners index page with a failure flash message
2024-03-12T19:12:17.2194821Z     when the approval was successful
2024-03-12T19:12:17.2500189Z       should redirect to the partners index page with a success flash message
2024-03-12T19:12:17.2501472Z   POST #import_csv
2024-03-12T19:12:17.2502100Z     csv file with wrong headers
2024-03-12T19:12:17.2660569Z       redirects to :index
2024-03-12T19:12:17.2784520Z       presents a flash error message
2024-03-12T19:12:17.2785369Z     with a csv file
2024-03-12T19:12:17.2833382Z       invokes .import_csv
2024-03-12T19:12:17.3158913Z       redirects to :index
2024-03-12T19:12:17.3475271Z       presents a flash notice message
2024-03-12T19:12:17.3476333Z     without a csv file
2024-03-12T19:12:17.3586312Z       presents a flash error message
2024-03-12T19:12:17.3694931Z       redirects to :index
2024-03-12T19:12:17.3695516Z   GET #index
2024-03-12T19:12:17.3696398Z     csv
2024-03-12T19:12:17.4030162Z       is expected to be successful
2024-03-12T19:12:17.4030895Z     html
2024-03-12T19:12:17.4546658Z       is expected to be successful
2024-03-12T19:12:17.4547579Z   GET #new
2024-03-12T19:12:17.4861655Z     returns http success
2024-03-12T19:12:17.4862521Z   PUT #reactivate
2024-03-12T19:12:17.4863360Z     when trying to reactivate a partner who is not deactivated
2024-03-12T19:12:17.5155557Z       fails to change the partner status to reactivated and redirects with flash error message
2024-03-12T19:12:17.5156964Z     when the partner successfully reactivates
2024-03-12T19:12:17.5486436Z       changes the partner status to approved and redirects with flash
2024-03-12T19:12:17.5487408Z 
2024-03-12T19:12:17.5487643Z Barcode Items Admin
2024-03-12T19:12:17.5488810Z   while signed in as a super admin
2024-03-12T19:12:17.5490189Z     user visits the edit page
2024-03-12T19:12:18.3358780Z       updates the barcode item
2024-03-12T19:12:18.3359557Z     user visits the new page
2024-03-12T19:12:19.1262074Z       creates a new global barcode item
2024-03-12T19:12:19.1262871Z     user visits the index page
2024-03-12T19:12:19.8894452Z       deletes a global barcode
2024-03-12T19:12:20.8260151Z       creates a new global barcode item
2024-03-12T19:12:21.3140165Z       shows the barcode item
2024-03-12T19:12:21.3140764Z     user visits the show page
2024-03-12T19:12:21.7699490Z       shows the barcode item
2024-03-12T19:12:21.7700166Z 
2024-03-12T19:12:21.7700638Z Donation Site
2024-03-12T19:12:21.7702363Z   When creating a new donation site
2024-03-12T19:12:22.5500364Z     creates a new donation site as a user
2024-03-12T19:12:23.2717355Z     does not allow creating a new donation site with empty attributes
2024-03-12T19:12:23.2718075Z   with an existing donation site
2024-03-12T19:12:24.0141430Z     updates an existing donation site
2024-03-12T19:12:24.7559528Z     does not allow updating to an existing donation site with empty attributes
2024-03-12T19:12:24.7560525Z   When a user views the index page
2024-03-12T19:12:25.4008470Z     allows the user to quick-create a new donation site
2024-03-12T19:12:25.8815599Z     should show donation sites in alphabetical order
2024-03-12T19:12:25.8816224Z 
2024-03-12T19:12:25.8816500Z Coworking invitations
2024-03-12T19:12:25.8818277Z   inviting a new user as a partner user
2024-03-12T19:12:25.8819263Z     GIVEN a partner user complete the process to invite a coworker
2024-03-12T19:12:27.6507516Z       should create a new partner user for the partner account
2024-03-12T19:12:27.6508954Z 
2024-03-12T19:12:27.6509157Z Distributions
2024-03-12T19:12:27.6510571Z   While signed in
2024-03-12T19:12:27.6512763Z     GET #index
2024-03-12T19:12:27.8768440Z       sums distribution totals accurately
2024-03-12T19:12:27.9099500Z       returns http success
2024-03-12T19:12:27.9100632Z     POST #create
2024-03-12T19:12:27.9641588Z       renders #new again on failure, with notice
2024-03-12T19:12:28.0202254Z       redirects to #show on success
2024-03-12T19:12:28.0202802Z     GET #new
2024-03-12T19:12:28.1066448Z       returns http success
2024-03-12T19:12:28.1067120Z       with org default but no partner default
2024-03-12T19:12:28.2196293Z         selects org default
2024-03-12T19:12:28.2197299Z       with partner default
2024-03-12T19:12:28.3631568Z         selects partner default
2024-03-12T19:12:28.3632416Z     PATCH #picked_up
2024-03-12T19:12:28.3633339Z       when the distribution is successfully updated
2024-03-12T19:12:28.4051935Z         updates the state to 'complete'
2024-03-12T19:12:28.4454916Z         redirects the user back to the distributions page
2024-03-12T19:12:28.4455819Z     GET #show
2024-03-12T19:12:28.4987901Z       returns http success
2024-03-12T19:12:28.5928973Z       sums distribution totals accurately
2024-03-12T19:12:28.5929946Z     POST #update
2024-03-12T19:12:28.6618363Z       returns a 200
2024-03-12T19:12:28.6619048Z       mail follow up
2024-03-12T19:12:28.7204262Z         does not send an e-mail
2024-03-12T19:12:28.7204774Z         sending
2024-03-12T19:12:28.8005412Z           does send an e-mail
2024-03-12T19:12:28.8005962Z         partner reminder sending switched off
2024-03-12T19:12:28.8613751Z           does not send the e-mail
2024-03-12T19:12:28.8615303Z       when changing storage location
2024-03-12T19:12:29.0256195Z         updates storage quantity correctly
2024-03-12T19:12:29.0973451Z         rollsback updates if quantity would go below 0
2024-03-12T19:12:29.0974356Z     GET #pickup_day
2024-03-12T19:12:29.1945756Z       correctly sums the item counts from distributions
2024-03-12T19:12:29.2903413Z       correctly sums the item package counts from distributions
2024-03-12T19:12:29.3167941Z       returns http success
2024-03-12T19:12:29.3168549Z     GET #reclaim
2024-03-12T19:12:29.3789065Z       returns http success
2024-03-12T19:12:29.3789764Z     GET #print
2024-03-12T19:12:29.4134473Z       returns http success
2024-03-12T19:12:29.4135733Z       with non-UTF8 characters
2024-03-12T19:12:29.4479871Z         returns http success
2024-03-12T19:12:29.4480744Z     GET #edit
2024-03-12T19:12:29.5158268Z       should show the distribution
2024-03-12T19:12:29.6055794Z       should not show a warning if the audit is for another location
2024-03-12T19:12:29.6896280Z       should show a warning if there is an inteverning audit
2024-03-12T19:12:29.6897172Z     GET #schedule
2024-03-12T19:12:29.7161494Z       returns http success
2024-03-12T19:12:29.7162272Z     Looking at a different organization
2024-03-12T19:12:29.9057562Z       redirects the user to the sign-in page for CRUD actions
2024-03-12T19:12:29.9058432Z     GET #itemized_breakdown
2024-03-12T19:12:29.9288070Z       returns http success
2024-03-12T19:12:29.9289092Z   While not signed in
2024-03-12T19:12:29.9561348Z     redirects the user to the sign-in page for CRUD actions
2024-03-12T19:12:29.9562254Z     GET #calendar
2024-03-12T19:12:29.9563186Z       without a correct hash id
2024-03-12T19:12:29.9626012Z         should error unauthorized
2024-03-12T19:12:29.9626732Z       with a correct hash id
2024-03-12T19:12:29.9690207Z         should render the calendar
2024-03-12T19:12:29.9691181Z 
2024-03-12T19:12:29.9691649Z Organization Administration
2024-03-12T19:12:29.9692771Z   while signed in as an organization admin
2024-03-12T19:12:30.4449255Z     can bail back to their own site as a user
2024-03-12T19:12:31.5316682Z     can edit the properties for an organization as an admin
2024-03-12T19:12:31.5317353Z     When looking at a single organization
2024-03-12T19:12:32.3021508Z       can view details about an organization, including the users as an admin
2024-03-12T19:12:32.3022652Z   while signed in as a normal user
2024-03-12T19:12:32.7485266Z     cannot see an edit link as a user
2024-03-12T19:12:32.7485774Z 
2024-03-12T19:12:32.7487666Z Participant
2024-03-12T19:12:32.7488424Z   when editing an existing product drive participant
2024-03-12T19:12:33.5075819Z     allows a user to update the contact info for a product drive participant
2024-03-12T19:12:34.2541914Z     does not allow a user to update a product drive participant with empty attributes
2024-03-12T19:12:34.2542678Z   When a user views the index page
2024-03-12T19:12:34.7328267Z     alphabetizes the product drive participant names
2024-03-12T19:12:34.7329317Z     When the s have donations associated with them already
2024-03-12T19:12:35.5382728Z       shows existing  Participants in the #index with some summary stats
2024-03-12T19:12:36.3520004Z       allows single  Participants to show semi-detailed stats about donations from that product drive
2024-03-12T19:12:36.3521313Z   when creating new product drive participants
2024-03-12T19:12:37.0903424Z     does not allow a user to add a new product drive instance with empty attributes
2024-03-12T19:12:37.8423927Z     allows a user to create a new product drive instance
2024-03-12T19:12:37.8424774Z 
2024-03-12T19:12:37.8425082Z Audit management
2024-03-12T19:12:37.8426543Z   while signed in as an organization admin
2024-03-12T19:12:37.8427682Z     when starting a new audit
2024-03-12T19:12:38.6171119Z       does not display quantities in line-item drop down selector
2024-03-12T19:12:38.6171877Z     with a confirmed audit
2024-03-12T19:12:39.1346929Z       should be able to edit the audit that is confirmed
2024-03-12T19:12:39.9339159Z       User can delete the audit that is confirmed
2024-03-12T19:12:40.7520008Z       is able to finalize the audit
2024-03-12T19:12:40.7520606Z       Finalizing an audit
2024-03-12T19:12:41.5804094Z         creates an adjustment with the differential
2024-03-12T19:12:42.3962619Z         should not be able to delete the audit that is finalized
2024-03-12T19:12:43.4384843Z         is immutable
2024-03-12T19:12:43.4385609Z         with a storage location containing multiple items
2024-03-12T19:12:44.2793942Z           creates an adjustment with the differential of only the audited item
2024-03-12T19:12:44.2795014Z     with an existing audit
2024-03-12T19:12:45.1801157Z       should be able to confirm the audit from the #edit page
2024-03-12T19:12:46.0210637Z       should be able to resume the audit that is in progress
2024-03-12T19:12:46.8286876Z       should be able to delete the audit that is in progress
2024-03-12T19:12:46.8287549Z     when viewing the audits index
2024-03-12T19:12:47.9278498Z       should be able to save progress of an audit
2024-03-12T19:12:49.0381900Z       should be able to confirm the audit from the #new page
2024-03-12T19:12:49.9768207Z       should be able to filter the #index by storage location
2024-03-12T19:12:49.9769087Z   while signed in as a normal user
2024-03-12T19:12:50.5695419Z     should not be able to visit the audits #index page
2024-03-12T19:12:51.1551873Z     should not be able to visit the audits #edit page
2024-03-12T19:12:51.7445218Z     should not be able to visit the audits #new page
2024-03-12T19:12:52.3307972Z     should not be able to visit the audits #show page
2024-03-12T19:12:52.3309014Z 
2024-03-12T19:12:52.3309222Z Attachments
2024-03-12T19:12:52.3310024Z   DELETE #destroy
2024-03-12T19:12:52.3790736Z     redirects to referrer
2024-03-12T19:12:52.3791340Z 
2024-03-12T19:12:52.3791694Z /partners/family
2024-03-12T19:12:52.3792848Z   GET #index
2024-03-12T19:12:52.4356002Z     should render without any issues and display unarchived families by default
2024-03-12T19:12:52.4794509Z     should export CSV
2024-03-12T19:12:52.5343000Z     should render without any issues and present all families
2024-03-12T19:12:52.5343750Z 
2024-03-12T19:12:52.5343929Z Users
2024-03-12T19:12:52.5344687Z   GET #new
2024-03-12T19:12:52.5720485Z     returns http success
2024-03-12T19:12:52.5721188Z   GET #switch_to_partner_role
2024-03-12T19:12:52.5722047Z     without a partner role
2024-03-12T19:12:52.7700828Z       should redirect to the root path with an error
2024-03-12T19:12:52.7701636Z     with a partner role
2024-03-12T19:12:52.8049565Z       should redirect to the partner path
2024-03-12T19:12:52.8050342Z   POST #send_partner_user_reset_password
2024-03-12T19:12:52.8466831Z     should return an error if it cannot find the user
2024-03-12T19:12:52.9612156Z     should send a password
2024-03-12T19:12:53.0082677Z     should return send a password even if case-insensitive spelling of email
2024-03-12T19:12:53.2239078Z     should return an error if organization does not own the partner
2024-03-12T19:12:53.2240191Z   GET #index
2024-03-12T19:12:53.2531311Z     returns http success
2024-03-12T19:12:53.2534447Z 
2024-03-12T19:12:53.2534696Z BroadcastAnnouncements
2024-03-12T19:12:53.2536508Z   DELETE /destroy
2024-03-12T19:12:53.2749397Z     destroys the requested announcement then redirects
2024-03-12T19:12:53.2750260Z   When logged in as an organization_admin
2024-03-12T19:12:53.2750922Z     POST /create
2024-03-12T19:12:53.2887150Z       redirects
2024-03-12T19:12:53.2887675Z     GET /new
2024-03-12T19:12:53.3025097Z       redirects
2024-03-12T19:12:53.3025874Z   PATCH /update
2024-03-12T19:12:53.3026805Z     with valid parameters
2024-03-12T19:12:53.3201515Z       updates the requested announcement and redirects
2024-03-12T19:12:53.3202598Z     with invalid parameters
2024-03-12T19:12:53.3558728Z       does not render a successful response
2024-03-12T19:12:53.3559694Z   GET /edit
2024-03-12T19:12:53.3873766Z     render a successful response
2024-03-12T19:12:53.3874568Z   POST /create
2024-03-12T19:12:53.3875522Z     with valid parameters
2024-03-12T19:12:53.4022562Z       creates a new BroadcastAnnouncement then redirects
2024-03-12T19:12:53.4023415Z     with invalid parameters
2024-03-12T19:12:53.4337409Z       does not render a successful response
2024-03-12T19:12:53.4653828Z       does not create a new BroadcastAnnouncement
2024-03-12T19:12:53.4654624Z   GET /new
2024-03-12T19:12:53.4949433Z     renders a successful response
2024-03-12T19:12:53.4950211Z   GET /index
2024-03-12T19:12:53.5287303Z     renders a successful response
2024-03-12T19:12:53.5289467Z 
2024-03-12T19:12:53.5289797Z /kits
2024-03-12T19:12:53.5290911Z   while signed in
2024-03-12T19:12:53.5804153Z     PUT #deactivate
2024-03-12T19:12:53.5804722Z     GET #index
2024-03-12T19:12:53.6523081Z       should include deactivate
2024-03-12T19:12:53.6523911Z       when it is already deactivated
2024-03-12T19:12:53.7251891Z         should show reactivate button
2024-03-12T19:12:53.7252897Z       when it cannot be deactivated
2024-03-12T19:12:53.8175195Z         should disable the button
2024-03-12T19:12:53.8175899Z       when show inactive is checked
2024-03-12T19:12:53.8852468Z         should show the inactive kit
2024-03-12T19:12:53.8853209Z     PUT #reactivate
2024-03-12T19:12:53.9468970Z       should successfully reactivate
2024-03-12T19:12:53.9981415Z       cannot reactivate if it has an inactive item
2024-03-12T19:12:53.9982430Z 
2024-03-12T19:12:53.9982959Z Requests
2024-03-12T19:12:53.9984149Z   When not signed
2024-03-12T19:12:54.0077885Z     redirects the user to the sign-in page for CRUD actions
2024-03-12T19:12:54.0079366Z   When signed
2024-03-12T19:12:54.0079966Z     POST #start
2024-03-12T19:12:54.0080531Z       When the request does not exist
2024-03-12T19:12:54.0363225Z         responds with not found
2024-03-12T19:12:54.0363764Z       When request exists
2024-03-12T19:12:54.0586169Z         changes the request status from pending to started
2024-03-12T19:12:54.0786235Z         redirects to new_distribution_path and flashes a notice
2024-03-12T19:12:54.0787462Z     GET #index
2024-03-12T19:12:54.0788246Z       csv
2024-03-12T19:12:54.1039348Z         is expected to be successful
2024-03-12T19:12:54.1040071Z       html
2024-03-12T19:12:54.1494274Z         is expected to be successful
2024-03-12T19:12:54.1495099Z     GET #show
2024-03-12T19:12:54.1495664Z       When the request exists
2024-03-12T19:12:54.1930073Z         responds with success
2024-03-12T19:12:54.1930845Z       When the request does not exist
2024-03-12T19:12:54.2188962Z         responds with not found
2024-03-12T19:12:54.2536767Z W, [2024-03-12T12:12:54.253426 #2440]  WARN -- : [knapsack_pro] POST https://api-disabled-for-fork.knapsackpro.com/v1/build_subsets
2024-03-12T19:12:54.2538615Z W, [2024-03-12T12:12:54.253467 #2440]  WARN -- : [knapsack_pro] Request failed due to:
2024-03-12T19:12:54.2540885Z W, [2024-03-12T12:12:54.253482 #2440]  WARN -- : [knapsack_pro] #<SocketError: Failed to open TCP connection to api-disabled-for-fork.knapsackpro.com:443 (getaddrinfo: Name or service not known)>
2024-03-12T19:12:54.2543886Z W, [2024-03-12T12:12:54.253513 #2440]  WARN -- : [knapsack_pro] Time execution report was not saved on Knapsack Pro API server due to connection problem.
2024-03-12T19:12:54.2546866Z 
2024-03-12T19:12:54.2547489Z Finished in 43.32 seconds (files took 8.04 seconds to load)
2024-03-12T19:12:54.2548888Z 159 examples, 0 failures
2024-03-12T19:12:54.2549457Z 
2024-03-12T19:12:54.2549962Z Randomized with seed 9768
2024-03-12T19:12:54.2553170Z 
2024-03-12T19:12:54.7155293Z Coverage report generated for RSpec to /home/runner/work/human-essentials/human-essentials/coverage. 3789 / 6478 LOC (58.49%) covered.
2024-03-12T19:12:55.2244792Z Coverage report generated for RSpec to /home/runner/work/human-essentials/human-essentials/coverage. 38 / 10785 LOC (0.35%) covered.
2024-03-12T19:12:55.2579092Z Post job cleanup.
2024-03-12T19:12:55.3563793Z [command]/usr/bin/git version
2024-03-12T19:12:55.3612207Z git version 2.43.2
2024-03-12T19:12:55.3654779Z Temporarily overriding HOME='/home/runner/work/_temp/df1d1246-a854-4a71-a992-2f2f09225476' before making global git config changes
2024-03-12T19:12:55.3656893Z Adding repository directory to the temporary git global config as a safe directory
2024-03-12T19:12:55.3661561Z [command]/usr/bin/git config --global --add safe.directory /home/runner/work/human-essentials/human-essentials
2024-03-12T19:12:55.3702293Z [command]/usr/bin/git config --local --name-only --get-regexp core\.sshCommand
2024-03-12T19:12:55.3741355Z [command]/usr/bin/git submodule foreach --recursive sh -c "git config --local --name-only --get-regexp 'core\.sshCommand' && git config --local --unset-all 'core.sshCommand' || :"
2024-03-12T19:12:55.3980215Z [command]/usr/bin/git config --local --name-only --get-regexp http\.https\:\/\/github\.com\/\.extraheader
2024-03-12T19:12:55.4012121Z http.https://github.com/.extraheader
2024-03-12T19:12:55.4021714Z [command]/usr/bin/git config --local --unset-all http.https://github.com/.extraheader
2024-03-12T19:12:55.4060335Z [command]/usr/bin/git submodule foreach --recursive sh -c "git config --local --name-only --get-regexp 'http\.https\:\/\/github\.com\/\.extraheader' && git config --local --unset-all 'http.https://github.com/.extraheader' || :"
2024-03-12T19:12:55.4440228Z Print service container logs: 24ddc2bd958b412fa62bce34ac240777_postgres123_6ad324
2024-03-12T19:12:55.4445408Z ##[command]/usr/bin/docker logs --details 9f72ec569ba0824a8cba5feb67fa01307242c7b68b1e7155a5f991a060467ae1
2024-03-12T19:12:55.4573095Z  initdb: warning: enabling "trust" authentication for local connections
2024-03-12T19:12:55.4575060Z  You can change this by editing pg_hba.conf or using the option -A, or
2024-03-12T19:12:55.4576332Z  The files belonging to this database system will be owned by user "postgres".
2024-03-12T19:12:55.4577655Z  --auth-local and --auth-host, the next time you run initdb.
2024-03-12T19:12:55.4579385Z  2024-03-12 19:10:44.754 UTC [1] LOG:  starting PostgreSQL 12.3 (Debian 12.3-1.pgdg100+1) on x86_64-pc-linux-gnu, compiled by gcc (Debian 8.3.0-6) 8.3.0, 64-bit
2024-03-12T19:12:55.4581266Z  2024-03-12 19:10:44.754 UTC [1] LOG:  listening on IPv4 address "0.0.0.0", port 5432
2024-03-12T19:12:55.4582671Z  2024-03-12 19:10:44.754 UTC [1] LOG:  listening on IPv6 address "::", port 5432
2024-03-12T19:12:55.4584043Z  2024-03-12 19:10:44.755 UTC [1] LOG:  listening on Unix socket "/var/run/postgresql/.s.PGSQL.5432"
2024-03-12T19:12:55.4585664Z  2024-03-12 19:10:44.766 UTC [56] LOG:  database system was shut down at 2024-03-12 19:10:44 UTC
2024-03-12T19:12:55.4587068Z  2024-03-12 19:10:44.770 UTC [1] LOG:  database system is ready to accept connections
2024-03-12T19:12:55.4588350Z  2024-03-12 19:10:53.959 UTC [70] FATAL:  role "root" does not exist
2024-03-12T19:12:55.4589446Z  2024-03-12 19:11:04.076 UTC [78] FATAL:  role "root" does not exist
2024-03-12T19:12:55.4590565Z  2024-03-12 19:11:12.067 UTC [79] FATAL:  database "diaper_test" does not exist
2024-03-12T19:12:55.4591794Z  2024-03-12 19:11:14.175 UTC [88] FATAL:  role "root" does not exist
2024-03-12T19:12:55.4593032Z  2024-03-12 19:11:18.901 UTC [89] ERROR:  relation "flipper_gates" does not exist at character 491
2024-03-12T19:12:55.4594796Z  2024-03-12 19:11:18.901 UTC [89] STATEMENT:  SELECT a.attname, format_type(a.atttypid, a.atttypmod),
2024-03-12T19:12:55.4596301Z  	       pg_get_expr(d.adbin, d.adrelid), a.attnotnull, a.atttypid, a.atttypmod,
2024-03-12T19:12:55.4597676Z  	       c.collname, col_description(a.attrelid, a.attnum) AS comment,
2024-03-12T19:12:55.4598695Z  	       attgenerated as attgenerated
2024-03-12T19:12:55.4599428Z  	  FROM pg_attribute a
2024-03-12T19:12:55.4600322Z  	  LEFT JOIN pg_attrdef d ON a.attrelid = d.adrelid AND a.attnum = d.adnum
2024-03-12T19:12:55.4601441Z  	  LEFT JOIN pg_type t ON a.atttypid = t.oid
2024-03-12T19:12:55.4602516Z  	  LEFT JOIN pg_collation c ON a.attcollation = c.oid AND a.attcollation <> t.typcollation
2024-03-12T19:12:55.4603646Z  	 WHERE a.attrelid = '"flipper_gates"'::regclass
2024-03-12T19:12:55.4604549Z  	   AND a.attnum > 0 AND NOT a.attisdropped
2024-03-12T19:12:55.4605309Z  	 ORDER BY a.attnum
2024-03-12T19:12:55.4606059Z  This user must also own the server process.
2024-03-12T19:12:55.4606777Z  
2024-03-12T19:12:55.4607614Z  The database cluster will be initialized with locale "en_US.utf8".
2024-03-12T19:12:55.4608720Z  The default database encoding has accordingly been set to "UTF8".
2024-03-12T19:12:55.4609772Z  The default text search configuration will be set to "english".
2024-03-12T19:12:55.4610533Z  
2024-03-12T19:12:55.4610872Z  Data page checksums are disabled.
2024-03-12T19:12:55.4611343Z  
2024-03-12T19:12:55.4611809Z  fixing permissions on existing directory /var/lib/postgresql/data ... ok
2024-03-12T19:12:55.4612410Z  creating subdirectories ... ok
2024-03-12T19:12:55.4612965Z  selecting dynamic shared memory implementation ... posix
2024-03-12T19:12:55.4613469Z  selecting default max_connections ... 100
2024-03-12T19:12:55.4613954Z  selecting default shared_buffers ... 128MB
2024-03-12T19:12:55.4614533Z  selecting default time zone ... Etc/UTC
2024-03-12T19:12:55.4615007Z  creating configuration files ... ok
2024-03-12T19:12:55.4615443Z  running bootstrap script ... ok
2024-03-12T19:12:55.4616225Z  performing post-bootstrap initialization ... ok
2024-03-12T19:12:55.4616730Z  syncing data to disk ... ok
2024-03-12T19:12:55.4617059Z  
2024-03-12T19:12:55.4617426Z  
2024-03-12T19:12:55.4617801Z  Success. You can now start the database server using:
2024-03-12T19:12:55.4618328Z  
2024-03-12T19:12:55.4618715Z      pg_ctl -D /var/lib/postgresql/data -l logfile start
2024-03-12T19:12:55.4619379Z  
2024-03-12T19:12:55.4620374Z  waiting for server to start....2024-03-12 19:10:44.551 UTC [47] LOG:  starting PostgreSQL 12.3 (Debian 12.3-1.pgdg100+1) on x86_64-pc-linux-gnu, compiled by gcc (Debian 8.3.0-6) 8.3.0, 64-bit
2024-03-12T19:12:55.4621589Z  2024-03-12 19:10:44.552 UTC [47] LOG:  listening on Unix socket "/var/run/postgresql/.s.PGSQL.5432"
2024-03-12T19:12:55.4622443Z  2024-03-12 19:10:44.563 UTC [48] LOG:  database system was shut down at 2024-03-12 19:10:44 UTC
2024-03-12T19:12:55.4623325Z  2024-03-12 19:10:44.568 UTC [47] LOG:  database system is ready to accept connections
2024-03-12T19:12:55.4623906Z   done
2024-03-12T19:12:55.4624223Z  server started
2024-03-12T19:12:55.4624600Z  
2024-03-12T19:12:55.4625093Z  /usr/local/bin/docker-entrypoint.sh: ignoring /docker-entrypoint-initdb.d/*
2024-03-12T19:12:55.4625747Z  
2024-03-12T19:12:55.4626127Z  2024-03-12 19:10:44.644 UTC [47] LOG:  received fast shutdown request
2024-03-12T19:12:55.4626979Z  waiting for server to shut down....2024-03-12 19:10:44.645 UTC [47] LOG:  aborting any active transactions
2024-03-12T19:12:55.4628062Z  2024-03-12 19:10:44.646 UTC [47] LOG:  background worker "logical replication launcher" (PID 54) exited with exit code 1
2024-03-12T19:12:55.4628850Z  2024-03-12 19:10:44.646 UTC [49] LOG:  shutting down
2024-03-12T19:12:55.4629532Z  2024-03-12 19:10:44.653 UTC [47] LOG:  database system is shut down
2024-03-12T19:12:55.4630109Z   done
2024-03-12T19:12:55.4630424Z  server stopped
2024-03-12T19:12:55.4630738Z  
2024-03-12T19:12:55.4631142Z  PostgreSQL init process complete; ready for start up.
2024-03-12T19:12:55.4631629Z  
2024-03-12T19:12:55.4825041Z  	
2024-03-12T19:12:55.4825670Z  2024-03-12 19:11:24.253 UTC [99] FATAL:  role "root" does not exist
2024-03-12T19:12:55.4826510Z  2024-03-12 19:11:34.333 UTC [108] FATAL:  role "root" does not exist
2024-03-12T19:12:55.4827255Z  2024-03-12 19:11:44.433 UTC [116] FATAL:  role "root" does not exist
2024-03-12T19:12:55.4828137Z  2024-03-12 19:11:54.526 UTC [126] FATAL:  role "root" does not exist
2024-03-12T19:12:55.4829123Z  2024-03-12 19:12:04.608 UTC [134] FATAL:  role "root" does not exist
2024-03-12T19:12:55.4830076Z  2024-03-12 19:12:14.708 UTC [143] FATAL:  role "root" does not exist
2024-03-12T19:12:55.4830995Z  2024-03-12 19:12:24.793 UTC [153] FATAL:  role "root" does not exist
2024-03-12T19:12:55.4831841Z  2024-03-12 19:12:34.891 UTC [161] FATAL:  role "root" does not exist
2024-03-12T19:12:55.4832754Z  2024-03-12 19:12:44.997 UTC [169] FATAL:  role "root" does not exist
2024-03-12T19:12:55.4833875Z  2024-03-12 19:12:55.084 UTC [178] FATAL:  role "root" does not exist
2024-03-12T19:12:55.4843155Z Stop and remove container: 24ddc2bd958b412fa62bce34ac240777_postgres123_6ad324
2024-03-12T19:12:55.4848609Z ##[command]/usr/bin/docker rm --force 9f72ec569ba0824a8cba5feb67fa01307242c7b68b1e7155a5f991a060467ae1
2024-03-12T19:12:55.6881895Z 9f72ec569ba0824a8cba5feb67fa01307242c7b68b1e7155a5f991a060467ae1
2024-03-12T19:12:55.6905315Z Remove container network: github_network_c77788610b7940fd8be4df1793eb2473
2024-03-12T19:12:55.6910172Z ##[command]/usr/bin/docker network rm github_network_c77788610b7940fd8be4df1793eb2473
2024-03-12T19:12:55.9971146Z github_network_c77788610b7940fd8be4df1793eb2473
2024-03-12T19:12:56.0146140Z Cleaning up orphan processes
